2019-06-24 09:14:23 GC log file created /opt/logs/100003172/gc.log.1
OpenJDK 64-Bit Server VM (25.212-b04) for linux-amd64 JRE (1.8.0_212-b04), built on May  4 2019 17:56:12 by "buildozer" with gcc 8.3.0
Memory: 4k page, physical 2027864k(87872k free), swap 1048572k(447608k free)
CommandLine flags: -XX:CICompilerCount=2 -XX:+CMSClassUnloadingEnabled -XX:CMSFullGCsBeforeCompaction=9 -XX:CMSInitiatingOccupancyFraction=60 -XX:+CMSParallelRemarkEnabled -XX:+DisableExplicitGC -XX:+ExplicitGCInvokesConcurrent -XX:GCLogFileSize=5242880 -XX:+HeapDumpOnOutOfMemoryError -XX:HeapDumpPath=/opt/logs/100003172/HeapDumpOnOutOfMemoryError/ -XX:InitialHeapSize=33554432 -XX:MaxHeapSize=520093696 -XX:MaxNewSize=172621824 -XX:MaxTenuringThreshold=9 -XX:MinHeapDeltaBytes=196608 -XX:NewSize=11141120 -XX:NumberOfGCLogFiles=5 -XX:OldPLABSize=16 -XX:OldSize=22413312 -XX:-OmitStackTraceInFastThrow -XX:ParallelGCThreads=4 -XX:+PrintGC -XX:+PrintGCApplicationConcurrentTime -XX:+PrintGCDateStamps -XX:+PrintGCDetails -XX:+PrintGCTimeStamps -XX:+PrintHeapAtGC -XX:+ScavengeBeforeFullGC -XX:SoftRefLRUPolicyMSPerMB=0 -XX:+UseCMSCompactAtFullCollection -XX:+UseCMSInitiatingOccupancyOnly -XX:+UseCompressedClassPointers -XX:+UseCompressedOops -XX:+UseConcMarkSweepGC -XX:+UseGCLogFileRotation -XX:+UseParNewGC 
{Heap before GC invocations=1977 (full 158):
 par new generation   total 9792K, used 9391K [0x00000000e1000000, 0x00000000e1aa0000, 0x00000000eb4a0000)
  eden space 8704K,  99% used [0x00000000e1000000, 0x00000000e187fc98, 0x00000000e1880000)
  from space 1088K,  63% used [0x00000000e1990000, 0x00000000e1a3c238, 0x00000000e1aa0000)
  to   space 1088K,   0% used [0x00000000e1880000, 0x00000000e1880000, 0x00000000e1990000)
 concurrent mark-sweep generation total 121500K, used 71623K [0x00000000eb4a0000, 0x00000000f2b47000, 0x0000000100000000)
 Metaspace       used 88863K, capacity 93296K, committed 93568K, reserved 1130496K
  class space    used 10718K, capacity 11526K, committed 11648K, reserved 1048576K
2019-06-24T09:14:23.343+0000: 262802.356: [GC (Allocation Failure) 2019-06-24T09:14:23.343+0000: 262802.356: [ParNew: 9391K->766K(9792K), 0.0031735 secs] 81015K->72660K(131292K), 0.0032501 secs] [Times: user=0.01 sys=0.00, real=0.00 secs] 
Heap after GC invocations=1978 (full 158):
 par new generation   total 9792K, used 766K [0x00000000e1000000, 0x00000000e1aa0000, 0x00000000eb4a0000)
  eden space 8704K,   0% used [0x00000000e1000000, 0x00000000e1000000, 0x00000000e1880000)
  from space 1088K,  70% used [0x00000000e1880000, 0x00000000e193f828, 0x00000000e1990000)
  to   space 1088K,   0% used [0x00000000e1990000, 0x00000000e1990000, 0x00000000e1aa0000)
 concurrent mark-sweep generation total 121500K, used 71893K [0x00000000eb4a0000, 0x00000000f2b47000, 0x0000000100000000)
 Metaspace       used 88863K, capacity 93296K, committed 93568K, reserved 1130496K
  class space    used 10718K, capacity 11526K, committed 11648K, reserved 1048576K
}
2019-06-24T09:14:28.266+0000: 262807.278: Application time: 4.9193247 seconds
2019-06-24T09:14:28.369+0000: 262807.381: Application time: 0.1024346 seconds
2019-06-24T09:14:30.945+0000: 262809.957: Application time: 2.5759021 seconds
2019-06-24T09:14:30.945+0000: 262809.957: Application time: 0.0000926 seconds
2019-06-24T09:14:30.945+0000: 262809.958: Application time: 0.0000721 seconds
2019-06-24T09:14:30.945+0000: 262809.958: Application time: 0.0000911 seconds
2019-06-24T09:14:30.946+0000: 262809.958: Application time: 0.0000653 seconds
2019-06-24T09:14:30.946+0000: 262809.958: Application time: 0.0000589 seconds
2019-06-24T09:14:30.946+0000: 262809.958: Application time: 0.0000628 seconds
2019-06-24T09:14:30.946+0000: 262809.958: Application time: 0.0001427 seconds
2019-06-24T09:14:30.946+0000: 262809.959: Application time: 0.0001003 seconds
2019-06-24T09:14:40.952+0000: 262819.964: Application time: 10.0056600 seconds
2019-06-24T09:14:40.954+0000: 262819.966: Application time: 0.0012350 seconds
2019-06-24T09:15:40.985+0000: 262879.998: Application time: 60.0315076 seconds
2019-06-24T09:15:40.986+0000: 262879.998: Application time: 0.0000738 seconds
2019-06-24T09:15:40.986+0000: 262879.998: Application time: 0.0000648 seconds
2019-06-24T09:15:40.986+0000: 262879.998: Application time: 0.0000682 seconds
2019-06-24T09:15:40.986+0000: 262879.998: Application time: 0.0000775 seconds
2019-06-24T09:15:40.986+0000: 262879.999: Application time: 0.0000594 seconds
2019-06-24T09:15:40.987+0000: 262879.999: Application time: 0.0000588 seconds
2019-06-24T09:15:40.987+0000: 262879.999: Application time: 0.0000633 seconds
2019-06-24T09:15:40.987+0000: 262879.999: Application time: 0.0001551 seconds
2019-06-24T09:15:40.987+0000: 262879.999: Application time: 0.0001217 seconds
2019-06-24T09:15:42.804+0000: 262881.816: Application time: 1.8167775 seconds
2019-06-24T09:15:43.043+0000: 262882.055: Application time: 0.2385588 seconds
2019-06-24T09:15:43.067+0000: 262882.080: Application time: 0.0242809 seconds
2019-06-24T09:16:11.003+0000: 262910.016: Application time: 27.9356985 seconds
2019-06-24T09:16:11.004+0000: 262910.016: Application time: 0.0000845 seconds
2019-06-24T09:16:11.004+0000: 262910.016: Application time: 0.0000613 seconds
2019-06-24T09:16:11.004+0000: 262910.016: Application time: 0.0000704 seconds
2019-06-24T09:16:11.004+0000: 262910.016: Application time: 0.0000605 seconds
2019-06-24T09:16:11.004+0000: 262910.017: Application time: 0.0000565 seconds
2019-06-24T09:16:11.004+0000: 262910.017: Application time: 0.0000560 seconds
2019-06-24T09:16:11.005+0000: 262910.017: Application time: 0.0000613 seconds
2019-06-24T09:16:11.005+0000: 262910.017: Application time: 0.0001665 seconds
2019-06-24T09:16:11.005+0000: 262910.017: Application time: 0.0001018 seconds
2019-06-24T09:16:11.591+0000: 262910.603: Application time: 0.5856025 seconds
{Heap before GC invocations=1978 (full 158):
 par new generation   total 9792K, used 9470K [0x00000000e1000000, 0x00000000e1aa0000, 0x00000000eb4a0000)
  eden space 8704K, 100% used [0x00000000e1000000, 0x00000000e1880000, 0x00000000e1880000)
  from space 1088K,  70% used [0x00000000e1880000, 0x00000000e193f828, 0x00000000e1990000)
  to   space 1088K,   0% used [0x00000000e1990000, 0x00000000e1990000, 0x00000000e1aa0000)
 concurrent mark-sweep generation total 121500K, used 71893K [0x00000000eb4a0000, 0x00000000f2b47000, 0x0000000100000000)
 Metaspace       used 88874K, capacity 93314K, committed 93568K, reserved 1130496K
  class space    used 10719K, capacity 11529K, committed 11648K, reserved 1048576K
2019-06-24T09:16:11.591+0000: 262910.603: [GC (Allocation Failure) 2019-06-24T09:16:11.591+0000: 262910.603: [ParNew: 9470K->935K(9792K), 0.0037885 secs] 81364K->72829K(131292K), 0.0038589 secs] [Times: user=0.00 sys=0.00, real=0.00 secs] 
Heap after GC invocations=1979 (full 158):
 par new generation   total 9792K, used 935K [0x00000000e1000000, 0x00000000e1aa0000, 0x00000000eb4a0000)
  eden space 8704K,   0% used [0x00000000e1000000, 0x00000000e1000000, 0x00000000e1880000)
  from space 1088K,  85% used [0x00000000e1990000, 0x00000000e1a79c28, 0x00000000e1aa0000)
  to   space 1088K,   0% used [0x00000000e1880000, 0x00000000e1880000, 0x00000000e1990000)
 concurrent mark-sweep generation total 121500K, used 71893K [0x00000000eb4a0000, 0x00000000f2b47000, 0x0000000100000000)
 Metaspace       used 88874K, capacity 93314K, committed 93568K, reserved 1130496K
  class space    used 10719K, capacity 11529K, committed 11648K, reserved 1048576K
}
2019-06-24T09:16:12.806+0000: 262911.819: Application time: 1.2111561 seconds
2019-06-24T09:16:12.807+0000: 262911.819: Application time: 0.0001365 seconds
2019-06-24T09:16:12.807+0000: 262911.819: Application time: 0.0001217 seconds
2019-06-24T09:16:12.807+0000: 262911.819: Application time: 0.0001277 seconds
2019-06-24T09:16:12.807+0000: 262911.820: Application time: 0.0001287 seconds
2019-06-24T09:16:12.808+0000: 262911.820: Application time: 0.0001176 seconds
2019-06-24T09:16:12.808+0000: 262911.820: Application time: 0.0001161 seconds
2019-06-24T09:16:12.808+0000: 262911.820: Application time: 0.0001748 seconds
2019-06-24T09:16:12.808+0000: 262911.821: Application time: 0.0003540 seconds
2019-06-24T09:16:12.809+0000: 262911.821: Application time: 0.0001512 seconds
2019-06-24T09:16:16.589+0000: 262915.601: Application time: 3.7799633 seconds
2019-06-24T09:16:16.616+0000: 262915.629: Application time: 0.0273216 seconds
2019-06-24T09:16:21.011+0000: 262920.024: Application time: 4.3950096 seconds
2019-06-24T09:17:11.037+0000: 262970.050: Application time: 50.0257887 seconds
2019-06-24T09:17:11.038+0000: 262970.050: Application time: 0.0000682 seconds
2019-06-24T09:17:11.038+0000: 262970.051: Application time: 0.0000273 seconds
2019-06-24T09:17:11.038+0000: 262970.051: Application time: 0.0000616 seconds
2019-06-24T09:17:11.039+0000: 262970.051: Application time: 0.0000725 seconds
2019-06-24T09:17:11.039+0000: 262970.051: Application time: 0.0000567 seconds
2019-06-24T09:17:11.039+0000: 262970.051: Application time: 0.0000570 seconds
2019-06-24T09:17:11.040+0000: 262970.052: Application time: 0.0001177 seconds
2019-06-24T09:17:11.040+0000: 262970.052: Application time: 0.0001422 seconds
2019-06-24T09:17:11.040+0000: 262970.053: Application time: 0.0001062 seconds
2019-06-24T09:17:11.535+0000: 262970.547: Application time: 0.4945993 seconds
2019-06-24T09:17:11.559+0000: 262970.572: Application time: 0.0241294 seconds
2019-06-24T09:17:12.816+0000: 262971.828: Application time: 1.2560548 seconds
2019-06-24T09:17:12.816+0000: 262971.828: Application time: 0.0001817 seconds
2019-06-24T09:17:12.816+0000: 262971.829: Application time: 0.0001572 seconds
2019-06-24T09:17:12.817+0000: 262971.829: Application time: 0.0001607 seconds
2019-06-24T09:17:12.818+0000: 262971.830: Application time: 0.0014865 seconds
2019-06-24T09:17:56.422+0000: 263015.434: Application time: 43.6038301 seconds
2019-06-24T09:17:56.447+0000: 263015.460: Application time: 0.0251251 seconds
2019-06-24T09:18:01.068+0000: 263020.080: Application time: 4.6205501 seconds
2019-06-24T09:18:01.068+0000: 263020.081: Application time: 0.0000671 seconds
2019-06-24T09:18:01.069+0000: 263020.081: Application time: 0.0000584 seconds
2019-06-24T09:18:01.069+0000: 263020.081: Application time: 0.0000541 seconds
2019-06-24T09:18:01.069+0000: 263020.081: Application time: 0.0001655 seconds
2019-06-24T09:18:01.069+0000: 263020.082: Application time: 0.0001047 seconds
2019-06-24T09:18:05.287+0000: 263024.299: Application time: 4.2176399 seconds
2019-06-24T09:18:05.287+0000: 263024.300: Application time: 0.0001822 seconds
2019-06-24T09:18:05.288+0000: 263024.300: Application time: 0.0001698 seconds
2019-06-24T09:18:05.288+0000: 263024.300: Application time: 0.0001748 seconds
2019-06-24T09:18:05.290+0000: 263024.302: Application time: 0.0015955 seconds
2019-06-24T09:18:34.697+0000: 263053.709: Application time: 29.4069693 seconds
2019-06-24T09:19:01.105+0000: 263080.117: Application time: 26.4075086 seconds
{Heap before GC invocations=1979 (full 158):
 par new generation   total 9792K, used 9639K [0x00000000e1000000, 0x00000000e1aa0000, 0x00000000eb4a0000)
  eden space 8704K, 100% used [0x00000000e1000000, 0x00000000e1880000, 0x00000000e1880000)
  from space 1088K,  85% used [0x00000000e1990000, 0x00000000e1a79c28, 0x00000000e1aa0000)
  to   space 1088K,   0% used [0x00000000e1880000, 0x00000000e1880000, 0x00000000e1990000)
 concurrent mark-sweep generation total 121500K, used 71893K [0x00000000eb4a0000, 0x00000000f2b47000, 0x0000000100000000)
 Metaspace       used 88875K, capacity 93314K, committed 93568K, reserved 1130496K
  class space    used 10719K, capacity 11529K, committed 11648K, reserved 1048576K
2019-06-24T09:19:01.105+0000: 263080.117: [GC (Allocation Failure) 2019-06-24T09:19:01.105+0000: 263080.117: [ParNew: 9639K->857K(9792K), 0.0095170 secs] 81533K->73015K(131292K), 0.0095715 secs] [Times: user=0.02 sys=0.00, real=0.01 secs] 
Heap after GC invocations=1980 (full 158):
 par new generation   total 9792K, used 857K [0x00000000e1000000, 0x00000000e1aa0000, 0x00000000eb4a0000)
  eden space 8704K,   0% used [0x00000000e1000000, 0x00000000e1000000, 0x00000000e1880000)
  from space 1088K,  78% used [0x00000000e1880000, 0x00000000e1956788, 0x00000000e1990000)
  to   space 1088K,   0% used [0x00000000e1990000, 0x00000000e1990000, 0x00000000e1aa0000)
 concurrent mark-sweep generation total 121500K, used 72157K [0x00000000eb4a0000, 0x00000000f2b47000, 0x0000000100000000)
 Metaspace       used 88875K, capacity 93314K, committed 93568K, reserved 1130496K
  class space    used 10719K, capacity 11529K, committed 11648K, reserved 1048576K
}
2019-06-24T09:19:17.993+0000: 263097.006: Application time: 16.8787786 seconds
2019-06-24T09:19:18.019+0000: 263097.031: Application time: 0.0249541 seconds
2019-06-24T09:19:21.123+0000: 263100.135: Application time: 3.1040998 seconds
2019-06-24T09:19:21.123+0000: 263100.136: Application time: 0.0000677 seconds
2019-06-24T09:19:21.123+0000: 263100.136: Application time: 0.0000645 seconds
2019-06-24T09:19:21.124+0000: 263100.136: Application time: 0.0000598 seconds
2019-06-24T09:19:21.124+0000: 263100.136: Application time: 0.0001616 seconds
2019-06-24T09:19:21.124+0000: 263100.136: Application time: 0.0001027 seconds
2019-06-24T09:19:31.129+0000: 263110.142: Application time: 10.0049979 seconds
2019-06-24T09:19:31.130+0000: 263110.142: Application time: 0.0000739 seconds
2019-06-24T09:19:31.130+0000: 263110.142: Application time: 0.0000605 seconds
2019-06-24T09:19:31.130+0000: 263110.142: Application time: 0.0000635 seconds
2019-06-24T09:19:31.131+0000: 263110.144: Application time: 0.0014272 seconds
2019-06-24T09:19:51.141+0000: 263130.153: Application time: 20.0094577 seconds
2019-06-24T09:20:21.165+0000: 263160.177: Application time: 30.0230131 seconds
2019-06-24T09:20:21.165+0000: 263160.177: Application time: 0.0000887 seconds
2019-06-24T09:20:21.165+0000: 263160.178: Application time: 0.0000864 seconds
2019-06-24T09:20:21.166+0000: 263160.178: Application time: 0.0000973 seconds
2019-06-24T09:20:21.166+0000: 263160.178: Application time: 0.0001910 seconds
2019-06-24T09:20:21.167+0000: 263160.179: Application time: 0.0001189 seconds
2019-06-24T09:20:21.438+0000: 263160.450: Application time: 0.2707551 seconds
2019-06-24T09:20:21.461+0000: 263160.474: Application time: 0.0233971 seconds
2019-06-24T09:20:31.173+0000: 263170.186: Application time: 9.7117488 seconds
2019-06-24T09:20:31.174+0000: 263170.186: Application time: 0.0000723 seconds
2019-06-24T09:20:31.174+0000: 263170.186: Application time: 0.0000674 seconds
2019-06-24T09:20:31.174+0000: 263170.186: Application time: 0.0000555 seconds
2019-06-24T09:20:31.174+0000: 263170.186: Application time: 0.0000581 seconds
2019-06-24T09:20:31.174+0000: 263170.187: Application time: 0.0001393 seconds
2019-06-24T09:20:31.175+0000: 263170.187: Application time: 0.0001131 seconds
2019-06-24T09:20:31.176+0000: 263170.188: Application time: 0.0010523 seconds
2019-06-24T09:21:41.388+0000: 263240.400: Application time: 70.2116370 seconds
{Heap before GC invocations=1980 (full 158):
 par new generation   total 9792K, used 9557K [0x00000000e1000000, 0x00000000e1aa0000, 0x00000000eb4a0000)
  eden space 8704K,  99% used [0x00000000e1000000, 0x00000000e187ef88, 0x00000000e1880000)
  from space 1088K,  78% used [0x00000000e1880000, 0x00000000e1956788, 0x00000000e1990000)
  to   space 1088K,   0% used [0x00000000e1990000, 0x00000000e1990000, 0x00000000e1aa0000)
 concurrent mark-sweep generation total 121500K, used 72157K [0x00000000eb4a0000, 0x00000000f2b47000, 0x0000000100000000)
 Metaspace       used 88875K, capacity 93314K, committed 93568K, reserved 1130496K
  class space    used 10719K, capacity 11529K, committed 11648K, reserved 1048576K
2019-06-24T09:21:41.388+0000: 263240.400: [GC (Allocation Failure) 2019-06-24T09:21:41.388+0000: 263240.400: [ParNew: 9557K->841K(9792K), 0.0038717 secs] 81715K->73337K(131292K), 0.0039344 secs] [Times: user=0.00 sys=0.00, real=0.01 secs] 
Heap after GC invocations=1981 (full 158):
 par new generation   total 9792K, used 841K [0x00000000e1000000, 0x00000000e1aa0000, 0x00000000eb4a0000)
  eden space 8704K,   0% used [0x00000000e1000000, 0x00000000e1000000, 0x00000000e1880000)
  from space 1088K,  77% used [0x00000000e1990000, 0x00000000e1a62618, 0x00000000e1aa0000)
  to   space 1088K,   0% used [0x00000000e1880000, 0x00000000e1880000, 0x00000000e1990000)
 concurrent mark-sweep generation total 121500K, used 72496K [0x00000000eb4a0000, 0x00000000f2b47000, 0x0000000100000000)
 Metaspace       used 88875K, capacity 93314K, committed 93568K, reserved 1130496K
  class space    used 10719K, capacity 11529K, committed 11648K, reserved 1048576K
}
2019-06-24T09:21:42.848+0000: 263241.860: Application time: 1.4560738 seconds
2019-06-24T09:21:42.848+0000: 263241.861: Application time: 0.0000694 seconds
2019-06-24T09:21:42.848+0000: 263241.861: Application time: 0.0001535 seconds
2019-06-24T09:21:46.385+0000: 263245.397: Application time: 3.5362665 seconds
2019-06-24T09:21:46.415+0000: 263245.427: Application time: 0.0300302 seconds
2019-06-24T09:21:51.224+0000: 263250.236: Application time: 4.8082850 seconds
2019-06-24T09:21:51.224+0000: 263250.236: Application time: 0.0000929 seconds
2019-06-24T09:21:51.224+0000: 263250.236: Application time: 0.0000765 seconds
2019-06-24T09:21:51.224+0000: 263250.237: Application time: 0.0000738 seconds
2019-06-24T09:21:51.225+0000: 263250.237: Application time: 0.0000806 seconds
2019-06-24T09:21:51.225+0000: 263250.237: Application time: 0.0001698 seconds
2019-06-24T09:21:51.225+0000: 263250.237: Application time: 0.0001488 seconds
2019-06-24T09:21:51.227+0000: 263250.239: Application time: 0.0017239 seconds
2019-06-24T09:22:39.722+0000: 263298.734: Application time: 48.4942216 seconds
2019-06-24T09:22:39.747+0000: 263298.759: Application time: 0.0247856 seconds
2019-06-24T09:22:41.263+0000: 263300.275: Application time: 1.5160587 seconds
2019-06-24T09:22:41.264+0000: 263300.276: Application time: 0.0000705 seconds
2019-06-24T09:22:41.264+0000: 263300.276: Application time: 0.0000776 seconds
2019-06-24T09:22:42.855+0000: 263301.868: Application time: 1.5913817 seconds
2019-06-24T09:22:42.855+0000: 263301.868: Application time: 0.0000702 seconds
2019-06-24T09:22:42.856+0000: 263301.868: Application time: 0.0000641 seconds
2019-06-24T09:22:42.856+0000: 263301.868: Application time: 0.0000585 seconds
2019-06-24T09:22:42.856+0000: 263301.868: Application time: 0.0000570 seconds
2019-06-24T09:22:42.856+0000: 263301.868: Application time: 0.0000611 seconds
2019-06-24T09:22:42.856+0000: 263301.869: Application time: 0.0002109 seconds
2019-06-24T09:22:42.857+0000: 263301.869: Application time: 0.0002029 seconds
2019-06-24T09:22:42.858+0000: 263301.871: Application time: 0.0012067 seconds
2019-06-24T09:26:21.407+0000: 263520.419: Application time: 218.5482526 seconds
{Heap before GC invocations=1981 (full 158):
 par new generation   total 9792K, used 9540K [0x00000000e1000000, 0x00000000e1aa0000, 0x00000000eb4a0000)
  eden space 8704K,  99% used [0x00000000e1000000, 0x00000000e187ed90, 0x00000000e1880000)
  from space 1088K,  77% used [0x00000000e1990000, 0x00000000e1a62618, 0x00000000e1aa0000)
  to   space 1088K,   0% used [0x00000000e1880000, 0x00000000e1880000, 0x00000000e1990000)
 concurrent mark-sweep generation total 121500K, used 72496K [0x00000000eb4a0000, 0x00000000f2b47000, 0x0000000100000000)
 Metaspace       used 88875K, capacity 93314K, committed 93568K, reserved 1130496K
  class space    used 10719K, capacity 11529K, committed 11648K, reserved 1048576K
2019-06-24T09:26:21.407+0000: 263520.420: [GC (Allocation Failure) 2019-06-24T09:26:21.407+0000: 263520.420: [ParNew: 9540K->921K(9792K), 0.0035148 secs] 82037K->73766K(131292K), 0.0035921 secs] [Times: user=0.01 sys=0.00, real=0.01 secs] 
Heap after GC invocations=1982 (full 158):
 par new generation   total 9792K, used 921K [0x00000000e1000000, 0x00000000e1aa0000, 0x00000000eb4a0000)
  eden space 8704K,   0% used [0x00000000e1000000, 0x00000000e1000000, 0x00000000e1880000)
  from space 1088K,  84% used [0x00000000e1880000, 0x00000000e1966480, 0x00000000e1990000)
  to   space 1088K,   0% used [0x00000000e1990000, 0x00000000e1990000, 0x00000000e1aa0000)
 concurrent mark-sweep generation total 121500K, used 72845K [0x00000000eb4a0000, 0x00000000f2b47000, 0x0000000100000000)
 Metaspace       used 88875K, capacity 93314K, committed 93568K, reserved 1130496K
  class space    used 10719K, capacity 11529K, committed 11648K, reserved 1048576K
}
2019-06-24T09:33:41.698+0000: 263960.710: Application time: 440.2868125 seconds
{Heap before GC invocations=1982 (full 158):
 par new generation   total 9792K, used 9625K [0x00000000e1000000, 0x00000000e1aa0000, 0x00000000eb4a0000)
  eden space 8704K, 100% used [0x00000000e1000000, 0x00000000e1880000, 0x00000000e1880000)
  from space 1088K,  84% used [0x00000000e1880000, 0x00000000e1966480, 0x00000000e1990000)
  to   space 1088K,   0% used [0x00000000e1990000, 0x00000000e1990000, 0x00000000e1aa0000)
 concurrent mark-sweep generation total 121500K, used 72845K [0x00000000eb4a0000, 0x00000000f2b47000, 0x0000000100000000)
 Metaspace       used 88875K, capacity 93314K, committed 93568K, reserved 1130496K
  class space    used 10719K, capacity 11529K, committed 11648K, reserved 1048576K
2019-06-24T09:33:41.698+0000: 263960.710: [GC (Allocation Failure) 2019-06-24T09:33:41.698+0000: 263960.710: [ParNew: 9625K->632K(9792K), 0.0057404 secs] 82470K->73759K(131292K), 0.0057921 secs] [Times: user=0.01 sys=0.00, real=0.01 secs] 
Heap after GC invocations=1983 (full 158):
 par new generation   total 9792K, used 632K [0x00000000e1000000, 0x00000000e1aa0000, 0x00000000eb4a0000)
  eden space 8704K,   0% used [0x00000000e1000000, 0x00000000e1000000, 0x00000000e1880000)
  from space 1088K,  58% used [0x00000000e1990000, 0x00000000e1a2e138, 0x00000000e1aa0000)
  to   space 1088K,   0% used [0x00000000e1880000, 0x00000000e1880000, 0x00000000e1990000)
 concurrent mark-sweep generation total 121500K, used 73126K [0x00000000eb4a0000, 0x00000000f2b47000, 0x0000000100000000)
 Metaspace       used 88875K, capacity 93314K, committed 93568K, reserved 1130496K
  class space    used 10719K, capacity 11529K, committed 11648K, reserved 1048576K
}
2019-06-24T09:33:41.704+0000: 263960.716: Application time: 0.0000944 seconds
2019-06-24T09:33:41.704+0000: 263960.717: [GC (CMS Initial Mark) [1 CMS-initial-mark: 73126K(121500K)] 73761K(131292K), 0.0028848 secs] [Times: user=0.00 sys=0.00, real=0.00 secs] 
2019-06-24T09:33:41.707+0000: 263960.720: [CMS-concurrent-mark-start]
2019-06-24T09:33:41.826+0000: 263960.838: [CMS-concurrent-mark: 0.119/0.119 secs] [Times: user=0.12 sys=0.00, real=0.12 secs] 
2019-06-24T09:33:41.826+0000: 263960.838: [CMS-concurrent-preclean-start]
2019-06-24T09:33:41.828+0000: 263960.840: [CMS-concurrent-preclean: 0.002/0.002 secs] [Times: user=0.00 sys=0.00, real=0.00 secs] 
2019-06-24T09:33:41.828+0000: 263960.840: Application time: 0.1204866 seconds
2019-06-24T09:33:41.828+0000: 263960.840: [GC (CMS Final Remark) [YG occupancy: 673 K (9792 K)]2019-06-24T09:33:41.828+0000: 263960.840: [Rescan (parallel) , 0.0085875 secs]2019-06-24T09:33:41.837+0000: 263960.849: [weak refs processing, 0.0028686 secs]2019-06-24T09:33:41.839+0000: 263960.852: [class unloading, 0.0305967 secs]2019-06-24T09:33:41.870+0000: 263960.882: [scrub symbol table, 0.0197585 secs]2019-06-24T09:33:41.890+0000: 263960.902: [scrub string table, 0.0012965 secs][1 CMS-remark: 73126K(121500K)] 73800K(131292K), 0.0756788 secs] [Times: user=0.08 sys=0.00, real=0.08 secs] 
2019-06-24T09:33:41.904+0000: 263960.916: [CMS-concurrent-sweep-start]
2019-06-24T09:33:41.937+0000: 263960.950: [CMS-concurrent-sweep: 0.033/0.033 secs] [Times: user=0.03 sys=0.00, real=0.03 secs] 
2019-06-24T09:33:41.937+0000: 263960.950: [CMS-concurrent-reset-start]
2019-06-24T09:33:41.938+0000: 263960.950: [CMS-concurrent-reset: 0.000/0.000 secs] [Times: user=0.00 sys=0.00, real=0.00 secs] 
2019-06-24T09:33:42.904+0000: 263961.916: Application time: 1.0002589 seconds
2019-06-24T09:33:43.904+0000: 263962.917: Application time: 1.0001877 seconds
2019-06-24T09:33:51.906+0000: 263970.918: Application time: 8.0011485 seconds
2019-06-24T09:34:04.908+0000: 263983.920: Application time: 13.0018866 seconds
2019-06-24T09:34:05.908+0000: 263984.921: Application time: 1.0001277 seconds
2019-06-24T09:34:26.912+0000: 264005.924: Application time: 21.0032241 seconds
2019-06-24T09:34:34.775+0000: 264013.788: Application time: 7.8633922 seconds
2019-06-24T09:34:41.777+0000: 264020.789: Application time: 7.0011023 seconds
2019-06-24T09:35:27.783+0000: 264066.795: Application time: 46.0058610 seconds
2019-06-24T09:35:43.785+0000: 264082.797: Application time: 16.0020142 seconds
2019-06-24T09:36:12.790+0000: 264111.802: Application time: 29.0045607 seconds
2019-06-24T09:36:31.803+0000: 264130.815: Application time: 19.0126951 seconds
2019-06-24T09:40:34.837+0000: 264373.849: Application time: 243.0337185 seconds
2019-06-24T09:40:41.942+0000: 264380.954: Application time: 7.1051861 seconds
{Heap before GC invocations=1983 (full 159):
 par new generation   total 9792K, used 9336K [0x00000000e1000000, 0x00000000e1aa0000, 0x00000000eb4a0000)
  eden space 8704K, 100% used [0x00000000e1000000, 0x00000000e1880000, 0x00000000e1880000)
  from space 1088K,  58% used [0x00000000e1990000, 0x00000000e1a2e138, 0x00000000e1aa0000)
  to   space 1088K,   0% used [0x00000000e1880000, 0x00000000e1880000, 0x00000000e1990000)
 concurrent mark-sweep generation total 121500K, used 69306K [0x00000000eb4a0000, 0x00000000f2b47000, 0x0000000100000000)
 Metaspace       used 88804K, capacity 93194K, committed 93568K, reserved 1130496K
  class space    used 10709K, capacity 11509K, committed 11648K, reserved 1048576K
2019-06-24T09:40:41.942+0000: 264380.954: [GC (Allocation Failure) 2019-06-24T09:40:41.942+0000: 264380.954: [ParNew: 9336K->991K(9792K), 0.0033167 secs] 78642K->70297K(131292K), 0.0033692 secs] [Times: user=0.00 sys=0.00, real=0.00 secs] 
Heap after GC invocations=1984 (full 159):
 par new generation   total 9792K, used 991K [0x00000000e1000000, 0x00000000e1aa0000, 0x00000000eb4a0000)
  eden space 8704K,   0% used [0x00000000e1000000, 0x00000000e1000000, 0x00000000e1880000)
  from space 1088K,  91% used [0x00000000e1880000, 0x00000000e1977de8, 0x00000000e1990000)
  to   space 1088K,   0% used [0x00000000e1990000, 0x00000000e1990000, 0x00000000e1aa0000)
 concurrent mark-sweep generation total 121500K, used 69306K [0x00000000eb4a0000, 0x00000000f2b47000, 0x0000000100000000)
 Metaspace       used 88804K, capacity 93194K, committed 93568K, reserved 1130496K
  class space    used 10709K, capacity 11509K, committed 11648K, reserved 1048576K
}
2019-06-24T09:43:04.969+0000: 264523.981: Application time: 143.0234867 seconds
2019-06-24T09:44:09.978+0000: 264588.990: Application time: 65.0089794 seconds
2019-06-24T09:44:12.070+0000: 264591.082: Application time: 2.0916295 seconds
2019-06-24T09:44:12.071+0000: 264591.083: Application time: 0.0000390 seconds
2019-06-24T09:44:13.004+0000: 264592.016: Application time: 0.9328560 seconds
2019-06-24T09:44:13.004+0000: 264592.016: Application time: 0.0000708 seconds
2019-06-24T09:44:13.004+0000: 264592.016: Application time: 0.0000603 seconds
2019-06-24T09:44:13.004+0000: 264592.017: Application time: 0.0000644 seconds
2019-06-24T09:44:13.004+0000: 264592.017: Application time: 0.0000572 seconds
2019-06-24T09:44:13.005+0000: 264592.017: Application time: 0.0000578 seconds
2019-06-24T09:44:13.005+0000: 264592.017: Application time: 0.0000590 seconds
2019-06-24T09:44:13.005+0000: 264592.017: Application time: 0.0001112 seconds
2019-06-24T09:44:13.005+0000: 264592.018: Application time: 0.0001941 seconds
2019-06-24T09:44:13.006+0000: 264592.018: Application time: 0.0001118 seconds
2019-06-24T09:44:13.007+0000: 264592.019: Application time: 0.0010465 seconds
2019-06-24T09:44:13.980+0000: 264592.993: Application time: 0.9733708 seconds
2019-06-24T09:44:14.008+0000: 264593.020: Application time: 0.0269419 seconds
2019-06-24T09:44:22.079+0000: 264601.091: Application time: 8.0709481 seconds
2019-06-24T09:44:34.825+0000: 264613.837: Application time: 12.7458533 seconds
2019-06-24T09:44:34.825+0000: 264613.838: Application time: 0.0000676 seconds
2019-06-24T09:44:34.825+0000: 264613.838: Application time: 0.0000591 seconds
2019-06-24T09:44:34.826+0000: 264613.838: Application time: 0.0000574 seconds
2019-06-24T09:44:34.826+0000: 264613.838: Application time: 0.0000574 seconds
2019-06-24T09:44:34.826+0000: 264613.838: Application time: 0.0000601 seconds
2019-06-24T09:44:34.826+0000: 264613.839: Application time: 0.0000839 seconds
2019-06-24T09:44:34.826+0000: 264613.839: Application time: 0.0000566 seconds
2019-06-24T09:44:34.827+0000: 264613.839: Application time: 0.0000555 seconds
2019-06-24T09:44:34.827+0000: 264613.839: Application time: 0.0000853 seconds
2019-06-24T09:45:15.476+0000: 264654.489: Application time: 40.6494070 seconds
{Heap before GC invocations=1984 (full 159):
 par new generation   total 9792K, used 9695K [0x00000000e1000000, 0x00000000e1aa0000, 0x00000000eb4a0000)
  eden space 8704K,  99% used [0x00000000e1000000, 0x00000000e187ffd8, 0x00000000e1880000)
  from space 1088K,  91% used [0x00000000e1880000, 0x00000000e1977de8, 0x00000000e1990000)
  to   space 1088K,   0% used [0x00000000e1990000, 0x00000000e1990000, 0x00000000e1aa0000)
 concurrent mark-sweep generation total 121500K, used 69306K [0x00000000eb4a0000, 0x00000000f2b47000, 0x0000000100000000)
 Metaspace       used 88804K, capacity 93194K, committed 93568K, reserved 1130496K
  class space    used 10709K, capacity 11509K, committed 11648K, reserved 1048576K
2019-06-24T09:45:15.477+0000: 264654.489: [GC (Allocation Failure) 2019-06-24T09:45:15.477+0000: 264654.489: [ParNew: 9695K->1070K(9792K), 0.0046225 secs] 79001K->70545K(131292K), 0.0046878 secs] [Times: user=0.01 sys=0.00, real=0.01 secs] 
Heap after GC invocations=1985 (full 159):
 par new generation   total 9792K, used 1070K [0x00000000e1000000, 0x00000000e1aa0000, 0x00000000eb4a0000)
  eden space 8704K,   0% used [0x00000000e1000000, 0x00000000e1000000, 0x00000000e1880000)
  from space 1088K,  98% used [0x00000000e1990000, 0x00000000e1a9bb80, 0x00000000e1aa0000)
  to   space 1088K,   0% used [0x00000000e1880000, 0x00000000e1880000, 0x00000000e1990000)
 concurrent mark-sweep generation total 121500K, used 69475K [0x00000000eb4a0000, 0x00000000f2b47000, 0x0000000100000000)
 Metaspace       used 88804K, capacity 93194K, committed 93568K, reserved 1130496K
  class space    used 10709K, capacity 11509K, committed 11648K, reserved 1048576K
}
2019-06-24T09:45:16.482+0000: 264655.494: Application time: 1.0001708 seconds
2019-06-24T09:45:20.474+0000: 264659.487: Application time: 3.9925489 seconds
2019-06-24T09:45:20.530+0000: 264659.543: Application time: 0.0558710 seconds
2019-06-24T09:45:28.971+0000: 264667.983: Application time: 8.4402709 seconds
2019-06-24T09:45:28.972+0000: 264667.985: Application time: 0.0003459 seconds
2019-06-24T09:45:28.975+0000: 264667.987: Application time: 0.0012218 seconds
2019-06-24T09:45:28.975+0000: 264667.987: Application time: 0.0002787 seconds
2019-06-24T09:45:28.976+0000: 264667.988: Application time: 0.0005733 seconds
2019-06-24T09:45:28.977+0000: 264667.990: Application time: 0.0004833 seconds
2019-06-24T09:45:28.988+0000: 264668.000: Application time: 0.0101561 seconds
2019-06-24T09:45:33.989+0000: 264673.002: Application time: 5.0009998 seconds
2019-06-24T09:45:34.018+0000: 264673.030: Application time: 0.0285339 seconds
2019-06-24T09:45:42.132+0000: 264681.144: Application time: 8.1135955 seconds
2019-06-24T09:45:42.132+0000: 264681.144: Application time: 0.0000677 seconds
2019-06-24T09:45:42.132+0000: 264681.145: Application time: 0.0000592 seconds
2019-06-24T09:45:42.133+0000: 264681.145: Application time: 0.0000629 seconds
2019-06-24T09:45:42.133+0000: 264681.145: Application time: 0.0000749 seconds
2019-06-24T09:45:42.133+0000: 264681.145: Application time: 0.0000676 seconds
2019-06-24T09:45:42.133+0000: 264681.145: Application time: 0.0000593 seconds
2019-06-24T09:45:42.133+0000: 264681.146: Application time: 0.0000638 seconds
2019-06-24T09:45:42.134+0000: 264681.146: Application time: 0.0001426 seconds
2019-06-24T09:45:42.134+0000: 264681.146: Application time: 0.0001121 seconds
2019-06-24T09:45:42.135+0000: 264681.147: Application time: 0.0012701 seconds
2019-06-24T09:46:09.930+0000: 264708.942: Application time: 27.7946773 seconds
2019-06-24T09:46:09.955+0000: 264708.967: Application time: 0.0247624 seconds
2019-06-24T09:46:12.152+0000: 264711.164: Application time: 2.1962855 seconds
2019-06-24T09:46:12.152+0000: 264711.164: Application time: 0.0000673 seconds
2019-06-24T09:46:12.152+0000: 264711.164: Application time: 0.0000593 seconds
2019-06-24T09:46:12.152+0000: 264711.165: Application time: 0.0000613 seconds
2019-06-24T09:46:12.152+0000: 264711.165: Application time: 0.0000575 seconds
2019-06-24T09:46:12.153+0000: 264711.165: Application time: 0.0001362 seconds
2019-06-24T09:46:12.153+0000: 264711.165: Application time: 0.0001667 seconds
2019-06-24T09:46:12.153+0000: 264711.166: Application time: 0.0001496 seconds
2019-06-24T09:46:12.154+0000: 264711.166: Application time: 0.0003181 seconds
2019-06-24T09:46:12.154+0000: 264711.167: Application time: 0.0002322 seconds
2019-06-24T09:46:12.156+0000: 264711.168: Application time: 0.0011554 seconds
2019-06-24T09:46:48.532+0000: 264747.544: Application time: 36.3762182 seconds
{Heap before GC invocations=1985 (full 159):
 par new generation   total 9792K, used 9774K [0x00000000e1000000, 0x00000000e1aa0000, 0x00000000eb4a0000)
  eden space 8704K, 100% used [0x00000000e1000000, 0x00000000e1880000, 0x00000000e1880000)
  from space 1088K,  98% used [0x00000000e1990000, 0x00000000e1a9bb80, 0x00000000e1aa0000)
  to   space 1088K,   0% used [0x00000000e1880000, 0x00000000e1880000, 0x00000000e1990000)
 concurrent mark-sweep generation total 121500K, used 69475K [0x00000000eb4a0000, 0x00000000f2b47000, 0x0000000100000000)
 Metaspace       used 88812K, capacity 93206K, committed 93568K, reserved 1130496K
  class space    used 10710K, capacity 11511K, committed 11648K, reserved 1048576K
2019-06-24T09:46:48.532+0000: 264747.545: [GC (Allocation Failure) 2019-06-24T09:46:48.532+0000: 264747.545: [ParNew: 9774K->958K(9792K), 0.0040702 secs] 79249K->70780K(131292K), 0.0041485 secs] [Times: user=0.01 sys=0.00, real=0.00 secs] 
Heap after GC invocations=1986 (full 159):
 par new generation   total 9792K, used 958K [0x00000000e1000000, 0x00000000e1aa0000, 0x00000000eb4a0000)
  eden space 8704K,   0% used [0x00000000e1000000, 0x00000000e1000000, 0x00000000e1880000)
  from space 1088K,  88% used [0x00000000e1880000, 0x00000000e196f8f0, 0x00000000e1990000)
  to   space 1088K,   0% used [0x00000000e1990000, 0x00000000e1990000, 0x00000000e1aa0000)
 concurrent mark-sweep generation total 121500K, used 69821K [0x00000000eb4a0000, 0x00000000f2b47000, 0x0000000100000000)
 Metaspace       used 88812K, capacity 93206K, committed 93568K, reserved 1130496K
  class space    used 10710K, capacity 11511K, committed 11648K, reserved 1048576K
}
2019-06-24T09:46:52.178+0000: 264751.190: Application time: 3.6410397 seconds
2019-06-24T09:46:52.178+0000: 264751.190: Application time: 0.0000799 seconds
2019-06-24T09:46:52.178+0000: 264751.190: Application time: 0.0000656 seconds
2019-06-24T09:46:52.178+0000: 264751.190: Application time: 0.0000806 seconds
2019-06-24T09:46:53.529+0000: 264752.541: Application time: 1.3508617 seconds
2019-06-24T09:46:53.561+0000: 264752.574: Application time: 0.0320603 seconds
2019-06-24T09:47:02.184+0000: 264761.196: Application time: 8.6223856 seconds
2019-06-24T09:47:02.184+0000: 264761.197: Application time: 0.0000710 seconds
2019-06-24T09:47:02.184+0000: 264761.197: Application time: 0.0000642 seconds
2019-06-24T09:47:02.185+0000: 264761.197: Application time: 0.0000563 seconds
2019-06-24T09:47:02.185+0000: 264761.197: Application time: 0.0001493 seconds
2019-06-24T09:47:02.185+0000: 264761.197: Application time: 0.0001051 seconds
2019-06-24T09:47:02.186+0000: 264761.198: Application time: 0.0009765 seconds
2019-06-24T09:47:37.955+0000: 264796.968: Application time: 35.7690664 seconds
2019-06-24T09:47:37.980+0000: 264796.993: Application time: 0.0247730 seconds
2019-06-24T09:47:42.208+0000: 264801.220: Application time: 4.2272111 seconds
2019-06-24T09:47:42.208+0000: 264801.221: Application time: 0.0004174 seconds
2019-06-24T09:47:42.209+0000: 264801.221: Application time: 0.0000884 seconds
2019-06-24T09:47:42.209+0000: 264801.221: Application time: 0.0000646 seconds
2019-06-24T09:47:43.029+0000: 264802.041: Application time: 0.8195518 seconds
2019-06-24T09:47:43.029+0000: 264802.041: Application time: 0.0001542 seconds
2019-06-24T09:47:43.029+0000: 264802.042: Application time: 0.0001519 seconds
2019-06-24T09:47:43.030+0000: 264802.042: Application time: 0.0001532 seconds
2019-06-24T09:47:43.030+0000: 264802.042: Application time: 0.0003256 seconds
2019-06-24T09:47:43.030+0000: 264802.043: Application time: 0.0001474 seconds
2019-06-24T09:47:43.032+0000: 264802.044: Application time: 0.0011853 seconds
2019-06-24T09:48:42.243+0000: 264861.255: Application time: 59.2107793 seconds
2019-06-24T09:48:42.243+0000: 264861.255: Application time: 0.0000736 seconds
2019-06-24T09:48:42.243+0000: 264861.255: Application time: 0.0000587 seconds
2019-06-24T09:48:42.243+0000: 264861.256: Application time: 0.0000630 seconds
2019-06-24T09:48:43.037+0000: 264862.049: Application time: 0.7932800 seconds
2019-06-24T09:48:43.037+0000: 264862.049: Application time: 0.0001411 seconds
2019-06-24T09:48:43.037+0000: 264862.050: Application time: 0.0001171 seconds
2019-06-24T09:48:43.037+0000: 264862.050: Application time: 0.0001097 seconds
2019-06-24T09:48:43.038+0000: 264862.050: Application time: 0.0003142 seconds
2019-06-24T09:48:43.038+0000: 264862.051: Application time: 0.0002022 seconds
2019-06-24T09:48:43.039+0000: 264862.052: Application time: 0.0010907 seconds
2019-06-24T09:48:43.647+0000: 264862.659: Application time: 0.6072011 seconds
2019-06-24T09:48:43.675+0000: 264862.687: Application time: 0.0278355 seconds
2019-06-24T09:49:48.575+0000: 264927.587: Application time: 64.9002174 seconds
{Heap before GC invocations=1986 (full 159):
 par new generation   total 9792K, used 9661K [0x00000000e1000000, 0x00000000e1aa0000, 0x00000000eb4a0000)
  eden space 8704K,  99% used [0x00000000e1000000, 0x00000000e187fd38, 0x00000000e1880000)
  from space 1088K,  88% used [0x00000000e1880000, 0x00000000e196f8f0, 0x00000000e1990000)
  to   space 1088K,   0% used [0x00000000e1990000, 0x00000000e1990000, 0x00000000e1aa0000)
 concurrent mark-sweep generation total 121500K, used 69821K [0x00000000eb4a0000, 0x00000000f2b47000, 0x0000000100000000)
 Metaspace       used 88818K, capacity 93218K, committed 93568K, reserved 1130496K
  class space    used 10711K, capacity 11513K, committed 11648K, reserved 1048576K
2019-06-24T09:49:48.575+0000: 264927.588: [GC (Allocation Failure) 2019-06-24T09:49:48.575+0000: 264927.588: [ParNew: 9661K->915K(9792K), 0.0039874 secs] 79483K->71292K(131292K), 0.0040406 secs] [Times: user=0.01 sys=0.00, real=0.01 secs] 
Heap after GC invocations=1987 (full 159):
 par new generation   total 9792K, used 915K [0x00000000e1000000, 0x00000000e1aa0000, 0x00000000eb4a0000)
  eden space 8704K,   0% used [0x00000000e1000000, 0x00000000e1000000, 0x00000000e1880000)
  from space 1088K,  84% used [0x00000000e1990000, 0x00000000e1a74cc0, 0x00000000e1aa0000)
  to   space 1088K,   0% used [0x00000000e1880000, 0x00000000e1880000, 0x00000000e1990000)
 concurrent mark-sweep generation total 121500K, used 70377K [0x00000000eb4a0000, 0x00000000f2b47000, 0x0000000100000000)
 Metaspace       used 88818K, capacity 93218K, committed 93568K, reserved 1130496K
  class space    used 10711K, capacity 11513K, committed 11648K, reserved 1048576K
}
2019-06-24T09:49:52.298+0000: 264931.311: Application time: 3.7187401 seconds
2019-06-24T09:49:52.299+0000: 264931.311: Application time: 0.0000767 seconds
2019-06-24T09:49:52.299+0000: 264931.311: Application time: 0.0000676 seconds
2019-06-24T09:49:52.299+0000: 264931.311: Application time: 0.0000615 seconds
2019-06-24T09:49:52.299+0000: 264931.312: Application time: 0.0000743 seconds
2019-06-24T09:49:52.300+0000: 264931.312: Application time: 0.0001341 seconds
2019-06-24T09:49:52.300+0000: 264931.312: Application time: 0.0001405 seconds
2019-06-24T09:49:53.571+0000: 264932.584: Application time: 1.2714878 seconds
2019-06-24T09:49:53.603+0000: 264932.616: Application time: 0.0317529 seconds
2019-06-24T09:50:02.306+0000: 264941.318: Application time: 8.7019846 seconds
2019-06-24T09:50:02.306+0000: 264941.318: Application time: 0.0000939 seconds
2019-06-24T09:50:02.306+0000: 264941.318: Application time: 0.0000887 seconds
2019-06-24T09:50:02.308+0000: 264941.320: Application time: 0.0018256 seconds
2019-06-24T09:51:09.319+0000: 265008.331: Application time: 67.0101238 seconds
2019-06-24T09:51:12.349+0000: 265011.361: Application time: 3.0302374 seconds
2019-06-24T09:51:12.349+0000: 265011.362: Application time: 0.0001239 seconds
2019-06-24T09:51:12.349+0000: 265011.362: Application time: 0.0000673 seconds
2019-06-24T09:51:12.350+0000: 265011.362: Application time: 0.0000751 seconds
2019-06-24T09:51:12.350+0000: 265011.362: Application time: 0.0000635 seconds
2019-06-24T09:51:12.350+0000: 265011.362: Application time: 0.0001389 seconds
2019-06-24T09:51:12.350+0000: 265011.363: Application time: 0.0001358 seconds
2019-06-24T09:51:13.054+0000: 265012.066: Application time: 0.7036004 seconds
2019-06-24T09:51:13.054+0000: 265012.067: Application time: 0.0001472 seconds
2019-06-24T09:51:13.055+0000: 265012.067: Application time: 0.0001771 seconds
2019-06-24T09:51:13.057+0000: 265012.069: Application time: 0.0016638 seconds
2019-06-24T09:51:13.771+0000: 265012.784: Application time: 0.7146769 seconds
2019-06-24T09:51:13.814+0000: 265012.827: Application time: 0.0425324 seconds
2019-06-24T09:52:23.391+0000: 265082.404: Application time: 69.5768111 seconds
{Heap before GC invocations=1987 (full 159):
 par new generation   total 9792K, used 9617K [0x00000000e1000000, 0x00000000e1aa0000, 0x00000000eb4a0000)
  eden space 8704K,  99% used [0x00000000e1000000, 0x00000000e187f818, 0x00000000e1880000)
  from space 1088K,  84% used [0x00000000e1990000, 0x00000000e1a74cc0, 0x00000000e1aa0000)
  to   space 1088K,   0% used [0x00000000e1880000, 0x00000000e1880000, 0x00000000e1990000)
 concurrent mark-sweep generation total 121500K, used 70377K [0x00000000eb4a0000, 0x00000000f2b47000, 0x0000000100000000)
 Metaspace       used 88836K, capacity 93248K, committed 93568K, reserved 1130496K
  class space    used 10713K, capacity 11518K, committed 11648K, reserved 1048576K
2019-06-24T09:52:23.392+0000: 265082.404: [GC (Allocation Failure) 2019-06-24T09:52:23.392+0000: 265082.404: [ParNew: 9617K->1088K(9792K), 0.0038016 secs] 79994K->71475K(131292K), 0.0038681 secs] [Times: user=0.01 sys=0.00, real=0.00 secs] 
Heap after GC invocations=1988 (full 159):
 par new generation   total 9792K, used 1088K [0x00000000e1000000, 0x00000000e1aa0000, 0x00000000eb4a0000)
  eden space 8704K,   0% used [0x00000000e1000000, 0x00000000e1000000, 0x00000000e1880000)
  from space 1088K, 100% used [0x00000000e1880000, 0x00000000e1990000, 0x00000000e1990000)
  to   space 1088K,   0% used [0x00000000e1990000, 0x00000000e1990000, 0x00000000e1aa0000)
 concurrent mark-sweep generation total 121500K, used 70387K [0x00000000eb4a0000, 0x00000000f2b47000, 0x0000000100000000)
 Metaspace       used 88836K, capacity 93248K, committed 93568K, reserved 1130496K
  class space    used 10713K, capacity 11518K, committed 11648K, reserved 1048576K
}
2019-06-24T09:52:28.389+0000: 265087.401: Application time: 4.9935311 seconds
2019-06-24T09:52:28.422+0000: 265087.434: Application time: 0.0325412 seconds
2019-06-24T09:52:32.399+0000: 265091.411: Application time: 3.9768361 seconds
2019-06-24T09:52:32.399+0000: 265091.411: Application time: 0.0000729 seconds
2019-06-24T09:52:32.399+0000: 265091.412: Application time: 0.0000668 seconds
2019-06-24T09:52:32.400+0000: 265091.412: Application time: 0.0000627 seconds
2019-06-24T09:52:32.400+0000: 265091.412: Application time: 0.0000613 seconds
2019-06-24T09:52:32.400+0000: 265091.412: Application time: 0.0000770 seconds
2019-06-24T09:52:32.400+0000: 265091.413: Application time: 0.0001403 seconds
2019-06-24T09:52:32.400+0000: 265091.413: Application time: 0.0001590 seconds
2019-06-24T09:52:42.406+0000: 265101.418: Application time: 10.0055151 seconds
2019-06-24T09:52:42.406+0000: 265101.419: Application time: 0.0000691 seconds
2019-06-24T09:52:42.408+0000: 265101.420: Application time: 0.0014190 seconds
2019-06-24T09:53:12.423+0000: 265131.435: Application time: 30.0148199 seconds
2019-06-24T09:59:12.656+0000: 265491.669: Application time: 360.2328718 seconds
{Heap before GC invocations=1988 (full 159):
 par new generation   total 9792K, used 9792K [0x00000000e1000000, 0x00000000e1aa0000, 0x00000000eb4a0000)
  eden space 8704K, 100% used [0x00000000e1000000, 0x00000000e1880000, 0x00000000e1880000)
  from space 1088K, 100% used [0x00000000e1880000, 0x00000000e1990000, 0x00000000e1990000)
  to   space 1088K,   0% used [0x00000000e1990000, 0x00000000e1990000, 0x00000000e1aa0000)
 concurrent mark-sweep generation total 121500K, used 70387K [0x00000000eb4a0000, 0x00000000f2b47000, 0x0000000100000000)
 Metaspace       used 88836K, capacity 93248K, committed 93568K, reserved 1130496K
  class space    used 10713K, capacity 11518K, committed 11648K, reserved 1048576K
2019-06-24T09:59:12.657+0000: 265491.669: [GC (Allocation Failure) 2019-06-24T09:59:12.657+0000: 265491.669: [ParNew: 9792K->375K(9792K), 0.0129456 secs] 80179K->71366K(131292K), 0.0130303 secs] [Times: user=0.03 sys=0.00, real=0.02 secs] 
Heap after GC invocations=1989 (full 159):
 par new generation   total 9792K, used 375K [0x00000000e1000000, 0x00000000e1aa0000, 0x00000000eb4a0000)
  eden space 8704K,   0% used [0x00000000e1000000, 0x00000000e1000000, 0x00000000e1880000)
  from space 1088K,  34% used [0x00000000e1990000, 0x00000000e19edf00, 0x00000000e1aa0000)
  to   space 1088K,   0% used [0x00000000e1880000, 0x00000000e1880000, 0x00000000e1990000)
 concurrent mark-sweep generation total 121500K, used 70990K [0x00000000eb4a0000, 0x00000000f2b47000, 0x0000000100000000)
 Metaspace       used 88836K, capacity 93248K, committed 93568K, reserved 1130496K
  class space    used 10713K, capacity 11518K, committed 11648K, reserved 1048576K
}
2019-06-24T10:06:32.936+0000: 265931.949: Application time: 440.2663342 seconds
{Heap before GC invocations=1989 (full 159):
 par new generation   total 9792K, used 9079K [0x00000000e1000000, 0x00000000e1aa0000, 0x00000000eb4a0000)
  eden space 8704K, 100% used [0x00000000e1000000, 0x00000000e1880000, 0x00000000e1880000)
  from space 1088K,  34% used [0x00000000e1990000, 0x00000000e19edf00, 0x00000000e1aa0000)
  to   space 1088K,   0% used [0x00000000e1880000, 0x00000000e1880000, 0x00000000e1990000)
 concurrent mark-sweep generation total 121500K, used 70990K [0x00000000eb4a0000, 0x00000000f2b47000, 0x0000000100000000)
 Metaspace       used 88836K, capacity 93248K, committed 93568K, reserved 1130496K
  class space    used 10713K, capacity 11518K, committed 11648K, reserved 1048576K
2019-06-24T10:06:32.937+0000: 265931.949: [GC (Allocation Failure) 2019-06-24T10:06:32.937+0000: 265931.949: [ParNew: 9079K->430K(9792K), 0.0025643 secs] 80070K->71421K(131292K), 0.0026129 secs] [Times: user=0.01 sys=0.00, real=0.01 secs] 
Heap after GC invocations=1990 (full 159):
 par new generation   total 9792K, used 430K [0x00000000e1000000, 0x00000000e1aa0000, 0x00000000eb4a0000)
  eden space 8704K,   0% used [0x00000000e1000000, 0x00000000e1000000, 0x00000000e1880000)
  from space 1088K,  39% used [0x00000000e1880000, 0x00000000e18eb8a0, 0x00000000e1990000)
  to   space 1088K,   0% used [0x00000000e1990000, 0x00000000e1990000, 0x00000000e1aa0000)
 concurrent mark-sweep generation total 121500K, used 70990K [0x00000000eb4a0000, 0x00000000f2b47000, 0x0000000100000000)
 Metaspace       used 88836K, capacity 93248K, committed 93568K, reserved 1130496K
  class space    used 10713K, capacity 11518K, committed 11648K, reserved 1048576K
}
2019-06-24T10:08:34.959+0000: 266053.972: Application time: 122.0201633 seconds
2019-06-24T10:09:53.073+0000: 266132.085: Application time: 78.1134381 seconds
2019-06-24T10:13:43.216+0000: 266362.228: Application time: 230.1426676 seconds
{Heap before GC invocations=1990 (full 159):
 par new generation   total 9792K, used 9134K [0x00000000e1000000, 0x00000000e1aa0000, 0x00000000eb4a0000)
  eden space 8704K, 100% used [0x00000000e1000000, 0x00000000e1880000, 0x00000000e1880000)
  from space 1088K,  39% used [0x00000000e1880000, 0x00000000e18eb8a0, 0x00000000e1990000)
  to   space 1088K,   0% used [0x00000000e1990000, 0x00000000e1990000, 0x00000000e1aa0000)
 concurrent mark-sweep generation total 121500K, used 70990K [0x00000000eb4a0000, 0x00000000f2b47000, 0x0000000100000000)
 Metaspace       used 88838K, capacity 93248K, committed 93568K, reserved 1130496K
  class space    used 10713K, capacity 11518K, committed 11648K, reserved 1048576K
2019-06-24T10:13:43.216+0000: 266362.229: [GC (Allocation Failure) 2019-06-24T10:13:43.216+0000: 266362.229: [ParNew: 9134K->622K(9792K), 0.0044057 secs] 80125K->71613K(131292K), 0.0045014 secs] [Times: user=0.01 sys=0.00, real=0.01 secs] 
Heap after GC invocations=1991 (full 159):
 par new generation   total 9792K, used 622K [0x00000000e1000000, 0x00000000e1aa0000, 0x00000000eb4a0000)
  eden space 8704K,   0% used [0x00000000e1000000, 0x00000000e1000000, 0x00000000e1880000)
  from space 1088K,  57% used [0x00000000e1990000, 0x00000000e1a2b9a8, 0x00000000e1aa0000)
  to   space 1088K,   0% used [0x00000000e1880000, 0x00000000e1880000, 0x00000000e1990000)
 concurrent mark-sweep generation total 121500K, used 70990K [0x00000000eb4a0000, 0x00000000f2b47000, 0x0000000100000000)
 Metaspace       used 88838K, capacity 93248K, committed 93568K, reserved 1130496K
  class space    used 10713K, capacity 11518K, committed 11648K, reserved 1048576K
}
2019-06-24T10:13:43.221+0000: 266362.234: Application time: 0.0004524 seconds
2019-06-24T10:13:43.222+0000: 266362.234: Application time: 0.0000510 seconds
2019-06-24T10:13:43.223+0000: 266362.235: Application time: 0.0001392 seconds
2019-06-24T10:13:43.223+0000: 266362.235: Application time: 0.0001077 seconds
2019-06-24T10:13:43.224+0000: 266362.236: Application time: 0.0001078 seconds
2019-06-24T10:13:43.224+0000: 266362.236: Application time: 0.0000978 seconds
2019-06-24T10:13:43.224+0000: 266362.237: Application time: 0.0000973 seconds
2019-06-24T10:13:43.225+0000: 266362.237: Application time: 0.0001018 seconds
2019-06-24T10:13:43.225+0000: 266362.238: Application time: 0.0003618 seconds
2019-06-24T10:13:43.226+0000: 266362.238: Application time: 0.0003639 seconds
2019-06-24T10:14:02.265+0000: 266381.278: Application time: 19.0387309 seconds
2019-06-24T10:14:02.297+0000: 266381.309: Application time: 0.0315220 seconds
2019-06-24T10:14:03.239+0000: 266382.252: Application time: 0.9419118 seconds
2019-06-24T10:14:43.233+0000: 266422.245: Application time: 39.9931305 seconds
2019-06-24T10:14:43.234+0000: 266422.246: Application time: 0.0000577 seconds
2019-06-24T10:14:43.234+0000: 266422.246: Application time: 0.0001013 seconds
2019-06-24T10:14:43.234+0000: 266422.246: Application time: 0.0000868 seconds
2019-06-24T10:14:43.234+0000: 266422.247: Application time: 0.0002167 seconds
2019-06-24T10:14:43.235+0000: 266422.247: Application time: 0.0000649 seconds
2019-06-24T10:14:43.235+0000: 266422.247: Application time: 0.0000835 seconds
2019-06-24T10:14:43.235+0000: 266422.247: Application time: 0.0000897 seconds
2019-06-24T10:14:43.235+0000: 266422.248: Application time: 0.0002100 seconds
2019-06-24T10:14:43.236+0000: 266422.248: Application time: 0.0000782 seconds
2019-06-24T10:14:43.267+0000: 266422.279: Application time: 0.0310643 seconds
2019-06-24T10:14:43.484+0000: 266422.496: Application time: 0.2169755 seconds
2019-06-24T10:14:43.509+0000: 266422.521: Application time: 0.0244764 seconds
2019-06-24T10:15:13.240+0000: 266452.252: Application time: 29.7308220 seconds
2019-06-24T10:15:13.240+0000: 266452.253: Application time: 0.0001692 seconds
2019-06-24T10:15:13.241+0000: 266452.253: Application time: 0.0001757 seconds
2019-06-24T10:15:13.241+0000: 266452.253: Application time: 0.0001840 seconds
2019-06-24T10:15:13.241+0000: 266452.254: Application time: 0.0001493 seconds
2019-06-24T10:15:13.242+0000: 266452.254: Application time: 0.0001501 seconds
2019-06-24T10:15:13.242+0000: 266452.254: Application time: 0.0001430 seconds
2019-06-24T10:15:13.242+0000: 266452.254: Application time: 0.0001360 seconds
2019-06-24T10:15:13.243+0000: 266452.255: Application time: 0.0002818 seconds
2019-06-24T10:15:13.243+0000: 266452.255: Application time: 0.0001619 seconds
2019-06-24T10:15:13.289+0000: 266452.301: Application time: 0.0460559 seconds
2019-06-24T10:15:16.211+0000: 266455.223: Application time: 2.9215416 seconds
2019-06-24T10:15:16.238+0000: 266455.250: Application time: 0.0266916 seconds
2019-06-24T10:15:43.247+0000: 266482.259: Application time: 27.0092515 seconds
{Heap before GC invocations=1991 (full 159):
 par new generation   total 9792K, used 9326K [0x00000000e1000000, 0x00000000e1aa0000, 0x00000000eb4a0000)
  eden space 8704K, 100% used [0x00000000e1000000, 0x00000000e1880000, 0x00000000e1880000)
  from space 1088K,  57% used [0x00000000e1990000, 0x00000000e1a2b9a8, 0x00000000e1aa0000)
  to   space 1088K,   0% used [0x00000000e1880000, 0x00000000e1880000, 0x00000000e1990000)
 concurrent mark-sweep generation total 121500K, used 70990K [0x00000000eb4a0000, 0x00000000f2b47000, 0x0000000100000000)
 Metaspace       used 88838K, capacity 93248K, committed 93568K, reserved 1130496K
  class space    used 10713K, capacity 11518K, committed 11648K, reserved 1048576K
2019-06-24T10:15:43.247+0000: 266482.260: [GC (Allocation Failure) 2019-06-24T10:15:43.247+0000: 266482.260: [ParNew: 9326K->885K(9792K), 0.0029862 secs] 80317K->71876K(131292K), 0.0030679 secs] [Times: user=0.00 sys=0.00, real=0.01 secs] 
Heap after GC invocations=1992 (full 159):
 par new generation   total 9792K, used 885K [0x00000000e1000000, 0x00000000e1aa0000, 0x00000000eb4a0000)
  eden space 8704K,   0% used [0x00000000e1000000, 0x00000000e1000000, 0x00000000e1880000)
  from space 1088K,  81% used [0x00000000e1880000, 0x00000000e195d760, 0x00000000e1990000)
  to   space 1088K,   0% used [0x00000000e1990000, 0x00000000e1990000, 0x00000000e1aa0000)
 concurrent mark-sweep generation total 121500K, used 70990K [0x00000000eb4a0000, 0x00000000f2b47000, 0x0000000100000000)
 Metaspace       used 88838K, capacity 93248K, committed 93568K, reserved 1130496K
  class space    used 10713K, capacity 11518K, committed 11648K, reserved 1048576K
}
2019-06-24T10:16:05.459+0000: 266504.471: Application time: 22.2084100 seconds
2019-06-24T10:16:05.460+0000: 266504.472: Application time: 0.0003967 seconds
2019-06-24T10:16:05.460+0000: 266504.473: Application time: 0.0001767 seconds
2019-06-24T10:16:05.461+0000: 266504.473: Application time: 0.0001589 seconds
2019-06-24T10:16:05.461+0000: 266504.474: Application time: 0.0001493 seconds
2019-06-24T10:16:05.462+0000: 266504.474: Application time: 0.0001406 seconds
2019-06-24T10:16:05.462+0000: 266504.474: Application time: 0.0001447 seconds
2019-06-24T10:16:05.463+0000: 266504.475: Application time: 0.0001642 seconds
2019-06-24T10:16:05.463+0000: 266504.475: Application time: 0.0003422 seconds
2019-06-24T10:16:05.463+0000: 266504.476: Application time: 0.0001683 seconds
2019-06-24T10:16:09.874+0000: 266508.886: Application time: 4.4101988 seconds
2019-06-24T10:16:09.901+0000: 266508.913: Application time: 0.0269232 seconds
2019-06-24T10:16:13.256+0000: 266512.268: Application time: 3.3546932 seconds
2019-06-24T10:16:31.719+0000: 266530.731: Application time: 18.4627391 seconds
2019-06-24T10:16:31.744+0000: 266530.756: Application time: 0.0248983 seconds
2019-06-24T10:16:33.347+0000: 266532.360: Application time: 1.6030703 seconds
2019-06-24T10:16:33.348+0000: 266532.360: Application time: 0.0000770 seconds
2019-06-24T10:16:33.348+0000: 266532.361: Application time: 0.0000677 seconds
2019-06-24T10:16:33.348+0000: 266532.361: Application time: 0.0000833 seconds
2019-06-24T10:16:33.349+0000: 266532.361: Application time: 0.0000546 seconds
2019-06-24T10:16:33.349+0000: 266532.361: Application time: 0.0000538 seconds
2019-06-24T10:16:33.349+0000: 266532.361: Application time: 0.0000559 seconds
2019-06-24T10:16:33.349+0000: 266532.362: Application time: 0.0001133 seconds
2019-06-24T10:16:33.350+0000: 266532.362: Application time: 0.0003036 seconds
2019-06-24T10:16:33.350+0000: 266532.363: Application time: 0.0001568 seconds
2019-06-24T10:16:43.261+0000: 266542.273: Application time: 9.9101589 seconds
2019-06-24T10:16:43.261+0000: 266542.273: Application time: 0.0001372 seconds
2019-06-24T10:16:43.261+0000: 266542.273: Application time: 0.0001601 seconds
2019-06-24T10:16:43.261+0000: 266542.274: Application time: 0.0001708 seconds
2019-06-24T10:16:43.263+0000: 266542.276: Application time: 0.0016918 seconds
2019-06-24T10:17:03.366+0000: 266562.379: Application time: 20.1028856 seconds
2019-06-24T10:17:03.367+0000: 266562.379: Application time: 0.0000655 seconds
2019-06-24T10:17:03.367+0000: 266562.379: Application time: 0.0000683 seconds
2019-06-24T10:17:03.367+0000: 266562.379: Application time: 0.0000633 seconds
2019-06-24T10:17:03.367+0000: 266562.380: Application time: 0.0001651 seconds
2019-06-24T10:17:03.368+0000: 266562.380: Application time: 0.0001496 seconds
2019-06-24T10:17:05.469+0000: 266564.481: Application time: 2.1011665 seconds
2019-06-24T10:17:05.469+0000: 266564.482: Application time: 0.0002443 seconds
2019-06-24T10:17:05.470+0000: 266564.482: Application time: 0.0001869 seconds
2019-06-24T10:17:05.470+0000: 266564.482: Application time: 0.0001869 seconds
2019-06-24T10:17:05.472+0000: 266564.484: Application time: 0.0016838 seconds
2019-06-24T10:17:08.257+0000: 266567.269: Application time: 2.7845986 seconds
2019-06-24T10:17:08.288+0000: 266567.300: Application time: 0.0307546 seconds
2019-06-24T10:17:33.388+0000: 266592.400: Application time: 25.0995053 seconds
{Heap before GC invocations=1992 (full 159):
 par new generation   total 9792K, used 9589K [0x00000000e1000000, 0x00000000e1aa0000, 0x00000000eb4a0000)
  eden space 8704K, 100% used [0x00000000e1000000, 0x00000000e1880000, 0x00000000e1880000)
  from space 1088K,  81% used [0x00000000e1880000, 0x00000000e195d760, 0x00000000e1990000)
  to   space 1088K,   0% used [0x00000000e1990000, 0x00000000e1990000, 0x00000000e1aa0000)
 concurrent mark-sweep generation total 121500K, used 70990K [0x00000000eb4a0000, 0x00000000f2b47000, 0x0000000100000000)
 Metaspace       used 88878K, capacity 93314K, committed 93568K, reserved 1130496K
  class space    used 10719K, capacity 11529K, committed 11648K, reserved 1048576K
2019-06-24T10:17:33.388+0000: 266592.400: [GC (Allocation Failure) 2019-06-24T10:17:33.388+0000: 266592.400: [ParNew: 9589K->1007K(9792K), 0.0034244 secs] 80580K->72177K(131292K), 0.0034780 secs] [Times: user=0.00 sys=0.00, real=0.01 secs] 
Heap after GC invocations=1993 (full 159):
 par new generation   total 9792K, used 1007K [0x00000000e1000000, 0x00000000e1aa0000, 0x00000000eb4a0000)
  eden space 8704K,   0% used [0x00000000e1000000, 0x00000000e1000000, 0x00000000e1880000)
  from space 1088K,  92% used [0x00000000e1990000, 0x00000000e1a8be20, 0x00000000e1aa0000)
  to   space 1088K,   0% used [0x00000000e1880000, 0x00000000e1880000, 0x00000000e1990000)
 concurrent mark-sweep generation total 121500K, used 71170K [0x00000000eb4a0000, 0x00000000f2b47000, 0x0000000100000000)
 Metaspace       used 88878K, capacity 93314K, committed 93568K, reserved 1130496K
  class space    used 10719K, capacity 11529K, committed 11648K, reserved 1048576K
}
2019-06-24T10:18:33.423+0000: 266652.435: Application time: 60.0311418 seconds
2019-06-24T10:18:33.423+0000: 266652.435: Application time: 0.0000721 seconds
2019-06-24T10:18:33.423+0000: 266652.435: Application time: 0.0000689 seconds
2019-06-24T10:18:33.423+0000: 266652.436: Application time: 0.0000655 seconds
2019-06-24T10:18:33.424+0000: 266652.436: Application time: 0.0001711 seconds
2019-06-24T10:18:33.424+0000: 266652.436: Application time: 0.0001574 seconds
2019-06-24T10:18:37.338+0000: 266656.351: Application time: 3.9142017 seconds
2019-06-24T10:18:37.364+0000: 266656.376: Application time: 0.0255988 seconds
2019-06-24T10:18:43.277+0000: 266662.289: Application time: 5.9124865 seconds
2019-06-24T10:18:43.277+0000: 266662.289: Application time: 0.0000738 seconds
2019-06-24T10:18:43.277+0000: 266662.290: Application time: 0.0000570 seconds
2019-06-24T10:18:43.277+0000: 266662.290: Application time: 0.0000596 seconds
2019-06-24T10:18:43.279+0000: 266662.291: Application time: 0.0015259 seconds
2019-06-24T10:19:50.035+0000: 266729.047: Application time: 66.7558099 seconds
2019-06-24T10:19:50.061+0000: 266729.074: Application time: 0.0260812 seconds
2019-06-24T10:19:53.469+0000: 266732.481: Application time: 3.4073306 seconds
2019-06-24T10:19:53.469+0000: 266732.481: Application time: 0.0000857 seconds
2019-06-24T10:19:53.469+0000: 266732.482: Application time: 0.0000773 seconds
2019-06-24T10:19:53.470+0000: 266732.482: Application time: 0.0000560 seconds
2019-06-24T10:19:53.470+0000: 266732.482: Application time: 0.0001560 seconds
2019-06-24T10:19:53.470+0000: 266732.482: Application time: 0.0000984 seconds
2019-06-24T10:20:03.475+0000: 266742.487: Application time: 10.0049794 seconds
2019-06-24T10:20:03.475+0000: 266742.488: Application time: 0.0000697 seconds
2019-06-24T10:20:03.476+0000: 266742.488: Application time: 0.0001191 seconds
2019-06-24T10:20:03.476+0000: 266742.488: Application time: 0.0000608 seconds
2019-06-24T10:20:03.477+0000: 266742.490: Application time: 0.0012753 seconds
2019-06-24T10:20:27.849+0000: 266766.861: Application time: 24.3716282 seconds
{Heap before GC invocations=1993 (full 159):
 par new generation   total 9792K, used 9711K [0x00000000e1000000, 0x00000000e1aa0000, 0x00000000eb4a0000)
  eden space 8704K,  99% used [0x00000000e1000000, 0x00000000e187fea8, 0x00000000e1880000)
  from space 1088K,  92% used [0x00000000e1990000, 0x00000000e1a8be20, 0x00000000e1aa0000)
  to   space 1088K,   0% used [0x00000000e1880000, 0x00000000e1880000, 0x00000000e1990000)
 concurrent mark-sweep generation total 121500K, used 71170K [0x00000000eb4a0000, 0x00000000f2b47000, 0x0000000100000000)
 Metaspace       used 88878K, capacity 93314K, committed 93568K, reserved 1130496K
  class space    used 10719K, capacity 11529K, committed 11648K, reserved 1048576K
2019-06-24T10:20:27.849+0000: 266766.862: [GC (Allocation Failure) 2019-06-24T10:20:27.849+0000: 266766.862: [ParNew: 9711K->982K(9792K), 0.0069571 secs] 80881K->72655K(131292K), 0.0070255 secs] [Times: user=0.01 sys=0.00, real=0.00 secs] 
Heap after GC invocations=1994 (full 159):
 par new generation   total 9792K, used 982K [0x00000000e1000000, 0x00000000e1aa0000, 0x00000000eb4a0000)
  eden space 8704K,   0% used [0x00000000e1000000, 0x00000000e1000000, 0x00000000e1880000)
  from space 1088K,  90% used [0x00000000e1880000, 0x00000000e1975858, 0x00000000e1990000)
  to   space 1088K,   0% used [0x00000000e1990000, 0x00000000e1990000, 0x00000000e1aa0000)
 concurrent mark-sweep generation total 121500K, used 71673K [0x00000000eb4a0000, 0x00000000f2b47000, 0x0000000100000000)
 Metaspace       used 88878K, capacity 93314K, committed 93568K, reserved 1130496K
  class space    used 10719K, capacity 11529K, committed 11648K, reserved 1048576K
}
2019-06-24T10:20:32.845+0000: 266771.857: Application time: 4.9886712 seconds
2019-06-24T10:20:32.878+0000: 266771.891: Application time: 0.0330761 seconds
2019-06-24T10:20:33.493+0000: 266772.505: Application time: 0.6141057 seconds
2019-06-24T10:20:33.493+0000: 266772.505: Application time: 0.0001600 seconds
2019-06-24T10:20:33.493+0000: 266772.506: Application time: 0.0001713 seconds
2019-06-24T10:20:33.494+0000: 266772.506: Application time: 0.0001573 seconds
2019-06-24T10:20:33.494+0000: 266772.507: Application time: 0.0003142 seconds
2019-06-24T10:20:33.495+0000: 266772.507: Application time: 0.0001518 seconds
2019-06-24T10:20:43.291+0000: 266782.304: Application time: 9.7963430 seconds
2019-06-24T10:20:43.292+0000: 266782.304: Application time: 0.0002315 seconds
2019-06-24T10:20:43.292+0000: 266782.305: Application time: 0.0001755 seconds
2019-06-24T10:20:43.293+0000: 266782.305: Application time: 0.0001574 seconds
2019-06-24T10:20:43.293+0000: 266782.305: Application time: 0.0001415 seconds
2019-06-24T10:20:43.293+0000: 266782.305: Application time: 0.0001740 seconds
2019-06-24T10:20:43.293+0000: 266782.306: Application time: 0.0001675 seconds
2019-06-24T10:20:43.295+0000: 266782.307: Application time: 0.0012798 seconds
2019-06-24T10:22:13.304+0000: 266872.316: Application time: 90.0087270 seconds
2019-06-24T10:22:13.304+0000: 266872.317: Application time: 0.0001924 seconds
2019-06-24T10:22:13.305+0000: 266872.317: Application time: 0.0001901 seconds
2019-06-24T10:22:13.549+0000: 266872.562: Application time: 0.2443745 seconds
2019-06-24T10:22:13.550+0000: 266872.562: Application time: 0.0001292 seconds
2019-06-24T10:22:13.550+0000: 266872.562: Application time: 0.0001458 seconds
2019-06-24T10:22:13.550+0000: 266872.563: Application time: 0.0001187 seconds
2019-06-24T10:22:13.551+0000: 266872.563: Application time: 0.0001156 seconds
2019-06-24T10:22:13.551+0000: 266872.563: Application time: 0.0001885 seconds
2019-06-24T10:22:13.551+0000: 266872.564: Application time: 0.0002011 seconds
2019-06-24T10:22:13.552+0000: 266872.564: Application time: 0.0003852 seconds
2019-06-24T10:22:13.553+0000: 266872.565: Application time: 0.0011462 seconds
2019-06-24T10:22:17.676+0000: 266876.688: Application time: 4.1225407 seconds
2019-06-24T10:22:17.708+0000: 266876.720: Application time: 0.0321669 seconds
2019-06-24T10:22:23.558+0000: 266882.570: Application time: 5.8493136 seconds
2019-06-24T10:24:35.054+0000: 267014.066: Application time: 131.4961860 seconds
2019-06-24T10:25:05.057+0000: 267044.069: Application time: 30.0022261 seconds
{Heap before GC invocations=1994 (full 159):
 par new generation   total 9792K, used 9686K [0x00000000e1000000, 0x00000000e1aa0000, 0x00000000eb4a0000)
  eden space 8704K, 100% used [0x00000000e1000000, 0x00000000e1880000, 0x00000000e1880000)
  from space 1088K,  90% used [0x00000000e1880000, 0x00000000e1975858, 0x00000000e1990000)
  to   space 1088K,   0% used [0x00000000e1990000, 0x00000000e1990000, 0x00000000e1aa0000)
 concurrent mark-sweep generation total 121500K, used 71673K [0x00000000eb4a0000, 0x00000000f2b47000, 0x0000000100000000)
 Metaspace       used 88878K, capacity 93314K, committed 93568K, reserved 1130496K
  class space    used 10719K, capacity 11529K, committed 11648K, reserved 1048576K
2019-06-24T10:25:05.057+0000: 267044.069: [GC (Allocation Failure) 2019-06-24T10:25:05.057+0000: 267044.069: [ParNew: 9686K->809K(9792K), 0.0039517 secs] 81359K->72828K(131292K), 0.0040353 secs] [Times: user=0.01 sys=0.00, real=0.01 secs] 
Heap after GC invocations=1995 (full 159):
 par new generation   total 9792K, used 809K [0x00000000e1000000, 0x00000000e1aa0000, 0x00000000eb4a0000)
  eden space 8704K,   0% used [0x00000000e1000000, 0x00000000e1000000, 0x00000000e1880000)
  from space 1088K,  74% used [0x00000000e1990000, 0x00000000e1a5a478, 0x00000000e1aa0000)
  to   space 1088K,   0% used [0x00000000e1880000, 0x00000000e1880000, 0x00000000e1990000)
 concurrent mark-sweep generation total 121500K, used 72019K [0x00000000eb4a0000, 0x00000000f2b47000, 0x0000000100000000)
 Metaspace       used 88878K, capacity 93314K, committed 93568K, reserved 1130496K
  class space    used 10719K, capacity 11529K, committed 11648K, reserved 1048576K
}
2019-06-24T10:26:33.714+0000: 267132.726: Application time: 88.6529815 seconds
2019-06-24T10:29:35.088+0000: 267314.100: Application time: 181.3732420 seconds
2019-06-24T10:32:13.915+0000: 267472.927: Application time: 158.8267830 seconds
{Heap before GC invocations=1995 (full 159):
 par new generation   total 9792K, used 9513K [0x00000000e1000000, 0x00000000e1aa0000, 0x00000000eb4a0000)
  eden space 8704K, 100% used [0x00000000e1000000, 0x00000000e1880000, 0x00000000e1880000)
  from space 1088K,  74% used [0x00000000e1990000, 0x00000000e1a5a478, 0x00000000e1aa0000)
  to   space 1088K,   0% used [0x00000000e1880000, 0x00000000e1880000, 0x00000000e1990000)
 concurrent mark-sweep generation total 121500K, used 72019K [0x00000000eb4a0000, 0x00000000f2b47000, 0x0000000100000000)
 Metaspace       used 88878K, capacity 93314K, committed 93568K, reserved 1130496K
  class space    used 10719K, capacity 11529K, committed 11648K, reserved 1048576K
2019-06-24T10:32:13.915+0000: 267472.927: [GC (Allocation Failure) 2019-06-24T10:32:13.915+0000: 267472.927: [ParNew: 9513K->651K(9792K), 0.0034459 secs] 81532K->72953K(131292K), 0.0035118 secs] [Times: user=0.01 sys=0.00, real=0.01 secs] 
Heap after GC invocations=1996 (full 159):
 par new generation   total 9792K, used 651K [0x00000000e1000000, 0x00000000e1aa0000, 0x00000000eb4a0000)
  eden space 8704K,   0% used [0x00000000e1000000, 0x00000000e1000000, 0x00000000e1880000)
  from space 1088K,  59% used [0x00000000e1880000, 0x00000000e1922cc8, 0x00000000e1990000)
  to   space 1088K,   0% used [0x00000000e1990000, 0x00000000e1990000, 0x00000000e1aa0000)
 concurrent mark-sweep generation total 121500K, used 72302K [0x00000000eb4a0000, 0x00000000f2b47000, 0x0000000100000000)
 Metaspace       used 88878K, capacity 93314K, committed 93568K, reserved 1130496K
  class space    used 10719K, capacity 11529K, committed 11648K, reserved 1048576K
}
2019-06-24T10:39:34.174+0000: 267913.186: Application time: 440.2550620 seconds
{Heap before GC invocations=1996 (full 159):
 par new generation   total 9792K, used 9355K [0x00000000e1000000, 0x00000000e1aa0000, 0x00000000eb4a0000)
  eden space 8704K, 100% used [0x00000000e1000000, 0x00000000e1880000, 0x00000000e1880000)
  from space 1088K,  59% used [0x00000000e1880000, 0x00000000e1922cc8, 0x00000000e1990000)
  to   space 1088K,   0% used [0x00000000e1990000, 0x00000000e1990000, 0x00000000e1aa0000)
 concurrent mark-sweep generation total 121500K, used 72302K [0x00000000eb4a0000, 0x00000000f2b47000, 0x0000000100000000)
 Metaspace       used 88878K, capacity 93314K, committed 93568K, reserved 1130496K
  class space    used 10719K, capacity 11529K, committed 11648K, reserved 1048576K
2019-06-24T10:39:34.174+0000: 267913.186: [GC (Allocation Failure) 2019-06-24T10:39:34.174+0000: 267913.186: [ParNew: 9355K->657K(9792K), 0.0033190 secs] 81657K->72959K(131292K), 0.0033847 secs] [Times: user=0.01 sys=0.00, real=0.00 secs] 
Heap after GC invocations=1997 (full 159):
 par new generation   total 9792K, used 657K [0x00000000e1000000, 0x00000000e1aa0000, 0x00000000eb4a0000)
  eden space 8704K,   0% used [0x00000000e1000000, 0x00000000e1000000, 0x00000000e1880000)
  from space 1088K,  60% used [0x00000000e1990000, 0x00000000e1a34598, 0x00000000e1aa0000)
  to   space 1088K,   0% used [0x00000000e1880000, 0x00000000e1880000, 0x00000000e1990000)
 concurrent mark-sweep generation total 121500K, used 72302K [0x00000000eb4a0000, 0x00000000f2b47000, 0x0000000100000000)
 Metaspace       used 88878K, capacity 93314K, committed 93568K, reserved 1130496K
  class space    used 10719K, capacity 11529K, committed 11648K, reserved 1048576K
}
2019-06-24T10:43:14.298+0000: 268133.311: Application time: 220.1211569 seconds
2019-06-24T10:43:24.305+0000: 268143.317: Application time: 10.0057899 seconds
2019-06-24T10:43:39.528+0000: 268158.541: Application time: 15.2235044 seconds
2019-06-24T10:43:39.556+0000: 268158.568: Application time: 0.0271784 seconds
2019-06-24T10:43:43.461+0000: 268162.473: Application time: 3.9046133 seconds
2019-06-24T10:43:44.317+0000: 268163.330: Application time: 0.8563577 seconds
2019-06-24T10:43:44.318+0000: 268163.330: Application time: 0.0001009 seconds
2019-06-24T10:43:44.318+0000: 268163.331: Application time: 0.0001235 seconds
2019-06-24T10:43:44.319+0000: 268163.331: Application time: 0.0000934 seconds
2019-06-24T10:43:44.319+0000: 268163.331: Application time: 0.0000873 seconds
2019-06-24T10:43:44.319+0000: 268163.331: Application time: 0.0001077 seconds
2019-06-24T10:43:44.319+0000: 268163.332: Application time: 0.0000878 seconds
2019-06-24T10:43:44.319+0000: 268163.332: Application time: 0.0000969 seconds
2019-06-24T10:43:44.320+0000: 268163.332: Application time: 0.0001967 seconds
2019-06-24T10:43:44.320+0000: 268163.333: Application time: 0.0002261 seconds
2019-06-24T10:43:44.322+0000: 268163.335: Application time: 0.0017251 seconds
2019-06-24T10:44:01.361+0000: 268180.373: Application time: 17.0383376 seconds
{Heap before GC invocations=1997 (full 159):
 par new generation   total 9792K, used 9197K [0x00000000e1000000, 0x00000000e1aa0000, 0x00000000eb4a0000)
  eden space 8704K,  98% used [0x00000000e1000000, 0x00000000e1856f78, 0x00000000e1880000)
  from space 1088K,  60% used [0x00000000e1990000, 0x00000000e1a34598, 0x00000000e1aa0000)
  to   space 1088K,   0% used [0x00000000e1880000, 0x00000000e1880000, 0x00000000e1990000)
 concurrent mark-sweep generation total 121500K, used 72302K [0x00000000eb4a0000, 0x00000000f2b47000, 0x0000000100000000)
 Metaspace       used 88878K, capacity 93314K, committed 93568K, reserved 1130496K
  class space    used 10719K, capacity 11529K, committed 11648K, reserved 1048576K
2019-06-24T10:44:01.361+0000: 268180.373: [GC (Allocation Failure) 2019-06-24T10:44:01.361+0000: 268180.373: [ParNew: 9197K->785K(9792K), 0.0033278 secs] 81499K->73285K(131292K), 0.0033818 secs] [Times: user=0.00 sys=0.01, real=0.00 secs] 
Heap after GC invocations=1998 (full 159):
 par new generation   total 9792K, used 785K [0x00000000e1000000, 0x00000000e1aa0000, 0x00000000eb4a0000)
  eden space 8704K,   0% used [0x00000000e1000000, 0x00000000e1000000, 0x00000000e1880000)
  from space 1088K,  72% used [0x00000000e1880000, 0x00000000e1944720, 0x00000000e1990000)
  to   space 1088K,   0% used [0x00000000e1990000, 0x00000000e1990000, 0x00000000e1aa0000)
 concurrent mark-sweep generation total 121500K, used 72500K [0x00000000eb4a0000, 0x00000000f2b47000, 0x0000000100000000)
 Metaspace       used 88878K, capacity 93314K, committed 93568K, reserved 1130496K
  class space    used 10719K, capacity 11529K, committed 11648K, reserved 1048576K
}
2019-06-24T10:44:05.543+0000: 268184.556: Application time: 4.1789184 seconds
2019-06-24T10:44:05.544+0000: 268184.556: Application time: 0.0000878 seconds
2019-06-24T10:44:05.544+0000: 268184.556: Application time: 0.0000644 seconds
2019-06-24T10:44:05.544+0000: 268184.556: Application time: 0.0000619 seconds
2019-06-24T10:44:05.544+0000: 268184.557: Application time: 0.0000669 seconds
2019-06-24T10:44:05.545+0000: 268184.557: Application time: 0.0000554 seconds
2019-06-24T10:44:05.545+0000: 268184.557: Application time: 0.0000554 seconds
2019-06-24T10:44:05.545+0000: 268184.557: Application time: 0.0001048 seconds
2019-06-24T10:44:05.545+0000: 268184.558: Application time: 0.0001588 seconds
2019-06-24T10:44:05.545+0000: 268184.558: Application time: 0.0001095 seconds
2019-06-24T10:44:05.547+0000: 268184.559: Application time: 0.0014605 seconds
2019-06-24T10:44:06.359+0000: 268185.371: Application time: 0.8111527 seconds
2019-06-24T10:44:06.387+0000: 268185.399: Application time: 0.0282995 seconds
2019-06-24T10:44:13.466+0000: 268192.478: Application time: 7.0784517 seconds
2019-06-24T10:45:14.373+0000: 268253.385: Application time: 60.9071753 seconds
2019-06-24T10:45:14.373+0000: 268253.386: Application time: 0.0000743 seconds
2019-06-24T10:45:14.374+0000: 268253.386: Application time: 0.0000655 seconds
2019-06-24T10:45:14.374+0000: 268253.386: Application time: 0.0000785 seconds
2019-06-24T10:45:14.374+0000: 268253.386: Application time: 0.0000828 seconds
2019-06-24T10:45:14.374+0000: 268253.386: Application time: 0.0000642 seconds
2019-06-24T10:45:14.374+0000: 268253.387: Application time: 0.0000633 seconds
2019-06-24T10:45:14.374+0000: 268253.387: Application time: 0.0000681 seconds
2019-06-24T10:45:14.375+0000: 268253.387: Application time: 0.0001723 seconds
2019-06-24T10:45:14.375+0000: 268253.387: Application time: 0.0001305 seconds
2019-06-24T10:45:14.376+0000: 268253.389: Application time: 0.0012575 seconds
2019-06-24T10:45:15.385+0000: 268254.398: Application time: 1.0088067 seconds
2019-06-24T10:45:15.412+0000: 268254.424: Application time: 0.0265267 seconds
2019-06-24T10:45:48.648+0000: 268287.660: Application time: 33.2355063 seconds
2019-06-24T10:45:48.672+0000: 268287.685: Application time: 0.0244796 seconds
2019-06-24T10:45:53.771+0000: 268292.783: Application time: 5.0979945 seconds
{Heap before GC invocations=1998 (full 159):
 par new generation   total 9792K, used 9401K [0x00000000e1000000, 0x00000000e1aa0000, 0x00000000eb4a0000)
  eden space 8704K,  98% used [0x00000000e1000000, 0x00000000e1869d58, 0x00000000e1880000)
  from space 1088K,  72% used [0x00000000e1880000, 0x00000000e1944720, 0x00000000e1990000)
  to   space 1088K,   0% used [0x00000000e1990000, 0x00000000e1990000, 0x00000000e1aa0000)
 concurrent mark-sweep generation total 121500K, used 72500K [0x00000000eb4a0000, 0x00000000f2b47000, 0x0000000100000000)
 Metaspace       used 88878K, capacity 93314K, committed 93568K, reserved 1130496K
  class space    used 10719K, capacity 11529K, committed 11648K, reserved 1048576K
2019-06-24T10:45:53.771+0000: 268292.783: [GC (Allocation Failure) 2019-06-24T10:45:53.771+0000: 268292.783: [ParNew: 9401K->821K(9792K), 0.0057543 secs] 81901K->73548K(131292K), 0.0058055 secs] [Times: user=0.01 sys=0.00, real=0.00 secs] 
Heap after GC invocations=1999 (full 159):
 par new generation   total 9792K, used 821K [0x00000000e1000000, 0x00000000e1aa0000, 0x00000000eb4a0000)
  eden space 8704K,   0% used [0x00000000e1000000, 0x00000000e1000000, 0x00000000e1880000)
  from space 1088K,  75% used [0x00000000e1990000, 0x00000000e1a5d418, 0x00000000e1aa0000)
  to   space 1088K,   0% used [0x00000000e1880000, 0x00000000e1880000, 0x00000000e1990000)
 concurrent mark-sweep generation total 121500K, used 72727K [0x00000000eb4a0000, 0x00000000f2b47000, 0x0000000100000000)
 Metaspace       used 88878K, capacity 93314K, committed 93568K, reserved 1130496K
  class space    used 10719K, capacity 11529K, committed 11648K, reserved 1048576K
}
2019-06-24T10:45:54.398+0000: 268293.410: Application time: 0.6211147 seconds
2019-06-24T10:45:54.398+0000: 268293.411: Application time: 0.0000698 seconds
2019-06-24T10:45:54.399+0000: 268293.411: Application time: 0.0000564 seconds
2019-06-24T10:45:54.399+0000: 268293.411: Application time: 0.0000582 seconds
2019-06-24T10:45:58.769+0000: 268297.781: Application time: 4.3703208 seconds
2019-06-24T10:45:58.801+0000: 268297.813: Application time: 0.0317476 seconds
2019-06-24T10:46:04.405+0000: 268303.417: Application time: 5.6032763 seconds
2019-06-24T10:46:04.405+0000: 268303.417: Application time: 0.0000711 seconds
2019-06-24T10:46:04.405+0000: 268303.417: Application time: 0.0000823 seconds
2019-06-24T10:46:04.405+0000: 268303.418: Application time: 0.0000589 seconds
2019-06-24T10:46:04.406+0000: 268303.418: Application time: 0.0001536 seconds
2019-06-24T10:46:04.406+0000: 268303.418: Application time: 0.0001354 seconds
2019-06-24T10:46:04.407+0000: 268303.420: Application time: 0.0013218 seconds
2019-06-24T10:46:54.434+0000: 268353.447: Application time: 50.0268888 seconds
2019-06-24T10:46:54.435+0000: 268353.447: Application time: 0.0000422 seconds
2019-06-24T10:46:54.435+0000: 268353.447: Application time: 0.0000229 seconds
2019-06-24T10:46:54.435+0000: 268353.447: Application time: 0.0000266 seconds
2019-06-24T10:46:56.992+0000: 268356.005: Application time: 2.5572628 seconds
2019-06-24T10:46:57.017+0000: 268356.029: Application time: 0.0243198 seconds
2019-06-24T10:47:04.441+0000: 268363.453: Application time: 7.4239154 seconds
2019-06-24T10:47:04.441+0000: 268363.454: Application time: 0.0000644 seconds
2019-06-24T10:47:04.442+0000: 268363.454: Application time: 0.0000578 seconds
2019-06-24T10:47:04.442+0000: 268363.454: Application time: 0.0000538 seconds
2019-06-24T10:47:04.442+0000: 268363.454: Application time: 0.0001342 seconds
2019-06-24T10:47:04.442+0000: 268363.455: Application time: 0.0001241 seconds
2019-06-24T10:47:04.444+0000: 268363.456: Application time: 0.0011362 seconds
2019-06-24T10:48:21.910+0000: 268440.922: Application time: 77.4662810 seconds
2019-06-24T10:48:21.934+0000: 268440.947: Application time: 0.0242729 seconds
2019-06-24T10:48:24.487+0000: 268443.499: Application time: 2.5525698 seconds
2019-06-24T10:48:24.487+0000: 268443.500: Application time: 0.0000783 seconds
2019-06-24T10:48:24.488+0000: 268443.500: Application time: 0.0000644 seconds
2019-06-24T10:48:24.488+0000: 268443.500: Application time: 0.0000672 seconds
2019-06-24T10:48:34.493+0000: 268453.506: Application time: 10.0054921 seconds
2019-06-24T10:48:34.494+0000: 268453.506: Application time: 0.0000639 seconds
2019-06-24T10:48:34.494+0000: 268453.506: Application time: 0.0000586 seconds
2019-06-24T10:48:34.494+0000: 268453.506: Application time: 0.0000534 seconds
2019-06-24T10:48:34.494+0000: 268453.507: Application time: 0.0001393 seconds
2019-06-24T10:48:34.495+0000: 268453.507: Application time: 0.0001033 seconds
2019-06-24T10:48:34.496+0000: 268453.508: Application time: 0.0010951 seconds
2019-06-24T10:48:44.500+0000: 268463.513: Application time: 10.0045269 seconds
{Heap before GC invocations=1999 (full 159):
 par new generation   total 9792K, used 9525K [0x00000000e1000000, 0x00000000e1aa0000, 0x00000000eb4a0000)
  eden space 8704K, 100% used [0x00000000e1000000, 0x00000000e1880000, 0x00000000e1880000)
  from space 1088K,  75% used [0x00000000e1990000, 0x00000000e1a5d418, 0x00000000e1aa0000)
  to   space 1088K,   0% used [0x00000000e1880000, 0x00000000e1880000, 0x00000000e1990000)
 concurrent mark-sweep generation total 121500K, used 72727K [0x00000000eb4a0000, 0x00000000f2b47000, 0x0000000100000000)
 Metaspace       used 88878K, capacity 93314K, committed 93568K, reserved 1130496K
  class space    used 10719K, capacity 11529K, committed 11648K, reserved 1048576K
2019-06-24T10:48:44.501+0000: 268463.513: [GC (Allocation Failure) 2019-06-24T10:48:44.501+0000: 268463.513: [ParNew: 9525K->856K(9792K), 0.0031491 secs] 82252K->73797K(131292K), 0.0031970 secs] [Times: user=0.01 sys=0.00, real=0.00 secs] 
Heap after GC invocations=2000 (full 159):
 par new generation   total 9792K, used 856K [0x00000000e1000000, 0x00000000e1aa0000, 0x00000000eb4a0000)
  eden space 8704K,   0% used [0x00000000e1000000, 0x00000000e1000000, 0x00000000e1880000)
  from space 1088K,  78% used [0x00000000e1880000, 0x00000000e19563b0, 0x00000000e1990000)
  to   space 1088K,   0% used [0x00000000e1990000, 0x00000000e1990000, 0x00000000e1aa0000)
 concurrent mark-sweep generation total 121500K, used 72940K [0x00000000eb4a0000, 0x00000000f2b47000, 0x0000000100000000)
 Metaspace       used 88878K, capacity 93314K, committed 93568K, reserved 1130496K
  class space    used 10719K, capacity 11529K, committed 11648K, reserved 1048576K
}
2019-06-24T10:48:44.505+0000: 268463.517: Application time: 0.0004857 seconds
2019-06-24T10:48:44.505+0000: 268463.517: [GC (CMS Initial Mark) [1 CMS-initial-mark: 72940K(121500K)] 73841K(131292K), 0.0031544 secs] [Times: user=0.01 sys=0.00, real=0.00 secs] 
2019-06-24T10:48:44.508+0000: 268463.520: [CMS-concurrent-mark-start]
2019-06-24T10:48:44.635+0000: 268463.647: [CMS-concurrent-mark: 0.127/0.127 secs] [Times: user=0.12 sys=0.00, real=0.13 secs] 
2019-06-24T10:48:44.635+0000: 268463.647: [CMS-concurrent-preclean-start]
2019-06-24T10:48:44.637+0000: 268463.649: [CMS-concurrent-preclean: 0.002/0.002 secs] [Times: user=0.01 sys=0.00, real=0.00 secs] 
2019-06-24T10:48:44.637+0000: 268463.649: Application time: 0.1291217 seconds
2019-06-24T10:48:44.637+0000: 268463.650: [GC (CMS Final Remark) [YG occupancy: 999 K (9792 K)]2019-06-24T10:48:44.637+0000: 268463.650: [Rescan (parallel) , 0.0021613 secs]2019-06-24T10:48:44.639+0000: 268463.652: [weak refs processing, 0.0022821 secs]2019-06-24T10:48:44.642+0000: 268463.654: [class unloading, 0.0328311 secs]2019-06-24T10:48:44.675+0000: 268463.687: [scrub symbol table, 0.0216315 secs]2019-06-24T10:48:44.696+0000: 268463.709: [scrub string table, 0.0012385 secs][1 CMS-remark: 72940K(121500K)] 73940K(131292K), 0.0602949 secs] [Times: user=0.06 sys=0.00, real=0.06 secs] 
2019-06-24T10:48:44.698+0000: 268463.710: Application time: 0.0003664 seconds
2019-06-24T10:48:44.699+0000: 268463.712: [CMS-concurrent-sweep-start]
2019-06-24T10:48:44.732+0000: 268463.744: [CMS-concurrent-sweep: 0.032/0.032 secs] [Times: user=0.03 sys=0.00, real=0.03 secs] 
2019-06-24T10:48:44.732+0000: 268463.744: [CMS-concurrent-reset-start]
2019-06-24T10:48:44.732+0000: 268463.745: [CMS-concurrent-reset: 0.000/0.000 secs] [Times: user=0.00 sys=0.00, real=0.00 secs] 
2019-06-24T10:48:45.699+0000: 268464.712: Application time: 1.0002530 seconds
2019-06-24T10:48:54.701+0000: 268473.714: Application time: 9.0017311 seconds
2019-06-24T10:49:05.703+0000: 268484.715: Application time: 11.0013940 seconds
2019-06-24T10:49:25.706+0000: 268504.718: Application time: 20.0029678 seconds
2019-06-24T10:49:27.706+0000: 268506.719: Application time: 2.0002499 seconds
2019-06-24T10:49:30.404+0000: 268509.416: Application time: 2.6969105 seconds
2019-06-24T10:49:30.432+0000: 268509.444: Application time: 0.0278460 seconds
2019-06-24T10:49:34.536+0000: 268513.548: Application time: 4.1038019 seconds
2019-06-24T10:49:34.536+0000: 268513.548: Application time: 0.0001613 seconds
2019-06-24T10:49:34.536+0000: 268513.549: Application time: 0.0000612 seconds
2019-06-24T10:49:34.536+0000: 268513.549: Application time: 0.0000790 seconds
2019-06-24T10:49:35.537+0000: 268514.549: Application time: 1.0003107 seconds
2019-06-24T10:49:43.501+0000: 268522.514: Application time: 7.9642611 seconds
2019-06-24T10:49:43.502+0000: 268522.514: Application time: 0.0000866 seconds
2019-06-24T10:49:43.502+0000: 268522.514: Application time: 0.0000701 seconds
2019-06-24T10:49:43.502+0000: 268522.514: Application time: 0.0000647 seconds
2019-06-24T10:49:43.502+0000: 268522.515: Application time: 0.0001982 seconds
2019-06-24T10:49:43.502+0000: 268522.515: Application time: 0.0001141 seconds
2019-06-24T10:49:43.504+0000: 268522.516: Application time: 0.0011879 seconds
2019-06-24T10:50:14.508+0000: 268553.520: Application time: 31.0042090 seconds
2019-06-24T10:50:14.558+0000: 268553.571: Application time: 0.0501945 seconds
2019-06-24T10:50:14.559+0000: 268553.571: Application time: 0.0000755 seconds
2019-06-24T10:50:14.559+0000: 268553.571: Application time: 0.0000761 seconds
2019-06-24T10:50:14.559+0000: 268553.572: Application time: 0.0000640 seconds
2019-06-24T10:50:14.560+0000: 268553.572: Application time: 0.0000682 seconds
2019-06-24T10:50:14.560+0000: 268553.572: Application time: 0.0001447 seconds
2019-06-24T10:50:14.560+0000: 268553.572: Application time: 0.0001362 seconds
2019-06-24T10:50:18.897+0000: 268557.909: Application time: 4.3369823 seconds
2019-06-24T10:50:18.922+0000: 268557.934: Application time: 0.0246074 seconds
2019-06-24T10:50:24.566+0000: 268563.578: Application time: 5.6434459 seconds
2019-06-24T10:50:24.566+0000: 268563.578: Application time: 0.0000636 seconds
2019-06-24T10:50:24.566+0000: 268563.578: Application time: 0.0000588 seconds
2019-06-24T10:50:24.568+0000: 268563.580: Application time: 0.0014378 seconds
2019-06-24T10:50:27.568+0000: 268566.581: Application time: 3.0003558 seconds
2019-06-24T10:52:05.571+0000: 268664.584: Application time: 98.0028571 seconds
{Heap before GC invocations=2000 (full 160):
 par new generation   total 9792K, used 9560K [0x00000000e1000000, 0x00000000e1aa0000, 0x00000000eb4a0000)
  eden space 8704K, 100% used [0x00000000e1000000, 0x00000000e1880000, 0x00000000e1880000)
  from space 1088K,  78% used [0x00000000e1880000, 0x00000000e19563b0, 0x00000000e1990000)
  to   space 1088K,   0% used [0x00000000e1990000, 0x00000000e1990000, 0x00000000e1aa0000)
 concurrent mark-sweep generation total 121500K, used 69271K [0x00000000eb4a0000, 0x00000000f2b47000, 0x0000000100000000)
 Metaspace       used 88810K, capacity 93200K, committed 93568K, reserved 1130496K
  class space    used 10709K, capacity 11510K, committed 11648K, reserved 1048576K
2019-06-24T10:52:05.572+0000: 268664.584: [GC (Allocation Failure) 2019-06-24T10:52:05.572+0000: 268664.584: [ParNew: 9560K->1088K(9792K), 0.0183819 secs] 78832K->70690K(131292K), 0.0185033 secs] [Times: user=0.03 sys=0.00, real=0.02 secs] 
Heap after GC invocations=2001 (full 160):
 par new generation   total 9792K, used 1088K [0x00000000e1000000, 0x00000000e1aa0000, 0x00000000eb4a0000)
  eden space 8704K,   0% used [0x00000000e1000000, 0x00000000e1000000, 0x00000000e1880000)
  from space 1088K, 100% used [0x00000000e1990000, 0x00000000e1aa0000, 0x00000000e1aa0000)
  to   space 1088K,   0% used [0x00000000e1880000, 0x00000000e1880000, 0x00000000e1990000)
 concurrent mark-sweep generation total 121500K, used 69602K [0x00000000eb4a0000, 0x00000000f2b47000, 0x0000000100000000)
 Metaspace       used 88810K, capacity 93200K, committed 93568K, reserved 1130496K
  class space    used 10709K, capacity 11510K, committed 11648K, reserved 1048576K
}
2019-06-24T10:52:13.519+0000: 268672.532: Application time: 7.9288812 seconds
2019-06-24T10:52:13.520+0000: 268672.532: Application time: 0.0000677 seconds
2019-06-24T10:52:13.520+0000: 268672.532: Application time: 0.0000751 seconds
2019-06-24T10:52:13.520+0000: 268672.532: Application time: 0.0000641 seconds
2019-06-24T10:52:13.520+0000: 268672.532: Application time: 0.0000595 seconds
2019-06-24T10:52:13.520+0000: 268672.533: Application time: 0.0000567 seconds
2019-06-24T10:52:13.521+0000: 268672.533: Application time: 0.0000549 seconds
2019-06-24T10:52:13.521+0000: 268672.533: Application time: 0.0001747 seconds
2019-06-24T10:52:13.521+0000: 268672.533: Application time: 0.0001069 seconds
2019-06-24T10:52:14.633+0000: 268673.646: Application time: 1.1122527 seconds
2019-06-24T10:52:14.635+0000: 268673.647: Application time: 0.0014117 seconds
2019-06-24T10:52:17.331+0000: 268676.343: Application time: 2.6958198 seconds
2019-06-24T10:52:17.356+0000: 268676.369: Application time: 0.0250052 seconds
2019-06-24T10:57:43.568+0000: 269002.581: Application time: 326.2117763 seconds
{Heap before GC invocations=2001 (full 160):
 par new generation   total 9792K, used 9792K [0x00000000e1000000, 0x00000000e1aa0000, 0x00000000eb4a0000)
  eden space 8704K, 100% used [0x00000000e1000000, 0x00000000e1880000, 0x00000000e1880000)
  from space 1088K, 100% used [0x00000000e1990000, 0x00000000e1aa0000, 0x00000000e1aa0000)
  to   space 1088K,   0% used [0x00000000e1880000, 0x00000000e1880000, 0x00000000e1990000)
 concurrent mark-sweep generation total 121500K, used 69602K [0x00000000eb4a0000, 0x00000000f2b47000, 0x0000000100000000)
 Metaspace       used 88814K, capacity 93206K, committed 93568K, reserved 1130496K
  class space    used 10710K, capacity 11511K, committed 11648K, reserved 1048576K
2019-06-24T10:57:43.569+0000: 269002.581: [GC (Allocation Failure) 2019-06-24T10:57:43.569+0000: 269002.581: [ParNew: 9792K->742K(9792K), 0.0043825 secs] 79394K->70668K(131292K), 0.0044643 secs] [Times: user=0.01 sys=0.00, real=0.00 secs] 
Heap after GC invocations=2002 (full 160):
 par new generation   total 9792K, used 742K [0x00000000e1000000, 0x00000000e1aa0000, 0x00000000eb4a0000)
  eden space 8704K,   0% used [0x00000000e1000000, 0x00000000e1000000, 0x00000000e1880000)
  from space 1088K,  68% used [0x00000000e1880000, 0x00000000e19399a0, 0x00000000e1990000)
  to   space 1088K,   0% used [0x00000000e1990000, 0x00000000e1990000, 0x00000000e1aa0000)
 concurrent mark-sweep generation total 121500K, used 69926K [0x00000000eb4a0000, 0x00000000f2b47000, 0x0000000100000000)
 Metaspace       used 88814K, capacity 93206K, committed 93568K, reserved 1130496K
  class space    used 10710K, capacity 11511K, committed 11648K, reserved 1048576K
}
2019-06-24T10:58:05.300+0000: 269024.312: Application time: 21.7271207 seconds
2019-06-24T10:59:36.313+0000: 269115.326: Application time: 91.0128810 seconds
2019-06-24T10:59:54.941+0000: 269133.953: Application time: 18.6271763 seconds
2019-06-24T11:04:05.285+0000: 269384.297: Application time: 250.3438342 seconds
2019-06-24T11:04:05.285+0000: 269384.297: Application time: 0.0000620 seconds
2019-06-24T11:04:05.285+0000: 269384.297: Application time: 0.0000571 seconds
2019-06-24T11:04:05.285+0000: 269384.298: Application time: 0.0000556 seconds
2019-06-24T11:04:05.285+0000: 269384.298: Application time: 0.0000559 seconds
2019-06-24T11:04:05.286+0000: 269384.298: Application time: 0.0000555 seconds
2019-06-24T11:04:05.286+0000: 269384.298: Application time: 0.0000553 seconds
2019-06-24T11:04:05.286+0000: 269384.298: Application time: 0.0000551 seconds
2019-06-24T11:04:05.286+0000: 269384.298: Application time: 0.0000550 seconds
2019-06-24T11:04:55.147+0000: 269434.159: Application time: 49.8607832 seconds
{Heap before GC invocations=2002 (full 160):
 par new generation   total 9792K, used 9446K [0x00000000e1000000, 0x00000000e1aa0000, 0x00000000eb4a0000)
  eden space 8704K, 100% used [0x00000000e1000000, 0x00000000e1880000, 0x00000000e1880000)
  from space 1088K,  68% used [0x00000000e1880000, 0x00000000e19399a0, 0x00000000e1990000)
  to   space 1088K,   0% used [0x00000000e1990000, 0x00000000e1990000, 0x00000000e1aa0000)
 concurrent mark-sweep generation total 121500K, used 69926K [0x00000000eb4a0000, 0x00000000f2b47000, 0x0000000100000000)
 Metaspace       used 88816K, capacity 93212K, committed 93568K, reserved 1130496K
  class space    used 10710K, capacity 11512K, committed 11648K, reserved 1048576K
2019-06-24T11:04:55.147+0000: 269434.160: [GC (Allocation Failure) 2019-06-24T11:04:55.147+0000: 269434.160: [ParNew: 9446K->453K(9792K), 0.0035534 secs] 79372K->70716K(131292K), 0.0036094 secs] [Times: user=0.01 sys=0.00, real=0.01 secs] 
Heap after GC invocations=2003 (full 160):
 par new generation   total 9792K, used 453K [0x00000000e1000000, 0x00000000e1aa0000, 0x00000000eb4a0000)
  eden space 8704K,   0% used [0x00000000e1000000, 0x00000000e1000000, 0x00000000e1880000)
  from space 1088K,  41% used [0x00000000e1990000, 0x00000000e1a01628, 0x00000000e1aa0000)
  to   space 1088K,   0% used [0x00000000e1880000, 0x00000000e1880000, 0x00000000e1990000)
 concurrent mark-sweep generation total 121500K, used 70262K [0x00000000eb4a0000, 0x00000000f2b47000, 0x0000000100000000)
 Metaspace       used 88816K, capacity 93212K, committed 93568K, reserved 1130496K
  class space    used 10710K, capacity 11512K, committed 11648K, reserved 1048576K
}
2019-06-24T11:12:05.661+0000: 269864.673: Application time: 430.5094905 seconds
{Heap before GC invocations=2003 (full 160):
 par new generation   total 9792K, used 9157K [0x00000000e1000000, 0x00000000e1aa0000, 0x00000000eb4a0000)
  eden space 8704K, 100% used [0x00000000e1000000, 0x00000000e1880000, 0x00000000e1880000)
  from space 1088K,  41% used [0x00000000e1990000, 0x00000000e1a01628, 0x00000000e1aa0000)
  to   space 1088K,   0% used [0x00000000e1880000, 0x00000000e1880000, 0x00000000e1990000)
 concurrent mark-sweep generation total 121500K, used 70262K [0x00000000eb4a0000, 0x00000000f2b47000, 0x0000000100000000)
 Metaspace       used 88816K, capacity 93212K, committed 93568K, reserved 1130496K
  class space    used 10710K, capacity 11512K, committed 11648K, reserved 1048576K
2019-06-24T11:12:05.661+0000: 269864.673: [GC (Allocation Failure) 2019-06-24T11:12:05.661+0000: 269864.673: [ParNew: 9157K->558K(9792K), 0.0029530 secs] 79420K->70821K(131292K), 0.0030193 secs] [Times: user=0.01 sys=0.00, real=0.00 secs] 
Heap after GC invocations=2004 (full 160):
 par new generation   total 9792K, used 558K [0x00000000e1000000, 0x00000000e1aa0000, 0x00000000eb4a0000)
  eden space 8704K,   0% used [0x00000000e1000000, 0x00000000e1000000, 0x00000000e1880000)
  from space 1088K,  51% used [0x00000000e1880000, 0x00000000e190b8f8, 0x00000000e1990000)
  to   space 1088K,   0% used [0x00000000e1990000, 0x00000000e1990000, 0x00000000e1aa0000)
 concurrent mark-sweep generation total 121500K, used 70262K [0x00000000eb4a0000, 0x00000000f2b47000, 0x0000000100000000)
 Metaspace       used 88816K, capacity 93212K, committed 93568K, reserved 1130496K
  class space    used 10710K, capacity 11512K, committed 11648K, reserved 1048576K
}
2019-06-24T11:13:05.426+0000: 269924.438: Application time: 59.7615244 seconds
2019-06-24T11:13:05.426+0000: 269924.438: Application time: 0.0000721 seconds
2019-06-24T11:13:05.426+0000: 269924.438: Application time: 0.0000618 seconds
2019-06-24T11:13:05.426+0000: 269924.439: Application time: 0.0000658 seconds
2019-06-24T11:13:05.427+0000: 269924.439: Application time: 0.0000612 seconds
2019-06-24T11:13:05.427+0000: 269924.439: Application time: 0.0000544 seconds
2019-06-24T11:13:05.427+0000: 269924.439: Application time: 0.0000541 seconds
2019-06-24T11:13:05.427+0000: 269924.439: Application time: 0.0000591 seconds
2019-06-24T11:13:05.427+0000: 269924.440: Application time: 0.0001362 seconds
2019-06-24T11:13:05.428+0000: 269924.440: Application time: 0.0001193 seconds
2019-06-24T11:13:05.667+0000: 269924.679: Application time: 0.2390734 seconds
2019-06-24T11:13:06.176+0000: 269925.189: Application time: 0.5093089 seconds
2019-06-24T11:13:06.201+0000: 269925.214: Application time: 0.0247603 seconds
2019-06-24T11:13:22.264+0000: 269941.276: Application time: 16.0619129 seconds
2019-06-24T11:13:22.286+0000: 269941.299: Application time: 0.0225710 seconds
2019-06-24T11:13:25.439+0000: 269944.451: Application time: 3.1520819 seconds
2019-06-24T11:13:25.439+0000: 269944.451: Application time: 0.0000702 seconds
2019-06-24T11:13:25.439+0000: 269944.452: Application time: 0.0000844 seconds
2019-06-24T11:13:25.439+0000: 269944.452: Application time: 0.0000641 seconds
2019-06-24T11:13:25.440+0000: 269944.452: Application time: 0.0000595 seconds
2019-06-24T11:13:25.440+0000: 269944.452: Application time: 0.0000539 seconds
2019-06-24T11:13:25.440+0000: 269944.452: Application time: 0.0000543 seconds
2019-06-24T11:13:25.440+0000: 269944.453: Application time: 0.0001040 seconds
2019-06-24T11:13:25.441+0000: 269944.453: Application time: 0.0002959 seconds
2019-06-24T11:13:25.441+0000: 269944.453: Application time: 0.0001578 seconds
2019-06-24T11:13:35.448+0000: 269954.460: Application time: 10.0065572 seconds
2019-06-24T11:14:43.871+0000: 270022.883: Application time: 68.4232148 seconds
{Heap before GC invocations=2004 (full 160):
 par new generation   total 9792K, used 9029K [0x00000000e1000000, 0x00000000e1aa0000, 0x00000000eb4a0000)
  eden space 8704K,  97% used [0x00000000e1000000, 0x00000000e1845dc8, 0x00000000e1880000)
  from space 1088K,  51% used [0x00000000e1880000, 0x00000000e190b8f8, 0x00000000e1990000)
  to   space 1088K,   0% used [0x00000000e1990000, 0x00000000e1990000, 0x00000000e1aa0000)
 concurrent mark-sweep generation total 121500K, used 70262K [0x00000000eb4a0000, 0x00000000f2b47000, 0x0000000100000000)
 Metaspace       used 88816K, capacity 93212K, committed 93568K, reserved 1130496K
  class space    used 10710K, capacity 11512K, committed 11648K, reserved 1048576K
2019-06-24T11:14:43.871+0000: 270022.884: [GC (Allocation Failure) 2019-06-24T11:14:43.871+0000: 270022.884: [ParNew: 9029K->973K(9792K), 0.0067087 secs] 79292K->71236K(131292K), 0.0068026 secs] [Times: user=0.01 sys=0.00, real=0.01 secs] 
Heap after GC invocations=2005 (full 160):
 par new generation   total 9792K, used 973K [0x00000000e1000000, 0x00000000e1aa0000, 0x00000000eb4a0000)
  eden space 8704K,   0% used [0x00000000e1000000, 0x00000000e1000000, 0x00000000e1880000)
  from space 1088K,  89% used [0x00000000e1990000, 0x00000000e1a834f0, 0x00000000e1aa0000)
  to   space 1088K,   0% used [0x00000000e1880000, 0x00000000e1880000, 0x00000000e1990000)
 concurrent mark-sweep generation total 121500K, used 70262K [0x00000000eb4a0000, 0x00000000f2b47000, 0x0000000100000000)
 Metaspace       used 88816K, capacity 93212K, committed 93568K, reserved 1130496K
  class space    used 10710K, capacity 11512K, committed 11648K, reserved 1048576K
}
2019-06-24T11:14:45.486+0000: 270024.498: Application time: 1.6072524 seconds
2019-06-24T11:14:45.486+0000: 270024.498: Application time: 0.0000702 seconds
2019-06-24T11:14:45.486+0000: 270024.499: Application time: 0.0000356 seconds
2019-06-24T11:14:45.486+0000: 270024.499: Application time: 0.0000650 seconds
2019-06-24T11:14:45.487+0000: 270024.499: Application time: 0.0000698 seconds
2019-06-24T11:14:45.487+0000: 270024.499: Application time: 0.0000660 seconds
2019-06-24T11:14:45.487+0000: 270024.499: Application time: 0.0000639 seconds
2019-06-24T11:14:45.487+0000: 270024.500: Application time: 0.0000837 seconds
2019-06-24T11:14:45.487+0000: 270024.500: Application time: 0.0001381 seconds
2019-06-24T11:14:45.488+0000: 270024.500: Application time: 0.0001127 seconds
2019-06-24T11:14:48.868+0000: 270027.880: Application time: 3.3801321 seconds
2019-06-24T11:14:48.900+0000: 270027.912: Application time: 0.0313916 seconds
2019-06-24T11:14:55.495+0000: 270034.508: Application time: 6.5955303 seconds
2019-06-24T11:15:33.962+0000: 270072.974: Application time: 38.4664026 seconds
2019-06-24T11:15:33.962+0000: 270072.975: Application time: 0.0001120 seconds
2019-06-24T11:15:33.963+0000: 270072.975: Application time: 0.0001290 seconds
2019-06-24T11:15:33.963+0000: 270072.976: Application time: 0.0001880 seconds
2019-06-24T11:15:33.964+0000: 270072.976: Application time: 0.0001193 seconds
2019-06-24T11:15:33.964+0000: 270072.976: Application time: 0.0001016 seconds
2019-06-24T11:15:33.964+0000: 270072.976: Application time: 0.0001088 seconds
2019-06-24T11:15:38.965+0000: 270077.977: Application time: 5.0004370 seconds
2019-06-24T11:15:38.990+0000: 270078.002: Application time: 0.0244527 seconds
2019-06-24T11:15:43.708+0000: 270082.720: Application time: 4.7183623 seconds
2019-06-24T11:15:43.708+0000: 270082.721: Application time: 0.0000858 seconds
2019-06-24T11:15:43.709+0000: 270082.721: Application time: 0.0000688 seconds
2019-06-24T11:15:43.709+0000: 270082.721: Application time: 0.0000717 seconds
2019-06-24T11:15:43.709+0000: 270082.721: Application time: 0.0000671 seconds
2019-06-24T11:15:43.709+0000: 270082.722: Application time: 0.0000778 seconds
2019-06-24T11:15:43.709+0000: 270082.722: Application time: 0.0000655 seconds
2019-06-24T11:15:43.710+0000: 270082.722: Application time: 0.0000691 seconds
2019-06-24T11:15:43.710+0000: 270082.722: Application time: 0.0001804 seconds
2019-06-24T11:15:43.710+0000: 270082.722: Application time: 0.0001441 seconds
2019-06-24T11:15:45.524+0000: 270084.536: Application time: 1.8135773 seconds
2019-06-24T11:15:48.354+0000: 270087.367: Application time: 2.8301097 seconds
2019-06-24T11:15:48.381+0000: 270087.393: Application time: 0.0264928 seconds
2019-06-24T11:16:28.449+0000: 270127.461: Application time: 40.0674133 seconds
{Heap before GC invocations=2005 (full 160):
 par new generation   total 9792K, used 9501K [0x00000000e1000000, 0x00000000e1aa0000, 0x00000000eb4a0000)
  eden space 8704K,  97% used [0x00000000e1000000, 0x00000000e1854098, 0x00000000e1880000)
  from space 1088K,  89% used [0x00000000e1990000, 0x00000000e1a834f0, 0x00000000e1aa0000)
  to   space 1088K,   0% used [0x00000000e1880000, 0x00000000e1880000, 0x00000000e1990000)
 concurrent mark-sweep generation total 121500K, used 70262K [0x00000000eb4a0000, 0x00000000f2b47000, 0x0000000100000000)
 Metaspace       used 88838K, capacity 93248K, committed 93568K, reserved 1130496K
  class space    used 10713K, capacity 11518K, committed 11648K, reserved 1048576K
2019-06-24T11:16:28.449+0000: 270127.461: [GC (Allocation Failure) 2019-06-24T11:16:28.449+0000: 270127.461: [ParNew: 9501K->987K(9792K), 0.0047801 secs] 79764K->71617K(131292K), 0.0048407 secs] [Times: user=0.00 sys=0.01, real=0.00 secs] 
Heap after GC invocations=2006 (full 160):
 par new generation   total 9792K, used 987K [0x00000000e1000000, 0x00000000e1aa0000, 0x00000000eb4a0000)
  eden space 8704K,   0% used [0x00000000e1000000, 0x00000000e1000000, 0x00000000e1880000)
  from space 1088K,  90% used [0x00000000e1880000, 0x00000000e1976fc0, 0x00000000e1990000)
  to   space 1088K,   0% used [0x00000000e1990000, 0x00000000e1990000, 0x00000000e1aa0000)
 concurrent mark-sweep generation total 121500K, used 70629K [0x00000000eb4a0000, 0x00000000f2b47000, 0x0000000100000000)
 Metaspace       used 88838K, capacity 93248K, committed 93568K, reserved 1130496K
  class space    used 10713K, capacity 11518K, committed 11648K, reserved 1048576K
}
2019-06-24T11:16:33.446+0000: 270132.458: Application time: 4.9920940 seconds
2019-06-24T11:16:33.476+0000: 270132.489: Application time: 0.0303999 seconds
2019-06-24T11:16:35.549+0000: 270134.561: Application time: 2.0723959 seconds
2019-06-24T11:16:35.550+0000: 270134.562: Application time: 0.0005862 seconds
2019-06-24T11:16:35.550+0000: 270134.563: Application time: 0.0000929 seconds
2019-06-24T11:16:35.551+0000: 270134.563: Application time: 0.0000691 seconds
2019-06-24T11:16:35.551+0000: 270134.563: Application time: 0.0000679 seconds
2019-06-24T11:16:35.551+0000: 270134.563: Application time: 0.0000675 seconds
2019-06-24T11:16:35.551+0000: 270134.564: Application time: 0.0001973 seconds
2019-06-24T11:16:35.552+0000: 270134.564: Application time: 0.0001312 seconds
2019-06-24T11:16:35.552+0000: 270134.565: Application time: 0.0001937 seconds
2019-06-24T11:16:35.553+0000: 270134.565: Application time: 0.0003365 seconds
2019-06-24T11:16:35.554+0000: 270134.566: Application time: 0.0002191 seconds
2019-06-24T11:16:43.716+0000: 270142.729: Application time: 8.1628117 seconds
2019-06-24T11:16:43.717+0000: 270142.729: Application time: 0.0001523 seconds
2019-06-24T11:16:43.717+0000: 270142.729: Application time: 0.0001225 seconds
2019-06-24T11:16:43.717+0000: 270142.730: Application time: 0.0001162 seconds
2019-06-24T11:16:43.719+0000: 270142.732: Application time: 0.0017377 seconds
2019-06-24T11:17:55.600+0000: 270214.612: Application time: 71.8801580 seconds
2019-06-24T11:17:55.600+0000: 270214.612: Application time: 0.0000670 seconds
2019-06-24T11:17:55.600+0000: 270214.612: Application time: 0.0000633 seconds
2019-06-24T11:17:55.600+0000: 270214.613: Application time: 0.0000590 seconds
2019-06-24T11:17:55.601+0000: 270214.613: Application time: 0.0001427 seconds
2019-06-24T11:17:55.601+0000: 270214.613: Application time: 0.0001072 seconds
2019-06-24T11:17:56.433+0000: 270215.446: Application time: 0.8324395 seconds
2019-06-24T11:17:56.458+0000: 270215.470: Application time: 0.0240843 seconds
2019-06-24T11:18:05.607+0000: 270224.619: Application time: 9.1488663 seconds
2019-06-24T11:18:05.607+0000: 270224.619: Application time: 0.0001363 seconds
2019-06-24T11:18:05.608+0000: 270224.620: Application time: 0.0001146 seconds
2019-06-24T11:18:05.608+0000: 270224.620: Application time: 0.0001231 seconds
2019-06-24T11:18:05.611+0000: 270224.623: Application time: 0.0024856 seconds
2019-06-24T11:19:25.669+0000: 270304.682: Application time: 80.0584775 seconds
{Heap before GC invocations=2006 (full 160):
 par new generation   total 9792K, used 9691K [0x00000000e1000000, 0x00000000e1aa0000, 0x00000000eb4a0000)
  eden space 8704K, 100% used [0x00000000e1000000, 0x00000000e1880000, 0x00000000e1880000)
  from space 1088K,  90% used [0x00000000e1880000, 0x00000000e1976fc0, 0x00000000e1990000)
  to   space 1088K,   0% used [0x00000000e1990000, 0x00000000e1990000, 0x00000000e1aa0000)
 concurrent mark-sweep generation total 121500K, used 70629K [0x00000000eb4a0000, 0x00000000f2b47000, 0x0000000100000000)
 Metaspace       used 88838K, capacity 93248K, committed 93568K, reserved 1130496K
  class space    used 10713K, capacity 11518K, committed 11648K, reserved 1048576K
2019-06-24T11:19:25.670+0000: 270304.682: [GC (Allocation Failure) 2019-06-24T11:19:25.670+0000: 270304.682: [ParNew: 9691K->752K(9792K), 0.0033105 secs] 80321K->71658K(131292K), 0.0033718 secs] [Times: user=0.00 sys=0.01, real=0.00 secs] 
Heap after GC invocations=2007 (full 160):
 par new generation   total 9792K, used 752K [0x00000000e1000000, 0x00000000e1aa0000, 0x00000000eb4a0000)
  eden space 8704K,   0% used [0x00000000e1000000, 0x00000000e1000000, 0x00000000e1880000)
  from space 1088K,  69% used [0x00000000e1990000, 0x00000000e1a4c3e8, 0x00000000e1aa0000)
  to   space 1088K,   0% used [0x00000000e1880000, 0x00000000e1880000, 0x00000000e1990000)
 concurrent mark-sweep generation total 121500K, used 70905K [0x00000000eb4a0000, 0x00000000f2b47000, 0x0000000100000000)
 Metaspace       used 88838K, capacity 93248K, committed 93568K, reserved 1130496K
  class space    used 10713K, capacity 11518K, committed 11648K, reserved 1048576K
}
2019-06-24T11:19:25.674+0000: 270304.686: Application time: 0.0004829 seconds
2019-06-24T11:19:25.674+0000: 270304.686: Application time: 0.0000588 seconds
2019-06-24T11:19:25.674+0000: 270304.686: Application time: 0.0000587 seconds
2019-06-24T11:19:25.674+0000: 270304.687: Application time: 0.0001063 seconds
2019-06-24T11:19:25.675+0000: 270304.687: Application time: 0.0002647 seconds
2019-06-24T11:19:25.675+0000: 270304.687: Application time: 0.0001378 seconds
2019-06-24T11:19:27.676+0000: 270306.688: Application time: 2.0004431 seconds
2019-06-24T11:19:28.286+0000: 270307.298: Application time: 0.6100968 seconds
2019-06-24T11:19:28.332+0000: 270307.344: Application time: 0.0460104 seconds
2019-06-24T11:19:35.681+0000: 270314.693: Application time: 7.3482874 seconds
2019-06-24T11:19:35.681+0000: 270314.693: Application time: 0.0000803 seconds
2019-06-24T11:19:35.681+0000: 270314.694: Application time: 0.0000985 seconds
2019-06-24T11:19:35.681+0000: 270314.694: Application time: 0.0000690 seconds
2019-06-24T11:19:35.682+0000: 270314.694: Application time: 0.0000744 seconds
2019-06-24T11:19:35.683+0000: 270314.696: Application time: 0.0015228 seconds
2019-06-24T11:20:10.991+0000: 270350.003: Application time: 35.3073982 seconds
2019-06-24T11:20:11.015+0000: 270350.027: Application time: 0.0240736 seconds
2019-06-24T11:20:13.747+0000: 270352.759: Application time: 2.7314672 seconds
2019-06-24T11:20:13.747+0000: 270352.760: Application time: 0.0002293 seconds
2019-06-24T11:20:13.748+0000: 270352.760: Application time: 0.0001850 seconds
2019-06-24T11:20:13.748+0000: 270352.761: Application time: 0.0005080 seconds
2019-06-24T11:20:13.749+0000: 270352.761: Application time: 0.0002012 seconds
2019-06-24T11:20:15.712+0000: 270354.724: Application time: 1.9629167 seconds
2019-06-24T11:20:15.713+0000: 270354.725: Application time: 0.0000915 seconds
2019-06-24T11:20:15.713+0000: 270354.725: Application time: 0.0000808 seconds
2019-06-24T11:20:15.713+0000: 270354.725: Application time: 0.0000746 seconds
2019-06-24T11:20:15.713+0000: 270354.725: Application time: 0.0000789 seconds
2019-06-24T11:20:15.715+0000: 270354.727: Application time: 0.0017509 seconds
2019-06-24T11:21:52.730+0000: 270451.743: Application time: 97.0149630 seconds
2019-06-24T11:21:55.780+0000: 270454.792: Application time: 3.0495214 seconds
2019-06-24T11:21:55.780+0000: 270454.793: Application time: 0.0000777 seconds
2019-06-24T11:21:55.781+0000: 270454.793: Application time: 0.0000584 seconds
2019-06-24T11:21:55.781+0000: 270454.793: Application time: 0.0001704 seconds
2019-06-24T11:21:55.781+0000: 270454.793: Application time: 0.0001101 seconds
2019-06-24T11:21:57.383+0000: 270456.396: Application time: 1.6022528 seconds
2019-06-24T11:21:57.431+0000: 270456.444: Application time: 0.0475516 seconds
2019-06-24T11:22:05.694+0000: 270464.707: Application time: 8.2627825 seconds
2019-06-24T11:22:05.695+0000: 270464.707: Application time: 0.0002314 seconds
2019-06-24T11:22:05.695+0000: 270464.707: Application time: 0.0002271 seconds
2019-06-24T11:22:05.695+0000: 270464.708: Application time: 0.0002344 seconds
2019-06-24T11:22:05.696+0000: 270464.708: Application time: 0.0002261 seconds
2019-06-24T11:22:05.696+0000: 270464.709: Application time: 0.0002048 seconds
2019-06-24T11:22:05.699+0000: 270464.711: Application time: 0.0021640 seconds
2019-06-24T11:23:05.439+0000: 270524.452: Application time: 59.7405896 seconds
2019-06-24T11:23:05.827+0000: 270524.839: Application time: 0.3870526 seconds
{Heap before GC invocations=2007 (full 160):
 par new generation   total 9792K, used 9456K [0x00000000e1000000, 0x00000000e1aa0000, 0x00000000eb4a0000)
  eden space 8704K, 100% used [0x00000000e1000000, 0x00000000e1880000, 0x00000000e1880000)
  from space 1088K,  69% used [0x00000000e1990000, 0x00000000e1a4c3e8, 0x00000000e1aa0000)
  to   space 1088K,   0% used [0x00000000e1880000, 0x00000000e1880000, 0x00000000e1990000)
 concurrent mark-sweep generation total 121500K, used 70905K [0x00000000eb4a0000, 0x00000000f2b47000, 0x0000000100000000)
 Metaspace       used 88838K, capacity 93248K, committed 93568K, reserved 1130496K
  class space    used 10713K, capacity 11518K, committed 11648K, reserved 1048576K
2019-06-24T11:23:05.827+0000: 270524.839: [GC (Allocation Failure) 2019-06-24T11:23:05.827+0000: 270524.839: [ParNew: 9456K->876K(9792K), 0.0032342 secs] 80362K->72121K(131292K), 0.0032833 secs] [Times: user=0.01 sys=0.00, real=0.01 secs] 
Heap after GC invocations=2008 (full 160):
 par new generation   total 9792K, used 876K [0x00000000e1000000, 0x00000000e1aa0000, 0x00000000eb4a0000)
  eden space 8704K,   0% used [0x00000000e1000000, 0x00000000e1000000, 0x00000000e1880000)
  from space 1088K,  80% used [0x00000000e1880000, 0x00000000e195b0b0, 0x00000000e1990000)
  to   space 1088K,   0% used [0x00000000e1990000, 0x00000000e1990000, 0x00000000e1aa0000)
 concurrent mark-sweep generation total 121500K, used 71245K [0x00000000eb4a0000, 0x00000000f2b47000, 0x0000000100000000)
 Metaspace       used 88838K, capacity 93248K, committed 93568K, reserved 1130496K
  class space    used 10713K, capacity 11518K, committed 11648K, reserved 1048576K
}
2019-06-24T11:30:16.129+0000: 270955.141: Application time: 430.2988457 seconds
{Heap before GC invocations=2008 (full 160):
 par new generation   total 9792K, used 9580K [0x00000000e1000000, 0x00000000e1aa0000, 0x00000000eb4a0000)
  eden space 8704K, 100% used [0x00000000e1000000, 0x00000000e1880000, 0x00000000e1880000)
  from space 1088K,  80% used [0x00000000e1880000, 0x00000000e195b0b0, 0x00000000e1990000)
  to   space 1088K,   0% used [0x00000000e1990000, 0x00000000e1990000, 0x00000000e1aa0000)
 concurrent mark-sweep generation total 121500K, used 71245K [0x00000000eb4a0000, 0x00000000f2b47000, 0x0000000100000000)
 Metaspace       used 88838K, capacity 93248K, committed 93568K, reserved 1130496K
  class space    used 10713K, capacity 11518K, committed 11648K, reserved 1048576K
2019-06-24T11:30:16.129+0000: 270955.142: [GC (Allocation Failure) 2019-06-24T11:30:16.129+0000: 270955.142: [ParNew: 9580K->672K(9792K), 0.0038846 secs] 80825K->72242K(131292K), 0.0039478 secs] [Times: user=0.00 sys=0.01, real=0.00 secs] 
Heap after GC invocations=2009 (full 160):
 par new generation   total 9792K, used 672K [0x00000000e1000000, 0x00000000e1aa0000, 0x00000000eb4a0000)
  eden space 8704K,   0% used [0x00000000e1000000, 0x00000000e1000000, 0x00000000e1880000)
  from space 1088K,  61% used [0x00000000e1990000, 0x00000000e1a38220, 0x00000000e1aa0000)
  to   space 1088K,   0% used [0x00000000e1880000, 0x00000000e1880000, 0x00000000e1990000)
 concurrent mark-sweep generation total 121500K, used 71569K [0x00000000eb4a0000, 0x00000000f2b47000, 0x0000000100000000)
 Metaspace       used 88838K, capacity 93248K, committed 93568K, reserved 1130496K
  class space    used 10713K, capacity 11518K, committed 11648K, reserved 1048576K
}
2019-06-24T11:33:16.251+0000: 271135.263: Application time: 180.1175890 seconds
2019-06-24T11:35:35.468+0000: 271274.481: Application time: 139.2170285 seconds
2019-06-24T11:35:35.469+0000: 271274.481: Application time: 0.0000882 seconds
2019-06-24T11:35:35.469+0000: 271274.481: Application time: 0.0000822 seconds
2019-06-24T11:35:35.469+0000: 271274.481: Application time: 0.0000813 seconds
2019-06-24T11:35:35.469+0000: 271274.482: Application time: 0.0000801 seconds
2019-06-24T11:35:35.470+0000: 271274.482: Application time: 0.0000802 seconds
2019-06-24T11:35:35.470+0000: 271274.482: Application time: 0.0000792 seconds
2019-06-24T11:35:35.470+0000: 271274.482: Application time: 0.0000797 seconds
2019-06-24T11:35:35.470+0000: 271274.483: Application time: 0.0000788 seconds
2019-06-24T11:35:35.471+0000: 271274.483: Application time: 0.0000788 seconds
2019-06-24T11:37:36.430+0000: 271395.443: Application time: 120.9596712 seconds
{Heap before GC invocations=2009 (full 160):
 par new generation   total 9792K, used 9376K [0x00000000e1000000, 0x00000000e1aa0000, 0x00000000eb4a0000)
  eden space 8704K, 100% used [0x00000000e1000000, 0x00000000e1880000, 0x00000000e1880000)
  from space 1088K,  61% used [0x00000000e1990000, 0x00000000e1a38220, 0x00000000e1aa0000)
  to   space 1088K,   0% used [0x00000000e1880000, 0x00000000e1880000, 0x00000000e1990000)
 concurrent mark-sweep generation total 121500K, used 71569K [0x00000000eb4a0000, 0x00000000f2b47000, 0x0000000100000000)
 Metaspace       used 88838K, capacity 93248K, committed 93568K, reserved 1130496K
  class space    used 10713K, capacity 11518K, committed 11648K, reserved 1048576K
2019-06-24T11:37:36.431+0000: 271395.443: [GC (Allocation Failure) 2019-06-24T11:37:36.431+0000: 271395.443: [ParNew: 9376K->625K(9792K), 0.0029540 secs] 80946K->72195K(131292K), 0.0030051 secs] [Times: user=0.00 sys=0.01, real=0.00 secs] 
Heap after GC invocations=2010 (full 160):
 par new generation   total 9792K, used 625K [0x00000000e1000000, 0x00000000e1aa0000, 0x00000000eb4a0000)
  eden space 8704K,   0% used [0x00000000e1000000, 0x00000000e1000000, 0x00000000e1880000)
  from space 1088K,  57% used [0x00000000e1880000, 0x00000000e191c680, 0x00000000e1990000)
  to   space 1088K,   0% used [0x00000000e1990000, 0x00000000e1990000, 0x00000000e1aa0000)
 concurrent mark-sweep generation total 121500K, used 71569K [0x00000000eb4a0000, 0x00000000f2b47000, 0x0000000100000000)
 Metaspace       used 88838K, capacity 93248K, committed 93568K, reserved 1130496K
  class space    used 10713K, capacity 11518K, committed 11648K, reserved 1048576K
}
2019-06-24T11:42:34.229+0000: 271693.242: Application time: 297.7956230 seconds
2019-06-24T11:42:39.238+0000: 271698.251: Application time: 5.0041432 seconds
2019-06-24T11:42:39.282+0000: 271698.294: Application time: 0.0435988 seconds
2019-06-24T11:42:45.073+0000: 271704.085: Application time: 5.7908116 seconds
{Heap before GC invocations=2010 (full 160):
 par new generation   total 9792K, used 9329K [0x00000000e1000000, 0x00000000e1aa0000, 0x00000000eb4a0000)
  eden space 8704K, 100% used [0x00000000e1000000, 0x00000000e1880000, 0x00000000e1880000)
  from space 1088K,  57% used [0x00000000e1880000, 0x00000000e191c680, 0x00000000e1990000)
  to   space 1088K,   0% used [0x00000000e1990000, 0x00000000e1990000, 0x00000000e1aa0000)
 concurrent mark-sweep generation total 121500K, used 71569K [0x00000000eb4a0000, 0x00000000f2b47000, 0x0000000100000000)
 Metaspace       used 88838K, capacity 93248K, committed 93568K, reserved 1130496K
  class space    used 10713K, capacity 11518K, committed 11648K, reserved 1048576K
2019-06-24T11:42:45.073+0000: 271704.086: [GC (Allocation Failure) 2019-06-24T11:42:45.073+0000: 271704.086: [ParNew: 9329K->761K(9792K), 0.0089077 secs] 80899K->72562K(131292K), 0.0089786 secs] [Times: user=0.01 sys=0.00, real=0.01 secs] 
Heap after GC invocations=2011 (full 160):
 par new generation   total 9792K, used 761K [0x00000000e1000000, 0x00000000e1aa0000, 0x00000000eb4a0000)
  eden space 8704K,   0% used [0x00000000e1000000, 0x00000000e1000000, 0x00000000e1880000)
  from space 1088K,  69% used [0x00000000e1990000, 0x00000000e1a4e4c8, 0x00000000e1aa0000)
  to   space 1088K,   0% used [0x00000000e1880000, 0x00000000e1880000, 0x00000000e1990000)
 concurrent mark-sweep generation total 121500K, used 71801K [0x00000000eb4a0000, 0x00000000f2b47000, 0x0000000100000000)
 Metaspace       used 88838K, capacity 93248K, committed 93568K, reserved 1130496K
  class space    used 10713K, capacity 11518K, committed 11648K, reserved 1048576K
}
2019-06-24T11:42:46.634+0000: 271705.647: Application time: 1.5514975 seconds
2019-06-24T11:42:46.635+0000: 271705.647: Application time: 0.0000706 seconds
2019-06-24T11:42:46.635+0000: 271705.647: Application time: 0.0001493 seconds
2019-06-24T11:42:46.635+0000: 271705.648: Application time: 0.0001392 seconds
2019-06-24T11:42:50.071+0000: 271709.083: Application time: 3.4351634 seconds
2019-06-24T11:42:50.121+0000: 271709.133: Application time: 0.0491459 seconds
2019-06-24T11:42:56.642+0000: 271715.654: Application time: 6.5203267 seconds
2019-06-24T11:42:56.642+0000: 271715.654: Application time: 0.0000928 seconds
2019-06-24T11:42:56.642+0000: 271715.654: Application time: 0.0000805 seconds
2019-06-24T11:42:56.642+0000: 271715.655: Application time: 0.0000839 seconds
2019-06-24T11:42:56.643+0000: 271715.655: Application time: 0.0000802 seconds
2019-06-24T11:42:56.643+0000: 271715.655: Application time: 0.0000796 seconds
2019-06-24T11:42:56.643+0000: 271715.655: Application time: 0.0000725 seconds
2019-06-24T11:42:56.643+0000: 271715.656: Application time: 0.0000846 seconds
2019-06-24T11:42:56.644+0000: 271715.656: Application time: 0.0001890 seconds
2019-06-24T11:42:56.644+0000: 271715.656: Application time: 0.0001570 seconds
2019-06-24T11:42:56.646+0000: 271715.658: Application time: 0.0015728 seconds
2019-06-24T11:44:46.715+0000: 271825.727: Application time: 110.0692007 seconds
2019-06-24T11:44:46.715+0000: 271825.728: Application time: 0.0001517 seconds
2019-06-24T11:44:46.716+0000: 271825.728: Application time: 0.0001444 seconds
2019-06-24T11:44:46.716+0000: 271825.728: Application time: 0.0001307 seconds
2019-06-24T11:44:46.716+0000: 271825.729: Application time: 0.0001169 seconds
2019-06-24T11:44:46.716+0000: 271825.729: Application time: 0.0001199 seconds
2019-06-24T11:44:46.717+0000: 271825.729: Application time: 0.0001054 seconds
2019-06-24T11:44:46.717+0000: 271825.729: Application time: 0.0001936 seconds
2019-06-24T11:44:46.717+0000: 271825.730: Application time: 0.0002471 seconds
2019-06-24T11:44:46.718+0000: 271825.730: Application time: 0.0001938 seconds
2019-06-24T11:44:46.719+0000: 271825.731: Application time: 0.0011640 seconds
2019-06-24T11:44:48.304+0000: 271827.317: Application time: 1.5851628 seconds
2019-06-24T11:44:48.334+0000: 271827.346: Application time: 0.0295651 seconds
2019-06-24T11:44:54.654+0000: 271833.666: Application time: 6.3194655 seconds
2019-06-24T11:44:54.677+0000: 271833.689: Application time: 0.0226829 seconds
2019-06-24T11:45:00.967+0000: 271839.979: Application time: 6.2893734 seconds
2019-06-24T11:45:00.967+0000: 271839.980: Application time: 0.0001832 seconds
2019-06-24T11:45:00.968+0000: 271839.980: Application time: 0.0001845 seconds
2019-06-24T11:45:00.969+0000: 271839.981: Application time: 0.0008712 seconds
{Heap before GC invocations=2011 (full 160):
 par new generation   total 9792K, used 9461K [0x00000000e1000000, 0x00000000e1aa0000, 0x00000000eb4a0000)
  eden space 8704K,  99% used [0x00000000e1000000, 0x00000000e187f020, 0x00000000e1880000)
  from space 1088K,  69% used [0x00000000e1990000, 0x00000000e1a4e4c8, 0x00000000e1aa0000)
  to   space 1088K,   0% used [0x00000000e1880000, 0x00000000e1880000, 0x00000000e1990000)
 concurrent mark-sweep generation total 121500K, used 71801K [0x00000000eb4a0000, 0x00000000f2b47000, 0x0000000100000000)
 Metaspace       used 88879K, capacity 93314K, committed 93568K, reserved 1130496K
  class space    used 10719K, capacity 11529K, committed 11648K, reserved 1048576K
2019-06-24T11:45:00.969+0000: 271839.982: [GC (Allocation Failure) 2019-06-24T11:45:00.969+0000: 271839.982: [ParNew: 9461K->1044K(9792K), 0.0090421 secs] 81262K->72885K(131292K), 0.0091050 secs] [Times: user=0.01 sys=0.01, real=0.01 secs] 
Heap after GC invocations=2012 (full 160):
 par new generation   total 9792K, used 1044K [0x00000000e1000000, 0x00000000e1aa0000, 0x00000000eb4a0000)
  eden space 8704K,   0% used [0x00000000e1000000, 0x00000000e1000000, 0x00000000e1880000)
  from space 1088K,  96% used [0x00000000e1880000, 0x00000000e19852e8, 0x00000000e1990000)
  to   space 1088K,   0% used [0x00000000e1990000, 0x00000000e1990000, 0x00000000e1aa0000)
 concurrent mark-sweep generation total 121500K, used 71841K [0x00000000eb4a0000, 0x00000000f2b47000, 0x0000000100000000)
 Metaspace       used 88879K, capacity 93314K, committed 93568K, reserved 1130496K
  class space    used 10719K, capacity 11529K, committed 11648K, reserved 1048576K
}
2019-06-24T11:45:00.979+0000: 271839.991: Application time: 0.0001184 seconds
2019-06-24T11:45:00.979+0000: 271839.992: Application time: 0.0000945 seconds
2019-06-24T11:45:00.980+0000: 271839.992: Application time: 0.0001221 seconds
2019-06-24T11:45:05.981+0000: 271844.993: Application time: 5.0008444 seconds
2019-06-24T11:45:06.010+0000: 271845.023: Application time: 0.0290489 seconds
2019-06-24T11:45:06.730+0000: 271845.742: Application time: 0.7189597 seconds
2019-06-24T11:45:06.730+0000: 271845.742: Application time: 0.0002167 seconds
2019-06-24T11:45:06.730+0000: 271845.743: Application time: 0.0002115 seconds
2019-06-24T11:45:06.731+0000: 271845.743: Application time: 0.0002051 seconds
2019-06-24T11:45:06.731+0000: 271845.744: Application time: 0.0002119 seconds
2019-06-24T11:45:06.732+0000: 271845.744: Application time: 0.0002249 seconds
2019-06-24T11:45:06.732+0000: 271845.744: Application time: 0.0002197 seconds
2019-06-24T11:45:06.732+0000: 271845.745: Application time: 0.0002238 seconds
2019-06-24T11:45:06.733+0000: 271845.745: Application time: 0.0002227 seconds
2019-06-24T11:45:06.733+0000: 271845.746: Application time: 0.0003613 seconds
2019-06-24T11:45:06.735+0000: 271845.748: Application time: 0.0015286 seconds
2019-06-24T11:45:52.745+0000: 271891.757: Application time: 46.0096512 seconds
2019-06-24T11:45:56.739+0000: 271895.752: Application time: 3.9939946 seconds
2019-06-24T11:45:56.764+0000: 271895.776: Application time: 0.0244331 seconds
2019-06-24T11:45:56.764+0000: 271895.777: Application time: 0.0001373 seconds
2019-06-24T11:45:56.765+0000: 271895.777: Application time: 0.0001246 seconds
2019-06-24T11:45:56.765+0000: 271895.777: Application time: 0.0001264 seconds
2019-06-24T11:45:56.777+0000: 271895.789: Application time: 0.0114653 seconds
2019-06-24T11:46:05.769+0000: 271904.781: Application time: 8.9918281 seconds
2019-06-24T11:46:05.769+0000: 271904.781: Application time: 0.0000664 seconds
2019-06-24T11:46:05.769+0000: 271904.781: Application time: 0.0000643 seconds
2019-06-24T11:46:05.769+0000: 271904.782: Application time: 0.0000588 seconds
2019-06-24T11:46:05.770+0000: 271904.782: Application time: 0.0001624 seconds
2019-06-24T11:46:05.770+0000: 271904.782: Application time: 0.0000548 seconds
2019-06-24T11:46:05.771+0000: 271904.783: Application time: 0.0012073 seconds
2019-06-24T11:46:06.771+0000: 271905.784: Application time: 1.0001361 seconds
2019-06-24T11:47:33.722+0000: 271992.734: Application time: 86.9504493 seconds
{Heap before GC invocations=2012 (full 160):
 par new generation   total 9792K, used 9500K [0x00000000e1000000, 0x00000000e1aa0000, 0x00000000eb4a0000)
  eden space 8704K,  97% used [0x00000000e1000000, 0x00000000e1841d78, 0x00000000e1880000)
  from space 1088K,  96% used [0x00000000e1880000, 0x00000000e19852e8, 0x00000000e1990000)
  to   space 1088K,   0% used [0x00000000e1990000, 0x00000000e1990000, 0x00000000e1aa0000)
 concurrent mark-sweep generation total 121500K, used 71841K [0x00000000eb4a0000, 0x00000000f2b47000, 0x0000000100000000)
 Metaspace       used 88879K, capacity 93314K, committed 93568K, reserved 1130496K
  class space    used 10719K, capacity 11529K, committed 11648K, reserved 1048576K
2019-06-24T11:47:33.723+0000: 271992.735: [GC (Allocation Failure) 2019-06-24T11:47:33.723+0000: 271992.735: [ParNew: 9500K->826K(9792K), 0.0088626 secs] 81341K->73023K(131292K), 0.0089824 secs] [Times: user=0.01 sys=0.00, real=0.01 secs] 
Heap after GC invocations=2013 (full 160):
 par new generation   total 9792K, used 826K [0x00000000e1000000, 0x00000000e1aa0000, 0x00000000eb4a0000)
  eden space 8704K,   0% used [0x00000000e1000000, 0x00000000e1000000, 0x00000000e1880000)
  from space 1088K,  75% used [0x00000000e1990000, 0x00000000e1a5e850, 0x00000000e1aa0000)
  to   space 1088K,   0% used [0x00000000e1880000, 0x00000000e1880000, 0x00000000e1990000)
 concurrent mark-sweep generation total 121500K, used 72196K [0x00000000eb4a0000, 0x00000000f2b47000, 0x0000000100000000)
 Metaspace       used 88879K, capacity 93314K, committed 93568K, reserved 1130496K
  class space    used 10719K, capacity 11529K, committed 11648K, reserved 1048576K
}
2019-06-24T11:47:34.732+0000: 271993.744: Application time: 1.0002601 seconds
2019-06-24T11:47:36.824+0000: 271995.836: Application time: 2.0918670 seconds
2019-06-24T11:47:36.824+0000: 271995.837: Application time: 0.0001412 seconds
2019-06-24T11:47:36.825+0000: 271995.837: Application time: 0.0000997 seconds
2019-06-24T11:47:36.825+0000: 271995.837: Application time: 0.0001183 seconds
2019-06-24T11:47:38.718+0000: 271997.730: Application time: 1.8924760 seconds
2019-06-24T11:47:38.763+0000: 271997.775: Application time: 0.0448225 seconds
2019-06-24T11:47:43.998+0000: 272003.011: Application time: 5.2355140 seconds
2019-06-24T11:47:43.999+0000: 272003.011: Application time: 0.0002222 seconds
2019-06-24T11:47:43.999+0000: 272003.012: Application time: 0.0002154 seconds
2019-06-24T11:47:44.000+0000: 272003.012: Application time: 0.0002144 seconds
2019-06-24T11:47:44.000+0000: 272003.012: Application time: 0.0002828 seconds
2019-06-24T11:47:44.000+0000: 272003.013: Application time: 0.0002760 seconds
2019-06-24T11:47:44.002+0000: 272003.015: Application time: 0.0016275 seconds
2019-06-24T11:48:05.595+0000: 272024.608: Application time: 21.5928855 seconds
2019-06-24T11:49:14.014+0000: 272093.026: Application time: 68.4181851 seconds
2019-06-24T11:49:14.014+0000: 272093.026: Application time: 0.0000653 seconds
2019-06-24T11:49:14.014+0000: 272093.027: Application time: 0.0000803 seconds
2019-06-24T11:49:14.014+0000: 272093.027: Application time: 0.0000559 seconds
2019-06-24T11:49:14.015+0000: 272093.027: Application time: 0.0000620 seconds
2019-06-24T11:49:16.889+0000: 272095.901: Application time: 2.8740161 seconds
2019-06-24T11:49:16.889+0000: 272095.901: Application time: 0.0000715 seconds
2019-06-24T11:49:16.889+0000: 272095.901: Application time: 0.0000573 seconds
2019-06-24T11:49:16.889+0000: 272095.902: Application time: 0.0001527 seconds
2019-06-24T11:49:16.890+0000: 272095.902: Application time: 0.0001109 seconds
2019-06-24T11:49:16.891+0000: 272095.903: Application time: 0.0011336 seconds
2019-06-24T11:49:18.898+0000: 272097.911: Application time: 2.0070419 seconds
2019-06-24T11:49:18.934+0000: 272097.946: Application time: 0.0355968 seconds
2019-06-24T11:49:52.060+0000: 272131.072: Application time: 33.1256969 seconds
2019-06-24T11:49:52.085+0000: 272131.097: Application time: 0.0242341 seconds
2019-06-24T11:49:56.922+0000: 272135.934: Application time: 4.8366448 seconds
2019-06-24T11:49:56.922+0000: 272135.935: Application time: 0.0004816 seconds
2019-06-24T11:49:56.922+0000: 272135.935: Application time: 0.0000745 seconds
2019-06-24T11:49:56.923+0000: 272135.935: Application time: 0.0000627 seconds
2019-06-24T11:49:56.923+0000: 272135.935: Application time: 0.0000669 seconds
2019-06-24T11:49:56.923+0000: 272135.935: Application time: 0.0000883 seconds
2019-06-24T11:50:05.782+0000: 272144.794: Application time: 8.8584991 seconds
2019-06-24T11:50:05.782+0000: 272144.795: Application time: 0.0002334 seconds
2019-06-24T11:50:05.783+0000: 272144.795: Application time: 0.0002276 seconds
2019-06-24T11:50:05.783+0000: 272144.796: Application time: 0.0004751 seconds
2019-06-24T11:50:05.784+0000: 272144.796: Application time: 0.0002741 seconds
2019-06-24T11:50:05.786+0000: 272144.798: Application time: 0.0019074 seconds
2019-06-24T11:50:26.942+0000: 272165.954: Application time: 21.1560158 seconds
{Heap before GC invocations=2013 (full 160):
 par new generation   total 9792K, used 9530K [0x00000000e1000000, 0x00000000e1aa0000, 0x00000000eb4a0000)
  eden space 8704K, 100% used [0x00000000e1000000, 0x00000000e1880000, 0x00000000e1880000)
  from space 1088K,  75% used [0x00000000e1990000, 0x00000000e1a5e850, 0x00000000e1aa0000)
  to   space 1088K,   0% used [0x00000000e1880000, 0x00000000e1880000, 0x00000000e1990000)
 concurrent mark-sweep generation total 121500K, used 72196K [0x00000000eb4a0000, 0x00000000f2b47000, 0x0000000100000000)
 Metaspace       used 88879K, capacity 93314K, committed 93568K, reserved 1130496K
  class space    used 10719K, capacity 11529K, committed 11648K, reserved 1048576K
2019-06-24T11:50:26.942+0000: 272165.955: [GC (Allocation Failure) 2019-06-24T11:50:26.942+0000: 272165.955: [ParNew: 9530K->767K(9792K), 0.0040765 secs] 81727K->73316K(131292K), 0.0041334 secs] [Times: user=0.01 sys=0.00, real=0.00 secs] 
Heap after GC invocations=2014 (full 160):
 par new generation   total 9792K, used 767K [0x00000000e1000000, 0x00000000e1aa0000, 0x00000000eb4a0000)
  eden space 8704K,   0% used [0x00000000e1000000, 0x00000000e1000000, 0x00000000e1880000)
  from space 1088K,  70% used [0x00000000e1880000, 0x00000000e193fe28, 0x00000000e1990000)
  to   space 1088K,   0% used [0x00000000e1990000, 0x00000000e1990000, 0x00000000e1aa0000)
 concurrent mark-sweep generation total 121500K, used 72549K [0x00000000eb4a0000, 0x00000000f2b47000, 0x0000000100000000)
 Metaspace       used 88879K, capacity 93314K, committed 93568K, reserved 1130496K
  class space    used 10719K, capacity 11529K, committed 11648K, reserved 1048576K
}
2019-06-24T11:51:56.749+0000: 272255.761: Application time: 89.8019082 seconds
2019-06-24T11:51:56.787+0000: 272255.799: Application time: 0.0381453 seconds
2019-06-24T11:51:57.019+0000: 272256.031: Application time: 0.2319286 seconds
2019-06-24T11:51:57.020+0000: 272256.032: Application time: 0.0000942 seconds
2019-06-24T11:51:57.020+0000: 272256.032: Application time: 0.0000818 seconds
2019-06-24T11:51:57.020+0000: 272256.032: Application time: 0.0000852 seconds
2019-06-24T11:51:57.020+0000: 272256.033: Application time: 0.0000794 seconds
2019-06-24T11:51:57.020+0000: 272256.033: Application time: 0.0000854 seconds
2019-06-24T11:52:05.791+0000: 272264.803: Application time: 8.7704804 seconds
2019-06-24T11:52:05.792+0000: 272264.804: Application time: 0.0002281 seconds
2019-06-24T11:52:05.792+0000: 272264.804: Application time: 0.0004075 seconds
2019-06-24T11:52:05.793+0000: 272264.805: Application time: 0.0002138 seconds
2019-06-24T11:52:05.794+0000: 272264.807: Application time: 0.0015346 seconds
2019-06-24T11:55:57.190+0000: 272496.203: Application time: 231.3958713 seconds
{Heap before GC invocations=2014 (full 160):
 par new generation   total 9792K, used 9470K [0x00000000e1000000, 0x00000000e1aa0000, 0x00000000eb4a0000)
  eden space 8704K,  99% used [0x00000000e1000000, 0x00000000e187fca8, 0x00000000e1880000)
  from space 1088K,  70% used [0x00000000e1880000, 0x00000000e193fe28, 0x00000000e1990000)
  to   space 1088K,   0% used [0x00000000e1990000, 0x00000000e1990000, 0x00000000e1aa0000)
 concurrent mark-sweep generation total 121500K, used 72549K [0x00000000eb4a0000, 0x00000000f2b47000, 0x0000000100000000)
 Metaspace       used 88879K, capacity 93314K, committed 93568K, reserved 1130496K
  class space    used 10719K, capacity 11529K, committed 11648K, reserved 1048576K
2019-06-24T11:55:57.191+0000: 272496.203: [GC (Allocation Failure) 2019-06-24T11:55:57.191+0000: 272496.203: [ParNew: 9470K->857K(9792K), 0.0040880 secs] 82020K->73656K(131292K), 0.0041634 secs] [Times: user=0.01 sys=0.00, real=0.00 secs] 
Heap after GC invocations=2015 (full 160):
 par new generation   total 9792K, used 857K [0x00000000e1000000, 0x00000000e1aa0000, 0x00000000eb4a0000)
  eden space 8704K,   0% used [0x00000000e1000000, 0x00000000e1000000, 0x00000000e1880000)
  from space 1088K,  78% used [0x00000000e1990000, 0x00000000e1a66580, 0x00000000e1aa0000)
  to   space 1088K,   0% used [0x00000000e1880000, 0x00000000e1880000, 0x00000000e1990000)
 concurrent mark-sweep generation total 121500K, used 72799K [0x00000000eb4a0000, 0x00000000f2b47000, 0x0000000100000000)
 Metaspace       used 88879K, capacity 93314K, committed 93568K, reserved 1130496K
  class space    used 10719K, capacity 11529K, committed 11648K, reserved 1048576K
}
2019-06-24T12:03:14.139+0000: 272933.151: Application time: 436.9439603 seconds
{Heap before GC invocations=2015 (full 160):
 par new generation   total 9792K, used 9561K [0x00000000e1000000, 0x00000000e1aa0000, 0x00000000eb4a0000)
  eden space 8704K, 100% used [0x00000000e1000000, 0x00000000e1880000, 0x00000000e1880000)
  from space 1088K,  78% used [0x00000000e1990000, 0x00000000e1a66580, 0x00000000e1aa0000)
  to   space 1088K,   0% used [0x00000000e1880000, 0x00000000e1880000, 0x00000000e1990000)
 concurrent mark-sweep generation total 121500K, used 72799K [0x00000000eb4a0000, 0x00000000f2b47000, 0x0000000100000000)
 Metaspace       used 88879K, capacity 93314K, committed 93568K, reserved 1130496K
  class space    used 10719K, capacity 11529K, committed 11648K, reserved 1048576K
2019-06-24T12:03:14.139+0000: 272933.152: [GC (Allocation Failure) 2019-06-24T12:03:14.139+0000: 272933.152: [ParNew: 9561K->583K(9792K), 0.0051530 secs] 82360K->73737K(131292K), 0.0052370 secs] [Times: user=0.00 sys=0.01, real=0.00 secs] 
Heap after GC invocations=2016 (full 160):
 par new generation   total 9792K, used 583K [0x00000000e1000000, 0x00000000e1aa0000, 0x00000000eb4a0000)
  eden space 8704K,   0% used [0x00000000e1000000, 0x00000000e1000000, 0x00000000e1880000)
  from space 1088K,  53% used [0x00000000e1880000, 0x00000000e1911ef8, 0x00000000e1990000)
  to   space 1088K,   0% used [0x00000000e1990000, 0x00000000e1990000, 0x00000000e1aa0000)
 concurrent mark-sweep generation total 121500K, used 73153K [0x00000000eb4a0000, 0x00000000f2b47000, 0x0000000100000000)
 Metaspace       used 88879K, capacity 93314K, committed 93568K, reserved 1130496K
  class space    used 10719K, capacity 11529K, committed 11648K, reserved 1048576K
}
2019-06-24T12:03:14.145+0000: 272933.158: Application time: 0.0005607 seconds
2019-06-24T12:03:14.145+0000: 272933.158: [GC (CMS Initial Mark) [1 CMS-initial-mark: 73153K(121500K)] 73773K(131292K), 0.0028977 secs] [Times: user=0.00 sys=0.01, real=0.01 secs] 
2019-06-24T12:03:14.149+0000: 272933.161: [CMS-concurrent-mark-start]
2019-06-24T12:03:14.275+0000: 272933.288: [CMS-concurrent-mark: 0.127/0.127 secs] [Times: user=0.12 sys=0.00, real=0.12 secs] 
2019-06-24T12:03:14.275+0000: 272933.288: [CMS-concurrent-preclean-start]
2019-06-24T12:03:14.277+0000: 272933.289: [CMS-concurrent-preclean: 0.001/0.001 secs] [Times: user=0.00 sys=0.00, real=0.00 secs] 
2019-06-24T12:03:14.277+0000: 272933.289: Application time: 0.1285026 seconds
2019-06-24T12:03:14.277+0000: 272933.289: [GC (CMS Final Remark) [YG occupancy: 675 K (9792 K)]2019-06-24T12:03:14.277+0000: 272933.289: [Rescan (parallel) , 0.0027178 secs]2019-06-24T12:03:14.280+0000: 272933.292: [weak refs processing, 0.0022790 secs]2019-06-24T12:03:14.282+0000: 272933.294: [class unloading, 0.0310264 secs]2019-06-24T12:03:14.313+0000: 272933.326: [scrub symbol table, 0.0192436 secs]2019-06-24T12:03:14.332+0000: 272933.345: [scrub string table, 0.0013900 secs][1 CMS-remark: 73153K(121500K)] 73829K(131292K), 0.0567995 secs] [Times: user=0.06 sys=0.00, real=0.06 secs] 
2019-06-24T12:03:14.334+0000: 272933.347: [CMS-concurrent-sweep-start]
2019-06-24T12:03:14.368+0000: 272933.380: [CMS-concurrent-sweep: 0.033/0.033 secs] [Times: user=0.04 sys=0.00, real=0.03 secs] 
2019-06-24T12:03:14.368+0000: 272933.380: [CMS-concurrent-reset-start]
2019-06-24T12:03:14.368+0000: 272933.380: [CMS-concurrent-reset: 0.000/0.000 secs] [Times: user=0.00 sys=0.00, real=0.00 secs] 
2019-06-24T12:03:15.334+0000: 272934.347: Application time: 1.0002476 seconds
2019-06-24T12:03:18.335+0000: 272937.347: Application time: 3.0006266 seconds
2019-06-24T12:03:28.337+0000: 272947.349: Application time: 10.0018128 seconds
2019-06-24T12:03:36.339+0000: 272955.351: Application time: 8.0013300 seconds
2019-06-24T12:04:06.343+0000: 272985.356: Application time: 30.0045772 seconds
2019-06-24T12:04:28.347+0000: 273007.359: Application time: 22.0032670 seconds
2019-06-24T12:06:37.634+0000: 273136.646: Application time: 129.2870187 seconds
2019-06-24T12:08:06.650+0000: 273225.662: Application time: 89.0158510 seconds
2019-06-24T12:10:07.778+0000: 273346.790: Application time: 121.1273015 seconds
{Heap before GC invocations=2016 (full 161):
 par new generation   total 9792K, used 9287K [0x00000000e1000000, 0x00000000e1aa0000, 0x00000000eb4a0000)
  eden space 8704K, 100% used [0x00000000e1000000, 0x00000000e1880000, 0x00000000e1880000)
  from space 1088K,  53% used [0x00000000e1880000, 0x00000000e1911ef8, 0x00000000e1990000)
  to   space 1088K,   0% used [0x00000000e1990000, 0x00000000e1990000, 0x00000000e1aa0000)
 concurrent mark-sweep generation total 121500K, used 69371K [0x00000000eb4a0000, 0x00000000f2b47000, 0x0000000100000000)
 Metaspace       used 88809K, capacity 93194K, committed 93568K, reserved 1130496K
  class space    used 10709K, capacity 11509K, committed 11648K, reserved 1048576K
2019-06-24T12:10:07.778+0000: 273346.790: [GC (Allocation Failure) 2019-06-24T12:10:07.778+0000: 273346.790: [ParNew: 9287K->720K(9792K), 0.0031757 secs] 78658K->70091K(131292K), 0.0032394 secs] [Times: user=0.01 sys=0.00, real=0.01 secs] 
Heap after GC invocations=2017 (full 161):
 par new generation   total 9792K, used 720K [0x00000000e1000000, 0x00000000e1aa0000, 0x00000000eb4a0000)
  eden space 8704K,   0% used [0x00000000e1000000, 0x00000000e1000000, 0x00000000e1880000)
  from space 1088K,  66% used [0x00000000e1990000, 0x00000000e1a44358, 0x00000000e1aa0000)
  to   space 1088K,   0% used [0x00000000e1880000, 0x00000000e1880000, 0x00000000e1990000)
 concurrent mark-sweep generation total 121500K, used 69371K [0x00000000eb4a0000, 0x00000000f2b47000, 0x0000000100000000)
 Metaspace       used 88809K, capacity 93194K, committed 93568K, reserved 1130496K
  class space    used 10709K, capacity 11509K, committed 11648K, reserved 1048576K
}
2019-06-24T12:11:52.797+0000: 273451.810: Application time: 105.0160346 seconds
2019-06-24T12:11:57.286+0000: 273456.298: Application time: 4.4886559 seconds
2019-06-24T12:11:57.320+0000: 273456.332: Application time: 0.0335889 seconds
2019-06-24T12:11:57.847+0000: 273456.859: Application time: 0.5270103 seconds
2019-06-24T12:11:57.848+0000: 273456.860: Application time: 0.0001827 seconds
2019-06-24T12:11:57.848+0000: 273456.861: Application time: 0.0003039 seconds
2019-06-24T12:11:57.849+0000: 273456.861: Application time: 0.0003148 seconds
2019-06-24T12:11:57.849+0000: 273456.862: Application time: 0.0001425 seconds
2019-06-24T12:11:57.850+0000: 273456.862: Application time: 0.0001683 seconds
2019-06-24T12:12:05.864+0000: 273464.877: Application time: 8.0142951 seconds
2019-06-24T12:12:05.865+0000: 273464.877: Application time: 0.0001530 seconds
2019-06-24T12:12:05.866+0000: 273464.878: Application time: 0.0003296 seconds
2019-06-24T12:12:05.866+0000: 273464.878: Application time: 0.0003117 seconds
2019-06-24T12:12:05.869+0000: 273464.881: Application time: 0.0025307 seconds
2019-06-24T12:12:28.872+0000: 273487.884: Application time: 23.0029479 seconds
2019-06-24T12:12:33.777+0000: 273492.790: Application time: 4.9051299 seconds
2019-06-24T12:12:33.806+0000: 273492.818: Application time: 0.0280688 seconds
2019-06-24T12:12:37.877+0000: 273496.889: Application time: 4.0710795 seconds
2019-06-24T12:12:37.878+0000: 273496.890: Application time: 0.0001024 seconds
2019-06-24T12:12:37.878+0000: 273496.890: Application time: 0.0000905 seconds
2019-06-24T12:12:37.878+0000: 273496.890: Application time: 0.0000944 seconds
2019-06-24T12:12:37.878+0000: 273496.891: Application time: 0.0000898 seconds
2019-06-24T12:12:37.879+0000: 273496.891: Application time: 0.0000919 seconds
2019-06-24T12:12:37.879+0000: 273496.891: Application time: 0.0001033 seconds
2019-06-24T12:12:37.879+0000: 273496.891: Application time: 0.0000975 seconds
2019-06-24T12:12:37.880+0000: 273496.892: Application time: 0.0002101 seconds
2019-06-24T12:12:37.880+0000: 273496.892: Application time: 0.0002251 seconds
2019-06-24T12:12:44.249+0000: 273503.262: Application time: 6.3692687 seconds
2019-06-24T12:13:05.760+0000: 273524.772: Application time: 21.5103029 seconds
2019-06-24T12:13:47.935+0000: 273566.947: Application time: 42.1743738 seconds
{Heap before GC invocations=2017 (full 161):
 par new generation   total 9792K, used 9424K [0x00000000e1000000, 0x00000000e1aa0000, 0x00000000eb4a0000)
  eden space 8704K, 100% used [0x00000000e1000000, 0x00000000e1880000, 0x00000000e1880000)
  from space 1088K,  66% used [0x00000000e1990000, 0x00000000e1a44358, 0x00000000e1aa0000)
  to   space 1088K,   0% used [0x00000000e1880000, 0x00000000e1880000, 0x00000000e1990000)
 concurrent mark-sweep generation total 121500K, used 69371K [0x00000000eb4a0000, 0x00000000f2b47000, 0x0000000100000000)
 Metaspace       used 88813K, capacity 93200K, committed 93568K, reserved 1130496K
  class space    used 10709K, capacity 11510K, committed 11648K, reserved 1048576K
2019-06-24T12:13:47.935+0000: 273566.947: [GC (Allocation Failure) 2019-06-24T12:13:47.935+0000: 273566.947: [ParNew: 9424K->823K(9792K), 0.0029945 secs] 78795K->70298K(131292K), 0.0030581 secs] [Times: user=0.01 sys=0.00, real=0.00 secs] 
Heap after GC invocations=2018 (full 161):
 par new generation   total 9792K, used 823K [0x00000000e1000000, 0x00000000e1aa0000, 0x00000000eb4a0000)
  eden space 8704K,   0% used [0x00000000e1000000, 0x00000000e1000000, 0x00000000e1880000)
  from space 1088K,  75% used [0x00000000e1880000, 0x00000000e194dfe8, 0x00000000e1990000)
  to   space 1088K,   0% used [0x00000000e1990000, 0x00000000e1990000, 0x00000000e1aa0000)
 concurrent mark-sweep generation total 121500K, used 69474K [0x00000000eb4a0000, 0x00000000f2b47000, 0x0000000100000000)
 Metaspace       used 88813K, capacity 93200K, committed 93568K, reserved 1130496K
  class space    used 10709K, capacity 11510K, committed 11648K, reserved 1048576K
}
2019-06-24T12:14:20.079+0000: 273599.091: Application time: 32.1410964 seconds
2019-06-24T12:14:20.080+0000: 273599.092: Application time: 0.0000937 seconds
2019-06-24T12:14:20.081+0000: 273599.094: Application time: 0.0001601 seconds
2019-06-24T12:14:20.082+0000: 273599.094: Application time: 0.0002293 seconds
2019-06-24T12:14:20.082+0000: 273599.095: Application time: 0.0001911 seconds
2019-06-24T12:14:20.083+0000: 273599.095: Application time: 0.0001969 seconds
2019-06-24T12:14:20.084+0000: 273599.096: Application time: 0.0005123 seconds
2019-06-24T12:14:25.084+0000: 273604.097: Application time: 5.0005450 seconds
2019-06-24T12:14:25.112+0000: 273604.124: Application time: 0.0274072 seconds
2019-06-24T12:14:36.566+0000: 273615.578: Application time: 11.4538958 seconds
2019-06-24T12:14:36.589+0000: 273615.601: Application time: 0.0227637 seconds
2019-06-24T12:14:37.964+0000: 273616.977: Application time: 1.3750296 seconds
2019-06-24T12:14:37.965+0000: 273616.977: Application time: 0.0000687 seconds
2019-06-24T12:14:37.965+0000: 273616.977: Application time: 0.0000593 seconds
2019-06-24T12:14:37.965+0000: 273616.977: Application time: 0.0000610 seconds
2019-06-24T12:14:37.965+0000: 273616.977: Application time: 0.0000576 seconds
2019-06-24T12:14:37.965+0000: 273616.978: Application time: 0.0000520 seconds
2019-06-24T12:14:37.966+0000: 273616.978: Application time: 0.0000609 seconds
2019-06-24T12:14:37.966+0000: 273616.978: Application time: 0.0000836 seconds
2019-06-24T12:14:37.966+0000: 273616.978: Application time: 0.0002068 seconds
2019-06-24T12:14:37.966+0000: 273616.979: Application time: 0.0001781 seconds
2019-06-24T12:14:44.268+0000: 273623.281: Application time: 6.3018552 seconds
2019-06-24T12:15:03.965+0000: 273642.977: Application time: 19.6961978 seconds
2019-06-24T12:15:03.999+0000: 273643.012: Application time: 0.0340786 seconds
2019-06-24T12:15:05.879+0000: 273644.891: Application time: 1.8789453 seconds
2019-06-24T12:15:05.879+0000: 273644.891: Application time: 0.0001833 seconds
2019-06-24T12:15:05.879+0000: 273644.891: Application time: 0.0001517 seconds
2019-06-24T12:15:05.879+0000: 273644.892: Application time: 0.0001557 seconds
2019-06-24T12:15:05.880+0000: 273644.892: Application time: 0.0001524 seconds
2019-06-24T12:15:05.880+0000: 273644.892: Application time: 0.0001377 seconds
2019-06-24T12:15:05.880+0000: 273644.893: Application time: 0.0001548 seconds
2019-06-24T12:15:05.881+0000: 273644.893: Application time: 0.0001308 seconds
2019-06-24T12:15:05.881+0000: 273644.893: Application time: 0.0003383 seconds
2019-06-24T12:15:05.881+0000: 273644.894: Application time: 0.0001569 seconds
2019-06-24T12:15:07.988+0000: 273647.000: Application time: 2.1068681 seconds
2019-06-24T12:15:10.438+0000: 273649.450: Application time: 2.4492037 seconds
{Heap before GC invocations=2018 (full 161):
 par new generation   total 9792K, used 9427K [0x00000000e1000000, 0x00000000e1aa0000, 0x00000000eb4a0000)
  eden space 8704K,  98% used [0x00000000e1000000, 0x00000000e1866f38, 0x00000000e1880000)
  from space 1088K,  75% used [0x00000000e1880000, 0x00000000e194dfe8, 0x00000000e1990000)
  to   space 1088K,   0% used [0x00000000e1990000, 0x00000000e1990000, 0x00000000e1aa0000)
 concurrent mark-sweep generation total 121500K, used 69474K [0x00000000eb4a0000, 0x00000000f2b47000, 0x0000000100000000)
 Metaspace       used 88817K, capacity 93206K, committed 93568K, reserved 1130496K
  class space    used 10710K, capacity 11511K, committed 11648K, reserved 1048576K
2019-06-24T12:15:10.438+0000: 273649.450: [GC (Allocation Failure) 2019-06-24T12:15:10.438+0000: 273649.450: [ParNew: 9427K->1088K(9792K), 0.0122594 secs] 78902K->70892K(131292K), 0.0123367 secs] [Times: user=0.02 sys=0.00, real=0.02 secs] 
Heap after GC invocations=2019 (full 161):
 par new generation   total 9792K, used 1088K [0x00000000e1000000, 0x00000000e1aa0000, 0x00000000eb4a0000)
  eden space 8704K,   0% used [0x00000000e1000000, 0x00000000e1000000, 0x00000000e1880000)
  from space 1088K, 100% used [0x00000000e1990000, 0x00000000e1aa0000, 0x00000000e1aa0000)
  to   space 1088K,   0% used [0x00000000e1880000, 0x00000000e1880000, 0x00000000e1990000)
 concurrent mark-sweep generation total 121500K, used 69804K [0x00000000eb4a0000, 0x00000000f2b47000, 0x0000000100000000)
 Metaspace       used 88817K, capacity 93206K, committed 93568K, reserved 1130496K
  class space    used 10710K, capacity 11511K, committed 11648K, reserved 1048576K
}
2019-06-24T12:15:14.273+0000: 273653.285: Application time: 3.8223782 seconds
2019-06-24T12:15:14.273+0000: 273653.285: Application time: 0.0001720 seconds
2019-06-24T12:15:14.273+0000: 273653.286: Application time: 0.0001631 seconds
2019-06-24T12:15:14.274+0000: 273653.286: Application time: 0.0001683 seconds
2019-06-24T12:15:14.274+0000: 273653.287: Application time: 0.0001638 seconds
2019-06-24T12:15:14.275+0000: 273653.287: Application time: 0.0001634 seconds
2019-06-24T12:15:14.275+0000: 273653.287: Application time: 0.0001539 seconds
2019-06-24T12:15:14.275+0000: 273653.287: Application time: 0.0001527 seconds
2019-06-24T12:15:14.276+0000: 273653.288: Application time: 0.0002948 seconds
2019-06-24T12:15:14.276+0000: 273653.288: Application time: 0.0001791 seconds
2019-06-24T12:15:15.434+0000: 273654.447: Application time: 1.1584051 seconds
2019-06-24T12:15:15.481+0000: 273654.493: Application time: 0.0460495 seconds
2019-06-24T12:15:17.992+0000: 273657.005: Application time: 2.5115863 seconds
2019-06-24T12:15:17.994+0000: 273657.006: Application time: 0.0014042 seconds
2019-06-24T12:17:24.466+0000: 273783.479: Application time: 126.4720195 seconds
2019-06-24T12:17:24.490+0000: 273783.502: Application time: 0.0229850 seconds
2019-06-24T12:17:28.089+0000: 273787.101: Application time: 3.5994648 seconds
2019-06-24T12:17:28.090+0000: 273787.102: Application time: 0.0000857 seconds
2019-06-24T12:17:28.090+0000: 273787.102: Application time: 0.0000635 seconds
2019-06-24T12:17:28.090+0000: 273787.102: Application time: 0.0000584 seconds
2019-06-24T12:17:28.090+0000: 273787.103: Application time: 0.0000935 seconds
2019-06-24T12:17:28.091+0000: 273787.103: Application time: 0.0000540 seconds
2019-06-24T12:17:28.091+0000: 273787.103: Application time: 0.0000558 seconds
2019-06-24T12:17:28.091+0000: 273787.104: Application time: 0.0001647 seconds
2019-06-24T12:17:28.091+0000: 273787.104: Application time: 0.0001097 seconds
2019-06-24T12:17:38.097+0000: 273797.109: Application time: 10.0055726 seconds
2019-06-24T12:17:38.098+0000: 273797.110: Application time: 0.0001897 seconds
2019-06-24T12:17:38.098+0000: 273797.110: Application time: 0.0001861 seconds
2019-06-24T12:17:38.098+0000: 273797.111: Application time: 0.0001327 seconds
2019-06-24T12:17:38.099+0000: 273797.111: Application time: 0.0001875 seconds
2019-06-24T12:17:38.101+0000: 273797.113: Application time: 0.0018318 seconds
2019-06-24T12:18:53.314+0000: 273872.327: Application time: 75.2135425 seconds
{Heap before GC invocations=2019 (full 161):
 par new generation   total 9792K, used 9689K [0x00000000e1000000, 0x00000000e1aa0000, 0x00000000eb4a0000)
  eden space 8704K,  98% used [0x00000000e1000000, 0x00000000e18665b8, 0x00000000e1880000)
  from space 1088K, 100% used [0x00000000e1990000, 0x00000000e1aa0000, 0x00000000e1aa0000)
  to   space 1088K,   0% used [0x00000000e1880000, 0x00000000e1880000, 0x00000000e1990000)
 concurrent mark-sweep generation total 121500K, used 69804K [0x00000000eb4a0000, 0x00000000f2b47000, 0x0000000100000000)
 Metaspace       used 88820K, capacity 93212K, committed 93568K, reserved 1130496K
  class space    used 10710K, capacity 11512K, committed 11648K, reserved 1048576K
2019-06-24T12:18:53.315+0000: 273872.327: [GC (Allocation Failure) 2019-06-24T12:18:53.315+0000: 273872.327: [ParNew: 9689K->871K(9792K), 0.0037340 secs] 79493K->70980K(131292K), 0.0038162 secs] [Times: user=0.00 sys=0.01, real=0.01 secs] 
Heap after GC invocations=2020 (full 161):
 par new generation   total 9792K, used 871K [0x00000000e1000000, 0x00000000e1aa0000, 0x00000000eb4a0000)
  eden space 8704K,   0% used [0x00000000e1000000, 0x00000000e1000000, 0x00000000e1880000)
  from space 1088K,  80% used [0x00000000e1880000, 0x00000000e1959e98, 0x00000000e1990000)
  to   space 1088K,   0% used [0x00000000e1990000, 0x00000000e1990000, 0x00000000e1aa0000)
 concurrent mark-sweep generation total 121500K, used 70109K [0x00000000eb4a0000, 0x00000000f2b47000, 0x0000000100000000)
 Metaspace       used 88820K, capacity 93212K, committed 93568K, reserved 1130496K
  class space    used 10710K, capacity 11512K, committed 11648K, reserved 1048576K
}
2019-06-24T12:18:58.158+0000: 273877.170: Application time: 4.8389894 seconds
2019-06-24T12:18:58.158+0000: 273877.171: Application time: 0.0004336 seconds
2019-06-24T12:18:58.159+0000: 273877.171: Application time: 0.0001797 seconds
2019-06-24T12:18:58.160+0000: 273877.172: Application time: 0.0003435 seconds
2019-06-24T12:18:58.160+0000: 273877.173: Application time: 0.0004093 seconds
2019-06-24T12:18:58.312+0000: 273877.324: Application time: 0.1509474 seconds
2019-06-24T12:18:58.342+0000: 273877.355: Application time: 0.0302603 seconds
2019-06-24T12:19:05.892+0000: 273884.904: Application time: 7.5495381 seconds
2019-06-24T12:19:05.892+0000: 273884.905: Application time: 0.0000872 seconds
2019-06-24T12:19:05.893+0000: 273884.905: Application time: 0.0000812 seconds
2019-06-24T12:19:05.893+0000: 273884.905: Application time: 0.0000744 seconds
2019-06-24T12:19:05.893+0000: 273884.905: Application time: 0.0000778 seconds
2019-06-24T12:19:05.895+0000: 273884.908: Application time: 0.0020939 seconds
2019-06-24T12:19:30.900+0000: 273909.912: Application time: 25.0045784 seconds
2019-06-24T12:19:35.757+0000: 273914.769: Application time: 4.8564067 seconds
2019-06-24T12:19:35.782+0000: 273914.794: Application time: 0.0252531 seconds
2019-06-24T12:19:38.196+0000: 273917.209: Application time: 2.4139872 seconds
2019-06-24T12:19:38.197+0000: 273917.209: Application time: 0.0002666 seconds
2019-06-24T12:19:38.198+0000: 273917.210: Application time: 0.0001643 seconds
2019-06-24T12:19:38.198+0000: 273917.211: Application time: 0.0004532 seconds
2019-06-24T12:19:38.199+0000: 273917.211: Application time: 0.0005786 seconds
2019-06-24T12:19:44.319+0000: 273923.332: Application time: 6.1198889 seconds
2019-06-24T12:19:44.320+0000: 273923.332: Application time: 0.0001715 seconds
2019-06-24T12:19:44.320+0000: 273923.332: Application time: 0.0001691 seconds
2019-06-24T12:19:44.320+0000: 273923.333: Application time: 0.0001663 seconds
2019-06-24T12:19:44.321+0000: 273923.333: Application time: 0.0001463 seconds
2019-06-24T12:19:44.322+0000: 273923.334: Application time: 0.0013345 seconds
2019-06-24T12:20:35.802+0000: 273974.814: Application time: 51.4796199 seconds
2019-06-24T12:20:35.802+0000: 273974.815: Application time: 0.0000775 seconds
2019-06-24T12:20:35.802+0000: 273974.815: Application time: 0.0000578 seconds
2019-06-24T12:20:35.803+0000: 273974.815: Application time: 0.0000567 seconds
2019-06-24T12:20:35.803+0000: 273974.815: Application time: 0.0000571 seconds
2019-06-24T12:20:35.803+0000: 273974.815: Application time: 0.0000627 seconds
2019-06-24T12:20:35.803+0000: 273974.815: Application time: 0.0000510 seconds
2019-06-24T12:20:35.803+0000: 273974.816: Application time: 0.0000606 seconds
2019-06-24T12:20:35.803+0000: 273974.816: Application time: 0.0000523 seconds
2019-06-24T12:20:35.804+0000: 273974.816: Application time: 0.0000524 seconds
2019-06-24T12:21:08.614+0000: 274007.627: Application time: 32.8106034 seconds
{Heap before GC invocations=2020 (full 161):
 par new generation   total 9792K, used 9575K [0x00000000e1000000, 0x00000000e1aa0000, 0x00000000eb4a0000)
  eden space 8704K, 100% used [0x00000000e1000000, 0x00000000e1880000, 0x00000000e1880000)
  from space 1088K,  80% used [0x00000000e1880000, 0x00000000e1959e98, 0x00000000e1990000)
  to   space 1088K,   0% used [0x00000000e1990000, 0x00000000e1990000, 0x00000000e1aa0000)
 concurrent mark-sweep generation total 121500K, used 70109K [0x00000000eb4a0000, 0x00000000f2b47000, 0x0000000100000000)
 Metaspace       used 88841K, capacity 93248K, committed 93568K, reserved 1130496K
  class space    used 10713K, capacity 11518K, committed 11648K, reserved 1048576K
2019-06-24T12:21:08.622+0000: 274007.634: [GC (Allocation Failure) 2019-06-24T12:21:08.622+0000: 274007.634: [ParNew: 9575K->728K(9792K), 0.0043426 secs] 79684K->71190K(131292K), 0.0044350 secs] [Times: user=0.00 sys=0.00, real=0.00 secs] 
Heap after GC invocations=2021 (full 161):
 par new generation   total 9792K, used 728K [0x00000000e1000000, 0x00000000e1aa0000, 0x00000000eb4a0000)
  eden space 8704K,   0% used [0x00000000e1000000, 0x00000000e1000000, 0x00000000e1880000)
  from space 1088K,  66% used [0x00000000e1990000, 0x00000000e1a46200, 0x00000000e1aa0000)
  to   space 1088K,   0% used [0x00000000e1880000, 0x00000000e1880000, 0x00000000e1990000)
 concurrent mark-sweep generation total 121500K, used 70461K [0x00000000eb4a0000, 0x00000000f2b47000, 0x0000000100000000)
 Metaspace       used 88841K, capacity 93248K, committed 93568K, reserved 1130496K
  class space    used 10713K, capacity 11518K, committed 11648K, reserved 1048576K
}
2019-06-24T12:21:13.582+0000: 274012.595: Application time: 4.9557419 seconds
2019-06-24T12:21:13.629+0000: 274012.641: Application time: 0.0464495 seconds
2019-06-24T12:21:14.335+0000: 274013.347: Application time: 0.7054039 seconds
2019-06-24T12:21:14.335+0000: 274013.348: Application time: 0.0001014 seconds
2019-06-24T12:21:14.335+0000: 274013.348: Application time: 0.0000961 seconds
2019-06-24T12:21:14.336+0000: 274013.348: Application time: 0.0002087 seconds
2019-06-24T12:21:14.336+0000: 274013.348: Application time: 0.0001599 seconds
2019-06-24T12:21:18.276+0000: 274017.289: Application time: 3.9399803 seconds
2019-06-24T12:21:18.277+0000: 274017.289: Application time: 0.0001163 seconds
2019-06-24T12:21:18.277+0000: 274017.289: Application time: 0.0000890 seconds
2019-06-24T12:21:18.277+0000: 274017.290: Application time: 0.0000901 seconds
2019-06-24T12:21:18.278+0000: 274017.290: Application time: 0.0000816 seconds
2019-06-24T12:21:18.278+0000: 274017.290: Application time: 0.0000872 seconds
2019-06-24T12:21:18.280+0000: 274017.292: Application time: 0.0019334 seconds
2019-06-24T12:23:18.362+0000: 274137.375: Application time: 120.0820881 seconds
2019-06-24T12:28:28.580+0000: 274447.592: Application time: 310.2173951 seconds
{Heap before GC invocations=2021 (full 161):
 par new generation   total 9792K, used 9432K [0x00000000e1000000, 0x00000000e1aa0000, 0x00000000eb4a0000)
  eden space 8704K, 100% used [0x00000000e1000000, 0x00000000e1880000, 0x00000000e1880000)
  from space 1088K,  66% used [0x00000000e1990000, 0x00000000e1a46200, 0x00000000e1aa0000)
  to   space 1088K,   0% used [0x00000000e1880000, 0x00000000e1880000, 0x00000000e1990000)
 concurrent mark-sweep generation total 121500K, used 70461K [0x00000000eb4a0000, 0x00000000f2b47000, 0x0000000100000000)
 Metaspace       used 88841K, capacity 93248K, committed 93568K, reserved 1130496K
  class space    used 10713K, capacity 11518K, committed 11648K, reserved 1048576K
2019-06-24T12:28:28.580+0000: 274447.593: [GC (Allocation Failure) 2019-06-24T12:28:28.580+0000: 274447.593: [ParNew: 9432K->642K(9792K), 0.0031186 secs] 79894K->71374K(131292K), 0.0031729 secs] [Times: user=0.00 sys=0.00, real=0.00 secs] 
Heap after GC invocations=2022 (full 161):
 par new generation   total 9792K, used 642K [0x00000000e1000000, 0x00000000e1aa0000, 0x00000000eb4a0000)
  eden space 8704K,   0% used [0x00000000e1000000, 0x00000000e1000000, 0x00000000e1880000)
  from space 1088K,  59% used [0x00000000e1880000, 0x00000000e1920bd0, 0x00000000e1990000)
  to   space 1088K,   0% used [0x00000000e1990000, 0x00000000e1990000, 0x00000000e1aa0000)
 concurrent mark-sweep generation total 121500K, used 70731K [0x00000000eb4a0000, 0x00000000f2b47000, 0x0000000100000000)
 Metaspace       used 88841K, capacity 93248K, committed 93568K, reserved 1130496K
  class space    used 10713K, capacity 11518K, committed 11648K, reserved 1048576K
}
2019-06-24T12:32:05.875+0000: 274664.888: Application time: 217.2919179 seconds
2019-06-24T12:32:05.876+0000: 274664.888: Application time: 0.0001553 seconds
2019-06-24T12:32:05.876+0000: 274664.888: Application time: 0.0001594 seconds
2019-06-24T12:32:05.876+0000: 274664.889: Application time: 0.0001495 seconds
2019-06-24T12:32:05.877+0000: 274664.889: Application time: 0.0001402 seconds
2019-06-24T12:32:05.877+0000: 274664.889: Application time: 0.0001426 seconds
2019-06-24T12:32:05.877+0000: 274664.890: Application time: 0.0001830 seconds
2019-06-24T12:32:05.878+0000: 274664.890: Application time: 0.0001405 seconds
2019-06-24T12:32:05.878+0000: 274664.890: Application time: 0.0001345 seconds
2019-06-24T12:32:05.878+0000: 274664.890: Application time: 0.0001400 seconds
2019-06-24T12:35:38.874+0000: 274877.886: Application time: 212.9955142 seconds
{Heap before GC invocations=2022 (full 161):
 par new generation   total 9792K, used 9339K [0x00000000e1000000, 0x00000000e1aa0000, 0x00000000eb4a0000)
  eden space 8704K,  99% used [0x00000000e1000000, 0x00000000e187e090, 0x00000000e1880000)
  from space 1088K,  59% used [0x00000000e1880000, 0x00000000e1920bd0, 0x00000000e1990000)
  to   space 1088K,   0% used [0x00000000e1990000, 0x00000000e1990000, 0x00000000e1aa0000)
 concurrent mark-sweep generation total 121500K, used 70731K [0x00000000eb4a0000, 0x00000000f2b47000, 0x0000000100000000)
 Metaspace       used 88841K, capacity 93248K, committed 93568K, reserved 1130496K
  class space    used 10713K, capacity 11518K, committed 11648K, reserved 1048576K
2019-06-24T12:35:38.874+0000: 274877.886: [GC (Allocation Failure) 2019-06-24T12:35:38.874+0000: 274877.886: [ParNew: 9339K->825K(9792K), 0.0032616 secs] 80070K->71557K(131292K), 0.0033140 secs] [Times: user=0.00 sys=0.01, real=0.00 secs] 
Heap after GC invocations=2023 (full 161):
 par new generation   total 9792K, used 825K [0x00000000e1000000, 0x00000000e1aa0000, 0x00000000eb4a0000)
  eden space 8704K,   0% used [0x00000000e1000000, 0x00000000e1000000, 0x00000000e1880000)
  from space 1088K,  75% used [0x00000000e1990000, 0x00000000e1a5e738, 0x00000000e1aa0000)
  to   space 1088K,   0% used [0x00000000e1880000, 0x00000000e1880000, 0x00000000e1990000)
 concurrent mark-sweep generation total 121500K, used 70731K [0x00000000eb4a0000, 0x00000000f2b47000, 0x0000000100000000)
 Metaspace       used 88841K, capacity 93248K, committed 93568K, reserved 1130496K
  class space    used 10713K, capacity 11518K, committed 11648K, reserved 1048576K
}
2019-06-24T12:38:05.920+0000: 275024.932: Application time: 147.0425869 seconds
2019-06-24T12:39:59.059+0000: 275138.071: Application time: 113.1382344 seconds
2019-06-24T12:41:22.890+0000: 275221.902: Application time: 83.8308114 seconds
{Heap before GC invocations=2023 (full 161):
 par new generation   total 9792K, used 9529K [0x00000000e1000000, 0x00000000e1aa0000, 0x00000000eb4a0000)
  eden space 8704K, 100% used [0x00000000e1000000, 0x00000000e1880000, 0x00000000e1880000)
  from space 1088K,  75% used [0x00000000e1990000, 0x00000000e1a5e738, 0x00000000e1aa0000)
  to   space 1088K,   0% used [0x00000000e1880000, 0x00000000e1880000, 0x00000000e1990000)
 concurrent mark-sweep generation total 121500K, used 70731K [0x00000000eb4a0000, 0x00000000f2b47000, 0x0000000100000000)
 Metaspace       used 88841K, capacity 93248K, committed 93568K, reserved 1130496K
  class space    used 10713K, capacity 11518K, committed 11648K, reserved 1048576K
2019-06-24T12:41:22.890+0000: 275221.902: [GC (Allocation Failure) 2019-06-24T12:41:22.890+0000: 275221.902: [ParNew: 9529K->625K(9792K), 0.0032160 secs] 80261K->71627K(131292K), 0.0032786 secs] [Times: user=0.01 sys=0.00, real=0.00 secs] 
Heap after GC invocations=2024 (full 161):
 par new generation   total 9792K, used 625K [0x00000000e1000000, 0x00000000e1aa0000, 0x00000000eb4a0000)
  eden space 8704K,   0% used [0x00000000e1000000, 0x00000000e1000000, 0x00000000e1880000)
  from space 1088K,  57% used [0x00000000e1880000, 0x00000000e191c5e0, 0x00000000e1990000)
  to   space 1088K,   0% used [0x00000000e1990000, 0x00000000e1990000, 0x00000000e1aa0000)
 concurrent mark-sweep generation total 121500K, used 71001K [0x00000000eb4a0000, 0x00000000f2b47000, 0x0000000100000000)
 Metaspace       used 88841K, capacity 93248K, committed 93568K, reserved 1130496K
  class space    used 10713K, capacity 11518K, committed 11648K, reserved 1048576K
}
2019-06-24T12:41:27.875+0000: 275226.887: Application time: 4.9812032 seconds
2019-06-24T12:41:27.904+0000: 275226.916: Application time: 0.0288651 seconds
2019-06-24T12:41:29.114+0000: 275228.126: Application time: 1.2098139 seconds
2019-06-24T12:41:29.114+0000: 275228.127: Application time: 0.0001992 seconds
2019-06-24T12:41:29.115+0000: 275228.127: Application time: 0.0003361 seconds
2019-06-24T12:41:29.116+0000: 275228.128: Application time: 0.0003257 seconds
2019-06-24T12:41:39.125+0000: 275238.137: Application time: 10.0089749 seconds
2019-06-24T12:41:39.125+0000: 275238.137: Application time: 0.0000703 seconds
2019-06-24T12:41:39.125+0000: 275238.138: Application time: 0.0000728 seconds
2019-06-24T12:41:39.125+0000: 275238.138: Application time: 0.0000647 seconds
2019-06-24T12:41:39.126+0000: 275238.138: Application time: 0.0000584 seconds
2019-06-24T12:41:39.126+0000: 275238.138: Application time: 0.0000637 seconds
2019-06-24T12:41:39.127+0000: 275238.140: Application time: 0.0014214 seconds
2019-06-24T12:42:05.976+0000: 275264.989: Application time: 26.8488638 seconds
2019-06-24T12:42:05.977+0000: 275264.989: Application time: 0.0000794 seconds
2019-06-24T12:42:05.977+0000: 275264.989: Application time: 0.0001921 seconds
2019-06-24T12:42:05.977+0000: 275264.990: Application time: 0.0001417 seconds
2019-06-24T12:42:06.732+0000: 275265.744: Application time: 0.7540331 seconds
2019-06-24T12:42:06.760+0000: 275265.772: Application time: 0.0280422 seconds
2019-06-24T12:42:09.147+0000: 275268.159: Application time: 2.3865752 seconds
2019-06-24T12:42:09.147+0000: 275268.159: Application time: 0.0001556 seconds
2019-06-24T12:42:09.148+0000: 275268.160: Application time: 0.0001857 seconds
2019-06-24T12:42:09.148+0000: 275268.160: Application time: 0.0001779 seconds
2019-06-24T12:42:09.148+0000: 275268.160: Application time: 0.0002310 seconds
2019-06-24T12:42:09.148+0000: 275268.161: Application time: 0.0001493 seconds
2019-06-24T12:42:09.149+0000: 275268.161: Application time: 0.0001951 seconds
2019-06-24T12:42:09.150+0000: 275268.163: Application time: 0.0014668 seconds
2019-06-24T12:43:49.212+0000: 275368.224: Application time: 100.0611728 seconds
2019-06-24T12:43:49.212+0000: 275368.224: Application time: 0.0001768 seconds
2019-06-24T12:43:49.212+0000: 275368.225: Application time: 0.0001164 seconds
2019-06-24T12:43:54.099+0000: 275373.111: Application time: 4.8865663 seconds
2019-06-24T12:43:54.124+0000: 275373.137: Application time: 0.0251829 seconds
2019-06-24T12:43:59.218+0000: 275378.230: Application time: 5.0931982 seconds
2019-06-24T12:43:59.218+0000: 275378.231: Application time: 0.0001206 seconds
2019-06-24T12:43:59.219+0000: 275378.231: Application time: 0.0000887 seconds
2019-06-24T12:43:59.219+0000: 275378.231: Application time: 0.0000942 seconds
2019-06-24T12:43:59.219+0000: 275378.232: Application time: 0.0000875 seconds
2019-06-24T12:43:59.219+0000: 275378.232: Application time: 0.0000877 seconds
2019-06-24T12:43:59.220+0000: 275378.232: Application time: 0.0000939 seconds
2019-06-24T12:43:59.222+0000: 275378.234: Application time: 0.0020483 seconds
2019-06-24T12:43:59.508+0000: 275378.521: Application time: 0.2861826 seconds
{Heap before GC invocations=2024 (full 161):
 par new generation   total 9792K, used 9329K [0x00000000e1000000, 0x00000000e1aa0000, 0x00000000eb4a0000)
  eden space 8704K, 100% used [0x00000000e1000000, 0x00000000e1880000, 0x00000000e1880000)
  from space 1088K,  57% used [0x00000000e1880000, 0x00000000e191c5e0, 0x00000000e1990000)
  to   space 1088K,   0% used [0x00000000e1990000, 0x00000000e1990000, 0x00000000e1aa0000)
 concurrent mark-sweep generation total 121500K, used 71001K [0x00000000eb4a0000, 0x00000000f2b47000, 0x0000000100000000)
 Metaspace       used 88841K, capacity 93248K, committed 93568K, reserved 1130496K
  class space    used 10713K, capacity 11518K, committed 11648K, reserved 1048576K
2019-06-24T12:43:59.509+0000: 275378.521: [GC (Allocation Failure) 2019-06-24T12:43:59.509+0000: 275378.521: [ParNew: 9329K->1088K(9792K), 0.0094632 secs] 80331K->72098K(131292K), 0.0095345 secs] [Times: user=0.01 sys=0.01, real=0.01 secs] 
Heap after GC invocations=2025 (full 161):
 par new generation   total 9792K, used 1088K [0x00000000e1000000, 0x00000000e1aa0000, 0x00000000eb4a0000)
  eden space 8704K,   0% used [0x00000000e1000000, 0x00000000e1000000, 0x00000000e1880000)
  from space 1088K, 100% used [0x00000000e1990000, 0x00000000e1aa0000, 0x00000000e1aa0000)
  to   space 1088K,   0% used [0x00000000e1880000, 0x00000000e1880000, 0x00000000e1990000)
 concurrent mark-sweep generation total 121500K, used 71010K [0x00000000eb4a0000, 0x00000000f2b47000, 0x0000000100000000)
 Metaspace       used 88841K, capacity 93248K, committed 93568K, reserved 1130496K
  class space    used 10713K, capacity 11518K, committed 11648K, reserved 1048576K
}
2019-06-24T12:44:04.506+0000: 275383.519: Application time: 4.9877860 seconds
2019-06-24T12:44:04.544+0000: 275383.557: Application time: 0.0376925 seconds
2019-06-24T12:44:05.983+0000: 275384.996: Application time: 1.4390189 seconds
2019-06-24T12:44:05.984+0000: 275384.996: Application time: 0.0002942 seconds
2019-06-24T12:44:05.985+0000: 275384.997: Application time: 0.0001507 seconds
2019-06-24T12:44:09.228+0000: 275388.241: Application time: 3.2434892 seconds
2019-06-24T12:44:09.229+0000: 275388.241: Application time: 0.0001506 seconds
2019-06-24T12:44:09.229+0000: 275388.242: Application time: 0.0001319 seconds
2019-06-24T12:44:09.230+0000: 275388.242: Application time: 0.0001379 seconds
2019-06-24T12:44:09.230+0000: 275388.242: Application time: 0.0001313 seconds
2019-06-24T12:44:09.230+0000: 275388.243: Application time: 0.0001299 seconds
2019-06-24T12:44:09.231+0000: 275388.243: Application time: 0.0001258 seconds
2019-06-24T12:44:09.231+0000: 275388.244: Application time: 0.0002148 seconds
2019-06-24T12:44:09.232+0000: 275388.244: Application time: 0.0003095 seconds
2019-06-24T12:44:09.232+0000: 275388.245: Application time: 0.0002218 seconds
2019-06-24T12:44:09.235+0000: 275388.247: Application time: 0.0024831 seconds
2019-06-24T12:44:41.721+0000: 275420.733: Application time: 32.4852677 seconds
2019-06-24T12:44:41.747+0000: 275420.759: Application time: 0.0256849 seconds
2019-06-24T12:44:58.104+0000: 275437.116: Application time: 16.3566185 seconds
2019-06-24T12:44:58.130+0000: 275437.142: Application time: 0.0259648 seconds
2019-06-24T12:44:59.271+0000: 275438.283: Application time: 1.1411172 seconds
2019-06-24T12:45:05.987+0000: 275444.999: Application time: 6.7156654 seconds
2019-06-24T12:45:05.987+0000: 275445.000: Application time: 0.0002210 seconds
2019-06-24T12:45:05.988+0000: 275445.000: Application time: 0.0001932 seconds
2019-06-24T12:45:05.988+0000: 275445.000: Application time: 0.0001794 seconds
2019-06-24T12:45:05.988+0000: 275445.001: Application time: 0.0001855 seconds
2019-06-24T12:45:05.989+0000: 275445.001: Application time: 0.0002084 seconds
2019-06-24T12:45:05.989+0000: 275445.002: Application time: 0.0002011 seconds
2019-06-24T12:45:05.990+0000: 275445.002: Application time: 0.0003626 seconds
2019-06-24T12:45:05.990+0000: 275445.002: Application time: 0.0002390 seconds
2019-06-24T12:45:05.992+0000: 275445.004: Application time: 0.0016230 seconds
2019-06-24T12:46:44.568+0000: 275543.580: Application time: 98.5753529 seconds
{Heap before GC invocations=2025 (full 161):
 par new generation   total 9792K, used 9792K [0x00000000e1000000, 0x00000000e1aa0000, 0x00000000eb4a0000)
  eden space 8704K, 100% used [0x00000000e1000000, 0x00000000e1880000, 0x00000000e1880000)
  from space 1088K, 100% used [0x00000000e1990000, 0x00000000e1aa0000, 0x00000000e1aa0000)
  to   space 1088K,   0% used [0x00000000e1880000, 0x00000000e1880000, 0x00000000e1990000)
 concurrent mark-sweep generation total 121500K, used 71010K [0x00000000eb4a0000, 0x00000000f2b47000, 0x0000000100000000)
 Metaspace       used 88881K, capacity 93314K, committed 93568K, reserved 1130496K
  class space    used 10719K, capacity 11529K, committed 11648K, reserved 1048576K
2019-06-24T12:46:44.568+0000: 275543.580: [GC (Allocation Failure) 2019-06-24T12:46:44.568+0000: 275543.580: [ParNew: 9792K->1015K(9792K), 0.0126326 secs] 80802K->72340K(131292K), 0.0127822 secs] [Times: user=0.02 sys=0.00, real=0.02 secs] 
Heap after GC invocations=2026 (full 161):
 par new generation   total 9792K, used 1015K [0x00000000e1000000, 0x00000000e1aa0000, 0x00000000eb4a0000)
  eden space 8704K,   0% used [0x00000000e1000000, 0x00000000e1000000, 0x00000000e1880000)
  from space 1088K,  93% used [0x00000000e1880000, 0x00000000e197dc98, 0x00000000e1990000)
  to   space 1088K,   0% used [0x00000000e1990000, 0x00000000e1990000, 0x00000000e1aa0000)
 concurrent mark-sweep generation total 121500K, used 71325K [0x00000000eb4a0000, 0x00000000f2b47000, 0x0000000100000000)
 Metaspace       used 88881K, capacity 93314K, committed 93568K, reserved 1130496K
  class space    used 10719K, capacity 11529K, committed 11648K, reserved 1048576K
}
2019-06-24T12:46:59.373+0000: 275558.385: Application time: 14.7919455 seconds
2019-06-24T12:46:59.373+0000: 275558.386: Application time: 0.0000761 seconds
2019-06-24T12:46:59.374+0000: 275558.386: Application time: 0.0000852 seconds
2019-06-24T12:46:59.374+0000: 275558.386: Application time: 0.0000590 seconds
2019-06-24T12:46:59.374+0000: 275558.386: Application time: 0.0000630 seconds
2019-06-24T12:47:02.200+0000: 275561.213: Application time: 2.8263934 seconds
2019-06-24T12:47:02.242+0000: 275561.254: Application time: 0.0411361 seconds
2019-06-24T12:47:05.997+0000: 275565.010: Application time: 3.7551477 seconds
2019-06-24T12:47:05.998+0000: 275565.010: Application time: 0.0002800 seconds
2019-06-24T12:47:05.999+0000: 275565.011: Application time: 0.0002606 seconds
2019-06-24T12:47:05.999+0000: 275565.012: Application time: 0.0004102 seconds
2019-06-24T12:47:06.000+0000: 275565.012: Application time: 0.0004354 seconds
2019-06-24T12:47:06.003+0000: 275565.015: Application time: 0.0025474 seconds
2019-06-24T12:48:36.202+0000: 275655.214: Application time: 90.1992876 seconds
2019-06-24T12:48:36.236+0000: 275655.248: Application time: 0.0334548 seconds
2019-06-24T12:48:39.448+0000: 275658.460: Application time: 3.2115577 seconds
2019-06-24T12:48:39.448+0000: 275658.461: Application time: 0.0002567 seconds
2019-06-24T12:48:39.449+0000: 275658.461: Application time: 0.0001993 seconds
2019-06-24T12:48:39.449+0000: 275658.461: Application time: 0.0001230 seconds
2019-06-24T12:48:39.449+0000: 275658.461: Application time: 0.0001033 seconds
2019-06-24T12:48:44.597+0000: 275663.609: Application time: 5.1478112 seconds
2019-06-24T12:48:44.597+0000: 275663.610: Application time: 0.0000749 seconds
2019-06-24T12:48:44.598+0000: 275663.610: Application time: 0.0000592 seconds
2019-06-24T12:48:44.598+0000: 275663.610: Application time: 0.0001780 seconds
2019-06-24T12:48:44.598+0000: 275663.610: Application time: 0.0000500 seconds
2019-06-24T12:48:44.599+0000: 275663.612: Application time: 0.0010295 seconds
2019-06-24T12:48:49.458+0000: 275668.471: Application time: 4.8588093 seconds
2019-06-24T12:49:11.629+0000: 275690.641: Application time: 22.1701420 seconds
{Heap before GC invocations=2026 (full 161):
 par new generation   total 9792K, used 9718K [0x00000000e1000000, 0x00000000e1aa0000, 0x00000000eb4a0000)
  eden space 8704K,  99% used [0x00000000e1000000, 0x00000000e187fce0, 0x00000000e1880000)
  from space 1088K,  93% used [0x00000000e1880000, 0x00000000e197dc98, 0x00000000e1990000)
  to   space 1088K,   0% used [0x00000000e1990000, 0x00000000e1990000, 0x00000000e1aa0000)
 concurrent mark-sweep generation total 121500K, used 71325K [0x00000000eb4a0000, 0x00000000f2b47000, 0x0000000100000000)
 Metaspace       used 88882K, capacity 93314K, committed 93568K, reserved 1130496K
  class space    used 10719K, capacity 11529K, committed 11648K, reserved 1048576K
2019-06-24T12:49:11.629+0000: 275690.641: [GC (Allocation Failure) 2019-06-24T12:49:11.629+0000: 275690.641: [ParNew: 9718K->1088K(9792K), 0.0093024 secs] 81044K->72724K(131292K), 0.0093730 secs] [Times: user=0.01 sys=0.00, real=0.01 secs] 
Heap after GC invocations=2027 (full 161):
 par new generation   total 9792K, used 1088K [0x00000000e1000000, 0x00000000e1aa0000, 0x00000000eb4a0000)
  eden space 8704K,   0% used [0x00000000e1000000, 0x00000000e1000000, 0x00000000e1880000)
  from space 1088K, 100% used [0x00000000e1990000, 0x00000000e1aa0000, 0x00000000e1aa0000)
  to   space 1088K,   0% used [0x00000000e1880000, 0x00000000e1880000, 0x00000000e1990000)
 concurrent mark-sweep generation total 121500K, used 71636K [0x00000000eb4a0000, 0x00000000f2b47000, 0x0000000100000000)
 Metaspace       used 88882K, capacity 93314K, committed 93568K, reserved 1130496K
  class space    used 10719K, capacity 11529K, committed 11648K, reserved 1048576K
}
2019-06-24T12:49:14.602+0000: 275693.614: Application time: 2.9631474 seconds
2019-06-24T12:49:14.602+0000: 275693.614: Application time: 0.0000696 seconds
2019-06-24T12:49:14.602+0000: 275693.614: Application time: 0.0000640 seconds
2019-06-24T12:49:14.602+0000: 275693.615: Application time: 0.0000580 seconds
2019-06-24T12:49:14.602+0000: 275693.615: Application time: 0.0000628 seconds
2019-06-24T12:49:16.626+0000: 275695.638: Application time: 2.0234589 seconds
2019-06-24T12:49:16.666+0000: 275695.679: Application time: 0.0401707 seconds
2019-06-24T12:49:19.480+0000: 275698.493: Application time: 2.8134146 seconds
2019-06-24T12:49:19.481+0000: 275698.493: Application time: 0.0001061 seconds
2019-06-24T12:49:19.481+0000: 275698.493: Application time: 0.0000907 seconds
2019-06-24T12:49:19.481+0000: 275698.494: Application time: 0.0002060 seconds
2019-06-24T12:49:19.482+0000: 275698.494: Application time: 0.0001560 seconds
2019-06-24T12:49:19.484+0000: 275698.496: Application time: 0.0016349 seconds
2019-06-24T12:50:44.617+0000: 275783.630: Application time: 85.1335645 seconds
2019-06-24T12:50:44.618+0000: 275783.630: Application time: 0.0001841 seconds
2019-06-24T12:50:44.618+0000: 275783.631: Application time: 0.0001522 seconds
2019-06-24T12:50:44.619+0000: 275783.631: Application time: 0.0001577 seconds
2019-06-24T12:50:44.619+0000: 275783.632: Application time: 0.0001730 seconds
2019-06-24T12:50:44.620+0000: 275783.632: Application time: 0.0002544 seconds
2019-06-24T12:50:47.805+0000: 275786.817: Application time: 3.1846920 seconds
2019-06-24T12:50:47.832+0000: 275786.845: Application time: 0.0271972 seconds
2019-06-24T12:50:49.543+0000: 275788.555: Application time: 1.7105376 seconds
2019-06-24T12:50:49.543+0000: 275788.556: Application time: 0.0000940 seconds
2019-06-24T12:50:49.544+0000: 275788.556: Application time: 0.0002007 seconds
2019-06-24T12:50:49.544+0000: 275788.556: Application time: 0.0001647 seconds
2019-06-24T12:50:49.546+0000: 275788.558: Application time: 0.0015982 seconds
2019-06-24T12:54:09.699+0000: 275988.711: Application time: 200.1530382 seconds
{Heap before GC invocations=2027 (full 161):
 par new generation   total 9792K, used 9792K [0x00000000e1000000, 0x00000000e1aa0000, 0x00000000eb4a0000)
  eden space 8704K, 100% used [0x00000000e1000000, 0x00000000e1880000, 0x00000000e1880000)
  from space 1088K, 100% used [0x00000000e1990000, 0x00000000e1aa0000, 0x00000000e1aa0000)
  to   space 1088K,   0% used [0x00000000e1880000, 0x00000000e1880000, 0x00000000e1990000)
 concurrent mark-sweep generation total 121500K, used 71636K [0x00000000eb4a0000, 0x00000000f2b47000, 0x0000000100000000)
 Metaspace       used 88882K, capacity 93314K, committed 93568K, reserved 1130496K
  class space    used 10719K, capacity 11529K, committed 11648K, reserved 1048576K
2019-06-24T12:54:09.699+0000: 275988.712: [GC (Allocation Failure) 2019-06-24T12:54:09.699+0000: 275988.712: [ParNew: 9792K->490K(9792K), 0.0035207 secs] 81428K->72732K(131292K), 0.0035867 secs] [Times: user=0.01 sys=0.00, real=0.00 secs] 
Heap after GC invocations=2028 (full 161):
 par new generation   total 9792K, used 490K [0x00000000e1000000, 0x00000000e1aa0000, 0x00000000eb4a0000)
  eden space 8704K,   0% used [0x00000000e1000000, 0x00000000e1000000, 0x00000000e1880000)
  from space 1088K,  45% used [0x00000000e1880000, 0x00000000e18fab30, 0x00000000e1990000)
  to   space 1088K,   0% used [0x00000000e1990000, 0x00000000e1990000, 0x00000000e1aa0000)
 concurrent mark-sweep generation total 121500K, used 72241K [0x00000000eb4a0000, 0x00000000f2b47000, 0x0000000100000000)
 Metaspace       used 88882K, capacity 93314K, committed 93568K, reserved 1130496K
  class space    used 10719K, capacity 11529K, committed 11648K, reserved 1048576K
}
2019-06-24T12:56:39.805+0000: 276138.817: Application time: 150.1015492 seconds
2019-06-24T13:01:29.992+0000: 276429.004: Application time: 290.1868177 seconds
{Heap before GC invocations=2028 (full 161):
 par new generation   total 9792K, used 9194K [0x00000000e1000000, 0x00000000e1aa0000, 0x00000000eb4a0000)
  eden space 8704K, 100% used [0x00000000e1000000, 0x00000000e1880000, 0x00000000e1880000)
  from space 1088K,  45% used [0x00000000e1880000, 0x00000000e18fab30, 0x00000000e1990000)
  to   space 1088K,   0% used [0x00000000e1990000, 0x00000000e1990000, 0x00000000e1aa0000)
 concurrent mark-sweep generation total 121500K, used 72241K [0x00000000eb4a0000, 0x00000000f2b47000, 0x0000000100000000)
 Metaspace       used 88882K, capacity 93314K, committed 93568K, reserved 1130496K
  class space    used 10719K, capacity 11529K, committed 11648K, reserved 1048576K
2019-06-24T13:01:29.992+0000: 276429.004: [GC (Allocation Failure) 2019-06-24T13:01:29.992+0000: 276429.004: [ParNew: 9194K->525K(9792K), 0.0028016 secs] 81436K->72766K(131292K), 0.0028662 secs] [Times: user=0.00 sys=0.00, real=0.00 secs] 
Heap after GC invocations=2029 (full 161):
 par new generation   total 9792K, used 525K [0x00000000e1000000, 0x00000000e1aa0000, 0x00000000eb4a0000)
  eden space 8704K,   0% used [0x00000000e1000000, 0x00000000e1000000, 0x00000000e1880000)
  from space 1088K,  48% used [0x00000000e1990000, 0x00000000e1a13400, 0x00000000e1aa0000)
  to   space 1088K,   0% used [0x00000000e1880000, 0x00000000e1880000, 0x00000000e1990000)
 concurrent mark-sweep generation total 121500K, used 72241K [0x00000000eb4a0000, 0x00000000f2b47000, 0x0000000100000000)
 Metaspace       used 88882K, capacity 93314K, committed 93568K, reserved 1130496K
  class space    used 10719K, capacity 11529K, committed 11648K, reserved 1048576K
}
2019-06-24T13:03:06.067+0000: 276525.079: Application time: 96.0718544 seconds
2019-06-24T13:08:40.313+0000: 276859.326: Application time: 334.2460601 seconds
{Heap before GC invocations=2029 (full 161):
 par new generation   total 9792K, used 9229K [0x00000000e1000000, 0x00000000e1aa0000, 0x00000000eb4a0000)
  eden space 8704K, 100% used [0x00000000e1000000, 0x00000000e1880000, 0x00000000e1880000)
  from space 1088K,  48% used [0x00000000e1990000, 0x00000000e1a13400, 0x00000000e1aa0000)
  to   space 1088K,   0% used [0x00000000e1880000, 0x00000000e1880000, 0x00000000e1990000)
 concurrent mark-sweep generation total 121500K, used 72241K [0x00000000eb4a0000, 0x00000000f2b47000, 0x0000000100000000)
 Metaspace       used 88882K, capacity 93314K, committed 93568K, reserved 1130496K
  class space    used 10719K, capacity 11529K, committed 11648K, reserved 1048576K
2019-06-24T13:08:40.314+0000: 276859.326: [GC (Allocation Failure) 2019-06-24T13:08:40.314+0000: 276859.326: [ParNew: 9229K->654K(9792K), 0.0028485 secs] 81470K->72895K(131292K), 0.0029111 secs] [Times: user=0.00 sys=0.01, real=0.00 secs] 
Heap after GC invocations=2030 (full 161):
 par new generation   total 9792K, used 654K [0x00000000e1000000, 0x00000000e1aa0000, 0x00000000eb4a0000)
  eden space 8704K,   0% used [0x00000000e1000000, 0x00000000e1000000, 0x00000000e1880000)
  from space 1088K,  60% used [0x00000000e1880000, 0x00000000e1923a10, 0x00000000e1990000)
  to   space 1088K,   0% used [0x00000000e1990000, 0x00000000e1990000, 0x00000000e1aa0000)
 concurrent mark-sweep generation total 121500K, used 72241K [0x00000000eb4a0000, 0x00000000f2b47000, 0x0000000100000000)
 Metaspace       used 88882K, capacity 93314K, committed 93568K, reserved 1130496K
  class space    used 10719K, capacity 11529K, committed 11648K, reserved 1048576K
}
2019-06-24T13:10:44.780+0000: 276983.792: Application time: 124.4634838 seconds
2019-06-24T13:10:44.780+0000: 276983.793: Application time: 0.0001366 seconds
2019-06-24T13:10:44.781+0000: 276983.793: Application time: 0.0001058 seconds
2019-06-24T13:10:44.781+0000: 276983.793: Application time: 0.0001266 seconds
2019-06-24T13:10:44.781+0000: 276983.793: Application time: 0.0001092 seconds
2019-06-24T13:10:44.781+0000: 276983.794: Application time: 0.0001236 seconds
2019-06-24T13:10:48.380+0000: 276987.392: Application time: 3.5979950 seconds
2019-06-24T13:10:48.403+0000: 276987.415: Application time: 0.0234186 seconds
2019-06-24T13:10:50.428+0000: 276989.440: Application time: 2.0242376 seconds
2019-06-24T13:10:50.429+0000: 276989.441: Application time: 0.0002443 seconds
2019-06-24T13:10:50.429+0000: 276989.442: Application time: 0.0003513 seconds
2019-06-24T13:10:50.430+0000: 276989.442: Application time: 0.0002675 seconds
2019-06-24T13:10:50.433+0000: 276989.445: Application time: 0.0026803 seconds
2019-06-24T13:11:39.909+0000: 277038.921: Application time: 49.4754411 seconds
2019-06-24T13:11:39.950+0000: 277038.962: Application time: 0.0410527 seconds
2019-06-24T13:11:40.469+0000: 277039.481: Application time: 0.5177303 seconds
2019-06-24T13:11:40.469+0000: 277039.481: Application time: 0.0001640 seconds
2019-06-24T13:11:40.469+0000: 277039.482: Application time: 0.0001625 seconds
2019-06-24T13:11:40.470+0000: 277039.482: Application time: 0.0001521 seconds
2019-06-24T13:11:40.470+0000: 277039.482: Application time: 0.0001474 seconds
2019-06-24T13:11:40.470+0000: 277039.482: Application time: 0.0001454 seconds
2019-06-24T13:11:40.470+0000: 277039.483: Application time: 0.0001505 seconds
2019-06-24T13:11:44.789+0000: 277043.802: Application time: 4.3186156 seconds
2019-06-24T13:11:44.790+0000: 277043.802: Application time: 0.0001746 seconds
2019-06-24T13:11:44.790+0000: 277043.802: Application time: 0.0000587 seconds
2019-06-24T13:11:44.791+0000: 277043.803: Application time: 0.0011163 seconds
2019-06-24T13:12:20.506+0000: 277079.518: Application time: 35.7146527 seconds
{Heap before GC invocations=2030 (full 161):
 par new generation   total 9792K, used 9358K [0x00000000e1000000, 0x00000000e1aa0000, 0x00000000eb4a0000)
  eden space 8704K, 100% used [0x00000000e1000000, 0x00000000e1880000, 0x00000000e1880000)
  from space 1088K,  60% used [0x00000000e1880000, 0x00000000e1923a10, 0x00000000e1990000)
  to   space 1088K,   0% used [0x00000000e1990000, 0x00000000e1990000, 0x00000000e1aa0000)
 concurrent mark-sweep generation total 121500K, used 72241K [0x00000000eb4a0000, 0x00000000f2b47000, 0x0000000100000000)
 Metaspace       used 88882K, capacity 93314K, committed 93568K, reserved 1130496K
  class space    used 10719K, capacity 11529K, committed 11648K, reserved 1048576K
2019-06-24T13:12:20.506+0000: 277079.519: [GC (Allocation Failure) 2019-06-24T13:12:20.507+0000: 277079.519: [ParNew: 9358K->813K(9792K), 0.0060145 secs] 81599K->73227K(131292K), 0.0061509 secs] [Times: user=0.01 sys=0.00, real=0.01 secs] 
Heap after GC invocations=2031 (full 161):
 par new generation   total 9792K, used 813K [0x00000000e1000000, 0x00000000e1aa0000, 0x00000000eb4a0000)
  eden space 8704K,   0% used [0x00000000e1000000, 0x00000000e1000000, 0x00000000e1880000)
  from space 1088K,  74% used [0x00000000e1990000, 0x00000000e1a5b4a8, 0x00000000e1aa0000)
  to   space 1088K,   0% used [0x00000000e1880000, 0x00000000e1880000, 0x00000000e1990000)
 concurrent mark-sweep generation total 121500K, used 72413K [0x00000000eb4a0000, 0x00000000f2b47000, 0x0000000100000000)
 Metaspace       used 88882K, capacity 93314K, committed 93568K, reserved 1130496K
  class space    used 10719K, capacity 11529K, committed 11648K, reserved 1048576K
}
2019-06-24T13:13:10.547+0000: 277129.559: Application time: 50.0342952 seconds
2019-06-24T13:13:10.548+0000: 277129.560: Application time: 0.0001093 seconds
2019-06-24T13:13:10.548+0000: 277129.560: Application time: 0.0000986 seconds
2019-06-24T13:13:10.548+0000: 277129.561: Application time: 0.0002411 seconds
2019-06-24T13:13:10.549+0000: 277129.561: Application time: 0.0002497 seconds
2019-06-24T13:13:10.549+0000: 277129.562: Application time: 0.0002338 seconds
2019-06-24T13:13:10.550+0000: 277129.562: Application time: 0.0002476 seconds
2019-06-24T13:13:12.795+0000: 277131.808: Application time: 2.2452191 seconds
2019-06-24T13:13:12.820+0000: 277131.832: Application time: 0.0240914 seconds
2019-06-24T13:13:14.801+0000: 277133.814: Application time: 1.9814707 seconds
2019-06-24T13:13:14.802+0000: 277133.814: Application time: 0.0004154 seconds
2019-06-24T13:13:14.802+0000: 277133.815: Application time: 0.0003000 seconds
2019-06-24T13:13:14.806+0000: 277133.818: Application time: 0.0028145 seconds
2019-06-24T13:13:20.558+0000: 277139.570: Application time: 5.7519201 seconds
2019-06-24T13:13:50.583+0000: 277169.595: Application time: 30.0247129 seconds
2019-06-24T13:13:50.584+0000: 277169.596: Application time: 0.0001485 seconds
2019-06-24T13:13:50.584+0000: 277169.596: Application time: 0.0001315 seconds
2019-06-24T13:13:50.584+0000: 277169.597: Application time: 0.0001651 seconds
2019-06-24T13:13:50.585+0000: 277169.597: Application time: 0.0001310 seconds
2019-06-24T13:13:50.585+0000: 277169.598: Application time: 0.0001289 seconds
2019-06-24T13:13:50.586+0000: 277169.598: Application time: 0.0001278 seconds
2019-06-24T13:13:50.586+0000: 277169.598: Application time: 0.0001342 seconds
2019-06-24T13:13:50.587+0000: 277169.599: Application time: 0.0002852 seconds
2019-06-24T13:13:50.587+0000: 277169.599: Application time: 0.0001195 seconds
2019-06-24T13:13:53.700+0000: 277172.713: Application time: 3.1131440 seconds
2019-06-24T13:13:53.736+0000: 277172.748: Application time: 0.0354381 seconds
2019-06-24T13:14:00.598+0000: 277179.611: Application time: 6.8620387 seconds
2019-06-24T13:14:24.737+0000: 277203.749: Application time: 24.1383639 seconds
{Heap before GC invocations=2031 (full 161):
 par new generation   total 9792K, used 9517K [0x00000000e1000000, 0x00000000e1aa0000, 0x00000000eb4a0000)
  eden space 8704K, 100% used [0x00000000e1000000, 0x00000000e1880000, 0x00000000e1880000)
  from space 1088K,  74% used [0x00000000e1990000, 0x00000000e1a5b4a8, 0x00000000e1aa0000)
  to   space 1088K,   0% used [0x00000000e1880000, 0x00000000e1880000, 0x00000000e1990000)
 concurrent mark-sweep generation total 121500K, used 72413K [0x00000000eb4a0000, 0x00000000f2b47000, 0x0000000100000000)
 Metaspace       used 88882K, capacity 93314K, committed 93568K, reserved 1130496K
  class space    used 10719K, capacity 11529K, committed 11648K, reserved 1048576K
2019-06-24T13:14:24.737+0000: 277203.749: [GC (Allocation Failure) 2019-06-24T13:14:24.737+0000: 277203.750: [ParNew: 9517K->974K(9792K), 0.0040059 secs] 81931K->73459K(131292K), 0.0041011 secs] [Times: user=0.01 sys=0.00, real=0.01 secs] 
Heap after GC invocations=2032 (full 161):
 par new generation   total 9792K, used 974K [0x00000000e1000000, 0x00000000e1aa0000, 0x00000000eb4a0000)
  eden space 8704K,   0% used [0x00000000e1000000, 0x00000000e1000000, 0x00000000e1880000)
  from space 1088K,  89% used [0x00000000e1880000, 0x00000000e1973978, 0x00000000e1990000)
  to   space 1088K,   0% used [0x00000000e1990000, 0x00000000e1990000, 0x00000000e1aa0000)
 concurrent mark-sweep generation total 121500K, used 72485K [0x00000000eb4a0000, 0x00000000f2b47000, 0x0000000100000000)
 Metaspace       used 88882K, capacity 93314K, committed 93568K, reserved 1130496K
  class space    used 10719K, capacity 11529K, committed 11648K, reserved 1048576K
}
2019-06-24T13:14:29.713+0000: 277208.726: Application time: 4.9719899 seconds
2019-06-24T13:14:29.755+0000: 277208.767: Application time: 0.0413404 seconds
2019-06-24T13:14:30.621+0000: 277209.634: Application time: 0.8661399 seconds
2019-06-24T13:14:30.622+0000: 277209.634: Application time: 0.0001570 seconds
2019-06-24T13:14:30.622+0000: 277209.634: Application time: 0.0001490 seconds
2019-06-24T13:14:30.623+0000: 277209.635: Application time: 0.0001422 seconds
2019-06-24T13:14:30.624+0000: 277209.636: Application time: 0.0001296 seconds
2019-06-24T13:14:30.624+0000: 277209.636: Application time: 0.0001324 seconds
2019-06-24T13:14:30.624+0000: 277209.637: Application time: 0.0001270 seconds
2019-06-24T13:14:30.625+0000: 277209.637: Application time: 0.0001346 seconds
2019-06-24T13:14:30.625+0000: 277209.638: Application time: 0.0003579 seconds
2019-06-24T13:14:30.626+0000: 277209.638: Application time: 0.0001108 seconds
2019-06-24T13:14:40.635+0000: 277219.647: Application time: 10.0090255 seconds
2019-06-24T13:14:40.637+0000: 277219.649: Application time: 0.0015823 seconds
2019-06-24T13:14:56.379+0000: 277235.391: Application time: 15.7418225 seconds
2019-06-24T13:14:56.411+0000: 277235.424: Application time: 0.0324233 seconds
2019-06-24T13:15:00.652+0000: 277239.664: Application time: 4.2401139 seconds
2019-06-24T13:15:00.652+0000: 277239.664: Application time: 0.0001090 seconds
2019-06-24T13:15:00.652+0000: 277239.665: Application time: 0.0000809 seconds
2019-06-24T13:15:00.653+0000: 277239.665: Application time: 0.0000749 seconds
2019-06-24T13:15:00.653+0000: 277239.665: Application time: 0.0000950 seconds
2019-06-24T13:15:00.653+0000: 277239.665: Application time: 0.0000742 seconds
2019-06-24T13:15:00.653+0000: 277239.666: Application time: 0.0000797 seconds
2019-06-24T13:15:00.654+0000: 277239.666: Application time: 0.0001768 seconds
2019-06-24T13:15:00.654+0000: 277239.666: Application time: 0.0001520 seconds
2019-06-24T13:15:06.099+0000: 277245.111: Application time: 5.4446805 seconds
2019-06-24T13:15:06.102+0000: 277245.115: Application time: 0.0032019 seconds
2019-06-24T13:16:44.833+0000: 277343.845: Application time: 98.7302623 seconds
2019-06-24T13:16:44.833+0000: 277343.846: Application time: 0.0000852 seconds
2019-06-24T13:16:44.834+0000: 277343.846: Application time: 0.0000813 seconds
2019-06-24T13:16:44.834+0000: 277343.846: Application time: 0.0000748 seconds
2019-06-24T13:16:44.834+0000: 277343.846: Application time: 0.0000744 seconds
2019-06-24T13:16:44.834+0000: 277343.847: Application time: 0.0000747 seconds
2019-06-24T13:16:44.835+0000: 277343.847: Application time: 0.0000792 seconds
2019-06-24T13:16:44.835+0000: 277343.847: Application time: 0.0001903 seconds
2019-06-24T13:16:44.835+0000: 277343.847: Application time: 0.0001423 seconds
2019-06-24T13:16:46.411+0000: 277345.423: Application time: 1.5756936 seconds
2019-06-24T13:16:46.444+0000: 277345.456: Application time: 0.0323918 seconds
2019-06-24T13:16:50.725+0000: 277349.737: Application time: 4.2808355 seconds
2019-06-24T13:16:50.727+0000: 277349.739: Application time: 0.0016830 seconds
2019-06-24T13:18:06.107+0000: 277425.119: Application time: 75.3797757 seconds
{Heap before GC invocations=2032 (full 161):
 par new generation   total 9792K, used 9678K [0x00000000e1000000, 0x00000000e1aa0000, 0x00000000eb4a0000)
  eden space 8704K, 100% used [0x00000000e1000000, 0x00000000e1880000, 0x00000000e1880000)
  from space 1088K,  89% used [0x00000000e1880000, 0x00000000e1973978, 0x00000000e1990000)
  to   space 1088K,   0% used [0x00000000e1990000, 0x00000000e1990000, 0x00000000e1aa0000)
 concurrent mark-sweep generation total 121500K, used 72485K [0x00000000eb4a0000, 0x00000000f2b47000, 0x0000000100000000)
 Metaspace       used 88882K, capacity 93314K, committed 93568K, reserved 1130496K
  class space    used 10719K, capacity 11529K, committed 11648K, reserved 1048576K
2019-06-24T13:18:06.107+0000: 277425.119: [GC (Allocation Failure) 2019-06-24T13:18:06.107+0000: 277425.119: [ParNew: 9678K->755K(9792K), 0.0037155 secs] 82163K->73674K(131292K), 0.0037824 secs] [Times: user=0.00 sys=0.00, real=0.01 secs] 
Heap after GC invocations=2033 (full 161):
 par new generation   total 9792K, used 755K [0x00000000e1000000, 0x00000000e1aa0000, 0x00000000eb4a0000)
  eden space 8704K,   0% used [0x00000000e1000000, 0x00000000e1000000, 0x00000000e1880000)
  from space 1088K,  69% used [0x00000000e1990000, 0x00000000e1a4cdc8, 0x00000000e1aa0000)
  to   space 1088K,   0% used [0x00000000e1880000, 0x00000000e1880000, 0x00000000e1990000)
 concurrent mark-sweep generation total 121500K, used 72919K [0x00000000eb4a0000, 0x00000000f2b47000, 0x0000000100000000)
 Metaspace       used 88882K, capacity 93314K, committed 93568K, reserved 1130496K
  class space    used 10719K, capacity 11529K, committed 11648K, reserved 1048576K
}
2019-06-24T13:18:06.111+0000: 277425.123: Application time: 0.0003408 seconds
2019-06-24T13:18:06.111+0000: 277425.124: [GC (CMS Initial Mark) [1 CMS-initial-mark: 72919K(121500K)] 73712K(131292K), 0.0027999 secs] [Times: user=0.01 sys=0.00, real=0.00 secs] 
2019-06-24T13:18:06.114+0000: 277425.126: [CMS-concurrent-mark-start]
2019-06-24T13:18:06.237+0000: 277425.249: [CMS-concurrent-mark: 0.123/0.123 secs] [Times: user=0.12 sys=0.00, real=0.12 secs] 
2019-06-24T13:18:06.237+0000: 277425.249: [CMS-concurrent-preclean-start]
2019-06-24T13:18:06.239+0000: 277425.251: [CMS-concurrent-preclean: 0.002/0.002 secs] [Times: user=0.00 sys=0.00, real=0.01 secs] 
2019-06-24T13:18:06.239+0000: 277425.251: Application time: 0.1246739 seconds
2019-06-24T13:18:06.239+0000: 277425.251: [GC (CMS Final Remark) [YG occupancy: 912 K (9792 K)]2019-06-24T13:18:06.239+0000: 277425.251: [Rescan (parallel) , 0.0016761 secs]2019-06-24T13:18:06.241+0000: 277425.253: [weak refs processing, 0.0023383 secs]2019-06-24T13:18:06.243+0000: 277425.255: [class unloading, 0.0302096 secs]2019-06-24T13:18:06.273+0000: 277425.286: [scrub symbol table, 0.0231102 secs]2019-06-24T13:18:06.296+0000: 277425.309: [scrub string table, 0.0015257 secs][1 CMS-remark: 72919K(121500K)] 73831K(131292K), 0.0727439 secs] [Times: user=0.07 sys=0.00, real=0.07 secs] 
2019-06-24T13:18:06.312+0000: 277425.324: Application time: 0.0002325 seconds
2019-06-24T13:18:06.312+0000: 277425.325: [CMS-concurrent-sweep-start]
2019-06-24T13:18:06.344+0000: 277425.357: [CMS-concurrent-sweep: 0.032/0.032 secs] [Times: user=0.03 sys=0.00, real=0.03 secs] 
2019-06-24T13:18:06.345+0000: 277425.357: [CMS-concurrent-reset-start]
2019-06-24T13:18:06.345+0000: 277425.357: [CMS-concurrent-reset: 0.001/0.001 secs] [Times: user=0.00 sys=0.00, real=0.00 secs] 
2019-06-24T13:18:07.312+0000: 277426.325: Application time: 1.0002165 seconds
2019-06-24T13:18:11.313+0000: 277430.325: Application time: 4.0006054 seconds
2019-06-24T13:18:14.314+0000: 277433.326: Application time: 3.0004403 seconds
2019-06-24T13:18:14.846+0000: 277433.859: Application time: 0.5323692 seconds
2019-06-24T13:18:14.847+0000: 277433.859: Application time: 0.0000805 seconds
2019-06-24T13:18:14.847+0000: 277433.859: Application time: 0.0000723 seconds
2019-06-24T13:18:14.847+0000: 277433.859: Application time: 0.0000672 seconds
2019-06-24T13:18:14.847+0000: 277433.860: Application time: 0.0000660 seconds
2019-06-24T13:18:14.848+0000: 277433.860: Application time: 0.0000860 seconds
2019-06-24T13:18:14.848+0000: 277433.861: Application time: 0.0001170 seconds
2019-06-24T13:18:14.849+0000: 277433.861: Application time: 0.0003265 seconds
2019-06-24T13:18:14.849+0000: 277433.862: Application time: 0.0002024 seconds
2019-06-24T13:18:19.184+0000: 277438.197: Application time: 4.3348717 seconds
2019-06-24T13:18:19.221+0000: 277438.233: Application time: 0.0363232 seconds
2019-06-24T13:18:20.786+0000: 277439.799: Application time: 1.5653197 seconds
2019-06-24T13:18:20.787+0000: 277439.799: Application time: 0.0000705 seconds
2019-06-24T13:18:20.787+0000: 277439.799: Application time: 0.0000648 seconds
2019-06-24T13:18:20.787+0000: 277439.799: Application time: 0.0000582 seconds
2019-06-24T13:18:20.787+0000: 277439.800: Application time: 0.0000616 seconds
2019-06-24T13:18:20.789+0000: 277439.801: Application time: 0.0013660 seconds
2019-06-24T13:18:28.790+0000: 277447.803: Application time: 8.0013935 seconds
2019-06-24T13:18:36.792+0000: 277455.804: Application time: 8.0013761 seconds
2019-06-24T13:18:59.795+0000: 277478.807: Application time: 23.0032754 seconds
2019-06-24T13:19:00.813+0000: 277479.826: Application time: 1.0180645 seconds
2019-06-24T13:19:00.814+0000: 277479.826: Application time: 0.0001785 seconds
2019-06-24T13:19:00.814+0000: 277479.826: Application time: 0.0001612 seconds
2019-06-24T13:19:00.815+0000: 277479.827: Application time: 0.0002311 seconds
2019-06-24T13:19:00.815+0000: 277479.827: Application time: 0.0001857 seconds
2019-06-24T13:19:04.749+0000: 277483.762: Application time: 3.9343054 seconds
2019-06-24T13:19:04.779+0000: 277483.792: Application time: 0.0296338 seconds
2019-06-24T13:19:06.127+0000: 277485.139: Application time: 1.3470374 seconds
2019-06-24T13:19:06.127+0000: 277485.139: Application time: 0.0000974 seconds
2019-06-24T13:19:06.127+0000: 277485.139: Application time: 0.0000892 seconds
2019-06-24T13:19:06.127+0000: 277485.140: Application time: 0.0000816 seconds
2019-06-24T13:19:06.128+0000: 277485.140: Application time: 0.0000869 seconds
2019-06-24T13:19:06.129+0000: 277485.142: Application time: 0.0017410 seconds
2019-06-24T13:19:29.134+0000: 277508.146: Application time: 23.0044274 seconds
2019-06-24T13:20:11.140+0000: 277550.152: Application time: 42.0058213 seconds
2019-06-24T13:20:32.667+0000: 277571.680: Application time: 21.5272504 seconds
{Heap before GC invocations=2033 (full 162):
 par new generation   total 9792K, used 9459K [0x00000000e1000000, 0x00000000e1aa0000, 0x00000000eb4a0000)
  eden space 8704K, 100% used [0x00000000e1000000, 0x00000000e1880000, 0x00000000e1880000)
  from space 1088K,  69% used [0x00000000e1990000, 0x00000000e1a4cdc8, 0x00000000e1aa0000)
  to   space 1088K,   0% used [0x00000000e1880000, 0x00000000e1880000, 0x00000000e1990000)
 concurrent mark-sweep generation total 121500K, used 69304K [0x00000000eb4a0000, 0x00000000f2b47000, 0x0000000100000000)
 Metaspace       used 88814K, capacity 93206K, committed 93568K, reserved 1130496K
  class space    used 10710K, capacity 11511K, committed 11648K, reserved 1048576K
2019-06-24T13:20:32.668+0000: 277571.680: [GC (Allocation Failure) 2019-06-24T13:20:32.668+0000: 277571.680: [ParNew: 9459K->1088K(9792K), 0.0057476 secs] 78763K->70833K(131292K), 0.0058320 secs] [Times: user=0.01 sys=0.00, real=0.01 secs] 
Heap after GC invocations=2034 (full 162):
 par new generation   total 9792K, used 1088K [0x00000000e1000000, 0x00000000e1aa0000, 0x00000000eb4a0000)
  eden space 8704K,   0% used [0x00000000e1000000, 0x00000000e1000000, 0x00000000e1880000)
  from space 1088K, 100% used [0x00000000e1880000, 0x00000000e1990000, 0x00000000e1990000)
  to   space 1088K,   0% used [0x00000000e1990000, 0x00000000e1990000, 0x00000000e1aa0000)
 concurrent mark-sweep generation total 121500K, used 69745K [0x00000000eb4a0000, 0x00000000f2b47000, 0x0000000100000000)
 Metaspace       used 88814K, capacity 93206K, committed 93568K, reserved 1130496K
  class space    used 10710K, capacity 11511K, committed 11648K, reserved 1048576K
}
2019-06-24T13:20:37.664+0000: 277576.677: Application time: 4.9907739 seconds
2019-06-24T13:20:37.698+0000: 277576.711: Application time: 0.0337014 seconds
2019-06-24T13:20:40.884+0000: 277579.897: Application time: 3.1858673 seconds
2019-06-24T13:20:40.885+0000: 277579.898: Application time: 0.0001650 seconds
2019-06-24T13:20:40.886+0000: 277579.898: Application time: 0.0001289 seconds
2019-06-24T13:20:40.887+0000: 277579.899: Application time: 0.0004192 seconds
2019-06-24T13:20:40.887+0000: 277579.899: Application time: 0.0003072 seconds
2019-06-24T13:20:44.867+0000: 277583.879: Application time: 3.9796568 seconds
2019-06-24T13:20:44.867+0000: 277583.880: Application time: 0.0001771 seconds
2019-06-24T13:20:44.868+0000: 277583.880: Application time: 0.0001712 seconds
2019-06-24T13:20:44.868+0000: 277583.880: Application time: 0.0001762 seconds
2019-06-24T13:20:44.868+0000: 277583.881: Application time: 0.0001644 seconds
2019-06-24T13:20:44.869+0000: 277583.881: Application time: 0.0001676 seconds
2019-06-24T13:20:44.870+0000: 277583.883: Application time: 0.0014821 seconds
2019-06-24T13:21:06.873+0000: 277605.886: Application time: 22.0030221 seconds
2019-06-24T13:27:01.154+0000: 277960.166: Application time: 354.2804016 seconds
{Heap before GC invocations=2034 (full 162):
 par new generation   total 9792K, used 9792K [0x00000000e1000000, 0x00000000e1aa0000, 0x00000000eb4a0000)
  eden space 8704K, 100% used [0x00000000e1000000, 0x00000000e1880000, 0x00000000e1880000)
  from space 1088K, 100% used [0x00000000e1880000, 0x00000000e1990000, 0x00000000e1990000)
  to   space 1088K,   0% used [0x00000000e1990000, 0x00000000e1990000, 0x00000000e1aa0000)
 concurrent mark-sweep generation total 121500K, used 69745K [0x00000000eb4a0000, 0x00000000f2b47000, 0x0000000100000000)
 Metaspace       used 88818K, capacity 93212K, committed 93568K, reserved 1130496K
  class space    used 10710K, capacity 11512K, committed 11648K, reserved 1048576K
2019-06-24T13:27:01.154+0000: 277960.167: [GC (Allocation Failure) 2019-06-24T13:27:01.154+0000: 277960.167: [ParNew: 9792K->886K(9792K), 0.0041309 secs] 79537K->70925K(131292K), 0.0042202 secs] [Times: user=0.01 sys=0.00, real=0.01 secs] 
Heap after GC invocations=2035 (full 162):
 par new generation   total 9792K, used 886K [0x00000000e1000000, 0x00000000e1aa0000, 0x00000000eb4a0000)
  eden space 8704K,   0% used [0x00000000e1000000, 0x00000000e1000000, 0x00000000e1880000)
  from space 1088K,  81% used [0x00000000e1990000, 0x00000000e1a6d8b8, 0x00000000e1aa0000)
  to   space 1088K,   0% used [0x00000000e1880000, 0x00000000e1880000, 0x00000000e1990000)
 concurrent mark-sweep generation total 121500K, used 70039K [0x00000000eb4a0000, 0x00000000f2b47000, 0x0000000100000000)
 Metaspace       used 88818K, capacity 93212K, committed 93568K, reserved 1130496K
  class space    used 10710K, capacity 11512K, committed 11648K, reserved 1048576K
}
2019-06-24T13:28:06.225+0000: 278025.237: Application time: 65.0663845 seconds
2019-06-24T13:29:43.241+0000: 278122.253: Application time: 97.0152477 seconds
2019-06-24T13:30:01.288+0000: 278140.300: Application time: 18.0471334 seconds
2019-06-24T13:32:36.208+0000: 278295.220: Application time: 154.9197485 seconds
2019-06-24T13:32:36.208+0000: 278295.221: Application time: 0.0000689 seconds
2019-06-24T13:32:36.208+0000: 278295.221: Application time: 0.0000844 seconds
2019-06-24T13:32:36.209+0000: 278295.221: Application time: 0.0003258 seconds
2019-06-24T13:32:36.209+0000: 278295.222: Application time: 0.0001738 seconds
2019-06-24T13:32:36.210+0000: 278295.222: Application time: 0.0001761 seconds
2019-06-24T13:32:36.210+0000: 278295.222: Application time: 0.0001862 seconds
2019-06-24T13:32:36.210+0000: 278295.222: Application time: 0.0001850 seconds
2019-06-24T13:32:36.210+0000: 278295.223: Application time: 0.0001842 seconds
2019-06-24T13:32:36.211+0000: 278295.223: Application time: 0.0001354 seconds
2019-06-24T13:34:11.458+0000: 278390.471: Application time: 95.2473740 seconds
{Heap before GC invocations=2035 (full 162):
 par new generation   total 9792K, used 9590K [0x00000000e1000000, 0x00000000e1aa0000, 0x00000000eb4a0000)
  eden space 8704K, 100% used [0x00000000e1000000, 0x00000000e1880000, 0x00000000e1880000)
  from space 1088K,  81% used [0x00000000e1990000, 0x00000000e1a6d8b8, 0x00000000e1aa0000)
  to   space 1088K,   0% used [0x00000000e1880000, 0x00000000e1880000, 0x00000000e1990000)
 concurrent mark-sweep generation total 121500K, used 70039K [0x00000000eb4a0000, 0x00000000f2b47000, 0x0000000100000000)
 Metaspace       used 88818K, capacity 93212K, committed 93568K, reserved 1130496K
  class space    used 10710K, capacity 11512K, committed 11648K, reserved 1048576K
2019-06-24T13:34:11.459+0000: 278390.471: [GC (Allocation Failure) 2019-06-24T13:34:11.459+0000: 278390.471: [ParNew: 9590K->448K(9792K), 0.0039629 secs] 79629K->70829K(131292K), 0.0040285 secs] [Times: user=0.01 sys=0.00, real=0.00 secs] 
Heap after GC invocations=2036 (full 162):
 par new generation   total 9792K, used 448K [0x00000000e1000000, 0x00000000e1aa0000, 0x00000000eb4a0000)
  eden space 8704K,   0% used [0x00000000e1000000, 0x00000000e1000000, 0x00000000e1880000)
  from space 1088K,  41% used [0x00000000e1880000, 0x00000000e18f03f8, 0x00000000e1990000)
  to   space 1088K,   0% used [0x00000000e1990000, 0x00000000e1990000, 0x00000000e1aa0000)
 concurrent mark-sweep generation total 121500K, used 70380K [0x00000000eb4a0000, 0x00000000f2b47000, 0x0000000100000000)
 Metaspace       used 88818K, capacity 93212K, committed 93568K, reserved 1130496K
  class space    used 10710K, capacity 11512K, committed 11648K, reserved 1048576K
}
2019-06-24T13:40:34.623+0000: 278773.635: Application time: 383.1601742 seconds
{Heap before GC invocations=2036 (full 162):
 par new generation   total 9792K, used 9152K [0x00000000e1000000, 0x00000000e1aa0000, 0x00000000eb4a0000)
  eden space 8704K, 100% used [0x00000000e1000000, 0x00000000e1880000, 0x00000000e1880000)
  from space 1088K,  41% used [0x00000000e1880000, 0x00000000e18f03f8, 0x00000000e1990000)
  to   space 1088K,   0% used [0x00000000e1990000, 0x00000000e1990000, 0x00000000e1aa0000)
 concurrent mark-sweep generation total 121500K, used 70380K [0x00000000eb4a0000, 0x00000000f2b47000, 0x0000000100000000)
 Metaspace       used 88818K, capacity 93212K, committed 93568K, reserved 1130496K
  class space    used 10710K, capacity 11512K, committed 11648K, reserved 1048576K
2019-06-24T13:40:34.623+0000: 278773.636: [GC (Allocation Failure) 2019-06-24T13:40:34.623+0000: 278773.636: [ParNew: 9152K->1016K(9792K), 0.0132280 secs] 79533K->71397K(131292K), 0.0133242 secs] [Times: user=0.01 sys=0.01, real=0.01 secs] 
Heap after GC invocations=2037 (full 162):
 par new generation   total 9792K, used 1016K [0x00000000e1000000, 0x00000000e1aa0000, 0x00000000eb4a0000)
  eden space 8704K,   0% used [0x00000000e1000000, 0x00000000e1000000, 0x00000000e1880000)
  from space 1088K,  93% used [0x00000000e1990000, 0x00000000e1a8e370, 0x00000000e1aa0000)
  to   space 1088K,   0% used [0x00000000e1880000, 0x00000000e1880000, 0x00000000e1990000)
 concurrent mark-sweep generation total 121500K, used 70380K [0x00000000eb4a0000, 0x00000000f2b47000, 0x0000000100000000)
 Metaspace       used 88818K, capacity 93212K, committed 93568K, reserved 1130496K
  class space    used 10710K, capacity 11512K, committed 11648K, reserved 1048576K
}
2019-06-24T13:40:39.619+0000: 278778.631: Application time: 4.9823487 seconds
2019-06-24T13:40:39.667+0000: 278778.679: Application time: 0.0476342 seconds
2019-06-24T13:40:41.720+0000: 278780.732: Application time: 2.0525020 seconds
2019-06-24T13:40:41.720+0000: 278780.732: Application time: 0.0000741 seconds
2019-06-24T13:40:41.720+0000: 278780.733: Application time: 0.0001595 seconds
2019-06-24T13:40:41.721+0000: 278780.733: Application time: 0.0001114 seconds
2019-06-24T13:40:45.057+0000: 278784.070: Application time: 3.3367490 seconds
2019-06-24T13:40:45.058+0000: 278784.070: Application time: 0.0002054 seconds
2019-06-24T13:40:45.058+0000: 278784.071: Application time: 0.0001332 seconds
2019-06-24T13:40:45.059+0000: 278784.071: Application time: 0.0001396 seconds
2019-06-24T13:40:45.059+0000: 278784.072: Application time: 0.0001300 seconds
2019-06-24T13:40:45.060+0000: 278784.072: Application time: 0.0001368 seconds
2019-06-24T13:40:45.063+0000: 278784.075: Application time: 0.0030531 seconds
2019-06-24T13:41:11.739+0000: 278810.751: Application time: 26.6755067 seconds
2019-06-24T13:41:11.739+0000: 278810.751: Application time: 0.0000711 seconds
2019-06-24T13:41:11.740+0000: 278810.752: Application time: 0.0002998 seconds
2019-06-24T13:41:11.740+0000: 278810.752: Application time: 0.0001693 seconds
2019-06-24T13:41:13.975+0000: 278812.987: Application time: 2.2347896 seconds
2019-06-24T13:41:14.000+0000: 278813.012: Application time: 0.0245642 seconds
2019-06-24T13:41:15.068+0000: 278814.080: Application time: 1.0672668 seconds
2019-06-24T13:41:15.068+0000: 278814.080: Application time: 0.0002745 seconds
2019-06-24T13:41:15.068+0000: 278814.081: Application time: 0.0002187 seconds
2019-06-24T13:41:15.069+0000: 278814.081: Application time: 0.0001536 seconds
2019-06-24T13:41:15.069+0000: 278814.082: Application time: 0.0002191 seconds
2019-06-24T13:41:15.070+0000: 278814.082: Application time: 0.0002191 seconds
2019-06-24T13:41:15.070+0000: 278814.082: Application time: 0.0002336 seconds
2019-06-24T13:41:15.072+0000: 278814.085: Application time: 0.0019884 seconds
2019-06-24T13:43:01.814+0000: 278920.827: Application time: 106.7418706 seconds
2019-06-24T13:43:01.815+0000: 278920.827: Application time: 0.0002661 seconds
2019-06-24T13:43:01.815+0000: 278920.828: Application time: 0.0002283 seconds
2019-06-24T13:43:02.250+0000: 278921.263: Application time: 0.4345740 seconds
2019-06-24T13:43:02.276+0000: 278921.288: Application time: 0.0252399 seconds
2019-06-24T13:43:06.212+0000: 278925.225: Application time: 3.9365276 seconds
2019-06-24T13:43:06.213+0000: 278925.225: Application time: 0.0001379 seconds
2019-06-24T13:43:06.213+0000: 278925.225: Application time: 0.0001459 seconds
2019-06-24T13:43:06.213+0000: 278925.226: Application time: 0.0001281 seconds
2019-06-24T13:43:06.214+0000: 278925.226: Application time: 0.0001917 seconds
2019-06-24T13:43:06.214+0000: 278925.226: Application time: 0.0001785 seconds
2019-06-24T13:43:06.214+0000: 278925.227: Application time: 0.0001788 seconds
2019-06-24T13:43:06.216+0000: 278925.228: Application time: 0.0015335 seconds
2019-06-24T13:43:21.835+0000: 278940.848: Application time: 15.6191855 seconds
{Heap before GC invocations=2037 (full 162):
 par new generation   total 9792K, used 9720K [0x00000000e1000000, 0x00000000e1aa0000, 0x00000000eb4a0000)
  eden space 8704K, 100% used [0x00000000e1000000, 0x00000000e1880000, 0x00000000e1880000)
  from space 1088K,  93% used [0x00000000e1990000, 0x00000000e1a8e370, 0x00000000e1aa0000)
  to   space 1088K,   0% used [0x00000000e1880000, 0x00000000e1880000, 0x00000000e1990000)
 concurrent mark-sweep generation total 121500K, used 70380K [0x00000000eb4a0000, 0x00000000f2b47000, 0x0000000100000000)
 Metaspace       used 88818K, capacity 93212K, committed 93568K, reserved 1130496K
  class space    used 10710K, capacity 11512K, committed 11648K, reserved 1048576K
2019-06-24T13:43:21.835+0000: 278940.848: [GC (Allocation Failure) 2019-06-24T13:43:21.836+0000: 278940.848: [ParNew: 9720K->947K(9792K), 0.0080922 secs] 80101K->71413K(131292K), 0.0081382 secs] [Times: user=0.02 sys=0.00, real=0.01 secs] 
Heap after GC invocations=2038 (full 162):
 par new generation   total 9792K, used 947K [0x00000000e1000000, 0x00000000e1aa0000, 0x00000000eb4a0000)
  eden space 8704K,   0% used [0x00000000e1000000, 0x00000000e1000000, 0x00000000e1880000)
  from space 1088K,  87% used [0x00000000e1880000, 0x00000000e196cd50, 0x00000000e1990000)
  to   space 1088K,   0% used [0x00000000e1990000, 0x00000000e1990000, 0x00000000e1aa0000)
 concurrent mark-sweep generation total 121500K, used 70466K [0x00000000eb4a0000, 0x00000000f2b47000, 0x0000000100000000)
 Metaspace       used 88818K, capacity 93212K, committed 93568K, reserved 1130496K
  class space    used 10710K, capacity 11512K, committed 11648K, reserved 1048576K
}
2019-06-24T13:43:37.602+0000: 278956.614: Application time: 15.7578809 seconds
2019-06-24T13:43:37.646+0000: 278956.659: Application time: 0.0441863 seconds
2019-06-24T13:43:41.854+0000: 278960.866: Application time: 4.2071040 seconds
2019-06-24T13:43:41.854+0000: 278960.866: Application time: 0.0001727 seconds
2019-06-24T13:43:41.854+0000: 278960.867: Application time: 0.0001340 seconds
2019-06-24T13:43:45.091+0000: 278964.103: Application time: 3.2363827 seconds
2019-06-24T13:43:45.091+0000: 278964.104: Application time: 0.0002831 seconds
2019-06-24T13:43:45.092+0000: 278964.104: Application time: 0.0002729 seconds
2019-06-24T13:43:45.092+0000: 278964.105: Application time: 0.0002643 seconds
2019-06-24T13:43:45.093+0000: 278964.105: Application time: 0.0002567 seconds
2019-06-24T13:43:45.093+0000: 278964.106: Application time: 0.0002196 seconds
2019-06-24T13:43:45.094+0000: 278964.106: Application time: 0.0002357 seconds
2019-06-24T13:43:45.096+0000: 278964.109: Application time: 0.0023296 seconds
2019-06-24T13:44:01.867+0000: 278980.879: Application time: 16.7701650 seconds
2019-06-24T13:44:01.868+0000: 278980.880: Application time: 0.0001879 seconds
2019-06-24T13:44:01.869+0000: 278980.881: Application time: 0.0003769 seconds
2019-06-24T13:44:01.870+0000: 278980.882: Application time: 0.0002379 seconds
2019-06-24T13:44:03.678+0000: 278982.690: Application time: 1.8069925 seconds
2019-06-24T13:44:03.717+0000: 278982.729: Application time: 0.0390230 seconds
2019-06-24T13:44:06.218+0000: 278985.230: Application time: 2.5004559 seconds
2019-06-24T13:44:06.218+0000: 278985.230: Application time: 0.0001679 seconds
2019-06-24T13:44:06.218+0000: 278985.231: Application time: 0.0002828 seconds
2019-06-24T13:44:06.219+0000: 278985.231: Application time: 0.0001647 seconds
2019-06-24T13:44:06.219+0000: 278985.231: Application time: 0.0001785 seconds
2019-06-24T13:44:06.219+0000: 278985.232: Application time: 0.0001639 seconds
2019-06-24T13:44:06.220+0000: 278985.232: Application time: 0.0001678 seconds
2019-06-24T13:44:06.220+0000: 278985.232: Application time: 0.0003366 seconds
2019-06-24T13:44:06.220+0000: 278985.233: Application time: 0.0001944 seconds
2019-06-24T13:44:06.222+0000: 278985.234: Application time: 0.0012245 seconds
2019-06-24T13:44:41.900+0000: 279020.912: Application time: 35.6781259 seconds
2019-06-24T13:44:45.103+0000: 279024.116: Application time: 3.2030889 seconds
2019-06-24T13:44:45.104+0000: 279024.116: Application time: 0.0001300 seconds
2019-06-24T13:44:45.104+0000: 279024.116: Application time: 0.0001354 seconds
2019-06-24T13:44:45.104+0000: 279024.117: Application time: 0.0001268 seconds
2019-06-24T13:44:45.104+0000: 279024.117: Application time: 0.0001569 seconds
2019-06-24T13:44:45.105+0000: 279024.117: Application time: 0.0001457 seconds
2019-06-24T13:44:45.105+0000: 279024.117: Application time: 0.0001511 seconds
2019-06-24T13:44:45.105+0000: 279024.118: Application time: 0.0002802 seconds
2019-06-24T13:44:45.106+0000: 279024.118: Application time: 0.0001467 seconds
2019-06-24T13:44:45.107+0000: 279024.119: Application time: 0.0010383 seconds
2019-06-24T13:44:45.457+0000: 279024.469: Application time: 0.3501351 seconds
2019-06-24T13:44:45.497+0000: 279024.509: Application time: 0.0396443 seconds
2019-06-24T13:45:15.112+0000: 279054.124: Application time: 29.6148249 seconds
{Heap before GC invocations=2038 (full 162):
 par new generation   total 9792K, used 9651K [0x00000000e1000000, 0x00000000e1aa0000, 0x00000000eb4a0000)
  eden space 8704K, 100% used [0x00000000e1000000, 0x00000000e1880000, 0x00000000e1880000)
  from space 1088K,  87% used [0x00000000e1880000, 0x00000000e196cd50, 0x00000000e1990000)
  to   space 1088K,   0% used [0x00000000e1990000, 0x00000000e1990000, 0x00000000e1aa0000)
 concurrent mark-sweep generation total 121500K, used 70466K [0x00000000eb4a0000, 0x00000000f2b47000, 0x0000000100000000)
 Metaspace       used 88836K, capacity 93242K, committed 93568K, reserved 1130496K
  class space    used 10713K, capacity 11517K, committed 11648K, reserved 1048576K
2019-06-24T13:45:15.112+0000: 279054.125: [GC (Allocation Failure) 2019-06-24T13:45:15.112+0000: 279054.125: [ParNew: 9651K->1088K(9792K), 0.0039497 secs] 80117K->71693K(131292K), 0.0040323 secs] [Times: user=0.00 sys=0.00, real=0.00 secs] 
Heap after GC invocations=2039 (full 162):
 par new generation   total 9792K, used 1088K [0x00000000e1000000, 0x00000000e1aa0000, 0x00000000eb4a0000)
  eden space 8704K,   0% used [0x00000000e1000000, 0x00000000e1000000, 0x00000000e1880000)
  from space 1088K, 100% used [0x00000000e1990000, 0x00000000e1aa0000, 0x00000000e1aa0000)
  to   space 1088K,   0% used [0x00000000e1880000, 0x00000000e1880000, 0x00000000e1990000)
 concurrent mark-sweep generation total 121500K, used 70605K [0x00000000eb4a0000, 0x00000000f2b47000, 0x0000000100000000)
 Metaspace       used 88836K, capacity 93242K, committed 93568K, reserved 1130496K
  class space    used 10713K, capacity 11517K, committed 11648K, reserved 1048576K
}
2019-06-24T13:46:31.969+0000: 279130.981: Application time: 76.8521927 seconds
2019-06-24T13:46:33.923+0000: 279132.936: Application time: 1.9544664 seconds
2019-06-24T13:46:33.953+0000: 279132.965: Application time: 0.0294694 seconds
2019-06-24T13:46:41.977+0000: 279140.990: Application time: 8.0241862 seconds
2019-06-24T13:46:41.979+0000: 279140.991: Application time: 0.0011135 seconds
2019-06-24T13:46:41.979+0000: 279140.992: Application time: 0.0001441 seconds
2019-06-24T13:46:41.980+0000: 279140.992: Application time: 0.0001379 seconds
2019-06-24T13:46:41.980+0000: 279140.993: Application time: 0.0001289 seconds
2019-06-24T13:46:41.981+0000: 279140.993: Application time: 0.0001267 seconds
2019-06-24T13:46:41.981+0000: 279140.993: Application time: 0.0001269 seconds
2019-06-24T13:46:41.981+0000: 279140.994: Application time: 0.0001360 seconds
2019-06-24T13:46:41.982+0000: 279140.994: Application time: 0.0002810 seconds
2019-06-24T13:46:41.982+0000: 279140.994: Application time: 0.0001121 seconds
2019-06-24T13:46:41.985+0000: 279140.997: Application time: 0.0023512 seconds
2019-06-24T13:47:32.018+0000: 279191.030: Application time: 50.0322990 seconds
2019-06-24T13:47:32.018+0000: 279191.031: Application time: 0.0002295 seconds
2019-06-24T13:47:32.018+0000: 279191.031: Application time: 0.0000661 seconds
2019-06-24T13:47:32.019+0000: 279191.031: Application time: 0.0001859 seconds
2019-06-24T13:47:32.019+0000: 279191.032: Application time: 0.0001614 seconds
2019-06-24T13:47:36.709+0000: 279195.721: Application time: 4.6889922 seconds
2019-06-24T13:47:36.734+0000: 279195.747: Application time: 0.0252996 seconds
2019-06-24T13:47:42.030+0000: 279201.042: Application time: 5.2952875 seconds
2019-06-24T13:47:42.030+0000: 279201.042: Application time: 0.0000791 seconds
2019-06-24T13:47:42.030+0000: 279201.043: Application time: 0.0000654 seconds
2019-06-24T13:47:42.031+0000: 279201.043: Application time: 0.0001586 seconds
2019-06-24T13:47:42.031+0000: 279201.043: Application time: 0.0001276 seconds
2019-06-24T13:47:42.032+0000: 279201.044: Application time: 0.0011581 seconds
2019-06-24T13:47:45.138+0000: 279204.150: Application time: 3.1050844 seconds
2019-06-24T13:48:29.436+0000: 279248.448: Application time: 44.2978691 seconds
{Heap before GC invocations=2039 (full 162):
 par new generation   total 9792K, used 9722K [0x00000000e1000000, 0x00000000e1aa0000, 0x00000000eb4a0000)
  eden space 8704K,  99% used [0x00000000e1000000, 0x00000000e186eb80, 0x00000000e1880000)
  from space 1088K, 100% used [0x00000000e1990000, 0x00000000e1aa0000, 0x00000000e1aa0000)
  to   space 1088K,   0% used [0x00000000e1880000, 0x00000000e1880000, 0x00000000e1990000)
 concurrent mark-sweep generation total 121500K, used 70605K [0x00000000eb4a0000, 0x00000000f2b47000, 0x0000000100000000)
 Metaspace       used 88840K, capacity 93248K, committed 93568K, reserved 1130496K
  class space    used 10713K, capacity 11518K, committed 11648K, reserved 1048576K
2019-06-24T13:48:29.436+0000: 279248.448: [GC (Allocation Failure) 2019-06-24T13:48:29.436+0000: 279248.448: [ParNew: 9722K->1055K(9792K), 0.0196666 secs] 80328K->72137K(131292K), 0.0198260 secs] [Times: user=0.03 sys=0.00, real=0.02 secs] 
Heap after GC invocations=2040 (full 162):
 par new generation   total 9792K, used 1055K [0x00000000e1000000, 0x00000000e1aa0000, 0x00000000eb4a0000)
  eden space 8704K,   0% used [0x00000000e1000000, 0x00000000e1000000, 0x00000000e1880000)
  from space 1088K,  97% used [0x00000000e1880000, 0x00000000e1987ff0, 0x00000000e1990000)
  to   space 1088K,   0% used [0x00000000e1990000, 0x00000000e1990000, 0x00000000e1aa0000)
 concurrent mark-sweep generation total 121500K, used 71081K [0x00000000eb4a0000, 0x00000000f2b47000, 0x0000000100000000)
 Metaspace       used 88840K, capacity 93248K, committed 93568K, reserved 1130496K
  class space    used 10713K, capacity 11518K, committed 11648K, reserved 1048576K
}
2019-06-24T13:48:32.075+0000: 279251.087: Application time: 2.6187740 seconds
2019-06-24T13:48:32.075+0000: 279251.088: Application time: 0.0000811 seconds
2019-06-24T13:48:32.075+0000: 279251.088: Application time: 0.0000825 seconds
2019-06-24T13:48:32.076+0000: 279251.088: Application time: 0.0000712 seconds
2019-06-24T13:48:32.076+0000: 279251.088: Application time: 0.0000728 seconds
2019-06-24T13:48:34.430+0000: 279253.442: Application time: 2.3540897 seconds
2019-06-24T13:48:34.487+0000: 279253.499: Application time: 0.0564784 seconds
2019-06-24T13:48:42.082+0000: 279261.095: Application time: 7.5951378 seconds
2019-06-24T13:48:42.083+0000: 279261.095: Application time: 0.0000718 seconds
2019-06-24T13:48:42.083+0000: 279261.095: Application time: 0.0000600 seconds
2019-06-24T13:48:42.083+0000: 279261.095: Application time: 0.0001420 seconds
2019-06-24T13:48:42.083+0000: 279261.096: Application time: 0.0001208 seconds
2019-06-24T13:48:42.085+0000: 279261.097: Application time: 0.0010956 seconds
2019-06-24T13:50:29.780+0000: 279368.793: Application time: 107.6956129 seconds
2019-06-24T13:50:29.805+0000: 279368.817: Application time: 0.0240347 seconds
2019-06-24T13:50:32.152+0000: 279371.165: Application time: 2.3473865 seconds
2019-06-24T13:50:32.153+0000: 279371.165: Application time: 0.0000760 seconds
2019-06-24T13:50:32.153+0000: 279371.165: Application time: 0.0000830 seconds
2019-06-24T13:50:32.153+0000: 279371.165: Application time: 0.0000694 seconds
2019-06-24T13:50:32.153+0000: 279371.166: Application time: 0.0000614 seconds
2019-06-24T13:50:32.153+0000: 279371.166: Application time: 0.0000681 seconds
2019-06-24T13:50:42.159+0000: 279381.172: Application time: 10.0059753 seconds
2019-06-24T13:50:42.160+0000: 279381.172: Application time: 0.0000668 seconds
2019-06-24T13:50:42.160+0000: 279381.172: Application time: 0.0001403 seconds
2019-06-24T13:50:42.160+0000: 279381.173: Application time: 0.0001209 seconds
2019-06-24T13:50:42.162+0000: 279381.174: Application time: 0.0011618 seconds
2019-06-24T13:52:42.244+0000: 279501.256: Application time: 120.0818421 seconds
{Heap before GC invocations=2040 (full 162):
 par new generation   total 9792K, used 9759K [0x00000000e1000000, 0x00000000e1aa0000, 0x00000000eb4a0000)
  eden space 8704K, 100% used [0x00000000e1000000, 0x00000000e1880000, 0x00000000e1880000)
  from space 1088K,  97% used [0x00000000e1880000, 0x00000000e1987ff0, 0x00000000e1990000)
  to   space 1088K,   0% used [0x00000000e1990000, 0x00000000e1990000, 0x00000000e1aa0000)
 concurrent mark-sweep generation total 121500K, used 71081K [0x00000000eb4a0000, 0x00000000f2b47000, 0x0000000100000000)
 Metaspace       used 88841K, capacity 93248K, committed 93568K, reserved 1130496K
  class space    used 10713K, capacity 11518K, committed 11648K, reserved 1048576K
2019-06-24T13:52:42.244+0000: 279501.256: [GC (Allocation Failure) 2019-06-24T13:52:42.244+0000: 279501.256: [ParNew: 9759K->918K(9792K), 0.0037129 secs] 80841K->72338K(131292K), 0.0037852 secs] [Times: user=0.00 sys=0.01, real=0.00 secs] 
Heap after GC invocations=2041 (full 162):
 par new generation   total 9792K, used 918K [0x00000000e1000000, 0x00000000e1aa0000, 0x00000000eb4a0000)
  eden space 8704K,   0% used [0x00000000e1000000, 0x00000000e1000000, 0x00000000e1880000)
  from space 1088K,  84% used [0x00000000e1990000, 0x00000000e1a75918, 0x00000000e1aa0000)
  to   space 1088K,   0% used [0x00000000e1880000, 0x00000000e1880000, 0x00000000e1990000)
 concurrent mark-sweep generation total 121500K, used 71420K [0x00000000eb4a0000, 0x00000000f2b47000, 0x0000000100000000)
 Metaspace       used 88841K, capacity 93248K, committed 93568K, reserved 1130496K
  class space    used 10713K, capacity 11518K, committed 11648K, reserved 1048576K
}
2019-06-24T13:53:06.381+0000: 279525.394: Application time: 24.1337462 seconds
2019-06-24T13:58:06.364+0000: 279825.376: Application time: 299.9822158 seconds
2019-06-24T13:58:06.364+0000: 279825.377: Application time: 0.0002129 seconds
2019-06-24T13:58:06.365+0000: 279825.377: Application time: 0.0002049 seconds
2019-06-24T13:58:06.365+0000: 279825.378: Application time: 0.0002018 seconds
2019-06-24T13:58:06.366+0000: 279825.378: Application time: 0.0002401 seconds
2019-06-24T13:58:06.366+0000: 279825.378: Application time: 0.0002429 seconds
2019-06-24T13:58:06.367+0000: 279825.379: Application time: 0.0002193 seconds
2019-06-24T13:58:06.367+0000: 279825.379: Application time: 0.0002096 seconds
2019-06-24T13:58:06.367+0000: 279825.380: Application time: 0.0001933 seconds
2019-06-24T13:58:06.368+0000: 279825.380: Application time: 0.0002089 seconds
2019-06-24T13:59:52.586+0000: 279931.598: Application time: 106.2180993 seconds
{Heap before GC invocations=2041 (full 162):
 par new generation   total 9792K, used 9622K [0x00000000e1000000, 0x00000000e1aa0000, 0x00000000eb4a0000)
  eden space 8704K, 100% used [0x00000000e1000000, 0x00000000e1880000, 0x00000000e1880000)
  from space 1088K,  84% used [0x00000000e1990000, 0x00000000e1a75918, 0x00000000e1aa0000)
  to   space 1088K,   0% used [0x00000000e1880000, 0x00000000e1880000, 0x00000000e1990000)
 concurrent mark-sweep generation total 121500K, used 71420K [0x00000000eb4a0000, 0x00000000f2b47000, 0x0000000100000000)
 Metaspace       used 88841K, capacity 93248K, committed 93568K, reserved 1130496K
  class space    used 10713K, capacity 11518K, committed 11648K, reserved 1048576K
2019-06-24T13:59:52.586+0000: 279931.599: [GC (Allocation Failure) 2019-06-24T13:59:52.586+0000: 279931.599: [ParNew: 9622K->811K(9792K), 0.0069900 secs] 81042K->72522K(131292K), 0.0071130 secs] [Times: user=0.01 sys=0.00, real=0.01 secs] 
Heap after GC invocations=2042 (full 162):
 par new generation   total 9792K, used 811K [0x00000000e1000000, 0x00000000e1aa0000, 0x00000000eb4a0000)
  eden space 8704K,   0% used [0x00000000e1000000, 0x00000000e1000000, 0x00000000e1880000)
  from space 1088K,  74% used [0x00000000e1880000, 0x00000000e194ae28, 0x00000000e1990000)
  to   space 1088K,   0% used [0x00000000e1990000, 0x00000000e1990000, 0x00000000e1aa0000)
 concurrent mark-sweep generation total 121500K, used 71710K [0x00000000eb4a0000, 0x00000000f2b47000, 0x0000000100000000)
 Metaspace       used 88841K, capacity 93248K, committed 93568K, reserved 1130496K
  class space    used 10713K, capacity 11518K, committed 11648K, reserved 1048576K
}
2019-06-24T14:03:22.736+0000: 280141.748: Application time: 210.1418553 seconds
2019-06-24T14:07:12.889+0000: 280371.901: Application time: 230.1530843 seconds
{Heap before GC invocations=2042 (full 162):
 par new generation   total 9792K, used 9515K [0x00000000e1000000, 0x00000000e1aa0000, 0x00000000eb4a0000)
  eden space 8704K, 100% used [0x00000000e1000000, 0x00000000e1880000, 0x00000000e1880000)
  from space 1088K,  74% used [0x00000000e1880000, 0x00000000e194ae28, 0x00000000e1990000)
  to   space 1088K,   0% used [0x00000000e1990000, 0x00000000e1990000, 0x00000000e1aa0000)
 concurrent mark-sweep generation total 121500K, used 71710K [0x00000000eb4a0000, 0x00000000f2b47000, 0x0000000100000000)
 Metaspace       used 88841K, capacity 93248K, committed 93568K, reserved 1130496K
  class space    used 10713K, capacity 11518K, committed 11648K, reserved 1048576K
2019-06-24T14:07:12.889+0000: 280371.901: [GC (Allocation Failure) 2019-06-24T14:07:12.889+0000: 280371.902: [ParNew: 9515K->598K(9792K), 0.0028861 secs] 81226K->72309K(131292K), 0.0029538 secs] [Times: user=0.00 sys=0.00, real=0.00 secs] 
Heap after GC invocations=2043 (full 162):
 par new generation   total 9792K, used 598K [0x00000000e1000000, 0x00000000e1aa0000, 0x00000000eb4a0000)
  eden space 8704K,   0% used [0x00000000e1000000, 0x00000000e1000000, 0x00000000e1880000)
  from space 1088K,  54% used [0x00000000e1990000, 0x00000000e1a258e8, 0x00000000e1aa0000)
  to   space 1088K,   0% used [0x00000000e1880000, 0x00000000e1880000, 0x00000000e1990000)
 concurrent mark-sweep generation total 121500K, used 71710K [0x00000000eb4a0000, 0x00000000f2b47000, 0x0000000100000000)
 Metaspace       used 88841K, capacity 93248K, committed 93568K, reserved 1130496K
  class space    used 10713K, capacity 11518K, committed 11648K, reserved 1048576K
}
2019-06-24T14:09:59.478+0000: 280538.490: Application time: 166.5855734 seconds
2019-06-24T14:09:59.505+0000: 280538.517: Application time: 0.0268765 seconds
2019-06-24T14:10:02.997+0000: 280542.009: Application time: 3.4917243 seconds
2019-06-24T14:10:02.998+0000: 280542.010: Application time: 0.0001695 seconds
2019-06-24T14:10:02.998+0000: 280542.010: Application time: 0.0002123 seconds
2019-06-24T14:10:02.999+0000: 280542.011: Application time: 0.0001638 seconds
2019-06-24T14:10:02.999+0000: 280542.011: Application time: 0.0001511 seconds
2019-06-24T14:10:03.000+0000: 280542.012: Application time: 0.0001621 seconds
2019-06-24T14:10:06.308+0000: 280545.321: Application time: 3.3083258 seconds
2019-06-24T14:10:06.309+0000: 280545.321: Application time: 0.0000833 seconds
2019-06-24T14:10:06.310+0000: 280545.322: Application time: 0.0002846 seconds
2019-06-24T14:10:06.310+0000: 280545.322: Application time: 0.0002745 seconds
2019-06-24T14:10:06.314+0000: 280545.326: Application time: 0.0029155 seconds
2019-06-24T14:10:29.058+0000: 280568.071: Application time: 22.7444971 seconds
2019-06-24T14:10:29.082+0000: 280568.095: Application time: 0.0236608 seconds
2019-06-24T14:10:33.022+0000: 280572.034: Application time: 3.9392723 seconds
2019-06-24T14:10:33.022+0000: 280572.035: Application time: 0.0000839 seconds
2019-06-24T14:10:33.022+0000: 280572.035: Application time: 0.0000753 seconds
2019-06-24T14:10:33.023+0000: 280572.035: Application time: 0.0000699 seconds
2019-06-24T14:10:33.023+0000: 280572.035: Application time: 0.0000649 seconds
2019-06-24T14:10:33.023+0000: 280572.036: Application time: 0.0001111 seconds
2019-06-24T14:10:33.023+0000: 280572.036: Application time: 0.0000588 seconds
2019-06-24T14:10:43.029+0000: 280582.041: Application time: 10.0053442 seconds
2019-06-24T14:10:43.029+0000: 280582.042: Application time: 0.0001763 seconds
2019-06-24T14:10:43.030+0000: 280582.042: Application time: 0.0001304 seconds
2019-06-24T14:10:43.031+0000: 280582.043: Application time: 0.0011360 seconds
2019-06-24T14:11:03.042+0000: 280602.054: Application time: 20.0105519 seconds
{Heap before GC invocations=2043 (full 162):
 par new generation   total 9792K, used 9302K [0x00000000e1000000, 0x00000000e1aa0000, 0x00000000eb4a0000)
  eden space 8704K, 100% used [0x00000000e1000000, 0x00000000e1880000, 0x00000000e1880000)
  from space 1088K,  54% used [0x00000000e1990000, 0x00000000e1a258e8, 0x00000000e1aa0000)
  to   space 1088K,   0% used [0x00000000e1880000, 0x00000000e1880000, 0x00000000e1990000)
 concurrent mark-sweep generation total 121500K, used 71710K [0x00000000eb4a0000, 0x00000000f2b47000, 0x0000000100000000)
 Metaspace       used 88841K, capacity 93248K, committed 93568K, reserved 1130496K
  class space    used 10713K, capacity 11518K, committed 11648K, reserved 1048576K
2019-06-24T14:11:03.042+0000: 280602.054: [GC (Allocation Failure) 2019-06-24T14:11:03.042+0000: 280602.054: [ParNew: 9302K->749K(9792K), 0.0047996 secs] 81013K->72634K(131292K), 0.0048982 secs] [Times: user=0.01 sys=0.00, real=0.00 secs] 
Heap after GC invocations=2044 (full 162):
 par new generation   total 9792K, used 749K [0x00000000e1000000, 0x00000000e1aa0000, 0x00000000eb4a0000)
  eden space 8704K,   0% used [0x00000000e1000000, 0x00000000e1000000, 0x00000000e1880000)
  from space 1088K,  68% used [0x00000000e1880000, 0x00000000e193b598, 0x00000000e1990000)
  to   space 1088K,   0% used [0x00000000e1990000, 0x00000000e1990000, 0x00000000e1aa0000)
 concurrent mark-sweep generation total 121500K, used 71885K [0x00000000eb4a0000, 0x00000000f2b47000, 0x0000000100000000)
 Metaspace       used 88841K, capacity 93248K, committed 93568K, reserved 1130496K
  class space    used 10713K, capacity 11518K, committed 11648K, reserved 1048576K
}
2019-06-24T14:12:31.124+0000: 280690.137: Application time: 88.0773352 seconds
2019-06-24T14:12:31.158+0000: 280690.171: Application time: 0.0335994 seconds
2019-06-24T14:12:33.105+0000: 280692.118: Application time: 1.9468652 seconds
2019-06-24T14:12:33.106+0000: 280692.118: Application time: 0.0001719 seconds
2019-06-24T14:12:33.106+0000: 280692.119: Application time: 0.0001521 seconds
2019-06-24T14:12:33.107+0000: 280692.120: Application time: 0.0001644 seconds
2019-06-24T14:12:33.108+0000: 280692.120: Application time: 0.0001476 seconds
2019-06-24T14:12:33.108+0000: 280692.121: Application time: 0.0001934 seconds
2019-06-24T14:12:33.109+0000: 280692.121: Application time: 0.0001709 seconds
2019-06-24T14:12:43.120+0000: 280702.132: Application time: 10.0107488 seconds
2019-06-24T14:12:43.120+0000: 280702.132: Application time: 0.0000733 seconds
2019-06-24T14:12:43.120+0000: 280702.133: Application time: 0.0001435 seconds
2019-06-24T14:12:43.121+0000: 280702.133: Application time: 0.0001095 seconds
2019-06-24T14:12:43.122+0000: 280702.134: Application time: 0.0012061 seconds
2019-06-24T14:13:23.147+0000: 280742.160: Application time: 40.0252761 seconds
2019-06-24T14:13:23.148+0000: 280742.160: Application time: 0.0001085 seconds
2019-06-24T14:13:23.148+0000: 280742.160: Application time: 0.0000864 seconds
2019-06-24T14:13:23.148+0000: 280742.161: Application time: 0.0000999 seconds
2019-06-24T14:13:23.149+0000: 280742.161: Application time: 0.0000808 seconds
2019-06-24T14:13:23.149+0000: 280742.161: Application time: 0.0001037 seconds
2019-06-24T14:13:24.348+0000: 280743.360: Application time: 1.1988711 seconds
2019-06-24T14:13:24.373+0000: 280743.385: Application time: 0.0249750 seconds
2019-06-24T14:13:33.156+0000: 280752.168: Application time: 8.7825967 seconds
2019-06-24T14:13:33.156+0000: 280752.169: Application time: 0.0000924 seconds
2019-06-24T14:13:33.157+0000: 280752.169: Application time: 0.0001938 seconds
2019-06-24T14:13:33.157+0000: 280752.169: Application time: 0.0001781 seconds
2019-06-24T14:13:33.159+0000: 280752.171: Application time: 0.0020326 seconds
2019-06-24T14:13:45.836+0000: 280764.848: Application time: 12.6762243 seconds
{Heap before GC invocations=2044 (full 162):
 par new generation   total 9792K, used 9453K [0x00000000e1000000, 0x00000000e1aa0000, 0x00000000eb4a0000)
  eden space 8704K, 100% used [0x00000000e1000000, 0x00000000e1880000, 0x00000000e1880000)
  from space 1088K,  68% used [0x00000000e1880000, 0x00000000e193b598, 0x00000000e1990000)
  to   space 1088K,   0% used [0x00000000e1990000, 0x00000000e1990000, 0x00000000e1aa0000)
 concurrent mark-sweep generation total 121500K, used 71885K [0x00000000eb4a0000, 0x00000000f2b47000, 0x0000000100000000)
 Metaspace       used 88871K, capacity 93296K, committed 93568K, reserved 1130496K
  class space    used 10718K, capacity 11526K, committed 11648K, reserved 1048576K
2019-06-24T14:13:45.836+0000: 280764.848: [GC (Allocation Failure) 2019-06-24T14:13:45.836+0000: 280764.848: [ParNew: 9453K->1088K(9792K), 0.0041504 secs] 81338K->73071K(131292K), 0.0042045 secs] [Times: user=0.01 sys=0.00, real=0.01 secs] 
Heap after GC invocations=2045 (full 162):
 par new generation   total 9792K, used 1088K [0x00000000e1000000, 0x00000000e1aa0000, 0x00000000eb4a0000)
  eden space 8704K,   0% used [0x00000000e1000000, 0x00000000e1000000, 0x00000000e1880000)
  from space 1088K, 100% used [0x00000000e1990000, 0x00000000e1aa0000, 0x00000000e1aa0000)
  to   space 1088K,   0% used [0x00000000e1880000, 0x00000000e1880000, 0x00000000e1990000)
 concurrent mark-sweep generation total 121500K, used 71983K [0x00000000eb4a0000, 0x00000000f2b47000, 0x0000000100000000)
 Metaspace       used 88871K, capacity 93296K, committed 93568K, reserved 1130496K
  class space    used 10718K, capacity 11526K, committed 11648K, reserved 1048576K
}
2019-06-24T14:13:50.834+0000: 280769.846: Application time: 4.9936250 seconds
2019-06-24T14:13:50.867+0000: 280769.879: Application time: 0.0326631 seconds
2019-06-24T14:13:53.175+0000: 280772.187: Application time: 2.3076105 seconds
2019-06-24T14:13:53.175+0000: 280772.187: Application time: 0.0000777 seconds
2019-06-24T14:13:53.175+0000: 280772.188: Application time: 0.0000808 seconds
2019-06-24T14:13:53.176+0000: 280772.188: Application time: 0.0000742 seconds
2019-06-24T14:13:53.176+0000: 280772.188: Application time: 0.0000732 seconds
2019-06-24T14:13:53.176+0000: 280772.188: Application time: 0.0000869 seconds
2019-06-24T14:13:53.176+0000: 280772.188: Application time: 0.0000706 seconds
2019-06-24T14:13:53.177+0000: 280772.189: Application time: 0.0003131 seconds
2019-06-24T14:13:53.177+0000: 280772.189: Application time: 0.0001795 seconds
2019-06-24T14:14:03.183+0000: 280782.196: Application time: 10.0062178 seconds
2019-06-24T14:14:03.187+0000: 280782.199: Application time: 0.0027619 seconds
2019-06-24T14:14:23.206+0000: 280802.218: Application time: 20.0185906 seconds
2019-06-24T14:14:23.206+0000: 280802.218: Application time: 0.0000789 seconds
2019-06-24T14:14:23.206+0000: 280802.219: Application time: 0.0000750 seconds
2019-06-24T14:14:23.206+0000: 280802.219: Application time: 0.0000700 seconds
2019-06-24T14:14:23.207+0000: 280802.219: Application time: 0.0000868 seconds
2019-06-24T14:14:23.207+0000: 280802.219: Application time: 0.0000667 seconds
2019-06-24T14:14:23.207+0000: 280802.219: Application time: 0.0000766 seconds
2019-06-24T14:14:23.207+0000: 280802.220: Application time: 0.0001672 seconds
2019-06-24T14:14:23.208+0000: 280802.220: Application time: 0.0001400 seconds
2019-06-24T14:14:27.197+0000: 280806.209: Application time: 3.9889467 seconds
2019-06-24T14:14:27.223+0000: 280806.235: Application time: 0.0257761 seconds
2019-06-24T14:14:33.214+0000: 280812.226: Application time: 5.9910598 seconds
2019-06-24T14:14:33.216+0000: 280812.228: Application time: 0.0018568 seconds
2019-06-24T14:16:33.091+0000: 280932.103: Application time: 119.8746764 seconds
2019-06-24T14:16:33.126+0000: 280932.139: Application time: 0.0349567 seconds
2019-06-24T14:16:33.302+0000: 280932.315: Application time: 0.1760338 seconds
2019-06-24T14:16:33.303+0000: 280932.315: Application time: 0.0000731 seconds
2019-06-24T14:16:33.303+0000: 280932.315: Application time: 0.0000798 seconds
2019-06-24T14:16:33.303+0000: 280932.315: Application time: 0.0000633 seconds
2019-06-24T14:16:33.303+0000: 280932.316: Application time: 0.0000551 seconds
2019-06-24T14:16:33.304+0000: 280932.316: Application time: 0.0000237 seconds
2019-06-24T14:16:33.304+0000: 280932.316: Application time: 0.0000663 seconds
2019-06-24T14:16:33.304+0000: 280932.316: Application time: 0.0001590 seconds
2019-06-24T14:16:33.304+0000: 280932.317: Application time: 0.0001364 seconds
2019-06-24T14:16:33.306+0000: 280932.318: Application time: 0.0014133 seconds
{Heap before GC invocations=2045 (full 162):
 par new generation   total 9792K, used 9792K [0x00000000e1000000, 0x00000000e1aa0000, 0x00000000eb4a0000)
  eden space 8704K, 100% used [0x00000000e1000000, 0x00000000e1880000, 0x00000000e1880000)
  from space 1088K, 100% used [0x00000000e1990000, 0x00000000e1aa0000, 0x00000000e1aa0000)
  to   space 1088K,   0% used [0x00000000e1880000, 0x00000000e1880000, 0x00000000e1990000)
 concurrent mark-sweep generation total 121500K, used 71983K [0x00000000eb4a0000, 0x00000000f2b47000, 0x0000000100000000)
 Metaspace       used 88882K, capacity 93314K, committed 93568K, reserved 1130496K
  class space    used 10719K, capacity 11529K, committed 11648K, reserved 1048576K
2019-06-24T14:16:33.306+0000: 280932.318: [GC (Allocation Failure) 2019-06-24T14:16:33.306+0000: 280932.318: [ParNew: 9792K->1005K(9792K), 0.0057551 secs] 81775K->73383K(131292K), 0.0058040 secs] [Times: user=0.01 sys=0.00, real=0.01 secs] 
Heap after GC invocations=2046 (full 162):
 par new generation   total 9792K, used 1005K [0x00000000e1000000, 0x00000000e1aa0000, 0x00000000eb4a0000)
  eden space 8704K,   0% used [0x00000000e1000000, 0x00000000e1000000, 0x00000000e1880000)
  from space 1088K,  92% used [0x00000000e1880000, 0x00000000e197b550, 0x00000000e1990000)
  to   space 1088K,   0% used [0x00000000e1990000, 0x00000000e1990000, 0x00000000e1aa0000)
 concurrent mark-sweep generation total 121500K, used 72378K [0x00000000eb4a0000, 0x00000000f2b47000, 0x0000000100000000)
 Metaspace       used 88882K, capacity 93314K, committed 93568K, reserved 1130496K
  class space    used 10719K, capacity 11529K, committed 11648K, reserved 1048576K
}
2019-06-24T14:16:43.318+0000: 280942.330: Application time: 10.0055623 seconds
2019-06-24T14:16:43.320+0000: 280942.332: Application time: 0.0020993 seconds
2019-06-24T14:17:00.648+0000: 280959.661: Application time: 17.3282065 seconds
2019-06-24T14:17:00.699+0000: 280959.711: Application time: 0.0502255 seconds
2019-06-24T14:17:03.330+0000: 280962.343: Application time: 2.6311999 seconds
2019-06-24T14:17:03.331+0000: 280962.343: Application time: 0.0000853 seconds
2019-06-24T14:17:03.331+0000: 280962.343: Application time: 0.0000651 seconds
2019-06-24T14:17:03.331+0000: 280962.343: Application time: 0.0000595 seconds
2019-06-24T14:17:03.331+0000: 280962.344: Application time: 0.0000588 seconds
2019-06-24T14:17:03.332+0000: 280962.344: Application time: 0.0000559 seconds
2019-06-24T14:17:03.332+0000: 280962.344: Application time: 0.0000610 seconds
2019-06-24T14:17:03.332+0000: 280962.345: Application time: 0.0001807 seconds
2019-06-24T14:17:03.333+0000: 280962.345: Application time: 0.0001116 seconds
2019-06-24T14:17:06.337+0000: 280965.349: Application time: 3.0038207 seconds
2019-06-24T14:17:06.337+0000: 280965.349: Application time: 0.0000710 seconds
2019-06-24T14:17:06.337+0000: 280965.349: Application time: 0.0000655 seconds
2019-06-24T14:17:06.337+0000: 280965.349: Application time: 0.0000343 seconds
2019-06-24T14:17:06.337+0000: 280965.350: Application time: 0.0000821 seconds
2019-06-24T14:17:06.339+0000: 280965.351: Application time: 0.0015491 seconds
2019-06-24T14:17:59.052+0000: 281018.064: Application time: 52.7123086 seconds
2019-06-24T14:17:59.078+0000: 281018.090: Application time: 0.0260899 seconds
2019-06-24T14:18:03.379+0000: 281022.392: Application time: 4.3013198 seconds
2019-06-24T14:18:03.380+0000: 281022.392: Application time: 0.0001542 seconds
2019-06-24T14:18:03.381+0000: 281022.393: Application time: 0.0003545 seconds
2019-06-24T14:18:03.381+0000: 281022.393: Application time: 0.0003092 seconds
2019-06-24T14:18:03.382+0000: 281022.394: Application time: 0.0002947 seconds
2019-06-24T14:18:06.341+0000: 281025.353: Application time: 2.9587155 seconds
2019-06-24T14:18:06.341+0000: 281025.353: Application time: 0.0001611 seconds
2019-06-24T14:18:06.341+0000: 281025.354: Application time: 0.0001801 seconds
2019-06-24T14:18:06.342+0000: 281025.354: Application time: 0.0001742 seconds
2019-06-24T14:18:06.342+0000: 281025.354: Application time: 0.0001735 seconds
2019-06-24T14:18:06.344+0000: 281025.356: Application time: 0.0014242 seconds
2019-06-24T14:18:06.517+0000: 281025.529: Application time: 0.1729461 seconds
2019-06-24T14:19:42.993+0000: 281122.005: Application time: 96.4755106 seconds
{Heap before GC invocations=2046 (full 162):
 par new generation   total 9792K, used 9625K [0x00000000e1000000, 0x00000000e1aa0000, 0x00000000eb4a0000)
  eden space 8704K,  99% used [0x00000000e1000000, 0x00000000e186aff8, 0x00000000e1880000)
  from space 1088K,  92% used [0x00000000e1880000, 0x00000000e197b550, 0x00000000e1990000)
  to   space 1088K,   0% used [0x00000000e1990000, 0x00000000e1990000, 0x00000000e1aa0000)
 concurrent mark-sweep generation total 121500K, used 72378K [0x00000000eb4a0000, 0x00000000f2b47000, 0x0000000100000000)
 Metaspace       used 88882K, capacity 93314K, committed 93568K, reserved 1130496K
  class space    used 10719K, capacity 11529K, committed 11648K, reserved 1048576K
2019-06-24T14:19:42.993+0000: 281122.005: [GC (Allocation Failure) 2019-06-24T14:19:42.993+0000: 281122.005: [ParNew: 9625K->846K(9792K), 0.0035816 secs] 82003K->73515K(131292K), 0.0036504 secs] [Times: user=0.00 sys=0.00, real=0.00 secs] 
Heap after GC invocations=2047 (full 162):
 par new generation   total 9792K, used 846K [0x00000000e1000000, 0x00000000e1aa0000, 0x00000000eb4a0000)
  eden space 8704K,   0% used [0x00000000e1000000, 0x00000000e1000000, 0x00000000e1880000)
  from space 1088K,  77% used [0x00000000e1990000, 0x00000000e1a63848, 0x00000000e1aa0000)
  to   space 1088K,   0% used [0x00000000e1880000, 0x00000000e1880000, 0x00000000e1990000)
 concurrent mark-sweep generation total 121500K, used 72668K [0x00000000eb4a0000, 0x00000000f2b47000, 0x0000000100000000)
 Metaspace       used 88882K, capacity 93314K, committed 93568K, reserved 1130496K
  class space    used 10719K, capacity 11529K, committed 11648K, reserved 1048576K
}
2019-06-24T14:19:43.455+0000: 281122.467: Application time: 0.4585161 seconds
2019-06-24T14:19:43.456+0000: 281122.468: Application time: 0.0001713 seconds
2019-06-24T14:19:43.456+0000: 281122.468: Application time: 0.0001614 seconds
2019-06-24T14:19:43.456+0000: 281122.469: Application time: 0.0002013 seconds
2019-06-24T14:19:43.457+0000: 281122.469: Application time: 0.0002013 seconds
2019-06-24T14:19:45.429+0000: 281124.441: Application time: 1.9720709 seconds
2019-06-24T14:19:45.429+0000: 281124.441: Application time: 0.0000654 seconds
2019-06-24T14:19:45.429+0000: 281124.442: Application time: 0.0000535 seconds
2019-06-24T14:19:45.429+0000: 281124.442: Application time: 0.0000583 seconds
2019-06-24T14:19:45.430+0000: 281124.442: Application time: 0.0000529 seconds
2019-06-24T14:19:45.430+0000: 281124.442: Application time: 0.0000569 seconds
2019-06-24T14:19:45.431+0000: 281124.443: Application time: 0.0013497 seconds
2019-06-24T14:19:47.990+0000: 281127.002: Application time: 2.5583222 seconds
2019-06-24T14:19:48.019+0000: 281127.032: Application time: 0.0292323 seconds
2019-06-24T14:20:03.468+0000: 281142.480: Application time: 15.4483650 seconds
2019-06-24T14:25:36.578+0000: 281475.590: Application time: 333.1093730 seconds
{Heap before GC invocations=2047 (full 162):
 par new generation   total 9792K, used 9549K [0x00000000e1000000, 0x00000000e1aa0000, 0x00000000eb4a0000)
  eden space 8704K,  99% used [0x00000000e1000000, 0x00000000e187fc30, 0x00000000e1880000)
  from space 1088K,  77% used [0x00000000e1990000, 0x00000000e1a63848, 0x00000000e1aa0000)
  to   space 1088K,   0% used [0x00000000e1880000, 0x00000000e1880000, 0x00000000e1990000)
 concurrent mark-sweep generation total 121500K, used 72668K [0x00000000eb4a0000, 0x00000000f2b47000, 0x0000000100000000)
 Metaspace       used 88882K, capacity 93314K, committed 93568K, reserved 1130496K
  class space    used 10719K, capacity 11529K, committed 11648K, reserved 1048576K
2019-06-24T14:25:36.578+0000: 281475.590: [GC (Allocation Failure) 2019-06-24T14:25:36.578+0000: 281475.590: [ParNew: 9549K->703K(9792K), 0.0040272 secs] 82218K->73696K(131292K), 0.0041010 secs] [Times: user=0.00 sys=0.01, real=0.01 secs] 
Heap after GC invocations=2048 (full 162):
 par new generation   total 9792K, used 703K [0x00000000e1000000, 0x00000000e1aa0000, 0x00000000eb4a0000)
  eden space 8704K,   0% used [0x00000000e1000000, 0x00000000e1000000, 0x00000000e1880000)
  from space 1088K,  64% used [0x00000000e1880000, 0x00000000e192fde0, 0x00000000e1990000)
  to   space 1088K,   0% used [0x00000000e1990000, 0x00000000e1990000, 0x00000000e1aa0000)
 concurrent mark-sweep generation total 121500K, used 72993K [0x00000000eb4a0000, 0x00000000f2b47000, 0x0000000100000000)
 Metaspace       used 88882K, capacity 93314K, committed 93568K, reserved 1130496K
  class space    used 10719K, capacity 11529K, committed 11648K, reserved 1048576K
}
2019-06-24T14:25:36.582+0000: 281475.595: Application time: 0.0002734 seconds
2019-06-24T14:25:36.583+0000: 281475.595: [GC (CMS Initial Mark) [1 CMS-initial-mark: 72993K(121500K)] 73743K(131292K), 0.0027901 secs] [Times: user=0.00 sys=0.01, real=0.00 secs] 
2019-06-24T14:25:36.586+0000: 281475.598: [CMS-concurrent-mark-start]
2019-06-24T14:25:36.716+0000: 281475.728: [CMS-concurrent-mark: 0.130/0.130 secs] [Times: user=0.13 sys=0.00, real=0.13 secs] 
2019-06-24T14:25:36.716+0000: 281475.728: [CMS-concurrent-preclean-start]
2019-06-24T14:25:36.718+0000: 281475.730: [CMS-concurrent-preclean: 0.002/0.002 secs] [Times: user=0.00 sys=0.00, real=0.00 secs] 
2019-06-24T14:25:36.718+0000: 281475.730: Application time: 0.1321711 seconds
2019-06-24T14:25:36.718+0000: 281475.730: [GC (CMS Final Remark) [YG occupancy: 749 K (9792 K)]2019-06-24T14:25:36.718+0000: 281475.730: [Rescan (parallel) , 0.0021329 secs]2019-06-24T14:25:36.720+0000: 281475.732: [weak refs processing, 0.0023094 secs]2019-06-24T14:25:36.722+0000: 281475.735: [class unloading, 0.0311924 secs]2019-06-24T14:25:36.754+0000: 281475.766: [scrub symbol table, 0.0202030 secs]2019-06-24T14:25:36.774+0000: 281475.786: [scrub string table, 0.0041912 secs][1 CMS-remark: 72993K(121500K)] 73743K(131292K), 0.0747486 secs] [Times: user=0.08 sys=0.00, real=0.08 secs] 
2019-06-24T14:25:36.793+0000: 281475.805: [CMS-concurrent-sweep-start]
2019-06-24T14:25:36.826+0000: 281475.839: [CMS-concurrent-sweep: 0.033/0.033 secs] [Times: user=0.03 sys=0.00, real=0.03 secs] 
2019-06-24T14:25:36.827+0000: 281475.839: [CMS-concurrent-reset-start]
2019-06-24T14:25:36.827+0000: 281475.839: [CMS-concurrent-reset: 0.000/0.000 secs] [Times: user=0.00 sys=0.00, real=0.00 secs] 
2019-06-24T14:25:37.798+0000: 281476.811: Application time: 1.0054593 seconds
2019-06-24T14:25:43.799+0000: 281482.812: Application time: 6.0007586 seconds
2019-06-24T14:26:06.803+0000: 281505.815: Application time: 23.0029743 seconds
2019-06-24T14:26:29.807+0000: 281528.820: Application time: 23.0044104 seconds
2019-06-24T14:26:33.808+0000: 281532.820: Application time: 4.0005608 seconds
2019-06-24T14:27:29.816+0000: 281588.829: Application time: 56.0083197 seconds
2019-06-24T14:27:43.819+0000: 281602.831: Application time: 14.0024201 seconds
2019-06-24T14:32:44.012+0000: 281903.024: Application time: 300.1925566 seconds
{Heap before GC invocations=2048 (full 163):
 par new generation   total 9792K, used 9407K [0x00000000e1000000, 0x00000000e1aa0000, 0x00000000eb4a0000)
  eden space 8704K, 100% used [0x00000000e1000000, 0x00000000e1880000, 0x00000000e1880000)
  from space 1088K,  64% used [0x00000000e1880000, 0x00000000e192fde0, 0x00000000e1990000)
  to   space 1088K,   0% used [0x00000000e1990000, 0x00000000e1990000, 0x00000000e1aa0000)
 concurrent mark-sweep generation total 121500K, used 69220K [0x00000000eb4a0000, 0x00000000f2b47000, 0x0000000100000000)
 Metaspace       used 88820K, capacity 93212K, committed 93568K, reserved 1130496K
  class space    used 10710K, capacity 11512K, committed 11648K, reserved 1048576K
2019-06-24T14:32:44.012+0000: 281903.024: [GC (Allocation Failure) 2019-06-24T14:32:44.012+0000: 281903.024: [ParNew: 9407K->885K(9792K), 0.0032552 secs] 78628K->70105K(131292K), 0.0033096 secs] [Times: user=0.01 sys=0.00, real=0.00 secs] 
Heap after GC invocations=2049 (full 163):
 par new generation   total 9792K, used 885K [0x00000000e1000000, 0x00000000e1aa0000, 0x00000000eb4a0000)
  eden space 8704K,   0% used [0x00000000e1000000, 0x00000000e1000000, 0x00000000e1880000)
  from space 1088K,  81% used [0x00000000e1990000, 0x00000000e1a6d4c8, 0x00000000e1aa0000)
  to   space 1088K,   0% used [0x00000000e1880000, 0x00000000e1880000, 0x00000000e1990000)
 concurrent mark-sweep generation total 121500K, used 69220K [0x00000000eb4a0000, 0x00000000f2b47000, 0x0000000100000000)
 Metaspace       used 88820K, capacity 93212K, committed 93568K, reserved 1130496K
  class space    used 10710K, capacity 11512K, committed 11648K, reserved 1048576K
}
2019-06-24T14:35:37.044+0000: 282076.056: Application time: 173.0285118 seconds
2019-06-24T14:36:26.052+0000: 282125.064: Application time: 49.0076537 seconds
2019-06-24T14:36:44.180+0000: 282143.192: Application time: 18.1274256 seconds
2019-06-24T14:39:34.557+0000: 282313.569: Application time: 170.3764460 seconds
{Heap before GC invocations=2049 (full 163):
 par new generation   total 9792K, used 9585K [0x00000000e1000000, 0x00000000e1aa0000, 0x00000000eb4a0000)
  eden space 8704K,  99% used [0x00000000e1000000, 0x00000000e187f198, 0x00000000e1880000)
  from space 1088K,  81% used [0x00000000e1990000, 0x00000000e1a6d4c8, 0x00000000e1aa0000)
  to   space 1088K,   0% used [0x00000000e1880000, 0x00000000e1880000, 0x00000000e1990000)
 concurrent mark-sweep generation total 121500K, used 69220K [0x00000000eb4a0000, 0x00000000f2b47000, 0x0000000100000000)
 Metaspace       used 88820K, capacity 93212K, committed 93568K, reserved 1130496K
  class space    used 10710K, capacity 11512K, committed 11648K, reserved 1048576K
2019-06-24T14:39:34.557+0000: 282313.569: [GC (Allocation Failure) 2019-06-24T14:39:34.557+0000: 282313.569: [ParNew: 9585K->1057K(9792K), 0.0049596 secs] 78806K->70532K(131292K), 0.0050277 secs] [Times: user=0.00 sys=0.01, real=0.01 secs] 
Heap after GC invocations=2050 (full 163):
 par new generation   total 9792K, used 1057K [0x00000000e1000000, 0x00000000e1aa0000, 0x00000000eb4a0000)
  eden space 8704K,   0% used [0x00000000e1000000, 0x00000000e1000000, 0x00000000e1880000)
  from space 1088K,  97% used [0x00000000e1880000, 0x00000000e1988678, 0x00000000e1990000)
  to   space 1088K,   0% used [0x00000000e1990000, 0x00000000e1990000, 0x00000000e1aa0000)
 concurrent mark-sweep generation total 121500K, used 69474K [0x00000000eb4a0000, 0x00000000f2b47000, 0x0000000100000000)
 Metaspace       used 88820K, capacity 93212K, committed 93568K, reserved 1130496K
  class space    used 10710K, capacity 11512K, committed 11648K, reserved 1048576K
}
2019-06-24T14:39:35.562+0000: 282314.575: Application time: 1.0003045 seconds
2019-06-24T14:39:39.554+0000: 282318.566: Application time: 3.9913439 seconds
2019-06-24T14:39:39.587+0000: 282318.600: Application time: 0.0330730 seconds
2019-06-24T14:39:44.314+0000: 282323.326: Application time: 4.7265769 seconds
2019-06-24T14:39:44.314+0000: 282323.327: Application time: 0.0001492 seconds
2019-06-24T14:39:44.315+0000: 282323.327: Application time: 0.0001611 seconds
2019-06-24T14:39:44.315+0000: 282323.327: Application time: 0.0001220 seconds
2019-06-24T14:39:45.607+0000: 282324.620: Application time: 1.2922693 seconds
2019-06-24T14:39:45.608+0000: 282324.620: Application time: 0.0001676 seconds
2019-06-24T14:39:45.608+0000: 282324.621: Application time: 0.0001340 seconds
2019-06-24T14:39:45.609+0000: 282324.621: Application time: 0.0002198 seconds
2019-06-24T14:39:45.609+0000: 282324.622: Application time: 0.0001836 seconds
2019-06-24T14:39:45.610+0000: 282324.622: Application time: 0.0003307 seconds
2019-06-24T14:39:45.613+0000: 282324.625: Application time: 0.0028447 seconds
2019-06-24T14:40:23.620+0000: 282362.632: Application time: 38.0068058 seconds
2019-06-24T14:40:24.344+0000: 282363.356: Application time: 0.7236488 seconds
2019-06-24T14:40:24.344+0000: 282363.356: Application time: 0.0000680 seconds
2019-06-24T14:40:24.345+0000: 282363.357: Application time: 0.0001777 seconds
2019-06-24T14:40:24.345+0000: 282363.357: Application time: 0.0001194 seconds
2019-06-24T14:40:28.396+0000: 282367.409: Application time: 4.0512025 seconds
2019-06-24T14:40:28.422+0000: 282367.434: Application time: 0.0256422 seconds
2019-06-24T14:40:34.350+0000: 282373.363: Application time: 5.9277969 seconds
2019-06-24T14:40:34.351+0000: 282373.363: Application time: 0.0000943 seconds
2019-06-24T14:40:34.351+0000: 282373.363: Application time: 0.0000814 seconds
2019-06-24T14:40:34.351+0000: 282373.363: Application time: 0.0000868 seconds
2019-06-24T14:40:34.351+0000: 282373.364: Application time: 0.0000806 seconds
2019-06-24T14:40:34.352+0000: 282373.364: Application time: 0.0000800 seconds
2019-06-24T14:40:34.352+0000: 282373.364: Application time: 0.0000862 seconds
2019-06-24T14:40:34.354+0000: 282373.366: Application time: 0.0018169 seconds
2019-06-24T14:42:22.877+0000: 282481.889: Application time: 108.5225311 seconds
{Heap before GC invocations=2050 (full 163):
 par new generation   total 9792K, used 9761K [0x00000000e1000000, 0x00000000e1aa0000, 0x00000000eb4a0000)
  eden space 8704K,  99% used [0x00000000e1000000, 0x00000000e187fda0, 0x00000000e1880000)
  from space 1088K,  97% used [0x00000000e1880000, 0x00000000e1988678, 0x00000000e1990000)
  to   space 1088K,   0% used [0x00000000e1990000, 0x00000000e1990000, 0x00000000e1aa0000)
 concurrent mark-sweep generation total 121500K, used 69474K [0x00000000eb4a0000, 0x00000000f2b47000, 0x0000000100000000)
 Metaspace       used 88826K, capacity 93224K, committed 93568K, reserved 1130496K
  class space    used 10711K, capacity 11514K, committed 11648K, reserved 1048576K
2019-06-24T14:42:22.877+0000: 282481.889: [GC (Allocation Failure) 2019-06-24T14:42:22.877+0000: 282481.889: [ParNew: 9761K->1088K(9792K), 0.0039463 secs] 79235K->70649K(131292K), 0.0040129 secs] [Times: user=0.00 sys=0.00, real=0.01 secs] 
Heap after GC invocations=2051 (full 163):
 par new generation   total 9792K, used 1088K [0x00000000e1000000, 0x00000000e1aa0000, 0x00000000eb4a0000)
  eden space 8704K,   0% used [0x00000000e1000000, 0x00000000e1000000, 0x00000000e1880000)
  from space 1088K, 100% used [0x00000000e1990000, 0x00000000e1aa0000, 0x00000000e1aa0000)
  to   space 1088K,   0% used [0x00000000e1880000, 0x00000000e1880000, 0x00000000e1990000)
 concurrent mark-sweep generation total 121500K, used 69561K [0x00000000eb4a0000, 0x00000000f2b47000, 0x0000000100000000)
 Metaspace       used 88826K, capacity 93224K, committed 93568K, reserved 1130496K
  class space    used 10711K, capacity 11514K, committed 11648K, reserved 1048576K
}
2019-06-24T14:42:24.433+0000: 282483.445: Application time: 1.5515949 seconds
2019-06-24T14:42:24.433+0000: 282483.445: Application time: 0.0000869 seconds
2019-06-24T14:42:24.433+0000: 282483.446: Application time: 0.0001789 seconds
2019-06-24T14:42:24.433+0000: 282483.446: Application time: 0.0000712 seconds
2019-06-24T14:42:27.874+0000: 282486.886: Application time: 3.4403753 seconds
2019-06-24T14:42:27.903+0000: 282486.915: Application time: 0.0285618 seconds
2019-06-24T14:42:34.440+0000: 282493.452: Application time: 6.5363887 seconds
2019-06-24T14:42:34.440+0000: 282493.452: Application time: 0.0000690 seconds
2019-06-24T14:42:34.440+0000: 282493.452: Application time: 0.0000642 seconds
2019-06-24T14:42:34.440+0000: 282493.452: Application time: 0.0000583 seconds
2019-06-24T14:42:34.440+0000: 282493.453: Application time: 0.0000579 seconds
2019-06-24T14:42:34.441+0000: 282493.453: Application time: 0.0000615 seconds
2019-06-24T14:42:34.442+0000: 282493.455: Application time: 0.0015341 seconds
2019-06-24T14:43:04.548+0000: 282523.560: Application time: 30.1052347 seconds
2019-06-24T14:43:06.687+0000: 282525.699: Application time: 2.1386832 seconds
2019-06-24T14:43:09.549+0000: 282528.562: Application time: 2.8622758 seconds
2019-06-24T14:43:09.588+0000: 282528.600: Application time: 0.0382061 seconds
2019-06-24T14:43:15.644+0000: 282534.657: Application time: 6.0561463 seconds
2019-06-24T14:43:15.645+0000: 282534.657: Application time: 0.0001747 seconds
2019-06-24T14:43:15.645+0000: 282534.657: Application time: 0.0002032 seconds
2019-06-24T14:43:15.645+0000: 282534.658: Application time: 0.0001261 seconds
2019-06-24T14:43:20.417+0000: 282539.430: Application time: 4.7717464 seconds
2019-06-24T14:43:20.458+0000: 282539.471: Application time: 0.0408416 seconds
2019-06-24T14:43:24.479+0000: 282543.491: Application time: 4.0204708 seconds
2019-06-24T14:43:24.479+0000: 282543.492: Application time: 0.0000880 seconds
2019-06-24T14:43:24.480+0000: 282543.492: Application time: 0.0000837 seconds
2019-06-24T14:43:24.480+0000: 282543.492: Application time: 0.0000876 seconds
2019-06-24T14:43:24.480+0000: 282543.492: Application time: 0.0000752 seconds
2019-06-24T14:43:24.480+0000: 282543.493: Application time: 0.0000798 seconds
2019-06-24T14:43:24.482+0000: 282543.494: Application time: 0.0016500 seconds
2019-06-24T14:43:45.649+0000: 282564.661: Application time: 21.1667240 seconds
2019-06-24T14:43:45.650+0000: 282564.662: Application time: 0.0001900 seconds
2019-06-24T14:43:45.651+0000: 282564.663: Application time: 0.0003700 seconds
2019-06-24T14:43:45.651+0000: 282564.664: Application time: 0.0002809 seconds
2019-06-24T14:43:45.653+0000: 282564.666: Application time: 0.0014070 seconds
{Heap before GC invocations=2051 (full 163):
 par new generation   total 9792K, used 9792K [0x00000000e1000000, 0x00000000e1aa0000, 0x00000000eb4a0000)
  eden space 8704K, 100% used [0x00000000e1000000, 0x00000000e1880000, 0x00000000e1880000)
  from space 1088K, 100% used [0x00000000e1990000, 0x00000000e1aa0000, 0x00000000e1aa0000)
  to   space 1088K,   0% used [0x00000000e1880000, 0x00000000e1880000, 0x00000000e1990000)
 concurrent mark-sweep generation total 121500K, used 69561K [0x00000000eb4a0000, 0x00000000f2b47000, 0x0000000100000000)
 Metaspace       used 88830K, capacity 93230K, committed 93568K, reserved 1130496K
  class space    used 10712K, capacity 11515K, committed 11648K, reserved 1048576K
2019-06-24T14:43:45.654+0000: 282564.666: [GC (Allocation Failure) 2019-06-24T14:43:45.654+0000: 282564.666: [ParNew: 9792K->806K(9792K), 0.0084463 secs] 79353K->70946K(131292K), 0.0085467 secs] [Times: user=0.02 sys=0.00, real=0.01 secs] 
Heap after GC invocations=2052 (full 163):
 par new generation   total 9792K, used 806K [0x00000000e1000000, 0x00000000e1aa0000, 0x00000000eb4a0000)
  eden space 8704K,   0% used [0x00000000e1000000, 0x00000000e1000000, 0x00000000e1880000)
  from space 1088K,  74% used [0x00000000e1880000, 0x00000000e1949900, 0x00000000e1990000)
  to   space 1088K,   0% used [0x00000000e1990000, 0x00000000e1990000, 0x00000000e1aa0000)
 concurrent mark-sweep generation total 121500K, used 70140K [0x00000000eb4a0000, 0x00000000f2b47000, 0x0000000100000000)
 Metaspace       used 88830K, capacity 93230K, committed 93568K, reserved 1130496K
  class space    used 10712K, capacity 11515K, committed 11648K, reserved 1048576K
}
2019-06-24T14:43:50.401+0000: 282569.413: Application time: 4.7380282 seconds
2019-06-24T14:43:50.427+0000: 282569.439: Application time: 0.0258113 seconds
2019-06-24T14:43:54.503+0000: 282573.516: Application time: 4.0762489 seconds
2019-06-24T14:43:54.504+0000: 282573.516: Application time: 0.0000948 seconds
2019-06-24T14:43:54.504+0000: 282573.516: Application time: 0.0001100 seconds
2019-06-24T14:43:54.504+0000: 282573.516: Application time: 0.0000816 seconds
2019-06-24T14:43:54.504+0000: 282573.517: Application time: 0.0000805 seconds
2019-06-24T14:43:54.505+0000: 282573.517: Application time: 0.0000800 seconds
2019-06-24T14:43:54.505+0000: 282573.517: Application time: 0.0000871 seconds
2019-06-24T14:43:54.505+0000: 282573.518: Application time: 0.0001842 seconds
2019-06-24T14:43:54.506+0000: 282573.518: Application time: 0.0001617 seconds
2019-06-24T14:43:54.507+0000: 282573.520: Application time: 0.0015546 seconds
2019-06-24T14:46:14.612+0000: 282713.624: Application time: 140.1042459 seconds
2019-06-24T14:46:15.688+0000: 282714.700: Application time: 1.0758653 seconds
2019-06-24T14:46:15.688+0000: 282714.701: Application time: 0.0002057 seconds
2019-06-24T14:46:15.689+0000: 282714.701: Application time: 0.0002324 seconds
2019-06-24T14:46:15.689+0000: 282714.702: Application time: 0.0002087 seconds
2019-06-24T14:46:15.690+0000: 282714.702: Application time: 0.0002413 seconds
2019-06-24T14:46:15.690+0000: 282714.702: Application time: 0.0002309 seconds
2019-06-24T14:46:15.691+0000: 282714.703: Application time: 0.0002311 seconds
2019-06-24T14:46:15.691+0000: 282714.704: Application time: 0.0004373 seconds
2019-06-24T14:46:15.692+0000: 282714.704: Application time: 0.0002843 seconds
2019-06-24T14:46:15.694+0000: 282714.706: Application time: 0.0017479 seconds
2019-06-24T14:46:15.811+0000: 282714.823: Application time: 0.1170252 seconds
2019-06-24T14:46:15.837+0000: 282714.849: Application time: 0.0257477 seconds
2019-06-24T14:46:40.614+0000: 282739.626: Application time: 24.7767061 seconds
2019-06-24T14:46:40.638+0000: 282739.651: Application time: 0.0243850 seconds
2019-06-24T14:46:44.629+0000: 282743.641: Application time: 3.9904136 seconds
2019-06-24T14:46:44.629+0000: 282743.642: Application time: 0.0000667 seconds
2019-06-24T14:46:44.630+0000: 282743.642: Application time: 0.0000588 seconds
2019-06-24T14:46:44.630+0000: 282743.642: Application time: 0.0000545 seconds
2019-06-24T14:46:44.630+0000: 282743.642: Application time: 0.0000591 seconds
2019-06-24T14:46:45.697+0000: 282744.709: Application time: 1.0670920 seconds
2019-06-24T14:46:45.698+0000: 282744.710: Application time: 0.0001982 seconds
2019-06-24T14:46:45.698+0000: 282744.711: Application time: 0.0003629 seconds
2019-06-24T14:46:45.699+0000: 282744.711: Application time: 0.0003272 seconds
2019-06-24T14:46:45.699+0000: 282744.711: Application time: 0.0002034 seconds
2019-06-24T14:46:45.701+0000: 282744.713: Application time: 0.0013165 seconds
2019-06-24T14:47:26.444+0000: 282785.457: Application time: 40.7436987 seconds
{Heap before GC invocations=2052 (full 163):
 par new generation   total 9792K, used 9510K [0x00000000e1000000, 0x00000000e1aa0000, 0x00000000eb4a0000)
  eden space 8704K, 100% used [0x00000000e1000000, 0x00000000e1880000, 0x00000000e1880000)
  from space 1088K,  74% used [0x00000000e1880000, 0x00000000e1949900, 0x00000000e1990000)
  to   space 1088K,   0% used [0x00000000e1990000, 0x00000000e1990000, 0x00000000e1aa0000)
 concurrent mark-sweep generation total 121500K, used 70140K [0x00000000eb4a0000, 0x00000000f2b47000, 0x0000000100000000)
 Metaspace       used 88852K, capacity 93266K, committed 93568K, reserved 1130496K
  class space    used 10715K, capacity 11521K, committed 11648K, reserved 1048576K
2019-06-24T14:47:26.445+0000: 282785.457: [GC (Allocation Failure) 2019-06-24T14:47:26.445+0000: 282785.457: [ParNew: 9510K->810K(9792K), 0.0029178 secs] 79650K->70950K(131292K), 0.0029979 secs] [Times: user=0.00 sys=0.01, real=0.00 secs] 
Heap after GC invocations=2053 (full 163):
 par new generation   total 9792K, used 810K [0x00000000e1000000, 0x00000000e1aa0000, 0x00000000eb4a0000)
  eden space 8704K,   0% used [0x00000000e1000000, 0x00000000e1000000, 0x00000000e1880000)
  from space 1088K,  74% used [0x00000000e1990000, 0x00000000e1a5a828, 0x00000000e1aa0000)
  to   space 1088K,   0% used [0x00000000e1880000, 0x00000000e1880000, 0x00000000e1990000)
 concurrent mark-sweep generation total 121500K, used 70140K [0x00000000eb4a0000, 0x00000000f2b47000, 0x0000000100000000)
 Metaspace       used 88852K, capacity 93266K, committed 93568K, reserved 1130496K
  class space    used 10715K, capacity 11521K, committed 11648K, reserved 1048576K
}
2019-06-24T14:47:31.448+0000: 282790.461: Application time: 5.0004430 seconds
2019-06-24T14:47:31.474+0000: 282790.486: Application time: 0.0254384 seconds
2019-06-24T14:47:34.661+0000: 282793.673: Application time: 3.1865478 seconds
2019-06-24T14:47:34.661+0000: 282793.674: Application time: 0.0001489 seconds
2019-06-24T14:47:34.662+0000: 282793.674: Application time: 0.0001572 seconds
2019-06-24T14:47:34.662+0000: 282793.675: Application time: 0.0001295 seconds
2019-06-24T14:47:34.663+0000: 282793.675: Application time: 0.0001351 seconds
2019-06-24T14:47:44.672+0000: 282803.685: Application time: 10.0094013 seconds
2019-06-24T14:47:44.673+0000: 282803.685: Application time: 0.0000906 seconds
2019-06-24T14:47:44.673+0000: 282803.685: Application time: 0.0000768 seconds
2019-06-24T14:47:44.673+0000: 282803.685: Application time: 0.0001820 seconds
2019-06-24T14:47:44.673+0000: 282803.686: Application time: 0.0001413 seconds
2019-06-24T14:47:44.675+0000: 282803.687: Application time: 0.0013093 seconds
2019-06-24T14:47:45.708+0000: 282804.720: Application time: 1.0325460 seconds
2019-06-24T14:49:44.753+0000: 282923.765: Application time: 119.0444585 seconds
2019-06-24T14:49:44.753+0000: 282923.765: Application time: 0.0000690 seconds
2019-06-24T14:49:44.753+0000: 282923.765: Application time: 0.0000595 seconds
2019-06-24T14:49:44.753+0000: 282923.766: Application time: 0.0000754 seconds
2019-06-24T14:49:44.753+0000: 282923.766: Application time: 0.0000598 seconds
2019-06-24T14:49:44.754+0000: 282923.766: Application time: 0.0000615 seconds
2019-06-24T14:49:45.661+0000: 282924.673: Application time: 0.9073069 seconds
2019-06-24T14:49:45.706+0000: 282924.719: Application time: 0.0450755 seconds
2019-06-24T14:49:45.722+0000: 282924.734: Application time: 0.0154156 seconds
2019-06-24T14:49:45.722+0000: 282924.735: Application time: 0.0000695 seconds
2019-06-24T14:49:45.722+0000: 282924.735: Application time: 0.0001651 seconds
2019-06-24T14:49:45.723+0000: 282924.735: Application time: 0.0001225 seconds
2019-06-24T14:49:45.724+0000: 282924.736: Application time: 0.0011346 seconds
2019-06-24T14:51:06.734+0000: 283005.746: Application time: 81.0094019 seconds
{Heap before GC invocations=2053 (full 163):
 par new generation   total 9792K, used 9514K [0x00000000e1000000, 0x00000000e1aa0000, 0x00000000eb4a0000)
  eden space 8704K, 100% used [0x00000000e1000000, 0x00000000e1880000, 0x00000000e1880000)
  from space 1088K,  74% used [0x00000000e1990000, 0x00000000e1a5a828, 0x00000000e1aa0000)
  to   space 1088K,   0% used [0x00000000e1880000, 0x00000000e1880000, 0x00000000e1990000)
 concurrent mark-sweep generation total 121500K, used 70140K [0x00000000eb4a0000, 0x00000000f2b47000, 0x0000000100000000)
 Metaspace       used 88852K, capacity 93266K, committed 93568K, reserved 1130496K
  class space    used 10715K, capacity 11521K, committed 11648K, reserved 1048576K
2019-06-24T14:51:06.734+0000: 283005.746: [GC (Allocation Failure) 2019-06-24T14:51:06.734+0000: 283005.746: [ParNew: 9514K->787K(9792K), 0.0031772 secs] 79654K->71352K(131292K), 0.0032982 secs] [Times: user=0.01 sys=0.00, real=0.00 secs] 
Heap after GC invocations=2054 (full 163):
 par new generation   total 9792K, used 787K [0x00000000e1000000, 0x00000000e1aa0000, 0x00000000eb4a0000)
  eden space 8704K,   0% used [0x00000000e1000000, 0x00000000e1000000, 0x00000000e1880000)
  from space 1088K,  72% used [0x00000000e1880000, 0x00000000e1944f60, 0x00000000e1990000)
  to   space 1088K,   0% used [0x00000000e1990000, 0x00000000e1990000, 0x00000000e1aa0000)
 concurrent mark-sweep generation total 121500K, used 70564K [0x00000000eb4a0000, 0x00000000f2b47000, 0x0000000100000000)
 Metaspace       used 88852K, capacity 93266K, committed 93568K, reserved 1130496K
  class space    used 10715K, capacity 11521K, committed 11648K, reserved 1048576K
}
2019-06-24T14:53:24.893+0000: 283143.905: Application time: 138.1556269 seconds
2019-06-24T14:58:35.098+0000: 283454.111: Application time: 310.2053976 seconds
{Heap before GC invocations=2054 (full 163):
 par new generation   total 9792K, used 9491K [0x00000000e1000000, 0x00000000e1aa0000, 0x00000000eb4a0000)
  eden space 8704K, 100% used [0x00000000e1000000, 0x00000000e1880000, 0x00000000e1880000)
  from space 1088K,  72% used [0x00000000e1880000, 0x00000000e1944f60, 0x00000000e1990000)
  to   space 1088K,   0% used [0x00000000e1990000, 0x00000000e1990000, 0x00000000e1aa0000)
 concurrent mark-sweep generation total 121500K, used 70564K [0x00000000eb4a0000, 0x00000000f2b47000, 0x0000000100000000)
 Metaspace       used 88852K, capacity 93266K, committed 93568K, reserved 1130496K
  class space    used 10715K, capacity 11521K, committed 11648K, reserved 1048576K
2019-06-24T14:58:35.099+0000: 283454.111: [GC (Allocation Failure) 2019-06-24T14:58:35.099+0000: 283454.111: [ParNew: 9491K->560K(9792K), 0.0058755 secs] 80056K->71417K(131292K), 0.0060407 secs] [Times: user=0.01 sys=0.00, real=0.00 secs] 
Heap after GC invocations=2055 (full 163):
 par new generation   total 9792K, used 560K [0x00000000e1000000, 0x00000000e1aa0000, 0x00000000eb4a0000)
  eden space 8704K,   0% used [0x00000000e1000000, 0x00000000e1000000, 0x00000000e1880000)
  from space 1088K,  51% used [0x00000000e1990000, 0x00000000e1a1c020, 0x00000000e1aa0000)
  to   space 1088K,   0% used [0x00000000e1880000, 0x00000000e1880000, 0x00000000e1990000)
 concurrent mark-sweep generation total 121500K, used 70857K [0x00000000eb4a0000, 0x00000000f2b47000, 0x0000000100000000)
 Metaspace       used 88852K, capacity 93266K, committed 93568K, reserved 1130496K
  class space    used 10715K, capacity 11521K, committed 11648K, reserved 1048576K
}
2019-06-24T15:03:36.801+0000: 283755.813: Application time: 301.6960352 seconds
2019-06-24T15:03:36.802+0000: 283755.814: Application time: 0.0001813 seconds
2019-06-24T15:03:36.802+0000: 283755.814: Application time: 0.0001524 seconds
2019-06-24T15:03:36.803+0000: 283755.815: Application time: 0.0001487 seconds
2019-06-24T15:03:36.803+0000: 283755.815: Application time: 0.0001470 seconds
2019-06-24T15:03:36.803+0000: 283755.816: Application time: 0.0001454 seconds
2019-06-24T15:03:36.804+0000: 283755.816: Application time: 0.0000929 seconds
2019-06-24T15:03:36.804+0000: 283755.817: Application time: 0.0002373 seconds
2019-06-24T15:03:36.805+0000: 283755.817: Application time: 0.0001434 seconds
2019-06-24T15:03:36.805+0000: 283755.817: Application time: 0.0001772 seconds
2019-06-24T15:05:39.146+0000: 283878.158: Application time: 122.3404911 seconds
{Heap before GC invocations=2055 (full 163):
 par new generation   total 9792K, used 9264K [0x00000000e1000000, 0x00000000e1aa0000, 0x00000000eb4a0000)
  eden space 8704K, 100% used [0x00000000e1000000, 0x00000000e1880000, 0x00000000e1880000)
  from space 1088K,  51% used [0x00000000e1990000, 0x00000000e1a1c020, 0x00000000e1aa0000)
  to   space 1088K,   0% used [0x00000000e1880000, 0x00000000e1880000, 0x00000000e1990000)
 concurrent mark-sweep generation total 121500K, used 70857K [0x00000000eb4a0000, 0x00000000f2b47000, 0x0000000100000000)
 Metaspace       used 88853K, capacity 93266K, committed 93568K, reserved 1130496K
  class space    used 10715K, capacity 11521K, committed 11648K, reserved 1048576K
2019-06-24T15:05:39.146+0000: 283878.159: [GC (Allocation Failure) 2019-06-24T15:05:39.147+0000: 283878.159: [ParNew: 9264K->687K(9792K), 0.0050423 secs] 80121K->71544K(131292K), 0.0052232 secs] [Times: user=0.01 sys=0.00, real=0.01 secs] 
Heap after GC invocations=2056 (full 163):
 par new generation   total 9792K, used 687K [0x00000000e1000000, 0x00000000e1aa0000, 0x00000000eb4a0000)
  eden space 8704K,   0% used [0x00000000e1000000, 0x00000000e1000000, 0x00000000e1880000)
  from space 1088K,  63% used [0x00000000e1880000, 0x00000000e192bed8, 0x00000000e1990000)
  to   space 1088K,   0% used [0x00000000e1990000, 0x00000000e1990000, 0x00000000e1aa0000)
 concurrent mark-sweep generation total 121500K, used 70857K [0x00000000eb4a0000, 0x00000000f2b47000, 0x0000000100000000)
 Metaspace       used 88853K, capacity 93266K, committed 93568K, reserved 1130496K
  class space    used 10715K, capacity 11521K, committed 11648K, reserved 1048576K
}
2019-06-24T15:08:06.834+0000: 284025.846: Application time: 147.6817176 seconds
2019-06-24T15:08:36.787+0000: 284055.800: Application time: 29.9532103 seconds
2019-06-24T15:09:13.794+0000: 284092.806: Application time: 37.0059930 seconds
2019-06-24T15:09:15.562+0000: 284094.575: Application time: 1.7684033 seconds
2019-06-24T15:09:15.563+0000: 284094.575: Application time: 0.0002201 seconds
2019-06-24T15:09:15.563+0000: 284094.576: Application time: 0.0001110 seconds
2019-06-24T15:09:15.563+0000: 284094.576: Application time: 0.0000997 seconds
2019-06-24T15:09:15.564+0000: 284094.576: Application time: 0.0001047 seconds
2019-06-24T15:09:15.879+0000: 284094.891: Application time: 0.3148909 seconds
2019-06-24T15:09:15.879+0000: 284094.891: Application time: 0.0000746 seconds
2019-06-24T15:09:15.879+0000: 284094.892: Application time: 0.0000536 seconds
2019-06-24T15:09:15.880+0000: 284094.892: Application time: 0.0001664 seconds
2019-06-24T15:09:15.881+0000: 284094.893: Application time: 0.0010028 seconds
2019-06-24T15:09:18.752+0000: 284097.764: Application time: 2.8714011 seconds
2019-06-24T15:09:18.793+0000: 284097.805: Application time: 0.0407121 seconds
2019-06-24T15:09:25.572+0000: 284104.584: Application time: 6.7784027 seconds
2019-06-24T15:10:05.596+0000: 284144.609: Application time: 40.0242547 seconds
2019-06-24T15:10:17.793+0000: 284156.806: Application time: 12.1968270 seconds
{Heap before GC invocations=2056 (full 163):
 par new generation   total 9792K, used 9391K [0x00000000e1000000, 0x00000000e1aa0000, 0x00000000eb4a0000)
  eden space 8704K, 100% used [0x00000000e1000000, 0x00000000e1880000, 0x00000000e1880000)
  from space 1088K,  63% used [0x00000000e1880000, 0x00000000e192bed8, 0x00000000e1990000)
  to   space 1088K,   0% used [0x00000000e1990000, 0x00000000e1990000, 0x00000000e1aa0000)
 concurrent mark-sweep generation total 121500K, used 70857K [0x00000000eb4a0000, 0x00000000f2b47000, 0x0000000100000000)
 Metaspace       used 88853K, capacity 93266K, committed 93568K, reserved 1130496K
  class space    used 10715K, capacity 11521K, committed 11648K, reserved 1048576K
2019-06-24T15:10:17.794+0000: 284156.806: [GC (Allocation Failure) 2019-06-24T15:10:17.794+0000: 284156.806: [ParNew: 9391K->1032K(9792K), 0.0075253 secs] 80248K->71889K(131292K), 0.0076001 secs] [Times: user=0.01 sys=0.00, real=0.01 secs] 
Heap after GC invocations=2057 (full 163):
 par new generation   total 9792K, used 1032K [0x00000000e1000000, 0x00000000e1aa0000, 0x00000000eb4a0000)
  eden space 8704K,   0% used [0x00000000e1000000, 0x00000000e1000000, 0x00000000e1880000)
  from space 1088K,  94% used [0x00000000e1990000, 0x00000000e1a92290, 0x00000000e1aa0000)
  to   space 1088K,   0% used [0x00000000e1880000, 0x00000000e1880000, 0x00000000e1990000)
 concurrent mark-sweep generation total 121500K, used 70857K [0x00000000eb4a0000, 0x00000000f2b47000, 0x0000000100000000)
 Metaspace       used 88853K, capacity 93266K, committed 93568K, reserved 1130496K
  class space    used 10715K, capacity 11521K, committed 11648K, reserved 1048576K
}
2019-06-24T15:10:22.790+0000: 284161.802: Application time: 4.9888827 seconds
2019-06-24T15:10:22.831+0000: 284161.843: Application time: 0.0401787 seconds
2019-06-24T15:10:25.609+0000: 284164.621: Application time: 2.7781908 seconds
2019-06-24T15:10:25.609+0000: 284164.622: Application time: 0.0000742 seconds
2019-06-24T15:10:25.610+0000: 284164.622: Application time: 0.0000688 seconds
2019-06-24T15:10:25.610+0000: 284164.622: Application time: 0.0000617 seconds
2019-06-24T15:10:25.610+0000: 284164.622: Application time: 0.0000613 seconds
2019-06-24T15:10:25.610+0000: 284164.622: Application time: 0.0000661 seconds
2019-06-24T15:10:35.616+0000: 284174.628: Application time: 10.0058178 seconds
2019-06-24T15:10:35.616+0000: 284174.629: Application time: 0.0000720 seconds
2019-06-24T15:10:35.617+0000: 284174.629: Application time: 0.0001420 seconds
2019-06-24T15:10:35.617+0000: 284174.629: Application time: 0.0001199 seconds
2019-06-24T15:10:35.618+0000: 284174.631: Application time: 0.0012515 seconds
2019-06-24T15:12:04.761+0000: 284263.773: Application time: 89.1423986 seconds
2019-06-24T15:12:04.787+0000: 284263.799: Application time: 0.0261390 seconds
2019-06-24T15:12:05.674+0000: 284264.687: Application time: 0.8871076 seconds
2019-06-24T15:12:05.675+0000: 284264.687: Application time: 0.0001646 seconds
2019-06-24T15:12:05.676+0000: 284264.688: Application time: 0.0002902 seconds
2019-06-24T15:12:05.676+0000: 284264.688: Application time: 0.0003691 seconds
2019-06-24T15:12:05.677+0000: 284264.689: Application time: 0.0001531 seconds
2019-06-24T15:12:05.677+0000: 284264.689: Application time: 0.0001390 seconds
2019-06-24T15:12:06.503+0000: 284265.515: Application time: 0.8254323 seconds
2019-06-24T15:12:06.503+0000: 284265.515: Application time: 0.0000727 seconds
2019-06-24T15:12:06.503+0000: 284265.516: Application time: 0.0001629 seconds
2019-06-24T15:12:06.503+0000: 284265.516: Application time: 0.0001225 seconds
2019-06-24T15:12:06.505+0000: 284265.517: Application time: 0.0012983 seconds
2019-06-24T15:13:00.820+0000: 284319.832: Application time: 54.3151473 seconds
2019-06-24T15:13:00.873+0000: 284319.885: Application time: 0.0522763 seconds
2019-06-24T15:13:05.727+0000: 284324.740: Application time: 4.8541537 seconds
2019-06-24T15:13:05.728+0000: 284324.740: Application time: 0.0000489 seconds
2019-06-24T15:13:05.728+0000: 284324.740: Application time: 0.0000889 seconds
2019-06-24T15:13:05.728+0000: 284324.741: Application time: 0.0000988 seconds
2019-06-24T15:13:05.728+0000: 284324.741: Application time: 0.0000702 seconds
2019-06-24T15:13:05.729+0000: 284324.741: Application time: 0.0000730 seconds
2019-06-24T15:13:06.507+0000: 284325.519: Application time: 0.7778812 seconds
2019-06-24T15:13:06.507+0000: 284325.519: Application time: 0.0002341 seconds
2019-06-24T15:13:06.508+0000: 284325.520: Application time: 0.0002659 seconds
2019-06-24T15:13:06.508+0000: 284325.520: Application time: 0.0002346 seconds
2019-06-24T15:13:06.509+0000: 284325.522: Application time: 0.0014723 seconds
2019-06-24T15:13:06.816+0000: 284325.828: Application time: 0.3062372 seconds
{Heap before GC invocations=2057 (full 163):
 par new generation   total 9792K, used 9733K [0x00000000e1000000, 0x00000000e1aa0000, 0x00000000eb4a0000)
  eden space 8704K,  99% used [0x00000000e1000000, 0x00000000e187f2d0, 0x00000000e1880000)
  from space 1088K,  94% used [0x00000000e1990000, 0x00000000e1a92290, 0x00000000e1aa0000)
  to   space 1088K,   0% used [0x00000000e1880000, 0x00000000e1880000, 0x00000000e1990000)
 concurrent mark-sweep generation total 121500K, used 70857K [0x00000000eb4a0000, 0x00000000f2b47000, 0x0000000100000000)
 Metaspace       used 88853K, capacity 93266K, committed 93568K, reserved 1130496K
  class space    used 10715K, capacity 11521K, committed 11648K, reserved 1048576K
2019-06-24T15:13:06.816+0000: 284325.829: [GC (Allocation Failure) 2019-06-24T15:13:06.816+0000: 284325.829: [ParNew: 9733K->861K(9792K), 0.0063895 secs] 80590K->72078K(131292K), 0.0064773 secs] [Times: user=0.02 sys=0.00, real=0.01 secs] 
Heap after GC invocations=2058 (full 163):
 par new generation   total 9792K, used 861K [0x00000000e1000000, 0x00000000e1aa0000, 0x00000000eb4a0000)
  eden space 8704K,   0% used [0x00000000e1000000, 0x00000000e1000000, 0x00000000e1880000)
  from space 1088K,  79% used [0x00000000e1880000, 0x00000000e19574e0, 0x00000000e1990000)
  to   space 1088K,   0% used [0x00000000e1990000, 0x00000000e1990000, 0x00000000e1aa0000)
 concurrent mark-sweep generation total 121500K, used 71217K [0x00000000eb4a0000, 0x00000000f2b47000, 0x0000000100000000)
 Metaspace       used 88853K, capacity 93266K, committed 93568K, reserved 1130496K
  class space    used 10715K, capacity 11521K, committed 11648K, reserved 1048576K
}
2019-06-24T15:13:14.635+0000: 284333.647: Application time: 7.8118785 seconds
2019-06-24T15:13:14.705+0000: 284333.718: Application time: 0.0701703 seconds
2019-06-24T15:13:15.735+0000: 284334.747: Application time: 1.0294985 seconds
2019-06-24T15:13:15.735+0000: 284334.748: Application time: 0.0000959 seconds
2019-06-24T15:13:15.736+0000: 284334.748: Application time: 0.0000999 seconds
2019-06-24T15:13:15.736+0000: 284334.748: Application time: 0.0000810 seconds
2019-06-24T15:13:15.736+0000: 284334.748: Application time: 0.0000877 seconds
2019-06-24T15:13:15.736+0000: 284334.749: Application time: 0.0000862 seconds
2019-06-24T15:13:15.909+0000: 284334.921: Application time: 0.1723600 seconds
2019-06-24T15:13:15.909+0000: 284334.922: Application time: 0.0001015 seconds
2019-06-24T15:13:15.910+0000: 284334.922: Application time: 0.0002145 seconds
2019-06-24T15:13:15.911+0000: 284334.923: Application time: 0.0011990 seconds
2019-06-24T15:13:25.744+0000: 284344.756: Application time: 9.8325244 seconds
2019-06-24T15:13:31.147+0000: 284350.160: Application time: 5.4033088 seconds
2019-06-24T15:13:31.187+0000: 284350.199: Application time: 0.0390252 seconds
2019-06-24T15:13:35.751+0000: 284354.764: Application time: 4.5644585 seconds
2019-06-24T15:13:35.752+0000: 284354.764: Application time: 0.0000942 seconds
2019-06-24T15:13:35.752+0000: 284354.764: Application time: 0.0000972 seconds
2019-06-24T15:13:35.752+0000: 284354.764: Application time: 0.0000811 seconds
2019-06-24T15:13:35.752+0000: 284354.765: Application time: 0.0000782 seconds
2019-06-24T15:13:35.753+0000: 284354.765: Application time: 0.0000809 seconds
2019-06-24T15:13:35.753+0000: 284354.765: Application time: 0.0000860 seconds
2019-06-24T15:13:35.753+0000: 284354.765: Application time: 0.0002009 seconds
2019-06-24T15:13:35.753+0000: 284354.766: Application time: 0.0001671 seconds
2019-06-24T15:13:45.760+0000: 284364.773: Application time: 10.0066577 seconds
2019-06-24T15:13:45.762+0000: 284364.774: Application time: 0.0016269 seconds
2019-06-24T15:15:28.494+0000: 284467.506: Application time: 102.7312803 seconds
{Heap before GC invocations=2058 (full 163):
 par new generation   total 9792K, used 9564K [0x00000000e1000000, 0x00000000e1aa0000, 0x00000000eb4a0000)
  eden space 8704K,  99% used [0x00000000e1000000, 0x00000000e187fef8, 0x00000000e1880000)
  from space 1088K,  79% used [0x00000000e1880000, 0x00000000e19574e0, 0x00000000e1990000)
  to   space 1088K,   0% used [0x00000000e1990000, 0x00000000e1990000, 0x00000000e1aa0000)
 concurrent mark-sweep generation total 121500K, used 71217K [0x00000000eb4a0000, 0x00000000f2b47000, 0x0000000100000000)
 Metaspace       used 88894K, capacity 93332K, committed 93568K, reserved 1130496K
  class space    used 10721K, capacity 11532K, committed 11648K, reserved 1048576K
2019-06-24T15:15:28.494+0000: 284467.506: [GC (Allocation Failure) 2019-06-24T15:15:28.494+0000: 284467.506: [ParNew: 9564K->1088K(9792K), 0.0071545 secs] 80782K->72552K(131292K), 0.0072440 secs] [Times: user=0.00 sys=0.02, real=0.01 secs] 
Heap after GC invocations=2059 (full 163):
 par new generation   total 9792K, used 1088K [0x00000000e1000000, 0x00000000e1aa0000, 0x00000000eb4a0000)
  eden space 8704K,   0% used [0x00000000e1000000, 0x00000000e1000000, 0x00000000e1880000)
  from space 1088K, 100% used [0x00000000e1990000, 0x00000000e1aa0000, 0x00000000e1aa0000)
  to   space 1088K,   0% used [0x00000000e1880000, 0x00000000e1880000, 0x00000000e1990000)
 concurrent mark-sweep generation total 121500K, used 71464K [0x00000000eb4a0000, 0x00000000f2b47000, 0x0000000100000000)
 Metaspace       used 88894K, capacity 93332K, committed 93568K, reserved 1130496K
  class space    used 10721K, capacity 11532K, committed 11648K, reserved 1048576K
}
2019-06-24T15:15:33.490+0000: 284472.502: Application time: 4.9886885 seconds
2019-06-24T15:15:33.531+0000: 284472.543: Application time: 0.0403140 seconds
2019-06-24T15:15:35.828+0000: 284474.841: Application time: 2.2977394 seconds
2019-06-24T15:15:35.829+0000: 284474.841: Application time: 0.0001508 seconds
2019-06-24T15:15:35.829+0000: 284474.842: Application time: 0.0001412 seconds
2019-06-24T15:15:35.830+0000: 284474.842: Application time: 0.0001311 seconds
2019-06-24T15:15:35.830+0000: 284474.843: Application time: 0.0001289 seconds
2019-06-24T15:15:35.831+0000: 284474.843: Application time: 0.0001298 seconds
2019-06-24T15:15:35.831+0000: 284474.843: Application time: 0.0001404 seconds
2019-06-24T15:15:35.832+0000: 284474.844: Application time: 0.0003071 seconds
2019-06-24T15:15:35.832+0000: 284474.844: Application time: 0.0002973 seconds
2019-06-24T15:15:45.841+0000: 284484.854: Application time: 10.0091131 seconds
2019-06-24T15:15:45.843+0000: 284484.855: Application time: 0.0013050 seconds
2019-06-24T15:16:05.122+0000: 284504.134: Application time: 19.2787799 seconds
2019-06-24T15:16:05.147+0000: 284504.159: Application time: 0.0245835 seconds
2019-06-24T15:16:05.852+0000: 284504.865: Application time: 0.7054601 seconds
2019-06-24T15:16:05.853+0000: 284504.865: Application time: 0.0000659 seconds
2019-06-24T15:16:05.853+0000: 284504.865: Application time: 0.0000953 seconds
2019-06-24T15:16:05.853+0000: 284504.865: Application time: 0.0000569 seconds
2019-06-24T15:16:05.853+0000: 284504.866: Application time: 0.0000545 seconds
2019-06-24T15:16:05.854+0000: 284504.866: Application time: 0.0000553 seconds
2019-06-24T15:16:05.854+0000: 284504.866: Application time: 0.0000592 seconds
2019-06-24T15:16:05.854+0000: 284504.866: Application time: 0.0001456 seconds
2019-06-24T15:16:05.854+0000: 284504.866: Application time: 0.0001244 seconds
2019-06-24T15:16:06.521+0000: 284505.533: Application time: 0.6663279 seconds
2019-06-24T15:16:06.525+0000: 284505.537: Application time: 0.0036888 seconds
2019-06-24T15:17:15.898+0000: 284574.911: Application time: 69.3733254 seconds
2019-06-24T15:17:15.899+0000: 284574.911: Application time: 0.0000687 seconds
2019-06-24T15:17:15.899+0000: 284574.911: Application time: 0.0000637 seconds
2019-06-24T15:17:15.899+0000: 284574.912: Application time: 0.0000591 seconds
2019-06-24T15:17:15.899+0000: 284574.912: Application time: 0.0000667 seconds
2019-06-24T15:17:15.900+0000: 284574.912: Application time: 0.0000574 seconds
2019-06-24T15:17:15.900+0000: 284574.913: Application time: 0.0001329 seconds
2019-06-24T15:17:15.901+0000: 284574.913: Application time: 0.0001867 seconds
2019-06-24T15:17:15.901+0000: 284574.913: Application time: 0.0001295 seconds
2019-06-24T15:17:15.940+0000: 284574.952: Application time: 0.0389042 seconds
2019-06-24T15:17:15.941+0000: 284574.953: Application time: 0.0001797 seconds
2019-06-24T15:17:15.941+0000: 284574.953: Application time: 0.0001514 seconds
2019-06-24T15:17:15.941+0000: 284574.954: Application time: 0.0001545 seconds
2019-06-24T15:17:15.945+0000: 284574.957: Application time: 0.0029595 seconds
2019-06-24T15:17:19.155+0000: 284578.167: Application time: 3.2098265 seconds
2019-06-24T15:17:19.184+0000: 284578.197: Application time: 0.0292235 seconds
2019-06-24T15:17:25.907+0000: 284584.919: Application time: 6.7223223 seconds
2019-06-24T15:18:45.967+0000: 284664.979: Application time: 80.0597537 seconds
{Heap before GC invocations=2059 (full 163):
 par new generation   total 9792K, used 9792K [0x00000000e1000000, 0x00000000e1aa0000, 0x00000000eb4a0000)
  eden space 8704K, 100% used [0x00000000e1000000, 0x00000000e1880000, 0x00000000e1880000)
  from space 1088K, 100% used [0x00000000e1990000, 0x00000000e1aa0000, 0x00000000e1aa0000)
  to   space 1088K,   0% used [0x00000000e1880000, 0x00000000e1880000, 0x00000000e1990000)
 concurrent mark-sweep generation total 121500K, used 71464K [0x00000000eb4a0000, 0x00000000f2b47000, 0x0000000100000000)
 Metaspace       used 88894K, capacity 93332K, committed 93568K, reserved 1130496K
  class space    used 10721K, capacity 11532K, committed 11648K, reserved 1048576K
2019-06-24T15:18:45.967+0000: 284664.979: [GC (Allocation Failure) 2019-06-24T15:18:45.967+0000: 284664.980: [ParNew: 9792K->957K(9792K), 0.0043476 secs] 81256K->73029K(131292K), 0.0044154 secs] [Times: user=0.01 sys=0.00, real=0.01 secs] 
Heap after GC invocations=2060 (full 163):
 par new generation   total 9792K, used 957K [0x00000000e1000000, 0x00000000e1aa0000, 0x00000000eb4a0000)
  eden space 8704K,   0% used [0x00000000e1000000, 0x00000000e1000000, 0x00000000e1880000)
  from space 1088K,  88% used [0x00000000e1880000, 0x00000000e196f5e8, 0x00000000e1990000)
  to   space 1088K,   0% used [0x00000000e1990000, 0x00000000e1990000, 0x00000000e1aa0000)
 concurrent mark-sweep generation total 121500K, used 72071K [0x00000000eb4a0000, 0x00000000f2b47000, 0x0000000100000000)
 Metaspace       used 88894K, capacity 93332K, committed 93568K, reserved 1130496K
  class space    used 10721K, capacity 11532K, committed 11648K, reserved 1048576K
}
2019-06-24T15:19:01.988+0000: 284681.000: Application time: 16.0163051 seconds
2019-06-24T15:19:02.012+0000: 284681.024: Application time: 0.0239071 seconds
2019-06-24T15:19:05.987+0000: 284684.999: Application time: 3.9744798 seconds
2019-06-24T15:19:05.987+0000: 284685.000: Application time: 0.0000774 seconds
2019-06-24T15:19:05.988+0000: 284685.000: Application time: 0.0000691 seconds
2019-06-24T15:19:05.988+0000: 284685.000: Application time: 0.0000700 seconds
2019-06-24T15:19:05.988+0000: 284685.000: Application time: 0.0001567 seconds
2019-06-24T15:19:05.988+0000: 284685.001: Application time: 0.0001308 seconds
2019-06-24T15:19:06.534+0000: 284685.546: Application time: 0.5454719 seconds
2019-06-24T15:19:06.534+0000: 284685.547: Application time: 0.0001726 seconds
2019-06-24T15:19:06.535+0000: 284685.547: Application time: 0.0001569 seconds
2019-06-24T15:19:06.535+0000: 284685.547: Application time: 0.0001477 seconds
2019-06-24T15:19:06.536+0000: 284685.548: Application time: 0.0001529 seconds
2019-06-24T15:19:06.539+0000: 284685.552: Application time: 0.0035874 seconds
2019-06-24T15:24:16.202+0000: 284995.215: Application time: 309.6629104 seconds
{Heap before GC invocations=2060 (full 163):
 par new generation   total 9792K, used 9661K [0x00000000e1000000, 0x00000000e1aa0000, 0x00000000eb4a0000)
  eden space 8704K, 100% used [0x00000000e1000000, 0x00000000e1880000, 0x00000000e1880000)
  from space 1088K,  88% used [0x00000000e1880000, 0x00000000e196f5e8, 0x00000000e1990000)
  to   space 1088K,   0% used [0x00000000e1990000, 0x00000000e1990000, 0x00000000e1aa0000)
 concurrent mark-sweep generation total 121500K, used 72071K [0x00000000eb4a0000, 0x00000000f2b47000, 0x0000000100000000)
 Metaspace       used 88894K, capacity 93332K, committed 93568K, reserved 1130496K
  class space    used 10721K, capacity 11532K, committed 11648K, reserved 1048576K
2019-06-24T15:24:16.203+0000: 284995.215: [GC (Allocation Failure) 2019-06-24T15:24:16.203+0000: 284995.215: [ParNew: 9661K->639K(9792K), 0.0032213 secs] 81733K->72711K(131292K), 0.0032974 secs] [Times: user=0.00 sys=0.00, real=0.00 secs] 
Heap after GC invocations=2061 (full 163):
 par new generation   total 9792K, used 639K [0x00000000e1000000, 0x00000000e1aa0000, 0x00000000eb4a0000)
  eden space 8704K,   0% used [0x00000000e1000000, 0x00000000e1000000, 0x00000000e1880000)
  from space 1088K,  58% used [0x00000000e1990000, 0x00000000e1a2ff08, 0x00000000e1aa0000)
  to   space 1088K,   0% used [0x00000000e1880000, 0x00000000e1880000, 0x00000000e1990000)
 concurrent mark-sweep generation total 121500K, used 72071K [0x00000000eb4a0000, 0x00000000f2b47000, 0x0000000100000000)
 Metaspace       used 88894K, capacity 93332K, committed 93568K, reserved 1130496K
  class space    used 10721K, capacity 11532K, committed 11648K, reserved 1048576K
}
2019-06-24T15:26:46.310+0000: 285145.323: Application time: 150.1042419 seconds
2019-06-24T15:31:36.499+0000: 285435.511: Application time: 290.1880174 seconds
{Heap before GC invocations=2061 (full 163):
 par new generation   total 9792K, used 9343K [0x00000000e1000000, 0x00000000e1aa0000, 0x00000000eb4a0000)
  eden space 8704K, 100% used [0x00000000e1000000, 0x00000000e1880000, 0x00000000e1880000)
  from space 1088K,  58% used [0x00000000e1990000, 0x00000000e1a2ff08, 0x00000000e1aa0000)
  to   space 1088K,   0% used [0x00000000e1880000, 0x00000000e1880000, 0x00000000e1990000)
 concurrent mark-sweep generation total 121500K, used 72071K [0x00000000eb4a0000, 0x00000000f2b47000, 0x0000000100000000)
 Metaspace       used 88894K, capacity 93332K, committed 93568K, reserved 1130496K
  class space    used 10721K, capacity 11532K, committed 11648K, reserved 1048576K
2019-06-24T15:31:36.499+0000: 285435.511: [GC (Allocation Failure) 2019-06-24T15:31:36.499+0000: 285435.511: [ParNew: 9343K->514K(9792K), 0.0034887 secs] 81415K->72917K(131292K), 0.0035554 secs] [Times: user=0.00 sys=0.01, real=0.00 secs] 
Heap after GC invocations=2062 (full 163):
 par new generation   total 9792K, used 514K [0x00000000e1000000, 0x00000000e1aa0000, 0x00000000eb4a0000)
  eden space 8704K,   0% used [0x00000000e1000000, 0x00000000e1000000, 0x00000000e1880000)
  from space 1088K,  47% used [0x00000000e1880000, 0x00000000e1900ac8, 0x00000000e1990000)
  to   space 1088K,   0% used [0x00000000e1990000, 0x00000000e1990000, 0x00000000e1aa0000)
 concurrent mark-sweep generation total 121500K, used 72402K [0x00000000eb4a0000, 0x00000000f2b47000, 0x0000000100000000)
 Metaspace       used 88894K, capacity 93332K, committed 93568K, reserved 1130496K
  class space    used 10721K, capacity 11532K, committed 11648K, reserved 1048576K
}
2019-06-24T15:31:36.967+0000: 285435.979: Application time: 0.4640716 seconds
2019-06-24T15:31:36.967+0000: 285435.979: Application time: 0.0002154 seconds
2019-06-24T15:31:36.968+0000: 285435.980: Application time: 0.0001937 seconds
2019-06-24T15:31:36.968+0000: 285435.980: Application time: 0.0001891 seconds
2019-06-24T15:31:36.968+0000: 285435.981: Application time: 0.0002680 seconds
2019-06-24T15:31:36.969+0000: 285435.981: Application time: 0.0001918 seconds
2019-06-24T15:31:36.969+0000: 285435.981: Application time: 0.0001993 seconds
2019-06-24T15:31:36.969+0000: 285435.982: Application time: 0.0001939 seconds
2019-06-24T15:31:36.970+0000: 285435.982: Application time: 0.0001867 seconds
2019-06-24T15:31:36.970+0000: 285435.982: Application time: 0.0001859 seconds
2019-06-24T15:33:06.979+0000: 285525.992: Application time: 90.0089946 seconds
2019-06-24T15:38:46.805+0000: 285865.817: Application time: 339.8250735 seconds
{Heap before GC invocations=2062 (full 163):
 par new generation   total 9792K, used 9218K [0x00000000e1000000, 0x00000000e1aa0000, 0x00000000eb4a0000)
  eden space 8704K, 100% used [0x00000000e1000000, 0x00000000e1880000, 0x00000000e1880000)
  from space 1088K,  47% used [0x00000000e1880000, 0x00000000e1900ac8, 0x00000000e1990000)
  to   space 1088K,   0% used [0x00000000e1990000, 0x00000000e1990000, 0x00000000e1aa0000)
 concurrent mark-sweep generation total 121500K, used 72402K [0x00000000eb4a0000, 0x00000000f2b47000, 0x0000000100000000)
 Metaspace       used 88894K, capacity 93332K, committed 93568K, reserved 1130496K
  class space    used 10721K, capacity 11532K, committed 11648K, reserved 1048576K
2019-06-24T15:38:46.805+0000: 285865.817: [GC (Allocation Failure) 2019-06-24T15:38:46.805+0000: 285865.817: [ParNew: 9218K->588K(9792K), 0.0030544 secs] 81621K->72990K(131292K), 0.0031239 secs] [Times: user=0.01 sys=0.00, real=0.00 secs] 
Heap after GC invocations=2063 (full 163):
 par new generation   total 9792K, used 588K [0x00000000e1000000, 0x00000000e1aa0000, 0x00000000eb4a0000)
  eden space 8704K,   0% used [0x00000000e1000000, 0x00000000e1000000, 0x00000000e1880000)
  from space 1088K,  54% used [0x00000000e1990000, 0x00000000e1a23008, 0x00000000e1aa0000)
  to   space 1088K,   0% used [0x00000000e1880000, 0x00000000e1880000, 0x00000000e1990000)
 concurrent mark-sweep generation total 121500K, used 72402K [0x00000000eb4a0000, 0x00000000f2b47000, 0x0000000100000000)
 Metaspace       used 88894K, capacity 93332K, committed 93568K, reserved 1130496K
  class space    used 10721K, capacity 11532K, committed 11648K, reserved 1048576K
}
2019-06-24T15:39:05.105+0000: 285884.117: Application time: 18.2969743 seconds
2019-06-24T15:39:05.133+0000: 285884.145: Application time: 0.0273580 seconds
2019-06-24T15:39:06.608+0000: 285885.621: Application time: 1.4752622 seconds
2019-06-24T15:39:06.609+0000: 285885.621: Application time: 0.0001579 seconds
2019-06-24T15:39:06.609+0000: 285885.622: Application time: 0.0000628 seconds
2019-06-24T15:39:06.610+0000: 285885.622: Application time: 0.0003135 seconds
2019-06-24T15:39:06.610+0000: 285885.623: Application time: 0.0002621 seconds
2019-06-24T15:39:06.817+0000: 285885.830: Application time: 0.2067540 seconds
2019-06-24T15:39:06.818+0000: 285885.830: Application time: 0.0002207 seconds
2019-06-24T15:39:06.818+0000: 285885.831: Application time: 0.0002708 seconds
2019-06-24T15:39:06.819+0000: 285885.831: Application time: 0.0002048 seconds
2019-06-24T15:39:06.819+0000: 285885.831: Application time: 0.0002086 seconds
2019-06-24T15:39:06.821+0000: 285885.833: Application time: 0.0015743 seconds
2019-06-24T15:39:56.855+0000: 285935.867: Application time: 50.0338929 seconds
2019-06-24T15:39:56.856+0000: 285935.868: Application time: 0.0004420 seconds
2019-06-24T15:39:56.857+0000: 285935.869: Application time: 0.0001949 seconds
2019-06-24T15:39:56.857+0000: 285935.870: Application time: 0.0004082 seconds
2019-06-24T15:39:56.858+0000: 285935.870: Application time: 0.0005177 seconds
2019-06-24T15:39:59.693+0000: 285938.705: Application time: 2.8346019 seconds
2019-06-24T15:39:59.726+0000: 285938.738: Application time: 0.0323351 seconds
2019-06-24T15:40:06.615+0000: 285945.628: Application time: 6.8895614 seconds
2019-06-24T15:40:06.616+0000: 285945.628: Application time: 0.0001636 seconds
2019-06-24T15:40:06.617+0000: 285945.629: Application time: 0.0001434 seconds
2019-06-24T15:40:06.617+0000: 285945.629: Application time: 0.0000948 seconds
2019-06-24T15:40:06.617+0000: 285945.629: Application time: 0.0001401 seconds
2019-06-24T15:40:06.621+0000: 285945.633: Application time: 0.0032631 seconds
2019-06-24T15:41:38.545+0000: 286037.557: Application time: 91.9235950 seconds
{Heap before GC invocations=2063 (full 163):
 par new generation   total 9792K, used 9290K [0x00000000e1000000, 0x00000000e1aa0000, 0x00000000eb4a0000)
  eden space 8704K,  99% used [0x00000000e1000000, 0x00000000e187fb88, 0x00000000e1880000)
  from space 1088K,  54% used [0x00000000e1990000, 0x00000000e1a23008, 0x00000000e1aa0000)
  to   space 1088K,   0% used [0x00000000e1880000, 0x00000000e1880000, 0x00000000e1990000)
 concurrent mark-sweep generation total 121500K, used 72402K [0x00000000eb4a0000, 0x00000000f2b47000, 0x0000000100000000)
 Metaspace       used 88894K, capacity 93332K, committed 93568K, reserved 1130496K
  class space    used 10721K, capacity 11532K, committed 11648K, reserved 1048576K
2019-06-24T15:41:38.545+0000: 286037.557: [GC (Allocation Failure) 2019-06-24T15:41:38.545+0000: 286037.557: [ParNew: 9290K->1088K(9792K), 0.0081768 secs] 81693K->73491K(131292K), 0.0082601 secs] [Times: user=0.01 sys=0.00, real=0.01 secs] 
Heap after GC invocations=2064 (full 163):
 par new generation   total 9792K, used 1088K [0x00000000e1000000, 0x00000000e1aa0000, 0x00000000eb4a0000)
  eden space 8704K,   0% used [0x00000000e1000000, 0x00000000e1000000, 0x00000000e1880000)
  from space 1088K, 100% used [0x00000000e1880000, 0x00000000e1990000, 0x00000000e1990000)
  to   space 1088K,   0% used [0x00000000e1990000, 0x00000000e1990000, 0x00000000e1aa0000)
 concurrent mark-sweep generation total 121500K, used 72403K [0x00000000eb4a0000, 0x00000000f2b47000, 0x0000000100000000)
 Metaspace       used 88894K, capacity 93332K, committed 93568K, reserved 1130496K
  class space    used 10721K, capacity 11532K, committed 11648K, reserved 1048576K
}
2019-06-24T15:41:43.541+0000: 286042.554: Application time: 4.9878885 seconds
2019-06-24T15:41:43.579+0000: 286042.592: Application time: 0.0376901 seconds
2019-06-24T15:41:46.154+0000: 286045.167: Application time: 2.5748563 seconds
2019-06-24T15:41:46.155+0000: 286045.167: Application time: 0.0000744 seconds
2019-06-24T15:41:46.155+0000: 286045.167: Application time: 0.0000604 seconds
2019-06-24T15:41:46.155+0000: 286045.168: Application time: 0.0001738 seconds
2019-06-24T15:41:46.155+0000: 286045.168: Application time: 0.0000991 seconds
2019-06-24T15:41:46.936+0000: 286045.949: Application time: 0.7805829 seconds
2019-06-24T15:41:46.937+0000: 286045.949: Application time: 0.0001261 seconds
2019-06-24T15:41:46.937+0000: 286045.949: Application time: 0.0001245 seconds
2019-06-24T15:41:46.937+0000: 286045.949: Application time: 0.0001161 seconds
2019-06-24T15:41:46.937+0000: 286045.950: Application time: 0.0001152 seconds
2019-06-24T15:41:46.937+0000: 286045.950: Application time: 0.0001184 seconds
2019-06-24T15:41:46.939+0000: 286045.951: Application time: 0.0012233 seconds
2019-06-24T15:42:44.866+0000: 286103.878: Application time: 57.9266488 seconds
2019-06-24T15:42:44.898+0000: 286103.910: Application time: 0.0321417 seconds
2019-06-24T15:42:46.162+0000: 286105.174: Application time: 1.2637176 seconds
2019-06-24T15:42:46.163+0000: 286105.175: Application time: 0.0002250 seconds
2019-06-24T15:42:46.163+0000: 286105.176: Application time: 0.0003688 seconds
2019-06-24T15:42:46.164+0000: 286105.176: Application time: 0.0002696 seconds
2019-06-24T15:42:46.518+0000: 286105.530: Application time: 0.3536702 seconds
2019-06-24T15:42:46.518+0000: 286105.531: Application time: 0.0001581 seconds
2019-06-24T15:42:46.519+0000: 286105.531: Application time: 0.0001685 seconds
2019-06-24T15:42:46.519+0000: 286105.531: Application time: 0.0001485 seconds
2019-06-24T15:42:46.520+0000: 286105.532: Application time: 0.0001523 seconds
2019-06-24T15:42:46.520+0000: 286105.532: Application time: 0.0002364 seconds
2019-06-24T15:42:46.977+0000: 286105.989: Application time: 0.4568670 seconds
2019-06-24T15:42:46.978+0000: 286105.990: Application time: 0.0001720 seconds
2019-06-24T15:42:46.978+0000: 286105.990: Application time: 0.0002106 seconds
2019-06-24T15:42:46.978+0000: 286105.991: Application time: 0.0002062 seconds
2019-06-24T15:42:51.521+0000: 286110.533: Application time: 4.5425292 seconds
2019-06-24T15:42:51.544+0000: 286110.556: Application time: 0.0229305 seconds
2019-06-24T15:42:56.985+0000: 286115.997: Application time: 5.4403113 seconds
2019-06-24T15:42:56.985+0000: 286115.998: Application time: 0.0003142 seconds
2019-06-24T15:42:56.986+0000: 286115.998: Application time: 0.0003446 seconds
2019-06-24T15:42:56.987+0000: 286115.999: Application time: 0.0003198 seconds
2019-06-24T15:42:56.987+0000: 286115.999: Application time: 0.0001523 seconds
2019-06-24T15:42:56.987+0000: 286116.000: Application time: 0.0001374 seconds
2019-06-24T15:42:56.991+0000: 286116.003: Application time: 0.0029575 seconds
2019-06-24T15:43:07.571+0000: 286126.583: Application time: 10.5794874 seconds
{Heap before GC invocations=2064 (full 163):
 par new generation   total 9792K, used 9791K [0x00000000e1000000, 0x00000000e1aa0000, 0x00000000eb4a0000)
  eden space 8704K,  99% used [0x00000000e1000000, 0x00000000e187fe60, 0x00000000e1880000)
  from space 1088K, 100% used [0x00000000e1880000, 0x00000000e1990000, 0x00000000e1990000)
  to   space 1088K,   0% used [0x00000000e1990000, 0x00000000e1990000, 0x00000000e1aa0000)
 concurrent mark-sweep generation total 121500K, used 72403K [0x00000000eb4a0000, 0x00000000f2b47000, 0x0000000100000000)
 Metaspace       used 88894K, capacity 93332K, committed 93568K, reserved 1130496K
  class space    used 10721K, capacity 11532K, committed 11648K, reserved 1048576K
2019-06-24T15:43:07.571+0000: 286126.583: [GC (Allocation Failure) 2019-06-24T15:43:07.571+0000: 286126.583: [ParNew: 9791K->1087K(9792K), 0.0040822 secs] 82195K->73859K(131292K), 0.0041607 secs] [Times: user=0.00 sys=0.01, real=0.00 secs] 
Heap after GC invocations=2065 (full 163):
 par new generation   total 9792K, used 1087K [0x00000000e1000000, 0x00000000e1aa0000, 0x00000000eb4a0000)
  eden space 8704K,   0% used [0x00000000e1000000, 0x00000000e1000000, 0x00000000e1880000)
  from space 1088K,  99% used [0x00000000e1990000, 0x00000000e1a9fff8, 0x00000000e1aa0000)
  to   space 1088K,   0% used [0x00000000e1880000, 0x00000000e1880000, 0x00000000e1990000)
 concurrent mark-sweep generation total 121500K, used 72771K [0x00000000eb4a0000, 0x00000000f2b47000, 0x0000000100000000)
 Metaspace       used 88894K, capacity 93332K, committed 93568K, reserved 1130496K
  class space    used 10721K, capacity 11532K, committed 11648K, reserved 1048576K
}
2019-06-24T15:43:12.567+0000: 286131.580: Application time: 4.9923587 seconds
2019-06-24T15:43:12.601+0000: 286131.613: Application time: 0.0333151 seconds
2019-06-24T15:43:16.171+0000: 286135.183: Application time: 3.5693446 seconds
2019-06-24T15:43:16.171+0000: 286135.183: Application time: 0.0001655 seconds
2019-06-24T15:43:16.172+0000: 286135.184: Application time: 0.0001945 seconds
2019-06-24T15:43:16.172+0000: 286135.184: Application time: 0.0000943 seconds
2019-06-24T15:43:17.025+0000: 286136.037: Application time: 0.8527140 seconds
2019-06-24T15:43:17.025+0000: 286136.038: Application time: 0.0002015 seconds
2019-06-24T15:43:17.026+0000: 286136.038: Application time: 0.0001998 seconds
2019-06-24T15:43:17.026+0000: 286136.038: Application time: 0.0001958 seconds
2019-06-24T15:43:17.026+0000: 286136.039: Application time: 0.0001956 seconds
2019-06-24T15:43:17.027+0000: 286136.039: Application time: 0.0002145 seconds
2019-06-24T15:43:17.027+0000: 286136.040: Application time: 0.0002091 seconds
2019-06-24T15:43:17.028+0000: 286136.040: Application time: 0.0003668 seconds
2019-06-24T15:43:17.028+0000: 286136.041: Application time: 0.0002035 seconds
2019-06-24T15:43:17.030+0000: 286136.042: Application time: 0.0014477 seconds
2019-06-24T15:43:27.034+0000: 286146.047: Application time: 10.0044530 seconds
2019-06-24T15:45:16.127+0000: 286255.139: Application time: 109.0920076 seconds
2019-06-24T15:45:16.183+0000: 286255.195: Application time: 0.0561503 seconds
2019-06-24T15:45:16.186+0000: 286255.198: Application time: 0.0022954 seconds
2019-06-24T15:45:17.108+0000: 286256.120: Application time: 0.9218545 seconds
2019-06-24T15:45:17.108+0000: 286256.121: Application time: 0.0002340 seconds
2019-06-24T15:45:17.109+0000: 286256.121: Application time: 0.0003671 seconds
2019-06-24T15:45:17.110+0000: 286256.122: Application time: 0.0003022 seconds
2019-06-24T15:45:17.110+0000: 286256.123: Application time: 0.0003092 seconds
2019-06-24T15:45:17.111+0000: 286256.123: Application time: 0.0003347 seconds
2019-06-24T15:45:17.112+0000: 286256.124: Application time: 0.0003264 seconds
2019-06-24T15:45:17.112+0000: 286256.125: Application time: 0.0003825 seconds
2019-06-24T15:45:17.113+0000: 286256.125: Application time: 0.0004805 seconds
2019-06-24T15:45:17.116+0000: 286256.128: Application time: 0.0024341 seconds
2019-06-24T15:45:46.189+0000: 286285.201: Application time: 29.0726129 seconds
2019-06-24T15:45:47.138+0000: 286286.150: Application time: 0.9488433 seconds
2019-06-24T15:45:47.138+0000: 286286.151: Application time: 0.0001634 seconds
2019-06-24T15:45:47.139+0000: 286286.151: Application time: 0.0001478 seconds
2019-06-24T15:45:47.139+0000: 286286.151: Application time: 0.0001505 seconds
2019-06-24T15:45:47.139+0000: 286286.151: Application time: 0.0001272 seconds
2019-06-24T15:45:47.139+0000: 286286.152: Application time: 0.0001421 seconds
2019-06-24T15:45:47.140+0000: 286286.152: Application time: 0.0001339 seconds
2019-06-24T15:45:47.140+0000: 286286.152: Application time: 0.0001449 seconds
2019-06-24T15:45:47.140+0000: 286286.153: Application time: 0.0002727 seconds
2019-06-24T15:45:47.141+0000: 286286.153: Application time: 0.0001574 seconds
2019-06-24T15:45:47.142+0000: 286286.154: Application time: 0.0010073 seconds
2019-06-24T15:45:47.886+0000: 286286.898: Application time: 0.7436801 seconds
2019-06-24T15:45:47.910+0000: 286286.922: Application time: 0.0241648 seconds
2019-06-24T15:46:27.175+0000: 286326.188: Application time: 39.2651121 seconds
{Heap before GC invocations=2065 (full 163):
 par new generation   total 9792K, used 9791K [0x00000000e1000000, 0x00000000e1aa0000, 0x00000000eb4a0000)
  eden space 8704K, 100% used [0x00000000e1000000, 0x00000000e1880000, 0x00000000e1880000)
  from space 1088K,  99% used [0x00000000e1990000, 0x00000000e1a9fff8, 0x00000000e1aa0000)
  to   space 1088K,   0% used [0x00000000e1880000, 0x00000000e1880000, 0x00000000e1990000)
 concurrent mark-sweep generation total 121500K, used 72771K [0x00000000eb4a0000, 0x00000000f2b47000, 0x0000000100000000)
 Metaspace       used 88895K, capacity 93332K, committed 93568K, reserved 1130496K
  class space    used 10721K, capacity 11532K, committed 11648K, reserved 1048576K
2019-06-24T15:46:27.176+0000: 286326.188: [GC (Allocation Failure) 2019-06-24T15:46:27.176+0000: 286326.188: [ParNew: 9791K->671K(9792K), 0.0071266 secs] 82563K->74053K(131292K), 0.0072263 secs] [Times: user=0.01 sys=0.00, real=0.01 secs] 
Heap after GC invocations=2066 (full 163):
 par new generation   total 9792K, used 671K [0x00000000e1000000, 0x00000000e1aa0000, 0x00000000eb4a0000)
  eden space 8704K,   0% used [0x00000000e1000000, 0x00000000e1000000, 0x00000000e1880000)
  from space 1088K,  61% used [0x00000000e1880000, 0x00000000e1927e20, 0x00000000e1990000)
  to   space 1088K,   0% used [0x00000000e1990000, 0x00000000e1990000, 0x00000000e1aa0000)
 concurrent mark-sweep generation total 121500K, used 73381K [0x00000000eb4a0000, 0x00000000f2b47000, 0x0000000100000000)
 Metaspace       used 88895K, capacity 93332K, committed 93568K, reserved 1130496K
  class space    used 10721K, capacity 11532K, committed 11648K, reserved 1048576K
}
2019-06-24T15:46:27.184+0000: 286326.196: Application time: 0.0007071 seconds
2019-06-24T15:46:27.184+0000: 286326.197: [GC (CMS Initial Mark) [1 CMS-initial-mark: 73381K(121500K)] 74081K(131292K), 0.0031284 secs] [Times: user=0.01 sys=0.00, real=0.00 secs] 
2019-06-24T15:46:27.188+0000: 286326.200: [CMS-concurrent-mark-start]
2019-06-24T15:46:27.319+0000: 286326.332: [CMS-concurrent-mark: 0.132/0.132 secs] [Times: user=0.13 sys=0.00, real=0.14 secs] 
2019-06-24T15:46:27.319+0000: 286326.332: [CMS-concurrent-preclean-start]
2019-06-24T15:46:27.321+0000: 286326.333: [CMS-concurrent-preclean: 0.002/0.002 secs] [Times: user=0.00 sys=0.00, real=0.00 secs] 
2019-06-24T15:46:27.321+0000: 286326.333: Application time: 0.1334927 seconds
2019-06-24T15:46:27.321+0000: 286326.334: [GC (CMS Final Remark) [YG occupancy: 723 K (9792 K)]2019-06-24T15:46:27.321+0000: 286326.334: [Rescan (parallel) , 0.0053325 secs]2019-06-24T15:46:27.327+0000: 286326.339: [weak refs processing, 0.0026777 secs]2019-06-24T15:46:27.329+0000: 286326.342: [class unloading, 0.0308201 secs]2019-06-24T15:46:27.360+0000: 286326.372: [scrub symbol table, 0.0218915 secs]2019-06-24T15:46:27.382+0000: 286326.394: [scrub string table, 0.0016143 secs][1 CMS-remark: 73381K(121500K)] 74104K(131292K), 0.0771418 secs] [Times: user=0.09 sys=0.00, real=0.08 secs] 
2019-06-24T15:46:27.399+0000: 286326.411: [CMS-concurrent-sweep-start]
2019-06-24T15:46:27.431+0000: 286326.443: [CMS-concurrent-sweep: 0.032/0.032 secs] [Times: user=0.03 sys=0.00, real=0.03 secs] 
2019-06-24T15:46:27.431+0000: 286326.443: [CMS-concurrent-reset-start]
2019-06-24T15:46:27.431+0000: 286326.444: [CMS-concurrent-reset: 0.000/0.000 secs] [Times: user=0.00 sys=0.00, real=0.00 secs] 
2019-06-24T15:46:28.399+0000: 286327.411: Application time: 1.0001609 seconds
2019-06-24T15:46:30.399+0000: 286329.411: Application time: 2.0003753 seconds
2019-06-24T15:46:37.401+0000: 286336.413: Application time: 7.0013125 seconds
2019-06-24T15:47:07.405+0000: 286366.418: Application time: 30.0043042 seconds
2019-06-24T15:47:10.406+0000: 286369.418: Application time: 3.0004735 seconds
2019-06-24T15:47:14.868+0000: 286373.880: Application time: 4.4616055 seconds
2019-06-24T15:47:14.894+0000: 286373.906: Application time: 0.0260316 seconds
2019-06-24T15:47:16.204+0000: 286375.216: Application time: 1.3096939 seconds
2019-06-24T15:47:16.204+0000: 286375.216: Application time: 0.0001107 seconds
2019-06-24T15:47:16.204+0000: 286375.217: Application time: 0.0000895 seconds
2019-06-24T15:47:16.205+0000: 286375.217: Application time: 0.0000947 seconds
2019-06-24T15:47:17.226+0000: 286376.239: Application time: 1.0216146 seconds
2019-06-24T15:47:17.227+0000: 286376.239: Application time: 0.0001455 seconds
2019-06-24T15:47:17.227+0000: 286376.240: Application time: 0.0001793 seconds
2019-06-24T15:47:17.228+0000: 286376.240: Application time: 0.0002228 seconds
2019-06-24T15:47:17.229+0000: 286376.241: Application time: 0.0003020 seconds
2019-06-24T15:47:17.229+0000: 286376.242: Application time: 0.0002363 seconds
2019-06-24T15:47:17.232+0000: 286376.244: Application time: 0.0021824 seconds
2019-06-24T15:47:28.234+0000: 286387.246: Application time: 11.0018501 seconds
2019-06-24T15:47:30.234+0000: 286389.247: Application time: 2.0003204 seconds
2019-06-24T15:48:38.245+0000: 286457.258: Application time: 68.0106791 seconds
2019-06-24T15:48:51.247+0000: 286470.260: Application time: 13.0018572 seconds
2019-06-24T15:48:56.089+0000: 286475.101: Application time: 4.8416279 seconds
2019-06-24T15:48:56.129+0000: 286475.141: Application time: 0.0395463 seconds
2019-06-24T15:48:57.302+0000: 286476.315: Application time: 1.1731538 seconds
2019-06-24T15:48:57.303+0000: 286476.315: Application time: 0.0001609 seconds
2019-06-24T15:48:57.303+0000: 286476.315: Application time: 0.0000657 seconds
2019-06-24T15:48:57.303+0000: 286476.315: Application time: 0.0000213 seconds
2019-06-24T15:48:57.303+0000: 286476.315: Application time: 0.0000279 seconds
2019-06-24T15:49:06.650+0000: 286485.662: Application time: 9.3467825 seconds
2019-06-24T15:49:06.650+0000: 286485.663: Application time: 0.0000731 seconds
2019-06-24T15:49:06.650+0000: 286485.663: Application time: 0.0000594 seconds
2019-06-24T15:49:06.651+0000: 286485.663: Application time: 0.0001604 seconds
2019-06-24T15:49:06.651+0000: 286485.663: Application time: 0.0001246 seconds
2019-06-24T15:49:06.652+0000: 286485.665: Application time: 0.0012701 seconds
2019-06-24T15:49:07.310+0000: 286486.322: Application time: 0.6572128 seconds
2019-06-24T15:49:47.335+0000: 286526.347: Application time: 40.0248170 seconds
{Heap before GC invocations=2066 (full 164):
 par new generation   total 9792K, used 9372K [0x00000000e1000000, 0x00000000e1aa0000, 0x00000000eb4a0000)
  eden space 8704K,  99% used [0x00000000e1000000, 0x00000000e187f380, 0x00000000e1880000)
  from space 1088K,  61% used [0x00000000e1880000, 0x00000000e1927e20, 0x00000000e1990000)
  to   space 1088K,   0% used [0x00000000e1990000, 0x00000000e1990000, 0x00000000e1aa0000)
 concurrent mark-sweep generation total 121500K, used 69662K [0x00000000eb4a0000, 0x00000000f2b47000, 0x0000000100000000)
 Metaspace       used 88813K, capacity 93200K, committed 93568K, reserved 1130496K
  class space    used 10709K, capacity 11510K, committed 11648K, reserved 1048576K
2019-06-24T15:49:47.335+0000: 286526.348: [GC (Allocation Failure) 2019-06-24T15:49:47.335+0000: 286526.348: [ParNew: 9372K->857K(9792K), 0.0057552 secs] 79034K->70520K(131292K), 0.0058334 secs] [Times: user=0.01 sys=0.00, real=0.01 secs] 
Heap after GC invocations=2067 (full 164):
 par new generation   total 9792K, used 857K [0x00000000e1000000, 0x00000000e1aa0000, 0x00000000eb4a0000)
  eden space 8704K,   0% used [0x00000000e1000000, 0x00000000e1000000, 0x00000000e1880000)
  from space 1088K,  78% used [0x00000000e1990000, 0x00000000e1a667a8, 0x00000000e1aa0000)
  to   space 1088K,   0% used [0x00000000e1880000, 0x00000000e1880000, 0x00000000e1990000)
 concurrent mark-sweep generation total 121500K, used 69662K [0x00000000eb4a0000, 0x00000000f2b47000, 0x0000000100000000)
 Metaspace       used 88813K, capacity 93200K, committed 93568K, reserved 1130496K
  class space    used 10709K, capacity 11510K, committed 11648K, reserved 1048576K
}
2019-06-24T15:56:37.149+0000: 286936.161: Application time: 409.8073598 seconds
2019-06-24T15:56:37.149+0000: 286936.161: Application time: 0.0000813 seconds
2019-06-24T15:56:37.149+0000: 286936.161: Application time: 0.0000745 seconds
2019-06-24T15:56:37.149+0000: 286936.162: Application time: 0.0000740 seconds
2019-06-24T15:56:37.150+0000: 286936.162: Application time: 0.0000735 seconds
2019-06-24T15:56:37.150+0000: 286936.162: Application time: 0.0000712 seconds
2019-06-24T15:56:37.150+0000: 286936.162: Application time: 0.0000349 seconds
2019-06-24T15:56:37.150+0000: 286936.163: Application time: 0.0000733 seconds
2019-06-24T15:56:37.151+0000: 286936.163: Application time: 0.0000715 seconds
2019-06-24T15:56:37.151+0000: 286936.163: Application time: 0.0000732 seconds
2019-06-24T15:57:07.666+0000: 286966.679: Application time: 30.5152156 seconds
{Heap before GC invocations=2067 (full 164):
 par new generation   total 9792K, used 9561K [0x00000000e1000000, 0x00000000e1aa0000, 0x00000000eb4a0000)
  eden space 8704K, 100% used [0x00000000e1000000, 0x00000000e1880000, 0x00000000e1880000)
  from space 1088K,  78% used [0x00000000e1990000, 0x00000000e1a667a8, 0x00000000e1aa0000)
  to   space 1088K,   0% used [0x00000000e1880000, 0x00000000e1880000, 0x00000000e1990000)
 concurrent mark-sweep generation total 121500K, used 69662K [0x00000000eb4a0000, 0x00000000f2b47000, 0x0000000100000000)
 Metaspace       used 88813K, capacity 93200K, committed 93568K, reserved 1130496K
  class space    used 10709K, capacity 11510K, committed 11648K, reserved 1048576K
2019-06-24T15:57:07.667+0000: 286966.679: [GC (Allocation Failure) 2019-06-24T15:57:07.667+0000: 286966.679: [ParNew: 9561K->852K(9792K), 0.0043856 secs] 79224K->70844K(131292K), 0.0044845 secs] [Times: user=0.01 sys=0.00, real=0.01 secs] 
Heap after GC invocations=2068 (full 164):
 par new generation   total 9792K, used 852K [0x00000000e1000000, 0x00000000e1aa0000, 0x00000000eb4a0000)
  eden space 8704K,   0% used [0x00000000e1000000, 0x00000000e1000000, 0x00000000e1880000)
  from space 1088K,  78% used [0x00000000e1880000, 0x00000000e1955078, 0x00000000e1990000)
  to   space 1088K,   0% used [0x00000000e1990000, 0x00000000e1990000, 0x00000000e1aa0000)
 concurrent mark-sweep generation total 121500K, used 69992K [0x00000000eb4a0000, 0x00000000f2b47000, 0x0000000100000000)
 Metaspace       used 88813K, capacity 93200K, committed 93568K, reserved 1130496K
  class space    used 10709K, capacity 11510K, committed 11648K, reserved 1048576K
}
2019-06-24T15:58:07.160+0000: 287026.172: Application time: 59.4889152 seconds
2019-06-24T15:59:49.176+0000: 287128.188: Application time: 102.0155033 seconds
2019-06-24T16:00:07.792+0000: 287146.804: Application time: 18.6156773 seconds
2019-06-24T16:00:29.795+0000: 287168.808: Application time: 22.0032734 seconds
2019-06-24T16:04:07.141+0000: 287386.153: Application time: 217.3452922 seconds
2019-06-24T16:04:17.960+0000: 287396.973: Application time: 10.8191362 seconds
{Heap before GC invocations=2068 (full 164):
 par new generation   total 9792K, used 9556K [0x00000000e1000000, 0x00000000e1aa0000, 0x00000000eb4a0000)
  eden space 8704K, 100% used [0x00000000e1000000, 0x00000000e1880000, 0x00000000e1880000)
  from space 1088K,  78% used [0x00000000e1880000, 0x00000000e1955078, 0x00000000e1990000)
  to   space 1088K,   0% used [0x00000000e1990000, 0x00000000e1990000, 0x00000000e1aa0000)
 concurrent mark-sweep generation total 121500K, used 69992K [0x00000000eb4a0000, 0x00000000f2b47000, 0x0000000100000000)
 Metaspace       used 88815K, capacity 93206K, committed 93568K, reserved 1130496K
  class space    used 10710K, capacity 11511K, committed 11648K, reserved 1048576K
2019-06-24T16:04:17.961+0000: 287396.973: [GC (Allocation Failure) 2019-06-24T16:04:17.961+0000: 287396.973: [ParNew: 9556K->790K(9792K), 0.0079882 secs] 79548K->70783K(131292K), 0.0080642 secs] [Times: user=0.01 sys=0.00, real=0.01 secs] 
Heap after GC invocations=2069 (full 164):
 par new generation   total 9792K, used 790K [0x00000000e1000000, 0x00000000e1aa0000, 0x00000000eb4a0000)
  eden space 8704K,   0% used [0x00000000e1000000, 0x00000000e1000000, 0x00000000e1880000)
  from space 1088K,  72% used [0x00000000e1990000, 0x00000000e1a55bd0, 0x00000000e1aa0000)
  to   space 1088K,   0% used [0x00000000e1880000, 0x00000000e1880000, 0x00000000e1990000)
 concurrent mark-sweep generation total 121500K, used 69992K [0x00000000eb4a0000, 0x00000000f2b47000, 0x0000000100000000)
 Metaspace       used 88815K, capacity 93206K, committed 93568K, reserved 1130496K
  class space    used 10710K, capacity 11511K, committed 11648K, reserved 1048576K
}
2019-06-24T16:08:36.923+0000: 287655.935: Application time: 258.9536383 seconds
2019-06-24T16:08:36.949+0000: 287655.961: Application time: 0.0257859 seconds
2019-06-24T16:08:38.155+0000: 287657.167: Application time: 1.2058259 seconds
2019-06-24T16:08:38.155+0000: 287657.167: Application time: 0.0000699 seconds
2019-06-24T16:08:38.155+0000: 287657.167: Application time: 0.0000652 seconds
2019-06-24T16:08:38.155+0000: 287657.168: Application time: 0.0000602 seconds
2019-06-24T16:08:38.155+0000: 287657.168: Application time: 0.0000637 seconds
2019-06-24T16:08:46.383+0000: 287665.395: Application time: 8.2270686 seconds
2019-06-24T16:08:46.383+0000: 287665.395: Application time: 0.0001441 seconds
2019-06-24T16:08:46.383+0000: 287665.396: Application time: 0.0001762 seconds
2019-06-24T16:08:46.384+0000: 287665.396: Application time: 0.0002988 seconds
2019-06-24T16:08:46.384+0000: 287665.396: Application time: 0.0001524 seconds
2019-06-24T16:08:46.385+0000: 287665.398: Application time: 0.0010868 seconds
2019-06-24T16:09:38.665+0000: 287717.677: Application time: 52.2796710 seconds
{Heap before GC invocations=2069 (full 164):
 par new generation   total 9792K, used 9487K [0x00000000e1000000, 0x00000000e1aa0000, 0x00000000eb4a0000)
  eden space 8704K,  99% used [0x00000000e1000000, 0x00000000e187e200, 0x00000000e1880000)
  from space 1088K,  72% used [0x00000000e1990000, 0x00000000e1a55bd0, 0x00000000e1aa0000)
  to   space 1088K,   0% used [0x00000000e1880000, 0x00000000e1880000, 0x00000000e1990000)
 concurrent mark-sweep generation total 121500K, used 69992K [0x00000000eb4a0000, 0x00000000f2b47000, 0x0000000100000000)
 Metaspace       used 88815K, capacity 93206K, committed 93568K, reserved 1130496K
  class space    used 10710K, capacity 11511K, committed 11648K, reserved 1048576K
2019-06-24T16:09:38.665+0000: 287717.678: [GC (Allocation Failure) 2019-06-24T16:09:38.665+0000: 287717.678: [ParNew: 9487K->672K(9792K), 0.0039633 secs] 79480K->70948K(131292K), 0.0040226 secs] [Times: user=0.01 sys=0.00, real=0.01 secs] 
Heap after GC invocations=2070 (full 164):
 par new generation   total 9792K, used 672K [0x00000000e1000000, 0x00000000e1aa0000, 0x00000000eb4a0000)
  eden space 8704K,   0% used [0x00000000e1000000, 0x00000000e1000000, 0x00000000e1880000)
  from space 1088K,  61% used [0x00000000e1880000, 0x00000000e19281f0, 0x00000000e1990000)
  to   space 1088K,   0% used [0x00000000e1990000, 0x00000000e1990000, 0x00000000e1aa0000)
 concurrent mark-sweep generation total 121500K, used 70276K [0x00000000eb4a0000, 0x00000000f2b47000, 0x0000000100000000)
 Metaspace       used 88815K, capacity 93206K, committed 93568K, reserved 1130496K
  class space    used 10710K, capacity 11511K, committed 11648K, reserved 1048576K
}
2019-06-24T16:09:43.664+0000: 287722.676: Application time: 4.9945968 seconds
2019-06-24T16:09:43.696+0000: 287722.708: Application time: 0.0313891 seconds
2019-06-24T16:09:46.391+0000: 287725.403: Application time: 2.6948728 seconds
2019-06-24T16:09:46.391+0000: 287725.404: Application time: 0.0001448 seconds
2019-06-24T16:09:46.392+0000: 287725.404: Application time: 0.0002019 seconds
2019-06-24T16:09:46.392+0000: 287725.404: Application time: 0.0001830 seconds
2019-06-24T16:09:46.392+0000: 287725.405: Application time: 0.0001873 seconds
2019-06-24T16:09:48.201+0000: 287727.213: Application time: 1.8080930 seconds
2019-06-24T16:09:48.201+0000: 287727.214: Application time: 0.0001593 seconds
2019-06-24T16:09:48.202+0000: 287727.214: Application time: 0.0001328 seconds
2019-06-24T16:09:48.202+0000: 287727.215: Application time: 0.0003068 seconds
2019-06-24T16:09:48.203+0000: 287727.215: Application time: 0.0002313 seconds
2019-06-24T16:09:48.205+0000: 287727.218: Application time: 0.0024019 seconds
2019-06-24T16:10:58.262+0000: 287797.274: Application time: 70.0560685 seconds
2019-06-24T16:10:58.262+0000: 287797.274: Application time: 0.0000648 seconds
2019-06-24T16:10:58.262+0000: 287797.275: Application time: 0.0000617 seconds
2019-06-24T16:10:58.263+0000: 287797.275: Application time: 0.0001403 seconds
2019-06-24T16:10:58.263+0000: 287797.275: Application time: 0.0001377 seconds
2019-06-24T16:10:58.263+0000: 287797.275: Application time: 0.0001242 seconds
2019-06-24T16:10:58.937+0000: 287797.950: Application time: 0.6739470 seconds
2019-06-24T16:10:58.966+0000: 287797.978: Application time: 0.0286259 seconds
2019-06-24T16:11:06.723+0000: 287805.735: Application time: 7.7569114 seconds
2019-06-24T16:11:06.724+0000: 287805.736: Application time: 0.0001855 seconds
2019-06-24T16:11:06.724+0000: 287805.736: Application time: 0.0002385 seconds
2019-06-24T16:11:06.724+0000: 287805.737: Application time: 0.0002061 seconds
2019-06-24T16:11:06.726+0000: 287805.738: Application time: 0.0013665 seconds
2019-06-24T16:11:56.391+0000: 287855.403: Application time: 49.6646471 seconds
{Heap before GC invocations=2070 (full 164):
 par new generation   total 9792K, used 9376K [0x00000000e1000000, 0x00000000e1aa0000, 0x00000000eb4a0000)
  eden space 8704K,  99% used [0x00000000e1000000, 0x00000000e187fe40, 0x00000000e1880000)
  from space 1088K,  61% used [0x00000000e1880000, 0x00000000e19281f0, 0x00000000e1990000)
  to   space 1088K,   0% used [0x00000000e1990000, 0x00000000e1990000, 0x00000000e1aa0000)
 concurrent mark-sweep generation total 121500K, used 70276K [0x00000000eb4a0000, 0x00000000f2b47000, 0x0000000100000000)
 Metaspace       used 88823K, capacity 93218K, committed 93568K, reserved 1130496K
  class space    used 10711K, capacity 11513K, committed 11648K, reserved 1048576K
2019-06-24T16:11:56.391+0000: 287855.403: [GC (Allocation Failure) 2019-06-24T16:11:56.391+0000: 287855.403: [ParNew: 9376K->891K(9792K), 0.0030864 secs] 79652K->71167K(131292K), 0.0031508 secs] [Times: user=0.01 sys=0.00, real=0.00 secs] 
Heap after GC invocations=2071 (full 164):
 par new generation   total 9792K, used 891K [0x00000000e1000000, 0x00000000e1aa0000, 0x00000000eb4a0000)
  eden space 8704K,   0% used [0x00000000e1000000, 0x00000000e1000000, 0x00000000e1880000)
  from space 1088K,  81% used [0x00000000e1990000, 0x00000000e1a6ed68, 0x00000000e1aa0000)
  to   space 1088K,   0% used [0x00000000e1880000, 0x00000000e1880000, 0x00000000e1990000)
 concurrent mark-sweep generation total 121500K, used 70276K [0x00000000eb4a0000, 0x00000000f2b47000, 0x0000000100000000)
 Metaspace       used 88823K, capacity 93218K, committed 93568K, reserved 1130496K
  class space    used 10711K, capacity 11513K, committed 11648K, reserved 1048576K
}
2019-06-24T16:11:58.310+0000: 287857.322: Application time: 1.9156594 seconds
2019-06-24T16:11:58.310+0000: 287857.322: Application time: 0.0000661 seconds
2019-06-24T16:11:58.310+0000: 287857.323: Application time: 0.0000582 seconds
2019-06-24T16:11:58.310+0000: 287857.323: Application time: 0.0000645 seconds
2019-06-24T16:11:58.311+0000: 287857.323: Application time: 0.0000602 seconds
2019-06-24T16:11:58.311+0000: 287857.323: Application time: 0.0000569 seconds
2019-06-24T16:12:01.376+0000: 287860.388: Application time: 3.0646431 seconds
2019-06-24T16:12:01.403+0000: 287860.416: Application time: 0.0275526 seconds
2019-06-24T16:12:06.728+0000: 287865.740: Application time: 5.3240307 seconds
2019-06-24T16:12:06.728+0000: 287865.740: Application time: 0.0001850 seconds
2019-06-24T16:12:06.728+0000: 287865.741: Application time: 0.0002530 seconds
2019-06-24T16:12:06.729+0000: 287865.741: Application time: 0.0001318 seconds
2019-06-24T16:12:06.730+0000: 287865.742: Application time: 0.0012449 seconds
2019-06-24T16:12:13.740+0000: 287872.752: Application time: 7.0096103 seconds
2019-06-24T16:12:13.764+0000: 287872.776: Application time: 0.0236038 seconds
2019-06-24T16:12:16.410+0000: 287875.422: Application time: 2.6458059 seconds
2019-06-24T16:12:16.410+0000: 287875.422: Application time: 0.0000749 seconds
2019-06-24T16:12:16.410+0000: 287875.422: Application time: 0.0000880 seconds
2019-06-24T16:12:16.410+0000: 287875.423: Application time: 0.0000874 seconds
2019-06-24T16:12:16.411+0000: 287875.423: Application time: 0.0000630 seconds
2019-06-24T16:12:16.411+0000: 287875.423: Application time: 0.0000670 seconds
2019-06-24T16:12:18.323+0000: 287877.335: Application time: 1.9122497 seconds
2019-06-24T16:12:18.323+0000: 287877.336: Application time: 0.0000925 seconds
2019-06-24T16:12:18.324+0000: 287877.336: Application time: 0.0001585 seconds
2019-06-24T16:12:18.324+0000: 287877.336: Application time: 0.0001025 seconds
2019-06-24T16:12:18.325+0000: 287877.337: Application time: 0.0010614 seconds
2019-06-24T16:12:38.335+0000: 287897.347: Application time: 20.0098876 seconds
2019-06-24T16:12:38.336+0000: 287897.348: Application time: 0.0001098 seconds
2019-06-24T16:12:38.336+0000: 287897.348: Application time: 0.0001038 seconds
2019-06-24T16:12:38.336+0000: 287897.348: Application time: 0.0000977 seconds
2019-06-24T16:12:38.336+0000: 287897.349: Application time: 0.0001038 seconds
2019-06-24T16:12:38.337+0000: 287897.349: Application time: 0.0000968 seconds
2019-06-24T16:12:38.337+0000: 287897.349: Application time: 0.0001023 seconds
2019-06-24T16:12:38.338+0000: 287897.350: Application time: 0.0002981 seconds
2019-06-24T16:12:38.338+0000: 287897.350: Application time: 0.0002221 seconds
2019-06-24T16:12:40.274+0000: 287899.286: Application time: 1.9357720 seconds
2019-06-24T16:12:40.303+0000: 287899.316: Application time: 0.0290530 seconds
2019-06-24T16:12:46.414+0000: 287905.426: Application time: 6.1106120 seconds
2019-06-24T16:12:46.416+0000: 287905.428: Application time: 0.0015158 seconds
2019-06-24T16:14:59.634+0000: 288038.646: Application time: 133.2177696 seconds
{Heap before GC invocations=2071 (full 164):
 par new generation   total 9792K, used 9593K [0x00000000e1000000, 0x00000000e1aa0000, 0x00000000eb4a0000)
  eden space 8704K,  99% used [0x00000000e1000000, 0x00000000e187f858, 0x00000000e1880000)
  from space 1088K,  81% used [0x00000000e1990000, 0x00000000e1a6ed68, 0x00000000e1aa0000)
  to   space 1088K,   0% used [0x00000000e1880000, 0x00000000e1880000, 0x00000000e1990000)
 concurrent mark-sweep generation total 121500K, used 70276K [0x00000000eb4a0000, 0x00000000f2b47000, 0x0000000100000000)
 Metaspace       used 88823K, capacity 93218K, committed 93568K, reserved 1130496K
  class space    used 10711K, capacity 11513K, committed 11648K, reserved 1048576K
2019-06-24T16:14:59.634+0000: 288038.646: [GC (Allocation Failure) 2019-06-24T16:14:59.634+0000: 288038.646: [ParNew: 9593K->1047K(9792K), 0.0067913 secs] 79869K->71719K(131292K), 0.0068681 secs] [Times: user=0.01 sys=0.00, real=0.01 secs] 
Heap after GC invocations=2072 (full 164):
 par new generation   total 9792K, used 1047K [0x00000000e1000000, 0x00000000e1aa0000, 0x00000000eb4a0000)
  eden space 8704K,   0% used [0x00000000e1000000, 0x00000000e1000000, 0x00000000e1880000)
  from space 1088K,  96% used [0x00000000e1880000, 0x00000000e1985e30, 0x00000000e1990000)
  to   space 1088K,   0% used [0x00000000e1990000, 0x00000000e1990000, 0x00000000e1aa0000)
 concurrent mark-sweep generation total 121500K, used 70672K [0x00000000eb4a0000, 0x00000000f2b47000, 0x0000000100000000)
 Metaspace       used 88823K, capacity 93218K, committed 93568K, reserved 1130496K
  class space    used 10711K, capacity 11513K, committed 11648K, reserved 1048576K
}
2019-06-24T16:15:04.631+0000: 288043.644: Application time: 4.9903072 seconds
2019-06-24T16:15:04.665+0000: 288043.678: Application time: 0.0338266 seconds
2019-06-24T16:15:06.738+0000: 288045.750: Application time: 2.0720571 seconds
2019-06-24T16:15:06.738+0000: 288045.750: Application time: 0.0001432 seconds
2019-06-24T16:15:06.738+0000: 288045.750: Application time: 0.0001377 seconds
2019-06-24T16:15:06.738+0000: 288045.751: Application time: 0.0001295 seconds
2019-06-24T16:15:06.739+0000: 288045.751: Application time: 0.0001269 seconds
2019-06-24T16:15:06.739+0000: 288045.751: Application time: 0.0001262 seconds
2019-06-24T16:15:06.739+0000: 288045.751: Application time: 0.0001313 seconds
2019-06-24T16:15:06.740+0000: 288045.752: Application time: 0.0003115 seconds
2019-06-24T16:15:06.740+0000: 288045.752: Application time: 0.0001594 seconds
2019-06-24T16:15:08.430+0000: 288047.442: Application time: 1.6899826 seconds
2019-06-24T16:15:08.433+0000: 288047.446: Application time: 0.0028745 seconds
2019-06-24T16:15:16.431+0000: 288055.443: Application time: 7.9969778 seconds
2019-06-24T16:15:16.431+0000: 288055.443: Application time: 0.0000695 seconds
2019-06-24T16:15:16.431+0000: 288055.443: Application time: 0.0000593 seconds
2019-06-24T16:15:16.431+0000: 288055.444: Application time: 0.0000687 seconds
2019-06-24T16:15:16.432+0000: 288055.444: Application time: 0.0000763 seconds
2019-06-24T16:15:16.432+0000: 288055.444: Application time: 0.0000588 seconds
2019-06-24T16:15:16.432+0000: 288055.444: Application time: 0.0000572 seconds
2019-06-24T16:15:16.432+0000: 288055.444: Application time: 0.0000607 seconds
2019-06-24T16:15:16.432+0000: 288055.445: Application time: 0.0002035 seconds
2019-06-24T16:15:16.433+0000: 288055.445: Application time: 0.0001054 seconds
2019-06-24T16:15:17.415+0000: 288056.427: Application time: 0.9822490 seconds
2019-06-24T16:15:17.454+0000: 288056.466: Application time: 0.0388635 seconds
2019-06-24T16:15:18.445+0000: 288057.457: Application time: 0.9903861 seconds
2019-06-24T16:16:38.457+0000: 288137.470: Application time: 80.0122719 seconds
2019-06-24T16:16:38.500+0000: 288137.513: Application time: 0.0427353 seconds
2019-06-24T16:16:38.501+0000: 288137.513: Application time: 0.0000704 seconds
2019-06-24T16:16:38.501+0000: 288137.514: Application time: 0.0000601 seconds
2019-06-24T16:16:38.501+0000: 288137.514: Application time: 0.0000733 seconds
2019-06-24T16:16:38.502+0000: 288137.514: Application time: 0.0000597 seconds
2019-06-24T16:16:38.502+0000: 288137.514: Application time: 0.0000589 seconds
2019-06-24T16:16:38.502+0000: 288137.514: Application time: 0.0000546 seconds
2019-06-24T16:16:38.502+0000: 288137.515: Application time: 0.0000610 seconds
2019-06-24T16:16:38.503+0000: 288137.515: Application time: 0.0002244 seconds
2019-06-24T16:16:38.503+0000: 288137.516: Application time: 0.0000697 seconds
2019-06-24T16:16:42.763+0000: 288141.775: Application time: 4.2593733 seconds
2019-06-24T16:16:42.793+0000: 288141.805: Application time: 0.0298469 seconds
2019-06-24T16:16:46.441+0000: 288145.454: Application time: 3.6482079 seconds
2019-06-24T16:16:46.442+0000: 288145.454: Application time: 0.0000835 seconds
2019-06-24T16:16:46.442+0000: 288145.454: Application time: 0.0000666 seconds
2019-06-24T16:16:46.442+0000: 288145.454: Application time: 0.0000708 seconds
2019-06-24T16:16:46.444+0000: 288145.456: Application time: 0.0015031 seconds
2019-06-24T16:16:48.509+0000: 288147.521: Application time: 2.0649837 seconds
2019-06-24T16:16:58.520+0000: 288157.532: Application time: 10.0102748 seconds
2019-06-24T16:17:18.541+0000: 288177.554: Application time: 20.0213675 seconds
{Heap before GC invocations=2072 (full 164):
 par new generation   total 9792K, used 9744K [0x00000000e1000000, 0x00000000e1aa0000, 0x00000000eb4a0000)
  eden space 8704K,  99% used [0x00000000e1000000, 0x00000000e187e378, 0x00000000e1880000)
  from space 1088K,  96% used [0x00000000e1880000, 0x00000000e1985e30, 0x00000000e1990000)
  to   space 1088K,   0% used [0x00000000e1990000, 0x00000000e1990000, 0x00000000e1aa0000)
 concurrent mark-sweep generation total 121500K, used 70672K [0x00000000eb4a0000, 0x00000000f2b47000, 0x0000000100000000)
 Metaspace       used 88845K, capacity 93254K, committed 93568K, reserved 1130496K
  class space    used 10714K, capacity 11519K, committed 11648K, reserved 1048576K
2019-06-24T16:17:18.542+0000: 288177.554: [GC (Allocation Failure) 2019-06-24T16:17:18.542+0000: 288177.554: [ParNew: 9744K->1066K(9792K), 0.0084703 secs] 80416K->72024K(131292K), 0.0085515 secs] [Times: user=0.02 sys=0.00, real=0.01 secs] 
Heap after GC invocations=2073 (full 164):
 par new generation   total 9792K, used 1066K [0x00000000e1000000, 0x00000000e1aa0000, 0x00000000eb4a0000)
  eden space 8704K,   0% used [0x00000000e1000000, 0x00000000e1000000, 0x00000000e1880000)
  from space 1088K,  98% used [0x00000000e1990000, 0x00000000e1a9ab50, 0x00000000e1aa0000)
  to   space 1088K,   0% used [0x00000000e1880000, 0x00000000e1880000, 0x00000000e1990000)
 concurrent mark-sweep generation total 121500K, used 70957K [0x00000000eb4a0000, 0x00000000f2b47000, 0x0000000100000000)
 Metaspace       used 88845K, capacity 93254K, committed 93568K, reserved 1130496K
  class space    used 10714K, capacity 11519K, committed 11648K, reserved 1048576K
}
2019-06-24T16:18:16.454+0000: 288235.466: Application time: 57.9031251 seconds
2019-06-24T16:18:16.454+0000: 288235.466: Application time: 0.0000777 seconds
2019-06-24T16:18:16.454+0000: 288235.467: Application time: 0.0000812 seconds
2019-06-24T16:18:16.454+0000: 288235.467: Application time: 0.0000589 seconds
2019-06-24T16:18:16.455+0000: 288235.467: Application time: 0.0001630 seconds
2019-06-24T16:18:16.455+0000: 288235.467: Application time: 0.0001101 seconds
2019-06-24T16:18:18.585+0000: 288237.598: Application time: 2.1302900 seconds
2019-06-24T16:18:18.586+0000: 288237.598: Application time: 0.0001460 seconds
2019-06-24T16:18:18.586+0000: 288237.599: Application time: 0.0001511 seconds
2019-06-24T16:18:18.587+0000: 288237.599: Application time: 0.0001270 seconds
2019-06-24T16:18:18.587+0000: 288237.600: Application time: 0.0001377 seconds
2019-06-24T16:18:18.591+0000: 288237.603: Application time: 0.0030764 seconds
2019-06-24T16:18:18.884+0000: 288237.896: Application time: 0.2932220 seconds
2019-06-24T16:18:18.929+0000: 288237.941: Application time: 0.0446877 seconds
2019-06-24T16:22:48.762+0000: 288507.775: Application time: 269.8329697 seconds
{Heap before GC invocations=2073 (full 164):
 par new generation   total 9792K, used 9770K [0x00000000e1000000, 0x00000000e1aa0000, 0x00000000eb4a0000)
  eden space 8704K, 100% used [0x00000000e1000000, 0x00000000e1880000, 0x00000000e1880000)
  from space 1088K,  98% used [0x00000000e1990000, 0x00000000e1a9ab50, 0x00000000e1aa0000)
  to   space 1088K,   0% used [0x00000000e1880000, 0x00000000e1880000, 0x00000000e1990000)
 concurrent mark-sweep generation total 121500K, used 70957K [0x00000000eb4a0000, 0x00000000f2b47000, 0x0000000100000000)
 Metaspace       used 88846K, capacity 93254K, committed 93568K, reserved 1130496K
  class space    used 10714K, capacity 11519K, committed 11648K, reserved 1048576K
2019-06-24T16:22:48.763+0000: 288507.775: [GC (Allocation Failure) 2019-06-24T16:22:48.763+0000: 288507.775: [ParNew: 9770K->830K(9792K), 0.0032407 secs] 80728K->72103K(131292K), 0.0032903 secs] [Times: user=0.00 sys=0.00, real=0.00 secs] 
Heap after GC invocations=2074 (full 164):
 par new generation   total 9792K, used 830K [0x00000000e1000000, 0x00000000e1aa0000, 0x00000000eb4a0000)
  eden space 8704K,   0% used [0x00000000e1000000, 0x00000000e1000000, 0x00000000e1880000)
  from space 1088K,  76% used [0x00000000e1880000, 0x00000000e194f958, 0x00000000e1990000)
  to   space 1088K,   0% used [0x00000000e1990000, 0x00000000e1990000, 0x00000000e1aa0000)
 concurrent mark-sweep generation total 121500K, used 71273K [0x00000000eb4a0000, 0x00000000f2b47000, 0x0000000100000000)
 Metaspace       used 88846K, capacity 93254K, committed 93568K, reserved 1130496K
  class space    used 10714K, capacity 11519K, committed 11648K, reserved 1048576K
}
2019-06-24T16:23:07.310+0000: 288526.322: Application time: 18.5441057 seconds
2019-06-24T16:30:07.302+0000: 288946.314: Application time: 419.9914569 seconds
{Heap before GC invocations=2074 (full 164):
 par new generation   total 9792K, used 9532K [0x00000000e1000000, 0x00000000e1aa0000, 0x00000000eb4a0000)
  eden space 8704K,  99% used [0x00000000e1000000, 0x00000000e187f738, 0x00000000e1880000)
  from space 1088K,  76% used [0x00000000e1880000, 0x00000000e194f958, 0x00000000e1990000)
  to   space 1088K,   0% used [0x00000000e1990000, 0x00000000e1990000, 0x00000000e1aa0000)
 concurrent mark-sweep generation total 121500K, used 71273K [0x00000000eb4a0000, 0x00000000f2b47000, 0x0000000100000000)
 Metaspace       used 88846K, capacity 93254K, committed 93568K, reserved 1130496K
  class space    used 10714K, capacity 11519K, committed 11648K, reserved 1048576K
2019-06-24T16:30:07.302+0000: 288946.314: [GC (Allocation Failure) 2019-06-24T16:30:07.302+0000: 288946.314: [ParNew: 9532K->920K(9792K), 0.0030281 secs] 80805K->72194K(131292K), 0.0031029 secs] [Times: user=0.01 sys=0.00, real=0.00 secs] 
Heap after GC invocations=2075 (full 164):
 par new generation   total 9792K, used 920K [0x00000000e1000000, 0x00000000e1aa0000, 0x00000000eb4a0000)
  eden space 8704K,   0% used [0x00000000e1000000, 0x00000000e1000000, 0x00000000e1880000)
  from space 1088K,  84% used [0x00000000e1990000, 0x00000000e1a76360, 0x00000000e1aa0000)
  to   space 1088K,   0% used [0x00000000e1880000, 0x00000000e1880000, 0x00000000e1990000)
 concurrent mark-sweep generation total 121500K, used 71273K [0x00000000eb4a0000, 0x00000000f2b47000, 0x0000000100000000)
 Metaspace       used 88846K, capacity 93254K, committed 93568K, reserved 1130496K
  class space    used 10714K, capacity 11519K, committed 11648K, reserved 1048576K
}
2019-06-24T16:33:29.219+0000: 289148.232: Application time: 201.9140339 seconds
2019-06-24T16:37:16.619+0000: 289375.631: Application time: 227.3991911 seconds
{Heap before GC invocations=2075 (full 164):
 par new generation   total 9792K, used 9624K [0x00000000e1000000, 0x00000000e1aa0000, 0x00000000eb4a0000)
  eden space 8704K, 100% used [0x00000000e1000000, 0x00000000e1880000, 0x00000000e1880000)
  from space 1088K,  84% used [0x00000000e1990000, 0x00000000e1a76360, 0x00000000e1aa0000)
  to   space 1088K,   0% used [0x00000000e1880000, 0x00000000e1880000, 0x00000000e1990000)
 concurrent mark-sweep generation total 121500K, used 71273K [0x00000000eb4a0000, 0x00000000f2b47000, 0x0000000100000000)
 Metaspace       used 88846K, capacity 93254K, committed 93568K, reserved 1130496K
  class space    used 10714K, capacity 11519K, committed 11648K, reserved 1048576K
2019-06-24T16:37:16.619+0000: 289375.631: [GC (Allocation Failure) 2019-06-24T16:37:16.619+0000: 289375.631: [ParNew: 9624K->620K(9792K), 0.0033454 secs] 80898K->72169K(131292K), 0.0034139 secs] [Times: user=0.00 sys=0.00, real=0.00 secs] 
Heap after GC invocations=2076 (full 164):
 par new generation   total 9792K, used 620K [0x00000000e1000000, 0x00000000e1aa0000, 0x00000000eb4a0000)
  eden space 8704K,   0% used [0x00000000e1000000, 0x00000000e1000000, 0x00000000e1880000)
  from space 1088K,  57% used [0x00000000e1880000, 0x00000000e191b3d8, 0x00000000e1990000)
  to   space 1088K,   0% used [0x00000000e1990000, 0x00000000e1990000, 0x00000000e1aa0000)
 concurrent mark-sweep generation total 121500K, used 71548K [0x00000000eb4a0000, 0x00000000f2b47000, 0x0000000100000000)
 Metaspace       used 88846K, capacity 93254K, committed 93568K, reserved 1130496K
  class space    used 10714K, capacity 11519K, committed 11648K, reserved 1048576K
}
2019-06-24T16:37:54.904+0000: 289413.916: Application time: 38.2810161 seconds
2019-06-24T16:37:54.936+0000: 289413.949: Application time: 0.0324927 seconds
2019-06-24T16:37:59.398+0000: 289418.410: Application time: 4.4610521 seconds
2019-06-24T16:37:59.398+0000: 289418.410: Application time: 0.0001342 seconds
2019-06-24T16:37:59.399+0000: 289418.411: Application time: 0.0001198 seconds
2019-06-24T16:37:59.399+0000: 289418.411: Application time: 0.0002682 seconds
2019-06-24T16:37:59.399+0000: 289418.412: Application time: 0.0002499 seconds
2019-06-24T16:38:06.808+0000: 289425.820: Application time: 7.4084697 seconds
2019-06-24T16:38:06.809+0000: 289425.821: Application time: 0.0000953 seconds
2019-06-24T16:38:06.809+0000: 289425.821: Application time: 0.0001131 seconds
2019-06-24T16:38:06.809+0000: 289425.821: Application time: 0.0000809 seconds
2019-06-24T16:38:06.809+0000: 289425.822: Application time: 0.0000864 seconds
2019-06-24T16:38:06.811+0000: 289425.823: Application time: 0.0017346 seconds
2019-06-24T16:39:06.002+0000: 289485.015: Application time: 59.1909760 seconds
2019-06-24T16:39:06.027+0000: 289485.039: Application time: 0.0242098 seconds
2019-06-24T16:39:06.813+0000: 289485.825: Application time: 0.7859674 seconds
2019-06-24T16:39:06.813+0000: 289485.826: Application time: 0.0001589 seconds
2019-06-24T16:39:06.814+0000: 289485.826: Application time: 0.0001720 seconds
2019-06-24T16:39:06.814+0000: 289485.827: Application time: 0.0003039 seconds
2019-06-24T16:39:06.815+0000: 289485.827: Application time: 0.0001748 seconds
2019-06-24T16:39:09.450+0000: 289488.462: Application time: 2.6350363 seconds
2019-06-24T16:39:09.450+0000: 289488.462: Application time: 0.0000712 seconds
2019-06-24T16:39:09.450+0000: 289488.463: Application time: 0.0000664 seconds
2019-06-24T16:39:09.450+0000: 289488.463: Application time: 0.0000604 seconds
2019-06-24T16:39:09.451+0000: 289488.463: Application time: 0.0000641 seconds
2019-06-24T16:39:09.452+0000: 289488.464: Application time: 0.0014342 seconds
2019-06-24T16:40:47.908+0000: 289586.920: Application time: 98.4555080 seconds
{Heap before GC invocations=2076 (full 164):
 par new generation   total 9792K, used 9323K [0x00000000e1000000, 0x00000000e1aa0000, 0x00000000eb4a0000)
  eden space 8704K,  99% used [0x00000000e1000000, 0x00000000e187f8a0, 0x00000000e1880000)
  from space 1088K,  57% used [0x00000000e1880000, 0x00000000e191b3d8, 0x00000000e1990000)
  to   space 1088K,   0% used [0x00000000e1990000, 0x00000000e1990000, 0x00000000e1aa0000)
 concurrent mark-sweep generation total 121500K, used 71548K [0x00000000eb4a0000, 0x00000000f2b47000, 0x0000000100000000)
 Metaspace       used 88846K, capacity 93254K, committed 93568K, reserved 1130496K
  class space    used 10714K, capacity 11519K, committed 11648K, reserved 1048576K
2019-06-24T16:40:47.908+0000: 289586.920: [GC (Allocation Failure) 2019-06-24T16:40:47.908+0000: 289586.920: [ParNew: 9323K->956K(9792K), 0.0043271 secs] 80871K->72505K(131292K), 0.0043885 secs] [Times: user=0.01 sys=0.00, real=0.01 secs] 
Heap after GC invocations=2077 (full 164):
 par new generation   total 9792K, used 956K [0x00000000e1000000, 0x00000000e1aa0000, 0x00000000eb4a0000)
  eden space 8704K,   0% used [0x00000000e1000000, 0x00000000e1000000, 0x00000000e1880000)
  from space 1088K,  87% used [0x00000000e1990000, 0x00000000e1a7f330, 0x00000000e1aa0000)
  to   space 1088K,   0% used [0x00000000e1880000, 0x00000000e1880000, 0x00000000e1990000)
 concurrent mark-sweep generation total 121500K, used 71548K [0x00000000eb4a0000, 0x00000000f2b47000, 0x0000000100000000)
 Metaspace       used 88846K, capacity 93254K, committed 93568K, reserved 1130496K
  class space    used 10714K, capacity 11519K, committed 11648K, reserved 1048576K
}
2019-06-24T16:40:49.523+0000: 289588.535: Application time: 1.6103237 seconds
2019-06-24T16:40:49.523+0000: 289588.535: Application time: 0.0000725 seconds
2019-06-24T16:40:49.523+0000: 289588.536: Application time: 0.0000596 seconds
2019-06-24T16:40:49.524+0000: 289588.536: Application time: 0.0001719 seconds
2019-06-24T16:40:49.524+0000: 289588.536: Application time: 0.0001209 seconds
2019-06-24T16:40:52.906+0000: 289591.918: Application time: 3.3815305 seconds
2019-06-24T16:40:52.936+0000: 289591.948: Application time: 0.0298272 seconds
2019-06-24T16:40:59.530+0000: 289598.543: Application time: 6.5944249 seconds
2019-06-24T16:40:59.531+0000: 289598.543: Application time: 0.0001486 seconds
2019-06-24T16:40:59.531+0000: 289598.544: Application time: 0.0001437 seconds
2019-06-24T16:40:59.532+0000: 289598.544: Application time: 0.0001595 seconds
2019-06-24T16:40:59.532+0000: 289598.545: Application time: 0.0001289 seconds
2019-06-24T16:40:59.533+0000: 289598.545: Application time: 0.0001376 seconds
2019-06-24T16:40:59.536+0000: 289598.548: Application time: 0.0031569 seconds
2019-06-24T16:41:16.656+0000: 289615.668: Application time: 17.1195257 seconds
2019-06-24T16:41:16.657+0000: 289615.669: Application time: 0.0002025 seconds
2019-06-24T16:41:16.657+0000: 289615.670: Application time: 0.0003720 seconds
2019-06-24T16:41:16.658+0000: 289615.670: Application time: 0.0003176 seconds
2019-06-24T16:41:17.767+0000: 289616.779: Application time: 1.1090467 seconds
2019-06-24T16:41:17.791+0000: 289616.803: Application time: 0.0237561 seconds
2019-06-24T16:41:19.550+0000: 289618.562: Application time: 1.7585558 seconds
2019-06-24T16:41:19.550+0000: 289618.562: Application time: 0.0000769 seconds
2019-06-24T16:41:19.550+0000: 289618.563: Application time: 0.0000696 seconds
2019-06-24T16:41:19.551+0000: 289618.563: Application time: 0.0000638 seconds
2019-06-24T16:41:19.551+0000: 289618.563: Application time: 0.0000634 seconds
2019-06-24T16:41:19.551+0000: 289618.563: Application time: 0.0000682 seconds
2019-06-24T16:41:19.552+0000: 289618.565: Application time: 0.0014405 seconds
2019-06-24T16:41:59.575+0000: 289658.588: Application time: 40.0227378 seconds
2019-06-24T16:41:59.576+0000: 289658.588: Application time: 0.0000703 seconds
2019-06-24T16:41:59.576+0000: 289658.588: Application time: 0.0001458 seconds
2019-06-24T16:41:59.576+0000: 289658.588: Application time: 0.0001041 seconds
2019-06-24T16:42:02.629+0000: 289661.641: Application time: 3.0526332 seconds
2019-06-24T16:42:02.654+0000: 289661.666: Application time: 0.0245633 seconds
2019-06-24T16:42:06.829+0000: 289665.841: Application time: 4.1747490 seconds
2019-06-24T16:42:06.830+0000: 289665.842: Application time: 0.0001646 seconds
2019-06-24T16:42:06.830+0000: 289665.842: Application time: 0.0001431 seconds
2019-06-24T16:42:06.830+0000: 289665.843: Application time: 0.0001308 seconds
2019-06-24T16:42:06.831+0000: 289665.843: Application time: 0.0003058 seconds
2019-06-24T16:42:06.831+0000: 289665.844: Application time: 0.0002799 seconds
2019-06-24T16:42:06.835+0000: 289665.847: Application time: 0.0032323 seconds
2019-06-24T16:42:18.841+0000: 289677.853: Application time: 12.0057390 seconds
{Heap before GC invocations=2077 (full 164):
 par new generation   total 9792K, used 9660K [0x00000000e1000000, 0x00000000e1aa0000, 0x00000000eb4a0000)
  eden space 8704K, 100% used [0x00000000e1000000, 0x00000000e1880000, 0x00000000e1880000)
  from space 1088K,  87% used [0x00000000e1990000, 0x00000000e1a7f330, 0x00000000e1aa0000)
  to   space 1088K,   0% used [0x00000000e1880000, 0x00000000e1880000, 0x00000000e1990000)
 concurrent mark-sweep generation total 121500K, used 71548K [0x00000000eb4a0000, 0x00000000f2b47000, 0x0000000100000000)
 Metaspace       used 88857K, capacity 93272K, committed 93568K, reserved 1130496K
  class space    used 10716K, capacity 11522K, committed 11648K, reserved 1048576K
2019-06-24T16:42:18.841+0000: 289677.854: [GC (Allocation Failure) 2019-06-24T16:42:18.841+0000: 289677.854: [ParNew: 9660K->964K(9792K), 0.0046438 secs] 81209K->72725K(131292K), 0.0047230 secs] [Times: user=0.00 sys=0.01, real=0.00 secs] 
Heap after GC invocations=2078 (full 164):
 par new generation   total 9792K, used 964K [0x00000000e1000000, 0x00000000e1aa0000, 0x00000000eb4a0000)
  eden space 8704K,   0% used [0x00000000e1000000, 0x00000000e1000000, 0x00000000e1880000)
  from space 1088K,  88% used [0x00000000e1880000, 0x00000000e1971190, 0x00000000e1990000)
  to   space 1088K,   0% used [0x00000000e1990000, 0x00000000e1990000, 0x00000000e1aa0000)
 concurrent mark-sweep generation total 121500K, used 71761K [0x00000000eb4a0000, 0x00000000f2b47000, 0x0000000100000000)
 Metaspace       used 88857K, capacity 93272K, committed 93568K, reserved 1130496K
  class space    used 10716K, capacity 11522K, committed 11648K, reserved 1048576K
}
2019-06-24T16:42:19.587+0000: 289678.599: Application time: 0.7409102 seconds
2019-06-24T16:42:19.588+0000: 289678.600: Application time: 0.0001267 seconds
2019-06-24T16:42:19.589+0000: 289678.601: Application time: 0.0001876 seconds
2019-06-24T16:42:19.589+0000: 289678.601: Application time: 0.0001356 seconds
2019-06-24T16:42:23.839+0000: 289682.851: Application time: 4.2490585 seconds
2019-06-24T16:42:23.881+0000: 289682.893: Application time: 0.0418488 seconds
2019-06-24T16:42:29.596+0000: 289688.609: Application time: 5.7152855 seconds
2019-06-24T16:42:29.596+0000: 289688.609: Application time: 0.0000689 seconds
2019-06-24T16:42:29.597+0000: 289688.609: Application time: 0.0000592 seconds
2019-06-24T16:42:29.597+0000: 289688.609: Application time: 0.0000631 seconds
2019-06-24T16:42:29.597+0000: 289688.609: Application time: 0.0000577 seconds
2019-06-24T16:42:29.597+0000: 289688.610: Application time: 0.0000568 seconds
2019-06-24T16:42:29.597+0000: 289688.610: Application time: 0.0000566 seconds
2019-06-24T16:42:29.598+0000: 289688.610: Application time: 0.0000631 seconds
2019-06-24T16:42:29.598+0000: 289688.610: Application time: 0.0001551 seconds
2019-06-24T16:42:29.598+0000: 289688.610: Application time: 0.0001056 seconds
2019-06-24T16:42:29.599+0000: 289688.612: Application time: 0.0011239 seconds
2019-06-24T16:44:37.816+0000: 289816.828: Application time: 128.2164208 seconds
2019-06-24T16:44:37.842+0000: 289816.854: Application time: 0.0259179 seconds
2019-06-24T16:44:46.500+0000: 289825.513: Application time: 8.6581586 seconds
2019-06-24T16:44:46.501+0000: 289825.514: Application time: 0.0000998 seconds
2019-06-24T16:44:46.501+0000: 289825.514: Application time: 0.0000836 seconds
2019-06-24T16:44:46.502+0000: 289825.514: Application time: 0.0001093 seconds
2019-06-24T16:44:46.502+0000: 289825.514: Application time: 0.0000817 seconds
2019-06-24T16:44:46.502+0000: 289825.515: Application time: 0.0000819 seconds
2019-06-24T16:44:46.503+0000: 289825.515: Application time: 0.0000961 seconds
2019-06-24T16:44:49.688+0000: 289828.700: Application time: 3.1852255 seconds
2019-06-24T16:44:49.689+0000: 289828.701: Application time: 0.0001998 seconds
2019-06-24T16:44:49.689+0000: 289828.701: Application time: 0.0001879 seconds
2019-06-24T16:44:49.689+0000: 289828.702: Application time: 0.0002082 seconds
2019-06-24T16:44:49.690+0000: 289828.702: Application time: 0.0002321 seconds
2019-06-24T16:44:49.690+0000: 289828.703: Application time: 0.0002021 seconds
2019-06-24T16:44:49.691+0000: 289828.703: Application time: 0.0002016 seconds
2019-06-24T16:44:49.691+0000: 289828.703: Application time: 0.0002079 seconds
2019-06-24T16:44:49.692+0000: 289828.704: Application time: 0.0003722 seconds
2019-06-24T16:44:49.692+0000: 289828.704: Application time: 0.0002731 seconds
2019-06-24T16:44:49.694+0000: 289828.706: Application time: 0.0015467 seconds
2019-06-24T16:44:49.696+0000: 289828.709: Application time: 0.0024284 seconds
{Heap before GC invocations=2078 (full 164):
 par new generation   total 9792K, used 9668K [0x00000000e1000000, 0x00000000e1aa0000, 0x00000000eb4a0000)
  eden space 8704K, 100% used [0x00000000e1000000, 0x00000000e1880000, 0x00000000e1880000)
  from space 1088K,  88% used [0x00000000e1880000, 0x00000000e1971190, 0x00000000e1990000)
  to   space 1088K,   0% used [0x00000000e1990000, 0x00000000e1990000, 0x00000000e1aa0000)
 concurrent mark-sweep generation total 121500K, used 71761K [0x00000000eb4a0000, 0x00000000f2b47000, 0x0000000100000000)
 Metaspace       used 88887K, capacity 93320K, committed 93568K, reserved 1130496K
  class space    used 10720K, capacity 11530K, committed 11648K, reserved 1048576K
2019-06-24T16:44:49.697+0000: 289828.709: [GC (Allocation Failure) 2019-06-24T16:44:49.697+0000: 289828.709: [ParNew: 9668K->855K(9792K), 0.0046773 secs] 81429K->73052K(131292K), 0.0047378 secs] [Times: user=0.00 sys=0.00, real=0.01 secs] 
Heap after GC invocations=2079 (full 164):
 par new generation   total 9792K, used 855K [0x00000000e1000000, 0x00000000e1aa0000, 0x00000000eb4a0000)
  eden space 8704K,   0% used [0x00000000e1000000, 0x00000000e1000000, 0x00000000e1880000)
  from space 1088K,  78% used [0x00000000e1990000, 0x00000000e1a65d60, 0x00000000e1aa0000)
  to   space 1088K,   0% used [0x00000000e1880000, 0x00000000e1880000, 0x00000000e1990000)
 concurrent mark-sweep generation total 121500K, used 72196K [0x00000000eb4a0000, 0x00000000f2b47000, 0x0000000100000000)
 Metaspace       used 88887K, capacity 93320K, committed 93568K, reserved 1130496K
  class space    used 10720K, capacity 11530K, committed 11648K, reserved 1048576K
}
2019-06-24T16:44:51.504+0000: 289830.516: Application time: 1.8020271 seconds
2019-06-24T16:44:51.537+0000: 289830.549: Application time: 0.0328229 seconds
2019-06-24T16:46:27.538+0000: 289926.550: Application time: 96.0006045 seconds
2019-06-24T16:46:27.583+0000: 289926.595: Application time: 0.0449794 seconds
2019-06-24T16:46:29.757+0000: 289928.769: Application time: 2.1738425 seconds
2019-06-24T16:46:29.757+0000: 289928.770: Application time: 0.0000759 seconds
2019-06-24T16:46:29.757+0000: 289928.770: Application time: 0.0000598 seconds
2019-06-24T16:46:29.758+0000: 289928.770: Application time: 0.0000628 seconds
2019-06-24T16:46:39.763+0000: 289938.776: Application time: 10.0056594 seconds
2019-06-24T16:46:39.764+0000: 289938.776: Application time: 0.0000680 seconds
2019-06-24T16:46:39.764+0000: 289938.776: Application time: 0.0000638 seconds
2019-06-24T16:46:39.764+0000: 289938.776: Application time: 0.0000597 seconds
2019-06-24T16:46:39.764+0000: 289938.777: Application time: 0.0001397 seconds
2019-06-24T16:46:39.765+0000: 289938.777: Application time: 0.0001153 seconds
2019-06-24T16:46:39.766+0000: 289938.778: Application time: 0.0009716 seconds
2019-06-24T16:48:06.855+0000: 290025.867: Application time: 87.0893147 seconds
2019-06-24T16:48:06.856+0000: 290025.868: Application time: 0.0002550 seconds
2019-06-24T16:48:06.856+0000: 290025.869: Application time: 0.0002780 seconds
2019-06-24T16:48:06.857+0000: 290025.869: Application time: 0.0002503 seconds
2019-06-24T16:48:06.857+0000: 290025.869: Application time: 0.0002420 seconds
2019-06-24T16:48:07.456+0000: 290026.469: Application time: 0.5990207 seconds
2019-06-24T16:48:09.825+0000: 290028.837: Application time: 2.3685240 seconds
2019-06-24T16:48:09.825+0000: 290028.838: Application time: 0.0001081 seconds
2019-06-24T16:48:09.826+0000: 290028.838: Application time: 0.0001316 seconds
2019-06-24T16:48:09.826+0000: 290028.838: Application time: 0.0002091 seconds
2019-06-24T16:48:09.826+0000: 290028.839: Application time: 0.0002064 seconds
2019-06-24T16:48:09.828+0000: 290028.841: Application time: 0.0016874 seconds
2019-06-24T16:48:10.872+0000: 290029.884: Application time: 1.0430719 seconds
2019-06-24T16:48:10.897+0000: 290029.910: Application time: 0.0253671 seconds
2019-06-24T16:48:37.462+0000: 290056.474: Application time: 26.5643559 seconds
{Heap before GC invocations=2079 (full 164):
 par new generation   total 9792K, used 9551K [0x00000000e1000000, 0x00000000e1aa0000, 0x00000000eb4a0000)
  eden space 8704K,  99% used [0x00000000e1000000, 0x00000000e187e190, 0x00000000e1880000)
  from space 1088K,  78% used [0x00000000e1990000, 0x00000000e1a65d60, 0x00000000e1aa0000)
  to   space 1088K,   0% used [0x00000000e1880000, 0x00000000e1880000, 0x00000000e1990000)
 concurrent mark-sweep generation total 121500K, used 72196K [0x00000000eb4a0000, 0x00000000f2b47000, 0x0000000100000000)
 Metaspace       used 88887K, capacity 93320K, committed 93568K, reserved 1130496K
  class space    used 10720K, capacity 11530K, committed 11648K, reserved 1048576K
2019-06-24T16:48:37.462+0000: 290056.474: [GC (Allocation Failure) 2019-06-24T16:48:37.462+0000: 290056.475: [ParNew: 9551K->895K(9792K), 0.0036326 secs] 81748K->73422K(131292K), 0.0037038 secs] [Times: user=0.00 sys=0.00, real=0.00 secs] 
Heap after GC invocations=2080 (full 164):
 par new generation   total 9792K, used 895K [0x00000000e1000000, 0x00000000e1aa0000, 0x00000000eb4a0000)
  eden space 8704K,   0% used [0x00000000e1000000, 0x00000000e1000000, 0x00000000e1880000)
  from space 1088K,  82% used [0x00000000e1880000, 0x00000000e195fe88, 0x00000000e1990000)
  to   space 1088K,   0% used [0x00000000e1990000, 0x00000000e1990000, 0x00000000e1aa0000)
 concurrent mark-sweep generation total 121500K, used 72526K [0x00000000eb4a0000, 0x00000000f2b47000, 0x0000000100000000)
 Metaspace       used 88887K, capacity 93320K, committed 93568K, reserved 1130496K
  class space    used 10720K, capacity 11530K, committed 11648K, reserved 1048576K
}
2019-06-24T16:50:09.902+0000: 290148.914: Application time: 92.4359093 seconds
2019-06-24T16:55:50.132+0000: 290489.145: Application time: 340.2300584 seconds
{Heap before GC invocations=2080 (full 164):
 par new generation   total 9792K, used 9599K [0x00000000e1000000, 0x00000000e1aa0000, 0x00000000eb4a0000)
  eden space 8704K, 100% used [0x00000000e1000000, 0x00000000e1880000, 0x00000000e1880000)
  from space 1088K,  82% used [0x00000000e1880000, 0x00000000e195fe88, 0x00000000e1990000)
  to   space 1088K,   0% used [0x00000000e1990000, 0x00000000e1990000, 0x00000000e1aa0000)
 concurrent mark-sweep generation total 121500K, used 72526K [0x00000000eb4a0000, 0x00000000f2b47000, 0x0000000100000000)
 Metaspace       used 88887K, capacity 93320K, committed 93568K, reserved 1130496K
  class space    used 10720K, capacity 11530K, committed 11648K, reserved 1048576K
2019-06-24T16:55:50.133+0000: 290489.145: [GC (Allocation Failure) 2019-06-24T16:55:50.133+0000: 290489.145: [ParNew: 9599K->983K(9792K), 0.0111545 secs] 82126K->73836K(131292K), 0.0112579 secs] [Times: user=0.02 sys=0.00, real=0.01 secs] 
Heap after GC invocations=2081 (full 164):
 par new generation   total 9792K, used 983K [0x00000000e1000000, 0x00000000e1aa0000, 0x00000000eb4a0000)
  eden space 8704K,   0% used [0x00000000e1000000, 0x00000000e1000000, 0x00000000e1880000)
  from space 1088K,  90% used [0x00000000e1990000, 0x00000000e1a85da8, 0x00000000e1aa0000)
  to   space 1088K,   0% used [0x00000000e1880000, 0x00000000e1880000, 0x00000000e1990000)
 concurrent mark-sweep generation total 121500K, used 72853K [0x00000000eb4a0000, 0x00000000f2b47000, 0x0000000100000000)
 Metaspace       used 88887K, capacity 93320K, committed 93568K, reserved 1130496K
  class space    used 10720K, capacity 11530K, committed 11648K, reserved 1048576K
}
2019-06-24T17:03:10.457+0000: 290929.469: Application time: 440.3125404 seconds
{Heap before GC invocations=2081 (full 164):
 par new generation   total 9792K, used 9687K [0x00000000e1000000, 0x00000000e1aa0000, 0x00000000eb4a0000)
  eden space 8704K, 100% used [0x00000000e1000000, 0x00000000e1880000, 0x00000000e1880000)
  from space 1088K,  90% used [0x00000000e1990000, 0x00000000e1a85da8, 0x00000000e1aa0000)
  to   space 1088K,   0% used [0x00000000e1880000, 0x00000000e1880000, 0x00000000e1990000)
 concurrent mark-sweep generation total 121500K, used 72853K [0x00000000eb4a0000, 0x00000000f2b47000, 0x0000000100000000)
 Metaspace       used 88887K, capacity 93320K, committed 93568K, reserved 1130496K
  class space    used 10720K, capacity 11530K, committed 11648K, reserved 1048576K
2019-06-24T17:03:10.457+0000: 290929.469: [GC (Allocation Failure) 2019-06-24T17:03:10.457+0000: 290929.469: [ParNew: 9687K->619K(9792K), 0.0029918 secs] 82540K->73472K(131292K), 0.0030591 secs] [Times: user=0.00 sys=0.00, real=0.01 secs] 
Heap after GC invocations=2082 (full 164):
 par new generation   total 9792K, used 619K [0x00000000e1000000, 0x00000000e1aa0000, 0x00000000eb4a0000)
  eden space 8704K,   0% used [0x00000000e1000000, 0x00000000e1000000, 0x00000000e1880000)
  from space 1088K,  56% used [0x00000000e1880000, 0x00000000e191af18, 0x00000000e1990000)
  to   space 1088K,   0% used [0x00000000e1990000, 0x00000000e1990000, 0x00000000e1aa0000)
 concurrent mark-sweep generation total 121500K, used 72853K [0x00000000eb4a0000, 0x00000000f2b47000, 0x0000000100000000)
 Metaspace       used 88887K, capacity 93320K, committed 93568K, reserved 1130496K
  class space    used 10720K, capacity 11530K, committed 11648K, reserved 1048576K
}
2019-06-24T17:06:50.600+0000: 291149.612: Application time: 220.1398164 seconds
2019-06-24T17:07:20.624+0000: 291179.636: Application time: 30.0232443 seconds
2019-06-24T17:07:20.624+0000: 291179.636: Application time: 0.0000837 seconds
2019-06-24T17:07:20.624+0000: 291179.637: Application time: 0.0000822 seconds
2019-06-24T17:07:20.625+0000: 291179.637: Application time: 0.0000765 seconds
2019-06-24T17:07:20.625+0000: 291179.637: Application time: 0.0000808 seconds
2019-06-24T17:07:22.765+0000: 291181.778: Application time: 2.1403969 seconds
2019-06-24T17:07:22.790+0000: 291181.802: Application time: 0.0244631 seconds
2019-06-24T17:07:30.631+0000: 291189.644: Application time: 7.8409966 seconds
2019-06-24T17:07:30.632+0000: 291189.644: Application time: 0.0000748 seconds
2019-06-24T17:07:30.632+0000: 291189.644: Application time: 0.0000601 seconds
2019-06-24T17:07:30.632+0000: 291189.644: Application time: 0.0001404 seconds
2019-06-24T17:07:30.632+0000: 291189.645: Application time: 0.0001253 seconds
2019-06-24T17:07:30.634+0000: 291189.646: Application time: 0.0011179 seconds
2019-06-24T17:07:40.642+0000: 291199.654: Application time: 10.0078765 seconds
2019-06-24T17:08:28.620+0000: 291247.632: Application time: 47.9773642 seconds
{Heap before GC invocations=2082 (full 164):
 par new generation   total 9792K, used 9297K [0x00000000e1000000, 0x00000000e1aa0000, 0x00000000eb4a0000)
  eden space 8704K,  99% used [0x00000000e1000000, 0x00000000e1879568, 0x00000000e1880000)
  from space 1088K,  56% used [0x00000000e1880000, 0x00000000e191af18, 0x00000000e1990000)
  to   space 1088K,   0% used [0x00000000e1990000, 0x00000000e1990000, 0x00000000e1aa0000)
 concurrent mark-sweep generation total 121500K, used 72853K [0x00000000eb4a0000, 0x00000000f2b47000, 0x0000000100000000)
 Metaspace       used 88887K, capacity 93320K, committed 93568K, reserved 1130496K
  class space    used 10720K, capacity 11530K, committed 11648K, reserved 1048576K
2019-06-24T17:08:28.620+0000: 291247.632: [GC (Allocation Failure) 2019-06-24T17:08:28.620+0000: 291247.632: [ParNew: 9297K->600K(9792K), 0.0048301 secs] 82150K->73681K(131292K), 0.0049013 secs] [Times: user=0.00 sys=0.01, real=0.00 secs] 
Heap after GC invocations=2083 (full 164):
 par new generation   total 9792K, used 600K [0x00000000e1000000, 0x00000000e1aa0000, 0x00000000eb4a0000)
  eden space 8704K,   0% used [0x00000000e1000000, 0x00000000e1000000, 0x00000000e1880000)
  from space 1088K,  55% used [0x00000000e1990000, 0x00000000e1a26228, 0x00000000e1aa0000)
  to   space 1088K,   0% used [0x00000000e1880000, 0x00000000e1880000, 0x00000000e1990000)
 concurrent mark-sweep generation total 121500K, used 73081K [0x00000000eb4a0000, 0x00000000f2b47000, 0x0000000100000000)
 Metaspace       used 88887K, capacity 93320K, committed 93568K, reserved 1130496K
  class space    used 10720K, capacity 11530K, committed 11648K, reserved 1048576K
}
2019-06-24T17:08:28.625+0000: 291247.638: Application time: 0.0003548 seconds
2019-06-24T17:08:28.626+0000: 291247.638: [GC (CMS Initial Mark) [1 CMS-initial-mark: 73081K(121500K)] 74081K(131292K), 0.0026877 secs] [Times: user=0.00 sys=0.00, real=0.01 secs] 
2019-06-24T17:08:28.628+0000: 291247.641: [CMS-concurrent-mark-start]
2019-06-24T17:08:28.765+0000: 291247.778: [CMS-concurrent-mark: 0.137/0.137 secs] [Times: user=0.14 sys=0.00, real=0.13 secs] 
2019-06-24T17:08:28.765+0000: 291247.778: [CMS-concurrent-preclean-start]
2019-06-24T17:08:28.767+0000: 291247.779: [CMS-concurrent-preclean: 0.002/0.002 secs] [Times: user=0.00 sys=0.00, real=0.00 secs] 
2019-06-24T17:08:28.767+0000: 291247.780: Application time: 0.1389932 seconds
2019-06-24T17:08:28.767+0000: 291247.780: [GC (CMS Final Remark) [YG occupancy: 2510 K (9792 K)]2019-06-24T17:08:28.767+0000: 291247.780: [Rescan (parallel) , 0.0020334 secs]2019-06-24T17:08:28.770+0000: 291247.782: [weak refs processing, 0.0024178 secs]2019-06-24T17:08:28.772+0000: 291247.784: [class unloading, 0.0309548 secs]2019-06-24T17:08:28.803+0000: 291247.815: [scrub symbol table, 0.0188173 secs]2019-06-24T17:08:28.822+0000: 291247.834: [scrub string table, 0.0011750 secs][1 CMS-remark: 73081K(121500K)] 75592K(131292K), 0.0693063 secs] [Times: user=0.07 sys=0.00, real=0.07 secs] 
2019-06-24T17:08:28.837+0000: 291247.849: [CMS-concurrent-sweep-start]
2019-06-24T17:08:28.871+0000: 291247.883: [CMS-concurrent-sweep: 0.033/0.033 secs] [Times: user=0.03 sys=0.00, real=0.04 secs] 
2019-06-24T17:08:28.871+0000: 291247.883: [CMS-concurrent-reset-start]
2019-06-24T17:08:28.872+0000: 291247.884: [CMS-concurrent-reset: 0.001/0.001 secs] [Times: user=0.00 sys=0.00, real=0.00 secs] 
2019-06-24T17:08:29.837+0000: 291248.849: Application time: 1.0002328 seconds
2019-06-24T17:08:30.676+0000: 291249.688: Application time: 0.8389381 seconds
2019-06-24T17:08:30.676+0000: 291249.689: Application time: 0.0000679 seconds
2019-06-24T17:08:30.677+0000: 291249.689: Application time: 0.0000677 seconds
2019-06-24T17:08:30.677+0000: 291249.689: Application time: 0.0000564 seconds
2019-06-24T17:08:30.677+0000: 291249.689: Application time: 0.0000604 seconds
2019-06-24T17:08:31.677+0000: 291250.690: Application time: 1.0003416 seconds
2019-06-24T17:08:33.618+0000: 291252.630: Application time: 1.9401004 seconds
2019-06-24T17:08:33.670+0000: 291252.682: Application time: 0.0516408 seconds
2019-06-24T17:08:37.671+0000: 291256.683: Application time: 4.0006497 seconds
2019-06-24T17:08:40.684+0000: 291259.696: Application time: 3.0131558 seconds
2019-06-24T17:08:40.684+0000: 291259.697: Application time: 0.0001383 seconds
2019-06-24T17:08:40.685+0000: 291259.697: Application time: 0.0000935 seconds
2019-06-24T17:08:40.685+0000: 291259.697: Application time: 0.0001654 seconds
2019-06-24T17:08:40.685+0000: 291259.697: Application time: 0.0001666 seconds
2019-06-24T17:08:40.686+0000: 291259.699: Application time: 0.0011544 seconds
2019-06-24T17:09:07.690+0000: 291286.703: Application time: 27.0038123 seconds
2019-06-24T17:09:21.693+0000: 291300.705: Application time: 14.0022597 seconds
2019-06-24T17:09:30.695+0000: 291309.707: Application time: 9.0018341 seconds
2019-06-24T17:10:08.702+0000: 291347.714: Application time: 38.0066075 seconds
2019-06-24T17:10:10.743+0000: 291349.756: Application time: 2.0414305 seconds
2019-06-24T17:10:10.744+0000: 291349.756: Application time: 0.0000727 seconds
2019-06-24T17:10:10.744+0000: 291349.756: Application time: 0.0000695 seconds
2019-06-24T17:10:10.744+0000: 291349.757: Application time: 0.0000620 seconds
2019-06-24T17:10:10.745+0000: 291349.757: Application time: 0.0000574 seconds
2019-06-24T17:10:10.745+0000: 291349.757: Application time: 0.0001122 seconds
2019-06-24T17:10:13.217+0000: 291352.229: Application time: 2.4717091 seconds
2019-06-24T17:10:13.251+0000: 291352.263: Application time: 0.0340959 seconds
2019-06-24T17:10:16.904+0000: 291355.916: Application time: 3.6528224 seconds
2019-06-24T17:10:16.905+0000: 291355.917: Application time: 0.0001560 seconds
2019-06-24T17:10:16.905+0000: 291355.918: Application time: 0.0003234 seconds
2019-06-24T17:10:16.906+0000: 291355.918: Application time: 0.0001683 seconds
2019-06-24T17:10:16.908+0000: 291355.920: Application time: 0.0022259 seconds
2019-06-24T17:10:28.281+0000: 291367.293: Application time: 11.3725751 seconds
{Heap before GC invocations=2083 (full 165):
 par new generation   total 9792K, used 9304K [0x00000000e1000000, 0x00000000e1aa0000, 0x00000000eb4a0000)
  eden space 8704K, 100% used [0x00000000e1000000, 0x00000000e1880000, 0x00000000e1880000)
  from space 1088K,  55% used [0x00000000e1990000, 0x00000000e1a26228, 0x00000000e1aa0000)
  to   space 1088K,   0% used [0x00000000e1880000, 0x00000000e1880000, 0x00000000e1990000)
 concurrent mark-sweep generation total 121500K, used 69351K [0x00000000eb4a0000, 0x00000000f2b47000, 0x0000000100000000)
 Metaspace       used 88865K, capacity 93284K, committed 93568K, reserved 1130496K
  class space    used 10717K, capacity 11524K, committed 11648K, reserved 1048576K
2019-06-24T17:10:28.281+0000: 291367.294: [GC (Allocation Failure) 2019-06-24T17:10:28.281+0000: 291367.294: [ParNew: 9304K->1057K(9792K), 0.0077283 secs] 78656K->70408K(131292K), 0.0078035 secs] [Times: user=0.01 sys=0.00, real=0.01 secs] 
Heap after GC invocations=2084 (full 165):
 par new generation   total 9792K, used 1057K [0x00000000e1000000, 0x00000000e1aa0000, 0x00000000eb4a0000)
  eden space 8704K,   0% used [0x00000000e1000000, 0x00000000e1000000, 0x00000000e1880000)
  from space 1088K,  97% used [0x00000000e1880000, 0x00000000e1988588, 0x00000000e1990000)
  to   space 1088K,   0% used [0x00000000e1990000, 0x00000000e1990000, 0x00000000e1aa0000)
 concurrent mark-sweep generation total 121500K, used 69351K [0x00000000eb4a0000, 0x00000000f2b47000, 0x0000000100000000)
 Metaspace       used 88865K, capacity 93284K, committed 93568K, reserved 1130496K
  class space    used 10717K, capacity 11524K, committed 11648K, reserved 1048576K
}
2019-06-24T17:10:30.757+0000: 291369.769: Application time: 2.4676698 seconds
2019-06-24T17:10:30.757+0000: 291369.769: Application time: 0.0000780 seconds
2019-06-24T17:10:30.757+0000: 291369.770: Application time: 0.0000713 seconds
2019-06-24T17:10:30.758+0000: 291369.770: Application time: 0.0000484 seconds
2019-06-24T17:10:30.758+0000: 291369.770: Application time: 0.0000677 seconds
2019-06-24T17:10:30.758+0000: 291369.770: Application time: 0.0000692 seconds
2019-06-24T17:10:31.758+0000: 291370.771: Application time: 1.0001500 seconds
2019-06-24T17:10:33.256+0000: 291372.268: Application time: 1.4974732 seconds
2019-06-24T17:10:33.300+0000: 291372.312: Application time: 0.0440136 seconds
2019-06-24T17:10:40.765+0000: 291379.777: Application time: 7.4647262 seconds
2019-06-24T17:10:40.766+0000: 291379.778: Application time: 0.0003018 seconds
2019-06-24T17:10:40.766+0000: 291379.779: Application time: 0.0003152 seconds
2019-06-24T17:10:40.767+0000: 291379.779: Application time: 0.0002574 seconds
2019-06-24T17:10:40.770+0000: 291379.782: Application time: 0.0024994 seconds
2019-06-24T17:11:26.752+0000: 291425.764: Application time: 45.9814641 seconds
2019-06-24T17:11:26.776+0000: 291425.788: Application time: 0.0239596 seconds
2019-06-24T17:11:30.801+0000: 291429.813: Application time: 4.0251057 seconds
2019-06-24T17:11:30.801+0000: 291429.814: Application time: 0.0001070 seconds
2019-06-24T17:11:30.802+0000: 291429.814: Application time: 0.0000863 seconds
2019-06-24T17:11:30.802+0000: 291429.814: Application time: 0.0000802 seconds
2019-06-24T17:11:30.802+0000: 291429.814: Application time: 0.0001003 seconds
2019-06-24T17:11:30.802+0000: 291429.815: Application time: 0.0000853 seconds
2019-06-24T17:11:40.809+0000: 291439.822: Application time: 10.0068545 seconds
2019-06-24T17:11:40.810+0000: 291439.822: Application time: 0.0000688 seconds
2019-06-24T17:11:40.810+0000: 291439.822: Application time: 0.0001414 seconds
2019-06-24T17:11:40.810+0000: 291439.822: Application time: 0.0001197 seconds
2019-06-24T17:11:40.811+0000: 291439.824: Application time: 0.0011839 seconds
2019-06-24T17:12:16.922+0000: 291475.934: Application time: 36.1104770 seconds
2019-06-24T17:12:16.923+0000: 291475.935: Application time: 0.0001797 seconds
2019-06-24T17:12:16.923+0000: 291475.935: Application time: 0.0001722 seconds
2019-06-24T17:12:16.923+0000: 291475.936: Application time: 0.0001867 seconds
2019-06-24T17:12:16.924+0000: 291475.936: Application time: 0.0001708 seconds
2019-06-24T17:12:16.924+0000: 291475.936: Application time: 0.0001893 seconds
2019-06-24T17:12:16.924+0000: 291475.937: Application time: 0.0001947 seconds
2019-06-24T17:12:16.925+0000: 291475.937: Application time: 0.0002191 seconds
2019-06-24T17:12:16.925+0000: 291475.938: Application time: 0.0003946 seconds
2019-06-24T17:12:16.926+0000: 291475.938: Application time: 0.0002528 seconds
2019-06-24T17:12:17.388+0000: 291476.401: Application time: 0.4623972 seconds
2019-06-24T17:12:17.412+0000: 291476.424: Application time: 0.0235368 seconds
2019-06-24T17:12:20.838+0000: 291479.850: Application time: 3.4252828 seconds
2019-06-24T17:13:07.621+0000: 291526.634: Application time: 46.7833924 seconds
2019-06-24T17:14:00.907+0000: 291579.919: Application time: 53.2852669 seconds
{Heap before GC invocations=2084 (full 165):
 par new generation   total 9792K, used 9761K [0x00000000e1000000, 0x00000000e1aa0000, 0x00000000eb4a0000)
  eden space 8704K, 100% used [0x00000000e1000000, 0x00000000e1880000, 0x00000000e1880000)
  from space 1088K,  97% used [0x00000000e1880000, 0x00000000e1988588, 0x00000000e1990000)
  to   space 1088K,   0% used [0x00000000e1990000, 0x00000000e1990000, 0x00000000e1aa0000)
 concurrent mark-sweep generation total 121500K, used 69351K [0x00000000eb4a0000, 0x00000000f2b47000, 0x0000000100000000)
 Metaspace       used 88865K, capacity 93284K, committed 93568K, reserved 1130496K
  class space    used 10717K, capacity 11524K, committed 11648K, reserved 1048576K
2019-06-24T17:14:00.907+0000: 291579.920: [GC (Allocation Failure) 2019-06-24T17:14:00.907+0000: 291579.920: [ParNew: 9761K->1088K(9792K), 0.0047259 secs] 79112K->70858K(131292K), 0.0047941 secs] [Times: user=0.01 sys=0.00, real=0.01 secs] 
Heap after GC invocations=2085 (full 165):
 par new generation   total 9792K, used 1088K [0x00000000e1000000, 0x00000000e1aa0000, 0x00000000eb4a0000)
  eden space 8704K,   0% used [0x00000000e1000000, 0x00000000e1000000, 0x00000000e1880000)
  from space 1088K, 100% used [0x00000000e1990000, 0x00000000e1aa0000, 0x00000000e1aa0000)
  to   space 1088K,   0% used [0x00000000e1880000, 0x00000000e1880000, 0x00000000e1990000)
 concurrent mark-sweep generation total 121500K, used 69770K [0x00000000eb4a0000, 0x00000000f2b47000, 0x0000000100000000)
 Metaspace       used 88865K, capacity 93284K, committed 93568K, reserved 1130496K
  class space    used 10717K, capacity 11524K, committed 11648K, reserved 1048576K
}
2019-06-24T17:14:20.921+0000: 291599.934: Application time: 20.0092783 seconds
2019-06-24T17:14:20.922+0000: 291599.934: Application time: 0.0001529 seconds
2019-06-24T17:14:20.922+0000: 291599.935: Application time: 0.0001343 seconds
2019-06-24T17:14:20.923+0000: 291599.935: Application time: 0.0001398 seconds
2019-06-24T17:14:20.923+0000: 291599.936: Application time: 0.0001593 seconds
2019-06-24T17:14:20.924+0000: 291599.936: Application time: 0.0001290 seconds
2019-06-24T17:14:20.924+0000: 291599.936: Application time: 0.0001298 seconds
2019-06-24T17:14:20.924+0000: 291599.937: Application time: 0.0001358 seconds
2019-06-24T17:14:20.925+0000: 291599.937: Application time: 0.0003117 seconds
2019-06-24T17:14:20.926+0000: 291599.938: Application time: 0.0001972 seconds
2019-06-24T17:14:22.293+0000: 291601.305: Application time: 1.3672345 seconds
2019-06-24T17:14:22.324+0000: 291601.336: Application time: 0.0304521 seconds
2019-06-24T17:14:27.342+0000: 291606.355: Application time: 5.0183324 seconds
2019-06-24T17:14:27.365+0000: 291606.377: Application time: 0.0224998 seconds
2019-06-24T17:14:30.935+0000: 291609.947: Application time: 3.5697851 seconds
2019-06-24T17:14:30.935+0000: 291609.948: Application time: 0.0000688 seconds
2019-06-24T17:14:30.936+0000: 291609.948: Application time: 0.0000597 seconds
2019-06-24T17:14:30.936+0000: 291609.948: Application time: 0.0000735 seconds
2019-06-24T17:14:30.936+0000: 291609.948: Application time: 0.0000596 seconds
2019-06-24T17:14:30.936+0000: 291609.948: Application time: 0.0000591 seconds
2019-06-24T17:14:30.936+0000: 291609.949: Application time: 0.0000590 seconds
2019-06-24T17:14:30.936+0000: 291609.949: Application time: 0.0000621 seconds
2019-06-24T17:14:30.937+0000: 291609.949: Application time: 0.0001366 seconds
2019-06-24T17:14:30.937+0000: 291609.949: Application time: 0.0001057 seconds
2019-06-24T17:14:37.938+0000: 291616.951: Application time: 7.0011880 seconds
2019-06-24T17:14:40.944+0000: 291619.956: Application time: 3.0055741 seconds
2019-06-24T17:16:15.816+0000: 291714.828: Application time: 94.8714713 seconds
{Heap before GC invocations=2085 (full 165):
 par new generation   total 9792K, used 9792K [0x00000000e1000000, 0x00000000e1aa0000, 0x00000000eb4a0000)
  eden space 8704K, 100% used [0x00000000e1000000, 0x00000000e1880000, 0x00000000e1880000)
  from space 1088K, 100% used [0x00000000e1990000, 0x00000000e1aa0000, 0x00000000e1aa0000)
  to   space 1088K,   0% used [0x00000000e1880000, 0x00000000e1880000, 0x00000000e1990000)
 concurrent mark-sweep generation total 121500K, used 69770K [0x00000000eb4a0000, 0x00000000f2b47000, 0x0000000100000000)
 Metaspace       used 88865K, capacity 93284K, committed 93568K, reserved 1130496K
  class space    used 10717K, capacity 11524K, committed 11648K, reserved 1048576K
2019-06-24T17:16:15.816+0000: 291714.828: [GC (Allocation Failure) 2019-06-24T17:16:15.816+0000: 291714.828: [ParNew: 9792K->855K(9792K), 0.0051492 secs] 79562K->70942K(131292K), 0.0052113 secs] [Times: user=0.01 sys=0.00, real=0.01 secs] 
Heap after GC invocations=2086 (full 165):
 par new generation   total 9792K, used 855K [0x00000000e1000000, 0x00000000e1aa0000, 0x00000000eb4a0000)
  eden space 8704K,   0% used [0x00000000e1000000, 0x00000000e1000000, 0x00000000e1880000)
  from space 1088K,  78% used [0x00000000e1880000, 0x00000000e1955f20, 0x00000000e1990000)
  to   space 1088K,   0% used [0x00000000e1990000, 0x00000000e1990000, 0x00000000e1aa0000)
 concurrent mark-sweep generation total 121500K, used 70086K [0x00000000eb4a0000, 0x00000000f2b47000, 0x0000000100000000)
 Metaspace       used 88865K, capacity 93284K, committed 93568K, reserved 1130496K
  class space    used 10717K, capacity 11524K, committed 11648K, reserved 1048576K
}
2019-06-24T17:16:16.963+0000: 291715.975: Application time: 1.1416797 seconds
2019-06-24T17:16:16.964+0000: 291715.976: Application time: 0.0001577 seconds
2019-06-24T17:16:16.964+0000: 291715.976: Application time: 0.0001300 seconds
2019-06-24T17:16:16.964+0000: 291715.977: Application time: 0.0001631 seconds
2019-06-24T17:16:16.964+0000: 291715.977: Application time: 0.0001359 seconds
2019-06-24T17:16:16.965+0000: 291715.977: Application time: 0.0001401 seconds
2019-06-24T17:16:16.965+0000: 291715.977: Application time: 0.0001143 seconds
2019-06-24T17:16:16.965+0000: 291715.978: Application time: 0.0000711 seconds
2019-06-24T17:16:16.966+0000: 291715.978: Application time: 0.0001218 seconds
2019-06-24T17:16:16.966+0000: 291715.978: Application time: 0.0001485 seconds
2019-06-24T17:16:20.814+0000: 291719.826: Application time: 3.8476352 seconds
2019-06-24T17:16:20.844+0000: 291719.857: Application time: 0.0301658 seconds
2019-06-24T17:16:21.022+0000: 291720.035: Application time: 0.1777078 seconds
2019-06-24T17:16:21.023+0000: 291720.035: Application time: 0.0001684 seconds
2019-06-24T17:16:21.023+0000: 291720.035: Application time: 0.0001593 seconds
2019-06-24T17:16:21.023+0000: 291720.036: Application time: 0.0001646 seconds
2019-06-24T17:16:21.025+0000: 291720.037: Application time: 0.0014851 seconds
2019-06-24T17:17:29.944+0000: 291788.957: Application time: 68.9190516 seconds
2019-06-24T17:17:29.976+0000: 291788.989: Application time: 0.0317296 seconds
2019-06-24T17:17:31.078+0000: 291790.091: Application time: 1.1017294 seconds
2019-06-24T17:17:31.079+0000: 291790.091: Application time: 0.0000833 seconds
2019-06-24T17:17:31.079+0000: 291790.091: Application time: 0.0000753 seconds
2019-06-24T17:17:31.079+0000: 291790.092: Application time: 0.0000373 seconds
2019-06-24T17:17:31.080+0000: 291790.092: Application time: 0.0001659 seconds
2019-06-24T17:17:31.080+0000: 291790.092: Application time: 0.0001350 seconds
2019-06-24T17:17:41.087+0000: 291800.099: Application time: 10.0067925 seconds
2019-06-24T17:17:41.087+0000: 291800.100: Application time: 0.0001841 seconds
2019-06-24T17:17:41.088+0000: 291800.100: Application time: 0.0001379 seconds
2019-06-24T17:17:41.088+0000: 291800.100: Application time: 0.0000678 seconds
2019-06-24T17:17:41.089+0000: 291800.101: Application time: 0.0001399 seconds
2019-06-24T17:17:41.092+0000: 291800.104: Application time: 0.0029128 seconds
2019-06-24T17:21:21.246+0000: 292020.258: Application time: 220.1539017 seconds
{Heap before GC invocations=2086 (full 165):
 par new generation   total 9792K, used 9559K [0x00000000e1000000, 0x00000000e1aa0000, 0x00000000eb4a0000)
  eden space 8704K, 100% used [0x00000000e1000000, 0x00000000e1880000, 0x00000000e1880000)
  from space 1088K,  78% used [0x00000000e1880000, 0x00000000e1955f20, 0x00000000e1990000)
  to   space 1088K,   0% used [0x00000000e1990000, 0x00000000e1990000, 0x00000000e1aa0000)
 concurrent mark-sweep generation total 121500K, used 70086K [0x00000000eb4a0000, 0x00000000f2b47000, 0x0000000100000000)
 Metaspace       used 88869K, capacity 93290K, committed 93568K, reserved 1130496K
  class space    used 10717K, capacity 11525K, committed 11648K, reserved 1048576K
2019-06-24T17:21:21.246+0000: 292020.259: [GC (Allocation Failure) 2019-06-24T17:21:21.246+0000: 292020.259: [ParNew: 9559K->812K(9792K), 0.0055813 secs] 79646K->71183K(131292K), 0.0056515 secs] [Times: user=0.01 sys=0.00, real=0.01 secs] 
Heap after GC invocations=2087 (full 165):
 par new generation   total 9792K, used 812K [0x00000000e1000000, 0x00000000e1aa0000, 0x00000000eb4a0000)
  eden space 8704K,   0% used [0x00000000e1000000, 0x00000000e1000000, 0x00000000e1880000)
  from space 1088K,  74% used [0x00000000e1990000, 0x00000000e1a5b028, 0x00000000e1aa0000)
  to   space 1088K,   0% used [0x00000000e1880000, 0x00000000e1880000, 0x00000000e1990000)
 concurrent mark-sweep generation total 121500K, used 70371K [0x00000000eb4a0000, 0x00000000f2b47000, 0x0000000100000000)
 Metaspace       used 88869K, capacity 93290K, committed 93568K, reserved 1130496K
  class space    used 10717K, capacity 11525K, committed 11648K, reserved 1048576K
}
2019-06-24T17:23:13.269+0000: 292132.281: Application time: 112.0169086 seconds
2019-06-24T17:23:31.330+0000: 292150.342: Application time: 18.0605863 seconds
2019-06-24T17:27:37.674+0000: 292396.686: Application time: 246.3436285 seconds
2019-06-24T17:27:37.674+0000: 292396.687: Application time: 0.0004957 seconds
2019-06-24T17:27:37.675+0000: 292396.687: Application time: 0.0000606 seconds
2019-06-24T17:27:37.675+0000: 292396.687: Application time: 0.0000958 seconds
2019-06-24T17:27:37.675+0000: 292396.687: Application time: 0.0000514 seconds
2019-06-24T17:27:37.675+0000: 292396.688: Application time: 0.0001445 seconds
2019-06-24T17:27:37.676+0000: 292396.688: Application time: 0.0001274 seconds
2019-06-24T17:27:37.676+0000: 292396.688: Application time: 0.0001251 seconds
2019-06-24T17:27:37.677+0000: 292396.689: Application time: 0.0001272 seconds
2019-06-24T17:27:37.677+0000: 292396.689: Application time: 0.0001242 seconds
2019-06-24T17:28:37.688+0000: 292456.700: Application time: 60.0104770 seconds
{Heap before GC invocations=2087 (full 165):
 par new generation   total 9792K, used 9512K [0x00000000e1000000, 0x00000000e1aa0000, 0x00000000eb4a0000)
  eden space 8704K,  99% used [0x00000000e1000000, 0x00000000e187f0b0, 0x00000000e1880000)
  from space 1088K,  74% used [0x00000000e1990000, 0x00000000e1a5b028, 0x00000000e1aa0000)
  to   space 1088K,   0% used [0x00000000e1880000, 0x00000000e1880000, 0x00000000e1990000)
 concurrent mark-sweep generation total 121500K, used 70371K [0x00000000eb4a0000, 0x00000000f2b47000, 0x0000000100000000)
 Metaspace       used 88871K, capacity 93296K, committed 93568K, reserved 1130496K
  class space    used 10718K, capacity 11526K, committed 11648K, reserved 1048576K
2019-06-24T17:28:37.688+0000: 292456.700: [GC (Allocation Failure) 2019-06-24T17:28:37.688+0000: 292456.700: [ParNew: 9512K->651K(9792K), 0.0031798 secs] 79883K->71302K(131292K), 0.0032292 secs] [Times: user=0.01 sys=0.00, real=0.01 secs] 
Heap after GC invocations=2088 (full 165):
 par new generation   total 9792K, used 651K [0x00000000e1000000, 0x00000000e1aa0000, 0x00000000eb4a0000)
  eden space 8704K,   0% used [0x00000000e1000000, 0x00000000e1000000, 0x00000000e1880000)
  from space 1088K,  59% used [0x00000000e1880000, 0x00000000e1922f90, 0x00000000e1990000)
  to   space 1088K,   0% used [0x00000000e1990000, 0x00000000e1990000, 0x00000000e1aa0000)
 concurrent mark-sweep generation total 121500K, used 70650K [0x00000000eb4a0000, 0x00000000f2b47000, 0x0000000100000000)
 Metaspace       used 88871K, capacity 93296K, committed 93568K, reserved 1130496K
  class space    used 10718K, capacity 11526K, committed 11648K, reserved 1048576K
}
2019-06-24T17:35:51.852+0000: 292890.864: Application time: 434.1608634 seconds
{Heap before GC invocations=2088 (full 165):
 par new generation   total 9792K, used 9355K [0x00000000e1000000, 0x00000000e1aa0000, 0x00000000eb4a0000)
  eden space 8704K, 100% used [0x00000000e1000000, 0x00000000e1880000, 0x00000000e1880000)
  from space 1088K,  59% used [0x00000000e1880000, 0x00000000e1922f90, 0x00000000e1990000)
  to   space 1088K,   0% used [0x00000000e1990000, 0x00000000e1990000, 0x00000000e1aa0000)
 concurrent mark-sweep generation total 121500K, used 70650K [0x00000000eb4a0000, 0x00000000f2b47000, 0x0000000100000000)
 Metaspace       used 88871K, capacity 93296K, committed 93568K, reserved 1130496K
  class space    used 10718K, capacity 11526K, committed 11648K, reserved 1048576K
2019-06-24T17:35:51.852+0000: 292890.865: [GC (Allocation Failure) 2019-06-24T17:35:51.852+0000: 292890.865: [ParNew: 9355K->607K(9792K), 0.0036040 secs] 80006K->71258K(131292K), 0.0036926 secs] [Times: user=0.00 sys=0.01, real=0.00 secs] 
Heap after GC invocations=2089 (full 165):
 par new generation   total 9792K, used 607K [0x00000000e1000000, 0x00000000e1aa0000, 0x00000000eb4a0000)
  eden space 8704K,   0% used [0x00000000e1000000, 0x00000000e1000000, 0x00000000e1880000)
  from space 1088K,  55% used [0x00000000e1990000, 0x00000000e1a27f68, 0x00000000e1aa0000)
  to   space 1088K,   0% used [0x00000000e1880000, 0x00000000e1880000, 0x00000000e1990000)
 concurrent mark-sweep generation total 121500K, used 70650K [0x00000000eb4a0000, 0x00000000f2b47000, 0x0000000100000000)
 Metaspace       used 88871K, capacity 93296K, committed 93568K, reserved 1130496K
  class space    used 10718K, capacity 11526K, committed 11648K, reserved 1048576K
}
2019-06-24T17:37:11.868+0000: 292970.880: Application time: 80.0115069 seconds
2019-06-24T17:37:11.903+0000: 292970.915: Application time: 0.0351029 seconds
2019-06-24T17:37:11.903+0000: 292970.916: Application time: 0.0000878 seconds
2019-06-24T17:37:11.904+0000: 292970.916: Application time: 0.0000761 seconds
2019-06-24T17:37:11.904+0000: 292970.916: Application time: 0.0003100 seconds
2019-06-24T17:37:11.904+0000: 292970.917: Application time: 0.0002012 seconds
2019-06-24T17:37:16.703+0000: 292975.715: Application time: 4.7980609 seconds
2019-06-24T17:37:16.732+0000: 292975.744: Application time: 0.0285660 seconds
2019-06-24T17:37:17.146+0000: 292976.158: Application time: 0.4144235 seconds
2019-06-24T17:37:17.146+0000: 292976.159: Application time: 0.0000684 seconds
2019-06-24T17:37:17.147+0000: 292976.159: Application time: 0.0000656 seconds
2019-06-24T17:37:17.147+0000: 292976.159: Application time: 0.0000588 seconds
2019-06-24T17:37:17.147+0000: 292976.159: Application time: 0.0000665 seconds
2019-06-24T17:37:17.149+0000: 292976.161: Application time: 0.0016457 seconds
2019-06-24T17:38:07.771+0000: 293026.783: Application time: 50.6219893 seconds
2019-06-24T17:38:30.601+0000: 293049.613: Application time: 22.8296584 seconds
2019-06-24T17:38:30.626+0000: 293049.638: Application time: 0.0248072 seconds
2019-06-24T17:38:31.952+0000: 293050.964: Application time: 1.3254662 seconds
2019-06-24T17:38:31.952+0000: 293050.964: Application time: 0.0000895 seconds
2019-06-24T17:38:31.952+0000: 293050.965: Application time: 0.0000775 seconds
2019-06-24T17:38:31.953+0000: 293050.965: Application time: 0.0001880 seconds
2019-06-24T17:38:31.953+0000: 293050.965: Application time: 0.0001410 seconds
2019-06-24T17:38:41.960+0000: 293060.972: Application time: 10.0066926 seconds
2019-06-24T17:38:41.960+0000: 293060.973: Application time: 0.0001475 seconds
2019-06-24T17:38:41.961+0000: 293060.973: Application time: 0.0001391 seconds
2019-06-24T17:38:41.961+0000: 293060.974: Application time: 0.0002626 seconds
2019-06-24T17:38:41.962+0000: 293060.974: Application time: 0.0001390 seconds
2019-06-24T17:38:41.965+0000: 293060.977: Application time: 0.0027302 seconds
2019-06-24T17:39:37.755+0000: 293116.767: Application time: 55.7899012 seconds
{Heap before GC invocations=2089 (full 165):
 par new generation   total 9792K, used 9309K [0x00000000e1000000, 0x00000000e1aa0000, 0x00000000eb4a0000)
  eden space 8704K,  99% used [0x00000000e1000000, 0x00000000e187f748, 0x00000000e1880000)
  from space 1088K,  55% used [0x00000000e1990000, 0x00000000e1a27f68, 0x00000000e1aa0000)
  to   space 1088K,   0% used [0x00000000e1880000, 0x00000000e1880000, 0x00000000e1990000)
 concurrent mark-sweep generation total 121500K, used 70650K [0x00000000eb4a0000, 0x00000000f2b47000, 0x0000000100000000)
 Metaspace       used 88871K, capacity 93296K, committed 93568K, reserved 1130496K
  class space    used 10718K, capacity 11526K, committed 11648K, reserved 1048576K
2019-06-24T17:39:37.755+0000: 293116.768: [GC (Allocation Failure) 2019-06-24T17:39:37.755+0000: 293116.768: [ParNew: 9309K->851K(9792K), 0.0028625 secs] 79960K->71502K(131292K), 0.0029335 secs] [Times: user=0.01 sys=0.00, real=0.01 secs] 
Heap after GC invocations=2090 (full 165):
 par new generation   total 9792K, used 851K [0x00000000e1000000, 0x00000000e1aa0000, 0x00000000eb4a0000)
  eden space 8704K,   0% used [0x00000000e1000000, 0x00000000e1000000, 0x00000000e1880000)
  from space 1088K,  78% used [0x00000000e1880000, 0x00000000e1954e58, 0x00000000e1990000)
  to   space 1088K,   0% used [0x00000000e1990000, 0x00000000e1990000, 0x00000000e1aa0000)
 concurrent mark-sweep generation total 121500K, used 70650K [0x00000000eb4a0000, 0x00000000f2b47000, 0x0000000100000000)
 Metaspace       used 88871K, capacity 93296K, committed 93568K, reserved 1130496K
  class space    used 10718K, capacity 11526K, committed 11648K, reserved 1048576K
}
2019-06-24T17:40:07.026+0000: 293146.038: Application time: 29.2677123 seconds
2019-06-24T17:40:07.027+0000: 293146.039: Application time: 0.0000736 seconds
2019-06-24T17:40:07.027+0000: 293146.039: Application time: 0.0000598 seconds
2019-06-24T17:40:07.027+0000: 293146.039: Application time: 0.0001668 seconds
2019-06-24T17:40:07.027+0000: 293146.040: Application time: 0.0001299 seconds
2019-06-24T17:40:08.638+0000: 293147.650: Application time: 1.6105336 seconds
2019-06-24T17:40:08.669+0000: 293147.682: Application time: 0.0310884 seconds
2019-06-24T17:40:12.024+0000: 293151.037: Application time: 3.3548591 seconds
2019-06-24T17:40:12.025+0000: 293151.038: Application time: 0.0005923 seconds
2019-06-24T17:40:12.025+0000: 293151.038: Application time: 0.0000615 seconds
2019-06-24T17:40:12.026+0000: 293151.038: Application time: 0.0000538 seconds
2019-06-24T17:40:12.026+0000: 293151.038: Application time: 0.0000573 seconds
2019-06-24T17:40:12.026+0000: 293151.038: Application time: 0.0000556 seconds
2019-06-24T17:40:12.026+0000: 293151.038: Application time: 0.0000556 seconds
2019-06-24T17:40:12.026+0000: 293151.039: Application time: 0.0000599 seconds
2019-06-24T17:40:12.028+0000: 293151.040: Application time: 0.0013984 seconds
2019-06-24T17:40:22.033+0000: 293161.045: Application time: 10.0045826 seconds
2019-06-24T17:40:22.033+0000: 293161.045: Application time: 0.0001765 seconds
2019-06-24T17:40:22.033+0000: 293161.046: Application time: 0.0001306 seconds
2019-06-24T17:40:25.941+0000: 293164.953: Application time: 3.9075233 seconds
2019-06-24T17:40:25.968+0000: 293164.981: Application time: 0.0268735 seconds
2019-06-24T17:40:32.039+0000: 293171.051: Application time: 6.0704746 seconds
2019-06-24T17:40:32.039+0000: 293171.052: Application time: 0.0000698 seconds
2019-06-24T17:40:32.040+0000: 293171.052: Application time: 0.0000668 seconds
2019-06-24T17:40:32.040+0000: 293171.052: Application time: 0.0000686 seconds
2019-06-24T17:40:32.040+0000: 293171.052: Application time: 0.0000808 seconds
2019-06-24T17:40:32.040+0000: 293171.052: Application time: 0.0000554 seconds
2019-06-24T17:40:32.040+0000: 293171.053: Application time: 0.0000597 seconds
2019-06-24T17:40:32.042+0000: 293171.054: Application time: 0.0013650 seconds
2019-06-24T17:41:22.076+0000: 293221.088: Application time: 50.0341392 seconds
2019-06-24T17:41:22.077+0000: 293221.089: Application time: 0.0003025 seconds
2019-06-24T17:41:22.077+0000: 293221.089: Application time: 0.0002375 seconds
2019-06-24T17:41:25.953+0000: 293224.965: Application time: 3.8751783 seconds
2019-06-24T17:41:26.005+0000: 293225.017: Application time: 0.0521331 seconds
2019-06-24T17:41:32.087+0000: 293231.099: Application time: 6.0813821 seconds
2019-06-24T17:41:32.087+0000: 293231.099: Application time: 0.0000674 seconds
2019-06-24T17:41:32.087+0000: 293231.099: Application time: 0.0000570 seconds
2019-06-24T17:41:32.087+0000: 293231.100: Application time: 0.0000614 seconds
2019-06-24T17:41:32.087+0000: 293231.100: Application time: 0.0000553 seconds
2019-06-24T17:41:32.088+0000: 293231.100: Application time: 0.0000714 seconds
2019-06-24T17:41:32.088+0000: 293231.100: Application time: 0.0000601 seconds
2019-06-24T17:41:32.089+0000: 293231.102: Application time: 0.0014762 seconds
2019-06-24T17:41:32.091+0000: 293231.104: Application time: 0.0017838 seconds
{Heap before GC invocations=2090 (full 165):
 par new generation   total 9792K, used 9555K [0x00000000e1000000, 0x00000000e1aa0000, 0x00000000eb4a0000)
  eden space 8704K, 100% used [0x00000000e1000000, 0x00000000e1880000, 0x00000000e1880000)
  from space 1088K,  78% used [0x00000000e1880000, 0x00000000e1954e58, 0x00000000e1990000)
  to   space 1088K,   0% used [0x00000000e1990000, 0x00000000e1990000, 0x00000000e1aa0000)
 concurrent mark-sweep generation total 121500K, used 70650K [0x00000000eb4a0000, 0x00000000f2b47000, 0x0000000100000000)
 Metaspace       used 88871K, capacity 93296K, committed 93568K, reserved 1130496K
  class space    used 10718K, capacity 11526K, committed 11648K, reserved 1048576K
2019-06-24T17:41:32.092+0000: 293231.104: [GC (Allocation Failure) 2019-06-24T17:41:32.092+0000: 293231.104: [ParNew: 9555K->993K(9792K), 0.0033930 secs] 80206K->71886K(131292K), 0.0034419 secs] [Times: user=0.01 sys=0.00, real=0.00 secs] 
Heap after GC invocations=2091 (full 165):
 par new generation   total 9792K, used 993K [0x00000000e1000000, 0x00000000e1aa0000, 0x00000000eb4a0000)
  eden space 8704K,   0% used [0x00000000e1000000, 0x00000000e1000000, 0x00000000e1880000)
  from space 1088K,  91% used [0x00000000e1990000, 0x00000000e1a884a8, 0x00000000e1aa0000)
  to   space 1088K,   0% used [0x00000000e1880000, 0x00000000e1880000, 0x00000000e1990000)
 concurrent mark-sweep generation total 121500K, used 70893K [0x00000000eb4a0000, 0x00000000f2b47000, 0x0000000100000000)
 Metaspace       used 88871K, capacity 93296K, committed 93568K, reserved 1130496K
  class space    used 10718K, capacity 11526K, committed 11648K, reserved 1048576K
}
2019-06-24T17:41:57.793+0000: 293256.805: Application time: 25.6974826 seconds
2019-06-24T17:41:57.822+0000: 293256.834: Application time: 0.0287143 seconds
2019-06-24T17:42:02.115+0000: 293261.128: Application time: 4.2932789 seconds
2019-06-24T17:42:02.116+0000: 293261.128: Application time: 0.0003472 seconds
2019-06-24T17:42:02.116+0000: 293261.129: Application time: 0.0003109 seconds
2019-06-24T17:42:07.036+0000: 293266.048: Application time: 4.9189651 seconds
2019-06-24T17:42:07.036+0000: 293266.048: Application time: 0.0000634 seconds
2019-06-24T17:42:07.036+0000: 293266.049: Application time: 0.0000560 seconds
2019-06-24T17:42:07.036+0000: 293266.049: Application time: 0.0000609 seconds
2019-06-24T17:42:07.037+0000: 293266.049: Application time: 0.0001430 seconds
2019-06-24T17:42:07.037+0000: 293266.049: Application time: 0.0000633 seconds
2019-06-24T17:42:07.037+0000: 293266.049: Application time: 0.0000675 seconds
2019-06-24T17:42:07.039+0000: 293266.051: Application time: 0.0014636 seconds
2019-06-24T17:43:45.680+0000: 293364.692: Application time: 98.6409105 seconds
2019-06-24T17:43:45.709+0000: 293364.722: Application time: 0.0293168 seconds
2019-06-24T17:43:56.156+0000: 293375.169: Application time: 10.4467745 seconds
{Heap before GC invocations=2091 (full 165):
 par new generation   total 9792K, used 9697K [0x00000000e1000000, 0x00000000e1aa0000, 0x00000000eb4a0000)
  eden space 8704K, 100% used [0x00000000e1000000, 0x00000000e1880000, 0x00000000e1880000)
  from space 1088K,  91% used [0x00000000e1990000, 0x00000000e1a884a8, 0x00000000e1aa0000)
  to   space 1088K,   0% used [0x00000000e1880000, 0x00000000e1880000, 0x00000000e1990000)
 concurrent mark-sweep generation total 121500K, used 70893K [0x00000000eb4a0000, 0x00000000f2b47000, 0x0000000100000000)
 Metaspace       used 88884K, capacity 93314K, committed 93568K, reserved 1130496K
  class space    used 10719K, capacity 11529K, committed 11648K, reserved 1048576K
2019-06-24T17:43:56.157+0000: 293375.169: [GC (Allocation Failure) 2019-06-24T17:43:56.157+0000: 293375.169: [ParNew: 9697K->923K(9792K), 0.0072524 secs] 80590K->72507K(131292K), 0.0073433 secs] [Times: user=0.01 sys=0.00, real=0.01 secs] 
Heap after GC invocations=2092 (full 165):
 par new generation   total 9792K, used 923K [0x00000000e1000000, 0x00000000e1aa0000, 0x00000000eb4a0000)
  eden space 8704K,   0% used [0x00000000e1000000, 0x00000000e1000000, 0x00000000e1880000)
  from space 1088K,  84% used [0x00000000e1880000, 0x00000000e1966f18, 0x00000000e1990000)
  to   space 1088K,   0% used [0x00000000e1990000, 0x00000000e1990000, 0x00000000e1aa0000)
 concurrent mark-sweep generation total 121500K, used 71583K [0x00000000eb4a0000, 0x00000000f2b47000, 0x0000000100000000)
 Metaspace       used 88884K, capacity 93314K, committed 93568K, reserved 1130496K
  class space    used 10719K, capacity 11529K, committed 11648K, reserved 1048576K
}
2019-06-24T17:44:01.151+0000: 293380.164: Application time: 4.9870100 seconds
2019-06-24T17:44:01.198+0000: 293380.210: Application time: 0.0462356 seconds
2019-06-24T17:44:02.208+0000: 293381.220: Application time: 1.0094886 seconds
2019-06-24T17:44:02.208+0000: 293381.221: Application time: 0.0004193 seconds
2019-06-24T17:44:02.209+0000: 293381.221: Application time: 0.0001524 seconds
2019-06-24T17:44:07.043+0000: 293386.055: Application time: 4.8339176 seconds
2019-06-24T17:44:07.044+0000: 293386.056: Application time: 0.0002402 seconds
2019-06-24T17:44:07.044+0000: 293386.056: Application time: 0.0001907 seconds
2019-06-24T17:44:07.044+0000: 293386.057: Application time: 0.0001959 seconds
2019-06-24T17:44:07.045+0000: 293386.057: Application time: 0.0001383 seconds
2019-06-24T17:44:07.045+0000: 293386.058: Application time: 0.0002283 seconds
2019-06-24T17:44:07.046+0000: 293386.058: Application time: 0.0002686 seconds
2019-06-24T17:44:07.046+0000: 293386.059: Application time: 0.0002503 seconds
2019-06-24T17:44:07.047+0000: 293386.059: Application time: 0.0004022 seconds
2019-06-24T17:44:07.047+0000: 293386.059: Application time: 0.0002202 seconds
2019-06-24T17:44:07.049+0000: 293386.061: Application time: 0.0015355 seconds
2019-06-24T17:46:12.300+0000: 293511.312: Application time: 125.2504404 seconds
2019-06-24T17:46:12.300+0000: 293511.312: Application time: 0.0002052 seconds
2019-06-24T17:46:12.300+0000: 293511.313: Application time: 0.0001729 seconds
2019-06-24T17:46:12.301+0000: 293511.313: Application time: 0.0001836 seconds
2019-06-24T17:46:16.422+0000: 293515.434: Application time: 4.1209781 seconds
2019-06-24T17:46:16.451+0000: 293515.463: Application time: 0.0288246 seconds
2019-06-24T17:46:17.231+0000: 293516.244: Application time: 0.7800832 seconds
2019-06-24T17:46:17.232+0000: 293516.244: Application time: 0.0001046 seconds
2019-06-24T17:46:17.232+0000: 293516.244: Application time: 0.0001599 seconds
2019-06-24T17:46:17.232+0000: 293516.244: Application time: 0.0001349 seconds
2019-06-24T17:46:17.233+0000: 293516.245: Application time: 0.0003144 seconds
2019-06-24T17:46:17.233+0000: 293516.245: Application time: 0.0001984 seconds
2019-06-24T17:46:17.234+0000: 293516.247: Application time: 0.0012496 seconds
2019-06-24T17:46:42.321+0000: 293541.334: Application time: 25.0866985 seconds
2019-06-24T17:46:42.322+0000: 293541.334: Application time: 0.0002012 seconds
2019-06-24T17:46:42.322+0000: 293541.335: Application time: 0.0001418 seconds
2019-06-24T17:46:42.323+0000: 293541.335: Application time: 0.0001674 seconds
2019-06-24T17:46:42.323+0000: 293541.335: Application time: 0.0001369 seconds
2019-06-24T17:46:45.531+0000: 293544.543: Application time: 3.2074922 seconds
2019-06-24T17:46:45.558+0000: 293544.570: Application time: 0.0267473 seconds
2019-06-24T17:46:47.237+0000: 293546.249: Application time: 1.6785301 seconds
2019-06-24T17:46:47.237+0000: 293546.249: Application time: 0.0001345 seconds
2019-06-24T17:46:47.237+0000: 293546.249: Application time: 0.0001292 seconds
2019-06-24T17:46:47.238+0000: 293546.250: Application time: 0.0002882 seconds
2019-06-24T17:46:47.238+0000: 293546.250: Application time: 0.0001549 seconds
2019-06-24T17:46:47.239+0000: 293546.251: Application time: 0.0010434 seconds
2019-06-24T17:47:07.826+0000: 293566.839: Application time: 20.5872824 seconds
{Heap before GC invocations=2092 (full 165):
 par new generation   total 9792K, used 9627K [0x00000000e1000000, 0x00000000e1aa0000, 0x00000000eb4a0000)
  eden space 8704K, 100% used [0x00000000e1000000, 0x00000000e1880000, 0x00000000e1880000)
  from space 1088K,  84% used [0x00000000e1880000, 0x00000000e1966f18, 0x00000000e1990000)
  to   space 1088K,   0% used [0x00000000e1990000, 0x00000000e1990000, 0x00000000e1aa0000)
 concurrent mark-sweep generation total 121500K, used 71583K [0x00000000eb4a0000, 0x00000000f2b47000, 0x0000000100000000)
 Metaspace       used 88884K, capacity 93314K, committed 93568K, reserved 1130496K
  class space    used 10719K, capacity 11529K, committed 11648K, reserved 1048576K
2019-06-24T17:47:07.827+0000: 293566.839: [GC (Allocation Failure) 2019-06-24T17:47:07.827+0000: 293566.839: [ParNew: 9627K->868K(9792K), 0.0034590 secs] 81211K->72789K(131292K), 0.0035089 secs] [Times: user=0.01 sys=0.00, real=0.01 secs] 
Heap after GC invocations=2093 (full 165):
 par new generation   total 9792K, used 868K [0x00000000e1000000, 0x00000000e1aa0000, 0x00000000eb4a0000)
  eden space 8704K,   0% used [0x00000000e1000000, 0x00000000e1000000, 0x00000000e1880000)
  from space 1088K,  79% used [0x00000000e1990000, 0x00000000e1a69238, 0x00000000e1aa0000)
  to   space 1088K,   0% used [0x00000000e1880000, 0x00000000e1880000, 0x00000000e1990000)
 concurrent mark-sweep generation total 121500K, used 71920K [0x00000000eb4a0000, 0x00000000f2b47000, 0x0000000100000000)
 Metaspace       used 88884K, capacity 93314K, committed 93568K, reserved 1130496K
  class space    used 10719K, capacity 11529K, committed 11648K, reserved 1048576K
}
2019-06-24T17:52:37.834+0000: 293896.846: Application time: 330.0037937 seconds
2019-06-24T17:52:37.835+0000: 293896.847: Application time: 0.0001576 seconds
2019-06-24T17:52:37.835+0000: 293896.847: Application time: 0.0001465 seconds
2019-06-24T17:52:37.835+0000: 293896.848: Application time: 0.0002083 seconds
2019-06-24T17:52:37.836+0000: 293896.848: Application time: 0.0002013 seconds
2019-06-24T17:52:37.836+0000: 293896.848: Application time: 0.0001938 seconds
2019-06-24T17:52:37.836+0000: 293896.849: Application time: 0.0002120 seconds
2019-06-24T17:52:37.837+0000: 293896.849: Application time: 0.0002036 seconds
2019-06-24T17:52:37.837+0000: 293896.849: Application time: 0.0001938 seconds
2019-06-24T17:54:22.644+0000: 294001.657: Application time: 104.8070579 seconds
{Heap before GC invocations=2093 (full 165):
 par new generation   total 9792K, used 9572K [0x00000000e1000000, 0x00000000e1aa0000, 0x00000000eb4a0000)
  eden space 8704K, 100% used [0x00000000e1000000, 0x00000000e1880000, 0x00000000e1880000)
  from space 1088K,  79% used [0x00000000e1990000, 0x00000000e1a69238, 0x00000000e1aa0000)
  to   space 1088K,   0% used [0x00000000e1880000, 0x00000000e1880000, 0x00000000e1990000)
 concurrent mark-sweep generation total 121500K, used 71920K [0x00000000eb4a0000, 0x00000000f2b47000, 0x0000000100000000)
 Metaspace       used 88884K, capacity 93314K, committed 93568K, reserved 1130496K
  class space    used 10719K, capacity 11529K, committed 11648K, reserved 1048576K
2019-06-24T17:54:22.645+0000: 294001.657: [GC (Allocation Failure) 2019-06-24T17:54:22.645+0000: 294001.657: [ParNew: 9572K->981K(9792K), 0.0080089 secs] 81493K->73177K(131292K), 0.0080933 secs] [Times: user=0.02 sys=0.00, real=0.01 secs] 
Heap after GC invocations=2094 (full 165):
 par new generation   total 9792K, used 981K [0x00000000e1000000, 0x00000000e1aa0000, 0x00000000eb4a0000)
  eden space 8704K,   0% used [0x00000000e1000000, 0x00000000e1000000, 0x00000000e1880000)
  from space 1088K,  90% used [0x00000000e1880000, 0x00000000e1975550, 0x00000000e1990000)
  to   space 1088K,   0% used [0x00000000e1990000, 0x00000000e1990000, 0x00000000e1aa0000)
 concurrent mark-sweep generation total 121500K, used 72196K [0x00000000eb4a0000, 0x00000000f2b47000, 0x0000000100000000)
 Metaspace       used 88884K, capacity 93314K, committed 93568K, reserved 1130496K
  class space    used 10719K, capacity 11529K, committed 11648K, reserved 1048576K
}
2019-06-24T17:56:52.746+0000: 294151.758: Application time: 150.0928149 seconds
2019-06-24T18:01:42.920+0000: 294441.932: Application time: 290.1737910 seconds
{Heap before GC invocations=2094 (full 165):
 par new generation   total 9792K, used 9685K [0x00000000e1000000, 0x00000000e1aa0000, 0x00000000eb4a0000)
  eden space 8704K, 100% used [0x00000000e1000000, 0x00000000e1880000, 0x00000000e1880000)
  from space 1088K,  90% used [0x00000000e1880000, 0x00000000e1975550, 0x00000000e1990000)
  to   space 1088K,   0% used [0x00000000e1990000, 0x00000000e1990000, 0x00000000e1aa0000)
 concurrent mark-sweep generation total 121500K, used 72196K [0x00000000eb4a0000, 0x00000000f2b47000, 0x0000000100000000)
 Metaspace       used 88884K, capacity 93314K, committed 93568K, reserved 1130496K
  class space    used 10719K, capacity 11529K, committed 11648K, reserved 1048576K
2019-06-24T18:01:42.920+0000: 294441.932: [GC (Allocation Failure) 2019-06-24T18:01:42.920+0000: 294441.932: [ParNew: 9685K->746K(9792K), 0.0029444 secs] 81881K->72942K(131292K), 0.0030131 secs] [Times: user=0.00 sys=0.01, real=0.00 secs] 
Heap after GC invocations=2095 (full 165):
 par new generation   total 9792K, used 746K [0x00000000e1000000, 0x00000000e1aa0000, 0x00000000eb4a0000)
  eden space 8704K,   0% used [0x00000000e1000000, 0x00000000e1000000, 0x00000000e1880000)
  from space 1088K,  68% used [0x00000000e1990000, 0x00000000e1a4aaf8, 0x00000000e1aa0000)
  to   space 1088K,   0% used [0x00000000e1880000, 0x00000000e1880000, 0x00000000e1990000)
 concurrent mark-sweep generation total 121500K, used 72196K [0x00000000eb4a0000, 0x00000000f2b47000, 0x0000000100000000)
 Metaspace       used 88884K, capacity 93314K, committed 93568K, reserved 1130496K
  class space    used 10719K, capacity 11529K, committed 11648K, reserved 1048576K
}
2019-06-24T18:03:07.929+0000: 294526.942: Application time: 85.0061605 seconds
2019-06-24T18:06:32.016+0000: 294731.029: Application time: 204.0867228 seconds
2019-06-24T18:06:32.041+0000: 294731.053: Application time: 0.0240572 seconds
2019-06-24T18:06:33.125+0000: 294732.138: Application time: 1.0839138 seconds
2019-06-24T18:06:33.126+0000: 294732.138: Application time: 0.0001563 seconds
2019-06-24T18:06:33.126+0000: 294732.139: Application time: 0.0001403 seconds
2019-06-24T18:06:33.127+0000: 294732.139: Application time: 0.0001321 seconds
2019-06-24T18:06:33.127+0000: 294732.139: Application time: 0.0001399 seconds
2019-06-24T18:06:43.137+0000: 294742.149: Application time: 10.0095393 seconds
2019-06-24T18:06:43.137+0000: 294742.149: Application time: 0.0000971 seconds
2019-06-24T18:06:43.137+0000: 294742.150: Application time: 0.0000831 seconds
2019-06-24T18:06:43.138+0000: 294742.150: Application time: 0.0002145 seconds
2019-06-24T18:06:43.138+0000: 294742.150: Application time: 0.0001393 seconds
2019-06-24T18:06:43.140+0000: 294742.152: Application time: 0.0013422 seconds
2019-06-24T18:07:07.960+0000: 294766.972: Application time: 24.8201172 seconds
{Heap before GC invocations=2095 (full 165):
 par new generation   total 9792K, used 9446K [0x00000000e1000000, 0x00000000e1aa0000, 0x00000000eb4a0000)
  eden space 8704K,  99% used [0x00000000e1000000, 0x00000000e187f078, 0x00000000e1880000)
  from space 1088K,  68% used [0x00000000e1990000, 0x00000000e1a4aaf8, 0x00000000e1aa0000)
  to   space 1088K,   0% used [0x00000000e1880000, 0x00000000e1880000, 0x00000000e1990000)
 concurrent mark-sweep generation total 121500K, used 72196K [0x00000000eb4a0000, 0x00000000f2b47000, 0x0000000100000000)
 Metaspace       used 88884K, capacity 93314K, committed 93568K, reserved 1130496K
  class space    used 10719K, capacity 11529K, committed 11648K, reserved 1048576K
2019-06-24T18:07:07.961+0000: 294766.973: [GC (Allocation Failure) 2019-06-24T18:07:07.961+0000: 294766.973: [ParNew: 9446K->613K(9792K), 0.0135766 secs] 81643K->73080K(131292K), 0.0136780 secs] [Times: user=0.03 sys=0.00, real=0.01 secs] 
Heap after GC invocations=2096 (full 165):
 par new generation   total 9792K, used 613K [0x00000000e1000000, 0x00000000e1aa0000, 0x00000000eb4a0000)
  eden space 8704K,   0% used [0x00000000e1000000, 0x00000000e1000000, 0x00000000e1880000)
  from space 1088K,  56% used [0x00000000e1880000, 0x00000000e19196a8, 0x00000000e1990000)
  to   space 1088K,   0% used [0x00000000e1990000, 0x00000000e1990000, 0x00000000e1aa0000)
 concurrent mark-sweep generation total 121500K, used 72466K [0x00000000eb4a0000, 0x00000000f2b47000, 0x0000000100000000)
 Metaspace       used 88884K, capacity 93314K, committed 93568K, reserved 1130496K
  class space    used 10719K, capacity 11529K, committed 11648K, reserved 1048576K
}
2019-06-24T18:08:03.201+0000: 294822.214: Application time: 55.2269015 seconds
2019-06-24T18:08:03.202+0000: 294822.214: Application time: 0.0000832 seconds
2019-06-24T18:08:03.202+0000: 294822.214: Application time: 0.0000612 seconds
2019-06-24T18:08:03.202+0000: 294822.214: Application time: 0.0000553 seconds
2019-06-24T18:08:03.202+0000: 294822.215: Application time: 0.0000726 seconds
2019-06-24T18:08:06.423+0000: 294825.435: Application time: 3.2202024 seconds
2019-06-24T18:08:06.448+0000: 294825.460: Application time: 0.0247877 seconds
2019-06-24T18:08:07.142+0000: 294826.155: Application time: 0.6945531 seconds
2019-06-24T18:08:07.143+0000: 294826.156: Application time: 0.0004613 seconds
2019-06-24T18:08:07.144+0000: 294826.156: Application time: 0.0001764 seconds
2019-06-24T18:08:07.145+0000: 294826.157: Application time: 0.0004104 seconds
2019-06-24T18:08:07.145+0000: 294826.157: Application time: 0.0003009 seconds
2019-06-24T18:08:07.149+0000: 294826.161: Application time: 0.0030836 seconds
2019-06-24T18:09:30.508+0000: 294909.521: Application time: 83.3593295 seconds
2019-06-24T18:09:30.544+0000: 294909.556: Application time: 0.0351057 seconds
2019-06-24T18:09:33.266+0000: 294912.279: Application time: 2.7224249 seconds
2019-06-24T18:09:33.267+0000: 294912.279: Application time: 0.0001708 seconds
2019-06-24T18:09:33.267+0000: 294912.280: Application time: 0.0002155 seconds
2019-06-24T18:09:33.268+0000: 294912.280: Application time: 0.0001571 seconds
2019-06-24T18:09:33.268+0000: 294912.281: Application time: 0.0002072 seconds
2019-06-24T18:09:33.269+0000: 294912.281: Application time: 0.0001494 seconds
2019-06-24T18:09:33.269+0000: 294912.281: Application time: 0.0001792 seconds
2019-06-24T18:09:43.280+0000: 294922.292: Application time: 10.0107294 seconds
2019-06-24T18:09:43.281+0000: 294922.293: Application time: 0.0001662 seconds
2019-06-24T18:09:43.281+0000: 294922.293: Application time: 0.0001267 seconds
2019-06-24T18:09:43.282+0000: 294922.294: Application time: 0.0011103 seconds
2019-06-24T18:09:47.444+0000: 294926.456: Application time: 4.1615897 seconds
2019-06-24T18:10:01.725+0000: 294940.737: Application time: 14.2806048 seconds
{Heap before GC invocations=2096 (full 165):
 par new generation   total 9792K, used 9317K [0x00000000e1000000, 0x00000000e1aa0000, 0x00000000eb4a0000)
  eden space 8704K,  99% used [0x00000000e1000000, 0x00000000e187ff60, 0x00000000e1880000)
  from space 1088K,  56% used [0x00000000e1880000, 0x00000000e19196a8, 0x00000000e1990000)
  to   space 1088K,   0% used [0x00000000e1990000, 0x00000000e1990000, 0x00000000e1aa0000)
 concurrent mark-sweep generation total 121500K, used 72466K [0x00000000eb4a0000, 0x00000000f2b47000, 0x0000000100000000)
 Metaspace       used 88884K, capacity 93314K, committed 93568K, reserved 1130496K
  class space    used 10719K, capacity 11529K, committed 11648K, reserved 1048576K
2019-06-24T18:10:01.725+0000: 294940.738: [GC (Allocation Failure) 2019-06-24T18:10:01.725+0000: 294940.738: [ParNew: 9317K->1088K(9792K), 0.0052888 secs] 81783K->73567K(131292K), 0.0053532 secs] [Times: user=0.00 sys=0.00, real=0.01 secs] 
Heap after GC invocations=2097 (full 165):
 par new generation   total 9792K, used 1088K [0x00000000e1000000, 0x00000000e1aa0000, 0x00000000eb4a0000)
  eden space 8704K,   0% used [0x00000000e1000000, 0x00000000e1000000, 0x00000000e1880000)
  from space 1088K, 100% used [0x00000000e1990000, 0x00000000e1aa0000, 0x00000000e1aa0000)
  to   space 1088K,   0% used [0x00000000e1880000, 0x00000000e1880000, 0x00000000e1990000)
 concurrent mark-sweep generation total 121500K, used 72479K [0x00000000eb4a0000, 0x00000000f2b47000, 0x0000000100000000)
 Metaspace       used 88884K, capacity 93314K, committed 93568K, reserved 1130496K
  class space    used 10719K, capacity 11529K, committed 11648K, reserved 1048576K
}
2019-06-24T18:10:03.295+0000: 294942.308: Application time: 1.5646367 seconds
2019-06-24T18:10:03.296+0000: 294942.308: Application time: 0.0001580 seconds
2019-06-24T18:10:03.296+0000: 294942.309: Application time: 0.0001713 seconds
2019-06-24T18:10:03.297+0000: 294942.309: Application time: 0.0001402 seconds
2019-06-24T18:10:03.297+0000: 294942.309: Application time: 0.0001309 seconds
2019-06-24T18:10:03.298+0000: 294942.310: Application time: 0.0001323 seconds
2019-06-24T18:10:03.298+0000: 294942.310: Application time: 0.0001390 seconds
2019-06-24T18:10:06.722+0000: 294945.734: Application time: 3.4237406 seconds
2019-06-24T18:10:06.757+0000: 294945.769: Application time: 0.0346438 seconds
2019-06-24T18:10:07.154+0000: 294946.167: Application time: 0.3971954 seconds
2019-06-24T18:10:07.155+0000: 294946.167: Application time: 0.0004009 seconds
2019-06-24T18:10:07.156+0000: 294946.168: Application time: 0.0002458 seconds
2019-06-24T18:10:07.157+0000: 294946.170: Application time: 0.0015548 seconds
2019-06-24T18:10:50.165+0000: 294989.177: Application time: 43.0076659 seconds
2019-06-24T18:10:53.337+0000: 294992.350: Application time: 3.1722022 seconds
2019-06-24T18:10:53.338+0000: 294992.350: Application time: 0.0000672 seconds
2019-06-24T18:10:53.338+0000: 294992.350: Application time: 0.0000586 seconds
2019-06-24T18:10:53.338+0000: 294992.351: Application time: 0.0000408 seconds
2019-06-24T18:10:53.338+0000: 294992.351: Application time: 0.0000574 seconds
2019-06-24T18:10:53.339+0000: 294992.351: Application time: 0.0000556 seconds
2019-06-24T18:10:53.339+0000: 294992.351: Application time: 0.0000602 seconds
2019-06-24T18:10:54.622+0000: 294993.634: Application time: 1.2829294 seconds
2019-06-24T18:10:54.654+0000: 294993.666: Application time: 0.0312078 seconds
2019-06-24T18:11:03.345+0000: 295002.357: Application time: 8.6910601 seconds
2019-06-24T18:11:03.345+0000: 295002.358: Application time: 0.0002219 seconds
2019-06-24T18:11:03.346+0000: 295002.358: Application time: 0.0002084 seconds
2019-06-24T18:11:03.348+0000: 295002.360: Application time: 0.0015922 seconds
2019-06-24T18:11:33.365+0000: 295032.377: Application time: 30.0171555 seconds
2019-06-24T18:11:33.366+0000: 295032.378: Application time: 0.0001504 seconds
2019-06-24T18:11:33.366+0000: 295032.378: Application time: 0.0001640 seconds
2019-06-24T18:11:33.366+0000: 295032.379: Application time: 0.0001568 seconds
2019-06-24T18:11:33.367+0000: 295032.379: Application time: 0.0001292 seconds
2019-06-24T18:11:33.367+0000: 295032.380: Application time: 0.0001535 seconds
2019-06-24T18:11:33.368+0000: 295032.380: Application time: 0.0001349 seconds
2019-06-24T18:11:35.035+0000: 295034.047: Application time: 1.6669623 seconds
2019-06-24T18:11:35.070+0000: 295034.083: Application time: 0.0353535 seconds
2019-06-24T18:11:43.378+0000: 295042.390: Application time: 8.3069899 seconds
2019-06-24T18:11:43.378+0000: 295042.391: Application time: 0.0002143 seconds
2019-06-24T18:11:43.379+0000: 295042.391: Application time: 0.0002107 seconds
2019-06-24T18:11:43.380+0000: 295042.393: Application time: 0.0015436 seconds
2019-06-24T18:12:53.429+0000: 295112.441: Application time: 70.0484115 seconds
{Heap before GC invocations=2097 (full 165):
 par new generation   total 9792K, used 9792K [0x00000000e1000000, 0x00000000e1aa0000, 0x00000000eb4a0000)
  eden space 8704K, 100% used [0x00000000e1000000, 0x00000000e1880000, 0x00000000e1880000)
  from space 1088K, 100% used [0x00000000e1990000, 0x00000000e1aa0000, 0x00000000e1aa0000)
  to   space 1088K,   0% used [0x00000000e1880000, 0x00000000e1880000, 0x00000000e1990000)
 concurrent mark-sweep generation total 121500K, used 72479K [0x00000000eb4a0000, 0x00000000f2b47000, 0x0000000100000000)
 Metaspace       used 88885K, capacity 93314K, committed 93568K, reserved 1130496K
  class space    used 10719K, capacity 11529K, committed 11648K, reserved 1048576K
2019-06-24T18:12:53.429+0000: 295112.442: [GC (Allocation Failure) 2019-06-24T18:12:53.430+0000: 295112.442: [ParNew: 9792K->877K(9792K), 0.0165631 secs] 82271K->73687K(131292K), 0.0166669 secs] [Times: user=0.03 sys=0.01, real=0.01 secs] 
Heap after GC invocations=2098 (full 165):
 par new generation   total 9792K, used 877K [0x00000000e1000000, 0x00000000e1aa0000, 0x00000000eb4a0000)
  eden space 8704K,   0% used [0x00000000e1000000, 0x00000000e1000000, 0x00000000e1880000)
  from space 1088K,  80% used [0x00000000e1880000, 0x00000000e195b718, 0x00000000e1990000)
  to   space 1088K,   0% used [0x00000000e1990000, 0x00000000e1990000, 0x00000000e1aa0000)
 concurrent mark-sweep generation total 121500K, used 72809K [0x00000000eb4a0000, 0x00000000f2b47000, 0x0000000100000000)
 Metaspace       used 88885K, capacity 93314K, committed 93568K, reserved 1130496K
  class space    used 10719K, capacity 11529K, committed 11648K, reserved 1048576K
}
2019-06-24T18:13:01.131+0000: 295120.143: Application time: 7.6847825 seconds
2019-06-24T18:13:01.157+0000: 295120.170: Application time: 0.0260681 seconds
2019-06-24T18:13:03.454+0000: 295122.466: Application time: 2.2963666 seconds
2019-06-24T18:13:03.454+0000: 295122.467: Application time: 0.0000972 seconds
2019-06-24T18:13:03.455+0000: 295122.467: Application time: 0.0000634 seconds
2019-06-24T18:13:03.455+0000: 295122.467: Application time: 0.0000748 seconds
2019-06-24T18:13:03.455+0000: 295122.467: Application time: 0.0000579 seconds
2019-06-24T18:13:03.455+0000: 295122.467: Application time: 0.0000577 seconds
2019-06-24T18:13:03.455+0000: 295122.468: Application time: 0.0000627 seconds
2019-06-24T18:13:07.165+0000: 295126.177: Application time: 3.7092857 seconds
2019-06-24T18:13:07.165+0000: 295126.178: Application time: 0.0003496 seconds
2019-06-24T18:13:07.166+0000: 295126.178: Application time: 0.0001960 seconds
2019-06-24T18:13:07.167+0000: 295126.179: Application time: 0.0012838 seconds
2019-06-24T18:13:33.474+0000: 295152.486: Application time: 26.3069748 seconds
2019-06-24T18:13:58.548+0000: 295177.560: Application time: 25.0734237 seconds
2019-06-24T18:13:58.573+0000: 295177.585: Application time: 0.0245974 seconds
2019-06-24T18:14:03.496+0000: 295182.508: Application time: 4.9227004 seconds
2019-06-24T18:14:03.496+0000: 295182.508: Application time: 0.0001477 seconds
2019-06-24T18:14:03.496+0000: 295182.509: Application time: 0.0000832 seconds
2019-06-24T18:14:03.497+0000: 295182.509: Application time: 0.0000872 seconds
2019-06-24T18:14:03.497+0000: 295182.509: Application time: 0.0000813 seconds
2019-06-24T18:14:03.497+0000: 295182.509: Application time: 0.0000798 seconds
2019-06-24T18:14:03.497+0000: 295182.510: Application time: 0.0000784 seconds
2019-06-24T18:14:03.498+0000: 295182.510: Application time: 0.0000855 seconds
2019-06-24T18:14:03.498+0000: 295182.510: Application time: 0.0001954 seconds
2019-06-24T18:14:03.498+0000: 295182.511: Application time: 0.0001582 seconds
2019-06-24T18:14:07.170+0000: 295186.182: Application time: 3.6715622 seconds
2019-06-24T18:16:02.765+0000: 295301.777: Application time: 115.5946079 seconds
{Heap before GC invocations=2098 (full 165):
 par new generation   total 9792K, used 9580K [0x00000000e1000000, 0x00000000e1aa0000, 0x00000000eb4a0000)
  eden space 8704K,  99% used [0x00000000e1000000, 0x00000000e187fb08, 0x00000000e1880000)
  from space 1088K,  80% used [0x00000000e1880000, 0x00000000e195b718, 0x00000000e1990000)
  to   space 1088K,   0% used [0x00000000e1990000, 0x00000000e1990000, 0x00000000e1aa0000)
 concurrent mark-sweep generation total 121500K, used 72809K [0x00000000eb4a0000, 0x00000000f2b47000, 0x0000000100000000)
 Metaspace       used 88885K, capacity 93314K, committed 93568K, reserved 1130496K
  class space    used 10719K, capacity 11529K, committed 11648K, reserved 1048576K
2019-06-24T18:16:02.765+0000: 295301.777: [GC (Allocation Failure) 2019-06-24T18:16:02.765+0000: 295301.777: [ParNew: 9580K->1088K(9792K), 0.0040387 secs] 82389K->74275K(131292K), 0.0041024 secs] [Times: user=0.01 sys=0.00, real=0.01 secs] 
Heap after GC invocations=2099 (full 165):
 par new generation   total 9792K, used 1088K [0x00000000e1000000, 0x00000000e1aa0000, 0x00000000eb4a0000)
  eden space 8704K,   0% used [0x00000000e1000000, 0x00000000e1000000, 0x00000000e1880000)
  from space 1088K, 100% used [0x00000000e1990000, 0x00000000e1aa0000, 0x00000000e1aa0000)
  to   space 1088K,   0% used [0x00000000e1880000, 0x00000000e1880000, 0x00000000e1990000)
 concurrent mark-sweep generation total 121500K, used 73187K [0x00000000eb4a0000, 0x00000000f2b47000, 0x0000000100000000)
 Metaspace       used 88885K, capacity 93314K, committed 93568K, reserved 1130496K
  class space    used 10719K, capacity 11529K, committed 11648K, reserved 1048576K
}
2019-06-24T18:16:02.769+0000: 295301.782: Application time: 0.0001688 seconds
2019-06-24T18:16:02.770+0000: 295301.782: [GC (CMS Initial Mark) [1 CMS-initial-mark: 73187K(121500K)] 74282K(131292K), 0.0025500 secs] [Times: user=0.00 sys=0.00, real=0.00 secs] 
2019-06-24T18:16:02.773+0000: 295301.785: [CMS-concurrent-mark-start]
2019-06-24T18:16:02.895+0000: 295301.907: [CMS-concurrent-mark: 0.122/0.122 secs] [Times: user=0.13 sys=0.00, real=0.12 secs] 
2019-06-24T18:16:02.895+0000: 295301.907: [CMS-concurrent-preclean-start]
2019-06-24T18:16:02.896+0000: 295301.909: [CMS-concurrent-preclean: 0.002/0.002 secs] [Times: user=0.00 sys=0.00, real=0.00 secs] 
2019-06-24T18:16:02.897+0000: 295301.909: Application time: 0.1242045 seconds
2019-06-24T18:16:02.897+0000: 295301.909: [GC (CMS Final Remark) [YG occupancy: 2457 K (9792 K)]2019-06-24T18:16:02.897+0000: 295301.909: [Rescan (parallel) , 0.0023654 secs]2019-06-24T18:16:02.899+0000: 295301.912: [weak refs processing, 0.0027234 secs]2019-06-24T18:16:02.902+0000: 295301.914: [class unloading, 0.0294703 secs]2019-06-24T18:16:02.931+0000: 295301.944: [scrub symbol table, 0.0224220 secs]2019-06-24T18:16:02.954+0000: 295301.966: [scrub string table, 0.0022628 secs][1 CMS-remark: 73187K(121500K)] 75644K(131292K), 0.0725439 secs] [Times: user=0.08 sys=0.00, real=0.08 secs] 
2019-06-24T18:16:02.970+0000: 295301.982: [CMS-concurrent-sweep-start]
2019-06-24T18:16:02.974+0000: 295301.986: Application time: 0.0040568 seconds
2019-06-24T18:16:03.001+0000: 295302.014: [CMS-concurrent-sweep: 0.032/0.032 secs] [Times: user=0.04 sys=0.00, real=0.03 secs] 
2019-06-24T18:16:03.002+0000: 295302.014: [CMS-concurrent-reset-start]
2019-06-24T18:16:03.002+0000: 295302.014: [CMS-concurrent-reset: 0.000/0.000 secs] [Times: user=0.00 sys=0.00, real=0.00 secs] 
2019-06-24T18:16:03.581+0000: 295302.593: Application time: 0.6074319 seconds
2019-06-24T18:16:03.582+0000: 295302.594: Application time: 0.0003902 seconds
2019-06-24T18:16:03.583+0000: 295302.595: Application time: 0.0001778 seconds
2019-06-24T18:16:03.583+0000: 295302.595: Application time: 0.0002137 seconds
2019-06-24T18:16:03.584+0000: 295302.596: Application time: 0.0001483 seconds
2019-06-24T18:16:03.584+0000: 295302.596: Application time: 0.0001773 seconds
2019-06-24T18:16:03.584+0000: 295302.597: Application time: 0.0001463 seconds
2019-06-24T18:16:03.585+0000: 295302.597: Application time: 0.0001533 seconds
2019-06-24T18:16:03.585+0000: 295302.598: Application time: 0.0003343 seconds
2019-06-24T18:16:03.586+0000: 295302.598: Application time: 0.0002608 seconds
2019-06-24T18:16:04.587+0000: 295303.599: Application time: 1.0006114 seconds
2019-06-24T18:16:07.176+0000: 295306.188: Application time: 2.5889421 seconds
2019-06-24T18:16:07.763+0000: 295306.775: Application time: 0.5864008 seconds
2019-06-24T18:16:07.802+0000: 295306.814: Application time: 0.0389791 seconds
2019-06-24T18:16:08.802+0000: 295307.815: Application time: 1.0001947 seconds
2019-06-24T18:16:13.803+0000: 295312.816: Application time: 5.0007849 seconds
2019-06-24T18:16:23.607+0000: 295322.620: Application time: 9.8039194 seconds
2019-06-24T18:16:23.608+0000: 295322.620: Application time: 0.0001404 seconds
2019-06-24T18:16:23.608+0000: 295322.621: Application time: 0.0000609 seconds
2019-06-24T18:16:23.609+0000: 295322.621: Application time: 0.0000602 seconds
2019-06-24T18:16:23.609+0000: 295322.621: Application time: 0.0000559 seconds
2019-06-24T18:16:23.609+0000: 295322.621: Application time: 0.0001101 seconds
2019-06-24T18:16:23.609+0000: 295322.622: Application time: 0.0000617 seconds
2019-06-24T18:16:23.610+0000: 295322.622: Application time: 0.0000621 seconds
2019-06-24T18:16:23.610+0000: 295322.622: Application time: 0.0001622 seconds
2019-06-24T18:16:23.610+0000: 295322.623: Application time: 0.0001035 seconds
2019-06-24T18:16:28.314+0000: 295327.326: Application time: 4.7034612 seconds
2019-06-24T18:16:28.340+0000: 295327.353: Application time: 0.0261438 seconds
2019-06-24T18:16:30.341+0000: 295329.353: Application time: 2.0003367 seconds
2019-06-24T18:16:33.615+0000: 295332.628: Application time: 3.2742396 seconds
2019-06-24T18:16:33.616+0000: 295332.628: Application time: 0.0000704 seconds
2019-06-24T18:16:33.616+0000: 295332.628: Application time: 0.0000640 seconds
2019-06-24T18:16:33.616+0000: 295332.628: Application time: 0.0000585 seconds
2019-06-24T18:16:33.616+0000: 295332.628: Application time: 0.0000628 seconds
2019-06-24T18:16:33.618+0000: 295332.630: Application time: 0.0014486 seconds
2019-06-24T18:16:54.621+0000: 295353.634: Application time: 21.0035505 seconds
2019-06-24T18:17:30.627+0000: 295389.639: Application time: 36.0053884 seconds
2019-06-24T18:18:04.633+0000: 295423.646: Application time: 34.0062652 seconds
2019-06-24T18:20:03.754+0000: 295542.767: Application time: 119.1207403 seconds
{Heap before GC invocations=2099 (full 166):
 par new generation   total 9792K, used 9792K [0x00000000e1000000, 0x00000000e1aa0000, 0x00000000eb4a0000)
  eden space 8704K, 100% used [0x00000000e1000000, 0x00000000e1880000, 0x00000000e1880000)
  from space 1088K, 100% used [0x00000000e1990000, 0x00000000e1aa0000, 0x00000000e1aa0000)
  to   space 1088K,   0% used [0x00000000e1880000, 0x00000000e1880000, 0x00000000e1990000)
 concurrent mark-sweep generation total 121500K, used 69384K [0x00000000eb4a0000, 0x00000000f2b47000, 0x0000000100000000)
 Metaspace       used 88866K, capacity 93284K, committed 93568K, reserved 1130496K
  class space    used 10717K, capacity 11524K, committed 11648K, reserved 1048576K
2019-06-24T18:20:03.755+0000: 295542.767: [GC (Allocation Failure) 2019-06-24T18:20:03.755+0000: 295542.767: [ParNew: 9792K->692K(9792K), 0.0109413 secs] 79176K->70347K(131292K), 0.0110175 secs] [Times: user=0.02 sys=0.00, real=0.01 secs] 
Heap after GC invocations=2100 (full 166):
 par new generation   total 9792K, used 692K [0x00000000e1000000, 0x00000000e1aa0000, 0x00000000eb4a0000)
  eden space 8704K,   0% used [0x00000000e1000000, 0x00000000e1000000, 0x00000000e1880000)
  from space 1088K,  63% used [0x00000000e1880000, 0x00000000e192d370, 0x00000000e1990000)
  to   space 1088K,   0% used [0x00000000e1990000, 0x00000000e1990000, 0x00000000e1aa0000)
 concurrent mark-sweep generation total 121500K, used 69655K [0x00000000eb4a0000, 0x00000000f2b47000, 0x0000000100000000)
 Metaspace       used 88866K, capacity 93284K, committed 93568K, reserved 1130496K
  class space    used 10717K, capacity 11524K, committed 11648K, reserved 1048576K
}
2019-06-24T18:22:08.785+0000: 295667.797: Application time: 125.0193946 seconds
2019-06-24T18:27:14.089+0000: 295973.101: Application time: 305.3037348 seconds
{Heap before GC invocations=2100 (full 166):
 par new generation   total 9792K, used 9393K [0x00000000e1000000, 0x00000000e1aa0000, 0x00000000eb4a0000)
  eden space 8704K,  99% used [0x00000000e1000000, 0x00000000e187f488, 0x00000000e1880000)
  from space 1088K,  63% used [0x00000000e1880000, 0x00000000e192d370, 0x00000000e1990000)
  to   space 1088K,   0% used [0x00000000e1990000, 0x00000000e1990000, 0x00000000e1aa0000)
 concurrent mark-sweep generation total 121500K, used 69655K [0x00000000eb4a0000, 0x00000000f2b47000, 0x0000000100000000)
 Metaspace       used 88866K, capacity 93284K, committed 93568K, reserved 1130496K
  class space    used 10717K, capacity 11524K, committed 11648K, reserved 1048576K
2019-06-24T18:27:14.089+0000: 295973.102: [GC (Allocation Failure) 2019-06-24T18:27:14.089+0000: 295973.102: [ParNew: 9393K->690K(9792K), 0.0039863 secs] 79049K->70586K(131292K), 0.0040423 secs] [Times: user=0.00 sys=0.01, real=0.00 secs] 
Heap after GC invocations=2101 (full 166):
 par new generation   total 9792K, used 690K [0x00000000e1000000, 0x00000000e1aa0000, 0x00000000eb4a0000)
  eden space 8704K,   0% used [0x00000000e1000000, 0x00000000e1000000, 0x00000000e1880000)
  from space 1088K,  63% used [0x00000000e1990000, 0x00000000e1a3c850, 0x00000000e1aa0000)
  to   space 1088K,   0% used [0x00000000e1880000, 0x00000000e1880000, 0x00000000e1990000)
 concurrent mark-sweep generation total 121500K, used 69896K [0x00000000eb4a0000, 0x00000000f2b47000, 0x0000000100000000)
 Metaspace       used 88866K, capacity 93284K, committed 93568K, reserved 1130496K
  class space    used 10717K, capacity 11524K, committed 11648K, reserved 1048576K
}
2019-06-24T18:27:38.104+0000: 295997.117: Application time: 24.0107493 seconds
2019-06-24T18:27:38.105+0000: 295997.117: Application time: 0.0000672 seconds
2019-06-24T18:27:38.105+0000: 295997.117: Application time: 0.0000584 seconds
2019-06-24T18:27:38.105+0000: 295997.117: Application time: 0.0000567 seconds
2019-06-24T18:27:38.105+0000: 295997.117: Application time: 0.0000580 seconds
2019-06-24T18:27:38.105+0000: 295997.118: Application time: 0.0000566 seconds
2019-06-24T18:27:38.105+0000: 295997.118: Application time: 0.0000575 seconds
2019-06-24T18:27:38.106+0000: 295997.118: Application time: 0.0000575 seconds
2019-06-24T18:27:38.106+0000: 295997.118: Application time: 0.0000570 seconds
2019-06-24T18:27:38.106+0000: 295997.118: Application time: 0.0000525 seconds
2019-06-24T18:28:08.109+0000: 296027.121: Application time: 30.0031068 seconds
2019-06-24T18:29:56.126+0000: 296135.138: Application time: 108.0164294 seconds
2019-06-24T18:30:14.205+0000: 296153.217: Application time: 18.0792562 seconds
2019-06-24T18:34:34.400+0000: 296413.412: Application time: 260.1943038 seconds
{Heap before GC invocations=2101 (full 166):
 par new generation   total 9792K, used 9394K [0x00000000e1000000, 0x00000000e1aa0000, 0x00000000eb4a0000)
  eden space 8704K, 100% used [0x00000000e1000000, 0x00000000e1880000, 0x00000000e1880000)
  from space 1088K,  63% used [0x00000000e1990000, 0x00000000e1a3c850, 0x00000000e1aa0000)
  to   space 1088K,   0% used [0x00000000e1880000, 0x00000000e1880000, 0x00000000e1990000)
 concurrent mark-sweep generation total 121500K, used 69896K [0x00000000eb4a0000, 0x00000000f2b47000, 0x0000000100000000)
 Metaspace       used 88869K, capacity 93290K, committed 93568K, reserved 1130496K
  class space    used 10717K, capacity 11525K, committed 11648K, reserved 1048576K
2019-06-24T18:34:34.400+0000: 296413.413: [GC (Allocation Failure) 2019-06-24T18:34:34.400+0000: 296413.413: [ParNew: 9394K->677K(9792K), 0.0056055 secs] 79290K->70573K(131292K), 0.0057328 secs] [Times: user=0.01 sys=0.00, real=0.00 secs] 
Heap after GC invocations=2102 (full 166):
 par new generation   total 9792K, used 677K [0x00000000e1000000, 0x00000000e1aa0000, 0x00000000eb4a0000)
  eden space 8704K,   0% used [0x00000000e1000000, 0x00000000e1000000, 0x00000000e1880000)
  from space 1088K,  62% used [0x00000000e1880000, 0x00000000e1929430, 0x00000000e1990000)
  to   space 1088K,   0% used [0x00000000e1990000, 0x00000000e1990000, 0x00000000e1aa0000)
 concurrent mark-sweep generation total 121500K, used 69896K [0x00000000eb4a0000, 0x00000000f2b47000, 0x0000000100000000)
 Metaspace       used 88869K, capacity 93290K, committed 93568K, reserved 1130496K
  class space    used 10717K, capacity 11525K, committed 11648K, reserved 1048576K
}
2019-06-24T18:36:12.307+0000: 296511.319: Application time: 97.9007921 seconds
2019-06-24T18:36:12.342+0000: 296511.354: Application time: 0.0345629 seconds
2019-06-24T18:36:14.483+0000: 296513.496: Application time: 2.1410053 seconds
2019-06-24T18:36:14.484+0000: 296513.496: Application time: 0.0001548 seconds
2019-06-24T18:36:14.484+0000: 296513.497: Application time: 0.0002705 seconds
2019-06-24T18:36:14.485+0000: 296513.497: Application time: 0.0003465 seconds
2019-06-24T18:36:14.485+0000: 296513.498: Application time: 0.0002966 seconds
2019-06-24T18:36:17.677+0000: 296516.690: Application time: 3.1916779 seconds
2019-06-24T18:36:17.678+0000: 296516.690: Application time: 0.0001037 seconds
2019-06-24T18:36:17.678+0000: 296516.691: Application time: 0.0002319 seconds
2019-06-24T18:36:17.679+0000: 296516.691: Application time: 0.0000973 seconds
2019-06-24T18:36:17.679+0000: 296516.691: Application time: 0.0000946 seconds
2019-06-24T18:36:17.681+0000: 296516.693: Application time: 0.0020101 seconds
2019-06-24T18:38:04.561+0000: 296623.573: Application time: 106.8796610 seconds
2019-06-24T18:38:04.562+0000: 296623.574: Application time: 0.0001731 seconds
2019-06-24T18:38:04.562+0000: 296623.575: Application time: 0.0001353 seconds
2019-06-24T18:38:04.563+0000: 296623.575: Application time: 0.0003040 seconds
2019-06-24T18:38:04.563+0000: 296623.576: Application time: 0.0002933 seconds
2019-06-24T18:38:05.281+0000: 296624.293: Application time: 0.7172591 seconds
2019-06-24T18:38:05.326+0000: 296624.338: Application time: 0.0448221 seconds
2019-06-24T18:38:07.248+0000: 296626.260: Application time: 1.9213969 seconds
2019-06-24T18:38:07.248+0000: 296626.261: Application time: 0.0000887 seconds
2019-06-24T18:38:07.249+0000: 296626.261: Application time: 0.0001534 seconds
2019-06-24T18:38:07.249+0000: 296626.261: Application time: 0.0001826 seconds
2019-06-24T18:38:07.249+0000: 296626.262: Application time: 0.0001297 seconds
2019-06-24T18:38:07.250+0000: 296626.262: Application time: 0.0001384 seconds
2019-06-24T18:38:07.253+0000: 296626.266: Application time: 0.0031088 seconds
2019-06-24T18:38:08.169+0000: 296627.181: Application time: 0.9151724 seconds
{Heap before GC invocations=2102 (full 166):
 par new generation   total 9792K, used 9381K [0x00000000e1000000, 0x00000000e1aa0000, 0x00000000eb4a0000)
  eden space 8704K, 100% used [0x00000000e1000000, 0x00000000e1880000, 0x00000000e1880000)
  from space 1088K,  62% used [0x00000000e1880000, 0x00000000e1929430, 0x00000000e1990000)
  to   space 1088K,   0% used [0x00000000e1990000, 0x00000000e1990000, 0x00000000e1aa0000)
 concurrent mark-sweep generation total 121500K, used 69896K [0x00000000eb4a0000, 0x00000000f2b47000, 0x0000000100000000)
 Metaspace       used 88869K, capacity 93290K, committed 93568K, reserved 1130496K
  class space    used 10717K, capacity 11525K, committed 11648K, reserved 1048576K
2019-06-24T18:38:08.169+0000: 296627.181: [GC (Allocation Failure) 2019-06-24T18:38:08.169+0000: 296627.181: [ParNew: 9381K->687K(9792K), 0.0038728 secs] 79277K->70825K(131292K), 0.0039325 secs] [Times: user=0.01 sys=0.00, real=0.00 secs] 
Heap after GC invocations=2103 (full 166):
 par new generation   total 9792K, used 687K [0x00000000e1000000, 0x00000000e1aa0000, 0x00000000eb4a0000)
  eden space 8704K,   0% used [0x00000000e1000000, 0x00000000e1000000, 0x00000000e1880000)
  from space 1088K,  63% used [0x00000000e1990000, 0x00000000e1a3be58, 0x00000000e1aa0000)
  to   space 1088K,   0% used [0x00000000e1880000, 0x00000000e1880000, 0x00000000e1990000)
 concurrent mark-sweep generation total 121500K, used 70137K [0x00000000eb4a0000, 0x00000000f2b47000, 0x0000000100000000)
 Metaspace       used 88869K, capacity 93290K, committed 93568K, reserved 1130496K
  class space    used 10717K, capacity 11525K, committed 11648K, reserved 1048576K
}
2019-06-24T18:39:29.981+0000: 296708.994: Application time: 81.8082629 seconds
2019-06-24T18:39:30.016+0000: 296709.029: Application time: 0.0347241 seconds
2019-06-24T18:39:34.632+0000: 296713.644: Application time: 4.6153232 seconds
2019-06-24T18:39:34.632+0000: 296713.645: Application time: 0.0000699 seconds
2019-06-24T18:39:34.633+0000: 296713.645: Application time: 0.0001476 seconds
2019-06-24T18:39:34.633+0000: 296713.645: Application time: 0.0001389 seconds
2019-06-24T18:39:38.554+0000: 296717.567: Application time: 3.9212512 seconds
2019-06-24T18:39:38.555+0000: 296717.567: Application time: 0.0001716 seconds
2019-06-24T18:39:38.556+0000: 296717.568: Application time: 0.0003201 seconds
2019-06-24T18:39:38.559+0000: 296717.571: Application time: 0.0002130 seconds
2019-06-24T18:39:38.560+0000: 296717.572: Application time: 0.0001538 seconds
2019-06-24T18:39:38.560+0000: 296717.572: Application time: 0.0001755 seconds
2019-06-24T18:39:38.560+0000: 296717.573: Application time: 0.0001674 seconds
2019-06-24T18:39:43.561+0000: 296722.573: Application time: 5.0004535 seconds
2019-06-24T18:39:43.586+0000: 296722.598: Application time: 0.0244055 seconds
2019-06-24T18:39:44.639+0000: 296723.652: Application time: 1.0532096 seconds
2019-06-24T18:39:44.640+0000: 296723.652: Application time: 0.0002522 seconds
2019-06-24T18:39:44.640+0000: 296723.653: Application time: 0.0002784 seconds
2019-06-24T18:39:47.707+0000: 296726.719: Application time: 3.0664365 seconds
2019-06-24T18:39:47.707+0000: 296726.720: Application time: 0.0002198 seconds
2019-06-24T18:39:47.708+0000: 296726.720: Application time: 0.0002126 seconds
2019-06-24T18:39:47.708+0000: 296726.721: Application time: 0.0002872 seconds
2019-06-24T18:39:47.709+0000: 296726.721: Application time: 0.0002044 seconds
2019-06-24T18:39:47.709+0000: 296726.721: Application time: 0.0002222 seconds
2019-06-24T18:39:47.709+0000: 296726.722: Application time: 0.0002088 seconds
2019-06-24T18:39:47.711+0000: 296726.724: Application time: 0.0018024 seconds
2019-06-24T18:40:27.527+0000: 296766.540: Application time: 39.8159730 seconds
{Heap before GC invocations=2103 (full 166):
 par new generation   total 9792K, used 9391K [0x00000000e1000000, 0x00000000e1aa0000, 0x00000000eb4a0000)
  eden space 8704K, 100% used [0x00000000e1000000, 0x00000000e1880000, 0x00000000e1880000)
  from space 1088K,  63% used [0x00000000e1990000, 0x00000000e1a3be58, 0x00000000e1aa0000)
  to   space 1088K,   0% used [0x00000000e1880000, 0x00000000e1880000, 0x00000000e1990000)
 concurrent mark-sweep generation total 121500K, used 70137K [0x00000000eb4a0000, 0x00000000f2b47000, 0x0000000100000000)
 Metaspace       used 88869K, capacity 93290K, committed 93568K, reserved 1130496K
  class space    used 10717K, capacity 11525K, committed 11648K, reserved 1048576K
2019-06-24T18:40:27.528+0000: 296766.540: [GC (Allocation Failure) 2019-06-24T18:40:27.528+0000: 296766.540: [ParNew: 9391K->1088K(9792K), 0.0044727 secs] 79529K->71304K(131292K), 0.0045590 secs] [Times: user=0.01 sys=0.00, real=0.01 secs] 
Heap after GC invocations=2104 (full 166):
 par new generation   total 9792K, used 1088K [0x00000000e1000000, 0x00000000e1aa0000, 0x00000000eb4a0000)
  eden space 8704K,   0% used [0x00000000e1000000, 0x00000000e1000000, 0x00000000e1880000)
  from space 1088K, 100% used [0x00000000e1880000, 0x00000000e1990000, 0x00000000e1990000)
  to   space 1088K,   0% used [0x00000000e1990000, 0x00000000e1990000, 0x00000000e1aa0000)
 concurrent mark-sweep generation total 121500K, used 70216K [0x00000000eb4a0000, 0x00000000f2b47000, 0x0000000100000000)
 Metaspace       used 88869K, capacity 93290K, committed 93568K, reserved 1130496K
  class space    used 10717K, capacity 11525K, committed 11648K, reserved 1048576K
}
2019-06-24T18:40:32.522+0000: 296771.535: Application time: 4.9899921 seconds
2019-06-24T18:40:32.560+0000: 296771.572: Application time: 0.0369155 seconds
2019-06-24T18:40:34.682+0000: 296773.694: Application time: 2.1218702 seconds
2019-06-24T18:40:34.682+0000: 296773.695: Application time: 0.0002211 seconds
2019-06-24T18:40:34.683+0000: 296773.695: Application time: 0.0002063 seconds
2019-06-24T18:40:44.690+0000: 296783.702: Application time: 10.0073907 seconds
2019-06-24T18:40:44.691+0000: 296783.703: Application time: 0.0001694 seconds
2019-06-24T18:40:44.691+0000: 296783.704: Application time: 0.0001530 seconds
2019-06-24T18:40:44.692+0000: 296783.704: Application time: 0.0001606 seconds
2019-06-24T18:40:44.692+0000: 296783.705: Application time: 0.0001504 seconds
2019-06-24T18:40:44.693+0000: 296783.705: Application time: 0.0001483 seconds
2019-06-24T18:40:44.693+0000: 296783.705: Application time: 0.0001528 seconds
2019-06-24T18:40:44.697+0000: 296783.709: Application time: 0.0035682 seconds
2019-06-24T18:41:24.727+0000: 296823.739: Application time: 40.0291143 seconds
2019-06-24T18:41:24.727+0000: 296823.739: Application time: 0.0001748 seconds
2019-06-24T18:41:24.727+0000: 296823.740: Application time: 0.0001654 seconds
2019-06-24T18:41:25.748+0000: 296824.761: Application time: 1.0208600 seconds
2019-06-24T18:41:25.775+0000: 296824.787: Application time: 0.0264419 seconds
2019-06-24T18:41:34.734+0000: 296833.747: Application time: 8.9589896 seconds
2019-06-24T18:41:34.735+0000: 296833.747: Application time: 0.0001022 seconds
2019-06-24T18:41:34.735+0000: 296833.747: Application time: 0.0000883 seconds
2019-06-24T18:41:34.735+0000: 296833.748: Application time: 0.0000956 seconds
2019-06-24T18:41:34.735+0000: 296833.748: Application time: 0.0000879 seconds
2019-06-24T18:41:34.736+0000: 296833.748: Application time: 0.0000835 seconds
2019-06-24T18:41:34.736+0000: 296833.748: Application time: 0.0000929 seconds
2019-06-24T18:41:34.738+0000: 296833.750: Application time: 0.0019563 seconds
2019-06-24T18:42:14.762+0000: 296873.775: Application time: 40.0240765 seconds
2019-06-24T18:42:14.763+0000: 296873.775: Application time: 0.0001582 seconds
2019-06-24T18:42:14.763+0000: 296873.775: Application time: 0.0001079 seconds
2019-06-24T18:42:17.729+0000: 296876.741: Application time: 2.9660239 seconds
2019-06-24T18:42:17.730+0000: 296876.742: Application time: 0.0001059 seconds
2019-06-24T18:42:17.730+0000: 296876.742: Application time: 0.0000837 seconds
2019-06-24T18:42:17.730+0000: 296876.742: Application time: 0.0000889 seconds
2019-06-24T18:42:17.730+0000: 296876.743: Application time: 0.0000818 seconds
2019-06-24T18:42:17.731+0000: 296876.743: Application time: 0.0000811 seconds
2019-06-24T18:42:17.731+0000: 296876.743: Application time: 0.0000884 seconds
2019-06-24T18:42:17.733+0000: 296876.745: Application time: 0.0017965 seconds
2019-06-24T18:42:18.404+0000: 296877.417: Application time: 0.6712073 seconds
2019-06-24T18:42:18.429+0000: 296877.442: Application time: 0.0249297 seconds
2019-06-24T18:43:38.648+0000: 296957.661: Application time: 80.2187722 seconds
{Heap before GC invocations=2104 (full 166):
 par new generation   total 9792K, used 9791K [0x00000000e1000000, 0x00000000e1aa0000, 0x00000000eb4a0000)
  eden space 8704K,  99% used [0x00000000e1000000, 0x00000000e187fe68, 0x00000000e1880000)
  from space 1088K, 100% used [0x00000000e1880000, 0x00000000e1990000, 0x00000000e1990000)
  to   space 1088K,   0% used [0x00000000e1990000, 0x00000000e1990000, 0x00000000e1aa0000)
 concurrent mark-sweep generation total 121500K, used 70216K [0x00000000eb4a0000, 0x00000000f2b47000, 0x0000000100000000)
 Metaspace       used 88873K, capacity 93296K, committed 93568K, reserved 1130496K
  class space    used 10718K, capacity 11526K, committed 11648K, reserved 1048576K
2019-06-24T18:43:38.649+0000: 296957.661: [GC (Allocation Failure) 2019-06-24T18:43:38.649+0000: 296957.661: [ParNew: 9791K->854K(9792K), 0.0063461 secs] 80008K->71511K(131292K), 0.0064285 secs] [Times: user=0.00 sys=0.01, real=0.00 secs] 
Heap after GC invocations=2105 (full 166):
 par new generation   total 9792K, used 854K [0x00000000e1000000, 0x00000000e1aa0000, 0x00000000eb4a0000)
  eden space 8704K,   0% used [0x00000000e1000000, 0x00000000e1000000, 0x00000000e1880000)
  from space 1088K,  78% used [0x00000000e1990000, 0x00000000e1a65898, 0x00000000e1aa0000)
  to   space 1088K,   0% used [0x00000000e1880000, 0x00000000e1880000, 0x00000000e1990000)
 concurrent mark-sweep generation total 121500K, used 70657K [0x00000000eb4a0000, 0x00000000f2b47000, 0x0000000100000000)
 Metaspace       used 88873K, capacity 93296K, committed 93568K, reserved 1130496K
  class space    used 10718K, capacity 11526K, committed 11648K, reserved 1048576K
}
2019-06-24T18:43:43.644+0000: 296962.656: Application time: 4.9885522 seconds
2019-06-24T18:43:43.688+0000: 296962.700: Application time: 0.0439279 seconds
2019-06-24T18:43:44.818+0000: 296963.831: Application time: 1.1300600 seconds
2019-06-24T18:43:44.819+0000: 296963.832: Application time: 0.0001907 seconds
2019-06-24T18:43:44.820+0000: 296963.832: Application time: 0.0001292 seconds
2019-06-24T18:43:47.743+0000: 296966.755: Application time: 2.9228130 seconds
2019-06-24T18:43:47.743+0000: 296966.755: Application time: 0.0000965 seconds
2019-06-24T18:43:47.743+0000: 296966.756: Application time: 0.0000814 seconds
2019-06-24T18:43:47.744+0000: 296966.756: Application time: 0.0000866 seconds
2019-06-24T18:43:47.744+0000: 296966.756: Application time: 0.0000810 seconds
2019-06-24T18:43:47.744+0000: 296966.756: Application time: 0.0000800 seconds
2019-06-24T18:43:47.744+0000: 296966.757: Application time: 0.0000777 seconds
2019-06-24T18:43:47.745+0000: 296966.757: Application time: 0.0000858 seconds
2019-06-24T18:43:47.745+0000: 296966.757: Application time: 0.0002069 seconds
2019-06-24T18:43:47.745+0000: 296966.758: Application time: 0.0001706 seconds
2019-06-24T18:43:47.747+0000: 296966.759: Application time: 0.0016501 seconds
2019-06-24T18:45:32.763+0000: 297071.775: Application time: 105.0155318 seconds
2019-06-24T18:45:36.956+0000: 297075.969: Application time: 4.1932731 seconds
2019-06-24T18:45:36.990+0000: 297076.002: Application time: 0.0330145 seconds
2019-06-24T18:45:44.901+0000: 297083.913: Application time: 7.9106933 seconds
2019-06-24T18:45:44.901+0000: 297083.914: Application time: 0.0000657 seconds
2019-06-24T18:45:44.901+0000: 297083.914: Application time: 0.0000564 seconds
2019-06-24T18:45:44.902+0000: 297083.914: Application time: 0.0000616 seconds
2019-06-24T18:45:44.902+0000: 297083.914: Application time: 0.0000565 seconds
2019-06-24T18:45:44.902+0000: 297083.914: Application time: 0.0000557 seconds
2019-06-24T18:45:44.902+0000: 297083.914: Application time: 0.0000581 seconds
2019-06-24T18:45:44.902+0000: 297083.915: Application time: 0.0000611 seconds
2019-06-24T18:45:44.903+0000: 297083.915: Application time: 0.0001542 seconds
2019-06-24T18:45:44.903+0000: 297083.915: Application time: 0.0001017 seconds
2019-06-24T18:45:44.904+0000: 297083.916: Application time: 0.0010823 seconds
2019-06-24T18:46:22.014+0000: 297121.026: Application time: 37.1096710 seconds
{Heap before GC invocations=2105 (full 166):
 par new generation   total 9792K, used 9335K [0x00000000e1000000, 0x00000000e1aa0000, 0x00000000eb4a0000)
  eden space 8704K,  97% used [0x00000000e1000000, 0x00000000e1848418, 0x00000000e1880000)
  from space 1088K,  78% used [0x00000000e1990000, 0x00000000e1a65898, 0x00000000e1aa0000)
  to   space 1088K,   0% used [0x00000000e1880000, 0x00000000e1880000, 0x00000000e1990000)
 concurrent mark-sweep generation total 121500K, used 70657K [0x00000000eb4a0000, 0x00000000f2b47000, 0x0000000100000000)
 Metaspace       used 88873K, capacity 93296K, committed 93568K, reserved 1130496K
  class space    used 10718K, capacity 11526K, committed 11648K, reserved 1048576K
2019-06-24T18:46:22.014+0000: 297121.026: [GC (Allocation Failure) 2019-06-24T18:46:22.014+0000: 297121.026: [ParNew: 9335K->1088K(9792K), 0.0049758 secs] 79992K->72024K(131292K), 0.0050457 secs] [Times: user=0.01 sys=0.00, real=0.01 secs] 
Heap after GC invocations=2106 (full 166):
 par new generation   total 9792K, used 1088K [0x00000000e1000000, 0x00000000e1aa0000, 0x00000000eb4a0000)
  eden space 8704K,   0% used [0x00000000e1000000, 0x00000000e1000000, 0x00000000e1880000)
  from space 1088K, 100% used [0x00000000e1880000, 0x00000000e1990000, 0x00000000e1990000)
  to   space 1088K,   0% used [0x00000000e1990000, 0x00000000e1990000, 0x00000000e1aa0000)
 concurrent mark-sweep generation total 121500K, used 70936K [0x00000000eb4a0000, 0x00000000f2b47000, 0x0000000100000000)
 Metaspace       used 88873K, capacity 93296K, committed 93568K, reserved 1130496K
  class space    used 10718K, capacity 11526K, committed 11648K, reserved 1048576K
}
2019-06-24T18:46:24.928+0000: 297123.940: Application time: 2.9086450 seconds
2019-06-24T18:46:24.928+0000: 297123.941: Application time: 0.0000868 seconds
2019-06-24T18:46:24.929+0000: 297123.941: Application time: 0.0000993 seconds
2019-06-24T18:46:24.929+0000: 297123.941: Application time: 0.0000749 seconds
2019-06-24T18:46:24.929+0000: 297123.941: Application time: 0.0000796 seconds
2019-06-24T18:46:27.009+0000: 297126.021: Application time: 2.0797782 seconds
2019-06-24T18:46:27.051+0000: 297126.063: Application time: 0.0412641 seconds
2019-06-24T18:46:34.936+0000: 297133.948: Application time: 7.8849644 seconds
2019-06-24T18:46:34.936+0000: 297133.948: Application time: 0.0000911 seconds
2019-06-24T18:46:34.936+0000: 297133.949: Application time: 0.0000771 seconds
2019-06-24T18:46:34.937+0000: 297133.949: Application time: 0.0001933 seconds
2019-06-24T18:46:34.937+0000: 297133.949: Application time: 0.0001470 seconds
2019-06-24T18:46:34.938+0000: 297133.951: Application time: 0.0013477 seconds
2019-06-24T18:46:54.948+0000: 297153.961: Application time: 20.0098547 seconds
2019-06-24T18:52:55.209+0000: 297514.221: Application time: 360.2602094 seconds
{Heap before GC invocations=2106 (full 166):
 par new generation   total 9792K, used 9792K [0x00000000e1000000, 0x00000000e1aa0000, 0x00000000eb4a0000)
  eden space 8704K, 100% used [0x00000000e1000000, 0x00000000e1880000, 0x00000000e1880000)
  from space 1088K, 100% used [0x00000000e1880000, 0x00000000e1990000, 0x00000000e1990000)
  to   space 1088K,   0% used [0x00000000e1990000, 0x00000000e1990000, 0x00000000e1aa0000)
 concurrent mark-sweep generation total 121500K, used 70936K [0x00000000eb4a0000, 0x00000000f2b47000, 0x0000000100000000)
 Metaspace       used 88874K, capacity 93296K, committed 93568K, reserved 1130496K
  class space    used 10718K, capacity 11526K, committed 11648K, reserved 1048576K
2019-06-24T18:52:55.209+0000: 297514.222: [GC (Allocation Failure) 2019-06-24T18:52:55.210+0000: 297514.222: [ParNew: 9792K->959K(9792K), 0.0045125 secs] 80728K->72251K(131292K), 0.0045960 secs] [Times: user=0.01 sys=0.00, real=0.00 secs] 
Heap after GC invocations=2107 (full 166):
 par new generation   total 9792K, used 959K [0x00000000e1000000, 0x00000000e1aa0000, 0x00000000eb4a0000)
  eden space 8704K,   0% used [0x00000000e1000000, 0x00000000e1000000, 0x00000000e1880000)
  from space 1088K,  88% used [0x00000000e1990000, 0x00000000e1a7fea0, 0x00000000e1aa0000)
  to   space 1088K,   0% used [0x00000000e1880000, 0x00000000e1880000, 0x00000000e1990000)
 concurrent mark-sweep generation total 121500K, used 71292K [0x00000000eb4a0000, 0x00000000f2b47000, 0x0000000100000000)
 Metaspace       used 88874K, capacity 93296K, committed 93568K, reserved 1130496K
  class space    used 10718K, capacity 11526K, committed 11648K, reserved 1048576K
}
2019-06-24T18:53:08.264+0000: 297527.277: Application time: 13.0500370 seconds
2019-06-24T19:00:07.331+0000: 297946.343: Application time: 419.0659859 seconds
{Heap before GC invocations=2107 (full 166):
 par new generation   total 9792K, used 9663K [0x00000000e1000000, 0x00000000e1aa0000, 0x00000000eb4a0000)
  eden space 8704K, 100% used [0x00000000e1000000, 0x00000000e1880000, 0x00000000e1880000)
  from space 1088K,  88% used [0x00000000e1990000, 0x00000000e1a7fea0, 0x00000000e1aa0000)
  to   space 1088K,   0% used [0x00000000e1880000, 0x00000000e1880000, 0x00000000e1990000)
 concurrent mark-sweep generation total 121500K, used 71292K [0x00000000eb4a0000, 0x00000000f2b47000, 0x0000000100000000)
 Metaspace       used 88874K, capacity 93296K, committed 93568K, reserved 1130496K
  class space    used 10718K, capacity 11526K, committed 11648K, reserved 1048576K
2019-06-24T19:00:07.331+0000: 297946.343: [GC (Allocation Failure) 2019-06-24T19:00:07.331+0000: 297946.343: [ParNew: 9663K->760K(9792K), 0.0037151 secs] 80955K->72052K(131292K), 0.0037813 secs] [Times: user=0.01 sys=0.00, real=0.00 secs] 
Heap after GC invocations=2108 (full 166):
 par new generation   total 9792K, used 760K [0x00000000e1000000, 0x00000000e1aa0000, 0x00000000eb4a0000)
  eden space 8704K,   0% used [0x00000000e1000000, 0x00000000e1000000, 0x00000000e1880000)
  from space 1088K,  69% used [0x00000000e1880000, 0x00000000e193e2d0, 0x00000000e1990000)
  to   space 1088K,   0% used [0x00000000e1990000, 0x00000000e1990000, 0x00000000e1aa0000)
 concurrent mark-sweep generation total 121500K, used 71292K [0x00000000eb4a0000, 0x00000000f2b47000, 0x0000000100000000)
 Metaspace       used 88874K, capacity 93296K, committed 93568K, reserved 1130496K
  class space    used 10718K, capacity 11526K, committed 11648K, reserved 1048576K
}
2019-06-24T19:03:35.653+0000: 298154.665: Application time: 208.3179698 seconds
2019-06-24T19:05:34.237+0000: 298273.249: Application time: 118.5840795 seconds
2019-06-24T19:05:34.276+0000: 298273.288: Application time: 0.0381964 seconds
2019-06-24T19:05:35.733+0000: 298274.745: Application time: 1.4565765 seconds
2019-06-24T19:05:35.733+0000: 298274.745: Application time: 0.0001029 seconds
2019-06-24T19:05:35.733+0000: 298274.746: Application time: 0.0000954 seconds
2019-06-24T19:05:35.734+0000: 298274.746: Application time: 0.0000891 seconds
2019-06-24T19:05:35.734+0000: 298274.746: Application time: 0.0001167 seconds
2019-06-24T19:05:38.278+0000: 298277.290: Application time: 2.5436537 seconds
{Heap before GC invocations=2108 (full 166):
 par new generation   total 9792K, used 9464K [0x00000000e1000000, 0x00000000e1aa0000, 0x00000000eb4a0000)
  eden space 8704K, 100% used [0x00000000e1000000, 0x00000000e1880000, 0x00000000e1880000)
  from space 1088K,  69% used [0x00000000e1880000, 0x00000000e193e2d0, 0x00000000e1990000)
  to   space 1088K,   0% used [0x00000000e1990000, 0x00000000e1990000, 0x00000000e1aa0000)
 concurrent mark-sweep generation total 121500K, used 71292K [0x00000000eb4a0000, 0x00000000f2b47000, 0x0000000100000000)
 Metaspace       used 88874K, capacity 93296K, committed 93568K, reserved 1130496K
  class space    used 10718K, capacity 11526K, committed 11648K, reserved 1048576K
2019-06-24T19:05:38.278+0000: 298277.291: [GC (Allocation Failure) 2019-06-24T19:05:38.278+0000: 298277.291: [ParNew: 9464K->703K(9792K), 0.0055078 secs] 80756K->72195K(131292K), 0.0057315 secs] [Times: user=0.01 sys=0.01, real=0.00 secs] 
Heap after GC invocations=2109 (full 166):
 par new generation   total 9792K, used 703K [0x00000000e1000000, 0x00000000e1aa0000, 0x00000000eb4a0000)
  eden space 8704K,   0% used [0x00000000e1000000, 0x00000000e1000000, 0x00000000e1880000)
  from space 1088K,  64% used [0x00000000e1990000, 0x00000000e1a3ff80, 0x00000000e1aa0000)
  to   space 1088K,   0% used [0x00000000e1880000, 0x00000000e1880000, 0x00000000e1990000)
 concurrent mark-sweep generation total 121500K, used 71491K [0x00000000eb4a0000, 0x00000000f2b47000, 0x0000000100000000)
 Metaspace       used 88874K, capacity 93296K, committed 93568K, reserved 1130496K
  class space    used 10718K, capacity 11526K, committed 11648K, reserved 1048576K
}
2019-06-24T19:05:45.742+0000: 298284.754: Application time: 7.4572715 seconds
2019-06-24T19:05:45.742+0000: 298284.754: Application time: 0.0000978 seconds
2019-06-24T19:05:45.742+0000: 298284.755: Application time: 0.0000831 seconds
2019-06-24T19:05:45.743+0000: 298284.755: Application time: 0.0001905 seconds
2019-06-24T19:05:45.743+0000: 298284.755: Application time: 0.0000832 seconds
2019-06-24T19:05:45.744+0000: 298284.757: Application time: 0.0014891 seconds
2019-06-24T19:07:24.403+0000: 298383.415: Application time: 98.6580808 seconds
2019-06-24T19:07:24.428+0000: 298383.440: Application time: 0.0250294 seconds
2019-06-24T19:07:25.805+0000: 298384.818: Application time: 1.3769989 seconds
2019-06-24T19:07:25.806+0000: 298384.818: Application time: 0.0001101 seconds
2019-06-24T19:07:25.806+0000: 298384.818: Application time: 0.0001318 seconds
2019-06-24T19:07:25.807+0000: 298384.819: Application time: 0.0001494 seconds
2019-06-24T19:07:25.807+0000: 298384.819: Application time: 0.0001300 seconds
2019-06-24T19:07:25.807+0000: 298384.820: Application time: 0.0001379 seconds
2019-06-24T19:07:35.818+0000: 298394.830: Application time: 10.0099108 seconds
2019-06-24T19:07:35.818+0000: 298394.830: Application time: 0.0000777 seconds
2019-06-24T19:07:35.818+0000: 298394.831: Application time: 0.0001897 seconds
2019-06-24T19:07:35.818+0000: 298394.831: Application time: 0.0001598 seconds
2019-06-24T19:07:35.820+0000: 298394.832: Application time: 0.0013831 seconds
2019-06-24T19:09:17.629+0000: 298496.641: Application time: 101.8086841 seconds
{Heap before GC invocations=2109 (full 166):
 par new generation   total 9792K, used 9396K [0x00000000e1000000, 0x00000000e1aa0000, 0x00000000eb4a0000)
  eden space 8704K,  99% used [0x00000000e1000000, 0x00000000e187d298, 0x00000000e1880000)
  from space 1088K,  64% used [0x00000000e1990000, 0x00000000e1a3ff80, 0x00000000e1aa0000)
  to   space 1088K,   0% used [0x00000000e1880000, 0x00000000e1880000, 0x00000000e1990000)
 concurrent mark-sweep generation total 121500K, used 71491K [0x00000000eb4a0000, 0x00000000f2b47000, 0x0000000100000000)
 Metaspace       used 88874K, capacity 93296K, committed 93568K, reserved 1130496K
  class space    used 10718K, capacity 11526K, committed 11648K, reserved 1048576K
2019-06-24T19:09:17.629+0000: 298496.642: [GC (Allocation Failure) 2019-06-24T19:09:17.629+0000: 298496.642: [ParNew: 9396K->929K(9792K), 0.0034970 secs] 80888K->72420K(131292K), 0.0036380 secs] [Times: user=0.01 sys=0.00, real=0.00 secs] 
Heap after GC invocations=2110 (full 166):
 par new generation   total 9792K, used 929K [0x00000000e1000000, 0x00000000e1aa0000, 0x00000000eb4a0000)
  eden space 8704K,   0% used [0x00000000e1000000, 0x00000000e1000000, 0x00000000e1880000)
  from space 1088K,  85% used [0x00000000e1880000, 0x00000000e1968520, 0x00000000e1990000)
  to   space 1088K,   0% used [0x00000000e1990000, 0x00000000e1990000, 0x00000000e1aa0000)
 concurrent mark-sweep generation total 121500K, used 71491K [0x00000000eb4a0000, 0x00000000f2b47000, 0x0000000100000000)
 Metaspace       used 88874K, capacity 93296K, committed 93568K, reserved 1130496K
  class space    used 10718K, capacity 11526K, committed 11648K, reserved 1048576K
}
2019-06-24T19:09:17.971+0000: 298496.983: Application time: 0.3377945 seconds
2019-06-24T19:09:17.971+0000: 298496.984: Application time: 0.0001639 seconds
2019-06-24T19:09:17.972+0000: 298496.984: Application time: 0.0001298 seconds
2019-06-24T19:09:17.972+0000: 298496.984: Application time: 0.0001363 seconds
2019-06-24T19:09:17.972+0000: 298496.985: Application time: 0.0001790 seconds
2019-06-24T19:09:17.973+0000: 298496.985: Application time: 0.0001271 seconds
2019-06-24T19:09:17.973+0000: 298496.986: Application time: 0.0001332 seconds
2019-06-24T19:09:22.629+0000: 298501.641: Application time: 4.6556337 seconds
2019-06-24T19:09:22.674+0000: 298501.686: Application time: 0.0443462 seconds
2019-06-24T19:09:25.891+0000: 298504.904: Application time: 3.2174648 seconds
2019-06-24T19:09:25.892+0000: 298504.904: Application time: 0.0001553 seconds
2019-06-24T19:09:25.892+0000: 298504.904: Application time: 0.0001092 seconds
2019-06-24T19:09:25.893+0000: 298504.905: Application time: 0.0010727 seconds
2019-06-24T19:10:25.943+0000: 298564.955: Application time: 60.0494502 seconds
2019-06-24T19:10:25.943+0000: 298564.955: Application time: 0.0000340 seconds
2019-06-24T19:10:25.943+0000: 298564.955: Application time: 0.0000229 seconds
2019-06-24T19:10:25.943+0000: 298564.956: Application time: 0.0000268 seconds
2019-06-24T19:10:25.943+0000: 298564.956: Application time: 0.0000437 seconds
2019-06-24T19:10:25.943+0000: 298564.956: Application time: 0.0000230 seconds
2019-06-24T19:10:25.944+0000: 298564.956: Application time: 0.0000574 seconds
2019-06-24T19:10:30.405+0000: 298569.417: Application time: 4.4612087 seconds
2019-06-24T19:10:30.442+0000: 298569.454: Application time: 0.0367330 seconds
2019-06-24T19:10:35.950+0000: 298574.962: Application time: 5.5076399 seconds
2019-06-24T19:10:35.950+0000: 298574.962: Application time: 0.0001763 seconds
2019-06-24T19:10:35.950+0000: 298574.963: Application time: 0.0001349 seconds
2019-06-24T19:10:35.952+0000: 298574.964: Application time: 0.0012789 seconds
2019-06-24T19:11:15.980+0000: 298614.992: Application time: 40.0275851 seconds
2019-06-24T19:11:15.980+0000: 298614.992: Application time: 0.0000735 seconds
2019-06-24T19:11:15.980+0000: 298614.992: Application time: 0.0000643 seconds
2019-06-24T19:11:15.980+0000: 298614.993: Application time: 0.0000681 seconds
2019-06-24T19:11:15.981+0000: 298614.993: Application time: 0.0000915 seconds
2019-06-24T19:11:15.981+0000: 298614.993: Application time: 0.0000627 seconds
2019-06-24T19:11:15.981+0000: 298614.993: Application time: 0.0000682 seconds
2019-06-24T19:11:15.984+0000: 298614.996: Application time: 0.0028162 seconds
{Heap before GC invocations=2110 (full 166):
 par new generation   total 9792K, used 9633K [0x00000000e1000000, 0x00000000e1aa0000, 0x00000000eb4a0000)
  eden space 8704K, 100% used [0x00000000e1000000, 0x00000000e1880000, 0x00000000e1880000)
  from space 1088K,  85% used [0x00000000e1880000, 0x00000000e1968520, 0x00000000e1990000)
  to   space 1088K,   0% used [0x00000000e1990000, 0x00000000e1990000, 0x00000000e1aa0000)
 concurrent mark-sweep generation total 121500K, used 71491K [0x00000000eb4a0000, 0x00000000f2b47000, 0x0000000100000000)
 Metaspace       used 88885K, capacity 93314K, committed 93568K, reserved 1130496K
  class space    used 10719K, capacity 11529K, committed 11648K, reserved 1048576K
2019-06-24T19:11:15.984+0000: 298614.996: [GC (Allocation Failure) 2019-06-24T19:11:15.984+0000: 298614.996: [ParNew: 9633K->1060K(9792K), 0.0034962 secs] 81124K->72758K(131292K), 0.0035539 secs] [Times: user=0.01 sys=0.00, real=0.00 secs] 
Heap after GC invocations=2111 (full 166):
 par new generation   total 9792K, used 1060K [0x00000000e1000000, 0x00000000e1aa0000, 0x00000000eb4a0000)
  eden space 8704K,   0% used [0x00000000e1000000, 0x00000000e1000000, 0x00000000e1880000)
  from space 1088K,  97% used [0x00000000e1990000, 0x00000000e1a990c8, 0x00000000e1aa0000)
  to   space 1088K,   0% used [0x00000000e1880000, 0x00000000e1880000, 0x00000000e1990000)
 concurrent mark-sweep generation total 121500K, used 71698K [0x00000000eb4a0000, 0x00000000f2b47000, 0x0000000100000000)
 Metaspace       used 88885K, capacity 93314K, committed 93568K, reserved 1130496K
  class space    used 10719K, capacity 11529K, committed 11648K, reserved 1048576K
}
2019-06-24T19:11:17.996+0000: 298617.008: Application time: 2.0079117 seconds
2019-06-24T19:11:17.996+0000: 298617.009: Application time: 0.0003417 seconds
2019-06-24T19:11:17.997+0000: 298617.009: Application time: 0.0002374 seconds
2019-06-24T19:11:17.999+0000: 298617.012: Application time: 0.0023778 seconds
2019-06-24T19:11:18.855+0000: 298617.867: Application time: 0.8544928 seconds
2019-06-24T19:11:18.900+0000: 298617.912: Application time: 0.0446130 seconds
2019-06-24T19:11:25.992+0000: 298625.004: Application time: 7.0923808 seconds
2019-06-24T19:11:48.004+0000: 298647.017: Application time: 22.0119938 seconds
2019-06-24T19:11:48.005+0000: 298647.017: Application time: 0.0000686 seconds
2019-06-24T19:11:48.005+0000: 298647.017: Application time: 0.0000605 seconds
2019-06-24T19:11:48.005+0000: 298647.017: Application time: 0.0000715 seconds
2019-06-24T19:11:48.005+0000: 298647.018: Application time: 0.0000580 seconds
2019-06-24T19:11:48.005+0000: 298647.018: Application time: 0.0000574 seconds
2019-06-24T19:11:48.006+0000: 298647.018: Application time: 0.0000627 seconds
2019-06-24T19:11:52.525+0000: 298651.538: Application time: 4.5196369 seconds
2019-06-24T19:11:52.550+0000: 298651.562: Application time: 0.0245275 seconds
2019-06-24T19:11:56.011+0000: 298655.024: Application time: 3.4607804 seconds
2019-06-24T19:11:56.012+0000: 298655.024: Application time: 0.0003439 seconds
2019-06-24T19:11:56.013+0000: 298655.025: Application time: 0.0003339 seconds
2019-06-24T19:11:56.015+0000: 298655.027: Application time: 0.0021967 seconds
2019-06-24T19:12:56.053+0000: 298715.066: Application time: 60.0377869 seconds
2019-06-24T19:12:56.054+0000: 298715.066: Application time: 0.0001714 seconds
2019-06-24T19:12:56.054+0000: 298715.067: Application time: 0.0001530 seconds
2019-06-24T19:12:56.055+0000: 298715.067: Application time: 0.0001585 seconds
2019-06-24T19:12:56.055+0000: 298715.068: Application time: 0.0001061 seconds
2019-06-24T19:12:56.056+0000: 298715.068: Application time: 0.0001469 seconds
2019-06-24T19:12:56.056+0000: 298715.069: Application time: 0.0001515 seconds
2019-06-24T19:12:56.057+0000: 298715.069: Application time: 0.0001690 seconds
2019-06-24T19:12:56.057+0000: 298715.070: Application time: 0.0002154 seconds
2019-06-24T19:12:56.058+0000: 298715.070: Application time: 0.0001753 seconds
2019-06-24T19:13:00.481+0000: 298719.493: Application time: 4.4225355 seconds
2019-06-24T19:13:00.526+0000: 298719.538: Application time: 0.0446583 seconds
2019-06-24T19:13:06.069+0000: 298725.082: Application time: 5.5433452 seconds
2019-06-24T19:15:06.157+0000: 298845.170: Application time: 120.0877394 seconds
{Heap before GC invocations=2111 (full 166):
 par new generation   total 9792K, used 9764K [0x00000000e1000000, 0x00000000e1aa0000, 0x00000000eb4a0000)
  eden space 8704K, 100% used [0x00000000e1000000, 0x00000000e1880000, 0x00000000e1880000)
  from space 1088K,  97% used [0x00000000e1990000, 0x00000000e1a990c8, 0x00000000e1aa0000)
  to   space 1088K,   0% used [0x00000000e1880000, 0x00000000e1880000, 0x00000000e1990000)
 concurrent mark-sweep generation total 121500K, used 71698K [0x00000000eb4a0000, 0x00000000f2b47000, 0x0000000100000000)
 Metaspace       used 88885K, capacity 93314K, committed 93568K, reserved 1130496K
  class space    used 10719K, capacity 11529K, committed 11648K, reserved 1048576K
2019-06-24T19:15:06.158+0000: 298845.170: [GC (Allocation Failure) 2019-06-24T19:15:06.158+0000: 298845.170: [ParNew: 9764K->898K(9792K), 0.0036011 secs] 81462K->73097K(131292K), 0.0036803 secs] [Times: user=0.01 sys=0.00, real=0.01 secs] 
Heap after GC invocations=2112 (full 166):
 par new generation   total 9792K, used 898K [0x00000000e1000000, 0x00000000e1aa0000, 0x00000000eb4a0000)
  eden space 8704K,   0% used [0x00000000e1000000, 0x00000000e1000000, 0x00000000e1880000)
  from space 1088K,  82% used [0x00000000e1880000, 0x00000000e1960928, 0x00000000e1990000)
  to   space 1088K,   0% used [0x00000000e1990000, 0x00000000e1990000, 0x00000000e1aa0000)
 concurrent mark-sweep generation total 121500K, used 72199K [0x00000000eb4a0000, 0x00000000f2b47000, 0x0000000100000000)
 Metaspace       used 88885K, capacity 93314K, committed 93568K, reserved 1130496K
  class space    used 10719K, capacity 11529K, committed 11648K, reserved 1048576K
}
2019-06-24T19:15:13.462+0000: 298852.474: Application time: 7.3005726 seconds
2019-06-24T19:15:13.509+0000: 298852.521: Application time: 0.0467326 seconds
2019-06-24T19:15:16.167+0000: 298855.180: Application time: 2.6581177 seconds
2019-06-24T19:15:16.168+0000: 298855.180: Application time: 0.0000702 seconds
2019-06-24T19:15:16.168+0000: 298855.180: Application time: 0.0000691 seconds
2019-06-24T19:15:16.168+0000: 298855.180: Application time: 0.0000650 seconds
2019-06-24T19:15:16.168+0000: 298855.180: Application time: 0.0000601 seconds
2019-06-24T19:15:16.168+0000: 298855.181: Application time: 0.0000256 seconds
2019-06-24T19:15:16.168+0000: 298855.181: Application time: 0.0000181 seconds
2019-06-24T19:15:16.169+0000: 298855.181: Application time: 0.0001046 seconds
2019-06-24T19:15:16.169+0000: 298855.181: Application time: 0.0001733 seconds
2019-06-24T19:15:16.169+0000: 298855.181: Application time: 0.0001336 seconds
2019-06-24T19:15:18.038+0000: 298857.050: Application time: 1.8682883 seconds
2019-06-24T19:16:23.864+0000: 298922.876: Application time: 65.8258824 seconds
2019-06-24T19:16:23.910+0000: 298922.922: Application time: 0.0457122 seconds
2019-06-24T19:16:26.210+0000: 298925.223: Application time: 2.3004104 seconds
2019-06-24T19:16:26.211+0000: 298925.223: Application time: 0.0001447 seconds
2019-06-24T19:16:26.212+0000: 298925.224: Application time: 0.0001948 seconds
2019-06-24T19:16:26.212+0000: 298925.224: Application time: 0.0001382 seconds
2019-06-24T19:16:26.213+0000: 298925.225: Application time: 0.0001303 seconds
2019-06-24T19:16:26.213+0000: 298925.225: Application time: 0.0001288 seconds
2019-06-24T19:16:26.213+0000: 298925.226: Application time: 0.0001289 seconds
2019-06-24T19:16:26.214+0000: 298925.226: Application time: 0.0001645 seconds
2019-06-24T19:16:26.214+0000: 298925.227: Application time: 0.0002869 seconds
2019-06-24T19:16:26.215+0000: 298925.227: Application time: 0.0001062 seconds
2019-06-24T19:16:36.224+0000: 298935.236: Application time: 10.0090939 seconds
2019-06-24T19:16:36.226+0000: 298935.238: Application time: 0.0018476 seconds
2019-06-24T19:17:31.235+0000: 298990.247: Application time: 55.0082796 seconds
2019-06-24T19:18:08.416+0000: 299027.428: Application time: 37.1812755 seconds
2019-06-24T19:18:46.300+0000: 299065.312: Application time: 37.8830945 seconds
{Heap before GC invocations=2112 (full 166):
 par new generation   total 9792K, used 9602K [0x00000000e1000000, 0x00000000e1aa0000, 0x00000000eb4a0000)
  eden space 8704K, 100% used [0x00000000e1000000, 0x00000000e1880000, 0x00000000e1880000)
  from space 1088K,  82% used [0x00000000e1880000, 0x00000000e1960928, 0x00000000e1990000)
  to   space 1088K,   0% used [0x00000000e1990000, 0x00000000e1990000, 0x00000000e1aa0000)
 concurrent mark-sweep generation total 121500K, used 72199K [0x00000000eb4a0000, 0x00000000f2b47000, 0x0000000100000000)
 Metaspace       used 88885K, capacity 93314K, committed 93568K, reserved 1130496K
  class space    used 10719K, capacity 11529K, committed 11648K, reserved 1048576K
2019-06-24T19:18:46.300+0000: 299065.312: [GC (Allocation Failure) 2019-06-24T19:18:46.300+0000: 299065.312: [ParNew: 9602K->860K(9792K), 0.0031804 secs] 81801K->73369K(131292K), 0.0032470 secs] [Times: user=0.01 sys=0.00, real=0.00 secs] 
Heap after GC invocations=2113 (full 166):
 par new generation   total 9792K, used 860K [0x00000000e1000000, 0x00000000e1aa0000, 0x00000000eb4a0000)
  eden space 8704K,   0% used [0x00000000e1000000, 0x00000000e1000000, 0x00000000e1880000)
  from space 1088K,  79% used [0x00000000e1990000, 0x00000000e1a67160, 0x00000000e1aa0000)
  to   space 1088K,   0% used [0x00000000e1880000, 0x00000000e1880000, 0x00000000e1990000)
 concurrent mark-sweep generation total 121500K, used 72508K [0x00000000eb4a0000, 0x00000000f2b47000, 0x0000000100000000)
 Metaspace       used 88885K, capacity 93314K, committed 93568K, reserved 1130496K
  class space    used 10719K, capacity 11529K, committed 11648K, reserved 1048576K
}
2019-06-24T19:20:16.361+0000: 299155.373: Application time: 90.0577096 seconds
2019-06-24T19:25:56.593+0000: 299495.605: Application time: 340.2318719 seconds
{Heap before GC invocations=2113 (full 166):
 par new generation   total 9792K, used 9564K [0x00000000e1000000, 0x00000000e1aa0000, 0x00000000eb4a0000)
  eden space 8704K, 100% used [0x00000000e1000000, 0x00000000e1880000, 0x00000000e1880000)
  from space 1088K,  79% used [0x00000000e1990000, 0x00000000e1a67160, 0x00000000e1aa0000)
  to   space 1088K,   0% used [0x00000000e1880000, 0x00000000e1880000, 0x00000000e1990000)
 concurrent mark-sweep generation total 121500K, used 72508K [0x00000000eb4a0000, 0x00000000f2b47000, 0x0000000100000000)
 Metaspace       used 88885K, capacity 93314K, committed 93568K, reserved 1130496K
  class space    used 10719K, capacity 11529K, committed 11648K, reserved 1048576K
2019-06-24T19:25:56.593+0000: 299495.606: [GC (Allocation Failure) 2019-06-24T19:25:56.593+0000: 299495.606: [ParNew: 9564K->531K(9792K), 0.0030310 secs] 82073K->73311K(131292K), 0.0030892 secs] [Times: user=0.00 sys=0.00, real=0.00 secs] 
Heap after GC invocations=2114 (full 166):
 par new generation   total 9792K, used 531K [0x00000000e1000000, 0x00000000e1aa0000, 0x00000000eb4a0000)
  eden space 8704K,   0% used [0x00000000e1000000, 0x00000000e1000000, 0x00000000e1880000)
  from space 1088K,  48% used [0x00000000e1880000, 0x00000000e1904d50, 0x00000000e1990000)
  to   space 1088K,   0% used [0x00000000e1990000, 0x00000000e1990000, 0x00000000e1aa0000)
 concurrent mark-sweep generation total 121500K, used 72780K [0x00000000eb4a0000, 0x00000000f2b47000, 0x0000000100000000)
 Metaspace       used 88885K, capacity 93314K, committed 93568K, reserved 1130496K
  class space    used 10719K, capacity 11529K, committed 11648K, reserved 1048576K
}
2019-06-24T19:33:16.895+0000: 299935.908: Application time: 440.2987541 seconds
{Heap before GC invocations=2114 (full 166):
 par new generation   total 9792K, used 9235K [0x00000000e1000000, 0x00000000e1aa0000, 0x00000000eb4a0000)
  eden space 8704K, 100% used [0x00000000e1000000, 0x00000000e1880000, 0x00000000e1880000)
  from space 1088K,  48% used [0x00000000e1880000, 0x00000000e1904d50, 0x00000000e1990000)
  to   space 1088K,   0% used [0x00000000e1990000, 0x00000000e1990000, 0x00000000e1aa0000)
 concurrent mark-sweep generation total 121500K, used 72780K [0x00000000eb4a0000, 0x00000000f2b47000, 0x0000000100000000)
 Metaspace       used 88885K, capacity 93314K, committed 93568K, reserved 1130496K
  class space    used 10719K, capacity 11529K, committed 11648K, reserved 1048576K
2019-06-24T19:33:16.896+0000: 299935.908: [GC (Allocation Failure) 2019-06-24T19:33:16.896+0000: 299935.908: [ParNew: 9235K->705K(9792K), 0.0029085 secs] 82015K->73486K(131292K), 0.0029713 secs] [Times: user=0.00 sys=0.00, real=0.01 secs] 
Heap after GC invocations=2115 (full 166):
 par new generation   total 9792K, used 705K [0x00000000e1000000, 0x00000000e1aa0000, 0x00000000eb4a0000)
  eden space 8704K,   0% used [0x00000000e1000000, 0x00000000e1000000, 0x00000000e1880000)
  from space 1088K,  64% used [0x00000000e1990000, 0x00000000e1a40658, 0x00000000e1aa0000)
  to   space 1088K,   0% used [0x00000000e1880000, 0x00000000e1880000, 0x00000000e1990000)
 concurrent mark-sweep generation total 121500K, used 72780K [0x00000000eb4a0000, 0x00000000f2b47000, 0x0000000100000000)
 Metaspace       used 88885K, capacity 93314K, committed 93568K, reserved 1130496K
  class space    used 10719K, capacity 11529K, committed 11648K, reserved 1048576K
}
2019-06-24T19:34:55.423+0000: 300034.435: Application time: 98.5239552 seconds
2019-06-24T19:34:55.455+0000: 300034.467: Application time: 0.0319515 seconds
2019-06-24T19:34:56.970+0000: 300035.982: Application time: 1.5151212 seconds
2019-06-24T19:34:56.971+0000: 300035.983: Application time: 0.0000906 seconds
2019-06-24T19:34:56.971+0000: 300035.984: Application time: 0.0000862 seconds
2019-06-24T19:34:56.971+0000: 300035.984: Application time: 0.0000755 seconds
2019-06-24T19:34:56.972+0000: 300035.984: Application time: 0.0000915 seconds
2019-06-24T19:34:56.972+0000: 300035.984: Application time: 0.0000776 seconds
2019-06-24T19:34:56.973+0000: 300035.985: Application time: 0.0000821 seconds
2019-06-24T19:34:56.973+0000: 300035.985: Application time: 0.0001901 seconds
2019-06-24T19:34:56.973+0000: 300035.986: Application time: 0.0000671 seconds
2019-06-24T19:35:06.980+0000: 300045.992: Application time: 10.0063363 seconds
2019-06-24T19:35:06.980+0000: 300045.992: Application time: 0.0000666 seconds
2019-06-24T19:35:06.980+0000: 300045.993: Application time: 0.0000586 seconds
2019-06-24T19:35:06.980+0000: 300045.993: Application time: 0.0000636 seconds
2019-06-24T19:35:06.981+0000: 300045.993: Application time: 0.0000589 seconds
2019-06-24T19:35:06.981+0000: 300045.993: Application time: 0.0000627 seconds
2019-06-24T19:35:06.982+0000: 300045.995: Application time: 0.0013827 seconds
2019-06-24T19:36:57.058+0000: 300156.071: Application time: 110.0758633 seconds
2019-06-24T19:37:05.838+0000: 300164.851: Application time: 8.7795801 seconds
{Heap before GC invocations=2115 (full 166):
 par new generation   total 9792K, used 9409K [0x00000000e1000000, 0x00000000e1aa0000, 0x00000000eb4a0000)
  eden space 8704K, 100% used [0x00000000e1000000, 0x00000000e1880000, 0x00000000e1880000)
  from space 1088K,  64% used [0x00000000e1990000, 0x00000000e1a40658, 0x00000000e1aa0000)
  to   space 1088K,   0% used [0x00000000e1880000, 0x00000000e1880000, 0x00000000e1990000)
 concurrent mark-sweep generation total 121500K, used 72780K [0x00000000eb4a0000, 0x00000000f2b47000, 0x0000000100000000)
 Metaspace       used 88885K, capacity 93314K, committed 93568K, reserved 1130496K
  class space    used 10719K, capacity 11529K, committed 11648K, reserved 1048576K
2019-06-24T19:37:05.839+0000: 300164.851: [GC (Allocation Failure) 2019-06-24T19:37:05.839+0000: 300164.851: [ParNew: 9409K->622K(9792K), 0.0043888 secs] 82190K->73632K(131292K), 0.0044885 secs] [Times: user=0.00 sys=0.01, real=0.00 secs] 
Heap after GC invocations=2116 (full 166):
 par new generation   total 9792K, used 622K [0x00000000e1000000, 0x00000000e1aa0000, 0x00000000eb4a0000)
  eden space 8704K,   0% used [0x00000000e1000000, 0x00000000e1000000, 0x00000000e1880000)
  from space 1088K,  57% used [0x00000000e1880000, 0x00000000e191b9b8, 0x00000000e1990000)
  to   space 1088K,   0% used [0x00000000e1990000, 0x00000000e1990000, 0x00000000e1aa0000)
 concurrent mark-sweep generation total 121500K, used 73010K [0x00000000eb4a0000, 0x00000000f2b47000, 0x0000000100000000)
 Metaspace       used 88885K, capacity 93314K, committed 93568K, reserved 1130496K
  class space    used 10719K, capacity 11529K, committed 11648K, reserved 1048576K
}
2019-06-24T19:37:05.843+0000: 300164.856: Application time: 0.0001047 seconds
2019-06-24T19:37:05.844+0000: 300164.856: [GC (CMS Initial Mark) [1 CMS-initial-mark: 73010K(121500K)] 73634K(131292K), 0.0032883 secs] [Times: user=0.01 sys=0.00, real=0.00 secs] 
2019-06-24T19:37:05.847+0000: 300164.859: [CMS-concurrent-mark-start]
2019-06-24T19:37:05.971+0000: 300164.983: [CMS-concurrent-mark: 0.124/0.124 secs] [Times: user=0.12 sys=0.00, real=0.13 secs] 
2019-06-24T19:37:05.971+0000: 300164.983: [CMS-concurrent-preclean-start]
2019-06-24T19:37:05.972+0000: 300164.985: [CMS-concurrent-preclean: 0.001/0.001 secs] [Times: user=0.00 sys=0.00, real=0.00 secs] 
2019-06-24T19:37:05.973+0000: 300164.985: Application time: 0.1254358 seconds
2019-06-24T19:37:05.973+0000: 300164.985: [GC (CMS Final Remark) [YG occupancy: 739 K (9792 K)]2019-06-24T19:37:05.973+0000: 300164.985: [Rescan (parallel) , 0.0046014 secs]2019-06-24T19:37:05.977+0000: 300164.990: [weak refs processing, 0.0025625 secs]2019-06-24T19:37:05.980+0000: 300164.992: [class unloading, 0.0356551 secs]2019-06-24T19:37:06.016+0000: 300165.028: [scrub symbol table, 0.0206486 secs]2019-06-24T19:37:06.036+0000: 300165.049: [scrub string table, 0.0015165 secs][1 CMS-remark: 73010K(121500K)] 73750K(131292K), 0.0788222 secs] [Times: user=0.08 sys=0.00, real=0.08 secs] 
2019-06-24T19:37:06.052+0000: 300165.064: [CMS-concurrent-sweep-start]
2019-06-24T19:37:06.052+0000: 300165.064: Application time: 0.0003231 seconds
2019-06-24T19:37:06.084+0000: 300165.097: [CMS-concurrent-sweep: 0.032/0.033 secs] [Times: user=0.04 sys=0.00, real=0.03 secs] 
2019-06-24T19:37:06.085+0000: 300165.097: [CMS-concurrent-reset-start]
2019-06-24T19:37:06.085+0000: 300165.097: [CMS-concurrent-reset: 0.001/0.001 secs] [Times: user=0.00 sys=0.00, real=0.00 secs] 
2019-06-24T19:37:07.052+0000: 300166.065: Application time: 1.0002276 seconds
2019-06-24T19:37:07.070+0000: 300166.083: Application time: 0.0177029 seconds
2019-06-24T19:37:07.071+0000: 300166.083: Application time: 0.0001762 seconds
2019-06-24T19:37:07.071+0000: 300166.083: Application time: 0.0002495 seconds
2019-06-24T19:37:07.071+0000: 300166.084: Application time: 0.0001546 seconds
2019-06-24T19:37:07.463+0000: 300166.475: Application time: 0.3916549 seconds
2019-06-24T19:37:07.464+0000: 300166.476: Application time: 0.0001672 seconds
2019-06-24T19:37:07.464+0000: 300166.476: Application time: 0.0001310 seconds
2019-06-24T19:37:07.465+0000: 300166.477: Application time: 0.0001244 seconds
2019-06-24T19:37:07.465+0000: 300166.477: Application time: 0.0001349 seconds
2019-06-24T19:37:07.468+0000: 300166.480: Application time: 0.0028266 seconds
2019-06-24T19:37:08.469+0000: 300167.481: Application time: 1.0002268 seconds
2019-06-24T19:37:09.469+0000: 300168.481: Application time: 1.0002540 seconds
2019-06-24T19:37:10.798+0000: 300169.810: Application time: 1.3287694 seconds
2019-06-24T19:37:10.853+0000: 300169.865: Application time: 0.0546268 seconds
2019-06-24T19:37:17.080+0000: 300176.092: Application time: 6.2264434 seconds
2019-06-24T19:37:31.082+0000: 300190.094: Application time: 14.0021428 seconds
2019-06-24T19:37:58.087+0000: 300217.099: Application time: 27.0048976 seconds
2019-06-24T19:38:31.092+0000: 300250.105: Application time: 33.0049482 seconds
2019-06-24T19:38:34.695+0000: 300253.708: Application time: 3.6027822 seconds
2019-06-24T19:38:35.696+0000: 300254.708: Application time: 1.0002345 seconds
2019-06-24T19:38:39.696+0000: 300258.709: Application time: 4.0000468 seconds
2019-06-24T19:38:39.728+0000: 300258.740: Application time: 0.0316919 seconds
2019-06-24T19:38:57.153+0000: 300276.165: Application time: 17.4241984 seconds
2019-06-24T19:38:57.153+0000: 300276.166: Application time: 0.0001856 seconds
2019-06-24T19:38:57.155+0000: 300276.167: Application time: 0.0003545 seconds
2019-06-24T19:38:57.155+0000: 300276.167: Application time: 0.0003002 seconds
2019-06-24T19:38:59.386+0000: 300278.398: Application time: 2.2301003 seconds
2019-06-24T19:38:59.419+0000: 300278.431: Application time: 0.0330206 seconds
2019-06-24T19:39:07.167+0000: 300286.179: Application time: 7.7478880 seconds
2019-06-24T19:39:07.167+0000: 300286.179: Application time: 0.0000701 seconds
2019-06-24T19:39:07.167+0000: 300286.180: Application time: 0.0000607 seconds
2019-06-24T19:39:07.168+0000: 300286.180: Application time: 0.0000864 seconds
2019-06-24T19:39:07.168+0000: 300286.180: Application time: 0.0000776 seconds
2019-06-24T19:39:07.168+0000: 300286.180: Application time: 0.0000571 seconds
2019-06-24T19:39:07.168+0000: 300286.181: Application time: 0.0001237 seconds
2019-06-24T19:39:07.170+0000: 300286.182: Application time: 0.0015324 seconds
2019-06-24T19:39:08.170+0000: 300287.183: Application time: 1.0001590 seconds
2019-06-24T19:40:07.364+0000: 300346.376: Application time: 59.1930483 seconds
{Heap before GC invocations=2116 (full 167):
 par new generation   total 9792K, used 9325K [0x00000000e1000000, 0x00000000e1aa0000, 0x00000000eb4a0000)
  eden space 8704K,  99% used [0x00000000e1000000, 0x00000000e187fb50, 0x00000000e1880000)
  from space 1088K,  57% used [0x00000000e1880000, 0x00000000e191b9b8, 0x00000000e1990000)
  to   space 1088K,   0% used [0x00000000e1990000, 0x00000000e1990000, 0x00000000e1aa0000)
 concurrent mark-sweep generation total 121500K, used 69199K [0x00000000eb4a0000, 0x00000000f2b47000, 0x0000000100000000)
 Metaspace       used 88833K, capacity 93230K, committed 93568K, reserved 1130496K
  class space    used 10712K, capacity 11515K, committed 11648K, reserved 1048576K
2019-06-24T19:40:07.364+0000: 300346.376: [GC (Allocation Failure) 2019-06-24T19:40:07.364+0000: 300346.376: [ParNew: 9325K->1088K(9792K), 0.0141719 secs] 78524K->70387K(131292K), 0.0143011 secs] [Times: user=0.03 sys=0.00, real=0.02 secs] 
Heap after GC invocations=2117 (full 167):
 par new generation   total 9792K, used 1088K [0x00000000e1000000, 0x00000000e1aa0000, 0x00000000eb4a0000)
  eden space 8704K,   0% used [0x00000000e1000000, 0x00000000e1000000, 0x00000000e1880000)
  from space 1088K, 100% used [0x00000000e1990000, 0x00000000e1aa0000, 0x00000000e1aa0000)
  to   space 1088K,   0% used [0x00000000e1880000, 0x00000000e1880000, 0x00000000e1990000)
 concurrent mark-sweep generation total 121500K, used 69299K [0x00000000eb4a0000, 0x00000000f2b47000, 0x0000000100000000)
 Metaspace       used 88833K, capacity 93230K, committed 93568K, reserved 1130496K
  class space    used 10712K, capacity 11515K, committed 11648K, reserved 1048576K
}
2019-06-24T19:40:07.479+0000: 300346.492: Application time: 0.1009233 seconds
2019-06-24T19:40:07.480+0000: 300346.492: Application time: 0.0002512 seconds
2019-06-24T19:40:07.480+0000: 300346.493: Application time: 0.0002031 seconds
2019-06-24T19:40:12.359+0000: 300351.371: Application time: 4.8786288 seconds
2019-06-24T19:40:12.408+0000: 300351.421: Application time: 0.0490351 seconds
2019-06-24T19:40:17.215+0000: 300356.227: Application time: 4.8060262 seconds
2019-06-24T19:40:17.215+0000: 300356.227: Application time: 0.0000887 seconds
2019-06-24T19:40:17.215+0000: 300356.227: Application time: 0.0000766 seconds
2019-06-24T19:40:17.215+0000: 300356.228: Application time: 0.0000817 seconds
2019-06-24T19:40:17.216+0000: 300356.228: Application time: 0.0000747 seconds
2019-06-24T19:40:17.216+0000: 300356.228: Application time: 0.0000739 seconds
2019-06-24T19:40:17.216+0000: 300356.228: Application time: 0.0000959 seconds
2019-06-24T19:40:17.218+0000: 300356.230: Application time: 0.0016123 seconds
2019-06-24T19:40:37.230+0000: 300376.242: Application time: 20.0120598 seconds
2019-06-24T19:40:37.231+0000: 300376.243: Application time: 0.0001835 seconds
2019-06-24T19:40:37.231+0000: 300376.243: Application time: 0.0001236 seconds
2019-06-24T19:40:38.169+0000: 300377.181: Application time: 0.9381626 seconds
2019-06-24T19:40:38.194+0000: 300377.206: Application time: 0.0245107 seconds
2019-06-24T19:40:47.237+0000: 300386.249: Application time: 9.0427547 seconds
2019-06-24T19:40:47.237+0000: 300386.249: Application time: 0.0000730 seconds
2019-06-24T19:40:47.237+0000: 300386.250: Application time: 0.0000543 seconds
2019-06-24T19:40:47.237+0000: 300386.250: Application time: 0.0000583 seconds
2019-06-24T19:40:47.238+0000: 300386.250: Application time: 0.0000538 seconds
2019-06-24T19:40:47.238+0000: 300386.250: Application time: 0.0000528 seconds
2019-06-24T19:40:47.238+0000: 300386.250: Application time: 0.0000601 seconds
2019-06-24T19:40:47.239+0000: 300386.252: Application time: 0.0014918 seconds
2019-06-24T19:41:26.846+0000: 300425.858: Application time: 39.6064097 seconds
2019-06-24T19:41:26.872+0000: 300425.885: Application time: 0.0261899 seconds
2019-06-24T19:41:27.264+0000: 300426.277: Application time: 0.3917333 seconds
2019-06-24T19:41:27.265+0000: 300426.277: Application time: 0.0003203 seconds
2019-06-24T19:41:27.265+0000: 300426.278: Application time: 0.0002029 seconds
2019-06-24T19:41:37.271+0000: 300436.283: Application time: 10.0054868 seconds
2019-06-24T19:41:37.271+0000: 300436.284: Application time: 0.0000661 seconds
2019-06-24T19:41:37.271+0000: 300436.284: Application time: 0.0000545 seconds
2019-06-24T19:41:37.272+0000: 300436.284: Application time: 0.0000629 seconds
2019-06-24T19:41:37.272+0000: 300436.284: Application time: 0.0000579 seconds
2019-06-24T19:41:37.272+0000: 300436.284: Application time: 0.0000732 seconds
2019-06-24T19:41:37.272+0000: 300436.284: Application time: 0.0000617 seconds
2019-06-24T19:41:37.274+0000: 300436.286: Application time: 0.0016779 seconds
2019-06-24T19:42:17.304+0000: 300476.316: Application time: 40.0294429 seconds
{Heap before GC invocations=2117 (full 167):
 par new generation   total 9792K, used 9792K [0x00000000e1000000, 0x00000000e1aa0000, 0x00000000eb4a0000)
  eden space 8704K, 100% used [0x00000000e1000000, 0x00000000e1880000, 0x00000000e1880000)
  from space 1088K, 100% used [0x00000000e1990000, 0x00000000e1aa0000, 0x00000000e1aa0000)
  to   space 1088K,   0% used [0x00000000e1880000, 0x00000000e1880000, 0x00000000e1990000)
 concurrent mark-sweep generation total 121500K, used 69299K [0x00000000eb4a0000, 0x00000000f2b47000, 0x0000000100000000)
 Metaspace       used 88833K, capacity 93230K, committed 93568K, reserved 1130496K
  class space    used 10712K, capacity 11515K, committed 11648K, reserved 1048576K
2019-06-24T19:42:17.304+0000: 300476.316: [GC (Allocation Failure) 2019-06-24T19:42:17.304+0000: 300476.316: [ParNew: 9792K->789K(9792K), 0.0131455 secs] 79091K->70437K(131292K), 0.0132161 secs] [Times: user=0.02 sys=0.01, real=0.01 secs] 
Heap after GC invocations=2118 (full 167):
 par new generation   total 9792K, used 789K [0x00000000e1000000, 0x00000000e1aa0000, 0x00000000eb4a0000)
  eden space 8704K,   0% used [0x00000000e1000000, 0x00000000e1000000, 0x00000000e1880000)
  from space 1088K,  72% used [0x00000000e1880000, 0x00000000e1945420, 0x00000000e1990000)
  to   space 1088K,   0% used [0x00000000e1990000, 0x00000000e1990000, 0x00000000e1aa0000)
 concurrent mark-sweep generation total 121500K, used 69648K [0x00000000eb4a0000, 0x00000000f2b47000, 0x0000000100000000)
 Metaspace       used 88833K, capacity 93230K, committed 93568K, reserved 1130496K
  class space    used 10712K, capacity 11515K, committed 11648K, reserved 1048576K
}
2019-06-24T19:42:18.276+0000: 300477.288: Application time: 0.9586323 seconds
2019-06-24T19:42:18.276+0000: 300477.289: Application time: 0.0001767 seconds
2019-06-24T19:42:18.276+0000: 300477.289: Application time: 0.0000646 seconds
2019-06-24T19:42:22.869+0000: 300481.882: Application time: 4.5927125 seconds
2019-06-24T19:42:22.900+0000: 300481.912: Application time: 0.0303448 seconds
2019-06-24T19:42:27.321+0000: 300486.333: Application time: 4.4209768 seconds
2019-06-24T19:42:27.322+0000: 300486.334: Application time: 0.0001507 seconds
2019-06-24T19:42:27.322+0000: 300486.334: Application time: 0.0001323 seconds
2019-06-24T19:42:27.322+0000: 300486.335: Application time: 0.0001370 seconds
2019-06-24T19:42:27.323+0000: 300486.335: Application time: 0.0001294 seconds
2019-06-24T19:42:27.323+0000: 300486.336: Application time: 0.0001285 seconds
2019-06-24T19:42:27.324+0000: 300486.336: Application time: 0.0001360 seconds
2019-06-24T19:42:27.327+0000: 300486.339: Application time: 0.0030589 seconds
2019-06-24T19:43:08.576+0000: 300527.588: Application time: 41.2486719 seconds
2019-06-24T19:44:42.559+0000: 300621.571: Application time: 93.9824857 seconds
2019-06-24T19:44:42.592+0000: 300621.604: Application time: 0.0328432 seconds
2019-06-24T19:44:47.420+0000: 300626.432: Application time: 4.8280645 seconds
2019-06-24T19:44:47.421+0000: 300626.433: Application time: 0.0003669 seconds
2019-06-24T19:44:47.421+0000: 300626.434: Application time: 0.0002978 seconds
2019-06-24T19:44:48.301+0000: 300627.314: Application time: 0.8794961 seconds
2019-06-24T19:44:48.302+0000: 300627.314: Application time: 0.0003006 seconds
2019-06-24T19:44:48.302+0000: 300627.315: Application time: 0.0002970 seconds
2019-06-24T19:44:48.303+0000: 300627.315: Application time: 0.0003386 seconds
2019-06-24T19:44:48.304+0000: 300627.316: Application time: 0.0002853 seconds
2019-06-24T19:44:48.304+0000: 300627.316: Application time: 0.0003185 seconds
2019-06-24T19:44:48.305+0000: 300627.317: Application time: 0.0002947 seconds
2019-06-24T19:44:48.308+0000: 300627.320: Application time: 0.0026426 seconds
2019-06-24T19:46:06.163+0000: 300705.175: Application time: 77.8550697 seconds
{Heap before GC invocations=2118 (full 167):
 par new generation   total 9792K, used 9492K [0x00000000e1000000, 0x00000000e1aa0000, 0x00000000eb4a0000)
  eden space 8704K,  99% used [0x00000000e1000000, 0x00000000e187fe10, 0x00000000e1880000)
  from space 1088K,  72% used [0x00000000e1880000, 0x00000000e1945420, 0x00000000e1990000)
  to   space 1088K,   0% used [0x00000000e1990000, 0x00000000e1990000, 0x00000000e1aa0000)
 concurrent mark-sweep generation total 121500K, used 69648K [0x00000000eb4a0000, 0x00000000f2b47000, 0x0000000100000000)
 Metaspace       used 88837K, capacity 93236K, committed 93568K, reserved 1130496K
  class space    used 10712K, capacity 11516K, committed 11648K, reserved 1048576K
2019-06-24T19:46:06.163+0000: 300705.176: [GC (Allocation Failure) 2019-06-24T19:46:06.163+0000: 300705.176: [ParNew: 9492K->1088K(9792K), 0.0060560 secs] 79141K->71137K(131292K), 0.0061409 secs] [Times: user=0.01 sys=0.00, real=0.01 secs] 
Heap after GC invocations=2119 (full 167):
 par new generation   total 9792K, used 1088K [0x00000000e1000000, 0x00000000e1aa0000, 0x00000000eb4a0000)
  eden space 8704K,   0% used [0x00000000e1000000, 0x00000000e1000000, 0x00000000e1880000)
  from space 1088K, 100% used [0x00000000e1990000, 0x00000000e1aa0000, 0x00000000e1aa0000)
  to   space 1088K,   0% used [0x00000000e1880000, 0x00000000e1880000, 0x00000000e1990000)
 concurrent mark-sweep generation total 121500K, used 70049K [0x00000000eb4a0000, 0x00000000f2b47000, 0x0000000100000000)
 Metaspace       used 88837K, capacity 93236K, committed 93568K, reserved 1130496K
  class space    used 10712K, capacity 11516K, committed 11648K, reserved 1048576K
}
2019-06-24T19:46:07.470+0000: 300706.483: Application time: 1.3009507 seconds
2019-06-24T19:46:07.471+0000: 300706.483: Application time: 0.0000895 seconds
2019-06-24T19:46:07.471+0000: 300706.484: Application time: 0.0001466 seconds
2019-06-24T19:46:07.472+0000: 300706.484: Application time: 0.0000929 seconds
2019-06-24T19:46:07.497+0000: 300706.509: Application time: 0.0247523 seconds
2019-06-24T19:46:07.497+0000: 300706.509: Application time: 0.0000741 seconds
2019-06-24T19:46:07.497+0000: 300706.510: Application time: 0.0002699 seconds
2019-06-24T19:46:07.498+0000: 300706.510: Application time: 0.0003203 seconds
2019-06-24T19:46:07.498+0000: 300706.510: Application time: 0.0000785 seconds
2019-06-24T19:46:07.498+0000: 300706.511: Application time: 0.0001179 seconds
2019-06-24T19:46:07.499+0000: 300706.511: Application time: 0.0001171 seconds
2019-06-24T19:46:07.499+0000: 300706.511: Application time: 0.0003094 seconds
2019-06-24T19:46:07.500+0000: 300706.512: Application time: 0.0009533 seconds
2019-06-24T19:46:11.163+0000: 300710.175: Application time: 3.6628468 seconds
2019-06-24T19:46:11.202+0000: 300710.215: Application time: 0.0392867 seconds
2019-06-24T19:46:17.478+0000: 300716.490: Application time: 6.2749855 seconds
2019-06-24T19:51:37.695+0000: 301036.707: Application time: 320.2173064 seconds
{Heap before GC invocations=2119 (full 167):
 par new generation   total 9792K, used 9792K [0x00000000e1000000, 0x00000000e1aa0000, 0x00000000eb4a0000)
  eden space 8704K, 100% used [0x00000000e1000000, 0x00000000e1880000, 0x00000000e1880000)
  from space 1088K, 100% used [0x00000000e1990000, 0x00000000e1aa0000, 0x00000000e1aa0000)
  to   space 1088K,   0% used [0x00000000e1880000, 0x00000000e1880000, 0x00000000e1990000)
 concurrent mark-sweep generation total 121500K, used 70049K [0x00000000eb4a0000, 0x00000000f2b47000, 0x0000000100000000)
 Metaspace       used 88844K, capacity 93248K, committed 93568K, reserved 1130496K
  class space    used 10713K, capacity 11518K, committed 11648K, reserved 1048576K
2019-06-24T19:51:37.695+0000: 301036.708: [GC (Allocation Failure) 2019-06-24T19:51:37.695+0000: 301036.708: [ParNew: 9792K->747K(9792K), 0.0081214 secs] 79841K->71106K(131292K), 0.0082016 secs] [Times: user=0.02 sys=0.00, real=0.01 secs] 
Heap after GC invocations=2120 (full 167):
 par new generation   total 9792K, used 747K [0x00000000e1000000, 0x00000000e1aa0000, 0x00000000eb4a0000)
  eden space 8704K,   0% used [0x00000000e1000000, 0x00000000e1000000, 0x00000000e1880000)
  from space 1088K,  68% used [0x00000000e1880000, 0x00000000e193af08, 0x00000000e1990000)
  to   space 1088K,   0% used [0x00000000e1990000, 0x00000000e1990000, 0x00000000e1aa0000)
 concurrent mark-sweep generation total 121500K, used 70358K [0x00000000eb4a0000, 0x00000000f2b47000, 0x0000000100000000)
 Metaspace       used 88844K, capacity 93248K, committed 93568K, reserved 1130496K
  class space    used 10713K, capacity 11518K, committed 11648K, reserved 1048576K
}
2019-06-24T19:51:38.704+0000: 301037.716: Application time: 1.0001605 seconds
2019-06-24T19:53:19.718+0000: 301138.731: Application time: 101.0143179 seconds
2019-06-24T19:53:37.773+0000: 301156.786: Application time: 18.0547629 seconds
2019-06-24T19:58:38.597+0000: 301457.610: Application time: 300.8240297 seconds
2019-06-24T19:58:38.598+0000: 301457.610: Application time: 0.0001171 seconds
2019-06-24T19:58:38.598+0000: 301457.610: Application time: 0.0001153 seconds
2019-06-24T19:58:38.598+0000: 301457.611: Application time: 0.0000890 seconds
2019-06-24T19:58:38.599+0000: 301457.611: Application time: 0.0000855 seconds
2019-06-24T19:58:38.599+0000: 301457.611: Application time: 0.0000935 seconds
2019-06-24T19:58:38.599+0000: 301457.611: Application time: 0.0000862 seconds
2019-06-24T19:58:38.599+0000: 301457.612: Application time: 0.0000858 seconds
2019-06-24T19:58:38.600+0000: 301457.612: Application time: 0.0000864 seconds
2019-06-24T19:58:38.600+0000: 301457.612: Application time: 0.0001083 seconds
2019-06-24T19:58:47.973+0000: 301466.985: Application time: 9.3728939 seconds
{Heap before GC invocations=2120 (full 167):
 par new generation   total 9792K, used 9451K [0x00000000e1000000, 0x00000000e1aa0000, 0x00000000eb4a0000)
  eden space 8704K, 100% used [0x00000000e1000000, 0x00000000e1880000, 0x00000000e1880000)
  from space 1088K,  68% used [0x00000000e1880000, 0x00000000e193af08, 0x00000000e1990000)
  to   space 1088K,   0% used [0x00000000e1990000, 0x00000000e1990000, 0x00000000e1aa0000)
 concurrent mark-sweep generation total 121500K, used 70358K [0x00000000eb4a0000, 0x00000000f2b47000, 0x0000000100000000)
 Metaspace       used 88846K, capacity 93254K, committed 93568K, reserved 1130496K
  class space    used 10714K, capacity 11519K, committed 11648K, reserved 1048576K
2019-06-24T19:58:47.973+0000: 301466.986: [GC (Allocation Failure) 2019-06-24T19:58:47.973+0000: 301466.986: [ParNew: 9451K->799K(9792K), 0.0035238 secs] 79810K->71158K(131292K), 0.0035803 secs] [Times: user=0.00 sys=0.00, real=0.00 secs] 
Heap after GC invocations=2121 (full 167):
 par new generation   total 9792K, used 799K [0x00000000e1000000, 0x00000000e1aa0000, 0x00000000eb4a0000)
  eden space 8704K,   0% used [0x00000000e1000000, 0x00000000e1000000, 0x00000000e1880000)
  from space 1088K,  73% used [0x00000000e1990000, 0x00000000e1a57d48, 0x00000000e1aa0000)
  to   space 1088K,   0% used [0x00000000e1880000, 0x00000000e1880000, 0x00000000e1990000)
 concurrent mark-sweep generation total 121500K, used 70358K [0x00000000eb4a0000, 0x00000000f2b47000, 0x0000000100000000)
 Metaspace       used 88846K, capacity 93254K, committed 93568K, reserved 1130496K
  class space    used 10714K, capacity 11519K, committed 11648K, reserved 1048576K
}
2019-06-24T20:04:09.030+0000: 301788.042: Application time: 321.0525605 seconds
2019-06-24T20:04:13.487+0000: 301792.500: Application time: 4.4575953 seconds
2019-06-24T20:04:13.514+0000: 301792.526: Application time: 0.0260006 seconds
2019-06-24T20:04:18.199+0000: 301797.211: Application time: 4.6845397 seconds
2019-06-24T20:04:18.199+0000: 301797.212: Application time: 0.0001488 seconds
2019-06-24T20:04:18.200+0000: 301797.212: Application time: 0.0001681 seconds
2019-06-24T20:04:18.200+0000: 301797.213: Application time: 0.0001385 seconds
2019-06-24T20:04:18.201+0000: 301797.213: Application time: 0.0000924 seconds
2019-06-24T20:04:18.201+0000: 301797.213: Application time: 0.0001372 seconds
2019-06-24T20:04:18.204+0000: 301797.217: Application time: 0.0029047 seconds
{Heap before GC invocations=2121 (full 167):
 par new generation   total 9792K, used 9503K [0x00000000e1000000, 0x00000000e1aa0000, 0x00000000eb4a0000)
  eden space 8704K, 100% used [0x00000000e1000000, 0x00000000e1880000, 0x00000000e1880000)
  from space 1088K,  73% used [0x00000000e1990000, 0x00000000e1a57d48, 0x00000000e1aa0000)
  to   space 1088K,   0% used [0x00000000e1880000, 0x00000000e1880000, 0x00000000e1990000)
 concurrent mark-sweep generation total 121500K, used 70358K [0x00000000eb4a0000, 0x00000000f2b47000, 0x0000000100000000)
 Metaspace       used 88847K, capacity 93254K, committed 93568K, reserved 1130496K
  class space    used 10714K, capacity 11519K, committed 11648K, reserved 1048576K
2019-06-24T20:04:18.205+0000: 301797.217: [GC (Allocation Failure) 2019-06-24T20:04:18.205+0000: 301797.217: [ParNew: 9503K->741K(9792K), 0.0129820 secs] 79862K->71357K(131292K), 0.0132109 secs] [Times: user=0.02 sys=0.00, real=0.01 secs] 
Heap after GC invocations=2122 (full 167):
 par new generation   total 9792K, used 741K [0x00000000e1000000, 0x00000000e1aa0000, 0x00000000eb4a0000)
  eden space 8704K,   0% used [0x00000000e1000000, 0x00000000e1000000, 0x00000000e1880000)
  from space 1088K,  68% used [0x00000000e1880000, 0x00000000e1939680, 0x00000000e1990000)
  to   space 1088K,   0% used [0x00000000e1990000, 0x00000000e1990000, 0x00000000e1aa0000)
 concurrent mark-sweep generation total 121500K, used 70615K [0x00000000eb4a0000, 0x00000000f2b47000, 0x0000000100000000)
 Metaspace       used 88847K, capacity 93254K, committed 93568K, reserved 1130496K
  class space    used 10714K, capacity 11519K, committed 11648K, reserved 1048576K
}
2019-06-24T20:04:18.459+0000: 301797.472: Application time: 0.2410670 seconds
2019-06-24T20:04:18.460+0000: 301797.472: Application time: 0.0001927 seconds
2019-06-24T20:04:18.460+0000: 301797.473: Application time: 0.0001515 seconds
2019-06-24T20:04:18.461+0000: 301797.474: Application time: 0.0007410 seconds
2019-06-24T20:04:18.464+0000: 301797.476: Application time: 0.0022152 seconds
2019-06-24T20:06:28.148+0000: 301927.160: Application time: 129.6839956 seconds
2019-06-24T20:06:28.174+0000: 301927.187: Application time: 0.0258546 seconds
2019-06-24T20:06:28.316+0000: 301927.329: Application time: 0.1419582 seconds
2019-06-24T20:06:28.317+0000: 301927.329: Application time: 0.0001633 seconds
2019-06-24T20:06:28.317+0000: 301927.329: Application time: 0.0001526 seconds
2019-06-24T20:06:28.317+0000: 301927.330: Application time: 0.0001661 seconds
2019-06-24T20:06:28.318+0000: 301927.330: Application time: 0.0001609 seconds
2019-06-24T20:06:28.318+0000: 301927.330: Application time: 0.0001846 seconds
2019-06-24T20:06:38.324+0000: 301937.336: Application time: 10.0057931 seconds
2019-06-24T20:06:38.324+0000: 301937.337: Application time: 0.0002036 seconds
2019-06-24T20:06:38.325+0000: 301937.337: Application time: 0.0002372 seconds
2019-06-24T20:06:38.325+0000: 301937.337: Application time: 0.0002306 seconds
2019-06-24T20:06:38.327+0000: 301937.339: Application time: 0.0014725 seconds
2019-06-24T20:08:08.729+0000: 302027.741: Application time: 90.4016238 seconds
2019-06-24T20:08:16.566+0000: 302035.579: Application time: 7.8374498 seconds
{Heap before GC invocations=2122 (full 167):
 par new generation   total 9792K, used 9443K [0x00000000e1000000, 0x00000000e1aa0000, 0x00000000eb4a0000)
  eden space 8704K,  99% used [0x00000000e1000000, 0x00000000e187f838, 0x00000000e1880000)
  from space 1088K,  68% used [0x00000000e1880000, 0x00000000e1939680, 0x00000000e1990000)
  to   space 1088K,   0% used [0x00000000e1990000, 0x00000000e1990000, 0x00000000e1aa0000)
 concurrent mark-sweep generation total 121500K, used 70615K [0x00000000eb4a0000, 0x00000000f2b47000, 0x0000000100000000)
 Metaspace       used 88847K, capacity 93254K, committed 93568K, reserved 1130496K
  class space    used 10714K, capacity 11519K, committed 11648K, reserved 1048576K
2019-06-24T20:08:16.567+0000: 302035.579: [GC (Allocation Failure) 2019-06-24T20:08:16.567+0000: 302035.579: [ParNew: 9443K->966K(9792K), 0.0125801 secs] 80059K->71582K(131292K), 0.0126986 secs] [Times: user=0.00 sys=0.01, real=0.02 secs] 
Heap after GC invocations=2123 (full 167):
 par new generation   total 9792K, used 966K [0x00000000e1000000, 0x00000000e1aa0000, 0x00000000eb4a0000)
  eden space 8704K,   0% used [0x00000000e1000000, 0x00000000e1000000, 0x00000000e1880000)
  from space 1088K,  88% used [0x00000000e1990000, 0x00000000e1a81aa8, 0x00000000e1aa0000)
  to   space 1088K,   0% used [0x00000000e1880000, 0x00000000e1880000, 0x00000000e1990000)
 concurrent mark-sweep generation total 121500K, used 70615K [0x00000000eb4a0000, 0x00000000f2b47000, 0x0000000100000000)
 Metaspace       used 88847K, capacity 93254K, committed 93568K, reserved 1130496K
  class space    used 10714K, capacity 11519K, committed 11648K, reserved 1048576K
}
2019-06-24T20:08:18.402+0000: 302037.414: Application time: 1.8225493 seconds
2019-06-24T20:08:18.402+0000: 302037.415: Application time: 0.0000826 seconds
2019-06-24T20:08:18.403+0000: 302037.415: Application time: 0.0000709 seconds
2019-06-24T20:08:18.403+0000: 302037.415: Application time: 0.0000757 seconds
2019-06-24T20:08:18.403+0000: 302037.415: Application time: 0.0000824 seconds
2019-06-24T20:08:18.403+0000: 302037.416: Application time: 0.0000758 seconds
2019-06-24T20:08:18.497+0000: 302037.509: Application time: 0.0934048 seconds
2019-06-24T20:08:18.497+0000: 302037.510: Application time: 0.0000885 seconds
2019-06-24T20:08:18.497+0000: 302037.510: Application time: 0.0000690 seconds
2019-06-24T20:08:18.498+0000: 302037.510: Application time: 0.0001876 seconds
2019-06-24T20:08:18.499+0000: 302037.511: Application time: 0.0010930 seconds
2019-06-24T20:08:21.548+0000: 302040.560: Application time: 3.0486035 seconds
2019-06-24T20:08:21.601+0000: 302040.613: Application time: 0.0530179 seconds
2019-06-24T20:08:47.996+0000: 302067.008: Application time: 26.3945817 seconds
2019-06-24T20:08:48.020+0000: 302067.032: Application time: 0.0232704 seconds
2019-06-24T20:08:48.422+0000: 302067.434: Application time: 0.4014552 seconds
2019-06-24T20:08:48.422+0000: 302067.434: Application time: 0.0000812 seconds
2019-06-24T20:08:48.422+0000: 302067.435: Application time: 0.0000901 seconds
2019-06-24T20:08:48.423+0000: 302067.435: Application time: 0.0000742 seconds
2019-06-24T20:08:48.423+0000: 302067.435: Application time: 0.0000688 seconds
2019-06-24T20:08:48.423+0000: 302067.435: Application time: 0.0000687 seconds
2019-06-24T20:08:48.423+0000: 302067.435: Application time: 0.0000733 seconds
2019-06-24T20:08:48.502+0000: 302067.514: Application time: 0.0783236 seconds
2019-06-24T20:08:48.502+0000: 302067.514: Application time: 0.0001829 seconds
2019-06-24T20:08:48.502+0000: 302067.515: Application time: 0.0002238 seconds
2019-06-24T20:08:48.503+0000: 302067.516: Application time: 0.0010358 seconds
2019-06-24T20:09:57.384+0000: 302136.397: Application time: 68.8807817 seconds
2019-06-24T20:09:57.422+0000: 302136.435: Application time: 0.0376959 seconds
2019-06-24T20:09:58.467+0000: 302137.480: Application time: 1.0448699 seconds
2019-06-24T20:09:58.468+0000: 302137.480: Application time: 0.0000652 seconds
2019-06-24T20:09:58.468+0000: 302137.480: Application time: 0.0000561 seconds
2019-06-24T20:09:58.468+0000: 302137.481: Application time: 0.0001176 seconds
2019-06-24T20:09:58.468+0000: 302137.481: Application time: 0.0000537 seconds
2019-06-24T20:09:58.469+0000: 302137.481: Application time: 0.0000628 seconds
2019-06-24T20:09:58.469+0000: 302137.481: Application time: 0.0000575 seconds
2019-06-24T20:10:07.578+0000: 302146.591: Application time: 9.1094034 seconds
2019-06-24T20:10:07.579+0000: 302146.591: Application time: 0.0001929 seconds
2019-06-24T20:10:07.579+0000: 302146.591: Application time: 0.0001121 seconds
2019-06-24T20:10:07.580+0000: 302146.593: Application time: 0.0012396 seconds
2019-06-24T20:10:11.436+0000: 302150.449: Application time: 3.8559010 seconds
{Heap before GC invocations=2123 (full 167):
 par new generation   total 9792K, used 9670K [0x00000000e1000000, 0x00000000e1aa0000, 0x00000000eb4a0000)
  eden space 8704K, 100% used [0x00000000e1000000, 0x00000000e1880000, 0x00000000e1880000)
  from space 1088K,  88% used [0x00000000e1990000, 0x00000000e1a81aa8, 0x00000000e1aa0000)
  to   space 1088K,   0% used [0x00000000e1880000, 0x00000000e1880000, 0x00000000e1990000)
 concurrent mark-sweep generation total 121500K, used 70615K [0x00000000eb4a0000, 0x00000000f2b47000, 0x0000000100000000)
 Metaspace       used 88847K, capacity 93254K, committed 93568K, reserved 1130496K
  class space    used 10714K, capacity 11519K, committed 11648K, reserved 1048576K
2019-06-24T20:10:11.437+0000: 302150.449: [GC (Allocation Failure) 2019-06-24T20:10:11.437+0000: 302150.449: [ParNew: 9670K->875K(9792K), 0.0035731 secs] 80286K->71875K(131292K), 0.0036235 secs] [Times: user=0.00 sys=0.00, real=0.01 secs] 
Heap after GC invocations=2124 (full 167):
 par new generation   total 9792K, used 875K [0x00000000e1000000, 0x00000000e1aa0000, 0x00000000eb4a0000)
  eden space 8704K,   0% used [0x00000000e1000000, 0x00000000e1000000, 0x00000000e1880000)
  from space 1088K,  80% used [0x00000000e1880000, 0x00000000e195af88, 0x00000000e1990000)
  to   space 1088K,   0% used [0x00000000e1990000, 0x00000000e1990000, 0x00000000e1aa0000)
 concurrent mark-sweep generation total 121500K, used 71000K [0x00000000eb4a0000, 0x00000000f2b47000, 0x0000000100000000)
 Metaspace       used 88847K, capacity 93254K, committed 93568K, reserved 1130496K
  class space    used 10714K, capacity 11519K, committed 11648K, reserved 1048576K
}
2019-06-24T20:10:16.434+0000: 302155.447: Application time: 4.9940981 seconds
2019-06-24T20:10:16.462+0000: 302155.474: Application time: 0.0275823 seconds
2019-06-24T20:10:18.479+0000: 302157.492: Application time: 2.0170375 seconds
2019-06-24T20:10:18.480+0000: 302157.493: Application time: 0.0006565 seconds
2019-06-24T20:10:18.481+0000: 302157.493: Application time: 0.0001039 seconds
2019-06-24T20:10:18.481+0000: 302157.493: Application time: 0.0000829 seconds
2019-06-24T20:10:18.481+0000: 302157.493: Application time: 0.0000874 seconds
2019-06-24T20:10:18.481+0000: 302157.494: Application time: 0.0000807 seconds
2019-06-24T20:10:18.482+0000: 302157.494: Application time: 0.0000819 seconds
2019-06-24T20:10:18.482+0000: 302157.494: Application time: 0.0000871 seconds
2019-06-24T20:10:18.513+0000: 302157.525: Application time: 0.0309818 seconds
2019-06-24T20:10:18.514+0000: 302157.526: Application time: 0.0001975 seconds
2019-06-24T20:10:18.514+0000: 302157.526: Application time: 0.0004072 seconds
2019-06-24T20:10:18.515+0000: 302157.528: Application time: 0.0011597 seconds
2019-06-24T20:11:04.699+0000: 302203.712: Application time: 46.1838244 seconds
2019-06-24T20:11:04.725+0000: 302203.737: Application time: 0.0248842 seconds
2019-06-24T20:11:07.582+0000: 302206.594: Application time: 2.8570237 seconds
2019-06-24T20:11:07.582+0000: 302206.595: Application time: 0.0001971 seconds
2019-06-24T20:11:07.583+0000: 302206.595: Application time: 0.0001762 seconds
2019-06-24T20:11:07.583+0000: 302206.595: Application time: 0.0001755 seconds
2019-06-24T20:11:07.583+0000: 302206.595: Application time: 0.0001674 seconds
2019-06-24T20:11:07.583+0000: 302206.596: Application time: 0.0001679 seconds
2019-06-24T20:11:07.584+0000: 302206.596: Application time: 0.0001718 seconds
2019-06-24T20:11:08.520+0000: 302207.532: Application time: 0.9358806 seconds
2019-06-24T20:11:08.520+0000: 302207.533: Application time: 0.0002956 seconds
2019-06-24T20:11:08.521+0000: 302207.533: Application time: 0.0002057 seconds
2019-06-24T20:11:08.522+0000: 302207.534: Application time: 0.0012243 seconds
2019-06-24T20:11:18.523+0000: 302217.536: Application time: 10.0009297 seconds
2019-06-24T20:11:58.557+0000: 302257.569: Application time: 40.0329376 seconds
2019-06-24T20:11:58.557+0000: 302257.569: Application time: 0.0000749 seconds
2019-06-24T20:11:58.557+0000: 302257.569: Application time: 0.0000877 seconds
2019-06-24T20:11:58.557+0000: 302257.570: Application time: 0.0000709 seconds
2019-06-24T20:11:58.558+0000: 302257.570: Application time: 0.0000561 seconds
2019-06-24T20:11:58.558+0000: 302257.570: Application time: 0.0000562 seconds
2019-06-24T20:11:58.558+0000: 302257.570: Application time: 0.0000691 seconds
2019-06-24T20:12:01.071+0000: 302260.083: Application time: 2.5124503 seconds
2019-06-24T20:12:01.097+0000: 302260.109: Application time: 0.0262467 seconds
2019-06-24T20:12:07.587+0000: 302266.599: Application time: 6.4896246 seconds
2019-06-24T20:12:07.587+0000: 302266.600: Application time: 0.0002674 seconds
2019-06-24T20:12:07.588+0000: 302266.600: Application time: 0.0001936 seconds
2019-06-24T20:12:07.590+0000: 302266.602: Application time: 0.0016639 seconds
2019-06-24T20:13:38.635+0000: 302357.648: Application time: 91.0455230 seconds
{Heap before GC invocations=2124 (full 167):
 par new generation   total 9792K, used 9579K [0x00000000e1000000, 0x00000000e1aa0000, 0x00000000eb4a0000)
  eden space 8704K, 100% used [0x00000000e1000000, 0x00000000e1880000, 0x00000000e1880000)
  from space 1088K,  80% used [0x00000000e1880000, 0x00000000e195af88, 0x00000000e1990000)
  to   space 1088K,   0% used [0x00000000e1990000, 0x00000000e1990000, 0x00000000e1aa0000)
 concurrent mark-sweep generation total 121500K, used 71000K [0x00000000eb4a0000, 0x00000000f2b47000, 0x0000000100000000)
 Metaspace       used 88884K, capacity 93314K, committed 93568K, reserved 1130496K
  class space    used 10719K, capacity 11529K, committed 11648K, reserved 1048576K
2019-06-24T20:13:38.636+0000: 302357.648: [GC (Allocation Failure) 2019-06-24T20:13:38.636+0000: 302357.648: [ParNew: 9579K->994K(9792K), 0.0066980 secs] 80579K->72266K(131292K), 0.0067614 secs] [Times: user=0.01 sys=0.00, real=0.01 secs] 
Heap after GC invocations=2125 (full 167):
 par new generation   total 9792K, used 994K [0x00000000e1000000, 0x00000000e1aa0000, 0x00000000eb4a0000)
  eden space 8704K,   0% used [0x00000000e1000000, 0x00000000e1000000, 0x00000000e1880000)
  from space 1088K,  91% used [0x00000000e1990000, 0x00000000e1a88870, 0x00000000e1aa0000)
  to   space 1088K,   0% used [0x00000000e1880000, 0x00000000e1880000, 0x00000000e1990000)
 concurrent mark-sweep generation total 121500K, used 71272K [0x00000000eb4a0000, 0x00000000f2b47000, 0x0000000100000000)
 Metaspace       used 88884K, capacity 93314K, committed 93568K, reserved 1130496K
  class space    used 10719K, capacity 11529K, committed 11648K, reserved 1048576K
}
2019-06-24T20:14:16.983+0000: 302395.996: Application time: 38.3409623 seconds
2019-06-24T20:14:17.007+0000: 302396.020: Application time: 0.0237256 seconds
2019-06-24T20:14:18.542+0000: 302397.555: Application time: 1.5346859 seconds
2019-06-24T20:14:18.543+0000: 302397.555: Application time: 0.0001455 seconds
2019-06-24T20:14:18.543+0000: 302397.555: Application time: 0.0001541 seconds
2019-06-24T20:14:18.543+0000: 302397.556: Application time: 0.0001307 seconds
2019-06-24T20:14:18.544+0000: 302397.556: Application time: 0.0001238 seconds
2019-06-24T20:14:18.544+0000: 302397.556: Application time: 0.0001226 seconds
2019-06-24T20:14:18.544+0000: 302397.556: Application time: 0.0001375 seconds
2019-06-24T20:14:18.669+0000: 302397.681: Application time: 0.1247598 seconds
2019-06-24T20:14:18.669+0000: 302397.682: Application time: 0.0001649 seconds
2019-06-24T20:14:18.670+0000: 302397.682: Application time: 0.0003420 seconds
2019-06-24T20:14:18.672+0000: 302397.684: Application time: 0.0018163 seconds
2019-06-24T20:15:31.684+0000: 302470.696: Application time: 73.0114662 seconds
2019-06-24T20:15:48.556+0000: 302487.569: Application time: 16.8723153 seconds
2019-06-24T20:15:48.557+0000: 302487.569: Application time: 0.0002254 seconds
2019-06-24T20:15:48.557+0000: 302487.570: Application time: 0.0000995 seconds
2019-06-24T20:15:48.558+0000: 302487.570: Application time: 0.0001069 seconds
2019-06-24T20:15:48.558+0000: 302487.571: Application time: 0.0001801 seconds
2019-06-24T20:15:48.559+0000: 302487.571: Application time: 0.0001736 seconds
2019-06-24T20:15:48.559+0000: 302487.571: Application time: 0.0001753 seconds
2019-06-24T20:15:48.559+0000: 302487.572: Application time: 0.0001704 seconds
2019-06-24T20:15:48.560+0000: 302487.572: Application time: 0.0003808 seconds
2019-06-24T20:15:48.560+0000: 302487.573: Application time: 0.0002454 seconds
2019-06-24T20:15:48.728+0000: 302487.740: Application time: 0.1675843 seconds
2019-06-24T20:15:48.730+0000: 302487.742: Application time: 0.0012506 seconds
2019-06-24T20:15:50.300+0000: 302489.312: Application time: 1.5703016 seconds
2019-06-24T20:15:50.325+0000: 302489.337: Application time: 0.0242763 seconds
2019-06-24T20:15:58.735+0000: 302497.747: Application time: 8.4099241 seconds
2019-06-24T20:17:18.581+0000: 302577.593: Application time: 79.8460423 seconds
{Heap before GC invocations=2125 (full 167):
 par new generation   total 9792K, used 9698K [0x00000000e1000000, 0x00000000e1aa0000, 0x00000000eb4a0000)
  eden space 8704K, 100% used [0x00000000e1000000, 0x00000000e1880000, 0x00000000e1880000)
  from space 1088K,  91% used [0x00000000e1990000, 0x00000000e1a88870, 0x00000000e1aa0000)
  to   space 1088K,   0% used [0x00000000e1880000, 0x00000000e1880000, 0x00000000e1990000)
 concurrent mark-sweep generation total 121500K, used 71272K [0x00000000eb4a0000, 0x00000000f2b47000, 0x0000000100000000)
 Metaspace       used 88885K, capacity 93314K, committed 93568K, reserved 1130496K
  class space    used 10719K, capacity 11529K, committed 11648K, reserved 1048576K
2019-06-24T20:17:18.582+0000: 302577.594: [GC (Allocation Failure) 2019-06-24T20:17:18.582+0000: 302577.594: [ParNew: 9698K->841K(9792K), 0.0061329 secs] 80970K->72450K(131292K), 0.0063560 secs] [Times: user=0.02 sys=0.00, real=0.00 secs] 
Heap after GC invocations=2126 (full 167):
 par new generation   total 9792K, used 841K [0x00000000e1000000, 0x00000000e1aa0000, 0x00000000eb4a0000)
  eden space 8704K,   0% used [0x00000000e1000000, 0x00000000e1000000, 0x00000000e1880000)
  from space 1088K,  77% used [0x00000000e1880000, 0x00000000e1952518, 0x00000000e1990000)
  to   space 1088K,   0% used [0x00000000e1990000, 0x00000000e1990000, 0x00000000e1aa0000)
 concurrent mark-sweep generation total 121500K, used 71609K [0x00000000eb4a0000, 0x00000000f2b47000, 0x0000000100000000)
 Metaspace       used 88885K, capacity 93314K, committed 93568K, reserved 1130496K
  class space    used 10719K, capacity 11529K, committed 11648K, reserved 1048576K
}
2019-06-24T20:24:08.749+0000: 302987.761: Application time: 410.1606850 seconds
2019-06-24T20:24:08.749+0000: 302987.762: Application time: 0.0000734 seconds
2019-06-24T20:24:08.749+0000: 302987.762: Application time: 0.0000694 seconds
2019-06-24T20:24:08.750+0000: 302987.762: Application time: 0.0000678 seconds
2019-06-24T20:24:08.750+0000: 302987.762: Application time: 0.0000683 seconds
2019-06-24T20:24:08.750+0000: 302987.762: Application time: 0.0000677 seconds
2019-06-24T20:24:08.750+0000: 302987.762: Application time: 0.0000674 seconds
2019-06-24T20:24:08.750+0000: 302987.763: Application time: 0.0000679 seconds
2019-06-24T20:24:08.751+0000: 302987.763: Application time: 0.0000671 seconds
2019-06-24T20:24:08.751+0000: 302987.763: Application time: 0.0000671 seconds
2019-06-24T20:24:36.168+0000: 303015.180: Application time: 27.4172401 seconds
{Heap before GC invocations=2126 (full 167):
 par new generation   total 9792K, used 9544K [0x00000000e1000000, 0x00000000e1aa0000, 0x00000000eb4a0000)
  eden space 8704K,  99% used [0x00000000e1000000, 0x00000000e187fe38, 0x00000000e1880000)
  from space 1088K,  77% used [0x00000000e1880000, 0x00000000e1952518, 0x00000000e1990000)
  to   space 1088K,   0% used [0x00000000e1990000, 0x00000000e1990000, 0x00000000e1aa0000)
 concurrent mark-sweep generation total 121500K, used 71609K [0x00000000eb4a0000, 0x00000000f2b47000, 0x0000000100000000)
 Metaspace       used 88885K, capacity 93314K, committed 93568K, reserved 1130496K
  class space    used 10719K, capacity 11529K, committed 11648K, reserved 1048576K
2019-06-24T20:24:36.169+0000: 303015.181: [GC (Allocation Failure) 2019-06-24T20:24:36.169+0000: 303015.181: [ParNew: 9544K->643K(9792K), 0.0039114 secs] 81154K->72555K(131292K), 0.0039754 secs] [Times: user=0.01 sys=0.00, real=0.00 secs] 
Heap after GC invocations=2127 (full 167):
 par new generation   total 9792K, used 643K [0x00000000e1000000, 0x00000000e1aa0000, 0x00000000eb4a0000)
  eden space 8704K,   0% used [0x00000000e1000000, 0x00000000e1000000, 0x00000000e1880000)
  from space 1088K,  59% used [0x00000000e1990000, 0x00000000e1a30ee0, 0x00000000e1aa0000)
  to   space 1088K,   0% used [0x00000000e1880000, 0x00000000e1880000, 0x00000000e1990000)
 concurrent mark-sweep generation total 121500K, used 71912K [0x00000000eb4a0000, 0x00000000f2b47000, 0x0000000100000000)
 Metaspace       used 88885K, capacity 93314K, committed 93568K, reserved 1130496K
  class space    used 10719K, capacity 11529K, committed 11648K, reserved 1048576K
}
2019-06-24T20:26:59.172+0000: 303158.184: Application time: 142.9989426 seconds
2019-06-24T20:31:49.387+0000: 303448.400: Application time: 290.2151645 seconds
{Heap before GC invocations=2127 (full 167):
 par new generation   total 9792K, used 9347K [0x00000000e1000000, 0x00000000e1aa0000, 0x00000000eb4a0000)
  eden space 8704K, 100% used [0x00000000e1000000, 0x00000000e1880000, 0x00000000e1880000)
  from space 1088K,  59% used [0x00000000e1990000, 0x00000000e1a30ee0, 0x00000000e1aa0000)
  to   space 1088K,   0% used [0x00000000e1880000, 0x00000000e1880000, 0x00000000e1990000)
 concurrent mark-sweep generation total 121500K, used 71912K [0x00000000eb4a0000, 0x00000000f2b47000, 0x0000000100000000)
 Metaspace       used 88885K, capacity 93314K, committed 93568K, reserved 1130496K
  class space    used 10719K, capacity 11529K, committed 11648K, reserved 1048576K
2019-06-24T20:31:49.388+0000: 303448.400: [GC (Allocation Failure) 2019-06-24T20:31:49.388+0000: 303448.400: [ParNew: 9347K->681K(9792K), 0.0038706 secs] 81259K->72593K(131292K), 0.0039765 secs] [Times: user=0.01 sys=0.00, real=0.01 secs] 
Heap after GC invocations=2128 (full 167):
 par new generation   total 9792K, used 681K [0x00000000e1000000, 0x00000000e1aa0000, 0x00000000eb4a0000)
  eden space 8704K,   0% used [0x00000000e1000000, 0x00000000e1000000, 0x00000000e1880000)
  from space 1088K,  62% used [0x00000000e1880000, 0x00000000e192a6e8, 0x00000000e1990000)
  to   space 1088K,   0% used [0x00000000e1990000, 0x00000000e1990000, 0x00000000e1aa0000)
 concurrent mark-sweep generation total 121500K, used 71912K [0x00000000eb4a0000, 0x00000000f2b47000, 0x0000000100000000)
 Metaspace       used 88885K, capacity 93314K, committed 93568K, reserved 1130496K
  class space    used 10719K, capacity 11529K, committed 11648K, reserved 1048576K
}
2019-06-24T20:33:08.866+0000: 303527.878: Application time: 79.4740418 seconds
2019-06-24T20:33:29.455+0000: 303548.468: Application time: 20.5893446 seconds
2019-06-24T20:33:29.456+0000: 303548.468: Application time: 0.0000504 seconds
2019-06-24T20:33:29.456+0000: 303548.468: Application time: 0.0000325 seconds
2019-06-24T20:33:29.456+0000: 303548.468: Application time: 0.0000321 seconds
2019-06-24T20:33:29.456+0000: 303548.468: Application time: 0.0000302 seconds
2019-06-24T20:33:29.456+0000: 303548.469: Application time: 0.0000357 seconds
2019-06-24T20:33:29.457+0000: 303548.469: Application time: 0.0001782 seconds
2019-06-24T20:33:29.457+0000: 303548.469: Application time: 0.0000921 seconds
2019-06-24T20:33:34.446+0000: 303553.459: Application time: 4.9894038 seconds
2019-06-24T20:33:34.481+0000: 303553.493: Application time: 0.0339207 seconds
2019-06-24T20:33:39.462+0000: 303558.474: Application time: 4.9806424 seconds
2019-06-24T20:33:39.462+0000: 303558.475: Application time: 0.0000941 seconds
2019-06-24T20:33:39.464+0000: 303558.477: Application time: 0.0018744 seconds
2019-06-24T20:36:09.001+0000: 303708.014: Application time: 149.5369254 seconds
{Heap before GC invocations=2128 (full 167):
 par new generation   total 9792K, used 9168K [0x00000000e1000000, 0x00000000e1aa0000, 0x00000000eb4a0000)
  eden space 8704K,  97% used [0x00000000e1000000, 0x00000000e1849bd0, 0x00000000e1880000)
  from space 1088K,  62% used [0x00000000e1880000, 0x00000000e192a6e8, 0x00000000e1990000)
  to   space 1088K,   0% used [0x00000000e1990000, 0x00000000e1990000, 0x00000000e1aa0000)
 concurrent mark-sweep generation total 121500K, used 71912K [0x00000000eb4a0000, 0x00000000f2b47000, 0x0000000100000000)
 Metaspace       used 88885K, capacity 93314K, committed 93568K, reserved 1130496K
  class space    used 10719K, capacity 11529K, committed 11648K, reserved 1048576K
2019-06-24T20:36:09.002+0000: 303708.014: [GC (Allocation Failure) 2019-06-24T20:36:09.002+0000: 303708.014: [ParNew: 9168K->908K(9792K), 0.0067482 secs] 81080K->72820K(131292K), 0.0068553 secs] [Times: user=0.01 sys=0.00, real=0.01 secs] 
Heap after GC invocations=2129 (full 167):
 par new generation   total 9792K, used 908K [0x00000000e1000000, 0x00000000e1aa0000, 0x00000000eb4a0000)
  eden space 8704K,   0% used [0x00000000e1000000, 0x00000000e1000000, 0x00000000e1880000)
  from space 1088K,  83% used [0x00000000e1990000, 0x00000000e1a732e0, 0x00000000e1aa0000)
  to   space 1088K,   0% used [0x00000000e1880000, 0x00000000e1880000, 0x00000000e1990000)
 concurrent mark-sweep generation total 121500K, used 71912K [0x00000000eb4a0000, 0x00000000f2b47000, 0x0000000100000000)
 Metaspace       used 88885K, capacity 93314K, committed 93568K, reserved 1130496K
  class space    used 10719K, capacity 11529K, committed 11648K, reserved 1048576K
}
2019-06-24T20:36:09.580+0000: 303708.593: Application time: 0.5716778 seconds
2019-06-24T20:36:09.582+0000: 303708.594: Application time: 0.0002150 seconds
2019-06-24T20:36:09.582+0000: 303708.594: Application time: 0.0001544 seconds
2019-06-24T20:36:09.582+0000: 303708.595: Application time: 0.0001622 seconds
2019-06-24T20:36:09.583+0000: 303708.596: Application time: 0.0001741 seconds
2019-06-24T20:36:09.584+0000: 303708.596: Application time: 0.0000746 seconds
2019-06-24T20:36:09.585+0000: 303708.597: Application time: 0.0003366 seconds
2019-06-24T20:36:09.586+0000: 303708.598: Application time: 0.0001708 seconds
2019-06-24T20:36:13.997+0000: 303713.010: Application time: 4.4113750 seconds
2019-06-24T20:36:14.040+0000: 303713.053: Application time: 0.0430115 seconds
2019-06-24T20:36:18.740+0000: 303717.753: Application time: 4.6997099 seconds
2019-06-24T20:36:18.741+0000: 303717.753: Application time: 0.0002269 seconds
2019-06-24T20:36:18.741+0000: 303717.754: Application time: 0.0002390 seconds
2019-06-24T20:36:18.742+0000: 303717.754: Application time: 0.0002668 seconds
2019-06-24T20:36:18.742+0000: 303717.755: Application time: 0.0002098 seconds
2019-06-24T20:36:18.743+0000: 303717.755: Application time: 0.0002177 seconds
2019-06-24T20:36:18.745+0000: 303717.758: Application time: 0.0022559 seconds
2019-06-24T20:37:59.673+0000: 303818.685: Application time: 100.9274403 seconds
2019-06-24T20:37:59.673+0000: 303818.686: Application time: 0.0000490 seconds
2019-06-24T20:37:59.674+0000: 303818.686: Application time: 0.0001825 seconds
2019-06-24T20:37:59.674+0000: 303818.686: Application time: 0.0002190 seconds
2019-06-24T20:38:03.914+0000: 303822.926: Application time: 4.2397694 seconds
2019-06-24T20:38:03.951+0000: 303822.963: Application time: 0.0370871 seconds
2019-06-24T20:38:07.683+0000: 303826.695: Application time: 3.7315584 seconds
2019-06-24T20:38:07.683+0000: 303826.696: Application time: 0.0001162 seconds
2019-06-24T20:38:07.684+0000: 303826.696: Application time: 0.0001292 seconds
2019-06-24T20:38:07.684+0000: 303826.696: Application time: 0.0001070 seconds
2019-06-24T20:38:07.684+0000: 303826.696: Application time: 0.0000983 seconds
2019-06-24T20:38:07.684+0000: 303826.697: Application time: 0.0000707 seconds
2019-06-24T20:38:07.687+0000: 303826.699: Application time: 0.0024157 seconds
2019-06-24T20:38:18.761+0000: 303837.773: Application time: 11.0733224 seconds
2019-06-24T20:38:18.761+0000: 303837.773: Application time: 0.0002264 seconds
2019-06-24T20:38:18.762+0000: 303837.774: Application time: 0.0002654 seconds
2019-06-24T20:38:18.762+0000: 303837.774: Application time: 0.0001679 seconds
2019-06-24T20:38:19.690+0000: 303838.703: Application time: 0.9279494 seconds
2019-06-24T20:38:19.691+0000: 303838.703: Application time: 0.0001321 seconds
2019-06-24T20:38:19.691+0000: 303838.703: Application time: 0.0001771 seconds
2019-06-24T20:38:19.691+0000: 303838.704: Application time: 0.0001822 seconds
2019-06-24T20:38:19.692+0000: 303838.704: Application time: 0.0002319 seconds
2019-06-24T20:38:19.692+0000: 303838.704: Application time: 0.0001771 seconds
2019-06-24T20:38:19.692+0000: 303838.705: Application time: 0.0001613 seconds
2019-06-24T20:38:19.694+0000: 303838.706: Application time: 0.0014466 seconds
2019-06-24T20:38:20.363+0000: 303839.376: Application time: 0.6691760 seconds
2019-06-24T20:38:20.394+0000: 303839.406: Application time: 0.0301094 seconds
2019-06-24T20:39:08.847+0000: 303887.859: Application time: 48.4522603 seconds
{Heap before GC invocations=2129 (full 167):
 par new generation   total 9792K, used 9612K [0x00000000e1000000, 0x00000000e1aa0000, 0x00000000eb4a0000)
  eden space 8704K, 100% used [0x00000000e1000000, 0x00000000e1880000, 0x00000000e1880000)
  from space 1088K,  83% used [0x00000000e1990000, 0x00000000e1a732e0, 0x00000000e1aa0000)
  to   space 1088K,   0% used [0x00000000e1880000, 0x00000000e1880000, 0x00000000e1990000)
 concurrent mark-sweep generation total 121500K, used 71912K [0x00000000eb4a0000, 0x00000000f2b47000, 0x0000000100000000)
 Metaspace       used 88885K, capacity 93314K, committed 93568K, reserved 1130496K
  class space    used 10719K, capacity 11529K, committed 11648K, reserved 1048576K
2019-06-24T20:39:08.847+0000: 303887.859: [GC (Allocation Failure) 2019-06-24T20:39:08.847+0000: 303887.859: [ParNew: 9612K->992K(9792K), 0.0046740 secs] 81524K->73288K(131292K), 0.0047370 secs] [Times: user=0.01 sys=0.00, real=0.01 secs] 
Heap after GC invocations=2130 (full 167):
 par new generation   total 9792K, used 992K [0x00000000e1000000, 0x00000000e1aa0000, 0x00000000eb4a0000)
  eden space 8704K,   0% used [0x00000000e1000000, 0x00000000e1000000, 0x00000000e1880000)
  from space 1088K,  91% used [0x00000000e1880000, 0x00000000e19783f0, 0x00000000e1990000)
  to   space 1088K,   0% used [0x00000000e1990000, 0x00000000e1990000, 0x00000000e1aa0000)
 concurrent mark-sweep generation total 121500K, used 72295K [0x00000000eb4a0000, 0x00000000f2b47000, 0x0000000100000000)
 Metaspace       used 88885K, capacity 93314K, committed 93568K, reserved 1130496K
  class space    used 10719K, capacity 11529K, committed 11648K, reserved 1048576K
}
2019-06-24T20:39:34.958+0000: 303913.971: Application time: 26.1064888 seconds
2019-06-24T20:39:34.993+0000: 303914.005: Application time: 0.0342957 seconds
2019-06-24T20:39:48.775+0000: 303927.787: Application time: 13.7818340 seconds
2019-06-24T20:39:48.775+0000: 303927.788: Application time: 0.0003243 seconds
2019-06-24T20:39:48.776+0000: 303927.788: Application time: 0.0002929 seconds
2019-06-24T20:39:49.747+0000: 303928.759: Application time: 0.9706308 seconds
2019-06-24T20:39:49.747+0000: 303928.759: Application time: 0.0000700 seconds
2019-06-24T20:39:49.747+0000: 303928.760: Application time: 0.0000601 seconds
2019-06-24T20:39:49.747+0000: 303928.760: Application time: 0.0000641 seconds
2019-06-24T20:39:49.748+0000: 303928.760: Application time: 0.0000585 seconds
2019-06-24T20:39:49.748+0000: 303928.760: Application time: 0.0000585 seconds
2019-06-24T20:39:49.748+0000: 303928.760: Application time: 0.0000628 seconds
2019-06-24T20:39:49.749+0000: 303928.762: Application time: 0.0012625 seconds
2019-06-24T20:39:52.075+0000: 303931.087: Application time: 2.3255527 seconds
2019-06-24T20:39:52.100+0000: 303931.113: Application time: 0.0249664 seconds
2019-06-24T20:40:59.790+0000: 303998.803: Application time: 67.6896491 seconds
2019-06-24T20:40:59.791+0000: 303998.803: Application time: 0.0001502 seconds
2019-06-24T20:40:59.791+0000: 303998.803: Application time: 0.0001396 seconds
2019-06-24T20:41:03.945+0000: 304002.957: Application time: 4.1539861 seconds
2019-06-24T20:41:03.996+0000: 304003.008: Application time: 0.0506373 seconds
2019-06-24T20:41:07.695+0000: 304006.708: Application time: 3.6992682 seconds
2019-06-24T20:41:07.696+0000: 304006.708: Application time: 0.0002293 seconds
2019-06-24T20:41:07.696+0000: 304006.709: Application time: 0.0002257 seconds
2019-06-24T20:41:07.697+0000: 304006.709: Application time: 0.0001719 seconds
2019-06-24T20:41:07.697+0000: 304006.709: Application time: 0.0002178 seconds
2019-06-24T20:41:07.697+0000: 304006.710: Application time: 0.0001886 seconds
2019-06-24T20:41:07.698+0000: 304006.710: Application time: 0.0002077 seconds
2019-06-24T20:41:07.700+0000: 304006.712: Application time: 0.0019104 seconds
{Heap before GC invocations=2130 (full 167):
 par new generation   total 9792K, used 9695K [0x00000000e1000000, 0x00000000e1aa0000, 0x00000000eb4a0000)
  eden space 8704K,  99% used [0x00000000e1000000, 0x00000000e187fa68, 0x00000000e1880000)
  from space 1088K,  91% used [0x00000000e1880000, 0x00000000e19783f0, 0x00000000e1990000)
  to   space 1088K,   0% used [0x00000000e1990000, 0x00000000e1990000, 0x00000000e1aa0000)
 concurrent mark-sweep generation total 121500K, used 72295K [0x00000000eb4a0000, 0x00000000f2b47000, 0x0000000100000000)
 Metaspace       used 88885K, capacity 93314K, committed 93568K, reserved 1130496K
  class space    used 10719K, capacity 11529K, committed 11648K, reserved 1048576K
2019-06-24T20:41:07.700+0000: 304006.712: [GC (Allocation Failure) 2019-06-24T20:41:07.700+0000: 304006.712: [ParNew: 9695K->760K(9792K), 0.0042102 secs] 81990K->73294K(131292K), 0.0042738 secs] [Times: user=0.01 sys=0.00, real=0.00 secs] 
Heap after GC invocations=2131 (full 167):
 par new generation   total 9792K, used 760K [0x00000000e1000000, 0x00000000e1aa0000, 0x00000000eb4a0000)
  eden space 8704K,   0% used [0x00000000e1000000, 0x00000000e1000000, 0x00000000e1880000)
  from space 1088K,  69% used [0x00000000e1990000, 0x00000000e1a4e338, 0x00000000e1aa0000)
  to   space 1088K,   0% used [0x00000000e1880000, 0x00000000e1880000, 0x00000000e1990000)
 concurrent mark-sweep generation total 121500K, used 72533K [0x00000000eb4a0000, 0x00000000f2b47000, 0x0000000100000000)
 Metaspace       used 88885K, capacity 93314K, committed 93568K, reserved 1130496K
  class space    used 10719K, capacity 11529K, committed 11648K, reserved 1048576K
}
2019-06-24T20:41:07.705+0000: 304006.717: Application time: 0.0006025 seconds
2019-06-24T20:41:48.792+0000: 304047.804: Application time: 41.0861884 seconds
2019-06-24T20:41:48.792+0000: 304047.804: Application time: 0.0003302 seconds
2019-06-24T20:41:48.792+0000: 304047.805: Application time: 0.0002088 seconds
2019-06-24T20:41:49.068+0000: 304048.081: Application time: 0.2756287 seconds
2019-06-24T20:41:49.100+0000: 304048.112: Application time: 0.0310322 seconds
2019-06-24T20:41:49.821+0000: 304048.834: Application time: 0.7213118 seconds
2019-06-24T20:41:49.822+0000: 304048.834: Application time: 0.0001244 seconds
2019-06-24T20:41:49.822+0000: 304048.834: Application time: 0.0000898 seconds
2019-06-24T20:41:49.822+0000: 304048.835: Application time: 0.0000938 seconds
2019-06-24T20:41:49.823+0000: 304048.835: Application time: 0.0000885 seconds
2019-06-24T20:41:49.823+0000: 304048.835: Application time: 0.0000877 seconds
2019-06-24T20:41:49.823+0000: 304048.836: Application time: 0.0000953 seconds
2019-06-24T20:41:49.826+0000: 304048.838: Application time: 0.0021382 seconds
2019-06-24T20:43:39.902+0000: 304158.915: Application time: 110.0764538 seconds
2019-06-24T20:43:48.809+0000: 304167.822: Application time: 8.9067001 seconds
2019-06-24T20:43:48.810+0000: 304167.822: Application time: 0.0002107 seconds
2019-06-24T20:43:48.810+0000: 304167.822: Application time: 0.0001143 seconds
2019-06-24T20:43:49.909+0000: 304168.922: Application time: 1.0994987 seconds
2019-06-24T20:43:49.910+0000: 304168.922: Application time: 0.0000695 seconds
2019-06-24T20:43:49.910+0000: 304168.922: Application time: 0.0000589 seconds
2019-06-24T20:43:49.910+0000: 304168.923: Application time: 0.0000620 seconds
2019-06-24T20:43:49.910+0000: 304168.923: Application time: 0.0000587 seconds
2019-06-24T20:43:49.911+0000: 304168.923: Application time: 0.0000574 seconds
2019-06-24T20:43:49.911+0000: 304168.923: Application time: 0.0000628 seconds
2019-06-24T20:43:49.912+0000: 304168.925: Application time: 0.0015878 seconds
2019-06-24T20:43:52.764+0000: 304171.776: Application time: 2.8514085 seconds
2019-06-24T20:43:52.797+0000: 304171.809: Application time: 0.0324972 seconds
2019-06-24T20:44:48.820+0000: 304227.832: Application time: 56.0227981 seconds
{Heap before GC invocations=2131 (full 167):
 par new generation   total 9792K, used 9464K [0x00000000e1000000, 0x00000000e1aa0000, 0x00000000eb4a0000)
  eden space 8704K, 100% used [0x00000000e1000000, 0x00000000e1880000, 0x00000000e1880000)
  from space 1088K,  69% used [0x00000000e1990000, 0x00000000e1a4e338, 0x00000000e1aa0000)
  to   space 1088K,   0% used [0x00000000e1880000, 0x00000000e1880000, 0x00000000e1990000)
 concurrent mark-sweep generation total 121500K, used 72533K [0x00000000eb4a0000, 0x00000000f2b47000, 0x0000000100000000)
 Metaspace       used 88885K, capacity 93314K, committed 93568K, reserved 1130496K
  class space    used 10719K, capacity 11529K, committed 11648K, reserved 1048576K
2019-06-24T20:44:48.820+0000: 304227.832: [GC (Allocation Failure) 2019-06-24T20:44:48.820+0000: 304227.832: [ParNew: 9464K->781K(9792K), 0.0031505 secs] 81998K->73641K(131292K), 0.0032017 secs] [Times: user=0.01 sys=0.00, real=0.00 secs] 
Heap after GC invocations=2132 (full 167):
 par new generation   total 9792K, used 781K [0x00000000e1000000, 0x00000000e1aa0000, 0x00000000eb4a0000)
  eden space 8704K,   0% used [0x00000000e1000000, 0x00000000e1000000, 0x00000000e1880000)
  from space 1088K,  71% used [0x00000000e1880000, 0x00000000e19436d8, 0x00000000e1990000)
  to   space 1088K,   0% used [0x00000000e1990000, 0x00000000e1990000, 0x00000000e1aa0000)
 concurrent mark-sweep generation total 121500K, used 72859K [0x00000000eb4a0000, 0x00000000f2b47000, 0x0000000100000000)
 Metaspace       used 88885K, capacity 93314K, committed 93568K, reserved 1130496K
  class space    used 10719K, capacity 11529K, committed 11648K, reserved 1048576K
}
2019-06-24T20:45:07.716+0000: 304246.728: Application time: 18.8921191 seconds
2019-06-24T20:45:07.716+0000: 304246.728: Application time: 0.0001910 seconds
2019-06-24T20:45:07.716+0000: 304246.729: Application time: 0.0001759 seconds
2019-06-24T20:45:07.717+0000: 304246.729: Application time: 0.0002521 seconds
2019-06-24T20:45:07.717+0000: 304246.729: Application time: 0.0002332 seconds
2019-06-24T20:45:08.730+0000: 304247.742: Application time: 1.0125454 seconds
2019-06-24T20:45:08.767+0000: 304247.779: Application time: 0.0366244 seconds
2019-06-24T20:45:09.963+0000: 304248.976: Application time: 1.1964288 seconds
2019-06-24T20:45:09.964+0000: 304248.976: Application time: 0.0001831 seconds
2019-06-24T20:45:09.965+0000: 304248.977: Application time: 0.0001529 seconds
2019-06-24T20:45:09.965+0000: 304248.977: Application time: 0.0001503 seconds
2019-06-24T20:45:09.965+0000: 304248.978: Application time: 0.0001581 seconds
2019-06-24T20:45:09.969+0000: 304248.981: Application time: 0.0033186 seconds
2019-06-24T20:50:18.872+0000: 304557.884: Application time: 308.9026028 seconds
{Heap before GC invocations=2132 (full 167):
 par new generation   total 9792K, used 9485K [0x00000000e1000000, 0x00000000e1aa0000, 0x00000000eb4a0000)
  eden space 8704K, 100% used [0x00000000e1000000, 0x00000000e1880000, 0x00000000e1880000)
  from space 1088K,  71% used [0x00000000e1880000, 0x00000000e19436d8, 0x00000000e1990000)
  to   space 1088K,   0% used [0x00000000e1990000, 0x00000000e1990000, 0x00000000e1aa0000)
 concurrent mark-sweep generation total 121500K, used 72859K [0x00000000eb4a0000, 0x00000000f2b47000, 0x0000000100000000)
 Metaspace       used 88885K, capacity 93314K, committed 93568K, reserved 1130496K
  class space    used 10719K, capacity 11529K, committed 11648K, reserved 1048576K
2019-06-24T20:50:18.872+0000: 304557.884: [GC (Allocation Failure) 2019-06-24T20:50:18.872+0000: 304557.885: [ParNew: 9485K->569K(9792K), 0.0031391 secs] 82345K->73764K(131292K), 0.0032057 secs] [Times: user=0.01 sys=0.00, real=0.00 secs] 
Heap after GC invocations=2133 (full 167):
 par new generation   total 9792K, used 569K [0x00000000e1000000, 0x00000000e1aa0000, 0x00000000eb4a0000)
  eden space 8704K,   0% used [0x00000000e1000000, 0x00000000e1000000, 0x00000000e1880000)
  from space 1088K,  52% used [0x00000000e1990000, 0x00000000e1a1e4d0, 0x00000000e1aa0000)
  to   space 1088K,   0% used [0x00000000e1880000, 0x00000000e1880000, 0x00000000e1990000)
 concurrent mark-sweep generation total 121500K, used 73194K [0x00000000eb4a0000, 0x00000000f2b47000, 0x0000000100000000)
 Metaspace       used 88885K, capacity 93314K, committed 93568K, reserved 1130496K
  class space    used 10719K, capacity 11529K, committed 11648K, reserved 1048576K
}
2019-06-24T20:50:18.876+0000: 304557.888: Application time: 0.0005497 seconds
2019-06-24T20:50:18.876+0000: 304557.889: [GC (CMS Initial Mark) [1 CMS-initial-mark: 73194K(121500K)] 73810K(131292K), 0.0024484 secs] [Times: user=0.01 sys=0.00, real=0.01 secs] 
2019-06-24T20:50:18.879+0000: 304557.891: [CMS-concurrent-mark-start]
2019-06-24T20:50:19.005+0000: 304558.017: [CMS-concurrent-mark: 0.126/0.126 secs] [Times: user=0.12 sys=0.00, real=0.12 secs] 
2019-06-24T20:50:19.005+0000: 304558.017: [CMS-concurrent-preclean-start]
2019-06-24T20:50:19.007+0000: 304558.019: [CMS-concurrent-preclean: 0.002/0.002 secs] [Times: user=0.00 sys=0.00, real=0.00 secs] 
2019-06-24T20:50:19.007+0000: 304558.019: Application time: 0.1281251 seconds
2019-06-24T20:50:19.007+0000: 304558.019: [GC (CMS Final Remark) [YG occupancy: 649 K (9792 K)]2019-06-24T20:50:19.007+0000: 304558.019: [Rescan (parallel) , 0.0041517 secs]2019-06-24T20:50:19.011+0000: 304558.024: [weak refs processing, 0.0026611 secs]2019-06-24T20:50:19.014+0000: 304558.026: [class unloading, 0.0331746 secs]2019-06-24T20:50:19.047+0000: 304558.059: [scrub symbol table, 0.0260089 secs]2019-06-24T20:50:19.073+0000: 304558.085: [scrub string table, 0.0018704 secs][1 CMS-remark: 73194K(121500K)] 73843K(131292K), 0.0825381 secs] [Times: user=0.09 sys=0.00, real=0.09 secs] 
2019-06-24T20:50:19.090+0000: 304558.102: [CMS-concurrent-sweep-start]
2019-06-24T20:50:19.098+0000: 304558.111: Application time: 0.0086649 seconds
2019-06-24T20:50:19.124+0000: 304558.136: [CMS-concurrent-sweep: 0.033/0.034 secs] [Times: user=0.04 sys=0.00, real=0.03 secs] 
2019-06-24T20:50:19.124+0000: 304558.136: [CMS-concurrent-reset-start]
2019-06-24T20:50:19.124+0000: 304558.137: [CMS-concurrent-reset: 0.000/0.000 secs] [Times: user=0.00 sys=0.00, real=0.00 secs] 
2019-06-24T20:50:20.099+0000: 304559.111: Application time: 1.0003611 seconds
2019-06-24T20:50:21.099+0000: 304560.112: Application time: 1.0003011 seconds
2019-06-24T20:50:31.101+0000: 304570.114: Application time: 10.0016351 seconds
2019-06-24T20:50:39.103+0000: 304578.115: Application time: 8.0013422 seconds
2019-06-24T20:51:08.107+0000: 304607.119: Application time: 29.0040730 seconds
2019-06-24T20:51:31.111+0000: 304630.123: Application time: 23.0037916 seconds
2019-06-24T20:51:38.987+0000: 304638.000: Application time: 7.8761734 seconds
2019-06-24T20:51:38.988+0000: 304638.000: Application time: 0.0000867 seconds
2019-06-24T20:51:38.988+0000: 304638.000: Application time: 0.0000792 seconds
2019-06-24T20:51:38.988+0000: 304638.001: Application time: 0.0000785 seconds
2019-06-24T20:51:38.988+0000: 304638.001: Application time: 0.0000792 seconds
2019-06-24T20:51:38.989+0000: 304638.001: Application time: 0.0000787 seconds
2019-06-24T20:51:38.989+0000: 304638.001: Application time: 0.0000794 seconds
2019-06-24T20:51:38.989+0000: 304638.001: Application time: 0.0000952 seconds
2019-06-24T20:51:38.989+0000: 304638.002: Application time: 0.0000797 seconds
2019-06-24T20:51:38.990+0000: 304638.002: Application time: 0.0000793 seconds
2019-06-24T20:51:39.991+0000: 304639.003: Application time: 1.0007389 seconds
2019-06-24T20:52:20.998+0000: 304680.010: Application time: 41.0066614 seconds
2019-06-24T20:57:10.490+0000: 304969.503: Application time: 289.4925882 seconds
{Heap before GC invocations=2133 (full 168):
 par new generation   total 9792K, used 9273K [0x00000000e1000000, 0x00000000e1aa0000, 0x00000000eb4a0000)
  eden space 8704K, 100% used [0x00000000e1000000, 0x00000000e1880000, 0x00000000e1880000)
  from space 1088K,  52% used [0x00000000e1990000, 0x00000000e1a1e4d0, 0x00000000e1aa0000)
  to   space 1088K,   0% used [0x00000000e1880000, 0x00000000e1880000, 0x00000000e1990000)
 concurrent mark-sweep generation total 121500K, used 69529K [0x00000000eb4a0000, 0x00000000f2b47000, 0x0000000100000000)
 Metaspace       used 88813K, capacity 93200K, committed 93568K, reserved 1130496K
  class space    used 10709K, capacity 11510K, committed 11648K, reserved 1048576K
2019-06-24T20:57:10.491+0000: 304969.503: [GC (Allocation Failure) 2019-06-24T20:57:10.491+0000: 304969.503: [ParNew: 9273K->923K(9792K), 0.0050944 secs] 78803K->70453K(131292K), 0.0051696 secs] [Times: user=0.00 sys=0.01, real=0.00 secs] 
Heap after GC invocations=2134 (full 168):
 par new generation   total 9792K, used 923K [0x00000000e1000000, 0x00000000e1aa0000, 0x00000000eb4a0000)
  eden space 8704K,   0% used [0x00000000e1000000, 0x00000000e1000000, 0x00000000e1880000)
  from space 1088K,  84% used [0x00000000e1880000, 0x00000000e1966cb8, 0x00000000e1990000)
  to   space 1088K,   0% used [0x00000000e1990000, 0x00000000e1990000, 0x00000000e1aa0000)
 concurrent mark-sweep generation total 121500K, used 69529K [0x00000000eb4a0000, 0x00000000f2b47000, 0x0000000100000000)
 Metaspace       used 88813K, capacity 93200K, committed 93568K, reserved 1130496K
  class space    used 10709K, capacity 11510K, committed 11648K, reserved 1048576K
}
2019-06-24T20:58:09.031+0000: 305028.044: Application time: 58.5353169 seconds
2019-06-24T21:00:02.049+0000: 305141.061: Application time: 113.0175964 seconds
2019-06-24T21:00:20.621+0000: 305159.634: Application time: 18.5720133 seconds
2019-06-24T21:03:17.383+0000: 305336.396: Application time: 176.7616652 seconds
{Heap before GC invocations=2134 (full 168):
 par new generation   total 9792K, used 9626K [0x00000000e1000000, 0x00000000e1aa0000, 0x00000000eb4a0000)
  eden space 8704K,  99% used [0x00000000e1000000, 0x00000000e187fdb0, 0x00000000e1880000)
  from space 1088K,  84% used [0x00000000e1880000, 0x00000000e1966cb8, 0x00000000e1990000)
  to   space 1088K,   0% used [0x00000000e1990000, 0x00000000e1990000, 0x00000000e1aa0000)
 concurrent mark-sweep generation total 121500K, used 69529K [0x00000000eb4a0000, 0x00000000f2b47000, 0x0000000100000000)
 Metaspace       used 88813K, capacity 93200K, committed 93568K, reserved 1130496K
  class space    used 10709K, capacity 11510K, committed 11648K, reserved 1048576K
2019-06-24T21:03:17.383+0000: 305336.396: [GC (Allocation Failure) 2019-06-24T21:03:17.384+0000: 305336.396: [ParNew: 9626K->1088K(9792K), 0.0039174 secs] 79156K->71071K(131292K), 0.0039835 secs] [Times: user=0.01 sys=0.00, real=0.00 secs] 
Heap after GC invocations=2135 (full 168):
 par new generation   total 9792K, used 1088K [0x00000000e1000000, 0x00000000e1aa0000, 0x00000000eb4a0000)
  eden space 8704K,   0% used [0x00000000e1000000, 0x00000000e1000000, 0x00000000e1880000)
  from space 1088K, 100% used [0x00000000e1990000, 0x00000000e1aa0000, 0x00000000e1aa0000)
  to   space 1088K,   0% used [0x00000000e1880000, 0x00000000e1880000, 0x00000000e1990000)
 concurrent mark-sweep generation total 121500K, used 69983K [0x00000000eb4a0000, 0x00000000f2b47000, 0x0000000100000000)
 Metaspace       used 88813K, capacity 93200K, committed 93568K, reserved 1130496K
  class space    used 10709K, capacity 11510K, committed 11648K, reserved 1048576K
}
2019-06-24T21:03:18.388+0000: 305337.400: Application time: 1.0001609 seconds
2019-06-24T21:03:18.998+0000: 305338.010: Application time: 0.6102123 seconds
2019-06-24T21:03:18.998+0000: 305338.011: Application time: 0.0000700 seconds
2019-06-24T21:03:18.999+0000: 305338.011: Application time: 0.0000658 seconds
2019-06-24T21:03:18.999+0000: 305338.011: Application time: 0.0001657 seconds
2019-06-24T21:03:18.999+0000: 305338.012: Application time: 0.0001389 seconds
2019-06-24T21:03:20.752+0000: 305339.764: Application time: 1.7524514 seconds
2019-06-24T21:03:20.753+0000: 305339.765: Application time: 0.0000736 seconds
2019-06-24T21:03:20.753+0000: 305339.765: Application time: 0.0000599 seconds
2019-06-24T21:03:20.753+0000: 305339.765: Application time: 0.0000582 seconds
2019-06-24T21:03:20.753+0000: 305339.765: Application time: 0.0000573 seconds
2019-06-24T21:03:20.753+0000: 305339.766: Application time: 0.0000790 seconds
2019-06-24T21:03:20.753+0000: 305339.766: Application time: 0.0001335 seconds
2019-06-24T21:03:20.754+0000: 305339.766: Application time: 0.0001122 seconds
2019-06-24T21:03:20.755+0000: 305339.767: Application time: 0.0012407 seconds
2019-06-24T21:03:22.380+0000: 305341.392: Application time: 1.6242880 seconds
2019-06-24T21:03:22.410+0000: 305341.422: Application time: 0.0300541 seconds
2019-06-24T21:05:34.431+0000: 305473.444: Application time: 132.0212601 seconds
2019-06-24T21:05:38.552+0000: 305477.565: Application time: 4.1208545 seconds
2019-06-24T21:05:38.578+0000: 305477.591: Application time: 0.0255935 seconds
2019-06-24T21:05:40.842+0000: 305479.854: Application time: 2.2631394 seconds
2019-06-24T21:05:40.842+0000: 305479.854: Application time: 0.0001052 seconds
2019-06-24T21:05:40.842+0000: 305479.855: Application time: 0.0000914 seconds
2019-06-24T21:05:40.843+0000: 305479.855: Application time: 0.0000969 seconds
2019-06-24T21:05:40.843+0000: 305479.855: Application time: 0.0000858 seconds
2019-06-24T21:05:40.843+0000: 305479.855: Application time: 0.0000920 seconds
2019-06-24T21:05:49.021+0000: 305488.033: Application time: 8.1774677 seconds
2019-06-24T21:05:49.021+0000: 305488.033: Application time: 0.0000885 seconds
2019-06-24T21:05:49.021+0000: 305488.034: Application time: 0.0001994 seconds
2019-06-24T21:05:49.022+0000: 305488.034: Application time: 0.0000723 seconds
2019-06-24T21:05:49.023+0000: 305488.035: Application time: 0.0013827 seconds
2019-06-24T21:07:32.064+0000: 305591.076: Application time: 103.0406225 seconds
{Heap before GC invocations=2135 (full 168):
 par new generation   total 9792K, used 9791K [0x00000000e1000000, 0x00000000e1aa0000, 0x00000000eb4a0000)
  eden space 8704K,  99% used [0x00000000e1000000, 0x00000000e187fd40, 0x00000000e1880000)
  from space 1088K, 100% used [0x00000000e1990000, 0x00000000e1aa0000, 0x00000000e1aa0000)
  to   space 1088K,   0% used [0x00000000e1880000, 0x00000000e1880000, 0x00000000e1990000)
 concurrent mark-sweep generation total 121500K, used 69983K [0x00000000eb4a0000, 0x00000000f2b47000, 0x0000000100000000)
 Metaspace       used 88819K, capacity 93212K, committed 93568K, reserved 1130496K
  class space    used 10710K, capacity 11512K, committed 11648K, reserved 1048576K
2019-06-24T21:07:32.064+0000: 305591.076: [GC (Allocation Failure) 2019-06-24T21:07:32.064+0000: 305591.076: [ParNew: 9791K->863K(9792K), 0.0043934 secs] 79775K->70950K(131292K), 0.0044799 secs] [Times: user=0.01 sys=0.00, real=0.01 secs] 
Heap after GC invocations=2136 (full 168):
 par new generation   total 9792K, used 863K [0x00000000e1000000, 0x00000000e1aa0000, 0x00000000eb4a0000)
  eden space 8704K,   0% used [0x00000000e1000000, 0x00000000e1000000, 0x00000000e1880000)
  from space 1088K,  79% used [0x00000000e1880000, 0x00000000e1957db0, 0x00000000e1990000)
  to   space 1088K,   0% used [0x00000000e1990000, 0x00000000e1990000, 0x00000000e1aa0000)
 concurrent mark-sweep generation total 121500K, used 70086K [0x00000000eb4a0000, 0x00000000f2b47000, 0x0000000100000000)
 Metaspace       used 88819K, capacity 93212K, committed 93568K, reserved 1130496K
  class space    used 10710K, capacity 11512K, committed 11648K, reserved 1048576K
}
2019-06-24T21:07:37.059+0000: 305596.071: Application time: 4.9904091 seconds
2019-06-24T21:07:37.101+0000: 305596.113: Application time: 0.0418326 seconds
2019-06-24T21:07:40.916+0000: 305599.929: Application time: 3.8149850 seconds
2019-06-24T21:07:40.917+0000: 305599.929: Application time: 0.0000946 seconds
2019-06-24T21:07:40.917+0000: 305599.929: Application time: 0.0000900 seconds
2019-06-24T21:07:40.917+0000: 305599.929: Application time: 0.0000872 seconds
2019-06-24T21:07:40.917+0000: 305599.930: Application time: 0.0000809 seconds
2019-06-24T21:07:40.918+0000: 305599.930: Application time: 0.0000848 seconds
2019-06-24T21:07:47.067+0000: 305606.080: Application time: 6.1494664 seconds
2019-06-24T21:07:49.038+0000: 305608.051: Application time: 1.9705844 seconds
2019-06-24T21:07:49.039+0000: 305608.051: Application time: 0.0000886 seconds
2019-06-24T21:07:49.039+0000: 305608.051: Application time: 0.0000737 seconds
2019-06-24T21:07:49.039+0000: 305608.051: Application time: 0.0000964 seconds
2019-06-24T21:07:49.039+0000: 305608.052: Application time: 0.0000732 seconds
2019-06-24T21:07:49.040+0000: 305608.052: Application time: 0.0000739 seconds
2019-06-24T21:07:49.040+0000: 305608.052: Application time: 0.0000772 seconds
2019-06-24T21:07:50.925+0000: 305609.938: Application time: 1.8853713 seconds
2019-06-24T21:07:50.926+0000: 305609.938: Application time: 0.0002605 seconds
2019-06-24T21:07:50.926+0000: 305609.939: Application time: 0.0002488 seconds
2019-06-24T21:07:50.929+0000: 305609.941: Application time: 0.0019460 seconds
2019-06-24T21:07:52.069+0000: 305611.081: Application time: 1.1399410 seconds
2019-06-24T21:07:52.103+0000: 305611.115: Application time: 0.0334397 seconds
2019-06-24T21:08:56.342+0000: 305675.354: Application time: 64.2387038 seconds
2019-06-24T21:08:56.367+0000: 305675.379: Application time: 0.0246833 seconds
2019-06-24T21:09:00.995+0000: 305680.007: Application time: 4.6284252 seconds
2019-06-24T21:09:00.996+0000: 305680.008: Application time: 0.0000850 seconds
2019-06-24T21:09:00.996+0000: 305680.008: Application time: 0.0000755 seconds
2019-06-24T21:09:00.996+0000: 305680.008: Application time: 0.0000797 seconds
2019-06-24T21:09:00.996+0000: 305680.009: Application time: 0.0000749 seconds
2019-06-24T21:09:00.996+0000: 305680.009: Application time: 0.0000742 seconds
2019-06-24T21:09:00.997+0000: 305680.009: Application time: 0.0000802 seconds
2019-06-24T21:09:07.792+0000: 305686.804: Application time: 6.7949758 seconds
2019-06-24T21:09:07.792+0000: 305686.805: Application time: 0.0002049 seconds
2019-06-24T21:09:07.793+0000: 305686.805: Application time: 0.0001333 seconds
2019-06-24T21:09:07.794+0000: 305686.806: Application time: 0.0011357 seconds
2019-06-24T21:09:29.856+0000: 305708.868: Application time: 22.0617046 seconds
{Heap before GC invocations=2136 (full 168):
 par new generation   total 9792K, used 9567K [0x00000000e1000000, 0x00000000e1aa0000, 0x00000000eb4a0000)
  eden space 8704K, 100% used [0x00000000e1000000, 0x00000000e1880000, 0x00000000e1880000)
  from space 1088K,  79% used [0x00000000e1880000, 0x00000000e1957db0, 0x00000000e1990000)
  to   space 1088K,   0% used [0x00000000e1990000, 0x00000000e1990000, 0x00000000e1aa0000)
 concurrent mark-sweep generation total 121500K, used 70086K [0x00000000eb4a0000, 0x00000000f2b47000, 0x0000000100000000)
 Metaspace       used 88823K, capacity 93218K, committed 93568K, reserved 1130496K
  class space    used 10711K, capacity 11513K, committed 11648K, reserved 1048576K
2019-06-24T21:09:29.856+0000: 305708.868: [GC (Allocation Failure) 2019-06-24T21:09:29.856+0000: 305708.868: [ParNew: 9567K->1017K(9792K), 0.0047480 secs] 79654K->71431K(131292K), 0.0048137 secs] [Times: user=0.00 sys=0.00, real=0.01 secs] 
Heap after GC invocations=2137 (full 168):
 par new generation   total 9792K, used 1017K [0x00000000e1000000, 0x00000000e1aa0000, 0x00000000eb4a0000)
  eden space 8704K,   0% used [0x00000000e1000000, 0x00000000e1000000, 0x00000000e1880000)
  from space 1088K,  93% used [0x00000000e1990000, 0x00000000e1a8e410, 0x00000000e1aa0000)
  to   space 1088K,   0% used [0x00000000e1880000, 0x00000000e1880000, 0x00000000e1990000)
 concurrent mark-sweep generation total 121500K, used 70414K [0x00000000eb4a0000, 0x00000000f2b47000, 0x0000000100000000)
 Metaspace       used 88823K, capacity 93218K, committed 93568K, reserved 1130496K
  class space    used 10711K, capacity 11513K, committed 11648K, reserved 1048576K
}
2019-06-24T21:09:31.016+0000: 305710.029: Application time: 1.1553634 seconds
2019-06-24T21:09:31.017+0000: 305710.029: Application time: 0.0000689 seconds
2019-06-24T21:09:31.017+0000: 305710.029: Application time: 0.0000590 seconds
2019-06-24T21:09:31.017+0000: 305710.029: Application time: 0.0000752 seconds
2019-06-24T21:09:31.017+0000: 305710.029: Application time: 0.0000582 seconds
2019-06-24T21:09:31.017+0000: 305710.030: Application time: 0.0000568 seconds
2019-06-24T21:09:31.018+0000: 305710.030: Application time: 0.0000610 seconds
2019-06-24T21:09:34.849+0000: 305713.862: Application time: 3.8315630 seconds
2019-06-24T21:09:34.890+0000: 305713.903: Application time: 0.0408624 seconds
2019-06-24T21:09:41.023+0000: 305720.036: Application time: 6.1328590 seconds
2019-06-24T21:09:41.024+0000: 305720.036: Application time: 0.0001489 seconds
2019-06-24T21:09:41.024+0000: 305720.036: Application time: 0.0001617 seconds
2019-06-24T21:09:41.026+0000: 305720.038: Application time: 0.0012968 seconds
2019-06-24T21:10:31.063+0000: 305770.075: Application time: 50.0368982 seconds
2019-06-24T21:10:31.063+0000: 305770.075: Application time: 0.0000645 seconds
2019-06-24T21:10:31.063+0000: 305770.076: Application time: 0.0000633 seconds
2019-06-24T21:10:31.064+0000: 305770.076: Application time: 0.0000672 seconds
2019-06-24T21:10:31.064+0000: 305770.076: Application time: 0.0000737 seconds
2019-06-24T21:10:31.064+0000: 305770.076: Application time: 0.0000849 seconds
2019-06-24T21:10:31.064+0000: 305770.076: Application time: 0.0000686 seconds
2019-06-24T21:10:31.282+0000: 305770.294: Application time: 0.2176296 seconds
2019-06-24T21:10:31.309+0000: 305770.321: Application time: 0.0265705 seconds
2019-06-24T21:10:41.071+0000: 305780.083: Application time: 9.7622715 seconds
2019-06-24T21:10:41.072+0000: 305780.084: Application time: 0.0003294 seconds
2019-06-24T21:10:41.072+0000: 305780.085: Application time: 0.0002584 seconds
2019-06-24T21:10:41.075+0000: 305780.088: Application time: 0.0024948 seconds
2019-06-24T21:11:07.693+0000: 305806.706: Application time: 26.6178926 seconds
2019-06-24T21:11:07.721+0000: 305806.734: Application time: 0.0275093 seconds
2019-06-24T21:11:07.799+0000: 305806.811: Application time: 0.0772026 seconds
2019-06-24T21:11:07.799+0000: 305806.811: Application time: 0.0002365 seconds
2019-06-24T21:11:07.799+0000: 305806.812: Application time: 0.0002281 seconds
2019-06-24T21:11:07.800+0000: 305806.812: Application time: 0.0002102 seconds
2019-06-24T21:11:07.800+0000: 305806.813: Application time: 0.0001979 seconds
2019-06-24T21:11:07.801+0000: 305806.813: Application time: 0.0002040 seconds
2019-06-24T21:11:07.801+0000: 305806.813: Application time: 0.0002126 seconds
2019-06-24T21:11:11.102+0000: 305810.114: Application time: 3.3004693 seconds
2019-06-24T21:11:11.102+0000: 305810.114: Application time: 0.0001885 seconds
2019-06-24T21:11:11.102+0000: 305810.115: Application time: 0.0001947 seconds
2019-06-24T21:11:11.104+0000: 305810.116: Application time: 0.0013604 seconds
2019-06-24T21:12:09.048+0000: 305868.061: Application time: 57.9441765 seconds
{Heap before GC invocations=2137 (full 168):
 par new generation   total 9792K, used 9721K [0x00000000e1000000, 0x00000000e1aa0000, 0x00000000eb4a0000)
  eden space 8704K, 100% used [0x00000000e1000000, 0x00000000e1880000, 0x00000000e1880000)
  from space 1088K,  93% used [0x00000000e1990000, 0x00000000e1a8e410, 0x00000000e1aa0000)
  to   space 1088K,   0% used [0x00000000e1880000, 0x00000000e1880000, 0x00000000e1990000)
 concurrent mark-sweep generation total 121500K, used 70414K [0x00000000eb4a0000, 0x00000000f2b47000, 0x0000000100000000)
 Metaspace       used 88845K, capacity 93254K, committed 93568K, reserved 1130496K
  class space    used 10714K, capacity 11519K, committed 11648K, reserved 1048576K
2019-06-24T21:12:09.049+0000: 305868.061: [GC (Allocation Failure) 2019-06-24T21:12:09.049+0000: 305868.061: [ParNew: 9721K->995K(9792K), 0.0052892 secs] 80135K->71697K(131292K), 0.0053681 secs] [Times: user=0.00 sys=0.01, real=0.00 secs] 
Heap after GC invocations=2138 (full 168):
 par new generation   total 9792K, used 995K [0x00000000e1000000, 0x00000000e1aa0000, 0x00000000eb4a0000)
  eden space 8704K,   0% used [0x00000000e1000000, 0x00000000e1000000, 0x00000000e1880000)
  from space 1088K,  91% used [0x00000000e1880000, 0x00000000e1978f40, 0x00000000e1990000)
  to   space 1088K,   0% used [0x00000000e1990000, 0x00000000e1990000, 0x00000000e1aa0000)
 concurrent mark-sweep generation total 121500K, used 70701K [0x00000000eb4a0000, 0x00000000f2b47000, 0x0000000100000000)
 Metaspace       used 88845K, capacity 93254K, committed 93568K, reserved 1130496K
  class space    used 10714K, capacity 11519K, committed 11648K, reserved 1048576K
}
2019-06-24T21:13:32.067+0000: 305951.080: Application time: 83.0131415 seconds
2019-06-24T21:13:36.597+0000: 305955.609: Application time: 4.5293831 seconds
2019-06-24T21:13:36.631+0000: 305955.644: Application time: 0.0342816 seconds
2019-06-24T21:13:41.203+0000: 305960.215: Application time: 4.5709401 seconds
2019-06-24T21:13:41.203+0000: 305960.215: Application time: 0.0001783 seconds
2019-06-24T21:13:41.204+0000: 305960.216: Application time: 0.0001319 seconds
2019-06-24T21:13:41.204+0000: 305960.217: Application time: 0.0001468 seconds
2019-06-24T21:13:41.205+0000: 305960.217: Application time: 0.0001320 seconds
2019-06-24T21:13:41.205+0000: 305960.217: Application time: 0.0001303 seconds
2019-06-24T21:13:41.206+0000: 305960.218: Application time: 0.0001347 seconds
2019-06-24T21:13:49.096+0000: 305968.108: Application time: 7.8899700 seconds
2019-06-24T21:13:49.096+0000: 305968.108: Application time: 0.0000937 seconds
2019-06-24T21:13:49.096+0000: 305968.109: Application time: 0.0002027 seconds
2019-06-24T21:13:49.097+0000: 305968.109: Application time: 0.0001411 seconds
2019-06-24T21:13:49.098+0000: 305968.110: Application time: 0.0013205 seconds
2019-06-24T21:13:51.217+0000: 305970.230: Application time: 2.1186832 seconds
2019-06-24T21:14:24.222+0000: 306003.235: Application time: 33.0049573 seconds
2019-06-24T21:14:29.069+0000: 306008.081: Application time: 4.8463205 seconds
2019-06-24T21:14:29.111+0000: 306008.123: Application time: 0.0413792 seconds
2019-06-24T21:14:31.249+0000: 306010.261: Application time: 2.1378240 seconds
2019-06-24T21:14:31.249+0000: 306010.261: Application time: 0.0001156 seconds
2019-06-24T21:14:31.249+0000: 306010.262: Application time: 0.0000936 seconds
2019-06-24T21:14:31.250+0000: 306010.262: Application time: 0.0000823 seconds
2019-06-24T21:14:31.250+0000: 306010.262: Application time: 0.0000859 seconds
2019-06-24T21:14:31.250+0000: 306010.263: Application time: 0.0000871 seconds
2019-06-24T21:14:41.258+0000: 306020.270: Application time: 10.0075824 seconds
2019-06-24T21:14:41.259+0000: 306020.271: Application time: 0.0000906 seconds
2019-06-24T21:14:41.259+0000: 306020.271: Application time: 0.0000833 seconds
2019-06-24T21:14:41.259+0000: 306020.272: Application time: 0.0001947 seconds
2019-06-24T21:14:41.260+0000: 306020.272: Application time: 0.0001352 seconds
2019-06-24T21:14:41.261+0000: 306020.274: Application time: 0.0015059 seconds
2019-06-24T21:15:49.120+0000: 306088.132: Application time: 67.8585496 seconds
{Heap before GC invocations=2138 (full 168):
 par new generation   total 9792K, used 9699K [0x00000000e1000000, 0x00000000e1aa0000, 0x00000000eb4a0000)
  eden space 8704K, 100% used [0x00000000e1000000, 0x00000000e1880000, 0x00000000e1880000)
  from space 1088K,  91% used [0x00000000e1880000, 0x00000000e1978f40, 0x00000000e1990000)
  to   space 1088K,   0% used [0x00000000e1990000, 0x00000000e1990000, 0x00000000e1aa0000)
 concurrent mark-sweep generation total 121500K, used 70701K [0x00000000eb4a0000, 0x00000000f2b47000, 0x0000000100000000)
 Metaspace       used 88845K, capacity 93254K, committed 93568K, reserved 1130496K
  class space    used 10714K, capacity 11519K, committed 11648K, reserved 1048576K
2019-06-24T21:15:49.120+0000: 306088.133: [GC (Allocation Failure) 2019-06-24T21:15:49.120+0000: 306088.133: [ParNew: 9699K->865K(9792K), 0.0046712 secs] 80401K->71901K(131292K), 0.0047615 secs] [Times: user=0.00 sys=0.00, real=0.00 secs] 
Heap after GC invocations=2139 (full 168):
 par new generation   total 9792K, used 865K [0x00000000e1000000, 0x00000000e1aa0000, 0x00000000eb4a0000)
  eden space 8704K,   0% used [0x00000000e1000000, 0x00000000e1000000, 0x00000000e1880000)
  from space 1088K,  79% used [0x00000000e1990000, 0x00000000e1a68520, 0x00000000e1aa0000)
  to   space 1088K,   0% used [0x00000000e1880000, 0x00000000e1880000, 0x00000000e1990000)
 concurrent mark-sweep generation total 121500K, used 71036K [0x00000000eb4a0000, 0x00000000f2b47000, 0x0000000100000000)
 Metaspace       used 88845K, capacity 93254K, committed 93568K, reserved 1130496K
  class space    used 10714K, capacity 11519K, committed 11648K, reserved 1048576K
}
2019-06-24T21:17:01.356+0000: 306160.369: Application time: 72.2311077 seconds
2019-06-24T21:19:09.163+0000: 306288.175: Application time: 127.8064959 seconds
2019-06-24T21:19:09.163+0000: 306288.176: Application time: 0.0001648 seconds
2019-06-24T21:19:09.164+0000: 306288.176: Application time: 0.0001629 seconds
2019-06-24T21:19:09.164+0000: 306288.176: Application time: 0.0001628 seconds
2019-06-24T21:19:09.164+0000: 306288.177: Application time: 0.0001687 seconds
2019-06-24T21:19:09.165+0000: 306288.177: Application time: 0.0001696 seconds
2019-06-24T21:19:09.165+0000: 306288.177: Application time: 0.0001513 seconds
2019-06-24T21:19:09.165+0000: 306288.177: Application time: 0.0001528 seconds
2019-06-24T21:19:09.165+0000: 306288.178: Application time: 0.0001537 seconds
2019-06-24T21:19:09.166+0000: 306288.178: Application time: 0.0001435 seconds
2019-06-24T21:23:07.837+0000: 306526.849: Application time: 238.6707450 seconds
{Heap before GC invocations=2139 (full 168):
 par new generation   total 9792K, used 9569K [0x00000000e1000000, 0x00000000e1aa0000, 0x00000000eb4a0000)
  eden space 8704K, 100% used [0x00000000e1000000, 0x00000000e1880000, 0x00000000e1880000)
  from space 1088K,  79% used [0x00000000e1990000, 0x00000000e1a68520, 0x00000000e1aa0000)
  to   space 1088K,   0% used [0x00000000e1880000, 0x00000000e1880000, 0x00000000e1990000)
 concurrent mark-sweep generation total 121500K, used 71036K [0x00000000eb4a0000, 0x00000000f2b47000, 0x0000000100000000)
 Metaspace       used 88845K, capacity 93254K, committed 93568K, reserved 1130496K
  class space    used 10714K, capacity 11519K, committed 11648K, reserved 1048576K
2019-06-24T21:23:07.837+0000: 306526.849: [GC (Allocation Failure) 2019-06-24T21:23:07.837+0000: 306526.849: [ParNew: 9569K->575K(9792K), 0.0035391 secs] 80605K->71949K(131292K), 0.0036071 secs] [Times: user=0.01 sys=0.00, real=0.01 secs] 
Heap after GC invocations=2140 (full 168):
 par new generation   total 9792K, used 575K [0x00000000e1000000, 0x00000000e1aa0000, 0x00000000eb4a0000)
  eden space 8704K,   0% used [0x00000000e1000000, 0x00000000e1000000, 0x00000000e1880000)
  from space 1088K,  52% used [0x00000000e1880000, 0x00000000e190ff30, 0x00000000e1990000)
  to   space 1088K,   0% used [0x00000000e1990000, 0x00000000e1990000, 0x00000000e1aa0000)
 concurrent mark-sweep generation total 121500K, used 71373K [0x00000000eb4a0000, 0x00000000f2b47000, 0x0000000100000000)
 Metaspace       used 88845K, capacity 93254K, committed 93568K, reserved 1130496K
  class space    used 10714K, capacity 11519K, committed 11648K, reserved 1048576K
}
2019-06-24T21:23:09.189+0000: 306528.201: Application time: 1.3480760 seconds
2019-06-24T21:30:19.248+0000: 306958.260: Application time: 430.0590184 seconds
{Heap before GC invocations=2140 (full 168):
 par new generation   total 9792K, used 9279K [0x00000000e1000000, 0x00000000e1aa0000, 0x00000000eb4a0000)
  eden space 8704K, 100% used [0x00000000e1000000, 0x00000000e1880000, 0x00000000e1880000)
  from space 1088K,  52% used [0x00000000e1880000, 0x00000000e190ff30, 0x00000000e1990000)
  to   space 1088K,   0% used [0x00000000e1990000, 0x00000000e1990000, 0x00000000e1aa0000)
 concurrent mark-sweep generation total 121500K, used 71373K [0x00000000eb4a0000, 0x00000000f2b47000, 0x0000000100000000)
 Metaspace       used 88845K, capacity 93254K, committed 93568K, reserved 1130496K
  class space    used 10714K, capacity 11519K, committed 11648K, reserved 1048576K
2019-06-24T21:30:19.248+0000: 306958.261: [GC (Allocation Failure) 2019-06-24T21:30:19.248+0000: 306958.261: [ParNew: 9279K->835K(9792K), 0.0030091 secs] 80653K->72208K(131292K), 0.0030837 secs] [Times: user=0.01 sys=0.00, real=0.00 secs] 
Heap after GC invocations=2141 (full 168):
 par new generation   total 9792K, used 835K [0x00000000e1000000, 0x00000000e1aa0000, 0x00000000eb4a0000)
  eden space 8704K,   0% used [0x00000000e1000000, 0x00000000e1000000, 0x00000000e1880000)
  from space 1088K,  76% used [0x00000000e1990000, 0x00000000e1a60e40, 0x00000000e1aa0000)
  to   space 1088K,   0% used [0x00000000e1880000, 0x00000000e1880000, 0x00000000e1990000)
 concurrent mark-sweep generation total 121500K, used 71373K [0x00000000eb4a0000, 0x00000000f2b47000, 0x0000000100000000)
 Metaspace       used 88845K, capacity 93254K, committed 93568K, reserved 1130496K
  class space    used 10714K, capacity 11519K, committed 11648K, reserved 1048576K
}
2019-06-24T21:32:41.976+0000: 307100.988: Application time: 142.7246206 seconds
2019-06-24T21:32:41.976+0000: 307100.989: Application time: 0.0000719 seconds
2019-06-24T21:32:41.977+0000: 307100.989: Application time: 0.0000612 seconds
2019-06-24T21:32:41.977+0000: 307100.989: Application time: 0.0000576 seconds
2019-06-24T21:32:41.977+0000: 307100.989: Application time: 0.0000588 seconds
2019-06-24T21:32:41.977+0000: 307100.989: Application time: 0.0000625 seconds
2019-06-24T21:32:41.977+0000: 307100.990: Application time: 0.0001445 seconds
2019-06-24T21:32:41.978+0000: 307100.990: Application time: 0.0001237 seconds
2019-06-24T21:32:46.882+0000: 307105.894: Application time: 4.9041808 seconds
2019-06-24T21:32:46.907+0000: 307105.920: Application time: 0.0251213 seconds
2019-06-24T21:32:49.273+0000: 307108.286: Application time: 2.3655319 seconds
2019-06-24T21:32:49.274+0000: 307108.286: Application time: 0.0001615 seconds
2019-06-24T21:32:49.275+0000: 307108.288: Application time: 0.0015278 seconds
2019-06-24T21:33:42.025+0000: 307161.037: Application time: 52.7493504 seconds
2019-06-24T21:35:31.714+0000: 307270.726: Application time: 109.6888750 seconds
{Heap before GC invocations=2141 (full 168):
 par new generation   total 9792K, used 9538K [0x00000000e1000000, 0x00000000e1aa0000, 0x00000000eb4a0000)
  eden space 8704K,  99% used [0x00000000e1000000, 0x00000000e187fda8, 0x00000000e1880000)
  from space 1088K,  76% used [0x00000000e1990000, 0x00000000e1a60e40, 0x00000000e1aa0000)
  to   space 1088K,   0% used [0x00000000e1880000, 0x00000000e1880000, 0x00000000e1990000)
 concurrent mark-sweep generation total 121500K, used 71373K [0x00000000eb4a0000, 0x00000000f2b47000, 0x0000000100000000)
 Metaspace       used 88845K, capacity 93254K, committed 93568K, reserved 1130496K
  class space    used 10714K, capacity 11519K, committed 11648K, reserved 1048576K
2019-06-24T21:35:31.714+0000: 307270.727: [GC (Allocation Failure) 2019-06-24T21:35:31.714+0000: 307270.727: [ParNew: 9538K->754K(9792K), 0.0040484 secs] 80912K->72327K(131292K), 0.0041133 secs] [Times: user=0.00 sys=0.00, real=0.01 secs] 
Heap after GC invocations=2142 (full 168):
 par new generation   total 9792K, used 754K [0x00000000e1000000, 0x00000000e1aa0000, 0x00000000eb4a0000)
  eden space 8704K,   0% used [0x00000000e1000000, 0x00000000e1000000, 0x00000000e1880000)
  from space 1088K,  69% used [0x00000000e1880000, 0x00000000e193cbc8, 0x00000000e1990000)
  to   space 1088K,   0% used [0x00000000e1990000, 0x00000000e1990000, 0x00000000e1aa0000)
 concurrent mark-sweep generation total 121500K, used 71572K [0x00000000eb4a0000, 0x00000000f2b47000, 0x0000000100000000)
 Metaspace       used 88845K, capacity 93254K, committed 93568K, reserved 1130496K
  class space    used 10714K, capacity 11519K, committed 11648K, reserved 1048576K
}
2019-06-24T21:35:32.106+0000: 307271.118: Application time: 0.3872440 seconds
2019-06-24T21:35:32.106+0000: 307271.118: Application time: 0.0000895 seconds
2019-06-24T21:35:32.106+0000: 307271.119: Application time: 0.0000605 seconds
2019-06-24T21:35:32.107+0000: 307271.119: Application time: 0.0000596 seconds
2019-06-24T21:35:32.107+0000: 307271.119: Application time: 0.0000718 seconds
2019-06-24T21:35:32.107+0000: 307271.119: Application time: 0.0000670 seconds
2019-06-24T21:35:32.107+0000: 307271.119: Application time: 0.0001590 seconds
2019-06-24T21:35:32.107+0000: 307271.120: Application time: 0.0001064 seconds
2019-06-24T21:35:36.712+0000: 307275.724: Application time: 4.6046010 seconds
2019-06-24T21:35:36.742+0000: 307275.755: Application time: 0.0299263 seconds
2019-06-24T21:35:42.113+0000: 307281.125: Application time: 5.3700728 seconds
2019-06-24T21:35:42.113+0000: 307281.125: Application time: 0.0000687 seconds
2019-06-24T21:35:42.114+0000: 307281.127: Application time: 0.0013344 seconds
2019-06-24T21:37:07.756+0000: 307366.768: Application time: 85.6413362 seconds
2019-06-24T21:37:07.781+0000: 307366.793: Application time: 0.0247698 seconds
2019-06-24T21:37:07.887+0000: 307366.899: Application time: 0.1060361 seconds
2019-06-24T21:37:07.888+0000: 307366.900: Application time: 0.0001340 seconds
2019-06-24T21:37:07.888+0000: 307366.900: Application time: 0.0001374 seconds
2019-06-24T21:37:07.888+0000: 307366.900: Application time: 0.0001312 seconds
2019-06-24T21:37:07.888+0000: 307366.901: Application time: 0.0001205 seconds
2019-06-24T21:37:07.889+0000: 307366.901: Application time: 0.0001221 seconds
2019-06-24T21:37:07.889+0000: 307366.902: Application time: 0.0002577 seconds
2019-06-24T21:37:07.890+0000: 307366.902: Application time: 0.0001706 seconds
2019-06-24T21:37:12.175+0000: 307371.187: Application time: 4.2850506 seconds
2019-06-24T21:37:12.175+0000: 307371.188: Application time: 0.0001676 seconds
2019-06-24T21:37:12.176+0000: 307371.188: Application time: 0.0001523 seconds
2019-06-24T21:37:12.177+0000: 307371.189: Application time: 0.0004428 seconds
2019-06-24T21:37:12.178+0000: 307371.190: Application time: 0.0002119 seconds
2019-06-24T21:37:12.178+0000: 307371.190: Application time: 0.0001628 seconds
2019-06-24T21:37:12.182+0000: 307371.195: Application time: 0.0039472 seconds
2019-06-24T21:37:32.198+0000: 307391.211: Application time: 20.0157204 seconds
2019-06-24T21:37:32.199+0000: 307391.211: Application time: 0.0002070 seconds
2019-06-24T21:37:32.200+0000: 307391.212: Application time: 0.0001933 seconds
2019-06-24T21:37:32.200+0000: 307391.212: Application time: 0.0001498 seconds
2019-06-24T21:37:36.201+0000: 307395.214: Application time: 4.0013905 seconds
2019-06-24T21:37:36.235+0000: 307395.247: Application time: 0.0329448 seconds
2019-06-24T21:37:42.206+0000: 307401.219: Application time: 5.9714475 seconds
2019-06-24T21:37:42.207+0000: 307401.219: Application time: 0.0000641 seconds
2019-06-24T21:37:42.207+0000: 307401.219: Application time: 0.0000562 seconds
2019-06-24T21:37:42.207+0000: 307401.219: Application time: 0.0000596 seconds
2019-06-24T21:37:42.207+0000: 307401.220: Application time: 0.0000558 seconds
2019-06-24T21:37:42.207+0000: 307401.220: Application time: 0.0000555 seconds
2019-06-24T21:37:42.208+0000: 307401.220: Application time: 0.0001029 seconds
2019-06-24T21:37:42.210+0000: 307401.222: Application time: 0.0019189 seconds
2019-06-24T21:37:49.318+0000: 307408.331: Application time: 7.1082930 seconds
{Heap before GC invocations=2142 (full 168):
 par new generation   total 9792K, used 9458K [0x00000000e1000000, 0x00000000e1aa0000, 0x00000000eb4a0000)
  eden space 8704K, 100% used [0x00000000e1000000, 0x00000000e1880000, 0x00000000e1880000)
  from space 1088K,  69% used [0x00000000e1880000, 0x00000000e193cbc8, 0x00000000e1990000)
  to   space 1088K,   0% used [0x00000000e1990000, 0x00000000e1990000, 0x00000000e1aa0000)
 concurrent mark-sweep generation total 121500K, used 71572K [0x00000000eb4a0000, 0x00000000f2b47000, 0x0000000100000000)
 Metaspace       used 88845K, capacity 93254K, committed 93568K, reserved 1130496K
  class space    used 10714K, capacity 11519K, committed 11648K, reserved 1048576K
2019-06-24T21:37:49.319+0000: 307408.331: [GC (Allocation Failure) 2019-06-24T21:37:49.319+0000: 307408.331: [ParNew: 9458K->802K(9792K), 0.0042921 secs] 81031K->72416K(131292K), 0.0043592 secs] [Times: user=0.00 sys=0.00, real=0.00 secs] 
Heap after GC invocations=2143 (full 168):
 par new generation   total 9792K, used 802K [0x00000000e1000000, 0x00000000e1aa0000, 0x00000000eb4a0000)
  eden space 8704K,   0% used [0x00000000e1000000, 0x00000000e1000000, 0x00000000e1880000)
  from space 1088K,  73% used [0x00000000e1990000, 0x00000000e1a589c0, 0x00000000e1aa0000)
  to   space 1088K,   0% used [0x00000000e1880000, 0x00000000e1880000, 0x00000000e1990000)
 concurrent mark-sweep generation total 121500K, used 71614K [0x00000000eb4a0000, 0x00000000f2b47000, 0x0000000100000000)
 Metaspace       used 88845K, capacity 93254K, committed 93568K, reserved 1130496K
  class space    used 10714K, capacity 11519K, committed 11648K, reserved 1048576K
}
2019-06-24T21:38:19.326+0000: 307438.339: Application time: 30.0032451 seconds
2019-06-24T21:38:19.327+0000: 307438.339: Application time: 0.0002121 seconds
2019-06-24T21:38:19.327+0000: 307438.339: Application time: 0.0001323 seconds
2019-06-24T21:38:22.237+0000: 307441.250: Application time: 2.9101482 seconds
2019-06-24T21:38:22.238+0000: 307441.250: Application time: 0.0000939 seconds
2019-06-24T21:38:22.238+0000: 307441.250: Application time: 0.0000833 seconds
2019-06-24T21:38:22.239+0000: 307441.251: Application time: 0.0001430 seconds
2019-06-24T21:38:22.239+0000: 307441.251: Application time: 0.0000830 seconds
2019-06-24T21:38:22.239+0000: 307441.251: Application time: 0.0000809 seconds
2019-06-24T21:38:22.239+0000: 307441.252: Application time: 0.0000874 seconds
2019-06-24T21:38:22.241+0000: 307441.254: Application time: 0.0018472 seconds
2019-06-24T21:38:23.390+0000: 307442.403: Application time: 1.1487460 seconds
2019-06-24T21:38:23.416+0000: 307442.428: Application time: 0.0251050 seconds
2019-06-24T21:39:02.266+0000: 307481.278: Application time: 38.8501402 seconds
2019-06-24T21:39:02.267+0000: 307481.279: Application time: 0.0002284 seconds
2019-06-24T21:39:02.267+0000: 307481.279: Application time: 0.0001894 seconds
2019-06-24T21:39:02.692+0000: 307481.705: Application time: 0.4251860 seconds
2019-06-24T21:39:02.725+0000: 307481.737: Application time: 0.0320302 seconds
2019-06-24T21:39:07.899+0000: 307486.911: Application time: 5.1738112 seconds
2019-06-24T21:39:07.899+0000: 307486.912: Application time: 0.0002017 seconds
2019-06-24T21:39:07.900+0000: 307486.912: Application time: 0.0001810 seconds
2019-06-24T21:39:07.900+0000: 307486.912: Application time: 0.0002009 seconds
2019-06-24T21:39:07.900+0000: 307486.913: Application time: 0.0001959 seconds
2019-06-24T21:39:07.901+0000: 307486.913: Application time: 0.0002107 seconds
2019-06-24T21:39:07.901+0000: 307486.913: Application time: 0.0002020 seconds
2019-06-24T21:39:07.903+0000: 307486.915: Application time: 0.0018377 seconds
2019-06-24T21:40:05.465+0000: 307544.478: Application time: 57.5620480 seconds
{Heap before GC invocations=2143 (full 168):
 par new generation   total 9792K, used 9506K [0x00000000e1000000, 0x00000000e1aa0000, 0x00000000eb4a0000)
  eden space 8704K, 100% used [0x00000000e1000000, 0x00000000e1880000, 0x00000000e1880000)
  from space 1088K,  73% used [0x00000000e1990000, 0x00000000e1a589c0, 0x00000000e1aa0000)
  to   space 1088K,   0% used [0x00000000e1880000, 0x00000000e1880000, 0x00000000e1990000)
 concurrent mark-sweep generation total 121500K, used 71614K [0x00000000eb4a0000, 0x00000000f2b47000, 0x0000000100000000)
 Metaspace       used 88886K, capacity 93320K, committed 93568K, reserved 1130496K
  class space    used 10720K, capacity 11530K, committed 11648K, reserved 1048576K
2019-06-24T21:40:05.466+0000: 307544.478: [GC (Allocation Failure) 2019-06-24T21:40:05.466+0000: 307544.478: [ParNew: 9506K->1088K(9792K), 0.0082932 secs] 81120K->73343K(131292K), 0.0083842 secs] [Times: user=0.01 sys=0.00, real=0.01 secs] 
Heap after GC invocations=2144 (full 168):
 par new generation   total 9792K, used 1088K [0x00000000e1000000, 0x00000000e1aa0000, 0x00000000eb4a0000)
  eden space 8704K,   0% used [0x00000000e1000000, 0x00000000e1000000, 0x00000000e1880000)
  from space 1088K, 100% used [0x00000000e1880000, 0x00000000e1990000, 0x00000000e1990000)
  to   space 1088K,   0% used [0x00000000e1990000, 0x00000000e1990000, 0x00000000e1aa0000)
 concurrent mark-sweep generation total 121500K, used 72255K [0x00000000eb4a0000, 0x00000000f2b47000, 0x0000000100000000)
 Metaspace       used 88886K, capacity 93320K, committed 93568K, reserved 1130496K
  class space    used 10720K, capacity 11530K, committed 11648K, reserved 1048576K
}
2019-06-24T21:40:07.905+0000: 307546.917: Application time: 2.4307296 seconds
2019-06-24T21:40:07.905+0000: 307546.918: Application time: 0.0001874 seconds
2019-06-24T21:40:07.905+0000: 307546.918: Application time: 0.0001498 seconds
2019-06-24T21:40:10.462+0000: 307549.474: Application time: 2.5561130 seconds
2019-06-24T21:40:10.508+0000: 307549.521: Application time: 0.0462253 seconds
2019-06-24T21:40:12.314+0000: 307551.326: Application time: 1.8052480 seconds
2019-06-24T21:40:12.314+0000: 307551.326: Application time: 0.0000692 seconds
2019-06-24T21:40:12.314+0000: 307551.326: Application time: 0.0000589 seconds
2019-06-24T21:40:12.314+0000: 307551.327: Application time: 0.0000626 seconds
2019-06-24T21:40:12.315+0000: 307551.327: Application time: 0.0000719 seconds
2019-06-24T21:40:12.315+0000: 307551.327: Application time: 0.0000700 seconds
2019-06-24T21:40:12.315+0000: 307551.327: Application time: 0.0000629 seconds
2019-06-24T21:40:12.316+0000: 307551.329: Application time: 0.0013483 seconds
2019-06-24T21:40:40.822+0000: 307579.834: Application time: 28.5054570 seconds
2019-06-24T21:40:40.848+0000: 307579.860: Application time: 0.0257041 seconds
2019-06-24T21:40:42.334+0000: 307581.346: Application time: 1.4856269 seconds
2019-06-24T21:40:42.334+0000: 307581.347: Application time: 0.0001762 seconds
2019-06-24T21:40:42.335+0000: 307581.347: Application time: 0.0001587 seconds
2019-06-24T21:40:49.348+0000: 307588.360: Application time: 7.0128675 seconds
2019-06-24T21:40:49.348+0000: 307588.361: Application time: 0.0004397 seconds
2019-06-24T21:40:49.349+0000: 307588.361: Application time: 0.0001349 seconds
2019-06-24T21:40:49.349+0000: 307588.362: Application time: 0.0001380 seconds
2019-06-24T21:40:49.350+0000: 307588.362: Application time: 0.0001287 seconds
2019-06-24T21:40:49.350+0000: 307588.362: Application time: 0.0001272 seconds
2019-06-24T21:40:49.350+0000: 307588.363: Application time: 0.0001354 seconds
2019-06-24T21:40:49.354+0000: 307588.366: Application time: 0.0029388 seconds
2019-06-24T21:43:19.372+0000: 307738.384: Application time: 150.0176212 seconds
2019-06-24T21:43:19.372+0000: 307738.384: Application time: 0.0002480 seconds
2019-06-24T21:43:19.373+0000: 307738.385: Application time: 0.0004518 seconds
2019-06-24T21:43:19.373+0000: 307738.385: Application time: 0.0002686 seconds
2019-06-24T21:43:22.443+0000: 307741.455: Application time: 3.0694478 seconds
2019-06-24T21:43:22.443+0000: 307741.455: Application time: 0.0000860 seconds
2019-06-24T21:43:22.443+0000: 307741.456: Application time: 0.0000801 seconds
2019-06-24T21:43:22.444+0000: 307741.456: Application time: 0.0000742 seconds
2019-06-24T21:43:22.444+0000: 307741.456: Application time: 0.0000470 seconds
2019-06-24T21:43:22.444+0000: 307741.456: Application time: 0.0000779 seconds
2019-06-24T21:43:22.446+0000: 307741.458: Application time: 0.0017531 seconds
2019-06-24T21:43:22.449+0000: 307741.461: Application time: 0.0023958 seconds
{Heap before GC invocations=2144 (full 168):
 par new generation   total 9792K, used 9792K [0x00000000e1000000, 0x00000000e1aa0000, 0x00000000eb4a0000)
  eden space 8704K, 100% used [0x00000000e1000000, 0x00000000e1880000, 0x00000000e1880000)
  from space 1088K, 100% used [0x00000000e1880000, 0x00000000e1990000, 0x00000000e1990000)
  to   space 1088K,   0% used [0x00000000e1990000, 0x00000000e1990000, 0x00000000e1aa0000)
 concurrent mark-sweep generation total 121500K, used 72255K [0x00000000eb4a0000, 0x00000000f2b47000, 0x0000000100000000)
 Metaspace       used 88886K, capacity 93320K, committed 93568K, reserved 1130496K
  class space    used 10720K, capacity 11530K, committed 11648K, reserved 1048576K
2019-06-24T21:43:22.449+0000: 307741.461: [GC (Allocation Failure) 2019-06-24T21:43:22.449+0000: 307741.461: [ParNew: 9792K->820K(9792K), 0.0041412 secs] 82047K->73389K(131292K), 0.0042006 secs] [Times: user=0.00 sys=0.01, real=0.00 secs] 
Heap after GC invocations=2145 (full 168):
 par new generation   total 9792K, used 820K [0x00000000e1000000, 0x00000000e1aa0000, 0x00000000eb4a0000)
  eden space 8704K,   0% used [0x00000000e1000000, 0x00000000e1000000, 0x00000000e1880000)
  from space 1088K,  75% used [0x00000000e1990000, 0x00000000e1a5d0a0, 0x00000000e1aa0000)
  to   space 1088K,   0% used [0x00000000e1880000, 0x00000000e1880000, 0x00000000e1990000)
 concurrent mark-sweep generation total 121500K, used 72569K [0x00000000eb4a0000, 0x00000000f2b47000, 0x0000000100000000)
 Metaspace       used 88886K, capacity 93320K, committed 93568K, reserved 1130496K
  class space    used 10720K, capacity 11530K, committed 11648K, reserved 1048576K
}
2019-06-24T21:43:23.106+0000: 307742.118: Application time: 0.6524354 seconds
2019-06-24T21:43:23.131+0000: 307742.144: Application time: 0.0253915 seconds
2019-06-24T21:44:22.490+0000: 307801.502: Application time: 59.3585565 seconds
2019-06-24T21:44:22.491+0000: 307801.503: Application time: 0.0001598 seconds
2019-06-24T21:44:22.491+0000: 307801.503: Application time: 0.0001720 seconds
2019-06-24T21:44:22.491+0000: 307801.504: Application time: 0.0001944 seconds
2019-06-24T21:44:22.492+0000: 307801.504: Application time: 0.0001891 seconds
2019-06-24T21:44:25.007+0000: 307804.020: Application time: 2.5157331 seconds
2019-06-24T21:44:25.037+0000: 307804.050: Application time: 0.0295237 seconds
2019-06-24T21:44:32.497+0000: 307811.510: Application time: 7.4598696 seconds
2019-06-24T21:44:32.498+0000: 307811.510: Application time: 0.0000924 seconds
2019-06-24T21:44:32.498+0000: 307811.510: Application time: 0.0001110 seconds
2019-06-24T21:44:32.498+0000: 307811.511: Application time: 0.0000764 seconds
2019-06-24T21:44:32.498+0000: 307811.511: Application time: 0.0000801 seconds
2019-06-24T21:44:32.501+0000: 307811.513: Application time: 0.0019072 seconds
2019-06-24T21:48:09.335+0000: 308028.348: Application time: 216.8347232 seconds
2019-06-24T21:48:52.706+0000: 308071.718: Application time: 43.3700537 seconds
{Heap before GC invocations=2145 (full 168):
 par new generation   total 9792K, used 9524K [0x00000000e1000000, 0x00000000e1aa0000, 0x00000000eb4a0000)
  eden space 8704K, 100% used [0x00000000e1000000, 0x00000000e1880000, 0x00000000e1880000)
  from space 1088K,  75% used [0x00000000e1990000, 0x00000000e1a5d0a0, 0x00000000e1aa0000)
  to   space 1088K,   0% used [0x00000000e1880000, 0x00000000e1880000, 0x00000000e1990000)
 concurrent mark-sweep generation total 121500K, used 72569K [0x00000000eb4a0000, 0x00000000f2b47000, 0x0000000100000000)
 Metaspace       used 88886K, capacity 93320K, committed 93568K, reserved 1130496K
  class space    used 10720K, capacity 11530K, committed 11648K, reserved 1048576K
2019-06-24T21:48:52.706+0000: 308071.718: [GC (Allocation Failure) 2019-06-24T21:48:52.706+0000: 308071.718: [ParNew: 9524K->842K(9792K), 0.0037759 secs] 82093K->73695K(131292K), 0.0038470 secs] [Times: user=0.01 sys=0.00, real=0.01 secs] 
Heap after GC invocations=2146 (full 168):
 par new generation   total 9792K, used 842K [0x00000000e1000000, 0x00000000e1aa0000, 0x00000000eb4a0000)
  eden space 8704K,   0% used [0x00000000e1000000, 0x00000000e1000000, 0x00000000e1880000)
  from space 1088K,  77% used [0x00000000e1880000, 0x00000000e1952a30, 0x00000000e1990000)
  to   space 1088K,   0% used [0x00000000e1990000, 0x00000000e1990000, 0x00000000e1aa0000)
 concurrent mark-sweep generation total 121500K, used 72852K [0x00000000eb4a0000, 0x00000000f2b47000, 0x0000000100000000)
 Metaspace       used 88886K, capacity 93320K, committed 93568K, reserved 1130496K
  class space    used 10720K, capacity 11530K, committed 11648K, reserved 1048576K
}
2019-06-24T21:50:22.777+0000: 308161.789: Application time: 90.0664845 seconds
2019-06-24T21:50:32.783+0000: 308171.795: Application time: 10.0059169 seconds
2019-06-24T21:56:09.318+0000: 308508.330: Application time: 336.5349381 seconds
{Heap before GC invocations=2146 (full 168):
 par new generation   total 9792K, used 9544K [0x00000000e1000000, 0x00000000e1aa0000, 0x00000000eb4a0000)
  eden space 8704K,  99% used [0x00000000e1000000, 0x00000000e187f9a0, 0x00000000e1880000)
  from space 1088K,  77% used [0x00000000e1880000, 0x00000000e1952a30, 0x00000000e1990000)
  to   space 1088K,   0% used [0x00000000e1990000, 0x00000000e1990000, 0x00000000e1aa0000)
 concurrent mark-sweep generation total 121500K, used 72852K [0x00000000eb4a0000, 0x00000000f2b47000, 0x0000000100000000)
 Metaspace       used 88886K, capacity 93320K, committed 93568K, reserved 1130496K
  class space    used 10720K, capacity 11530K, committed 11648K, reserved 1048576K
2019-06-24T21:56:09.318+0000: 308508.331: [GC (Allocation Failure) 2019-06-24T21:56:09.318+0000: 308508.331: [ParNew: 9544K->424K(9792K), 0.0031609 secs] 82397K->73608K(131292K), 0.0032133 secs] [Times: user=0.00 sys=0.01, real=0.00 secs] 
Heap after GC invocations=2147 (full 168):
 par new generation   total 9792K, used 424K [0x00000000e1000000, 0x00000000e1aa0000, 0x00000000eb4a0000)
  eden space 8704K,   0% used [0x00000000e1000000, 0x00000000e1000000, 0x00000000e1880000)
  from space 1088K,  39% used [0x00000000e1990000, 0x00000000e19fa2c0, 0x00000000e1aa0000)
  to   space 1088K,   0% used [0x00000000e1880000, 0x00000000e1880000, 0x00000000e1990000)
 concurrent mark-sweep generation total 121500K, used 73183K [0x00000000eb4a0000, 0x00000000f2b47000, 0x0000000100000000)
 Metaspace       used 88886K, capacity 93320K, committed 93568K, reserved 1130496K
  class space    used 10720K, capacity 11530K, committed 11648K, reserved 1048576K
}
2019-06-24T21:56:09.322+0000: 308508.334: Application time: 0.0001541 seconds
2019-06-24T21:56:09.322+0000: 308508.334: [GC (CMS Initial Mark) [1 CMS-initial-mark: 73183K(121500K)] 73634K(131292K), 0.0025431 secs] [Times: user=0.00 sys=0.00, real=0.00 secs] 
2019-06-24T21:56:09.325+0000: 308508.337: [CMS-concurrent-mark-start]
2019-06-24T21:56:09.451+0000: 308508.463: [CMS-concurrent-mark: 0.126/0.126 secs] [Times: user=0.13 sys=0.00, real=0.13 secs] 
2019-06-24T21:56:09.451+0000: 308508.463: [CMS-concurrent-preclean-start]
2019-06-24T21:56:09.452+0000: 308508.465: [CMS-concurrent-preclean: 0.002/0.002 secs] [Times: user=0.00 sys=0.00, real=0.00 secs] 
2019-06-24T21:56:09.453+0000: 308508.465: Application time: 0.1277781 seconds
2019-06-24T21:56:09.453+0000: 308508.465: [GC (CMS Final Remark) [YG occupancy: 510 K (9792 K)]2019-06-24T21:56:09.453+0000: 308508.465: [Rescan (parallel) , 0.0032753 secs]2019-06-24T21:56:09.456+0000: 308508.468: [weak refs processing, 0.0020310 secs]2019-06-24T21:56:09.458+0000: 308508.470: [class unloading, 0.0300350 secs]2019-06-24T21:56:09.488+0000: 308508.500: [scrub symbol table, 0.0199672 secs]2019-06-24T21:56:09.508+0000: 308508.520: [scrub string table, 0.0016034 secs][1 CMS-remark: 73183K(121500K)] 73693K(131292K), 0.0704306 secs] [Times: user=0.07 sys=0.00, real=0.07 secs] 
2019-06-24T21:56:09.524+0000: 308508.536: [CMS-concurrent-sweep-start]
2019-06-24T21:56:09.559+0000: 308508.572: [CMS-concurrent-sweep: 0.036/0.036 secs] [Times: user=0.04 sys=0.00, real=0.04 secs] 
2019-06-24T21:56:09.559+0000: 308508.572: [CMS-concurrent-reset-start]
2019-06-24T21:56:09.560+0000: 308508.572: [CMS-concurrent-reset: 0.000/0.000 secs] [Times: user=0.00 sys=0.00, real=0.00 secs] 
2019-06-24T21:56:10.523+0000: 308509.536: Application time: 1.0001580 seconds
2019-06-24T21:56:13.524+0000: 308512.537: Application time: 3.0007376 seconds
2019-06-24T21:56:23.527+0000: 308522.539: Application time: 10.0019829 seconds
2019-06-24T21:56:31.528+0000: 308530.540: Application time: 8.0014491 seconds
2019-06-24T21:56:39.529+0000: 308538.542: Application time: 8.0011387 seconds
2019-06-24T21:57:08.534+0000: 308567.546: Application time: 29.0044337 seconds
2019-06-24T21:57:31.538+0000: 308590.551: Application time: 23.0039954 seconds
2019-06-24T21:57:39.540+0000: 308598.552: Application time: 8.0014357 seconds
2019-06-24T21:58:13.545+0000: 308632.558: Application time: 34.0052727 seconds
2019-06-24T22:01:58.081+0000: 308857.094: Application time: 224.5359155 seconds
{Heap before GC invocations=2147 (full 169):
 par new generation   total 9792K, used 8941K [0x00000000e1000000, 0x00000000e1aa0000, 0x00000000eb4a0000)
  eden space 8704K,  97% used [0x00000000e1000000, 0x00000000e18512b0, 0x00000000e1880000)
  from space 1088K,  39% used [0x00000000e1990000, 0x00000000e19fa2c0, 0x00000000e1aa0000)
  to   space 1088K,   0% used [0x00000000e1880000, 0x00000000e1880000, 0x00000000e1990000)
 concurrent mark-sweep generation total 121500K, used 69109K [0x00000000eb4a0000, 0x00000000f2b47000, 0x0000000100000000)
 Metaspace       used 88810K, capacity 93194K, committed 93568K, reserved 1130496K
  class space    used 10709K, capacity 11509K, committed 11648K, reserved 1048576K
2019-06-24T22:01:58.082+0000: 308857.094: [GC (Allocation Failure) 2019-06-24T22:01:58.082+0000: 308857.094: [ParNew: 8941K->1000K(9792K), 0.0049562 secs] 78051K->70110K(131292K), 0.0050207 secs] [Times: user=0.00 sys=0.01, real=0.00 secs] 
Heap after GC invocations=2148 (full 169):
 par new generation   total 9792K, used 1000K [0x00000000e1000000, 0x00000000e1aa0000, 0x00000000eb4a0000)
  eden space 8704K,   0% used [0x00000000e1000000, 0x00000000e1000000, 0x00000000e1880000)
  from space 1088K,  91% used [0x00000000e1880000, 0x00000000e197a230, 0x00000000e1990000)
  to   space 1088K,   0% used [0x00000000e1990000, 0x00000000e1990000, 0x00000000e1aa0000)
 concurrent mark-sweep generation total 121500K, used 69109K [0x00000000eb4a0000, 0x00000000f2b47000, 0x0000000100000000)
 Metaspace       used 88810K, capacity 93194K, committed 93568K, reserved 1130496K
  class space    used 10709K, capacity 11509K, committed 11648K, reserved 1048576K
}
2019-06-24T22:01:59.087+0000: 308858.100: Application time: 1.0006043 seconds
2019-06-24T22:02:03.079+0000: 308862.091: Application time: 3.9911744 seconds
2019-06-24T22:02:03.111+0000: 308862.123: Application time: 0.0320750 seconds
2019-06-24T22:02:03.251+0000: 308862.264: Application time: 0.1396913 seconds
2019-06-24T22:02:03.252+0000: 308862.264: Application time: 0.0000924 seconds
2019-06-24T22:02:03.252+0000: 308862.264: Application time: 0.0000869 seconds
2019-06-24T22:02:03.252+0000: 308862.265: Application time: 0.0001912 seconds
2019-06-24T22:02:03.253+0000: 308862.265: Application time: 0.0001826 seconds
2019-06-24T22:02:07.981+0000: 308866.994: Application time: 4.7284710 seconds
2019-06-24T22:02:07.982+0000: 308866.994: Application time: 0.0000848 seconds
2019-06-24T22:02:07.982+0000: 308866.994: Application time: 0.0000630 seconds
2019-06-24T22:02:07.982+0000: 308866.994: Application time: 0.0000618 seconds
2019-06-24T22:02:07.982+0000: 308866.994: Application time: 0.0000653 seconds
2019-06-24T22:02:07.984+0000: 308866.996: Application time: 0.0015874 seconds
2019-06-24T22:05:09.013+0000: 309048.025: Application time: 181.0287578 seconds
2019-06-24T22:05:13.399+0000: 309052.412: Application time: 4.3865877 seconds
2019-06-24T22:05:13.400+0000: 309052.412: Application time: 0.0000701 seconds
2019-06-24T22:05:13.400+0000: 309052.412: Application time: 0.0000810 seconds
2019-06-24T22:05:13.400+0000: 309052.413: Application time: 0.0001799 seconds
2019-06-24T22:05:13.401+0000: 309052.413: Application time: 0.0001592 seconds
2019-06-24T22:05:13.508+0000: 309052.521: Application time: 0.1069870 seconds
2019-06-24T22:05:13.535+0000: 309052.547: Application time: 0.0262608 seconds
2019-06-24T22:05:19.562+0000: 309058.574: Application time: 6.0269525 seconds
2019-06-24T22:05:19.562+0000: 309058.574: Application time: 0.0000758 seconds
2019-06-24T22:05:19.562+0000: 309058.575: Application time: 0.0000608 seconds
2019-06-24T22:05:19.563+0000: 309058.575: Application time: 0.0000577 seconds
2019-06-24T22:05:19.563+0000: 309058.575: Application time: 0.0000577 seconds
2019-06-24T22:05:19.563+0000: 309058.575: Application time: 0.0000552 seconds
2019-06-24T22:05:19.563+0000: 309058.575: Application time: 0.0001464 seconds
2019-06-24T22:05:19.563+0000: 309058.576: Application time: 0.0001573 seconds
2019-06-24T22:05:19.565+0000: 309058.577: Application time: 0.0011525 seconds
2019-06-24T22:06:39.454+0000: 309138.466: Application time: 79.8887951 seconds
{Heap before GC invocations=2148 (full 169):
 par new generation   total 9792K, used 9704K [0x00000000e1000000, 0x00000000e1aa0000, 0x00000000eb4a0000)
  eden space 8704K, 100% used [0x00000000e1000000, 0x00000000e1880000, 0x00000000e1880000)
  from space 1088K,  91% used [0x00000000e1880000, 0x00000000e197a230, 0x00000000e1990000)
  to   space 1088K,   0% used [0x00000000e1990000, 0x00000000e1990000, 0x00000000e1aa0000)
 concurrent mark-sweep generation total 121500K, used 69109K [0x00000000eb4a0000, 0x00000000f2b47000, 0x0000000100000000)
 Metaspace       used 88813K, capacity 93200K, committed 93568K, reserved 1130496K
  class space    used 10709K, capacity 11510K, committed 11648K, reserved 1048576K
2019-06-24T22:06:39.454+0000: 309138.466: [GC (Allocation Failure) 2019-06-24T22:06:39.454+0000: 309138.466: [ParNew: 9704K->633K(9792K), 0.0043753 secs] 78814K->69990K(131292K), 0.0045114 secs] [Times: user=0.01 sys=0.00, real=0.01 secs] 
Heap after GC invocations=2149 (full 169):
 par new generation   total 9792K, used 633K [0x00000000e1000000, 0x00000000e1aa0000, 0x00000000eb4a0000)
  eden space 8704K,   0% used [0x00000000e1000000, 0x00000000e1000000, 0x00000000e1880000)
  from space 1088K,  58% used [0x00000000e1990000, 0x00000000e1a2e540, 0x00000000e1aa0000)
  to   space 1088K,   0% used [0x00000000e1880000, 0x00000000e1880000, 0x00000000e1990000)
 concurrent mark-sweep generation total 121500K, used 69356K [0x00000000eb4a0000, 0x00000000f2b47000, 0x0000000100000000)
 Metaspace       used 88813K, capacity 93200K, committed 93568K, reserved 1130496K
  class space    used 10709K, capacity 11510K, committed 11648K, reserved 1048576K
}
2019-06-24T22:06:44.459+0000: 309143.472: Application time: 5.0008186 seconds
2019-06-24T22:07:03.464+0000: 309162.476: Application time: 19.0041846 seconds
2019-06-24T22:07:03.465+0000: 309162.477: Application time: 0.0005183 seconds
2019-06-24T22:07:03.465+0000: 309162.477: Application time: 0.0000672 seconds
2019-06-24T22:07:03.465+0000: 309162.477: Application time: 0.0000580 seconds
2019-06-24T22:07:03.465+0000: 309162.478: Application time: 0.0000609 seconds
2019-06-24T22:07:03.465+0000: 309162.478: Application time: 0.0000577 seconds
2019-06-24T22:07:03.466+0000: 309162.478: Application time: 0.0000599 seconds
2019-06-24T22:07:05.544+0000: 309164.556: Application time: 2.0779739 seconds
2019-06-24T22:07:05.569+0000: 309164.581: Application time: 0.0245984 seconds
2019-06-24T22:07:07.997+0000: 309167.010: Application time: 2.4284803 seconds
2019-06-24T22:07:07.998+0000: 309167.010: Application time: 0.0000884 seconds
2019-06-24T22:07:07.998+0000: 309167.010: Application time: 0.0002017 seconds
2019-06-24T22:07:07.998+0000: 309167.010: Application time: 0.0001404 seconds
2019-06-24T22:07:08.002+0000: 309167.014: Application time: 0.0033941 seconds
2019-06-24T22:07:29.099+0000: 309188.112: Application time: 21.0974736 seconds
2019-06-24T22:07:29.130+0000: 309188.142: Application time: 0.0303429 seconds
2019-06-24T22:07:33.488+0000: 309192.500: Application time: 4.3575604 seconds
2019-06-24T22:07:33.488+0000: 309192.501: Application time: 0.0001916 seconds
2019-06-24T22:07:33.489+0000: 309192.501: Application time: 0.0000891 seconds
2019-06-24T22:07:33.489+0000: 309192.501: Application time: 0.0000894 seconds
2019-06-24T22:07:33.489+0000: 309192.501: Application time: 0.0000824 seconds
2019-06-24T22:07:33.489+0000: 309192.502: Application time: 0.0000872 seconds
2019-06-24T22:07:33.490+0000: 309192.502: Application time: 0.0000878 seconds
2019-06-24T22:07:38.635+0000: 309197.647: Application time: 5.1449166 seconds
2019-06-24T22:07:38.669+0000: 309197.681: Application time: 0.0337170 seconds
2019-06-24T22:07:43.497+0000: 309202.509: Application time: 4.8275665 seconds
2019-06-24T22:07:43.497+0000: 309202.509: Application time: 0.0000693 seconds
2019-06-24T22:07:43.497+0000: 309202.509: Application time: 0.0000582 seconds
2019-06-24T22:07:43.497+0000: 309202.509: Application time: 0.0000619 seconds
2019-06-24T22:07:43.497+0000: 309202.510: Application time: 0.0000718 seconds
2019-06-24T22:07:43.497+0000: 309202.510: Application time: 0.0000566 seconds
2019-06-24T22:07:43.498+0000: 309202.510: Application time: 0.0000565 seconds
2019-06-24T22:07:49.585+0000: 309208.597: Application time: 6.0867440 seconds
2019-06-24T22:07:49.585+0000: 309208.597: Application time: 0.0002288 seconds
2019-06-24T22:07:49.585+0000: 309208.598: Application time: 0.0002022 seconds
2019-06-24T22:07:49.587+0000: 309208.599: Application time: 0.0012555 seconds
2019-06-24T22:08:18.771+0000: 309237.783: Application time: 29.1838076 seconds
{Heap before GC invocations=2149 (full 169):
 par new generation   total 9792K, used 9307K [0x00000000e1000000, 0x00000000e1aa0000, 0x00000000eb4a0000)
  eden space 8704K,  99% used [0x00000000e1000000, 0x00000000e1878a90, 0x00000000e1880000)
  from space 1088K,  58% used [0x00000000e1990000, 0x00000000e1a2e540, 0x00000000e1aa0000)
  to   space 1088K,   0% used [0x00000000e1880000, 0x00000000e1880000, 0x00000000e1990000)
 concurrent mark-sweep generation total 121500K, used 69356K [0x00000000eb4a0000, 0x00000000f2b47000, 0x0000000100000000)
 Metaspace       used 88817K, capacity 93206K, committed 93568K, reserved 1130496K
  class space    used 10710K, capacity 11511K, committed 11648K, reserved 1048576K
2019-06-24T22:08:18.771+0000: 309237.783: [GC (Allocation Failure) 2019-06-24T22:08:18.771+0000: 309237.783: [ParNew: 9307K->1088K(9792K), 0.0036365 secs] 78664K->70492K(131292K), 0.0037011 secs] [Times: user=0.01 sys=0.00, real=0.00 secs] 
Heap after GC invocations=2150 (full 169):
 par new generation   total 9792K, used 1088K [0x00000000e1000000, 0x00000000e1aa0000, 0x00000000eb4a0000)
  eden space 8704K,   0% used [0x00000000e1000000, 0x00000000e1000000, 0x00000000e1880000)
  from space 1088K, 100% used [0x00000000e1880000, 0x00000000e1990000, 0x00000000e1990000)
  to   space 1088K,   0% used [0x00000000e1990000, 0x00000000e1990000, 0x00000000e1aa0000)
 concurrent mark-sweep generation total 121500K, used 69404K [0x00000000eb4a0000, 0x00000000f2b47000, 0x0000000100000000)
 Metaspace       used 88817K, capacity 93206K, committed 93568K, reserved 1130496K
  class space    used 10710K, capacity 11511K, committed 11648K, reserved 1048576K
}
2019-06-24T22:08:19.589+0000: 309238.601: Application time: 0.8143426 seconds
2019-06-24T22:08:19.589+0000: 309238.602: Application time: 0.0001785 seconds
2019-06-24T22:08:19.590+0000: 309238.602: Application time: 0.0001641 seconds
2019-06-24T22:08:19.591+0000: 309238.603: Application time: 0.0007159 seconds
2019-06-24T22:08:19.591+0000: 309238.603: Application time: 0.0000731 seconds
2019-06-24T22:08:19.591+0000: 309238.603: Application time: 0.0000596 seconds
2019-06-24T22:08:19.591+0000: 309238.603: Application time: 0.0000635 seconds
2019-06-24T22:08:23.530+0000: 309242.542: Application time: 3.9383060 seconds
2019-06-24T22:08:23.530+0000: 309242.542: Application time: 0.0002201 seconds
2019-06-24T22:08:23.530+0000: 309242.543: Application time: 0.0001977 seconds
2019-06-24T22:08:23.532+0000: 309242.544: Application time: 0.0014330 seconds
2019-06-24T22:08:23.767+0000: 309242.780: Application time: 0.2352503 seconds
2019-06-24T22:08:23.798+0000: 309242.810: Application time: 0.0302182 seconds
2019-06-24T22:09:53.425+0000: 309332.437: Application time: 89.6268026 seconds
2019-06-24T22:09:53.425+0000: 309332.438: Application time: 0.0000677 seconds
2019-06-24T22:09:53.426+0000: 309332.438: Application time: 0.0000676 seconds
2019-06-24T22:09:53.426+0000: 309332.439: Application time: 0.0000860 seconds
2019-06-24T22:09:53.426+0000: 309332.439: Application time: 0.0000757 seconds
2019-06-24T22:09:53.441+0000: 309332.454: Application time: 0.0000901 seconds
2019-06-24T22:09:53.442+0000: 309332.454: Application time: 0.0000767 seconds
2019-06-24T22:09:53.602+0000: 309332.615: Application time: 0.1604788 seconds
2019-06-24T22:09:53.603+0000: 309332.615: Application time: 0.0001962 seconds
2019-06-24T22:09:53.603+0000: 309332.615: Application time: 0.0001585 seconds
2019-06-24T22:09:53.603+0000: 309332.616: Application time: 0.0001361 seconds
2019-06-24T22:09:53.604+0000: 309332.616: Application time: 0.0001549 seconds
2019-06-24T22:09:53.604+0000: 309332.616: Application time: 0.0001590 seconds
2019-06-24T22:09:58.442+0000: 309337.455: Application time: 4.8384778 seconds
2019-06-24T22:09:58.469+0000: 309337.481: Application time: 0.0259622 seconds
2019-06-24T22:10:03.610+0000: 309342.622: Application time: 5.1406095 seconds
2019-06-24T22:10:03.610+0000: 309342.622: Application time: 0.0000951 seconds
2019-06-24T22:10:03.610+0000: 309342.623: Application time: 0.0002041 seconds
2019-06-24T22:10:03.611+0000: 309342.623: Application time: 0.0001856 seconds
2019-06-24T22:10:03.612+0000: 309342.624: Application time: 0.0013264 seconds
2019-06-24T22:10:23.632+0000: 309362.645: Application time: 20.0200293 seconds
{Heap before GC invocations=2150 (full 169):
 par new generation   total 9792K, used 9792K [0x00000000e1000000, 0x00000000e1aa0000, 0x00000000eb4a0000)
  eden space 8704K, 100% used [0x00000000e1000000, 0x00000000e1880000, 0x00000000e1880000)
  from space 1088K, 100% used [0x00000000e1880000, 0x00000000e1990000, 0x00000000e1990000)
  to   space 1088K,   0% used [0x00000000e1990000, 0x00000000e1990000, 0x00000000e1aa0000)
 concurrent mark-sweep generation total 121500K, used 69404K [0x00000000eb4a0000, 0x00000000f2b47000, 0x0000000100000000)
 Metaspace       used 88844K, capacity 93242K, committed 93568K, reserved 1130496K
  class space    used 10713K, capacity 11517K, committed 11648K, reserved 1048576K
2019-06-24T22:10:23.654+0000: 309362.666: [GC (Allocation Failure) 2019-06-24T22:10:23.654+0000: 309362.666: [ParNew: 9792K->928K(9792K), 0.0041030 secs] 79196K->70781K(131292K), 0.0041873 secs] [Times: user=0.01 sys=0.00, real=0.01 secs] 
Heap after GC invocations=2151 (full 169):
 par new generation   total 9792K, used 928K [0x00000000e1000000, 0x00000000e1aa0000, 0x00000000eb4a0000)
  eden space 8704K,   0% used [0x00000000e1000000, 0x00000000e1000000, 0x00000000e1880000)
  from space 1088K,  85% used [0x00000000e1990000, 0x00000000e1a78020, 0x00000000e1aa0000)
  to   space 1088K,   0% used [0x00000000e1880000, 0x00000000e1880000, 0x00000000e1990000)
 concurrent mark-sweep generation total 121500K, used 69853K [0x00000000eb4a0000, 0x00000000f2b47000, 0x0000000100000000)
 Metaspace       used 88844K, capacity 93242K, committed 93568K, reserved 1130496K
  class space    used 10713K, capacity 11517K, committed 11648K, reserved 1048576K
}
2019-06-24T22:12:43.681+0000: 309502.694: Application time: 140.0228095 seconds
2019-06-24T22:12:43.747+0000: 309502.759: Application time: 0.0657596 seconds
2019-06-24T22:12:43.748+0000: 309502.760: Application time: 0.0000937 seconds
2019-06-24T22:12:43.748+0000: 309502.760: Application time: 0.0000945 seconds
2019-06-24T22:12:43.748+0000: 309502.760: Application time: 0.0000816 seconds
2019-06-24T22:12:43.748+0000: 309502.761: Application time: 0.0000807 seconds
2019-06-24T22:12:43.749+0000: 309502.761: Application time: 0.0001500 seconds
2019-06-24T22:12:48.334+0000: 309507.347: Application time: 4.5854520 seconds
2019-06-24T22:12:48.359+0000: 309507.371: Application time: 0.0243909 seconds
2019-06-24T22:12:49.635+0000: 309508.647: Application time: 1.2756334 seconds
2019-06-24T22:12:49.635+0000: 309508.648: Application time: 0.0000749 seconds
2019-06-24T22:12:49.636+0000: 309508.648: Application time: 0.0001652 seconds
2019-06-24T22:12:49.636+0000: 309508.648: Application time: 0.0001835 seconds
2019-06-24T22:12:49.637+0000: 309508.650: Application time: 0.0014098 seconds
2019-06-24T22:13:09.496+0000: 309528.509: Application time: 19.8590552 seconds
2019-06-24T22:14:00.520+0000: 309579.533: Application time: 51.0235935 seconds
2019-06-24T22:14:00.546+0000: 309579.558: Application time: 0.0254773 seconds
2019-06-24T22:14:03.808+0000: 309582.820: Application time: 3.2613816 seconds
2019-06-24T22:14:03.808+0000: 309582.820: Application time: 0.0000880 seconds
2019-06-24T22:14:03.809+0000: 309582.821: Application time: 0.0000889 seconds
2019-06-24T22:14:03.809+0000: 309582.821: Application time: 0.0000746 seconds
2019-06-24T22:14:03.809+0000: 309582.821: Application time: 0.0000735 seconds
2019-06-24T22:14:03.809+0000: 309582.822: Application time: 0.0000803 seconds
2019-06-24T22:14:08.021+0000: 309587.033: Application time: 4.2117205 seconds
2019-06-24T22:14:08.022+0000: 309587.034: Application time: 0.0001872 seconds
2019-06-24T22:14:08.022+0000: 309587.034: Application time: 0.0001887 seconds
2019-06-24T22:14:08.022+0000: 309587.035: Application time: 0.0002502 seconds
2019-06-24T22:14:08.023+0000: 309587.035: Application time: 0.0002192 seconds
2019-06-24T22:14:08.024+0000: 309587.037: Application time: 0.0014852 seconds
2019-06-24T22:14:09.505+0000: 309588.517: Application time: 1.4800357 seconds
{Heap before GC invocations=2151 (full 169):
 par new generation   total 9792K, used 9632K [0x00000000e1000000, 0x00000000e1aa0000, 0x00000000eb4a0000)
  eden space 8704K, 100% used [0x00000000e1000000, 0x00000000e1880000, 0x00000000e1880000)
  from space 1088K,  85% used [0x00000000e1990000, 0x00000000e1a78020, 0x00000000e1aa0000)
  to   space 1088K,   0% used [0x00000000e1880000, 0x00000000e1880000, 0x00000000e1990000)
 concurrent mark-sweep generation total 121500K, used 69853K [0x00000000eb4a0000, 0x00000000f2b47000, 0x0000000100000000)
 Metaspace       used 88846K, capacity 93248K, committed 93568K, reserved 1130496K
  class space    used 10713K, capacity 11518K, committed 11648K, reserved 1048576K
2019-06-24T22:14:09.505+0000: 309588.517: [GC (Allocation Failure) 2019-06-24T22:14:09.505+0000: 309588.517: [ParNew: 9632K->710K(9792K), 0.0036692 secs] 79485K->70915K(131292K), 0.0037455 secs] [Times: user=0.01 sys=0.00, real=0.01 secs] 
Heap after GC invocations=2152 (full 169):
 par new generation   total 9792K, used 710K [0x00000000e1000000, 0x00000000e1aa0000, 0x00000000eb4a0000)
  eden space 8704K,   0% used [0x00000000e1000000, 0x00000000e1000000, 0x00000000e1880000)
  from space 1088K,  65% used [0x00000000e1880000, 0x00000000e1931b90, 0x00000000e1990000)
  to   space 1088K,   0% used [0x00000000e1990000, 0x00000000e1990000, 0x00000000e1aa0000)
 concurrent mark-sweep generation total 121500K, used 70204K [0x00000000eb4a0000, 0x00000000f2b47000, 0x0000000100000000)
 Metaspace       used 88846K, capacity 93248K, committed 93568K, reserved 1130496K
  class space    used 10713K, capacity 11518K, committed 11648K, reserved 1048576K
}
2019-06-24T22:21:34.125+0000: 310033.137: Application time: 444.6163576 seconds
{Heap before GC invocations=2152 (full 169):
 par new generation   total 9792K, used 9414K [0x00000000e1000000, 0x00000000e1aa0000, 0x00000000eb4a0000)
  eden space 8704K, 100% used [0x00000000e1000000, 0x00000000e1880000, 0x00000000e1880000)
  from space 1088K,  65% used [0x00000000e1880000, 0x00000000e1931b90, 0x00000000e1990000)
  to   space 1088K,   0% used [0x00000000e1990000, 0x00000000e1990000, 0x00000000e1aa0000)
 concurrent mark-sweep generation total 121500K, used 70204K [0x00000000eb4a0000, 0x00000000f2b47000, 0x0000000100000000)
 Metaspace       used 88846K, capacity 93248K, committed 93568K, reserved 1130496K
  class space    used 10713K, capacity 11518K, committed 11648K, reserved 1048576K
2019-06-24T22:21:34.125+0000: 310033.138: [GC (Allocation Failure) 2019-06-24T22:21:34.125+0000: 310033.138: [ParNew: 9414K->985K(9792K), 0.0033168 secs] 79619K->71507K(131292K), 0.0033698 secs] [Times: user=0.00 sys=0.01, real=0.01 secs] 
Heap after GC invocations=2153 (full 169):
 par new generation   total 9792K, used 985K [0x00000000e1000000, 0x00000000e1aa0000, 0x00000000eb4a0000)
  eden space 8704K,   0% used [0x00000000e1000000, 0x00000000e1000000, 0x00000000e1880000)
  from space 1088K,  90% used [0x00000000e1990000, 0x00000000e1a86660, 0x00000000e1aa0000)
  to   space 1088K,   0% used [0x00000000e1880000, 0x00000000e1880000, 0x00000000e1990000)
 concurrent mark-sweep generation total 121500K, used 70521K [0x00000000eb4a0000, 0x00000000f2b47000, 0x0000000100000000)
 Metaspace       used 88846K, capacity 93248K, committed 93568K, reserved 1130496K
  class space    used 10713K, capacity 11518K, committed 11648K, reserved 1048576K
}
2019-06-24T22:22:40.139+0000: 310099.151: Application time: 66.0102975 seconds
2019-06-24T22:23:44.208+0000: 310163.220: Application time: 64.0685178 seconds
2019-06-24T22:27:32.244+0000: 310391.256: Application time: 228.0357151 seconds
2019-06-24T22:28:09.588+0000: 310428.601: Application time: 37.3441465 seconds
2019-06-24T22:28:09.589+0000: 310428.601: Application time: 0.0000546 seconds
2019-06-24T22:28:09.589+0000: 310428.601: Application time: 0.0000881 seconds
2019-06-24T22:28:09.589+0000: 310428.601: Application time: 0.0000865 seconds
2019-06-24T22:28:09.589+0000: 310428.602: Application time: 0.0000840 seconds
2019-06-24T22:28:09.590+0000: 310428.602: Application time: 0.0000872 seconds
2019-06-24T22:28:09.590+0000: 310428.602: Application time: 0.0000853 seconds
2019-06-24T22:28:09.590+0000: 310428.602: Application time: 0.0000838 seconds
2019-06-24T22:28:09.590+0000: 310428.603: Application time: 0.0000838 seconds
2019-06-24T22:28:09.591+0000: 310428.603: Application time: 0.0000995 seconds
2019-06-24T22:28:39.605+0000: 310458.617: Application time: 30.0139193 seconds
{Heap before GC invocations=2153 (full 169):
 par new generation   total 9792K, used 9689K [0x00000000e1000000, 0x00000000e1aa0000, 0x00000000eb4a0000)
  eden space 8704K, 100% used [0x00000000e1000000, 0x00000000e1880000, 0x00000000e1880000)
  from space 1088K,  90% used [0x00000000e1990000, 0x00000000e1a86660, 0x00000000e1aa0000)
  to   space 1088K,   0% used [0x00000000e1880000, 0x00000000e1880000, 0x00000000e1990000)
 concurrent mark-sweep generation total 121500K, used 70521K [0x00000000eb4a0000, 0x00000000f2b47000, 0x0000000100000000)
 Metaspace       used 88852K, capacity 93248K, committed 93568K, reserved 1130496K
  class space    used 10713K, capacity 11518K, committed 11648K, reserved 1048576K
2019-06-24T22:28:39.605+0000: 310458.617: [GC (Allocation Failure) 2019-06-24T22:28:39.605+0000: 310458.617: [ParNew: 9689K->613K(9792K), 0.0028722 secs] 80211K->71134K(131292K), 0.0029280 secs] [Times: user=0.00 sys=0.01, real=0.00 secs] 
Heap after GC invocations=2154 (full 169):
 par new generation   total 9792K, used 613K [0x00000000e1000000, 0x00000000e1aa0000, 0x00000000eb4a0000)
  eden space 8704K,   0% used [0x00000000e1000000, 0x00000000e1000000, 0x00000000e1880000)
  from space 1088K,  56% used [0x00000000e1880000, 0x00000000e1919610, 0x00000000e1990000)
  to   space 1088K,   0% used [0x00000000e1990000, 0x00000000e1990000, 0x00000000e1aa0000)
 concurrent mark-sweep generation total 121500K, used 70521K [0x00000000eb4a0000, 0x00000000f2b47000, 0x0000000100000000)
 Metaspace       used 88852K, capacity 93248K, committed 93568K, reserved 1130496K
  class space    used 10713K, capacity 11518K, committed 11648K, reserved 1048576K
}
2019-06-24T22:31:24.519+0000: 310623.531: Application time: 164.9108371 seconds
2019-06-24T22:31:24.519+0000: 310623.532: Application time: 0.0000863 seconds
2019-06-24T22:31:24.520+0000: 310623.532: Application time: 0.0000610 seconds
2019-06-24T22:31:24.520+0000: 310623.532: Application time: 0.0000585 seconds
2019-06-24T22:31:24.520+0000: 310623.532: Application time: 0.0000641 seconds
2019-06-24T22:31:29.214+0000: 310628.226: Application time: 4.6940623 seconds
2019-06-24T22:31:29.241+0000: 310628.253: Application time: 0.0269093 seconds
2019-06-24T22:31:34.526+0000: 310633.538: Application time: 5.2845899 seconds
2019-06-24T22:31:34.526+0000: 310633.539: Application time: 0.0000909 seconds
2019-06-24T22:31:34.527+0000: 310633.539: Application time: 0.0000867 seconds
2019-06-24T22:31:34.527+0000: 310633.539: Application time: 0.0001954 seconds
2019-06-24T22:31:34.527+0000: 310633.540: Application time: 0.0002107 seconds
2019-06-24T22:31:34.529+0000: 310633.541: Application time: 0.0015688 seconds
2019-06-24T22:31:44.537+0000: 310643.549: Application time: 10.0071427 seconds
2019-06-24T22:32:32.545+0000: 310691.557: Application time: 48.0081150 seconds
2019-06-24T22:34:14.632+0000: 310793.644: Application time: 102.0866601 seconds
{Heap before GC invocations=2154 (full 169):
 par new generation   total 9792K, used 9317K [0x00000000e1000000, 0x00000000e1aa0000, 0x00000000eb4a0000)
  eden space 8704K, 100% used [0x00000000e1000000, 0x00000000e1880000, 0x00000000e1880000)
  from space 1088K,  56% used [0x00000000e1880000, 0x00000000e1919610, 0x00000000e1990000)
  to   space 1088K,   0% used [0x00000000e1990000, 0x00000000e1990000, 0x00000000e1aa0000)
 concurrent mark-sweep generation total 121500K, used 70521K [0x00000000eb4a0000, 0x00000000f2b47000, 0x0000000100000000)
 Metaspace       used 88853K, capacity 93248K, committed 93568K, reserved 1130496K
  class space    used 10713K, capacity 11518K, committed 11648K, reserved 1048576K
2019-06-24T22:34:14.632+0000: 310793.645: [GC (Allocation Failure) 2019-06-24T22:34:14.633+0000: 310793.645: [ParNew: 9317K->589K(9792K), 0.0072384 secs] 79838K->71340K(131292K), 0.0073185 secs] [Times: user=0.02 sys=0.00, real=0.01 secs] 
Heap after GC invocations=2155 (full 169):
 par new generation   total 9792K, used 589K [0x00000000e1000000, 0x00000000e1aa0000, 0x00000000eb4a0000)
  eden space 8704K,   0% used [0x00000000e1000000, 0x00000000e1000000, 0x00000000e1880000)
  from space 1088K,  54% used [0x00000000e1990000, 0x00000000e1a23610, 0x00000000e1aa0000)
  to   space 1088K,   0% used [0x00000000e1880000, 0x00000000e1880000, 0x00000000e1990000)
 concurrent mark-sweep generation total 121500K, used 70750K [0x00000000eb4a0000, 0x00000000f2b47000, 0x0000000100000000)
 Metaspace       used 88853K, capacity 93248K, committed 93568K, reserved 1130496K
  class space    used 10713K, capacity 11518K, committed 11648K, reserved 1048576K
}
2019-06-24T22:34:39.706+0000: 310818.718: Application time: 25.0655763 seconds
2019-06-24T22:34:39.735+0000: 310818.748: Application time: 0.0294829 seconds
2019-06-24T22:34:44.660+0000: 310823.672: Application time: 4.9242930 seconds
2019-06-24T22:34:44.660+0000: 310823.672: Application time: 0.0001186 seconds
2019-06-24T22:34:44.660+0000: 310823.673: Application time: 0.0001076 seconds
2019-06-24T22:34:44.661+0000: 310823.673: Application time: 0.0000981 seconds
2019-06-24T22:34:44.661+0000: 310823.673: Application time: 0.0000973 seconds
2019-06-24T22:34:44.661+0000: 310823.674: Application time: 0.0001040 seconds
2019-06-24T22:34:44.662+0000: 310823.674: Application time: 0.0002210 seconds
2019-06-24T22:34:44.662+0000: 310823.674: Application time: 0.0001679 seconds
2019-06-24T22:34:49.823+0000: 310828.836: Application time: 5.1612909 seconds
2019-06-24T22:34:49.824+0000: 310828.836: Application time: 0.0001436 seconds
2019-06-24T22:34:49.825+0000: 310828.838: Application time: 0.0012935 seconds
2019-06-24T22:36:32.480+0000: 310931.493: Application time: 102.6550120 seconds
2019-06-24T22:36:32.505+0000: 310931.518: Application time: 0.0248429 seconds
2019-06-24T22:36:34.740+0000: 310933.752: Application time: 2.2343653 seconds
2019-06-24T22:36:34.741+0000: 310933.753: Application time: 0.0000787 seconds
2019-06-24T22:36:34.741+0000: 310933.753: Application time: 0.0000776 seconds
2019-06-24T22:36:34.741+0000: 310933.753: Application time: 0.0000623 seconds
2019-06-24T22:36:34.741+0000: 310933.754: Application time: 0.0000631 seconds
2019-06-24T22:36:34.742+0000: 310933.754: Application time: 0.0000686 seconds
2019-06-24T22:36:34.742+0000: 310933.754: Application time: 0.0001462 seconds
2019-06-24T22:36:34.742+0000: 310933.755: Application time: 0.0001270 seconds
2019-06-24T22:36:44.748+0000: 310943.760: Application time: 10.0056618 seconds
2019-06-24T22:36:44.749+0000: 310943.761: Application time: 0.0001541 seconds
2019-06-24T22:36:44.749+0000: 310943.761: Application time: 0.0001513 seconds
2019-06-24T22:36:44.749+0000: 310943.762: Application time: 0.0001680 seconds
2019-06-24T22:36:44.750+0000: 310943.762: Application time: 0.0001503 seconds
2019-06-24T22:36:44.750+0000: 310943.762: Application time: 0.0001543 seconds
2019-06-24T22:36:44.752+0000: 310943.764: Application time: 0.0014938 seconds
2019-06-24T22:36:49.467+0000: 310948.479: Application time: 4.7150699 seconds
{Heap before GC invocations=2155 (full 169):
 par new generation   total 9792K, used 9173K [0x00000000e1000000, 0x00000000e1aa0000, 0x00000000eb4a0000)
  eden space 8704K,  98% used [0x00000000e1000000, 0x00000000e1862098, 0x00000000e1880000)
  from space 1088K,  54% used [0x00000000e1990000, 0x00000000e1a23610, 0x00000000e1aa0000)
  to   space 1088K,   0% used [0x00000000e1880000, 0x00000000e1880000, 0x00000000e1990000)
 concurrent mark-sweep generation total 121500K, used 70750K [0x00000000eb4a0000, 0x00000000f2b47000, 0x0000000100000000)
 Metaspace       used 88853K, capacity 93248K, committed 93568K, reserved 1130496K
  class space    used 10713K, capacity 11518K, committed 11648K, reserved 1048576K
2019-06-24T22:36:49.467+0000: 310948.479: [GC (Allocation Failure) 2019-06-24T22:36:49.467+0000: 310948.479: [ParNew: 9173K->1088K(9792K), 0.0039663 secs] 79924K->71839K(131292K), 0.0040239 secs] [Times: user=0.01 sys=0.00, real=0.01 secs] 
Heap after GC invocations=2156 (full 169):
 par new generation   total 9792K, used 1088K [0x00000000e1000000, 0x00000000e1aa0000, 0x00000000eb4a0000)
  eden space 8704K,   0% used [0x00000000e1000000, 0x00000000e1000000, 0x00000000e1880000)
  from space 1088K, 100% used [0x00000000e1880000, 0x00000000e1990000, 0x00000000e1990000)
  to   space 1088K,   0% used [0x00000000e1990000, 0x00000000e1990000, 0x00000000e1aa0000)
 concurrent mark-sweep generation total 121500K, used 70751K [0x00000000eb4a0000, 0x00000000f2b47000, 0x0000000100000000)
 Metaspace       used 88853K, capacity 93248K, committed 93568K, reserved 1130496K
  class space    used 10713K, capacity 11518K, committed 11648K, reserved 1048576K
}
2019-06-24T22:36:49.842+0000: 310948.854: Application time: 0.3707815 seconds
2019-06-24T22:36:49.842+0000: 310948.855: Application time: 0.0000876 seconds
2019-06-24T22:36:49.843+0000: 310948.855: Application time: 0.0002029 seconds
2019-06-24T22:36:49.843+0000: 310948.855: Application time: 0.0001326 seconds
2019-06-24T22:36:54.465+0000: 310953.477: Application time: 4.6217879 seconds
2019-06-24T22:36:54.500+0000: 310953.513: Application time: 0.0347663 seconds
2019-06-24T22:36:54.757+0000: 310953.769: Application time: 0.2559256 seconds
2019-06-24T22:36:54.757+0000: 310953.769: Application time: 0.0002146 seconds
2019-06-24T22:36:54.758+0000: 310953.770: Application time: 0.0002080 seconds
2019-06-24T22:36:54.758+0000: 310953.770: Application time: 0.0002159 seconds
2019-06-24T22:36:54.758+0000: 310953.771: Application time: 0.0001622 seconds
2019-06-24T22:36:54.759+0000: 310953.771: Application time: 0.0001991 seconds
2019-06-24T22:36:54.759+0000: 310953.771: Application time: 0.0002130 seconds
2019-06-24T22:36:54.761+0000: 310953.774: Application time: 0.0019415 seconds
2019-06-24T22:37:34.785+0000: 310993.797: Application time: 40.0230628 seconds
2019-06-24T22:37:34.785+0000: 310993.797: Application time: 0.0001611 seconds
2019-06-24T22:37:34.785+0000: 310993.798: Application time: 0.0001554 seconds
2019-06-24T22:37:38.577+0000: 310997.589: Application time: 3.7914391 seconds
2019-06-24T22:37:38.612+0000: 310997.624: Application time: 0.0348825 seconds
2019-06-24T22:37:39.938+0000: 310998.950: Application time: 1.3254911 seconds
2019-06-24T22:37:39.940+0000: 310998.953: Application time: 0.0001878 seconds
2019-06-24T22:37:39.941+0000: 310998.953: Application time: 0.0001875 seconds
2019-06-24T22:37:39.942+0000: 310998.954: Application time: 0.0002516 seconds
2019-06-24T22:37:39.942+0000: 310998.955: Application time: 0.0001340 seconds
2019-06-24T22:37:39.943+0000: 310998.955: Application time: 0.0001888 seconds
2019-06-24T22:37:39.943+0000: 310998.956: Application time: 0.0001607 seconds
2019-06-24T22:37:44.791+0000: 311003.803: Application time: 4.8473365 seconds
2019-06-24T22:37:44.791+0000: 311003.804: Application time: 0.0003886 seconds
2019-06-24T22:37:44.792+0000: 311003.804: Application time: 0.0002387 seconds
2019-06-24T22:37:44.944+0000: 311003.956: Application time: 0.1520427 seconds
2019-06-24T22:37:44.973+0000: 311003.986: Application time: 0.0289331 seconds
2019-06-24T22:37:49.850+0000: 311008.863: Application time: 4.8766383 seconds
2019-06-24T22:37:49.851+0000: 311008.863: Application time: 0.0001831 seconds
2019-06-24T22:37:49.851+0000: 311008.863: Application time: 0.0001745 seconds
2019-06-24T22:37:49.851+0000: 311008.864: Application time: 0.0001788 seconds
2019-06-24T22:37:49.852+0000: 311008.864: Application time: 0.0001735 seconds
2019-06-24T22:37:49.852+0000: 311008.864: Application time: 0.0001741 seconds
2019-06-24T22:37:49.852+0000: 311008.865: Application time: 0.0001356 seconds
2019-06-24T22:37:49.854+0000: 311008.866: Application time: 0.0015866 seconds
2019-06-24T22:38:09.658+0000: 311028.671: Application time: 19.8040566 seconds
2019-06-24T22:39:16.185+0000: 311095.198: Application time: 66.5266400 seconds
{Heap before GC invocations=2156 (full 169):
 par new generation   total 9792K, used 9778K [0x00000000e1000000, 0x00000000e1aa0000, 0x00000000eb4a0000)
  eden space 8704K,  99% used [0x00000000e1000000, 0x00000000e187cb98, 0x00000000e1880000)
  from space 1088K, 100% used [0x00000000e1880000, 0x00000000e1990000, 0x00000000e1990000)
  to   space 1088K,   0% used [0x00000000e1990000, 0x00000000e1990000, 0x00000000e1aa0000)
 concurrent mark-sweep generation total 121500K, used 70751K [0x00000000eb4a0000, 0x00000000f2b47000, 0x0000000100000000)
 Metaspace       used 88894K, capacity 93314K, committed 93568K, reserved 1130496K
  class space    used 10719K, capacity 11529K, committed 11648K, reserved 1048576K
2019-06-24T22:39:16.186+0000: 311095.198: [GC (Allocation Failure) 2019-06-24T22:39:16.186+0000: 311095.198: [ParNew: 9778K->1088K(9792K), 0.0091331 secs] 80530K->72286K(131292K), 0.0092183 secs] [Times: user=0.01 sys=0.00, real=0.01 secs] 
Heap after GC invocations=2157 (full 169):
 par new generation   total 9792K, used 1088K [0x00000000e1000000, 0x00000000e1aa0000, 0x00000000eb4a0000)
  eden space 8704K,   0% used [0x00000000e1000000, 0x00000000e1000000, 0x00000000e1880000)
  from space 1088K, 100% used [0x00000000e1990000, 0x00000000e1aa0000, 0x00000000e1aa0000)
  to   space 1088K,   0% used [0x00000000e1880000, 0x00000000e1880000, 0x00000000e1990000)
 concurrent mark-sweep generation total 121500K, used 71198K [0x00000000eb4a0000, 0x00000000f2b47000, 0x0000000100000000)
 Metaspace       used 88894K, capacity 93314K, committed 93568K, reserved 1130496K
  class space    used 10719K, capacity 11529K, committed 11648K, reserved 1048576K
}
2019-06-24T22:39:19.868+0000: 311098.881: Application time: 3.6733107 seconds
2019-06-24T22:39:19.869+0000: 311098.881: Application time: 0.0001868 seconds
2019-06-24T22:39:19.869+0000: 311098.882: Application time: 0.0002692 seconds
2019-06-24T22:39:19.870+0000: 311098.882: Application time: 0.0002669 seconds
2019-06-24T22:39:21.827+0000: 311100.839: Application time: 1.9573714 seconds
2019-06-24T22:39:21.850+0000: 311100.862: Application time: 0.0226967 seconds
2019-06-24T22:39:24.855+0000: 311103.868: Application time: 3.0049982 seconds
2019-06-24T22:39:24.856+0000: 311103.868: Application time: 0.0000708 seconds
2019-06-24T22:39:24.856+0000: 311103.868: Application time: 0.0000654 seconds
2019-06-24T22:39:24.856+0000: 311103.868: Application time: 0.0000565 seconds
2019-06-24T22:39:24.856+0000: 311103.868: Application time: 0.0000560 seconds
2019-06-24T22:39:24.856+0000: 311103.869: Application time: 0.0000603 seconds
2019-06-24T22:39:24.858+0000: 311103.870: Application time: 0.0012181 seconds
2019-06-24T22:40:24.894+0000: 311163.906: Application time: 60.0360355 seconds
2019-06-24T22:42:13.848+0000: 311272.861: Application time: 108.9543854 seconds
{Heap before GC invocations=2157 (full 169):
 par new generation   total 9792K, used 9578K [0x00000000e1000000, 0x00000000e1aa0000, 0x00000000eb4a0000)
  eden space 8704K,  97% used [0x00000000e1000000, 0x00000000e184aaf8, 0x00000000e1880000)
  from space 1088K, 100% used [0x00000000e1990000, 0x00000000e1aa0000, 0x00000000e1aa0000)
  to   space 1088K,   0% used [0x00000000e1880000, 0x00000000e1880000, 0x00000000e1990000)
 concurrent mark-sweep generation total 121500K, used 71198K [0x00000000eb4a0000, 0x00000000f2b47000, 0x0000000100000000)
 Metaspace       used 88894K, capacity 93314K, committed 93568K, reserved 1130496K
  class space    used 10719K, capacity 11529K, committed 11648K, reserved 1048576K
2019-06-24T22:42:13.849+0000: 311272.861: [GC (Allocation Failure) 2019-06-24T22:42:13.849+0000: 311272.861: [ParNew: 9578K->1088K(9792K), 0.0058488 secs] 80777K->72523K(131292K), 0.0059223 secs] [Times: user=0.01 sys=0.00, real=0.00 secs] 
Heap after GC invocations=2158 (full 169):
 par new generation   total 9792K, used 1088K [0x00000000e1000000, 0x00000000e1aa0000, 0x00000000eb4a0000)
  eden space 8704K,   0% used [0x00000000e1000000, 0x00000000e1000000, 0x00000000e1880000)
  from space 1088K, 100% used [0x00000000e1880000, 0x00000000e1990000, 0x00000000e1990000)
  to   space 1088K,   0% used [0x00000000e1990000, 0x00000000e1990000, 0x00000000e1aa0000)
 concurrent mark-sweep generation total 121500K, used 71435K [0x00000000eb4a0000, 0x00000000f2b47000, 0x0000000100000000)
 Metaspace       used 88894K, capacity 93314K, committed 93568K, reserved 1130496K
  class space    used 10719K, capacity 11529K, committed 11648K, reserved 1048576K
}
2019-06-24T22:42:14.975+0000: 311273.987: Application time: 1.1203435 seconds
2019-06-24T22:42:14.976+0000: 311273.988: Application time: 0.0001602 seconds
2019-06-24T22:42:14.976+0000: 311273.989: Application time: 0.0002994 seconds
2019-06-24T22:42:14.977+0000: 311273.989: Application time: 0.0002818 seconds
2019-06-24T22:42:18.846+0000: 311277.858: Application time: 3.8689287 seconds
2019-06-24T22:42:18.883+0000: 311277.896: Application time: 0.0371022 seconds
2019-06-24T22:42:19.897+0000: 311278.910: Application time: 1.0140678 seconds
2019-06-24T22:42:19.898+0000: 311278.910: Application time: 0.0000706 seconds
2019-06-24T22:42:19.898+0000: 311278.910: Application time: 0.0000641 seconds
2019-06-24T22:42:19.898+0000: 311278.910: Application time: 0.0000574 seconds
2019-06-24T22:42:19.898+0000: 311278.911: Application time: 0.0000580 seconds
2019-06-24T22:42:19.899+0000: 311278.911: Application time: 0.0001340 seconds
2019-06-24T22:42:19.902+0000: 311278.914: Application time: 0.0029828 seconds
2019-06-24T22:43:19.910+0000: 311338.923: Application time: 60.0080109 seconds
2019-06-24T22:43:19.911+0000: 311338.923: Application time: 0.0001860 seconds
2019-06-24T22:43:19.911+0000: 311338.923: Application time: 0.0001841 seconds
2019-06-24T22:43:19.912+0000: 311338.924: Application time: 0.0004101 seconds
2019-06-24T22:43:19.912+0000: 311338.924: Application time: 0.0002386 seconds
2019-06-24T22:43:20.112+0000: 311339.125: Application time: 0.2001844 seconds
2019-06-24T22:43:20.147+0000: 311339.159: Application time: 0.0341538 seconds
2019-06-24T22:43:25.029+0000: 311344.042: Application time: 4.8822248 seconds
2019-06-24T22:43:25.030+0000: 311344.042: Application time: 0.0001348 seconds
2019-06-24T22:43:25.030+0000: 311344.042: Application time: 0.0001235 seconds
2019-06-24T22:43:25.030+0000: 311344.042: Application time: 0.0001199 seconds
2019-06-24T22:43:25.030+0000: 311344.043: Application time: 0.0001403 seconds
2019-06-24T22:43:25.032+0000: 311344.044: Application time: 0.0014212 seconds
2019-06-24T22:46:55.167+0000: 311554.179: Application time: 210.1348142 seconds
{Heap before GC invocations=2158 (full 169):
 par new generation   total 9792K, used 9792K [0x00000000e1000000, 0x00000000e1aa0000, 0x00000000eb4a0000)
  eden space 8704K, 100% used [0x00000000e1000000, 0x00000000e1880000, 0x00000000e1880000)
  from space 1088K, 100% used [0x00000000e1880000, 0x00000000e1990000, 0x00000000e1990000)
  to   space 1088K,   0% used [0x00000000e1990000, 0x00000000e1990000, 0x00000000e1aa0000)
 concurrent mark-sweep generation total 121500K, used 71435K [0x00000000eb4a0000, 0x00000000f2b47000, 0x0000000100000000)
 Metaspace       used 88894K, capacity 93314K, committed 93568K, reserved 1130496K
  class space    used 10719K, capacity 11529K, committed 11648K, reserved 1048576K
2019-06-24T22:46:55.167+0000: 311554.180: [GC (Allocation Failure) 2019-06-24T22:46:55.167+0000: 311554.180: [ParNew: 9792K->753K(9792K), 0.0073629 secs] 81227K->72534K(131292K), 0.0075792 secs] [Times: user=0.01 sys=0.00, real=0.01 secs] 
Heap after GC invocations=2159 (full 169):
 par new generation   total 9792K, used 753K [0x00000000e1000000, 0x00000000e1aa0000, 0x00000000eb4a0000)
  eden space 8704K,   0% used [0x00000000e1000000, 0x00000000e1000000, 0x00000000e1880000)
  from space 1088K,  69% used [0x00000000e1990000, 0x00000000e1a4c6c8, 0x00000000e1aa0000)
  to   space 1088K,   0% used [0x00000000e1880000, 0x00000000e1880000, 0x00000000e1990000)
 concurrent mark-sweep generation total 121500K, used 71780K [0x00000000eb4a0000, 0x00000000f2b47000, 0x0000000100000000)
 Metaspace       used 88894K, capacity 93314K, committed 93568K, reserved 1130496K
  class space    used 10719K, capacity 11529K, committed 11648K, reserved 1048576K
}
2019-06-24T22:54:09.754+0000: 311988.766: Application time: 434.5783915 seconds
{Heap before GC invocations=2159 (full 169):
 par new generation   total 9792K, used 9457K [0x00000000e1000000, 0x00000000e1aa0000, 0x00000000eb4a0000)
  eden space 8704K, 100% used [0x00000000e1000000, 0x00000000e1880000, 0x00000000e1880000)
  from space 1088K,  69% used [0x00000000e1990000, 0x00000000e1a4c6c8, 0x00000000e1aa0000)
  to   space 1088K,   0% used [0x00000000e1880000, 0x00000000e1880000, 0x00000000e1990000)
 concurrent mark-sweep generation total 121500K, used 71780K [0x00000000eb4a0000, 0x00000000f2b47000, 0x0000000100000000)
 Metaspace       used 88894K, capacity 93314K, committed 93568K, reserved 1130496K
  class space    used 10719K, capacity 11529K, committed 11648K, reserved 1048576K
2019-06-24T22:54:09.754+0000: 311988.766: [GC (Allocation Failure) 2019-06-24T22:54:09.754+0000: 311988.766: [ParNew: 9457K->820K(9792K), 0.0030799 secs] 81238K->72601K(131292K), 0.0031606 secs] [Times: user=0.00 sys=0.00, real=0.00 secs] 
Heap after GC invocations=2160 (full 169):
 par new generation   total 9792K, used 820K [0x00000000e1000000, 0x00000000e1aa0000, 0x00000000eb4a0000)
  eden space 8704K,   0% used [0x00000000e1000000, 0x00000000e1000000, 0x00000000e1880000)
  from space 1088K,  75% used [0x00000000e1880000, 0x00000000e194d258, 0x00000000e1990000)
  to   space 1088K,   0% used [0x00000000e1990000, 0x00000000e1990000, 0x00000000e1aa0000)
 concurrent mark-sweep generation total 121500K, used 71780K [0x00000000eb4a0000, 0x00000000f2b47000, 0x0000000100000000)
 Metaspace       used 88894K, capacity 93314K, committed 93568K, reserved 1130496K
  class space    used 10719K, capacity 11529K, committed 11648K, reserved 1048576K
}
2019-06-24T22:57:05.599+0000: 312164.611: Application time: 175.8415224 seconds
2019-06-24T23:01:05.051+0000: 312404.064: Application time: 239.4522729 seconds
{Heap before GC invocations=2160 (full 169):
 par new generation   total 9792K, used 9524K [0x00000000e1000000, 0x00000000e1aa0000, 0x00000000eb4a0000)
  eden space 8704K, 100% used [0x00000000e1000000, 0x00000000e1880000, 0x00000000e1880000)
  from space 1088K,  75% used [0x00000000e1880000, 0x00000000e194d258, 0x00000000e1990000)
  to   space 1088K,   0% used [0x00000000e1990000, 0x00000000e1990000, 0x00000000e1aa0000)
 concurrent mark-sweep generation total 121500K, used 71780K [0x00000000eb4a0000, 0x00000000f2b47000, 0x0000000100000000)
 Metaspace       used 88894K, capacity 93314K, committed 93568K, reserved 1130496K
  class space    used 10719K, capacity 11529K, committed 11648K, reserved 1048576K
2019-06-24T23:01:05.052+0000: 312404.064: [GC (Allocation Failure) 2019-06-24T23:01:05.052+0000: 312404.064: [ParNew: 9524K->792K(9792K), 0.0030132 secs] 81305K->72773K(131292K), 0.0030723 secs] [Times: user=0.00 sys=0.01, real=0.00 secs] 
Heap after GC invocations=2161 (full 169):
 par new generation   total 9792K, used 792K [0x00000000e1000000, 0x00000000e1aa0000, 0x00000000eb4a0000)
  eden space 8704K,   0% used [0x00000000e1000000, 0x00000000e1000000, 0x00000000e1880000)
  from space 1088K,  72% used [0x00000000e1990000, 0x00000000e1a562f8, 0x00000000e1aa0000)
  to   space 1088K,   0% used [0x00000000e1880000, 0x00000000e1880000, 0x00000000e1990000)
 concurrent mark-sweep generation total 121500K, used 71981K [0x00000000eb4a0000, 0x00000000f2b47000, 0x0000000100000000)
 Metaspace       used 88894K, capacity 93314K, committed 93568K, reserved 1130496K
  class space    used 10719K, capacity 11529K, committed 11648K, reserved 1048576K
}
2019-06-24T23:01:05.763+0000: 312404.775: Application time: 0.7077602 seconds
2019-06-24T23:01:05.763+0000: 312404.775: Application time: 0.0000690 seconds
2019-06-24T23:01:05.763+0000: 312404.775: Application time: 0.0000636 seconds
2019-06-24T23:01:05.763+0000: 312404.776: Application time: 0.0001434 seconds
2019-06-24T23:01:05.764+0000: 312404.776: Application time: 0.0001157 seconds
2019-06-24T23:01:08.206+0000: 312407.219: Application time: 2.4426602 seconds
2019-06-24T23:01:08.207+0000: 312407.219: Application time: 0.0001251 seconds
2019-06-24T23:01:08.207+0000: 312407.219: Application time: 0.0000638 seconds
2019-06-24T23:01:08.207+0000: 312407.219: Application time: 0.0000722 seconds
2019-06-24T23:01:08.207+0000: 312407.220: Application time: 0.0000634 seconds
2019-06-24T23:01:08.209+0000: 312407.221: Application time: 0.0013206 seconds
2019-06-24T23:01:10.044+0000: 312409.057: Application time: 1.8354388 seconds
2019-06-24T23:01:10.078+0000: 312409.090: Application time: 0.0332002 seconds
2019-06-24T23:03:09.806+0000: 312528.819: Application time: 119.7281976 seconds
2019-06-24T23:04:05.877+0000: 312584.889: Application time: 56.0704664 seconds
2019-06-24T23:04:05.877+0000: 312584.890: Application time: 0.0000667 seconds
2019-06-24T23:04:05.878+0000: 312584.890: Application time: 0.0000635 seconds
2019-06-24T23:04:05.878+0000: 312584.890: Application time: 0.0001525 seconds
2019-06-24T23:04:05.878+0000: 312584.890: Application time: 0.0001271 seconds
2019-06-24T23:04:06.031+0000: 312585.044: Application time: 0.1530621 seconds
2019-06-24T23:04:06.055+0000: 312585.068: Application time: 0.0238084 seconds
2019-06-24T23:04:08.216+0000: 312587.228: Application time: 2.1603200 seconds
2019-06-24T23:04:08.216+0000: 312587.229: Application time: 0.0000966 seconds
2019-06-24T23:04:08.217+0000: 312587.229: Application time: 0.0000761 seconds
2019-06-24T23:04:08.217+0000: 312587.229: Application time: 0.0000744 seconds
2019-06-24T23:04:08.217+0000: 312587.229: Application time: 0.0001093 seconds
2019-06-24T23:04:08.219+0000: 312587.231: Application time: 0.0018717 seconds
2019-06-24T23:05:08.223+0000: 312647.235: Application time: 60.0035693 seconds
{Heap before GC invocations=2161 (full 169):
 par new generation   total 9792K, used 9496K [0x00000000e1000000, 0x00000000e1aa0000, 0x00000000eb4a0000)
  eden space 8704K, 100% used [0x00000000e1000000, 0x00000000e1880000, 0x00000000e1880000)
  from space 1088K,  72% used [0x00000000e1990000, 0x00000000e1a562f8, 0x00000000e1aa0000)
  to   space 1088K,   0% used [0x00000000e1880000, 0x00000000e1880000, 0x00000000e1990000)
 concurrent mark-sweep generation total 121500K, used 71981K [0x00000000eb4a0000, 0x00000000f2b47000, 0x0000000100000000)
 Metaspace       used 88894K, capacity 93314K, committed 93568K, reserved 1130496K
  class space    used 10719K, capacity 11529K, committed 11648K, reserved 1048576K
2019-06-24T23:05:08.223+0000: 312647.235: [GC (Allocation Failure) 2019-06-24T23:05:08.223+0000: 312647.235: [ParNew: 9496K->774K(9792K), 0.0041104 secs] 81477K->72925K(131292K), 0.0041946 secs] [Times: user=0.01 sys=0.00, real=0.00 secs] 
Heap after GC invocations=2162 (full 169):
 par new generation   total 9792K, used 774K [0x00000000e1000000, 0x00000000e1aa0000, 0x00000000eb4a0000)
  eden space 8704K,   0% used [0x00000000e1000000, 0x00000000e1000000, 0x00000000e1880000)
  from space 1088K,  71% used [0x00000000e1880000, 0x00000000e1941a98, 0x00000000e1990000)
  to   space 1088K,   0% used [0x00000000e1990000, 0x00000000e1990000, 0x00000000e1aa0000)
 concurrent mark-sweep generation total 121500K, used 72150K [0x00000000eb4a0000, 0x00000000f2b47000, 0x0000000100000000)
 Metaspace       used 88894K, capacity 93314K, committed 93568K, reserved 1130496K
  class space    used 10719K, capacity 11529K, committed 11648K, reserved 1048576K
}
2019-06-24T23:06:05.140+0000: 312704.153: Application time: 56.9130220 seconds
2019-06-24T23:06:05.188+0000: 312704.200: Application time: 0.0472806 seconds
2019-06-24T23:06:05.954+0000: 312704.966: Application time: 0.7651305 seconds
2019-06-24T23:06:05.954+0000: 312704.966: Application time: 0.0001371 seconds
2019-06-24T23:06:05.954+0000: 312704.967: Application time: 0.0001309 seconds
2019-06-24T23:06:05.955+0000: 312704.967: Application time: 0.0001436 seconds
2019-06-24T23:06:05.955+0000: 312704.967: Application time: 0.0001706 seconds
2019-06-24T23:06:05.955+0000: 312704.968: Application time: 0.0001575 seconds
2019-06-24T23:06:05.956+0000: 312704.968: Application time: 0.0001610 seconds
2019-06-24T23:06:05.956+0000: 312704.968: Application time: 0.0002968 seconds
2019-06-24T23:06:05.956+0000: 312704.969: Application time: 0.0001906 seconds
2019-06-24T23:06:08.229+0000: 312707.242: Application time: 2.2729225 seconds
2019-06-24T23:06:08.231+0000: 312707.244: Application time: 0.0018479 seconds
2019-06-24T23:06:39.827+0000: 312738.839: Application time: 31.5950254 seconds
2019-06-24T23:06:39.827+0000: 312738.839: Application time: 0.0001967 seconds
2019-06-24T23:06:39.827+0000: 312738.840: Application time: 0.0001703 seconds
2019-06-24T23:06:39.828+0000: 312738.840: Application time: 0.0001840 seconds
2019-06-24T23:06:39.828+0000: 312738.840: Application time: 0.0002195 seconds
2019-06-24T23:06:39.828+0000: 312738.841: Application time: 0.0001634 seconds
2019-06-24T23:06:39.829+0000: 312738.841: Application time: 0.0001596 seconds
2019-06-24T23:06:39.829+0000: 312738.841: Application time: 0.0001760 seconds
2019-06-24T23:06:39.829+0000: 312738.842: Application time: 0.0001611 seconds
2019-06-24T23:06:39.830+0000: 312738.842: Application time: 0.0002117 seconds
2019-06-24T23:06:45.984+0000: 312744.996: Application time: 6.1539244 seconds
2019-06-24T23:06:45.984+0000: 312744.996: Application time: 0.0001769 seconds
2019-06-24T23:06:45.984+0000: 312744.997: Application time: 0.0001227 seconds
2019-06-24T23:06:45.985+0000: 312744.997: Application time: 0.0001705 seconds
2019-06-24T23:06:45.985+0000: 312744.997: Application time: 0.0001817 seconds
2019-06-24T23:06:45.985+0000: 312744.998: Application time: 0.0001205 seconds
2019-06-24T23:06:45.986+0000: 312744.998: Application time: 0.0001877 seconds
2019-06-24T23:06:45.986+0000: 312744.998: Application time: 0.0001878 seconds
2019-06-24T23:06:45.986+0000: 312744.999: Application time: 0.0003135 seconds
2019-06-24T23:06:45.987+0000: 312744.999: Application time: 0.0003072 seconds
2019-06-24T23:06:49.504+0000: 312748.516: Application time: 3.5168184 seconds
2019-06-24T23:06:49.529+0000: 312748.541: Application time: 0.0246505 seconds
2019-06-24T23:06:50.109+0000: 312749.121: Application time: 0.5799595 seconds
2019-06-24T23:06:55.995+0000: 312755.007: Application time: 5.8856021 seconds
2019-06-24T23:06:55.996+0000: 312755.008: Application time: 0.0001735 seconds
2019-06-24T23:06:55.996+0000: 312755.008: Application time: 0.0001928 seconds
2019-06-24T23:06:55.997+0000: 312755.009: Application time: 0.0001584 seconds
2019-06-24T23:06:55.997+0000: 312755.010: Application time: 0.0001559 seconds
2019-06-24T23:06:55.998+0000: 312755.010: Application time: 0.0001494 seconds
2019-06-24T23:06:55.999+0000: 312755.011: Application time: 0.0001498 seconds
2019-06-24T23:06:55.999+0000: 312755.011: Application time: 0.0001928 seconds
2019-06-24T23:06:56.000+0000: 312755.012: Application time: 0.0003436 seconds
2019-06-24T23:06:56.001+0000: 312755.013: Application time: 0.0002206 seconds
2019-06-24T23:06:57.479+0000: 312756.491: Application time: 1.4773538 seconds
2019-06-24T23:06:57.503+0000: 312756.515: Application time: 0.0235103 seconds
2019-06-24T23:07:06.012+0000: 312765.025: Application time: 8.5095183 seconds
2019-06-24T23:07:06.013+0000: 312765.025: Application time: 0.0003521 seconds
2019-06-24T23:07:06.014+0000: 312765.026: Application time: 0.0003207 seconds
2019-06-24T23:07:06.015+0000: 312765.028: Application time: 0.0013989 seconds
{Heap before GC invocations=2162 (full 169):
 par new generation   total 9792K, used 9478K [0x00000000e1000000, 0x00000000e1aa0000, 0x00000000eb4a0000)
  eden space 8704K, 100% used [0x00000000e1000000, 0x00000000e1880000, 0x00000000e1880000)
  from space 1088K,  71% used [0x00000000e1880000, 0x00000000e1941a98, 0x00000000e1990000)
  to   space 1088K,   0% used [0x00000000e1990000, 0x00000000e1990000, 0x00000000e1aa0000)
 concurrent mark-sweep generation total 121500K, used 72150K [0x00000000eb4a0000, 0x00000000f2b47000, 0x0000000100000000)
 Metaspace       used 88894K, capacity 93314K, committed 93568K, reserved 1130496K
  class space    used 10719K, capacity 11529K, committed 11648K, reserved 1048576K
2019-06-24T23:07:06.016+0000: 312765.028: [GC (Allocation Failure) 2019-06-24T23:07:06.016+0000: 312765.028: [ParNew: 9478K->1080K(9792K), 0.0061170 secs] 81629K->73303K(131292K), 0.0062052 secs] [Times: user=0.02 sys=0.00, real=0.01 secs] 
Heap after GC invocations=2163 (full 169):
 par new generation   total 9792K, used 1080K [0x00000000e1000000, 0x00000000e1aa0000, 0x00000000eb4a0000)
  eden space 8704K,   0% used [0x00000000e1000000, 0x00000000e1000000, 0x00000000e1880000)
  from space 1088K,  99% used [0x00000000e1990000, 0x00000000e1a9e2d8, 0x00000000e1aa0000)
  to   space 1088K,   0% used [0x00000000e1880000, 0x00000000e1880000, 0x00000000e1990000)
 concurrent mark-sweep generation total 121500K, used 72223K [0x00000000eb4a0000, 0x00000000f2b47000, 0x0000000100000000)
 Metaspace       used 88894K, capacity 93314K, committed 93568K, reserved 1130496K
  class space    used 10719K, capacity 11529K, committed 11648K, reserved 1048576K
}
2019-06-24T23:07:06.024+0000: 312765.036: Application time: 0.0013913 seconds
2019-06-24T23:07:36.050+0000: 312795.063: Application time: 30.0264061 seconds
2019-06-24T23:07:36.051+0000: 312795.063: Application time: 0.0000841 seconds
2019-06-24T23:07:36.051+0000: 312795.063: Application time: 0.0000746 seconds
2019-06-24T23:07:36.052+0000: 312795.064: Application time: 0.0000843 seconds
2019-06-24T23:07:36.052+0000: 312795.064: Application time: 0.0000737 seconds
2019-06-24T23:07:36.052+0000: 312795.064: Application time: 0.0000734 seconds
2019-06-24T23:07:36.052+0000: 312795.064: Application time: 0.0000788 seconds
2019-06-24T23:07:40.699+0000: 312799.711: Application time: 4.6466244 seconds
2019-06-24T23:07:40.730+0000: 312799.743: Application time: 0.0313027 seconds
2019-06-24T23:07:46.059+0000: 312805.071: Application time: 5.3282386 seconds
2019-06-24T23:07:46.059+0000: 312805.072: Application time: 0.0000738 seconds
2019-06-24T23:07:46.060+0000: 312805.072: Application time: 0.0001503 seconds
2019-06-24T23:07:46.060+0000: 312805.072: Application time: 0.0001028 seconds
2019-06-24T23:07:46.061+0000: 312805.073: Application time: 0.0010138 seconds
2019-06-24T23:08:50.125+0000: 312869.137: Application time: 64.0636560 seconds
2019-06-24T23:08:50.125+0000: 312869.137: Application time: 0.0001786 seconds
2019-06-24T23:08:50.125+0000: 312869.138: Application time: 0.0001723 seconds
2019-06-24T23:08:50.126+0000: 312869.138: Application time: 0.0001489 seconds
2019-06-24T23:08:50.126+0000: 312869.138: Application time: 0.0001482 seconds
2019-06-24T23:08:50.126+0000: 312869.139: Application time: 0.0001602 seconds
2019-06-24T23:08:53.428+0000: 312872.440: Application time: 3.3016842 seconds
2019-06-24T23:08:53.453+0000: 312872.465: Application time: 0.0247955 seconds
2019-06-24T23:08:56.110+0000: 312875.122: Application time: 2.6561655 seconds
2019-06-24T23:08:56.110+0000: 312875.122: Application time: 0.0002157 seconds
2019-06-24T23:08:56.111+0000: 312875.123: Application time: 0.0002078 seconds
2019-06-24T23:08:56.111+0000: 312875.123: Application time: 0.0001654 seconds
2019-06-24T23:08:56.113+0000: 312875.125: Application time: 0.0014842 seconds
2019-06-24T23:09:06.118+0000: 312885.130: Application time: 10.0051350 seconds
{Heap before GC invocations=2163 (full 169):
 par new generation   total 9792K, used 9784K [0x00000000e1000000, 0x00000000e1aa0000, 0x00000000eb4a0000)
  eden space 8704K, 100% used [0x00000000e1000000, 0x00000000e1880000, 0x00000000e1880000)
  from space 1088K,  99% used [0x00000000e1990000, 0x00000000e1a9e2d8, 0x00000000e1aa0000)
  to   space 1088K,   0% used [0x00000000e1880000, 0x00000000e1880000, 0x00000000e1990000)
 concurrent mark-sweep generation total 121500K, used 72223K [0x00000000eb4a0000, 0x00000000f2b47000, 0x0000000100000000)
 Metaspace       used 88894K, capacity 93314K, committed 93568K, reserved 1130496K
  class space    used 10719K, capacity 11529K, committed 11648K, reserved 1048576K
2019-06-24T23:09:06.118+0000: 312885.131: [GC (Allocation Failure) 2019-06-24T23:09:06.118+0000: 312885.131: [ParNew: 9784K->1088K(9792K), 0.0047869 secs] 82007K->73762K(131292K), 0.0048498 secs] [Times: user=0.01 sys=0.00, real=0.00 secs] 
Heap after GC invocations=2164 (full 169):
 par new generation   total 9792K, used 1088K [0x00000000e1000000, 0x00000000e1aa0000, 0x00000000eb4a0000)
  eden space 8704K,   0% used [0x00000000e1000000, 0x00000000e1000000, 0x00000000e1880000)
  from space 1088K, 100% used [0x00000000e1880000, 0x00000000e1990000, 0x00000000e1990000)
  to   space 1088K,   0% used [0x00000000e1990000, 0x00000000e1990000, 0x00000000e1aa0000)
 concurrent mark-sweep generation total 121500K, used 72674K [0x00000000eb4a0000, 0x00000000f2b47000, 0x0000000100000000)
 Metaspace       used 88894K, capacity 93314K, committed 93568K, reserved 1130496K
  class space    used 10719K, capacity 11529K, committed 11648K, reserved 1048576K
}
2019-06-24T23:09:06.124+0000: 312885.136: Application time: 0.0003880 seconds
2019-06-24T23:09:06.124+0000: 312885.136: Application time: 0.0001103 seconds
2019-06-24T23:09:06.124+0000: 312885.137: Application time: 0.0000878 seconds
2019-06-24T23:09:06.125+0000: 312885.137: Application time: 0.0000819 seconds
2019-06-24T23:09:06.125+0000: 312885.137: Application time: 0.0000813 seconds
2019-06-24T23:09:06.125+0000: 312885.137: Application time: 0.0000866 seconds
2019-06-24T23:09:08.240+0000: 312887.253: Application time: 2.1148684 seconds
2019-06-24T23:09:08.241+0000: 312887.253: Application time: 0.0002747 seconds
2019-06-24T23:09:08.241+0000: 312887.254: Application time: 0.0003418 seconds
2019-06-24T23:09:08.242+0000: 312887.254: Application time: 0.0003110 seconds
2019-06-24T23:09:08.244+0000: 312887.256: Application time: 0.0019672 seconds
2019-06-24T23:09:08.887+0000: 312887.899: Application time: 0.6424529 seconds
2019-06-24T23:09:08.937+0000: 312887.949: Application time: 0.0494566 seconds
2019-06-24T23:11:56.259+0000: 313055.271: Application time: 167.3218667 seconds
2019-06-24T23:11:56.259+0000: 313055.271: Application time: 0.0000851 seconds
2019-06-24T23:11:56.259+0000: 313055.272: Application time: 0.0000799 seconds
2019-06-24T23:11:56.260+0000: 313055.272: Application time: 0.0000740 seconds
2019-06-24T23:11:56.260+0000: 313055.272: Application time: 0.0000874 seconds
2019-06-24T23:11:56.260+0000: 313055.272: Application time: 0.0000817 seconds
2019-06-24T23:12:01.030+0000: 313060.042: Application time: 4.7697458 seconds
2019-06-24T23:12:01.084+0000: 313060.096: Application time: 0.0539080 seconds
2019-06-24T23:12:06.267+0000: 313065.279: Application time: 5.1821494 seconds
2019-06-24T23:12:06.267+0000: 313065.279: Application time: 0.0000820 seconds
2019-06-24T23:12:06.267+0000: 313065.280: Application time: 0.0001683 seconds
2019-06-24T23:12:06.268+0000: 313065.280: Application time: 0.0001445 seconds
2019-06-24T23:12:06.269+0000: 313065.281: Application time: 0.0014009 seconds
2019-06-24T23:13:02.869+0000: 313121.881: Application time: 56.5996165 seconds
{Heap before GC invocations=2164 (full 169):
 par new generation   total 9792K, used 9779K [0x00000000e1000000, 0x00000000e1aa0000, 0x00000000eb4a0000)
  eden space 8704K,  99% used [0x00000000e1000000, 0x00000000e187cd98, 0x00000000e1880000)
  from space 1088K, 100% used [0x00000000e1880000, 0x00000000e1990000, 0x00000000e1990000)
  to   space 1088K,   0% used [0x00000000e1990000, 0x00000000e1990000, 0x00000000e1aa0000)
 concurrent mark-sweep generation total 121500K, used 72674K [0x00000000eb4a0000, 0x00000000f2b47000, 0x0000000100000000)
 Metaspace       used 88894K, capacity 93314K, committed 93568K, reserved 1130496K
  class space    used 10719K, capacity 11529K, committed 11648K, reserved 1048576K
2019-06-24T23:13:02.869+0000: 313121.882: [GC (Allocation Failure) 2019-06-24T23:13:02.869+0000: 313121.882: [ParNew: 9779K->690K(9792K), 0.0062186 secs] 82453K->73701K(131292K), 0.0062830 secs] [Times: user=0.01 sys=0.00, real=0.00 secs] 
Heap after GC invocations=2165 (full 169):
 par new generation   total 9792K, used 690K [0x00000000e1000000, 0x00000000e1aa0000, 0x00000000eb4a0000)
  eden space 8704K,   0% used [0x00000000e1000000, 0x00000000e1000000, 0x00000000e1880000)
  from space 1088K,  63% used [0x00000000e1990000, 0x00000000e1a3c850, 0x00000000e1aa0000)
  to   space 1088K,   0% used [0x00000000e1880000, 0x00000000e1880000, 0x00000000e1990000)
 concurrent mark-sweep generation total 121500K, used 73011K [0x00000000eb4a0000, 0x00000000f2b47000, 0x0000000100000000)
 Metaspace       used 88894K, capacity 93314K, committed 93568K, reserved 1130496K
  class space    used 10719K, capacity 11529K, committed 11648K, reserved 1048576K
}
2019-06-24T23:13:02.876+0000: 313121.888: Application time: 0.0001088 seconds
2019-06-24T23:13:02.876+0000: 313121.888: [GC (CMS Initial Mark) [1 CMS-initial-mark: 73011K(121500K)] 73720K(131292K), 0.0024146 secs] [Times: user=0.00 sys=0.00, real=0.01 secs] 
2019-06-24T23:13:02.879+0000: 313121.891: [CMS-concurrent-mark-start]
2019-06-24T23:13:03.000+0000: 313122.012: [CMS-concurrent-mark: 0.121/0.121 secs] [Times: user=0.13 sys=0.00, real=0.12 secs] 
2019-06-24T23:13:03.000+0000: 313122.012: [CMS-concurrent-preclean-start]
2019-06-24T23:13:03.002+0000: 313122.014: [CMS-concurrent-preclean: 0.002/0.002 secs] [Times: user=0.00 sys=0.00, real=0.00 secs] 
2019-06-24T23:13:03.002+0000: 313122.014: Application time: 0.1234402 seconds
2019-06-24T23:13:03.002+0000: 313122.014: [GC (CMS Final Remark) [YG occupancy: 1022 K (9792 K)]2019-06-24T23:13:03.002+0000: 313122.014: [Rescan (parallel) , 0.0025168 secs]2019-06-24T23:13:03.005+0000: 313122.017: [weak refs processing, 0.0025775 secs]2019-06-24T23:13:03.007+0000: 313122.020: [class unloading, 0.0309404 secs]2019-06-24T23:13:03.038+0000: 313122.051: [scrub symbol table, 0.0204168 secs]2019-06-24T23:13:03.059+0000: 313122.071: [scrub string table, 0.0014836 secs][1 CMS-remark: 73011K(121500K)] 74033K(131292K), 0.0714131 secs] [Times: user=0.08 sys=0.00, real=0.07 secs] 
2019-06-24T23:13:03.074+0000: 313122.086: [CMS-concurrent-sweep-start]
2019-06-24T23:13:03.083+0000: 313122.096: Application time: 0.0096384 seconds
2019-06-24T23:13:03.107+0000: 313122.119: [CMS-concurrent-sweep: 0.033/0.033 secs] [Times: user=0.03 sys=0.00, real=0.03 secs] 
2019-06-24T23:13:03.107+0000: 313122.119: [CMS-concurrent-reset-start]
2019-06-24T23:13:03.108+0000: 313122.120: [CMS-concurrent-reset: 0.001/0.001 secs] [Times: user=0.00 sys=0.00, real=0.00 secs] 
2019-06-24T23:13:04.084+0000: 313123.096: Application time: 1.0003749 seconds
2019-06-24T23:13:06.307+0000: 313125.319: Application time: 2.2229463 seconds
2019-06-24T23:13:06.307+0000: 313125.320: Application time: 0.0000877 seconds
2019-06-24T23:13:06.308+0000: 313125.320: Application time: 0.0000892 seconds
2019-06-24T23:13:06.308+0000: 313125.320: Application time: 0.0000760 seconds
2019-06-24T23:13:06.308+0000: 313125.321: Application time: 0.0000362 seconds
2019-06-24T23:13:06.308+0000: 313125.321: Application time: 0.0000471 seconds
2019-06-24T23:13:07.309+0000: 313126.321: Application time: 1.0001823 seconds
2019-06-24T23:13:07.865+0000: 313126.878: Application time: 0.5562574 seconds
2019-06-24T23:13:07.905+0000: 313126.917: Application time: 0.0391068 seconds
2019-06-24T23:13:08.258+0000: 313127.270: Application time: 0.3525413 seconds
2019-06-24T23:13:08.258+0000: 313127.270: Application time: 0.0001772 seconds
2019-06-24T23:13:08.258+0000: 313127.271: Application time: 0.0001739 seconds
2019-06-24T23:13:08.259+0000: 313127.271: Application time: 0.0002923 seconds
2019-06-24T23:13:08.259+0000: 313127.271: Application time: 0.0003380 seconds
2019-06-24T23:13:08.261+0000: 313127.273: Application time: 0.0016152 seconds
2019-06-24T23:13:09.261+0000: 313128.274: Application time: 1.0001881 seconds
2019-06-24T23:13:10.262+0000: 313129.274: Application time: 1.0002452 seconds
2019-06-24T23:13:32.265+0000: 313151.277: Application time: 22.0031277 seconds
2019-06-24T23:13:46.336+0000: 313165.348: Application time: 14.0703762 seconds
2019-06-24T23:13:57.338+0000: 313176.350: Application time: 11.0019606 seconds
2019-06-24T23:14:32.344+0000: 313211.356: Application time: 35.0057552 seconds
2019-06-24T23:15:07.349+0000: 313246.361: Application time: 35.0053724 seconds
2019-06-24T23:19:46.576+0000: 313525.588: Application time: 279.2267456 seconds
{Heap before GC invocations=2165 (full 170):
 par new generation   total 9792K, used 9394K [0x00000000e1000000, 0x00000000e1aa0000, 0x00000000eb4a0000)
  eden space 8704K, 100% used [0x00000000e1000000, 0x00000000e1880000, 0x00000000e1880000)
  from space 1088K,  63% used [0x00000000e1990000, 0x00000000e1a3c850, 0x00000000e1aa0000)
  to   space 1088K,   0% used [0x00000000e1880000, 0x00000000e1880000, 0x00000000e1990000)
 concurrent mark-sweep generation total 121500K, used 69457K [0x00000000eb4a0000, 0x00000000f2b47000, 0x0000000100000000)
 Metaspace       used 88868K, capacity 93272K, committed 93568K, reserved 1130496K
  class space    used 10716K, capacity 11522K, committed 11648K, reserved 1048576K
2019-06-24T23:19:46.576+0000: 313525.589: [GC (Allocation Failure) 2019-06-24T23:19:46.576+0000: 313525.589: [ParNew: 9394K->993K(9792K), 0.0037254 secs] 78851K->70783K(131292K), 0.0037779 secs] [Times: user=0.01 sys=0.00, real=0.01 secs] 
Heap after GC invocations=2166 (full 170):
 par new generation   total 9792K, used 993K [0x00000000e1000000, 0x00000000e1aa0000, 0x00000000eb4a0000)
  eden space 8704K,   0% used [0x00000000e1000000, 0x00000000e1000000, 0x00000000e1880000)
  from space 1088K,  91% used [0x00000000e1880000, 0x00000000e19787c0, 0x00000000e1990000)
  to   space 1088K,   0% used [0x00000000e1990000, 0x00000000e1990000, 0x00000000e1aa0000)
 concurrent mark-sweep generation total 121500K, used 69789K [0x00000000eb4a0000, 0x00000000f2b47000, 0x0000000100000000)
 Metaspace       used 88868K, capacity 93272K, committed 93568K, reserved 1130496K
  class space    used 10716K, capacity 11522K, committed 11648K, reserved 1048576K
}
2019-06-24T23:20:40.589+0000: 313579.601: Application time: 54.0086444 seconds
2019-06-24T23:26:56.872+0000: 313955.884: Application time: 376.2826684 seconds
{Heap before GC invocations=2166 (full 170):
 par new generation   total 9792K, used 9697K [0x00000000e1000000, 0x00000000e1aa0000, 0x00000000eb4a0000)
  eden space 8704K, 100% used [0x00000000e1000000, 0x00000000e1880000, 0x00000000e1880000)
  from space 1088K,  91% used [0x00000000e1880000, 0x00000000e19787c0, 0x00000000e1990000)
  to   space 1088K,   0% used [0x00000000e1990000, 0x00000000e1990000, 0x00000000e1aa0000)
 concurrent mark-sweep generation total 121500K, used 69789K [0x00000000eb4a0000, 0x00000000f2b47000, 0x0000000100000000)
 Metaspace       used 88868K, capacity 93272K, committed 93568K, reserved 1130496K
  class space    used 10716K, capacity 11522K, committed 11648K, reserved 1048576K
2019-06-24T23:26:56.872+0000: 313955.884: [GC (Allocation Failure) 2019-06-24T23:26:56.872+0000: 313955.884: [ParNew: 9697K->556K(9792K), 0.0034679 secs] 79487K->70571K(131292K), 0.0035190 secs] [Times: user=0.01 sys=0.00, real=0.00 secs] 
Heap after GC invocations=2167 (full 170):
 par new generation   total 9792K, used 556K [0x00000000e1000000, 0x00000000e1aa0000, 0x00000000eb4a0000)
  eden space 8704K,   0% used [0x00000000e1000000, 0x00000000e1000000, 0x00000000e1880000)
  from space 1088K,  51% used [0x00000000e1990000, 0x00000000e1a1b2f0, 0x00000000e1aa0000)
  to   space 1088K,   0% used [0x00000000e1880000, 0x00000000e1880000, 0x00000000e1990000)
 concurrent mark-sweep generation total 121500K, used 70014K [0x00000000eb4a0000, 0x00000000f2b47000, 0x0000000100000000)
 Metaspace       used 88868K, capacity 93272K, committed 93568K, reserved 1130496K
  class space    used 10716K, capacity 11522K, committed 11648K, reserved 1048576K
}
2019-06-24T23:28:09.970+0000: 314028.982: Application time: 73.0943762 seconds
2019-06-24T23:30:09.891+0000: 314148.904: Application time: 119.9209886 seconds
2019-06-24T23:30:09.892+0000: 314148.904: Application time: 0.0000805 seconds
2019-06-24T23:30:09.892+0000: 314148.904: Application time: 0.0000748 seconds
2019-06-24T23:30:09.892+0000: 314148.904: Application time: 0.0000744 seconds
2019-06-24T23:30:09.892+0000: 314148.905: Application time: 0.0000903 seconds
2019-06-24T23:30:09.893+0000: 314148.905: Application time: 0.0000736 seconds
2019-06-24T23:30:09.893+0000: 314148.905: Application time: 0.0000721 seconds
2019-06-24T23:30:09.893+0000: 314148.905: Application time: 0.0000719 seconds
2019-06-24T23:30:09.893+0000: 314148.905: Application time: 0.0000724 seconds
2019-06-24T23:30:09.893+0000: 314148.906: Application time: 0.0000907 seconds
2019-06-24T23:30:27.019+0000: 314166.031: Application time: 17.1253452 seconds
2019-06-24T23:31:00.025+0000: 314199.037: Application time: 33.0057024 seconds
2019-06-24T23:31:04.794+0000: 314203.807: Application time: 4.7692379 seconds
2019-06-24T23:31:04.820+0000: 314203.832: Application time: 0.0252982 seconds
2019-06-24T23:31:07.047+0000: 314206.059: Application time: 2.2265386 seconds
2019-06-24T23:31:07.047+0000: 314206.060: Application time: 0.0001133 seconds
2019-06-24T23:31:07.048+0000: 314206.060: Application time: 0.0000925 seconds
2019-06-24T23:31:07.048+0000: 314206.060: Application time: 0.0000760 seconds
2019-06-24T23:31:07.048+0000: 314206.060: Application time: 0.0000809 seconds
2019-06-24T23:31:08.321+0000: 314207.333: Application time: 1.2724680 seconds
2019-06-24T23:31:08.321+0000: 314207.333: Application time: 0.0001973 seconds
2019-06-24T23:31:08.321+0000: 314207.334: Application time: 0.0001671 seconds
2019-06-24T23:31:08.322+0000: 314207.334: Application time: 0.0003817 seconds
2019-06-24T23:31:08.322+0000: 314207.335: Application time: 0.0002060 seconds
2019-06-24T23:31:08.324+0000: 314207.336: Application time: 0.0013595 seconds
2019-06-24T23:32:20.356+0000: 314279.368: Application time: 72.0315900 seconds
{Heap before GC invocations=2167 (full 170):
 par new generation   total 9792K, used 9260K [0x00000000e1000000, 0x00000000e1aa0000, 0x00000000eb4a0000)
  eden space 8704K, 100% used [0x00000000e1000000, 0x00000000e1880000, 0x00000000e1880000)
  from space 1088K,  51% used [0x00000000e1990000, 0x00000000e1a1b2f0, 0x00000000e1aa0000)
  to   space 1088K,   0% used [0x00000000e1880000, 0x00000000e1880000, 0x00000000e1990000)
 concurrent mark-sweep generation total 121500K, used 70014K [0x00000000eb4a0000, 0x00000000f2b47000, 0x0000000100000000)
 Metaspace       used 88872K, capacity 93278K, committed 93568K, reserved 1130496K
  class space    used 10716K, capacity 11523K, committed 11648K, reserved 1048576K
2019-06-24T23:32:20.356+0000: 314279.368: [GC (Allocation Failure) 2019-06-24T23:32:20.356+0000: 314279.368: [ParNew: 9260K->889K(9792K), 0.0049348 secs] 79275K->70903K(131292K), 0.0050341 secs] [Times: user=0.01 sys=0.00, real=0.01 secs] 
Heap after GC invocations=2168 (full 170):
 par new generation   total 9792K, used 889K [0x00000000e1000000, 0x00000000e1aa0000, 0x00000000eb4a0000)
  eden space 8704K,   0% used [0x00000000e1000000, 0x00000000e1000000, 0x00000000e1880000)
  from space 1088K,  81% used [0x00000000e1880000, 0x00000000e195e4f8, 0x00000000e1990000)
  to   space 1088K,   0% used [0x00000000e1990000, 0x00000000e1990000, 0x00000000e1aa0000)
 concurrent mark-sweep generation total 121500K, used 70014K [0x00000000eb4a0000, 0x00000000f2b47000, 0x0000000100000000)
 Metaspace       used 88872K, capacity 93278K, committed 93568K, reserved 1130496K
  class space    used 10716K, capacity 11523K, committed 11648K, reserved 1048576K
}
2019-06-24T23:34:05.128+0000: 314384.141: Application time: 104.7670128 seconds
2019-06-24T23:34:05.157+0000: 314384.169: Application time: 0.0285900 seconds
2019-06-24T23:34:07.166+0000: 314386.178: Application time: 2.0088762 seconds
2019-06-24T23:34:07.166+0000: 314386.179: Application time: 0.0000859 seconds
2019-06-24T23:34:07.167+0000: 314386.179: Application time: 0.0000693 seconds
2019-06-24T23:34:07.167+0000: 314386.179: Application time: 0.0000688 seconds
2019-06-24T23:34:07.167+0000: 314386.179: Application time: 0.0000728 seconds
2019-06-24T23:34:08.332+0000: 314387.344: Application time: 1.1643781 seconds
2019-06-24T23:34:08.332+0000: 314387.345: Application time: 0.0002333 seconds
2019-06-24T23:34:08.333+0000: 314387.345: Application time: 0.0001389 seconds
2019-06-24T23:34:08.333+0000: 314387.346: Application time: 0.0003832 seconds
2019-06-24T23:34:08.334+0000: 314387.346: Application time: 0.0002612 seconds
2019-06-24T23:34:08.336+0000: 314387.349: Application time: 0.0025490 seconds
2019-06-24T23:35:35.091+0000: 314474.104: Application time: 86.7544439 seconds
2019-06-24T23:35:35.130+0000: 314474.142: Application time: 0.0382186 seconds
2019-06-24T23:35:37.240+0000: 314476.253: Application time: 2.1100117 seconds
2019-06-24T23:35:37.241+0000: 314476.253: Application time: 0.0001010 seconds
2019-06-24T23:35:37.241+0000: 314476.253: Application time: 0.0000993 seconds
2019-06-24T23:35:37.241+0000: 314476.254: Application time: 0.0000802 seconds
2019-06-24T23:35:37.241+0000: 314476.254: Application time: 0.0000860 seconds
2019-06-24T23:35:47.249+0000: 314486.261: Application time: 10.0069895 seconds
2019-06-24T23:35:47.249+0000: 314486.261: Application time: 0.0000915 seconds
2019-06-24T23:35:47.249+0000: 314486.262: Application time: 0.0001061 seconds
2019-06-24T23:35:47.250+0000: 314486.262: Application time: 0.0001943 seconds
2019-06-24T23:35:47.250+0000: 314486.262: Application time: 0.0001602 seconds
2019-06-24T23:35:47.252+0000: 314486.264: Application time: 0.0014709 seconds
2019-06-24T23:35:50.393+0000: 314489.405: Application time: 3.1405602 seconds
2019-06-24T23:36:07.268+0000: 314506.280: Application time: 16.8747231 seconds
{Heap before GC invocations=2168 (full 170):
 par new generation   total 9792K, used 9593K [0x00000000e1000000, 0x00000000e1aa0000, 0x00000000eb4a0000)
  eden space 8704K, 100% used [0x00000000e1000000, 0x00000000e1880000, 0x00000000e1880000)
  from space 1088K,  81% used [0x00000000e1880000, 0x00000000e195e4f8, 0x00000000e1990000)
  to   space 1088K,   0% used [0x00000000e1990000, 0x00000000e1990000, 0x00000000e1aa0000)
 concurrent mark-sweep generation total 121500K, used 70014K [0x00000000eb4a0000, 0x00000000f2b47000, 0x0000000100000000)
 Metaspace       used 88872K, capacity 93278K, committed 93568K, reserved 1130496K
  class space    used 10716K, capacity 11523K, committed 11648K, reserved 1048576K
2019-06-24T23:36:07.268+0000: 314506.280: [GC (Allocation Failure) 2019-06-24T23:36:07.268+0000: 314506.280: [ParNew: 9593K->749K(9792K), 0.0074789 secs] 79607K->70871K(131292K), 0.0075464 secs] [Times: user=0.00 sys=0.00, real=0.01 secs] 
Heap after GC invocations=2169 (full 170):
 par new generation   total 9792K, used 749K [0x00000000e1000000, 0x00000000e1aa0000, 0x00000000eb4a0000)
  eden space 8704K,   0% used [0x00000000e1000000, 0x00000000e1000000, 0x00000000e1880000)
  from space 1088K,  68% used [0x00000000e1990000, 0x00000000e1a4b400, 0x00000000e1aa0000)
  to   space 1088K,   0% used [0x00000000e1880000, 0x00000000e1880000, 0x00000000e1990000)
 concurrent mark-sweep generation total 121500K, used 70122K [0x00000000eb4a0000, 0x00000000f2b47000, 0x0000000100000000)
 Metaspace       used 88872K, capacity 93278K, committed 93568K, reserved 1130496K
  class space    used 10716K, capacity 11523K, committed 11648K, reserved 1048576K
}
2019-06-24T23:36:12.198+0000: 314511.210: Application time: 4.9219989 seconds
2019-06-24T23:36:12.199+0000: 314511.211: Application time: 0.0009140 seconds
2019-06-24T23:36:12.200+0000: 314511.212: Application time: 0.0001608 seconds
2019-06-24T23:36:12.200+0000: 314511.212: Application time: 0.0001375 seconds
2019-06-24T23:36:12.200+0000: 314511.213: Application time: 0.0002068 seconds
2019-06-24T23:36:17.201+0000: 314516.214: Application time: 5.0007505 seconds
2019-06-24T23:36:17.225+0000: 314516.238: Application time: 0.0236018 seconds
2019-06-24T23:36:20.397+0000: 314519.410: Application time: 3.1717378 seconds
2019-06-24T23:36:20.398+0000: 314519.410: Application time: 0.0001687 seconds
2019-06-24T23:36:20.398+0000: 314519.410: Application time: 0.0001906 seconds
2019-06-24T23:36:20.399+0000: 314519.411: Application time: 0.0001596 seconds
2019-06-24T23:36:20.399+0000: 314519.411: Application time: 0.0001564 seconds
2019-06-24T23:36:20.399+0000: 314519.412: Application time: 0.0001937 seconds
2019-06-24T23:36:20.400+0000: 314519.412: Application time: 0.0001696 seconds
2019-06-24T23:36:25.356+0000: 314524.368: Application time: 4.9561634 seconds
2019-06-24T23:36:25.388+0000: 314524.401: Application time: 0.0321310 seconds
2019-06-24T23:36:27.288+0000: 314526.300: Application time: 1.8995638 seconds
2019-06-24T23:36:27.288+0000: 314526.301: Application time: 0.0000802 seconds
2019-06-24T23:36:27.289+0000: 314526.301: Application time: 0.0000603 seconds
2019-06-24T23:36:27.289+0000: 314526.301: Application time: 0.0000633 seconds
2019-06-24T23:36:27.289+0000: 314526.301: Application time: 0.0000637 seconds
2019-06-24T23:36:27.289+0000: 314526.301: Application time: 0.0000777 seconds
2019-06-24T23:36:27.289+0000: 314526.302: Application time: 0.0000685 seconds
2019-06-24T23:36:27.291+0000: 314526.303: Application time: 0.0015010 seconds
2019-06-24T23:36:56.469+0000: 314555.482: Application time: 29.1780710 seconds
2019-06-24T23:36:56.494+0000: 314555.506: Application time: 0.0244423 seconds
2019-06-24T23:36:57.310+0000: 314556.323: Application time: 0.8160733 seconds
2019-06-24T23:36:57.311+0000: 314556.323: Application time: 0.0003168 seconds
2019-06-24T23:36:57.312+0000: 314556.324: Application time: 0.0003878 seconds
2019-06-24T23:36:57.312+0000: 314556.324: Application time: 0.0003393 seconds
2019-06-24T23:37:07.323+0000: 314566.335: Application time: 10.0104479 seconds
2019-06-24T23:37:07.323+0000: 314566.336: Application time: 0.0000639 seconds
2019-06-24T23:37:07.323+0000: 314566.336: Application time: 0.0000602 seconds
2019-06-24T23:37:07.324+0000: 314566.336: Application time: 0.0000549 seconds
2019-06-24T23:37:07.324+0000: 314566.336: Application time: 0.0000546 seconds
2019-06-24T23:37:07.324+0000: 314566.336: Application time: 0.0000579 seconds
2019-06-24T23:37:07.326+0000: 314566.338: Application time: 0.0014726 seconds
2019-06-24T23:38:07.373+0000: 314626.385: Application time: 60.0467817 seconds
{Heap before GC invocations=2169 (full 170):
 par new generation   total 9792K, used 9453K [0x00000000e1000000, 0x00000000e1aa0000, 0x00000000eb4a0000)
  eden space 8704K, 100% used [0x00000000e1000000, 0x00000000e1880000, 0x00000000e1880000)
  from space 1088K,  68% used [0x00000000e1990000, 0x00000000e1a4b400, 0x00000000e1aa0000)
  to   space 1088K,   0% used [0x00000000e1880000, 0x00000000e1880000, 0x00000000e1990000)
 concurrent mark-sweep generation total 121500K, used 70122K [0x00000000eb4a0000, 0x00000000f2b47000, 0x0000000100000000)
 Metaspace       used 88872K, capacity 93278K, committed 93568K, reserved 1130496K
  class space    used 10716K, capacity 11523K, committed 11648K, reserved 1048576K
2019-06-24T23:38:07.373+0000: 314626.385: [GC (Allocation Failure) 2019-06-24T23:38:07.373+0000: 314626.385: [ParNew: 9453K->956K(9792K), 0.0045986 secs] 79575K->71191K(131292K), 0.0046703 secs] [Times: user=0.00 sys=0.01, real=0.00 secs] 
Heap after GC invocations=2170 (full 170):
 par new generation   total 9792K, used 956K [0x00000000e1000000, 0x00000000e1aa0000, 0x00000000eb4a0000)
  eden space 8704K,   0% used [0x00000000e1000000, 0x00000000e1000000, 0x00000000e1880000)
  from space 1088K,  87% used [0x00000000e1880000, 0x00000000e196f378, 0x00000000e1990000)
  to   space 1088K,   0% used [0x00000000e1990000, 0x00000000e1990000, 0x00000000e1aa0000)
 concurrent mark-sweep generation total 121500K, used 70234K [0x00000000eb4a0000, 0x00000000f2b47000, 0x0000000100000000)
 Metaspace       used 88872K, capacity 93278K, committed 93568K, reserved 1130496K
  class space    used 10716K, capacity 11523K, committed 11648K, reserved 1048576K
}
2019-06-24T23:38:41.527+0000: 314660.539: Application time: 34.1494742 seconds
2019-06-24T23:38:46.529+0000: 314665.541: Application time: 5.0012405 seconds
2019-06-24T23:38:46.562+0000: 314665.575: Application time: 0.0333192 seconds
2019-06-24T23:38:50.423+0000: 314669.435: Application time: 3.8600546 seconds
2019-06-24T23:38:50.423+0000: 314669.436: Application time: 0.0003432 seconds
2019-06-24T23:38:50.424+0000: 314669.436: Application time: 0.0003780 seconds
2019-06-24T23:38:50.424+0000: 314669.437: Application time: 0.0003466 seconds
2019-06-24T23:38:53.417+0000: 314672.429: Application time: 2.9920601 seconds
2019-06-24T23:38:53.441+0000: 314672.453: Application time: 0.0241187 seconds
2019-06-24T23:38:57.410+0000: 314676.423: Application time: 3.9689899 seconds
2019-06-24T23:38:57.411+0000: 314676.423: Application time: 0.0000731 seconds
2019-06-24T23:38:57.411+0000: 314676.423: Application time: 0.0000649 seconds
2019-06-24T23:38:57.411+0000: 314676.423: Application time: 0.0000589 seconds
2019-06-24T23:38:57.411+0000: 314676.424: Application time: 0.0000579 seconds
2019-06-24T23:38:57.411+0000: 314676.424: Application time: 0.0000630 seconds
2019-06-24T23:38:57.413+0000: 314676.425: Application time: 0.0014653 seconds
2019-06-24T23:41:47.529+0000: 314846.541: Application time: 170.1153614 seconds
{Heap before GC invocations=2170 (full 170):
 par new generation   total 9792K, used 9660K [0x00000000e1000000, 0x00000000e1aa0000, 0x00000000eb4a0000)
  eden space 8704K, 100% used [0x00000000e1000000, 0x00000000e1880000, 0x00000000e1880000)
  from space 1088K,  87% used [0x00000000e1880000, 0x00000000e196f378, 0x00000000e1990000)
  to   space 1088K,   0% used [0x00000000e1990000, 0x00000000e1990000, 0x00000000e1aa0000)
 concurrent mark-sweep generation total 121500K, used 70234K [0x00000000eb4a0000, 0x00000000f2b47000, 0x0000000100000000)
 Metaspace       used 88876K, capacity 93284K, committed 93568K, reserved 1130496K
  class space    used 10717K, capacity 11524K, committed 11648K, reserved 1048576K
2019-06-24T23:41:47.529+0000: 314846.541: [GC (Allocation Failure) 2019-06-24T23:41:47.529+0000: 314846.541: [ParNew: 9660K->731K(9792K), 0.0037634 secs] 79895K->71475K(131292K), 0.0038200 secs] [Times: user=0.01 sys=0.00, real=0.00 secs] 
Heap after GC invocations=2171 (full 170):
 par new generation   total 9792K, used 731K [0x00000000e1000000, 0x00000000e1aa0000, 0x00000000eb4a0000)
  eden space 8704K,   0% used [0x00000000e1000000, 0x00000000e1000000, 0x00000000e1880000)
  from space 1088K,  67% used [0x00000000e1990000, 0x00000000e1a46dd0, 0x00000000e1aa0000)
  to   space 1088K,   0% used [0x00000000e1880000, 0x00000000e1880000, 0x00000000e1990000)
 concurrent mark-sweep generation total 121500K, used 70743K [0x00000000eb4a0000, 0x00000000f2b47000, 0x0000000100000000)
 Metaspace       used 88876K, capacity 93284K, committed 93568K, reserved 1130496K
  class space    used 10717K, capacity 11524K, committed 11648K, reserved 1048576K
}
2019-06-24T23:41:53.534+0000: 314852.546: Application time: 6.0008624 seconds
2019-06-24T23:41:57.539+0000: 314856.551: Application time: 4.0050789 seconds
2019-06-24T23:41:57.539+0000: 314856.552: Application time: 0.0000934 seconds
2019-06-24T23:41:57.540+0000: 314856.552: Application time: 0.0001735 seconds
2019-06-24T23:41:57.540+0000: 314856.552: Application time: 0.0001618 seconds
2019-06-24T23:41:58.340+0000: 314857.353: Application time: 0.8002655 seconds
2019-06-24T23:41:58.389+0000: 314857.401: Application time: 0.0480976 seconds
2019-06-24T23:42:07.547+0000: 314866.559: Application time: 9.1573992 seconds
2019-06-24T23:42:07.547+0000: 314866.559: Application time: 0.0000915 seconds
2019-06-24T23:42:07.547+0000: 314866.560: Application time: 0.0000891 seconds
2019-06-24T23:42:07.547+0000: 314866.560: Application time: 0.0000820 seconds
2019-06-24T23:42:07.548+0000: 314866.560: Application time: 0.0000818 seconds
2019-06-24T23:42:07.548+0000: 314866.560: Application time: 0.0000866 seconds
2019-06-24T23:42:07.550+0000: 314866.562: Application time: 0.0018179 seconds
2019-06-24T23:42:43.640+0000: 314902.653: Application time: 36.0899606 seconds
2019-06-24T23:42:43.696+0000: 314902.708: Application time: 0.0555128 seconds
2019-06-24T23:42:47.576+0000: 314906.588: Application time: 3.8796114 seconds
2019-06-24T23:42:47.576+0000: 314906.588: Application time: 0.0000809 seconds
2019-06-24T23:42:47.576+0000: 314906.589: Application time: 0.0000623 seconds
2019-06-24T23:42:47.577+0000: 314906.589: Application time: 0.0002649 seconds
2019-06-24T23:42:47.577+0000: 314906.589: Application time: 0.0001359 seconds
2019-06-24T23:42:50.467+0000: 314909.480: Application time: 2.8902277 seconds
2019-06-24T23:42:50.468+0000: 314909.480: Application time: 0.0000967 seconds
2019-06-24T23:42:50.468+0000: 314909.480: Application time: 0.0000749 seconds
2019-06-24T23:42:50.468+0000: 314909.481: Application time: 0.0001596 seconds
2019-06-24T23:42:50.469+0000: 314909.481: Application time: 0.0000861 seconds
2019-06-24T23:42:50.470+0000: 314909.483: Application time: 0.0016306 seconds
2019-06-24T23:45:27.697+0000: 315066.709: Application time: 157.2262233 seconds
{Heap before GC invocations=2171 (full 170):
 par new generation   total 9792K, used 9435K [0x00000000e1000000, 0x00000000e1aa0000, 0x00000000eb4a0000)
  eden space 8704K, 100% used [0x00000000e1000000, 0x00000000e1880000, 0x00000000e1880000)
  from space 1088K,  67% used [0x00000000e1990000, 0x00000000e1a46dd0, 0x00000000e1aa0000)
  to   space 1088K,   0% used [0x00000000e1880000, 0x00000000e1880000, 0x00000000e1990000)
 concurrent mark-sweep generation total 121500K, used 70743K [0x00000000eb4a0000, 0x00000000f2b47000, 0x0000000100000000)
 Metaspace       used 88876K, capacity 93284K, committed 93568K, reserved 1130496K
  class space    used 10717K, capacity 11524K, committed 11648K, reserved 1048576K
2019-06-24T23:45:27.697+0000: 315066.709: [GC (Allocation Failure) 2019-06-24T23:45:27.697+0000: 315066.709: [ParNew: 9435K->1088K(9792K), 0.0060314 secs] 80179K->72167K(131292K), 0.0060909 secs] [Times: user=0.01 sys=0.00, real=0.01 secs] 
Heap after GC invocations=2172 (full 170):
 par new generation   total 9792K, used 1088K [0x00000000e1000000, 0x00000000e1aa0000, 0x00000000eb4a0000)
  eden space 8704K,   0% used [0x00000000e1000000, 0x00000000e1000000, 0x00000000e1880000)
  from space 1088K, 100% used [0x00000000e1880000, 0x00000000e1990000, 0x00000000e1990000)
  to   space 1088K,   0% used [0x00000000e1990000, 0x00000000e1990000, 0x00000000e1aa0000)
 concurrent mark-sweep generation total 121500K, used 71079K [0x00000000eb4a0000, 0x00000000f2b47000, 0x0000000100000000)
 Metaspace       used 88876K, capacity 93284K, committed 93568K, reserved 1130496K
  class space    used 10717K, capacity 11524K, committed 11648K, reserved 1048576K
}
2019-06-24T23:47:07.760+0000: 315166.773: Application time: 100.0572557 seconds
2019-06-24T23:52:47.993+0000: 315507.005: Application time: 340.2315826 seconds
{Heap before GC invocations=2172 (full 170):
 par new generation   total 9792K, used 9792K [0x00000000e1000000, 0x00000000e1aa0000, 0x00000000eb4a0000)
  eden space 8704K, 100% used [0x00000000e1000000, 0x00000000e1880000, 0x00000000e1880000)
  from space 1088K, 100% used [0x00000000e1880000, 0x00000000e1990000, 0x00000000e1990000)
  to   space 1088K,   0% used [0x00000000e1990000, 0x00000000e1990000, 0x00000000e1aa0000)
 concurrent mark-sweep generation total 121500K, used 71079K [0x00000000eb4a0000, 0x00000000f2b47000, 0x0000000100000000)
 Metaspace       used 88877K, capacity 93284K, committed 93568K, reserved 1130496K
  class space    used 10717K, capacity 11524K, committed 11648K, reserved 1048576K
2019-06-24T23:52:47.993+0000: 315507.005: [GC (Allocation Failure) 2019-06-24T23:52:47.993+0000: 315507.005: [ParNew: 9792K->735K(9792K), 0.0035168 secs] 80871K->72086K(131292K), 0.0035690 secs] [Times: user=0.01 sys=0.00, real=0.00 secs] 
Heap after GC invocations=2173 (full 170):
 par new generation   total 9792K, used 735K [0x00000000e1000000, 0x00000000e1aa0000, 0x00000000eb4a0000)
  eden space 8704K,   0% used [0x00000000e1000000, 0x00000000e1000000, 0x00000000e1880000)
  from space 1088K,  67% used [0x00000000e1990000, 0x00000000e1a47fd8, 0x00000000e1aa0000)
  to   space 1088K,   0% used [0x00000000e1880000, 0x00000000e1880000, 0x00000000e1990000)
 concurrent mark-sweep generation total 121500K, used 71350K [0x00000000eb4a0000, 0x00000000f2b47000, 0x0000000100000000)
 Metaspace       used 88877K, capacity 93284K, committed 93568K, reserved 1130496K
  class space    used 10717K, capacity 11524K, committed 11648K, reserved 1048576K
}
2019-06-24T23:53:10.128+0000: 315529.140: Application time: 22.1310878 seconds
2019-06-25T00:00:08.325+0000: 315947.337: Application time: 418.1971368 seconds
{Heap before GC invocations=2173 (full 170):
 par new generation   total 9792K, used 9439K [0x00000000e1000000, 0x00000000e1aa0000, 0x00000000eb4a0000)
  eden space 8704K, 100% used [0x00000000e1000000, 0x00000000e1880000, 0x00000000e1880000)
  from space 1088K,  67% used [0x00000000e1990000, 0x00000000e1a47fd8, 0x00000000e1aa0000)
  to   space 1088K,   0% used [0x00000000e1880000, 0x00000000e1880000, 0x00000000e1990000)
 concurrent mark-sweep generation total 121500K, used 71350K [0x00000000eb4a0000, 0x00000000f2b47000, 0x0000000100000000)
 Metaspace       used 88877K, capacity 93284K, committed 93568K, reserved 1130496K
  class space    used 10717K, capacity 11524K, committed 11648K, reserved 1048576K
2019-06-25T00:00:08.325+0000: 315947.338: [GC (Allocation Failure) 2019-06-25T00:00:08.325+0000: 315947.338: [ParNew: 9439K->621K(9792K), 0.0070407 secs] 80790K->71972K(131292K), 0.0071388 secs] [Times: user=0.01 sys=0.00, real=0.01 secs] 
Heap after GC invocations=2174 (full 170):
 par new generation   total 9792K, used 621K [0x00000000e1000000, 0x00000000e1aa0000, 0x00000000eb4a0000)
  eden space 8704K,   0% used [0x00000000e1000000, 0x00000000e1000000, 0x00000000e1880000)
  from space 1088K,  57% used [0x00000000e1880000, 0x00000000e191b7e0, 0x00000000e1990000)
  to   space 1088K,   0% used [0x00000000e1990000, 0x00000000e1990000, 0x00000000e1aa0000)
 concurrent mark-sweep generation total 121500K, used 71350K [0x00000000eb4a0000, 0x00000000f2b47000, 0x0000000100000000)
 Metaspace       used 88877K, capacity 93284K, committed 93568K, reserved 1130496K
  class space    used 10717K, capacity 11524K, committed 11648K, reserved 1048576K
}
2019-06-25T00:00:38.356+0000: 315977.368: Application time: 30.0235339 seconds
2019-06-25T00:00:38.356+0000: 315977.369: Application time: 0.0000539 seconds
2019-06-25T00:00:38.357+0000: 315977.369: Application time: 0.0000890 seconds
2019-06-25T00:00:38.357+0000: 315977.369: Application time: 0.0002009 seconds
2019-06-25T00:00:38.357+0000: 315977.370: Application time: 0.0001211 seconds
2019-06-25T00:00:40.540+0000: 315979.552: Application time: 2.1824368 seconds
2019-06-25T00:00:40.564+0000: 315979.576: Application time: 0.0237156 seconds
2019-06-25T00:00:48.364+0000: 315987.376: Application time: 7.7998297 seconds
2019-06-25T00:00:48.364+0000: 315987.377: Application time: 0.0001016 seconds
2019-06-25T00:00:48.365+0000: 315987.377: Application time: 0.0001074 seconds
2019-06-25T00:00:48.365+0000: 315987.377: Application time: 0.0000821 seconds
2019-06-25T00:00:48.365+0000: 315987.377: Application time: 0.0000854 seconds
2019-06-25T00:00:48.367+0000: 315987.379: Application time: 0.0018989 seconds
2019-06-25T00:03:48.085+0000: 316167.098: Application time: 179.7180464 seconds
2019-06-25T00:03:48.133+0000: 316167.145: Application time: 0.0472870 seconds
2019-06-25T00:03:48.498+0000: 316167.510: Application time: 0.3642676 seconds
2019-06-25T00:03:48.498+0000: 316167.511: Application time: 0.0006811 seconds
2019-06-25T00:03:48.499+0000: 316167.511: Application time: 0.0002316 seconds
2019-06-25T00:03:48.499+0000: 316167.512: Application time: 0.0002139 seconds
2019-06-25T00:03:48.500+0000: 316167.512: Application time: 0.0002654 seconds
2019-06-25T00:03:48.500+0000: 316167.513: Application time: 0.0002637 seconds
2019-06-25T00:03:48.502+0000: 316167.514: Application time: 0.0016047 seconds
{Heap before GC invocations=2174 (full 170):
 par new generation   total 9792K, used 9325K [0x00000000e1000000, 0x00000000e1aa0000, 0x00000000eb4a0000)
  eden space 8704K, 100% used [0x00000000e1000000, 0x00000000e1880000, 0x00000000e1880000)
  from space 1088K,  57% used [0x00000000e1880000, 0x00000000e191b7e0, 0x00000000e1990000)
  to   space 1088K,   0% used [0x00000000e1990000, 0x00000000e1990000, 0x00000000e1aa0000)
 concurrent mark-sweep generation total 121500K, used 71350K [0x00000000eb4a0000, 0x00000000f2b47000, 0x0000000100000000)
 Metaspace       used 88877K, capacity 93284K, committed 93568K, reserved 1130496K
  class space    used 10717K, capacity 11524K, committed 11648K, reserved 1048576K
2019-06-25T00:03:48.502+0000: 316167.515: [GC (Allocation Failure) 2019-06-25T00:03:48.502+0000: 316167.515: [ParNew: 9325K->680K(9792K), 0.0082620 secs] 80676K->72231K(131292K), 0.0083250 secs] [Times: user=0.02 sys=0.00, real=0.01 secs] 
Heap after GC invocations=2175 (full 170):
 par new generation   total 9792K, used 680K [0x00000000e1000000, 0x00000000e1aa0000, 0x00000000eb4a0000)
  eden space 8704K,   0% used [0x00000000e1000000, 0x00000000e1000000, 0x00000000e1880000)
  from space 1088K,  62% used [0x00000000e1990000, 0x00000000e1a3a240, 0x00000000e1aa0000)
  to   space 1088K,   0% used [0x00000000e1880000, 0x00000000e1880000, 0x00000000e1990000)
 concurrent mark-sweep generation total 121500K, used 71551K [0x00000000eb4a0000, 0x00000000f2b47000, 0x0000000100000000)
 Metaspace       used 88877K, capacity 93284K, committed 93568K, reserved 1130496K
  class space    used 10717K, capacity 11524K, committed 11648K, reserved 1048576K
}
2019-06-25T00:03:50.663+0000: 316169.676: Application time: 2.1526427 seconds
2019-06-25T00:03:50.664+0000: 316169.676: Application time: 0.0000743 seconds
2019-06-25T00:03:50.664+0000: 316169.676: Application time: 0.0000585 seconds
2019-06-25T00:03:50.664+0000: 316169.676: Application time: 0.0000572 seconds
2019-06-25T00:03:50.664+0000: 316169.677: Application time: 0.0000802 seconds
2019-06-25T00:03:50.666+0000: 316169.678: Application time: 0.0014822 seconds
2019-06-25T00:05:07.542+0000: 316246.554: Application time: 76.8757513 seconds
2019-06-25T00:05:07.574+0000: 316246.586: Application time: 0.0320877 seconds
2019-06-25T00:05:08.440+0000: 316247.453: Application time: 0.8659632 seconds
2019-06-25T00:05:08.441+0000: 316247.453: Application time: 0.0001516 seconds
2019-06-25T00:05:08.441+0000: 316247.453: Application time: 0.0001366 seconds
2019-06-25T00:05:08.441+0000: 316247.454: Application time: 0.0001285 seconds
2019-06-25T00:05:08.442+0000: 316247.454: Application time: 0.0003470 seconds
2019-06-25T00:05:08.442+0000: 316247.455: Application time: 0.0002552 seconds
2019-06-25T00:05:08.564+0000: 316247.576: Application time: 0.1209227 seconds
2019-06-25T00:05:08.564+0000: 316247.576: Application time: 0.0001036 seconds
2019-06-25T00:05:08.564+0000: 316247.577: Application time: 0.0000812 seconds
2019-06-25T00:05:08.565+0000: 316247.577: Application time: 0.0001027 seconds
2019-06-25T00:05:08.566+0000: 316247.579: Application time: 0.0016929 seconds
2019-06-25T00:05:10.209+0000: 316249.221: Application time: 1.6423003 seconds
2019-06-25T00:05:10.210+0000: 316249.222: Application time: 0.0001394 seconds
2019-06-25T00:05:10.210+0000: 316249.222: Application time: 0.0001280 seconds
2019-06-25T00:05:10.210+0000: 316249.222: Application time: 0.0000461 seconds
2019-06-25T00:05:10.211+0000: 316249.223: Application time: 0.0001264 seconds
2019-06-25T00:05:10.211+0000: 316249.223: Application time: 0.0001251 seconds
2019-06-25T00:05:10.211+0000: 316249.224: Application time: 0.0001282 seconds
2019-06-25T00:05:10.212+0000: 316249.224: Application time: 0.0001572 seconds
2019-06-25T00:05:10.212+0000: 316249.224: Application time: 0.0001244 seconds
2019-06-25T00:05:10.212+0000: 316249.225: Application time: 0.0001235 seconds
2019-06-25T00:05:35.643+0000: 316274.655: Application time: 25.4302335 seconds
2019-06-25T00:05:35.668+0000: 316274.680: Application time: 0.0247008 seconds
2019-06-25T00:05:38.587+0000: 316277.599: Application time: 2.9189532 seconds
2019-06-25T00:05:38.587+0000: 316277.600: Application time: 0.0001105 seconds
2019-06-25T00:05:38.588+0000: 316277.600: Application time: 0.0001328 seconds
2019-06-25T00:05:38.588+0000: 316277.600: Application time: 0.0000971 seconds
2019-06-25T00:05:38.588+0000: 316277.601: Application time: 0.0002274 seconds
2019-06-25T00:05:38.589+0000: 316277.601: Application time: 0.0002442 seconds
2019-06-25T00:05:48.597+0000: 316287.609: Application time: 10.0075202 seconds
2019-06-25T00:05:48.597+0000: 316287.609: Application time: 0.0000943 seconds
2019-06-25T00:05:48.597+0000: 316287.609: Application time: 0.0000759 seconds
2019-06-25T00:05:48.597+0000: 316287.610: Application time: 0.0000785 seconds
2019-06-25T00:05:48.599+0000: 316287.612: Application time: 0.0018882 seconds
2019-06-25T00:05:55.941+0000: 316294.953: Application time: 7.3409763 seconds
{Heap before GC invocations=2175 (full 170):
 par new generation   total 9792K, used 9369K [0x00000000e1000000, 0x00000000e1aa0000, 0x00000000eb4a0000)
  eden space 8704K,  99% used [0x00000000e1000000, 0x00000000e187c508, 0x00000000e1880000)
  from space 1088K,  62% used [0x00000000e1990000, 0x00000000e1a3a240, 0x00000000e1aa0000)
  to   space 1088K,   0% used [0x00000000e1880000, 0x00000000e1880000, 0x00000000e1990000)
 concurrent mark-sweep generation total 121500K, used 71551K [0x00000000eb4a0000, 0x00000000f2b47000, 0x0000000100000000)
 Metaspace       used 88877K, capacity 93284K, committed 93568K, reserved 1130496K
  class space    used 10717K, capacity 11524K, committed 11648K, reserved 1048576K
2019-06-25T00:05:55.941+0000: 316294.953: [GC (Allocation Failure) 2019-06-25T00:05:55.941+0000: 316294.953: [ParNew: 9369K->1013K(9792K), 0.0052326 secs] 80921K->72634K(131292K), 0.0052840 secs] [Times: user=0.01 sys=0.00, real=0.00 secs] 
Heap after GC invocations=2176 (full 170):
 par new generation   total 9792K, used 1013K [0x00000000e1000000, 0x00000000e1aa0000, 0x00000000eb4a0000)
  eden space 8704K,   0% used [0x00000000e1000000, 0x00000000e1000000, 0x00000000e1880000)
  from space 1088K,  93% used [0x00000000e1880000, 0x00000000e197d670, 0x00000000e1990000)
  to   space 1088K,   0% used [0x00000000e1990000, 0x00000000e1990000, 0x00000000e1aa0000)
 concurrent mark-sweep generation total 121500K, used 71620K [0x00000000eb4a0000, 0x00000000f2b47000, 0x0000000100000000)
 Metaspace       used 88877K, capacity 93284K, committed 93568K, reserved 1130496K
  class space    used 10717K, capacity 11524K, committed 11648K, reserved 1048576K
}
2019-06-25T00:05:58.605+0000: 316297.617: Application time: 2.6584629 seconds
2019-06-25T00:05:58.605+0000: 316297.617: Application time: 0.0000856 seconds
2019-06-25T00:05:58.605+0000: 316297.618: Application time: 0.0000750 seconds
2019-06-25T00:05:58.606+0000: 316297.618: Application time: 0.0000991 seconds
2019-06-25T00:05:58.606+0000: 316297.618: Application time: 0.0000765 seconds
2019-06-25T00:05:58.606+0000: 316297.619: Application time: 0.0000750 seconds
2019-06-25T00:05:58.606+0000: 316297.619: Application time: 0.0000746 seconds
2019-06-25T00:05:58.607+0000: 316297.619: Application time: 0.0001590 seconds
2019-06-25T00:05:58.607+0000: 316297.620: Application time: 0.0003266 seconds
2019-06-25T00:05:58.608+0000: 316297.620: Application time: 0.0002636 seconds
2019-06-25T00:06:00.937+0000: 316299.949: Application time: 2.3291263 seconds
2019-06-25T00:06:00.969+0000: 316299.981: Application time: 0.0313735 seconds
2019-06-25T00:06:08.448+0000: 316307.460: Application time: 7.4791369 seconds
2019-06-25T00:06:08.452+0000: 316307.465: Application time: 0.0037726 seconds
2019-06-25T00:06:20.684+0000: 316319.696: Application time: 12.2310937 seconds
2019-06-25T00:06:20.684+0000: 316319.696: Application time: 0.0001261 seconds
2019-06-25T00:06:20.684+0000: 316319.697: Application time: 0.0001375 seconds
2019-06-25T00:06:20.684+0000: 316319.697: Application time: 0.0001300 seconds
2019-06-25T00:06:20.685+0000: 316319.697: Application time: 0.0001236 seconds
2019-06-25T00:06:20.685+0000: 316319.697: Application time: 0.0001244 seconds
2019-06-25T00:06:20.685+0000: 316319.697: Application time: 0.0001280 seconds
2019-06-25T00:06:20.686+0000: 316319.698: Application time: 0.0002876 seconds
2019-06-25T00:06:20.686+0000: 316319.698: Application time: 0.0001573 seconds
2019-06-25T00:06:24.247+0000: 316323.259: Application time: 3.5609947 seconds
2019-06-25T00:06:24.276+0000: 316323.289: Application time: 0.0292104 seconds
2019-06-25T00:06:28.636+0000: 316327.649: Application time: 4.3594652 seconds
2019-06-25T00:06:28.638+0000: 316327.650: Application time: 0.0013463 seconds
2019-06-25T00:08:14.992+0000: 316434.004: Application time: 106.3537797 seconds
2019-06-25T00:08:14.993+0000: 316434.006: Application time: 0.0009114 seconds
2019-06-25T00:08:14.994+0000: 316434.006: Application time: 0.0001057 seconds
2019-06-25T00:08:14.994+0000: 316434.006: Application time: 0.0001442 seconds
2019-06-25T00:08:14.994+0000: 316434.007: Application time: 0.0000985 seconds
2019-06-25T00:08:14.995+0000: 316434.008: Application time: 0.0004528 seconds
2019-06-25T00:08:19.996+0000: 316439.008: Application time: 5.0004890 seconds
2019-06-25T00:08:20.034+0000: 316439.046: Application time: 0.0378689 seconds
2019-06-25T00:08:39.247+0000: 316458.259: Application time: 19.2122863 seconds
{Heap before GC invocations=2176 (full 170):
 par new generation   total 9792K, used 9717K [0x00000000e1000000, 0x00000000e1aa0000, 0x00000000eb4a0000)
  eden space 8704K,  99% used [0x00000000e1000000, 0x00000000e187fe88, 0x00000000e1880000)
  from space 1088K,  93% used [0x00000000e1880000, 0x00000000e197d670, 0x00000000e1990000)
  to   space 1088K,   0% used [0x00000000e1990000, 0x00000000e1990000, 0x00000000e1aa0000)
 concurrent mark-sweep generation total 121500K, used 71620K [0x00000000eb4a0000, 0x00000000f2b47000, 0x0000000100000000)
 Metaspace       used 88896K, capacity 93314K, committed 93568K, reserved 1130496K
  class space    used 10719K, capacity 11529K, committed 11648K, reserved 1048576K
2019-06-25T00:08:39.247+0000: 316458.259: [GC (Allocation Failure) 2019-06-25T00:08:39.247+0000: 316458.259: [ParNew: 9717K->1088K(9792K), 0.0057202 secs] 81338K->73156K(131292K), 0.0057913 secs] [Times: user=0.01 sys=0.00, real=0.01 secs] 
Heap after GC invocations=2177 (full 170):
 par new generation   total 9792K, used 1088K [0x00000000e1000000, 0x00000000e1aa0000, 0x00000000eb4a0000)
  eden space 8704K,   0% used [0x00000000e1000000, 0x00000000e1000000, 0x00000000e1880000)
  from space 1088K, 100% used [0x00000000e1990000, 0x00000000e1aa0000, 0x00000000e1aa0000)
  to   space 1088K,   0% used [0x00000000e1880000, 0x00000000e1880000, 0x00000000e1990000)
 concurrent mark-sweep generation total 121500K, used 72068K [0x00000000eb4a0000, 0x00000000f2b47000, 0x0000000100000000)
 Metaspace       used 88896K, capacity 93314K, committed 93568K, reserved 1130496K
  class space    used 10719K, capacity 11529K, committed 11648K, reserved 1048576K
}
2019-06-25T00:08:44.244+0000: 316463.257: Application time: 4.9916471 seconds
2019-06-25T00:08:44.284+0000: 316463.296: Application time: 0.0394941 seconds
2019-06-25T00:08:48.731+0000: 316467.743: Application time: 4.4461912 seconds
2019-06-25T00:08:48.731+0000: 316467.743: Application time: 0.0000912 seconds
2019-06-25T00:08:48.731+0000: 316467.744: Application time: 0.0000830 seconds
2019-06-25T00:08:48.732+0000: 316467.744: Application time: 0.0000820 seconds
2019-06-25T00:08:48.732+0000: 316467.745: Application time: 0.0001761 seconds
2019-06-25T00:08:48.733+0000: 316467.745: Application time: 0.0001879 seconds
2019-06-25T00:08:48.733+0000: 316467.745: Application time: 0.0001581 seconds
2019-06-25T00:08:48.734+0000: 316467.746: Application time: 0.0003567 seconds
2019-06-25T00:08:48.734+0000: 316467.746: Application time: 0.0001976 seconds
2019-06-25T00:08:50.713+0000: 316469.725: Application time: 1.9785264 seconds
2019-06-25T00:08:50.713+0000: 316469.726: Application time: 0.0000924 seconds
2019-06-25T00:08:50.714+0000: 316469.726: Application time: 0.0001992 seconds
2019-06-25T00:08:50.714+0000: 316469.726: Application time: 0.0001551 seconds
2019-06-25T00:08:50.716+0000: 316469.728: Application time: 0.0015485 seconds
2019-06-25T00:11:44.258+0000: 316643.270: Application time: 173.5421435 seconds
2019-06-25T00:11:44.289+0000: 316643.302: Application time: 0.0308948 seconds
2019-06-25T00:11:48.842+0000: 316647.855: Application time: 4.5530296 seconds
2019-06-25T00:11:48.843+0000: 316647.855: Application time: 0.0001733 seconds
2019-06-25T00:11:48.844+0000: 316647.856: Application time: 0.0002316 seconds
2019-06-25T00:11:48.844+0000: 316647.856: Application time: 0.0001518 seconds
2019-06-25T00:11:48.845+0000: 316647.857: Application time: 0.0003412 seconds
2019-06-25T00:11:48.845+0000: 316647.858: Application time: 0.0002878 seconds
2019-06-25T00:11:50.737+0000: 316649.749: Application time: 1.8912509 seconds
2019-06-25T00:11:50.737+0000: 316649.749: Application time: 0.0001948 seconds
2019-06-25T00:11:50.738+0000: 316649.750: Application time: 0.0003381 seconds
2019-06-25T00:11:50.738+0000: 316649.750: Application time: 0.0001828 seconds
2019-06-25T00:11:50.739+0000: 316649.752: Application time: 0.0012646 seconds
2019-06-25T00:12:11.577+0000: 316670.589: Application time: 20.8376534 seconds
{Heap before GC invocations=2177 (full 170):
 par new generation   total 9792K, used 9790K [0x00000000e1000000, 0x00000000e1aa0000, 0x00000000eb4a0000)
  eden space 8704K,  99% used [0x00000000e1000000, 0x00000000e187f9a0, 0x00000000e1880000)
  from space 1088K, 100% used [0x00000000e1990000, 0x00000000e1aa0000, 0x00000000e1aa0000)
  to   space 1088K,   0% used [0x00000000e1880000, 0x00000000e1880000, 0x00000000e1990000)
 concurrent mark-sweep generation total 121500K, used 72068K [0x00000000eb4a0000, 0x00000000f2b47000, 0x0000000100000000)
 Metaspace       used 88896K, capacity 93314K, committed 93568K, reserved 1130496K
  class space    used 10719K, capacity 11529K, committed 11648K, reserved 1048576K
2019-06-25T00:12:11.578+0000: 316670.590: [GC (Allocation Failure) 2019-06-25T00:12:11.578+0000: 316670.590: [ParNew: 9790K->817K(9792K), 0.0101211 secs] 81858K->73196K(131292K), 0.0102965 secs] [Times: user=0.00 sys=0.02, real=0.01 secs] 
Heap after GC invocations=2178 (full 170):
 par new generation   total 9792K, used 817K [0x00000000e1000000, 0x00000000e1aa0000, 0x00000000eb4a0000)
  eden space 8704K,   0% used [0x00000000e1000000, 0x00000000e1000000, 0x00000000e1880000)
  from space 1088K,  75% used [0x00000000e1880000, 0x00000000e194c440, 0x00000000e1990000)
  to   space 1088K,   0% used [0x00000000e1990000, 0x00000000e1990000, 0x00000000e1aa0000)
 concurrent mark-sweep generation total 121500K, used 72379K [0x00000000eb4a0000, 0x00000000f2b47000, 0x0000000100000000)
 Metaspace       used 88896K, capacity 93314K, committed 93568K, reserved 1130496K
  class space    used 10719K, capacity 11529K, committed 11648K, reserved 1048576K
}
2019-06-25T00:12:16.564+0000: 316675.577: Application time: 4.9760980 seconds
2019-06-25T00:12:16.621+0000: 316675.633: Application time: 0.0563295 seconds
2019-06-25T00:12:18.870+0000: 316677.882: Application time: 2.2487935 seconds
2019-06-25T00:12:18.870+0000: 316677.883: Application time: 0.0000761 seconds
2019-06-25T00:12:18.871+0000: 316677.883: Application time: 0.0000890 seconds
2019-06-25T00:12:18.871+0000: 316677.883: Application time: 0.0000650 seconds
2019-06-25T00:12:18.871+0000: 316677.883: Application time: 0.0000627 seconds
2019-06-25T00:12:18.871+0000: 316677.884: Application time: 0.0000771 seconds
2019-06-25T00:12:20.742+0000: 316679.754: Application time: 1.8701306 seconds
2019-06-25T00:12:20.742+0000: 316679.754: Application time: 0.0001901 seconds
2019-06-25T00:12:20.742+0000: 316679.755: Application time: 0.0002090 seconds
2019-06-25T00:12:20.743+0000: 316679.755: Application time: 0.0002542 seconds
2019-06-25T00:12:20.743+0000: 316679.755: Application time: 0.0002237 seconds
2019-06-25T00:12:20.745+0000: 316679.757: Application time: 0.0014001 seconds
2019-06-25T00:18:10.309+0000: 317029.321: Application time: 349.5637430 seconds
2019-06-25T00:18:39.129+0000: 317058.142: Application time: 28.8204233 seconds
{Heap before GC invocations=2178 (full 170):
 par new generation   total 9792K, used 9521K [0x00000000e1000000, 0x00000000e1aa0000, 0x00000000eb4a0000)
  eden space 8704K, 100% used [0x00000000e1000000, 0x00000000e1880000, 0x00000000e1880000)
  from space 1088K,  75% used [0x00000000e1880000, 0x00000000e194c440, 0x00000000e1990000)
  to   space 1088K,   0% used [0x00000000e1990000, 0x00000000e1990000, 0x00000000e1aa0000)
 concurrent mark-sweep generation total 121500K, used 72379K [0x00000000eb4a0000, 0x00000000f2b47000, 0x0000000100000000)
 Metaspace       used 88896K, capacity 93314K, committed 93568K, reserved 1130496K
  class space    used 10719K, capacity 11529K, committed 11648K, reserved 1048576K
2019-06-25T00:18:39.130+0000: 317058.142: [GC (Allocation Failure) 2019-06-25T00:18:39.130+0000: 317058.142: [ParNew: 9521K->813K(9792K), 0.0057328 secs] 81900K->73507K(131292K), 0.0057872 secs] [Times: user=0.01 sys=0.00, real=0.00 secs] 
Heap after GC invocations=2179 (full 170):
 par new generation   total 9792K, used 813K [0x00000000e1000000, 0x00000000e1aa0000, 0x00000000eb4a0000)
  eden space 8704K,   0% used [0x00000000e1000000, 0x00000000e1000000, 0x00000000e1880000)
  from space 1088K,  74% used [0x00000000e1990000, 0x00000000e1a5b788, 0x00000000e1aa0000)
  to   space 1088K,   0% used [0x00000000e1880000, 0x00000000e1880000, 0x00000000e1990000)
 concurrent mark-sweep generation total 121500K, used 72693K [0x00000000eb4a0000, 0x00000000f2b47000, 0x0000000100000000)
 Metaspace       used 88896K, capacity 93314K, committed 93568K, reserved 1130496K
  class space    used 10719K, capacity 11529K, committed 11648K, reserved 1048576K
}
2019-06-25T00:20:29.216+0000: 317168.228: Application time: 110.0806485 seconds
2019-06-25T00:25:59.452+0000: 317498.465: Application time: 330.2359086 seconds
{Heap before GC invocations=2179 (full 170):
 par new generation   total 9792K, used 9517K [0x00000000e1000000, 0x00000000e1aa0000, 0x00000000eb4a0000)
  eden space 8704K, 100% used [0x00000000e1000000, 0x00000000e1880000, 0x00000000e1880000)
  from space 1088K,  74% used [0x00000000e1990000, 0x00000000e1a5b788, 0x00000000e1aa0000)
  to   space 1088K,   0% used [0x00000000e1880000, 0x00000000e1880000, 0x00000000e1990000)
 concurrent mark-sweep generation total 121500K, used 72693K [0x00000000eb4a0000, 0x00000000f2b47000, 0x0000000100000000)
 Metaspace       used 88896K, capacity 93314K, committed 93568K, reserved 1130496K
  class space    used 10719K, capacity 11529K, committed 11648K, reserved 1048576K
2019-06-25T00:25:59.453+0000: 317498.465: [GC (Allocation Failure) 2019-06-25T00:25:59.453+0000: 317498.465: [ParNew: 9517K->842K(9792K), 0.0159691 secs] 82211K->73535K(131292K), 0.0161750 secs] [Times: user=0.03 sys=0.00, real=0.02 secs] 
Heap after GC invocations=2180 (full 170):
 par new generation   total 9792K, used 842K [0x00000000e1000000, 0x00000000e1aa0000, 0x00000000eb4a0000)
  eden space 8704K,   0% used [0x00000000e1000000, 0x00000000e1000000, 0x00000000e1880000)
  from space 1088K,  77% used [0x00000000e1880000, 0x00000000e19528d8, 0x00000000e1990000)
  to   space 1088K,   0% used [0x00000000e1990000, 0x00000000e1990000, 0x00000000e1aa0000)
 concurrent mark-sweep generation total 121500K, used 72693K [0x00000000eb4a0000, 0x00000000f2b47000, 0x0000000100000000)
 Metaspace       used 88896K, capacity 93314K, committed 93568K, reserved 1130496K
  class space    used 10719K, capacity 11529K, committed 11648K, reserved 1048576K
}
2019-06-25T00:29:59.185+0000: 317738.197: Application time: 239.7153039 seconds
2019-06-25T00:29:59.219+0000: 317738.231: Application time: 0.0341384 seconds
2019-06-25T00:29:59.630+0000: 317738.643: Application time: 0.4112600 seconds
2019-06-25T00:29:59.631+0000: 317738.644: Application time: 0.0001765 seconds
2019-06-25T00:29:59.632+0000: 317738.644: Application time: 0.0001882 seconds
2019-06-25T00:29:59.632+0000: 317738.645: Application time: 0.0001514 seconds
2019-06-25T00:29:59.633+0000: 317738.645: Application time: 0.0002019 seconds
2019-06-25T00:30:08.537+0000: 317747.549: Application time: 8.9041607 seconds
2019-06-25T00:30:08.537+0000: 317747.550: Application time: 0.0000692 seconds
2019-06-25T00:30:08.538+0000: 317747.550: Application time: 0.0000878 seconds
2019-06-25T00:30:08.538+0000: 317747.550: Application time: 0.0002092 seconds
2019-06-25T00:30:08.538+0000: 317747.551: Application time: 0.0001568 seconds
2019-06-25T00:30:08.540+0000: 317747.552: Application time: 0.0015871 seconds
2019-06-25T00:31:19.690+0000: 317818.702: Application time: 71.1496095 seconds
{Heap before GC invocations=2180 (full 170):
 par new generation   total 9792K, used 9546K [0x00000000e1000000, 0x00000000e1aa0000, 0x00000000eb4a0000)
  eden space 8704K, 100% used [0x00000000e1000000, 0x00000000e1880000, 0x00000000e1880000)
  from space 1088K,  77% used [0x00000000e1880000, 0x00000000e19528d8, 0x00000000e1990000)
  to   space 1088K,   0% used [0x00000000e1990000, 0x00000000e1990000, 0x00000000e1aa0000)
 concurrent mark-sweep generation total 121500K, used 72693K [0x00000000eb4a0000, 0x00000000f2b47000, 0x0000000100000000)
 Metaspace       used 88896K, capacity 93314K, committed 93568K, reserved 1130496K
  class space    used 10719K, capacity 11529K, committed 11648K, reserved 1048576K
2019-06-25T00:31:19.690+0000: 317818.703: [GC (Allocation Failure) 2019-06-25T00:31:19.690+0000: 317818.703: [ParNew: 9546K->727K(9792K), 0.0030619 secs] 82239K->73620K(131292K), 0.0031113 secs] [Times: user=0.01 sys=0.00, real=0.00 secs] 
Heap after GC invocations=2181 (full 170):
 par new generation   total 9792K, used 727K [0x00000000e1000000, 0x00000000e1aa0000, 0x00000000eb4a0000)
  eden space 8704K,   0% used [0x00000000e1000000, 0x00000000e1000000, 0x00000000e1880000)
  from space 1088K,  66% used [0x00000000e1990000, 0x00000000e1a45df0, 0x00000000e1aa0000)
  to   space 1088K,   0% used [0x00000000e1880000, 0x00000000e1880000, 0x00000000e1990000)
 concurrent mark-sweep generation total 121500K, used 72892K [0x00000000eb4a0000, 0x00000000f2b47000, 0x0000000100000000)
 Metaspace       used 88896K, capacity 93314K, committed 93568K, reserved 1130496K
  class space    used 10719K, capacity 11529K, committed 11648K, reserved 1048576K
}
2019-06-25T00:33:05.850+0000: 317924.862: Application time: 106.1562483 seconds
2019-06-25T00:33:05.875+0000: 317924.888: Application time: 0.0252861 seconds
2019-06-25T00:33:08.548+0000: 317927.560: Application time: 2.6726045 seconds
2019-06-25T00:33:08.549+0000: 317927.561: Application time: 0.0001685 seconds
2019-06-25T00:33:08.549+0000: 317927.561: Application time: 0.0001328 seconds
2019-06-25T00:33:08.549+0000: 317927.562: Application time: 0.0001294 seconds
2019-06-25T00:33:08.550+0000: 317927.562: Application time: 0.0001372 seconds
2019-06-25T00:33:09.755+0000: 317928.767: Application time: 1.2047858 seconds
2019-06-25T00:33:09.755+0000: 317928.767: Application time: 0.0000816 seconds
2019-06-25T00:33:09.755+0000: 317928.768: Application time: 0.0000781 seconds
2019-06-25T00:33:09.756+0000: 317928.768: Application time: 0.0001662 seconds
2019-06-25T00:33:09.756+0000: 317928.768: Application time: 0.0001395 seconds
2019-06-25T00:33:09.757+0000: 317928.770: Application time: 0.0013465 seconds
2019-06-25T00:34:27.355+0000: 318006.368: Application time: 77.5978578 seconds
2019-06-25T00:34:27.390+0000: 318006.403: Application time: 0.0346229 seconds
2019-06-25T00:34:29.809+0000: 318008.821: Application time: 2.4183287 seconds
2019-06-25T00:34:29.810+0000: 318008.822: Application time: 0.0001200 seconds
2019-06-25T00:34:29.810+0000: 318008.822: Application time: 0.0001163 seconds
2019-06-25T00:34:29.810+0000: 318008.823: Application time: 0.0001205 seconds
2019-06-25T00:34:29.810+0000: 318008.823: Application time: 0.0001038 seconds
2019-06-25T00:34:39.819+0000: 318018.831: Application time: 10.0080031 seconds
2019-06-25T00:34:39.819+0000: 318018.831: Application time: 0.0000917 seconds
2019-06-25T00:34:39.819+0000: 318018.832: Application time: 0.0000865 seconds
2019-06-25T00:34:39.820+0000: 318018.832: Application time: 0.0001904 seconds
2019-06-25T00:34:39.820+0000: 318018.832: Application time: 0.0001868 seconds
2019-06-25T00:34:39.822+0000: 318018.834: Application time: 0.0015495 seconds
2019-06-25T00:34:48.365+0000: 318027.377: Application time: 8.5430378 seconds
{Heap before GC invocations=2181 (full 170):
 par new generation   total 9792K, used 9398K [0x00000000e1000000, 0x00000000e1aa0000, 0x00000000eb4a0000)
  eden space 8704K,  99% used [0x00000000e1000000, 0x00000000e1877a38, 0x00000000e1880000)
  from space 1088K,  66% used [0x00000000e1990000, 0x00000000e1a45df0, 0x00000000e1aa0000)
  to   space 1088K,   0% used [0x00000000e1880000, 0x00000000e1880000, 0x00000000e1990000)
 concurrent mark-sweep generation total 121500K, used 72892K [0x00000000eb4a0000, 0x00000000f2b47000, 0x0000000100000000)
 Metaspace       used 88896K, capacity 93314K, committed 93568K, reserved 1130496K
  class space    used 10719K, capacity 11529K, committed 11648K, reserved 1048576K
2019-06-25T00:34:48.365+0000: 318027.378: [GC (Allocation Failure) 2019-06-25T00:34:48.365+0000: 318027.378: [ParNew: 9398K->1088K(9792K), 0.0081040 secs] 82290K->73981K(131292K), 0.0082191 secs] [Times: user=0.01 sys=0.00, real=0.01 secs] 
Heap after GC invocations=2182 (full 170):
 par new generation   total 9792K, used 1088K [0x00000000e1000000, 0x00000000e1aa0000, 0x00000000eb4a0000)
  eden space 8704K,   0% used [0x00000000e1000000, 0x00000000e1000000, 0x00000000e1880000)
  from space 1088K, 100% used [0x00000000e1880000, 0x00000000e1990000, 0x00000000e1990000)
  to   space 1088K,   0% used [0x00000000e1990000, 0x00000000e1990000, 0x00000000e1aa0000)
 concurrent mark-sweep generation total 121500K, used 72893K [0x00000000eb4a0000, 0x00000000f2b47000, 0x0000000100000000)
 Metaspace       used 88896K, capacity 93314K, committed 93568K, reserved 1130496K
  class space    used 10719K, capacity 11529K, committed 11648K, reserved 1048576K
}
2019-06-25T00:34:49.374+0000: 318028.387: Application time: 1.0006515 seconds
2019-06-25T00:34:49.827+0000: 318028.839: Application time: 0.4523401 seconds
2019-06-25T00:34:49.827+0000: 318028.840: Application time: 0.0000750 seconds
2019-06-25T00:34:49.828+0000: 318028.840: Application time: 0.0000610 seconds
2019-06-25T00:34:49.828+0000: 318028.840: Application time: 0.0000603 seconds
2019-06-25T00:34:49.828+0000: 318028.840: Application time: 0.0000651 seconds
2019-06-25T00:34:50.928+0000: 318029.940: Application time: 1.0997589 seconds
2019-06-25T00:34:50.928+0000: 318029.940: Application time: 0.0000812 seconds
2019-06-25T00:34:50.928+0000: 318029.941: Application time: 0.0000666 seconds
2019-06-25T00:34:50.929+0000: 318029.941: Application time: 0.0001655 seconds
2019-06-25T00:34:50.929+0000: 318029.941: Application time: 0.0001144 seconds
2019-06-25T00:34:50.930+0000: 318029.942: Application time: 0.0012592 seconds
2019-06-25T00:34:53.361+0000: 318032.374: Application time: 2.4308814 seconds
2019-06-25T00:34:53.432+0000: 318032.445: Application time: 0.0709210 seconds
2019-06-25T00:35:50.940+0000: 318089.952: Application time: 57.5073536 seconds
2019-06-25T00:35:50.941+0000: 318089.953: Application time: 0.0002582 seconds
2019-06-25T00:35:50.941+0000: 318089.953: Application time: 0.0002590 seconds
2019-06-25T00:35:50.942+0000: 318089.954: Application time: 0.0002769 seconds
2019-06-25T00:35:50.942+0000: 318089.954: Application time: 0.0002662 seconds
2019-06-25T00:35:50.943+0000: 318089.955: Application time: 0.0002638 seconds
2019-06-25T00:35:55.299+0000: 318094.311: Application time: 4.3563202 seconds
2019-06-25T00:35:55.343+0000: 318094.356: Application time: 0.0439620 seconds
2019-06-25T00:35:59.873+0000: 318098.885: Application time: 4.5293878 seconds
2019-06-25T00:35:59.873+0000: 318098.886: Application time: 0.0000745 seconds
2019-06-25T00:35:59.874+0000: 318098.886: Application time: 0.0001938 seconds
2019-06-25T00:35:59.874+0000: 318098.886: Application time: 0.0001273 seconds
2019-06-25T00:35:59.875+0000: 318098.887: Application time: 0.0012038 seconds
2019-06-25T00:36:08.561+0000: 318107.574: Application time: 8.6859581 seconds
2019-06-25T00:36:08.562+0000: 318107.574: Application time: 0.0000834 seconds
2019-06-25T00:36:08.562+0000: 318107.575: Application time: 0.0000624 seconds
2019-06-25T00:36:08.563+0000: 318107.575: Application time: 0.0000719 seconds
2019-06-25T00:36:08.563+0000: 318107.576: Application time: 0.0000665 seconds
2019-06-25T00:36:08.564+0000: 318107.576: Application time: 0.0000722 seconds
2019-06-25T00:36:09.880+0000: 318108.892: Application time: 1.3153126 seconds
2019-06-25T00:36:09.880+0000: 318108.892: Application time: 0.0001841 seconds
2019-06-25T00:36:09.880+0000: 318108.893: Application time: 0.0001874 seconds
2019-06-25T00:36:09.881+0000: 318108.893: Application time: 0.0001469 seconds
2019-06-25T00:36:09.881+0000: 318108.893: Application time: 0.0002055 seconds
2019-06-25T00:36:09.881+0000: 318108.894: Application time: 0.0001870 seconds
2019-06-25T00:36:09.882+0000: 318108.894: Application time: 0.0001925 seconds
2019-06-25T00:36:09.882+0000: 318108.895: Application time: 0.0003362 seconds
2019-06-25T00:36:09.883+0000: 318108.895: Application time: 0.0002243 seconds
2019-06-25T00:36:09.884+0000: 318108.897: Application time: 0.0013675 seconds
2019-06-25T00:36:13.552+0000: 318112.564: Application time: 3.6668251 seconds
2019-06-25T00:36:13.599+0000: 318112.611: Application time: 0.0469090 seconds
2019-06-25T00:36:19.891+0000: 318118.903: Application time: 6.2921725 seconds
2019-06-25T00:36:59.918+0000: 318158.930: Application time: 40.0264110 seconds
{Heap before GC invocations=2182 (full 170):
 par new generation   total 9792K, used 9792K [0x00000000e1000000, 0x00000000e1aa0000, 0x00000000eb4a0000)
  eden space 8704K, 100% used [0x00000000e1000000, 0x00000000e1880000, 0x00000000e1880000)
  from space 1088K, 100% used [0x00000000e1880000, 0x00000000e1990000, 0x00000000e1990000)
  to   space 1088K,   0% used [0x00000000e1990000, 0x00000000e1990000, 0x00000000e1aa0000)
 concurrent mark-sweep generation total 121500K, used 72893K [0x00000000eb4a0000, 0x00000000f2b47000, 0x0000000100000000)
 Metaspace       used 88896K, capacity 93314K, committed 93568K, reserved 1130496K
  class space    used 10719K, capacity 11529K, committed 11648K, reserved 1048576K
2019-06-25T00:36:59.918+0000: 318158.930: [GC (Allocation Failure) 2019-06-25T00:36:59.918+0000: 318158.930: [ParNew: 9792K->731K(9792K), 0.0045193 secs] 82685K->74036K(131292K), 0.0046507 secs] [Times: user=0.00 sys=0.01, real=0.01 secs] 
Heap after GC invocations=2183 (full 170):
 par new generation   total 9792K, used 731K [0x00000000e1000000, 0x00000000e1aa0000, 0x00000000eb4a0000)
  eden space 8704K,   0% used [0x00000000e1000000, 0x00000000e1000000, 0x00000000e1880000)
  from space 1088K,  67% used [0x00000000e1990000, 0x00000000e1a46c78, 0x00000000e1aa0000)
  to   space 1088K,   0% used [0x00000000e1880000, 0x00000000e1880000, 0x00000000e1990000)
 concurrent mark-sweep generation total 121500K, used 73305K [0x00000000eb4a0000, 0x00000000f2b47000, 0x0000000100000000)
 Metaspace       used 88896K, capacity 93314K, committed 93568K, reserved 1130496K
  class space    used 10719K, capacity 11529K, committed 11648K, reserved 1048576K
}
2019-06-25T00:36:59.923+0000: 318158.935: Application time: 0.0001023 seconds
2019-06-25T00:36:59.923+0000: 318158.936: [GC (CMS Initial Mark) [1 CMS-initial-mark: 73305K(121500K)] 74038K(131292K), 0.0031140 secs] [Times: user=0.01 sys=0.00, real=0.00 secs] 
2019-06-25T00:36:59.927+0000: 318158.939: [CMS-concurrent-mark-start]
2019-06-25T00:37:00.061+0000: 318159.073: [CMS-concurrent-mark: 0.134/0.134 secs] [Times: user=0.13 sys=0.00, real=0.14 secs] 
2019-06-25T00:37:00.061+0000: 318159.073: [CMS-concurrent-preclean-start]
2019-06-25T00:37:00.063+0000: 318159.075: [CMS-concurrent-preclean: 0.002/0.002 secs] [Times: user=0.01 sys=0.00, real=0.00 secs] 
2019-06-25T00:37:00.063+0000: 318159.075: Application time: 0.1363384 seconds
2019-06-25T00:37:00.063+0000: 318159.075: [GC (CMS Final Remark) [YG occupancy: 795 K (9792 K)]2019-06-25T00:37:00.063+0000: 318159.075: [Rescan (parallel) , 0.0065729 secs]2019-06-25T00:37:00.070+0000: 318159.082: [weak refs processing, 0.0025922 secs]2019-06-25T00:37:00.072+0000: 318159.085: [class unloading, 0.0293277 secs]2019-06-25T00:37:00.102+0000: 318159.114: [scrub symbol table, 0.0224054 secs]2019-06-25T00:37:00.124+0000: 318159.136: [scrub string table, 0.0014564 secs][1 CMS-remark: 73305K(121500K)] 74100K(131292K), 0.0768095 secs] [Times: user=0.08 sys=0.00, real=0.08 secs] 
2019-06-25T00:37:00.140+0000: 318159.152: [CMS-concurrent-sweep-start]
2019-06-25T00:37:00.173+0000: 318159.185: [CMS-concurrent-sweep: 0.033/0.033 secs] [Times: user=0.03 sys=0.00, real=0.03 secs] 
2019-06-25T00:37:00.173+0000: 318159.185: [CMS-concurrent-reset-start]
2019-06-25T00:37:00.173+0000: 318159.186: [CMS-concurrent-reset: 0.001/0.001 secs] [Times: user=0.00 sys=0.00, real=0.00 secs] 
2019-06-25T00:37:01.140+0000: 318160.153: Application time: 1.0002155 seconds
2019-06-25T00:37:09.142+0000: 318168.154: Application time: 8.0012043 seconds
2019-06-25T00:37:09.938+0000: 318168.950: Application time: 0.7958003 seconds
2019-06-25T00:37:10.938+0000: 318169.950: Application time: 1.0001803 seconds
2019-06-25T00:37:32.941+0000: 318191.954: Application time: 22.0034000 seconds
2019-06-25T00:37:42.943+0000: 318201.956: Application time: 10.0014769 seconds
2019-06-25T00:37:47.308+0000: 318206.320: Application time: 4.3645551 seconds
2019-06-25T00:37:47.335+0000: 318206.348: Application time: 0.0268614 seconds
2019-06-25T00:37:49.962+0000: 318208.975: Application time: 2.6267259 seconds
2019-06-25T00:37:50.959+0000: 318209.971: Application time: 0.9965509 seconds
2019-06-25T00:37:50.959+0000: 318209.972: Application time: 0.0001040 seconds
2019-06-25T00:37:50.960+0000: 318209.972: Application time: 0.0000942 seconds
2019-06-25T00:37:50.960+0000: 318209.972: Application time: 0.0000872 seconds
2019-06-25T00:37:50.960+0000: 318209.972: Application time: 0.0001289 seconds
2019-06-25T00:37:50.960+0000: 318209.973: Application time: 0.0000876 seconds
2019-06-25T00:37:50.961+0000: 318209.973: Application time: 0.0000926 seconds
2019-06-25T00:37:50.961+0000: 318209.973: Application time: 0.0002339 seconds
2019-06-25T00:37:50.961+0000: 318209.974: Application time: 0.0001801 seconds
2019-06-25T00:37:50.963+0000: 318209.976: Application time: 0.0017445 seconds
2019-06-25T00:38:00.965+0000: 318219.977: Application time: 10.0016198 seconds
2019-06-25T00:38:08.573+0000: 318227.585: Application time: 7.6072406 seconds
2019-06-25T00:38:08.573+0000: 318227.585: Application time: 0.0002158 seconds
2019-06-25T00:38:08.573+0000: 318227.586: Application time: 0.0002617 seconds
2019-06-25T00:38:08.574+0000: 318227.586: Application time: 0.0001552 seconds
2019-06-25T00:38:09.974+0000: 318228.987: Application time: 1.4004689 seconds
2019-06-25T00:38:09.975+0000: 318228.987: Application time: 0.0000688 seconds
2019-06-25T00:38:09.975+0000: 318228.987: Application time: 0.0000734 seconds
2019-06-25T00:38:09.975+0000: 318228.987: Application time: 0.0000593 seconds
2019-06-25T00:38:09.975+0000: 318228.988: Application time: 0.0000654 seconds
2019-06-25T00:38:09.975+0000: 318228.988: Application time: 0.0000579 seconds
2019-06-25T00:38:09.977+0000: 318228.989: Application time: 0.0014109 seconds
2019-06-25T00:38:13.328+0000: 318232.340: Application time: 3.3508440 seconds
2019-06-25T00:38:13.357+0000: 318232.369: Application time: 0.0286590 seconds
2019-06-25T00:38:33.360+0000: 318252.373: Application time: 20.0031009 seconds
2019-06-25T00:39:10.366+0000: 318289.379: Application time: 37.0058339 seconds
2019-06-25T00:40:30.064+0000: 318369.077: Application time: 79.6978268 seconds
{Heap before GC invocations=2183 (full 171):
 par new generation   total 9792K, used 9435K [0x00000000e1000000, 0x00000000e1aa0000, 0x00000000eb4a0000)
  eden space 8704K, 100% used [0x00000000e1000000, 0x00000000e1880000, 0x00000000e1880000)
  from space 1088K,  67% used [0x00000000e1990000, 0x00000000e1a46c78, 0x00000000e1aa0000)
  to   space 1088K,   0% used [0x00000000e1880000, 0x00000000e1880000, 0x00000000e1990000)
 concurrent mark-sweep generation total 121500K, used 69537K [0x00000000eb4a0000, 0x00000000f2b47000, 0x0000000100000000)
 Metaspace       used 88825K, capacity 93200K, committed 93568K, reserved 1130496K
  class space    used 10709K, capacity 11510K, committed 11648K, reserved 1048576K
2019-06-25T00:40:30.065+0000: 318369.077: [GC (Allocation Failure) 2019-06-25T00:40:30.065+0000: 318369.077: [ParNew: 9435K->1088K(9792K), 0.0054452 secs] 78972K->70916K(131292K), 0.0055191 secs] [Times: user=0.01 sys=0.00, real=0.01 secs] 
Heap after GC invocations=2184 (full 171):
 par new generation   total 9792K, used 1088K [0x00000000e1000000, 0x00000000e1aa0000, 0x00000000eb4a0000)
  eden space 8704K,   0% used [0x00000000e1000000, 0x00000000e1000000, 0x00000000e1880000)
  from space 1088K, 100% used [0x00000000e1880000, 0x00000000e1990000, 0x00000000e1990000)
  to   space 1088K,   0% used [0x00000000e1990000, 0x00000000e1990000, 0x00000000e1aa0000)
 concurrent mark-sweep generation total 121500K, used 69828K [0x00000000eb4a0000, 0x00000000f2b47000, 0x0000000100000000)
 Metaspace       used 88825K, capacity 93200K, committed 93568K, reserved 1130496K
  class space    used 10709K, capacity 11510K, committed 11648K, reserved 1048576K
}
2019-06-25T00:40:41.072+0000: 318380.085: Application time: 11.0019652 seconds
2019-06-25T00:41:40.121+0000: 318439.133: Application time: 59.0483409 seconds
2019-06-25T00:41:40.122+0000: 318439.134: Application time: 0.0006223 seconds
2019-06-25T00:41:40.122+0000: 318439.135: Application time: 0.0002979 seconds
2019-06-25T00:41:40.123+0000: 318439.135: Application time: 0.0002976 seconds
2019-06-25T00:41:41.986+0000: 318440.998: Application time: 1.8624694 seconds
2019-06-25T00:41:42.015+0000: 318441.028: Application time: 0.0292745 seconds
2019-06-25T00:41:50.132+0000: 318449.144: Application time: 8.1166915 seconds
2019-06-25T00:41:50.132+0000: 318449.145: Application time: 0.0002006 seconds
2019-06-25T00:41:50.133+0000: 318449.145: Application time: 0.0000277 seconds
2019-06-25T00:41:50.133+0000: 318449.145: Application time: 0.0000194 seconds
2019-06-25T00:41:50.133+0000: 318449.145: Application time: 0.0000189 seconds
2019-06-25T00:41:50.133+0000: 318449.145: Application time: 0.0000232 seconds
2019-06-25T00:41:50.135+0000: 318449.147: Application time: 0.0015973 seconds
2019-06-25T00:42:06.772+0000: 318465.784: Application time: 16.6374504 seconds
2019-06-25T00:42:06.797+0000: 318465.809: Application time: 0.0245727 seconds
2019-06-25T00:42:08.591+0000: 318467.603: Application time: 1.7936859 seconds
2019-06-25T00:42:08.592+0000: 318467.604: Application time: 0.0003778 seconds
2019-06-25T00:42:08.592+0000: 318467.605: Application time: 0.0003648 seconds
2019-06-25T00:42:08.593+0000: 318467.605: Application time: 0.0004292 seconds
2019-06-25T00:42:08.594+0000: 318467.606: Application time: 0.0003511 seconds
2019-06-25T00:42:10.144+0000: 318469.156: Application time: 1.5502229 seconds
2019-06-25T00:42:10.144+0000: 318469.157: Application time: 0.0000795 seconds
2019-06-25T00:42:10.145+0000: 318469.157: Application time: 0.0000653 seconds
2019-06-25T00:42:10.145+0000: 318469.157: Application time: 0.0000655 seconds
2019-06-25T00:42:10.145+0000: 318469.157: Application time: 0.0000615 seconds
2019-06-25T00:42:10.147+0000: 318469.159: Application time: 0.0015410 seconds
2019-06-25T00:43:10.461+0000: 318529.474: Application time: 60.3148179 seconds
2019-06-25T00:44:10.225+0000: 318589.238: Application time: 59.7636709 seconds
{Heap before GC invocations=2184 (full 171):
 par new generation   total 9792K, used 9792K [0x00000000e1000000, 0x00000000e1aa0000, 0x00000000eb4a0000)
  eden space 8704K, 100% used [0x00000000e1000000, 0x00000000e1880000, 0x00000000e1880000)
  from space 1088K, 100% used [0x00000000e1880000, 0x00000000e1990000, 0x00000000e1990000)
  to   space 1088K,   0% used [0x00000000e1990000, 0x00000000e1990000, 0x00000000e1aa0000)
 concurrent mark-sweep generation total 121500K, used 69828K [0x00000000eb4a0000, 0x00000000f2b47000, 0x0000000100000000)
 Metaspace       used 88828K, capacity 93206K, committed 93568K, reserved 1130496K
  class space    used 10710K, capacity 11511K, committed 11648K, reserved 1048576K
2019-06-25T00:44:10.226+0000: 318589.238: [GC (Allocation Failure) 2019-06-25T00:44:10.226+0000: 318589.238: [ParNew: 9792K->1054K(9792K), 0.0064905 secs] 79620K->71193K(131292K), 0.0065528 secs] [Times: user=0.01 sys=0.00, real=0.01 secs] 
Heap after GC invocations=2185 (full 171):
 par new generation   total 9792K, used 1054K [0x00000000e1000000, 0x00000000e1aa0000, 0x00000000eb4a0000)
  eden space 8704K,   0% used [0x00000000e1000000, 0x00000000e1000000, 0x00000000e1880000)
  from space 1088K,  96% used [0x00000000e1990000, 0x00000000e1a97888, 0x00000000e1aa0000)
  to   space 1088K,   0% used [0x00000000e1880000, 0x00000000e1880000, 0x00000000e1990000)
 concurrent mark-sweep generation total 121500K, used 70139K [0x00000000eb4a0000, 0x00000000f2b47000, 0x0000000100000000)
 Metaspace       used 88828K, capacity 93206K, committed 93568K, reserved 1130496K
  class space    used 10710K, capacity 11511K, committed 11648K, reserved 1048576K
}
2019-06-25T00:51:21.094+0000: 319020.107: Application time: 430.8620330 seconds
{Heap before GC invocations=2185 (full 171):
 par new generation   total 9792K, used 9758K [0x00000000e1000000, 0x00000000e1aa0000, 0x00000000eb4a0000)
  eden space 8704K, 100% used [0x00000000e1000000, 0x00000000e1880000, 0x00000000e1880000)
  from space 1088K,  96% used [0x00000000e1990000, 0x00000000e1a97888, 0x00000000e1aa0000)
  to   space 1088K,   0% used [0x00000000e1880000, 0x00000000e1880000, 0x00000000e1990000)
 concurrent mark-sweep generation total 121500K, used 70139K [0x00000000eb4a0000, 0x00000000f2b47000, 0x0000000100000000)
 Metaspace       used 88828K, capacity 93206K, committed 93568K, reserved 1130496K
  class space    used 10710K, capacity 11511K, committed 11648K, reserved 1048576K
2019-06-25T00:51:21.095+0000: 319020.107: [GC (Allocation Failure) 2019-06-25T00:51:21.095+0000: 319020.107: [ParNew: 9758K->678K(9792K), 0.0042155 secs] 79897K->71162K(131292K), 0.0042896 secs] [Times: user=0.00 sys=0.00, real=0.01 secs] 
Heap after GC invocations=2186 (full 171):
 par new generation   total 9792K, used 678K [0x00000000e1000000, 0x00000000e1aa0000, 0x00000000eb4a0000)
  eden space 8704K,   0% used [0x00000000e1000000, 0x00000000e1000000, 0x00000000e1880000)
  from space 1088K,  62% used [0x00000000e1880000, 0x00000000e19298d8, 0x00000000e1990000)
  to   space 1088K,   0% used [0x00000000e1990000, 0x00000000e1990000, 0x00000000e1aa0000)
 concurrent mark-sweep generation total 121500K, used 70484K [0x00000000eb4a0000, 0x00000000f2b47000, 0x0000000100000000)
 Metaspace       used 88828K, capacity 93206K, committed 93568K, reserved 1130496K
  class space    used 10710K, capacity 11511K, committed 11648K, reserved 1048576K
}
2019-06-25T00:53:32.120+0000: 319151.133: Application time: 131.0211189 seconds
2019-06-25T00:53:50.644+0000: 319169.656: Application time: 18.5235211 seconds
2019-06-25T00:54:10.526+0000: 319189.538: Application time: 19.8816919 seconds
2019-06-25T00:54:10.526+0000: 319189.539: Application time: 0.0000365 seconds
2019-06-25T00:54:10.526+0000: 319189.539: Application time: 0.0000591 seconds
2019-06-25T00:54:10.527+0000: 319189.539: Application time: 0.0000572 seconds
2019-06-25T00:54:10.527+0000: 319189.539: Application time: 0.0000578 seconds
2019-06-25T00:54:10.527+0000: 319189.539: Application time: 0.0000568 seconds
2019-06-25T00:54:10.527+0000: 319189.539: Application time: 0.0000827 seconds
2019-06-25T00:54:10.527+0000: 319189.540: Application time: 0.0000601 seconds
2019-06-25T00:54:10.527+0000: 319189.540: Application time: 0.0000516 seconds
2019-06-25T00:54:10.528+0000: 319189.540: Application time: 0.0000514 seconds
2019-06-25T00:58:40.554+0000: 319459.566: Application time: 270.0259836 seconds
{Heap before GC invocations=2186 (full 171):
 par new generation   total 9792K, used 9382K [0x00000000e1000000, 0x00000000e1aa0000, 0x00000000eb4a0000)
  eden space 8704K, 100% used [0x00000000e1000000, 0x00000000e1880000, 0x00000000e1880000)
  from space 1088K,  62% used [0x00000000e1880000, 0x00000000e19298d8, 0x00000000e1990000)
  to   space 1088K,   0% used [0x00000000e1990000, 0x00000000e1990000, 0x00000000e1aa0000)
 concurrent mark-sweep generation total 121500K, used 70484K [0x00000000eb4a0000, 0x00000000f2b47000, 0x0000000100000000)
 Metaspace       used 88831K, capacity 93212K, committed 93568K, reserved 1130496K
  class space    used 10710K, capacity 11512K, committed 11648K, reserved 1048576K
2019-06-25T00:58:40.554+0000: 319459.566: [GC (Allocation Failure) 2019-06-25T00:58:40.554+0000: 319459.566: [ParNew: 9382K->759K(9792K), 0.0067556 secs] 79866K->71243K(131292K), 0.0068418 secs] [Times: user=0.01 sys=0.00, real=0.01 secs] 
Heap after GC invocations=2187 (full 171):
 par new generation   total 9792K, used 759K [0x00000000e1000000, 0x00000000e1aa0000, 0x00000000eb4a0000)
  eden space 8704K,   0% used [0x00000000e1000000, 0x00000000e1000000, 0x00000000e1880000)
  from space 1088K,  69% used [0x00000000e1990000, 0x00000000e1a4df30, 0x00000000e1aa0000)
  to   space 1088K,   0% used [0x00000000e1880000, 0x00000000e1880000, 0x00000000e1990000)
 concurrent mark-sweep generation total 121500K, used 70484K [0x00000000eb4a0000, 0x00000000f2b47000, 0x0000000100000000)
 Metaspace       used 88831K, capacity 93212K, committed 93568K, reserved 1130496K
  class space    used 10710K, capacity 11512K, committed 11648K, reserved 1048576K
}
2019-06-25T00:59:56.372+0000: 319535.384: Application time: 75.8107378 seconds
2019-06-25T00:59:56.396+0000: 319535.409: Application time: 0.0244587 seconds
2019-06-25T01:00:00.891+0000: 319539.903: Application time: 4.4943139 seconds
2019-06-25T01:00:00.891+0000: 319539.904: Application time: 0.0000859 seconds
2019-06-25T01:00:00.892+0000: 319539.904: Application time: 0.0000799 seconds
2019-06-25T01:00:00.892+0000: 319539.904: Application time: 0.0001776 seconds
2019-06-25T01:00:00.892+0000: 319539.905: Application time: 0.0001692 seconds
2019-06-25T01:00:08.661+0000: 319547.673: Application time: 7.7684640 seconds
2019-06-25T01:00:08.661+0000: 319547.674: Application time: 0.0001034 seconds
2019-06-25T01:00:08.662+0000: 319547.674: Application time: 0.0000810 seconds
2019-06-25T01:00:08.662+0000: 319547.674: Application time: 0.0000789 seconds
2019-06-25T01:00:08.662+0000: 319547.674: Application time: 0.0000847 seconds
2019-06-25T01:00:08.664+0000: 319547.676: Application time: 0.0019617 seconds
2019-06-25T01:02:59.187+0000: 319718.199: Application time: 170.5226866 seconds
{Heap before GC invocations=2187 (full 171):
 par new generation   total 9792K, used 9463K [0x00000000e1000000, 0x00000000e1aa0000, 0x00000000eb4a0000)
  eden space 8704K, 100% used [0x00000000e1000000, 0x00000000e1880000, 0x00000000e1880000)
  from space 1088K,  69% used [0x00000000e1990000, 0x00000000e1a4df30, 0x00000000e1aa0000)
  to   space 1088K,   0% used [0x00000000e1880000, 0x00000000e1880000, 0x00000000e1990000)
 concurrent mark-sweep generation total 121500K, used 70484K [0x00000000eb4a0000, 0x00000000f2b47000, 0x0000000100000000)
 Metaspace       used 88831K, capacity 93212K, committed 93568K, reserved 1130496K
  class space    used 10710K, capacity 11512K, committed 11648K, reserved 1048576K
2019-06-25T01:02:59.187+0000: 319718.199: [GC (Allocation Failure) 2019-06-25T01:02:59.187+0000: 319718.199: [ParNew: 9463K->1003K(9792K), 0.0052212 secs] 79947K->71976K(131292K), 0.0052886 secs] [Times: user=0.01 sys=0.00, real=0.01 secs] 
Heap after GC invocations=2188 (full 171):
 par new generation   total 9792K, used 1003K [0x00000000e1000000, 0x00000000e1aa0000, 0x00000000eb4a0000)
  eden space 8704K,   0% used [0x00000000e1000000, 0x00000000e1000000, 0x00000000e1880000)
  from space 1088K,  92% used [0x00000000e1880000, 0x00000000e197af40, 0x00000000e1990000)
  to   space 1088K,   0% used [0x00000000e1990000, 0x00000000e1990000, 0x00000000e1aa0000)
 concurrent mark-sweep generation total 121500K, used 70972K [0x00000000eb4a0000, 0x00000000f2b47000, 0x0000000100000000)
 Metaspace       used 88831K, capacity 93212K, committed 93568K, reserved 1130496K
  class space    used 10710K, capacity 11512K, committed 11648K, reserved 1048576K
}
2019-06-25T01:03:01.027+0000: 319720.039: Application time: 1.8342559 seconds
2019-06-25T01:03:01.027+0000: 319720.039: Application time: 0.0000661 seconds
2019-06-25T01:03:01.027+0000: 319720.040: Application time: 0.0000610 seconds
2019-06-25T01:03:01.028+0000: 319720.040: Application time: 0.0003581 seconds
2019-06-25T01:03:01.028+0000: 319720.040: Application time: 0.0001503 seconds
2019-06-25T01:03:04.184+0000: 319723.197: Application time: 3.1560230 seconds
2019-06-25T01:03:04.221+0000: 319723.233: Application time: 0.0365040 seconds
2019-06-25T01:03:08.676+0000: 319727.688: Application time: 4.4546397 seconds
2019-06-25T01:03:08.677+0000: 319727.689: Application time: 0.0003318 seconds
2019-06-25T01:03:08.677+0000: 319727.689: Application time: 0.0002337 seconds
2019-06-25T01:03:08.678+0000: 319727.690: Application time: 0.0002358 seconds
2019-06-25T01:03:08.678+0000: 319727.690: Application time: 0.0002400 seconds
2019-06-25T01:03:08.680+0000: 319727.693: Application time: 0.0021793 seconds
2019-06-25T01:04:11.078+0000: 319790.090: Application time: 62.3970198 seconds
2019-06-25T01:04:11.078+0000: 319790.091: Application time: 0.0001809 seconds
2019-06-25T01:04:11.079+0000: 319790.091: Application time: 0.0001987 seconds
2019-06-25T01:04:11.079+0000: 319790.091: Application time: 0.0002547 seconds
2019-06-25T01:04:11.079+0000: 319790.092: Application time: 0.0002125 seconds
2019-06-25T01:04:14.727+0000: 319793.739: Application time: 3.6475216 seconds
2019-06-25T01:04:14.752+0000: 319793.764: Application time: 0.0247055 seconds
2019-06-25T01:04:21.085+0000: 319800.097: Application time: 6.3329720 seconds
2019-06-25T01:04:21.085+0000: 319800.098: Application time: 0.0000718 seconds
2019-06-25T01:04:21.086+0000: 319800.098: Application time: 0.0000307 seconds
2019-06-25T01:04:21.086+0000: 319800.098: Application time: 0.0000603 seconds
2019-06-25T01:04:21.086+0000: 319800.098: Application time: 0.0000629 seconds
2019-06-25T01:04:21.087+0000: 319800.100: Application time: 0.0014312 seconds
2019-06-25T01:04:37.362+0000: 319816.374: Application time: 16.2744274 seconds
2019-06-25T01:04:37.387+0000: 319816.400: Application time: 0.0250917 seconds
2019-06-25T01:04:41.099+0000: 319820.111: Application time: 3.7115550 seconds
2019-06-25T01:04:41.100+0000: 319820.112: Application time: 0.0001565 seconds
2019-06-25T01:04:41.101+0000: 319820.113: Application time: 0.0002037 seconds
2019-06-25T01:04:41.101+0000: 319820.114: Application time: 0.0002998 seconds
2019-06-25T01:04:41.102+0000: 319820.114: Application time: 0.0002955 seconds
2019-06-25T01:04:51.111+0000: 319830.124: Application time: 10.0094485 seconds
2019-06-25T01:04:51.112+0000: 319830.124: Application time: 0.0001483 seconds
2019-06-25T01:04:51.112+0000: 319830.125: Application time: 0.0001409 seconds
2019-06-25T01:04:51.113+0000: 319830.125: Application time: 0.0001324 seconds
2019-06-25T01:04:51.113+0000: 319830.126: Application time: 0.0001304 seconds
2019-06-25T01:04:51.114+0000: 319830.126: Application time: 0.0001782 seconds
2019-06-25T01:04:51.117+0000: 319830.129: Application time: 0.0028576 seconds
2019-06-25T01:05:36.571+0000: 319875.584: Application time: 45.4541171 seconds
{Heap before GC invocations=2188 (full 171):
 par new generation   total 9792K, used 9707K [0x00000000e1000000, 0x00000000e1aa0000, 0x00000000eb4a0000)
  eden space 8704K, 100% used [0x00000000e1000000, 0x00000000e1880000, 0x00000000e1880000)
  from space 1088K,  92% used [0x00000000e1880000, 0x00000000e197af40, 0x00000000e1990000)
  to   space 1088K,   0% used [0x00000000e1990000, 0x00000000e1990000, 0x00000000e1aa0000)
 concurrent mark-sweep generation total 121500K, used 70972K [0x00000000eb4a0000, 0x00000000f2b47000, 0x0000000100000000)
 Metaspace       used 88853K, capacity 93248K, committed 93568K, reserved 1130496K
  class space    used 10713K, capacity 11518K, committed 11648K, reserved 1048576K
2019-06-25T01:05:36.571+0000: 319875.584: [GC (Allocation Failure) 2019-06-25T01:05:36.572+0000: 319875.584: [ParNew: 9707K->1025K(9792K), 0.0036901 secs] 80680K->71997K(131292K), 0.0037470 secs] [Times: user=0.01 sys=0.00, real=0.00 secs] 
Heap after GC invocations=2189 (full 171):
 par new generation   total 9792K, used 1025K [0x00000000e1000000, 0x00000000e1aa0000, 0x00000000eb4a0000)
  eden space 8704K,   0% used [0x00000000e1000000, 0x00000000e1000000, 0x00000000e1880000)
  from space 1088K,  94% used [0x00000000e1990000, 0x00000000e1a905f0, 0x00000000e1aa0000)
  to   space 1088K,   0% used [0x00000000e1880000, 0x00000000e1880000, 0x00000000e1990000)
 concurrent mark-sweep generation total 121500K, used 70972K [0x00000000eb4a0000, 0x00000000f2b47000, 0x0000000100000000)
 Metaspace       used 88853K, capacity 93248K, committed 93568K, reserved 1130496K
  class space    used 10713K, capacity 11518K, committed 11648K, reserved 1048576K
}
2019-06-25T01:05:41.152+0000: 319880.165: Application time: 4.5769196 seconds
2019-06-25T01:05:41.153+0000: 319880.165: Application time: 0.0000874 seconds
2019-06-25T01:05:41.153+0000: 319880.165: Application time: 0.0000632 seconds
2019-06-25T01:05:41.153+0000: 319880.165: Application time: 0.0000582 seconds
2019-06-25T01:05:41.153+0000: 319880.165: Application time: 0.0000582 seconds
2019-06-25T01:05:41.153+0000: 319880.166: Application time: 0.0000570 seconds
2019-06-25T01:05:41.154+0000: 319880.166: Application time: 0.0000621 seconds
2019-06-25T01:05:41.154+0000: 319880.166: Application time: 0.0001085 seconds
2019-06-25T01:05:41.154+0000: 319880.166: Application time: 0.0001062 seconds
2019-06-25T01:05:41.569+0000: 319880.582: Application time: 0.4153753 seconds
2019-06-25T01:05:41.598+0000: 319880.610: Application time: 0.0279461 seconds
2019-06-25T01:05:46.376+0000: 319885.388: Application time: 4.7780402 seconds
2019-06-25T01:05:51.160+0000: 319890.173: Application time: 4.7818215 seconds
2019-06-25T01:05:51.161+0000: 319890.173: Application time: 0.0001735 seconds
2019-06-25T01:05:51.161+0000: 319890.174: Application time: 0.0001614 seconds
2019-06-25T01:05:51.162+0000: 319890.174: Application time: 0.0001524 seconds
2019-06-25T01:05:51.162+0000: 319890.175: Application time: 0.0001485 seconds
2019-06-25T01:05:51.163+0000: 319890.175: Application time: 0.0001809 seconds
2019-06-25T01:05:51.163+0000: 319890.176: Application time: 0.0001588 seconds
2019-06-25T01:05:51.164+0000: 319890.176: Application time: 0.0003292 seconds
2019-06-25T01:05:51.164+0000: 319890.177: Application time: 0.0002122 seconds
2019-06-25T01:05:51.212+0000: 319890.225: Application time: 0.0476530 seconds
2019-06-25T01:05:51.379+0000: 319890.391: Application time: 0.1663720 seconds
2019-06-25T01:05:51.403+0000: 319890.415: Application time: 0.0233193 seconds
2019-06-25T01:06:01.175+0000: 319900.187: Application time: 9.7719301 seconds
2019-06-25T01:07:11.222+0000: 319970.234: Application time: 70.0464728 seconds
2019-06-25T01:07:11.222+0000: 319970.234: Application time: 0.0000679 seconds
2019-06-25T01:07:11.222+0000: 319970.235: Application time: 0.0000645 seconds
2019-06-25T01:07:11.222+0000: 319970.235: Application time: 0.0000601 seconds
2019-06-25T01:07:11.223+0000: 319970.235: Application time: 0.0000590 seconds
2019-06-25T01:07:11.223+0000: 319970.235: Application time: 0.0000699 seconds
2019-06-25T01:07:11.223+0000: 319970.235: Application time: 0.0000583 seconds
2019-06-25T01:07:11.223+0000: 319970.236: Application time: 0.0001387 seconds
2019-06-25T01:07:11.223+0000: 319970.236: Application time: 0.0000982 seconds
2019-06-25T01:07:16.087+0000: 319975.100: Application time: 4.8637275 seconds
2019-06-25T01:07:16.112+0000: 319975.125: Application time: 0.0247712 seconds
2019-06-25T01:07:21.222+0000: 319980.234: Application time: 5.1097500 seconds
2019-06-25T01:07:21.224+0000: 319980.236: Application time: 0.0015064 seconds
2019-06-25T01:07:33.934+0000: 319992.946: Application time: 12.7096358 seconds
{Heap before GC invocations=2189 (full 171):
 par new generation   total 9792K, used 9728K [0x00000000e1000000, 0x00000000e1aa0000, 0x00000000eb4a0000)
  eden space 8704K,  99% used [0x00000000e1000000, 0x00000000e187fbd8, 0x00000000e1880000)
  from space 1088K,  94% used [0x00000000e1990000, 0x00000000e1a905f0, 0x00000000e1aa0000)
  to   space 1088K,   0% used [0x00000000e1880000, 0x00000000e1880000, 0x00000000e1990000)
 concurrent mark-sweep generation total 121500K, used 70972K [0x00000000eb4a0000, 0x00000000f2b47000, 0x0000000100000000)
 Metaspace       used 88853K, capacity 93248K, committed 93568K, reserved 1130496K
  class space    used 10713K, capacity 11518K, committed 11648K, reserved 1048576K
2019-06-25T01:07:33.934+0000: 319992.946: [GC (Allocation Failure) 2019-06-25T01:07:33.934+0000: 319992.946: [ParNew: 9728K->1088K(9792K), 0.0064214 secs] 80700K->72421K(131292K), 0.0064823 secs] [Times: user=0.01 sys=0.00, real=0.01 secs] 
Heap after GC invocations=2190 (full 171):
 par new generation   total 9792K, used 1088K [0x00000000e1000000, 0x00000000e1aa0000, 0x00000000eb4a0000)
  eden space 8704K,   0% used [0x00000000e1000000, 0x00000000e1000000, 0x00000000e1880000)
  from space 1088K, 100% used [0x00000000e1880000, 0x00000000e1990000, 0x00000000e1990000)
  to   space 1088K,   0% used [0x00000000e1990000, 0x00000000e1990000, 0x00000000e1aa0000)
 concurrent mark-sweep generation total 121500K, used 71333K [0x00000000eb4a0000, 0x00000000f2b47000, 0x0000000100000000)
 Metaspace       used 88853K, capacity 93248K, committed 93568K, reserved 1130496K
  class space    used 10713K, capacity 11518K, committed 11648K, reserved 1048576K
}
2019-06-25T01:07:38.932+0000: 319997.944: Application time: 4.9915604 seconds
2019-06-25T01:07:38.968+0000: 319997.980: Application time: 0.0352865 seconds
2019-06-25T01:07:41.241+0000: 320000.253: Application time: 2.2726455 seconds
2019-06-25T01:07:41.241+0000: 320000.253: Application time: 0.0000836 seconds
2019-06-25T01:07:41.241+0000: 320000.254: Application time: 0.0000620 seconds
2019-06-25T01:07:41.242+0000: 320000.254: Application time: 0.0000583 seconds
2019-06-25T01:07:41.242+0000: 320000.254: Application time: 0.0000513 seconds
2019-06-25T01:07:41.242+0000: 320000.254: Application time: 0.0000713 seconds
2019-06-25T01:07:41.242+0000: 320000.255: Application time: 0.0000870 seconds
2019-06-25T01:07:41.243+0000: 320000.255: Application time: 0.0001333 seconds
2019-06-25T01:07:41.243+0000: 320000.255: Application time: 0.0000813 seconds
2019-06-25T01:07:51.226+0000: 320010.239: Application time: 9.9830580 seconds
2019-06-25T01:07:51.227+0000: 320010.239: Application time: 0.0001841 seconds
2019-06-25T01:07:51.227+0000: 320010.240: Application time: 0.0003432 seconds
2019-06-25T01:07:51.228+0000: 320010.240: Application time: 0.0002017 seconds
2019-06-25T01:07:51.229+0000: 320010.241: Application time: 0.0012580 seconds
2019-06-25T01:08:10.618+0000: 320029.630: Application time: 19.3884996 seconds
2019-06-25T01:10:31.361+0000: 320170.373: Application time: 140.7429759 seconds
2019-06-25T01:11:21.256+0000: 320220.269: Application time: 49.8953514 seconds
2019-06-25T01:11:21.257+0000: 320220.269: Application time: 0.0001768 seconds
2019-06-25T01:11:21.257+0000: 320220.269: Application time: 0.0001729 seconds
2019-06-25T01:11:21.257+0000: 320220.270: Application time: 0.0001725 seconds
2019-06-25T01:11:21.258+0000: 320220.270: Application time: 0.0001662 seconds
2019-06-25T01:11:21.258+0000: 320220.270: Application time: 0.0001895 seconds
2019-06-25T01:11:21.394+0000: 320220.406: Application time: 0.1358213 seconds
2019-06-25T01:11:21.395+0000: 320220.407: Application time: 0.0001936 seconds
2019-06-25T01:11:21.395+0000: 320220.407: Application time: 0.0001498 seconds
2019-06-25T01:11:21.396+0000: 320220.408: Application time: 0.0010357 seconds
2019-06-25T01:11:23.014+0000: 320222.027: Application time: 1.6182496 seconds
2019-06-25T01:11:23.040+0000: 320222.052: Application time: 0.0251748 seconds
2019-06-25T01:11:25.034+0000: 320224.047: Application time: 1.9944185 seconds
2019-06-25T01:11:25.037+0000: 320224.049: Application time: 0.0018819 seconds
{Heap before GC invocations=2190 (full 171):
 par new generation   total 9792K, used 9791K [0x00000000e1000000, 0x00000000e1aa0000, 0x00000000eb4a0000)
  eden space 8704K,  99% used [0x00000000e1000000, 0x00000000e187ff00, 0x00000000e1880000)
  from space 1088K, 100% used [0x00000000e1880000, 0x00000000e1990000, 0x00000000e1990000)
  to   space 1088K,   0% used [0x00000000e1990000, 0x00000000e1990000, 0x00000000e1aa0000)
 concurrent mark-sweep generation total 121500K, used 71333K [0x00000000eb4a0000, 0x00000000f2b47000, 0x0000000100000000)
 Metaspace       used 88854K, capacity 93248K, committed 93568K, reserved 1130496K
  class space    used 10713K, capacity 11518K, committed 11648K, reserved 1048576K
2019-06-25T01:11:25.037+0000: 320224.049: [GC (Allocation Failure) 2019-06-25T01:11:25.037+0000: 320224.049: [ParNew: 9791K->1025K(9792K), 0.0050105 secs] 81125K->72714K(131292K), 0.0050671 secs] [Times: user=0.01 sys=0.00, real=0.01 secs] 
Heap after GC invocations=2191 (full 171):
 par new generation   total 9792K, used 1025K [0x00000000e1000000, 0x00000000e1aa0000, 0x00000000eb4a0000)
  eden space 8704K,   0% used [0x00000000e1000000, 0x00000000e1000000, 0x00000000e1880000)
  from space 1088K,  94% used [0x00000000e1990000, 0x00000000e1a90700, 0x00000000e1aa0000)
  to   space 1088K,   0% used [0x00000000e1880000, 0x00000000e1880000, 0x00000000e1990000)
 concurrent mark-sweep generation total 121500K, used 71688K [0x00000000eb4a0000, 0x00000000f2b47000, 0x0000000100000000)
 Metaspace       used 88854K, capacity 93248K, committed 93568K, reserved 1130496K
  class space    used 10713K, capacity 11518K, committed 11648K, reserved 1048576K
}
2019-06-25T01:11:30.035+0000: 320229.048: Application time: 4.9933892 seconds
2019-06-25T01:11:30.067+0000: 320229.079: Application time: 0.0311730 seconds
2019-06-25T01:11:31.401+0000: 320230.413: Application time: 1.3341571 seconds
2019-06-25T01:11:31.401+0000: 320230.414: Application time: 0.0000700 seconds
2019-06-25T01:11:31.402+0000: 320230.414: Application time: 0.0000699 seconds
2019-06-25T01:11:31.402+0000: 320230.414: Application time: 0.0000579 seconds
2019-06-25T01:11:31.402+0000: 320230.414: Application time: 0.0000562 seconds
2019-06-25T01:11:31.402+0000: 320230.415: Application time: 0.0000617 seconds
2019-06-25T01:11:41.408+0000: 320240.420: Application time: 10.0055219 seconds
2019-06-25T01:11:41.408+0000: 320240.421: Application time: 0.0001712 seconds
2019-06-25T01:11:41.409+0000: 320240.421: Application time: 0.0001432 seconds
2019-06-25T01:11:41.409+0000: 320240.422: Application time: 0.0002634 seconds
2019-06-25T01:11:41.410+0000: 320240.422: Application time: 0.0002108 seconds
2019-06-25T01:11:41.411+0000: 320240.424: Application time: 0.0014306 seconds
2019-06-25T01:17:11.628+0000: 320570.640: Application time: 330.2164551 seconds
{Heap before GC invocations=2191 (full 171):
 par new generation   total 9792K, used 9729K [0x00000000e1000000, 0x00000000e1aa0000, 0x00000000eb4a0000)
  eden space 8704K, 100% used [0x00000000e1000000, 0x00000000e1880000, 0x00000000e1880000)
  from space 1088K,  94% used [0x00000000e1990000, 0x00000000e1a90700, 0x00000000e1aa0000)
  to   space 1088K,   0% used [0x00000000e1880000, 0x00000000e1880000, 0x00000000e1990000)
 concurrent mark-sweep generation total 121500K, used 71688K [0x00000000eb4a0000, 0x00000000f2b47000, 0x0000000100000000)
 Metaspace       used 88854K, capacity 93248K, committed 93568K, reserved 1130496K
  class space    used 10713K, capacity 11518K, committed 11648K, reserved 1048576K
2019-06-25T01:17:11.628+0000: 320570.641: [GC (Allocation Failure) 2019-06-25T01:17:11.628+0000: 320570.641: [ParNew: 9729K->886K(9792K), 0.0040745 secs] 81418K->72915K(131292K), 0.0041316 secs] [Times: user=0.01 sys=0.00, real=0.00 secs] 
Heap after GC invocations=2192 (full 171):
 par new generation   total 9792K, used 886K [0x00000000e1000000, 0x00000000e1aa0000, 0x00000000eb4a0000)
  eden space 8704K,   0% used [0x00000000e1000000, 0x00000000e1000000, 0x00000000e1880000)
  from space 1088K,  81% used [0x00000000e1880000, 0x00000000e195db90, 0x00000000e1990000)
  to   space 1088K,   0% used [0x00000000e1990000, 0x00000000e1990000, 0x00000000e1aa0000)
 concurrent mark-sweep generation total 121500K, used 72028K [0x00000000eb4a0000, 0x00000000f2b47000, 0x0000000100000000)
 Metaspace       used 88854K, capacity 93248K, committed 93568K, reserved 1130496K
  class space    used 10713K, capacity 11518K, committed 11648K, reserved 1048576K
}
2019-06-25T01:22:00.673+0000: 320859.685: Application time: 289.0404636 seconds
2019-06-25T01:24:31.879+0000: 321010.891: Application time: 151.2057567 seconds
{Heap before GC invocations=2192 (full 171):
 par new generation   total 9792K, used 9590K [0x00000000e1000000, 0x00000000e1aa0000, 0x00000000eb4a0000)
  eden space 8704K, 100% used [0x00000000e1000000, 0x00000000e1880000, 0x00000000e1880000)
  from space 1088K,  81% used [0x00000000e1880000, 0x00000000e195db90, 0x00000000e1990000)
  to   space 1088K,   0% used [0x00000000e1990000, 0x00000000e1990000, 0x00000000e1aa0000)
 concurrent mark-sweep generation total 121500K, used 72028K [0x00000000eb4a0000, 0x00000000f2b47000, 0x0000000100000000)
 Metaspace       used 88854K, capacity 93248K, committed 93568K, reserved 1130496K
  class space    used 10713K, capacity 11518K, committed 11648K, reserved 1048576K
2019-06-25T01:24:31.880+0000: 321010.892: [GC (Allocation Failure) 2019-06-25T01:24:31.880+0000: 321010.893: [ParNew: 9590K->688K(9792K), 0.0039695 secs] 81619K->72717K(131292K), 0.0049071 secs] [Times: user=0.01 sys=0.00, real=0.00 secs] 
Heap after GC invocations=2193 (full 171):
 par new generation   total 9792K, used 688K [0x00000000e1000000, 0x00000000e1aa0000, 0x00000000eb4a0000)
  eden space 8704K,   0% used [0x00000000e1000000, 0x00000000e1000000, 0x00000000e1880000)
  from space 1088K,  63% used [0x00000000e1990000, 0x00000000e1a3c360, 0x00000000e1aa0000)
  to   space 1088K,   0% used [0x00000000e1880000, 0x00000000e1880000, 0x00000000e1990000)
 concurrent mark-sweep generation total 121500K, used 72028K [0x00000000eb4a0000, 0x00000000f2b47000, 0x0000000100000000)
 Metaspace       used 88854K, capacity 93248K, committed 93568K, reserved 1130496K
  class space    used 10713K, capacity 11518K, committed 11648K, reserved 1048576K
}
2019-06-25T01:26:32.904+0000: 321131.916: Application time: 121.0181669 seconds
2019-06-25T01:27:11.981+0000: 321170.993: Application time: 39.0773428 seconds
2019-06-25T01:28:40.603+0000: 321259.616: Application time: 88.6217543 seconds
2019-06-25T01:28:40.604+0000: 321259.616: Application time: 0.0000641 seconds
2019-06-25T01:28:40.604+0000: 321259.617: Application time: 0.0000673 seconds
2019-06-25T01:28:40.604+0000: 321259.617: Application time: 0.0000581 seconds
2019-06-25T01:28:40.605+0000: 321259.617: Application time: 0.0000566 seconds
2019-06-25T01:28:40.605+0000: 321259.617: Application time: 0.0000580 seconds
2019-06-25T01:28:40.605+0000: 321259.617: Application time: 0.0000569 seconds
2019-06-25T01:28:40.605+0000: 321259.617: Application time: 0.0000573 seconds
2019-06-25T01:28:40.605+0000: 321259.618: Application time: 0.0000571 seconds
2019-06-25T01:28:40.605+0000: 321259.618: Application time: 0.0000568 seconds
2019-06-25T01:29:51.403+0000: 321330.415: Application time: 70.7973419 seconds
2019-06-25T01:29:51.403+0000: 321330.416: Application time: 0.0000723 seconds
2019-06-25T01:29:51.403+0000: 321330.416: Application time: 0.0000589 seconds
2019-06-25T01:29:51.404+0000: 321330.416: Application time: 0.0000576 seconds
2019-06-25T01:29:51.404+0000: 321330.416: Application time: 0.0000622 seconds
2019-06-25T01:29:52.091+0000: 321331.104: Application time: 0.6879326 seconds
2019-06-25T01:29:52.092+0000: 321331.105: Application time: 0.0001515 seconds
2019-06-25T01:29:52.093+0000: 321331.105: Application time: 0.0001413 seconds
2019-06-25T01:29:52.093+0000: 321331.106: Application time: 0.0003027 seconds
2019-06-25T01:29:52.094+0000: 321331.106: Application time: 0.0003036 seconds
2019-06-25T01:29:52.097+0000: 321331.109: Application time: 0.0026038 seconds
2019-06-25T01:29:54.576+0000: 321333.588: Application time: 2.4788314 seconds
2019-06-25T01:29:54.616+0000: 321333.628: Application time: 0.0392705 seconds
2019-06-25T01:30:02.107+0000: 321341.120: Application time: 7.4914765 seconds
{Heap before GC invocations=2193 (full 171):
 par new generation   total 9792K, used 9392K [0x00000000e1000000, 0x00000000e1aa0000, 0x00000000eb4a0000)
  eden space 8704K, 100% used [0x00000000e1000000, 0x00000000e1880000, 0x00000000e1880000)
  from space 1088K,  63% used [0x00000000e1990000, 0x00000000e1a3c360, 0x00000000e1aa0000)
  to   space 1088K,   0% used [0x00000000e1880000, 0x00000000e1880000, 0x00000000e1990000)
 concurrent mark-sweep generation total 121500K, used 72028K [0x00000000eb4a0000, 0x00000000f2b47000, 0x0000000100000000)
 Metaspace       used 88854K, capacity 93248K, committed 93568K, reserved 1130496K
  class space    used 10713K, capacity 11518K, committed 11648K, reserved 1048576K
2019-06-25T01:30:02.108+0000: 321341.120: [GC (Allocation Failure) 2019-06-25T01:30:02.109+0000: 321341.121: [ParNew: 9392K->702K(9792K), 0.0033983 secs] 81421K->72957K(131292K), 0.0043465 secs] [Times: user=0.00 sys=0.00, real=0.01 secs] 
Heap after GC invocations=2194 (full 171):
 par new generation   total 9792K, used 702K [0x00000000e1000000, 0x00000000e1aa0000, 0x00000000eb4a0000)
  eden space 8704K,   0% used [0x00000000e1000000, 0x00000000e1000000, 0x00000000e1880000)
  from space 1088K,  64% used [0x00000000e1880000, 0x00000000e192f918, 0x00000000e1990000)
  to   space 1088K,   0% used [0x00000000e1990000, 0x00000000e1990000, 0x00000000e1aa0000)
 concurrent mark-sweep generation total 121500K, used 72255K [0x00000000eb4a0000, 0x00000000f2b47000, 0x0000000100000000)
 Metaspace       used 88854K, capacity 93248K, committed 93568K, reserved 1130496K
  class space    used 10713K, capacity 11518K, committed 11648K, reserved 1048576K
}
2019-06-25T01:32:38.863+0000: 321497.875: Application time: 156.7496416 seconds
2019-06-25T01:32:38.898+0000: 321497.910: Application time: 0.0346448 seconds
2019-06-25T01:32:42.208+0000: 321501.220: Application time: 3.3096227 seconds
2019-06-25T01:32:42.208+0000: 321501.220: Application time: 0.0001001 seconds
2019-06-25T01:32:42.209+0000: 321501.221: Application time: 0.0000851 seconds
2019-06-25T01:32:42.209+0000: 321501.221: Application time: 0.0000997 seconds
2019-06-25T01:32:42.209+0000: 321501.221: Application time: 0.0000800 seconds
2019-06-25T01:32:51.430+0000: 321510.443: Application time: 9.2210710 seconds
2019-06-25T01:32:51.431+0000: 321510.443: Application time: 0.0000694 seconds
2019-06-25T01:32:51.431+0000: 321510.443: Application time: 0.0000639 seconds
2019-06-25T01:32:51.431+0000: 321510.443: Application time: 0.0001651 seconds
2019-06-25T01:32:51.431+0000: 321510.444: Application time: 0.0001096 seconds
2019-06-25T01:32:51.433+0000: 321510.445: Application time: 0.0012111 seconds
2019-06-25T01:33:10.754+0000: 321529.766: Application time: 19.3208236 seconds
2019-06-25T01:33:52.275+0000: 321571.287: Application time: 41.5206925 seconds
2019-06-25T01:33:52.276+0000: 321571.288: Application time: 0.0001622 seconds
2019-06-25T01:33:52.276+0000: 321571.288: Application time: 0.0001518 seconds
2019-06-25T01:33:52.276+0000: 321571.289: Application time: 0.0009334 seconds
2019-06-25T01:33:52.277+0000: 321571.290: Application time: 0.0000591 seconds
2019-06-25T01:33:52.281+0000: 321571.294: Application time: 0.0035954 seconds
{Heap before GC invocations=2194 (full 171):
 par new generation   total 9792K, used 9406K [0x00000000e1000000, 0x00000000e1aa0000, 0x00000000eb4a0000)
  eden space 8704K, 100% used [0x00000000e1000000, 0x00000000e1880000, 0x00000000e1880000)
  from space 1088K,  64% used [0x00000000e1880000, 0x00000000e192f918, 0x00000000e1990000)
  to   space 1088K,   0% used [0x00000000e1990000, 0x00000000e1990000, 0x00000000e1aa0000)
 concurrent mark-sweep generation total 121500K, used 72255K [0x00000000eb4a0000, 0x00000000f2b47000, 0x0000000100000000)
 Metaspace       used 88895K, capacity 93314K, committed 93568K, reserved 1130496K
  class space    used 10719K, capacity 11529K, committed 11648K, reserved 1048576K
2019-06-25T01:33:52.281+0000: 321571.294: [GC (Allocation Failure) 2019-06-25T01:33:52.282+0000: 321571.294: [ParNew: 9406K->810K(9792K), 0.0059223 secs] 81661K->73066K(131292K), 0.0067852 secs] [Times: user=0.00 sys=0.00, real=0.01 secs] 
Heap after GC invocations=2195 (full 171):
 par new generation   total 9792K, used 810K [0x00000000e1000000, 0x00000000e1aa0000, 0x00000000eb4a0000)
  eden space 8704K,   0% used [0x00000000e1000000, 0x00000000e1000000, 0x00000000e1880000)
  from space 1088K,  74% used [0x00000000e1990000, 0x00000000e1a5ab10, 0x00000000e1aa0000)
  to   space 1088K,   0% used [0x00000000e1880000, 0x00000000e1880000, 0x00000000e1990000)
 concurrent mark-sweep generation total 121500K, used 72255K [0x00000000eb4a0000, 0x00000000f2b47000, 0x0000000100000000)
 Metaspace       used 88895K, capacity 93314K, committed 93568K, reserved 1130496K
  class space    used 10719K, capacity 11529K, committed 11648K, reserved 1048576K
}
2019-06-25T01:33:57.278+0000: 321576.291: Application time: 4.9892557 seconds
2019-06-25T01:33:57.311+0000: 321576.323: Application time: 0.0322580 seconds
2019-06-25T01:34:02.259+0000: 321581.271: Application time: 4.9477663 seconds
2019-06-25T01:34:02.259+0000: 321581.271: Application time: 0.0000946 seconds
2019-06-25T01:34:02.259+0000: 321581.272: Application time: 0.0006742 seconds
2019-06-25T01:34:02.260+0000: 321581.272: Application time: 0.0000638 seconds
2019-06-25T01:34:02.260+0000: 321581.273: Application time: 0.0000568 seconds
2019-06-25T01:34:02.261+0000: 321581.273: Application time: 0.0000740 seconds
2019-06-25T01:34:03.794+0000: 321582.806: Application time: 1.5330444 seconds
2019-06-25T01:34:03.819+0000: 321582.831: Application time: 0.0246767 seconds
2019-06-25T01:34:08.765+0000: 321587.778: Application time: 4.9465907 seconds
2019-06-25T01:34:08.766+0000: 321587.778: Application time: 0.0001414 seconds
2019-06-25T01:34:08.766+0000: 321587.778: Application time: 0.0003061 seconds
2019-06-25T01:34:08.767+0000: 321587.779: Application time: 0.0002069 seconds
2019-06-25T01:34:08.768+0000: 321587.780: Application time: 0.0012502 seconds
2019-06-25T01:34:58.170+0000: 321637.182: Application time: 49.4017483 seconds
2019-06-25T01:34:58.207+0000: 321637.219: Application time: 0.0369428 seconds
2019-06-25T01:35:02.299+0000: 321641.311: Application time: 4.0921948 seconds
2019-06-25T01:35:02.300+0000: 321641.312: Application time: 0.0000735 seconds
2019-06-25T01:35:02.300+0000: 321641.312: Application time: 0.0000670 seconds
2019-06-25T01:35:02.300+0000: 321641.312: Application time: 0.0000603 seconds
2019-06-25T01:35:02.300+0000: 321641.313: Application time: 0.0000601 seconds
2019-06-25T01:35:02.300+0000: 321641.313: Application time: 0.0001119 seconds
2019-06-25T01:35:08.770+0000: 321647.782: Application time: 6.4690519 seconds
2019-06-25T01:35:08.770+0000: 321647.782: Application time: 0.0001779 seconds
2019-06-25T01:35:08.770+0000: 321647.783: Application time: 0.0002259 seconds
2019-06-25T01:35:08.771+0000: 321647.783: Application time: 0.0001977 seconds
2019-06-25T01:35:08.772+0000: 321647.784: Application time: 0.0012667 seconds
2019-06-25T01:35:12.306+0000: 321651.318: Application time: 3.5337680 seconds
2019-06-25T01:35:12.307+0000: 321651.319: Application time: 0.0000897 seconds
2019-06-25T01:35:12.307+0000: 321651.319: Application time: 0.0000629 seconds
2019-06-25T01:35:12.308+0000: 321651.320: Application time: 0.0000930 seconds
2019-06-25T01:35:12.308+0000: 321651.321: Application time: 0.0000781 seconds
2019-06-25T01:35:12.309+0000: 321651.321: Application time: 0.0001400 seconds
2019-06-25T01:35:16.326+0000: 321655.339: Application time: 4.0171271 seconds
2019-06-25T01:35:16.349+0000: 321655.361: Application time: 0.0225381 seconds
2019-06-25T01:35:21.449+0000: 321660.461: Application time: 5.0995528 seconds
2019-06-25T01:35:21.449+0000: 321660.462: Application time: 0.0000841 seconds
2019-06-25T01:35:21.449+0000: 321660.462: Application time: 0.0000770 seconds
2019-06-25T01:35:21.450+0000: 321660.462: Application time: 0.0000694 seconds
2019-06-25T01:35:21.450+0000: 321660.462: Application time: 0.0000687 seconds
2019-06-25T01:35:21.450+0000: 321660.462: Application time: 0.0000687 seconds
2019-06-25T01:35:21.450+0000: 321660.463: Application time: 0.0000724 seconds
2019-06-25T01:35:21.451+0000: 321660.463: Application time: 0.0001986 seconds
2019-06-25T01:35:21.451+0000: 321660.464: Application time: 0.0005914 seconds
2019-06-25T01:35:21.453+0000: 321660.465: Application time: 0.0013861 seconds
2019-06-25T01:35:40.644+0000: 321679.657: Application time: 19.1912088 seconds
{Heap before GC invocations=2195 (full 171):
 par new generation   total 9792K, used 9514K [0x00000000e1000000, 0x00000000e1aa0000, 0x00000000eb4a0000)
  eden space 8704K, 100% used [0x00000000e1000000, 0x00000000e1880000, 0x00000000e1880000)
  from space 1088K,  74% used [0x00000000e1990000, 0x00000000e1a5ab10, 0x00000000e1aa0000)
  to   space 1088K,   0% used [0x00000000e1880000, 0x00000000e1880000, 0x00000000e1990000)
 concurrent mark-sweep generation total 121500K, used 72255K [0x00000000eb4a0000, 0x00000000f2b47000, 0x0000000100000000)
 Metaspace       used 88895K, capacity 93314K, committed 93568K, reserved 1130496K
  class space    used 10719K, capacity 11529K, committed 11648K, reserved 1048576K
2019-06-25T01:35:40.644+0000: 321679.657: [GC (Allocation Failure) 2019-06-25T01:35:40.645+0000: 321679.657: [ParNew: 9514K->964K(9792K), 0.0035871 secs] 81770K->73398K(131292K), 0.0046402 secs] [Times: user=0.01 sys=0.00, real=0.01 secs] 
Heap after GC invocations=2196 (full 171):
 par new generation   total 9792K, used 964K [0x00000000e1000000, 0x00000000e1aa0000, 0x00000000eb4a0000)
  eden space 8704K,   0% used [0x00000000e1000000, 0x00000000e1000000, 0x00000000e1880000)
  from space 1088K,  88% used [0x00000000e1880000, 0x00000000e1971070, 0x00000000e1990000)
  to   space 1088K,   0% used [0x00000000e1990000, 0x00000000e1990000, 0x00000000e1aa0000)
 concurrent mark-sweep generation total 121500K, used 72434K [0x00000000eb4a0000, 0x00000000f2b47000, 0x0000000100000000)
 Metaspace       used 88895K, capacity 93314K, committed 93568K, reserved 1130496K
  class space    used 10719K, capacity 11529K, committed 11648K, reserved 1048576K
}
2019-06-25T01:37:01.939+0000: 321760.951: Application time: 81.2886770 seconds
2019-06-25T01:37:06.944+0000: 321765.956: Application time: 5.0009799 seconds
2019-06-25T01:37:06.982+0000: 321765.995: Application time: 0.0385253 seconds
2019-06-25T01:37:08.779+0000: 321767.792: Application time: 1.7967442 seconds
2019-06-25T01:37:08.780+0000: 321767.793: Application time: 0.0001168 seconds
2019-06-25T01:37:08.781+0000: 321767.793: Application time: 0.0001849 seconds
2019-06-25T01:37:08.781+0000: 321767.793: Application time: 0.0001613 seconds
2019-06-25T01:37:12.387+0000: 321771.399: Application time: 3.6056189 seconds
2019-06-25T01:37:12.387+0000: 321771.399: Application time: 0.0000697 seconds
2019-06-25T01:37:12.387+0000: 321771.400: Application time: 0.0000628 seconds
2019-06-25T01:37:12.388+0000: 321771.400: Application time: 0.0000636 seconds
2019-06-25T01:37:12.388+0000: 321771.400: Application time: 0.0000543 seconds
2019-06-25T01:37:12.388+0000: 321771.400: Application time: 0.0000583 seconds
2019-06-25T01:37:12.389+0000: 321771.402: Application time: 0.0013941 seconds
2019-06-25T01:37:13.533+0000: 321772.545: Application time: 1.1435691 seconds
2019-06-25T01:37:13.564+0000: 321772.577: Application time: 0.0309197 seconds
2019-06-25T01:39:22.480+0000: 321901.493: Application time: 128.9156719 seconds
{Heap before GC invocations=2196 (full 171):
 par new generation   total 9792K, used 9668K [0x00000000e1000000, 0x00000000e1aa0000, 0x00000000eb4a0000)
  eden space 8704K, 100% used [0x00000000e1000000, 0x00000000e1880000, 0x00000000e1880000)
  from space 1088K,  88% used [0x00000000e1880000, 0x00000000e1971070, 0x00000000e1990000)
  to   space 1088K,   0% used [0x00000000e1990000, 0x00000000e1990000, 0x00000000e1aa0000)
 concurrent mark-sweep generation total 121500K, used 72434K [0x00000000eb4a0000, 0x00000000f2b47000, 0x0000000100000000)
 Metaspace       used 88895K, capacity 93314K, committed 93568K, reserved 1130496K
  class space    used 10719K, capacity 11529K, committed 11648K, reserved 1048576K
2019-06-25T01:39:22.481+0000: 321901.494: [GC (Allocation Failure) 2019-06-25T01:39:22.482+0000: 321901.494: [ParNew: 9668K->786K(9792K), 0.0054966 secs] 82102K->73710K(131292K), 0.0065536 secs] [Times: user=0.00 sys=0.01, real=0.01 secs] 
Heap after GC invocations=2197 (full 171):
 par new generation   total 9792K, used 786K [0x00000000e1000000, 0x00000000e1aa0000, 0x00000000eb4a0000)
  eden space 8704K,   0% used [0x00000000e1000000, 0x00000000e1000000, 0x00000000e1880000)
  from space 1088K,  72% used [0x00000000e1990000, 0x00000000e1a54870, 0x00000000e1aa0000)
  to   space 1088K,   0% used [0x00000000e1880000, 0x00000000e1880000, 0x00000000e1990000)
 concurrent mark-sweep generation total 121500K, used 72924K [0x00000000eb4a0000, 0x00000000f2b47000, 0x0000000100000000)
 Metaspace       used 88895K, capacity 93314K, committed 93568K, reserved 1130496K
  class space    used 10719K, capacity 11529K, committed 11648K, reserved 1048576K
}
2019-06-25T01:39:22.490+0000: 321901.502: Application time: 0.0006672 seconds
2019-06-25T01:39:22.490+0000: 321901.502: [GC (CMS Initial Mark) [1 CMS-initial-mark: 72924K(121500K)] 73761K(131292K), 0.0040745 secs] [Times: user=0.01 sys=0.00, real=0.00 secs] 
2019-06-25T01:39:22.495+0000: 321901.508: [CMS-concurrent-mark-start]
2019-06-25T01:39:22.619+0000: 321901.631: [CMS-concurrent-mark: 0.124/0.124 secs] [Times: user=0.13 sys=0.00, real=0.13 secs] 
2019-06-25T01:39:22.620+0000: 321901.632: [CMS-concurrent-preclean-start]
2019-06-25T01:39:22.622+0000: 321901.634: [CMS-concurrent-preclean: 0.002/0.002 secs] [Times: user=0.00 sys=0.00, real=0.00 secs] 
2019-06-25T01:39:22.623+0000: 321901.635: Application time: 0.1272673 seconds
2019-06-25T01:39:22.623+0000: 321901.635: [GC (CMS Final Remark) [YG occupancy: 934 K (9792 K)]2019-06-25T01:39:22.623+0000: 321901.635: [Rescan (parallel) , 0.0062268 secs]2019-06-25T01:39:22.630+0000: 321901.642: [weak refs processing, 0.0029385 secs]2019-06-25T01:39:22.633+0000: 321901.646: [class unloading, 0.0309933 secs]2019-06-25T01:39:22.665+0000: 321901.677: [scrub symbol table, 0.0248321 secs]2019-06-25T01:39:22.695+0000: 321901.708: [scrub string table, 0.0016473 secs][1 CMS-remark: 72924K(121500K)] 73858K(131292K), 0.0746486 secs] [Times: user=0.07 sys=0.00, real=0.07 secs] 
2019-06-25T01:39:22.698+0000: 321901.711: Application time: 0.0002660 seconds
2019-06-25T01:39:22.699+0000: 321901.711: [CMS-concurrent-sweep-start]
2019-06-25T01:39:22.730+0000: 321901.742: [CMS-concurrent-sweep: 0.031/0.031 secs] [Times: user=0.03 sys=0.00, real=0.03 secs] 
2019-06-25T01:39:22.731+0000: 321901.743: [CMS-concurrent-reset-start]
2019-06-25T01:39:22.731+0000: 321901.743: [CMS-concurrent-reset: 0.000/0.000 secs] [Times: user=0.00 sys=0.00, real=0.00 secs] 
2019-06-25T01:39:23.699+0000: 321902.711: Application time: 1.0002684 seconds
2019-06-25T01:39:32.700+0000: 321911.713: Application time: 9.0011937 seconds
2019-06-25T01:39:33.701+0000: 321912.713: Application time: 1.0001554 seconds
2019-06-25T01:39:40.702+0000: 321919.714: Application time: 7.0010975 seconds
2019-06-25T01:39:41.703+0000: 321920.715: Application time: 1.0005234 seconds
2019-06-25T01:40:09.706+0000: 321948.719: Application time: 28.0034879 seconds
2019-06-25T01:40:33.710+0000: 321972.723: Application time: 24.0039084 seconds
2019-06-25T01:40:35.711+0000: 321974.723: Application time: 2.0003056 seconds
2019-06-25T01:40:40.618+0000: 321979.630: Application time: 4.9070066 seconds
2019-06-25T01:40:40.653+0000: 321979.665: Application time: 0.0348383 seconds
2019-06-25T01:40:42.547+0000: 321981.560: Application time: 1.8939969 seconds
2019-06-25T01:40:42.548+0000: 321981.560: Application time: 0.0001934 seconds
2019-06-25T01:40:42.548+0000: 321981.561: Application time: 0.0002116 seconds
2019-06-25T01:40:42.549+0000: 321981.561: Application time: 0.0006934 seconds
2019-06-25T01:40:51.491+0000: 321990.504: Application time: 8.9419758 seconds
2019-06-25T01:40:51.492+0000: 321990.504: Application time: 0.0002113 seconds
2019-06-25T01:40:51.492+0000: 321990.504: Application time: 0.0002102 seconds
2019-06-25T01:40:51.492+0000: 321990.505: Application time: 0.0002061 seconds
2019-06-25T01:40:51.493+0000: 321990.505: Application time: 0.0002074 seconds
2019-06-25T01:40:51.493+0000: 321990.506: Application time: 0.0002124 seconds
2019-06-25T01:40:51.495+0000: 321990.508: Application time: 0.0019371 seconds
2019-06-25T01:40:52.556+0000: 321991.569: Application time: 1.0607274 seconds
2019-06-25T01:40:56.557+0000: 321995.570: Application time: 4.0006897 seconds
2019-06-25T01:41:00.756+0000: 321999.768: Application time: 4.1979022 seconds
2019-06-25T01:41:00.788+0000: 321999.800: Application time: 0.0318187 seconds
2019-06-25T01:41:02.561+0000: 322001.574: Application time: 1.7734095 seconds
2019-06-25T01:41:02.561+0000: 322001.574: Application time: 0.0004399 seconds
2019-06-25T01:41:02.562+0000: 322001.574: Application time: 0.0000660 seconds
2019-06-25T01:41:02.562+0000: 322001.575: Application time: 0.0001414 seconds
2019-06-25T01:41:02.563+0000: 322001.575: Application time: 0.0001003 seconds
2019-06-25T01:41:08.793+0000: 322007.805: Application time: 6.2304544 seconds
2019-06-25T01:41:08.793+0000: 322007.806: Application time: 0.0001709 seconds
2019-06-25T01:41:08.794+0000: 322007.806: Application time: 0.0001410 seconds
2019-06-25T01:41:08.794+0000: 322007.806: Application time: 0.0001415 seconds
2019-06-25T01:41:08.794+0000: 322007.807: Application time: 0.0001373 seconds
2019-06-25T01:41:08.796+0000: 322007.808: Application time: 0.0017163 seconds
2019-06-25T01:42:52.635+0000: 322111.647: Application time: 103.8387191 seconds
{Heap before GC invocations=2197 (full 172):
 par new generation   total 9792K, used 9490K [0x00000000e1000000, 0x00000000e1aa0000, 0x00000000eb4a0000)
  eden space 8704K, 100% used [0x00000000e1000000, 0x00000000e1880000, 0x00000000e1880000)
  from space 1088K,  72% used [0x00000000e1990000, 0x00000000e1a54870, 0x00000000e1aa0000)
  to   space 1088K,   0% used [0x00000000e1880000, 0x00000000e1880000, 0x00000000e1990000)
 concurrent mark-sweep generation total 121500K, used 68961K [0x00000000eb4a0000, 0x00000000f2b47000, 0x0000000100000000)
 Metaspace       used 88867K, capacity 93266K, committed 93568K, reserved 1130496K
  class space    used 10715K, capacity 11521K, committed 11648K, reserved 1048576K
2019-06-25T01:42:52.636+0000: 322111.649: [GC (Allocation Failure) 2019-06-25T01:42:52.637+0000: 322111.650: [ParNew: 9490K->839K(9792K), 0.0077422 secs] 78451K->70155K(131292K), 0.0099238 secs] [Times: user=0.01 sys=0.00, real=0.01 secs] 
Heap after GC invocations=2198 (full 172):
 par new generation   total 9792K, used 839K [0x00000000e1000000, 0x00000000e1aa0000, 0x00000000eb4a0000)
  eden space 8704K,   0% used [0x00000000e1000000, 0x00000000e1000000, 0x00000000e1880000)
  from space 1088K,  77% used [0x00000000e1880000, 0x00000000e1951d38, 0x00000000e1990000)
  to   space 1088K,   0% used [0x00000000e1990000, 0x00000000e1990000, 0x00000000e1aa0000)
 concurrent mark-sweep generation total 121500K, used 69315K [0x00000000eb4a0000, 0x00000000f2b47000, 0x0000000100000000)
 Metaspace       used 88867K, capacity 93266K, committed 93568K, reserved 1130496K
  class space    used 10715K, capacity 11521K, committed 11648K, reserved 1048576K
}
2019-06-25T01:43:52.694+0000: 322171.706: Application time: 60.0455039 seconds
2019-06-25T01:47:11.721+0000: 322370.733: Application time: 199.0269598 seconds
2019-06-25T01:50:08.819+0000: 322547.831: Application time: 177.0981505 seconds
{Heap before GC invocations=2198 (full 172):
 par new generation   total 9792K, used 9543K [0x00000000e1000000, 0x00000000e1aa0000, 0x00000000eb4a0000)
  eden space 8704K, 100% used [0x00000000e1000000, 0x00000000e1880000, 0x00000000e1880000)
  from space 1088K,  77% used [0x00000000e1880000, 0x00000000e1951d38, 0x00000000e1990000)
  to   space 1088K,   0% used [0x00000000e1990000, 0x00000000e1990000, 0x00000000e1aa0000)
 concurrent mark-sweep generation total 121500K, used 69315K [0x00000000eb4a0000, 0x00000000f2b47000, 0x0000000100000000)
 Metaspace       used 88867K, capacity 93266K, committed 93568K, reserved 1130496K
  class space    used 10715K, capacity 11521K, committed 11648K, reserved 1048576K
2019-06-25T01:50:08.822+0000: 322547.834: [GC (Allocation Failure) 2019-06-25T01:50:08.822+0000: 322547.835: [ParNew: 9543K->851K(9792K), 0.0072514 secs] 78859K->70435K(131292K), 0.0082279 secs] [Times: user=0.01 sys=0.00, real=0.01 secs] 
Heap after GC invocations=2199 (full 172):
 par new generation   total 9792K, used 851K [0x00000000e1000000, 0x00000000e1aa0000, 0x00000000eb4a0000)
  eden space 8704K,   0% used [0x00000000e1000000, 0x00000000e1000000, 0x00000000e1880000)
  from space 1088K,  78% used [0x00000000e1990000, 0x00000000e1a64e70, 0x00000000e1aa0000)
  to   space 1088K,   0% used [0x00000000e1880000, 0x00000000e1880000, 0x00000000e1990000)
 concurrent mark-sweep generation total 121500K, used 69583K [0x00000000eb4a0000, 0x00000000f2b47000, 0x0000000100000000)
 Metaspace       used 88867K, capacity 93266K, committed 93568K, reserved 1130496K
  class space    used 10715K, capacity 11521K, committed 11648K, reserved 1048576K
}
2019-06-25T01:51:33.841+0000: 322632.854: Application time: 85.0102677 seconds
2019-06-25T01:52:10.741+0000: 322669.753: Application time: 36.8994266 seconds
2019-06-25T01:52:10.741+0000: 322669.754: Application time: 0.0000929 seconds
2019-06-25T01:52:10.742+0000: 322669.754: Application time: 0.0000839 seconds
2019-06-25T01:52:10.742+0000: 322669.755: Application time: 0.0000896 seconds
2019-06-25T01:52:10.743+0000: 322669.755: Application time: 0.0000820 seconds
2019-06-25T01:52:10.743+0000: 322669.755: Application time: 0.0000799 seconds
2019-06-25T01:52:10.743+0000: 322669.755: Application time: 0.0000796 seconds
2019-06-25T01:52:10.743+0000: 322669.756: Application time: 0.0000791 seconds
2019-06-25T01:52:10.744+0000: 322669.756: Application time: 0.0000789 seconds
2019-06-25T01:52:10.744+0000: 322669.756: Application time: 0.0000789 seconds
2019-06-25T01:57:21.617+0000: 322980.629: Application time: 310.8726383 seconds
{Heap before GC invocations=2199 (full 172):
 par new generation   total 9792K, used 9555K [0x00000000e1000000, 0x00000000e1aa0000, 0x00000000eb4a0000)
  eden space 8704K, 100% used [0x00000000e1000000, 0x00000000e1880000, 0x00000000e1880000)
  from space 1088K,  78% used [0x00000000e1990000, 0x00000000e1a64e70, 0x00000000e1aa0000)
  to   space 1088K,   0% used [0x00000000e1880000, 0x00000000e1880000, 0x00000000e1990000)
 concurrent mark-sweep generation total 121500K, used 69583K [0x00000000eb4a0000, 0x00000000f2b47000, 0x0000000100000000)
 Metaspace       used 88869K, capacity 93272K, committed 93568K, reserved 1130496K
  class space    used 10716K, capacity 11522K, committed 11648K, reserved 1048576K
2019-06-25T01:57:21.618+0000: 322980.630: [GC (Allocation Failure) 2019-06-25T01:57:21.618+0000: 322980.631: [ParNew: 9555K->624K(9792K), 0.0043139 secs] 79139K->70208K(131292K), 0.0054084 secs] [Times: user=0.00 sys=0.01, real=0.01 secs] 
Heap after GC invocations=2200 (full 172):
 par new generation   total 9792K, used 624K [0x00000000e1000000, 0x00000000e1aa0000, 0x00000000eb4a0000)
  eden space 8704K,   0% used [0x00000000e1000000, 0x00000000e1000000, 0x00000000e1880000)
  from space 1088K,  57% used [0x00000000e1880000, 0x00000000e191c348, 0x00000000e1990000)
  to   space 1088K,   0% used [0x00000000e1990000, 0x00000000e1990000, 0x00000000e1aa0000)
 concurrent mark-sweep generation total 121500K, used 69583K [0x00000000eb4a0000, 0x00000000f2b47000, 0x0000000100000000)
 Metaspace       used 88869K, capacity 93272K, committed 93568K, reserved 1130496K
  class space    used 10716K, capacity 11522K, committed 11648K, reserved 1048576K
}
2019-06-25T01:58:10.907+0000: 323029.919: Application time: 49.2826209 seconds
2019-06-25T01:59:13.237+0000: 323092.249: Application time: 62.3294516 seconds
2019-06-25T01:59:13.237+0000: 323092.249: Application time: 0.0000573 seconds
2019-06-25T01:59:13.237+0000: 323092.250: Application time: 0.0000738 seconds
2019-06-25T01:59:13.238+0000: 323092.251: Application time: 0.0002135 seconds
2019-06-25T01:59:13.239+0000: 323092.251: Application time: 0.0001780 seconds
2019-06-25T01:59:15.438+0000: 323094.450: Application time: 2.1991389 seconds
2019-06-25T01:59:15.474+0000: 323094.486: Application time: 0.0354802 seconds
2019-06-25T01:59:21.641+0000: 323100.654: Application time: 6.1677007 seconds
2019-06-25T01:59:21.642+0000: 323100.654: Application time: 0.0001770 seconds
2019-06-25T01:59:21.642+0000: 323100.654: Application time: 0.0001641 seconds
2019-06-25T01:59:21.642+0000: 323100.655: Application time: 0.0001051 seconds
2019-06-25T01:59:21.643+0000: 323100.655: Application time: 0.0001670 seconds
2019-06-25T01:59:21.644+0000: 323100.657: Application time: 0.0014332 seconds
2019-06-25T01:59:40.916+0000: 323119.928: Application time: 19.2714562 seconds
2019-06-25T02:00:33.297+0000: 323172.309: Application time: 52.3808423 seconds
2019-06-25T02:02:30.187+0000: 323289.199: Application time: 116.8896101 seconds
{Heap before GC invocations=2200 (full 172):
 par new generation   total 9792K, used 9328K [0x00000000e1000000, 0x00000000e1aa0000, 0x00000000eb4a0000)
  eden space 8704K,  99% used [0x00000000e1000000, 0x00000000e187fd38, 0x00000000e1880000)
  from space 1088K,  57% used [0x00000000e1880000, 0x00000000e191c348, 0x00000000e1990000)
  to   space 1088K,   0% used [0x00000000e1990000, 0x00000000e1990000, 0x00000000e1aa0000)
 concurrent mark-sweep generation total 121500K, used 69583K [0x00000000eb4a0000, 0x00000000f2b47000, 0x0000000100000000)
 Metaspace       used 88869K, capacity 93272K, committed 93568K, reserved 1130496K
  class space    used 10716K, capacity 11522K, committed 11648K, reserved 1048576K
2019-06-25T02:02:30.188+0000: 323289.200: [GC (Allocation Failure) 2019-06-25T02:02:30.188+0000: 323289.201: [ParNew: 9328K->822K(9792K), 0.0052801 secs] 78911K->70668K(131292K), 0.0065097 secs] [Times: user=0.01 sys=0.00, real=0.01 secs] 
Heap after GC invocations=2201 (full 172):
 par new generation   total 9792K, used 822K [0x00000000e1000000, 0x00000000e1aa0000, 0x00000000eb4a0000)
  eden space 8704K,   0% used [0x00000000e1000000, 0x00000000e1000000, 0x00000000e1880000)
  from space 1088K,  75% used [0x00000000e1990000, 0x00000000e1a5d828, 0x00000000e1aa0000)
  to   space 1088K,   0% used [0x00000000e1880000, 0x00000000e1880000, 0x00000000e1990000)
 concurrent mark-sweep generation total 121500K, used 69846K [0x00000000eb4a0000, 0x00000000f2b47000, 0x0000000100000000)
 Metaspace       used 88869K, capacity 93272K, committed 93568K, reserved 1130496K
  class space    used 10716K, capacity 11522K, committed 11648K, reserved 1048576K
}
2019-06-25T02:02:33.372+0000: 323292.385: Application time: 3.1772048 seconds
2019-06-25T02:02:33.373+0000: 323292.385: Application time: 0.0002272 seconds
2019-06-25T02:02:33.374+0000: 323292.386: Application time: 0.0000951 seconds
2019-06-25T02:02:33.374+0000: 323292.386: Application time: 0.0001965 seconds
2019-06-25T02:02:33.374+0000: 323292.387: Application time: 0.0008278 seconds
2019-06-25T02:02:35.181+0000: 323294.194: Application time: 1.8061120 seconds
2019-06-25T02:02:35.227+0000: 323294.239: Application time: 0.0450203 seconds
2019-06-25T02:02:43.381+0000: 323302.394: Application time: 8.1546455 seconds
2019-06-25T02:02:43.382+0000: 323302.394: Application time: 0.0000700 seconds
2019-06-25T02:02:43.382+0000: 323302.394: Application time: 0.0000647 seconds
2019-06-25T02:02:43.382+0000: 323302.394: Application time: 0.0000583 seconds
2019-06-25T02:02:43.382+0000: 323302.395: Application time: 0.0000574 seconds
2019-06-25T02:02:43.382+0000: 323302.395: Application time: 0.0000621 seconds
2019-06-25T02:02:43.384+0000: 323302.396: Application time: 0.0013298 seconds
2019-06-25T02:03:19.420+0000: 323338.432: Application time: 36.0359124 seconds
2019-06-25T02:03:19.454+0000: 323338.467: Application time: 0.0342239 seconds
2019-06-25T02:03:21.682+0000: 323340.694: Application time: 2.2272361 seconds
2019-06-25T02:03:21.682+0000: 323340.694: Application time: 0.0012013 seconds
2019-06-25T02:03:21.684+0000: 323340.696: Application time: 0.0001821 seconds
2019-06-25T02:03:21.684+0000: 323340.696: Application time: 0.0001087 seconds
2019-06-25T02:03:23.411+0000: 323342.423: Application time: 1.7272322 seconds
2019-06-25T02:03:23.412+0000: 323342.424: Application time: 0.0001463 seconds
2019-06-25T02:03:23.412+0000: 323342.424: Application time: 0.0001423 seconds
2019-06-25T02:03:23.412+0000: 323342.425: Application time: 0.0001660 seconds
2019-06-25T02:03:23.413+0000: 323342.425: Application time: 0.0001318 seconds
2019-06-25T02:03:23.413+0000: 323342.426: Application time: 0.0001391 seconds
2019-06-25T02:03:23.416+0000: 323342.429: Application time: 0.0027889 seconds
2019-06-25T02:03:29.543+0000: 323348.555: Application time: 6.1261009 seconds
2019-06-25T02:03:29.579+0000: 323348.591: Application time: 0.0357972 seconds
2019-06-25T02:03:33.423+0000: 323352.436: Application time: 3.8442133 seconds
2019-06-25T02:03:33.424+0000: 323352.436: Application time: 0.0000734 seconds
2019-06-25T02:03:33.424+0000: 323352.437: Application time: 0.0001874 seconds
2019-06-25T02:03:33.425+0000: 323352.437: Application time: 0.0001367 seconds
2019-06-25T02:03:43.430+0000: 323362.442: Application time: 10.0052646 seconds
2019-06-25T02:03:43.430+0000: 323362.443: Application time: 0.0000884 seconds
2019-06-25T02:03:43.431+0000: 323362.443: Application time: 0.0000650 seconds
2019-06-25T02:03:43.431+0000: 323362.443: Application time: 0.0000593 seconds
2019-06-25T02:03:43.431+0000: 323362.443: Application time: 0.0000592 seconds
2019-06-25T02:03:43.431+0000: 323362.444: Application time: 0.0000650 seconds
2019-06-25T02:03:43.433+0000: 323362.445: Application time: 0.0013221 seconds
2019-06-25T02:04:36.460+0000: 323415.472: Application time: 53.0268696 seconds
{Heap before GC invocations=2201 (full 172):
 par new generation   total 9792K, used 9510K [0x00000000e1000000, 0x00000000e1aa0000, 0x00000000eb4a0000)
  eden space 8704K,  99% used [0x00000000e1000000, 0x00000000e187c2d0, 0x00000000e1880000)
  from space 1088K,  75% used [0x00000000e1990000, 0x00000000e1a5d828, 0x00000000e1aa0000)
  to   space 1088K,   0% used [0x00000000e1880000, 0x00000000e1880000, 0x00000000e1990000)
 concurrent mark-sweep generation total 121500K, used 69846K [0x00000000eb4a0000, 0x00000000f2b47000, 0x0000000100000000)
 Metaspace       used 88877K, capacity 93284K, committed 93568K, reserved 1130496K
  class space    used 10717K, capacity 11524K, committed 11648K, reserved 1048576K
2019-06-25T02:04:36.461+0000: 323415.473: [GC (Allocation Failure) 2019-06-25T02:04:36.461+0000: 323415.473: [ParNew: 9510K->1088K(9792K), 0.0116655 secs] 79356K->70989K(131292K), 0.0127367 secs] [Times: user=0.03 sys=0.00, real=0.01 secs] 
Heap after GC invocations=2202 (full 172):
 par new generation   total 9792K, used 1088K [0x00000000e1000000, 0x00000000e1aa0000, 0x00000000eb4a0000)
  eden space 8704K,   0% used [0x00000000e1000000, 0x00000000e1000000, 0x00000000e1880000)
  from space 1088K, 100% used [0x00000000e1880000, 0x00000000e1990000, 0x00000000e1990000)
  to   space 1088K,   0% used [0x00000000e1990000, 0x00000000e1990000, 0x00000000e1aa0000)
 concurrent mark-sweep generation total 121500K, used 69901K [0x00000000eb4a0000, 0x00000000f2b47000, 0x0000000100000000)
 Metaspace       used 88877K, capacity 93284K, committed 93568K, reserved 1130496K
  class space    used 10717K, capacity 11524K, committed 11648K, reserved 1048576K
}
2019-06-25T02:04:43.465+0000: 323422.477: Application time: 6.9907097 seconds
2019-06-25T02:04:43.465+0000: 323422.478: Application time: 0.0000365 seconds
2019-06-25T02:04:43.466+0000: 323422.478: Application time: 0.0000634 seconds
2019-06-25T02:04:43.466+0000: 323422.478: Application time: 0.0000588 seconds
2019-06-25T02:04:43.466+0000: 323422.479: Application time: 0.0000715 seconds
2019-06-25T02:04:43.467+0000: 323422.479: Application time: 0.0000603 seconds
2019-06-25T02:04:43.467+0000: 323422.479: Application time: 0.0000627 seconds
2019-06-25T02:04:43.467+0000: 323422.479: Application time: 0.0001384 seconds
2019-06-25T02:04:43.467+0000: 323422.480: Application time: 0.0001156 seconds
2019-06-25T02:04:44.242+0000: 323423.254: Application time: 0.7747440 seconds
2019-06-25T02:04:44.290+0000: 323423.302: Application time: 0.0474840 seconds
2019-06-25T02:04:51.697+0000: 323430.709: Application time: 7.4068803 seconds
2019-06-25T02:04:51.699+0000: 323430.711: Application time: 0.0017601 seconds
2019-06-25T02:06:41.950+0000: 323540.962: Application time: 110.2508413 seconds
{Heap before GC invocations=2202 (full 172):
 par new generation   total 9792K, used 9790K [0x00000000e1000000, 0x00000000e1aa0000, 0x00000000eb4a0000)
  eden space 8704K,  99% used [0x00000000e1000000, 0x00000000e187fb98, 0x00000000e1880000)
  from space 1088K, 100% used [0x00000000e1880000, 0x00000000e1990000, 0x00000000e1990000)
  to   space 1088K,   0% used [0x00000000e1990000, 0x00000000e1990000, 0x00000000e1aa0000)
 concurrent mark-sweep generation total 121500K, used 69901K [0x00000000eb4a0000, 0x00000000f2b47000, 0x0000000100000000)
 Metaspace       used 88877K, capacity 93284K, committed 93568K, reserved 1130496K
  class space    used 10717K, capacity 11524K, committed 11648K, reserved 1048576K
2019-06-25T02:06:41.951+0000: 323540.963: [GC (Allocation Failure) 2019-06-25T02:06:41.951+0000: 323540.963: [ParNew: 9790K->849K(9792K), 0.0084637 secs] 79692K->71155K(131292K), 0.0094141 secs] [Times: user=0.01 sys=0.00, real=0.01 secs] 
Heap after GC invocations=2203 (full 172):
 par new generation   total 9792K, used 849K [0x00000000e1000000, 0x00000000e1aa0000, 0x00000000eb4a0000)
  eden space 8704K,   0% used [0x00000000e1000000, 0x00000000e1000000, 0x00000000e1880000)
  from space 1088K,  78% used [0x00000000e1990000, 0x00000000e1a645a8, 0x00000000e1aa0000)
  to   space 1088K,   0% used [0x00000000e1880000, 0x00000000e1880000, 0x00000000e1990000)
 concurrent mark-sweep generation total 121500K, used 70305K [0x00000000eb4a0000, 0x00000000f2b47000, 0x0000000100000000)
 Metaspace       used 88877K, capacity 93284K, committed 93568K, reserved 1130496K
  class space    used 10717K, capacity 11524K, committed 11648K, reserved 1048576K
}
2019-06-25T02:06:43.562+0000: 323542.574: Application time: 1.6014370 seconds
2019-06-25T02:06:43.562+0000: 323542.575: Application time: 0.0000847 seconds
2019-06-25T02:06:43.563+0000: 323542.575: Application time: 0.0000802 seconds
2019-06-25T02:06:43.563+0000: 323542.575: Application time: 0.0000754 seconds
2019-06-25T02:06:43.563+0000: 323542.576: Application time: 0.0005723 seconds
2019-06-25T02:06:43.564+0000: 323542.576: Application time: 0.0000834 seconds
2019-06-25T02:06:43.564+0000: 323542.577: Application time: 0.0000975 seconds
2019-06-25T02:06:43.565+0000: 323542.577: Application time: 0.0001669 seconds
2019-06-25T02:06:43.565+0000: 323542.577: Application time: 0.0000686 seconds
2019-06-25T02:06:46.083+0000: 323545.096: Application time: 2.5185282 seconds
2019-06-25T02:06:51.085+0000: 323550.097: Application time: 5.0007356 seconds
2019-06-25T02:06:51.116+0000: 323550.128: Application time: 0.0311455 seconds
2019-06-25T02:06:51.710+0000: 323550.722: Application time: 0.5937244 seconds
2019-06-25T02:06:51.710+0000: 323550.723: Application time: 0.0001697 seconds
2019-06-25T02:06:51.711+0000: 323550.723: Application time: 0.0001703 seconds
2019-06-25T02:06:51.711+0000: 323550.723: Application time: 0.0001771 seconds
2019-06-25T02:06:51.711+0000: 323550.724: Application time: 0.0001543 seconds
2019-06-25T02:06:51.712+0000: 323550.724: Application time: 0.0006122 seconds
2019-06-25T02:06:51.712+0000: 323550.725: Application time: 0.0001688 seconds
2019-06-25T02:06:51.713+0000: 323550.725: Application time: 0.0003019 seconds
2019-06-25T02:06:51.713+0000: 323550.725: Application time: 0.0002294 seconds
2019-06-25T02:06:53.575+0000: 323552.587: Application time: 1.8618468 seconds
2019-06-25T02:06:53.577+0000: 323552.589: Application time: 0.0014879 seconds
2019-06-25T02:10:03.717+0000: 323742.729: Application time: 190.1401227 seconds
2019-06-25T02:10:03.718+0000: 323742.730: Application time: 0.0000808 seconds
2019-06-25T02:10:03.718+0000: 323742.730: Application time: 0.0000630 seconds
2019-06-25T02:10:03.718+0000: 323742.730: Application time: 0.0001019 seconds
2019-06-25T02:10:03.718+0000: 323742.731: Application time: 0.0001092 seconds
2019-06-25T02:10:03.719+0000: 323742.731: Application time: 0.0000719 seconds
2019-06-25T02:10:03.719+0000: 323742.731: Application time: 0.0000994 seconds
2019-06-25T02:10:03.720+0000: 323742.732: Application time: 0.0003105 seconds
2019-06-25T02:10:03.721+0000: 323742.733: Application time: 0.0002580 seconds
2019-06-25T02:10:08.714+0000: 323747.726: Application time: 4.9929750 seconds
2019-06-25T02:10:08.744+0000: 323747.756: Application time: 0.0297969 seconds
2019-06-25T02:10:08.896+0000: 323747.909: Application time: 0.1521601 seconds
2019-06-25T02:10:08.898+0000: 323747.910: Application time: 0.0016778 seconds
2019-06-25T02:10:17.815+0000: 323756.828: Application time: 8.9169839 seconds
{Heap before GC invocations=2203 (full 172):
 par new generation   total 9792K, used 9553K [0x00000000e1000000, 0x00000000e1aa0000, 0x00000000eb4a0000)
  eden space 8704K, 100% used [0x00000000e1000000, 0x00000000e1880000, 0x00000000e1880000)
  from space 1088K,  78% used [0x00000000e1990000, 0x00000000e1a645a8, 0x00000000e1aa0000)
  to   space 1088K,   0% used [0x00000000e1880000, 0x00000000e1880000, 0x00000000e1990000)
 concurrent mark-sweep generation total 121500K, used 70305K [0x00000000eb4a0000, 0x00000000f2b47000, 0x0000000100000000)
 Metaspace       used 88899K, capacity 93320K, committed 93568K, reserved 1130496K
  class space    used 10720K, capacity 11530K, committed 11648K, reserved 1048576K
2019-06-25T02:10:17.816+0000: 323756.828: [GC (Allocation Failure) 2019-06-25T02:10:17.817+0000: 323756.829: [ParNew: 9553K->963K(9792K), 0.0046320 secs] 79859K->71609K(131292K), 0.0055043 secs] [Times: user=0.01 sys=0.00, real=0.01 secs] 
Heap after GC invocations=2204 (full 172):
 par new generation   total 9792K, used 963K [0x00000000e1000000, 0x00000000e1aa0000, 0x00000000eb4a0000)
  eden space 8704K,   0% used [0x00000000e1000000, 0x00000000e1000000, 0x00000000e1880000)
  from space 1088K,  88% used [0x00000000e1880000, 0x00000000e1970d18, 0x00000000e1990000)
  to   space 1088K,   0% used [0x00000000e1990000, 0x00000000e1990000, 0x00000000e1aa0000)
 concurrent mark-sweep generation total 121500K, used 70646K [0x00000000eb4a0000, 0x00000000f2b47000, 0x0000000100000000)
 Metaspace       used 88899K, capacity 93320K, committed 93568K, reserved 1130496K
  class space    used 10720K, capacity 11530K, committed 11648K, reserved 1048576K
}
2019-06-25T02:10:21.737+0000: 323760.749: Application time: 3.9140873 seconds
2019-06-25T02:10:21.737+0000: 323760.749: Application time: 0.0000705 seconds
2019-06-25T02:10:21.737+0000: 323760.750: Application time: 0.0000652 seconds
2019-06-25T02:10:21.737+0000: 323760.750: Application time: 0.0000580 seconds
2019-06-25T02:10:21.738+0000: 323760.750: Application time: 0.0005266 seconds
2019-06-25T02:10:21.738+0000: 323760.751: Application time: 0.0000662 seconds
2019-06-25T02:10:21.738+0000: 323760.751: Application time: 0.0000646 seconds
2019-06-25T02:10:21.739+0000: 323760.751: Application time: 0.0001402 seconds
2019-06-25T02:10:21.739+0000: 323760.751: Application time: 0.0001235 seconds
2019-06-25T02:10:22.815+0000: 323761.828: Application time: 1.0764601 seconds
2019-06-25T02:10:22.856+0000: 323761.868: Application time: 0.0401842 seconds
2019-06-25T02:10:23.743+0000: 323762.755: Application time: 0.8867033 seconds
2019-06-25T02:10:23.743+0000: 323762.756: Application time: 0.0001473 seconds
2019-06-25T02:10:23.745+0000: 323762.757: Application time: 0.0013589 seconds
2019-06-25T02:15:51.777+0000: 324090.789: Application time: 328.0314697 seconds
{Heap before GC invocations=2204 (full 172):
 par new generation   total 9792K, used 9667K [0x00000000e1000000, 0x00000000e1aa0000, 0x00000000eb4a0000)
  eden space 8704K, 100% used [0x00000000e1000000, 0x00000000e1880000, 0x00000000e1880000)
  from space 1088K,  88% used [0x00000000e1880000, 0x00000000e1970d18, 0x00000000e1990000)
  to   space 1088K,   0% used [0x00000000e1990000, 0x00000000e1990000, 0x00000000e1aa0000)
 concurrent mark-sweep generation total 121500K, used 70646K [0x00000000eb4a0000, 0x00000000f2b47000, 0x0000000100000000)
 Metaspace       used 88899K, capacity 93320K, committed 93568K, reserved 1130496K
  class space    used 10720K, capacity 11530K, committed 11648K, reserved 1048576K
2019-06-25T02:15:51.777+0000: 324090.790: [GC (Allocation Failure) 2019-06-25T02:15:51.778+0000: 324090.790: [ParNew: 9667K->865K(9792K), 0.0073984 secs] 80313K->71795K(131292K), 0.0083976 secs] [Times: user=0.02 sys=0.00, real=0.01 secs] 
Heap after GC invocations=2205 (full 172):
 par new generation   total 9792K, used 865K [0x00000000e1000000, 0x00000000e1aa0000, 0x00000000eb4a0000)
  eden space 8704K,   0% used [0x00000000e1000000, 0x00000000e1000000, 0x00000000e1880000)
  from space 1088K,  79% used [0x00000000e1990000, 0x00000000e1a68690, 0x00000000e1aa0000)
  to   space 1088K,   0% used [0x00000000e1880000, 0x00000000e1880000, 0x00000000e1990000)
 concurrent mark-sweep generation total 121500K, used 70930K [0x00000000eb4a0000, 0x00000000f2b47000, 0x0000000100000000)
 Metaspace       used 88899K, capacity 93320K, committed 93568K, reserved 1130496K
  class space    used 10720K, capacity 11530K, committed 11648K, reserved 1048576K
}
2019-06-25T02:17:14.028+0000: 324173.040: Application time: 82.2416778 seconds
2019-06-25T02:23:04.288+0000: 324523.301: Application time: 350.2599000 seconds
{Heap before GC invocations=2205 (full 172):
 par new generation   total 9792K, used 9569K [0x00000000e1000000, 0x00000000e1aa0000, 0x00000000eb4a0000)
  eden space 8704K, 100% used [0x00000000e1000000, 0x00000000e1880000, 0x00000000e1880000)
  from space 1088K,  79% used [0x00000000e1990000, 0x00000000e1a68690, 0x00000000e1aa0000)
  to   space 1088K,   0% used [0x00000000e1880000, 0x00000000e1880000, 0x00000000e1990000)
 concurrent mark-sweep generation total 121500K, used 70930K [0x00000000eb4a0000, 0x00000000f2b47000, 0x0000000100000000)
 Metaspace       used 88899K, capacity 93320K, committed 93568K, reserved 1130496K
  class space    used 10720K, capacity 11530K, committed 11648K, reserved 1048576K
2019-06-25T02:23:04.290+0000: 324523.302: [GC (Allocation Failure) 2019-06-25T02:23:04.291+0000: 324523.303: [ParNew: 9569K->887K(9792K), 0.0171545 secs] 80499K->71817K(131292K), 0.0194549 secs] [Times: user=0.02 sys=0.01, real=0.02 secs] 
Heap after GC invocations=2206 (full 172):
 par new generation   total 9792K, used 887K [0x00000000e1000000, 0x00000000e1aa0000, 0x00000000eb4a0000)
  eden space 8704K,   0% used [0x00000000e1000000, 0x00000000e1000000, 0x00000000e1880000)
  from space 1088K,  81% used [0x00000000e1880000, 0x00000000e195dc90, 0x00000000e1990000)
  to   space 1088K,   0% used [0x00000000e1990000, 0x00000000e1990000, 0x00000000e1aa0000)
 concurrent mark-sweep generation total 121500K, used 70930K [0x00000000eb4a0000, 0x00000000f2b47000, 0x0000000100000000)
 Metaspace       used 88899K, capacity 93320K, committed 93568K, reserved 1130496K
  class space    used 10720K, capacity 11530K, committed 11648K, reserved 1048576K
}
2019-06-25T02:23:11.054+0000: 324530.066: Application time: 6.7425437 seconds
2019-06-25T02:28:34.535+0000: 324853.547: Application time: 323.4806879 seconds
2019-06-25T02:28:34.535+0000: 324853.547: Application time: 0.0002037 seconds
2019-06-25T02:28:34.536+0000: 324853.548: Application time: 0.0000850 seconds
2019-06-25T02:28:34.537+0000: 324853.549: Application time: 0.0000836 seconds
2019-06-25T02:28:34.537+0000: 324853.549: Application time: 0.0000760 seconds
2019-06-25T02:28:34.537+0000: 324853.549: Application time: 0.0000799 seconds
2019-06-25T02:28:34.537+0000: 324853.550: Application time: 0.0001687 seconds
2019-06-25T02:28:34.538+0000: 324853.550: Application time: 0.0001973 seconds
2019-06-25T02:28:34.539+0000: 324853.551: Application time: 0.0007686 seconds
{Heap before GC invocations=2206 (full 172):
 par new generation   total 9792K, used 9591K [0x00000000e1000000, 0x00000000e1aa0000, 0x00000000eb4a0000)
  eden space 8704K, 100% used [0x00000000e1000000, 0x00000000e1880000, 0x00000000e1880000)
  from space 1088K,  81% used [0x00000000e1880000, 0x00000000e195dc90, 0x00000000e1990000)
  to   space 1088K,   0% used [0x00000000e1990000, 0x00000000e1990000, 0x00000000e1aa0000)
 concurrent mark-sweep generation total 121500K, used 70930K [0x00000000eb4a0000, 0x00000000f2b47000, 0x0000000100000000)
 Metaspace       used 88899K, capacity 93320K, committed 93568K, reserved 1130496K
  class space    used 10720K, capacity 11530K, committed 11648K, reserved 1048576K
2019-06-25T02:28:34.540+0000: 324853.552: [GC (Allocation Failure) 2019-06-25T02:28:34.540+0000: 324853.552: [ParNew: 9591K->709K(9792K), 0.0039084 secs] 80521K->71880K(131292K), 0.0046656 secs] [Times: user=0.00 sys=0.00, real=0.00 secs] 
Heap after GC invocations=2207 (full 172):
 par new generation   total 9792K, used 709K [0x00000000e1000000, 0x00000000e1aa0000, 0x00000000eb4a0000)
  eden space 8704K,   0% used [0x00000000e1000000, 0x00000000e1000000, 0x00000000e1880000)
  from space 1088K,  65% used [0x00000000e1990000, 0x00000000e1a41460, 0x00000000e1aa0000)
  to   space 1088K,   0% used [0x00000000e1880000, 0x00000000e1880000, 0x00000000e1990000)
 concurrent mark-sweep generation total 121500K, used 71171K [0x00000000eb4a0000, 0x00000000f2b47000, 0x0000000100000000)
 Metaspace       used 88899K, capacity 93320K, committed 93568K, reserved 1130496K
  class space    used 10720K, capacity 11530K, committed 11648K, reserved 1048576K
}
2019-06-25T02:28:35.132+0000: 324854.144: Application time: 0.5871087 seconds
2019-06-25T02:28:35.176+0000: 324854.188: Application time: 0.0438131 seconds
2019-06-25T02:28:44.550+0000: 324863.563: Application time: 9.3740535 seconds
2019-06-25T02:28:44.551+0000: 324863.563: Application time: 0.0001461 seconds
2019-06-25T02:28:44.551+0000: 324863.564: Application time: 0.0005738 seconds
2019-06-25T02:28:44.552+0000: 324863.564: Application time: 0.0001499 seconds
2019-06-25T02:28:44.552+0000: 324863.564: Application time: 0.0001015 seconds
2019-06-25T02:28:44.553+0000: 324863.565: Application time: 0.0011277 seconds
2019-06-25T02:32:00.122+0000: 325059.134: Application time: 195.5686323 seconds
2019-06-25T02:32:00.147+0000: 325059.160: Application time: 0.0250993 seconds
2019-06-25T02:32:04.686+0000: 325063.698: Application time: 4.5380275 seconds
2019-06-25T02:32:04.686+0000: 325063.698: Application time: 0.0000824 seconds
2019-06-25T02:32:04.686+0000: 325063.698: Application time: 0.0000754 seconds
2019-06-25T02:32:04.686+0000: 325063.699: Application time: 0.0000699 seconds
2019-06-25T02:32:04.687+0000: 325063.699: Application time: 0.0000692 seconds
2019-06-25T02:32:04.687+0000: 325063.699: Application time: 0.0000739 seconds
2019-06-25T02:32:08.967+0000: 325067.979: Application time: 4.2798682 seconds
2019-06-25T02:32:08.967+0000: 325067.980: Application time: 0.0009012 seconds
2019-06-25T02:32:08.969+0000: 325067.981: Application time: 0.0003660 seconds
2019-06-25T02:32:08.969+0000: 325067.981: Application time: 0.0002340 seconds
2019-06-25T02:32:08.972+0000: 325067.984: Application time: 0.0024964 seconds
2019-06-25T02:32:43.472+0000: 325102.484: Application time: 34.4996092 seconds
{Heap before GC invocations=2207 (full 172):
 par new generation   total 9792K, used 9413K [0x00000000e1000000, 0x00000000e1aa0000, 0x00000000eb4a0000)
  eden space 8704K, 100% used [0x00000000e1000000, 0x00000000e1880000, 0x00000000e1880000)
  from space 1088K,  65% used [0x00000000e1990000, 0x00000000e1a41460, 0x00000000e1aa0000)
  to   space 1088K,   0% used [0x00000000e1880000, 0x00000000e1880000, 0x00000000e1990000)
 concurrent mark-sweep generation total 121500K, used 71171K [0x00000000eb4a0000, 0x00000000f2b47000, 0x0000000100000000)
 Metaspace       used 88899K, capacity 93320K, committed 93568K, reserved 1130496K
  class space    used 10720K, capacity 11530K, committed 11648K, reserved 1048576K
2019-06-25T02:32:43.473+0000: 325102.485: [GC (Allocation Failure) 2019-06-25T02:32:43.473+0000: 325102.485: [ParNew: 9413K->1021K(9792K), 0.0084329 secs] 80584K->72279K(131292K), 0.0093961 secs] [Times: user=0.00 sys=0.00, real=0.01 secs] 
Heap after GC invocations=2208 (full 172):
 par new generation   total 9792K, used 1021K [0x00000000e1000000, 0x00000000e1aa0000, 0x00000000eb4a0000)
  eden space 8704K,   0% used [0x00000000e1000000, 0x00000000e1000000, 0x00000000e1880000)
  from space 1088K,  93% used [0x00000000e1880000, 0x00000000e197f510, 0x00000000e1990000)
  to   space 1088K,   0% used [0x00000000e1990000, 0x00000000e1990000, 0x00000000e1aa0000)
 concurrent mark-sweep generation total 121500K, used 71257K [0x00000000eb4a0000, 0x00000000f2b47000, 0x0000000100000000)
 Metaspace       used 88899K, capacity 93320K, committed 93568K, reserved 1130496K
  class space    used 10720K, capacity 11530K, committed 11648K, reserved 1048576K
}
2019-06-25T02:32:44.717+0000: 325103.729: Application time: 1.2341991 seconds
2019-06-25T02:32:44.717+0000: 325103.729: Application time: 0.0000700 seconds
2019-06-25T02:32:44.717+0000: 325103.730: Application time: 0.0000620 seconds
2019-06-25T02:32:44.717+0000: 325103.730: Application time: 0.0000672 seconds
2019-06-25T02:32:44.718+0000: 325103.730: Application time: 0.0000667 seconds
2019-06-25T02:32:44.718+0000: 325103.731: Application time: 0.0000821 seconds
2019-06-25T02:32:48.469+0000: 325107.481: Application time: 3.7501787 seconds
2019-06-25T02:32:48.513+0000: 325107.525: Application time: 0.0436779 seconds
2019-06-25T02:32:51.929+0000: 325110.941: Application time: 3.4157237 seconds
2019-06-25T02:32:51.929+0000: 325110.941: Application time: 0.0000990 seconds
2019-06-25T02:32:51.929+0000: 325110.942: Application time: 0.0002062 seconds
2019-06-25T02:32:51.930+0000: 325110.942: Application time: 0.0001406 seconds
2019-06-25T02:32:51.931+0000: 325110.944: Application time: 0.0014896 seconds
2019-06-25T02:32:54.724+0000: 325113.736: Application time: 2.7923182 seconds
2019-06-25T02:32:54.724+0000: 325113.736: Application time: 0.0000695 seconds
2019-06-25T02:32:54.724+0000: 325113.737: Application time: 0.0000634 seconds
2019-06-25T02:32:54.724+0000: 325113.737: Application time: 0.0000581 seconds
2019-06-25T02:32:54.725+0000: 325113.737: Application time: 0.0005716 seconds
2019-06-25T02:32:54.725+0000: 325113.738: Application time: 0.0001654 seconds
2019-06-25T02:32:58.602+0000: 325117.614: Application time: 3.8766765 seconds
2019-06-25T02:32:58.631+0000: 325117.644: Application time: 0.0289688 seconds
2019-06-25T02:33:04.732+0000: 325123.744: Application time: 6.1001239 seconds
2019-06-25T02:33:04.732+0000: 325123.745: Application time: 0.0001092 seconds
2019-06-25T02:33:04.733+0000: 325123.745: Application time: 0.0002261 seconds
2019-06-25T02:33:04.733+0000: 325123.745: Application time: 0.0002138 seconds
2019-06-25T02:33:04.735+0000: 325123.747: Application time: 0.0016682 seconds
2019-06-25T02:33:54.762+0000: 325173.774: Application time: 50.0267556 seconds
2019-06-25T02:34:03.939+0000: 325182.951: Application time: 9.1770388 seconds
2019-06-25T02:34:03.974+0000: 325182.986: Application time: 0.0345734 seconds
2019-06-25T02:34:04.768+0000: 325183.781: Application time: 0.7941153 seconds
2019-06-25T02:34:04.769+0000: 325183.781: Application time: 0.0008989 seconds
2019-06-25T02:34:04.770+0000: 325183.782: Application time: 0.0001766 seconds
2019-06-25T02:34:04.770+0000: 325183.783: Application time: 0.0001344 seconds
2019-06-25T02:34:04.771+0000: 325183.783: Application time: 0.0001312 seconds
2019-06-25T02:34:04.771+0000: 325183.783: Application time: 0.0001383 seconds
2019-06-25T02:34:08.979+0000: 325187.991: Application time: 4.2074074 seconds
2019-06-25T02:34:08.979+0000: 325187.992: Application time: 0.0002539 seconds
2019-06-25T02:34:08.980+0000: 325187.992: Application time: 0.0003143 seconds
2019-06-25T02:34:08.980+0000: 325187.993: Application time: 0.0002862 seconds
2019-06-25T02:34:08.982+0000: 325187.995: Application time: 0.0017441 seconds
2019-06-25T02:34:35.708+0000: 325214.720: Application time: 26.7250958 seconds
{Heap before GC invocations=2208 (full 172):
 par new generation   total 9792K, used 9725K [0x00000000e1000000, 0x00000000e1aa0000, 0x00000000eb4a0000)
  eden space 8704K, 100% used [0x00000000e1000000, 0x00000000e1880000, 0x00000000e1880000)
  from space 1088K,  93% used [0x00000000e1880000, 0x00000000e197f510, 0x00000000e1990000)
  to   space 1088K,   0% used [0x00000000e1990000, 0x00000000e1990000, 0x00000000e1aa0000)
 concurrent mark-sweep generation total 121500K, used 71257K [0x00000000eb4a0000, 0x00000000f2b47000, 0x0000000100000000)
 Metaspace       used 88910K, capacity 93338K, committed 93568K, reserved 1130496K
  class space    used 10721K, capacity 11533K, committed 11648K, reserved 1048576K
2019-06-25T02:34:35.710+0000: 325214.722: [GC (Allocation Failure) 2019-06-25T02:34:35.710+0000: 325214.722: [ParNew: 9725K->1088K(9792K), 0.0062789 secs] 80983K->72933K(131292K), 0.0070999 secs] [Times: user=0.00 sys=0.01, real=0.00 secs] 
Heap after GC invocations=2209 (full 172):
 par new generation   total 9792K, used 1088K [0x00000000e1000000, 0x00000000e1aa0000, 0x00000000eb4a0000)
  eden space 8704K,   0% used [0x00000000e1000000, 0x00000000e1000000, 0x00000000e1880000)
  from space 1088K, 100% used [0x00000000e1990000, 0x00000000e1aa0000, 0x00000000e1aa0000)
  to   space 1088K,   0% used [0x00000000e1880000, 0x00000000e1880000, 0x00000000e1990000)
 concurrent mark-sweep generation total 121500K, used 71845K [0x00000000eb4a0000, 0x00000000f2b47000, 0x0000000100000000)
 Metaspace       used 88910K, capacity 93338K, committed 93568K, reserved 1130496K
  class space    used 10721K, capacity 11533K, committed 11648K, reserved 1048576K
}
2019-06-25T02:34:40.675+0000: 325219.688: Application time: 4.9579283 seconds
2019-06-25T02:34:40.741+0000: 325219.754: Application time: 0.0657242 seconds
2019-06-25T02:34:44.803+0000: 325223.815: Application time: 4.0615383 seconds
2019-06-25T02:34:44.804+0000: 325223.816: Application time: 0.0000876 seconds
2019-06-25T02:34:44.806+0000: 325223.818: Application time: 0.0001655 seconds
2019-06-25T02:34:44.806+0000: 325223.818: Application time: 0.0001340 seconds
2019-06-25T02:34:44.807+0000: 325223.819: Application time: 0.0001312 seconds
2019-06-25T02:34:44.807+0000: 325223.819: Application time: 0.0001926 seconds
2019-06-25T02:34:51.945+0000: 325230.957: Application time: 7.1376021 seconds
2019-06-25T02:34:51.945+0000: 325230.958: Application time: 0.0001390 seconds
2019-06-25T02:34:51.946+0000: 325230.958: Application time: 0.0003549 seconds
2019-06-25T02:34:51.946+0000: 325230.958: Application time: 0.0001927 seconds
2019-06-25T02:34:51.947+0000: 325230.960: Application time: 0.0011828 seconds
2019-06-25T02:36:04.866+0000: 325303.878: Application time: 72.9186556 seconds
2019-06-25T02:36:04.866+0000: 325303.879: Application time: 0.0000379 seconds
2019-06-25T02:36:04.867+0000: 325303.879: Application time: 0.0000608 seconds
2019-06-25T02:36:04.867+0000: 325303.879: Application time: 0.0000850 seconds
2019-06-25T02:36:04.867+0000: 325303.880: Application time: 0.0004202 seconds
2019-06-25T02:36:04.868+0000: 325303.880: Application time: 0.0001554 seconds
2019-06-25T02:36:05.195+0000: 325304.208: Application time: 0.3275418 seconds
2019-06-25T02:36:05.221+0000: 325304.233: Application time: 0.0253417 seconds
2019-06-25T02:36:08.987+0000: 325307.999: Application time: 3.7660078 seconds
2019-06-25T02:36:08.987+0000: 325308.000: Application time: 0.0000407 seconds
2019-06-25T02:36:08.987+0000: 325308.000: Application time: 0.0000233 seconds
2019-06-25T02:36:08.988+0000: 325308.000: Application time: 0.0001185 seconds
2019-06-25T02:36:08.988+0000: 325308.000: Application time: 0.0000530 seconds
2019-06-25T02:36:08.989+0000: 325308.001: Application time: 0.0010487 seconds
2019-06-25T02:36:34.891+0000: 325333.904: Application time: 25.9023737 seconds
2019-06-25T02:36:34.892+0000: 325333.904: Application time: 0.0001041 seconds
2019-06-25T02:36:34.892+0000: 325333.905: Application time: 0.0001201 seconds
2019-06-25T02:36:34.893+0000: 325333.905: Application time: 0.0015024 seconds
2019-06-25T02:36:34.895+0000: 325333.907: Application time: 0.0001223 seconds
2019-06-25T02:36:39.234+0000: 325338.246: Application time: 4.3382284 seconds
2019-06-25T02:36:39.258+0000: 325338.270: Application time: 0.0241324 seconds
2019-06-25T02:36:44.902+0000: 325343.914: Application time: 5.6437958 seconds
2019-06-25T02:36:44.903+0000: 325343.915: Application time: 0.0000767 seconds
2019-06-25T02:36:44.903+0000: 325343.915: Application time: 0.0000692 seconds
2019-06-25T02:36:44.903+0000: 325343.915: Application time: 0.0000625 seconds
2019-06-25T02:36:44.903+0000: 325343.915: Application time: 0.0000606 seconds
2019-06-25T02:36:44.903+0000: 325343.916: Application time: 0.0000756 seconds
2019-06-25T02:36:44.904+0000: 325343.916: Application time: 0.0000688 seconds
2019-06-25T02:36:44.904+0000: 325343.916: Application time: 0.0001639 seconds
2019-06-25T02:36:44.904+0000: 325343.916: Application time: 0.0001333 seconds
2019-06-25T02:36:44.906+0000: 325343.918: Application time: 0.0013036 seconds
2019-06-25T02:37:54.944+0000: 325413.956: Application time: 70.0375671 seconds
{Heap before GC invocations=2209 (full 172):
 par new generation   total 9792K, used 9792K [0x00000000e1000000, 0x00000000e1aa0000, 0x00000000eb4a0000)
  eden space 8704K, 100% used [0x00000000e1000000, 0x00000000e1880000, 0x00000000e1880000)
  from space 1088K, 100% used [0x00000000e1990000, 0x00000000e1aa0000, 0x00000000e1aa0000)
  to   space 1088K,   0% used [0x00000000e1880000, 0x00000000e1880000, 0x00000000e1990000)
 concurrent mark-sweep generation total 121500K, used 71845K [0x00000000eb4a0000, 0x00000000f2b47000, 0x0000000100000000)
 Metaspace       used 88940K, capacity 93386K, committed 93568K, reserved 1130496K
  class space    used 10726K, capacity 11541K, committed 11648K, reserved 1048576K
2019-06-25T02:37:54.944+0000: 325413.957: [GC (Allocation Failure) 2019-06-25T02:37:54.945+0000: 325413.957: [ParNew: 9792K->762K(9792K), 0.0038293 secs] 81637K->72814K(131292K), 0.0050152 secs] [Times: user=0.01 sys=0.00, real=0.01 secs] 
Heap after GC invocations=2210 (full 172):
 par new generation   total 9792K, used 762K [0x00000000e1000000, 0x00000000e1aa0000, 0x00000000eb4a0000)
  eden space 8704K,   0% used [0x00000000e1000000, 0x00000000e1000000, 0x00000000e1880000)
  from space 1088K,  70% used [0x00000000e1880000, 0x00000000e193ea10, 0x00000000e1990000)
  to   space 1088K,   0% used [0x00000000e1990000, 0x00000000e1990000, 0x00000000e1aa0000)
 concurrent mark-sweep generation total 121500K, used 72052K [0x00000000eb4a0000, 0x00000000f2b47000, 0x0000000100000000)
 Metaspace       used 88940K, capacity 93386K, committed 93568K, reserved 1130496K
  class space    used 10726K, capacity 11541K, committed 11648K, reserved 1048576K
}
2019-06-25T02:39:21.980+0000: 325500.992: Application time: 87.0296752 seconds
2019-06-25T02:39:25.004+0000: 325504.016: Application time: 3.0240518 seconds
2019-06-25T02:39:25.004+0000: 325504.017: Application time: 0.0000683 seconds
2019-06-25T02:39:25.004+0000: 325504.017: Application time: 0.0000641 seconds
2019-06-25T02:39:25.005+0000: 325504.017: Application time: 0.0000678 seconds
2019-06-25T02:39:25.005+0000: 325504.018: Application time: 0.0000835 seconds
2019-06-25T02:39:25.006+0000: 325504.018: Application time: 0.0000598 seconds
2019-06-25T02:39:25.006+0000: 325504.018: Application time: 0.0000275 seconds
2019-06-25T02:39:25.006+0000: 325504.018: Application time: 0.0001356 seconds
2019-06-25T02:39:25.006+0000: 325504.018: Application time: 0.0001220 seconds
2019-06-25T02:39:25.008+0000: 325504.020: Application time: 0.0012564 seconds
2019-06-25T02:39:26.793+0000: 325505.805: Application time: 1.7850396 seconds
2019-06-25T02:39:26.821+0000: 325505.833: Application time: 0.0278150 seconds
2019-06-25T02:39:51.179+0000: 325530.191: Application time: 24.3579934 seconds
2019-06-25T02:39:51.207+0000: 325530.219: Application time: 0.0275896 seconds
2019-06-25T02:39:51.983+0000: 325530.995: Application time: 0.7757277 seconds
2019-06-25T02:39:51.983+0000: 325530.996: Application time: 0.0001728 seconds
2019-06-25T02:39:55.023+0000: 325534.036: Application time: 3.0398610 seconds
2019-06-25T02:39:55.024+0000: 325534.036: Application time: 0.0000747 seconds
2019-06-25T02:39:55.024+0000: 325534.036: Application time: 0.0000575 seconds
2019-06-25T02:39:55.024+0000: 325534.036: Application time: 0.0000558 seconds
2019-06-25T02:39:55.024+0000: 325534.036: Application time: 0.0000561 seconds
2019-06-25T02:39:55.024+0000: 325534.037: Application time: 0.0000599 seconds
2019-06-25T02:39:55.025+0000: 325534.037: Application time: 0.0001424 seconds
2019-06-25T02:39:55.025+0000: 325534.037: Application time: 0.0001087 seconds
2019-06-25T02:39:55.026+0000: 325534.038: Application time: 0.0012511 seconds
2019-06-25T02:41:35.092+0000: 325634.104: Application time: 100.0655257 seconds
{Heap before GC invocations=2210 (full 172):
 par new generation   total 9792K, used 9466K [0x00000000e1000000, 0x00000000e1aa0000, 0x00000000eb4a0000)
  eden space 8704K, 100% used [0x00000000e1000000, 0x00000000e1880000, 0x00000000e1880000)
  from space 1088K,  70% used [0x00000000e1880000, 0x00000000e193ea10, 0x00000000e1990000)
  to   space 1088K,   0% used [0x00000000e1990000, 0x00000000e1990000, 0x00000000e1aa0000)
 concurrent mark-sweep generation total 121500K, used 72052K [0x00000000eb4a0000, 0x00000000f2b47000, 0x0000000100000000)
 Metaspace       used 88940K, capacity 93386K, committed 93568K, reserved 1130496K
  class space    used 10726K, capacity 11541K, committed 11648K, reserved 1048576K
2019-06-25T02:41:35.093+0000: 325634.105: [GC (Allocation Failure) 2019-06-25T02:41:35.094+0000: 325634.106: [ParNew: 9466K->909K(9792K), 0.0040778 secs] 81518K->73302K(131292K), 0.0054333 secs] [Times: user=0.00 sys=0.00, real=0.01 secs] 
Heap after GC invocations=2211 (full 172):
 par new generation   total 9792K, used 909K [0x00000000e1000000, 0x00000000e1aa0000, 0x00000000eb4a0000)
  eden space 8704K,   0% used [0x00000000e1000000, 0x00000000e1000000, 0x00000000e1880000)
  from space 1088K,  83% used [0x00000000e1990000, 0x00000000e1a736f8, 0x00000000e1aa0000)
  to   space 1088K,   0% used [0x00000000e1880000, 0x00000000e1880000, 0x00000000e1990000)
 concurrent mark-sweep generation total 121500K, used 72392K [0x00000000eb4a0000, 0x00000000f2b47000, 0x0000000100000000)
 Metaspace       used 88940K, capacity 93386K, committed 93568K, reserved 1130496K
  class space    used 10726K, capacity 11541K, committed 11648K, reserved 1048576K
}
2019-06-25T02:48:11.195+0000: 326030.207: Application time: 396.0955153 seconds
2019-06-25T02:48:52.863+0000: 326071.875: Application time: 41.6675779 seconds
{Heap before GC invocations=2211 (full 172):
 par new generation   total 9792K, used 9613K [0x00000000e1000000, 0x00000000e1aa0000, 0x00000000eb4a0000)
  eden space 8704K, 100% used [0x00000000e1000000, 0x00000000e1880000, 0x00000000e1880000)
  from space 1088K,  83% used [0x00000000e1990000, 0x00000000e1a736f8, 0x00000000e1aa0000)
  to   space 1088K,   0% used [0x00000000e1880000, 0x00000000e1880000, 0x00000000e1990000)
 concurrent mark-sweep generation total 121500K, used 72392K [0x00000000eb4a0000, 0x00000000f2b47000, 0x0000000100000000)
 Metaspace       used 88940K, capacity 93386K, committed 93568K, reserved 1130496K
  class space    used 10726K, capacity 11541K, committed 11648K, reserved 1048576K
2019-06-25T02:48:52.864+0000: 326071.876: [GC (Allocation Failure) 2019-06-25T02:48:52.865+0000: 326071.877: [ParNew: 9613K->649K(9792K), 0.0075373 secs] 82006K->73381K(131292K), 0.0098257 secs] [Times: user=0.01 sys=0.00, real=0.01 secs] 
Heap after GC invocations=2212 (full 172):
 par new generation   total 9792K, used 649K [0x00000000e1000000, 0x00000000e1aa0000, 0x00000000eb4a0000)
  eden space 8704K,   0% used [0x00000000e1000000, 0x00000000e1000000, 0x00000000e1880000)
  from space 1088K,  59% used [0x00000000e1880000, 0x00000000e1922788, 0x00000000e1990000)
  to   space 1088K,   0% used [0x00000000e1990000, 0x00000000e1990000, 0x00000000e1aa0000)
 concurrent mark-sweep generation total 121500K, used 72731K [0x00000000eb4a0000, 0x00000000f2b47000, 0x0000000100000000)
 Metaspace       used 88940K, capacity 93386K, committed 93568K, reserved 1130496K
  class space    used 10726K, capacity 11541K, committed 11648K, reserved 1048576K
}
2019-06-25T02:50:35.428+0000: 326174.441: Application time: 102.5524891 seconds
2019-06-25T02:56:05.654+0000: 326504.666: Application time: 330.2253539 seconds
{Heap before GC invocations=2212 (full 172):
 par new generation   total 9792K, used 9353K [0x00000000e1000000, 0x00000000e1aa0000, 0x00000000eb4a0000)
  eden space 8704K, 100% used [0x00000000e1000000, 0x00000000e1880000, 0x00000000e1880000)
  from space 1088K,  59% used [0x00000000e1880000, 0x00000000e1922788, 0x00000000e1990000)
  to   space 1088K,   0% used [0x00000000e1990000, 0x00000000e1990000, 0x00000000e1aa0000)
 concurrent mark-sweep generation total 121500K, used 72731K [0x00000000eb4a0000, 0x00000000f2b47000, 0x0000000100000000)
 Metaspace       used 88940K, capacity 93386K, committed 93568K, reserved 1130496K
  class space    used 10726K, capacity 11541K, committed 11648K, reserved 1048576K
2019-06-25T02:56:05.655+0000: 326504.667: [GC (Allocation Failure) 2019-06-25T02:56:05.655+0000: 326504.668: [ParNew: 9353K->667K(9792K), 0.0042326 secs] 82085K->73398K(131292K), 0.0050290 secs] [Times: user=0.01 sys=0.00, real=0.01 secs] 
Heap after GC invocations=2213 (full 172):
 par new generation   total 9792K, used 667K [0x00000000e1000000, 0x00000000e1aa0000, 0x00000000eb4a0000)
  eden space 8704K,   0% used [0x00000000e1000000, 0x00000000e1000000, 0x00000000e1880000)
  from space 1088K,  61% used [0x00000000e1990000, 0x00000000e1a36c80, 0x00000000e1aa0000)
  to   space 1088K,   0% used [0x00000000e1880000, 0x00000000e1880000, 0x00000000e1990000)
 concurrent mark-sweep generation total 121500K, used 72731K [0x00000000eb4a0000, 0x00000000f2b47000, 0x0000000100000000)
 Metaspace       used 88940K, capacity 93386K, committed 93568K, reserved 1130496K
  class space    used 10726K, capacity 11541K, committed 11648K, reserved 1048576K
}
2019-06-25T02:57:45.722+0000: 326604.735: Application time: 100.0615503 seconds
2019-06-25T02:57:45.723+0000: 326604.735: Application time: 0.0000780 seconds
2019-06-25T02:57:45.723+0000: 326604.736: Application time: 0.0001721 seconds
2019-06-25T02:57:45.724+0000: 326604.736: Application time: 0.0000999 seconds
2019-06-25T02:57:45.749+0000: 326604.761: Application time: 0.0001111 seconds
2019-06-25T02:57:50.261+0000: 326609.273: Application time: 4.5119513 seconds
2019-06-25T02:57:50.285+0000: 326609.297: Application time: 0.0235285 seconds
2019-06-25T02:57:52.118+0000: 326611.130: Application time: 1.8329344 seconds
2019-06-25T02:57:52.118+0000: 326611.130: Application time: 0.0000375 seconds
2019-06-25T02:57:52.118+0000: 326611.130: Application time: 0.0000644 seconds
2019-06-25T02:57:52.118+0000: 326611.131: Application time: 0.0000594 seconds
2019-06-25T02:57:52.118+0000: 326611.131: Application time: 0.0000566 seconds
2019-06-25T02:57:52.119+0000: 326611.131: Application time: 0.0000606 seconds
2019-06-25T02:57:52.120+0000: 326611.132: Application time: 0.0013785 seconds
2019-06-25T03:01:35.886+0000: 326834.899: Application time: 223.7661330 seconds
{Heap before GC invocations=2213 (full 172):
 par new generation   total 9792K, used 9371K [0x00000000e1000000, 0x00000000e1aa0000, 0x00000000eb4a0000)
  eden space 8704K, 100% used [0x00000000e1000000, 0x00000000e1880000, 0x00000000e1880000)
  from space 1088K,  61% used [0x00000000e1990000, 0x00000000e1a36c80, 0x00000000e1aa0000)
  to   space 1088K,   0% used [0x00000000e1880000, 0x00000000e1880000, 0x00000000e1990000)
 concurrent mark-sweep generation total 121500K, used 72731K [0x00000000eb4a0000, 0x00000000f2b47000, 0x0000000100000000)
 Metaspace       used 88940K, capacity 93386K, committed 93568K, reserved 1130496K
  class space    used 10726K, capacity 11541K, committed 11648K, reserved 1048576K
2019-06-25T03:01:35.887+0000: 326834.900: [GC (Allocation Failure) 2019-06-25T03:01:35.888+0000: 326834.900: [ParNew: 9371K->537K(9792K), 0.0038025 secs] 82102K->73469K(131292K), 0.0045811 secs] [Times: user=0.00 sys=0.01, real=0.01 secs] 
Heap after GC invocations=2214 (full 172):
 par new generation   total 9792K, used 537K [0x00000000e1000000, 0x00000000e1aa0000, 0x00000000eb4a0000)
  eden space 8704K,   0% used [0x00000000e1000000, 0x00000000e1000000, 0x00000000e1880000)
  from space 1088K,  49% used [0x00000000e1880000, 0x00000000e1906780, 0x00000000e1990000)
  to   space 1088K,   0% used [0x00000000e1990000, 0x00000000e1990000, 0x00000000e1aa0000)
 concurrent mark-sweep generation total 121500K, used 72931K [0x00000000eb4a0000, 0x00000000f2b47000, 0x0000000100000000)
 Metaspace       used 88940K, capacity 93386K, committed 93568K, reserved 1130496K
  class space    used 10726K, capacity 11541K, committed 11648K, reserved 1048576K
}
2019-06-25T03:01:35.893+0000: 326834.905: Application time: 0.0002708 seconds
2019-06-25T03:01:35.893+0000: 326834.905: [GC (CMS Initial Mark) [1 CMS-initial-mark: 72931K(121500K)] 73495K(131292K), 0.0033742 secs] [Times: user=0.00 sys=0.00, real=0.00 secs] 
2019-06-25T03:01:35.897+0000: 326834.910: [CMS-concurrent-mark-start]
2019-06-25T03:01:36.028+0000: 326835.041: [CMS-concurrent-mark: 0.131/0.131 secs] [Times: user=0.14 sys=0.00, real=0.14 secs] 
2019-06-25T03:01:36.029+0000: 326835.041: [CMS-concurrent-preclean-start]
2019-06-25T03:01:36.031+0000: 326835.043: [CMS-concurrent-preclean: 0.002/0.002 secs] [Times: user=0.00 sys=0.00, real=0.00 secs] 
2019-06-25T03:01:36.031+0000: 326835.043: Application time: 0.1337062 seconds
2019-06-25T03:01:36.031+0000: 326835.043: [GC (CMS Final Remark) [YG occupancy: 615 K (9792 K)]2019-06-25T03:01:36.031+0000: 326835.044: [Rescan (parallel) , 0.0080043 secs]2019-06-25T03:01:36.040+0000: 326835.053: [weak refs processing, 0.0024135 secs]2019-06-25T03:01:36.043+0000: 326835.056: [class unloading, 0.0308945 secs]2019-06-25T03:01:36.075+0000: 326835.087: [scrub symbol table, 0.0208116 secs]2019-06-25T03:01:36.096+0000: 326835.109: [scrub string table, 0.0017469 secs][1 CMS-remark: 72931K(121500K)] 73547K(131292K), 0.0797300 secs] [Times: user=0.08 sys=0.00, real=0.08 secs] 
2019-06-25T03:01:36.112+0000: 326835.124: [CMS-concurrent-sweep-start]
2019-06-25T03:01:36.164+0000: 326835.177: [CMS-concurrent-sweep: 0.052/0.052 secs] [Times: user=0.05 sys=0.00, real=0.05 secs] 
2019-06-25T03:01:36.165+0000: 326835.177: [CMS-concurrent-reset-start]
2019-06-25T03:01:36.166+0000: 326835.178: [CMS-concurrent-reset: 0.001/0.001 secs] [Times: user=0.00 sys=0.00, real=0.00 secs] 
2019-06-25T03:01:37.112+0000: 326836.124: Application time: 1.0002255 seconds
2019-06-25T03:01:41.502+0000: 326840.514: Application time: 4.3898019 seconds
2019-06-25T03:01:41.533+0000: 326840.545: Application time: 0.0301030 seconds
2019-06-25T03:01:45.901+0000: 326844.913: Application time: 4.3679103 seconds
2019-06-25T03:01:45.901+0000: 326844.914: Application time: 0.0001027 seconds
2019-06-25T03:01:45.902+0000: 326844.914: Application time: 0.0001769 seconds
2019-06-25T03:01:45.902+0000: 326844.914: Application time: 0.0001223 seconds
2019-06-25T03:01:46.902+0000: 326845.915: Application time: 1.0001099 seconds
2019-06-25T03:01:52.150+0000: 326851.162: Application time: 5.2476379 seconds
2019-06-25T03:01:52.150+0000: 326851.163: Application time: 0.0000699 seconds
2019-06-25T03:01:52.151+0000: 326851.163: Application time: 0.0000644 seconds
2019-06-25T03:01:52.151+0000: 326851.163: Application time: 0.0000576 seconds
2019-06-25T03:01:52.151+0000: 326851.163: Application time: 0.0000572 seconds
2019-06-25T03:01:52.151+0000: 326851.164: Application time: 0.0005793 seconds
2019-06-25T03:01:52.153+0000: 326851.166: Application time: 0.0015141 seconds
2019-06-25T03:01:55.910+0000: 326854.922: Application time: 3.7562436 seconds
2019-06-25T03:02:09.912+0000: 326868.924: Application time: 14.0019832 seconds
2019-06-25T03:02:30.917+0000: 326889.929: Application time: 21.0044966 seconds
2019-06-25T03:02:33.917+0000: 326892.930: Application time: 3.0004703 seconds
2019-06-25T03:02:35.651+0000: 326894.663: Application time: 1.7331109 seconds
2019-06-25T03:02:35.684+0000: 326894.696: Application time: 0.0326596 seconds
2019-06-25T03:02:35.941+0000: 326894.954: Application time: 0.2576159 seconds
2019-06-25T03:02:35.942+0000: 326894.954: Application time: 0.0000723 seconds
2019-06-25T03:02:35.942+0000: 326894.954: Application time: 0.0001483 seconds
2019-06-25T03:02:35.942+0000: 326894.955: Application time: 0.0001208 seconds
2019-06-25T03:02:36.943+0000: 326895.955: Application time: 1.0001912 seconds
2019-06-25T03:02:45.948+0000: 326904.961: Application time: 9.0060939 seconds
2019-06-25T03:02:45.949+0000: 326904.961: Application time: 0.0001104 seconds
2019-06-25T03:02:45.949+0000: 326904.962: Application time: 0.0000737 seconds
2019-06-25T03:02:45.950+0000: 326904.962: Application time: 0.0000674 seconds
2019-06-25T03:02:45.950+0000: 326904.962: Application time: 0.0000655 seconds
2019-06-25T03:02:45.950+0000: 326904.962: Application time: 0.0000731 seconds
2019-06-25T03:02:45.952+0000: 326904.964: Application time: 0.0016228 seconds
2019-06-25T03:02:52.159+0000: 326911.171: Application time: 6.2067189 seconds
2019-06-25T03:02:52.159+0000: 326911.172: Application time: 0.0002275 seconds
2019-06-25T03:02:52.160+0000: 326911.172: Application time: 0.0002865 seconds
2019-06-25T03:02:52.160+0000: 326911.172: Application time: 0.0002586 seconds
2019-06-25T03:02:55.043+0000: 326914.055: Application time: 2.8824252 seconds
2019-06-25T03:02:55.079+0000: 326914.091: Application time: 0.0358857 seconds
2019-06-25T03:02:55.957+0000: 326914.969: Application time: 0.8777281 seconds
2019-06-25T03:02:55.958+0000: 326914.970: Application time: 0.0000843 seconds
2019-06-25T03:02:55.958+0000: 326914.970: Application time: 0.0001161 seconds
2019-06-25T03:02:55.958+0000: 326914.971: Application time: 0.0000608 seconds
2019-06-25T03:02:55.959+0000: 326914.971: Application time: 0.0001017 seconds
2019-06-25T03:02:55.959+0000: 326914.971: Application time: 0.0001132 seconds
2019-06-25T03:02:55.960+0000: 326914.973: Application time: 0.0015190 seconds
2019-06-25T03:03:15.972+0000: 326934.984: Application time: 20.0115008 seconds
{Heap before GC invocations=2214 (full 173):
 par new generation   total 9792K, used 9241K [0x00000000e1000000, 0x00000000e1aa0000, 0x00000000eb4a0000)
  eden space 8704K, 100% used [0x00000000e1000000, 0x00000000e1880000, 0x00000000e1880000)
  from space 1088K,  49% used [0x00000000e1880000, 0x00000000e1906780, 0x00000000e1990000)
  to   space 1088K,   0% used [0x00000000e1990000, 0x00000000e1990000, 0x00000000e1aa0000)
 concurrent mark-sweep generation total 121500K, used 69030K [0x00000000eb4a0000, 0x00000000f2b47000, 0x0000000100000000)
 Metaspace       used 88827K, capacity 93200K, committed 93568K, reserved 1130496K
  class space    used 10709K, capacity 11510K, committed 11648K, reserved 1048576K
2019-06-25T03:03:15.973+0000: 326934.985: [GC (Allocation Failure) 2019-06-25T03:03:15.973+0000: 326934.986: [ParNew: 9241K->1020K(9792K), 0.0037053 secs] 78272K->70050K(131292K), 0.0045133 secs] [Times: user=0.00 sys=0.00, real=0.00 secs] 
Heap after GC invocations=2215 (full 173):
 par new generation   total 9792K, used 1020K [0x00000000e1000000, 0x00000000e1aa0000, 0x00000000eb4a0000)
  eden space 8704K,   0% used [0x00000000e1000000, 0x00000000e1000000, 0x00000000e1880000)
  from space 1088K,  93% used [0x00000000e1990000, 0x00000000e1a8f148, 0x00000000e1aa0000)
  to   space 1088K,   0% used [0x00000000e1880000, 0x00000000e1880000, 0x00000000e1990000)
 concurrent mark-sweep generation total 121500K, used 69030K [0x00000000eb4a0000, 0x00000000f2b47000, 0x0000000100000000)
 Metaspace       used 88827K, capacity 93200K, committed 93568K, reserved 1130496K
  class space    used 10709K, capacity 11510K, committed 11648K, reserved 1048576K
}
2019-06-25T03:03:33.981+0000: 326952.993: Application time: 18.0023203 seconds
2019-06-25T03:03:42.575+0000: 326961.587: Application time: 8.5938447 seconds
2019-06-25T03:03:42.600+0000: 326961.612: Application time: 0.0253138 seconds
2019-06-25T03:03:45.996+0000: 326965.008: Application time: 3.3951277 seconds
2019-06-25T03:03:45.997+0000: 326965.009: Application time: 0.0001409 seconds
2019-06-25T03:03:45.997+0000: 326965.009: Application time: 0.0001887 seconds
2019-06-25T03:03:45.997+0000: 326965.010: Application time: 0.0001413 seconds
2019-06-25T03:03:46.998+0000: 326966.010: Application time: 1.0002092 seconds
2019-06-25T03:03:52.168+0000: 326971.180: Application time: 5.1700554 seconds
2019-06-25T03:03:52.168+0000: 326971.181: Application time: 0.0001546 seconds
2019-06-25T03:03:52.169+0000: 326971.181: Application time: 0.0001732 seconds
2019-06-25T03:03:52.169+0000: 326971.181: Application time: 0.0001741 seconds
2019-06-25T03:03:52.169+0000: 326971.182: Application time: 0.0001662 seconds
2019-06-25T03:03:52.170+0000: 326971.182: Application time: 0.0001680 seconds
2019-06-25T03:03:52.171+0000: 326971.184: Application time: 0.0016622 seconds
2019-06-25T03:04:06.009+0000: 326985.022: Application time: 13.8376235 seconds
2019-06-25T03:04:06.010+0000: 326985.022: Application time: 0.0000881 seconds
2019-06-25T03:04:06.010+0000: 326985.024: Application time: 0.0012021 seconds
2019-06-25T03:04:06.012+0000: 326985.024: Application time: 0.0003281 seconds
2019-06-25T03:04:08.536+0000: 326987.549: Application time: 2.5240477 seconds
2019-06-25T03:04:08.567+0000: 326987.579: Application time: 0.0305753 seconds
2019-06-25T03:04:09.073+0000: 326988.086: Application time: 0.5058680 seconds
2019-06-25T03:04:09.074+0000: 326988.086: Application time: 0.0002211 seconds
2019-06-25T03:04:09.074+0000: 326988.086: Application time: 0.0002397 seconds
2019-06-25T03:04:09.075+0000: 326988.087: Application time: 0.0002002 seconds
2019-06-25T03:04:09.075+0000: 326988.087: Application time: 0.0002070 seconds
2019-06-25T03:04:09.075+0000: 326988.088: Application time: 0.0002043 seconds
2019-06-25T03:04:09.078+0000: 326988.090: Application time: 0.0020289 seconds
2019-06-25T03:05:54.072+0000: 327093.084: Application time: 104.9938567 seconds
{Heap before GC invocations=2215 (full 173):
 par new generation   total 9792K, used 9548K [0x00000000e1000000, 0x00000000e1aa0000, 0x00000000eb4a0000)
  eden space 8704K,  97% used [0x00000000e1000000, 0x00000000e18542a8, 0x00000000e1880000)
  from space 1088K,  93% used [0x00000000e1990000, 0x00000000e1a8f148, 0x00000000e1aa0000)
  to   space 1088K,   0% used [0x00000000e1880000, 0x00000000e1880000, 0x00000000e1990000)
 concurrent mark-sweep generation total 121500K, used 69030K [0x00000000eb4a0000, 0x00000000f2b47000, 0x0000000100000000)
 Metaspace       used 88829K, capacity 93206K, committed 93568K, reserved 1130496K
  class space    used 10710K, capacity 11511K, committed 11648K, reserved 1048576K
2019-06-25T03:05:54.072+0000: 327093.085: [GC (Allocation Failure) 2019-06-25T03:05:54.073+0000: 327093.085: [ParNew: 9548K->1088K(9792K), 0.0048854 secs] 78579K->70567K(131292K), 0.0057132 secs] [Times: user=0.00 sys=0.00, real=0.01 secs] 
Heap after GC invocations=2216 (full 173):
 par new generation   total 9792K, used 1088K [0x00000000e1000000, 0x00000000e1aa0000, 0x00000000eb4a0000)
  eden space 8704K,   0% used [0x00000000e1000000, 0x00000000e1000000, 0x00000000e1880000)
  from space 1088K, 100% used [0x00000000e1880000, 0x00000000e1990000, 0x00000000e1990000)
  to   space 1088K,   0% used [0x00000000e1990000, 0x00000000e1990000, 0x00000000e1aa0000)
 concurrent mark-sweep generation total 121500K, used 69479K [0x00000000eb4a0000, 0x00000000f2b47000, 0x0000000100000000)
 Metaspace       used 88829K, capacity 93206K, committed 93568K, reserved 1130496K
  class space    used 10710K, capacity 11511K, committed 11648K, reserved 1048576K
}
2019-06-25T03:05:56.089+0000: 327095.101: Application time: 2.0103208 seconds
2019-06-25T03:05:56.089+0000: 327095.102: Application time: 0.0000718 seconds
2019-06-25T03:05:56.090+0000: 327095.102: Application time: 0.0000601 seconds
2019-06-25T03:05:56.090+0000: 327095.102: Application time: 0.0001414 seconds
2019-06-25T03:05:56.091+0000: 327095.103: Application time: 0.0001646 seconds
2019-06-25T03:05:59.068+0000: 327098.080: Application time: 2.9770808 seconds
2019-06-25T03:05:59.101+0000: 327098.113: Application time: 0.0329442 seconds
2019-06-25T03:06:06.096+0000: 327105.108: Application time: 6.9946790 seconds
2019-06-25T03:06:06.096+0000: 327105.109: Application time: 0.0000668 seconds
2019-06-25T03:06:06.097+0000: 327105.109: Application time: 0.0000628 seconds
2019-06-25T03:06:06.097+0000: 327105.109: Application time: 0.0000569 seconds
2019-06-25T03:06:06.097+0000: 327105.109: Application time: 0.0000608 seconds
2019-06-25T03:06:06.098+0000: 327105.111: Application time: 0.0014162 seconds
2019-06-25T03:06:15.033+0000: 327114.045: Application time: 8.9341867 seconds
2019-06-25T03:06:15.057+0000: 327114.069: Application time: 0.0235819 seconds
2019-06-25T03:06:16.103+0000: 327115.115: Application time: 1.0462438 seconds
2019-06-25T03:06:16.103+0000: 327115.116: Application time: 0.0000821 seconds
2019-06-25T03:06:16.104+0000: 327115.116: Application time: 0.0006073 seconds
2019-06-25T03:06:16.104+0000: 327115.117: Application time: 0.0000814 seconds
2019-06-25T03:06:16.105+0000: 327115.117: Application time: 0.0000712 seconds
2019-06-25T03:06:16.105+0000: 327115.117: Application time: 0.0000706 seconds
2019-06-25T03:06:16.105+0000: 327115.117: Application time: 0.0000762 seconds
2019-06-25T03:06:16.105+0000: 327115.118: Application time: 0.0001768 seconds
2019-06-25T03:06:16.106+0000: 327115.118: Application time: 0.0001411 seconds
2019-06-25T03:06:22.196+0000: 327121.208: Application time: 6.0896898 seconds
2019-06-25T03:06:22.200+0000: 327121.212: Application time: 0.0039148 seconds
2019-06-25T03:07:16.141+0000: 327175.153: Application time: 53.9403214 seconds
2019-06-25T03:07:56.147+0000: 327215.160: Application time: 40.0063764 seconds
2019-06-25T03:07:56.242+0000: 327215.255: Application time: 0.0545239 seconds
2019-06-25T03:07:56.252+0000: 327215.265: Application time: 0.0000924 seconds
2019-06-25T03:07:56.253+0000: 327215.265: Application time: 0.0005368 seconds
2019-06-25T03:07:56.254+0000: 327215.266: Application time: 0.0000782 seconds
2019-06-25T03:07:56.254+0000: 327215.266: Application time: 0.0000678 seconds
2019-06-25T03:07:56.255+0000: 327215.267: Application time: 0.0000651 seconds
2019-06-25T03:07:56.255+0000: 327215.267: Application time: 0.0000673 seconds
2019-06-25T03:07:56.263+0000: 327215.275: Application time: 0.0001602 seconds
2019-06-25T03:07:56.263+0000: 327215.276: Application time: 0.0001038 seconds
2019-06-25T03:07:56.265+0000: 327215.277: Application time: 0.0012401 seconds
2019-06-25T03:07:56.325+0000: 327215.337: Application time: 0.0573093 seconds
2019-06-25T03:07:56.488+0000: 327215.500: Application time: 0.1587145 seconds
{Heap before GC invocations=2216 (full 173):
 par new generation   total 9792K, used 9792K [0x00000000e1000000, 0x00000000e1aa0000, 0x00000000eb4a0000)
  eden space 8704K, 100% used [0x00000000e1000000, 0x00000000e1880000, 0x00000000e1880000)
  from space 1088K, 100% used [0x00000000e1880000, 0x00000000e1990000, 0x00000000e1990000)
  to   space 1088K,   0% used [0x00000000e1990000, 0x00000000e1990000, 0x00000000e1aa0000)
 concurrent mark-sweep generation total 121500K, used 69479K [0x00000000eb4a0000, 0x00000000f2b47000, 0x0000000100000000)
 Metaspace       used 88850K, capacity 93218K, committed 93568K, reserved 1130496K
  class space    used 10711K, capacity 11513K, committed 11648K, reserved 1048576K
2019-06-25T03:07:56.499+0000: 327215.511: [GC (Allocation Failure) 2019-06-25T03:07:56.514+0000: 327215.526: [ParNew: 9792K->1018K(9792K), 0.0152088 secs] 79271K->70882K(131292K), 0.0326716 secs] [Times: user=0.01 sys=0.00, real=0.03 secs] 
Heap after GC invocations=2217 (full 173):
 par new generation   total 9792K, used 1018K [0x00000000e1000000, 0x00000000e1aa0000, 0x00000000eb4a0000)
  eden space 8704K,   0% used [0x00000000e1000000, 0x00000000e1000000, 0x00000000e1880000)
  from space 1088K,  93% used [0x00000000e1990000, 0x00000000e1a8ebc0, 0x00000000e1aa0000)
  to   space 1088K,   0% used [0x00000000e1880000, 0x00000000e1880000, 0x00000000e1990000)
 concurrent mark-sweep generation total 121500K, used 69863K [0x00000000eb4a0000, 0x00000000f2b47000, 0x0000000100000000)
 Metaspace       used 88850K, capacity 93218K, committed 93568K, reserved 1130496K
  class space    used 10711K, capacity 11513K, committed 11648K, reserved 1048576K
}
2019-06-25T03:07:57.535+0000: 327216.547: Application time: 1.0001745 seconds
2019-06-25T03:08:24.138+0000: 327243.151: Application time: 26.6030552 seconds
2019-06-25T03:08:25.139+0000: 327244.151: Application time: 1.0002160 seconds
2019-06-25T03:09:03.244+0000: 327282.256: Application time: 38.1049576 seconds
{Heap before GC invocations=2217 (full 173):
 par new generation   total 9792K, used 9722K [0x00000000e1000000, 0x00000000e1aa0000, 0x00000000eb4a0000)
  eden space 8704K,  99% used [0x00000000e1000000, 0x00000000e187fcd8, 0x00000000e1880000)
  from space 1088K,  93% used [0x00000000e1990000, 0x00000000e1a8ebc0, 0x00000000e1aa0000)
  to   space 1088K,   0% used [0x00000000e1880000, 0x00000000e1880000, 0x00000000e1990000)
 concurrent mark-sweep generation total 121500K, used 69863K [0x00000000eb4a0000, 0x00000000f2b47000, 0x0000000100000000)
 Metaspace       used 88872K, capacity 93236K, committed 93568K, reserved 1130496K
  class space    used 10712K, capacity 11516K, committed 11648K, reserved 1048576K
2019-06-25T03:09:03.244+0000: 327282.257: [GC (Allocation Failure) 2019-06-25T03:09:03.245+0000: 327282.257: [ParNew: 9722K->1088K(9792K), 0.0082882 secs] 79585K->71015K(131292K), 0.0092142 secs] [Times: user=0.01 sys=0.00, real=0.01 secs] 
Heap after GC invocations=2218 (full 173):
 par new generation   total 9792K, used 1088K [0x00000000e1000000, 0x00000000e1aa0000, 0x00000000eb4a0000)
  eden space 8704K,   0% used [0x00000000e1000000, 0x00000000e1000000, 0x00000000e1880000)
  from space 1088K, 100% used [0x00000000e1880000, 0x00000000e1990000, 0x00000000e1990000)
  to   space 1088K,   0% used [0x00000000e1990000, 0x00000000e1990000, 0x00000000e1aa0000)
 concurrent mark-sweep generation total 121500K, used 69927K [0x00000000eb4a0000, 0x00000000f2b47000, 0x0000000100000000)
 Metaspace       used 88872K, capacity 93236K, committed 93568K, reserved 1130496K
  class space    used 10712K, capacity 11516K, committed 11648K, reserved 1048576K
}
2019-06-25T03:09:06.311+0000: 327285.324: Application time: 3.0569392 seconds
2019-06-25T03:09:06.313+0000: 327285.325: Application time: 0.0014776 seconds
2019-06-25T03:09:08.241+0000: 327287.254: Application time: 1.9282151 seconds
2019-06-25T03:09:08.277+0000: 327287.289: Application time: 0.0352666 seconds
2019-06-25T03:09:36.329+0000: 327315.342: Application time: 28.0516474 seconds
2019-06-25T03:09:36.330+0000: 327315.342: Application time: 0.0000671 seconds
2019-06-25T03:09:36.330+0000: 327315.342: Application time: 0.0000660 seconds
2019-06-25T03:09:36.330+0000: 327315.342: Application time: 0.0000591 seconds
2019-06-25T03:09:36.330+0000: 327315.343: Application time: 0.0000592 seconds
2019-06-25T03:09:36.331+0000: 327315.343: Application time: 0.0000301 seconds
2019-06-25T03:09:36.331+0000: 327315.343: Application time: 0.0000635 seconds
2019-06-25T03:09:36.331+0000: 327315.343: Application time: 0.0001302 seconds
2019-06-25T03:09:36.331+0000: 327315.343: Application time: 0.0001072 seconds
2019-06-25T03:09:37.118+0000: 327316.131: Application time: 0.7870428 seconds
2019-06-25T03:09:37.159+0000: 327316.171: Application time: 0.0402610 seconds
2019-06-25T03:09:46.338+0000: 327325.350: Application time: 9.1784116 seconds
2019-06-25T03:09:46.338+0000: 327325.350: Application time: 0.0001491 seconds
2019-06-25T03:09:46.341+0000: 327325.355: Application time: 0.0037763 seconds
2019-06-25T03:11:06.354+0000: 327405.366: Application time: 80.0111770 seconds
2019-06-25T03:11:06.359+0000: 327405.372: Application time: 0.0011057 seconds
2019-06-25T03:11:06.396+0000: 327405.408: Application time: 0.0365296 seconds
2019-06-25T03:11:06.419+0000: 327405.431: Application time: 0.0018791 seconds
2019-06-25T03:11:06.419+0000: 327405.432: Application time: 0.0003868 seconds
2019-06-25T03:11:06.432+0000: 327405.444: Application time: 0.0016933 seconds
2019-06-25T03:11:06.438+0000: 327405.450: Application time: 0.0001192 seconds
2019-06-25T03:11:06.438+0000: 327405.451: Application time: 0.0000692 seconds
2019-06-25T03:11:06.439+0000: 327405.451: Application time: 0.0000735 seconds
2019-06-25T03:11:06.439+0000: 327405.452: Application time: 0.0002822 seconds
2019-06-25T03:11:06.440+0000: 327405.452: Application time: 0.0001569 seconds
2019-06-25T03:11:06.472+0000: 327405.484: Application time: 0.0316528 seconds
2019-06-25T03:11:07.473+0000: 327406.485: Application time: 1.0006348 seconds
2019-06-25T03:11:16.475+0000: 327415.487: Application time: 9.0013199 seconds
2019-06-25T03:11:36.459+0000: 327435.471: Application time: 19.9837442 seconds
{Heap before GC invocations=2218 (full 173):
 par new generation   total 9792K, used 9792K [0x00000000e1000000, 0x00000000e1aa0000, 0x00000000eb4a0000)
  eden space 8704K, 100% used [0x00000000e1000000, 0x00000000e1880000, 0x00000000e1880000)
  from space 1088K, 100% used [0x00000000e1880000, 0x00000000e1990000, 0x00000000e1990000)
  to   space 1088K,   0% used [0x00000000e1990000, 0x00000000e1990000, 0x00000000e1aa0000)
 concurrent mark-sweep generation total 121500K, used 69927K [0x00000000eb4a0000, 0x00000000f2b47000, 0x0000000100000000)
 Metaspace       used 88898K, capacity 93272K, committed 93568K, reserved 1130496K
  class space    used 10716K, capacity 11522K, committed 11648K, reserved 1048576K
2019-06-25T03:11:36.459+0000: 327435.471: [GC (Allocation Failure) 2019-06-25T03:11:36.461+0000: 327435.473: [ParNew: 9792K->877K(9792K), 0.0044674 secs] 79719K->71062K(131292K), 0.0066860 secs] [Times: user=0.00 sys=0.01, real=0.00 secs] 
Heap after GC invocations=2219 (full 173):
 par new generation   total 9792K, used 877K [0x00000000e1000000, 0x00000000e1aa0000, 0x00000000eb4a0000)
  eden space 8704K,   0% used [0x00000000e1000000, 0x00000000e1000000, 0x00000000e1880000)
  from space 1088K,  80% used [0x00000000e1990000, 0x00000000e1a6b688, 0x00000000e1aa0000)
  to   space 1088K,   0% used [0x00000000e1880000, 0x00000000e1880000, 0x00000000e1990000)
 concurrent mark-sweep generation total 121500K, used 70184K [0x00000000eb4a0000, 0x00000000f2b47000, 0x0000000100000000)
 Metaspace       used 88898K, capacity 93272K, committed 93568K, reserved 1130496K
  class space    used 10716K, capacity 11522K, committed 11648K, reserved 1048576K
}
2019-06-25T03:11:49.018+0000: 327448.031: Application time: 12.5520446 seconds
2019-06-25T03:11:49.022+0000: 327448.035: Application time: 0.0027637 seconds
2019-06-25T03:11:49.024+0000: 327448.036: Application time: 0.0003513 seconds
2019-06-25T03:11:49.026+0000: 327448.038: Application time: 0.0005606 seconds
2019-06-25T03:11:49.027+0000: 327448.039: Application time: 0.0001305 seconds
2019-06-25T03:11:49.035+0000: 327448.047: Application time: 0.0077049 seconds
2019-06-25T03:11:50.035+0000: 327449.048: Application time: 1.0001971 seconds
2019-06-25T03:12:52.250+0000: 327511.262: Application time: 62.2145056 seconds
{Heap before GC invocations=2219 (full 173):
 par new generation   total 9792K, used 9581K [0x00000000e1000000, 0x00000000e1aa0000, 0x00000000eb4a0000)
  eden space 8704K, 100% used [0x00000000e1000000, 0x00000000e1880000, 0x00000000e1880000)
  from space 1088K,  80% used [0x00000000e1990000, 0x00000000e1a6b688, 0x00000000e1aa0000)
  to   space 1088K,   0% used [0x00000000e1880000, 0x00000000e1880000, 0x00000000e1990000)
 concurrent mark-sweep generation total 121500K, used 70184K [0x00000000eb4a0000, 0x00000000f2b47000, 0x0000000100000000)
 Metaspace       used 88936K, capacity 93368K, committed 93568K, reserved 1130496K
  class space    used 10724K, capacity 11538K, committed 11648K, reserved 1048576K
2019-06-25T03:12:52.251+0000: 327511.263: [GC (Allocation Failure) 2019-06-25T03:12:52.251+0000: 327511.263: [ParNew: 9581K->695K(9792K), 0.0037737 secs] 79766K->71141K(131292K), 0.0044960 secs] [Times: user=0.00 sys=0.01, real=0.00 secs] 
Heap after GC invocations=2220 (full 173):
 par new generation   total 9792K, used 695K [0x00000000e1000000, 0x00000000e1aa0000, 0x00000000eb4a0000)
  eden space 8704K,   0% used [0x00000000e1000000, 0x00000000e1000000, 0x00000000e1880000)
  from space 1088K,  63% used [0x00000000e1880000, 0x00000000e192dc58, 0x00000000e1990000)
  to   space 1088K,   0% used [0x00000000e1990000, 0x00000000e1990000, 0x00000000e1aa0000)
 concurrent mark-sweep generation total 121500K, used 70445K [0x00000000eb4a0000, 0x00000000f2b47000, 0x0000000100000000)
 Metaspace       used 88936K, capacity 93368K, committed 93568K, reserved 1130496K
  class space    used 10724K, capacity 11538K, committed 11648K, reserved 1048576K
}
2019-06-25T03:13:01.037+0000: 327520.050: Application time: 8.7813581 seconds
2019-06-25T03:13:01.038+0000: 327520.050: Application time: 0.0000562 seconds
2019-06-25T03:13:01.038+0000: 327520.050: Application time: 0.0000420 seconds
2019-06-25T03:13:01.038+0000: 327520.050: Application time: 0.0000408 seconds
2019-06-25T03:13:01.038+0000: 327520.051: Application time: 0.0004516 seconds
2019-06-25T03:13:01.039+0000: 327520.051: Application time: 0.0001254 seconds
2019-06-25T03:13:01.042+0000: 327520.054: Application time: 0.0025714 seconds
2019-06-25T03:13:01.139+0000: 327520.151: Application time: 0.0755685 seconds
2019-06-25T03:13:02.139+0000: 327521.152: Application time: 1.0001808 seconds
2019-06-25T03:13:04.932+0000: 327523.944: Application time: 2.7920763 seconds
2019-06-25T03:13:05.176+0000: 327524.188: Application time: 0.2438621 seconds
{Heap before GC invocations=2220 (full 173):
 par new generation   total 9792K, used 9399K [0x00000000e1000000, 0x00000000e1aa0000, 0x00000000eb4a0000)
  eden space 8704K, 100% used [0x00000000e1000000, 0x00000000e1880000, 0x00000000e1880000)
  from space 1088K,  63% used [0x00000000e1880000, 0x00000000e192dc58, 0x00000000e1990000)
  to   space 1088K,   0% used [0x00000000e1990000, 0x00000000e1990000, 0x00000000e1aa0000)
 concurrent mark-sweep generation total 121500K, used 70445K [0x00000000eb4a0000, 0x00000000f2b47000, 0x0000000100000000)
 Metaspace       used 88967K, capacity 93474K, committed 93824K, reserved 1132544K
  class space    used 10728K, capacity 11545K, committed 11648K, reserved 1048576K
2019-06-25T03:13:05.183+0000: 327524.195: [GC (Allocation Failure) 2019-06-25T03:13:05.183+0000: 327524.195: [ParNew: 9399K->902K(9792K), 0.0249661 secs] 79845K->71511K(131292K), 0.0259350 secs] [Times: user=0.02 sys=0.00, real=0.03 secs] 
Heap after GC invocations=2221 (full 173):
 par new generation   total 9792K, used 902K [0x00000000e1000000, 0x00000000e1aa0000, 0x00000000eb4a0000)
  eden space 8704K,   0% used [0x00000000e1000000, 0x00000000e1000000, 0x00000000e1880000)
  from space 1088K,  82% used [0x00000000e1990000, 0x00000000e1a71a50, 0x00000000e1aa0000)
  to   space 1088K,   0% used [0x00000000e1880000, 0x00000000e1880000, 0x00000000e1990000)
 concurrent mark-sweep generation total 121500K, used 70608K [0x00000000eb4a0000, 0x00000000f2b47000, 0x0000000100000000)
 Metaspace       used 88967K, capacity 93474K, committed 93824K, reserved 1132544K
  class space    used 10728K, capacity 11545K, committed 11648K, reserved 1048576K
}
2019-06-25T03:13:06.213+0000: 327525.225: Application time: 1.0037880 seconds
2019-06-25T03:13:11.333+0000: 327530.345: Application time: 5.1193157 seconds
2019-06-25T03:13:17.334+0000: 327536.346: Application time: 6.0007647 seconds
2019-06-25T03:14:11.340+0000: 327590.353: Application time: 54.0065661 seconds
2019-06-25T03:16:22.358+0000: 327721.370: Application time: 131.0167589 seconds
2019-06-25T03:17:05.365+0000: 327764.377: Application time: 43.0066501 seconds
2019-06-25T03:17:07.365+0000: 327766.378: Application time: 2.0003569 seconds
2019-06-25T03:17:08.366+0000: 327767.378: Application time: 1.0002796 seconds
2019-06-25T03:17:09.125+0000: 327768.137: Application time: 0.7585715 seconds
{Heap before GC invocations=2221 (full 173):
 par new generation   total 9792K, used 9606K [0x00000000e1000000, 0x00000000e1aa0000, 0x00000000eb4a0000)
  eden space 8704K, 100% used [0x00000000e1000000, 0x00000000e1880000, 0x00000000e1880000)
  from space 1088K,  82% used [0x00000000e1990000, 0x00000000e1a71a50, 0x00000000e1aa0000)
  to   space 1088K,   0% used [0x00000000e1880000, 0x00000000e1880000, 0x00000000e1990000)
 concurrent mark-sweep generation total 121500K, used 70608K [0x00000000eb4a0000, 0x00000000f2b47000, 0x0000000100000000)
 Metaspace       used 88979K, capacity 93480K, committed 93824K, reserved 1132544K
  class space    used 10728K, capacity 11546K, committed 11648K, reserved 1048576K
2019-06-25T03:17:09.125+0000: 327768.138: [GC (Allocation Failure) 2019-06-25T03:17:09.126+0000: 327768.138: [ParNew: 9606K->918K(9792K), 0.0045175 secs] 80215K->71527K(131292K), 0.0053928 secs] [Times: user=0.01 sys=0.00, real=0.01 secs] 
Heap after GC invocations=2222 (full 173):
 par new generation   total 9792K, used 918K [0x00000000e1000000, 0x00000000e1aa0000, 0x00000000eb4a0000)
  eden space 8704K,   0% used [0x00000000e1000000, 0x00000000e1000000, 0x00000000e1880000)
  from space 1088K,  84% used [0x00000000e1880000, 0x00000000e1965a30, 0x00000000e1990000)
  to   space 1088K,   0% used [0x00000000e1990000, 0x00000000e1990000, 0x00000000e1aa0000)
 concurrent mark-sweep generation total 121500K, used 70608K [0x00000000eb4a0000, 0x00000000f2b47000, 0x0000000100000000)
 Metaspace       used 88979K, capacity 93480K, committed 93824K, reserved 1132544K
  class space    used 10728K, capacity 11546K, committed 11648K, reserved 1048576K
}
2019-06-25T03:17:16.689+0000: 327775.701: Application time: 7.5572956 seconds
2019-06-25T03:17:24.666+0000: 327783.679: Application time: 7.9773640 seconds
2019-06-25T03:17:25.667+0000: 327784.679: Application time: 1.0002386 seconds
2019-06-25T03:18:06.724+0000: 327825.736: Application time: 41.0567012 seconds
{Heap before GC invocations=2222 (full 173):
 par new generation   total 9792K, used 9622K [0x00000000e1000000, 0x00000000e1aa0000, 0x00000000eb4a0000)
  eden space 8704K, 100% used [0x00000000e1000000, 0x00000000e1880000, 0x00000000e1880000)
  from space 1088K,  84% used [0x00000000e1880000, 0x00000000e1965a30, 0x00000000e1990000)
  to   space 1088K,   0% used [0x00000000e1990000, 0x00000000e1990000, 0x00000000e1aa0000)
 concurrent mark-sweep generation total 121500K, used 70608K [0x00000000eb4a0000, 0x00000000f2b47000, 0x0000000100000000)
 Metaspace       used 88981K, capacity 93480K, committed 93824K, reserved 1132544K
  class space    used 10728K, capacity 11546K, committed 11648K, reserved 1048576K
2019-06-25T03:18:06.724+0000: 327825.737: [GC (Allocation Failure) 2019-06-25T03:18:06.725+0000: 327825.737: [ParNew: 9622K->1088K(9792K), 0.0346208 secs] 80231K->73111K(131292K), 0.0353409 secs] [Times: user=0.07 sys=0.00, real=0.04 secs] 
Heap after GC invocations=2223 (full 173):
 par new generation   total 9792K, used 1088K [0x00000000e1000000, 0x00000000e1aa0000, 0x00000000eb4a0000)
  eden space 8704K,   0% used [0x00000000e1000000, 0x00000000e1000000, 0x00000000e1880000)
  from space 1088K, 100% used [0x00000000e1990000, 0x00000000e1aa0000, 0x00000000e1aa0000)
  to   space 1088K,   0% used [0x00000000e1880000, 0x00000000e1880000, 0x00000000e1990000)
 concurrent mark-sweep generation total 121500K, used 72023K [0x00000000eb4a0000, 0x00000000f2b47000, 0x0000000100000000)
 Metaspace       used 88981K, capacity 93480K, committed 93824K, reserved 1132544K
  class space    used 10728K, capacity 11546K, committed 11648K, reserved 1048576K
}
2019-06-25T03:19:11.366+0000: 327890.378: Application time: 64.6054058 seconds
2019-06-25T03:19:11.367+0000: 327890.379: Application time: 0.0001940 seconds
2019-06-25T03:19:11.367+0000: 327890.379: Application time: 0.0001927 seconds
2019-06-25T03:19:11.367+0000: 327890.380: Application time: 0.0002087 seconds
2019-06-25T03:19:11.368+0000: 327890.380: Application time: 0.0000800 seconds
2019-06-25T03:19:11.368+0000: 327890.381: Application time: 0.0001068 seconds
2019-06-25T03:19:11.369+0000: 327890.381: Application time: 0.0000695 seconds
2019-06-25T03:19:11.369+0000: 327890.381: Application time: 0.0000670 seconds
2019-06-25T03:19:11.369+0000: 327890.381: Application time: 0.0000669 seconds
2019-06-25T03:19:11.369+0000: 327890.381: Application time: 0.0000672 seconds
2019-06-25T03:19:14.370+0000: 327893.382: Application time: 3.0008754 seconds
2019-06-25T03:24:17.414+0000: 328196.426: Application time: 303.0437014 seconds
2019-06-25T03:24:47.015+0000: 328226.028: Application time: 29.6010678 seconds
{Heap before GC invocations=2223 (full 173):
 par new generation   total 9792K, used 9792K [0x00000000e1000000, 0x00000000e1aa0000, 0x00000000eb4a0000)
  eden space 8704K, 100% used [0x00000000e1000000, 0x00000000e1880000, 0x00000000e1880000)
  from space 1088K, 100% used [0x00000000e1990000, 0x00000000e1aa0000, 0x00000000e1aa0000)
  to   space 1088K,   0% used [0x00000000e1880000, 0x00000000e1880000, 0x00000000e1990000)
 concurrent mark-sweep generation total 121500K, used 72023K [0x00000000eb4a0000, 0x00000000f2b47000, 0x0000000100000000)
 Metaspace       used 88981K, capacity 93480K, committed 93824K, reserved 1132544K
  class space    used 10728K, capacity 11546K, committed 11648K, reserved 1048576K
2019-06-25T03:24:47.016+0000: 328226.028: [GC (Allocation Failure) 2019-06-25T03:24:47.016+0000: 328226.029: [ParNew: 9792K->731K(9792K), 0.0077426 secs] 81815K->73800K(131292K), 0.0084886 secs] [Times: user=0.01 sys=0.00, real=0.01 secs] 
Heap after GC invocations=2224 (full 173):
 par new generation   total 9792K, used 731K [0x00000000e1000000, 0x00000000e1aa0000, 0x00000000eb4a0000)
  eden space 8704K,   0% used [0x00000000e1000000, 0x00000000e1000000, 0x00000000e1880000)
  from space 1088K,  67% used [0x00000000e1880000, 0x00000000e1936d90, 0x00000000e1990000)
  to   space 1088K,   0% used [0x00000000e1990000, 0x00000000e1990000, 0x00000000e1aa0000)
 concurrent mark-sweep generation total 121500K, used 73068K [0x00000000eb4a0000, 0x00000000f2b47000, 0x0000000100000000)
 Metaspace       used 88981K, capacity 93480K, committed 93824K, reserved 1132544K
  class space    used 10728K, capacity 11546K, committed 11648K, reserved 1048576K
}
2019-06-25T03:24:47.026+0000: 328226.038: Application time: 0.0003122 seconds
2019-06-25T03:24:47.026+0000: 328226.038: [GC (CMS Initial Mark) [1 CMS-initial-mark: 73068K(121500K)] 73854K(131292K), 0.0029757 secs] [Times: user=0.00 sys=0.00, real=0.01 secs] 
2019-06-25T03:24:47.030+0000: 328226.043: [CMS-concurrent-mark-start]
2019-06-25T03:24:47.156+0000: 328226.168: [CMS-concurrent-mark: 0.125/0.125 secs] [Times: user=0.13 sys=0.00, real=0.12 secs] 
2019-06-25T03:24:47.156+0000: 328226.168: [CMS-concurrent-preclean-start]
2019-06-25T03:24:47.158+0000: 328226.170: [CMS-concurrent-preclean: 0.002/0.002 secs] [Times: user=0.00 sys=0.00, real=0.00 secs] 
2019-06-25T03:24:47.159+0000: 328226.171: Application time: 0.1282561 seconds
2019-06-25T03:24:47.159+0000: 328226.171: [GC (CMS Final Remark) [YG occupancy: 884 K (9792 K)]2019-06-25T03:24:47.159+0000: 328226.172: [Rescan (parallel) , 0.0111439 secs]2019-06-25T03:24:47.171+0000: 328226.183: [weak refs processing, 0.0019333 secs]2019-06-25T03:24:47.173+0000: 328226.185: [class unloading, 0.0316014 secs]2019-06-25T03:24:47.205+0000: 328226.218: [scrub symbol table, 0.0198957 secs]2019-06-25T03:24:47.226+0000: 328226.238: [scrub string table, 0.0020459 secs][1 CMS-remark: 73068K(121500K)] 73952K(131292K), 0.0843181 secs] [Times: user=0.09 sys=0.00, real=0.08 secs] 
2019-06-25T03:24:47.244+0000: 328226.257: [CMS-concurrent-sweep-start]
2019-06-25T03:24:47.278+0000: 328226.290: [CMS-concurrent-sweep: 0.033/0.033 secs] [Times: user=0.03 sys=0.00, real=0.03 secs] 
2019-06-25T03:24:47.279+0000: 328226.291: [CMS-concurrent-reset-start]
2019-06-25T03:24:47.279+0000: 328226.291: [CMS-concurrent-reset: 0.000/0.000 secs] [Times: user=0.01 sys=0.00, real=0.00 secs] 
2019-06-25T03:24:48.244+0000: 328227.257: Application time: 1.0002213 seconds
2019-06-25T03:24:53.245+0000: 328232.258: Application time: 5.0007875 seconds
2019-06-25T03:24:57.246+0000: 328236.258: Application time: 4.0004967 seconds
2019-06-25T03:25:07.248+0000: 328246.260: Application time: 10.0014566 seconds
2019-06-25T03:25:09.248+0000: 328248.260: Application time: 2.0003236 seconds
2019-06-25T03:25:12.249+0000: 328251.261: Application time: 3.0003431 seconds
2019-06-25T03:25:34.252+0000: 328273.264: Application time: 22.0031833 seconds
2019-06-25T03:26:34.261+0000: 328333.273: Application time: 60.0084922 seconds
2019-06-25T03:27:37.270+0000: 328396.282: Application time: 63.0089934 seconds
2019-06-25T03:27:44.271+0000: 328403.284: Application time: 7.0012722 seconds
2019-06-25T03:27:48.902+0000: 328407.915: Application time: 4.6307732 seconds
2019-06-25T03:27:48.946+0000: 328407.958: Application time: 0.0433707 seconds
2019-06-25T03:29:11.959+0000: 328490.971: Application time: 83.0122745 seconds
2019-06-25T03:29:47.249+0000: 328526.262: Application time: 35.2911958 seconds
{Heap before GC invocations=2224 (full 174):
 par new generation   total 9792K, used 9435K [0x00000000e1000000, 0x00000000e1aa0000, 0x00000000eb4a0000)
  eden space 8704K, 100% used [0x00000000e1000000, 0x00000000e1880000, 0x00000000e1880000)
  from space 1088K,  67% used [0x00000000e1880000, 0x00000000e1936d90, 0x00000000e1990000)
  to   space 1088K,   0% used [0x00000000e1990000, 0x00000000e1990000, 0x00000000e1aa0000)
 concurrent mark-sweep generation total 121500K, used 68199K [0x00000000eb4a0000, 0x00000000f2b47000, 0x0000000100000000)
 Metaspace       used 88923K, capacity 93372K, committed 93824K, reserved 1132544K
  class space    used 10719K, capacity 11528K, committed 11648K, reserved 1048576K
2019-06-25T03:29:47.251+0000: 328526.263: [GC (Allocation Failure) 2019-06-25T03:29:47.251+0000: 328526.264: [ParNew: 9435K->634K(9792K), 0.0092420 secs] 77634K->68833K(131292K), 0.0108968 secs] [Times: user=0.02 sys=0.00, real=0.01 secs] 
Heap after GC invocations=2225 (full 174):
 par new generation   total 9792K, used 634K [0x00000000e1000000, 0x00000000e1aa0000, 0x00000000eb4a0000)
  eden space 8704K,   0% used [0x00000000e1000000, 0x00000000e1000000, 0x00000000e1880000)
  from space 1088K,  58% used [0x00000000e1990000, 0x00000000e1a2e9c8, 0x00000000e1aa0000)
  to   space 1088K,   0% used [0x00000000e1880000, 0x00000000e1880000, 0x00000000e1990000)
 concurrent mark-sweep generation total 121500K, used 68199K [0x00000000eb4a0000, 0x00000000f2b47000, 0x0000000100000000)
 Metaspace       used 88923K, capacity 93372K, committed 93824K, reserved 1132544K
  class space    used 10719K, capacity 11528K, committed 11648K, reserved 1048576K
}
2019-06-25T03:31:36.279+0000: 328635.291: Application time: 109.0165245 seconds
2019-06-25T03:31:37.332+0000: 328636.344: Application time: 1.0528323 seconds
2019-06-25T03:31:37.332+0000: 328636.345: Application time: 0.0002148 seconds
2019-06-25T03:31:37.333+0000: 328636.345: Application time: 0.0001165 seconds
2019-06-25T03:31:37.334+0000: 328636.346: Application time: 0.0001136 seconds
2019-06-25T03:31:37.334+0000: 328636.346: Application time: 0.0001052 seconds
2019-06-25T03:31:37.334+0000: 328636.347: Application time: 0.0001092 seconds
2019-06-25T03:31:41.040+0000: 328640.053: Application time: 3.7057682 seconds
2019-06-25T03:31:41.067+0000: 328640.080: Application time: 0.0266556 seconds
2019-06-25T03:31:47.343+0000: 328646.356: Application time: 6.2757569 seconds
2019-06-25T03:31:47.344+0000: 328646.356: Application time: 0.0000685 seconds
2019-06-25T03:31:47.344+0000: 328646.356: Application time: 0.0001476 seconds
2019-06-25T03:31:47.344+0000: 328646.356: Application time: 0.0001246 seconds
2019-06-25T03:31:47.345+0000: 328646.358: Application time: 0.0010097 seconds
2019-06-25T03:32:05.643+0000: 328664.656: Application time: 18.2979109 seconds
2019-06-25T03:32:05.692+0000: 328664.704: Application time: 0.0486485 seconds
2019-06-25T03:32:07.355+0000: 328666.368: Application time: 1.6629088 seconds
2019-06-25T03:32:07.356+0000: 328666.369: Application time: 0.0007839 seconds
2019-06-25T03:32:07.357+0000: 328666.369: Application time: 0.0000699 seconds
2019-06-25T03:32:07.357+0000: 328666.369: Application time: 0.0000604 seconds
2019-06-25T03:32:07.357+0000: 328666.369: Application time: 0.0000601 seconds
2019-06-25T03:32:07.357+0000: 328666.369: Application time: 0.0000783 seconds
2019-06-25T03:32:09.183+0000: 328668.195: Application time: 1.8254281 seconds
2019-06-25T03:32:09.183+0000: 328668.195: Application time: 0.0001417 seconds
2019-06-25T03:32:09.183+0000: 328668.196: Application time: 0.0002891 seconds
2019-06-25T03:32:09.184+0000: 328668.196: Application time: 0.0001685 seconds
2019-06-25T03:32:09.185+0000: 328668.197: Application time: 0.0011982 seconds
2019-06-25T03:32:24.590+0000: 328683.602: Application time: 15.4046279 seconds
{Heap before GC invocations=2225 (full 174):
 par new generation   total 9792K, used 9254K [0x00000000e1000000, 0x00000000e1aa0000, 0x00000000eb4a0000)
  eden space 8704K,  99% used [0x00000000e1000000, 0x00000000e186b0a0, 0x00000000e1880000)
  from space 1088K,  58% used [0x00000000e1990000, 0x00000000e1a2e9c8, 0x00000000e1aa0000)
  to   space 1088K,   0% used [0x00000000e1880000, 0x00000000e1880000, 0x00000000e1990000)
 concurrent mark-sweep generation total 121500K, used 68199K [0x00000000eb4a0000, 0x00000000f2b47000, 0x0000000100000000)
 Metaspace       used 88930K, capacity 93384K, committed 93824K, reserved 1132544K
  class space    used 10720K, capacity 11530K, committed 11648K, reserved 1048576K
2019-06-25T03:32:24.590+0000: 328683.603: [GC (Allocation Failure) 2019-06-25T03:32:24.591+0000: 328683.603: [ParNew: 9254K->1088K(9792K), 0.0039221 secs] 77453K->69287K(131292K), 0.0047430 secs] [Times: user=0.01 sys=0.00, real=0.00 secs] 
Heap after GC invocations=2226 (full 174):
 par new generation   total 9792K, used 1088K [0x00000000e1000000, 0x00000000e1aa0000, 0x00000000eb4a0000)
  eden space 8704K,   0% used [0x00000000e1000000, 0x00000000e1000000, 0x00000000e1880000)
  from space 1088K, 100% used [0x00000000e1880000, 0x00000000e1990000, 0x00000000e1990000)
  to   space 1088K,   0% used [0x00000000e1990000, 0x00000000e1990000, 0x00000000e1aa0000)
 concurrent mark-sweep generation total 121500K, used 68199K [0x00000000eb4a0000, 0x00000000f2b47000, 0x0000000100000000)
 Metaspace       used 88930K, capacity 93384K, committed 93824K, reserved 1132544K
  class space    used 10720K, capacity 11530K, committed 11648K, reserved 1048576K
}
2019-06-25T03:32:27.369+0000: 328686.381: Application time: 2.7725932 seconds
2019-06-25T03:32:27.369+0000: 328686.381: Application time: 0.0000692 seconds
2019-06-25T03:32:27.369+0000: 328686.381: Application time: 0.0000792 seconds
2019-06-25T03:32:27.369+0000: 328686.382: Application time: 0.0000631 seconds
2019-06-25T03:32:27.370+0000: 328686.383: Application time: 0.0000814 seconds
2019-06-25T03:32:27.370+0000: 328686.383: Application time: 0.0000682 seconds
2019-06-25T03:32:29.586+0000: 328688.598: Application time: 2.2154547 seconds
2019-06-25T03:32:29.619+0000: 328688.631: Application time: 0.0325198 seconds
2019-06-25T03:32:37.377+0000: 328696.389: Application time: 7.7574104 seconds
2019-06-25T03:32:37.377+0000: 328696.389: Application time: 0.0000706 seconds
2019-06-25T03:32:37.377+0000: 328696.390: Application time: 0.0001794 seconds
2019-06-25T03:32:37.377+0000: 328696.390: Application time: 0.0001285 seconds
2019-06-25T03:32:37.379+0000: 328696.391: Application time: 0.0012138 seconds
2019-06-25T03:33:34.210+0000: 328753.223: Application time: 56.8313419 seconds
2019-06-25T03:33:34.211+0000: 328753.223: Application time: 0.0002152 seconds
2019-06-25T03:33:34.211+0000: 328753.224: Application time: 0.0002093 seconds
2019-06-25T03:33:34.212+0000: 328753.224: Application time: 0.0001039 seconds
2019-06-25T03:33:34.212+0000: 328753.225: Application time: 0.0005784 seconds
2019-06-25T03:33:34.213+0000: 328753.225: Application time: 0.0001158 seconds
2019-06-25T03:33:37.415+0000: 328756.427: Application time: 3.2013092 seconds
2019-06-25T03:33:37.415+0000: 328756.427: Application time: 0.0002312 seconds
2019-06-25T03:33:37.416+0000: 328756.428: Application time: 0.0002118 seconds
2019-06-25T03:33:37.416+0000: 328756.428: Application time: 0.0002108 seconds
2019-06-25T03:33:37.416+0000: 328756.429: Application time: 0.0001672 seconds
2019-06-25T03:33:37.417+0000: 328756.429: Application time: 0.0002161 seconds
2019-06-25T03:33:39.214+0000: 328758.226: Application time: 1.7971276 seconds
2019-06-25T03:33:39.244+0000: 328758.257: Application time: 0.0299761 seconds
2019-06-25T03:33:47.423+0000: 328766.435: Application time: 8.1782400 seconds
2019-06-25T03:33:47.423+0000: 328766.436: Application time: 0.0000700 seconds
2019-06-25T03:33:47.424+0000: 328766.436: Application time: 0.0001452 seconds
2019-06-25T03:33:47.424+0000: 328766.436: Application time: 0.0005776 seconds
2019-06-25T03:33:47.426+0000: 328766.438: Application time: 0.0012403 seconds
2019-06-25T03:34:09.430+0000: 328788.442: Application time: 22.0038956 seconds
2019-06-25T03:34:27.452+0000: 328806.465: Application time: 18.0226442 seconds
2019-06-25T03:35:17.491+0000: 328856.503: Application time: 50.0382118 seconds
{Heap before GC invocations=2226 (full 174):
 par new generation   total 9792K, used 9792K [0x00000000e1000000, 0x00000000e1aa0000, 0x00000000eb4a0000)
  eden space 8704K, 100% used [0x00000000e1000000, 0x00000000e1880000, 0x00000000e1880000)
  from space 1088K, 100% used [0x00000000e1880000, 0x00000000e1990000, 0x00000000e1990000)
  to   space 1088K,   0% used [0x00000000e1990000, 0x00000000e1990000, 0x00000000e1aa0000)
 concurrent mark-sweep generation total 121500K, used 68199K [0x00000000eb4a0000, 0x00000000f2b47000, 0x0000000100000000)
 Metaspace       used 88930K, capacity 93384K, committed 93824K, reserved 1132544K
  class space    used 10720K, capacity 11530K, committed 11648K, reserved 1048576K
2019-06-25T03:35:17.492+0000: 328856.505: [GC (Allocation Failure) 2019-06-25T03:35:17.493+0000: 328856.505: [ParNew: 9792K->1005K(9792K), 0.0155490 secs] 77991K->69595K(131292K), 0.0167015 secs] [Times: user=0.02 sys=0.00, real=0.02 secs] 
Heap after GC invocations=2227 (full 174):
 par new generation   total 9792K, used 1005K [0x00000000e1000000, 0x00000000e1aa0000, 0x00000000eb4a0000)
  eden space 8704K,   0% used [0x00000000e1000000, 0x00000000e1000000, 0x00000000e1880000)
  from space 1088K,  92% used [0x00000000e1990000, 0x00000000e1a8b4a8, 0x00000000e1aa0000)
  to   space 1088K,   0% used [0x00000000e1880000, 0x00000000e1880000, 0x00000000e1990000)
 concurrent mark-sweep generation total 121500K, used 68589K [0x00000000eb4a0000, 0x00000000f2b47000, 0x0000000100000000)
 Metaspace       used 88930K, capacity 93384K, committed 93824K, reserved 1132544K
  class space    used 10720K, capacity 11530K, committed 11648K, reserved 1048576K
}
2019-06-25T03:35:42.729+0000: 328881.741: Application time: 25.2183716 seconds
2019-06-25T03:35:42.753+0000: 328881.766: Application time: 0.0244466 seconds
2019-06-25T03:35:47.530+0000: 328886.542: Application time: 4.7758885 seconds
2019-06-25T03:35:47.530+0000: 328886.542: Application time: 0.0000710 seconds
2019-06-25T03:35:47.531+0000: 328886.543: Application time: 0.0000720 seconds
2019-06-25T03:35:47.531+0000: 328886.543: Application time: 0.0000541 seconds
2019-06-25T03:35:47.531+0000: 328886.544: Application time: 0.0000814 seconds
2019-06-25T03:35:47.531+0000: 328886.544: Application time: 0.0000573 seconds
2019-06-25T03:35:52.451+0000: 328891.463: Application time: 4.9196671 seconds
2019-06-25T03:35:52.452+0000: 328891.464: Application time: 0.0001576 seconds
2019-06-25T03:35:52.452+0000: 328891.464: Application time: 0.0001326 seconds
2019-06-25T03:35:52.453+0000: 328891.465: Application time: 0.0003250 seconds
2019-06-25T03:35:52.453+0000: 328891.465: Application time: 0.0002418 seconds
2019-06-25T03:35:52.456+0000: 328891.468: Application time: 0.0024021 seconds
2019-06-25T03:36:03.022+0000: 328902.034: Application time: 10.5654294 seconds
2019-06-25T03:36:03.047+0000: 328902.060: Application time: 0.0255913 seconds
2019-06-25T03:36:07.543+0000: 328906.555: Application time: 4.4951060 seconds
2019-06-25T03:36:07.543+0000: 328906.556: Application time: 0.0005670 seconds
2019-06-25T03:36:07.544+0000: 328906.556: Application time: 0.0001428 seconds
2019-06-25T03:36:07.544+0000: 328906.557: Application time: 0.0000620 seconds
2019-06-25T03:36:07.545+0000: 328906.557: Application time: 0.0000660 seconds
2019-06-25T03:36:09.196+0000: 328908.208: Application time: 1.6508716 seconds
2019-06-25T03:36:09.196+0000: 328908.209: Application time: 0.0001352 seconds
2019-06-25T03:36:09.197+0000: 328908.209: Application time: 0.0001767 seconds
2019-06-25T03:36:09.197+0000: 328908.209: Application time: 0.0001712 seconds
2019-06-25T03:36:09.197+0000: 328908.209: Application time: 0.0001367 seconds
2019-06-25T03:36:09.197+0000: 328908.210: Application time: 0.0001272 seconds
2019-06-25T03:36:09.198+0000: 328908.210: Application time: 0.0001322 seconds
2019-06-25T03:36:09.198+0000: 328908.210: Application time: 0.0003061 seconds
2019-06-25T03:36:09.198+0000: 328908.211: Application time: 0.0002327 seconds
2019-06-25T03:36:09.200+0000: 328908.212: Application time: 0.0020230 seconds
2019-06-25T03:38:11.473+0000: 329030.485: Application time: 122.2724248 seconds
2019-06-25T03:38:33.808+0000: 329052.820: Application time: 22.3346275 seconds
{Heap before GC invocations=2227 (full 174):
 par new generation   total 9792K, used 9709K [0x00000000e1000000, 0x00000000e1aa0000, 0x00000000eb4a0000)
  eden space 8704K, 100% used [0x00000000e1000000, 0x00000000e1880000, 0x00000000e1880000)
  from space 1088K,  92% used [0x00000000e1990000, 0x00000000e1a8b4a8, 0x00000000e1aa0000)
  to   space 1088K,   0% used [0x00000000e1880000, 0x00000000e1880000, 0x00000000e1990000)
 concurrent mark-sweep generation total 121500K, used 68589K [0x00000000eb4a0000, 0x00000000f2b47000, 0x0000000100000000)
 Metaspace       used 88953K, capacity 93420K, committed 93824K, reserved 1132544K
  class space    used 10723K, capacity 11536K, committed 11648K, reserved 1048576K
2019-06-25T03:38:33.808+0000: 329052.821: [GC (Allocation Failure) 2019-06-25T03:38:33.809+0000: 329052.821: [ParNew: 9709K->893K(9792K), 0.0062112 secs] 78299K->69761K(131292K), 0.0070593 secs] [Times: user=0.00 sys=0.01, real=0.00 secs] 
Heap after GC invocations=2228 (full 174):
 par new generation   total 9792K, used 893K [0x00000000e1000000, 0x00000000e1aa0000, 0x00000000eb4a0000)
  eden space 8704K,   0% used [0x00000000e1000000, 0x00000000e1000000, 0x00000000e1880000)
  from space 1088K,  82% used [0x00000000e1880000, 0x00000000e195f438, 0x00000000e1990000)
  to   space 1088K,   0% used [0x00000000e1990000, 0x00000000e1990000, 0x00000000e1aa0000)
 concurrent mark-sweep generation total 121500K, used 68868K [0x00000000eb4a0000, 0x00000000f2b47000, 0x0000000100000000)
 Metaspace       used 88953K, capacity 93420K, committed 93824K, reserved 1132544K
  class space    used 10723K, capacity 11536K, committed 11648K, reserved 1048576K
}
2019-06-25T03:38:37.639+0000: 329056.651: Application time: 3.8226036 seconds
2019-06-25T03:38:38.805+0000: 329057.817: Application time: 1.1650900 seconds
2019-06-25T03:38:38.838+0000: 329057.851: Application time: 0.0332719 seconds
2019-06-25T03:38:47.650+0000: 329066.662: Application time: 8.8112976 seconds
2019-06-25T03:38:47.650+0000: 329066.663: Application time: 0.0005436 seconds
2019-06-25T03:38:47.651+0000: 329066.663: Application time: 0.0000628 seconds
2019-06-25T03:38:47.651+0000: 329066.663: Application time: 0.0000604 seconds
2019-06-25T03:38:47.651+0000: 329066.664: Application time: 0.0000549 seconds
2019-06-25T03:38:47.652+0000: 329066.664: Application time: 0.0000535 seconds
2019-06-25T03:38:47.652+0000: 329066.664: Application time: 0.0000536 seconds
2019-06-25T03:38:47.652+0000: 329066.664: Application time: 0.0000882 seconds
2019-06-25T03:38:47.652+0000: 329066.664: Application time: 0.0001758 seconds
2019-06-25T03:38:47.652+0000: 329066.665: Application time: 0.0001002 seconds
2019-06-25T03:38:47.654+0000: 329066.666: Application time: 0.0013457 seconds
2019-06-25T03:39:33.568+0000: 329112.580: Application time: 45.9135891 seconds
2019-06-25T03:39:33.592+0000: 329112.605: Application time: 0.0242971 seconds
2019-06-25T03:39:37.693+0000: 329116.706: Application time: 4.1008251 seconds
2019-06-25T03:39:37.694+0000: 329116.706: Application time: 0.0006563 seconds
2019-06-25T03:39:37.695+0000: 329116.707: Application time: 0.0001756 seconds
2019-06-25T03:39:37.695+0000: 329116.707: Application time: 0.0001488 seconds
2019-06-25T03:39:47.701+0000: 329126.713: Application time: 10.0060549 seconds
2019-06-25T03:39:47.701+0000: 329126.714: Application time: 0.0000694 seconds
2019-06-25T03:39:47.702+0000: 329126.714: Application time: 0.0000645 seconds
2019-06-25T03:39:47.702+0000: 329126.714: Application time: 0.0000589 seconds
2019-06-25T03:39:47.702+0000: 329126.714: Application time: 0.0000590 seconds
2019-06-25T03:39:47.702+0000: 329126.714: Application time: 0.0000699 seconds
2019-06-25T03:39:47.704+0000: 329126.716: Application time: 0.0013375 seconds
2019-06-25T03:42:11.438+0000: 329270.450: Application time: 143.7340294 seconds
2019-06-25T03:42:11.438+0000: 329270.451: Application time: 0.0003046 seconds
2019-06-25T03:42:11.439+0000: 329270.451: Application time: 0.0002466 seconds
2019-06-25T03:42:22.521+0000: 329281.533: Application time: 11.0816490 seconds
{Heap before GC invocations=2228 (full 174):
 par new generation   total 9792K, used 9597K [0x00000000e1000000, 0x00000000e1aa0000, 0x00000000eb4a0000)
  eden space 8704K, 100% used [0x00000000e1000000, 0x00000000e1880000, 0x00000000e1880000)
  from space 1088K,  82% used [0x00000000e1880000, 0x00000000e195f438, 0x00000000e1990000)
  to   space 1088K,   0% used [0x00000000e1990000, 0x00000000e1990000, 0x00000000e1aa0000)
 concurrent mark-sweep generation total 121500K, used 68868K [0x00000000eb4a0000, 0x00000000f2b47000, 0x0000000100000000)
 Metaspace       used 88955K, capacity 93426K, committed 93824K, reserved 1132544K
  class space    used 10724K, capacity 11537K, committed 11648K, reserved 1048576K
2019-06-25T03:42:22.522+0000: 329281.534: [GC (Allocation Failure) 2019-06-25T03:42:22.522+0000: 329281.534: [ParNew: 9597K->801K(9792K), 0.0086555 secs] 78465K->69995K(131292K), 0.0103470 secs] [Times: user=0.02 sys=0.00, real=0.01 secs] 
Heap after GC invocations=2229 (full 174):
 par new generation   total 9792K, used 801K [0x00000000e1000000, 0x00000000e1aa0000, 0x00000000eb4a0000)
  eden space 8704K,   0% used [0x00000000e1000000, 0x00000000e1000000, 0x00000000e1880000)
  from space 1088K,  73% used [0x00000000e1990000, 0x00000000e1a585f0, 0x00000000e1aa0000)
  to   space 1088K,   0% used [0x00000000e1880000, 0x00000000e1880000, 0x00000000e1990000)
 concurrent mark-sweep generation total 121500K, used 69194K [0x00000000eb4a0000, 0x00000000f2b47000, 0x0000000100000000)
 Metaspace       used 88955K, capacity 93426K, committed 93824K, reserved 1132544K
  class space    used 10724K, capacity 11537K, committed 11648K, reserved 1048576K
}
2019-06-25T03:48:11.531+0000: 329630.544: Application time: 348.9982721 seconds
2019-06-25T03:48:11.532+0000: 329630.544: Application time: 0.0000665 seconds
2019-06-25T03:48:11.532+0000: 329630.544: Application time: 0.0000597 seconds
2019-06-25T03:48:11.532+0000: 329630.544: Application time: 0.0000586 seconds
2019-06-25T03:48:11.533+0000: 329630.545: Application time: 0.0000750 seconds
2019-06-25T03:48:11.533+0000: 329630.545: Application time: 0.0000587 seconds
2019-06-25T03:48:11.533+0000: 329630.545: Application time: 0.0000578 seconds
2019-06-25T03:48:11.533+0000: 329630.545: Application time: 0.0000579 seconds
2019-06-25T03:49:28.087+0000: 329707.099: Application time: 76.5534334 seconds
{Heap before GC invocations=2229 (full 174):
 par new generation   total 9792K, used 9505K [0x00000000e1000000, 0x00000000e1aa0000, 0x00000000eb4a0000)
  eden space 8704K, 100% used [0x00000000e1000000, 0x00000000e1880000, 0x00000000e1880000)
  from space 1088K,  73% used [0x00000000e1990000, 0x00000000e1a585f0, 0x00000000e1aa0000)
  to   space 1088K,   0% used [0x00000000e1880000, 0x00000000e1880000, 0x00000000e1990000)
 concurrent mark-sweep generation total 121500K, used 69194K [0x00000000eb4a0000, 0x00000000f2b47000, 0x0000000100000000)
 Metaspace       used 88955K, capacity 93426K, committed 93824K, reserved 1132544K
  class space    used 10724K, capacity 11537K, committed 11648K, reserved 1048576K
2019-06-25T03:49:28.088+0000: 329707.100: [GC (Allocation Failure) 2019-06-25T03:49:28.088+0000: 329707.100: [ParNew: 9505K->631K(9792K), 0.0089885 secs] 78699K->70159K(131292K), 0.0101423 secs] [Times: user=0.02 sys=0.00, real=0.02 secs] 
Heap after GC invocations=2230 (full 174):
 par new generation   total 9792K, used 631K [0x00000000e1000000, 0x00000000e1aa0000, 0x00000000eb4a0000)
  eden space 8704K,   0% used [0x00000000e1000000, 0x00000000e1000000, 0x00000000e1880000)
  from space 1088K,  58% used [0x00000000e1880000, 0x00000000e191dce0, 0x00000000e1990000)
  to   space 1088K,   0% used [0x00000000e1990000, 0x00000000e1990000, 0x00000000e1aa0000)
 concurrent mark-sweep generation total 121500K, used 69528K [0x00000000eb4a0000, 0x00000000f2b47000, 0x0000000100000000)
 Metaspace       used 88955K, capacity 93426K, committed 93824K, reserved 1132544K
  class space    used 10724K, capacity 11537K, committed 11648K, reserved 1048576K
}
2019-06-25T03:51:08.159+0000: 329807.171: Application time: 100.0598059 seconds
2019-06-25T03:56:38.401+0000: 330137.413: Application time: 330.2419087 seconds
{Heap before GC invocations=2230 (full 174):
 par new generation   total 9792K, used 9335K [0x00000000e1000000, 0x00000000e1aa0000, 0x00000000eb4a0000)
  eden space 8704K, 100% used [0x00000000e1000000, 0x00000000e1880000, 0x00000000e1880000)
  from space 1088K,  58% used [0x00000000e1880000, 0x00000000e191dce0, 0x00000000e1990000)
  to   space 1088K,   0% used [0x00000000e1990000, 0x00000000e1990000, 0x00000000e1aa0000)
 concurrent mark-sweep generation total 121500K, used 69528K [0x00000000eb4a0000, 0x00000000f2b47000, 0x0000000100000000)
 Metaspace       used 88955K, capacity 93426K, committed 93824K, reserved 1132544K
  class space    used 10724K, capacity 11537K, committed 11648K, reserved 1048576K
2019-06-25T03:56:38.403+0000: 330137.415: [GC (Allocation Failure) 2019-06-25T03:56:38.403+0000: 330137.416: [ParNew: 9335K->768K(9792K), 0.0075318 secs] 78863K->70296K(131292K), 0.0086918 secs] [Times: user=0.01 sys=0.00, real=0.01 secs] 
Heap after GC invocations=2231 (full 174):
 par new generation   total 9792K, used 768K [0x00000000e1000000, 0x00000000e1aa0000, 0x00000000eb4a0000)
  eden space 8704K,   0% used [0x00000000e1000000, 0x00000000e1000000, 0x00000000e1880000)
  from space 1088K,  70% used [0x00000000e1990000, 0x00000000e1a50170, 0x00000000e1aa0000)
  to   space 1088K,   0% used [0x00000000e1880000, 0x00000000e1880000, 0x00000000e1990000)
 concurrent mark-sweep generation total 121500K, used 69528K [0x00000000eb4a0000, 0x00000000f2b47000, 0x0000000100000000)
 Metaspace       used 88955K, capacity 93426K, committed 93824K, reserved 1132544K
  class space    used 10724K, capacity 11537K, committed 11648K, reserved 1048576K
}
2019-06-25T03:57:08.428+0000: 330167.441: Application time: 30.0158536 seconds
2019-06-25T03:57:08.429+0000: 330167.441: Application time: 0.0001522 seconds
2019-06-25T03:57:08.429+0000: 330167.442: Application time: 0.0003090 seconds
2019-06-25T03:57:08.430+0000: 330167.442: Application time: 0.0003727 seconds
2019-06-25T03:57:09.281+0000: 330168.293: Application time: 0.8495418 seconds
2019-06-25T03:57:09.281+0000: 330168.294: Application time: 0.0001383 seconds
2019-06-25T03:57:09.282+0000: 330168.294: Application time: 0.0001299 seconds
2019-06-25T03:57:09.282+0000: 330168.294: Application time: 0.0001191 seconds
2019-06-25T03:57:09.282+0000: 330168.294: Application time: 0.0001397 seconds
2019-06-25T03:57:09.282+0000: 330168.295: Application time: 0.0001271 seconds
2019-06-25T03:57:09.284+0000: 330168.296: Application time: 0.0013210 seconds
2019-06-25T03:57:10.757+0000: 330169.769: Application time: 1.4728696 seconds
2019-06-25T03:57:10.783+0000: 330169.795: Application time: 0.0258236 seconds
2019-06-25T04:01:07.255+0000: 330406.267: Application time: 236.4714188 seconds
{Heap before GC invocations=2231 (full 174):
 par new generation   total 9792K, used 9369K [0x00000000e1000000, 0x00000000e1aa0000, 0x00000000eb4a0000)
  eden space 8704K,  98% used [0x00000000e1000000, 0x00000000e1866688, 0x00000000e1880000)
  from space 1088K,  70% used [0x00000000e1990000, 0x00000000e1a50170, 0x00000000e1aa0000)
  to   space 1088K,   0% used [0x00000000e1880000, 0x00000000e1880000, 0x00000000e1990000)
 concurrent mark-sweep generation total 121500K, used 69528K [0x00000000eb4a0000, 0x00000000f2b47000, 0x0000000100000000)
 Metaspace       used 88955K, capacity 93426K, committed 93824K, reserved 1132544K
  class space    used 10724K, capacity 11537K, committed 11648K, reserved 1048576K
2019-06-25T04:01:07.255+0000: 330406.268: [GC (Allocation Failure) 2019-06-25T04:01:07.256+0000: 330406.268: [ParNew: 9369K->1088K(9792K), 0.0062556 secs] 78898K->70617K(131292K), 0.0069239 secs] [Times: user=0.01 sys=0.00, real=0.01 secs] 
Heap after GC invocations=2232 (full 174):
 par new generation   total 9792K, used 1088K [0x00000000e1000000, 0x00000000e1aa0000, 0x00000000eb4a0000)
  eden space 8704K,   0% used [0x00000000e1000000, 0x00000000e1000000, 0x00000000e1880000)
  from space 1088K, 100% used [0x00000000e1880000, 0x00000000e1990000, 0x00000000e1990000)
  to   space 1088K,   0% used [0x00000000e1990000, 0x00000000e1990000, 0x00000000e1aa0000)
 concurrent mark-sweep generation total 121500K, used 69529K [0x00000000eb4a0000, 0x00000000f2b47000, 0x0000000100000000)
 Metaspace       used 88955K, capacity 93426K, committed 93824K, reserved 1132544K
  class space    used 10724K, capacity 11537K, committed 11648K, reserved 1048576K
}
2019-06-25T04:01:08.618+0000: 330407.630: Application time: 1.3549064 seconds
2019-06-25T04:01:08.618+0000: 330407.630: Application time: 0.0000780 seconds
2019-06-25T04:01:08.618+0000: 330407.631: Application time: 0.0001421 seconds
2019-06-25T04:01:08.619+0000: 330407.631: Application time: 0.0001036 seconds
2019-06-25T04:01:09.297+0000: 330408.309: Application time: 0.6776484 seconds
2019-06-25T04:01:09.297+0000: 330408.310: Application time: 0.0001007 seconds
2019-06-25T04:01:09.298+0000: 330408.310: Application time: 0.0000946 seconds
2019-06-25T04:01:09.298+0000: 330408.310: Application time: 0.0000865 seconds
2019-06-25T04:01:09.298+0000: 330408.311: Application time: 0.0000839 seconds
2019-06-25T04:01:09.298+0000: 330408.311: Application time: 0.0000942 seconds
2019-06-25T04:01:09.301+0000: 330408.313: Application time: 0.0021790 seconds
2019-06-25T04:01:12.251+0000: 330411.263: Application time: 2.9499089 seconds
2019-06-25T04:01:12.284+0000: 330411.297: Application time: 0.0329636 seconds
2019-06-25T04:01:48.641+0000: 330447.653: Application time: 36.3564157 seconds
2019-06-25T04:01:48.641+0000: 330447.654: Application time: 0.0000792 seconds
2019-06-25T04:01:48.642+0000: 330447.654: Application time: 0.0001773 seconds
2019-06-25T04:01:48.642+0000: 330447.654: Application time: 0.0001435 seconds
2019-06-25T04:01:51.587+0000: 330450.600: Application time: 2.9453970 seconds
2019-06-25T04:01:51.613+0000: 330450.625: Application time: 0.0249570 seconds
2019-06-25T04:01:52.700+0000: 330451.712: Application time: 1.0870612 seconds
2019-06-25T04:01:52.701+0000: 330451.713: Application time: 0.0003312 seconds
2019-06-25T04:01:52.701+0000: 330451.714: Application time: 0.0002825 seconds
2019-06-25T04:01:52.702+0000: 330451.714: Application time: 0.0002495 seconds
2019-06-25T04:01:52.702+0000: 330451.715: Application time: 0.0003360 seconds
2019-06-25T04:01:52.703+0000: 330451.715: Application time: 0.0003455 seconds
2019-06-25T04:01:52.707+0000: 330451.719: Application time: 0.0031683 seconds
2019-06-25T04:01:58.648+0000: 330457.661: Application time: 5.9410569 seconds
2019-06-25T04:01:58.649+0000: 330457.661: Application time: 0.0000656 seconds
2019-06-25T04:01:58.649+0000: 330457.661: Application time: 0.0001594 seconds
2019-06-25T04:01:58.649+0000: 330457.661: Application time: 0.0001370 seconds
2019-06-25T04:02:00.556+0000: 330459.568: Application time: 1.9076480 seconds
2019-06-25T04:02:00.585+0000: 330459.598: Application time: 0.0281150 seconds
2019-06-25T04:02:08.656+0000: 330467.668: Application time: 8.0698648 seconds
2019-06-25T04:02:08.656+0000: 330467.668: Application time: 0.0001491 seconds
2019-06-25T04:02:08.657+0000: 330467.669: Application time: 0.0001442 seconds
2019-06-25T04:02:08.657+0000: 330467.669: Application time: 0.0001583 seconds
2019-06-25T04:02:08.657+0000: 330467.670: Application time: 0.0001314 seconds
2019-06-25T04:02:08.658+0000: 330467.670: Application time: 0.0001372 seconds
2019-06-25T04:02:08.661+0000: 330467.673: Application time: 0.0030456 seconds
2019-06-25T04:03:11.622+0000: 330530.634: Application time: 62.9602674 seconds
2019-06-25T04:03:12.886+0000: 330531.898: Application time: 1.2636675 seconds
{Heap before GC invocations=2232 (full 174):
 par new generation   total 9792K, used 9725K [0x00000000e1000000, 0x00000000e1aa0000, 0x00000000eb4a0000)
  eden space 8704K,  99% used [0x00000000e1000000, 0x00000000e186f500, 0x00000000e1880000)
  from space 1088K, 100% used [0x00000000e1880000, 0x00000000e1990000, 0x00000000e1990000)
  to   space 1088K,   0% used [0x00000000e1990000, 0x00000000e1990000, 0x00000000e1aa0000)
 concurrent mark-sweep generation total 121500K, used 69529K [0x00000000eb4a0000, 0x00000000f2b47000, 0x0000000100000000)
 Metaspace       used 88955K, capacity 93426K, committed 93824K, reserved 1132544K
  class space    used 10724K, capacity 11537K, committed 11648K, reserved 1048576K
2019-06-25T04:03:12.886+0000: 330531.899: [GC (Allocation Failure) 2019-06-25T04:03:12.887+0000: 330531.899: [ParNew: 9725K->1088K(9792K), 0.0039678 secs] 79254K->70847K(131292K), 0.0048060 secs] [Times: user=0.01 sys=0.00, real=0.01 secs] 
Heap after GC invocations=2233 (full 174):
 par new generation   total 9792K, used 1088K [0x00000000e1000000, 0x00000000e1aa0000, 0x00000000eb4a0000)
  eden space 8704K,   0% used [0x00000000e1000000, 0x00000000e1000000, 0x00000000e1880000)
  from space 1088K, 100% used [0x00000000e1990000, 0x00000000e1aa0000, 0x00000000e1aa0000)
  to   space 1088K,   0% used [0x00000000e1880000, 0x00000000e1880000, 0x00000000e1990000)
 concurrent mark-sweep generation total 121500K, used 69759K [0x00000000eb4a0000, 0x00000000f2b47000, 0x0000000100000000)
 Metaspace       used 88955K, capacity 93426K, committed 93824K, reserved 1132544K
  class space    used 10724K, capacity 11537K, committed 11648K, reserved 1048576K
}
2019-06-25T04:03:17.881+0000: 330536.893: Application time: 4.9893139 seconds
2019-06-25T04:03:17.914+0000: 330536.926: Application time: 0.0326689 seconds
2019-06-25T04:03:35.604+0000: 330554.616: Application time: 17.6896555 seconds
2019-06-25T04:03:35.637+0000: 330554.649: Application time: 0.0326952 seconds
2019-06-25T04:03:38.721+0000: 330557.733: Application time: 3.0834490 seconds
2019-06-25T04:03:38.721+0000: 330557.733: Application time: 0.0000732 seconds
2019-06-25T04:03:38.721+0000: 330557.734: Application time: 0.0001459 seconds
2019-06-25T04:03:38.722+0000: 330557.734: Application time: 0.0001202 seconds
2019-06-25T04:03:48.727+0000: 330567.740: Application time: 10.0054578 seconds
2019-06-25T04:03:48.728+0000: 330567.740: Application time: 0.0000736 seconds
2019-06-25T04:03:48.728+0000: 330567.740: Application time: 0.0000695 seconds
2019-06-25T04:03:48.728+0000: 330567.740: Application time: 0.0000612 seconds
2019-06-25T04:03:48.728+0000: 330567.740: Application time: 0.0000625 seconds
2019-06-25T04:03:48.728+0000: 330567.741: Application time: 0.0000664 seconds
2019-06-25T04:03:48.730+0000: 330567.742: Application time: 0.0014571 seconds
2019-06-25T04:05:04.953+0000: 330643.965: Application time: 76.2226826 seconds
2019-06-25T04:05:04.978+0000: 330643.991: Application time: 0.0251386 seconds
2019-06-25T04:05:08.776+0000: 330647.789: Application time: 3.7978172 seconds
2019-06-25T04:05:08.777+0000: 330647.789: Application time: 0.0000714 seconds
2019-06-25T04:05:08.777+0000: 330647.789: Application time: 0.0000575 seconds
2019-06-25T04:05:08.777+0000: 330647.789: Application time: 0.0001535 seconds
2019-06-25T04:05:08.777+0000: 330647.789: Application time: 0.0001255 seconds
2019-06-25T04:05:09.312+0000: 330648.324: Application time: 0.5348254 seconds
2019-06-25T04:05:09.312+0000: 330648.325: Application time: 0.0000720 seconds
2019-06-25T04:05:09.313+0000: 330648.325: Application time: 0.0000812 seconds
2019-06-25T04:05:09.313+0000: 330648.325: Application time: 0.0000585 seconds
2019-06-25T04:05:09.313+0000: 330648.325: Application time: 0.0000614 seconds
2019-06-25T04:05:09.315+0000: 330648.327: Application time: 0.0015661 seconds
2019-06-25T04:05:25.921+0000: 330664.933: Application time: 16.6063190 seconds
{Heap before GC invocations=2233 (full 174):
 par new generation   total 9792K, used 9784K [0x00000000e1000000, 0x00000000e1aa0000, 0x00000000eb4a0000)
  eden space 8704K,  99% used [0x00000000e1000000, 0x00000000e187e330, 0x00000000e1880000)
  from space 1088K, 100% used [0x00000000e1990000, 0x00000000e1aa0000, 0x00000000e1aa0000)
  to   space 1088K,   0% used [0x00000000e1880000, 0x00000000e1880000, 0x00000000e1990000)
 concurrent mark-sweep generation total 121500K, used 69759K [0x00000000eb4a0000, 0x00000000f2b47000, 0x0000000100000000)
 Metaspace       used 88996K, capacity 93492K, committed 93824K, reserved 1132544K
  class space    used 10730K, capacity 11548K, committed 11648K, reserved 1048576K
2019-06-25T04:05:25.922+0000: 330664.934: [GC (Allocation Failure) 2019-06-25T04:05:25.922+0000: 330664.934: [ParNew: 9784K->1088K(9792K), 0.0055290 secs] 79544K->71273K(131292K), 0.0062709 secs] [Times: user=0.01 sys=0.00, real=0.01 secs] 
Heap after GC invocations=2234 (full 174):
 par new generation   total 9792K, used 1088K [0x00000000e1000000, 0x00000000e1aa0000, 0x00000000eb4a0000)
  eden space 8704K,   0% used [0x00000000e1000000, 0x00000000e1000000, 0x00000000e1880000)
  from space 1088K, 100% used [0x00000000e1880000, 0x00000000e1990000, 0x00000000e1990000)
  to   space 1088K,   0% used [0x00000000e1990000, 0x00000000e1990000, 0x00000000e1aa0000)
 concurrent mark-sweep generation total 121500K, used 70185K [0x00000000eb4a0000, 0x00000000f2b47000, 0x0000000100000000)
 Metaspace       used 88996K, capacity 93492K, committed 93824K, reserved 1132544K
  class space    used 10730K, capacity 11548K, committed 11648K, reserved 1048576K
}
2019-06-25T04:05:28.789+0000: 330667.801: Application time: 2.8602908 seconds
2019-06-25T04:05:28.790+0000: 330667.802: Application time: 0.0001800 seconds
2019-06-25T04:05:28.790+0000: 330667.802: Application time: 0.0001394 seconds
2019-06-25T04:05:28.791+0000: 330667.803: Application time: 0.0001295 seconds
2019-06-25T04:05:28.792+0000: 330667.804: Application time: 0.0001507 seconds
2019-06-25T04:05:28.792+0000: 330667.805: Application time: 0.0001316 seconds
2019-06-25T04:05:28.793+0000: 330667.805: Application time: 0.0001491 seconds
2019-06-25T04:05:28.793+0000: 330667.806: Application time: 0.0002975 seconds
2019-06-25T04:05:28.794+0000: 330667.806: Application time: 0.0001140 seconds
2019-06-25T04:05:30.919+0000: 330669.931: Application time: 2.1250644 seconds
2019-06-25T04:05:30.956+0000: 330669.969: Application time: 0.0371908 seconds
2019-06-25T04:05:38.803+0000: 330677.815: Application time: 7.8465553 seconds
2019-06-25T04:05:38.805+0000: 330677.817: Application time: 0.0014973 seconds
2019-06-25T04:07:48.877+0000: 330807.889: Application time: 130.0720134 seconds
2019-06-25T04:08:28.909+0000: 330847.921: Application time: 40.0318284 seconds
2019-06-25T04:08:28.910+0000: 330847.922: Application time: 0.0001694 seconds
2019-06-25T04:08:28.910+0000: 330847.923: Application time: 0.0001506 seconds
2019-06-25T04:08:28.911+0000: 330847.924: Application time: 0.0011612 seconds
2019-06-25T04:08:28.912+0000: 330847.925: Application time: 0.0001713 seconds
2019-06-25T04:08:28.913+0000: 330847.925: Application time: 0.0001859 seconds
2019-06-25T04:08:28.913+0000: 330847.926: Application time: 0.0001497 seconds
2019-06-25T04:08:28.914+0000: 330847.926: Application time: 0.0001544 seconds
2019-06-25T04:08:28.914+0000: 330847.926: Application time: 0.0003269 seconds
2019-06-25T04:08:28.915+0000: 330847.927: Application time: 0.0002603 seconds
2019-06-25T04:08:32.920+0000: 330851.933: Application time: 4.0053816 seconds
2019-06-25T04:08:32.957+0000: 330851.969: Application time: 0.0359931 seconds
2019-06-25T04:08:38.933+0000: 330857.945: Application time: 5.9759090 seconds
2019-06-25T04:09:08.012+0000: 330887.024: Application time: 29.0784342 seconds
{Heap before GC invocations=2234 (full 174):
 par new generation   total 9792K, used 9791K [0x00000000e1000000, 0x00000000e1aa0000, 0x00000000eb4a0000)
  eden space 8704K,  99% used [0x00000000e1000000, 0x00000000e187fd68, 0x00000000e1880000)
  from space 1088K, 100% used [0x00000000e1880000, 0x00000000e1990000, 0x00000000e1990000)
  to   space 1088K,   0% used [0x00000000e1990000, 0x00000000e1990000, 0x00000000e1aa0000)
 concurrent mark-sweep generation total 121500K, used 70185K [0x00000000eb4a0000, 0x00000000f2b47000, 0x0000000100000000)
 Metaspace       used 88996K, capacity 93492K, committed 93824K, reserved 1132544K
  class space    used 10730K, capacity 11548K, committed 11648K, reserved 1048576K
2019-06-25T04:09:08.012+0000: 330887.024: [GC (Allocation Failure) 2019-06-25T04:09:08.012+0000: 330887.025: [ParNew: 9791K->1064K(9792K), 0.0102646 secs] 79977K->71591K(131292K), 0.0108854 secs] [Times: user=0.02 sys=0.00, real=0.01 secs] 
Heap after GC invocations=2235 (full 174):
 par new generation   total 9792K, used 1064K [0x00000000e1000000, 0x00000000e1aa0000, 0x00000000eb4a0000)
  eden space 8704K,   0% used [0x00000000e1000000, 0x00000000e1000000, 0x00000000e1880000)
  from space 1088K,  97% used [0x00000000e1990000, 0x00000000e1a9a200, 0x00000000e1aa0000)
  to   space 1088K,   0% used [0x00000000e1880000, 0x00000000e1880000, 0x00000000e1990000)
 concurrent mark-sweep generation total 121500K, used 70527K [0x00000000eb4a0000, 0x00000000f2b47000, 0x0000000100000000)
 Metaspace       used 88996K, capacity 93492K, committed 93824K, reserved 1132544K
  class space    used 10730K, capacity 11548K, committed 11648K, reserved 1048576K
}
2019-06-25T04:09:08.958+0000: 330887.970: Application time: 0.9340260 seconds
2019-06-25T04:09:08.958+0000: 330887.970: Application time: 0.0000779 seconds
2019-06-25T04:09:08.958+0000: 330887.971: Application time: 0.0000588 seconds
2019-06-25T04:09:08.959+0000: 330887.971: Application time: 0.0001528 seconds
2019-06-25T04:09:08.959+0000: 330887.972: Application time: 0.0000684 seconds
2019-06-25T04:09:08.959+0000: 330887.972: Application time: 0.0000609 seconds
2019-06-25T04:09:08.960+0000: 330887.972: Application time: 0.0000845 seconds
2019-06-25T04:09:08.960+0000: 330887.972: Application time: 0.0000645 seconds
2019-06-25T04:09:08.960+0000: 330887.972: Application time: 0.0001453 seconds
2019-06-25T04:09:08.960+0000: 330887.973: Application time: 0.0000644 seconds
2019-06-25T04:09:09.331+0000: 330888.343: Application time: 0.3706088 seconds
2019-06-25T04:09:09.332+0000: 330888.345: Application time: 0.0012145 seconds
2019-06-25T04:09:13.009+0000: 330892.021: Application time: 3.6763531 seconds
2019-06-25T04:09:13.047+0000: 330892.060: Application time: 0.0379807 seconds
2019-06-25T04:14:39.214+0000: 331218.226: Application time: 326.1664137 seconds
{Heap before GC invocations=2235 (full 174):
 par new generation   total 9792K, used 9768K [0x00000000e1000000, 0x00000000e1aa0000, 0x00000000eb4a0000)
  eden space 8704K, 100% used [0x00000000e1000000, 0x00000000e1880000, 0x00000000e1880000)
  from space 1088K,  97% used [0x00000000e1990000, 0x00000000e1a9a200, 0x00000000e1aa0000)
  to   space 1088K,   0% used [0x00000000e1880000, 0x00000000e1880000, 0x00000000e1990000)
 concurrent mark-sweep generation total 121500K, used 70527K [0x00000000eb4a0000, 0x00000000f2b47000, 0x0000000100000000)
 Metaspace       used 88996K, capacity 93492K, committed 93824K, reserved 1132544K
  class space    used 10730K, capacity 11548K, committed 11648K, reserved 1048576K
2019-06-25T04:14:39.215+0000: 331218.227: [GC (Allocation Failure) 2019-06-25T04:14:39.215+0000: 331218.227: [ParNew: 9768K->865K(9792K), 0.0061134 secs] 80295K->71730K(131292K), 0.0070187 secs] [Times: user=0.01 sys=0.00, real=0.01 secs] 
Heap after GC invocations=2236 (full 174):
 par new generation   total 9792K, used 865K [0x00000000e1000000, 0x00000000e1aa0000, 0x00000000eb4a0000)
  eden space 8704K,   0% used [0x00000000e1000000, 0x00000000e1000000, 0x00000000e1880000)
  from space 1088K,  79% used [0x00000000e1880000, 0x00000000e19584b8, 0x00000000e1990000)
  to   space 1088K,   0% used [0x00000000e1990000, 0x00000000e1990000, 0x00000000e1aa0000)
 concurrent mark-sweep generation total 121500K, used 70865K [0x00000000eb4a0000, 0x00000000f2b47000, 0x0000000100000000)
 Metaspace       used 88996K, capacity 93492K, committed 93824K, reserved 1132544K
  class space    used 10730K, capacity 11548K, committed 11648K, reserved 1048576K
}
2019-06-25T04:17:30.248+0000: 331389.260: Application time: 171.0252558 seconds
2019-06-25T04:21:47.388+0000: 331646.400: Application time: 257.1394361 seconds
{Heap before GC invocations=2236 (full 174):
 par new generation   total 9792K, used 9568K [0x00000000e1000000, 0x00000000e1aa0000, 0x00000000eb4a0000)
  eden space 8704K,  99% used [0x00000000e1000000, 0x00000000e187fde0, 0x00000000e1880000)
  from space 1088K,  79% used [0x00000000e1880000, 0x00000000e19584b8, 0x00000000e1990000)
  to   space 1088K,   0% used [0x00000000e1990000, 0x00000000e1990000, 0x00000000e1aa0000)
 concurrent mark-sweep generation total 121500K, used 70865K [0x00000000eb4a0000, 0x00000000f2b47000, 0x0000000100000000)
 Metaspace       used 88996K, capacity 93492K, committed 93824K, reserved 1132544K
  class space    used 10730K, capacity 11548K, committed 11648K, reserved 1048576K
2019-06-25T04:21:47.388+0000: 331646.401: [GC (Allocation Failure) 2019-06-25T04:21:47.389+0000: 331646.401: [ParNew: 9568K->687K(9792K), 0.0035683 secs] 80433K->71552K(131292K), 0.0045664 secs] [Times: user=0.00 sys=0.01, real=0.00 secs] 
Heap after GC invocations=2237 (full 174):
 par new generation   total 9792K, used 687K [0x00000000e1000000, 0x00000000e1aa0000, 0x00000000eb4a0000)
  eden space 8704K,   0% used [0x00000000e1000000, 0x00000000e1000000, 0x00000000e1880000)
  from space 1088K,  63% used [0x00000000e1990000, 0x00000000e1a3bcd0, 0x00000000e1aa0000)
  to   space 1088K,   0% used [0x00000000e1880000, 0x00000000e1880000, 0x00000000e1990000)
 concurrent mark-sweep generation total 121500K, used 70865K [0x00000000eb4a0000, 0x00000000f2b47000, 0x0000000100000000)
 Metaspace       used 88996K, capacity 93492K, committed 93824K, reserved 1132544K
  class space    used 10730K, capacity 11548K, committed 11648K, reserved 1048576K
}
2019-06-25T04:24:29.639+0000: 331808.651: Application time: 162.2450923 seconds
2019-06-25T04:26:39.728+0000: 331938.740: Application time: 130.0886899 seconds
2019-06-25T04:26:39.728+0000: 331938.740: Application time: 0.0000816 seconds
2019-06-25T04:26:39.728+0000: 331938.741: Application time: 0.0000758 seconds
2019-06-25T04:26:39.729+0000: 331938.741: Application time: 0.0000815 seconds
2019-06-25T04:26:39.729+0000: 331938.742: Application time: 0.0000722 seconds
2019-06-25T04:26:39.730+0000: 331938.742: Application time: 0.0000700 seconds
2019-06-25T04:26:39.730+0000: 331938.742: Application time: 0.0001463 seconds
2019-06-25T04:26:39.730+0000: 331938.743: Application time: 0.0003043 seconds
2019-06-25T04:26:39.731+0000: 331938.743: Application time: 0.0001954 seconds
2019-06-25T04:26:41.517+0000: 331940.529: Application time: 1.7860457 seconds
2019-06-25T04:26:41.543+0000: 331940.555: Application time: 0.0253750 seconds
2019-06-25T04:26:49.737+0000: 331948.749: Application time: 8.1941066 seconds
2019-06-25T04:26:49.739+0000: 331948.752: Application time: 0.0020146 seconds
2019-06-25T04:27:09.753+0000: 331968.765: Application time: 20.0133492 seconds
{Heap before GC invocations=2237 (full 174):
 par new generation   total 9792K, used 9391K [0x00000000e1000000, 0x00000000e1aa0000, 0x00000000eb4a0000)
  eden space 8704K, 100% used [0x00000000e1000000, 0x00000000e1880000, 0x00000000e1880000)
  from space 1088K,  63% used [0x00000000e1990000, 0x00000000e1a3bcd0, 0x00000000e1aa0000)
  to   space 1088K,   0% used [0x00000000e1880000, 0x00000000e1880000, 0x00000000e1990000)
 concurrent mark-sweep generation total 121500K, used 70865K [0x00000000eb4a0000, 0x00000000f2b47000, 0x0000000100000000)
 Metaspace       used 88996K, capacity 93492K, committed 93824K, reserved 1132544K
  class space    used 10730K, capacity 11548K, committed 11648K, reserved 1048576K
2019-06-25T04:27:09.754+0000: 331968.766: [GC (Allocation Failure) 2019-06-25T04:27:09.754+0000: 331968.766: [ParNew: 9391K->634K(9792K), 0.0035445 secs] 80256K->71699K(131292K), 0.0043481 secs] [Times: user=0.01 sys=0.00, real=0.01 secs] 
Heap after GC invocations=2238 (full 174):
 par new generation   total 9792K, used 634K [0x00000000e1000000, 0x00000000e1aa0000, 0x00000000eb4a0000)
  eden space 8704K,   0% used [0x00000000e1000000, 0x00000000e1000000, 0x00000000e1880000)
  from space 1088K,  58% used [0x00000000e1880000, 0x00000000e191eb38, 0x00000000e1990000)
  to   space 1088K,   0% used [0x00000000e1990000, 0x00000000e1990000, 0x00000000e1aa0000)
 concurrent mark-sweep generation total 121500K, used 71065K [0x00000000eb4a0000, 0x00000000f2b47000, 0x0000000100000000)
 Metaspace       used 88996K, capacity 93492K, committed 93824K, reserved 1132544K
  class space    used 10730K, capacity 11548K, committed 11648K, reserved 1048576K
}
2019-06-25T04:28:11.766+0000: 332030.779: Application time: 62.0076444 seconds
2019-06-25T04:31:07.074+0000: 332206.086: Application time: 175.3076499 seconds
2019-06-25T04:31:07.099+0000: 332206.111: Application time: 0.0244085 seconds
2019-06-25T04:31:09.404+0000: 332208.417: Application time: 2.3051988 seconds
2019-06-25T04:31:09.406+0000: 332208.418: Application time: 0.0001063 seconds
2019-06-25T04:31:09.406+0000: 332208.418: Application time: 0.0000901 seconds
2019-06-25T04:31:09.406+0000: 332208.419: Application time: 0.0001854 seconds
2019-06-25T04:31:09.407+0000: 332208.419: Application time: 0.0000915 seconds
2019-06-25T04:31:09.407+0000: 332208.419: Application time: 0.0000834 seconds
2019-06-25T04:31:09.407+0000: 332208.419: Application time: 0.0000870 seconds
2019-06-25T04:31:09.407+0000: 332208.420: Application time: 0.0002271 seconds
2019-06-25T04:31:09.408+0000: 332208.420: Application time: 0.0001300 seconds
2019-06-25T04:31:09.920+0000: 332208.932: Application time: 0.5118082 seconds
2019-06-25T04:31:09.921+0000: 332208.933: Application time: 0.0001505 seconds
2019-06-25T04:31:09.921+0000: 332208.934: Application time: 0.0002825 seconds
2019-06-25T04:31:09.922+0000: 332208.934: Application time: 0.0002655 seconds
2019-06-25T04:31:09.924+0000: 332208.936: Application time: 0.0020977 seconds
2019-06-25T04:31:15.062+0000: 332214.075: Application time: 5.1382249 seconds
2019-06-25T04:31:15.063+0000: 332214.075: Application time: 0.0000448 seconds
2019-06-25T04:31:15.063+0000: 332214.076: Application time: 0.0000968 seconds
2019-06-25T04:31:15.063+0000: 332214.076: Application time: 0.0000697 seconds
2019-06-25T04:31:15.064+0000: 332214.076: Application time: 0.0000860 seconds
2019-06-25T04:31:15.064+0000: 332214.076: Application time: 0.0000844 seconds
2019-06-25T04:31:15.066+0000: 332214.079: Application time: 0.0022609 seconds
{Heap before GC invocations=2238 (full 174):
 par new generation   total 9792K, used 9337K [0x00000000e1000000, 0x00000000e1aa0000, 0x00000000eb4a0000)
  eden space 8704K,  99% used [0x00000000e1000000, 0x00000000e187fb58, 0x00000000e1880000)
  from space 1088K,  58% used [0x00000000e1880000, 0x00000000e191eb38, 0x00000000e1990000)
  to   space 1088K,   0% used [0x00000000e1990000, 0x00000000e1990000, 0x00000000e1aa0000)
 concurrent mark-sweep generation total 121500K, used 71065K [0x00000000eb4a0000, 0x00000000f2b47000, 0x0000000100000000)
 Metaspace       used 88996K, capacity 93492K, committed 93824K, reserved 1132544K
  class space    used 10730K, capacity 11548K, committed 11648K, reserved 1048576K
2019-06-25T04:31:15.067+0000: 332214.079: [GC (Allocation Failure) 2019-06-25T04:31:15.067+0000: 332214.080: [ParNew: 9337K->1088K(9792K), 0.0033705 secs] 80402K->72172K(131292K), 0.0040939 secs] [Times: user=0.00 sys=0.00, real=0.01 secs] 
Heap after GC invocations=2239 (full 174):
 par new generation   total 9792K, used 1088K [0x00000000e1000000, 0x00000000e1aa0000, 0x00000000eb4a0000)
  eden space 8704K,   0% used [0x00000000e1000000, 0x00000000e1000000, 0x00000000e1880000)
  from space 1088K, 100% used [0x00000000e1990000, 0x00000000e1aa0000, 0x00000000e1aa0000)
  to   space 1088K,   0% used [0x00000000e1880000, 0x00000000e1880000, 0x00000000e1990000)
 concurrent mark-sweep generation total 121500K, used 71084K [0x00000000eb4a0000, 0x00000000f2b47000, 0x0000000100000000)
 Metaspace       used 88996K, capacity 93492K, committed 93824K, reserved 1132544K
  class space    used 10730K, capacity 11548K, committed 11648K, reserved 1048576K
}
2019-06-25T04:31:19.931+0000: 332218.943: Application time: 4.8589868 seconds
2019-06-25T04:31:19.931+0000: 332218.944: Application time: 0.0001680 seconds
2019-06-25T04:31:19.932+0000: 332218.944: Application time: 0.0001733 seconds
2019-06-25T04:31:19.932+0000: 332218.944: Application time: 0.0001495 seconds
2019-06-25T04:31:19.933+0000: 332218.945: Application time: 0.0000771 seconds
2019-06-25T04:31:19.933+0000: 332218.945: Application time: 0.0000623 seconds
2019-06-25T04:31:21.783+0000: 332220.795: Application time: 1.8500994 seconds
2019-06-25T04:31:21.808+0000: 332220.821: Application time: 0.0251051 seconds
2019-06-25T04:31:22.942+0000: 332221.955: Application time: 1.1339773 seconds
2019-06-25T04:31:22.943+0000: 332221.955: Application time: 0.0000394 seconds
2019-06-25T04:31:22.943+0000: 332221.955: Application time: 0.0001447 seconds
2019-06-25T04:31:22.943+0000: 332221.955: Application time: 0.0000613 seconds
2019-06-25T04:31:22.944+0000: 332221.956: Application time: 0.0007014 seconds
2019-06-25T04:33:00.502+0000: 332319.514: Application time: 97.5579778 seconds
2019-06-25T04:33:00.503+0000: 332319.515: Application time: 0.0001886 seconds
2019-06-25T04:33:00.503+0000: 332319.516: Application time: 0.0002281 seconds
2019-06-25T04:33:00.504+0000: 332319.516: Application time: 0.0001248 seconds
2019-06-25T04:33:00.505+0000: 332319.518: Application time: 0.0008613 seconds
2019-06-25T04:33:00.506+0000: 332319.518: Application time: 0.0003426 seconds
2019-06-25T04:33:05.507+0000: 332324.520: Application time: 5.0008339 seconds
2019-06-25T04:33:05.544+0000: 332324.556: Application time: 0.0362865 seconds
2019-06-25T04:33:11.943+0000: 332330.956: Application time: 6.3991252 seconds
{Heap before GC invocations=2239 (full 174):
 par new generation   total 9792K, used 9792K [0x00000000e1000000, 0x00000000e1aa0000, 0x00000000eb4a0000)
  eden space 8704K, 100% used [0x00000000e1000000, 0x00000000e1880000, 0x00000000e1880000)
  from space 1088K, 100% used [0x00000000e1990000, 0x00000000e1aa0000, 0x00000000e1aa0000)
  to   space 1088K,   0% used [0x00000000e1880000, 0x00000000e1880000, 0x00000000e1990000)
 concurrent mark-sweep generation total 121500K, used 71084K [0x00000000eb4a0000, 0x00000000f2b47000, 0x0000000100000000)
 Metaspace       used 88996K, capacity 93492K, committed 93824K, reserved 1132544K
  class space    used 10730K, capacity 11548K, committed 11648K, reserved 1048576K
2019-06-25T04:33:11.944+0000: 332330.956: [GC (Allocation Failure) 2019-06-25T04:33:11.944+0000: 332330.956: [ParNew: 9792K->911K(9792K), 0.0089334 secs] 80876K->72371K(131292K), 0.0096777 secs] [Times: user=0.02 sys=0.00, real=0.01 secs] 
Heap after GC invocations=2240 (full 174):
 par new generation   total 9792K, used 911K [0x00000000e1000000, 0x00000000e1aa0000, 0x00000000eb4a0000)
  eden space 8704K,   0% used [0x00000000e1000000, 0x00000000e1000000, 0x00000000e1880000)
  from space 1088K,  83% used [0x00000000e1880000, 0x00000000e1963f88, 0x00000000e1990000)
  to   space 1088K,   0% used [0x00000000e1990000, 0x00000000e1990000, 0x00000000e1aa0000)
 concurrent mark-sweep generation total 121500K, used 71459K [0x00000000eb4a0000, 0x00000000f2b47000, 0x0000000100000000)
 Metaspace       used 88996K, capacity 93492K, committed 93824K, reserved 1132544K
  class space    used 10730K, capacity 11548K, committed 11648K, reserved 1048576K
}
2019-06-25T04:33:16.942+0000: 332335.954: Application time: 4.9873254 seconds
2019-06-25T04:33:16.975+0000: 332335.987: Application time: 0.0330565 seconds
2019-06-25T04:33:20.007+0000: 332339.020: Application time: 3.0317580 seconds
2019-06-25T04:33:20.008+0000: 332339.020: Application time: 0.0000863 seconds
2019-06-25T04:33:20.008+0000: 332339.021: Application time: 0.0006444 seconds
2019-06-25T04:33:20.009+0000: 332339.021: Application time: 0.0001578 seconds
2019-06-25T04:33:20.009+0000: 332339.021: Application time: 0.0000811 seconds
2019-06-25T04:33:20.009+0000: 332339.022: Application time: 0.0000790 seconds
2019-06-25T04:33:22.955+0000: 332341.967: Application time: 2.9455997 seconds
2019-06-25T04:33:22.955+0000: 332341.968: Application time: 0.0000739 seconds
2019-06-25T04:33:22.956+0000: 332341.968: Application time: 0.0001674 seconds
2019-06-25T04:33:22.956+0000: 332341.968: Application time: 0.0001236 seconds
2019-06-25T04:33:22.957+0000: 332341.969: Application time: 0.0012611 seconds
2019-06-25T04:34:39.204+0000: 332418.216: Application time: 76.2467554 seconds
2019-06-25T04:34:39.250+0000: 332418.263: Application time: 0.0460540 seconds
2019-06-25T04:34:40.065+0000: 332419.077: Application time: 0.8141489 seconds
2019-06-25T04:34:40.065+0000: 332419.078: Application time: 0.0002101 seconds
2019-06-25T04:34:40.066+0000: 332419.078: Application time: 0.0008836 seconds
2019-06-25T04:34:40.067+0000: 332419.079: Application time: 0.0000983 seconds
2019-06-25T04:34:40.067+0000: 332419.079: Application time: 0.0001030 seconds
2019-06-25T04:34:40.067+0000: 332419.079: Application time: 0.0000872 seconds
2019-06-25T04:34:46.617+0000: 332425.629: Application time: 6.5496671 seconds
2019-06-25T04:34:50.074+0000: 332429.087: Application time: 3.4561026 seconds
2019-06-25T04:34:50.075+0000: 332429.087: Application time: 0.0000736 seconds
2019-06-25T04:34:50.075+0000: 332429.087: Application time: 0.0000704 seconds
2019-06-25T04:34:50.075+0000: 332429.088: Application time: 0.0000622 seconds
2019-06-25T04:34:50.075+0000: 332429.088: Application time: 0.0000388 seconds
2019-06-25T04:34:50.076+0000: 332429.088: Application time: 0.0000673 seconds
2019-06-25T04:34:51.620+0000: 332430.632: Application time: 1.5441834 seconds
2019-06-25T04:34:51.670+0000: 332430.683: Application time: 0.0501949 seconds
2019-06-25T04:34:52.967+0000: 332431.979: Application time: 1.2962996 seconds
2019-06-25T04:34:52.968+0000: 332431.980: Application time: 0.0000707 seconds
2019-06-25T04:34:52.968+0000: 332431.980: Application time: 0.0000654 seconds
2019-06-25T04:34:52.968+0000: 332431.980: Application time: 0.0001480 seconds
2019-06-25T04:34:52.968+0000: 332431.981: Application time: 0.0001451 seconds
2019-06-25T04:34:52.970+0000: 332431.982: Application time: 0.0011927 seconds
2019-06-25T04:36:20.132+0000: 332519.144: Application time: 87.1618278 seconds
{Heap before GC invocations=2240 (full 174):
 par new generation   total 9792K, used 9615K [0x00000000e1000000, 0x00000000e1aa0000, 0x00000000eb4a0000)
  eden space 8704K, 100% used [0x00000000e1000000, 0x00000000e1880000, 0x00000000e1880000)
  from space 1088K,  83% used [0x00000000e1880000, 0x00000000e1963f88, 0x00000000e1990000)
  to   space 1088K,   0% used [0x00000000e1990000, 0x00000000e1990000, 0x00000000e1aa0000)
 concurrent mark-sweep generation total 121500K, used 71459K [0x00000000eb4a0000, 0x00000000f2b47000, 0x0000000100000000)
 Metaspace       used 88996K, capacity 93492K, committed 93824K, reserved 1132544K
  class space    used 10730K, capacity 11548K, committed 11648K, reserved 1048576K
2019-06-25T04:36:20.132+0000: 332519.145: [GC (Allocation Failure) 2019-06-25T04:36:20.133+0000: 332519.145: [ParNew: 9615K->641K(9792K), 0.0101752 secs] 81075K->72650K(131292K), 0.0111537 secs] [Times: user=0.02 sys=0.00, real=0.01 secs] 
Heap after GC invocations=2241 (full 174):
 par new generation   total 9792K, used 641K [0x00000000e1000000, 0x00000000e1aa0000, 0x00000000eb4a0000)
  eden space 8704K,   0% used [0x00000000e1000000, 0x00000000e1000000, 0x00000000e1880000)
  from space 1088K,  58% used [0x00000000e1990000, 0x00000000e1a305d0, 0x00000000e1aa0000)
  to   space 1088K,   0% used [0x00000000e1880000, 0x00000000e1880000, 0x00000000e1990000)
 concurrent mark-sweep generation total 121500K, used 72008K [0x00000000eb4a0000, 0x00000000f2b47000, 0x0000000100000000)
 Metaspace       used 88996K, capacity 93492K, committed 93824K, reserved 1132544K
  class space    used 10730K, capacity 11548K, committed 11648K, reserved 1048576K
}
2019-06-25T04:38:06.789+0000: 332625.802: Application time: 106.6448880 seconds
2019-06-25T04:38:06.814+0000: 332625.827: Application time: 0.0246475 seconds
2019-06-25T04:38:09.430+0000: 332628.442: Application time: 2.6153897 seconds
2019-06-25T04:38:09.431+0000: 332628.443: Application time: 0.0001696 seconds
2019-06-25T04:38:09.433+0000: 332628.445: Application time: 0.0001544 seconds
2019-06-25T04:38:09.433+0000: 332628.446: Application time: 0.0001382 seconds
2019-06-25T04:38:09.434+0000: 332628.446: Application time: 0.0001491 seconds
2019-06-25T04:38:10.218+0000: 332629.230: Application time: 0.7829855 seconds
2019-06-25T04:38:10.218+0000: 332629.230: Application time: 0.0001957 seconds
2019-06-25T04:38:10.219+0000: 332629.231: Application time: 0.0004683 seconds
2019-06-25T04:38:10.219+0000: 332629.231: Application time: 0.0001980 seconds
2019-06-25T04:38:10.220+0000: 332629.232: Application time: 0.0001880 seconds
2019-06-25T04:38:10.220+0000: 332629.232: Application time: 0.0002105 seconds
2019-06-25T04:38:10.220+0000: 332629.233: Application time: 0.0001876 seconds
2019-06-25T04:38:10.221+0000: 332629.233: Application time: 0.0001925 seconds
2019-06-25T04:38:10.221+0000: 332629.234: Application time: 0.0003747 seconds
2019-06-25T04:38:10.222+0000: 332629.234: Application time: 0.0002299 seconds
2019-06-25T04:38:10.223+0000: 332629.236: Application time: 0.0021466 seconds
2019-06-25T04:38:50.251+0000: 332669.263: Application time: 40.0262706 seconds
2019-06-25T04:38:52.999+0000: 332672.011: Application time: 2.7479835 seconds
2019-06-25T04:38:52.999+0000: 332672.011: Application time: 0.0001489 seconds
2019-06-25T04:38:52.999+0000: 332672.012: Application time: 0.0001178 seconds
2019-06-25T04:38:53.000+0000: 332672.012: Application time: 0.0001104 seconds
2019-06-25T04:38:53.000+0000: 332672.012: Application time: 0.0001091 seconds
2019-06-25T04:38:53.000+0000: 332672.012: Application time: 0.0001157 seconds
2019-06-25T04:38:53.000+0000: 332672.013: Application time: 0.0001298 seconds
2019-06-25T04:38:53.001+0000: 332672.013: Application time: 0.0002777 seconds
2019-06-25T04:38:53.001+0000: 332672.013: Application time: 0.0001526 seconds
2019-06-25T04:38:53.002+0000: 332672.015: Application time: 0.0010650 seconds
2019-06-25T04:38:53.971+0000: 332672.983: Application time: 0.9686896 seconds
2019-06-25T04:38:54.005+0000: 332673.017: Application time: 0.0341612 seconds
2019-06-25T04:40:00.295+0000: 332739.307: Application time: 66.2885879 seconds
{Heap before GC invocations=2241 (full 174):
 par new generation   total 9792K, used 9345K [0x00000000e1000000, 0x00000000e1aa0000, 0x00000000eb4a0000)
  eden space 8704K, 100% used [0x00000000e1000000, 0x00000000e1880000, 0x00000000e1880000)
  from space 1088K,  58% used [0x00000000e1990000, 0x00000000e1a305d0, 0x00000000e1aa0000)
  to   space 1088K,   0% used [0x00000000e1880000, 0x00000000e1880000, 0x00000000e1990000)
 concurrent mark-sweep generation total 121500K, used 72008K [0x00000000eb4a0000, 0x00000000f2b47000, 0x0000000100000000)
 Metaspace       used 88996K, capacity 93492K, committed 93824K, reserved 1132544K
  class space    used 10730K, capacity 11548K, committed 11648K, reserved 1048576K
2019-06-25T04:40:00.295+0000: 332739.307: [GC (Allocation Failure) 2019-06-25T04:40:00.295+0000: 332739.308: [ParNew: 9345K->817K(9792K), 0.0069756 secs] 81354K->72826K(131292K), 0.0080879 secs] [Times: user=0.01 sys=0.00, real=0.01 secs] 
Heap after GC invocations=2242 (full 174):
 par new generation   total 9792K, used 817K [0x00000000e1000000, 0x00000000e1aa0000, 0x00000000eb4a0000)
  eden space 8704K,   0% used [0x00000000e1000000, 0x00000000e1000000, 0x00000000e1880000)
  from space 1088K,  75% used [0x00000000e1880000, 0x00000000e194c5b8, 0x00000000e1990000)
  to   space 1088K,   0% used [0x00000000e1990000, 0x00000000e1990000, 0x00000000e1aa0000)
 concurrent mark-sweep generation total 121500K, used 72008K [0x00000000eb4a0000, 0x00000000f2b47000, 0x0000000100000000)
 Metaspace       used 88996K, capacity 93492K, committed 93824K, reserved 1132544K
  class space    used 10730K, capacity 11548K, committed 11648K, reserved 1048576K
}
2019-06-25T04:41:10.348+0000: 332809.360: Application time: 70.0439046 seconds
2019-06-25T04:47:10.606+0000: 333169.618: Application time: 360.2575902 seconds
{Heap before GC invocations=2242 (full 174):
 par new generation   total 9792K, used 9521K [0x00000000e1000000, 0x00000000e1aa0000, 0x00000000eb4a0000)
  eden space 8704K, 100% used [0x00000000e1000000, 0x00000000e1880000, 0x00000000e1880000)
  from space 1088K,  75% used [0x00000000e1880000, 0x00000000e194c5b8, 0x00000000e1990000)
  to   space 1088K,   0% used [0x00000000e1990000, 0x00000000e1990000, 0x00000000e1aa0000)
 concurrent mark-sweep generation total 121500K, used 72008K [0x00000000eb4a0000, 0x00000000f2b47000, 0x0000000100000000)
 Metaspace       used 88996K, capacity 93492K, committed 93824K, reserved 1132544K
  class space    used 10730K, capacity 11548K, committed 11648K, reserved 1048576K
2019-06-25T04:47:10.607+0000: 333169.619: [GC (Allocation Failure) 2019-06-25T04:47:10.607+0000: 333169.619: [ParNew: 9521K->607K(9792K), 0.0038324 secs] 81530K->72946K(131292K), 0.0047619 secs] [Times: user=0.01 sys=0.00, real=0.01 secs] 
Heap after GC invocations=2243 (full 174):
 par new generation   total 9792K, used 607K [0x00000000e1000000, 0x00000000e1aa0000, 0x00000000eb4a0000)
  eden space 8704K,   0% used [0x00000000e1000000, 0x00000000e1000000, 0x00000000e1880000)
  from space 1088K,  55% used [0x00000000e1990000, 0x00000000e1a27fc8, 0x00000000e1aa0000)
  to   space 1088K,   0% used [0x00000000e1880000, 0x00000000e1880000, 0x00000000e1990000)
 concurrent mark-sweep generation total 121500K, used 72338K [0x00000000eb4a0000, 0x00000000f2b47000, 0x0000000100000000)
 Metaspace       used 88996K, capacity 93492K, committed 93824K, reserved 1132544K
  class space    used 10730K, capacity 11548K, committed 11648K, reserved 1048576K
}
2019-06-25T04:53:11.987+0000: 333530.999: Application time: 361.3744289 seconds
2019-06-25T04:54:11.995+0000: 333591.008: Application time: 60.0084706 seconds
{Heap before GC invocations=2243 (full 174):
 par new generation   total 9792K, used 9311K [0x00000000e1000000, 0x00000000e1aa0000, 0x00000000eb4a0000)
  eden space 8704K, 100% used [0x00000000e1000000, 0x00000000e1880000, 0x00000000e1880000)
  from space 1088K,  55% used [0x00000000e1990000, 0x00000000e1a27fc8, 0x00000000e1aa0000)
  to   space 1088K,   0% used [0x00000000e1880000, 0x00000000e1880000, 0x00000000e1990000)
 concurrent mark-sweep generation total 121500K, used 72338K [0x00000000eb4a0000, 0x00000000f2b47000, 0x0000000100000000)
 Metaspace       used 88996K, capacity 93492K, committed 93824K, reserved 1132544K
  class space    used 10730K, capacity 11548K, committed 11648K, reserved 1048576K
2019-06-25T04:54:11.996+0000: 333591.008: [GC (Allocation Failure) 2019-06-25T04:54:11.997+0000: 333591.009: [ParNew: 9311K->751K(9792K), 0.0035054 secs] 81650K->73090K(131292K), 0.0044307 secs] [Times: user=0.00 sys=0.00, real=0.01 secs] 
Heap after GC invocations=2244 (full 174):
 par new generation   total 9792K, used 751K [0x00000000e1000000, 0x00000000e1aa0000, 0x00000000eb4a0000)
  eden space 8704K,   0% used [0x00000000e1000000, 0x00000000e1000000, 0x00000000e1880000)
  from space 1088K,  69% used [0x00000000e1880000, 0x00000000e193be60, 0x00000000e1990000)
  to   space 1088K,   0% used [0x00000000e1990000, 0x00000000e1990000, 0x00000000e1aa0000)
 concurrent mark-sweep generation total 121500K, used 72338K [0x00000000eb4a0000, 0x00000000f2b47000, 0x0000000100000000)
 Metaspace       used 88996K, capacity 93492K, committed 93824K, reserved 1132544K
  class space    used 10730K, capacity 11548K, committed 11648K, reserved 1048576K
}
2019-06-25T04:56:08.152+0000: 333707.165: Application time: 116.1507729 seconds
2019-06-25T04:56:08.199+0000: 333707.211: Application time: 0.0459938 seconds
2019-06-25T04:56:09.498+0000: 333708.511: Application time: 1.2996017 seconds
2019-06-25T04:56:10.960+0000: 333709.973: Application time: 1.4616374 seconds
2019-06-25T04:56:10.961+0000: 333709.974: Application time: 0.0001623 seconds
2019-06-25T04:56:10.962+0000: 333709.974: Application time: 0.0001138 seconds
2019-06-25T04:56:10.962+0000: 333709.974: Application time: 0.0001010 seconds
2019-06-25T04:56:10.962+0000: 333709.975: Application time: 0.0000979 seconds
2019-06-25T04:56:10.963+0000: 333709.975: Application time: 0.0000988 seconds
2019-06-25T04:56:10.963+0000: 333709.975: Application time: 0.0001036 seconds
2019-06-25T04:56:10.963+0000: 333709.976: Application time: 0.0002204 seconds
2019-06-25T04:56:10.964+0000: 333709.976: Application time: 0.0001649 seconds
2019-06-25T04:56:10.966+0000: 333709.978: Application time: 0.0017826 seconds
2019-06-25T04:57:51.040+0000: 333810.052: Application time: 100.0734726 seconds
2019-06-25T04:59:41.133+0000: 333920.145: Application time: 110.0931854 seconds
{Heap before GC invocations=2244 (full 174):
 par new generation   total 9792K, used 9455K [0x00000000e1000000, 0x00000000e1aa0000, 0x00000000eb4a0000)
  eden space 8704K, 100% used [0x00000000e1000000, 0x00000000e1880000, 0x00000000e1880000)
  from space 1088K,  69% used [0x00000000e1880000, 0x00000000e193be60, 0x00000000e1990000)
  to   space 1088K,   0% used [0x00000000e1990000, 0x00000000e1990000, 0x00000000e1aa0000)
 concurrent mark-sweep generation total 121500K, used 72338K [0x00000000eb4a0000, 0x00000000f2b47000, 0x0000000100000000)
 Metaspace       used 88996K, capacity 93492K, committed 93824K, reserved 1132544K
  class space    used 10730K, capacity 11548K, committed 11648K, reserved 1048576K
2019-06-25T04:59:41.134+0000: 333920.146: [GC (Allocation Failure) 2019-06-25T04:59:41.134+0000: 333920.146: [ParNew: 9455K->616K(9792K), 0.0034369 secs] 81794K->73157K(131292K), 0.0041918 secs] [Times: user=0.01 sys=0.00, real=0.00 secs] 
Heap after GC invocations=2245 (full 174):
 par new generation   total 9792K, used 616K [0x00000000e1000000, 0x00000000e1aa0000, 0x00000000eb4a0000)
  eden space 8704K,   0% used [0x00000000e1000000, 0x00000000e1000000, 0x00000000e1880000)
  from space 1088K,  56% used [0x00000000e1990000, 0x00000000e1a2a1c0, 0x00000000e1aa0000)
  to   space 1088K,   0% used [0x00000000e1880000, 0x00000000e1880000, 0x00000000e1990000)
 concurrent mark-sweep generation total 121500K, used 72541K [0x00000000eb4a0000, 0x00000000f2b47000, 0x0000000100000000)
 Metaspace       used 88996K, capacity 93492K, committed 93824K, reserved 1132544K
  class space    used 10730K, capacity 11548K, committed 11648K, reserved 1048576K
}
2019-06-25T05:00:41.186+0000: 333980.198: Application time: 60.0472314 seconds
2019-06-25T05:00:41.186+0000: 333980.198: Application time: 0.0000948 seconds
2019-06-25T05:00:41.186+0000: 333980.199: Application time: 0.0001969 seconds
2019-06-25T05:00:41.187+0000: 333980.199: Application time: 0.0001838 seconds
2019-06-25T05:00:43.619+0000: 333982.632: Application time: 2.4319209 seconds
2019-06-25T05:00:43.643+0000: 333982.655: Application time: 0.0231301 seconds
2019-06-25T05:00:51.194+0000: 333990.206: Application time: 7.5507390 seconds
2019-06-25T05:00:51.194+0000: 333990.206: Application time: 0.0000690 seconds
2019-06-25T05:00:51.194+0000: 333990.207: Application time: 0.0000633 seconds
2019-06-25T05:00:51.195+0000: 333990.207: Application time: 0.0000573 seconds
2019-06-25T05:00:51.195+0000: 333990.207: Application time: 0.0000571 seconds
2019-06-25T05:00:51.195+0000: 333990.207: Application time: 0.0000739 seconds
2019-06-25T05:00:51.196+0000: 333990.209: Application time: 0.0014064 seconds
2019-06-25T05:01:01.201+0000: 334000.213: Application time: 10.0044851 seconds
2019-06-25T05:01:01.201+0000: 334000.214: Application time: 0.0000745 seconds
2019-06-25T05:01:01.202+0000: 334000.214: Application time: 0.0001607 seconds
2019-06-25T05:01:01.202+0000: 334000.214: Application time: 0.0001364 seconds
2019-06-25T05:01:01.440+0000: 334000.453: Application time: 0.2383830 seconds
2019-06-25T05:01:01.464+0000: 334000.476: Application time: 0.0229613 seconds
2019-06-25T05:01:09.518+0000: 334008.530: Application time: 8.0534726 seconds
2019-06-25T05:01:09.518+0000: 334008.530: Application time: 0.0002514 seconds
2019-06-25T05:01:09.518+0000: 334008.531: Application time: 0.0002272 seconds
2019-06-25T05:01:09.519+0000: 334008.531: Application time: 0.0002521 seconds
2019-06-25T05:01:09.519+0000: 334008.532: Application time: 0.0002194 seconds
2019-06-25T05:01:09.520+0000: 334008.532: Application time: 0.0002231 seconds
2019-06-25T05:01:09.522+0000: 334008.534: Application time: 0.0020526 seconds
2019-06-25T05:01:34.276+0000: 334033.288: Application time: 24.7534068 seconds
{Heap before GC invocations=2245 (full 174):
 par new generation   total 9792K, used 9320K [0x00000000e1000000, 0x00000000e1aa0000, 0x00000000eb4a0000)
  eden space 8704K, 100% used [0x00000000e1000000, 0x00000000e1880000, 0x00000000e1880000)
  from space 1088K,  56% used [0x00000000e1990000, 0x00000000e1a2a1c0, 0x00000000e1aa0000)
  to   space 1088K,   0% used [0x00000000e1880000, 0x00000000e1880000, 0x00000000e1990000)
 concurrent mark-sweep generation total 121500K, used 72541K [0x00000000eb4a0000, 0x00000000f2b47000, 0x0000000100000000)
 Metaspace       used 88996K, capacity 93492K, committed 93824K, reserved 1132544K
  class space    used 10730K, capacity 11548K, committed 11648K, reserved 1048576K
2019-06-25T05:01:34.276+0000: 334033.289: [GC (Allocation Failure) 2019-06-25T05:01:34.277+0000: 334033.289: [ParNew: 9320K->819K(9792K), 0.0033046 secs] 81861K->73360K(131292K), 0.0041959 secs] [Times: user=0.01 sys=0.00, real=0.01 secs] 
Heap after GC invocations=2246 (full 174):
 par new generation   total 9792K, used 819K [0x00000000e1000000, 0x00000000e1aa0000, 0x00000000eb4a0000)
  eden space 8704K,   0% used [0x00000000e1000000, 0x00000000e1000000, 0x00000000e1880000)
  from space 1088K,  75% used [0x00000000e1880000, 0x00000000e194ce88, 0x00000000e1990000)
  to   space 1088K,   0% used [0x00000000e1990000, 0x00000000e1990000, 0x00000000e1aa0000)
 concurrent mark-sweep generation total 121500K, used 72541K [0x00000000eb4a0000, 0x00000000f2b47000, 0x0000000100000000)
 Metaspace       used 88996K, capacity 93492K, committed 93824K, reserved 1132544K
  class space    used 10730K, capacity 11548K, committed 11648K, reserved 1048576K
}
2019-06-25T05:02:39.936+0000: 334098.948: Application time: 65.6546430 seconds
2019-06-25T05:02:39.967+0000: 334098.980: Application time: 0.0313260 seconds
2019-06-25T05:02:41.274+0000: 334100.286: Application time: 1.3065150 seconds
2019-06-25T05:02:41.275+0000: 334100.287: Application time: 0.0000970 seconds
2019-06-25T05:02:41.276+0000: 334100.288: Application time: 0.0001969 seconds
2019-06-25T05:02:41.276+0000: 334100.288: Application time: 0.0001795 seconds
2019-06-25T05:02:51.283+0000: 334110.295: Application time: 10.0070052 seconds
2019-06-25T05:02:51.283+0000: 334110.296: Application time: 0.0000873 seconds
2019-06-25T05:02:51.284+0000: 334110.296: Application time: 0.0000808 seconds
2019-06-25T05:02:51.284+0000: 334110.296: Application time: 0.0000932 seconds
2019-06-25T05:02:51.284+0000: 334110.296: Application time: 0.0000745 seconds
2019-06-25T05:02:51.284+0000: 334110.297: Application time: 0.0000782 seconds
2019-06-25T05:02:51.287+0000: 334110.299: Application time: 0.0020511 seconds
2019-06-25T05:02:53.212+0000: 334112.224: Application time: 1.9253239 seconds
2019-06-25T05:02:53.212+0000: 334112.225: Application time: 0.0001074 seconds
2019-06-25T05:02:53.213+0000: 334112.225: Application time: 0.0002131 seconds
2019-06-25T05:02:53.213+0000: 334112.225: Application time: 0.0001732 seconds
2019-06-25T05:02:57.107+0000: 334116.120: Application time: 3.8941618 seconds
2019-06-25T05:02:57.144+0000: 334116.157: Application time: 0.0367907 seconds
2019-06-25T05:03:01.292+0000: 334120.304: Application time: 4.1473700 seconds
2019-06-25T05:03:01.292+0000: 334120.305: Application time: 0.0000682 seconds
2019-06-25T05:03:01.293+0000: 334120.305: Application time: 0.0000639 seconds
2019-06-25T05:03:01.293+0000: 334120.305: Application time: 0.0000578 seconds
2019-06-25T05:03:01.293+0000: 334120.305: Application time: 0.0000580 seconds
2019-06-25T05:03:01.293+0000: 334120.305: Application time: 0.0000618 seconds
2019-06-25T05:03:01.295+0000: 334120.307: Application time: 0.0017408 seconds
2019-06-25T05:03:59.374+0000: 334178.387: Application time: 58.0790846 seconds
{Heap before GC invocations=2246 (full 174):
 par new generation   total 9792K, used 9523K [0x00000000e1000000, 0x00000000e1aa0000, 0x00000000eb4a0000)
  eden space 8704K, 100% used [0x00000000e1000000, 0x00000000e1880000, 0x00000000e1880000)
  from space 1088K,  75% used [0x00000000e1880000, 0x00000000e194ce88, 0x00000000e1990000)
  to   space 1088K,   0% used [0x00000000e1990000, 0x00000000e1990000, 0x00000000e1aa0000)
 concurrent mark-sweep generation total 121500K, used 72541K [0x00000000eb4a0000, 0x00000000f2b47000, 0x0000000100000000)
 Metaspace       used 88996K, capacity 93492K, committed 93824K, reserved 1132544K
  class space    used 10730K, capacity 11548K, committed 11648K, reserved 1048576K
2019-06-25T05:03:59.375+0000: 334178.387: [GC (Allocation Failure) 2019-06-25T05:03:59.375+0000: 334178.388: [ParNew: 9523K->1088K(9792K), 0.0071725 secs] 82064K->74045K(131292K), 0.0079948 secs] [Times: user=0.01 sys=0.00, real=0.01 secs] 
Heap after GC invocations=2247 (full 174):
 par new generation   total 9792K, used 1088K [0x00000000e1000000, 0x00000000e1aa0000, 0x00000000eb4a0000)
  eden space 8704K,   0% used [0x00000000e1000000, 0x00000000e1000000, 0x00000000e1880000)
  from space 1088K, 100% used [0x00000000e1990000, 0x00000000e1aa0000, 0x00000000e1aa0000)
  to   space 1088K,   0% used [0x00000000e1880000, 0x00000000e1880000, 0x00000000e1990000)
 concurrent mark-sweep generation total 121500K, used 72957K [0x00000000eb4a0000, 0x00000000f2b47000, 0x0000000100000000)
 Metaspace       used 88996K, capacity 93492K, committed 93824K, reserved 1132544K
  class space    used 10730K, capacity 11548K, committed 11648K, reserved 1048576K
}
2019-06-25T05:03:59.384+0000: 334178.396: Application time: 0.0000984 seconds
2019-06-25T05:03:59.384+0000: 334178.397: [GC (CMS Initial Mark) [1 CMS-initial-mark: 72957K(121500K)] 74049K(131292K), 0.0032680 secs] [Times: user=0.00 sys=0.00, real=0.00 secs] 
2019-06-25T05:03:59.388+0000: 334178.401: [CMS-concurrent-mark-start]
2019-06-25T05:03:59.520+0000: 334178.532: [CMS-concurrent-mark: 0.131/0.131 secs] [Times: user=0.13 sys=0.00, real=0.13 secs] 
2019-06-25T05:03:59.520+0000: 334178.532: [CMS-concurrent-preclean-start]
2019-06-25T05:03:59.522+0000: 334178.534: [CMS-concurrent-preclean: 0.002/0.002 secs] [Times: user=0.01 sys=0.00, real=0.00 secs] 
2019-06-25T05:03:59.522+0000: 334178.535: Application time: 0.1339777 seconds
2019-06-25T05:03:59.523+0000: 334178.535: [GC (CMS Final Remark) [YG occupancy: 1725 K (9792 K)]2019-06-25T05:03:59.523+0000: 334178.535: [Rescan (parallel) , 0.0031172 secs]2019-06-25T05:03:59.527+0000: 334178.539: [weak refs processing, 0.0048238 secs]2019-06-25T05:03:59.532+0000: 334178.544: [class unloading, 0.0313835 secs]2019-06-25T05:03:59.564+0000: 334178.576: [scrub symbol table, 0.0190373 secs]2019-06-25T05:03:59.583+0000: 334178.595: [scrub string table, 0.0018018 secs][1 CMS-remark: 72957K(121500K)] 74683K(131292K), 0.0771249 secs] [Times: user=0.07 sys=0.00, real=0.08 secs] 
2019-06-25T05:03:59.601+0000: 334178.613: [CMS-concurrent-sweep-start]
2019-06-25T05:03:59.608+0000: 334178.621: Application time: 0.0078027 seconds
2019-06-25T05:03:59.634+0000: 334178.646: [CMS-concurrent-sweep: 0.033/0.033 secs] [Times: user=0.04 sys=0.00, real=0.03 secs] 
2019-06-25T05:03:59.635+0000: 334178.647: [CMS-concurrent-reset-start]
2019-06-25T05:03:59.635+0000: 334178.648: [CMS-concurrent-reset: 0.000/0.000 secs] [Times: user=0.00 sys=0.00, real=0.00 secs] 
2019-06-25T05:04:00.609+0000: 334179.621: Application time: 1.0002960 seconds
2019-06-25T05:04:01.329+0000: 334180.341: Application time: 0.7196308 seconds
2019-06-25T05:04:01.329+0000: 334180.342: Application time: 0.0000901 seconds
2019-06-25T05:04:01.330+0000: 334180.342: Application time: 0.0001971 seconds
2019-06-25T05:04:01.330+0000: 334180.342: Application time: 0.0000677 seconds
2019-06-25T05:04:02.330+0000: 334181.343: Application time: 1.0003854 seconds
2019-06-25T05:04:04.370+0000: 334183.382: Application time: 2.0395736 seconds
2019-06-25T05:04:04.414+0000: 334183.426: Application time: 0.0435572 seconds
2019-06-25T05:04:06.822+0000: 334185.834: Application time: 2.4074890 seconds
2019-06-25T05:04:06.822+0000: 334185.835: Application time: 0.0002989 seconds
2019-06-25T05:04:06.824+0000: 334185.837: Application time: 0.0001262 seconds
2019-06-25T05:04:06.825+0000: 334185.837: Application time: 0.0002018 seconds
2019-06-25T05:04:06.826+0000: 334185.838: Application time: 0.0002052 seconds
2019-06-25T05:04:06.844+0000: 334185.858: Application time: 0.0198119 seconds
2019-06-25T05:04:07.846+0000: 334186.858: Application time: 1.0001968 seconds
2019-06-25T05:04:09.532+0000: 334188.545: Application time: 1.6860448 seconds
2019-06-25T05:04:09.533+0000: 334188.545: Application time: 0.0001650 seconds
2019-06-25T05:04:09.533+0000: 334188.546: Application time: 0.0001697 seconds
2019-06-25T05:04:09.534+0000: 334188.546: Application time: 0.0003508 seconds
2019-06-25T05:04:09.534+0000: 334188.547: Application time: 0.0002377 seconds
2019-06-25T05:04:10.535+0000: 334189.547: Application time: 1.0002768 seconds
2019-06-25T05:04:11.338+0000: 334190.351: Application time: 0.8033095 seconds
2019-06-25T05:04:11.339+0000: 334190.351: Application time: 0.0000977 seconds
2019-06-25T05:04:11.339+0000: 334190.351: Application time: 0.0000775 seconds
2019-06-25T05:04:11.339+0000: 334190.352: Application time: 0.0000753 seconds
2019-06-25T05:04:11.339+0000: 334190.352: Application time: 0.0000816 seconds
2019-06-25T05:04:11.341+0000: 334190.354: Application time: 0.0023390 seconds
2019-06-25T05:04:11.846+0000: 334190.859: Application time: 0.5041280 seconds
2019-06-25T05:04:11.856+0000: 334190.869: Application time: 0.0099118 seconds
2019-06-25T05:04:12.857+0000: 334191.869: Application time: 1.0002315 seconds
2019-06-25T05:04:34.860+0000: 334213.873: Application time: 22.0033206 seconds
2019-06-25T05:04:53.864+0000: 334232.876: Application time: 19.0029754 seconds
2019-06-25T05:05:34.870+0000: 334273.882: Application time: 41.0063712 seconds
2019-06-25T05:06:01.874+0000: 334300.886: Application time: 27.0035142 seconds
2019-06-25T05:07:44.329+0000: 334403.341: Application time: 102.4546593 seconds
{Heap before GC invocations=2247 (full 175):
 par new generation   total 9792K, used 9791K [0x00000000e1000000, 0x00000000e1aa0000, 0x00000000eb4a0000)
  eden space 8704K,  99% used [0x00000000e1000000, 0x00000000e187fc90, 0x00000000e1880000)
  from space 1088K, 100% used [0x00000000e1990000, 0x00000000e1aa0000, 0x00000000e1aa0000)
  to   space 1088K,   0% used [0x00000000e1880000, 0x00000000e1880000, 0x00000000e1990000)
 concurrent mark-sweep generation total 121500K, used 69709K [0x00000000eb4a0000, 0x00000000f2b47000, 0x0000000100000000)
 Metaspace       used 88978K, capacity 93456K, committed 93824K, reserved 1132544K
  class space    used 10726K, capacity 11542K, committed 11648K, reserved 1048576K
2019-06-25T05:07:44.329+0000: 334403.342: [GC (Allocation Failure) 2019-06-25T05:07:44.330+0000: 334403.342: [ParNew: 9791K->1088K(9792K), 0.0202204 secs] 79500K->71517K(131292K), 0.0210654 secs] [Times: user=0.04 sys=0.00, real=0.02 secs] 
Heap after GC invocations=2248 (full 175):
 par new generation   total 9792K, used 1088K [0x00000000e1000000, 0x00000000e1aa0000, 0x00000000eb4a0000)
  eden space 8704K,   0% used [0x00000000e1000000, 0x00000000e1000000, 0x00000000e1880000)
  from space 1088K, 100% used [0x00000000e1880000, 0x00000000e1990000, 0x00000000e1990000)
  to   space 1088K,   0% used [0x00000000e1990000, 0x00000000e1990000, 0x00000000e1aa0000)
 concurrent mark-sweep generation total 121500K, used 70429K [0x00000000eb4a0000, 0x00000000f2b47000, 0x0000000100000000)
 Metaspace       used 88978K, capacity 93456K, committed 93824K, reserved 1132544K
  class space    used 10726K, capacity 11542K, committed 11648K, reserved 1048576K
}
2019-06-25T05:07:49.324+0000: 334408.337: Application time: 4.9729523 seconds
2019-06-25T05:07:49.374+0000: 334408.386: Application time: 0.0489919 seconds
2019-06-25T05:07:51.474+0000: 334410.486: Application time: 2.1002305 seconds
2019-06-25T05:07:51.474+0000: 334410.487: Application time: 0.0000732 seconds
2019-06-25T05:07:51.475+0000: 334410.487: Application time: 0.0000735 seconds
2019-06-25T05:07:51.475+0000: 334410.487: Application time: 0.0000685 seconds
2019-06-25T05:07:51.475+0000: 334410.488: Application time: 0.0000642 seconds
2019-06-25T05:07:51.475+0000: 334410.488: Application time: 0.0000620 seconds
2019-06-25T05:07:51.476+0000: 334410.488: Application time: 0.0000621 seconds
2019-06-25T05:07:51.476+0000: 334410.488: Application time: 0.0000659 seconds
2019-06-25T05:07:51.476+0000: 334410.488: Application time: 0.0001588 seconds
2019-06-25T05:07:51.476+0000: 334410.489: Application time: 0.0001348 seconds
2019-06-25T05:07:53.253+0000: 334412.265: Application time: 1.7765694 seconds
2019-06-25T05:08:20.326+0000: 334439.338: Application time: 27.0722790 seconds
2019-06-25T05:08:20.355+0000: 334439.368: Application time: 0.0293366 seconds
2019-06-25T05:08:21.495+0000: 334440.507: Application time: 1.1390519 seconds
2019-06-25T05:08:21.495+0000: 334440.507: Application time: 0.0000706 seconds
2019-06-25T05:08:21.495+0000: 334440.508: Application time: 0.0004767 seconds
2019-06-25T05:08:21.496+0000: 334440.508: Application time: 0.0000793 seconds
2019-06-25T05:08:21.496+0000: 334440.509: Application time: 0.0000589 seconds
2019-06-25T05:08:21.496+0000: 334440.509: Application time: 0.0000571 seconds
2019-06-25T05:08:21.497+0000: 334440.509: Application time: 0.0000640 seconds
2019-06-25T05:08:21.497+0000: 334440.509: Application time: 0.0000799 seconds
2019-06-25T05:08:21.497+0000: 334440.509: Application time: 0.0001723 seconds
2019-06-25T05:08:21.497+0000: 334440.510: Application time: 0.0001482 seconds
2019-06-25T05:08:23.258+0000: 334442.270: Application time: 1.7603881 seconds
2019-06-25T05:08:23.260+0000: 334442.273: Application time: 0.0020523 seconds
2019-06-25T05:08:31.505+0000: 334450.517: Application time: 8.2436687 seconds
2019-06-25T05:12:11.646+0000: 334670.659: Application time: 220.1414285 seconds
{Heap before GC invocations=2248 (full 175):
 par new generation   total 9792K, used 9792K [0x00000000e1000000, 0x00000000e1aa0000, 0x00000000eb4a0000)
  eden space 8704K, 100% used [0x00000000e1000000, 0x00000000e1880000, 0x00000000e1880000)
  from space 1088K, 100% used [0x00000000e1880000, 0x00000000e1990000, 0x00000000e1990000)
  to   space 1088K,   0% used [0x00000000e1990000, 0x00000000e1990000, 0x00000000e1aa0000)
 concurrent mark-sweep generation total 121500K, used 70429K [0x00000000eb4a0000, 0x00000000f2b47000, 0x0000000100000000)
 Metaspace       used 88978K, capacity 93456K, committed 93824K, reserved 1132544K
  class space    used 10726K, capacity 11542K, committed 11648K, reserved 1048576K
2019-06-25T05:12:11.648+0000: 334670.660: [GC (Allocation Failure) 2019-06-25T05:12:11.648+0000: 334670.661: [ParNew: 9792K->923K(9792K), 0.0090040 secs] 80221K->71625K(131292K), 0.0107514 secs] [Times: user=0.00 sys=0.01, real=0.02 secs] 
Heap after GC invocations=2249 (full 175):
 par new generation   total 9792K, used 923K [0x00000000e1000000, 0x00000000e1aa0000, 0x00000000eb4a0000)
  eden space 8704K,   0% used [0x00000000e1000000, 0x00000000e1000000, 0x00000000e1880000)
  from space 1088K,  84% used [0x00000000e1990000, 0x00000000e1a76d78, 0x00000000e1aa0000)
  to   space 1088K,   0% used [0x00000000e1880000, 0x00000000e1880000, 0x00000000e1990000)
 concurrent mark-sweep generation total 121500K, used 70702K [0x00000000eb4a0000, 0x00000000f2b47000, 0x0000000100000000)
 Metaspace       used 88978K, capacity 93456K, committed 93824K, reserved 1132544K
  class space    used 10726K, capacity 11542K, committed 11648K, reserved 1048576K
}
2019-06-25T05:14:13.682+0000: 334792.695: Application time: 122.0222110 seconds
2019-06-25T05:14:31.750+0000: 334810.762: Application time: 18.0670679 seconds
2019-06-25T05:18:12.141+0000: 335031.153: Application time: 220.3908355 seconds
2019-06-25T05:19:11.943+0000: 335090.956: Application time: 59.8025188 seconds
{Heap before GC invocations=2249 (full 175):
 par new generation   total 9792K, used 9627K [0x00000000e1000000, 0x00000000e1aa0000, 0x00000000eb4a0000)
  eden space 8704K, 100% used [0x00000000e1000000, 0x00000000e1880000, 0x00000000e1880000)
  from space 1088K,  84% used [0x00000000e1990000, 0x00000000e1a76d78, 0x00000000e1aa0000)
  to   space 1088K,   0% used [0x00000000e1880000, 0x00000000e1880000, 0x00000000e1990000)
 concurrent mark-sweep generation total 121500K, used 70702K [0x00000000eb4a0000, 0x00000000f2b47000, 0x0000000100000000)
 Metaspace       used 88981K, capacity 93462K, committed 93824K, reserved 1132544K
  class space    used 10727K, capacity 11543K, committed 11648K, reserved 1048576K
2019-06-25T05:19:11.945+0000: 335090.957: [GC (Allocation Failure) 2019-06-25T05:19:11.946+0000: 335090.958: [ParNew: 9627K->645K(9792K), 0.0057000 secs] 80329K->71692K(131292K), 0.0071933 secs] [Times: user=0.01 sys=0.00, real=0.01 secs] 
Heap after GC invocations=2250 (full 175):
 par new generation   total 9792K, used 645K [0x00000000e1000000, 0x00000000e1aa0000, 0x00000000eb4a0000)
  eden space 8704K,   0% used [0x00000000e1000000, 0x00000000e1000000, 0x00000000e1880000)
  from space 1088K,  59% used [0x00000000e1880000, 0x00000000e19217d0, 0x00000000e1990000)
  to   space 1088K,   0% used [0x00000000e1990000, 0x00000000e1990000, 0x00000000e1aa0000)
 concurrent mark-sweep generation total 121500K, used 71046K [0x00000000eb4a0000, 0x00000000f2b47000, 0x0000000100000000)
 Metaspace       used 88981K, capacity 93462K, committed 93824K, reserved 1132544K
  class space    used 10727K, capacity 11543K, committed 11648K, reserved 1048576K
}
2019-06-25T05:25:32.571+0000: 335471.583: Application time: 380.6176335 seconds
{Heap before GC invocations=2250 (full 175):
 par new generation   total 9792K, used 9349K [0x00000000e1000000, 0x00000000e1aa0000, 0x00000000eb4a0000)
  eden space 8704K,  99% used [0x00000000e1000000, 0x00000000e187fc68, 0x00000000e1880000)
  from space 1088K,  59% used [0x00000000e1880000, 0x00000000e19217d0, 0x00000000e1990000)
  to   space 1088K,   0% used [0x00000000e1990000, 0x00000000e1990000, 0x00000000e1aa0000)
 concurrent mark-sweep generation total 121500K, used 71046K [0x00000000eb4a0000, 0x00000000f2b47000, 0x0000000100000000)
 Metaspace       used 88982K, capacity 93462K, committed 93824K, reserved 1132544K
  class space    used 10727K, capacity 11543K, committed 11648K, reserved 1048576K
2019-06-25T05:25:32.572+0000: 335471.584: [GC (Allocation Failure) 2019-06-25T05:25:32.572+0000: 335471.585: [ParNew: 9349K->869K(9792K), 0.0125575 secs] 80395K->71916K(131292K), 0.0138498 secs] [Times: user=0.02 sys=0.00, real=0.01 secs] 
Heap after GC invocations=2251 (full 175):
 par new generation   total 9792K, used 869K [0x00000000e1000000, 0x00000000e1aa0000, 0x00000000eb4a0000)
  eden space 8704K,   0% used [0x00000000e1000000, 0x00000000e1000000, 0x00000000e1880000)
  from space 1088K,  79% used [0x00000000e1990000, 0x00000000e1a69668, 0x00000000e1aa0000)
  to   space 1088K,   0% used [0x00000000e1880000, 0x00000000e1880000, 0x00000000e1990000)
 concurrent mark-sweep generation total 121500K, used 71046K [0x00000000eb4a0000, 0x00000000f2b47000, 0x0000000100000000)
 Metaspace       used 88982K, capacity 93462K, committed 93824K, reserved 1132544K
  class space    used 10727K, capacity 11543K, committed 11648K, reserved 1048576K
}
2019-06-25T05:25:37.566+0000: 335476.578: Application time: 4.9783778 seconds
2019-06-25T05:25:37.614+0000: 335476.627: Application time: 0.0484572 seconds
2019-06-25T05:25:42.239+0000: 335481.252: Application time: 4.6248911 seconds
2019-06-25T05:25:42.240+0000: 335481.252: Application time: 0.0001080 seconds
2019-06-25T05:25:42.240+0000: 335481.253: Application time: 0.0007599 seconds
2019-06-25T05:25:42.241+0000: 335481.253: Application time: 0.0000999 seconds
2019-06-25T05:25:42.241+0000: 335481.254: Application time: 0.0000899 seconds
2019-06-25T05:25:42.242+0000: 335481.254: Application time: 0.0000882 seconds
2019-06-25T05:25:42.242+0000: 335481.254: Application time: 0.0000942 seconds
2019-06-25T05:25:42.242+0000: 335481.255: Application time: 0.0002034 seconds
2019-06-25T05:25:42.242+0000: 335481.255: Application time: 0.0000823 seconds
2019-06-25T05:25:52.249+0000: 335491.262: Application time: 10.0069288 seconds
2019-06-25T05:25:52.251+0000: 335491.264: Application time: 0.0014450 seconds
2019-06-25T05:29:54.113+0000: 335733.125: Application time: 241.8616069 seconds
2019-06-25T05:29:54.114+0000: 335733.126: Application time: 0.0000785 seconds
2019-06-25T05:29:54.115+0000: 335733.127: Application time: 0.0002749 seconds
2019-06-25T05:29:54.118+0000: 335733.130: Application time: 0.0001490 seconds
2019-06-25T05:29:54.118+0000: 335733.131: Application time: 0.0008285 seconds
2019-06-25T05:29:54.119+0000: 335733.132: Application time: 0.0000890 seconds
2019-06-25T05:29:54.144+0000: 335733.156: Application time: 0.0242370 seconds
{Heap before GC invocations=2251 (full 175):
 par new generation   total 9792K, used 9573K [0x00000000e1000000, 0x00000000e1aa0000, 0x00000000eb4a0000)
  eden space 8704K, 100% used [0x00000000e1000000, 0x00000000e1880000, 0x00000000e1880000)
  from space 1088K,  79% used [0x00000000e1990000, 0x00000000e1a69668, 0x00000000e1aa0000)
  to   space 1088K,   0% used [0x00000000e1880000, 0x00000000e1880000, 0x00000000e1990000)
 concurrent mark-sweep generation total 121500K, used 71046K [0x00000000eb4a0000, 0x00000000f2b47000, 0x0000000100000000)
 Metaspace       used 88982K, capacity 93462K, committed 93824K, reserved 1132544K
  class space    used 10727K, capacity 11543K, committed 11648K, reserved 1048576K
2019-06-25T05:29:54.144+0000: 335733.156: [GC (Allocation Failure) 2019-06-25T05:29:54.144+0000: 335733.157: [ParNew: 9573K->721K(9792K), 0.0034577 secs] 80620K->71937K(131292K), 0.0044296 secs] [Times: user=0.01 sys=0.00, real=0.01 secs] 
Heap after GC invocations=2252 (full 175):
 par new generation   total 9792K, used 721K [0x00000000e1000000, 0x00000000e1aa0000, 0x00000000eb4a0000)
  eden space 8704K,   0% used [0x00000000e1000000, 0x00000000e1000000, 0x00000000e1880000)
  from space 1088K,  66% used [0x00000000e1880000, 0x00000000e19344a8, 0x00000000e1990000)
  to   space 1088K,   0% used [0x00000000e1990000, 0x00000000e1990000, 0x00000000e1aa0000)
 concurrent mark-sweep generation total 121500K, used 71216K [0x00000000eb4a0000, 0x00000000f2b47000, 0x0000000100000000)
 Metaspace       used 88982K, capacity 93462K, committed 93824K, reserved 1132544K
  class space    used 10727K, capacity 11543K, committed 11648K, reserved 1048576K
}
2019-06-25T05:30:02.398+0000: 335741.410: Application time: 8.2486045 seconds
2019-06-25T05:30:02.398+0000: 335741.411: Application time: 0.0001734 seconds
2019-06-25T05:30:02.399+0000: 335741.411: Application time: 0.0001668 seconds
2019-06-25T05:30:02.399+0000: 335741.411: Application time: 0.0001627 seconds
2019-06-25T05:30:02.399+0000: 335741.412: Application time: 0.0007004 seconds
2019-06-25T05:30:02.400+0000: 335741.412: Application time: 0.0000652 seconds
2019-06-25T05:30:02.400+0000: 335741.412: Application time: 0.0000627 seconds
2019-06-25T05:30:02.400+0000: 335741.413: Application time: 0.0001336 seconds
2019-06-25T05:30:02.401+0000: 335741.413: Application time: 0.0000992 seconds
2019-06-25T05:30:03.402+0000: 335742.415: Application time: 1.0015334 seconds
2019-06-25T05:30:03.427+0000: 335742.439: Application time: 0.0240915 seconds
2019-06-25T05:30:09.617+0000: 335748.629: Application time: 6.1898122 seconds
2019-06-25T05:30:09.618+0000: 335748.631: Application time: 0.0015555 seconds
2019-06-25T05:30:42.423+0000: 335781.435: Application time: 32.8042779 seconds
2019-06-25T05:30:42.423+0000: 335781.435: Application time: 0.0000671 seconds
2019-06-25T05:30:42.423+0000: 335781.436: Application time: 0.0000636 seconds
2019-06-25T05:30:42.423+0000: 335781.436: Application time: 0.0000594 seconds
2019-06-25T05:30:42.424+0000: 335781.436: Application time: 0.0004505 seconds
2019-06-25T05:30:42.424+0000: 335781.436: Application time: 0.0000682 seconds
2019-06-25T05:30:42.424+0000: 335781.437: Application time: 0.0001158 seconds
2019-06-25T05:30:42.425+0000: 335781.437: Application time: 0.0002618 seconds
2019-06-25T05:30:42.425+0000: 335781.437: Application time: 0.0001597 seconds
2019-06-25T05:30:43.462+0000: 335782.474: Application time: 1.0364250 seconds
2019-06-25T05:30:43.487+0000: 335782.499: Application time: 0.0246334 seconds
2019-06-25T05:30:52.431+0000: 335791.443: Application time: 8.9439756 seconds
2019-06-25T05:30:52.432+0000: 335791.445: Application time: 0.0014978 seconds
2019-06-25T05:31:12.441+0000: 335811.454: Application time: 20.0087299 seconds
2019-06-25T05:31:42.099+0000: 335841.111: Application time: 29.6574159 seconds
2019-06-25T05:31:42.099+0000: 335841.112: Application time: 0.0001311 seconds
2019-06-25T05:31:42.100+0000: 335841.112: Application time: 0.0001131 seconds
2019-06-25T05:31:42.100+0000: 335841.112: Application time: 0.0001104 seconds
2019-06-25T05:31:42.100+0000: 335841.113: Application time: 0.0000644 seconds
2019-06-25T05:31:42.101+0000: 335841.113: Application time: 0.0000600 seconds
2019-06-25T05:31:42.101+0000: 335841.113: Application time: 0.0000585 seconds
2019-06-25T05:31:42.101+0000: 335841.113: Application time: 0.0000578 seconds
2019-06-25T05:31:42.101+0000: 335841.113: Application time: 0.0000579 seconds
2019-06-25T05:31:42.101+0000: 335841.114: Application time: 0.0000579 seconds
2019-06-25T05:32:08.572+0000: 335867.584: Application time: 26.4704116 seconds
2019-06-25T05:32:08.577+0000: 335867.589: Application time: 0.0007828 seconds
2019-06-25T05:32:08.578+0000: 335867.590: Application time: 0.0000512 seconds
2019-06-25T05:32:08.578+0000: 335867.590: Application time: 0.0000566 seconds
2019-06-25T05:32:08.578+0000: 335867.590: Application time: 0.0000251 seconds
2019-06-25T05:32:08.578+0000: 335867.591: Application time: 0.0000639 seconds
2019-06-25T05:32:08.586+0000: 335867.599: Application time: 0.0079990 seconds
{Heap before GC invocations=2252 (full 175):
 par new generation   total 9792K, used 9425K [0x00000000e1000000, 0x00000000e1aa0000, 0x00000000eb4a0000)
  eden space 8704K, 100% used [0x00000000e1000000, 0x00000000e1880000, 0x00000000e1880000)
  from space 1088K,  66% used [0x00000000e1880000, 0x00000000e19344a8, 0x00000000e1990000)
  to   space 1088K,   0% used [0x00000000e1990000, 0x00000000e1990000, 0x00000000e1aa0000)
 concurrent mark-sweep generation total 121500K, used 71216K [0x00000000eb4a0000, 0x00000000f2b47000, 0x0000000100000000)
 Metaspace       used 88985K, capacity 93468K, committed 93824K, reserved 1132544K
  class space    used 10727K, capacity 11544K, committed 11648K, reserved 1048576K
2019-06-25T05:32:08.587+0000: 335867.599: [GC (Allocation Failure) 2019-06-25T05:32:08.587+0000: 335867.599: [ParNew: 9425K->1088K(9792K), 0.0044862 secs] 80641K->72405K(131292K), 0.0052694 secs] [Times: user=0.01 sys=0.00, real=0.01 secs] 
Heap after GC invocations=2253 (full 175):
 par new generation   total 9792K, used 1088K [0x00000000e1000000, 0x00000000e1aa0000, 0x00000000eb4a0000)
  eden space 8704K,   0% used [0x00000000e1000000, 0x00000000e1000000, 0x00000000e1880000)
  from space 1088K, 100% used [0x00000000e1990000, 0x00000000e1aa0000, 0x00000000e1aa0000)
  to   space 1088K,   0% used [0x00000000e1880000, 0x00000000e1880000, 0x00000000e1990000)
 concurrent mark-sweep generation total 121500K, used 71317K [0x00000000eb4a0000, 0x00000000f2b47000, 0x0000000100000000)
 Metaspace       used 88985K, capacity 93468K, committed 93824K, reserved 1132544K
  class space    used 10727K, capacity 11544K, committed 11648K, reserved 1048576K
}
2019-06-25T05:32:09.593+0000: 335868.605: Application time: 1.0001954 seconds
2019-06-25T05:32:09.623+0000: 335868.635: Application time: 0.0294582 seconds
2019-06-25T05:32:09.623+0000: 335868.635: Application time: 0.0001503 seconds
2019-06-25T05:32:09.623+0000: 335868.636: Application time: 0.0001298 seconds
2019-06-25T05:32:09.624+0000: 335868.636: Application time: 0.0000533 seconds
2019-06-25T05:32:09.624+0000: 335868.636: Application time: 0.0000605 seconds
2019-06-25T05:32:09.624+0000: 335868.636: Application time: 0.0000601 seconds
2019-06-25T05:32:09.624+0000: 335868.637: Application time: 0.0000630 seconds
2019-06-25T05:32:09.625+0000: 335868.637: Application time: 0.0001389 seconds
2019-06-25T05:32:09.625+0000: 335868.637: Application time: 0.0001148 seconds
2019-06-25T05:32:12.476+0000: 335871.488: Application time: 2.8513457 seconds
2019-06-25T05:32:12.478+0000: 335871.490: Application time: 0.0014733 seconds
2019-06-25T05:32:14.236+0000: 335873.248: Application time: 1.7577368 seconds
2019-06-25T05:32:14.272+0000: 335873.284: Application time: 0.0360733 seconds
2019-06-25T05:33:25.749+0000: 335944.761: Application time: 71.4761738 seconds
2019-06-25T05:33:25.750+0000: 335944.762: Application time: 0.0012069 seconds
2019-06-25T05:33:25.751+0000: 335944.763: Application time: 0.0001669 seconds
2019-06-25T05:33:25.751+0000: 335944.764: Application time: 0.0008836 seconds
2019-06-25T05:33:25.753+0000: 335944.766: Application time: 0.0015029 seconds
2019-06-25T05:33:25.753+0000: 335944.766: Application time: 0.0001188 seconds
2019-06-25T05:33:30.757+0000: 335949.769: Application time: 5.0004397 seconds
2019-06-25T05:33:30.779+0000: 335949.791: Application time: 0.0218117 seconds
2019-06-25T05:33:50.461+0000: 335969.474: Application time: 19.6823483 seconds
{Heap before GC invocations=2253 (full 175):
 par new generation   total 9792K, used 9792K [0x00000000e1000000, 0x00000000e1aa0000, 0x00000000eb4a0000)
  eden space 8704K, 100% used [0x00000000e1000000, 0x00000000e1880000, 0x00000000e1880000)
  from space 1088K, 100% used [0x00000000e1990000, 0x00000000e1aa0000, 0x00000000e1aa0000)
  to   space 1088K,   0% used [0x00000000e1880000, 0x00000000e1880000, 0x00000000e1990000)
 concurrent mark-sweep generation total 121500K, used 71317K [0x00000000eb4a0000, 0x00000000f2b47000, 0x0000000100000000)
 Metaspace       used 88986K, capacity 93468K, committed 93824K, reserved 1132544K
  class space    used 10727K, capacity 11544K, committed 11648K, reserved 1048576K
2019-06-25T05:33:50.462+0000: 335969.474: [GC (Allocation Failure) 2019-06-25T05:33:50.463+0000: 335969.475: [ParNew: 9792K->1088K(9792K), 0.0047216 secs] 81109K->72972K(131292K), 0.0058628 secs] [Times: user=0.00 sys=0.00, real=0.01 secs] 
Heap after GC invocations=2254 (full 175):
 par new generation   total 9792K, used 1088K [0x00000000e1000000, 0x00000000e1aa0000, 0x00000000eb4a0000)
  eden space 8704K,   0% used [0x00000000e1000000, 0x00000000e1000000, 0x00000000e1880000)
  from space 1088K, 100% used [0x00000000e1880000, 0x00000000e1990000, 0x00000000e1990000)
  to   space 1088K,   0% used [0x00000000e1990000, 0x00000000e1990000, 0x00000000e1aa0000)
 concurrent mark-sweep generation total 121500K, used 71884K [0x00000000eb4a0000, 0x00000000f2b47000, 0x0000000100000000)
 Metaspace       used 88986K, capacity 93468K, committed 93824K, reserved 1132544K
  class space    used 10727K, capacity 11544K, committed 11648K, reserved 1048576K
}
2019-06-25T05:33:52.533+0000: 335971.545: Application time: 2.0638250 seconds
2019-06-25T05:33:52.533+0000: 335971.545: Application time: 0.0000730 seconds
2019-06-25T05:33:52.533+0000: 335971.546: Application time: 0.0000617 seconds
2019-06-25T05:33:52.533+0000: 335971.546: Application time: 0.0000595 seconds
2019-06-25T05:33:52.534+0000: 335971.546: Application time: 0.0000668 seconds
2019-06-25T05:33:52.534+0000: 335971.547: Application time: 0.0000646 seconds
2019-06-25T05:33:52.535+0000: 335971.547: Application time: 0.0001355 seconds
2019-06-25T05:33:52.535+0000: 335971.547: Application time: 0.0001188 seconds
2019-06-25T05:33:53.459+0000: 335972.472: Application time: 0.9245633 seconds
2019-06-25T05:33:53.460+0000: 335972.472: Application time: 0.0000689 seconds
2019-06-25T05:33:53.461+0000: 335972.474: Application time: 0.0014072 seconds
2019-06-25T05:33:55.442+0000: 335974.454: Application time: 1.9802016 seconds
2019-06-25T05:33:55.473+0000: 335974.485: Application time: 0.0309376 seconds
2019-06-25T05:37:18.807+0000: 336177.819: Application time: 203.3336329 seconds
2019-06-25T05:37:18.845+0000: 336177.857: Application time: 0.0379809 seconds
2019-06-25T05:37:22.651+0000: 336181.663: Application time: 3.8057600 seconds
2019-06-25T05:37:22.651+0000: 336181.663: Application time: 0.0000885 seconds
2019-06-25T05:37:22.651+0000: 336181.664: Application time: 0.0005293 seconds
2019-06-25T05:37:22.652+0000: 336181.664: Application time: 0.0000697 seconds
2019-06-25T05:37:22.652+0000: 336181.665: Application time: 0.0000590 seconds
2019-06-25T05:37:22.653+0000: 336181.665: Application time: 0.0000630 seconds
2019-06-25T05:37:22.653+0000: 336181.665: Application time: 0.0001334 seconds
2019-06-25T05:37:22.653+0000: 336181.665: Application time: 0.0001380 seconds
2019-06-25T05:37:23.482+0000: 336182.495: Application time: 0.8292437 seconds
2019-06-25T05:37:23.483+0000: 336182.495: Application time: 0.0000685 seconds
2019-06-25T05:37:23.483+0000: 336182.495: Application time: 0.0000650 seconds
2019-06-25T05:37:23.484+0000: 336182.497: Application time: 0.0014411 seconds
2019-06-25T05:37:48.727+0000: 336207.740: Application time: 25.2427209 seconds
{Heap before GC invocations=2254 (full 175):
 par new generation   total 9792K, used 9791K [0x00000000e1000000, 0x00000000e1aa0000, 0x00000000eb4a0000)
  eden space 8704K,  99% used [0x00000000e1000000, 0x00000000e187fe08, 0x00000000e1880000)
  from space 1088K, 100% used [0x00000000e1880000, 0x00000000e1990000, 0x00000000e1990000)
  to   space 1088K,   0% used [0x00000000e1990000, 0x00000000e1990000, 0x00000000e1aa0000)
 concurrent mark-sweep generation total 121500K, used 71884K [0x00000000eb4a0000, 0x00000000f2b47000, 0x0000000100000000)
 Metaspace       used 88986K, capacity 93468K, committed 93824K, reserved 1132544K
  class space    used 10727K, capacity 11544K, committed 11648K, reserved 1048576K
2019-06-25T05:37:48.728+0000: 336207.740: [GC (Allocation Failure) 2019-06-25T05:37:48.728+0000: 336207.741: [ParNew: 9791K->936K(9792K), 0.0032933 secs] 81676K->73100K(131292K), 0.0040883 secs] [Times: user=0.01 sys=0.00, real=0.01 secs] 
Heap after GC invocations=2255 (full 175):
 par new generation   total 9792K, used 936K [0x00000000e1000000, 0x00000000e1aa0000, 0x00000000eb4a0000)
  eden space 8704K,   0% used [0x00000000e1000000, 0x00000000e1000000, 0x00000000e1880000)
  from space 1088K,  86% used [0x00000000e1990000, 0x00000000e1a7a280, 0x00000000e1aa0000)
  to   space 1088K,   0% used [0x00000000e1880000, 0x00000000e1880000, 0x00000000e1990000)
 concurrent mark-sweep generation total 121500K, used 72163K [0x00000000eb4a0000, 0x00000000f2b47000, 0x0000000100000000)
 Metaspace       used 88986K, capacity 93468K, committed 93824K, reserved 1132544K
  class space    used 10727K, capacity 11544K, committed 11648K, reserved 1048576K
}
2019-06-25T05:37:52.670+0000: 336211.683: Application time: 3.9375440 seconds
2019-06-25T05:37:52.671+0000: 336211.683: Application time: 0.0001279 seconds
2019-06-25T05:37:52.671+0000: 336211.683: Application time: 0.0001572 seconds
2019-06-25T05:37:52.672+0000: 336211.684: Application time: 0.0001375 seconds
2019-06-25T05:37:52.672+0000: 336211.685: Application time: 0.0007980 seconds
2019-06-25T05:37:52.673+0000: 336211.685: Application time: 0.0000814 seconds
2019-06-25T05:37:52.674+0000: 336211.686: Application time: 0.0001510 seconds
2019-06-25T05:37:52.674+0000: 336211.686: Application time: 0.0001458 seconds
2019-06-25T05:37:53.486+0000: 336212.499: Application time: 0.8122326 seconds
2019-06-25T05:37:53.487+0000: 336212.499: Application time: 0.0001223 seconds
2019-06-25T05:37:53.487+0000: 336212.499: Application time: 0.0001365 seconds
2019-06-25T05:37:53.487+0000: 336212.500: Application time: 0.0001196 seconds
2019-06-25T05:37:53.488+0000: 336212.500: Application time: 0.0001126 seconds
2019-06-25T05:37:53.488+0000: 336212.500: Application time: 0.0003617 seconds
2019-06-25T05:37:53.488+0000: 336212.501: Application time: 0.0001529 seconds
2019-06-25T05:37:53.489+0000: 336212.501: Application time: 0.0002627 seconds
2019-06-25T05:37:53.489+0000: 336212.501: Application time: 0.0001422 seconds
2019-06-25T05:37:53.491+0000: 336212.504: Application time: 0.0026799 seconds
2019-06-25T05:37:53.724+0000: 336212.736: Application time: 0.2318237 seconds
2019-06-25T05:37:53.754+0000: 336212.766: Application time: 0.0295514 seconds
2019-06-25T05:43:12.274+0000: 336531.287: Application time: 318.5204177 seconds
2019-06-25T05:44:32.905+0000: 336611.917: Application time: 80.6301155 seconds
{Heap before GC invocations=2255 (full 175):
 par new generation   total 9792K, used 9640K [0x00000000e1000000, 0x00000000e1aa0000, 0x00000000eb4a0000)
  eden space 8704K, 100% used [0x00000000e1000000, 0x00000000e1880000, 0x00000000e1880000)
  from space 1088K,  86% used [0x00000000e1990000, 0x00000000e1a7a280, 0x00000000e1aa0000)
  to   space 1088K,   0% used [0x00000000e1880000, 0x00000000e1880000, 0x00000000e1990000)
 concurrent mark-sweep generation total 121500K, used 72163K [0x00000000eb4a0000, 0x00000000f2b47000, 0x0000000100000000)
 Metaspace       used 88993K, capacity 93468K, committed 93824K, reserved 1132544K
  class space    used 10727K, capacity 11544K, committed 11648K, reserved 1048576K
2019-06-25T05:44:32.906+0000: 336611.918: [GC (Allocation Failure) 2019-06-25T05:44:32.906+0000: 336611.918: [ParNew: 9640K->648K(9792K), 0.0038290 secs] 81804K->73307K(131292K), 0.0047110 secs] [Times: user=0.01 sys=0.00, real=0.01 secs] 
Heap after GC invocations=2256 (full 175):
 par new generation   total 9792K, used 648K [0x00000000e1000000, 0x00000000e1aa0000, 0x00000000eb4a0000)
  eden space 8704K,   0% used [0x00000000e1000000, 0x00000000e1000000, 0x00000000e1880000)
  from space 1088K,  59% used [0x00000000e1880000, 0x00000000e1922108, 0x00000000e1990000)
  to   space 1088K,   0% used [0x00000000e1990000, 0x00000000e1990000, 0x00000000e1aa0000)
 concurrent mark-sweep generation total 121500K, used 72659K [0x00000000eb4a0000, 0x00000000f2b47000, 0x0000000100000000)
 Metaspace       used 88993K, capacity 93468K, committed 93824K, reserved 1132544K
  class space    used 10727K, capacity 11544K, committed 11648K, reserved 1048576K
}
2019-06-25T05:47:53.020+0000: 336812.032: Application time: 200.1082244 seconds
2019-06-25T05:51:42.212+0000: 337041.224: Application time: 229.1919371 seconds
{Heap before GC invocations=2256 (full 175):
 par new generation   total 9792K, used 9352K [0x00000000e1000000, 0x00000000e1aa0000, 0x00000000eb4a0000)
  eden space 8704K, 100% used [0x00000000e1000000, 0x00000000e1880000, 0x00000000e1880000)
  from space 1088K,  59% used [0x00000000e1880000, 0x00000000e1922108, 0x00000000e1990000)
  to   space 1088K,   0% used [0x00000000e1990000, 0x00000000e1990000, 0x00000000e1aa0000)
 concurrent mark-sweep generation total 121500K, used 72659K [0x00000000eb4a0000, 0x00000000f2b47000, 0x0000000100000000)
 Metaspace       used 88993K, capacity 93468K, committed 93824K, reserved 1132544K
  class space    used 10727K, capacity 11544K, committed 11648K, reserved 1048576K
2019-06-25T05:51:42.213+0000: 337041.225: [GC (Allocation Failure) 2019-06-25T05:51:42.213+0000: 337041.225: [ParNew: 9352K->449K(9792K), 0.0078515 secs] 82011K->73108K(131292K), 0.0088007 secs] [Times: user=0.01 sys=0.01, real=0.01 secs] 
Heap after GC invocations=2257 (full 175):
 par new generation   total 9792K, used 449K [0x00000000e1000000, 0x00000000e1aa0000, 0x00000000eb4a0000)
  eden space 8704K,   0% used [0x00000000e1000000, 0x00000000e1000000, 0x00000000e1880000)
  from space 1088K,  41% used [0x00000000e1990000, 0x00000000e1a00470, 0x00000000e1aa0000)
  to   space 1088K,   0% used [0x00000000e1880000, 0x00000000e1880000, 0x00000000e1990000)
 concurrent mark-sweep generation total 121500K, used 72659K [0x00000000eb4a0000, 0x00000000f2b47000, 0x0000000100000000)
 Metaspace       used 88993K, capacity 93468K, committed 93824K, reserved 1132544K
  class space    used 10727K, capacity 11544K, committed 11648K, reserved 1048576K
}
2019-06-25T05:55:33.286+0000: 337272.298: Application time: 231.0633162 seconds
2019-06-25T05:55:36.338+0000: 337275.351: Application time: 3.0524150 seconds
2019-06-25T05:55:36.363+0000: 337275.376: Application time: 0.0248621 seconds
2019-06-25T05:55:43.292+0000: 337282.304: Application time: 6.9283828 seconds
2019-06-25T05:55:43.293+0000: 337282.305: Application time: 0.0000770 seconds
2019-06-25T05:55:43.293+0000: 337282.305: Application time: 0.0000631 seconds
2019-06-25T05:55:43.293+0000: 337282.305: Application time: 0.0000755 seconds
2019-06-25T05:55:43.293+0000: 337282.306: Application time: 0.0000563 seconds
2019-06-25T05:55:43.293+0000: 337282.306: Application time: 0.0000653 seconds
2019-06-25T05:55:43.294+0000: 337282.306: Application time: 0.0000695 seconds
2019-06-25T05:55:43.294+0000: 337282.306: Application time: 0.0001880 seconds
2019-06-25T05:55:43.294+0000: 337282.307: Application time: 0.0001619 seconds
2019-06-25T05:55:43.296+0000: 337282.308: Application time: 0.0013099 seconds
2019-06-25T05:57:03.340+0000: 337362.352: Application time: 80.0437924 seconds
{Heap before GC invocations=2257 (full 175):
 par new generation   total 9792K, used 9153K [0x00000000e1000000, 0x00000000e1aa0000, 0x00000000eb4a0000)
  eden space 8704K, 100% used [0x00000000e1000000, 0x00000000e1880000, 0x00000000e1880000)
  from space 1088K,  41% used [0x00000000e1990000, 0x00000000e1a00470, 0x00000000e1aa0000)
  to   space 1088K,   0% used [0x00000000e1880000, 0x00000000e1880000, 0x00000000e1990000)
 concurrent mark-sweep generation total 121500K, used 72659K [0x00000000eb4a0000, 0x00000000f2b47000, 0x0000000100000000)
 Metaspace       used 88993K, capacity 93468K, committed 93824K, reserved 1132544K
  class space    used 10727K, capacity 11544K, committed 11648K, reserved 1048576K
2019-06-25T05:57:03.340+0000: 337362.353: [GC (Allocation Failure) 2019-06-25T05:57:03.341+0000: 337362.353: [ParNew: 9153K->609K(9792K), 0.0034670 secs] 81812K->73268K(131292K), 0.0044987 secs] [Times: user=0.01 sys=0.00, real=0.00 secs] 
Heap after GC invocations=2258 (full 175):
 par new generation   total 9792K, used 609K [0x00000000e1000000, 0x00000000e1aa0000, 0x00000000eb4a0000)
  eden space 8704K,   0% used [0x00000000e1000000, 0x00000000e1000000, 0x00000000e1880000)
  from space 1088K,  55% used [0x00000000e1880000, 0x00000000e1918488, 0x00000000e1990000)
  to   space 1088K,   0% used [0x00000000e1990000, 0x00000000e1990000, 0x00000000e1aa0000)
 concurrent mark-sweep generation total 121500K, used 72659K [0x00000000eb4a0000, 0x00000000f2b47000, 0x0000000100000000)
 Metaspace       used 88993K, capacity 93468K, committed 93824K, reserved 1132544K
  class space    used 10727K, capacity 11544K, committed 11648K, reserved 1048576K
}
2019-06-25T05:59:23.063+0000: 337502.075: Application time: 139.7167119 seconds
2019-06-25T05:59:28.946+0000: 337507.958: Application time: 5.3337056 seconds
2019-06-25T05:59:40.043+0000: 337519.056: Application time: 11.0122578 seconds
2019-06-25T05:59:40.578+0000: 337519.590: Application time: 0.5343001 seconds
2019-06-25T05:59:42.711+0000: 337521.723: Application time: 2.1323568 seconds
2019-06-25T05:59:44.396+0000: 337523.408: Application time: 1.5931048 seconds
2019-06-25T05:59:53.653+0000: 337532.665: Application time: 7.3036101 seconds
2019-06-25T05:59:53.812+0000: 337532.824: Application time: 0.0000979 seconds
2019-06-25T05:59:53.812+0000: 337532.824: Application time: 0.0000785 seconds
2019-06-25T05:59:53.907+0000: 337532.919: Application time: 0.0000715 seconds
2019-06-25T05:59:53.972+0000: 337532.984: Application time: 0.0000824 seconds
2019-06-25T05:59:53.972+0000: 337532.984: Application time: 0.0000630 seconds
2019-06-25T05:59:54.052+0000: 337533.065: Application time: 0.0000836 seconds
2019-06-25T05:59:54.102+0000: 337533.114: Application time: 0.0005606 seconds
2019-06-25T05:59:54.139+0000: 337533.151: Application time: 0.0001370 seconds
2019-06-25T05:59:54.208+0000: 337533.220: Application time: 0.0011981 seconds
2019-06-25T05:59:55.505+0000: 337534.517: Application time: 0.6900083 seconds
{Heap before GC invocations=2258 (full 175):
 par new generation   total 9792K, used 9313K [0x00000000e1000000, 0x00000000e1aa0000, 0x00000000eb4a0000)
  eden space 8704K, 100% used [0x00000000e1000000, 0x00000000e1880000, 0x00000000e1880000)
  from space 1088K,  55% used [0x00000000e1880000, 0x00000000e1918488, 0x00000000e1990000)
  to   space 1088K,   0% used [0x00000000e1990000, 0x00000000e1990000, 0x00000000e1aa0000)
 concurrent mark-sweep generation total 121500K, used 72659K [0x00000000eb4a0000, 0x00000000f2b47000, 0x0000000100000000)
 Metaspace       used 89005K, capacity 93486K, committed 93824K, reserved 1132544K
  class space    used 10729K, capacity 11547K, committed 11648K, reserved 1048576K
2019-06-25T05:59:55.738+0000: 337534.750: [GC (Allocation Failure) 2019-06-25T05:59:55.738+0000: 337534.750: [ParNew: 9313K->1088K(9792K), 34.1763238 secs] 81972K->73759K(131292K), 34.1771267 secs] [Times: user=43.34 sys=0.00, real=34.18 secs] 
Heap after GC invocations=2259 (full 175):
 par new generation   total 9792K, used 1088K [0x00000000e1000000, 0x00000000e1aa0000, 0x00000000eb4a0000)
  eden space 8704K,   0% used [0x00000000e1000000, 0x00000000e1000000, 0x00000000e1880000)
  from space 1088K, 100% used [0x00000000e1990000, 0x00000000e1aa0000, 0x00000000e1aa0000)
  to   space 1088K,   0% used [0x00000000e1880000, 0x00000000e1880000, 0x00000000e1990000)
 concurrent mark-sweep generation total 121500K, used 72671K [0x00000000eb4a0000, 0x00000000f2b47000, 0x0000000100000000)
 Metaspace       used 89005K, capacity 93486K, committed 93824K, reserved 1132544K
  class space    used 10729K, capacity 11547K, committed 11648K, reserved 1048576K
}
2019-06-25T06:00:29.916+0000: 337568.929: Application time: 0.0007354 seconds
2019-06-25T06:00:30.897+0000: 337569.909: Application time: 0.6766249 seconds
2019-06-25T06:00:31.248+0000: 337570.261: Application time: 0.0003951 seconds
2019-06-25T06:00:33.520+0000: 337572.532: Application time: 1.6548867 seconds
2019-06-25T06:00:33.662+0000: 337572.675: Application time: 0.0001012 seconds
2019-06-25T06:00:33.663+0000: 337572.675: Application time: 0.0001848 seconds
2019-06-25T06:00:33.686+0000: 337572.698: Application time: 0.0000846 seconds
2019-06-25T06:00:33.720+0000: 337572.733: Application time: 0.0010128 seconds
2019-06-25T06:00:33.746+0000: 337572.758: Application time: 0.0001181 seconds
2019-06-25T06:00:33.782+0000: 337572.794: Application time: 0.0001852 seconds
2019-06-25T06:00:33.848+0000: 337572.860: Application time: 0.0009169 seconds
2019-06-25T06:00:33.882+0000: 337572.894: Application time: 0.0001043 seconds
2019-06-25T06:00:34.219+0000: 337573.231: Application time: 0.2928994 seconds
2019-06-25T06:00:49.353+0000: 337588.365: Application time: 12.0019639 seconds
2019-06-25T06:00:50.381+0000: 337589.394: Application time: 0.9161498 seconds
2019-06-25T06:00:51.382+0000: 337590.394: Application time: 1.0002137 seconds
2019-06-25T06:00:52.477+0000: 337591.490: Application time: 0.5350787 seconds
2019-06-25T06:00:55.460+0000: 337594.473: Application time: 2.0021105 seconds
2019-06-25T06:00:56.478+0000: 337595.490: Application time: 1.0034776 seconds
2019-06-25T06:00:57.517+0000: 337596.529: Application time: 1.0001243 seconds
2019-06-25T06:01:03.169+0000: 337602.181: Application time: 5.6345975 seconds
2019-06-25T06:01:09.148+0000: 337608.160: Application time: 5.9443103 seconds
2019-06-25T06:01:10.148+0000: 337609.160: Application time: 1.0000973 seconds
2019-06-25T06:01:11.249+0000: 337610.262: Application time: 1.0002573 seconds
2019-06-25T06:01:12.334+0000: 337611.346: Application time: 1.0001271 seconds
2019-06-25T06:01:13.386+0000: 337612.398: Application time: 1.0079779 seconds
2019-06-25T06:01:13.945+0000: 337612.958: Application time: 0.5395177 seconds
2019-06-25T06:01:14.961+0000: 337613.973: Application time: 1.0001323 seconds
2019-06-25T06:01:21.011+0000: 337620.023: Application time: 6.0093525 seconds
2019-06-25T06:01:23.729+0000: 337622.742: Application time: 2.6717891 seconds
{Heap before GC invocations=2259 (full 175):
 par new generation   total 9792K, used 9792K [0x00000000e1000000, 0x00000000e1aa0000, 0x00000000eb4a0000)
  eden space 8704K, 100% used [0x00000000e1000000, 0x00000000e1880000, 0x00000000e1880000)
  from space 1088K, 100% used [0x00000000e1990000, 0x00000000e1aa0000, 0x00000000e1aa0000)
  to   space 1088K,   0% used [0x00000000e1880000, 0x00000000e1880000, 0x00000000e1990000)
 concurrent mark-sweep generation total 121500K, used 72671K [0x00000000eb4a0000, 0x00000000f2b47000, 0x0000000100000000)
 Metaspace       used 89089K, capacity 93614K, committed 93824K, reserved 1132544K
  class space    used 10743K, capacity 11547K, committed 11648K, reserved 1048576K
2019-06-25T06:01:23.942+0000: 337622.954: [GC (Allocation Failure) 2019-06-25T06:01:23.942+0000: 337622.955: [ParNew: 9792K->1088K(9792K), 12.9938661 secs] 82463K->74709K(131292K), 13.0679865 secs] [Times: user=0.73 sys=0.00, real=13.07 secs] 
Heap after GC invocations=2260 (full 175):
 par new generation   total 9792K, used 1088K [0x00000000e1000000, 0x00000000e1aa0000, 0x00000000eb4a0000)
  eden space 8704K,   0% used [0x00000000e1000000, 0x00000000e1000000, 0x00000000e1880000)
  from space 1088K, 100% used [0x00000000e1880000, 0x00000000e1990000, 0x00000000e1990000)
  to   space 1088K,   0% used [0x00000000e1990000, 0x00000000e1990000, 0x00000000e1aa0000)
 concurrent mark-sweep generation total 121500K, used 73621K [0x00000000eb4a0000, 0x00000000f2b47000, 0x0000000100000000)
 Metaspace       used 89089K, capacity 93614K, committed 93824K, reserved 1132544K
  class space    used 10743K, capacity 11547K, committed 11648K, reserved 1048576K
}
2019-06-25T06:01:37.230+0000: 337636.242: Application time: 0.0600395 seconds
2019-06-25T06:01:37.436+0000: 337636.448: [GC (CMS Initial Mark) [1 CMS-initial-mark: 73621K(121500K)] 74905K(131292K), 0.3310173 secs] [Times: user=0.00 sys=0.00, real=0.34 secs] 
2019-06-25T06:01:37.768+0000: 337636.781: [CMS-concurrent-mark-start]
2019-06-25T06:01:38.389+0000: 337637.401: Application time: 0.6206304 seconds
2019-06-25T06:01:38.734+0000: 337637.746: Application time: 0.0118639 seconds
2019-06-25T06:01:38.871+0000: 337637.883: Application time: 0.0788316 seconds
2019-06-25T06:01:39.101+0000: 337638.114: Application time: 0.0177773 seconds
2019-06-25T06:01:39.246+0000: 337638.258: Application time: 0.0005471 seconds
2019-06-25T06:01:39.323+0000: 337638.336: Application time: 0.0516601 seconds
2019-06-25T06:01:39.454+0000: 337638.467: Application time: 0.0447831 seconds
2019-06-25T06:01:39.678+0000: 337638.691: Application time: 0.0321192 seconds
2019-06-25T06:01:40.759+0000: 337639.788: Application time: 1.0177821 seconds
2019-06-25T06:01:41.531+0000: 337640.544: Application time: 0.3767796 seconds
2019-06-25T06:01:41.635+0000: 337640.647: Application time: 0.0194175 seconds
2019-06-25T06:01:41.701+0000: 337640.713: Application time: 0.0156293 seconds
2019-06-25T06:01:41.713+0000: 337640.725: Application time: 0.0041308 seconds
2019-06-25T06:01:42.093+0000: 337641.105: Application time: 0.0085917 seconds
2019-06-25T06:01:42.131+0000: 337641.143: Application time: 0.0202343 seconds
2019-06-25T06:01:42.211+0000: 337641.224: Application time: 0.0226060 seconds
2019-06-25T06:01:42.253+0000: 337641.266: Application time: 0.0320083 seconds
2019-06-25T06:01:43.334+0000: 337642.346: Application time: 1.0076498 seconds
2019-06-25T06:01:46.606+0000: 337645.619: Application time: 3.0984810 seconds
2019-06-25T06:01:46.742+0000: 337645.755: Application time: 0.0003965 seconds
2019-06-25T06:01:47.290+0000: 337646.303: Application time: 0.4301003 seconds
2019-06-25T06:01:52.779+0000: 337651.792: Application time: 5.0678272 seconds
2019-06-25T06:01:58.939+0000: 337657.952: Application time: 6.0906108 seconds
2019-06-25T06:02:03.122+0000: 337662.134: Application time: 3.9709248 seconds
2019-06-25T06:02:07.279+0000: 337666.292: Application time: 4.0811734 seconds
2019-06-25T06:02:10.335+0000: 337669.348: Application time: 3.0122569 seconds
2019-06-25T06:02:12.679+0000: 337671.692: Application time: 2.3329898 seconds
2019-06-25T06:02:12.719+0000: 337671.732: Application time: 0.0000776 seconds
2019-06-25T06:02:39.852+0000: 337698.864: Application time: 27.0568812 seconds
2019-06-25T06:02:41.432+0000: 337700.461: Application time: 1.5117821 seconds
2019-06-25T06:02:42.950+0000: 337701.963: Application time: 1.4128665 seconds
2019-06-25T06:02:42.951+0000: 337701.963: Application time: 0.0000548 seconds
2019-06-25T06:02:42.951+0000: 337701.963: Application time: 0.0000720 seconds
2019-06-25T06:02:42.951+0000: 337701.963: Application time: 0.0000636 seconds
2019-06-25T06:02:42.951+0000: 337701.963: Application time: 0.0000636 seconds
2019-06-25T06:02:42.951+0000: 337701.964: Application time: 0.0001207 seconds
2019-06-25T06:02:43.008+0000: 337702.021: Application time: 0.0569283 seconds
2019-06-25T06:02:43.009+0000: 337702.021: Application time: 0.0001623 seconds
2019-06-25T06:02:44.185+0000: 337703.198: Application time: 1.1761610 seconds
2019-06-25T06:03:01.496+0000: 337720.509: Application time: 17.2954364 seconds
2019-06-25T06:03:08.228+0000: 337727.240: [CMS-concurrent-mark: 84.335/90.460 secs] [Times: user=1.06 sys=0.00, real=90.54 secs] 
2019-06-25T06:03:08.357+0000: 337727.370: [CMS-concurrent-preclean-start]
2019-06-25T06:03:08.476+0000: 337727.489: [CMS-concurrent-preclean: 0.119/0.119 secs] [Times: user=0.00 sys=0.00, real=0.12 secs] 
2019-06-25T06:03:08.477+0000: 337727.489: [CMS-concurrent-abortable-preclean-start]
2019-06-25T06:03:10.980+0000: 337729.992: Application time: 7.4433890 seconds
2019-06-25T06:03:12.023+0000: 337731.035: Application time: 0.9783663 seconds
 CMS: abort preclean due to time 2019-06-25T06:03:13.564+0000: 337732.793: [CMS-concurrent-abortable-preclean: 0.292/5.051 secs] [Times: user=0.31 sys=0.00, real=5.32 secs] 
2019-06-25T06:03:13.802+0000: 337732.814: Application time: 1.7660807 seconds
2019-06-25T06:03:13.802+0000: 337732.814: [GC (CMS Final Remark) [YG occupancy: 9634 K (9792 K)]2019-06-25T06:03:13.832+0000: 337732.845: [Rescan (parallel) , 0.3226215 secs]2019-06-25T06:03:14.155+0000: 337733.168: [weak refs processing, 2.9081373 secs]2019-06-25T06:03:17.064+0000: 337736.076: [class unloading, 145.4852809 secs]2019-06-25T06:05:42.550+0000: 337881.562: [scrub symbol table, 12.0591437 secs]2019-06-25T06:05:54.609+0000: 337893.622: [scrub string table, 0.0015746 secs][1 CMS-remark: 73621K(121500K)] 83255K(131292K), 160.8212850 secs] [Times: user=0.89 sys=0.00, real=160.82 secs] 
2019-06-25T06:05:54.624+0000: 337893.637: [CMS-concurrent-sweep-start]
2019-06-25T06:05:54.815+0000: 337893.828: Application time: 0.1916380 seconds
{Heap before GC invocations=2260 (full 176):
 par new generation   total 9792K, used 9792K [0x00000000e1000000, 0x00000000e1aa0000, 0x00000000eb4a0000)
  eden space 8704K, 100% used [0x00000000e1000000, 0x00000000e1880000, 0x00000000e1880000)
  from space 1088K, 100% used [0x00000000e1880000, 0x00000000e1990000, 0x00000000e1990000)
  to   space 1088K,   0% used [0x00000000e1990000, 0x00000000e1990000, 0x00000000e1aa0000)
 concurrent mark-sweep generation total 121500K, used 73621K [0x00000000eb4a0000, 0x00000000f2b47000, 0x0000000100000000)
 Metaspace       used 89097K, capacity 93614K, committed 93824K, reserved 1132544K
  class space    used 10743K, capacity 11547K, committed 11648K, reserved 1048576K
2019-06-25T06:05:55.063+0000: 337894.076: [GC (Allocation Failure) 2019-06-25T06:05:55.064+0000: 337894.076: [ParNew: 9792K->1088K(9792K), 0.3254577 secs] 83413K->75622K(131292K), 0.3263604 secs] [Times: user=0.14 sys=0.00, real=0.33 secs] 
Heap after GC invocations=2261 (full 176):
 par new generation   total 9792K, used 1088K [0x00000000e1000000, 0x00000000e1aa0000, 0x00000000eb4a0000)
  eden space 8704K,   0% used [0x00000000e1000000, 0x00000000e1000000, 0x00000000e1880000)
  from space 1088K, 100% used [0x00000000e1990000, 0x00000000e1aa0000, 0x00000000e1aa0000)
  to   space 1088K,   0% used [0x00000000e1880000, 0x00000000e1880000, 0x00000000e1990000)
 concurrent mark-sweep generation total 121500K, used 74534K [0x00000000eb4a0000, 0x00000000f2b47000, 0x0000000100000000)
 Metaspace       used 89097K, capacity 93614K, committed 93824K, reserved 1132544K
  class space    used 10743K, capacity 11547K, committed 11648K, reserved 1048576K
}
2019-06-25T06:05:55.393+0000: 337894.405: Application time: 0.0023912 seconds
2019-06-25T06:05:55.435+0000: 337894.448: Application time: 0.0383792 seconds
2019-06-25T06:05:55.599+0000: 337894.612: Application time: 0.0275940 seconds
2019-06-25T06:05:55.825+0000: 337894.838: Application time: 0.0808512 seconds
2019-06-25T06:05:55.890+0000: 337894.903: Application time: 0.0001162 seconds
2019-06-25T06:05:55.916+0000: 337894.928: Application time: 0.0251558 seconds
2019-06-25T06:05:55.996+0000: 337895.008: Application time: 0.0408755 seconds
2019-06-25T06:05:56.074+0000: 337895.087: Application time: 0.0358328 seconds
2019-06-25T06:05:56.137+0000: 337895.149: Application time: 0.0175065 seconds
2019-06-25T06:05:56.146+0000: 337895.158: Application time: 0.0074624 seconds
2019-06-25T06:05:56.214+0000: 337895.226: Application time: 0.0282362 seconds
2019-06-25T06:05:56.248+0000: 337895.261: Application time: 0.0344319 seconds
2019-06-25T06:05:56.249+0000: 337895.261: Application time: 0.0001252 seconds
2019-06-25T06:05:56.249+0000: 337895.261: Application time: 0.0000957 seconds
2019-06-25T06:05:56.250+0000: 337895.262: Application time: 0.0002509 seconds
2019-06-25T06:05:56.251+0000: 337895.263: Application time: 0.0008336 seconds
2019-06-25T06:05:56.283+0000: 337895.295: Application time: 0.0321353 seconds
2019-06-25T06:05:57.380+0000: 337896.394: [CMS-concurrent-sweep: 1.658/2.756 secs] [Times: user=0.41 sys=0.00, real=2.76 secs] 
2019-06-25T06:05:57.382+0000: 337896.394: [CMS-concurrent-reset-start]
2019-06-25T06:05:57.382+0000: 337896.395: [CMS-concurrent-reset: 0.000/0.000 secs] [Times: user=0.00 sys=0.00, real=0.00 secs] 
2019-06-25T06:06:00.400+0000: 337899.412: Application time: 4.1165041 seconds
2019-06-25T06:06:01.120+0000: 337900.132: Application time: 0.7199809 seconds
2019-06-25T06:06:06.330+0000: 337905.342: Application time: 5.2096983 seconds
2019-06-25T06:06:06.352+0000: 337905.364: Application time: 0.0213490 seconds
2019-06-25T06:06:06.352+0000: 337905.364: Application time: 0.0001556 seconds
2019-06-25T06:06:48.787+0000: 337947.799: Application time: 42.4345395 seconds
2019-06-25T06:06:49.255+0000: 337948.267: Application time: 0.4682602 seconds
2019-06-25T06:06:56.044+0000: 337955.056: Application time: 6.7890034 seconds
2019-06-25T06:06:56.046+0000: 337955.058: Application time: 0.0014157 seconds
2019-06-25T06:07:11.603+0000: 337970.615: Application time: 15.5566688 seconds
{Heap before GC invocations=2261 (full 176):
 par new generation   total 9792K, used 9786K [0x00000000e1000000, 0x00000000e1aa0000, 0x00000000eb4a0000)
  eden space 8704K,  99% used [0x00000000e1000000, 0x00000000e187ebb8, 0x00000000e1880000)
  from space 1088K, 100% used [0x00000000e1990000, 0x00000000e1aa0000, 0x00000000e1aa0000)
  to   space 1088K,   0% used [0x00000000e1880000, 0x00000000e1880000, 0x00000000e1990000)
 concurrent mark-sweep generation total 121500K, used 70639K [0x00000000eb4a0000, 0x00000000f2b47000, 0x0000000100000000)
 Metaspace       used 89102K, capacity 93620K, committed 93824K, reserved 1132544K
  class space    used 10743K, capacity 11548K, committed 11648K, reserved 1048576K
2019-06-25T06:07:11.657+0000: 337970.669: [GC (Allocation Failure) 2019-06-25T06:07:11.658+0000: 337970.670: [ParNew: 9786K->1088K(9792K), 0.3772879 secs] 80426K->72162K(131292K), 0.3784922 secs] [Times: user=0.05 sys=0.00, real=0.38 secs] 
Heap after GC invocations=2262 (full 176):
 par new generation   total 9792K, used 1088K [0x00000000e1000000, 0x00000000e1aa0000, 0x00000000eb4a0000)
  eden space 8704K,   0% used [0x00000000e1000000, 0x00000000e1000000, 0x00000000e1880000)
  from space 1088K, 100% used [0x00000000e1880000, 0x00000000e1990000, 0x00000000e1990000)
  to   space 1088K,   0% used [0x00000000e1990000, 0x00000000e1990000, 0x00000000e1aa0000)
 concurrent mark-sweep generation total 121500K, used 71074K [0x00000000eb4a0000, 0x00000000f2b47000, 0x0000000100000000)
 Metaspace       used 89102K, capacity 93620K, committed 93824K, reserved 1132544K
  class space    used 10743K, capacity 11548K, committed 11648K, reserved 1048576K
}
2019-06-25T06:07:34.613+0000: 337993.626: Application time: 22.5772442 seconds
2019-06-25T06:07:34.642+0000: 337993.654: Application time: 0.0278474 seconds
2019-06-25T06:09:20.651+0000: 338099.663: Application time: 106.0087788 seconds
2019-06-25T06:09:20.651+0000: 338099.663: Application time: 0.0000532 seconds
2019-06-25T06:11:26.187+0000: 338225.199: Application time: 125.5354481 seconds
{Heap before GC invocations=2262 (full 176):
 par new generation   total 9792K, used 9792K [0x00000000e1000000, 0x00000000e1aa0000, 0x00000000eb4a0000)
  eden space 8704K, 100% used [0x00000000e1000000, 0x00000000e1880000, 0x00000000e1880000)
  from space 1088K, 100% used [0x00000000e1880000, 0x00000000e1990000, 0x00000000e1990000)
  to   space 1088K,   0% used [0x00000000e1990000, 0x00000000e1990000, 0x00000000e1aa0000)
 concurrent mark-sweep generation total 121500K, used 71074K [0x00000000eb4a0000, 0x00000000f2b47000, 0x0000000100000000)
 Metaspace       used 89104K, capacity 93620K, committed 93824K, reserved 1132544K
  class space    used 10743K, capacity 11548K, committed 11648K, reserved 1048576K
2019-06-25T06:11:26.187+0000: 338225.200: [GC (Allocation Failure) 2019-06-25T06:11:26.188+0000: 338225.200: [ParNew: 9792K->743K(9792K), 0.6556221 secs] 80866K->72743K(131292K), 0.6565695 secs] [Times: user=0.05 sys=0.00, real=0.66 secs] 
Heap after GC invocations=2263 (full 176):
 par new generation   total 9792K, used 743K [0x00000000e1000000, 0x00000000e1aa0000, 0x00000000eb4a0000)
  eden space 8704K,   0% used [0x00000000e1000000, 0x00000000e1000000, 0x00000000e1880000)
  from space 1088K,  68% used [0x00000000e1990000, 0x00000000e1a49d28, 0x00000000e1aa0000)
  to   space 1088K,   0% used [0x00000000e1880000, 0x00000000e1880000, 0x00000000e1990000)
 concurrent mark-sweep generation total 121500K, used 71999K [0x00000000eb4a0000, 0x00000000f2b47000, 0x0000000100000000)
 Metaspace       used 89104K, capacity 93620K, committed 93824K, reserved 1132544K
  class space    used 10743K, capacity 11548K, committed 11648K, reserved 1048576K
}
2019-06-25T06:12:57.857+0000: 338316.869: Application time: 91.0121882 seconds
2019-06-25T06:13:51.864+0000: 338370.876: Application time: 54.0066464 seconds
2019-06-25T06:15:21.082+0000: 338460.094: Application time: 89.2177727 seconds
2019-06-25T06:18:27.913+0000: 338646.926: Application time: 186.8316711 seconds
{Heap before GC invocations=2263 (full 176):
 par new generation   total 9792K, used 9447K [0x00000000e1000000, 0x00000000e1aa0000, 0x00000000eb4a0000)
  eden space 8704K, 100% used [0x00000000e1000000, 0x00000000e1880000, 0x00000000e1880000)
  from space 1088K,  68% used [0x00000000e1990000, 0x00000000e1a49d28, 0x00000000e1aa0000)
  to   space 1088K,   0% used [0x00000000e1880000, 0x00000000e1880000, 0x00000000e1990000)
 concurrent mark-sweep generation total 121500K, used 71999K [0x00000000eb4a0000, 0x00000000f2b47000, 0x0000000100000000)
 Metaspace       used 89104K, capacity 93620K, committed 93824K, reserved 1132544K
  class space    used 10743K, capacity 11548K, committed 11648K, reserved 1048576K
2019-06-25T06:18:27.951+0000: 338646.963: [GC (Allocation Failure) 2019-06-25T06:18:27.952+0000: 338646.964: [ParNew: 9447K->560K(9792K), 0.0171236 secs] 81447K->72560K(131292K), 0.0182094 secs] [Times: user=0.03 sys=0.00, real=0.02 secs] 
Heap after GC invocations=2264 (full 176):
 par new generation   total 9792K, used 560K [0x00000000e1000000, 0x00000000e1aa0000, 0x00000000eb4a0000)
  eden space 8704K,   0% used [0x00000000e1000000, 0x00000000e1000000, 0x00000000e1880000)
  from space 1088K,  51% used [0x00000000e1880000, 0x00000000e190c238, 0x00000000e1990000)
  to   space 1088K,   0% used [0x00000000e1990000, 0x00000000e1990000, 0x00000000e1aa0000)
 concurrent mark-sweep generation total 121500K, used 71999K [0x00000000eb4a0000, 0x00000000f2b47000, 0x0000000100000000)
 Metaspace       used 89104K, capacity 93620K, committed 93824K, reserved 1132544K
  class space    used 10743K, capacity 11548K, committed 11648K, reserved 1048576K
}
2019-06-25T06:19:11.890+0000: 338690.902: Application time: 43.9197504 seconds
2019-06-25T06:20:51.928+0000: 338790.940: Application time: 100.0119210 seconds
2019-06-25T06:22:48.166+0000: 338907.178: Application time: 116.2378494 seconds
2019-06-25T06:25:05.580+0000: 339044.592: Application time: 137.4134190 seconds
{Heap before GC invocations=2264 (full 176):
 par new generation   total 9792K, used 9249K [0x00000000e1000000, 0x00000000e1aa0000, 0x00000000eb4a0000)
  eden space 8704K,  99% used [0x00000000e1000000, 0x00000000e187c290, 0x00000000e1880000)
  from space 1088K,  51% used [0x00000000e1880000, 0x00000000e190c238, 0x00000000e1990000)
  to   space 1088K,   0% used [0x00000000e1990000, 0x00000000e1990000, 0x00000000e1aa0000)
 concurrent mark-sweep generation total 121500K, used 71999K [0x00000000eb4a0000, 0x00000000f2b47000, 0x0000000100000000)
 Metaspace       used 89104K, capacity 93620K, committed 93824K, reserved 1132544K
  class space    used 10743K, capacity 11548K, committed 11648K, reserved 1048576K
2019-06-25T06:25:05.580+0000: 339044.593: [GC (Allocation Failure) 2019-06-25T06:25:05.580+0000: 339044.593: [ParNew: 9249K->724K(9792K), 0.0116597 secs] 81249K->72724K(131292K), 0.0123488 secs] [Times: user=0.01 sys=0.00, real=0.01 secs] 
Heap after GC invocations=2265 (full 176):
 par new generation   total 9792K, used 724K [0x00000000e1000000, 0x00000000e1aa0000, 0x00000000eb4a0000)
  eden space 8704K,   0% used [0x00000000e1000000, 0x00000000e1000000, 0x00000000e1880000)
  from space 1088K,  66% used [0x00000000e1990000, 0x00000000e1a452c8, 0x00000000e1aa0000)
  to   space 1088K,   0% used [0x00000000e1880000, 0x00000000e1880000, 0x00000000e1990000)
 concurrent mark-sweep generation total 121500K, used 71999K [0x00000000eb4a0000, 0x00000000f2b47000, 0x0000000100000000)
 Metaspace       used 89104K, capacity 93620K, committed 93824K, reserved 1132544K
  class space    used 10743K, capacity 11548K, committed 11648K, reserved 1048576K
}
2019-06-25T06:25:08.253+0000: 339047.266: Application time: 2.6602674 seconds
2019-06-25T06:25:08.255+0000: 339047.267: Application time: 0.0015398 seconds
2019-06-25T06:25:10.547+0000: 339049.559: Application time: 2.2917801 seconds
2019-06-25T06:25:10.648+0000: 339049.660: Application time: 0.1001286 seconds
2019-06-25T06:27:38.669+0000: 339197.682: Application time: 148.0218598 seconds
2019-06-25T06:28:56.923+0000: 339275.936: Application time: 78.2535415 seconds
2019-06-25T06:29:01.944+0000: 339280.956: Application time: 5.0007869 seconds
2019-06-25T06:29:02.006+0000: 339281.018: Application time: 0.0613618 seconds
2019-06-25T06:29:03.629+0000: 339282.641: Application time: 1.6229760 seconds
{Heap before GC invocations=2265 (full 176):
 par new generation   total 9792K, used 9428K [0x00000000e1000000, 0x00000000e1aa0000, 0x00000000eb4a0000)
  eden space 8704K, 100% used [0x00000000e1000000, 0x00000000e1880000, 0x00000000e1880000)
  from space 1088K,  66% used [0x00000000e1990000, 0x00000000e1a452c8, 0x00000000e1aa0000)
  to   space 1088K,   0% used [0x00000000e1880000, 0x00000000e1880000, 0x00000000e1990000)
 concurrent mark-sweep generation total 121500K, used 71999K [0x00000000eb4a0000, 0x00000000f2b47000, 0x0000000100000000)
 Metaspace       used 89104K, capacity 93620K, committed 93824K, reserved 1132544K
  class space    used 10743K, capacity 11548K, committed 11648K, reserved 1048576K
2019-06-25T06:29:03.629+0000: 339282.642: [GC (Allocation Failure) 2019-06-25T06:29:03.629+0000: 339282.642: [ParNew: 9428K->918K(9792K), 0.0489366 secs] 81428K->73044K(131292K), 0.0495664 secs] [Times: user=0.04 sys=0.01, real=0.05 secs] 
Heap after GC invocations=2266 (full 176):
 par new generation   total 9792K, used 918K [0x00000000e1000000, 0x00000000e1aa0000, 0x00000000eb4a0000)
  eden space 8704K,   0% used [0x00000000e1000000, 0x00000000e1000000, 0x00000000e1880000)
  from space 1088K,  84% used [0x00000000e1880000, 0x00000000e1965ab0, 0x00000000e1990000)
  to   space 1088K,   0% used [0x00000000e1990000, 0x00000000e1990000, 0x00000000e1aa0000)
 concurrent mark-sweep generation total 121500K, used 72125K [0x00000000eb4a0000, 0x00000000f2b47000, 0x0000000100000000)
 Metaspace       used 89104K, capacity 93620K, committed 93824K, reserved 1132544K
  class space    used 10743K, capacity 11548K, committed 11648K, reserved 1048576K
}
2019-06-25T06:29:08.400+0000: 339287.412: Application time: 4.7206784 seconds
2019-06-25T06:29:08.402+0000: 339287.414: Application time: 0.0015289 seconds
2019-06-25T06:29:08.614+0000: 339287.626: Application time: 0.2115762 seconds
2019-06-25T06:29:08.703+0000: 339287.716: Application time: 0.0895235 seconds
2019-06-25T06:30:54.066+0000: 339393.078: Application time: 105.3625285 seconds
2019-06-25T06:30:54.134+0000: 339393.146: Application time: 0.0676384 seconds
2019-06-25T06:30:56.554+0000: 339395.566: Application time: 2.4194061 seconds
2019-06-25T06:30:56.554+0000: 339395.566: Application time: 0.0001876 seconds
2019-06-25T06:30:56.556+0000: 339395.568: Application time: 0.0015660 seconds
2019-06-25T06:31:21.559+0000: 339420.571: Application time: 25.0030966 seconds
2019-06-25T06:31:23.104+0000: 339422.117: Application time: 1.5449631 seconds
{Heap before GC invocations=2266 (full 176):
 par new generation   total 9792K, used 9622K [0x00000000e1000000, 0x00000000e1aa0000, 0x00000000eb4a0000)
  eden space 8704K, 100% used [0x00000000e1000000, 0x00000000e1880000, 0x00000000e1880000)
  from space 1088K,  84% used [0x00000000e1880000, 0x00000000e1965ab0, 0x00000000e1990000)
  to   space 1088K,   0% used [0x00000000e1990000, 0x00000000e1990000, 0x00000000e1aa0000)
 concurrent mark-sweep generation total 121500K, used 72125K [0x00000000eb4a0000, 0x00000000f2b47000, 0x0000000100000000)
 Metaspace       used 89104K, capacity 93620K, committed 93824K, reserved 1132544K
  class space    used 10743K, capacity 11548K, committed 11648K, reserved 1048576K
2019-06-25T06:31:23.140+0000: 339422.152: [GC (Allocation Failure) 2019-06-25T06:31:23.140+0000: 339422.152: [ParNew: 9622K->1012K(9792K), 0.0230356 secs] 81748K->73235K(131292K), 0.0236620 secs] [Times: user=0.05 sys=0.00, real=0.02 secs] 
Heap after GC invocations=2267 (full 176):
 par new generation   total 9792K, used 1012K [0x00000000e1000000, 0x00000000e1aa0000, 0x00000000eb4a0000)
  eden space 8704K,   0% used [0x00000000e1000000, 0x00000000e1000000, 0x00000000e1880000)
  from space 1088K,  93% used [0x00000000e1990000, 0x00000000e1a8d170, 0x00000000e1aa0000)
  to   space 1088K,   0% used [0x00000000e1880000, 0x00000000e1880000, 0x00000000e1990000)
 concurrent mark-sweep generation total 121500K, used 72222K [0x00000000eb4a0000, 0x00000000f2b47000, 0x0000000100000000)
 Metaspace       used 89104K, capacity 93620K, committed 93824K, reserved 1132544K
  class space    used 10743K, capacity 11548K, committed 11648K, reserved 1048576K
}
2019-06-25T06:31:27.044+0000: 339426.056: Application time: 3.8798688 seconds
2019-06-25T06:31:27.046+0000: 339426.058: Application time: 0.0013704 seconds
2019-06-25T06:31:28.479+0000: 339427.491: Application time: 1.4228708 seconds
2019-06-25T06:31:32.629+0000: 339431.641: Application time: 4.1496784 seconds
2019-06-25T06:31:32.663+0000: 339431.675: Application time: 0.0335747 seconds
2019-06-25T06:31:38.486+0000: 339437.498: Application time: 5.8229048 seconds
2019-06-25T06:32:21.493+0000: 339480.505: Application time: 43.0061535 seconds
2019-06-25T06:33:04.289+0000: 339523.301: Application time: 42.7960370 seconds
2019-06-25T06:33:04.314+0000: 339523.326: Application time: 0.0247093 seconds
2019-06-25T06:33:08.546+0000: 339527.559: Application time: 4.2323230 seconds
2019-06-25T06:33:08.547+0000: 339527.559: Application time: 0.0000702 seconds
2019-06-25T06:33:08.547+0000: 339527.559: Application time: 0.0000642 seconds
2019-06-25T06:33:08.547+0000: 339527.559: Application time: 0.0000611 seconds
2019-06-25T06:33:08.547+0000: 339527.559: Application time: 0.0000595 seconds
2019-06-25T06:33:08.547+0000: 339527.560: Application time: 0.0000650 seconds
2019-06-25T06:33:08.547+0000: 339527.560: Application time: 0.0000587 seconds
2019-06-25T06:33:08.548+0000: 339527.560: Application time: 0.0001494 seconds
2019-06-25T06:33:08.548+0000: 339527.561: Application time: 0.0006230 seconds
2019-06-25T06:33:18.554+0000: 339537.566: Application time: 10.0053383 seconds
2019-06-25T06:33:18.556+0000: 339537.568: Application time: 0.0016129 seconds
2019-06-25T06:34:51.264+0000: 339630.276: Application time: 92.7081090 seconds
{Heap before GC invocations=2267 (full 176):
 par new generation   total 9792K, used 9716K [0x00000000e1000000, 0x00000000e1aa0000, 0x00000000eb4a0000)
  eden space 8704K, 100% used [0x00000000e1000000, 0x00000000e1880000, 0x00000000e1880000)
  from space 1088K,  93% used [0x00000000e1990000, 0x00000000e1a8d170, 0x00000000e1aa0000)
  to   space 1088K,   0% used [0x00000000e1880000, 0x00000000e1880000, 0x00000000e1990000)
 concurrent mark-sweep generation total 121500K, used 72222K [0x00000000eb4a0000, 0x00000000f2b47000, 0x0000000100000000)
 Metaspace       used 89104K, capacity 93620K, committed 93824K, reserved 1132544K
  class space    used 10743K, capacity 11548K, committed 11648K, reserved 1048576K
2019-06-25T06:34:51.264+0000: 339630.277: [GC (Allocation Failure) 2019-06-25T06:34:51.265+0000: 339630.277: [ParNew: 9716K->945K(9792K), 0.0747636 secs] 81939K->73600K(131292K), 0.0761917 secs] [Times: user=0.04 sys=0.00, real=0.08 secs] 
Heap after GC invocations=2268 (full 176):
 par new generation   total 9792K, used 945K [0x00000000e1000000, 0x00000000e1aa0000, 0x00000000eb4a0000)
  eden space 8704K,   0% used [0x00000000e1000000, 0x00000000e1000000, 0x00000000e1880000)
  from space 1088K,  86% used [0x00000000e1880000, 0x00000000e196c750, 0x00000000e1990000)
  to   space 1088K,   0% used [0x00000000e1990000, 0x00000000e1990000, 0x00000000e1aa0000)
 concurrent mark-sweep generation total 121500K, used 72654K [0x00000000eb4a0000, 0x00000000f2b47000, 0x0000000100000000)
 Metaspace       used 89104K, capacity 93620K, committed 93824K, reserved 1132544K
  class space    used 10743K, capacity 11548K, committed 11648K, reserved 1048576K
}
2019-06-25T06:35:38.631+0000: 339677.643: Application time: 47.2892883 seconds
2019-06-25T06:35:38.631+0000: 339677.643: Application time: 0.0000713 seconds
2019-06-25T06:35:38.631+0000: 339677.643: Application time: 0.0000589 seconds
2019-06-25T06:35:38.631+0000: 339677.644: Application time: 0.0000616 seconds
2019-06-25T06:35:38.632+0000: 339677.644: Application time: 0.0000686 seconds
2019-06-25T06:35:38.635+0000: 339677.647: Application time: 0.0000806 seconds
2019-06-25T06:35:38.635+0000: 339677.647: Application time: 0.0000616 seconds
2019-06-25T06:35:38.635+0000: 339677.648: Application time: 0.0000726 seconds
2019-06-25T06:35:38.636+0000: 339677.648: Application time: 0.0001544 seconds
2019-06-25T06:35:38.636+0000: 339677.648: Application time: 0.0001065 seconds
2019-06-25T06:35:41.719+0000: 339680.732: Application time: 3.0835535 seconds
2019-06-25T06:35:41.763+0000: 339680.775: Application time: 0.0434382 seconds
2019-06-25T06:35:48.641+0000: 339687.654: Application time: 6.8778067 seconds
2019-06-25T06:35:48.643+0000: 339687.655: Application time: 0.0014627 seconds
2019-06-25T06:35:51.346+0000: 339690.359: Application time: 2.7031427 seconds
2019-06-25T06:36:38.670+0000: 339737.682: Application time: 47.3231345 seconds
2019-06-25T06:36:38.670+0000: 339737.682: Application time: 0.0000679 seconds
2019-06-25T06:36:38.670+0000: 339737.683: Application time: 0.0004841 seconds
2019-06-25T06:36:38.671+0000: 339737.683: Application time: 0.0001504 seconds
2019-06-25T06:36:38.671+0000: 339737.683: Application time: 0.0000662 seconds
2019-06-25T06:36:38.671+0000: 339737.684: Application time: 0.0000597 seconds
2019-06-25T06:36:38.671+0000: 339737.684: Application time: 0.0000636 seconds
2019-06-25T06:36:38.672+0000: 339737.684: Application time: 0.0001370 seconds
2019-06-25T06:36:38.672+0000: 339737.684: Application time: 0.0001287 seconds
2019-06-25T06:36:43.491+0000: 339742.503: Application time: 4.8188692 seconds
2019-06-25T06:36:43.544+0000: 339742.557: Application time: 0.0531051 seconds
2019-06-25T06:36:47.961+0000: 339746.973: Application time: 4.4164747 seconds
2019-06-25T06:36:48.677+0000: 339747.690: Application time: 0.7161353 seconds
2019-06-25T06:36:48.678+0000: 339747.690: Application time: 0.0000748 seconds
2019-06-25T06:36:48.678+0000: 339747.690: Application time: 0.0000742 seconds
2019-06-25T06:36:48.678+0000: 339747.690: Application time: 0.0006507 seconds
2019-06-25T06:36:48.679+0000: 339747.691: Application time: 0.0000825 seconds
2019-06-25T06:36:48.679+0000: 339747.691: Application time: 0.0000676 seconds
2019-06-25T06:36:48.679+0000: 339747.692: Application time: 0.0000763 seconds
2019-06-25T06:36:48.680+0000: 339747.692: Application time: 0.0001669 seconds
2019-06-25T06:36:48.680+0000: 339747.692: Application time: 0.0001126 seconds
2019-06-25T06:36:48.681+0000: 339747.693: Application time: 0.0006306 seconds
{Heap before GC invocations=2268 (full 176):
 par new generation   total 9792K, used 9649K [0x00000000e1000000, 0x00000000e1aa0000, 0x00000000eb4a0000)
  eden space 8704K,  99% used [0x00000000e1000000, 0x00000000e187ff40, 0x00000000e1880000)
  from space 1088K,  86% used [0x00000000e1880000, 0x00000000e196c750, 0x00000000e1990000)
  to   space 1088K,   0% used [0x00000000e1990000, 0x00000000e1990000, 0x00000000e1aa0000)
 concurrent mark-sweep generation total 121500K, used 72654K [0x00000000eb4a0000, 0x00000000f2b47000, 0x0000000100000000)
 Metaspace       used 89104K, capacity 93620K, committed 93824K, reserved 1132544K
  class space    used 10743K, capacity 11548K, committed 11648K, reserved 1048576K
2019-06-25T06:36:48.685+0000: 339747.697: [GC (Allocation Failure) 2019-06-25T06:36:48.685+0000: 339747.697: [ParNew: 9649K->1088K(9792K), 0.0421608 secs] 82303K->74025K(131292K), 0.0432374 secs] [Times: user=0.01 sys=0.01, real=0.05 secs] 
Heap after GC invocations=2269 (full 176):
 par new generation   total 9792K, used 1088K [0x00000000e1000000, 0x00000000e1aa0000, 0x00000000eb4a0000)
  eden space 8704K,   0% used [0x00000000e1000000, 0x00000000e1000000, 0x00000000e1880000)
  from space 1088K, 100% used [0x00000000e1990000, 0x00000000e1aa0000, 0x00000000e1aa0000)
  to   space 1088K,   0% used [0x00000000e1880000, 0x00000000e1880000, 0x00000000e1990000)
 concurrent mark-sweep generation total 121500K, used 72937K [0x00000000eb4a0000, 0x00000000f2b47000, 0x0000000100000000)
 Metaspace       used 89104K, capacity 93620K, committed 93824K, reserved 1132544K
  class space    used 10743K, capacity 11548K, committed 11648K, reserved 1048576K
}
2019-06-25T06:36:48.729+0000: 339747.741: Application time: 0.0002905 seconds
2019-06-25T06:36:48.730+0000: 339747.742: [GC (CMS Initial Mark) [1 CMS-initial-mark: 72937K(121500K)] 74049K(131292K), 0.0036075 secs] [Times: user=0.00 sys=0.01, real=0.00 secs] 
2019-06-25T06:36:48.734+0000: 339747.746: [CMS-concurrent-mark-start]
2019-06-25T06:36:48.876+0000: 339747.888: [CMS-concurrent-mark: 0.142/0.142 secs] [Times: user=0.13 sys=0.00, real=0.14 secs] 
2019-06-25T06:36:48.877+0000: 339747.889: [CMS-concurrent-preclean-start]
2019-06-25T06:36:48.878+0000: 339747.891: [CMS-concurrent-preclean: 0.002/0.002 secs] [Times: user=0.00 sys=0.00, real=0.01 secs] 
2019-06-25T06:36:48.880+0000: 339747.892: Application time: 0.1454761 seconds
2019-06-25T06:36:48.880+0000: 339747.892: [GC (CMS Final Remark) [YG occupancy: 1207 K (9792 K)]2019-06-25T06:36:48.880+0000: 339747.892: [Rescan (parallel) , 0.0096866 secs]2019-06-25T06:36:48.890+0000: 339747.903: [weak refs processing, 0.0017924 secs]2019-06-25T06:36:48.892+0000: 339747.905: [class unloading, 0.0909930 secs]2019-06-25T06:36:48.984+0000: 339747.996: [scrub symbol table, 0.0202406 secs]2019-06-25T06:36:49.005+0000: 339748.017: [scrub string table, 0.0015737 secs][1 CMS-remark: 72937K(121500K)] 74144K(131292K), 0.1415004 secs] [Times: user=0.09 sys=0.00, real=0.14 secs] 
2019-06-25T06:36:49.022+0000: 339748.035: [CMS-concurrent-sweep-start]
2019-06-25T06:36:49.063+0000: 339748.075: [CMS-concurrent-sweep: 0.041/0.041 secs] [Times: user=0.04 sys=0.00, real=0.04 secs] 
2019-06-25T06:36:49.064+0000: 339748.076: [CMS-concurrent-reset-start]
2019-06-25T06:36:49.064+0000: 339748.076: [CMS-concurrent-reset: 0.000/0.000 secs] [Times: user=0.00 sys=0.00, real=0.00 secs] 
2019-06-25T06:36:50.022+0000: 339749.035: Application time: 1.0002737 seconds
2019-06-25T06:36:52.041+0000: 339751.053: Application time: 2.0004776 seconds
2019-06-25T06:36:52.962+0000: 339751.974: Application time: 0.9204453 seconds
2019-06-25T06:36:52.988+0000: 339752.000: Application time: 0.0257548 seconds
2019-06-25T06:36:55.988+0000: 339755.001: Application time: 3.0004685 seconds
2019-06-25T06:36:56.570+0000: 339755.583: Application time: 0.5815886 seconds
2019-06-25T06:36:56.580+0000: 339755.592: Application time: 0.0091127 seconds
2019-06-25T06:36:57.580+0000: 339756.593: Application time: 1.0001952 seconds
2019-06-25T06:36:59.581+0000: 339758.593: Application time: 2.0002864 seconds
2019-06-25T06:37:51.589+0000: 339810.601: Application time: 52.0080739 seconds
2019-06-25T06:37:55.590+0000: 339814.602: Application time: 4.0007448 seconds
2019-06-25T06:38:21.595+0000: 339840.607: Application time: 26.0046838 seconds
2019-06-25T06:38:51.405+0000: 339870.418: Application time: 29.8106578 seconds
2019-06-25T06:38:57.406+0000: 339876.419: Application time: 6.0012073 seconds
2019-06-25T06:39:21.410+0000: 339900.422: Application time: 24.0030214 seconds
2019-06-25T06:39:28.859+0000: 339907.871: Application time: 7.4483542 seconds
2019-06-25T06:43:21.889+0000: 340140.901: Application time: 233.0303106 seconds
2019-06-25T06:43:29.015+0000: 340148.027: Application time: 7.1255771 seconds
{Heap before GC invocations=2269 (full 177):
 par new generation   total 9792K, used 9792K [0x00000000e1000000, 0x00000000e1aa0000, 0x00000000eb4a0000)
  eden space 8704K, 100% used [0x00000000e1000000, 0x00000000e1880000, 0x00000000e1880000)
  from space 1088K, 100% used [0x00000000e1990000, 0x00000000e1aa0000, 0x00000000e1aa0000)
  to   space 1088K,   0% used [0x00000000e1880000, 0x00000000e1880000, 0x00000000e1990000)
 concurrent mark-sweep generation total 121500K, used 68896K [0x00000000eb4a0000, 0x00000000f2b47000, 0x0000000100000000)
 Metaspace       used 89034K, capacity 93506K, committed 93824K, reserved 1132544K
  class space    used 10733K, capacity 11529K, committed 11648K, reserved 1048576K
2019-06-25T06:43:29.015+0000: 340148.028: [GC (Allocation Failure) 2019-06-25T06:43:29.016+0000: 340148.028: [ParNew: 9792K->974K(9792K), 0.0153063 secs] 78688K->70160K(131292K), 0.0161330 secs] [Times: user=0.03 sys=0.00, real=0.02 secs] 
Heap after GC invocations=2270 (full 177):
 par new generation   total 9792K, used 974K [0x00000000e1000000, 0x00000000e1aa0000, 0x00000000eb4a0000)
  eden space 8704K,   0% used [0x00000000e1000000, 0x00000000e1000000, 0x00000000e1880000)
  from space 1088K,  89% used [0x00000000e1880000, 0x00000000e1973860, 0x00000000e1990000)
  to   space 1088K,   0% used [0x00000000e1990000, 0x00000000e1990000, 0x00000000e1aa0000)
 concurrent mark-sweep generation total 121500K, used 69186K [0x00000000eb4a0000, 0x00000000f2b47000, 0x0000000100000000)
 Metaspace       used 89034K, capacity 93506K, committed 93824K, reserved 1132544K
  class space    used 10733K, capacity 11529K, committed 11648K, reserved 1048576K
}
2019-06-25T06:45:21.443+0000: 340260.455: Application time: 112.4104689 seconds
2019-06-25T06:45:21.443+0000: 340260.455: Application time: 0.0000788 seconds
2019-06-25T06:47:49.481+0000: 340408.493: Application time: 148.0201374 seconds
2019-06-25T06:50:39.273+0000: 340578.286: Application time: 169.7924945 seconds
{Heap before GC invocations=2270 (full 177):
 par new generation   total 9792K, used 9678K [0x00000000e1000000, 0x00000000e1aa0000, 0x00000000eb4a0000)
  eden space 8704K, 100% used [0x00000000e1000000, 0x00000000e1880000, 0x00000000e1880000)
  from space 1088K,  89% used [0x00000000e1880000, 0x00000000e1973860, 0x00000000e1990000)
  to   space 1088K,   0% used [0x00000000e1990000, 0x00000000e1990000, 0x00000000e1aa0000)
 concurrent mark-sweep generation total 121500K, used 69186K [0x00000000eb4a0000, 0x00000000f2b47000, 0x0000000100000000)
 Metaspace       used 89034K, capacity 93506K, committed 93824K, reserved 1132544K
  class space    used 10733K, capacity 11529K, committed 11648K, reserved 1048576K
2019-06-25T06:50:39.274+0000: 340578.286: [GC (Allocation Failure) 2019-06-25T06:50:39.274+0000: 340578.287: [ParNew: 9678K->868K(9792K), 0.0452995 secs] 78864K->70387K(131292K), 0.0462000 secs] [Times: user=0.04 sys=0.00, real=0.05 secs] 
Heap after GC invocations=2271 (full 177):
 par new generation   total 9792K, used 868K [0x00000000e1000000, 0x00000000e1aa0000, 0x00000000eb4a0000)
  eden space 8704K,   0% used [0x00000000e1000000, 0x00000000e1000000, 0x00000000e1880000)
  from space 1088K,  79% used [0x00000000e1990000, 0x00000000e1a692f0, 0x00000000e1aa0000)
  to   space 1088K,   0% used [0x00000000e1880000, 0x00000000e1880000, 0x00000000e1990000)
 concurrent mark-sweep generation total 121500K, used 69519K [0x00000000eb4a0000, 0x00000000f2b47000, 0x0000000100000000)
 Metaspace       used 89034K, capacity 93506K, committed 93824K, reserved 1132544K
  class space    used 10733K, capacity 11529K, committed 11648K, reserved 1048576K
}
2019-06-25T06:54:32.354+0000: 340811.367: Application time: 233.0333583 seconds
2019-06-25T06:54:36.732+0000: 340815.745: Application time: 4.3778449 seconds
2019-06-25T06:54:36.814+0000: 340815.826: Application time: 0.0811520 seconds
2019-06-25T06:54:39.451+0000: 340818.463: Application time: 2.6369280 seconds
2019-06-25T06:54:39.452+0000: 340818.464: Application time: 0.0000752 seconds
2019-06-25T06:54:39.452+0000: 340818.464: Application time: 0.0000606 seconds
2019-06-25T06:54:39.452+0000: 340818.464: Application time: 0.0000636 seconds
2019-06-25T06:54:39.453+0000: 340818.465: Application time: 0.0000587 seconds
2019-06-25T06:54:39.453+0000: 340818.465: Application time: 0.0000578 seconds
2019-06-25T06:54:39.453+0000: 340818.465: Application time: 0.0001093 seconds
2019-06-25T06:54:39.454+0000: 340818.466: Application time: 0.0001855 seconds
2019-06-25T06:54:39.454+0000: 340818.466: Application time: 0.0001333 seconds
2019-06-25T06:54:49.460+0000: 340828.472: Application time: 10.0055521 seconds
2019-06-25T06:54:49.460+0000: 340828.473: Application time: 0.0001750 seconds
2019-06-25T06:54:49.461+0000: 340828.473: Application time: 0.0001630 seconds
2019-06-25T06:54:49.461+0000: 340828.473: Application time: 0.0001760 seconds
2019-06-25T06:54:49.461+0000: 340828.474: Application time: 0.0001640 seconds
2019-06-25T06:54:49.462+0000: 340828.474: Application time: 0.0005640 seconds
2019-06-25T06:54:49.462+0000: 340828.475: Application time: 0.0002946 seconds
2019-06-25T06:54:49.463+0000: 340828.475: Application time: 0.0001824 seconds
2019-06-25T06:54:49.464+0000: 340828.476: Application time: 0.0011797 seconds
2019-06-25T06:55:59.501+0000: 340898.514: Application time: 70.0371690 seconds
{Heap before GC invocations=2271 (full 177):
 par new generation   total 9792K, used 9572K [0x00000000e1000000, 0x00000000e1aa0000, 0x00000000eb4a0000)
  eden space 8704K, 100% used [0x00000000e1000000, 0x00000000e1880000, 0x00000000e1880000)
  from space 1088K,  79% used [0x00000000e1990000, 0x00000000e1a692f0, 0x00000000e1aa0000)
  to   space 1088K,   0% used [0x00000000e1880000, 0x00000000e1880000, 0x00000000e1990000)
 concurrent mark-sweep generation total 121500K, used 69519K [0x00000000eb4a0000, 0x00000000f2b47000, 0x0000000100000000)
 Metaspace       used 89035K, capacity 93512K, committed 93824K, reserved 1132544K
  class space    used 10733K, capacity 11530K, committed 11648K, reserved 1048576K
2019-06-25T06:55:59.502+0000: 340898.514: [GC (Allocation Failure) 2019-06-25T06:55:59.502+0000: 340898.515: [ParNew: 9572K->610K(9792K), 0.0033827 secs] 79091K->70129K(131292K), 0.0042464 secs] [Times: user=0.00 sys=0.01, real=0.00 secs] 
Heap after GC invocations=2272 (full 177):
 par new generation   total 9792K, used 610K [0x00000000e1000000, 0x00000000e1aa0000, 0x00000000eb4a0000)
  eden space 8704K,   0% used [0x00000000e1000000, 0x00000000e1000000, 0x00000000e1880000)
  from space 1088K,  56% used [0x00000000e1880000, 0x00000000e1918840, 0x00000000e1990000)
  to   space 1088K,   0% used [0x00000000e1990000, 0x00000000e1990000, 0x00000000e1aa0000)
 concurrent mark-sweep generation total 121500K, used 69519K [0x00000000eb4a0000, 0x00000000f2b47000, 0x0000000100000000)
 Metaspace       used 89035K, capacity 93512K, committed 93824K, reserved 1132544K
  class space    used 10733K, capacity 11530K, committed 11648K, reserved 1048576K
}
2019-06-25T06:56:09.513+0000: 340908.526: Application time: 10.0062012 seconds
2019-06-25T06:58:51.702+0000: 341070.714: Application time: 162.1883161 seconds
2019-06-25T06:58:51.702+0000: 341070.715: Application time: 0.0000819 seconds
2019-06-25T06:58:52.703+0000: 341071.715: Application time: 1.0002754 seconds
2019-06-25T06:58:56.648+0000: 341075.660: Application time: 3.9441191 seconds
2019-06-25T06:58:56.648+0000: 341075.660: Application time: 0.0000680 seconds
2019-06-25T06:58:57.089+0000: 341076.101: Application time: 0.4411123 seconds
2019-06-25T06:58:57.128+0000: 341076.141: Application time: 0.0390659 seconds
2019-06-25T06:58:57.235+0000: 341076.247: Application time: 0.1062977 seconds
2019-06-25T06:58:57.235+0000: 341076.247: Application time: 0.0001259 seconds
2019-06-25T06:58:57.235+0000: 341076.248: Application time: 0.0000648 seconds
2019-06-25T06:58:57.235+0000: 341076.248: Application time: 0.0000602 seconds
2019-06-25T06:58:57.236+0000: 341076.248: Application time: 0.0000587 seconds
2019-06-25T06:58:57.236+0000: 341076.248: Application time: 0.0000618 seconds
2019-06-25T06:58:57.236+0000: 341076.248: Application time: 0.0001537 seconds
2019-06-25T06:58:57.236+0000: 341076.249: Application time: 0.0001026 seconds
2019-06-25T06:58:57.238+0000: 341076.250: Application time: 0.0011794 seconds
2019-06-25T06:59:39.635+0000: 341118.648: Application time: 42.3975717 seconds
{Heap before GC invocations=2272 (full 177):
 par new generation   total 9792K, used 9314K [0x00000000e1000000, 0x00000000e1aa0000, 0x00000000eb4a0000)
  eden space 8704K, 100% used [0x00000000e1000000, 0x00000000e1880000, 0x00000000e1880000)
  from space 1088K,  56% used [0x00000000e1880000, 0x00000000e1918840, 0x00000000e1990000)
  to   space 1088K,   0% used [0x00000000e1990000, 0x00000000e1990000, 0x00000000e1aa0000)
 concurrent mark-sweep generation total 121500K, used 69519K [0x00000000eb4a0000, 0x00000000f2b47000, 0x0000000100000000)
 Metaspace       used 89043K, capacity 93524K, committed 93824K, reserved 1132544K
  class space    used 10735K, capacity 11532K, committed 11648K, reserved 1048576K
2019-06-25T06:59:39.636+0000: 341118.648: [GC (Allocation Failure) 2019-06-25T06:59:39.637+0000: 341118.649: [ParNew: 9314K->940K(9792K), 0.0043660 secs] 78833K->70568K(131292K), 0.0061271 secs] [Times: user=0.01 sys=0.00, real=0.01 secs] 
Heap after GC invocations=2273 (full 177):
 par new generation   total 9792K, used 940K [0x00000000e1000000, 0x00000000e1aa0000, 0x00000000eb4a0000)
  eden space 8704K,   0% used [0x00000000e1000000, 0x00000000e1000000, 0x00000000e1880000)
  from space 1088K,  86% used [0x00000000e1990000, 0x00000000e1a7b388, 0x00000000e1aa0000)
  to   space 1088K,   0% used [0x00000000e1880000, 0x00000000e1880000, 0x00000000e1990000)
 concurrent mark-sweep generation total 121500K, used 69627K [0x00000000eb4a0000, 0x00000000f2b47000, 0x0000000100000000)
 Metaspace       used 89043K, capacity 93524K, committed 93824K, reserved 1132544K
  class space    used 10735K, capacity 11532K, committed 11648K, reserved 1048576K
}
2019-06-25T07:00:19.663+0000: 341158.675: Application time: 40.0199456 seconds
2019-06-25T07:00:19.663+0000: 341158.675: Application time: 0.0001462 seconds
2019-06-25T07:00:24.213+0000: 341163.225: Application time: 4.5494454 seconds
2019-06-25T07:00:24.262+0000: 341163.274: Application time: 0.0489587 seconds
2019-06-25T07:00:27.247+0000: 341166.259: Application time: 2.9842324 seconds
2019-06-25T07:00:27.247+0000: 341166.259: Application time: 0.0000794 seconds
2019-06-25T07:00:27.247+0000: 341166.259: Application time: 0.0000608 seconds
2019-06-25T07:00:27.247+0000: 341166.260: Application time: 0.0000592 seconds
2019-06-25T07:00:27.247+0000: 341166.260: Application time: 0.0000597 seconds
2019-06-25T07:00:27.248+0000: 341166.260: Application time: 0.0000606 seconds
2019-06-25T07:00:27.248+0000: 341166.260: Application time: 0.0001544 seconds
2019-06-25T07:00:27.248+0000: 341166.260: Application time: 0.0001081 seconds
2019-06-25T07:00:27.249+0000: 341166.262: Application time: 0.0010632 seconds
2019-06-25T07:01:12.679+0000: 341211.691: Application time: 45.4296355 seconds
2019-06-25T07:01:12.682+0000: 341211.694: Application time: 0.0001508 seconds
2019-06-25T07:01:17.683+0000: 341216.695: Application time: 5.0005312 seconds
2019-06-25T07:01:17.766+0000: 341216.778: Application time: 0.0824030 seconds
2019-06-25T07:01:19.697+0000: 341218.710: Application time: 1.9318491 seconds
2019-06-25T07:01:19.698+0000: 341218.710: Application time: 0.0000704 seconds
2019-06-25T07:01:27.254+0000: 341226.267: Application time: 7.5561890 seconds
2019-06-25T07:01:27.255+0000: 341226.267: Application time: 0.0001479 seconds
2019-06-25T07:01:27.255+0000: 341226.267: Application time: 0.0001331 seconds
2019-06-25T07:01:27.255+0000: 341226.268: Application time: 0.0001175 seconds
2019-06-25T07:01:27.256+0000: 341226.268: Application time: 0.0001756 seconds
2019-06-25T07:01:27.256+0000: 341226.268: Application time: 0.0001380 seconds
2019-06-25T07:01:27.256+0000: 341226.269: Application time: 0.0002837 seconds
2019-06-25T07:01:27.257+0000: 341226.269: Application time: 0.0001814 seconds
2019-06-25T07:01:27.258+0000: 341226.270: Application time: 0.0010664 seconds
2019-06-25T07:01:39.710+0000: 341238.722: Application time: 12.4516471 seconds
{Heap before GC invocations=2273 (full 177):
 par new generation   total 9792K, used 9644K [0x00000000e1000000, 0x00000000e1aa0000, 0x00000000eb4a0000)
  eden space 8704K, 100% used [0x00000000e1000000, 0x00000000e1880000, 0x00000000e1880000)
  from space 1088K,  86% used [0x00000000e1990000, 0x00000000e1a7b388, 0x00000000e1aa0000)
  to   space 1088K,   0% used [0x00000000e1880000, 0x00000000e1880000, 0x00000000e1990000)
 concurrent mark-sweep generation total 121500K, used 69627K [0x00000000eb4a0000, 0x00000000f2b47000, 0x0000000100000000)
 Metaspace       used 89043K, capacity 93524K, committed 93824K, reserved 1132544K
  class space    used 10735K, capacity 11532K, committed 11648K, reserved 1048576K
2019-06-25T07:01:39.710+0000: 341238.723: [GC (Allocation Failure) 2019-06-25T07:01:39.711+0000: 341238.723: [ParNew: 9644K->1088K(9792K), 0.0232511 secs] 79272K->70827K(131292K), 0.0240508 secs] [Times: user=0.05 sys=0.00, real=0.02 secs] 
Heap after GC invocations=2274 (full 177):
 par new generation   total 9792K, used 1088K [0x00000000e1000000, 0x00000000e1aa0000, 0x00000000eb4a0000)
  eden space 8704K,   0% used [0x00000000e1000000, 0x00000000e1000000, 0x00000000e1880000)
  from space 1088K, 100% used [0x00000000e1880000, 0x00000000e1990000, 0x00000000e1990000)
  to   space 1088K,   0% used [0x00000000e1990000, 0x00000000e1990000, 0x00000000e1aa0000)
 concurrent mark-sweep generation total 121500K, used 69739K [0x00000000eb4a0000, 0x00000000f2b47000, 0x0000000100000000)
 Metaspace       used 89043K, capacity 93524K, committed 93824K, reserved 1132544K
  class space    used 10735K, capacity 11532K, committed 11648K, reserved 1048576K
}
2019-06-25T07:02:19.757+0000: 341278.769: Application time: 40.0221284 seconds
2019-06-25T07:02:19.757+0000: 341278.770: Application time: 0.0000673 seconds
2019-06-25T07:02:20.310+0000: 341279.323: Application time: 0.5528837 seconds
2019-06-25T07:02:20.348+0000: 341279.360: Application time: 0.0374662 seconds
2019-06-25T07:02:27.263+0000: 341286.275: Application time: 6.9141642 seconds
2019-06-25T07:02:27.263+0000: 341286.276: Application time: 0.0001737 seconds
2019-06-25T07:02:27.264+0000: 341286.276: Application time: 0.0001472 seconds
2019-06-25T07:02:27.264+0000: 341286.276: Application time: 0.0001565 seconds
2019-06-25T07:02:27.264+0000: 341286.277: Application time: 0.0001235 seconds
2019-06-25T07:02:27.265+0000: 341286.277: Application time: 0.0001748 seconds
2019-06-25T07:02:27.265+0000: 341286.277: Application time: 0.0002927 seconds
2019-06-25T07:02:27.265+0000: 341286.278: Application time: 0.0001767 seconds
2019-06-25T07:02:27.267+0000: 341286.279: Application time: 0.0013364 seconds
2019-06-25T07:03:52.279+0000: 341371.291: Application time: 85.0120053 seconds
2019-06-25T07:04:21.561+0000: 341400.573: Application time: 29.2819888 seconds
2019-06-25T07:04:21.574+0000: 341400.586: Application time: 0.0126085 seconds
2019-06-25T07:05:10.105+0000: 341449.117: Application time: 48.5306003 seconds
{Heap before GC invocations=2274 (full 177):
 par new generation   total 9792K, used 9792K [0x00000000e1000000, 0x00000000e1aa0000, 0x00000000eb4a0000)
  eden space 8704K, 100% used [0x00000000e1000000, 0x00000000e1880000, 0x00000000e1880000)
  from space 1088K, 100% used [0x00000000e1880000, 0x00000000e1990000, 0x00000000e1990000)
  to   space 1088K,   0% used [0x00000000e1990000, 0x00000000e1990000, 0x00000000e1aa0000)
 concurrent mark-sweep generation total 121500K, used 69739K [0x00000000eb4a0000, 0x00000000f2b47000, 0x0000000100000000)
 Metaspace       used 89054K, capacity 93542K, committed 93824K, reserved 1132544K
  class space    used 10736K, capacity 11535K, committed 11648K, reserved 1048576K
2019-06-25T07:05:10.118+0000: 341449.130: [GC (Allocation Failure) 2019-06-25T07:05:10.118+0000: 341449.131: [ParNew: 9792K->1088K(9792K), 0.0446970 secs] 79531K->71343K(131292K), 0.0456016 secs] [Times: user=0.06 sys=0.00, real=0.05 secs] 
Heap after GC invocations=2275 (full 177):
 par new generation   total 9792K, used 1088K [0x00000000e1000000, 0x00000000e1aa0000, 0x00000000eb4a0000)
  eden space 8704K,   0% used [0x00000000e1000000, 0x00000000e1000000, 0x00000000e1880000)
  from space 1088K, 100% used [0x00000000e1990000, 0x00000000e1aa0000, 0x00000000e1aa0000)
  to   space 1088K,   0% used [0x00000000e1880000, 0x00000000e1880000, 0x00000000e1990000)
 concurrent mark-sweep generation total 121500K, used 70255K [0x00000000eb4a0000, 0x00000000f2b47000, 0x0000000100000000)
 Metaspace       used 89054K, capacity 93542K, committed 93824K, reserved 1132544K
  class space    used 10736K, capacity 11535K, committed 11648K, reserved 1048576K
}
2019-06-25T07:05:15.083+0000: 341454.095: Application time: 4.9188433 seconds
2019-06-25T07:05:15.169+0000: 341454.181: Application time: 0.0856960 seconds
2019-06-25T07:05:19.882+0000: 341458.894: Application time: 4.7123476 seconds
2019-06-25T07:05:19.882+0000: 341458.894: Application time: 0.0000734 seconds
2019-06-25T07:05:27.285+0000: 341466.298: Application time: 7.4029325 seconds
2019-06-25T07:05:27.286+0000: 341466.298: Application time: 0.0001095 seconds
2019-06-25T07:05:27.286+0000: 341466.298: Application time: 0.0000683 seconds
2019-06-25T07:05:27.286+0000: 341466.299: Application time: 0.0000628 seconds
2019-06-25T07:05:27.287+0000: 341466.299: Application time: 0.0001333 seconds
2019-06-25T07:05:27.287+0000: 341466.299: Application time: 0.0000947 seconds
2019-06-25T07:05:27.287+0000: 341466.299: Application time: 0.0001656 seconds
2019-06-25T07:05:27.287+0000: 341466.300: Application time: 0.0001270 seconds
2019-06-25T07:05:27.289+0000: 341466.301: Application time: 0.0013564 seconds
2019-06-25T07:06:26.298+0000: 341525.310: Application time: 59.0085128 seconds
2019-06-25T07:06:27.294+0000: 341526.307: Application time: 0.9967187 seconds
2019-06-25T07:06:27.295+0000: 341526.307: Application time: 0.0001423 seconds
2019-06-25T07:06:29.921+0000: 341528.934: Application time: 2.6261166 seconds
2019-06-25T07:06:29.922+0000: 341528.998: Application time: 0.0643532 seconds
2019-06-25T07:06:29.986+0000: 341528.998: Application time: 0.0001114 seconds
2019-06-25T07:06:29.986+0000: 341528.999: Application time: 0.0000673 seconds
2019-06-25T07:06:29.987+0000: 341528.999: Application time: 0.0000574 seconds
2019-06-25T07:06:29.987+0000: 341528.999: Application time: 0.0000563 seconds
2019-06-25T07:06:29.987+0000: 341528.999: Application time: 0.0000624 seconds
2019-06-25T07:06:29.987+0000: 341528.999: Application time: 0.0001605 seconds
2019-06-25T07:06:29.987+0000: 341529.000: Application time: 0.0001200 seconds
2019-06-25T07:06:29.989+0000: 341529.001: Application time: 0.0012548 seconds
2019-06-25T07:06:31.012+0000: 341530.024: Application time: 1.0231119 seconds
2019-06-25T07:06:31.062+0000: 341530.075: Application time: 0.0499434 seconds
2019-06-25T07:06:48.369+0000: 341547.381: Application time: 17.3063647 seconds
2019-06-25T07:06:48.393+0000: 341547.405: Application time: 0.0240138 seconds
2019-06-25T07:06:49.999+0000: 341549.012: Application time: 1.6063253 seconds
2019-06-25T07:06:56.677+0000: 341555.689: Application time: 6.6769743 seconds
2019-06-25T07:06:56.677+0000: 341555.690: Application time: 0.0000859 seconds
2019-06-25T07:06:56.678+0000: 341555.690: Application time: 0.0000588 seconds
2019-06-25T07:06:56.678+0000: 341555.690: Application time: 0.0000707 seconds
2019-06-25T07:06:56.678+0000: 341555.690: Application time: 0.0000728 seconds
2019-06-25T07:06:56.678+0000: 341555.690: Application time: 0.0000530 seconds
2019-06-25T07:06:56.678+0000: 341555.691: Application time: 0.0000576 seconds
2019-06-25T07:06:56.679+0000: 341555.691: Application time: 0.0001504 seconds
2019-06-25T07:06:56.679+0000: 341555.691: Application time: 0.0001186 seconds
2019-06-25T07:06:56.680+0000: 341555.692: Application time: 0.0012786 seconds
2019-06-25T07:07:56.688+0000: 341615.700: Application time: 60.0076489 seconds
2019-06-25T07:08:50.074+0000: 341669.086: Application time: 53.3857132 seconds
{Heap before GC invocations=2275 (full 177):
 par new generation   total 9792K, used 9792K [0x00000000e1000000, 0x00000000e1aa0000, 0x00000000eb4a0000)
  eden space 8704K, 100% used [0x00000000e1000000, 0x00000000e1880000, 0x00000000e1880000)
  from space 1088K, 100% used [0x00000000e1990000, 0x00000000e1aa0000, 0x00000000e1aa0000)
  to   space 1088K,   0% used [0x00000000e1880000, 0x00000000e1880000, 0x00000000e1990000)
 concurrent mark-sweep generation total 121500K, used 70255K [0x00000000eb4a0000, 0x00000000f2b47000, 0x0000000100000000)
 Metaspace       used 89065K, capacity 93560K, committed 93824K, reserved 1132544K
  class space    used 10738K, capacity 11538K, committed 11648K, reserved 1048576K
2019-06-25T07:08:50.075+0000: 341669.087: [GC (Allocation Failure) 2019-06-25T07:08:50.075+0000: 341669.087: [ParNew: 9792K->868K(9792K), 0.0288367 secs] 80047K->71458K(131292K), 0.0296933 secs] [Times: user=0.03 sys=0.00, real=0.03 secs] 
Heap after GC invocations=2276 (full 177):
 par new generation   total 9792K, used 868K [0x00000000e1000000, 0x00000000e1aa0000, 0x00000000eb4a0000)
  eden space 8704K,   0% used [0x00000000e1000000, 0x00000000e1000000, 0x00000000e1880000)
  from space 1088K,  79% used [0x00000000e1880000, 0x00000000e1959100, 0x00000000e1990000)
  to   space 1088K,   0% used [0x00000000e1990000, 0x00000000e1990000, 0x00000000e1aa0000)
 concurrent mark-sweep generation total 121500K, used 70590K [0x00000000eb4a0000, 0x00000000f2b47000, 0x0000000100000000)
 Metaspace       used 89065K, capacity 93560K, committed 93824K, reserved 1132544K
  class space    used 10738K, capacity 11538K, committed 11648K, reserved 1048576K
}
2019-06-25T07:09:52.113+0000: 341731.125: Application time: 62.0075857 seconds
2019-06-25T07:10:22.117+0000: 341761.129: Application time: 30.0040813 seconds
2019-06-25T07:11:22.125+0000: 341821.137: Application time: 60.0081460 seconds
2019-06-25T07:12:50.238+0000: 341909.250: Application time: 88.1123283 seconds
2019-06-25T07:15:51.655+0000: 342090.667: Application time: 181.4163015 seconds
{Heap before GC invocations=2276 (full 177):
 par new generation   total 9792K, used 9565K [0x00000000e1000000, 0x00000000e1aa0000, 0x00000000eb4a0000)
  eden space 8704K,  99% used [0x00000000e1000000, 0x00000000e187e5b0, 0x00000000e1880000)
  from space 1088K,  79% used [0x00000000e1880000, 0x00000000e1959100, 0x00000000e1990000)
  to   space 1088K,   0% used [0x00000000e1990000, 0x00000000e1990000, 0x00000000e1aa0000)
 concurrent mark-sweep generation total 121500K, used 70590K [0x00000000eb4a0000, 0x00000000f2b47000, 0x0000000100000000)
 Metaspace       used 89066K, capacity 93560K, committed 93824K, reserved 1132544K
  class space    used 10738K, capacity 11538K, committed 11648K, reserved 1048576K
2019-06-25T07:15:51.655+0000: 342090.667: [GC (Allocation Failure) 2019-06-25T07:15:51.655+0000: 342090.668: [ParNew: 9565K->944K(9792K), 0.0255028 secs] 80156K->71789K(131292K), 0.0407971 secs] [Times: user=0.04 sys=0.00, real=0.04 secs] 
Heap after GC invocations=2277 (full 177):
 par new generation   total 9792K, used 944K [0x00000000e1000000, 0x00000000e1aa0000, 0x00000000eb4a0000)
  eden space 8704K,   0% used [0x00000000e1000000, 0x00000000e1000000, 0x00000000e1880000)
  from space 1088K,  86% used [0x00000000e1990000, 0x00000000e1a7c048, 0x00000000e1aa0000)
  to   space 1088K,   0% used [0x00000000e1880000, 0x00000000e1880000, 0x00000000e1990000)
 concurrent mark-sweep generation total 121500K, used 70845K [0x00000000eb4a0000, 0x00000000f2b47000, 0x0000000100000000)
 Metaspace       used 89066K, capacity 93560K, committed 93824K, reserved 1132544K
  class space    used 10738K, capacity 11538K, committed 11648K, reserved 1048576K
}
2019-06-25T07:16:50.704+0000: 342149.716: Application time: 59.0076827 seconds
2019-06-25T07:23:00.712+0000: 342519.724: Application time: 370.0078804 seconds
{Heap before GC invocations=2277 (full 177):
 par new generation   total 9792K, used 9648K [0x00000000e1000000, 0x00000000e1aa0000, 0x00000000eb4a0000)
  eden space 8704K, 100% used [0x00000000e1000000, 0x00000000e1880000, 0x00000000e1880000)
  from space 1088K,  86% used [0x00000000e1990000, 0x00000000e1a7c048, 0x00000000e1aa0000)
  to   space 1088K,   0% used [0x00000000e1880000, 0x00000000e1880000, 0x00000000e1990000)
 concurrent mark-sweep generation total 121500K, used 70845K [0x00000000eb4a0000, 0x00000000f2b47000, 0x0000000100000000)
 Metaspace       used 89066K, capacity 93560K, committed 93824K, reserved 1132544K
  class space    used 10738K, capacity 11538K, committed 11648K, reserved 1048576K
2019-06-25T07:23:00.713+0000: 342519.725: [GC (Allocation Failure) 2019-06-25T07:23:00.713+0000: 342519.726: [ParNew: 9648K->660K(9792K), 0.0031839 secs] 80493K->71505K(131292K), 0.0043820 secs] [Times: user=0.01 sys=0.00, real=0.00 secs] 
Heap after GC invocations=2278 (full 177):
 par new generation   total 9792K, used 660K [0x00000000e1000000, 0x00000000e1aa0000, 0x00000000eb4a0000)
  eden space 8704K,   0% used [0x00000000e1000000, 0x00000000e1000000, 0x00000000e1880000)
  from space 1088K,  60% used [0x00000000e1880000, 0x00000000e1925140, 0x00000000e1990000)
  to   space 1088K,   0% used [0x00000000e1990000, 0x00000000e1990000, 0x00000000e1aa0000)
 concurrent mark-sweep generation total 121500K, used 70845K [0x00000000eb4a0000, 0x00000000f2b47000, 0x0000000100000000)
 Metaspace       used 89066K, capacity 93560K, committed 93824K, reserved 1132544K
  class space    used 10738K, capacity 11538K, committed 11648K, reserved 1048576K
}
2019-06-25T07:23:01.718+0000: 342520.730: Application time: 1.0001603 seconds
2019-06-25T07:23:31.722+0000: 342550.734: Application time: 30.0034857 seconds
2019-06-25T07:23:56.723+0000: 342575.735: Application time: 25.0012312 seconds
2019-06-25T07:23:56.723+0000: 342575.736: Application time: 0.0000772 seconds
2019-06-25T07:23:56.724+0000: 342575.736: Application time: 0.0000650 seconds
2019-06-25T07:23:56.724+0000: 342575.736: Application time: 0.0000565 seconds
2019-06-25T07:23:56.724+0000: 342575.737: Application time: 0.0000638 seconds
2019-06-25T07:23:56.724+0000: 342575.737: Application time: 0.0000591 seconds
2019-06-25T07:23:56.725+0000: 342575.737: Application time: 0.0001572 seconds
2019-06-25T07:23:56.725+0000: 342575.737: Application time: 0.0001297 seconds
2019-06-25T07:23:56.793+0000: 342575.805: Application time: 0.0676275 seconds
2019-06-25T07:23:56.833+0000: 342575.845: Application time: 0.0397709 seconds
2019-06-25T07:23:57.408+0000: 342576.420: Application time: 0.5750704 seconds
2019-06-25T07:23:57.408+0000: 342576.421: Application time: 0.0001055 seconds
2019-06-25T07:23:57.410+0000: 342576.422: Application time: 0.0013777 seconds
2019-06-25T07:28:20.914+0000: 342839.926: Application time: 263.5040224 seconds
{Heap before GC invocations=2278 (full 177):
 par new generation   total 9792K, used 9364K [0x00000000e1000000, 0x00000000e1aa0000, 0x00000000eb4a0000)
  eden space 8704K, 100% used [0x00000000e1000000, 0x00000000e1880000, 0x00000000e1880000)
  from space 1088K,  60% used [0x00000000e1880000, 0x00000000e1925140, 0x00000000e1990000)
  to   space 1088K,   0% used [0x00000000e1990000, 0x00000000e1990000, 0x00000000e1aa0000)
 concurrent mark-sweep generation total 121500K, used 70845K [0x00000000eb4a0000, 0x00000000f2b47000, 0x0000000100000000)
 Metaspace       used 89066K, capacity 93560K, committed 93824K, reserved 1132544K
  class space    used 10738K, capacity 11538K, committed 11648K, reserved 1048576K
2019-06-25T07:28:20.915+0000: 342839.927: [GC (Allocation Failure) 2019-06-25T07:28:20.915+0000: 342839.927: [ParNew: 9364K->690K(9792K), 0.0488737 secs] 80209K->71765K(131292K), 0.0496222 secs] [Times: user=0.05 sys=0.00, real=0.05 secs] 
Heap after GC invocations=2279 (full 177):
 par new generation   total 9792K, used 690K [0x00000000e1000000, 0x00000000e1aa0000, 0x00000000eb4a0000)
  eden space 8704K,   0% used [0x00000000e1000000, 0x00000000e1000000, 0x00000000e1880000)
  from space 1088K,  63% used [0x00000000e1990000, 0x00000000e1a3ca68, 0x00000000e1aa0000)
  to   space 1088K,   0% used [0x00000000e1880000, 0x00000000e1880000, 0x00000000e1990000)
 concurrent mark-sweep generation total 121500K, used 71074K [0x00000000eb4a0000, 0x00000000f2b47000, 0x0000000100000000)
 Metaspace       used 89066K, capacity 93560K, committed 93824K, reserved 1132544K
  class space    used 10738K, capacity 11538K, committed 11648K, reserved 1048576K
}
2019-06-25T07:28:26.003+0000: 342845.015: Application time: 5.0382202 seconds
2019-06-25T07:28:26.040+0000: 342845.053: Application time: 0.0369796 seconds
2019-06-25T07:28:27.438+0000: 342846.450: Application time: 1.3969309 seconds
2019-06-25T07:28:27.438+0000: 342846.450: Application time: 0.0000748 seconds
2019-06-25T07:28:27.438+0000: 342846.451: Application time: 0.0005083 seconds
2019-06-25T07:28:27.439+0000: 342846.451: Application time: 0.0000649 seconds
2019-06-25T07:28:27.439+0000: 342846.451: Application time: 0.0000561 seconds
2019-06-25T07:28:27.439+0000: 342846.451: Application time: 0.0000596 seconds
2019-06-25T07:28:27.439+0000: 342846.451: Application time: 0.0001574 seconds
2019-06-25T07:28:27.439+0000: 342846.452: Application time: 0.0000985 seconds
2019-06-25T07:28:30.968+0000: 342849.980: Application time: 3.5282082 seconds
2019-06-25T07:28:30.968+0000: 342849.980: Application time: 0.0000673 seconds
2019-06-25T07:28:30.970+0000: 342849.982: Application time: 0.0014752 seconds
2019-06-25T07:28:46.295+0000: 342865.307: Application time: 15.3251993 seconds
2019-06-25T07:28:46.321+0000: 342865.333: Application time: 0.0258865 seconds
2019-06-25T07:28:50.979+0000: 342869.991: Application time: 4.6578961 seconds
2019-06-25T07:28:50.979+0000: 342869.992: Application time: 0.0000764 seconds
2019-06-25T07:28:50.980+0000: 342869.992: Application time: 0.0005286 seconds
2019-06-25T07:28:50.980+0000: 342869.993: Application time: 0.0000679 seconds
2019-06-25T07:28:50.981+0000: 342869.993: Application time: 0.0000577 seconds
2019-06-25T07:28:50.981+0000: 342869.993: Application time: 0.0000690 seconds
2019-06-25T07:28:50.981+0000: 342869.993: Application time: 0.0001762 seconds
2019-06-25T07:28:50.981+0000: 342869.994: Application time: 0.0001271 seconds
2019-06-25T07:28:56.738+0000: 342875.750: Application time: 5.7566560 seconds
2019-06-25T07:28:56.738+0000: 342875.751: Application time: 0.0001067 seconds
2019-06-25T07:28:56.740+0000: 342875.753: Application time: 0.0017521 seconds
2019-06-25T07:29:21.709+0000: 342900.721: Application time: 24.9681055 seconds
2019-06-25T07:29:31.021+0000: 342910.033: Application time: 9.3119368 seconds
2019-06-25T07:29:41.036+0000: 342920.048: Application time: 10.0058380 seconds
2019-06-25T07:29:41.037+0000: 342920.049: Application time: 0.0005492 seconds
2019-06-25T07:29:41.037+0000: 342920.049: Application time: 0.0000659 seconds
2019-06-25T07:29:41.038+0000: 342920.050: Application time: 0.0000701 seconds
2019-06-25T07:29:41.038+0000: 342920.050: Application time: 0.0000609 seconds
2019-06-25T07:29:41.038+0000: 342920.050: Application time: 0.0000596 seconds
2019-06-25T07:29:41.038+0000: 342920.051: Application time: 0.0000749 seconds
2019-06-25T07:29:41.039+0000: 342920.051: Application time: 0.0001158 seconds
2019-06-25T07:29:41.039+0000: 342920.051: Application time: 0.0001094 seconds
2019-06-25T07:29:43.985+0000: 342922.997: Application time: 2.9457622 seconds
2019-06-25T07:29:44.010+0000: 342923.022: Application time: 0.0251046 seconds
2019-06-25T07:29:51.044+0000: 342930.057: Application time: 7.0341682 seconds
2019-06-25T07:29:51.045+0000: 342930.057: Application time: 0.0000745 seconds
2019-06-25T07:29:51.046+0000: 342930.058: Application time: 0.0013404 seconds
2019-06-25T07:30:11.060+0000: 342950.073: Application time: 20.0139914 seconds
{Heap before GC invocations=2279 (full 177):
 par new generation   total 9792K, used 9389K [0x00000000e1000000, 0x00000000e1aa0000, 0x00000000eb4a0000)
  eden space 8704K,  99% used [0x00000000e1000000, 0x00000000e187ec10, 0x00000000e1880000)
  from space 1088K,  63% used [0x00000000e1990000, 0x00000000e1a3ca68, 0x00000000e1aa0000)
  to   space 1088K,   0% used [0x00000000e1880000, 0x00000000e1880000, 0x00000000e1990000)
 concurrent mark-sweep generation total 121500K, used 71074K [0x00000000eb4a0000, 0x00000000f2b47000, 0x0000000100000000)
 Metaspace       used 89066K, capacity 93560K, committed 93824K, reserved 1132544K
  class space    used 10738K, capacity 11538K, committed 11648K, reserved 1048576K
2019-06-25T07:30:11.061+0000: 342950.073: [GC (Allocation Failure) 2019-06-25T07:30:11.061+0000: 342950.074: [ParNew: 9389K->797K(9792K), 0.0041279 secs] 80464K->71872K(131292K), 0.0049915 secs] [Times: user=0.01 sys=0.00, real=0.00 secs] 
Heap after GC invocations=2280 (full 177):
 par new generation   total 9792K, used 797K [0x00000000e1000000, 0x00000000e1aa0000, 0x00000000eb4a0000)
  eden space 8704K,   0% used [0x00000000e1000000, 0x00000000e1000000, 0x00000000e1880000)
  from space 1088K,  73% used [0x00000000e1880000, 0x00000000e19477d0, 0x00000000e1990000)
  to   space 1088K,   0% used [0x00000000e1990000, 0x00000000e1990000, 0x00000000e1aa0000)
 concurrent mark-sweep generation total 121500K, used 71074K [0x00000000eb4a0000, 0x00000000f2b47000, 0x0000000100000000)
 Metaspace       used 89066K, capacity 93560K, committed 93824K, reserved 1132544K
  class space    used 10738K, capacity 11538K, committed 11648K, reserved 1048576K
}
2019-06-25T07:30:56.109+0000: 342995.121: Application time: 45.0421456 seconds
2019-06-25T07:30:56.113+0000: 342995.126: Application time: 0.0001701 seconds
2019-06-25T07:30:56.114+0000: 342995.126: Application time: 0.0001632 seconds
2019-06-25T07:30:56.114+0000: 342995.127: Application time: 0.0001436 seconds
2019-06-25T07:30:56.115+0000: 342995.128: Application time: 0.0001569 seconds
2019-06-25T07:31:01.092+0000: 343000.104: Application time: 4.9665530 seconds
2019-06-25T07:31:01.092+0000: 343000.104: Application time: 0.0000773 seconds
2019-06-25T07:31:01.092+0000: 343000.104: Application time: 0.0000611 seconds
2019-06-25T07:31:01.092+0000: 343000.105: Application time: 0.0000681 seconds
2019-06-25T07:31:01.092+0000: 343000.105: Application time: 0.0000562 seconds
2019-06-25T07:31:01.093+0000: 343000.105: Application time: 0.0000611 seconds
2019-06-25T07:31:01.093+0000: 343000.105: Application time: 0.0001458 seconds
2019-06-25T07:31:01.093+0000: 343000.105: Application time: 0.0000969 seconds
2019-06-25T07:31:04.301+0000: 343003.314: Application time: 3.2080920 seconds
2019-06-25T07:31:04.342+0000: 343003.354: Application time: 0.0401647 seconds
2019-06-25T07:31:11.098+0000: 343010.111: Application time: 6.7565081 seconds
2019-06-25T07:31:11.099+0000: 343010.111: Application time: 0.0001018 seconds
2019-06-25T07:31:11.100+0000: 343010.113: Application time: 0.0018366 seconds
2019-06-25T07:31:37.357+0000: 343036.369: Application time: 26.2559094 seconds
2019-06-25T07:31:37.393+0000: 343036.405: Application time: 0.0360615 seconds
2019-06-25T07:31:41.116+0000: 343040.128: Application time: 3.7229697 seconds
2019-06-25T07:31:41.116+0000: 343040.129: Application time: 0.0000654 seconds
2019-06-25T07:31:41.117+0000: 343040.129: Application time: 0.0000805 seconds
2019-06-25T07:31:41.117+0000: 343040.129: Application time: 0.0000481 seconds
2019-06-25T07:31:41.117+0000: 343040.129: Application time: 0.0000433 seconds
2019-06-25T07:31:41.117+0000: 343040.130: Application time: 0.0000638 seconds
2019-06-25T07:31:41.117+0000: 343040.130: Application time: 0.0000686 seconds
2019-06-25T07:31:41.118+0000: 343040.130: Application time: 0.0001788 seconds
2019-06-25T07:31:41.118+0000: 343040.130: Application time: 0.0001436 seconds
2019-06-25T07:31:51.124+0000: 343050.136: Application time: 10.0057077 seconds
2019-06-25T07:31:51.126+0000: 343050.138: Application time: 0.0018157 seconds
2019-06-25T07:32:01.132+0000: 343060.144: Application time: 10.0059331 seconds
{Heap before GC invocations=2280 (full 177):
 par new generation   total 9792K, used 9501K [0x00000000e1000000, 0x00000000e1aa0000, 0x00000000eb4a0000)
  eden space 8704K, 100% used [0x00000000e1000000, 0x00000000e1880000, 0x00000000e1880000)
  from space 1088K,  73% used [0x00000000e1880000, 0x00000000e19477d0, 0x00000000e1990000)
  to   space 1088K,   0% used [0x00000000e1990000, 0x00000000e1990000, 0x00000000e1aa0000)
 concurrent mark-sweep generation total 121500K, used 71074K [0x00000000eb4a0000, 0x00000000f2b47000, 0x0000000100000000)
 Metaspace       used 89107K, capacity 93626K, committed 93824K, reserved 1132544K
  class space    used 10744K, capacity 11549K, committed 11648K, reserved 1048576K
2019-06-25T07:32:01.132+0000: 343060.145: [GC (Allocation Failure) 2019-06-25T07:32:01.133+0000: 343060.145: [ParNew: 9501K->1007K(9792K), 0.0289068 secs] 80576K->72435K(131292K), 0.0297147 secs] [Times: user=0.05 sys=0.00, real=0.03 secs] 
Heap after GC invocations=2281 (full 177):
 par new generation   total 9792K, used 1007K [0x00000000e1000000, 0x00000000e1aa0000, 0x00000000eb4a0000)
  eden space 8704K,   0% used [0x00000000e1000000, 0x00000000e1000000, 0x00000000e1880000)
  from space 1088K,  92% used [0x00000000e1990000, 0x00000000e1a8bd48, 0x00000000e1aa0000)
  to   space 1088K,   0% used [0x00000000e1880000, 0x00000000e1880000, 0x00000000e1990000)
 concurrent mark-sweep generation total 121500K, used 71427K [0x00000000eb4a0000, 0x00000000f2b47000, 0x0000000100000000)
 Metaspace       used 89107K, capacity 93626K, committed 93824K, reserved 1132544K
  class space    used 10744K, capacity 11549K, committed 11648K, reserved 1048576K
}
2019-06-25T07:34:37.529+0000: 343216.541: Application time: 156.3661717 seconds
2019-06-25T07:34:37.554+0000: 343216.566: Application time: 0.0247022 seconds
2019-06-25T07:34:41.250+0000: 343220.262: Application time: 3.6954821 seconds
2019-06-25T07:34:41.250+0000: 343220.262: Application time: 0.0000713 seconds
2019-06-25T07:34:41.250+0000: 343220.263: Application time: 0.0000718 seconds
2019-06-25T07:34:41.251+0000: 343220.263: Application time: 0.0000443 seconds
2019-06-25T07:34:41.251+0000: 343220.263: Application time: 0.0000589 seconds
2019-06-25T07:34:41.251+0000: 343220.263: Application time: 0.0000587 seconds
2019-06-25T07:34:41.251+0000: 343220.263: Application time: 0.0000628 seconds
2019-06-25T07:34:41.251+0000: 343220.264: Application time: 0.0001231 seconds
2019-06-25T07:34:41.252+0000: 343220.264: Application time: 0.0001014 seconds
2019-06-25T07:34:51.257+0000: 343230.270: Application time: 10.0056876 seconds
2019-06-25T07:34:51.259+0000: 343230.271: Application time: 0.0014105 seconds
2019-06-25T07:36:05.578+0000: 343304.590: Application time: 74.3183446 seconds
{Heap before GC invocations=2281 (full 177):
 par new generation   total 9792K, used 9710K [0x00000000e1000000, 0x00000000e1aa0000, 0x00000000eb4a0000)
  eden space 8704K,  99% used [0x00000000e1000000, 0x00000000e187fe98, 0x00000000e1880000)
  from space 1088K,  92% used [0x00000000e1990000, 0x00000000e1a8bd48, 0x00000000e1aa0000)
  to   space 1088K,   0% used [0x00000000e1880000, 0x00000000e1880000, 0x00000000e1990000)
 concurrent mark-sweep generation total 121500K, used 71427K [0x00000000eb4a0000, 0x00000000f2b47000, 0x0000000100000000)
 Metaspace       used 89107K, capacity 93626K, committed 93824K, reserved 1132544K
  class space    used 10744K, capacity 11549K, committed 11648K, reserved 1048576K
2019-06-25T07:36:05.578+0000: 343304.591: [GC (Allocation Failure) 2019-06-25T07:36:05.579+0000: 343304.591: [ParNew: 9710K->1066K(9792K), 0.1103836 secs] 81138K->73112K(131292K), 0.1170989 secs] [Times: user=0.16 sys=0.00, real=0.11 secs] 
Heap after GC invocations=2282 (full 177):
 par new generation   total 9792K, used 1066K [0x00000000e1000000, 0x00000000e1aa0000, 0x00000000eb4a0000)
  eden space 8704K,   0% used [0x00000000e1000000, 0x00000000e1000000, 0x00000000e1880000)
  from space 1088K,  98% used [0x00000000e1880000, 0x00000000e198aa28, 0x00000000e1990000)
  to   space 1088K,   0% used [0x00000000e1990000, 0x00000000e1990000, 0x00000000e1aa0000)
 concurrent mark-sweep generation total 121500K, used 72045K [0x00000000eb4a0000, 0x00000000f2b47000, 0x0000000100000000)
 Metaspace       used 89107K, capacity 93626K, committed 93824K, reserved 1132544K
  class space    used 10744K, capacity 11549K, committed 11648K, reserved 1048576K
}
2019-06-25T07:36:06.696+0000: 343305.709: Application time: 1.0005221 seconds
2019-06-25T07:36:10.574+0000: 343309.586: Application time: 3.8774221 seconds
2019-06-25T07:36:10.724+0000: 343309.736: Application time: 0.1494026 seconds
2019-06-25T07:36:11.331+0000: 343310.343: Application time: 0.6067648 seconds
2019-06-25T07:36:11.331+0000: 343310.344: Application time: 0.0000711 seconds
2019-06-25T07:36:11.331+0000: 343310.344: Application time: 0.0000603 seconds
2019-06-25T07:36:11.332+0000: 343310.344: Application time: 0.0000645 seconds
2019-06-25T07:36:11.332+0000: 343310.344: Application time: 0.0000596 seconds
2019-06-25T07:36:11.332+0000: 343310.344: Application time: 0.0000586 seconds
2019-06-25T07:36:11.332+0000: 343310.344: Application time: 0.0000766 seconds
2019-06-25T07:36:11.332+0000: 343310.345: Application time: 0.0000637 seconds
2019-06-25T07:36:11.333+0000: 343310.345: Application time: 0.0001403 seconds
2019-06-25T07:36:11.333+0000: 343310.345: Application time: 0.0000964 seconds
2019-06-25T07:36:21.339+0000: 343320.352: Application time: 10.0064827 seconds
2019-06-25T07:36:38.628+0000: 343337.640: Application time: 17.2881533 seconds
2019-06-25T07:36:38.676+0000: 343337.688: Application time: 0.0479823 seconds
2019-06-25T07:36:41.350+0000: 343340.362: Application time: 2.6737933 seconds
2019-06-25T07:36:41.350+0000: 343340.363: Application time: 0.0005010 seconds
2019-06-25T07:36:41.351+0000: 343340.363: Application time: 0.0000624 seconds
2019-06-25T07:36:41.351+0000: 343340.363: Application time: 0.0000616 seconds
2019-06-25T07:36:41.351+0000: 343340.364: Application time: 0.0000565 seconds
2019-06-25T07:36:41.352+0000: 343340.364: Application time: 0.0000580 seconds
2019-06-25T07:36:41.352+0000: 343340.364: Application time: 0.0000557 seconds
2019-06-25T07:36:41.352+0000: 343340.364: Application time: 0.0000583 seconds
2019-06-25T07:36:41.352+0000: 343340.365: Application time: 0.0001436 seconds
2019-06-25T07:36:41.352+0000: 343340.365: Application time: 0.0000990 seconds
2019-06-25T07:36:51.358+0000: 343350.370: Application time: 10.0051395 seconds
2019-06-25T07:36:51.359+0000: 343350.372: Application time: 0.0012528 seconds
2019-06-25T07:36:56.780+0000: 343355.792: Application time: 5.4201598 seconds
2019-06-25T07:41:01.494+0000: 343600.506: Application time: 244.7137713 seconds
{Heap before GC invocations=2282 (full 177):
 par new generation   total 9792K, used 9770K [0x00000000e1000000, 0x00000000e1aa0000, 0x00000000eb4a0000)
  eden space 8704K, 100% used [0x00000000e1000000, 0x00000000e1880000, 0x00000000e1880000)
  from space 1088K,  98% used [0x00000000e1880000, 0x00000000e198aa28, 0x00000000e1990000)
  to   space 1088K,   0% used [0x00000000e1990000, 0x00000000e1990000, 0x00000000e1aa0000)
 concurrent mark-sweep generation total 121500K, used 72045K [0x00000000eb4a0000, 0x00000000f2b47000, 0x0000000100000000)
 Metaspace       used 89107K, capacity 93626K, committed 93824K, reserved 1132544K
  class space    used 10744K, capacity 11549K, committed 11648K, reserved 1048576K
2019-06-25T07:41:01.516+0000: 343600.528: [GC (Allocation Failure) 2019-06-25T07:41:01.516+0000: 343600.528: [ParNew: 9770K->714K(9792K), 0.0434881 secs] 81816K->73102K(131292K), 0.0441157 secs] [Times: user=0.02 sys=0.00, real=0.05 secs] 
Heap after GC invocations=2283 (full 177):
 par new generation   total 9792K, used 714K [0x00000000e1000000, 0x00000000e1aa0000, 0x00000000eb4a0000)
  eden space 8704K,   0% used [0x00000000e1000000, 0x00000000e1000000, 0x00000000e1880000)
  from space 1088K,  65% used [0x00000000e1990000, 0x00000000e1a429c8, 0x00000000e1aa0000)
  to   space 1088K,   0% used [0x00000000e1880000, 0x00000000e1880000, 0x00000000e1990000)
 concurrent mark-sweep generation total 121500K, used 72388K [0x00000000eb4a0000, 0x00000000f2b47000, 0x0000000100000000)
 Metaspace       used 89107K, capacity 93626K, committed 93824K, reserved 1132544K
  class space    used 10744K, capacity 11549K, committed 11648K, reserved 1048576K
}
2019-06-25T07:46:11.736+0000: 343910.748: Application time: 310.1752119 seconds
2019-06-25T07:46:51.919+0000: 343950.931: Application time: 40.1831789 seconds
2019-06-25T07:46:51.919+0000: 343950.932: Application time: 0.0000758 seconds
2019-06-25T07:46:51.919+0000: 343950.932: Application time: 0.0000568 seconds
2019-06-25T07:46:51.920+0000: 343950.932: Application time: 0.0001106 seconds
2019-06-25T07:46:51.920+0000: 343950.932: Application time: 0.0001141 seconds
2019-06-25T07:46:51.920+0000: 343950.933: Application time: 0.0001750 seconds
2019-06-25T07:46:51.921+0000: 343950.933: Application time: 0.0001092 seconds
2019-06-25T07:46:51.921+0000: 343950.933: Application time: 0.0001082 seconds
2019-06-25T07:46:51.921+0000: 343950.933: Application time: 0.0001076 seconds
2019-06-25T07:46:51.921+0000: 343950.934: Application time: 0.0001213 seconds
2019-06-25T07:48:11.801+0000: 344030.814: Application time: 79.8800108 seconds
{Heap before GC invocations=2283 (full 177):
 par new generation   total 9792K, used 9418K [0x00000000e1000000, 0x00000000e1aa0000, 0x00000000eb4a0000)
  eden space 8704K, 100% used [0x00000000e1000000, 0x00000000e1880000, 0x00000000e1880000)
  from space 1088K,  65% used [0x00000000e1990000, 0x00000000e1a429c8, 0x00000000e1aa0000)
  to   space 1088K,   0% used [0x00000000e1880000, 0x00000000e1880000, 0x00000000e1990000)
 concurrent mark-sweep generation total 121500K, used 72388K [0x00000000eb4a0000, 0x00000000f2b47000, 0x0000000100000000)
 Metaspace       used 89107K, capacity 93626K, committed 93824K, reserved 1132544K
  class space    used 10744K, capacity 11549K, committed 11648K, reserved 1048576K
2019-06-25T07:48:11.802+0000: 344030.815: [GC (Allocation Failure) 2019-06-25T07:48:11.803+0000: 344030.815: [ParNew: 9418K->735K(9792K), 0.0035471 secs] 81806K->73123K(131292K), 0.0045414 secs] [Times: user=0.00 sys=0.00, real=0.00 secs] 
Heap after GC invocations=2284 (full 177):
 par new generation   total 9792K, used 735K [0x00000000e1000000, 0x00000000e1aa0000, 0x00000000eb4a0000)
  eden space 8704K,   0% used [0x00000000e1000000, 0x00000000e1000000, 0x00000000e1880000)
  from space 1088K,  67% used [0x00000000e1880000, 0x00000000e1937c90, 0x00000000e1990000)
  to   space 1088K,   0% used [0x00000000e1990000, 0x00000000e1990000, 0x00000000e1aa0000)
 concurrent mark-sweep generation total 121500K, used 72388K [0x00000000eb4a0000, 0x00000000f2b47000, 0x0000000100000000)
 Metaspace       used 89107K, capacity 93626K, committed 93824K, reserved 1132544K
  class space    used 10744K, capacity 11549K, committed 11648K, reserved 1048576K
}
2019-06-25T07:48:52.813+0000: 344071.825: Application time: 41.0054215 seconds
2019-06-25T07:53:44.493+0000: 344363.505: Application time: 291.6795172 seconds
{Heap before GC invocations=2284 (full 177):
 par new generation   total 9792K, used 9439K [0x00000000e1000000, 0x00000000e1aa0000, 0x00000000eb4a0000)
  eden space 8704K, 100% used [0x00000000e1000000, 0x00000000e1880000, 0x00000000e1880000)
  from space 1088K,  67% used [0x00000000e1880000, 0x00000000e1937c90, 0x00000000e1990000)
  to   space 1088K,   0% used [0x00000000e1990000, 0x00000000e1990000, 0x00000000e1aa0000)
 concurrent mark-sweep generation total 121500K, used 72388K [0x00000000eb4a0000, 0x00000000f2b47000, 0x0000000100000000)
 Metaspace       used 89107K, capacity 93626K, committed 93824K, reserved 1132544K
  class space    used 10744K, capacity 11549K, committed 11648K, reserved 1048576K
2019-06-25T07:53:44.504+0000: 344363.517: [GC (Allocation Failure) 2019-06-25T07:53:44.505+0000: 344363.517: [ParNew: 9439K->1017K(9792K), 0.0323583 secs] 81827K->73535K(131292K), 0.0333394 secs] [Times: user=0.04 sys=0.00, real=0.03 secs] 
Heap after GC invocations=2285 (full 177):
 par new generation   total 9792K, used 1017K [0x00000000e1000000, 0x00000000e1aa0000, 0x00000000eb4a0000)
  eden space 8704K,   0% used [0x00000000e1000000, 0x00000000e1000000, 0x00000000e1880000)
  from space 1088K,  93% used [0x00000000e1990000, 0x00000000e1a8e460, 0x00000000e1aa0000)
  to   space 1088K,   0% used [0x00000000e1880000, 0x00000000e1880000, 0x00000000e1990000)
 concurrent mark-sweep generation total 121500K, used 72518K [0x00000000eb4a0000, 0x00000000f2b47000, 0x0000000100000000)
 Metaspace       used 89107K, capacity 93626K, committed 93824K, reserved 1132544K
  class space    used 10744K, capacity 11549K, committed 11648K, reserved 1048576K
}
2019-06-25T07:53:49.476+0000: 344368.489: Application time: 4.9377838 seconds
2019-06-25T07:53:49.561+0000: 344368.573: Application time: 0.0842484 seconds
2019-06-25T07:53:51.995+0000: 344371.007: Application time: 2.4340725 seconds
2019-06-25T07:53:51.995+0000: 344371.008: Application time: 0.0000725 seconds
2019-06-25T07:53:51.996+0000: 344371.008: Application time: 0.0000672 seconds
2019-06-25T07:53:51.996+0000: 344371.009: Application time: 0.0000632 seconds
2019-06-25T07:53:51.997+0000: 344371.009: Application time: 0.0000756 seconds
2019-06-25T07:53:51.997+0000: 344371.009: Application time: 0.0000540 seconds
2019-06-25T07:53:51.997+0000: 344371.009: Application time: 0.0000683 seconds
2019-06-25T07:53:51.997+0000: 344371.009: Application time: 0.0001650 seconds
2019-06-25T07:53:51.997+0000: 344371.010: Application time: 0.0001318 seconds
2019-06-25T07:53:56.822+0000: 344375.834: Application time: 4.8245768 seconds
2019-06-25T07:53:56.824+0000: 344375.836: Application time: 0.0016960 seconds
2019-06-25T07:54:21.839+0000: 344400.851: Application time: 25.0145517 seconds
2019-06-25T07:55:42.852+0000: 344481.864: Application time: 81.0129109 seconds
2019-06-25T07:57:52.135+0000: 344611.147: Application time: 129.2829676 seconds
2019-06-25T07:57:52.135+0000: 344611.148: Application time: 0.0000336 seconds
2019-06-25T07:57:52.136+0000: 344611.148: Application time: 0.0004872 seconds
2019-06-25T07:57:52.136+0000: 344611.149: Application time: 0.0000725 seconds
2019-06-25T07:57:52.137+0000: 344611.149: Application time: 0.0000734 seconds
2019-06-25T07:57:52.137+0000: 344611.149: Application time: 0.0000561 seconds
2019-06-25T07:57:52.137+0000: 344611.149: Application time: 0.0000659 seconds
2019-06-25T07:57:52.137+0000: 344611.149: Application time: 0.0001423 seconds
2019-06-25T07:57:52.137+0000: 344611.150: Application time: 0.0001071 seconds
2019-06-25T07:57:54.509+0000: 344613.522: Application time: 2.3718803 seconds
2019-06-25T07:57:54.548+0000: 344613.560: Application time: 0.0381091 seconds
2019-06-25T07:57:56.833+0000: 344615.846: Application time: 2.2853838 seconds
2019-06-25T07:57:56.835+0000: 344615.847: Application time: 0.0014331 seconds
2019-06-25T07:58:19.057+0000: 344638.069: Application time: 22.2217899 seconds
{Heap before GC invocations=2285 (full 177):
 par new generation   total 9792K, used 9721K [0x00000000e1000000, 0x00000000e1aa0000, 0x00000000eb4a0000)
  eden space 8704K, 100% used [0x00000000e1000000, 0x00000000e1880000, 0x00000000e1880000)
  from space 1088K,  93% used [0x00000000e1990000, 0x00000000e1a8e460, 0x00000000e1aa0000)
  to   space 1088K,   0% used [0x00000000e1880000, 0x00000000e1880000, 0x00000000e1990000)
 concurrent mark-sweep generation total 121500K, used 72518K [0x00000000eb4a0000, 0x00000000f2b47000, 0x0000000100000000)
 Metaspace       used 89107K, capacity 93626K, committed 93824K, reserved 1132544K
  class space    used 10744K, capacity 11549K, committed 11648K, reserved 1048576K
2019-06-25T07:58:19.058+0000: 344638.070: [GC (Allocation Failure) 2019-06-25T07:58:19.059+0000: 344638.071: [ParNew: 9721K->1088K(9792K), 0.0325247 secs] 82239K->73800K(131292K), 0.0338335 secs] [Times: user=0.06 sys=0.00, real=0.04 secs] 
Heap after GC invocations=2286 (full 177):
 par new generation   total 9792K, used 1088K [0x00000000e1000000, 0x00000000e1aa0000, 0x00000000eb4a0000)
  eden space 8704K,   0% used [0x00000000e1000000, 0x00000000e1000000, 0x00000000e1880000)
  from space 1088K, 100% used [0x00000000e1880000, 0x00000000e1990000, 0x00000000e1990000)
  to   space 1088K,   0% used [0x00000000e1990000, 0x00000000e1990000, 0x00000000e1aa0000)
 concurrent mark-sweep generation total 121500K, used 72712K [0x00000000eb4a0000, 0x00000000f2b47000, 0x0000000100000000)
 Metaspace       used 89107K, capacity 93626K, committed 93824K, reserved 1132544K
  class space    used 10744K, capacity 11549K, committed 11648K, reserved 1048576K
}
2019-06-25T07:58:22.155+0000: 344641.167: Application time: 3.0622632 seconds
2019-06-25T07:58:22.155+0000: 344641.168: Application time: 0.0000802 seconds
2019-06-25T07:58:22.155+0000: 344641.168: Application time: 0.0000571 seconds
2019-06-25T07:58:22.156+0000: 344641.168: Application time: 0.0000607 seconds
2019-06-25T07:58:22.156+0000: 344641.169: Application time: 0.0001151 seconds
2019-06-25T07:58:22.157+0000: 344641.169: Application time: 0.0001234 seconds
2019-06-25T07:58:22.157+0000: 344641.170: Application time: 0.0001833 seconds
2019-06-25T07:58:22.158+0000: 344641.170: Application time: 0.0001839 seconds
2019-06-25T07:58:22.158+0000: 344641.170: Application time: 0.0001779 seconds
2019-06-25T07:58:24.055+0000: 344643.067: Application time: 1.8966918 seconds
2019-06-25T07:58:24.114+0000: 344643.127: Application time: 0.0592645 seconds
2019-06-25T07:58:27.632+0000: 344646.645: Application time: 3.5179811 seconds
2019-06-25T07:58:27.633+0000: 344646.645: Application time: 0.0001754 seconds
2019-06-25T07:58:27.633+0000: 344646.645: Application time: 0.0001936 seconds
2019-06-25T07:58:27.633+0000: 344646.646: Application time: 0.0001668 seconds
2019-06-25T07:58:27.634+0000: 344646.646: Application time: 0.0001679 seconds
2019-06-25T07:58:27.636+0000: 344646.648: Application time: 0.0016331 seconds
2019-06-25T07:59:22.195+0000: 344701.208: Application time: 54.5602363 seconds
2019-06-25T07:59:22.196+0000: 344701.209: Application time: 0.0000659 seconds
2019-06-25T07:59:22.196+0000: 344701.209: Application time: 0.0000598 seconds
2019-06-25T07:59:22.197+0000: 344701.209: Application time: 0.0001383 seconds
2019-06-25T07:59:22.197+0000: 344701.210: Application time: 0.0001471 seconds
2019-06-25T07:59:25.739+0000: 344704.751: Application time: 3.5413165 seconds
2019-06-25T07:59:25.768+0000: 344704.780: Application time: 0.0284568 seconds
2019-06-25T07:59:27.641+0000: 344706.653: Application time: 1.8731279 seconds
2019-06-25T07:59:27.641+0000: 344706.653: Application time: 0.0001349 seconds
2019-06-25T07:59:27.641+0000: 344706.654: Application time: 0.0001242 seconds
2019-06-25T07:59:27.642+0000: 344706.654: Application time: 0.0001270 seconds
2019-06-25T07:59:27.642+0000: 344706.654: Application time: 0.0001259 seconds
2019-06-25T07:59:27.642+0000: 344706.654: Application time: 0.0001194 seconds
2019-06-25T07:59:27.643+0000: 344706.655: Application time: 0.0006069 seconds
2019-06-25T07:59:27.643+0000: 344706.655: Application time: 0.0001539 seconds
2019-06-25T07:59:27.644+0000: 344706.657: Application time: 0.0011853 seconds
2019-06-25T08:00:24.925+0000: 344763.938: Application time: 57.2805814 seconds
2019-06-25T08:00:24.973+0000: 344763.985: Application time: 0.0476894 seconds
2019-06-25T08:00:45.339+0000: 344784.351: Application time: 20.3654921 seconds
{Heap before GC invocations=2286 (full 177):
 par new generation   total 9792K, used 9792K [0x00000000e1000000, 0x00000000e1aa0000, 0x00000000eb4a0000)
  eden space 8704K, 100% used [0x00000000e1000000, 0x00000000e1880000, 0x00000000e1880000)
  from space 1088K, 100% used [0x00000000e1880000, 0x00000000e1990000, 0x00000000e1990000)
  to   space 1088K,   0% used [0x00000000e1990000, 0x00000000e1990000, 0x00000000e1aa0000)
 concurrent mark-sweep generation total 121500K, used 72712K [0x00000000eb4a0000, 0x00000000f2b47000, 0x0000000100000000)
 Metaspace       used 89107K, capacity 93626K, committed 93824K, reserved 1132544K
  class space    used 10744K, capacity 11549K, committed 11648K, reserved 1048576K
2019-06-25T08:00:45.339+0000: 344784.352: [GC (Allocation Failure) 2019-06-25T08:00:45.340+0000: 344784.352: [ParNew: 9792K->1069K(9792K), 0.0072010 secs] 82504K->74039K(131292K), 0.0079089 secs] [Times: user=0.01 sys=0.00, real=0.00 secs] 
Heap after GC invocations=2287 (full 177):
 par new generation   total 9792K, used 1069K [0x00000000e1000000, 0x00000000e1aa0000, 0x00000000eb4a0000)
  eden space 8704K,   0% used [0x00000000e1000000, 0x00000000e1000000, 0x00000000e1880000)
  from space 1088K,  98% used [0x00000000e1990000, 0x00000000e1a9b720, 0x00000000e1aa0000)
  to   space 1088K,   0% used [0x00000000e1880000, 0x00000000e1880000, 0x00000000e1990000)
 concurrent mark-sweep generation total 121500K, used 72970K [0x00000000eb4a0000, 0x00000000f2b47000, 0x0000000100000000)
 Metaspace       used 89107K, capacity 93626K, committed 93824K, reserved 1132544K
  class space    used 10744K, capacity 11549K, committed 11648K, reserved 1048576K
}
2019-06-25T08:00:45.348+0000: 344784.361: Application time: 0.0002265 seconds
2019-06-25T08:00:45.361+0000: 344784.373: [GC (CMS Initial Mark) [1 CMS-initial-mark: 72970K(121500K)] 74047K(131292K), 0.0032004 secs] [Times: user=0.01 sys=0.00, real=0.00 secs] 
2019-06-25T08:00:45.365+0000: 344784.378: [CMS-concurrent-mark-start]
2019-06-25T08:00:45.493+0000: 344784.505: [CMS-concurrent-mark: 0.128/0.128 secs] [Times: user=0.13 sys=0.00, real=0.13 secs] 
2019-06-25T08:00:45.494+0000: 344784.506: [CMS-concurrent-preclean-start]
2019-06-25T08:00:45.496+0000: 344784.508: [CMS-concurrent-preclean: 0.002/0.002 secs] [Times: user=0.00 sys=0.00, real=0.00 secs] 
2019-06-25T08:00:45.497+0000: 344784.510: Application time: 0.1321131 seconds
2019-06-25T08:00:45.498+0000: 344784.510: [GC (CMS Final Remark) [YG occupancy: 2974 K (9792 K)]2019-06-25T08:00:45.498+0000: 344784.510: [Rescan (parallel) , 0.0030770 secs]2019-06-25T08:00:45.501+0000: 344784.514: [weak refs processing, 0.0025499 secs]2019-06-25T08:00:45.504+0000: 344784.517: [class unloading, 0.0313687 secs]2019-06-25T08:00:45.536+0000: 344784.549: [scrub symbol table, 0.0234824 secs]2019-06-25T08:00:45.560+0000: 344784.573: [scrub string table, 0.0015523 secs][1 CMS-remark: 72970K(121500K)] 75944K(131292K), 0.0774803 secs] [Times: user=0.08 sys=0.00, real=0.08 secs] 
2019-06-25T08:00:45.576+0000: 344784.589: Application time: 0.0003840 seconds
2019-06-25T08:00:45.577+0000: 344784.590: [CMS-concurrent-sweep-start]
2019-06-25T08:00:45.623+0000: 344784.635: [CMS-concurrent-sweep: 0.045/0.046 secs] [Times: user=0.04 sys=0.00, real=0.05 secs] 
2019-06-25T08:00:45.624+0000: 344784.636: [CMS-concurrent-reset-start]
2019-06-25T08:00:45.624+0000: 344784.636: [CMS-concurrent-reset: 0.000/0.000 secs] [Times: user=0.00 sys=0.00, real=0.00 secs] 
2019-06-25T08:00:46.578+0000: 344785.590: Application time: 1.0007182 seconds
2019-06-25T08:00:50.338+0000: 344789.350: Application time: 3.7489616 seconds
2019-06-25T08:00:50.389+0000: 344789.401: Application time: 0.0508900 seconds
2019-06-25T08:00:52.248+0000: 344791.260: Application time: 1.8589971 seconds
2019-06-25T08:00:52.248+0000: 344791.261: Application time: 0.0001004 seconds
2019-06-25T08:00:53.248+0000: 344792.261: Application time: 1.0001407 seconds
2019-06-25T08:00:56.249+0000: 344795.261: Application time: 3.0004653 seconds
2019-06-25T08:00:56.842+0000: 344795.854: Application time: 0.5922451 seconds
2019-06-25T08:00:56.842+0000: 344795.854: Application time: 0.0001320 seconds
2019-06-25T08:00:56.842+0000: 344795.854: Application time: 0.0001164 seconds
2019-06-25T08:00:56.842+0000: 344795.855: Application time: 0.0001171 seconds
2019-06-25T08:00:56.843+0000: 344795.855: Application time: 0.0001151 seconds
2019-06-25T08:00:56.843+0000: 344795.855: Application time: 0.0001100 seconds
2019-06-25T08:00:56.843+0000: 344795.856: Application time: 0.0007576 seconds
2019-06-25T08:00:56.844+0000: 344795.856: Application time: 0.0001458 seconds
2019-06-25T08:00:56.845+0000: 344795.858: Application time: 0.0012191 seconds
2019-06-25T08:01:13.848+0000: 344812.860: Application time: 17.0021109 seconds
2019-06-25T08:01:18.037+0000: 344817.049: Application time: 4.1890674 seconds
2019-06-25T08:01:18.062+0000: 344817.075: Application time: 0.0252590 seconds
2019-06-25T08:01:22.270+0000: 344821.282: Application time: 4.2073720 seconds
2019-06-25T08:01:22.270+0000: 344821.282: Application time: 0.0000688 seconds
2019-06-25T08:01:27.657+0000: 344826.669: Application time: 5.3864187 seconds
2019-06-25T08:01:27.657+0000: 344826.670: Application time: 0.0001577 seconds
2019-06-25T08:01:27.658+0000: 344826.670: Application time: 0.0001405 seconds
2019-06-25T08:01:27.658+0000: 344826.671: Application time: 0.0002820 seconds
2019-06-25T08:01:27.660+0000: 344826.672: Application time: 0.0001537 seconds
2019-06-25T08:01:27.660+0000: 344826.672: Application time: 0.0011796 seconds
2019-06-25T08:01:27.662+0000: 344826.674: Application time: 0.0001629 seconds
2019-06-25T08:01:27.662+0000: 344826.675: Application time: 0.0002915 seconds
2019-06-25T08:01:27.663+0000: 344826.675: Application time: 0.0001965 seconds
2019-06-25T08:01:27.668+0000: 344826.680: Application time: 0.0049133 seconds
2019-06-25T08:01:42.675+0000: 344841.687: Application time: 15.0021946 seconds
2019-06-25T08:01:56.677+0000: 344855.689: Application time: 14.0018716 seconds
2019-06-25T08:02:52.333+0000: 344911.346: Application time: 55.6563400 seconds
2019-06-25T08:02:53.334+0000: 344912.346: Application time: 1.0002146 seconds
2019-06-25T08:04:03.124+0000: 344982.136: Application time: 69.7900965 seconds
{Heap before GC invocations=2287 (full 178):
 par new generation   total 9792K, used 9762K [0x00000000e1000000, 0x00000000e1aa0000, 0x00000000eb4a0000)
  eden space 8704K,  99% used [0x00000000e1000000, 0x00000000e187d448, 0x00000000e1880000)
  from space 1088K,  98% used [0x00000000e1990000, 0x00000000e1a9b720, 0x00000000e1aa0000)
  to   space 1088K,   0% used [0x00000000e1880000, 0x00000000e1880000, 0x00000000e1990000)
 concurrent mark-sweep generation total 121500K, used 69778K [0x00000000eb4a0000, 0x00000000f2b47000, 0x0000000100000000)
 Metaspace       used 89086K, capacity 93590K, committed 93824K, reserved 1132544K
  class space    used 10740K, capacity 11543K, committed 11648K, reserved 1048576K
2019-06-25T08:04:03.125+0000: 344982.137: [GC (Allocation Failure) 2019-06-25T08:04:03.125+0000: 344982.137: [ParNew: 9762K->1088K(9792K), 0.0321114 secs] 79541K->71113K(131292K), 0.0328743 secs] [Times: user=0.06 sys=0.00, real=0.03 secs] 
Heap after GC invocations=2288 (full 178):
 par new generation   total 9792K, used 1088K [0x00000000e1000000, 0x00000000e1aa0000, 0x00000000eb4a0000)
  eden space 8704K,   0% used [0x00000000e1000000, 0x00000000e1000000, 0x00000000e1880000)
  from space 1088K, 100% used [0x00000000e1880000, 0x00000000e1990000, 0x00000000e1990000)
  to   space 1088K,   0% used [0x00000000e1990000, 0x00000000e1990000, 0x00000000e1aa0000)
 concurrent mark-sweep generation total 121500K, used 70025K [0x00000000eb4a0000, 0x00000000f2b47000, 0x0000000100000000)
 Metaspace       used 89086K, capacity 93590K, committed 93824K, reserved 1132544K
  class space    used 10740K, capacity 11543K, committed 11648K, reserved 1048576K
}
2019-06-25T08:04:08.124+0000: 344987.136: Application time: 4.9653464 seconds
2019-06-25T08:04:08.187+0000: 344987.199: Application time: 0.0634093 seconds
2019-06-25T08:04:12.378+0000: 344991.390: Application time: 4.1907057 seconds
2019-06-25T08:04:22.383+0000: 345001.396: Application time: 10.0051544 seconds
2019-06-25T08:04:22.384+0000: 345001.397: Application time: 0.0000703 seconds
2019-06-25T08:04:22.384+0000: 345001.397: Application time: 0.0000626 seconds
2019-06-25T08:04:22.385+0000: 345001.397: Application time: 0.0000574 seconds
2019-06-25T08:04:22.385+0000: 345001.397: Application time: 0.0000661 seconds
2019-06-25T08:04:22.385+0000: 345001.397: Application time: 0.0000560 seconds
2019-06-25T08:04:22.385+0000: 345001.398: Application time: 0.0001415 seconds
2019-06-25T08:04:22.386+0000: 345001.398: Application time: 0.0001708 seconds
2019-06-25T08:04:22.386+0000: 345001.398: Application time: 0.0001523 seconds
2019-06-25T08:04:22.387+0000: 345001.400: Application time: 0.0013299 seconds
2019-06-25T08:04:52.391+0000: 345031.403: Application time: 30.0035706 seconds
2019-06-25T08:05:52.333+0000: 345091.346: Application time: 59.9421010 seconds
2019-06-25T08:05:56.857+0000: 345095.869: Application time: 4.5194298 seconds
2019-06-25T08:05:57.702+0000: 345096.715: Application time: 0.8448471 seconds
2019-06-25T08:05:57.702+0000: 345096.715: Application time: 0.0004255 seconds
2019-06-25T08:05:57.703+0000: 345096.715: Application time: 0.0000430 seconds
2019-06-25T08:05:57.703+0000: 345096.716: Application time: 0.0000622 seconds
2019-06-25T08:05:57.703+0000: 345096.716: Application time: 0.0000574 seconds
2019-06-25T08:05:57.704+0000: 345096.716: Application time: 0.0000559 seconds
2019-06-25T08:05:57.704+0000: 345096.716: Application time: 0.0001041 seconds
2019-06-25T08:05:57.704+0000: 345096.716: Application time: 0.0001685 seconds
2019-06-25T08:05:57.704+0000: 345096.717: Application time: 0.0001280 seconds
2019-06-25T08:05:57.705+0000: 345096.718: Application time: 0.0010663 seconds
2019-06-25T08:06:00.140+0000: 345099.152: Application time: 2.4346329 seconds
2019-06-25T08:06:00.176+0000: 345099.189: Application time: 0.0361526 seconds
2019-06-25T08:06:02.445+0000: 345101.457: Application time: 2.2682813 seconds
{Heap before GC invocations=2288 (full 178):
 par new generation   total 9792K, used 9792K [0x00000000e1000000, 0x00000000e1aa0000, 0x00000000eb4a0000)
  eden space 8704K, 100% used [0x00000000e1000000, 0x00000000e1880000, 0x00000000e1880000)
  from space 1088K, 100% used [0x00000000e1880000, 0x00000000e1990000, 0x00000000e1990000)
  to   space 1088K,   0% used [0x00000000e1990000, 0x00000000e1990000, 0x00000000e1aa0000)
 concurrent mark-sweep generation total 121500K, used 70025K [0x00000000eb4a0000, 0x00000000f2b47000, 0x0000000100000000)
 Metaspace       used 89086K, capacity 93590K, committed 93824K, reserved 1132544K
  class space    used 10740K, capacity 11543K, committed 11648K, reserved 1048576K
2019-06-25T08:06:02.446+0000: 345101.458: [GC (Allocation Failure) 2019-06-25T08:06:02.446+0000: 345101.458: [ParNew: 9792K->1088K(9792K), 0.0508491 secs] 79817K->71467K(131292K), 0.0517846 secs] [Times: user=0.03 sys=0.01, real=0.05 secs] 
Heap after GC invocations=2289 (full 178):
 par new generation   total 9792K, used 1088K [0x00000000e1000000, 0x00000000e1aa0000, 0x00000000eb4a0000)
  eden space 8704K,   0% used [0x00000000e1000000, 0x00000000e1000000, 0x00000000e1880000)
  from space 1088K, 100% used [0x00000000e1990000, 0x00000000e1aa0000, 0x00000000e1aa0000)
  to   space 1088K,   0% used [0x00000000e1880000, 0x00000000e1880000, 0x00000000e1990000)
 concurrent mark-sweep generation total 121500K, used 70379K [0x00000000eb4a0000, 0x00000000f2b47000, 0x0000000100000000)
 Metaspace       used 89086K, capacity 93590K, committed 93824K, reserved 1132544K
  class space    used 10740K, capacity 11543K, committed 11648K, reserved 1048576K
}
2019-06-25T08:07:51.909+0000: 345210.921: Application time: 109.4109013 seconds
2019-06-25T08:07:51.909+0000: 345210.922: Application time: 0.0001293 seconds
2019-06-25T08:07:51.910+0000: 345210.922: Application time: 0.0001086 seconds
2019-06-25T08:07:51.910+0000: 345210.922: Application time: 0.0001163 seconds
2019-06-25T08:07:51.911+0000: 345210.923: Application time: 0.0000685 seconds
2019-06-25T08:07:51.911+0000: 345210.923: Application time: 0.0000603 seconds
2019-06-25T08:07:51.911+0000: 345210.923: Application time: 0.0000584 seconds
2019-06-25T08:07:51.911+0000: 345210.923: Application time: 0.0000585 seconds
2019-06-25T08:07:51.911+0000: 345210.924: Application time: 0.0000730 seconds
2019-06-25T08:07:51.911+0000: 345210.924: Application time: 0.0000580 seconds
2019-06-25T08:13:12.735+0000: 345531.747: Application time: 320.8230139 seconds
{Heap before GC invocations=2289 (full 178):
 par new generation   total 9792K, used 9792K [0x00000000e1000000, 0x00000000e1aa0000, 0x00000000eb4a0000)
  eden space 8704K, 100% used [0x00000000e1000000, 0x00000000e1880000, 0x00000000e1880000)
  from space 1088K, 100% used [0x00000000e1990000, 0x00000000e1aa0000, 0x00000000e1aa0000)
  to   space 1088K,   0% used [0x00000000e1880000, 0x00000000e1880000, 0x00000000e1990000)
 concurrent mark-sweep generation total 121500K, used 70379K [0x00000000eb4a0000, 0x00000000f2b47000, 0x0000000100000000)
 Metaspace       used 89086K, capacity 93590K, committed 93824K, reserved 1132544K
  class space    used 10740K, capacity 11543K, committed 11648K, reserved 1048576K
2019-06-25T08:13:12.735+0000: 345531.748: [GC (Allocation Failure) 2019-06-25T08:13:12.736+0000: 345531.748: [ParNew: 9792K->690K(9792K), 0.0151241 secs] 80171K->71397K(131292K), 0.0160274 secs] [Times: user=0.03 sys=0.00, real=0.02 secs] 
Heap after GC invocations=2290 (full 178):
 par new generation   total 9792K, used 690K [0x00000000e1000000, 0x00000000e1aa0000, 0x00000000eb4a0000)
  eden space 8704K,   0% used [0x00000000e1000000, 0x00000000e1000000, 0x00000000e1880000)
  from space 1088K,  63% used [0x00000000e1880000, 0x00000000e192c890, 0x00000000e1990000)
  to   space 1088K,   0% used [0x00000000e1990000, 0x00000000e1990000, 0x00000000e1aa0000)
 concurrent mark-sweep generation total 121500K, used 70707K [0x00000000eb4a0000, 0x00000000f2b47000, 0x0000000100000000)
 Metaspace       used 89086K, capacity 93590K, committed 93824K, reserved 1132544K
  class space    used 10740K, capacity 11543K, committed 11648K, reserved 1048576K
}
2019-06-25T08:18:52.130+0000: 345871.142: Application time: 339.3773340 seconds
2019-06-25T08:19:21.973+0000: 345900.985: Application time: 29.8429478 seconds
2019-06-25T08:19:32.970+0000: 345911.982: Application time: 10.9965342 seconds
2019-06-25T08:20:21.980+0000: 345960.992: Application time: 49.0101314 seconds
{Heap before GC invocations=2290 (full 178):
 par new generation   total 9792K, used 9394K [0x00000000e1000000, 0x00000000e1aa0000, 0x00000000eb4a0000)
  eden space 8704K, 100% used [0x00000000e1000000, 0x00000000e1880000, 0x00000000e1880000)
  from space 1088K,  63% used [0x00000000e1880000, 0x00000000e192c890, 0x00000000e1990000)
  to   space 1088K,   0% used [0x00000000e1990000, 0x00000000e1990000, 0x00000000e1aa0000)
 concurrent mark-sweep generation total 121500K, used 70707K [0x00000000eb4a0000, 0x00000000f2b47000, 0x0000000100000000)
 Metaspace       used 89089K, capacity 93596K, committed 93824K, reserved 1132544K
  class space    used 10741K, capacity 11544K, committed 11648K, reserved 1048576K
2019-06-25T08:20:21.981+0000: 345960.993: [GC (Allocation Failure) 2019-06-25T08:20:21.981+0000: 345960.993: [ParNew: 9394K->663K(9792K), 0.0032868 secs] 80101K->71370K(131292K), 0.0041112 secs] [Times: user=0.00 sys=0.00, real=0.00 secs] 
Heap after GC invocations=2291 (full 178):
 par new generation   total 9792K, used 663K [0x00000000e1000000, 0x00000000e1aa0000, 0x00000000eb4a0000)
  eden space 8704K,   0% used [0x00000000e1000000, 0x00000000e1000000, 0x00000000e1880000)
  from space 1088K,  60% used [0x00000000e1990000, 0x00000000e1a35c60, 0x00000000e1aa0000)
  to   space 1088K,   0% used [0x00000000e1880000, 0x00000000e1880000, 0x00000000e1990000)
 concurrent mark-sweep generation total 121500K, used 70707K [0x00000000eb4a0000, 0x00000000f2b47000, 0x0000000100000000)
 Metaspace       used 89089K, capacity 93596K, committed 93824K, reserved 1132544K
  class space    used 10741K, capacity 11544K, committed 11648K, reserved 1048576K
}
2019-06-25T08:23:33.117+0000: 346152.129: Application time: 191.1314417 seconds
2019-06-25T08:23:34.822+0000: 346153.834: Application time: 1.7041447 seconds
2019-06-25T08:23:34.856+0000: 346153.868: Application time: 0.0343679 seconds
2019-06-25T08:23:43.123+0000: 346162.135: Application time: 8.2667156 seconds
2019-06-25T08:23:43.124+0000: 346162.136: Application time: 0.0000716 seconds
2019-06-25T08:23:43.124+0000: 346162.136: Application time: 0.0000677 seconds
2019-06-25T08:23:43.124+0000: 346162.136: Application time: 0.0000632 seconds
2019-06-25T08:23:43.124+0000: 346162.137: Application time: 0.0000574 seconds
2019-06-25T08:23:43.124+0000: 346162.137: Application time: 0.0000564 seconds
2019-06-25T08:23:43.125+0000: 346162.137: Application time: 0.0001069 seconds
2019-06-25T08:23:43.125+0000: 346162.137: Application time: 0.0002427 seconds
2019-06-25T08:23:43.125+0000: 346162.138: Application time: 0.0001571 seconds
2019-06-25T08:23:43.127+0000: 346162.139: Application time: 0.0010450 seconds
2019-06-25T08:25:52.172+0000: 346291.184: Application time: 129.0455501 seconds
{Heap before GC invocations=2291 (full 178):
 par new generation   total 9792K, used 9367K [0x00000000e1000000, 0x00000000e1aa0000, 0x00000000eb4a0000)
  eden space 8704K, 100% used [0x00000000e1000000, 0x00000000e1880000, 0x00000000e1880000)
  from space 1088K,  60% used [0x00000000e1990000, 0x00000000e1a35c60, 0x00000000e1aa0000)
  to   space 1088K,   0% used [0x00000000e1880000, 0x00000000e1880000, 0x00000000e1990000)
 concurrent mark-sweep generation total 121500K, used 70707K [0x00000000eb4a0000, 0x00000000f2b47000, 0x0000000100000000)
 Metaspace       used 89089K, capacity 93596K, committed 93824K, reserved 1132544K
  class space    used 10741K, capacity 11544K, committed 11648K, reserved 1048576K
2019-06-25T08:25:52.173+0000: 346291.185: [GC (Allocation Failure) 2019-06-25T08:25:52.173+0000: 346291.185: [ParNew: 9367K->909K(9792K), 0.0457594 secs] 80074K->71897K(131292K), 0.0466289 secs] [Times: user=0.06 sys=0.00, real=0.05 secs] 
Heap after GC invocations=2292 (full 178):
 par new generation   total 9792K, used 909K [0x00000000e1000000, 0x00000000e1aa0000, 0x00000000eb4a0000)
  eden space 8704K,   0% used [0x00000000e1000000, 0x00000000e1000000, 0x00000000e1880000)
  from space 1088K,  83% used [0x00000000e1880000, 0x00000000e19635d8, 0x00000000e1990000)
  to   space 1088K,   0% used [0x00000000e1990000, 0x00000000e1990000, 0x00000000e1aa0000)
 concurrent mark-sweep generation total 121500K, used 70988K [0x00000000eb4a0000, 0x00000000f2b47000, 0x0000000100000000)
 Metaspace       used 89089K, capacity 93596K, committed 93824K, reserved 1132544K
  class space    used 10741K, capacity 11544K, committed 11648K, reserved 1048576K
}
2019-06-25T08:27:33.256+0000: 346392.268: Application time: 101.0357080 seconds
2019-06-25T08:27:35.896+0000: 346394.909: Application time: 2.6403009 seconds
2019-06-25T08:27:35.933+0000: 346394.945: Application time: 0.0359843 seconds
2019-06-25T08:27:43.262+0000: 346402.274: Application time: 7.3290775 seconds
2019-06-25T08:27:43.263+0000: 346402.275: Application time: 0.0000753 seconds
2019-06-25T08:27:43.263+0000: 346402.275: Application time: 0.0000590 seconds
2019-06-25T08:27:43.263+0000: 346402.275: Application time: 0.0000625 seconds
2019-06-25T08:27:43.263+0000: 346402.276: Application time: 0.0000587 seconds
2019-06-25T08:27:43.263+0000: 346402.276: Application time: 0.0000630 seconds
2019-06-25T08:27:43.264+0000: 346402.276: Application time: 0.0000624 seconds
2019-06-25T08:27:43.264+0000: 346402.276: Application time: 0.0001470 seconds
2019-06-25T08:27:43.264+0000: 346402.276: Application time: 0.0001274 seconds
2019-06-25T08:27:43.265+0000: 346402.278: Application time: 0.0011273 seconds
2019-06-25T08:27:51.304+0000: 346410.316: Application time: 8.0386035 seconds
2019-06-25T08:27:51.340+0000: 346410.353: Application time: 0.0361404 seconds
2019-06-25T08:27:53.270+0000: 346412.282: Application time: 1.9291028 seconds
2019-06-25T08:27:53.270+0000: 346412.282: Application time: 0.0001903 seconds
2019-06-25T08:27:53.270+0000: 346412.283: Application time: 0.0005091 seconds
2019-06-25T08:27:53.271+0000: 346412.283: Application time: 0.0000646 seconds
2019-06-25T08:27:53.271+0000: 346412.284: Application time: 0.0000492 seconds
2019-06-25T08:27:56.914+0000: 346415.926: Application time: 3.6421494 seconds
2019-06-25T08:27:56.914+0000: 346415.926: Application time: 0.0000667 seconds
2019-06-25T08:27:56.914+0000: 346415.926: Application time: 0.0000641 seconds
2019-06-25T08:27:56.914+0000: 346415.927: Application time: 0.0001867 seconds
2019-06-25T08:27:56.914+0000: 346415.927: Application time: 0.0001307 seconds
2019-06-25T08:27:56.916+0000: 346415.928: Application time: 0.0012635 seconds
2019-06-25T08:29:02.679+0000: 346481.691: Application time: 65.7626935 seconds
{Heap before GC invocations=2292 (full 178):
 par new generation   total 9792K, used 9613K [0x00000000e1000000, 0x00000000e1aa0000, 0x00000000eb4a0000)
  eden space 8704K, 100% used [0x00000000e1000000, 0x00000000e1880000, 0x00000000e1880000)
  from space 1088K,  83% used [0x00000000e1880000, 0x00000000e19635d8, 0x00000000e1990000)
  to   space 1088K,   0% used [0x00000000e1990000, 0x00000000e1990000, 0x00000000e1aa0000)
 concurrent mark-sweep generation total 121500K, used 70988K [0x00000000eb4a0000, 0x00000000f2b47000, 0x0000000100000000)
 Metaspace       used 89092K, capacity 93602K, committed 93824K, reserved 1132544K
  class space    used 10742K, capacity 11545K, committed 11648K, reserved 1048576K
2019-06-25T08:29:02.679+0000: 346481.692: [GC (Allocation Failure) 2019-06-25T08:29:02.680+0000: 346481.692: [ParNew: 9613K->985K(9792K), 0.0067977 secs] 80601K->71973K(131292K), 0.0248024 secs] [Times: user=0.00 sys=0.01, real=0.02 secs] 
Heap after GC invocations=2293 (full 178):
 par new generation   total 9792K, used 985K [0x00000000e1000000, 0x00000000e1aa0000, 0x00000000eb4a0000)
  eden space 8704K,   0% used [0x00000000e1000000, 0x00000000e1000000, 0x00000000e1880000)
  from space 1088K,  90% used [0x00000000e1990000, 0x00000000e1a86610, 0x00000000e1aa0000)
  to   space 1088K,   0% used [0x00000000e1880000, 0x00000000e1880000, 0x00000000e1990000)
 concurrent mark-sweep generation total 121500K, used 70988K [0x00000000eb4a0000, 0x00000000f2b47000, 0x0000000100000000)
 Metaspace       used 89092K, capacity 93602K, committed 93824K, reserved 1132544K
  class space    used 10742K, capacity 11545K, committed 11648K, reserved 1048576K
}
2019-06-25T08:29:03.311+0000: 346482.324: Application time: 0.6064869 seconds
2019-06-25T08:29:03.312+0000: 346482.324: Application time: 0.0001309 seconds
2019-06-25T08:29:03.312+0000: 346482.324: Application time: 0.0001305 seconds
2019-06-25T08:29:03.312+0000: 346482.324: Application time: 0.0001501 seconds
2019-06-25T08:29:03.312+0000: 346482.325: Application time: 0.0005822 seconds
2019-06-25T08:29:03.313+0000: 346482.325: Application time: 0.0001557 seconds
2019-06-25T08:29:03.313+0000: 346482.326: Application time: 0.0001440 seconds
2019-06-25T08:29:03.314+0000: 346482.326: Application time: 0.0002420 seconds
2019-06-25T08:29:07.676+0000: 346486.689: Application time: 4.3623729 seconds
2019-06-25T08:29:07.728+0000: 346486.740: Application time: 0.0511300 seconds
2019-06-25T08:29:13.319+0000: 346492.331: Application time: 5.5911928 seconds
2019-06-25T08:29:13.319+0000: 346492.332: Application time: 0.0000701 seconds
2019-06-25T08:29:13.321+0000: 346492.333: Application time: 0.0014459 seconds
2019-06-25T08:30:04.328+0000: 346543.340: Application time: 51.0069772 seconds
2019-06-25T08:30:09.167+0000: 346548.179: Application time: 4.8384445 seconds
2019-06-25T08:30:09.237+0000: 346548.249: Application time: 0.0697791 seconds
2019-06-25T08:30:13.353+0000: 346552.366: Application time: 4.1162951 seconds
2019-06-25T08:30:13.354+0000: 346552.366: Application time: 0.0006510 seconds
2019-06-25T08:30:13.354+0000: 346552.367: Application time: 0.0000678 seconds
2019-06-25T08:30:13.355+0000: 346552.367: Application time: 0.0000766 seconds
2019-06-25T08:30:13.355+0000: 346552.367: Application time: 0.0000558 seconds
2019-06-25T08:30:13.355+0000: 346552.367: Application time: 0.0001036 seconds
2019-06-25T08:30:13.355+0000: 346552.368: Application time: 0.0001705 seconds
2019-06-25T08:30:13.356+0000: 346552.368: Application time: 0.0001711 seconds
2019-06-25T08:30:18.079+0000: 346557.091: Application time: 4.7229893 seconds
2019-06-25T08:30:18.114+0000: 346557.126: Application time: 0.0346983 seconds
2019-06-25T08:30:23.361+0000: 346562.373: Application time: 5.2473869 seconds
2019-06-25T08:30:23.361+0000: 346562.374: Application time: 0.0000667 seconds
2019-06-25T08:30:23.363+0000: 346562.375: Application time: 0.0011763 seconds
2019-06-25T08:30:53.995+0000: 346593.008: Application time: 30.6323028 seconds
{Heap before GC invocations=2293 (full 178):
 par new generation   total 9792K, used 9675K [0x00000000e1000000, 0x00000000e1aa0000, 0x00000000eb4a0000)
  eden space 8704K,  99% used [0x00000000e1000000, 0x00000000e187c9e0, 0x00000000e1880000)
  from space 1088K,  90% used [0x00000000e1990000, 0x00000000e1a86610, 0x00000000e1aa0000)
  to   space 1088K,   0% used [0x00000000e1880000, 0x00000000e1880000, 0x00000000e1990000)
 concurrent mark-sweep generation total 121500K, used 70988K [0x00000000eb4a0000, 0x00000000f2b47000, 0x0000000100000000)
 Metaspace       used 89092K, capacity 93602K, committed 93824K, reserved 1132544K
  class space    used 10742K, capacity 11545K, committed 11648K, reserved 1048576K
2019-06-25T08:30:53.997+0000: 346593.009: [GC (Allocation Failure) 2019-06-25T08:30:53.997+0000: 346593.010: [ParNew: 9675K->1058K(9792K), 0.0324478 secs] 80664K->72397K(131292K), 0.0335164 secs] [Times: user=0.05 sys=0.00, real=0.04 secs] 
Heap after GC invocations=2294 (full 178):
 par new generation   total 9792K, used 1058K [0x00000000e1000000, 0x00000000e1aa0000, 0x00000000eb4a0000)
  eden space 8704K,   0% used [0x00000000e1000000, 0x00000000e1000000, 0x00000000e1880000)
  from space 1088K,  97% used [0x00000000e1880000, 0x00000000e19888b8, 0x00000000e1990000)
  to   space 1088K,   0% used [0x00000000e1990000, 0x00000000e1990000, 0x00000000e1aa0000)
 concurrent mark-sweep generation total 121500K, used 71339K [0x00000000eb4a0000, 0x00000000f2b47000, 0x0000000100000000)
 Metaspace       used 89092K, capacity 93602K, committed 93824K, reserved 1132544K
  class space    used 10742K, capacity 11545K, committed 11648K, reserved 1048576K
}
2019-06-25T08:30:56.923+0000: 346595.935: Application time: 2.8918535 seconds
2019-06-25T08:30:56.924+0000: 346595.936: Application time: 0.0001404 seconds
2019-06-25T08:30:56.924+0000: 346595.936: Application time: 0.0001921 seconds
2019-06-25T08:30:56.924+0000: 346595.936: Application time: 0.0000929 seconds
2019-06-25T08:30:56.925+0000: 346595.937: Application time: 0.0001886 seconds
2019-06-25T08:30:56.925+0000: 346595.937: Application time: 0.0001054 seconds
2019-06-25T08:30:56.925+0000: 346595.938: Application time: 0.0001254 seconds
2019-06-25T08:30:56.926+0000: 346595.938: Application time: 0.0002548 seconds
2019-06-25T08:30:56.926+0000: 346595.938: Application time: 0.0005177 seconds
2019-06-25T08:30:57.863+0000: 346596.876: Application time: 0.9371451 seconds
2019-06-25T08:30:57.865+0000: 346596.877: Application time: 0.0014305 seconds
2019-06-25T08:30:58.979+0000: 346597.991: Application time: 1.1137813 seconds
2019-06-25T08:30:59.053+0000: 346598.066: Application time: 0.0740920 seconds
2019-06-25T08:33:39.651+0000: 346758.663: Application time: 160.5974841 seconds
2019-06-25T08:33:39.685+0000: 346758.698: Application time: 0.0342447 seconds
2019-06-25T08:33:43.475+0000: 346762.487: Application time: 3.7890486 seconds
2019-06-25T08:33:43.475+0000: 346762.487: Application time: 0.0000695 seconds
2019-06-25T08:33:43.475+0000: 346762.488: Application time: 0.0004736 seconds
2019-06-25T08:33:43.476+0000: 346762.488: Application time: 0.0000996 seconds
2019-06-25T08:33:43.476+0000: 346762.488: Application time: 0.0000602 seconds
2019-06-25T08:33:43.476+0000: 346762.489: Application time: 0.0000423 seconds
2019-06-25T08:33:43.476+0000: 346762.489: Application time: 0.0000582 seconds
2019-06-25T08:33:43.477+0000: 346762.489: Application time: 0.0000643 seconds
2019-06-25T08:33:43.477+0000: 346762.489: Application time: 0.0002243 seconds
2019-06-25T08:33:43.477+0000: 346762.489: Application time: 0.0001088 seconds
2019-06-25T08:33:53.485+0000: 346772.497: Application time: 10.0074570 seconds
2019-06-25T08:35:13.535+0000: 346852.547: Application time: 80.0497693 seconds
{Heap before GC invocations=2294 (full 178):
 par new generation   total 9792K, used 9762K [0x00000000e1000000, 0x00000000e1aa0000, 0x00000000eb4a0000)
  eden space 8704K, 100% used [0x00000000e1000000, 0x00000000e1880000, 0x00000000e1880000)
  from space 1088K,  97% used [0x00000000e1880000, 0x00000000e19888b8, 0x00000000e1990000)
  to   space 1088K,   0% used [0x00000000e1990000, 0x00000000e1990000, 0x00000000e1aa0000)
 concurrent mark-sweep generation total 121500K, used 71339K [0x00000000eb4a0000, 0x00000000f2b47000, 0x0000000100000000)
 Metaspace       used 89094K, capacity 93602K, committed 93824K, reserved 1132544K
  class space    used 10742K, capacity 11545K, committed 11648K, reserved 1048576K
2019-06-25T08:35:13.536+0000: 346852.548: [GC (Allocation Failure) 2019-06-25T08:35:13.536+0000: 346852.548: [ParNew: 9762K->1088K(9792K), 0.0348811 secs] 81101K->72717K(131292K), 0.0355913 secs] [Times: user=0.06 sys=0.00, real=0.04 secs] 
Heap after GC invocations=2295 (full 178):
 par new generation   total 9792K, used 1088K [0x00000000e1000000, 0x00000000e1aa0000, 0x00000000eb4a0000)
  eden space 8704K,   0% used [0x00000000e1000000, 0x00000000e1000000, 0x00000000e1880000)
  from space 1088K, 100% used [0x00000000e1990000, 0x00000000e1aa0000, 0x00000000e1aa0000)
  to   space 1088K,   0% used [0x00000000e1880000, 0x00000000e1880000, 0x00000000e1990000)
 concurrent mark-sweep generation total 121500K, used 71629K [0x00000000eb4a0000, 0x00000000f2b47000, 0x0000000100000000)
 Metaspace       used 89094K, capacity 93602K, committed 93824K, reserved 1132544K
  class space    used 10742K, capacity 11545K, committed 11648K, reserved 1048576K
}
2019-06-25T08:35:42.619+0000: 346881.631: Application time: 29.0469445 seconds
2019-06-25T08:35:42.619+0000: 346881.631: Application time: 0.0000655 seconds
2019-06-25T08:35:42.619+0000: 346881.632: Application time: 0.0001231 seconds
2019-06-25T08:35:42.620+0000: 346881.632: Application time: 0.0001380 seconds
2019-06-25T08:35:42.622+0000: 346881.634: Application time: 0.0011337 seconds
2019-06-25T08:35:42.622+0000: 346881.634: Application time: 0.0000313 seconds
2019-06-25T08:35:42.622+0000: 346881.635: Application time: 0.0000769 seconds
2019-06-25T08:35:50.838+0000: 346889.850: Application time: 8.2155370 seconds
2019-06-25T08:35:50.873+0000: 346889.885: Application time: 0.0350506 seconds
2019-06-25T08:35:53.595+0000: 346892.607: Application time: 2.7218311 seconds
2019-06-25T08:35:53.596+0000: 346892.608: Application time: 0.0000680 seconds
2019-06-25T08:35:53.596+0000: 346892.608: Application time: 0.0000595 seconds
2019-06-25T08:35:53.596+0000: 346892.608: Application time: 0.0000637 seconds
2019-06-25T08:35:53.596+0000: 346892.608: Application time: 0.0000631 seconds
2019-06-25T08:35:53.596+0000: 346892.608: Application time: 0.0000526 seconds
2019-06-25T08:35:53.596+0000: 346892.609: Application time: 0.0000537 seconds
2019-06-25T08:35:53.597+0000: 346892.609: Application time: 0.0000574 seconds
2019-06-25T08:35:53.597+0000: 346892.610: Application time: 0.0007480 seconds
2019-06-25T08:35:53.598+0000: 346892.610: Application time: 0.0001452 seconds
2019-06-25T08:35:56.940+0000: 346895.952: Application time: 3.3421833 seconds
2019-06-25T08:36:13.607+0000: 346912.620: Application time: 16.6671955 seconds
2019-06-25T08:38:53.699+0000: 347072.711: Application time: 160.0908356 seconds
{Heap before GC invocations=2295 (full 178):
 par new generation   total 9792K, used 9792K [0x00000000e1000000, 0x00000000e1aa0000, 0x00000000eb4a0000)
  eden space 8704K, 100% used [0x00000000e1000000, 0x00000000e1880000, 0x00000000e1880000)
  from space 1088K, 100% used [0x00000000e1990000, 0x00000000e1aa0000, 0x00000000e1aa0000)
  to   space 1088K,   0% used [0x00000000e1880000, 0x00000000e1880000, 0x00000000e1990000)
 concurrent mark-sweep generation total 121500K, used 71629K [0x00000000eb4a0000, 0x00000000f2b47000, 0x0000000100000000)
 Metaspace       used 89094K, capacity 93602K, committed 93824K, reserved 1132544K
  class space    used 10742K, capacity 11545K, committed 11648K, reserved 1048576K
2019-06-25T08:38:53.699+0000: 347072.712: [GC (Allocation Failure) 2019-06-25T08:38:53.700+0000: 347072.712: [ParNew: 9792K->751K(9792K), 0.0353813 secs] 81421K->72716K(131292K), 0.0360899 secs] [Times: user=0.03 sys=0.00, real=0.03 secs] 
Heap after GC invocations=2296 (full 178):
 par new generation   total 9792K, used 751K [0x00000000e1000000, 0x00000000e1aa0000, 0x00000000eb4a0000)
  eden space 8704K,   0% used [0x00000000e1000000, 0x00000000e1000000, 0x00000000e1880000)
  from space 1088K,  69% used [0x00000000e1880000, 0x00000000e193bdf8, 0x00000000e1990000)
  to   space 1088K,   0% used [0x00000000e1990000, 0x00000000e1990000, 0x00000000e1aa0000)
 concurrent mark-sweep generation total 121500K, used 71964K [0x00000000eb4a0000, 0x00000000f2b47000, 0x0000000100000000)
 Metaspace       used 89094K, capacity 93602K, committed 93824K, reserved 1132544K
  class space    used 10742K, capacity 11545K, committed 11648K, reserved 1048576K
}
2019-06-25T08:44:22.109+0000: 347401.122: Application time: 328.3732616 seconds
2019-06-25T08:46:03.974+0000: 347502.986: Application time: 101.8646482 seconds
{Heap before GC invocations=2296 (full 178):
 par new generation   total 9792K, used 9455K [0x00000000e1000000, 0x00000000e1aa0000, 0x00000000eb4a0000)
  eden space 8704K, 100% used [0x00000000e1000000, 0x00000000e1880000, 0x00000000e1880000)
  from space 1088K,  69% used [0x00000000e1880000, 0x00000000e193bdf8, 0x00000000e1990000)
  to   space 1088K,   0% used [0x00000000e1990000, 0x00000000e1990000, 0x00000000e1aa0000)
 concurrent mark-sweep generation total 121500K, used 71964K [0x00000000eb4a0000, 0x00000000f2b47000, 0x0000000100000000)
 Metaspace       used 89094K, capacity 93602K, committed 93824K, reserved 1132544K
  class space    used 10742K, capacity 11545K, committed 11648K, reserved 1048576K
2019-06-25T08:46:03.975+0000: 347502.987: [GC (Allocation Failure) 2019-06-25T08:46:03.975+0000: 347502.988: [ParNew: 9455K->920K(9792K), 0.0071004 secs] 81420K->72885K(131292K), 0.0086092 secs] [Times: user=0.01 sys=0.00, real=0.01 secs] 
Heap after GC invocations=2297 (full 178):
 par new generation   total 9792K, used 920K [0x00000000e1000000, 0x00000000e1aa0000, 0x00000000eb4a0000)
  eden space 8704K,   0% used [0x00000000e1000000, 0x00000000e1000000, 0x00000000e1880000)
  from space 1088K,  84% used [0x00000000e1990000, 0x00000000e1a76370, 0x00000000e1aa0000)
  to   space 1088K,   0% used [0x00000000e1880000, 0x00000000e1880000, 0x00000000e1990000)
 concurrent mark-sweep generation total 121500K, used 71964K [0x00000000eb4a0000, 0x00000000f2b47000, 0x0000000100000000)
 Metaspace       used 89094K, capacity 93602K, committed 93824K, reserved 1132544K
  class space    used 10742K, capacity 11545K, committed 11648K, reserved 1048576K
}
2019-06-25T08:52:53.043+0000: 347912.055: Application time: 409.0578535 seconds
2019-06-25T08:52:54.209+0000: 347913.222: Application time: 1.1661650 seconds
2019-06-25T08:53:10.124+0000: 347929.136: Application time: 15.9142897 seconds
{Heap before GC invocations=2297 (full 178):
 par new generation   total 9792K, used 9623K [0x00000000e1000000, 0x00000000e1aa0000, 0x00000000eb4a0000)
  eden space 8704K,  99% used [0x00000000e1000000, 0x00000000e187fb98, 0x00000000e1880000)
  from space 1088K,  84% used [0x00000000e1990000, 0x00000000e1a76370, 0x00000000e1aa0000)
  to   space 1088K,   0% used [0x00000000e1880000, 0x00000000e1880000, 0x00000000e1990000)
 concurrent mark-sweep generation total 121500K, used 71964K [0x00000000eb4a0000, 0x00000000f2b47000, 0x0000000100000000)
 Metaspace       used 89094K, capacity 93602K, committed 93824K, reserved 1132544K
  class space    used 10742K, capacity 11545K, committed 11648K, reserved 1048576K
2019-06-25T08:53:10.125+0000: 347929.137: [GC (Allocation Failure) 2019-06-25T08:53:10.125+0000: 347929.137: [ParNew: 9623K->1088K(9792K), 0.0451648 secs] 81588K->73223K(131292K), 0.0458920 secs] [Times: user=0.01 sys=0.00, real=0.05 secs] 
Heap after GC invocations=2298 (full 178):
 par new generation   total 9792K, used 1088K [0x00000000e1000000, 0x00000000e1aa0000, 0x00000000eb4a0000)
  eden space 8704K,   0% used [0x00000000e1000000, 0x00000000e1000000, 0x00000000e1880000)
  from space 1088K, 100% used [0x00000000e1880000, 0x00000000e1990000, 0x00000000e1990000)
  to   space 1088K,   0% used [0x00000000e1990000, 0x00000000e1990000, 0x00000000e1aa0000)
 concurrent mark-sweep generation total 121500K, used 72135K [0x00000000eb4a0000, 0x00000000f2b47000, 0x0000000100000000)
 Metaspace       used 89094K, capacity 93602K, committed 93824K, reserved 1132544K
  class space    used 10742K, capacity 11545K, committed 11648K, reserved 1048576K
}
2019-06-25T08:53:14.221+0000: 347933.234: Application time: 4.0501162 seconds
2019-06-25T08:53:14.222+0000: 347933.234: Application time: 0.0000697 seconds
2019-06-25T08:53:14.222+0000: 347933.234: Application time: 0.0000608 seconds
2019-06-25T08:53:14.222+0000: 347933.234: Application time: 0.0000635 seconds
2019-06-25T08:53:14.223+0000: 347933.235: Application time: 0.0000685 seconds
2019-06-25T08:53:14.223+0000: 347933.235: Application time: 0.0000607 seconds
2019-06-25T08:53:14.223+0000: 347933.236: Application time: 0.0000599 seconds
2019-06-25T08:53:14.223+0000: 347933.236: Application time: 0.0000686 seconds
2019-06-25T08:53:14.224+0000: 347933.236: Application time: 0.0001402 seconds
2019-06-25T08:53:14.224+0000: 347933.236: Application time: 0.0001228 seconds
2019-06-25T08:53:15.120+0000: 347934.132: Application time: 0.8957721 seconds
2019-06-25T08:53:15.202+0000: 347934.214: Application time: 0.0819173 seconds
2019-06-25T08:53:24.230+0000: 347943.243: Application time: 9.0282512 seconds
2019-06-25T08:55:55.250+0000: 348094.263: Application time: 151.0197976 seconds
2019-06-25T08:57:08.967+0000: 348167.979: Application time: 73.7164350 seconds
{Heap before GC invocations=2298 (full 178):
 par new generation   total 9792K, used 9792K [0x00000000e1000000, 0x00000000e1aa0000, 0x00000000eb4a0000)
  eden space 8704K, 100% used [0x00000000e1000000, 0x00000000e1880000, 0x00000000e1880000)
  from space 1088K, 100% used [0x00000000e1880000, 0x00000000e1990000, 0x00000000e1990000)
  to   space 1088K,   0% used [0x00000000e1990000, 0x00000000e1990000, 0x00000000e1aa0000)
 concurrent mark-sweep generation total 121500K, used 72135K [0x00000000eb4a0000, 0x00000000f2b47000, 0x0000000100000000)
 Metaspace       used 89105K, capacity 93620K, committed 93824K, reserved 1132544K
  class space    used 10743K, capacity 11548K, committed 11648K, reserved 1048576K
2019-06-25T08:57:08.973+0000: 348167.986: [GC (Allocation Failure) 2019-06-25T08:57:08.974+0000: 348167.986: [ParNew: 9792K->950K(9792K), 0.0100606 secs] 81927K->73285K(131292K), 0.0111083 secs] [Times: user=0.02 sys=0.00, real=0.01 secs] 
Heap after GC invocations=2299 (full 178):
 par new generation   total 9792K, used 950K [0x00000000e1000000, 0x00000000e1aa0000, 0x00000000eb4a0000)
  eden space 8704K,   0% used [0x00000000e1000000, 0x00000000e1000000, 0x00000000e1880000)
  from space 1088K,  87% used [0x00000000e1990000, 0x00000000e1a7d848, 0x00000000e1aa0000)
  to   space 1088K,   0% used [0x00000000e1880000, 0x00000000e1880000, 0x00000000e1990000)
 concurrent mark-sweep generation total 121500K, used 72335K [0x00000000eb4a0000, 0x00000000f2b47000, 0x0000000100000000)
 Metaspace       used 89105K, capacity 93620K, committed 93824K, reserved 1132544K
  class space    used 10743K, capacity 11548K, committed 11648K, reserved 1048576K
}
2019-06-25T08:57:13.945+0000: 348172.957: Application time: 4.9591457 seconds
2019-06-25T08:57:13.992+0000: 348173.005: Application time: 0.0476447 seconds
2019-06-25T08:57:14.355+0000: 348173.367: Application time: 0.3620555 seconds
2019-06-25T08:57:14.355+0000: 348173.368: Application time: 0.0003833 seconds
2019-06-25T08:57:14.355+0000: 348173.368: Application time: 0.0004124 seconds
2019-06-25T08:57:14.356+0000: 348173.368: Application time: 0.0000888 seconds
2019-06-25T08:57:14.356+0000: 348173.369: Application time: 0.0000662 seconds
2019-06-25T08:57:14.357+0000: 348173.369: Application time: 0.0000752 seconds
2019-06-25T08:57:14.357+0000: 348173.369: Application time: 0.0000557 seconds
2019-06-25T08:57:14.357+0000: 348173.369: Application time: 0.0000617 seconds
2019-06-25T08:57:14.357+0000: 348173.370: Application time: 0.0001910 seconds
2019-06-25T08:57:14.358+0000: 348173.370: Application time: 0.0001553 seconds
2019-06-25T08:57:14.571+0000: 348173.583: Application time: 0.2131115 seconds
2019-06-25T08:57:19.576+0000: 348178.588: Application time: 5.0005350 seconds
2019-06-25T08:57:19.600+0000: 348178.612: Application time: 0.0240355 seconds
2019-06-25T08:57:24.363+0000: 348183.376: Application time: 4.7633305 seconds
2019-06-25T08:57:24.364+0000: 348183.376: Application time: 0.0000686 seconds
2019-06-25T08:57:24.364+0000: 348183.376: Application time: 0.0004302 seconds
2019-06-25T08:57:24.365+0000: 348183.377: Application time: 0.0001213 seconds
2019-06-25T08:57:24.365+0000: 348183.377: Application time: 0.0001441 seconds
2019-06-25T08:57:24.365+0000: 348183.377: Application time: 0.0001663 seconds
2019-06-25T08:57:24.365+0000: 348183.378: Application time: 0.0001460 seconds
2019-06-25T08:57:24.366+0000: 348183.378: Application time: 0.0002911 seconds
2019-06-25T08:57:24.366+0000: 348183.379: Application time: 0.0003652 seconds
2019-06-25T08:57:28.033+0000: 348187.046: Application time: 3.6670308 seconds
2019-06-25T08:57:28.035+0000: 348187.047: Application time: 0.0013276 seconds
2019-06-25T08:58:28.040+0000: 348247.053: Application time: 60.0052732 seconds
2019-06-25T08:58:28.041+0000: 348247.053: Application time: 0.0001700 seconds
2019-06-25T08:58:28.041+0000: 348247.053: Application time: 0.0001326 seconds
2019-06-25T08:58:28.041+0000: 348247.054: Application time: 0.0001627 seconds
2019-06-25T08:58:28.042+0000: 348247.054: Application time: 0.0001486 seconds
2019-06-25T08:58:28.042+0000: 348247.055: Application time: 0.0000734 seconds
2019-06-25T08:58:28.043+0000: 348247.055: Application time: 0.0001194 seconds
2019-06-25T08:58:28.043+0000: 348247.055: Application time: 0.0001620 seconds
2019-06-25T08:58:28.043+0000: 348247.056: Application time: 0.0002548 seconds
2019-06-25T08:58:32.591+0000: 348251.604: Application time: 4.5479278 seconds
2019-06-25T08:58:32.645+0000: 348251.658: Application time: 0.0539111 seconds
2019-06-25T08:58:34.407+0000: 348253.419: Application time: 1.7608231 seconds
2019-06-25T08:58:34.408+0000: 348253.420: Application time: 0.0013881 seconds
2019-06-25T08:59:35.405+0000: 348314.417: Application time: 60.9965802 seconds
{Heap before GC invocations=2299 (full 178):
 par new generation   total 9792K, used 9530K [0x00000000e1000000, 0x00000000e1aa0000, 0x00000000eb4a0000)
  eden space 8704K,  98% used [0x00000000e1000000, 0x00000000e18610e0, 0x00000000e1880000)
  from space 1088K,  87% used [0x00000000e1990000, 0x00000000e1a7d848, 0x00000000e1aa0000)
  to   space 1088K,   0% used [0x00000000e1880000, 0x00000000e1880000, 0x00000000e1990000)
 concurrent mark-sweep generation total 121500K, used 72335K [0x00000000eb4a0000, 0x00000000f2b47000, 0x0000000100000000)
 Metaspace       used 89105K, capacity 93620K, committed 93824K, reserved 1132544K
  class space    used 10743K, capacity 11548K, committed 11648K, reserved 1048576K
2019-06-25T08:59:35.406+0000: 348314.418: [GC (Allocation Failure) 2019-06-25T08:59:35.406+0000: 348314.419: [ParNew: 9530K->1088K(9792K), 0.0038598 secs] 81866K->73511K(131292K), 0.0046892 secs] [Times: user=0.01 sys=0.00, real=0.01 secs] 
Heap after GC invocations=2300 (full 178):
 par new generation   total 9792K, used 1088K [0x00000000e1000000, 0x00000000e1aa0000, 0x00000000eb4a0000)
  eden space 8704K,   0% used [0x00000000e1000000, 0x00000000e1000000, 0x00000000e1880000)
  from space 1088K, 100% used [0x00000000e1880000, 0x00000000e1990000, 0x00000000e1990000)
  to   space 1088K,   0% used [0x00000000e1990000, 0x00000000e1990000, 0x00000000e1aa0000)
 concurrent mark-sweep generation total 121500K, used 72423K [0x00000000eb4a0000, 0x00000000f2b47000, 0x0000000100000000)
 Metaspace       used 89105K, capacity 93620K, committed 93824K, reserved 1132544K
  class space    used 10743K, capacity 11548K, committed 11648K, reserved 1048576K
}
2019-06-25T08:59:40.402+0000: 348319.414: Application time: 4.9904753 seconds
2019-06-25T08:59:40.447+0000: 348319.459: Application time: 0.0447505 seconds
2019-06-25T08:59:44.448+0000: 348323.460: Application time: 4.0011230 seconds
2019-06-25T08:59:44.448+0000: 348323.461: Application time: 0.0000691 seconds
2019-06-25T08:59:44.449+0000: 348323.461: Application time: 0.0000728 seconds
2019-06-25T08:59:44.449+0000: 348323.462: Application time: 0.0000807 seconds
2019-06-25T08:59:44.450+0000: 348323.462: Application time: 0.0000649 seconds
2019-06-25T08:59:44.450+0000: 348323.462: Application time: 0.0000590 seconds
2019-06-25T08:59:44.450+0000: 348323.462: Application time: 0.0000630 seconds
2019-06-25T08:59:44.450+0000: 348323.463: Application time: 0.0001382 seconds
2019-06-25T08:59:44.450+0000: 348323.463: Application time: 0.0001242 seconds
2019-06-25T08:59:54.456+0000: 348333.468: Application time: 10.0055469 seconds
2019-06-25T08:59:54.458+0000: 348333.470: Application time: 0.0014499 seconds
2019-06-25T08:59:57.010+0000: 348336.022: Application time: 2.5514932 seconds
2019-06-25T09:00:04.463+0000: 348343.475: Application time: 7.4528588 seconds
2019-06-25T09:00:04.463+0000: 348343.476: Application time: 0.0000705 seconds
2019-06-25T09:00:04.464+0000: 348343.476: Application time: 0.0001719 seconds
2019-06-25T09:00:04.464+0000: 348343.477: Application time: 0.0007005 seconds
2019-06-25T09:00:04.465+0000: 348343.477: Application time: 0.0000680 seconds
2019-06-25T09:00:04.465+0000: 348343.478: Application time: 0.0000615 seconds
2019-06-25T09:00:04.466+0000: 348343.478: Application time: 0.0000935 seconds
2019-06-25T09:00:04.466+0000: 348343.478: Application time: 0.0001648 seconds
2019-06-25T09:00:04.466+0000: 348343.479: Application time: 0.0000572 seconds
2019-06-25T09:00:06.279+0000: 348345.292: Application time: 1.8127749 seconds
2019-06-25T09:00:06.315+0000: 348345.327: Application time: 0.0354240 seconds
2019-06-25T09:00:14.472+0000: 348353.484: Application time: 8.1571219 seconds
2019-06-25T09:00:14.472+0000: 348353.485: Application time: 0.0000939 seconds
2019-06-25T09:00:14.473+0000: 348353.485: Application time: 0.0000676 seconds
2019-06-25T09:00:14.473+0000: 348353.485: Application time: 0.0000761 seconds
2019-06-25T09:00:14.473+0000: 348353.485: Application time: 0.0001423 seconds
2019-06-25T09:00:14.475+0000: 348353.487: Application time: 0.0021361 seconds
2019-06-25T09:00:44.492+0000: 348383.505: Application time: 30.0167315 seconds
2019-06-25T09:00:44.493+0000: 348383.505: Application time: 0.0000675 seconds
2019-06-25T09:00:44.493+0000: 348383.506: Application time: 0.0000697 seconds
2019-06-25T09:00:44.494+0000: 348383.506: Application time: 0.0001639 seconds
2019-06-25T09:00:44.494+0000: 348383.506: Application time: 0.0000676 seconds
2019-06-25T09:00:47.408+0000: 348386.421: Application time: 2.9144241 seconds
2019-06-25T09:00:47.446+0000: 348386.459: Application time: 0.0376766 seconds
2019-06-25T09:00:54.499+0000: 348393.512: Application time: 7.0528856 seconds
2019-06-25T09:00:54.500+0000: 348393.512: Application time: 0.0000708 seconds
2019-06-25T09:00:54.500+0000: 348393.512: Application time: 0.0000660 seconds
2019-06-25T09:00:54.500+0000: 348393.512: Application time: 0.0000601 seconds
2019-06-25T09:00:54.500+0000: 348393.512: Application time: 0.0000600 seconds
2019-06-25T09:00:54.500+0000: 348393.513: Application time: 0.0000637 seconds
2019-06-25T09:00:54.502+0000: 348393.514: Application time: 0.0012519 seconds
2019-06-25T09:02:34.559+0000: 348493.571: Application time: 100.0565533 seconds
{Heap before GC invocations=2300 (full 178):
 par new generation   total 9792K, used 9792K [0x00000000e1000000, 0x00000000e1aa0000, 0x00000000eb4a0000)
  eden space 8704K, 100% used [0x00000000e1000000, 0x00000000e1880000, 0x00000000e1880000)
  from space 1088K, 100% used [0x00000000e1880000, 0x00000000e1990000, 0x00000000e1990000)
  to   space 1088K,   0% used [0x00000000e1990000, 0x00000000e1990000, 0x00000000e1aa0000)
 concurrent mark-sweep generation total 121500K, used 72423K [0x00000000eb4a0000, 0x00000000f2b47000, 0x0000000100000000)
 Metaspace       used 89105K, capacity 93620K, committed 93824K, reserved 1132544K
  class space    used 10743K, capacity 11548K, committed 11648K, reserved 1048576K
2019-06-25T09:02:34.559+0000: 348493.572: [GC (Allocation Failure) 2019-06-25T09:02:34.560+0000: 348493.572: [ParNew: 9792K->1088K(9792K), 0.0401294 secs] 82215K->73899K(131292K), 0.0411449 secs] [Times: user=0.02 sys=0.00, real=0.04 secs] 
Heap after GC invocations=2301 (full 178):
 par new generation   total 9792K, used 1088K [0x00000000e1000000, 0x00000000e1aa0000, 0x00000000eb4a0000)
  eden space 8704K,   0% used [0x00000000e1000000, 0x00000000e1000000, 0x00000000e1880000)
  from space 1088K, 100% used [0x00000000e1990000, 0x00000000e1aa0000, 0x00000000e1aa0000)
  to   space 1088K,   0% used [0x00000000e1880000, 0x00000000e1880000, 0x00000000e1990000)
 concurrent mark-sweep generation total 121500K, used 72811K [0x00000000eb4a0000, 0x00000000f2b47000, 0x0000000100000000)
 Metaspace       used 89105K, capacity 93620K, committed 93824K, reserved 1132544K
  class space    used 10743K, capacity 11548K, committed 11648K, reserved 1048576K
}
2019-06-25T09:02:54.610+0000: 348513.622: Application time: 20.0088682 seconds
2019-06-25T09:02:54.610+0000: 348513.623: Application time: 0.0001407 seconds
2019-06-25T09:02:54.611+0000: 348513.623: Application time: 0.0001976 seconds
2019-06-25T09:02:54.611+0000: 348513.624: Application time: 0.0001785 seconds
2019-06-25T09:02:57.016+0000: 348516.028: Application time: 2.4037060 seconds
2019-06-25T09:02:57.016+0000: 348516.029: Application time: 0.0000688 seconds
2019-06-25T09:02:57.016+0000: 348516.029: Application time: 0.0000782 seconds
2019-06-25T09:02:57.017+0000: 348516.029: Application time: 0.0000597 seconds
2019-06-25T09:02:57.017+0000: 348516.029: Application time: 0.0000677 seconds
2019-06-25T09:02:57.017+0000: 348516.029: Application time: 0.0000717 seconds
2019-06-25T09:02:57.017+0000: 348516.029: Application time: 0.0000559 seconds
2019-06-25T09:02:57.017+0000: 348516.030: Application time: 0.0001797 seconds
2019-06-25T09:02:57.018+0000: 348516.030: Application time: 0.0000504 seconds
2019-06-25T09:02:57.019+0000: 348516.031: Application time: 0.0011300 seconds
2019-06-25T09:02:59.503+0000: 348518.516: Application time: 2.4843976 seconds
2019-06-25T09:02:59.540+0000: 348518.553: Application time: 0.0366735 seconds
2019-06-25T09:05:05.549+0000: 348644.562: Application time: 126.0089614 seconds
2019-06-25T09:05:10.550+0000: 348649.563: Application time: 5.0011785 seconds
2019-06-25T09:05:10.574+0000: 348649.587: Application time: 0.0230991 seconds
2019-06-25T09:05:34.369+0000: 348673.381: Application time: 23.7944814 seconds
{Heap before GC invocations=2301 (full 178):
 par new generation   total 9792K, used 9790K [0x00000000e1000000, 0x00000000e1aa0000, 0x00000000eb4a0000)
  eden space 8704K,  99% used [0x00000000e1000000, 0x00000000e187f9c0, 0x00000000e1880000)
  from space 1088K, 100% used [0x00000000e1990000, 0x00000000e1aa0000, 0x00000000e1aa0000)
  to   space 1088K,   0% used [0x00000000e1880000, 0x00000000e1880000, 0x00000000e1990000)
 concurrent mark-sweep generation total 121500K, used 72811K [0x00000000eb4a0000, 0x00000000f2b47000, 0x0000000100000000)
 Metaspace       used 89105K, capacity 93620K, committed 93824K, reserved 1132544K
  class space    used 10743K, capacity 11548K, committed 11648K, reserved 1048576K
2019-06-25T09:05:34.369+0000: 348673.382: [GC (Allocation Failure) 2019-06-25T09:05:34.370+0000: 348673.382: [ParNew: 9790K->1040K(9792K), 0.0313307 secs] 82601K->74284K(131292K), 0.0320941 secs] [Times: user=0.02 sys=0.01, real=0.03 secs] 
Heap after GC invocations=2302 (full 178):
 par new generation   total 9792K, used 1040K [0x00000000e1000000, 0x00000000e1aa0000, 0x00000000eb4a0000)
  eden space 8704K,   0% used [0x00000000e1000000, 0x00000000e1000000, 0x00000000e1880000)
  from space 1088K,  95% used [0x00000000e1880000, 0x00000000e19842d0, 0x00000000e1990000)
  to   space 1088K,   0% used [0x00000000e1990000, 0x00000000e1990000, 0x00000000e1aa0000)
 concurrent mark-sweep generation total 121500K, used 73244K [0x00000000eb4a0000, 0x00000000f2b47000, 0x0000000100000000)
 Metaspace       used 89105K, capacity 93620K, committed 93824K, reserved 1132544K
  class space    used 10743K, capacity 11548K, committed 11648K, reserved 1048576K
}
2019-06-25T09:05:34.403+0000: 348673.415: Application time: 0.0009421 seconds
2019-06-25T09:05:34.416+0000: 348673.428: [GC (CMS Initial Mark) [1 CMS-initial-mark: 73244K(121500K)] 75258K(131292K), 0.0035873 secs] [Times: user=0.01 sys=0.00, real=0.01 secs] 
2019-06-25T09:05:34.421+0000: 348673.433: [CMS-concurrent-mark-start]
2019-06-25T09:05:34.552+0000: 348673.565: [CMS-concurrent-mark: 0.131/0.131 secs] [Times: user=0.14 sys=0.00, real=0.13 secs] 
2019-06-25T09:05:34.553+0000: 348673.565: [CMS-concurrent-preclean-start]
2019-06-25T09:05:34.554+0000: 348673.567: [CMS-concurrent-preclean: 0.002/0.002 secs] [Times: user=0.00 sys=0.00, real=0.00 secs] 
2019-06-25T09:05:34.555+0000: 348673.567: Application time: 0.1341415 seconds
2019-06-25T09:05:34.555+0000: 348673.567: [GC (CMS Final Remark) [YG occupancy: 2288 K (9792 K)]2019-06-25T09:05:34.555+0000: 348673.567: [Rescan (parallel) , 0.0034324 secs]2019-06-25T09:05:34.559+0000: 348673.571: [weak refs processing, 0.0027975 secs]2019-06-25T09:05:34.562+0000: 348673.574: [class unloading, 0.0304730 secs]2019-06-25T09:05:34.593+0000: 348673.605: [scrub symbol table, 0.0193559 secs]2019-06-25T09:05:34.613+0000: 348673.625: [scrub string table, 0.0015314 secs][1 CMS-remark: 73244K(121500K)] 75532K(131292K), 0.0737240 secs] [Times: user=0.07 sys=0.00, real=0.08 secs] 
2019-06-25T09:05:34.630+0000: 348673.642: [CMS-concurrent-sweep-start]
2019-06-25T09:05:34.630+0000: 348673.642: Application time: 0.0003955 seconds
2019-06-25T09:05:34.662+0000: 348673.674: [CMS-concurrent-sweep: 0.032/0.032 secs] [Times: user=0.03 sys=0.00, real=0.03 secs] 
2019-06-25T09:05:34.662+0000: 348673.675: [CMS-concurrent-reset-start]
2019-06-25T09:05:34.663+0000: 348673.675: [CMS-concurrent-reset: 0.000/0.000 secs] [Times: user=0.00 sys=0.00, real=0.00 secs] 
2019-06-25T09:05:34.701+0000: 348673.714: Application time: 0.0712637 seconds
2019-06-25T09:05:35.708+0000: 348674.720: Application time: 1.0003717 seconds
2019-06-25T09:05:39.368+0000: 348678.380: Application time: 3.6599029 seconds
2019-06-25T09:05:39.431+0000: 348678.444: Application time: 0.0635166 seconds
2019-06-25T09:05:44.715+0000: 348683.728: Application time: 5.2836550 seconds
2019-06-25T09:05:44.716+0000: 348683.728: Application time: 0.0000681 seconds
2019-06-25T09:05:44.716+0000: 348683.728: Application time: 0.0000565 seconds
2019-06-25T09:05:44.716+0000: 348683.728: Application time: 0.0001373 seconds
2019-06-25T09:05:44.716+0000: 348683.729: Application time: 0.0001170 seconds
2019-06-25T09:05:44.717+0000: 348683.729: Application time: 0.0001872 seconds
2019-06-25T09:05:44.717+0000: 348683.729: Application time: 0.0001673 seconds
2019-06-25T09:05:44.717+0000: 348683.730: Application time: 0.0001227 seconds
2019-06-25T09:05:44.718+0000: 348683.730: Application time: 0.0003280 seconds
2019-06-25T09:05:44.718+0000: 348683.731: Application time: 0.0006056 seconds
2019-06-25T09:05:44.720+0000: 348683.732: Application time: 0.0011569 seconds
2019-06-25T09:05:52.721+0000: 348691.733: Application time: 8.0010274 seconds
2019-06-25T09:05:56.722+0000: 348695.734: Application time: 4.0006553 seconds
2019-06-25T09:05:57.722+0000: 348696.735: Application time: 1.0003190 seconds
2019-06-25T09:06:28.727+0000: 348727.739: Application time: 31.0044303 seconds
2019-06-25T09:06:56.732+0000: 348755.744: Application time: 28.0047356 seconds
2019-06-25T09:07:35.737+0000: 348794.750: Application time: 39.0054812 seconds
2019-06-25T09:09:15.751+0000: 348894.763: Application time: 100.0132087 seconds
2019-06-25T09:09:22.240+0000: 348901.253: Application time: 6.4894293 seconds
2019-06-25T09:09:34.847+0000: 348913.860: Application time: 12.6066066 seconds
2019-06-25T09:11:24.913+0000: 349023.925: Application time: 110.0651053 seconds
{Heap before GC invocations=2302 (full 179):
 par new generation   total 9792K, used 9744K [0x00000000e1000000, 0x00000000e1aa0000, 0x00000000eb4a0000)
  eden space 8704K, 100% used [0x00000000e1000000, 0x00000000e1880000, 0x00000000e1880000)
  from space 1088K,  95% used [0x00000000e1880000, 0x00000000e19842d0, 0x00000000e1990000)
  to   space 1088K,   0% used [0x00000000e1990000, 0x00000000e1990000, 0x00000000e1aa0000)
 concurrent mark-sweep generation total 121500K, used 70047K [0x00000000eb4a0000, 0x00000000f2b47000, 0x0000000100000000)
 Metaspace       used 89087K, capacity 93590K, committed 93824K, reserved 1132544K
  class space    used 10740K, capacity 11543K, committed 11648K, reserved 1048576K
2019-06-25T09:11:24.913+0000: 349023.926: [GC (Allocation Failure) 2019-06-25T09:11:24.914+0000: 349023.926: [ParNew: 9744K->798K(9792K), 0.0038495 secs] 79791K->71166K(131292K), 0.0048364 secs] [Times: user=0.00 sys=0.01, real=0.01 secs] 
Heap after GC invocations=2303 (full 179):
 par new generation   total 9792K, used 798K [0x00000000e1000000, 0x00000000e1aa0000, 0x00000000eb4a0000)
  eden space 8704K,   0% used [0x00000000e1000000, 0x00000000e1000000, 0x00000000e1880000)
  from space 1088K,  73% used [0x00000000e1990000, 0x00000000e1a57930, 0x00000000e1aa0000)
  to   space 1088K,   0% used [0x00000000e1880000, 0x00000000e1880000, 0x00000000e1990000)
 concurrent mark-sweep generation total 121500K, used 70368K [0x00000000eb4a0000, 0x00000000f2b47000, 0x0000000100000000)
 Metaspace       used 89087K, capacity 93590K, committed 93824K, reserved 1132544K
  class space    used 10740K, capacity 11543K, committed 11648K, reserved 1048576K
}
2019-06-25T09:12:22.928+0000: 349081.940: Application time: 58.0084956 seconds
2019-06-25T09:16:05.960+0000: 349304.972: Application time: 223.0320418 seconds
2019-06-25T09:16:15.961+0000: 349314.974: Application time: 10.0013816 seconds
2019-06-25T09:18:45.178+0000: 349464.190: Application time: 149.2164078 seconds
{Heap before GC invocations=2303 (full 179):
 par new generation   total 9792K, used 9502K [0x00000000e1000000, 0x00000000e1aa0000, 0x00000000eb4a0000)
  eden space 8704K, 100% used [0x00000000e1000000, 0x00000000e1880000, 0x00000000e1880000)
  from space 1088K,  73% used [0x00000000e1990000, 0x00000000e1a57930, 0x00000000e1aa0000)
  to   space 1088K,   0% used [0x00000000e1880000, 0x00000000e1880000, 0x00000000e1990000)
 concurrent mark-sweep generation total 121500K, used 70368K [0x00000000eb4a0000, 0x00000000f2b47000, 0x0000000100000000)
 Metaspace       used 89087K, capacity 93590K, committed 93824K, reserved 1132544K
  class space    used 10740K, capacity 11543K, committed 11648K, reserved 1048576K
2019-06-25T09:18:45.179+0000: 349464.191: [GC (Allocation Failure) 2019-06-25T09:18:45.179+0000: 349464.192: [ParNew: 9502K->637K(9792K), 0.0039188 secs] 79870K->71288K(131292K), 0.0049192 secs] [Times: user=0.01 sys=0.00, real=0.00 secs] 
Heap after GC invocations=2304 (full 179):
 par new generation   total 9792K, used 637K [0x00000000e1000000, 0x00000000e1aa0000, 0x00000000eb4a0000)
  eden space 8704K,   0% used [0x00000000e1000000, 0x00000000e1000000, 0x00000000e1880000)
  from space 1088K,  58% used [0x00000000e1880000, 0x00000000e191f450, 0x00000000e1990000)
  to   space 1088K,   0% used [0x00000000e1990000, 0x00000000e1990000, 0x00000000e1aa0000)
 concurrent mark-sweep generation total 121500K, used 70651K [0x00000000eb4a0000, 0x00000000f2b47000, 0x0000000100000000)
 Metaspace       used 89087K, capacity 93590K, committed 93824K, reserved 1132544K
  class space    used 10740K, capacity 11543K, committed 11648K, reserved 1048576K
}
2019-06-25T09:21:22.515+0000: 349621.527: Application time: 157.3301228 seconds
2019-06-25T09:21:22.515+0000: 349621.527: Application time: 0.0000701 seconds
2019-06-25T09:21:22.515+0000: 349621.527: Application time: 0.0000766 seconds
2019-06-25T09:21:22.515+0000: 349621.528: Application time: 0.0000548 seconds
2019-06-25T09:21:22.516+0000: 349621.528: Application time: 0.0000733 seconds
2019-06-25T09:21:22.516+0000: 349621.529: Application time: 0.0001343 seconds
2019-06-25T09:21:22.516+0000: 349621.529: Application time: 0.0000611 seconds
2019-06-25T09:21:22.517+0000: 349621.529: Application time: 0.0001102 seconds
2019-06-25T09:21:22.517+0000: 349621.529: Application time: 0.0002679 seconds
2019-06-25T09:21:22.517+0000: 349621.530: Application time: 0.0001454 seconds
2019-06-25T09:23:00.531+0000: 349719.543: Application time: 98.0134812 seconds
2019-06-25T09:23:04.898+0000: 349723.910: Application time: 4.3665579 seconds
2019-06-25T09:23:04.923+0000: 349723.935: Application time: 0.0245577 seconds
2019-06-25T09:23:15.336+0000: 349734.348: Application time: 10.4130687 seconds
2019-06-25T09:23:15.336+0000: 349734.348: Application time: 0.0000665 seconds
2019-06-25T09:23:15.336+0000: 349734.349: Application time: 0.0001034 seconds
2019-06-25T09:23:15.337+0000: 349734.349: Application time: 0.0000701 seconds
2019-06-25T09:23:15.337+0000: 349734.350: Application time: 0.0005398 seconds
2019-06-25T09:23:15.337+0000: 349734.350: Application time: 0.0000729 seconds
2019-06-25T09:23:15.338+0000: 349734.350: Application time: 0.0000601 seconds
2019-06-25T09:23:15.338+0000: 349734.350: Application time: 0.0000636 seconds
2019-06-25T09:23:15.338+0000: 349734.350: Application time: 0.0001392 seconds
2019-06-25T09:23:15.338+0000: 349734.351: Application time: 0.0002180 seconds
2019-06-25T09:23:15.340+0000: 349734.352: Application time: 0.0012031 seconds
2019-06-25T09:24:05.368+0000: 349784.380: Application time: 50.0280394 seconds
{Heap before GC invocations=2304 (full 179):
 par new generation   total 9792K, used 9341K [0x00000000e1000000, 0x00000000e1aa0000, 0x00000000eb4a0000)
  eden space 8704K, 100% used [0x00000000e1000000, 0x00000000e1880000, 0x00000000e1880000)
  from space 1088K,  58% used [0x00000000e1880000, 0x00000000e191f450, 0x00000000e1990000)
  to   space 1088K,   0% used [0x00000000e1990000, 0x00000000e1990000, 0x00000000e1aa0000)
 concurrent mark-sweep generation total 121500K, used 70651K [0x00000000eb4a0000, 0x00000000f2b47000, 0x0000000100000000)
 Metaspace       used 89089K, capacity 93596K, committed 93824K, reserved 1132544K
  class space    used 10741K, capacity 11544K, committed 11648K, reserved 1048576K
2019-06-25T09:24:05.369+0000: 349784.381: [GC (Allocation Failure) 2019-06-25T09:24:05.369+0000: 349784.381: [ParNew: 9341K->807K(9792K), 0.0039602 secs] 79992K->71458K(131292K), 0.0047669 secs] [Times: user=0.01 sys=0.00, real=0.00 secs] 
Heap after GC invocations=2305 (full 179):
 par new generation   total 9792K, used 807K [0x00000000e1000000, 0x00000000e1aa0000, 0x00000000eb4a0000)
  eden space 8704K,   0% used [0x00000000e1000000, 0x00000000e1000000, 0x00000000e1880000)
  from space 1088K,  74% used [0x00000000e1990000, 0x00000000e1a59c60, 0x00000000e1aa0000)
  to   space 1088K,   0% used [0x00000000e1880000, 0x00000000e1880000, 0x00000000e1990000)
 concurrent mark-sweep generation total 121500K, used 70651K [0x00000000eb4a0000, 0x00000000f2b47000, 0x0000000100000000)
 Metaspace       used 89089K, capacity 93596K, committed 93824K, reserved 1132544K
  class space    used 10741K, capacity 11544K, committed 11648K, reserved 1048576K
}
2019-06-25T09:26:15.444+0000: 349914.456: Application time: 130.0696499 seconds
2019-06-25T09:26:42.757+0000: 349941.770: Application time: 27.3130813 seconds
2019-06-25T09:26:42.782+0000: 349941.794: Application time: 0.0242538 seconds
2019-06-25T09:26:45.462+0000: 349944.474: Application time: 2.6798458 seconds
2019-06-25T09:26:55.478+0000: 349954.490: Application time: 10.0139176 seconds
2019-06-25T09:26:55.478+0000: 349954.490: Application time: 0.0000812 seconds
2019-06-25T09:26:55.478+0000: 349954.491: Application time: 0.0000262 seconds
2019-06-25T09:26:55.478+0000: 349954.491: Application time: 0.0000592 seconds
2019-06-25T09:26:55.479+0000: 349954.491: Application time: 0.0000544 seconds
2019-06-25T09:26:55.479+0000: 349954.491: Application time: 0.0000538 seconds
2019-06-25T09:26:55.479+0000: 349954.491: Application time: 0.0000564 seconds
2019-06-25T09:26:55.479+0000: 349954.492: Application time: 0.0001326 seconds
2019-06-25T09:26:55.480+0000: 349954.492: Application time: 0.0001124 seconds
2019-06-25T09:26:55.481+0000: 349954.493: Application time: 0.0011183 seconds
2019-06-25T09:27:15.426+0000: 349974.438: Application time: 19.9446550 seconds
2019-06-25T09:27:15.451+0000: 349974.464: Application time: 0.0253221 seconds
2019-06-25T09:27:15.490+0000: 349974.503: Application time: 0.0390099 seconds
2019-06-25T09:27:25.496+0000: 349984.509: Application time: 10.0061951 seconds
2019-06-25T09:27:25.497+0000: 349984.510: Application time: 0.0000368 seconds
2019-06-25T09:27:25.497+0000: 349984.510: Application time: 0.0000752 seconds
2019-06-25T09:27:25.498+0000: 349984.510: Application time: 0.0001178 seconds
2019-06-25T09:27:25.498+0000: 349984.510: Application time: 0.0001283 seconds
2019-06-25T09:27:25.498+0000: 349984.511: Application time: 0.0001403 seconds
2019-06-25T09:27:25.499+0000: 349984.511: Application time: 0.0001517 seconds
2019-06-25T09:27:25.499+0000: 349984.511: Application time: 0.0001638 seconds
2019-06-25T09:27:25.499+0000: 349984.511: Application time: 0.0001539 seconds
2019-06-25T09:27:25.500+0000: 349984.513: Application time: 0.0011493 seconds
2019-06-25T09:27:52.554+0000: 350011.566: Application time: 27.0535928 seconds
{Heap before GC invocations=2305 (full 179):
 par new generation   total 9792K, used 9511K [0x00000000e1000000, 0x00000000e1aa0000, 0x00000000eb4a0000)
  eden space 8704K, 100% used [0x00000000e1000000, 0x00000000e1880000, 0x00000000e1880000)
  from space 1088K,  74% used [0x00000000e1990000, 0x00000000e1a59c60, 0x00000000e1aa0000)
  to   space 1088K,   0% used [0x00000000e1880000, 0x00000000e1880000, 0x00000000e1990000)
 concurrent mark-sweep generation total 121500K, used 70651K [0x00000000eb4a0000, 0x00000000f2b47000, 0x0000000100000000)
 Metaspace       used 89089K, capacity 93596K, committed 93824K, reserved 1132544K
  class space    used 10741K, capacity 11544K, committed 11648K, reserved 1048576K
2019-06-25T09:27:52.555+0000: 350011.567: [GC (Allocation Failure) 2019-06-25T09:27:52.555+0000: 350011.568: [ParNew: 9511K->1072K(9792K), 0.0218709 secs] 80162K->71899K(131292K), 0.0228376 secs] [Times: user=0.03 sys=0.01, real=0.02 secs] 
Heap after GC invocations=2306 (full 179):
 par new generation   total 9792K, used 1072K [0x00000000e1000000, 0x00000000e1aa0000, 0x00000000eb4a0000)
  eden space 8704K,   0% used [0x00000000e1000000, 0x00000000e1000000, 0x00000000e1880000)
  from space 1088K,  98% used [0x00000000e1880000, 0x00000000e198c320, 0x00000000e1990000)
  to   space 1088K,   0% used [0x00000000e1990000, 0x00000000e1990000, 0x00000000e1aa0000)
 concurrent mark-sweep generation total 121500K, used 70826K [0x00000000eb4a0000, 0x00000000f2b47000, 0x0000000100000000)
 Metaspace       used 89089K, capacity 93596K, committed 93824K, reserved 1132544K
  class space    used 10741K, capacity 11544K, committed 11648K, reserved 1048576K
}
2019-06-25T09:28:13.834+0000: 350032.847: Application time: 21.2559788 seconds
2019-06-25T09:28:13.875+0000: 350032.887: Application time: 0.0404515 seconds
2019-06-25T09:28:15.526+0000: 350034.538: Application time: 1.6507285 seconds
2019-06-25T09:28:25.533+0000: 350044.545: Application time: 10.0062010 seconds
2019-06-25T09:28:25.533+0000: 350044.546: Application time: 0.0000673 seconds
2019-06-25T09:28:25.533+0000: 350044.546: Application time: 0.0000560 seconds
2019-06-25T09:28:25.534+0000: 350044.546: Application time: 0.0000615 seconds
2019-06-25T09:28:25.534+0000: 350044.546: Application time: 0.0000573 seconds
2019-06-25T09:28:25.534+0000: 350044.546: Application time: 0.0000643 seconds
2019-06-25T09:28:25.534+0000: 350044.547: Application time: 0.0001048 seconds
2019-06-25T09:28:25.535+0000: 350044.547: Application time: 0.0002439 seconds
2019-06-25T09:28:25.535+0000: 350044.547: Application time: 0.0001413 seconds
2019-06-25T09:28:25.536+0000: 350044.548: Application time: 0.0010950 seconds
2019-06-25T09:28:55.552+0000: 350074.564: Application time: 30.0155457 seconds
2019-06-25T09:28:56.363+0000: 350075.375: Application time: 0.8105835 seconds
2019-06-25T09:28:56.390+0000: 350075.403: Application time: 0.0275237 seconds
2019-06-25T09:28:57.086+0000: 350076.098: Application time: 0.6951151 seconds
2019-06-25T09:28:57.086+0000: 350076.099: Application time: 0.0006268 seconds
2019-06-25T09:28:57.087+0000: 350076.099: Application time: 0.0000959 seconds
2019-06-25T09:28:57.087+0000: 350076.099: Application time: 0.0000650 seconds
2019-06-25T09:28:57.087+0000: 350076.099: Application time: 0.0000654 seconds
2019-06-25T09:28:57.087+0000: 350076.100: Application time: 0.0000608 seconds
2019-06-25T09:28:57.087+0000: 350076.100: Application time: 0.0000634 seconds
2019-06-25T09:28:57.088+0000: 350076.100: Application time: 0.0001499 seconds
2019-06-25T09:28:57.088+0000: 350076.100: Application time: 0.0001099 seconds
2019-06-25T09:28:57.089+0000: 350076.102: Application time: 0.0012159 seconds
2019-06-25T09:29:25.567+0000: 350104.579: Application time: 28.4773173 seconds
2019-06-25T09:29:25.567+0000: 350104.579: Application time: 0.0001706 seconds
2019-06-25T09:29:25.567+0000: 350104.580: Application time: 0.0001420 seconds
2019-06-25T09:29:25.568+0000: 350104.580: Application time: 0.0001400 seconds
2019-06-25T09:29:25.568+0000: 350104.580: Application time: 0.0006824 seconds
2019-06-25T09:29:25.854+0000: 350104.866: Application time: 0.2850764 seconds
2019-06-25T09:29:25.879+0000: 350104.891: Application time: 0.0252481 seconds
2019-06-25T09:29:28.253+0000: 350107.265: Application time: 2.3733233 seconds
2019-06-25T09:29:28.253+0000: 350107.265: Application time: 0.0000734 seconds
2019-06-25T09:29:28.253+0000: 350107.266: Application time: 0.0000682 seconds
2019-06-25T09:29:28.254+0000: 350107.266: Application time: 0.0001666 seconds
2019-06-25T09:29:28.254+0000: 350107.266: Application time: 0.0001121 seconds
2019-06-25T09:29:28.255+0000: 350107.267: Application time: 0.0011874 seconds
2019-06-25T09:29:49.682+0000: 350128.694: Application time: 21.4267888 seconds
{Heap before GC invocations=2306 (full 179):
 par new generation   total 9792K, used 9776K [0x00000000e1000000, 0x00000000e1aa0000, 0x00000000eb4a0000)
  eden space 8704K,  99% used [0x00000000e1000000, 0x00000000e187ff90, 0x00000000e1880000)
  from space 1088K,  98% used [0x00000000e1880000, 0x00000000e198c320, 0x00000000e1990000)
  to   space 1088K,   0% used [0x00000000e1990000, 0x00000000e1990000, 0x00000000e1aa0000)
 concurrent mark-sweep generation total 121500K, used 70826K [0x00000000eb4a0000, 0x00000000f2b47000, 0x0000000100000000)
 Metaspace       used 89089K, capacity 93596K, committed 93824K, reserved 1132544K
  class space    used 10741K, capacity 11544K, committed 11648K, reserved 1048576K
2019-06-25T09:29:49.683+0000: 350128.695: [GC (Allocation Failure) 2019-06-25T09:29:49.683+0000: 350128.696: [ParNew: 9776K->960K(9792K), 0.0036893 secs] 80603K->71899K(131292K), 0.0045113 secs] [Times: user=0.01 sys=0.00, real=0.00 secs] 
Heap after GC invocations=2307 (full 179):
 par new generation   total 9792K, used 960K [0x00000000e1000000, 0x00000000e1aa0000, 0x00000000eb4a0000)
  eden space 8704K,   0% used [0x00000000e1000000, 0x00000000e1000000, 0x00000000e1880000)
  from space 1088K,  88% used [0x00000000e1990000, 0x00000000e1a802e0, 0x00000000e1aa0000)
  to   space 1088K,   0% used [0x00000000e1880000, 0x00000000e1880000, 0x00000000e1990000)
 concurrent mark-sweep generation total 121500K, used 70938K [0x00000000eb4a0000, 0x00000000f2b47000, 0x0000000100000000)
 Metaspace       used 89089K, capacity 93596K, committed 93824K, reserved 1132544K
  class space    used 10741K, capacity 11544K, committed 11648K, reserved 1048576K
}
2019-06-25T09:30:15.596+0000: 350154.609: Application time: 25.9079927 seconds
2019-06-25T09:30:15.597+0000: 350154.609: Application time: 0.0000688 seconds
2019-06-25T09:30:15.597+0000: 350154.609: Application time: 0.0000947 seconds
2019-06-25T09:30:15.597+0000: 350154.610: Application time: 0.0000598 seconds
2019-06-25T09:30:15.598+0000: 350154.610: Application time: 0.0000745 seconds
2019-06-25T09:30:15.598+0000: 350154.610: Application time: 0.0000826 seconds
2019-06-25T09:30:15.819+0000: 350154.831: Application time: 0.2206602 seconds
2019-06-25T09:30:15.859+0000: 350154.871: Application time: 0.0399963 seconds
2019-06-25T09:30:25.604+0000: 350164.616: Application time: 9.7447705 seconds
2019-06-25T09:30:25.604+0000: 350164.617: Application time: 0.0001409 seconds
2019-06-25T09:30:25.605+0000: 350164.617: Application time: 0.0001755 seconds
2019-06-25T09:30:25.605+0000: 350164.617: Application time: 0.0001476 seconds
2019-06-25T09:30:25.606+0000: 350164.619: Application time: 0.0012171 seconds
2019-06-25T09:32:24.376+0000: 350283.388: Application time: 118.7696523 seconds
2019-06-25T09:32:24.400+0000: 350283.413: Application time: 0.0238770 seconds
2019-06-25T09:32:25.674+0000: 350284.687: Application time: 1.2736867 seconds
2019-06-25T09:32:25.675+0000: 350284.687: Application time: 0.0000672 seconds
2019-06-25T09:32:25.675+0000: 350284.688: Application time: 0.0007475 seconds
2019-06-25T09:32:25.676+0000: 350284.688: Application time: 0.0000813 seconds
2019-06-25T09:32:25.676+0000: 350284.688: Application time: 0.0000831 seconds
2019-06-25T09:32:25.676+0000: 350284.688: Application time: 0.0000569 seconds
2019-06-25T09:32:25.676+0000: 350284.689: Application time: 0.0000781 seconds
2019-06-25T09:32:25.677+0000: 350284.689: Application time: 0.0001410 seconds
2019-06-25T09:32:25.677+0000: 350284.689: Application time: 0.0002041 seconds
2019-06-25T09:32:28.275+0000: 350287.288: Application time: 2.5981845 seconds
2019-06-25T09:32:28.277+0000: 350287.289: Application time: 0.0015301 seconds
2019-06-25T09:33:28.284+0000: 350347.296: Application time: 60.0065281 seconds
{Heap before GC invocations=2307 (full 179):
 par new generation   total 9792K, used 9664K [0x00000000e1000000, 0x00000000e1aa0000, 0x00000000eb4a0000)
  eden space 8704K, 100% used [0x00000000e1000000, 0x00000000e1880000, 0x00000000e1880000)
  from space 1088K,  88% used [0x00000000e1990000, 0x00000000e1a802e0, 0x00000000e1aa0000)
  to   space 1088K,   0% used [0x00000000e1880000, 0x00000000e1880000, 0x00000000e1990000)
 concurrent mark-sweep generation total 121500K, used 70938K [0x00000000eb4a0000, 0x00000000f2b47000, 0x0000000100000000)
 Metaspace       used 89093K, capacity 93602K, committed 93824K, reserved 1132544K
  class space    used 10742K, capacity 11545K, committed 11648K, reserved 1048576K
2019-06-25T09:33:28.284+0000: 350347.297: [GC (Allocation Failure) 2019-06-25T09:33:28.285+0000: 350347.297: [ParNew: 9664K->837K(9792K), 0.0154007 secs] 80603K->72254K(131292K), 0.0162246 secs] [Times: user=0.03 sys=0.00, real=0.02 secs] 
Heap after GC invocations=2308 (full 179):
 par new generation   total 9792K, used 837K [0x00000000e1000000, 0x00000000e1aa0000, 0x00000000eb4a0000)
  eden space 8704K,   0% used [0x00000000e1000000, 0x00000000e1000000, 0x00000000e1880000)
  from space 1088K,  76% used [0x00000000e1880000, 0x00000000e19516c8, 0x00000000e1990000)
  to   space 1088K,   0% used [0x00000000e1990000, 0x00000000e1990000, 0x00000000e1aa0000)
 concurrent mark-sweep generation total 121500K, used 71416K [0x00000000eb4a0000, 0x00000000f2b47000, 0x0000000100000000)
 Metaspace       used 89093K, capacity 93602K, committed 93824K, reserved 1132544K
  class space    used 10742K, capacity 11545K, committed 11648K, reserved 1048576K
}
2019-06-25T09:34:22.388+0000: 350401.400: Application time: 54.0862759 seconds
2019-06-25T09:34:42.390+0000: 350421.403: Application time: 20.0022308 seconds
2019-06-25T09:34:45.760+0000: 350424.772: Application time: 3.3696004 seconds
2019-06-25T09:34:45.760+0000: 350424.773: Application time: 0.0001256 seconds
2019-06-25T09:34:45.761+0000: 350424.773: Application time: 0.0000688 seconds
2019-06-25T09:34:45.761+0000: 350424.773: Application time: 0.0000578 seconds
2019-06-25T09:34:45.761+0000: 350424.774: Application time: 0.0000566 seconds
2019-06-25T09:34:45.761+0000: 350424.774: Application time: 0.0000561 seconds
2019-06-25T09:34:45.762+0000: 350424.774: Application time: 0.0001059 seconds
2019-06-25T09:34:45.762+0000: 350424.774: Application time: 0.0001701 seconds
2019-06-25T09:34:45.762+0000: 350424.774: Application time: 0.0000690 seconds
2019-06-25T09:34:47.033+0000: 350426.045: Application time: 1.2708979 seconds
2019-06-25T09:34:47.058+0000: 350426.071: Application time: 0.0250589 seconds
2019-06-25T09:34:55.768+0000: 350434.780: Application time: 8.7089961 seconds
2019-06-25T09:34:55.769+0000: 350434.782: Application time: 0.0015268 seconds
2019-06-25T09:35:04.377+0000: 350443.390: Application time: 8.6077149 seconds
2019-06-25T09:35:04.407+0000: 350443.420: Application time: 0.0299559 seconds
2019-06-25T09:35:05.774+0000: 350444.787: Application time: 1.3668934 seconds
2019-06-25T09:35:05.775+0000: 350444.787: Application time: 0.0000674 seconds
2019-06-25T09:35:05.775+0000: 350444.787: Application time: 0.0000577 seconds
2019-06-25T09:35:05.775+0000: 350444.788: Application time: 0.0000597 seconds
2019-06-25T09:35:05.775+0000: 350444.788: Application time: 0.0000546 seconds
2019-06-25T09:35:05.776+0000: 350444.788: Application time: 0.0000533 seconds
2019-06-25T09:35:05.776+0000: 350444.788: Application time: 0.0000597 seconds
2019-06-25T09:35:05.776+0000: 350444.788: Application time: 0.0000592 seconds
2019-06-25T09:35:05.776+0000: 350444.788: Application time: 0.0001295 seconds
2019-06-25T09:35:05.776+0000: 350444.789: Application time: 0.0001055 seconds
2019-06-25T09:35:15.783+0000: 350454.796: Application time: 10.0067237 seconds
2019-06-25T09:36:56.799+0000: 350555.811: Application time: 101.0156681 seconds
2019-06-25T09:37:15.848+0000: 350574.860: Application time: 19.0486560 seconds
{Heap before GC invocations=2308 (full 179):
 par new generation   total 9792K, used 9541K [0x00000000e1000000, 0x00000000e1aa0000, 0x00000000eb4a0000)
  eden space 8704K, 100% used [0x00000000e1000000, 0x00000000e1880000, 0x00000000e1880000)
  from space 1088K,  76% used [0x00000000e1880000, 0x00000000e19516c8, 0x00000000e1990000)
  to   space 1088K,   0% used [0x00000000e1990000, 0x00000000e1990000, 0x00000000e1aa0000)
 concurrent mark-sweep generation total 121500K, used 71416K [0x00000000eb4a0000, 0x00000000f2b47000, 0x0000000100000000)
 Metaspace       used 89093K, capacity 93602K, committed 93824K, reserved 1132544K
  class space    used 10742K, capacity 11545K, committed 11648K, reserved 1048576K
2019-06-25T09:37:15.849+0000: 350574.861: [GC (Allocation Failure) 2019-06-25T09:37:15.849+0000: 350574.861: [ParNew: 9541K->982K(9792K), 0.0412971 secs] 80958K->72736K(131292K), 0.0435653 secs] [Times: user=0.07 sys=0.00, real=0.04 secs] 
Heap after GC invocations=2309 (full 179):
 par new generation   total 9792K, used 982K [0x00000000e1000000, 0x00000000e1aa0000, 0x00000000eb4a0000)
  eden space 8704K,   0% used [0x00000000e1000000, 0x00000000e1000000, 0x00000000e1880000)
  from space 1088K,  90% used [0x00000000e1990000, 0x00000000e1a85ba8, 0x00000000e1aa0000)
  to   space 1088K,   0% used [0x00000000e1880000, 0x00000000e1880000, 0x00000000e1990000)
 concurrent mark-sweep generation total 121500K, used 71753K [0x00000000eb4a0000, 0x00000000f2b47000, 0x0000000100000000)
 Metaspace       used 89093K, capacity 93602K, committed 93824K, reserved 1132544K
  class space    used 10742K, capacity 11545K, committed 11648K, reserved 1048576K
}
2019-06-25T09:42:52.653+0000: 350911.665: Application time: 336.7593961 seconds
2019-06-25T09:42:52.653+0000: 350911.666: Application time: 0.0001187 seconds
2019-06-25T09:42:52.653+0000: 350911.666: Application time: 0.0001098 seconds
2019-06-25T09:42:52.654+0000: 350911.666: Application time: 0.0001353 seconds
2019-06-25T09:42:52.654+0000: 350911.667: Application time: 0.0000643 seconds
2019-06-25T09:42:52.654+0000: 350911.667: Application time: 0.0000572 seconds
2019-06-25T09:42:52.655+0000: 350911.667: Application time: 0.0000562 seconds
2019-06-25T09:42:52.655+0000: 350911.667: Application time: 0.0001059 seconds
2019-06-25T09:42:52.655+0000: 350911.667: Application time: 0.0001171 seconds
2019-06-25T09:42:56.091+0000: 350915.103: Application time: 3.4356330 seconds
2019-06-25T09:44:26.142+0000: 351005.154: Application time: 90.0509195 seconds
{Heap before GC invocations=2309 (full 179):
 par new generation   total 9792K, used 9686K [0x00000000e1000000, 0x00000000e1aa0000, 0x00000000eb4a0000)
  eden space 8704K, 100% used [0x00000000e1000000, 0x00000000e1880000, 0x00000000e1880000)
  from space 1088K,  90% used [0x00000000e1990000, 0x00000000e1a85ba8, 0x00000000e1aa0000)
  to   space 1088K,   0% used [0x00000000e1880000, 0x00000000e1880000, 0x00000000e1990000)
 concurrent mark-sweep generation total 121500K, used 71753K [0x00000000eb4a0000, 0x00000000f2b47000, 0x0000000100000000)
 Metaspace       used 89094K, capacity 93602K, committed 93824K, reserved 1132544K
  class space    used 10742K, capacity 11545K, committed 11648K, reserved 1048576K
2019-06-25T09:44:26.153+0000: 351005.165: [GC (Allocation Failure) 2019-06-25T09:44:26.153+0000: 351005.165: [ParNew: 9686K->657K(9792K), 0.0205091 secs] 81440K->72680K(131292K), 0.0214983 secs] [Times: user=0.04 sys=0.00, real=0.02 secs] 
Heap after GC invocations=2310 (full 179):
 par new generation   total 9792K, used 657K [0x00000000e1000000, 0x00000000e1aa0000, 0x00000000eb4a0000)
  eden space 8704K,   0% used [0x00000000e1000000, 0x00000000e1000000, 0x00000000e1880000)
  from space 1088K,  60% used [0x00000000e1880000, 0x00000000e19247d0, 0x00000000e1990000)
  to   space 1088K,   0% used [0x00000000e1990000, 0x00000000e1990000, 0x00000000e1aa0000)
 concurrent mark-sweep generation total 121500K, used 72022K [0x00000000eb4a0000, 0x00000000f2b47000, 0x0000000100000000)
 Metaspace       used 89094K, capacity 93602K, committed 93824K, reserved 1132544K
  class space    used 10742K, capacity 11545K, committed 11648K, reserved 1048576K
}
2019-06-25T09:51:46.426+0000: 351445.438: Application time: 440.2510567 seconds
{Heap before GC invocations=2310 (full 179):
 par new generation   total 9792K, used 9361K [0x00000000e1000000, 0x00000000e1aa0000, 0x00000000eb4a0000)
  eden space 8704K, 100% used [0x00000000e1000000, 0x00000000e1880000, 0x00000000e1880000)
  from space 1088K,  60% used [0x00000000e1880000, 0x00000000e19247d0, 0x00000000e1990000)
  to   space 1088K,   0% used [0x00000000e1990000, 0x00000000e1990000, 0x00000000e1aa0000)
 concurrent mark-sweep generation total 121500K, used 72022K [0x00000000eb4a0000, 0x00000000f2b47000, 0x0000000100000000)
 Metaspace       used 89094K, capacity 93602K, committed 93824K, reserved 1132544K
  class space    used 10742K, capacity 11545K, committed 11648K, reserved 1048576K
2019-06-25T09:51:46.427+0000: 351445.439: [GC (Allocation Failure) 2019-06-25T09:51:46.427+0000: 351445.439: [ParNew: 9361K->741K(9792K), 0.0032314 secs] 81384K->72764K(131292K), 0.0042188 secs] [Times: user=0.01 sys=0.00, real=0.01 secs] 
Heap after GC invocations=2311 (full 179):
 par new generation   total 9792K, used 741K [0x00000000e1000000, 0x00000000e1aa0000, 0x00000000eb4a0000)
  eden space 8704K,   0% used [0x00000000e1000000, 0x00000000e1000000, 0x00000000e1880000)
  from space 1088K,  68% used [0x00000000e1990000, 0x00000000e1a49720, 0x00000000e1aa0000)
  to   space 1088K,   0% used [0x00000000e1880000, 0x00000000e1880000, 0x00000000e1990000)
 concurrent mark-sweep generation total 121500K, used 72022K [0x00000000eb4a0000, 0x00000000f2b47000, 0x0000000100000000)
 Metaspace       used 89094K, capacity 93602K, committed 93824K, reserved 1132544K
  class space    used 10742K, capacity 11545K, committed 11648K, reserved 1048576K
}
2019-06-25T09:52:26.456+0000: 351485.468: Application time: 40.0239424 seconds
2019-06-25T09:52:26.456+0000: 351485.468: Application time: 0.0000416 seconds
2019-06-25T09:52:26.456+0000: 351485.469: Application time: 0.0000622 seconds
2019-06-25T09:52:26.456+0000: 351485.469: Application time: 0.0000659 seconds
2019-06-25T09:52:26.457+0000: 351485.469: Application time: 0.0000731 seconds
2019-06-25T09:52:26.457+0000: 351485.470: Application time: 0.0000557 seconds
2019-06-25T09:52:26.458+0000: 351485.470: Application time: 0.0000550 seconds
2019-06-25T09:52:26.458+0000: 351485.470: Application time: 0.0001560 seconds
2019-06-25T09:52:26.458+0000: 351485.471: Application time: 0.0002784 seconds
2019-06-25T09:52:26.458+0000: 351485.471: Application time: 0.0001412 seconds
2019-06-25T09:52:28.421+0000: 351487.433: Application time: 1.9624798 seconds
2019-06-25T09:52:30.552+0000: 351489.565: Application time: 2.1310152 seconds
2019-06-25T09:52:30.576+0000: 351489.589: Application time: 0.0239553 seconds
2019-06-25T09:56:26.442+0000: 351725.455: Application time: 235.8656417 seconds
{Heap before GC invocations=2311 (full 179):
 par new generation   total 9792K, used 9444K [0x00000000e1000000, 0x00000000e1aa0000, 0x00000000eb4a0000)
  eden space 8704K,  99% used [0x00000000e1000000, 0x00000000e187fa10, 0x00000000e1880000)
  from space 1088K,  68% used [0x00000000e1990000, 0x00000000e1a49720, 0x00000000e1aa0000)
  to   space 1088K,   0% used [0x00000000e1880000, 0x00000000e1880000, 0x00000000e1990000)
 concurrent mark-sweep generation total 121500K, used 72022K [0x00000000eb4a0000, 0x00000000f2b47000, 0x0000000100000000)
 Metaspace       used 89094K, capacity 93602K, committed 93824K, reserved 1132544K
  class space    used 10742K, capacity 11545K, committed 11648K, reserved 1048576K
2019-06-25T09:56:26.444+0000: 351725.456: [GC (Allocation Failure) 2019-06-25T09:56:26.444+0000: 351725.457: [ParNew: 9444K->783K(9792K), 0.0231783 secs] 81466K->73033K(131292K), 0.0242787 secs] [Times: user=0.04 sys=0.00, real=0.03 secs] 
Heap after GC invocations=2312 (full 179):
 par new generation   total 9792K, used 783K [0x00000000e1000000, 0x00000000e1aa0000, 0x00000000eb4a0000)
  eden space 8704K,   0% used [0x00000000e1000000, 0x00000000e1000000, 0x00000000e1880000)
  from space 1088K,  72% used [0x00000000e1880000, 0x00000000e1943e60, 0x00000000e1990000)
  to   space 1088K,   0% used [0x00000000e1990000, 0x00000000e1990000, 0x00000000e1aa0000)
 concurrent mark-sweep generation total 121500K, used 72249K [0x00000000eb4a0000, 0x00000000f2b47000, 0x0000000100000000)
 Metaspace       used 89094K, capacity 93602K, committed 93824K, reserved 1132544K
  class space    used 10742K, capacity 11545K, committed 11648K, reserved 1048576K
}
2019-06-25T09:56:26.592+0000: 351725.604: Application time: 0.1227914 seconds
2019-06-25T09:56:26.592+0000: 351725.604: Application time: 0.0000697 seconds
2019-06-25T09:56:26.592+0000: 351725.605: Application time: 0.0000599 seconds
2019-06-25T09:56:26.592+0000: 351725.605: Application time: 0.0000638 seconds
2019-06-25T09:56:26.593+0000: 351725.605: Application time: 0.0004968 seconds
2019-06-25T09:56:26.593+0000: 351725.606: Application time: 0.0000792 seconds
2019-06-25T09:56:26.594+0000: 351725.606: Application time: 0.0000563 seconds
2019-06-25T09:56:26.594+0000: 351725.606: Application time: 0.0000690 seconds
2019-06-25T09:56:26.594+0000: 351725.606: Application time: 0.0001579 seconds
2019-06-25T09:56:26.594+0000: 351725.606: Application time: 0.0001103 seconds
2019-06-25T09:56:28.452+0000: 351727.464: Application time: 1.8572485 seconds
2019-06-25T09:56:31.440+0000: 351730.452: Application time: 2.9879908 seconds
2019-06-25T09:56:31.490+0000: 351730.503: Application time: 0.0501777 seconds
2019-06-25T09:56:46.605+0000: 351745.618: Application time: 15.1148735 seconds
2019-06-25T09:56:46.606+0000: 351745.618: Application time: 0.0000670 seconds
2019-06-25T09:56:46.606+0000: 351745.618: Application time: 0.0000585 seconds
2019-06-25T09:56:46.606+0000: 351745.618: Application time: 0.0000623 seconds
2019-06-25T09:56:46.606+0000: 351745.618: Application time: 0.0004532 seconds
2019-06-25T09:56:46.607+0000: 351745.619: Application time: 0.0000952 seconds
2019-06-25T09:56:46.607+0000: 351745.620: Application time: 0.0000559 seconds
2019-06-25T09:56:46.607+0000: 351745.620: Application time: 0.0000598 seconds
2019-06-25T09:56:46.608+0000: 351745.620: Application time: 0.0001299 seconds
2019-06-25T09:56:46.608+0000: 351745.620: Application time: 0.0001096 seconds
2019-06-25T09:56:51.006+0000: 351750.019: Application time: 4.3982310 seconds
2019-06-25T09:56:51.053+0000: 351750.065: Application time: 0.0462729 seconds
2019-06-25T09:56:56.614+0000: 351755.626: Application time: 5.5608885 seconds
2019-06-25T09:56:56.616+0000: 351755.628: Application time: 0.0015467 seconds
2019-06-25T09:57:28.459+0000: 351787.471: Application time: 31.8428023 seconds
2019-06-25T09:57:28.459+0000: 351787.471: Application time: 0.0000691 seconds
2019-06-25T09:57:28.459+0000: 351787.471: Application time: 0.0000592 seconds
2019-06-25T09:57:28.459+0000: 351787.472: Application time: 0.0000626 seconds
2019-06-25T09:57:28.460+0000: 351787.472: Application time: 0.0000747 seconds
2019-06-25T09:57:28.460+0000: 351787.472: Application time: 0.0000644 seconds
2019-06-25T09:57:28.460+0000: 351787.473: Application time: 0.0000681 seconds
2019-06-25T09:57:28.461+0000: 351787.473: Application time: 0.0001454 seconds
2019-06-25T09:57:28.461+0000: 351787.473: Application time: 0.0001107 seconds
2019-06-25T09:57:33.424+0000: 351792.436: Application time: 4.9630052 seconds
2019-06-25T09:57:33.450+0000: 351792.462: Application time: 0.0259958 seconds
2019-06-25T09:57:36.638+0000: 351795.650: Application time: 3.1870764 seconds
2019-06-25T09:57:36.639+0000: 351795.651: Application time: 0.0013763 seconds
2019-06-25T09:58:31.340+0000: 351850.352: Application time: 54.7005879 seconds
{Heap before GC invocations=2312 (full 179):
 par new generation   total 9792K, used 9421K [0x00000000e1000000, 0x00000000e1aa0000, 0x00000000eb4a0000)
  eden space 8704K,  99% used [0x00000000e1000000, 0x00000000e186f8d0, 0x00000000e1880000)
  from space 1088K,  72% used [0x00000000e1880000, 0x00000000e1943e60, 0x00000000e1990000)
  to   space 1088K,   0% used [0x00000000e1990000, 0x00000000e1990000, 0x00000000e1aa0000)
 concurrent mark-sweep generation total 121500K, used 72249K [0x00000000eb4a0000, 0x00000000f2b47000, 0x0000000100000000)
 Metaspace       used 89094K, capacity 93602K, committed 93824K, reserved 1132544K
  class space    used 10742K, capacity 11545K, committed 11648K, reserved 1048576K
2019-06-25T09:58:31.341+0000: 351850.353: [GC (Allocation Failure) 2019-06-25T09:58:31.341+0000: 351850.354: [ParNew: 9421K->929K(9792K), 0.0042782 secs] 81671K->73233K(131292K), 0.0060122 secs] [Times: user=0.01 sys=0.00, real=0.00 secs] 
Heap after GC invocations=2313 (full 179):
 par new generation   total 9792K, used 929K [0x00000000e1000000, 0x00000000e1aa0000, 0x00000000eb4a0000)
  eden space 8704K,   0% used [0x00000000e1000000, 0x00000000e1000000, 0x00000000e1880000)
  from space 1088K,  85% used [0x00000000e1990000, 0x00000000e1a784a0, 0x00000000e1aa0000)
  to   space 1088K,   0% used [0x00000000e1880000, 0x00000000e1880000, 0x00000000e1990000)
 concurrent mark-sweep generation total 121500K, used 72304K [0x00000000eb4a0000, 0x00000000f2b47000, 0x0000000100000000)
 Metaspace       used 89094K, capacity 93602K, committed 93824K, reserved 1132544K
  class space    used 10742K, capacity 11545K, committed 11648K, reserved 1048576K
}
2019-06-25T09:58:36.338+0000: 351855.350: Application time: 4.9902600 seconds
2019-06-25T09:58:36.375+0000: 351855.387: Application time: 0.0369080 seconds
2019-06-25T09:58:36.671+0000: 351855.684: Application time: 0.2959919 seconds
2019-06-25T09:58:36.672+0000: 351855.684: Application time: 0.0000701 seconds
2019-06-25T09:58:36.672+0000: 351855.684: Application time: 0.0004120 seconds
2019-06-25T09:58:36.672+0000: 351855.685: Application time: 0.0000758 seconds
2019-06-25T09:58:36.673+0000: 351855.685: Application time: 0.0000609 seconds
2019-06-25T09:58:36.673+0000: 351855.685: Application time: 0.0000602 seconds
2019-06-25T09:58:36.673+0000: 351855.685: Application time: 0.0000623 seconds
2019-06-25T09:58:36.673+0000: 351855.686: Application time: 0.0001711 seconds
2019-06-25T09:58:36.674+0000: 351855.686: Application time: 0.0001088 seconds
2019-06-25T09:58:46.679+0000: 351865.692: Application time: 10.0057182 seconds
2019-06-25T09:58:46.681+0000: 351865.693: Application time: 0.0013955 seconds
2019-06-25T09:59:16.696+0000: 351895.709: Application time: 30.0152427 seconds
2019-06-25T09:59:16.697+0000: 351895.709: Application time: 0.0000726 seconds
2019-06-25T09:59:16.697+0000: 351895.709: Application time: 0.0000599 seconds
2019-06-25T09:59:16.697+0000: 351895.710: Application time: 0.0002106 seconds
2019-06-25T09:59:16.698+0000: 351895.710: Application time: 0.0006183 seconds
2019-06-25T09:59:16.699+0000: 351895.711: Application time: 0.0000730 seconds
2019-06-25T09:59:16.699+0000: 351895.711: Application time: 0.0000684 seconds
2019-06-25T09:59:16.699+0000: 351895.711: Application time: 0.0001429 seconds
2019-06-25T09:59:16.699+0000: 351895.712: Application time: 0.0002217 seconds
2019-06-25T09:59:17.185+0000: 351896.197: Application time: 0.4853523 seconds
2019-06-25T09:59:17.211+0000: 351896.223: Application time: 0.0253982 seconds
2019-06-25T09:59:22.740+0000: 351901.753: Application time: 5.5294778 seconds
2019-06-25T09:59:26.704+0000: 351905.717: Application time: 3.9639213 seconds
2019-06-25T09:59:26.705+0000: 351905.717: Application time: 0.0000736 seconds
2019-06-25T09:59:26.707+0000: 351905.719: Application time: 0.0013721 seconds
2019-06-25T09:59:36.711+0000: 351915.723: Application time: 10.0041410 seconds
2019-06-25T09:59:37.711+0000: 351916.724: Application time: 1.0002642 seconds
2019-06-25T09:59:41.901+0000: 351920.913: Application time: 4.1893332 seconds
2019-06-25T09:59:41.942+0000: 351920.954: Application time: 0.0400958 seconds
2019-06-25T09:59:46.718+0000: 351925.730: Application time: 4.7756240 seconds
2019-06-25T09:59:46.718+0000: 351925.731: Application time: 0.0001413 seconds
2019-06-25T09:59:46.718+0000: 351925.731: Application time: 0.0000656 seconds
2019-06-25T09:59:46.719+0000: 351925.731: Application time: 0.0000580 seconds
2019-06-25T09:59:46.719+0000: 351925.731: Application time: 0.0000584 seconds
2019-06-25T09:59:46.719+0000: 351925.732: Application time: 0.0000635 seconds
2019-06-25T09:59:46.720+0000: 351925.732: Application time: 0.0001456 seconds
2019-06-25T09:59:46.720+0000: 351925.732: Application time: 0.0001037 seconds
2019-06-25T09:59:56.725+0000: 351935.738: Application time: 10.0053427 seconds
2019-06-25T09:59:56.726+0000: 351935.738: Application time: 0.0000695 seconds
2019-06-25T09:59:56.726+0000: 351935.738: Application time: 0.0000633 seconds
2019-06-25T09:59:56.726+0000: 351935.738: Application time: 0.0000590 seconds
2019-06-25T09:59:56.726+0000: 351935.739: Application time: 0.0004523 seconds
2019-06-25T09:59:56.727+0000: 351935.739: Application time: 0.0000771 seconds
2019-06-25T09:59:56.729+0000: 351935.741: Application time: 0.0015747 seconds
2019-06-25T09:59:57.172+0000: 351936.184: Application time: 0.4426038 seconds
2019-06-25T10:00:56.762+0000: 351995.774: Application time: 59.5900330 seconds
{Heap before GC invocations=2313 (full 179):
 par new generation   total 9792K, used 9633K [0x00000000e1000000, 0x00000000e1aa0000, 0x00000000eb4a0000)
  eden space 8704K, 100% used [0x00000000e1000000, 0x00000000e1880000, 0x00000000e1880000)
  from space 1088K,  85% used [0x00000000e1990000, 0x00000000e1a784a0, 0x00000000e1aa0000)
  to   space 1088K,   0% used [0x00000000e1880000, 0x00000000e1880000, 0x00000000e1990000)
 concurrent mark-sweep generation total 121500K, used 72304K [0x00000000eb4a0000, 0x00000000f2b47000, 0x0000000100000000)
 Metaspace       used 89105K, capacity 93620K, committed 93824K, reserved 1132544K
  class space    used 10743K, capacity 11548K, committed 11648K, reserved 1048576K
2019-06-25T10:00:56.763+0000: 351995.775: [GC (Allocation Failure) 2019-06-25T10:00:56.763+0000: 351995.775: [ParNew: 9633K->889K(9792K), 0.0301789 secs] 81937K->73547K(131292K), 0.0310655 secs] [Times: user=0.04 sys=0.00, real=0.03 secs] 
Heap after GC invocations=2314 (full 179):
 par new generation   total 9792K, used 889K [0x00000000e1000000, 0x00000000e1aa0000, 0x00000000eb4a0000)
  eden space 8704K,   0% used [0x00000000e1000000, 0x00000000e1000000, 0x00000000e1880000)
  from space 1088K,  81% used [0x00000000e1880000, 0x00000000e195e540, 0x00000000e1990000)
  to   space 1088K,   0% used [0x00000000e1990000, 0x00000000e1990000, 0x00000000e1aa0000)
 concurrent mark-sweep generation total 121500K, used 72657K [0x00000000eb4a0000, 0x00000000f2b47000, 0x0000000100000000)
 Metaspace       used 89105K, capacity 93620K, committed 93824K, reserved 1132544K
  class space    used 10743K, capacity 11548K, committed 11648K, reserved 1048576K
}
2019-06-25T10:01:53.498+0000: 352052.510: Application time: 56.7027898 seconds
2019-06-25T10:01:53.524+0000: 352052.537: Application time: 0.0259694 seconds
2019-06-25T10:01:56.829+0000: 352055.842: Application time: 3.3049801 seconds
2019-06-25T10:01:56.830+0000: 352055.842: Application time: 0.0000726 seconds
2019-06-25T10:01:56.831+0000: 352055.843: Application time: 0.0001451 seconds
2019-06-25T10:01:56.831+0000: 352055.843: Application time: 0.0001699 seconds
2019-06-25T10:01:57.175+0000: 352056.188: Application time: 0.3444243 seconds
2019-06-25T10:01:57.176+0000: 352056.188: Application time: 0.0000951 seconds
2019-06-25T10:01:57.176+0000: 352056.188: Application time: 0.0000631 seconds
2019-06-25T10:01:57.176+0000: 352056.188: Application time: 0.0000616 seconds
2019-06-25T10:01:57.176+0000: 352056.189: Application time: 0.0001581 seconds
2019-06-25T10:01:57.178+0000: 352056.190: Application time: 0.0014945 seconds
2019-06-25T10:01:58.490+0000: 352057.502: Application time: 1.3115408 seconds
2019-06-25T10:04:05.983+0000: 352184.995: Application time: 127.4930823 seconds
2019-06-25T10:04:06.009+0000: 352185.021: Application time: 0.0255947 seconds
2019-06-25T10:04:06.903+0000: 352185.915: Application time: 0.8939241 seconds
2019-06-25T10:04:06.904+0000: 352185.916: Application time: 0.0001311 seconds
2019-06-25T10:04:06.904+0000: 352185.917: Application time: 0.0006475 seconds
2019-06-25T10:04:06.905+0000: 352185.917: Application time: 0.0001964 seconds
2019-06-25T10:04:16.911+0000: 352195.923: Application time: 10.0055697 seconds
2019-06-25T10:04:16.911+0000: 352195.924: Application time: 0.0000622 seconds
2019-06-25T10:04:16.911+0000: 352195.924: Application time: 0.0000682 seconds
2019-06-25T10:04:16.912+0000: 352195.924: Application time: 0.0000541 seconds
2019-06-25T10:04:16.912+0000: 352195.924: Application time: 0.0000522 seconds
2019-06-25T10:04:16.912+0000: 352195.924: Application time: 0.0000536 seconds
2019-06-25T10:04:16.912+0000: 352195.924: Application time: 0.0000582 seconds
2019-06-25T10:04:16.912+0000: 352195.925: Application time: 0.0001848 seconds
2019-06-25T10:04:16.913+0000: 352195.925: Application time: 0.0001113 seconds
2019-06-25T10:04:16.914+0000: 352195.926: Application time: 0.0011517 seconds
2019-06-25T10:04:39.763+0000: 352218.776: Application time: 22.8491915 seconds
{Heap before GC invocations=2314 (full 179):
 par new generation   total 9792K, used 9592K [0x00000000e1000000, 0x00000000e1aa0000, 0x00000000eb4a0000)
  eden space 8704K,  99% used [0x00000000e1000000, 0x00000000e187fdb0, 0x00000000e1880000)
  from space 1088K,  81% used [0x00000000e1880000, 0x00000000e195e540, 0x00000000e1990000)
  to   space 1088K,   0% used [0x00000000e1990000, 0x00000000e1990000, 0x00000000e1aa0000)
 concurrent mark-sweep generation total 121500K, used 72657K [0x00000000eb4a0000, 0x00000000f2b47000, 0x0000000100000000)
 Metaspace       used 89105K, capacity 93620K, committed 93824K, reserved 1132544K
  class space    used 10743K, capacity 11548K, committed 11648K, reserved 1048576K
2019-06-25T10:04:39.764+0000: 352218.776: [GC (Allocation Failure) 2019-06-25T10:04:39.764+0000: 352218.777: [ParNew: 9592K->1084K(9792K), 0.0187254 secs] 82250K->74081K(131292K), 0.0195784 secs] [Times: user=0.01 sys=0.00, real=0.02 secs] 
Heap after GC invocations=2315 (full 179):
 par new generation   total 9792K, used 1084K [0x00000000e1000000, 0x00000000e1aa0000, 0x00000000eb4a0000)
  eden space 8704K,   0% used [0x00000000e1000000, 0x00000000e1000000, 0x00000000e1880000)
  from space 1088K,  99% used [0x00000000e1990000, 0x00000000e1a9f088, 0x00000000e1aa0000)
  to   space 1088K,   0% used [0x00000000e1880000, 0x00000000e1880000, 0x00000000e1990000)
 concurrent mark-sweep generation total 121500K, used 72997K [0x00000000eb4a0000, 0x00000000f2b47000, 0x0000000100000000)
 Metaspace       used 89105K, capacity 93620K, committed 93824K, reserved 1132544K
  class space    used 10743K, capacity 11548K, committed 11648K, reserved 1048576K
}
2019-06-25T10:04:39.784+0000: 352218.797: Application time: 0.0001242 seconds
2019-06-25T10:04:39.785+0000: 352218.797: [GC (CMS Initial Mark) [1 CMS-initial-mark: 72997K(121500K)] 74086K(131292K), 0.0029111 secs] [Times: user=0.00 sys=0.00, real=0.00 secs] 
2019-06-25T10:04:39.789+0000: 352218.801: [CMS-concurrent-mark-start]
2019-06-25T10:04:39.920+0000: 352218.933: [CMS-concurrent-mark: 0.131/0.131 secs] [Times: user=0.13 sys=0.00, real=0.13 secs] 
2019-06-25T10:04:39.921+0000: 352218.933: [CMS-concurrent-preclean-start]
2019-06-25T10:04:39.922+0000: 352218.935: [CMS-concurrent-preclean: 0.001/0.001 secs] [Times: user=0.01 sys=0.00, real=0.00 secs] 
2019-06-25T10:04:39.923+0000: 352218.935: Application time: 0.1347207 seconds
2019-06-25T10:04:39.923+0000: 352218.935: [GC (CMS Final Remark) [YG occupancy: 1107 K (9792 K)]2019-06-25T10:04:39.923+0000: 352218.936: [Rescan (parallel) , 0.0022424 secs]2019-06-25T10:04:39.926+0000: 352218.938: [weak refs processing, 0.0023005 secs]2019-06-25T10:04:39.929+0000: 352218.941: [class unloading, 0.0327244 secs]2019-06-25T10:04:39.962+0000: 352218.974: [scrub symbol table, 0.0227688 secs]2019-06-25T10:04:39.985+0000: 352218.997: [scrub string table, 0.0014556 secs][1 CMS-remark: 72997K(121500K)] 74104K(131292K), 0.0798062 secs] [Times: user=0.08 sys=0.00, real=0.08 secs] 
2019-06-25T10:04:40.004+0000: 352219.016: [CMS-concurrent-sweep-start]
2019-06-25T10:04:40.035+0000: 352219.048: [CMS-concurrent-sweep: 0.032/0.032 secs] [Times: user=0.03 sys=0.00, real=0.03 secs] 
2019-06-25T10:04:40.036+0000: 352219.048: [CMS-concurrent-reset-start]
2019-06-25T10:04:40.036+0000: 352219.049: [CMS-concurrent-reset: 0.000/0.000 secs] [Times: user=0.00 sys=0.00, real=0.00 secs] 
2019-06-25T10:04:41.004+0000: 352220.016: Application time: 1.0002437 seconds
2019-06-25T10:04:45.664+0000: 352224.676: Application time: 4.6599790 seconds
2019-06-25T10:04:45.700+0000: 352224.712: Application time: 0.0353928 seconds
2019-06-25T10:04:46.931+0000: 352225.943: Application time: 1.2307162 seconds
2019-06-25T10:04:47.931+0000: 352226.944: Application time: 1.0001906 seconds
2019-06-25T10:04:52.932+0000: 352231.945: Application time: 5.0007764 seconds
2019-06-25T10:04:56.933+0000: 352235.945: Application time: 4.0004610 seconds
2019-06-25T10:04:56.938+0000: 352235.951: Application time: 0.0053246 seconds
2019-06-25T10:04:56.939+0000: 352235.951: Application time: 0.0001178 seconds
2019-06-25T10:04:56.939+0000: 352235.951: Application time: 0.0000598 seconds
2019-06-25T10:04:56.939+0000: 352235.951: Application time: 0.0000592 seconds
2019-06-25T10:04:56.939+0000: 352235.952: Application time: 0.0000556 seconds
2019-06-25T10:04:56.939+0000: 352235.952: Application time: 0.0000542 seconds
2019-06-25T10:04:56.940+0000: 352235.952: Application time: 0.0005442 seconds
2019-06-25T10:04:56.940+0000: 352235.953: Application time: 0.0001193 seconds
2019-06-25T10:04:56.941+0000: 352235.953: Application time: 0.0002569 seconds
2019-06-25T10:04:56.941+0000: 352235.953: Application time: 0.0001709 seconds
2019-06-25T10:04:56.942+0000: 352235.954: Application time: 0.0010778 seconds
2019-06-25T10:04:57.943+0000: 352236.955: Application time: 1.0002124 seconds
2019-06-25T10:05:37.951+0000: 352276.963: Application time: 40.0078838 seconds
2019-06-25T10:05:56.953+0000: 352295.965: Application time: 19.0022185 seconds
2019-06-25T10:06:47.960+0000: 352346.972: Application time: 51.0065364 seconds
2019-06-25T10:06:52.960+0000: 352351.973: Application time: 5.0005792 seconds
2019-06-25T10:09:52.798+0000: 352531.810: Application time: 179.8371333 seconds
{Heap before GC invocations=2315 (full 180):
 par new generation   total 9792K, used 9788K [0x00000000e1000000, 0x00000000e1aa0000, 0x00000000eb4a0000)
  eden space 8704K, 100% used [0x00000000e1000000, 0x00000000e1880000, 0x00000000e1880000)
  from space 1088K,  99% used [0x00000000e1990000, 0x00000000e1a9f088, 0x00000000e1aa0000)
  to   space 1088K,   0% used [0x00000000e1880000, 0x00000000e1880000, 0x00000000e1990000)
 concurrent mark-sweep generation total 121500K, used 69522K [0x00000000eb4a0000, 0x00000000f2b47000, 0x0000000100000000)
 Metaspace       used 89041K, capacity 93518K, committed 93824K, reserved 1132544K
  class space    used 10734K, capacity 11531K, committed 11648K, reserved 1048576K
2019-06-25T10:09:52.798+0000: 352531.811: [GC (Allocation Failure) 2019-06-25T10:09:52.799+0000: 352531.811: [ParNew: 9788K->727K(9792K), 0.0037627 secs] 79310K->70595K(131292K), 0.0046949 secs] [Times: user=0.01 sys=0.00, real=0.00 secs] 
Heap after GC invocations=2316 (full 180):
 par new generation   total 9792K, used 727K [0x00000000e1000000, 0x00000000e1aa0000, 0x00000000eb4a0000)
  eden space 8704K,   0% used [0x00000000e1000000, 0x00000000e1000000, 0x00000000e1880000)
  from space 1088K,  66% used [0x00000000e1880000, 0x00000000e1935d38, 0x00000000e1990000)
  to   space 1088K,   0% used [0x00000000e1990000, 0x00000000e1990000, 0x00000000e1aa0000)
 concurrent mark-sweep generation total 121500K, used 69868K [0x00000000eb4a0000, 0x00000000f2b47000, 0x0000000100000000)
 Metaspace       used 89041K, capacity 93518K, committed 93824K, reserved 1132544K
  class space    used 10734K, capacity 11531K, committed 11648K, reserved 1048576K
}
2019-06-25T10:14:52.698+0000: 352831.710: Application time: 299.8936936 seconds
2019-06-25T10:14:52.698+0000: 352831.710: Application time: 0.0000727 seconds
2019-06-25T10:14:52.698+0000: 352831.711: Application time: 0.0001774 seconds
2019-06-25T10:14:52.699+0000: 352831.711: Application time: 0.0000778 seconds
2019-06-25T10:14:52.699+0000: 352831.712: Application time: 0.0000786 seconds
2019-06-25T10:14:52.700+0000: 352831.712: Application time: 0.0000675 seconds
2019-06-25T10:14:52.700+0000: 352831.712: Application time: 0.0000661 seconds
2019-06-25T10:14:52.700+0000: 352831.712: Application time: 0.0000641 seconds
2019-06-25T10:14:52.700+0000: 352831.712: Application time: 0.0000654 seconds
2019-06-25T10:14:52.700+0000: 352831.713: Application time: 0.0000650 seconds
2019-06-25T10:15:58.710+0000: 352897.722: Application time: 66.0090532 seconds
2019-06-25T10:16:17.344+0000: 352916.357: Application time: 18.6347541 seconds
2019-06-25T10:16:58.591+0000: 352957.603: Application time: 41.2463703 seconds
{Heap before GC invocations=2316 (full 180):
 par new generation   total 9792K, used 9431K [0x00000000e1000000, 0x00000000e1aa0000, 0x00000000eb4a0000)
  eden space 8704K, 100% used [0x00000000e1000000, 0x00000000e1880000, 0x00000000e1880000)
  from space 1088K,  66% used [0x00000000e1880000, 0x00000000e1935d38, 0x00000000e1990000)
  to   space 1088K,   0% used [0x00000000e1990000, 0x00000000e1990000, 0x00000000e1aa0000)
 concurrent mark-sweep generation total 121500K, used 69868K [0x00000000eb4a0000, 0x00000000f2b47000, 0x0000000100000000)
 Metaspace       used 89041K, capacity 93518K, committed 93824K, reserved 1132544K
  class space    used 10734K, capacity 11531K, committed 11648K, reserved 1048576K
2019-06-25T10:16:58.592+0000: 352957.604: [GC (Allocation Failure) 2019-06-25T10:16:58.592+0000: 352957.604: [ParNew: 9431K->589K(9792K), 0.0033984 secs] 79299K->70726K(131292K), 0.0041059 secs] [Times: user=0.01 sys=0.00, real=0.00 secs] 
Heap after GC invocations=2317 (full 180):
 par new generation   total 9792K, used 589K [0x00000000e1000000, 0x00000000e1aa0000, 0x00000000eb4a0000)
  eden space 8704K,   0% used [0x00000000e1000000, 0x00000000e1000000, 0x00000000e1880000)
  from space 1088K,  54% used [0x00000000e1990000, 0x00000000e1a237f0, 0x00000000e1aa0000)
  to   space 1088K,   0% used [0x00000000e1880000, 0x00000000e1880000, 0x00000000e1990000)
 concurrent mark-sweep generation total 121500K, used 70136K [0x00000000eb4a0000, 0x00000000f2b47000, 0x0000000100000000)
 Metaspace       used 89041K, capacity 93518K, committed 93824K, reserved 1132544K
  class space    used 10734K, capacity 11531K, committed 11648K, reserved 1048576K
}
2019-06-25T10:20:23.625+0000: 353162.637: Application time: 205.0281852 seconds
2019-06-25T10:21:57.638+0000: 353256.650: Application time: 94.0130429 seconds
2019-06-25T10:22:10.887+0000: 353269.900: Application time: 13.2493574 seconds
2019-06-25T10:22:10.913+0000: 353269.925: Application time: 0.0250505 seconds
2019-06-25T10:22:17.547+0000: 353276.559: Application time: 6.6337796 seconds
2019-06-25T10:22:17.547+0000: 353276.560: Application time: 0.0001317 seconds
2019-06-25T10:22:17.548+0000: 353276.560: Application time: 0.0000628 seconds
2019-06-25T10:22:17.548+0000: 353276.560: Application time: 0.0000643 seconds
2019-06-25T10:22:17.548+0000: 353276.560: Application time: 0.0000595 seconds
2019-06-25T10:22:17.548+0000: 353276.561: Application time: 0.0000595 seconds
2019-06-25T10:22:17.548+0000: 353276.561: Application time: 0.0000832 seconds
2019-06-25T10:22:17.549+0000: 353276.561: Application time: 0.0000683 seconds
2019-06-25T10:22:17.549+0000: 353276.561: Application time: 0.0001315 seconds
2019-06-25T10:22:17.549+0000: 353276.561: Application time: 0.0000945 seconds
2019-06-25T10:22:17.550+0000: 353276.563: Application time: 0.0010870 seconds
2019-06-25T10:22:28.632+0000: 353287.644: Application time: 11.0815135 seconds
{Heap before GC invocations=2317 (full 180):
 par new generation   total 9792K, used 9293K [0x00000000e1000000, 0x00000000e1aa0000, 0x00000000eb4a0000)
  eden space 8704K, 100% used [0x00000000e1000000, 0x00000000e1880000, 0x00000000e1880000)
  from space 1088K,  54% used [0x00000000e1990000, 0x00000000e1a237f0, 0x00000000e1aa0000)
  to   space 1088K,   0% used [0x00000000e1880000, 0x00000000e1880000, 0x00000000e1990000)
 concurrent mark-sweep generation total 121500K, used 70136K [0x00000000eb4a0000, 0x00000000f2b47000, 0x0000000100000000)
 Metaspace       used 89044K, capacity 93524K, committed 93824K, reserved 1132544K
  class space    used 10735K, capacity 11532K, committed 11648K, reserved 1048576K
2019-06-25T10:22:28.633+0000: 353287.645: [GC (Allocation Failure) 2019-06-25T10:22:28.633+0000: 353287.645: [ParNew: 9293K->736K(9792K), 0.0038804 secs] 79430K->70872K(131292K), 0.0045110 secs] [Times: user=0.00 sys=0.01, real=0.00 secs] 
Heap after GC invocations=2318 (full 180):
 par new generation   total 9792K, used 736K [0x00000000e1000000, 0x00000000e1aa0000, 0x00000000eb4a0000)
  eden space 8704K,   0% used [0x00000000e1000000, 0x00000000e1000000, 0x00000000e1880000)
  from space 1088K,  67% used [0x00000000e1880000, 0x00000000e1938210, 0x00000000e1990000)
  to   space 1088K,   0% used [0x00000000e1990000, 0x00000000e1990000, 0x00000000e1aa0000)
 concurrent mark-sweep generation total 121500K, used 70136K [0x00000000eb4a0000, 0x00000000f2b47000, 0x0000000100000000)
 Metaspace       used 89044K, capacity 93524K, committed 93824K, reserved 1132544K
  class space    used 10735K, capacity 11532K, committed 11648K, reserved 1048576K
}
2019-06-25T10:24:22.750+0000: 353401.763: Application time: 114.1124518 seconds
2019-06-25T10:26:06.765+0000: 353505.777: Application time: 104.0142161 seconds
2019-06-25T10:26:11.434+0000: 353510.446: Application time: 4.6691256 seconds
2019-06-25T10:26:11.459+0000: 353510.472: Application time: 0.0251911 seconds
2019-06-25T10:26:16.359+0000: 353515.371: Application time: 4.8988551 seconds
2019-06-25T10:26:16.360+0000: 353515.372: Application time: 0.0001209 seconds
2019-06-25T10:26:16.364+0000: 353515.376: Application time: 0.0001577 seconds
2019-06-25T10:26:16.364+0000: 353515.376: Application time: 0.0000938 seconds
2019-06-25T10:26:16.364+0000: 353515.377: Application time: 0.0000640 seconds
2019-06-25T10:26:16.371+0000: 353515.383: Application time: 0.0000924 seconds
2019-06-25T10:26:16.371+0000: 353515.384: Application time: 0.0000768 seconds
2019-06-25T10:26:16.392+0000: 353515.404: Application time: 0.0204468 seconds
{Heap before GC invocations=2318 (full 180):
 par new generation   total 9792K, used 9426K [0x00000000e1000000, 0x00000000e1aa0000, 0x00000000eb4a0000)
  eden space 8704K,  99% used [0x00000000e1000000, 0x00000000e187c638, 0x00000000e1880000)
  from space 1088K,  67% used [0x00000000e1880000, 0x00000000e1938210, 0x00000000e1990000)
  to   space 1088K,   0% used [0x00000000e1990000, 0x00000000e1990000, 0x00000000e1aa0000)
 concurrent mark-sweep generation total 121500K, used 70136K [0x00000000eb4a0000, 0x00000000f2b47000, 0x0000000100000000)
 Metaspace       used 89051K, capacity 93536K, committed 93824K, reserved 1132544K
  class space    used 10736K, capacity 11534K, committed 11648K, reserved 1048576K
2019-06-25T10:26:16.393+0000: 353515.405: [GC (Allocation Failure) 2019-06-25T10:26:16.393+0000: 353515.406: [ParNew: 9426K->798K(9792K), 0.0036354 secs] 79562K->71112K(131292K), 0.0043583 secs] [Times: user=0.01 sys=0.00, real=0.00 secs] 
Heap after GC invocations=2319 (full 180):
 par new generation   total 9792K, used 798K [0x00000000e1000000, 0x00000000e1aa0000, 0x00000000eb4a0000)
  eden space 8704K,   0% used [0x00000000e1000000, 0x00000000e1000000, 0x00000000e1880000)
  from space 1088K,  73% used [0x00000000e1990000, 0x00000000e1a57a70, 0x00000000e1aa0000)
  to   space 1088K,   0% used [0x00000000e1880000, 0x00000000e1880000, 0x00000000e1990000)
 concurrent mark-sweep generation total 121500K, used 70313K [0x00000000eb4a0000, 0x00000000f2b47000, 0x0000000100000000)
 Metaspace       used 89051K, capacity 93536K, committed 93824K, reserved 1132544K
  class space    used 10736K, capacity 11534K, committed 11648K, reserved 1048576K
}
2019-06-25T10:26:17.681+0000: 353516.694: Application time: 1.2831211 seconds
2019-06-25T10:26:21.372+0000: 353520.384: Application time: 3.6903991 seconds
2019-06-25T10:26:21.402+0000: 353520.414: Application time: 0.0296183 seconds
2019-06-25T10:26:27.687+0000: 353526.699: Application time: 6.2849939 seconds
2019-06-25T10:26:27.687+0000: 353526.700: Application time: 0.0004456 seconds
2019-06-25T10:26:27.688+0000: 353526.700: Application time: 0.0000568 seconds
2019-06-25T10:26:27.688+0000: 353526.701: Application time: 0.0000588 seconds
2019-06-25T10:26:27.688+0000: 353526.701: Application time: 0.0000545 seconds
2019-06-25T10:26:27.689+0000: 353526.701: Application time: 0.0000550 seconds
2019-06-25T10:26:27.689+0000: 353526.701: Application time: 0.0000888 seconds
2019-06-25T10:26:27.689+0000: 353526.701: Application time: 0.0001565 seconds
2019-06-25T10:26:27.689+0000: 353526.702: Application time: 0.0001363 seconds
2019-06-25T10:26:27.691+0000: 353526.703: Application time: 0.0011878 seconds
2019-06-25T10:26:57.241+0000: 353556.253: Application time: 29.5499180 seconds
2019-06-25T10:26:57.706+0000: 353556.718: Application time: 0.4650289 seconds
2019-06-25T10:26:57.706+0000: 353556.719: Application time: 0.0001305 seconds
2019-06-25T10:26:57.707+0000: 353556.719: Application time: 0.0001563 seconds
2019-06-25T10:26:57.707+0000: 353556.719: Application time: 0.0004913 seconds
2019-06-25T10:26:57.707+0000: 353556.720: Application time: 0.0000692 seconds
2019-06-25T10:26:57.708+0000: 353556.720: Application time: 0.0000593 seconds
2019-06-25T10:26:57.708+0000: 353556.720: Application time: 0.0000642 seconds
2019-06-25T10:26:57.708+0000: 353556.720: Application time: 0.0001748 seconds
2019-06-25T10:26:57.709+0000: 353556.721: Application time: 0.0009532 seconds
2019-06-25T10:26:58.666+0000: 353557.678: Application time: 0.9567473 seconds
2019-06-25T10:27:02.183+0000: 353561.195: Application time: 3.5164044 seconds
2019-06-25T10:27:02.207+0000: 353561.219: Application time: 0.0240425 seconds
2019-06-25T10:28:35.859+0000: 353654.872: Application time: 93.6519805 seconds
2019-06-25T10:28:35.884+0000: 353654.896: Application time: 0.0247100 seconds
2019-06-25T10:28:37.766+0000: 353656.778: Application time: 1.8814272 seconds
2019-06-25T10:28:47.772+0000: 353666.784: Application time: 10.0057622 seconds
2019-06-25T10:28:47.772+0000: 353666.784: Application time: 0.0000683 seconds
2019-06-25T10:28:47.773+0000: 353666.785: Application time: 0.0000658 seconds
2019-06-25T10:28:47.773+0000: 353666.785: Application time: 0.0000715 seconds
2019-06-25T10:28:47.773+0000: 353666.785: Application time: 0.0000571 seconds
2019-06-25T10:28:47.773+0000: 353666.786: Application time: 0.0000651 seconds
2019-06-25T10:28:47.774+0000: 353666.786: Application time: 0.0000871 seconds
2019-06-25T10:28:47.774+0000: 353666.786: Application time: 0.0001435 seconds
2019-06-25T10:28:47.774+0000: 353666.786: Application time: 0.0001336 seconds
2019-06-25T10:28:47.775+0000: 353666.788: Application time: 0.0013178 seconds
2019-06-25T10:29:11.514+0000: 353690.527: Application time: 23.7386467 seconds
{Heap before GC invocations=2319 (full 180):
 par new generation   total 9792K, used 9502K [0x00000000e1000000, 0x00000000e1aa0000, 0x00000000eb4a0000)
  eden space 8704K, 100% used [0x00000000e1000000, 0x00000000e1880000, 0x00000000e1880000)
  from space 1088K,  73% used [0x00000000e1990000, 0x00000000e1a57a70, 0x00000000e1aa0000)
  to   space 1088K,   0% used [0x00000000e1880000, 0x00000000e1880000, 0x00000000e1990000)
 concurrent mark-sweep generation total 121500K, used 70313K [0x00000000eb4a0000, 0x00000000f2b47000, 0x0000000100000000)
 Metaspace       used 89051K, capacity 93536K, committed 93824K, reserved 1132544K
  class space    used 10736K, capacity 11534K, committed 11648K, reserved 1048576K
2019-06-25T10:29:11.515+0000: 353690.527: [GC (Allocation Failure) 2019-06-25T10:29:11.515+0000: 353690.528: [ParNew: 9502K->1088K(9792K), 0.0082251 secs] 79816K->71618K(131292K), 0.0090586 secs] [Times: user=0.01 sys=0.00, real=0.01 secs] 
Heap after GC invocations=2320 (full 180):
 par new generation   total 9792K, used 1088K [0x00000000e1000000, 0x00000000e1aa0000, 0x00000000eb4a0000)
  eden space 8704K,   0% used [0x00000000e1000000, 0x00000000e1000000, 0x00000000e1880000)
  from space 1088K, 100% used [0x00000000e1880000, 0x00000000e1990000, 0x00000000e1990000)
  to   space 1088K,   0% used [0x00000000e1990000, 0x00000000e1990000, 0x00000000e1aa0000)
 concurrent mark-sweep generation total 121500K, used 70530K [0x00000000eb4a0000, 0x00000000f2b47000, 0x0000000100000000)
 Metaspace       used 89051K, capacity 93536K, committed 93824K, reserved 1132544K
  class space    used 10736K, capacity 11534K, committed 11648K, reserved 1048576K
}
2019-06-25T10:29:16.511+0000: 353695.524: Application time: 4.9862936 seconds
2019-06-25T10:29:16.548+0000: 353695.560: Application time: 0.0365545 seconds
2019-06-25T10:29:17.791+0000: 353696.804: Application time: 1.2430329 seconds
2019-06-25T10:29:17.792+0000: 353696.804: Application time: 0.0000726 seconds
2019-06-25T10:29:26.279+0000: 353705.292: Application time: 8.4870418 seconds
2019-06-25T10:29:26.280+0000: 353705.292: Application time: 0.0000661 seconds
2019-06-25T10:29:26.280+0000: 353705.293: Application time: 0.0000879 seconds
2019-06-25T10:29:26.281+0000: 353705.293: Application time: 0.0000638 seconds
2019-06-25T10:29:26.281+0000: 353705.293: Application time: 0.0000667 seconds
2019-06-25T10:29:27.798+0000: 353706.810: Application time: 1.5169458 seconds
2019-06-25T10:29:27.799+0000: 353706.811: Application time: 0.0001694 seconds
2019-06-25T10:29:27.799+0000: 353706.811: Application time: 0.0001672 seconds
2019-06-25T10:29:27.799+0000: 353706.811: Application time: 0.0001630 seconds
2019-06-25T10:29:27.799+0000: 353706.812: Application time: 0.0001561 seconds
2019-06-25T10:29:27.800+0000: 353706.812: Application time: 0.0001380 seconds
2019-06-25T10:29:28.683+0000: 353707.695: Application time: 0.8831232 seconds
2019-06-25T10:29:28.683+0000: 353707.696: Application time: 0.0000701 seconds
2019-06-25T10:29:28.684+0000: 353707.696: Application time: 0.0006398 seconds
2019-06-25T10:29:28.684+0000: 353707.697: Application time: 0.0002101 seconds
2019-06-25T10:29:28.686+0000: 353707.698: Application time: 0.0011850 seconds
2019-06-25T10:29:31.282+0000: 353710.294: Application time: 2.5957270 seconds
2019-06-25T10:29:31.305+0000: 353710.317: Application time: 0.0233963 seconds
2019-06-25T10:31:07.855+0000: 353806.868: Application time: 96.5500038 seconds
2019-06-25T10:31:07.856+0000: 353806.868: Application time: 0.0001461 seconds
2019-06-25T10:31:07.856+0000: 353806.868: Application time: 0.0001459 seconds
2019-06-25T10:31:07.856+0000: 353806.869: Application time: 0.0001628 seconds
2019-06-25T10:31:07.857+0000: 353806.869: Application time: 0.0001384 seconds
2019-06-25T10:31:07.857+0000: 353806.869: Application time: 0.0001300 seconds
2019-06-25T10:31:09.523+0000: 353808.535: Application time: 1.6660571 seconds
2019-06-25T10:31:09.550+0000: 353808.563: Application time: 0.0269201 seconds
2019-06-25T10:31:17.863+0000: 353816.875: Application time: 8.3127129 seconds
2019-06-25T10:31:17.863+0000: 353816.876: Application time: 0.0000736 seconds
2019-06-25T10:31:17.864+0000: 353816.876: Application time: 0.0001448 seconds
2019-06-25T10:31:17.864+0000: 353816.876: Application time: 0.0001381 seconds
2019-06-25T10:31:17.865+0000: 353816.878: Application time: 0.0011608 seconds
2019-06-25T10:31:50.061+0000: 353849.074: Application time: 32.1958971 seconds
{Heap before GC invocations=2320 (full 180):
 par new generation   total 9792K, used 9792K [0x00000000e1000000, 0x00000000e1aa0000, 0x00000000eb4a0000)
  eden space 8704K, 100% used [0x00000000e1000000, 0x00000000e1880000, 0x00000000e1880000)
  from space 1088K, 100% used [0x00000000e1880000, 0x00000000e1990000, 0x00000000e1990000)
  to   space 1088K,   0% used [0x00000000e1990000, 0x00000000e1990000, 0x00000000e1aa0000)
 concurrent mark-sweep generation total 121500K, used 70530K [0x00000000eb4a0000, 0x00000000f2b47000, 0x0000000100000000)
 Metaspace       used 89073K, capacity 93572K, committed 93824K, reserved 1132544K
  class space    used 10739K, capacity 11540K, committed 11648K, reserved 1048576K
2019-06-25T10:31:50.062+0000: 353849.074: [GC (Allocation Failure) 2019-06-25T10:31:50.062+0000: 353849.075: [ParNew: 9792K->755K(9792K), 0.0038899 secs] 80322K->71777K(131292K), 0.0046737 secs] [Times: user=0.00 sys=0.01, real=0.00 secs] 
Heap after GC invocations=2321 (full 180):
 par new generation   total 9792K, used 755K [0x00000000e1000000, 0x00000000e1aa0000, 0x00000000eb4a0000)
  eden space 8704K,   0% used [0x00000000e1000000, 0x00000000e1000000, 0x00000000e1880000)
  from space 1088K,  69% used [0x00000000e1990000, 0x00000000e1a4cd60, 0x00000000e1aa0000)
  to   space 1088K,   0% used [0x00000000e1880000, 0x00000000e1880000, 0x00000000e1990000)
 concurrent mark-sweep generation total 121500K, used 71021K [0x00000000eb4a0000, 0x00000000f2b47000, 0x0000000100000000)
 Metaspace       used 89073K, capacity 93572K, committed 93824K, reserved 1132544K
  class space    used 10739K, capacity 11540K, committed 11648K, reserved 1048576K
}
2019-06-25T10:32:57.918+0000: 353916.930: Application time: 67.8505054 seconds
2019-06-25T10:33:42.924+0000: 353961.936: Application time: 45.0056217 seconds
2019-06-25T10:33:47.757+0000: 353966.769: Application time: 4.8330546 seconds
2019-06-25T10:33:47.782+0000: 353966.794: Application time: 0.0246683 seconds
2019-06-25T10:33:47.946+0000: 353966.958: Application time: 0.1633910 seconds
2019-06-25T10:33:47.946+0000: 353966.959: Application time: 0.0000877 seconds
2019-06-25T10:33:47.947+0000: 353966.959: Application time: 0.0000686 seconds
2019-06-25T10:33:47.947+0000: 353966.959: Application time: 0.0000532 seconds
2019-06-25T10:33:47.947+0000: 353966.959: Application time: 0.0000931 seconds
2019-06-25T10:33:47.947+0000: 353966.960: Application time: 0.0000601 seconds
2019-06-25T10:33:47.947+0000: 353966.960: Application time: 0.0000574 seconds
2019-06-25T10:33:47.948+0000: 353966.960: Application time: 0.0001270 seconds
2019-06-25T10:33:47.948+0000: 353966.960: Application time: 0.0001417 seconds
2019-06-25T10:33:57.273+0000: 353976.285: Application time: 9.3249130 seconds
2019-06-25T10:33:57.275+0000: 353976.287: Application time: 0.0014817 seconds
2019-06-25T10:34:37.974+0000: 354016.987: Application time: 40.6993399 seconds
2019-06-25T10:34:37.975+0000: 354016.987: Application time: 0.0000703 seconds
2019-06-25T10:34:37.975+0000: 354016.987: Application time: 0.0004732 seconds
2019-06-25T10:34:37.975+0000: 354016.988: Application time: 0.0000691 seconds
2019-06-25T10:34:37.976+0000: 354016.988: Application time: 0.0000608 seconds
2019-06-25T10:34:37.976+0000: 354016.988: Application time: 0.0000586 seconds
2019-06-25T10:34:37.976+0000: 354016.988: Application time: 0.0000575 seconds
2019-06-25T10:34:37.976+0000: 354016.988: Application time: 0.0000627 seconds
2019-06-25T10:34:37.976+0000: 354016.989: Application time: 0.0001210 seconds
2019-06-25T10:34:37.977+0000: 354016.989: Application time: 0.0001595 seconds
2019-06-25T10:34:40.614+0000: 354019.627: Application time: 2.6375381 seconds
2019-06-25T10:34:40.668+0000: 354019.681: Application time: 0.0536340 seconds
2019-06-25T10:34:47.984+0000: 354026.996: Application time: 7.3153058 seconds
2019-06-25T10:35:28.727+0000: 354067.739: Application time: 40.7429579 seconds
{Heap before GC invocations=2321 (full 180):
 par new generation   total 9792K, used 9459K [0x00000000e1000000, 0x00000000e1aa0000, 0x00000000eb4a0000)
  eden space 8704K, 100% used [0x00000000e1000000, 0x00000000e1880000, 0x00000000e1880000)
  from space 1088K,  69% used [0x00000000e1990000, 0x00000000e1a4cd60, 0x00000000e1aa0000)
  to   space 1088K,   0% used [0x00000000e1880000, 0x00000000e1880000, 0x00000000e1990000)
 concurrent mark-sweep generation total 121500K, used 71021K [0x00000000eb4a0000, 0x00000000f2b47000, 0x0000000100000000)
 Metaspace       used 89073K, capacity 93572K, committed 93824K, reserved 1132544K
  class space    used 10739K, capacity 11540K, committed 11648K, reserved 1048576K
2019-06-25T10:35:28.728+0000: 354067.740: [GC (Allocation Failure) 2019-06-25T10:35:28.728+0000: 354067.741: [ParNew: 9459K->835K(9792K), 0.0044001 secs] 80481K->72165K(131292K), 0.0052410 secs] [Times: user=0.01 sys=0.00, real=0.01 secs] 
Heap after GC invocations=2322 (full 180):
 par new generation   total 9792K, used 835K [0x00000000e1000000, 0x00000000e1aa0000, 0x00000000eb4a0000)
  eden space 8704K,   0% used [0x00000000e1000000, 0x00000000e1000000, 0x00000000e1880000)
  from space 1088K,  76% used [0x00000000e1880000, 0x00000000e1950d68, 0x00000000e1990000)
  to   space 1088K,   0% used [0x00000000e1990000, 0x00000000e1990000, 0x00000000e1aa0000)
 concurrent mark-sweep generation total 121500K, used 71330K [0x00000000eb4a0000, 0x00000000f2b47000, 0x0000000100000000)
 Metaspace       used 89073K, capacity 93572K, committed 93824K, reserved 1132544K
  class space    used 10739K, capacity 11540K, committed 11648K, reserved 1048576K
}
2019-06-25T10:42:52.988+0000: 354512.000: Application time: 444.2542238 seconds
{Heap before GC invocations=2322 (full 180):
 par new generation   total 9792K, used 9539K [0x00000000e1000000, 0x00000000e1aa0000, 0x00000000eb4a0000)
  eden space 8704K, 100% used [0x00000000e1000000, 0x00000000e1880000, 0x00000000e1880000)
  from space 1088K,  76% used [0x00000000e1880000, 0x00000000e1950d68, 0x00000000e1990000)
  to   space 1088K,   0% used [0x00000000e1990000, 0x00000000e1990000, 0x00000000e1aa0000)
 concurrent mark-sweep generation total 121500K, used 71330K [0x00000000eb4a0000, 0x00000000f2b47000, 0x0000000100000000)
 Metaspace       used 89074K, capacity 93572K, committed 93824K, reserved 1132544K
  class space    used 10739K, capacity 11540K, committed 11648K, reserved 1048576K
2019-06-25T10:42:53.000+0000: 354512.012: [GC (Allocation Failure) 2019-06-25T10:42:53.000+0000: 354512.012: [ParNew: 9539K->622K(9792K), 0.0033133 secs] 80869K->72278K(131292K), 0.0041398 secs] [Times: user=0.00 sys=0.00, real=0.00 secs] 
Heap after GC invocations=2323 (full 180):
 par new generation   total 9792K, used 622K [0x00000000e1000000, 0x00000000e1aa0000, 0x00000000eb4a0000)
  eden space 8704K,   0% used [0x00000000e1000000, 0x00000000e1000000, 0x00000000e1880000)
  from space 1088K,  57% used [0x00000000e1990000, 0x00000000e1a2ba98, 0x00000000e1aa0000)
  to   space 1088K,   0% used [0x00000000e1880000, 0x00000000e1880000, 0x00000000e1990000)
 concurrent mark-sweep generation total 121500K, used 71655K [0x00000000eb4a0000, 0x00000000f2b47000, 0x0000000100000000)
 Metaspace       used 89074K, capacity 93572K, committed 93824K, reserved 1132544K
  class space    used 10739K, capacity 11540K, committed 11648K, reserved 1048576K
}
2019-06-25T10:44:52.857+0000: 354631.869: Application time: 119.8524602 seconds
2019-06-25T10:44:52.857+0000: 354631.870: Application time: 0.0001343 seconds
2019-06-25T10:44:52.858+0000: 354631.870: Application time: 0.0001281 seconds
2019-06-25T10:44:52.858+0000: 354631.870: Application time: 0.0001272 seconds
2019-06-25T10:44:52.859+0000: 354631.871: Application time: 0.0000628 seconds
2019-06-25T10:44:52.859+0000: 354631.871: Application time: 0.0000566 seconds
2019-06-25T10:44:52.859+0000: 354631.871: Application time: 0.0000555 seconds
2019-06-25T10:44:52.859+0000: 354631.871: Application time: 0.0000549 seconds
2019-06-25T10:44:52.859+0000: 354631.872: Application time: 0.0000548 seconds
2019-06-25T10:44:52.859+0000: 354631.872: Application time: 0.0000553 seconds
2019-06-25T10:49:22.883+0000: 354901.895: Application time: 270.0235176 seconds
2019-06-25T10:49:38.481+0000: 354917.493: Application time: 15.5975195 seconds
2019-06-25T10:49:58.496+0000: 354937.508: Application time: 20.0144552 seconds
{Heap before GC invocations=2323 (full 180):
 par new generation   total 9792K, used 9326K [0x00000000e1000000, 0x00000000e1aa0000, 0x00000000eb4a0000)
  eden space 8704K, 100% used [0x00000000e1000000, 0x00000000e1880000, 0x00000000e1880000)
  from space 1088K,  57% used [0x00000000e1990000, 0x00000000e1a2ba98, 0x00000000e1aa0000)
  to   space 1088K,   0% used [0x00000000e1880000, 0x00000000e1880000, 0x00000000e1990000)
 concurrent mark-sweep generation total 121500K, used 71655K [0x00000000eb4a0000, 0x00000000f2b47000, 0x0000000100000000)
 Metaspace       used 89074K, capacity 93572K, committed 93824K, reserved 1132544K
  class space    used 10739K, capacity 11540K, committed 11648K, reserved 1048576K
2019-06-25T10:49:58.496+0000: 354937.509: [GC (Allocation Failure) 2019-06-25T10:49:58.497+0000: 354937.509: [ParNew: 9326K->704K(9792K), 0.0053223 secs] 80982K->72359K(131292K), 0.0061760 secs] [Times: user=0.01 sys=0.00, real=0.01 secs] 
Heap after GC invocations=2324 (full 180):
 par new generation   total 9792K, used 704K [0x00000000e1000000, 0x00000000e1aa0000, 0x00000000eb4a0000)
  eden space 8704K,   0% used [0x00000000e1000000, 0x00000000e1000000, 0x00000000e1880000)
  from space 1088K,  64% used [0x00000000e1880000, 0x00000000e19300a0, 0x00000000e1990000)
  to   space 1088K,   0% used [0x00000000e1990000, 0x00000000e1990000, 0x00000000e1aa0000)
 concurrent mark-sweep generation total 121500K, used 71655K [0x00000000eb4a0000, 0x00000000f2b47000, 0x0000000100000000)
 Metaspace       used 89074K, capacity 93572K, committed 93824K, reserved 1132544K
  class space    used 10739K, capacity 11540K, committed 11648K, reserved 1048576K
}
2019-06-25T10:51:57.324+0000: 355056.336: Application time: 118.8208266 seconds
2019-06-25T10:51:57.324+0000: 355056.337: Application time: 0.0000682 seconds
2019-06-25T10:51:57.324+0000: 355056.337: Application time: 0.0000589 seconds
2019-06-25T10:51:57.325+0000: 355056.337: Application time: 0.0000628 seconds
2019-06-25T10:51:57.325+0000: 355056.338: Application time: 0.0000671 seconds
2019-06-25T10:51:57.325+0000: 355056.338: Application time: 0.0000591 seconds
2019-06-25T10:51:57.326+0000: 355056.338: Application time: 0.0000573 seconds
2019-06-25T10:51:57.326+0000: 355056.338: Application time: 0.0000612 seconds
2019-06-25T10:51:57.326+0000: 355056.338: Application time: 0.0001382 seconds
2019-06-25T10:51:57.326+0000: 355056.339: Application time: 0.0001229 seconds
2019-06-25T10:51:58.572+0000: 355057.585: Application time: 1.2458767 seconds
2019-06-25T10:52:00.057+0000: 355059.070: Application time: 1.4849221 seconds
2019-06-25T10:52:00.082+0000: 355059.095: Application time: 0.0245503 seconds
2019-06-25T10:55:28.692+0000: 355267.704: Application time: 208.6094673 seconds
{Heap before GC invocations=2324 (full 180):
 par new generation   total 9792K, used 9408K [0x00000000e1000000, 0x00000000e1aa0000, 0x00000000eb4a0000)
  eden space 8704K, 100% used [0x00000000e1000000, 0x00000000e1880000, 0x00000000e1880000)
  from space 1088K,  64% used [0x00000000e1880000, 0x00000000e19300a0, 0x00000000e1990000)
  to   space 1088K,   0% used [0x00000000e1990000, 0x00000000e1990000, 0x00000000e1aa0000)
 concurrent mark-sweep generation total 121500K, used 71655K [0x00000000eb4a0000, 0x00000000f2b47000, 0x0000000100000000)
 Metaspace       used 89074K, capacity 93572K, committed 93824K, reserved 1132544K
  class space    used 10739K, capacity 11540K, committed 11648K, reserved 1048576K
2019-06-25T10:55:28.716+0000: 355267.728: [GC (Allocation Failure) 2019-06-25T10:55:28.716+0000: 355267.729: [ParNew: 9408K->698K(9792K), 0.0040126 secs] 81063K->72553K(131292K), 0.0047528 secs] [Times: user=0.00 sys=0.01, real=0.01 secs] 
Heap after GC invocations=2325 (full 180):
 par new generation   total 9792K, used 698K [0x00000000e1000000, 0x00000000e1aa0000, 0x00000000eb4a0000)
  eden space 8704K,   0% used [0x00000000e1000000, 0x00000000e1000000, 0x00000000e1880000)
  from space 1088K,  64% used [0x00000000e1990000, 0x00000000e1a3eb18, 0x00000000e1aa0000)
  to   space 1088K,   0% used [0x00000000e1880000, 0x00000000e1880000, 0x00000000e1990000)
 concurrent mark-sweep generation total 121500K, used 71854K [0x00000000eb4a0000, 0x00000000f2b47000, 0x0000000100000000)
 Metaspace       used 89074K, capacity 93572K, committed 93824K, reserved 1132544K
  class space    used 10739K, capacity 11540K, committed 11648K, reserved 1048576K
}
2019-06-25T10:55:38.724+0000: 355277.736: Application time: 10.0027210 seconds
2019-06-25T10:55:38.724+0000: 355277.737: Application time: 0.0000682 seconds
2019-06-25T10:55:38.725+0000: 355277.737: Application time: 0.0000599 seconds
2019-06-25T10:55:38.725+0000: 355277.737: Application time: 0.0000693 seconds
2019-06-25T10:55:38.725+0000: 355277.738: Application time: 0.0000658 seconds
2019-06-25T10:55:38.726+0000: 355277.738: Application time: 0.0000586 seconds
2019-06-25T10:55:38.726+0000: 355277.738: Application time: 0.0000726 seconds
2019-06-25T10:55:38.726+0000: 355277.738: Application time: 0.0000625 seconds
2019-06-25T10:55:38.726+0000: 355277.739: Application time: 0.0001310 seconds
2019-06-25T10:55:38.726+0000: 355277.739: Application time: 0.0001021 seconds
2019-06-25T10:55:41.462+0000: 355280.474: Application time: 2.7355256 seconds
2019-06-25T10:55:41.486+0000: 355280.499: Application time: 0.0242350 seconds
2019-06-25T10:55:48.733+0000: 355287.745: Application time: 7.2462919 seconds
2019-06-25T10:55:54.299+0000: 355293.311: Application time: 5.5655195 seconds
2019-06-25T10:55:54.324+0000: 355293.336: Application time: 0.0245551 seconds
2019-06-25T10:55:57.335+0000: 355296.347: Application time: 3.0111211 seconds
2019-06-25T10:55:57.335+0000: 355296.347: Application time: 0.0000878 seconds
2019-06-25T10:55:57.335+0000: 355296.348: Application time: 0.0004847 seconds
2019-06-25T10:55:57.336+0000: 355296.348: Application time: 0.0000780 seconds
2019-06-25T10:55:57.336+0000: 355296.348: Application time: 0.0000755 seconds
2019-06-25T10:55:57.336+0000: 355296.349: Application time: 0.0000580 seconds
2019-06-25T10:55:57.337+0000: 355296.349: Application time: 0.0000570 seconds
2019-06-25T10:55:57.337+0000: 355296.349: Application time: 0.0000650 seconds
2019-06-25T10:55:57.337+0000: 355296.349: Application time: 0.0001374 seconds
2019-06-25T10:55:57.337+0000: 355296.350: Application time: 0.0000854 seconds
2019-06-25T10:55:58.738+0000: 355297.750: Application time: 1.4002834 seconds
2019-06-25T10:55:58.739+0000: 355297.752: Application time: 0.0015392 seconds
2019-06-25T10:56:18.700+0000: 355317.712: Application time: 19.9600178 seconds
2019-06-25T10:56:18.724+0000: 355317.737: Application time: 0.0244259 seconds
2019-06-25T10:56:18.751+0000: 355317.763: Application time: 0.0264660 seconds
2019-06-25T10:56:18.752+0000: 355317.764: Application time: 0.0005685 seconds
2019-06-25T10:56:18.752+0000: 355317.764: Application time: 0.0001017 seconds
2019-06-25T10:56:18.753+0000: 355317.765: Application time: 0.0000745 seconds
2019-06-25T10:56:18.753+0000: 355317.765: Application time: 0.0000549 seconds
2019-06-25T10:56:18.753+0000: 355317.765: Application time: 0.0000532 seconds
2019-06-25T10:56:18.753+0000: 355317.765: Application time: 0.0000568 seconds
2019-06-25T10:56:18.753+0000: 355317.766: Application time: 0.0001248 seconds
2019-06-25T10:56:18.753+0000: 355317.766: Application time: 0.0001129 seconds
2019-06-25T10:56:28.759+0000: 355327.771: Application time: 10.0055286 seconds
2019-06-25T10:56:28.760+0000: 355327.772: Application time: 0.0001379 seconds
2019-06-25T10:56:28.761+0000: 355327.773: Application time: 0.0012804 seconds
2019-06-25T10:57:28.796+0000: 355387.809: Application time: 60.0350953 seconds
{Heap before GC invocations=2325 (full 180):
 par new generation   total 9792K, used 9402K [0x00000000e1000000, 0x00000000e1aa0000, 0x00000000eb4a0000)
  eden space 8704K, 100% used [0x00000000e1000000, 0x00000000e1880000, 0x00000000e1880000)
  from space 1088K,  64% used [0x00000000e1990000, 0x00000000e1a3eb18, 0x00000000e1aa0000)
  to   space 1088K,   0% used [0x00000000e1880000, 0x00000000e1880000, 0x00000000e1990000)
 concurrent mark-sweep generation total 121500K, used 71854K [0x00000000eb4a0000, 0x00000000f2b47000, 0x0000000100000000)
 Metaspace       used 89074K, capacity 93572K, committed 93824K, reserved 1132544K
  class space    used 10739K, capacity 11540K, committed 11648K, reserved 1048576K
2019-06-25T10:57:28.797+0000: 355387.809: [GC (Allocation Failure) 2019-06-25T10:57:28.797+0000: 355387.810: [ParNew: 9402K->989K(9792K), 0.0046731 secs] 81257K->72844K(131292K), 0.0055677 secs] [Times: user=0.00 sys=0.00, real=0.01 secs] 
Heap after GC invocations=2326 (full 180):
 par new generation   total 9792K, used 989K [0x00000000e1000000, 0x00000000e1aa0000, 0x00000000eb4a0000)
  eden space 8704K,   0% used [0x00000000e1000000, 0x00000000e1000000, 0x00000000e1880000)
  from space 1088K,  90% used [0x00000000e1880000, 0x00000000e1977558, 0x00000000e1990000)
  to   space 1088K,   0% used [0x00000000e1990000, 0x00000000e1990000, 0x00000000e1aa0000)
 concurrent mark-sweep generation total 121500K, used 71854K [0x00000000eb4a0000, 0x00000000f2b47000, 0x0000000100000000)
 Metaspace       used 89074K, capacity 93572K, committed 93824K, reserved 1132544K
  class space    used 10739K, capacity 11540K, committed 11648K, reserved 1048576K
}
2019-06-25T10:58:27.116+0000: 355446.128: Application time: 58.3124299 seconds
2019-06-25T10:58:27.142+0000: 355446.154: Application time: 0.0258438 seconds
2019-06-25T10:58:28.834+0000: 355447.846: Application time: 1.6915233 seconds
2019-06-25T10:58:28.834+0000: 355447.847: Application time: 0.0000697 seconds
2019-06-25T10:58:28.835+0000: 355447.847: Application time: 0.0000696 seconds
2019-06-25T10:58:28.835+0000: 355447.847: Application time: 0.0000609 seconds
2019-06-25T10:58:28.835+0000: 355447.847: Application time: 0.0000571 seconds
2019-06-25T10:58:28.835+0000: 355447.848: Application time: 0.0000596 seconds
2019-06-25T10:58:28.836+0000: 355447.848: Application time: 0.0001345 seconds
2019-06-25T10:58:28.836+0000: 355447.848: Application time: 0.0001021 seconds
2019-06-25T10:58:28.878+0000: 355447.890: Application time: 0.0415562 seconds
2019-06-25T10:58:28.879+0000: 355447.891: Application time: 0.0011301 seconds
2019-06-25T10:58:38.841+0000: 355457.854: Application time: 9.9624162 seconds
2019-06-25T10:58:44.002+0000: 355463.014: Application time: 5.1600688 seconds
2019-06-25T10:58:44.027+0000: 355463.039: Application time: 0.0246657 seconds
2019-06-25T10:58:48.847+0000: 355467.859: Application time: 4.8201052 seconds
2019-06-25T10:58:48.847+0000: 355467.860: Application time: 0.0000659 seconds
2019-06-25T10:58:48.847+0000: 355467.860: Application time: 0.0005385 seconds
2019-06-25T10:58:48.848+0000: 355467.860: Application time: 0.0001107 seconds
2019-06-25T10:58:48.848+0000: 355467.861: Application time: 0.0000617 seconds
2019-06-25T10:58:48.849+0000: 355467.861: Application time: 0.0000645 seconds
2019-06-25T10:58:48.849+0000: 355467.861: Application time: 0.0001428 seconds
2019-06-25T10:58:48.849+0000: 355467.861: Application time: 0.0001176 seconds
2019-06-25T10:58:57.345+0000: 355476.358: Application time: 8.4962191 seconds
2019-06-25T10:58:57.346+0000: 355476.358: Application time: 0.0000749 seconds
2019-06-25T10:58:57.347+0000: 355476.360: Application time: 0.0014949 seconds
2019-06-25T10:59:08.306+0000: 355487.318: Application time: 10.9583486 seconds
2019-06-25T10:59:08.332+0000: 355487.344: Application time: 0.0259330 seconds
2019-06-25T10:59:08.860+0000: 355487.873: Application time: 0.5279505 seconds
2019-06-25T10:59:08.861+0000: 355487.873: Application time: 0.0000719 seconds
2019-06-25T10:59:08.861+0000: 355487.873: Application time: 0.0004324 seconds
2019-06-25T10:59:08.862+0000: 355487.874: Application time: 0.0000607 seconds
2019-06-25T10:59:08.862+0000: 355487.874: Application time: 0.0000604 seconds
2019-06-25T10:59:08.862+0000: 355487.874: Application time: 0.0000634 seconds
2019-06-25T10:59:08.863+0000: 355487.875: Application time: 0.0001384 seconds
2019-06-25T10:59:08.863+0000: 355487.875: Application time: 0.0000935 seconds
2019-06-25T10:59:18.869+0000: 355497.881: Application time: 10.0056330 seconds
2019-06-25T10:59:18.869+0000: 355497.881: Application time: 0.0000663 seconds
2019-06-25T10:59:18.869+0000: 355497.881: Application time: 0.0000643 seconds
2019-06-25T10:59:18.869+0000: 355497.882: Application time: 0.0000589 seconds
2019-06-25T10:59:18.869+0000: 355497.882: Application time: 0.0000627 seconds
2019-06-25T10:59:18.870+0000: 355497.882: Application time: 0.0000624 seconds
2019-06-25T10:59:18.871+0000: 355497.883: Application time: 0.0014119 seconds
2019-06-25T10:59:22.937+0000: 355501.949: Application time: 4.0654626 seconds
{Heap before GC invocations=2326 (full 180):
 par new generation   total 9792K, used 9693K [0x00000000e1000000, 0x00000000e1aa0000, 0x00000000eb4a0000)
  eden space 8704K, 100% used [0x00000000e1000000, 0x00000000e1880000, 0x00000000e1880000)
  from space 1088K,  90% used [0x00000000e1880000, 0x00000000e1977558, 0x00000000e1990000)
  to   space 1088K,   0% used [0x00000000e1990000, 0x00000000e1990000, 0x00000000e1aa0000)
 concurrent mark-sweep generation total 121500K, used 71854K [0x00000000eb4a0000, 0x00000000f2b47000, 0x0000000100000000)
 Metaspace       used 89115K, capacity 93638K, committed 93824K, reserved 1132544K
  class space    used 10745K, capacity 11551K, committed 11648K, reserved 1048576K
2019-06-25T10:59:22.937+0000: 355501.950: [GC (Allocation Failure) 2019-06-25T10:59:22.938+0000: 355501.950: [ParNew: 9693K->875K(9792K), 0.0042174 secs] 81548K->73105K(131292K), 0.0051071 secs] [Times: user=0.01 sys=0.00, real=0.01 secs] 
Heap after GC invocations=2327 (full 180):
 par new generation   total 9792K, used 875K [0x00000000e1000000, 0x00000000e1aa0000, 0x00000000eb4a0000)
  eden space 8704K,   0% used [0x00000000e1000000, 0x00000000e1000000, 0x00000000e1880000)
  from space 1088K,  80% used [0x00000000e1990000, 0x00000000e1a6ac98, 0x00000000e1aa0000)
  to   space 1088K,   0% used [0x00000000e1880000, 0x00000000e1880000, 0x00000000e1990000)
 concurrent mark-sweep generation total 121500K, used 72230K [0x00000000eb4a0000, 0x00000000f2b47000, 0x0000000100000000)
 Metaspace       used 89115K, capacity 93638K, committed 93824K, reserved 1132544K
  class space    used 10745K, capacity 11551K, committed 11648K, reserved 1048576K
}
2019-06-25T11:00:45.487+0000: 355584.499: Application time: 82.5434293 seconds
2019-06-25T11:00:45.514+0000: 355584.526: Application time: 0.0268622 seconds
2019-06-25T11:00:48.919+0000: 355587.932: Application time: 3.4052850 seconds
2019-06-25T11:00:48.920+0000: 355587.932: Application time: 0.0000888 seconds
2019-06-25T11:00:48.921+0000: 355587.933: Application time: 0.0003017 seconds
2019-06-25T11:00:48.921+0000: 355587.933: Application time: 0.0001424 seconds
2019-06-25T11:00:57.352+0000: 355596.364: Application time: 8.4309965 seconds
2019-06-25T11:00:57.352+0000: 355596.365: Application time: 0.0000729 seconds
2019-06-25T11:00:57.352+0000: 355596.365: Application time: 0.0000644 seconds
2019-06-25T11:00:57.353+0000: 355596.365: Application time: 0.0000563 seconds
2019-06-25T11:00:57.353+0000: 355596.365: Application time: 0.0000564 seconds
2019-06-25T11:00:57.353+0000: 355596.365: Application time: 0.0000875 seconds
2019-06-25T11:00:57.354+0000: 355596.367: Application time: 0.0013381 seconds
2019-06-25T11:03:32.083+0000: 355751.096: Application time: 154.7285910 seconds
{Heap before GC invocations=2327 (full 180):
 par new generation   total 9792K, used 9579K [0x00000000e1000000, 0x00000000e1aa0000, 0x00000000eb4a0000)
  eden space 8704K, 100% used [0x00000000e1000000, 0x00000000e1880000, 0x00000000e1880000)
  from space 1088K,  80% used [0x00000000e1990000, 0x00000000e1a6ac98, 0x00000000e1aa0000)
  to   space 1088K,   0% used [0x00000000e1880000, 0x00000000e1880000, 0x00000000e1990000)
 concurrent mark-sweep generation total 121500K, used 72230K [0x00000000eb4a0000, 0x00000000f2b47000, 0x0000000100000000)
 Metaspace       used 89115K, capacity 93638K, committed 93824K, reserved 1132544K
  class space    used 10745K, capacity 11551K, committed 11648K, reserved 1048576K
2019-06-25T11:03:32.084+0000: 355751.096: [GC (Allocation Failure) 2019-06-25T11:03:32.084+0000: 355751.097: [ParNew: 9579K->869K(9792K), 0.0856875 secs] 81809K->73692K(131292K), 0.0865307 secs] [Times: user=0.16 sys=0.00, real=0.09 secs] 
Heap after GC invocations=2328 (full 180):
 par new generation   total 9792K, used 869K [0x00000000e1000000, 0x00000000e1aa0000, 0x00000000eb4a0000)
  eden space 8704K,   0% used [0x00000000e1000000, 0x00000000e1000000, 0x00000000e1880000)
  from space 1088K,  79% used [0x00000000e1880000, 0x00000000e19595f8, 0x00000000e1990000)
  to   space 1088K,   0% used [0x00000000e1990000, 0x00000000e1990000, 0x00000000e1aa0000)
 concurrent mark-sweep generation total 121500K, used 72822K [0x00000000eb4a0000, 0x00000000f2b47000, 0x0000000100000000)
 Metaspace       used 89115K, capacity 93638K, committed 93824K, reserved 1132544K
  class space    used 10745K, capacity 11551K, committed 11648K, reserved 1048576K
}
2019-06-25T11:03:37.080+0000: 355756.092: Application time: 4.9087382 seconds
2019-06-25T11:03:37.193+0000: 355756.205: Application time: 0.1128492 seconds
2019-06-25T11:03:39.016+0000: 355758.029: Application time: 1.8228868 seconds
2019-06-25T11:03:39.017+0000: 355758.029: Application time: 0.0000724 seconds
2019-06-25T11:03:39.017+0000: 355758.030: Application time: 0.0006252 seconds
2019-06-25T11:03:39.018+0000: 355758.030: Application time: 0.0001640 seconds
2019-06-25T11:03:49.024+0000: 355768.036: Application time: 10.0058229 seconds
2019-06-25T11:03:49.024+0000: 355768.036: Application time: 0.0000675 seconds
2019-06-25T11:03:49.024+0000: 355768.036: Application time: 0.0002076 seconds
2019-06-25T11:03:49.024+0000: 355768.037: Application time: 0.0000678 seconds
2019-06-25T11:03:49.025+0000: 355768.037: Application time: 0.0000595 seconds
2019-06-25T11:03:49.025+0000: 355768.037: Application time: 0.0000635 seconds
2019-06-25T11:03:49.027+0000: 355768.039: Application time: 0.0017701 seconds
2019-06-25T11:03:57.361+0000: 355776.373: Application time: 8.3335352 seconds
2019-06-25T11:03:57.362+0000: 355776.374: Application time: 0.0007954 seconds
2019-06-25T11:03:57.362+0000: 355776.375: Application time: 0.0003346 seconds
2019-06-25T11:03:57.362+0000: 355776.375: Application time: 0.0001578 seconds
2019-06-25T11:03:58.912+0000: 355777.925: Application time: 1.5502519 seconds
2019-06-25T11:03:58.913+0000: 355777.925: Application time: 0.0000704 seconds
2019-06-25T11:03:58.913+0000: 355777.926: Application time: 0.0000601 seconds
2019-06-25T11:03:58.913+0000: 355777.926: Application time: 0.0000630 seconds
2019-06-25T11:03:58.914+0000: 355777.926: Application time: 0.0000646 seconds
2019-06-25T11:03:58.914+0000: 355777.926: Application time: 0.0000518 seconds
2019-06-25T11:03:58.914+0000: 355777.926: Application time: 0.0000560 seconds
2019-06-25T11:03:58.916+0000: 355777.928: Application time: 0.0014859 seconds
2019-06-25T11:04:01.479+0000: 355780.491: Application time: 2.5633814 seconds
2019-06-25T11:04:01.503+0000: 355780.515: Application time: 0.0237059 seconds
2019-06-25T11:06:19.107+0000: 355918.119: Application time: 137.6033813 seconds
2019-06-25T11:08:29.181+0000: 356048.193: Application time: 130.0742789 seconds
{Heap before GC invocations=2328 (full 180):
 par new generation   total 9792K, used 9573K [0x00000000e1000000, 0x00000000e1aa0000, 0x00000000eb4a0000)
  eden space 8704K, 100% used [0x00000000e1000000, 0x00000000e1880000, 0x00000000e1880000)
  from space 1088K,  79% used [0x00000000e1880000, 0x00000000e19595f8, 0x00000000e1990000)
  to   space 1088K,   0% used [0x00000000e1990000, 0x00000000e1990000, 0x00000000e1aa0000)
 concurrent mark-sweep generation total 121500K, used 72822K [0x00000000eb4a0000, 0x00000000f2b47000, 0x0000000100000000)
 Metaspace       used 89120K, capacity 93638K, committed 93824K, reserved 1132544K
  class space    used 10745K, capacity 11551K, committed 11648K, reserved 1048576K
2019-06-25T11:08:29.182+0000: 356048.194: [GC (Allocation Failure) 2019-06-25T11:08:29.182+0000: 356048.195: [ParNew: 9573K->655K(9792K), 0.0039858 secs] 82396K->73823K(131292K), 0.0048280 secs] [Times: user=0.00 sys=0.01, real=0.00 secs] 
Heap after GC invocations=2329 (full 180):
 par new generation   total 9792K, used 655K [0x00000000e1000000, 0x00000000e1aa0000, 0x00000000eb4a0000)
  eden space 8704K,   0% used [0x00000000e1000000, 0x00000000e1000000, 0x00000000e1880000)
  from space 1088K,  60% used [0x00000000e1990000, 0x00000000e1a33e10, 0x00000000e1aa0000)
  to   space 1088K,   0% used [0x00000000e1880000, 0x00000000e1880000, 0x00000000e1990000)
 concurrent mark-sweep generation total 121500K, used 73167K [0x00000000eb4a0000, 0x00000000f2b47000, 0x0000000100000000)
 Metaspace       used 89120K, capacity 93638K, committed 93824K, reserved 1132544K
  class space    used 10745K, capacity 11551K, committed 11648K, reserved 1048576K
}
2019-06-25T11:08:29.188+0000: 356048.200: Application time: 0.0003616 seconds
2019-06-25T11:08:29.189+0000: 356048.201: [GC (CMS Initial Mark) [1 CMS-initial-mark: 73167K(121500K)] 73845K(131292K), 0.0035144 secs] [Times: user=0.00 sys=0.01, real=0.00 secs] 
2019-06-25T11:08:29.193+0000: 356048.206: [CMS-concurrent-mark-start]
2019-06-25T11:08:29.316+0000: 356048.328: [CMS-concurrent-mark: 0.122/0.122 secs] [Times: user=0.11 sys=0.01, real=0.12 secs] 
2019-06-25T11:08:29.316+0000: 356048.328: [CMS-concurrent-preclean-start]
2019-06-25T11:08:29.318+0000: 356048.330: [CMS-concurrent-preclean: 0.002/0.002 secs] [Times: user=0.00 sys=0.00, real=0.00 secs] 
2019-06-25T11:08:29.318+0000: 356048.331: Application time: 0.1250801 seconds
2019-06-25T11:08:29.318+0000: 356048.331: [GC (CMS Final Remark) [YG occupancy: 735 K (9792 K)]2019-06-25T11:08:29.319+0000: 356048.331: [Rescan (parallel) , 0.0028830 secs]2019-06-25T11:08:29.322+0000: 356048.334: [weak refs processing, 0.0025854 secs]2019-06-25T11:08:29.325+0000: 356048.337: [class unloading, 0.0312078 secs]2019-06-25T11:08:29.357+0000: 356048.369: [scrub symbol table, 0.0236896 secs]2019-06-25T11:08:29.381+0000: 356048.393: [scrub string table, 0.0016097 secs][1 CMS-remark: 73167K(121500K)] 73903K(131292K), 0.0782910 secs] [Times: user=0.08 sys=0.00, real=0.07 secs] 
2019-06-25T11:08:29.398+0000: 356048.410: [CMS-concurrent-sweep-start]
2019-06-25T11:08:29.428+0000: 356048.441: [CMS-concurrent-sweep: 0.031/0.031 secs] [Times: user=0.03 sys=0.00, real=0.04 secs] 
2019-06-25T11:08:29.429+0000: 356048.441: [CMS-concurrent-reset-start]
2019-06-25T11:08:29.429+0000: 356048.442: [CMS-concurrent-reset: 0.000/0.000 secs] [Times: user=0.00 sys=0.00, real=0.00 secs] 
2019-06-25T11:08:30.398+0000: 356049.410: Application time: 1.0002205 seconds
2019-06-25T11:08:39.399+0000: 356058.411: Application time: 9.0011500 seconds
2019-06-25T11:08:53.401+0000: 356072.414: Application time: 14.0018702 seconds
2019-06-25T11:08:57.402+0000: 356076.414: Application time: 4.0005263 seconds
2019-06-25T11:09:29.406+0000: 356108.418: Application time: 32.0040036 seconds
2019-06-25T11:09:57.410+0000: 356136.422: Application time: 28.0035006 seconds
2019-06-25T11:10:39.416+0000: 356178.429: Application time: 42.0063462 seconds
2019-06-25T11:11:23.169+0000: 356222.181: Application time: 43.7524626 seconds
2019-06-25T11:11:23.169+0000: 356222.181: Application time: 0.0000638 seconds
2019-06-25T11:11:23.169+0000: 356222.182: Application time: 0.0000589 seconds
2019-06-25T11:11:23.169+0000: 356222.182: Application time: 0.0000568 seconds
2019-06-25T11:11:23.170+0000: 356222.182: Application time: 0.0000939 seconds
2019-06-25T11:11:23.170+0000: 356222.182: Application time: 0.0000576 seconds
2019-06-25T11:11:23.170+0000: 356222.183: Application time: 0.0005100 seconds
2019-06-25T11:11:23.171+0000: 356222.183: Application time: 0.0000898 seconds
2019-06-25T11:11:23.171+0000: 356222.183: Application time: 0.0000296 seconds
2019-06-25T11:11:23.171+0000: 356222.183: Application time: 0.0000655 seconds
2019-06-25T11:11:24.171+0000: 356223.184: Application time: 1.0001776 seconds
2019-06-25T11:14:23.028+0000: 356402.040: Application time: 178.8566972 seconds
2019-06-25T11:15:29.448+0000: 356468.460: Application time: 66.4193687 seconds
{Heap before GC invocations=2329 (full 181):
 par new generation   total 9792K, used 9359K [0x00000000e1000000, 0x00000000e1aa0000, 0x00000000eb4a0000)
  eden space 8704K, 100% used [0x00000000e1000000, 0x00000000e1880000, 0x00000000e1880000)
  from space 1088K,  60% used [0x00000000e1990000, 0x00000000e1a33e10, 0x00000000e1aa0000)
  to   space 1088K,   0% used [0x00000000e1880000, 0x00000000e1880000, 0x00000000e1990000)
 concurrent mark-sweep generation total 121500K, used 69625K [0x00000000eb4a0000, 0x00000000f2b47000, 0x0000000100000000)
 Metaspace       used 89077K, capacity 93566K, committed 93824K, reserved 1132544K
  class space    used 10738K, capacity 11539K, committed 11648K, reserved 1048576K
2019-06-25T11:15:29.449+0000: 356468.461: [GC (Allocation Failure) 2019-06-25T11:15:29.449+0000: 356468.462: [ParNew: 9359K->968K(9792K), 0.0042048 secs] 78985K->70594K(131292K), 0.0056796 secs] [Times: user=0.01 sys=0.00, real=0.00 secs] 
Heap after GC invocations=2330 (full 181):
 par new generation   total 9792K, used 968K [0x00000000e1000000, 0x00000000e1aa0000, 0x00000000eb4a0000)
  eden space 8704K,   0% used [0x00000000e1000000, 0x00000000e1000000, 0x00000000e1880000)
  from space 1088K,  89% used [0x00000000e1880000, 0x00000000e1972248, 0x00000000e1990000)
  to   space 1088K,   0% used [0x00000000e1990000, 0x00000000e1990000, 0x00000000e1aa0000)
 concurrent mark-sweep generation total 121500K, used 69625K [0x00000000eb4a0000, 0x00000000f2b47000, 0x0000000100000000)
 Metaspace       used 89077K, capacity 93566K, committed 93824K, reserved 1132544K
  class space    used 10738K, capacity 11539K, committed 11648K, reserved 1048576K
}
2019-06-25T11:21:25.961+0000: 356824.973: Application time: 356.5056429 seconds
{Heap before GC invocations=2330 (full 181):
 par new generation   total 9792K, used 9672K [0x00000000e1000000, 0x00000000e1aa0000, 0x00000000eb4a0000)
  eden space 8704K, 100% used [0x00000000e1000000, 0x00000000e1880000, 0x00000000e1880000)
  from space 1088K,  89% used [0x00000000e1880000, 0x00000000e1972248, 0x00000000e1990000)
  to   space 1088K,   0% used [0x00000000e1990000, 0x00000000e1990000, 0x00000000e1aa0000)
 concurrent mark-sweep generation total 121500K, used 69625K [0x00000000eb4a0000, 0x00000000f2b47000, 0x0000000100000000)
 Metaspace       used 89077K, capacity 93566K, committed 93824K, reserved 1132544K
  class space    used 10738K, capacity 11539K, committed 11648K, reserved 1048576K
2019-06-25T11:21:25.962+0000: 356824.974: [GC (Allocation Failure) 2019-06-25T11:21:25.962+0000: 356824.974: [ParNew: 9672K->841K(9792K), 0.0117292 secs] 79298K->71104K(131292K), 0.0125107 secs] [Times: user=0.02 sys=0.00, real=0.01 secs] 
Heap after GC invocations=2331 (full 181):
 par new generation   total 9792K, used 841K [0x00000000e1000000, 0x00000000e1aa0000, 0x00000000eb4a0000)
  eden space 8704K,   0% used [0x00000000e1000000, 0x00000000e1000000, 0x00000000e1880000)
  from space 1088K,  77% used [0x00000000e1990000, 0x00000000e1a626f8, 0x00000000e1aa0000)
  to   space 1088K,   0% used [0x00000000e1880000, 0x00000000e1880000, 0x00000000e1990000)
 concurrent mark-sweep generation total 121500K, used 70262K [0x00000000eb4a0000, 0x00000000f2b47000, 0x0000000100000000)
 Metaspace       used 89077K, capacity 93566K, committed 93824K, reserved 1132544K
  class space    used 10738K, capacity 11539K, committed 11648K, reserved 1048576K
}
2019-06-25T11:21:26.975+0000: 356825.988: Application time: 1.0003180 seconds
2019-06-25T11:21:29.026+0000: 356828.038: Application time: 2.0501409 seconds
2019-06-25T11:21:29.026+0000: 356828.038: Application time: 0.0001697 seconds
2019-06-25T11:21:29.026+0000: 356828.039: Application time: 0.0001470 seconds
2019-06-25T11:21:29.655+0000: 356828.667: Application time: 0.6283119 seconds
2019-06-25T11:21:29.655+0000: 356828.668: Application time: 0.0000865 seconds
2019-06-25T11:21:29.656+0000: 356828.668: Application time: 0.0000759 seconds
2019-06-25T11:21:29.656+0000: 356828.668: Application time: 0.0000812 seconds
2019-06-25T11:21:29.656+0000: 356828.669: Application time: 0.0000766 seconds
2019-06-25T11:21:29.656+0000: 356828.669: Application time: 0.0000738 seconds
2019-06-25T11:21:29.657+0000: 356828.669: Application time: 0.0000746 seconds
2019-06-25T11:21:29.657+0000: 356828.669: Application time: 0.0000809 seconds
2019-06-25T11:21:29.657+0000: 356828.670: Application time: 0.0001835 seconds
2019-06-25T11:21:29.658+0000: 356828.670: Application time: 0.0002211 seconds
2019-06-25T11:21:29.659+0000: 356828.672: Application time: 0.0015205 seconds
2019-06-25T11:21:30.957+0000: 356829.970: Application time: 1.2977415 seconds
2019-06-25T11:21:30.998+0000: 356830.010: Application time: 0.0399646 seconds
2019-06-25T11:22:41.008+0000: 356900.021: Application time: 70.0123445 seconds
2019-06-25T11:22:50.011+0000: 356909.024: Application time: 9.0010440 seconds
2019-06-25T11:22:59.707+0000: 356918.719: Application time: 9.6956694 seconds
2019-06-25T11:25:11.726+0000: 357050.738: Application time: 132.0182388 seconds
2019-06-25T11:25:15.847+0000: 357054.860: Application time: 4.1216354 seconds
2019-06-25T11:25:15.874+0000: 357054.886: Application time: 0.0261700 seconds
2019-06-25T11:25:29.052+0000: 357068.064: Application time: 13.1781751 seconds
2019-06-25T11:25:29.053+0000: 357068.065: Application time: 0.0000836 seconds
2019-06-25T11:25:29.053+0000: 357068.065: Application time: 0.0000741 seconds
2019-06-25T11:25:29.053+0000: 357068.065: Application time: 0.0000782 seconds
2019-06-25T11:25:29.053+0000: 357068.065: Application time: 0.0000735 seconds
2019-06-25T11:25:29.053+0000: 357068.066: Application time: 0.0000719 seconds
2019-06-25T11:25:29.054+0000: 357068.066: Application time: 0.0000755 seconds
2019-06-25T11:25:29.054+0000: 357068.066: Application time: 0.0000784 seconds
2019-06-25T11:25:29.055+0000: 357068.067: Application time: 0.0001867 seconds
2019-06-25T11:25:29.055+0000: 357068.067: Application time: 0.0000849 seconds
2019-06-25T11:25:29.057+0000: 357068.069: Application time: 0.0015008 seconds
2019-06-25T11:25:37.603+0000: 357076.615: Application time: 8.5460424 seconds
{Heap before GC invocations=2331 (full 181):
 par new generation   total 9792K, used 9545K [0x00000000e1000000, 0x00000000e1aa0000, 0x00000000eb4a0000)
  eden space 8704K,  99% used [0x00000000e1000000, 0x00000000e187fd60, 0x00000000e1880000)
  from space 1088K,  77% used [0x00000000e1990000, 0x00000000e1a626f8, 0x00000000e1aa0000)
  to   space 1088K,   0% used [0x00000000e1880000, 0x00000000e1880000, 0x00000000e1990000)
 concurrent mark-sweep generation total 121500K, used 70262K [0x00000000eb4a0000, 0x00000000f2b47000, 0x0000000100000000)
 Metaspace       used 89092K, capacity 93578K, committed 93824K, reserved 1132544K
  class space    used 10739K, capacity 11541K, committed 11648K, reserved 1048576K
2019-06-25T11:25:37.604+0000: 357076.616: [GC (Allocation Failure) 2019-06-25T11:25:37.604+0000: 357076.616: [ParNew: 9545K->956K(9792K), 0.0033112 secs] 79807K->71218K(131292K), 0.0040401 secs] [Times: user=0.00 sys=0.01, real=0.00 secs] 
Heap after GC invocations=2332 (full 181):
 par new generation   total 9792K, used 956K [0x00000000e1000000, 0x00000000e1aa0000, 0x00000000eb4a0000)
  eden space 8704K,   0% used [0x00000000e1000000, 0x00000000e1000000, 0x00000000e1880000)
  from space 1088K,  87% used [0x00000000e1880000, 0x00000000e196f240, 0x00000000e1990000)
  to   space 1088K,   0% used [0x00000000e1990000, 0x00000000e1990000, 0x00000000e1aa0000)
 concurrent mark-sweep generation total 121500K, used 70262K [0x00000000eb4a0000, 0x00000000f2b47000, 0x0000000100000000)
 Metaspace       used 89092K, capacity 93578K, committed 93824K, reserved 1132544K
  class space    used 10739K, capacity 11541K, committed 11648K, reserved 1048576K
}
2019-06-25T11:25:39.806+0000: 357078.818: Application time: 2.1975059 seconds
2019-06-25T11:25:42.601+0000: 357081.613: Application time: 2.7949173 seconds
2019-06-25T11:25:42.633+0000: 357081.646: Application time: 0.0319283 seconds
2019-06-25T11:25:49.812+0000: 357088.824: Application time: 7.1786720 seconds
2019-06-25T11:25:49.812+0000: 357088.825: Application time: 0.0006612 seconds
2019-06-25T11:25:49.813+0000: 357088.826: Application time: 0.0000670 seconds
2019-06-25T11:25:49.813+0000: 357088.826: Application time: 0.0000646 seconds
2019-06-25T11:25:49.814+0000: 357088.826: Application time: 0.0000597 seconds
2019-06-25T11:25:49.814+0000: 357088.826: Application time: 0.0000575 seconds
2019-06-25T11:25:49.814+0000: 357088.826: Application time: 0.0000636 seconds
2019-06-25T11:25:49.814+0000: 357088.827: Application time: 0.0001440 seconds
2019-06-25T11:25:49.814+0000: 357088.827: Application time: 0.0001082 seconds
2019-06-25T11:25:49.816+0000: 357088.828: Application time: 0.0009968 seconds
2019-06-25T11:26:09.826+0000: 357108.838: Application time: 20.0098050 seconds
2019-06-25T11:26:09.826+0000: 357108.838: Application time: 0.0000718 seconds
2019-06-25T11:26:11.522+0000: 357110.534: Application time: 1.6959842 seconds
2019-06-25T11:26:11.547+0000: 357110.559: Application time: 0.0243767 seconds
2019-06-25T11:26:19.832+0000: 357118.844: Application time: 8.2853834 seconds
2019-06-25T11:26:19.833+0000: 357118.845: Application time: 0.0000704 seconds
2019-06-25T11:26:19.833+0000: 357118.845: Application time: 0.0000651 seconds
2019-06-25T11:26:19.833+0000: 357118.845: Application time: 0.0000604 seconds
2019-06-25T11:26:19.833+0000: 357118.846: Application time: 0.0000739 seconds
2019-06-25T11:26:19.833+0000: 357118.846: Application time: 0.0001039 seconds
2019-06-25T11:26:19.834+0000: 357118.846: Application time: 0.0001783 seconds
2019-06-25T11:26:19.834+0000: 357118.846: Application time: 0.0001860 seconds
2019-06-25T11:26:19.835+0000: 357118.848: Application time: 0.0011318 seconds
2019-06-25T11:27:49.896+0000: 357208.909: Application time: 90.0607288 seconds
2019-06-25T11:27:49.897+0000: 357208.909: Application time: 0.0000684 seconds
2019-06-25T11:27:51.558+0000: 357210.570: Application time: 1.6611469 seconds
2019-06-25T11:27:51.582+0000: 357210.594: Application time: 0.0238232 seconds
2019-06-25T11:27:56.701+0000: 357215.713: Application time: 5.1187309 seconds
2019-06-25T11:27:56.701+0000: 357215.714: Application time: 0.0000434 seconds
2019-06-25T11:27:56.702+0000: 357215.714: Application time: 0.0001658 seconds
2019-06-25T11:27:56.713+0000: 357215.725: Application time: 0.0002636 seconds
2019-06-25T11:27:56.713+0000: 357215.726: Application time: 0.0002506 seconds
2019-06-25T11:27:56.715+0000: 357215.727: Application time: 0.0017473 seconds
{Heap before GC invocations=2332 (full 181):
 par new generation   total 9792K, used 9660K [0x00000000e1000000, 0x00000000e1aa0000, 0x00000000eb4a0000)
  eden space 8704K,  99% used [0x00000000e1000000, 0x00000000e187fdf8, 0x00000000e1880000)
  from space 1088K,  87% used [0x00000000e1880000, 0x00000000e196f240, 0x00000000e1990000)
  to   space 1088K,   0% used [0x00000000e1990000, 0x00000000e1990000, 0x00000000e1aa0000)
 concurrent mark-sweep generation total 121500K, used 70262K [0x00000000eb4a0000, 0x00000000f2b47000, 0x0000000100000000)
 Metaspace       used 89095K, capacity 93584K, committed 93824K, reserved 1132544K
  class space    used 10740K, capacity 11542K, committed 11648K, reserved 1048576K
2019-06-25T11:27:56.716+0000: 357215.728: [GC (Allocation Failure) 2019-06-25T11:27:56.716+0000: 357215.728: [ParNew: 9660K->815K(9792K), 0.0044965 secs] 79922K->71403K(131292K), 0.0052895 secs] [Times: user=0.01 sys=0.00, real=0.01 secs] 
Heap after GC invocations=2333 (full 181):
 par new generation   total 9792K, used 815K [0x00000000e1000000, 0x00000000e1aa0000, 0x00000000eb4a0000)
  eden space 8704K,   0% used [0x00000000e1000000, 0x00000000e1000000, 0x00000000e1880000)
  from space 1088K,  74% used [0x00000000e1990000, 0x00000000e1a5bca8, 0x00000000e1aa0000)
  to   space 1088K,   0% used [0x00000000e1880000, 0x00000000e1880000, 0x00000000e1990000)
 concurrent mark-sweep generation total 121500K, used 70588K [0x00000000eb4a0000, 0x00000000f2b47000, 0x0000000100000000)
 Metaspace       used 89095K, capacity 93584K, committed 93824K, reserved 1132544K
  class space    used 10740K, capacity 11542K, committed 11648K, reserved 1048576K
}
2019-06-25T11:27:57.427+0000: 357216.439: Application time: 0.7047915 seconds
2019-06-25T11:27:57.427+0000: 357216.439: Application time: 0.0001579 seconds
2019-06-25T11:27:59.073+0000: 357218.086: Application time: 1.6461309 seconds
2019-06-25T11:27:59.074+0000: 357218.086: Application time: 0.0000686 seconds
2019-06-25T11:27:59.074+0000: 357218.087: Application time: 0.0005064 seconds
2019-06-25T11:27:59.074+0000: 357218.087: Application time: 0.0000685 seconds
2019-06-25T11:27:59.075+0000: 357218.087: Application time: 0.0000746 seconds
2019-06-25T11:27:59.075+0000: 357218.087: Application time: 0.0000622 seconds
2019-06-25T11:27:59.075+0000: 357218.087: Application time: 0.0001388 seconds
2019-06-25T11:27:59.075+0000: 357218.088: Application time: 0.0000620 seconds
2019-06-25T11:27:59.076+0000: 357218.089: Application time: 0.0011618 seconds
2019-06-25T11:28:01.714+0000: 357220.727: Application time: 2.6378202 seconds
2019-06-25T11:28:01.747+0000: 357220.760: Application time: 0.0327393 seconds
2019-06-25T11:28:39.939+0000: 357258.952: Application time: 38.1916386 seconds
2019-06-25T11:28:39.940+0000: 357258.952: Application time: 0.0000419 seconds
2019-06-25T11:28:39.940+0000: 357258.952: Application time: 0.0000642 seconds
2019-06-25T11:28:39.940+0000: 357258.952: Application time: 0.0000584 seconds
2019-06-25T11:28:39.940+0000: 357258.952: Application time: 0.0004741 seconds
2019-06-25T11:28:39.941+0000: 357258.953: Application time: 0.0000727 seconds
2019-06-25T11:28:44.368+0000: 357263.380: Application time: 4.4272423 seconds
2019-06-25T11:28:44.393+0000: 357263.405: Application time: 0.0242551 seconds
2019-06-25T11:28:49.947+0000: 357268.959: Application time: 5.5538740 seconds
2019-06-25T11:28:49.947+0000: 357268.959: Application time: 0.0000986 seconds
2019-06-25T11:28:49.947+0000: 357268.960: Application time: 0.0001439 seconds
2019-06-25T11:28:49.948+0000: 357268.960: Application time: 0.0001086 seconds
2019-06-25T11:28:49.949+0000: 357268.961: Application time: 0.0010824 seconds
2019-06-25T11:30:39.379+0000: 357378.392: Application time: 109.4303493 seconds
{Heap before GC invocations=2333 (full 181):
 par new generation   total 9792K, used 9519K [0x00000000e1000000, 0x00000000e1aa0000, 0x00000000eb4a0000)
  eden space 8704K, 100% used [0x00000000e1000000, 0x00000000e1880000, 0x00000000e1880000)
  from space 1088K,  74% used [0x00000000e1990000, 0x00000000e1a5bca8, 0x00000000e1aa0000)
  to   space 1088K,   0% used [0x00000000e1880000, 0x00000000e1880000, 0x00000000e1990000)
 concurrent mark-sweep generation total 121500K, used 70588K [0x00000000eb4a0000, 0x00000000f2b47000, 0x0000000100000000)
 Metaspace       used 89099K, capacity 93590K, committed 93824K, reserved 1132544K
  class space    used 10740K, capacity 11543K, committed 11648K, reserved 1048576K
2019-06-25T11:30:39.380+0000: 357378.392: [GC (Allocation Failure) 2019-06-25T11:30:39.380+0000: 357378.393: [ParNew: 9519K->981K(9792K), 0.0072260 secs] 80107K->71855K(131292K), 0.0081404 secs] [Times: user=0.01 sys=0.00, real=0.01 secs] 
Heap after GC invocations=2334 (full 181):
 par new generation   total 9792K, used 981K [0x00000000e1000000, 0x00000000e1aa0000, 0x00000000eb4a0000)
  eden space 8704K,   0% used [0x00000000e1000000, 0x00000000e1000000, 0x00000000e1880000)
  from space 1088K,  90% used [0x00000000e1880000, 0x00000000e1975430, 0x00000000e1990000)
  to   space 1088K,   0% used [0x00000000e1990000, 0x00000000e1990000, 0x00000000e1aa0000)
 concurrent mark-sweep generation total 121500K, used 70874K [0x00000000eb4a0000, 0x00000000f2b47000, 0x0000000100000000)
 Metaspace       used 89099K, capacity 93590K, committed 93824K, reserved 1132544K
  class space    used 10740K, capacity 11543K, committed 11648K, reserved 1048576K
}
2019-06-25T11:30:40.011+0000: 357379.023: Application time: 0.6223100 seconds
2019-06-25T11:30:40.011+0000: 357379.024: Application time: 0.0000659 seconds
2019-06-25T11:30:40.012+0000: 357379.024: Application time: 0.0000615 seconds
2019-06-25T11:30:40.012+0000: 357379.024: Application time: 0.0000563 seconds
2019-06-25T11:30:40.012+0000: 357379.025: Application time: 0.0004696 seconds
2019-06-25T11:30:40.013+0000: 357379.025: Application time: 0.0001140 seconds
2019-06-25T11:30:44.376+0000: 357383.388: Application time: 4.3629688 seconds
2019-06-25T11:30:44.410+0000: 357383.423: Application time: 0.0346558 seconds
2019-06-25T11:30:50.018+0000: 357389.031: Application time: 5.6077168 seconds
2019-06-25T11:30:50.019+0000: 357389.031: Application time: 0.0000736 seconds
2019-06-25T11:30:50.019+0000: 357389.031: Application time: 0.0001417 seconds
2019-06-25T11:30:50.019+0000: 357389.032: Application time: 0.0001252 seconds
2019-06-25T11:30:50.021+0000: 357389.033: Application time: 0.0012035 seconds
2019-06-25T11:32:50.037+0000: 357509.050: Application time: 120.0166313 seconds
2019-06-25T11:32:50.086+0000: 357509.099: Application time: 0.0489227 seconds
2019-06-25T11:32:50.087+0000: 357509.099: Application time: 0.0000685 seconds
2019-06-25T11:32:50.087+0000: 357509.099: Application time: 0.0000634 seconds
2019-06-25T11:32:50.087+0000: 357509.099: Application time: 0.0005438 seconds
2019-06-25T11:32:50.088+0000: 357509.100: Application time: 0.0000723 seconds
2019-06-25T11:32:50.088+0000: 357509.100: Application time: 0.0000642 seconds
2019-06-25T11:32:54.274+0000: 357513.286: Application time: 4.1859073 seconds
2019-06-25T11:32:54.299+0000: 357513.311: Application time: 0.0244511 seconds
2019-06-25T11:32:57.440+0000: 357516.452: Application time: 3.1408491 seconds
2019-06-25T11:32:57.440+0000: 357516.452: Application time: 0.0001503 seconds
2019-06-25T11:32:57.441+0000: 357516.453: Application time: 0.0002883 seconds
2019-06-25T11:32:57.441+0000: 357516.453: Application time: 0.0001505 seconds
2019-06-25T11:32:57.442+0000: 357516.454: Application time: 0.0010811 seconds
2019-06-25T11:33:29.111+0000: 357548.124: Application time: 31.6691057 seconds
2019-06-25T11:33:29.112+0000: 357548.124: Application time: 0.0000679 seconds
2019-06-25T11:33:29.112+0000: 357548.124: Application time: 0.0000580 seconds
2019-06-25T11:33:29.112+0000: 357548.124: Application time: 0.0000646 seconds
2019-06-25T11:33:29.113+0000: 357548.125: Application time: 0.0000619 seconds
2019-06-25T11:33:29.113+0000: 357548.125: Application time: 0.0000585 seconds
2019-06-25T11:33:29.113+0000: 357548.125: Application time: 0.0001349 seconds
2019-06-25T11:33:30.141+0000: 357549.154: Application time: 1.0284028 seconds
2019-06-25T11:33:30.142+0000: 357549.154: Application time: 0.0001616 seconds
2019-06-25T11:33:30.142+0000: 357549.154: Application time: 0.0001775 seconds
2019-06-25T11:33:30.143+0000: 357549.156: Application time: 0.0011409 seconds
2019-06-25T11:33:31.624+0000: 357550.637: Application time: 1.4806072 seconds
2019-06-25T11:33:31.665+0000: 357550.678: Application time: 0.0408464 seconds
2019-06-25T11:34:00.159+0000: 357579.171: Application time: 28.4932724 seconds
{Heap before GC invocations=2334 (full 181):
 par new generation   total 9792K, used 9685K [0x00000000e1000000, 0x00000000e1aa0000, 0x00000000eb4a0000)
  eden space 8704K, 100% used [0x00000000e1000000, 0x00000000e1880000, 0x00000000e1880000)
  from space 1088K,  90% used [0x00000000e1880000, 0x00000000e1975430, 0x00000000e1990000)
  to   space 1088K,   0% used [0x00000000e1990000, 0x00000000e1990000, 0x00000000e1aa0000)
 concurrent mark-sweep generation total 121500K, used 70874K [0x00000000eb4a0000, 0x00000000f2b47000, 0x0000000100000000)
 Metaspace       used 89118K, capacity 93620K, committed 93824K, reserved 1132544K
  class space    used 10743K, capacity 11548K, committed 11648K, reserved 1048576K
2019-06-25T11:34:00.160+0000: 357579.172: [GC (Allocation Failure) 2019-06-25T11:34:00.160+0000: 357579.172: [ParNew: 9685K->1088K(9792K), 0.0037908 secs] 80559K->72306K(131292K), 0.0048108 secs] [Times: user=0.00 sys=0.00, real=0.00 secs] 
Heap after GC invocations=2335 (full 181):
 par new generation   total 9792K, used 1088K [0x00000000e1000000, 0x00000000e1aa0000, 0x00000000eb4a0000)
  eden space 8704K,   0% used [0x00000000e1000000, 0x00000000e1000000, 0x00000000e1880000)
  from space 1088K, 100% used [0x00000000e1990000, 0x00000000e1aa0000, 0x00000000e1aa0000)
  to   space 1088K,   0% used [0x00000000e1880000, 0x00000000e1880000, 0x00000000e1990000)
 concurrent mark-sweep generation total 121500K, used 71218K [0x00000000eb4a0000, 0x00000000f2b47000, 0x0000000100000000)
 Metaspace       used 89118K, capacity 93620K, committed 93824K, reserved 1132544K
  class space    used 10743K, capacity 11548K, committed 11648K, reserved 1048576K
}
2019-06-25T11:39:23.160+0000: 357902.172: Application time: 322.9946039 seconds
2019-06-25T11:39:31.161+0000: 357910.174: Application time: 8.0010405 seconds
2019-06-25T11:39:40.354+0000: 357919.366: Application time: 9.1925828 seconds
2019-06-25T11:41:20.409+0000: 358019.421: Application time: 100.0547404 seconds
{Heap before GC invocations=2335 (full 181):
 par new generation   total 9792K, used 9792K [0x00000000e1000000, 0x00000000e1aa0000, 0x00000000eb4a0000)
  eden space 8704K, 100% used [0x00000000e1000000, 0x00000000e1880000, 0x00000000e1880000)
  from space 1088K, 100% used [0x00000000e1990000, 0x00000000e1aa0000, 0x00000000e1aa0000)
  to   space 1088K,   0% used [0x00000000e1880000, 0x00000000e1880000, 0x00000000e1990000)
 concurrent mark-sweep generation total 121500K, used 71218K [0x00000000eb4a0000, 0x00000000f2b47000, 0x0000000100000000)
 Metaspace       used 89120K, capacity 93620K, committed 93824K, reserved 1132544K
  class space    used 10743K, capacity 11548K, committed 11648K, reserved 1048576K
2019-06-25T11:41:20.410+0000: 358019.422: [GC (Allocation Failure) 2019-06-25T11:41:20.410+0000: 358019.423: [ParNew: 9792K->638K(9792K), 0.0035246 secs] 81010K->72149K(131292K), 0.0042913 secs] [Times: user=0.00 sys=0.01, real=0.00 secs] 
Heap after GC invocations=2336 (full 181):
 par new generation   total 9792K, used 638K [0x00000000e1000000, 0x00000000e1aa0000, 0x00000000eb4a0000)
  eden space 8704K,   0% used [0x00000000e1000000, 0x00000000e1000000, 0x00000000e1880000)
  from space 1088K,  58% used [0x00000000e1880000, 0x00000000e191fb00, 0x00000000e1990000)
  to   space 1088K,   0% used [0x00000000e1990000, 0x00000000e1990000, 0x00000000e1aa0000)
 concurrent mark-sweep generation total 121500K, used 71510K [0x00000000eb4a0000, 0x00000000f2b47000, 0x0000000100000000)
 Metaspace       used 89120K, capacity 93620K, committed 93824K, reserved 1132544K
  class space    used 10743K, capacity 11548K, committed 11648K, reserved 1048576K
}
2019-06-25T11:45:51.453+0000: 358290.465: Application time: 271.0379602 seconds
2019-06-25T11:48:25.027+0000: 358444.040: Application time: 153.5745598 seconds
{Heap before GC invocations=2336 (full 181):
 par new generation   total 9792K, used 9342K [0x00000000e1000000, 0x00000000e1aa0000, 0x00000000eb4a0000)
  eden space 8704K, 100% used [0x00000000e1000000, 0x00000000e1880000, 0x00000000e1880000)
  from space 1088K,  58% used [0x00000000e1880000, 0x00000000e191fb00, 0x00000000e1990000)
  to   space 1088K,   0% used [0x00000000e1990000, 0x00000000e1990000, 0x00000000e1aa0000)
 concurrent mark-sweep generation total 121500K, used 71510K [0x00000000eb4a0000, 0x00000000f2b47000, 0x0000000100000000)
 Metaspace       used 89120K, capacity 93620K, committed 93824K, reserved 1132544K
  class space    used 10743K, capacity 11548K, committed 11648K, reserved 1048576K
2019-06-25T11:48:25.028+0000: 358444.040: [GC (Allocation Failure) 2019-06-25T11:48:25.028+0000: 358444.041: [ParNew: 9342K->813K(9792K), 0.0030244 secs] 80853K->72324K(131292K), 0.0038706 secs] [Times: user=0.01 sys=0.00, real=0.01 secs] 
Heap after GC invocations=2337 (full 181):
 par new generation   total 9792K, used 813K [0x00000000e1000000, 0x00000000e1aa0000, 0x00000000eb4a0000)
  eden space 8704K,   0% used [0x00000000e1000000, 0x00000000e1000000, 0x00000000e1880000)
  from space 1088K,  74% used [0x00000000e1990000, 0x00000000e1a5b750, 0x00000000e1aa0000)
  to   space 1088K,   0% used [0x00000000e1880000, 0x00000000e1880000, 0x00000000e1990000)
 concurrent mark-sweep generation total 121500K, used 71510K [0x00000000eb4a0000, 0x00000000f2b47000, 0x0000000100000000)
 Metaspace       used 89120K, capacity 93620K, committed 93824K, reserved 1132544K
  class space    used 10743K, capacity 11548K, committed 11648K, reserved 1048576K
}
2019-06-25T11:51:00.740+0000: 358599.752: Application time: 155.7067350 seconds
2019-06-25T11:51:00.740+0000: 358599.752: Application time: 0.0000678 seconds
2019-06-25T11:51:00.740+0000: 358599.752: Application time: 0.0000598 seconds
2019-06-25T11:51:00.740+0000: 358599.752: Application time: 0.0000630 seconds
2019-06-25T11:51:00.741+0000: 358599.753: Application time: 0.0000624 seconds
2019-06-25T11:51:00.741+0000: 358599.753: Application time: 0.0000583 seconds
2019-06-25T11:51:00.741+0000: 358599.753: Application time: 0.0000571 seconds
2019-06-25T11:51:00.741+0000: 358599.754: Application time: 0.0000706 seconds
2019-06-25T11:51:00.742+0000: 358599.754: Application time: 0.0001314 seconds
2019-06-25T11:51:00.742+0000: 358599.754: Application time: 0.0001197 seconds
2019-06-25T11:51:05.597+0000: 358604.610: Application time: 4.8555557 seconds
2019-06-25T11:51:05.623+0000: 358604.635: Application time: 0.0249178 seconds
2019-06-25T11:51:10.749+0000: 358609.761: Application time: 5.1258109 seconds
2019-06-25T11:53:57.496+0000: 358776.508: Application time: 166.7470488 seconds
{Heap before GC invocations=2337 (full 181):
 par new generation   total 9792K, used 9517K [0x00000000e1000000, 0x00000000e1aa0000, 0x00000000eb4a0000)
  eden space 8704K, 100% used [0x00000000e1000000, 0x00000000e1880000, 0x00000000e1880000)
  from space 1088K,  74% used [0x00000000e1990000, 0x00000000e1a5b750, 0x00000000e1aa0000)
  to   space 1088K,   0% used [0x00000000e1880000, 0x00000000e1880000, 0x00000000e1990000)
 concurrent mark-sweep generation total 121500K, used 71510K [0x00000000eb4a0000, 0x00000000f2b47000, 0x0000000100000000)
 Metaspace       used 89120K, capacity 93620K, committed 93824K, reserved 1132544K
  class space    used 10743K, capacity 11548K, committed 11648K, reserved 1048576K
2019-06-25T11:53:57.497+0000: 358776.509: [GC (Allocation Failure) 2019-06-25T11:53:57.497+0000: 358776.509: [ParNew: 9517K->658K(9792K), 0.0032554 secs] 81028K->72402K(131292K), 0.0040081 secs] [Times: user=0.01 sys=0.00, real=0.01 secs] 
Heap after GC invocations=2338 (full 181):
 par new generation   total 9792K, used 658K [0x00000000e1000000, 0x00000000e1aa0000, 0x00000000eb4a0000)
  eden space 8704K,   0% used [0x00000000e1000000, 0x00000000e1000000, 0x00000000e1880000)
  from space 1088K,  60% used [0x00000000e1880000, 0x00000000e1924b40, 0x00000000e1990000)
  to   space 1088K,   0% used [0x00000000e1990000, 0x00000000e1990000, 0x00000000e1aa0000)
 concurrent mark-sweep generation total 121500K, used 71743K [0x00000000eb4a0000, 0x00000000f2b47000, 0x0000000100000000)
 Metaspace       used 89120K, capacity 93620K, committed 93824K, reserved 1132544K
  class space    used 10743K, capacity 11548K, committed 11648K, reserved 1048576K
}
2019-06-25T11:55:09.675+0000: 358848.687: Application time: 72.1734198 seconds
2019-06-25T11:55:09.700+0000: 358848.712: Application time: 0.0249587 seconds
2019-06-25T11:55:10.879+0000: 358849.892: Application time: 1.1790600 seconds
2019-06-25T11:55:10.880+0000: 358849.892: Application time: 0.0001494 seconds
2019-06-25T11:55:10.881+0000: 358849.893: Application time: 0.0001490 seconds
2019-06-25T11:55:10.882+0000: 358849.894: Application time: 0.0001472 seconds
2019-06-25T11:55:10.882+0000: 358849.895: Application time: 0.0001603 seconds
2019-06-25T11:55:10.883+0000: 358849.895: Application time: 0.0001304 seconds
2019-06-25T11:55:10.883+0000: 358849.896: Application time: 0.0001291 seconds
2019-06-25T11:55:10.884+0000: 358849.896: Application time: 0.0001365 seconds
2019-06-25T11:55:10.884+0000: 358849.897: Application time: 0.0002953 seconds
2019-06-25T11:55:10.885+0000: 358849.897: Application time: 0.0001179 seconds
2019-06-25T11:55:20.894+0000: 358859.906: Application time: 10.0088699 seconds
2019-06-25T11:55:20.895+0000: 358859.908: Application time: 0.0013097 seconds
2019-06-25T11:55:38.194+0000: 358877.206: Application time: 17.2986842 seconds
2019-06-25T11:55:38.218+0000: 358877.230: Application time: 0.0236406 seconds
2019-06-25T11:55:40.906+0000: 358879.918: Application time: 2.6878060 seconds
2019-06-25T11:55:40.906+0000: 358879.919: Application time: 0.0006268 seconds
2019-06-25T11:55:40.907+0000: 358879.920: Application time: 0.0001314 seconds
2019-06-25T11:55:40.907+0000: 358879.920: Application time: 0.0000696 seconds
2019-06-25T11:55:40.908+0000: 358879.920: Application time: 0.0000771 seconds
2019-06-25T11:55:40.908+0000: 358879.920: Application time: 0.0000852 seconds
2019-06-25T11:55:40.908+0000: 358879.921: Application time: 0.0000689 seconds
2019-06-25T11:55:40.909+0000: 358879.921: Application time: 0.0002049 seconds
2019-06-25T11:55:40.909+0000: 358879.921: Application time: 0.0001814 seconds
2019-06-25T11:55:50.915+0000: 358889.927: Application time: 10.0055498 seconds
2019-06-25T11:55:50.915+0000: 358889.927: Application time: 0.0000733 seconds
2019-06-25T11:55:50.916+0000: 358889.929: Application time: 0.0013410 seconds
2019-06-25T11:56:01.918+0000: 358900.931: Application time: 11.0016457 seconds
2019-06-25T11:56:02.919+0000: 358901.931: Application time: 1.0001969 seconds
2019-06-25T11:56:05.639+0000: 358904.651: Application time: 2.7206645 seconds
{Heap before GC invocations=2338 (full 181):
 par new generation   total 9792K, used 9354K [0x00000000e1000000, 0x00000000e1aa0000, 0x00000000eb4a0000)
  eden space 8704K,  99% used [0x00000000e1000000, 0x00000000e187deb8, 0x00000000e1880000)
  from space 1088K,  60% used [0x00000000e1880000, 0x00000000e1924b40, 0x00000000e1990000)
  to   space 1088K,   0% used [0x00000000e1990000, 0x00000000e1990000, 0x00000000e1aa0000)
 concurrent mark-sweep generation total 121500K, used 71743K [0x00000000eb4a0000, 0x00000000f2b47000, 0x0000000100000000)
 Metaspace       used 89120K, capacity 93620K, committed 93824K, reserved 1132544K
  class space    used 10743K, capacity 11548K, committed 11648K, reserved 1048576K
2019-06-25T11:56:05.640+0000: 358904.652: [GC (Allocation Failure) 2019-06-25T11:56:05.640+0000: 358904.652: [ParNew: 9354K->966K(9792K), 0.0039077 secs] 81098K->72709K(131292K), 0.0048833 secs] [Times: user=0.00 sys=0.00, real=0.00 secs] 
Heap after GC invocations=2339 (full 181):
 par new generation   total 9792K, used 966K [0x00000000e1000000, 0x00000000e1aa0000, 0x00000000eb4a0000)
  eden space 8704K,   0% used [0x00000000e1000000, 0x00000000e1000000, 0x00000000e1880000)
  from space 1088K,  88% used [0x00000000e1990000, 0x00000000e1a818e8, 0x00000000e1aa0000)
  to   space 1088K,   0% used [0x00000000e1880000, 0x00000000e1880000, 0x00000000e1990000)
 concurrent mark-sweep generation total 121500K, used 71743K [0x00000000eb4a0000, 0x00000000f2b47000, 0x0000000100000000)
 Metaspace       used 89120K, capacity 93620K, committed 93824K, reserved 1132544K
  class space    used 10743K, capacity 11548K, committed 11648K, reserved 1048576K
}
2019-06-25T11:56:10.636+0000: 358909.648: Application time: 4.9908692 seconds
2019-06-25T11:56:10.667+0000: 358909.679: Application time: 0.0305367 seconds
2019-06-25T11:56:10.925+0000: 358909.938: Application time: 0.2582134 seconds
2019-06-25T11:56:10.926+0000: 358909.938: Application time: 0.0000865 seconds
2019-06-25T11:56:10.926+0000: 358909.939: Application time: 0.0005695 seconds
2019-06-25T11:56:10.927+0000: 358909.939: Application time: 0.0000667 seconds
2019-06-25T11:56:10.927+0000: 358909.939: Application time: 0.0000552 seconds
2019-06-25T11:56:10.927+0000: 358909.939: Application time: 0.0000587 seconds
2019-06-25T11:56:10.927+0000: 358909.940: Application time: 0.0001325 seconds
2019-06-25T11:56:10.928+0000: 358909.940: Application time: 0.0001254 seconds
2019-06-25T11:56:20.939+0000: 358919.951: Application time: 10.0110620 seconds
2019-06-25T11:56:20.939+0000: 358919.952: Application time: 0.0005001 seconds
2019-06-25T11:56:20.940+0000: 358919.952: Application time: 0.0001148 seconds
2019-06-25T11:56:20.941+0000: 358919.953: Application time: 0.0011943 seconds
2019-06-25T11:57:10.973+0000: 358969.985: Application time: 50.0319487 seconds
2019-06-25T11:57:10.974+0000: 358969.986: Application time: 0.0000666 seconds
2019-06-25T11:57:10.974+0000: 358969.986: Application time: 0.0000633 seconds
2019-06-25T11:57:10.974+0000: 358969.986: Application time: 0.0004330 seconds
2019-06-25T11:57:10.974+0000: 358969.987: Application time: 0.0000665 seconds
2019-06-25T11:57:10.975+0000: 358969.987: Application time: 0.0000642 seconds
2019-06-25T11:57:10.975+0000: 358969.987: Application time: 0.0001365 seconds
2019-06-25T11:57:10.975+0000: 358969.987: Application time: 0.0001219 seconds
2019-06-25T11:57:14.042+0000: 358973.054: Application time: 3.0665050 seconds
2019-06-25T11:57:14.069+0000: 358973.082: Application time: 0.0271381 seconds
2019-06-25T11:57:20.981+0000: 358979.993: Application time: 6.9112234 seconds
2019-06-25T11:57:20.981+0000: 358979.993: Application time: 0.0000736 seconds
2019-06-25T11:57:20.982+0000: 358979.995: Application time: 0.0013588 seconds
2019-06-25T11:57:55.987+0000: 359014.999: Application time: 35.0043044 seconds
2019-06-25T11:57:57.512+0000: 359016.524: Application time: 1.5245516 seconds
2019-06-25T11:57:57.512+0000: 359016.524: Application time: 0.0000749 seconds
2019-06-25T11:57:57.512+0000: 359016.524: Application time: 0.0000621 seconds
2019-06-25T11:57:57.513+0000: 359016.525: Application time: 0.0001179 seconds
2019-06-25T11:57:57.513+0000: 359016.525: Application time: 0.0001213 seconds
2019-06-25T11:57:57.513+0000: 359016.526: Application time: 0.0001235 seconds
2019-06-25T11:57:57.514+0000: 359016.526: Application time: 0.0002590 seconds
2019-06-25T11:57:57.514+0000: 359016.526: Application time: 0.0001523 seconds
2019-06-25T11:57:59.273+0000: 359018.285: Application time: 1.7586089 seconds
2019-06-25T11:57:59.273+0000: 359018.285: Application time: 0.0000753 seconds
2019-06-25T11:57:59.274+0000: 359018.287: Application time: 0.0015161 seconds
2019-06-25T11:58:00.927+0000: 359019.940: Application time: 1.6527628 seconds
2019-06-25T11:58:00.967+0000: 359019.980: Application time: 0.0396727 seconds
2019-06-25T11:58:25.648+0000: 359044.661: Application time: 24.6808894 seconds
{Heap before GC invocations=2339 (full 181):
 par new generation   total 9792K, used 9531K [0x00000000e1000000, 0x00000000e1aa0000, 0x00000000eb4a0000)
  eden space 8704K,  98% used [0x00000000e1000000, 0x00000000e185d660, 0x00000000e1880000)
  from space 1088K,  88% used [0x00000000e1990000, 0x00000000e1a818e8, 0x00000000e1aa0000)
  to   space 1088K,   0% used [0x00000000e1880000, 0x00000000e1880000, 0x00000000e1990000)
 concurrent mark-sweep generation total 121500K, used 71743K [0x00000000eb4a0000, 0x00000000f2b47000, 0x0000000100000000)
 Metaspace       used 89161K, capacity 93686K, committed 93824K, reserved 1132544K
  class space    used 10749K, capacity 11559K, committed 11648K, reserved 1048576K
2019-06-25T11:58:25.649+0000: 359044.661: [GC (Allocation Failure) 2019-06-25T11:58:25.649+0000: 359044.661: [ParNew: 9531K->1088K(9792K), 0.0048573 secs] 81275K->73266K(131292K), 0.0055650 secs] [Times: user=0.01 sys=0.00, real=0.00 secs] 
Heap after GC invocations=2340 (full 181):
 par new generation   total 9792K, used 1088K [0x00000000e1000000, 0x00000000e1aa0000, 0x00000000eb4a0000)
  eden space 8704K,   0% used [0x00000000e1000000, 0x00000000e1000000, 0x00000000e1880000)
  from space 1088K, 100% used [0x00000000e1880000, 0x00000000e1990000, 0x00000000e1990000)
  to   space 1088K,   0% used [0x00000000e1990000, 0x00000000e1990000, 0x00000000e1aa0000)
 concurrent mark-sweep generation total 121500K, used 72178K [0x00000000eb4a0000, 0x00000000f2b47000, 0x0000000100000000)
 Metaspace       used 89161K, capacity 93686K, committed 93824K, reserved 1132544K
  class space    used 10749K, capacity 11559K, committed 11648K, reserved 1048576K
}
2019-06-25T11:58:29.277+0000: 359048.289: Application time: 3.6218264 seconds
2019-06-25T11:58:29.277+0000: 359048.290: Application time: 0.0000828 seconds
2019-06-25T11:58:29.278+0000: 359048.290: Application time: 0.0000639 seconds
2019-06-25T11:58:29.278+0000: 359048.290: Application time: 0.0000585 seconds
2019-06-25T11:58:29.279+0000: 359048.291: Application time: 0.0000737 seconds
2019-06-25T11:58:29.279+0000: 359048.291: Application time: 0.0000660 seconds
2019-06-25T11:58:29.279+0000: 359048.292: Application time: 0.0001570 seconds
2019-06-25T11:58:29.279+0000: 359048.292: Application time: 0.0001136 seconds
2019-06-25T11:58:30.646+0000: 359049.659: Application time: 1.3668677 seconds
2019-06-25T11:58:30.677+0000: 359049.689: Application time: 0.0302247 seconds
2019-06-25T11:58:31.021+0000: 359050.033: Application time: 0.3440449 seconds
2019-06-25T11:58:31.022+0000: 359050.034: Application time: 0.0001604 seconds
2019-06-25T11:58:31.022+0000: 359050.034: Application time: 0.0001440 seconds
2019-06-25T11:58:31.022+0000: 359050.034: Application time: 0.0001743 seconds
2019-06-25T11:58:31.022+0000: 359050.035: Application time: 0.0001574 seconds
2019-06-25T11:58:31.023+0000: 359050.035: Application time: 0.0001370 seconds
2019-06-25T11:58:31.024+0000: 359050.036: Application time: 0.0013563 seconds
2019-06-25T12:00:29.292+0000: 359168.305: Application time: 118.2685139 seconds
2019-06-25T12:00:29.293+0000: 359168.305: Application time: 0.0001318 seconds
2019-06-25T12:00:29.294+0000: 359168.306: Application time: 0.0002539 seconds
2019-06-25T12:00:29.294+0000: 359168.306: Application time: 0.0001499 seconds
2019-06-25T12:00:29.562+0000: 359168.575: Application time: 0.2683277 seconds
2019-06-25T12:00:29.587+0000: 359168.599: Application time: 0.0242750 seconds
2019-06-25T12:00:31.089+0000: 359170.101: Application time: 1.5020585 seconds
2019-06-25T12:00:31.089+0000: 359170.102: Application time: 0.0000669 seconds
2019-06-25T12:00:31.090+0000: 359170.102: Application time: 0.0000628 seconds
2019-06-25T12:00:31.090+0000: 359170.102: Application time: 0.0000546 seconds
2019-06-25T12:00:31.090+0000: 359170.102: Application time: 0.0000540 seconds
2019-06-25T12:00:31.090+0000: 359170.102: Application time: 0.0000627 seconds
2019-06-25T12:00:31.091+0000: 359170.104: Application time: 0.0012057 seconds
2019-06-25T12:02:31.881+0000: 359290.894: Application time: 120.7903868 seconds
{Heap before GC invocations=2340 (full 181):
 par new generation   total 9792K, used 9766K [0x00000000e1000000, 0x00000000e1aa0000, 0x00000000eb4a0000)
  eden space 8704K,  99% used [0x00000000e1000000, 0x00000000e1879910, 0x00000000e1880000)
  from space 1088K, 100% used [0x00000000e1880000, 0x00000000e1990000, 0x00000000e1990000)
  to   space 1088K,   0% used [0x00000000e1990000, 0x00000000e1990000, 0x00000000e1aa0000)
 concurrent mark-sweep generation total 121500K, used 72178K [0x00000000eb4a0000, 0x00000000f2b47000, 0x0000000100000000)
 Metaspace       used 89161K, capacity 93686K, committed 93824K, reserved 1132544K
  class space    used 10749K, capacity 11559K, committed 11648K, reserved 1048576K
2019-06-25T12:02:31.882+0000: 359290.894: [GC (Allocation Failure) 2019-06-25T12:02:31.883+0000: 359290.895: [ParNew: 9766K->1087K(9792K), 0.0047136 secs] 81945K->73575K(131292K), 0.0055787 secs] [Times: user=0.01 sys=0.00, real=0.00 secs] 
Heap after GC invocations=2341 (full 181):
 par new generation   total 9792K, used 1087K [0x00000000e1000000, 0x00000000e1aa0000, 0x00000000eb4a0000)
  eden space 8704K,   0% used [0x00000000e1000000, 0x00000000e1000000, 0x00000000e1880000)
  from space 1088K,  99% used [0x00000000e1990000, 0x00000000e1a9fff8, 0x00000000e1aa0000)
  to   space 1088K,   0% used [0x00000000e1880000, 0x00000000e1880000, 0x00000000e1990000)
 concurrent mark-sweep generation total 121500K, used 72487K [0x00000000eb4a0000, 0x00000000f2b47000, 0x0000000100000000)
 Metaspace       used 89161K, capacity 93686K, committed 93824K, reserved 1132544K
  class space    used 10749K, capacity 11559K, committed 11648K, reserved 1048576K
}
2019-06-25T12:02:36.877+0000: 359295.890: Application time: 4.9890025 seconds
2019-06-25T12:02:36.911+0000: 359295.923: Application time: 0.0333681 seconds
2019-06-25T12:02:41.160+0000: 359300.173: Application time: 4.2490500 seconds
2019-06-25T12:02:41.161+0000: 359300.173: Application time: 0.0000718 seconds
2019-06-25T12:02:41.161+0000: 359300.174: Application time: 0.0001450 seconds
2019-06-25T12:02:41.162+0000: 359300.174: Application time: 0.0001227 seconds
2019-06-25T12:02:51.167+0000: 359310.179: Application time: 10.0053427 seconds
2019-06-25T12:02:51.167+0000: 359310.180: Application time: 0.0000694 seconds
2019-06-25T12:02:51.168+0000: 359310.180: Application time: 0.0000964 seconds
2019-06-25T12:02:51.168+0000: 359310.180: Application time: 0.0000551 seconds
2019-06-25T12:02:51.168+0000: 359310.180: Application time: 0.0000550 seconds
2019-06-25T12:02:51.168+0000: 359310.180: Application time: 0.0000597 seconds
2019-06-25T12:02:51.170+0000: 359310.182: Application time: 0.0015223 seconds
2019-06-25T12:03:26.332+0000: 359345.344: Application time: 35.1621889 seconds
2019-06-25T12:03:26.358+0000: 359345.370: Application time: 0.0256110 seconds
2019-06-25T12:03:29.312+0000: 359348.324: Application time: 2.9536357 seconds
2019-06-25T12:03:29.312+0000: 359348.325: Application time: 0.0001462 seconds
2019-06-25T12:03:29.313+0000: 359348.326: Application time: 0.0007014 seconds
2019-06-25T12:03:29.314+0000: 359348.326: Application time: 0.0001793 seconds
2019-06-25T12:03:31.190+0000: 359350.203: Application time: 1.8765357 seconds
2019-06-25T12:03:31.191+0000: 359350.203: Application time: 0.0000818 seconds
2019-06-25T12:03:31.191+0000: 359350.203: Application time: 0.0000596 seconds
2019-06-25T12:03:31.191+0000: 359350.203: Application time: 0.0000616 seconds
2019-06-25T12:03:31.191+0000: 359350.203: Application time: 0.0000576 seconds
2019-06-25T12:03:31.191+0000: 359350.204: Application time: 0.0000566 seconds
2019-06-25T12:03:31.192+0000: 359350.204: Application time: 0.0000883 seconds
2019-06-25T12:03:31.193+0000: 359350.206: Application time: 0.0015598 seconds
2019-06-25T12:04:23.293+0000: 359402.305: Application time: 52.0996968 seconds
2019-06-25T12:06:51.306+0000: 359550.318: Application time: 148.0124628 seconds
{Heap before GC invocations=2341 (full 181):
 par new generation   total 9792K, used 9791K [0x00000000e1000000, 0x00000000e1aa0000, 0x00000000eb4a0000)
  eden space 8704K, 100% used [0x00000000e1000000, 0x00000000e1880000, 0x00000000e1880000)
  from space 1088K,  99% used [0x00000000e1990000, 0x00000000e1a9fff8, 0x00000000e1aa0000)
  to   space 1088K,   0% used [0x00000000e1880000, 0x00000000e1880000, 0x00000000e1990000)
 concurrent mark-sweep generation total 121500K, used 72487K [0x00000000eb4a0000, 0x00000000f2b47000, 0x0000000100000000)
 Metaspace       used 89161K, capacity 93686K, committed 93824K, reserved 1132544K
  class space    used 10749K, capacity 11559K, committed 11648K, reserved 1048576K
2019-06-25T12:06:51.307+0000: 359550.319: [GC (Allocation Failure) 2019-06-25T12:06:51.307+0000: 359550.319: [ParNew: 9791K->880K(9792K), 0.0123311 secs] 82279K->73667K(131292K), 0.0131341 secs] [Times: user=0.01 sys=0.00, real=0.02 secs] 
Heap after GC invocations=2342 (full 181):
 par new generation   total 9792K, used 880K [0x00000000e1000000, 0x00000000e1aa0000, 0x00000000eb4a0000)
  eden space 8704K,   0% used [0x00000000e1000000, 0x00000000e1000000, 0x00000000e1880000)
  from space 1088K,  80% used [0x00000000e1880000, 0x00000000e195c2f8, 0x00000000e1990000)
  to   space 1088K,   0% used [0x00000000e1990000, 0x00000000e1990000, 0x00000000e1aa0000)
 concurrent mark-sweep generation total 121500K, used 72787K [0x00000000eb4a0000, 0x00000000f2b47000, 0x0000000100000000)
 Metaspace       used 89161K, capacity 93686K, committed 93824K, reserved 1132544K
  class space    used 10749K, capacity 11559K, committed 11648K, reserved 1048576K
}
2019-06-25T12:13:01.527+0000: 359920.539: Application time: 370.2065291 seconds
2019-06-25T12:14:01.561+0000: 359980.573: Application time: 60.0338428 seconds
{Heap before GC invocations=2342 (full 181):
 par new generation   total 9792K, used 9584K [0x00000000e1000000, 0x00000000e1aa0000, 0x00000000eb4a0000)
  eden space 8704K, 100% used [0x00000000e1000000, 0x00000000e1880000, 0x00000000e1880000)
  from space 1088K,  80% used [0x00000000e1880000, 0x00000000e195c2f8, 0x00000000e1990000)
  to   space 1088K,   0% used [0x00000000e1990000, 0x00000000e1990000, 0x00000000e1aa0000)
 concurrent mark-sweep generation total 121500K, used 72787K [0x00000000eb4a0000, 0x00000000f2b47000, 0x0000000100000000)
 Metaspace       used 89161K, capacity 93686K, committed 93824K, reserved 1132544K
  class space    used 10749K, capacity 11559K, committed 11648K, reserved 1048576K
2019-06-25T12:14:01.579+0000: 359980.591: [GC (Allocation Failure) 2019-06-25T12:14:01.579+0000: 359980.592: [ParNew: 9584K->761K(9792K), 0.0036526 secs] 82371K->73831K(131292K), 0.0047247 secs] [Times: user=0.01 sys=0.00, real=0.00 secs] 
Heap after GC invocations=2343 (full 181):
 par new generation   total 9792K, used 761K [0x00000000e1000000, 0x00000000e1aa0000, 0x00000000eb4a0000)
  eden space 8704K,   0% used [0x00000000e1000000, 0x00000000e1000000, 0x00000000e1880000)
  from space 1088K,  70% used [0x00000000e1990000, 0x00000000e1a4e6e0, 0x00000000e1aa0000)
  to   space 1088K,   0% used [0x00000000e1880000, 0x00000000e1880000, 0x00000000e1990000)
 concurrent mark-sweep generation total 121500K, used 73069K [0x00000000eb4a0000, 0x00000000f2b47000, 0x0000000100000000)
 Metaspace       used 89161K, capacity 93686K, committed 93824K, reserved 1132544K
  class space    used 10749K, capacity 11559K, committed 11648K, reserved 1048576K
}
2019-06-25T12:14:01.585+0000: 359980.597: Application time: 0.0004171 seconds
2019-06-25T12:14:01.585+0000: 359980.597: [GC (CMS Initial Mark) [1 CMS-initial-mark: 73069K(121500K)] 73869K(131292K), 0.0033943 secs] [Times: user=0.00 sys=0.01, real=0.01 secs] 
2019-06-25T12:14:01.589+0000: 359980.602: [CMS-concurrent-mark-start]
2019-06-25T12:14:01.716+0000: 359980.728: [CMS-concurrent-mark: 0.127/0.127 secs] [Times: user=0.13 sys=0.00, real=0.12 secs] 
2019-06-25T12:14:01.716+0000: 359980.729: [CMS-concurrent-preclean-start]
2019-06-25T12:14:01.718+0000: 359980.730: [CMS-concurrent-preclean: 0.002/0.002 secs] [Times: user=0.00 sys=0.00, real=0.01 secs] 
2019-06-25T12:14:01.719+0000: 359980.731: Application time: 0.1293977 seconds
2019-06-25T12:14:01.719+0000: 359980.731: [GC (CMS Final Remark) [YG occupancy: 898 K (9792 K)]2019-06-25T12:14:01.719+0000: 359980.732: [Rescan (parallel) , 0.0048557 secs]2019-06-25T12:14:01.725+0000: 359980.737: [weak refs processing, 0.0022533 secs]2019-06-25T12:14:01.727+0000: 359980.739: [class unloading, 0.0327998 secs]2019-06-25T12:14:01.760+0000: 359980.773: [scrub symbol table, 0.0210485 secs]2019-06-25T12:14:01.782+0000: 359980.794: [scrub string table, 0.0015417 secs][1 CMS-remark: 73069K(121500K)] 73967K(131292K), 0.0648511 secs] [Times: user=0.06 sys=0.00, real=0.06 secs] 
2019-06-25T12:14:01.785+0000: 359980.797: [CMS-concurrent-sweep-start]
2019-06-25T12:14:01.817+0000: 359980.830: [CMS-concurrent-sweep: 0.032/0.032 secs] [Times: user=0.03 sys=0.00, real=0.03 secs] 
2019-06-25T12:14:01.818+0000: 359980.830: [CMS-concurrent-reset-start]
2019-06-25T12:14:01.818+0000: 359980.830: [CMS-concurrent-reset: 0.000/0.000 secs] [Times: user=0.00 sys=0.00, real=0.01 secs] 
2019-06-25T12:14:02.785+0000: 359981.797: Application time: 1.0002148 seconds
2019-06-25T12:14:11.786+0000: 359990.799: Application time: 9.0013609 seconds
2019-06-25T12:14:23.789+0000: 360002.801: Application time: 12.0022486 seconds
2019-06-25T12:14:57.794+0000: 360036.806: Application time: 34.0049016 seconds
2019-06-25T12:15:57.802+0000: 360096.814: Application time: 60.0078275 seconds
2019-06-25T12:20:23.462+0000: 360362.474: Application time: 265.6601686 seconds
{Heap before GC invocations=2343 (full 182):
 par new generation   total 9792K, used 9465K [0x00000000e1000000, 0x00000000e1aa0000, 0x00000000eb4a0000)
  eden space 8704K,  99% used [0x00000000e1000000, 0x00000000e187fdf8, 0x00000000e1880000)
  from space 1088K,  70% used [0x00000000e1990000, 0x00000000e1a4e6e0, 0x00000000e1aa0000)
  to   space 1088K,   0% used [0x00000000e1880000, 0x00000000e1880000, 0x00000000e1990000)
 concurrent mark-sweep generation total 121500K, used 69675K [0x00000000eb4a0000, 0x00000000f2b47000, 0x0000000100000000)
 Metaspace       used 89048K, capacity 93500K, committed 93824K, reserved 1132544K
  class space    used 10732K, capacity 11528K, committed 11648K, reserved 1048576K
2019-06-25T12:20:23.463+0000: 360362.475: [GC (Allocation Failure) 2019-06-25T12:20:23.463+0000: 360362.475: [ParNew: 9465K->977K(9792K), 0.0081593 secs] 79141K->70653K(131292K), 0.0089733 secs] [Times: user=0.00 sys=0.01, real=0.01 secs] 
Heap after GC invocations=2344 (full 182):
 par new generation   total 9792K, used 977K [0x00000000e1000000, 0x00000000e1aa0000, 0x00000000eb4a0000)
  eden space 8704K,   0% used [0x00000000e1000000, 0x00000000e1000000, 0x00000000e1880000)
  from space 1088K,  89% used [0x00000000e1880000, 0x00000000e1974648, 0x00000000e1990000)
  to   space 1088K,   0% used [0x00000000e1990000, 0x00000000e1990000, 0x00000000e1aa0000)
 concurrent mark-sweep generation total 121500K, used 69675K [0x00000000eb4a0000, 0x00000000f2b47000, 0x0000000100000000)
 Metaspace       used 89048K, capacity 93500K, committed 93824K, reserved 1132544K
  class space    used 10732K, capacity 11528K, committed 11648K, reserved 1048576K
}
2019-06-25T12:20:24.473+0000: 360363.485: Application time: 1.0002501 seconds
2019-06-25T12:20:28.459+0000: 360367.472: Application time: 3.9865537 seconds
2019-06-25T12:20:28.495+0000: 360367.507: Application time: 0.0349838 seconds
2019-06-25T12:20:29.428+0000: 360368.440: Application time: 0.9332185 seconds
2019-06-25T12:20:29.429+0000: 360368.441: Application time: 0.0007042 seconds
2019-06-25T12:20:29.429+0000: 360368.442: Application time: 0.0001661 seconds
2019-06-25T12:20:31.806+0000: 360370.818: Application time: 2.3764994 seconds
2019-06-25T12:20:31.806+0000: 360370.819: Application time: 0.0000761 seconds
2019-06-25T12:20:31.807+0000: 360370.819: Application time: 0.0000962 seconds
2019-06-25T12:20:31.807+0000: 360370.819: Application time: 0.0000720 seconds
2019-06-25T12:20:31.807+0000: 360370.819: Application time: 0.0000557 seconds
2019-06-25T12:20:31.807+0000: 360370.819: Application time: 0.0000554 seconds
2019-06-25T12:20:31.807+0000: 360370.820: Application time: 0.0001010 seconds
2019-06-25T12:20:31.809+0000: 360370.821: Application time: 0.0014136 seconds
2019-06-25T12:20:41.815+0000: 360380.827: Application time: 10.0056551 seconds
2019-06-25T12:24:23.846+0000: 360602.858: Application time: 222.0308936 seconds
2019-06-25T12:24:50.850+0000: 360629.862: Application time: 27.0034747 seconds
2019-06-25T12:24:51.949+0000: 360630.962: Application time: 1.0999446 seconds
{Heap before GC invocations=2344 (full 182):
 par new generation   total 9792K, used 9681K [0x00000000e1000000, 0x00000000e1aa0000, 0x00000000eb4a0000)
  eden space 8704K, 100% used [0x00000000e1000000, 0x00000000e1880000, 0x00000000e1880000)
  from space 1088K,  89% used [0x00000000e1880000, 0x00000000e1974648, 0x00000000e1990000)
  to   space 1088K,   0% used [0x00000000e1990000, 0x00000000e1990000, 0x00000000e1aa0000)
 concurrent mark-sweep generation total 121500K, used 69675K [0x00000000eb4a0000, 0x00000000f2b47000, 0x0000000100000000)
 Metaspace       used 89051K, capacity 93506K, committed 93824K, reserved 1132544K
  class space    used 10733K, capacity 11529K, committed 11648K, reserved 1048576K
2019-06-25T12:24:51.950+0000: 360630.962: [GC (Allocation Failure) 2019-06-25T12:24:51.950+0000: 360630.963: [ParNew: 9681K->582K(9792K), 0.0034106 secs] 79357K->70569K(131292K), 0.0041802 secs] [Times: user=0.00 sys=0.01, real=0.00 secs] 
Heap after GC invocations=2345 (full 182):
 par new generation   total 9792K, used 582K [0x00000000e1000000, 0x00000000e1aa0000, 0x00000000eb4a0000)
  eden space 8704K,   0% used [0x00000000e1000000, 0x00000000e1000000, 0x00000000e1880000)
  from space 1088K,  53% used [0x00000000e1990000, 0x00000000e1a21930, 0x00000000e1aa0000)
  to   space 1088K,   0% used [0x00000000e1880000, 0x00000000e1880000, 0x00000000e1990000)
 concurrent mark-sweep generation total 121500K, used 69986K [0x00000000eb4a0000, 0x00000000f2b47000, 0x0000000100000000)
 Metaspace       used 89051K, capacity 93506K, committed 93824K, reserved 1132544K
  class space    used 10733K, capacity 11529K, committed 11648K, reserved 1048576K
}
2019-06-25T12:24:51.955+0000: 360630.967: Application time: 0.0003867 seconds
2019-06-25T12:24:51.955+0000: 360630.968: Application time: 0.0000744 seconds
2019-06-25T12:24:51.956+0000: 360630.968: Application time: 0.0001403 seconds
2019-06-25T12:24:51.956+0000: 360630.969: Application time: 0.0001511 seconds
2019-06-25T12:24:55.510+0000: 360634.522: Application time: 3.5534531 seconds
2019-06-25T12:24:55.535+0000: 360634.548: Application time: 0.0249322 seconds
2019-06-25T12:24:57.582+0000: 360636.594: Application time: 2.0460784 seconds
2019-06-25T12:24:57.582+0000: 360636.594: Application time: 0.0001423 seconds
2019-06-25T12:24:57.582+0000: 360636.594: Application time: 0.0001107 seconds
2019-06-25T12:24:57.582+0000: 360636.594: Application time: 0.0001158 seconds
2019-06-25T12:24:57.582+0000: 360636.595: Application time: 0.0001086 seconds
2019-06-25T12:24:57.583+0000: 360636.595: Application time: 0.0001227 seconds
2019-06-25T12:24:57.583+0000: 360636.595: Application time: 0.0001301 seconds
2019-06-25T12:24:57.583+0000: 360636.596: Application time: 0.0003025 seconds
2019-06-25T12:24:57.584+0000: 360636.596: Application time: 0.0001725 seconds
2019-06-25T12:24:57.585+0000: 360636.597: Application time: 0.0015585 seconds
2019-06-25T12:25:31.979+0000: 360670.991: Application time: 34.3935965 seconds
2019-06-25T12:25:31.979+0000: 360670.991: Application time: 0.0005987 seconds
2019-06-25T12:25:35.318+0000: 360674.330: Application time: 3.3382908 seconds
2019-06-25T12:25:35.344+0000: 360674.356: Application time: 0.0251658 seconds
2019-06-25T12:25:41.986+0000: 360680.998: Application time: 6.6416220 seconds
2019-06-25T12:25:41.986+0000: 360680.998: Application time: 0.0001586 seconds
2019-06-25T12:25:41.986+0000: 360680.999: Application time: 0.0000695 seconds
2019-06-25T12:25:41.986+0000: 360680.999: Application time: 0.0000613 seconds
2019-06-25T12:25:41.987+0000: 360680.999: Application time: 0.0000592 seconds
2019-06-25T12:25:41.987+0000: 360680.999: Application time: 0.0000642 seconds
2019-06-25T12:25:41.987+0000: 360680.999: Application time: 0.0001402 seconds
2019-06-25T12:25:41.987+0000: 360680.999: Application time: 0.0001013 seconds
2019-06-25T12:25:41.989+0000: 360681.001: Application time: 0.0012096 seconds
2019-06-25T12:25:51.993+0000: 360691.005: Application time: 10.0042639 seconds
2019-06-25T12:25:51.993+0000: 360691.006: Application time: 0.0001643 seconds
2019-06-25T12:25:53.157+0000: 360692.170: Application time: 1.1632953 seconds
2019-06-25T12:25:53.181+0000: 360692.194: Application time: 0.0236136 seconds
2019-06-25T12:25:57.586+0000: 360696.599: Application time: 4.4047070 seconds
2019-06-25T12:25:57.587+0000: 360696.599: Application time: 0.0000710 seconds
2019-06-25T12:25:57.587+0000: 360696.599: Application time: 0.0000644 seconds
2019-06-25T12:25:57.587+0000: 360696.599: Application time: 0.0000745 seconds
2019-06-25T12:25:57.587+0000: 360696.599: Application time: 0.0000584 seconds
2019-06-25T12:25:57.587+0000: 360696.600: Application time: 0.0000307 seconds
2019-06-25T12:25:57.587+0000: 360696.600: Application time: 0.0001583 seconds
2019-06-25T12:25:57.588+0000: 360696.600: Application time: 0.0000634 seconds
2019-06-25T12:25:57.589+0000: 360696.601: Application time: 0.0013098 seconds
2019-06-25T12:26:58.791+0000: 360757.804: Application time: 61.2021337 seconds
{Heap before GC invocations=2345 (full 182):
 par new generation   total 9792K, used 9286K [0x00000000e1000000, 0x00000000e1aa0000, 0x00000000eb4a0000)
  eden space 8704K, 100% used [0x00000000e1000000, 0x00000000e1880000, 0x00000000e1880000)
  from space 1088K,  53% used [0x00000000e1990000, 0x00000000e1a21930, 0x00000000e1aa0000)
  to   space 1088K,   0% used [0x00000000e1880000, 0x00000000e1880000, 0x00000000e1990000)
 concurrent mark-sweep generation total 121500K, used 69986K [0x00000000eb4a0000, 0x00000000f2b47000, 0x0000000100000000)
 Metaspace       used 89055K, capacity 93512K, committed 93824K, reserved 1132544K
  class space    used 10733K, capacity 11530K, committed 11648K, reserved 1048576K
2019-06-25T12:26:58.792+0000: 360757.804: [GC (Allocation Failure) 2019-06-25T12:26:58.792+0000: 360757.805: [ParNew: 9286K->941K(9792K), 0.0057143 secs] 79273K->70928K(131292K), 0.0063836 secs] [Times: user=0.01 sys=0.00, real=0.01 secs] 
Heap after GC invocations=2346 (full 182):
 par new generation   total 9792K, used 941K [0x00000000e1000000, 0x00000000e1aa0000, 0x00000000eb4a0000)
  eden space 8704K,   0% used [0x00000000e1000000, 0x00000000e1000000, 0x00000000e1880000)
  from space 1088K,  86% used [0x00000000e1880000, 0x00000000e196b770, 0x00000000e1990000)
  to   space 1088K,   0% used [0x00000000e1990000, 0x00000000e1990000, 0x00000000e1aa0000)
 concurrent mark-sweep generation total 121500K, used 69986K [0x00000000eb4a0000, 0x00000000f2b47000, 0x0000000100000000)
 Metaspace       used 89055K, capacity 93512K, committed 93824K, reserved 1132544K
  class space    used 10733K, capacity 11530K, committed 11648K, reserved 1048576K
}
2019-06-25T12:26:59.469+0000: 360758.482: Application time: 0.6703757 seconds
2019-06-25T12:26:59.470+0000: 360758.482: Application time: 0.0000690 seconds
2019-06-25T12:27:02.033+0000: 360761.045: Application time: 2.5631320 seconds
2019-06-25T12:27:02.033+0000: 360761.046: Application time: 0.0000697 seconds
2019-06-25T12:27:02.033+0000: 360761.046: Application time: 0.0004077 seconds
2019-06-25T12:27:02.034+0000: 360761.046: Application time: 0.0000680 seconds
2019-06-25T12:27:02.034+0000: 360761.047: Application time: 0.0000575 seconds
2019-06-25T12:27:02.034+0000: 360761.047: Application time: 0.0000647 seconds
2019-06-25T12:27:02.035+0000: 360761.047: Application time: 0.0001321 seconds
2019-06-25T12:27:02.035+0000: 360761.047: Application time: 0.0001467 seconds
2019-06-25T12:27:02.036+0000: 360761.048: Application time: 0.0010367 seconds
2019-06-25T12:27:03.787+0000: 360762.799: Application time: 1.7509223 seconds
2019-06-25T12:27:03.823+0000: 360762.835: Application time: 0.0351890 seconds
2019-06-25T12:27:51.213+0000: 360810.225: Application time: 47.3904589 seconds
2019-06-25T12:27:51.238+0000: 360810.251: Application time: 0.0250078 seconds
2019-06-25T12:27:52.061+0000: 360811.074: Application time: 0.8226168 seconds
2019-06-25T12:27:52.062+0000: 360811.074: Application time: 0.0001294 seconds
2019-06-25T12:27:57.593+0000: 360816.605: Application time: 5.5316616 seconds
2019-06-25T12:27:57.594+0000: 360816.606: Application time: 0.0000765 seconds
2019-06-25T12:27:57.594+0000: 360816.606: Application time: 0.0000671 seconds
2019-06-25T12:27:57.594+0000: 360816.606: Application time: 0.0000589 seconds
2019-06-25T12:27:57.594+0000: 360816.607: Application time: 0.0000552 seconds
2019-06-25T12:27:57.594+0000: 360816.607: Application time: 0.0000594 seconds
2019-06-25T12:27:57.595+0000: 360816.607: Application time: 0.0001628 seconds
2019-06-25T12:27:57.595+0000: 360816.607: Application time: 0.0001018 seconds
2019-06-25T12:27:57.596+0000: 360816.609: Application time: 0.0012674 seconds
2019-06-25T12:28:18.163+0000: 360837.175: Application time: 20.5661541 seconds
2019-06-25T12:28:18.187+0000: 360837.199: Application time: 0.0241809 seconds
2019-06-25T12:28:22.078+0000: 360841.090: Application time: 3.8907113 seconds
2019-06-25T12:28:22.078+0000: 360841.091: Application time: 0.0000647 seconds
2019-06-25T12:28:22.079+0000: 360841.091: Application time: 0.0000771 seconds
2019-06-25T12:28:22.079+0000: 360841.091: Application time: 0.0000927 seconds
2019-06-25T12:28:22.079+0000: 360841.092: Application time: 0.0001226 seconds
2019-06-25T12:28:22.080+0000: 360841.092: Application time: 0.0001266 seconds
2019-06-25T12:28:29.481+0000: 360848.493: Application time: 7.4008915 seconds
2019-06-25T12:28:29.481+0000: 360848.493: Application time: 0.0000766 seconds
2019-06-25T12:28:29.481+0000: 360848.494: Application time: 0.0001645 seconds
2019-06-25T12:28:29.481+0000: 360848.494: Application time: 0.0001022 seconds
2019-06-25T12:28:29.483+0000: 360848.495: Application time: 0.0010794 seconds
2019-06-25T12:29:23.425+0000: 360902.437: Application time: 53.9417196 seconds
2019-06-25T12:29:42.127+0000: 360921.139: Application time: 18.7022076 seconds
2019-06-25T12:29:59.106+0000: 360938.118: Application time: 16.9788568 seconds
{Heap before GC invocations=2346 (full 182):
 par new generation   total 9792K, used 9645K [0x00000000e1000000, 0x00000000e1aa0000, 0x00000000eb4a0000)
  eden space 8704K, 100% used [0x00000000e1000000, 0x00000000e1880000, 0x00000000e1880000)
  from space 1088K,  86% used [0x00000000e1880000, 0x00000000e196b770, 0x00000000e1990000)
  to   space 1088K,   0% used [0x00000000e1990000, 0x00000000e1990000, 0x00000000e1aa0000)
 concurrent mark-sweep generation total 121500K, used 69986K [0x00000000eb4a0000, 0x00000000f2b47000, 0x0000000100000000)
 Metaspace       used 89061K, capacity 93524K, committed 93824K, reserved 1132544K
  class space    used 10735K, capacity 11532K, committed 11648K, reserved 1048576K
2019-06-25T12:29:59.107+0000: 360938.119: [GC (Allocation Failure) 2019-06-25T12:29:59.107+0000: 360938.119: [ParNew: 9645K->791K(9792K), 0.0077706 secs] 79632K->71252K(131292K), 0.0084922 secs] [Times: user=0.01 sys=0.00, real=0.01 secs] 
Heap after GC invocations=2347 (full 182):
 par new generation   total 9792K, used 791K [0x00000000e1000000, 0x00000000e1aa0000, 0x00000000eb4a0000)
  eden space 8704K,   0% used [0x00000000e1000000, 0x00000000e1000000, 0x00000000e1880000)
  from space 1088K,  72% used [0x00000000e1990000, 0x00000000e1a55d90, 0x00000000e1aa0000)
  to   space 1088K,   0% used [0x00000000e1880000, 0x00000000e1880000, 0x00000000e1990000)
 concurrent mark-sweep generation total 121500K, used 70461K [0x00000000eb4a0000, 0x00000000f2b47000, 0x0000000100000000)
 Metaspace       used 89061K, capacity 93524K, committed 93824K, reserved 1132544K
  class space    used 10735K, capacity 11532K, committed 11648K, reserved 1048576K
}
2019-06-25T12:29:59.490+0000: 360938.503: Application time: 0.3744479 seconds
2019-06-25T12:29:59.491+0000: 360938.503: Application time: 0.0001712 seconds
2019-06-25T12:29:59.491+0000: 360938.503: Application time: 0.0001687 seconds
2019-06-25T12:29:59.491+0000: 360938.504: Application time: 0.0001377 seconds
2019-06-25T12:29:59.492+0000: 360938.505: Application time: 0.0006518 seconds
2019-06-25T12:29:59.492+0000: 360938.505: Application time: 0.0000650 seconds
2019-06-25T12:30:02.139+0000: 360941.151: Application time: 2.6463295 seconds
2019-06-25T12:30:02.139+0000: 360941.152: Application time: 0.0000703 seconds
2019-06-25T12:30:02.140+0000: 360941.152: Application time: 0.0001439 seconds
2019-06-25T12:30:02.140+0000: 360941.152: Application time: 0.0001025 seconds
2019-06-25T12:30:02.141+0000: 360941.153: Application time: 0.0010063 seconds
2019-06-25T12:30:04.104+0000: 360943.116: Application time: 1.9627279 seconds
2019-06-25T12:30:04.141+0000: 360943.153: Application time: 0.0367017 seconds
2019-06-25T12:32:21.160+0000: 361080.172: Application time: 137.0186041 seconds
2019-06-25T12:32:22.220+0000: 361081.232: Application time: 1.0596048 seconds
2019-06-25T12:32:22.220+0000: 361081.232: Application time: 0.0000680 seconds
2019-06-25T12:32:22.220+0000: 361081.232: Application time: 0.0000651 seconds
2019-06-25T12:32:22.220+0000: 361081.233: Application time: 0.0004921 seconds
2019-06-25T12:32:22.221+0000: 361081.233: Application time: 0.0000871 seconds
2019-06-25T12:32:22.221+0000: 361081.233: Application time: 0.0000619 seconds
2019-06-25T12:32:26.028+0000: 361085.040: Application time: 3.8064900 seconds
2019-06-25T12:32:26.054+0000: 361085.066: Application time: 0.0255899 seconds
2019-06-25T12:32:29.508+0000: 361088.521: Application time: 3.4545885 seconds
2019-06-25T12:32:29.509+0000: 361088.521: Application time: 0.0000719 seconds
2019-06-25T12:32:29.509+0000: 361088.521: Application time: 0.0001799 seconds
2019-06-25T12:32:29.509+0000: 361088.521: Application time: 0.0000563 seconds
2019-06-25T12:32:29.510+0000: 361088.523: Application time: 0.0010861 seconds
2019-06-25T12:32:41.098+0000: 361100.110: Application time: 11.5870076 seconds
{Heap before GC invocations=2347 (full 182):
 par new generation   total 9792K, used 9495K [0x00000000e1000000, 0x00000000e1aa0000, 0x00000000eb4a0000)
  eden space 8704K, 100% used [0x00000000e1000000, 0x00000000e1880000, 0x00000000e1880000)
  from space 1088K,  72% used [0x00000000e1990000, 0x00000000e1a55d90, 0x00000000e1aa0000)
  to   space 1088K,   0% used [0x00000000e1880000, 0x00000000e1880000, 0x00000000e1990000)
 concurrent mark-sweep generation total 121500K, used 70461K [0x00000000eb4a0000, 0x00000000f2b47000, 0x0000000100000000)
 Metaspace       used 89079K, capacity 93554K, committed 93824K, reserved 1132544K
  class space    used 10737K, capacity 11537K, committed 11648K, reserved 1048576K
2019-06-25T12:32:41.098+0000: 361100.110: [GC (Allocation Failure) 2019-06-25T12:32:41.098+0000: 361100.110: [ParNew: 9495K->889K(9792K), 0.0036642 secs] 79956K->71920K(131292K), 0.0046072 secs] [Times: user=0.00 sys=0.00, real=0.01 secs] 
Heap after GC invocations=2348 (full 182):
 par new generation   total 9792K, used 889K [0x00000000e1000000, 0x00000000e1aa0000, 0x00000000eb4a0000)
  eden space 8704K,   0% used [0x00000000e1000000, 0x00000000e1000000, 0x00000000e1880000)
  from space 1088K,  81% used [0x00000000e1880000, 0x00000000e195e7c8, 0x00000000e1990000)
  to   space 1088K,   0% used [0x00000000e1990000, 0x00000000e1990000, 0x00000000e1aa0000)
 concurrent mark-sweep generation total 121500K, used 71030K [0x00000000eb4a0000, 0x00000000f2b47000, 0x0000000100000000)
 Metaspace       used 89079K, capacity 93554K, committed 93824K, reserved 1132544K
  class space    used 10737K, capacity 11537K, committed 11648K, reserved 1048576K
}
2019-06-25T12:32:42.233+0000: 361101.245: Application time: 1.1292164 seconds
2019-06-25T12:32:42.233+0000: 361101.245: Application time: 0.0000685 seconds
2019-06-25T12:32:42.233+0000: 361101.246: Application time: 0.0000571 seconds
2019-06-25T12:32:42.234+0000: 361101.246: Application time: 0.0000707 seconds
2019-06-25T12:32:42.234+0000: 361101.247: Application time: 0.0011712 seconds
2019-06-25T12:32:42.235+0000: 361101.248: Application time: 0.0000939 seconds
2019-06-25T12:32:42.236+0000: 361101.248: Application time: 0.0000795 seconds
2019-06-25T12:32:46.096+0000: 361105.108: Application time: 3.8599534 seconds
2019-06-25T12:32:46.125+0000: 361105.138: Application time: 0.0294958 seconds
2019-06-25T12:32:52.242+0000: 361111.254: Application time: 6.1160782 seconds
2019-06-25T12:32:52.242+0000: 361111.254: Application time: 0.0000905 seconds
2019-06-25T12:32:52.242+0000: 361111.255: Application time: 0.0001783 seconds
2019-06-25T12:32:52.243+0000: 361111.255: Application time: 0.0001438 seconds
2019-06-25T12:32:52.244+0000: 361111.256: Application time: 0.0013237 seconds
2019-06-25T12:39:32.477+0000: 361511.489: Application time: 400.2324176 seconds
{Heap before GC invocations=2348 (full 182):
 par new generation   total 9792K, used 9593K [0x00000000e1000000, 0x00000000e1aa0000, 0x00000000eb4a0000)
  eden space 8704K, 100% used [0x00000000e1000000, 0x00000000e1880000, 0x00000000e1880000)
  from space 1088K,  81% used [0x00000000e1880000, 0x00000000e195e7c8, 0x00000000e1990000)
  to   space 1088K,   0% used [0x00000000e1990000, 0x00000000e1990000, 0x00000000e1aa0000)
 concurrent mark-sweep generation total 121500K, used 71030K [0x00000000eb4a0000, 0x00000000f2b47000, 0x0000000100000000)
 Metaspace       used 89079K, capacity 93554K, committed 93824K, reserved 1132544K
  class space    used 10737K, capacity 11537K, committed 11648K, reserved 1048576K
2019-06-25T12:39:32.479+0000: 361511.492: [GC (Allocation Failure) 2019-06-25T12:39:32.480+0000: 361511.493: [ParNew: 9593K->691K(9792K), 0.0048029 secs] 80624K->72067K(131292K), 0.0060685 secs] [Times: user=0.01 sys=0.00, real=0.00 secs] 
Heap after GC invocations=2349 (full 182):
 par new generation   total 9792K, used 691K [0x00000000e1000000, 0x00000000e1aa0000, 0x00000000eb4a0000)
  eden space 8704K,   0% used [0x00000000e1000000, 0x00000000e1000000, 0x00000000e1880000)
  from space 1088K,  63% used [0x00000000e1990000, 0x00000000e1a3ceb8, 0x00000000e1aa0000)
  to   space 1088K,   0% used [0x00000000e1880000, 0x00000000e1880000, 0x00000000e1990000)
 concurrent mark-sweep generation total 121500K, used 71375K [0x00000000eb4a0000, 0x00000000f2b47000, 0x0000000100000000)
 Metaspace       used 89079K, capacity 93554K, committed 93824K, reserved 1132544K
  class space    used 10737K, capacity 11537K, committed 11648K, reserved 1048576K
}
2019-06-25T12:46:22.709+0000: 361921.721: Application time: 410.2225712 seconds
2019-06-25T12:46:53.517+0000: 361952.529: Application time: 30.8074448 seconds
{Heap before GC invocations=2349 (full 182):
 par new generation   total 9792K, used 9395K [0x00000000e1000000, 0x00000000e1aa0000, 0x00000000eb4a0000)
  eden space 8704K, 100% used [0x00000000e1000000, 0x00000000e1880000, 0x00000000e1880000)
  from space 1088K,  63% used [0x00000000e1990000, 0x00000000e1a3ceb8, 0x00000000e1aa0000)
  to   space 1088K,   0% used [0x00000000e1880000, 0x00000000e1880000, 0x00000000e1990000)
 concurrent mark-sweep generation total 121500K, used 71375K [0x00000000eb4a0000, 0x00000000f2b47000, 0x0000000100000000)
 Metaspace       used 89079K, capacity 93554K, committed 93824K, reserved 1132544K
  class space    used 10737K, capacity 11537K, committed 11648K, reserved 1048576K
2019-06-25T12:46:53.517+0000: 361952.530: [GC (Allocation Failure) 2019-06-25T12:46:53.518+0000: 361952.530: [ParNew: 9395K->811K(9792K), 0.0030573 secs] 80771K->72186K(131292K), 0.0038792 secs] [Times: user=0.00 sys=0.00, real=0.01 secs] 
Heap after GC invocations=2350 (full 182):
 par new generation   total 9792K, used 811K [0x00000000e1000000, 0x00000000e1aa0000, 0x00000000eb4a0000)
  eden space 8704K,   0% used [0x00000000e1000000, 0x00000000e1000000, 0x00000000e1880000)
  from space 1088K,  74% used [0x00000000e1880000, 0x00000000e194ac20, 0x00000000e1990000)
  to   space 1088K,   0% used [0x00000000e1990000, 0x00000000e1990000, 0x00000000e1aa0000)
 concurrent mark-sweep generation total 121500K, used 71375K [0x00000000eb4a0000, 0x00000000f2b47000, 0x0000000100000000)
 Metaspace       used 89079K, capacity 93554K, committed 93824K, reserved 1132544K
  class space    used 10737K, capacity 11537K, committed 11648K, reserved 1048576K
}
2019-06-25T12:48:53.532+0000: 362072.544: Application time: 120.0102701 seconds
2019-06-25T12:48:53.532+0000: 362072.545: Application time: 0.0000634 seconds
2019-06-25T12:48:53.532+0000: 362072.545: Application time: 0.0000618 seconds
2019-06-25T12:48:53.533+0000: 362072.545: Application time: 0.0000617 seconds
2019-06-25T12:48:53.533+0000: 362072.546: Application time: 0.0000660 seconds
2019-06-25T12:48:53.534+0000: 362072.546: Application time: 0.0000593 seconds
2019-06-25T12:48:53.534+0000: 362072.546: Application time: 0.0000582 seconds
2019-06-25T12:48:53.534+0000: 362072.546: Application time: 0.0000635 seconds
2019-06-25T12:48:53.534+0000: 362072.546: Application time: 0.0000570 seconds
2019-06-25T12:48:53.534+0000: 362072.547: Application time: 0.0000567 seconds
2019-06-25T12:49:57.653+0000: 362136.666: Application time: 64.1187148 seconds
2019-06-25T12:49:57.654+0000: 362136.666: Application time: 0.0000709 seconds
2019-06-25T12:49:57.654+0000: 362136.666: Application time: 0.0000613 seconds
2019-06-25T12:49:57.654+0000: 362136.666: Application time: 0.0000551 seconds
2019-06-25T12:49:57.654+0000: 362136.667: Application time: 0.0000714 seconds
2019-06-25T12:49:57.654+0000: 362136.667: Application time: 0.0000283 seconds
2019-06-25T12:49:59.045+0000: 362138.058: Application time: 1.3907409 seconds
2019-06-25T12:49:59.070+0000: 362138.083: Application time: 0.0248160 seconds
2019-06-25T12:49:59.626+0000: 362138.638: Application time: 0.5555924 seconds
2019-06-25T12:49:59.626+0000: 362138.639: Application time: 0.0000754 seconds
2019-06-25T12:49:59.627+0000: 362138.639: Application time: 0.0001674 seconds
2019-06-25T12:49:59.627+0000: 362138.639: Application time: 0.0001069 seconds
2019-06-25T12:49:59.628+0000: 362138.640: Application time: 0.0011010 seconds
2019-06-25T12:52:12.904+0000: 362271.916: Application time: 133.2754347 seconds
{Heap before GC invocations=2350 (full 182):
 par new generation   total 9792K, used 9515K [0x00000000e1000000, 0x00000000e1aa0000, 0x00000000eb4a0000)
  eden space 8704K, 100% used [0x00000000e1000000, 0x00000000e1880000, 0x00000000e1880000)
  from space 1088K,  74% used [0x00000000e1880000, 0x00000000e194ac20, 0x00000000e1990000)
  to   space 1088K,   0% used [0x00000000e1990000, 0x00000000e1990000, 0x00000000e1aa0000)
 concurrent mark-sweep generation total 121500K, used 71375K [0x00000000eb4a0000, 0x00000000f2b47000, 0x0000000100000000)
 Metaspace       used 89079K, capacity 93554K, committed 93824K, reserved 1132544K
  class space    used 10737K, capacity 11537K, committed 11648K, reserved 1048576K
2019-06-25T12:52:12.904+0000: 362271.917: [GC (Allocation Failure) 2019-06-25T12:52:12.905+0000: 362271.917: [ParNew: 9515K->745K(9792K), 0.0072691 secs] 80890K->72325K(131292K), 0.0080548 secs] [Times: user=0.02 sys=0.00, real=0.01 secs] 
Heap after GC invocations=2351 (full 182):
 par new generation   total 9792K, used 745K [0x00000000e1000000, 0x00000000e1aa0000, 0x00000000eb4a0000)
  eden space 8704K,   0% used [0x00000000e1000000, 0x00000000e1000000, 0x00000000e1880000)
  from space 1088K,  68% used [0x00000000e1990000, 0x00000000e1a4a610, 0x00000000e1aa0000)
  to   space 1088K,   0% used [0x00000000e1880000, 0x00000000e1880000, 0x00000000e1990000)
 concurrent mark-sweep generation total 121500K, used 71579K [0x00000000eb4a0000, 0x00000000f2b47000, 0x0000000100000000)
 Metaspace       used 89079K, capacity 93554K, committed 93824K, reserved 1132544K
  class space    used 10737K, capacity 11537K, committed 11648K, reserved 1048576K
}
2019-06-25T12:54:23.564+0000: 362402.576: Application time: 130.6505176 seconds
2019-06-25T12:54:43.003+0000: 362422.015: Application time: 19.4386819 seconds
2019-06-25T12:54:43.003+0000: 362422.015: Application time: 0.0000754 seconds
2019-06-25T12:54:43.003+0000: 362422.015: Application time: 0.0000635 seconds
2019-06-25T12:54:43.004+0000: 362422.016: Application time: 0.0000785 seconds
2019-06-25T12:54:43.004+0000: 362422.016: Application time: 0.0000655 seconds
2019-06-25T12:54:43.004+0000: 362422.017: Application time: 0.0000548 seconds
2019-06-25T12:54:43.004+0000: 362422.017: Application time: 0.0001028 seconds
2019-06-25T12:54:43.005+0000: 362422.017: Application time: 0.0002721 seconds
2019-06-25T12:54:43.005+0000: 362422.018: Application time: 0.0001655 seconds
2019-06-25T12:54:43.370+0000: 362422.382: Application time: 0.3646511 seconds
2019-06-25T12:54:43.396+0000: 362422.408: Application time: 0.0259834 seconds
2019-06-25T12:54:53.010+0000: 362432.023: Application time: 9.6140906 seconds
2019-06-25T12:54:53.012+0000: 362432.024: Application time: 0.0013378 seconds
2019-06-25T12:54:57.668+0000: 362436.680: Application time: 4.6552806 seconds
2019-06-25T12:54:57.668+0000: 362436.680: Application time: 0.0000682 seconds
2019-06-25T12:54:57.668+0000: 362436.680: Application time: 0.0000636 seconds
2019-06-25T12:54:57.668+0000: 362436.681: Application time: 0.0005225 seconds
2019-06-25T12:54:57.669+0000: 362436.681: Application time: 0.0000658 seconds
2019-06-25T12:54:57.669+0000: 362436.682: Application time: 0.0000595 seconds
2019-06-25T12:54:57.670+0000: 362436.682: Application time: 0.0000643 seconds
2019-06-25T12:54:57.670+0000: 362436.682: Application time: 0.0001425 seconds
2019-06-25T12:54:57.670+0000: 362436.682: Application time: 0.0001050 seconds
2019-06-25T12:54:59.658+0000: 362438.670: Application time: 1.9875687 seconds
2019-06-25T12:54:59.658+0000: 362438.670: Application time: 0.0000770 seconds
2019-06-25T12:54:59.659+0000: 362438.672: Application time: 0.0012509 seconds
2019-06-25T12:55:01.597+0000: 362440.610: Application time: 1.9379300 seconds
2019-06-25T12:55:01.622+0000: 362440.634: Application time: 0.0238974 seconds
2019-06-25T12:55:33.836+0000: 362472.848: Application time: 32.2143995 seconds
{Heap before GC invocations=2351 (full 182):
 par new generation   total 9792K, used 9408K [0x00000000e1000000, 0x00000000e1aa0000, 0x00000000eb4a0000)
  eden space 8704K,  99% used [0x00000000e1000000, 0x00000000e1875b10, 0x00000000e1880000)
  from space 1088K,  68% used [0x00000000e1990000, 0x00000000e1a4a610, 0x00000000e1aa0000)
  to   space 1088K,   0% used [0x00000000e1880000, 0x00000000e1880000, 0x00000000e1990000)
 concurrent mark-sweep generation total 121500K, used 71579K [0x00000000eb4a0000, 0x00000000f2b47000, 0x0000000100000000)
 Metaspace       used 89079K, capacity 93554K, committed 93824K, reserved 1132544K
  class space    used 10737K, capacity 11537K, committed 11648K, reserved 1048576K
2019-06-25T12:55:33.837+0000: 362472.849: [GC (Allocation Failure) 2019-06-25T12:55:33.837+0000: 362472.849: [ParNew: 9408K->1046K(9792K), 0.0042010 secs] 80988K->72626K(131292K), 0.0051092 secs] [Times: user=0.01 sys=0.00, real=0.01 secs] 
Heap after GC invocations=2352 (full 182):
 par new generation   total 9792K, used 1046K [0x00000000e1000000, 0x00000000e1aa0000, 0x00000000eb4a0000)
  eden space 8704K,   0% used [0x00000000e1000000, 0x00000000e1000000, 0x00000000e1880000)
  from space 1088K,  96% used [0x00000000e1880000, 0x00000000e19858e8, 0x00000000e1990000)
  to   space 1088K,   0% used [0x00000000e1990000, 0x00000000e1990000, 0x00000000e1aa0000)
 concurrent mark-sweep generation total 121500K, used 71579K [0x00000000eb4a0000, 0x00000000f2b47000, 0x0000000100000000)
 Metaspace       used 89079K, capacity 93554K, committed 93824K, reserved 1132544K
  class space    used 10737K, capacity 11537K, committed 11648K, reserved 1048576K
}
2019-06-25T12:55:38.834+0000: 362477.846: Application time: 4.9896497 seconds
2019-06-25T12:55:38.867+0000: 362477.879: Application time: 0.0328943 seconds
2019-06-25T12:55:43.039+0000: 362482.052: Application time: 4.1717279 seconds
2019-06-25T12:55:43.040+0000: 362482.052: Application time: 0.0000688 seconds
2019-06-25T12:55:43.040+0000: 362482.053: Application time: 0.0000721 seconds
2019-06-25T12:55:43.040+0000: 362482.053: Application time: 0.0000603 seconds
2019-06-25T12:55:43.041+0000: 362482.053: Application time: 0.0000583 seconds
2019-06-25T12:55:43.041+0000: 362482.053: Application time: 0.0000626 seconds
2019-06-25T12:55:43.041+0000: 362482.053: Application time: 0.0001638 seconds
2019-06-25T12:55:43.041+0000: 362482.054: Application time: 0.0001230 seconds
2019-06-25T12:55:53.047+0000: 362492.059: Application time: 10.0055195 seconds
2019-06-25T12:55:53.047+0000: 362492.060: Application time: 0.0000741 seconds
2019-06-25T12:55:53.049+0000: 362492.061: Application time: 0.0016029 seconds
2019-06-25T12:56:39.958+0000: 362538.971: Application time: 46.9092229 seconds
2019-06-25T12:56:39.985+0000: 362538.997: Application time: 0.0262555 seconds
2019-06-25T12:56:43.075+0000: 362542.088: Application time: 3.0901350 seconds
2019-06-25T12:56:43.076+0000: 362542.088: Application time: 0.0000688 seconds
2019-06-25T12:56:43.076+0000: 362542.089: Application time: 0.0005279 seconds
2019-06-25T12:56:43.076+0000: 362542.089: Application time: 0.0000704 seconds
2019-06-25T12:56:43.077+0000: 362542.089: Application time: 0.0000597 seconds
2019-06-25T12:56:43.077+0000: 362542.089: Application time: 0.0000627 seconds
2019-06-25T12:56:43.077+0000: 362542.089: Application time: 0.0001402 seconds
2019-06-25T12:56:43.077+0000: 362542.090: Application time: 0.0001036 seconds
2019-06-25T12:56:53.083+0000: 362552.095: Application time: 10.0056316 seconds
2019-06-25T12:56:53.083+0000: 362552.096: Application time: 0.0001074 seconds
2019-06-25T12:56:53.085+0000: 362552.097: Application time: 0.0013935 seconds
2019-06-25T12:57:03.089+0000: 362562.102: Application time: 10.0042962 seconds
2019-06-25T12:57:03.090+0000: 362562.102: Application time: 0.0000668 seconds
2019-06-25T12:57:03.090+0000: 362562.102: Application time: 0.0000637 seconds
2019-06-25T12:57:03.090+0000: 362562.102: Application time: 0.0000588 seconds
2019-06-25T12:57:03.090+0000: 362562.103: Application time: 0.0005090 seconds
2019-06-25T12:57:03.091+0000: 362562.103: Application time: 0.0001044 seconds
2019-06-25T12:57:03.091+0000: 362562.104: Application time: 0.0001964 seconds
2019-06-25T12:57:03.092+0000: 362562.104: Application time: 0.0002822 seconds
2019-06-25T12:57:07.611+0000: 362566.623: Application time: 4.5191066 seconds
2019-06-25T12:57:07.635+0000: 362566.648: Application time: 0.0240374 seconds
2019-06-25T12:57:13.098+0000: 362572.110: Application time: 5.4621656 seconds
2019-06-25T12:57:13.098+0000: 362572.110: Application time: 0.0000518 seconds
2019-06-25T12:57:13.099+0000: 362572.112: Application time: 0.0014750 seconds
2019-06-25T12:57:49.532+0000: 362608.545: Application time: 36.4329047 seconds
{Heap before GC invocations=2352 (full 182):
 par new generation   total 9792K, used 9738K [0x00000000e1000000, 0x00000000e1aa0000, 0x00000000eb4a0000)
  eden space 8704K,  99% used [0x00000000e1000000, 0x00000000e187d238, 0x00000000e1880000)
  from space 1088K,  96% used [0x00000000e1880000, 0x00000000e19858e8, 0x00000000e1990000)
  to   space 1088K,   0% used [0x00000000e1990000, 0x00000000e1990000, 0x00000000e1aa0000)
 concurrent mark-sweep generation total 121500K, used 71579K [0x00000000eb4a0000, 0x00000000f2b47000, 0x0000000100000000)
 Metaspace       used 89120K, capacity 93620K, committed 93824K, reserved 1132544K
  class space    used 10743K, capacity 11548K, committed 11648K, reserved 1048576K
2019-06-25T12:57:49.533+0000: 362608.546: [GC (Allocation Failure) 2019-06-25T12:57:49.534+0000: 362608.546: [ParNew: 9738K->1088K(9792K), 0.0065064 secs] 81318K->73140K(131292K), 0.0073908 secs] [Times: user=0.01 sys=0.00, real=0.01 secs] 
Heap after GC invocations=2353 (full 182):
 par new generation   total 9792K, used 1088K [0x00000000e1000000, 0x00000000e1aa0000, 0x00000000eb4a0000)
  eden space 8704K,   0% used [0x00000000e1000000, 0x00000000e1000000, 0x00000000e1880000)
  from space 1088K, 100% used [0x00000000e1990000, 0x00000000e1aa0000, 0x00000000e1aa0000)
  to   space 1088K,   0% used [0x00000000e1880000, 0x00000000e1880000, 0x00000000e1990000)
 concurrent mark-sweep generation total 121500K, used 72052K [0x00000000eb4a0000, 0x00000000f2b47000, 0x0000000100000000)
 Metaspace       used 89120K, capacity 93620K, committed 93824K, reserved 1132544K
  class space    used 10743K, capacity 11548K, committed 11648K, reserved 1048576K
}
2019-06-25T12:57:53.121+0000: 362612.133: Application time: 3.5792423 seconds
2019-06-25T12:57:53.121+0000: 362612.134: Application time: 0.0000810 seconds
2019-06-25T12:57:53.121+0000: 362612.134: Application time: 0.0000658 seconds
2019-06-25T12:57:53.122+0000: 362612.134: Application time: 0.0000656 seconds
2019-06-25T12:57:53.123+0000: 362612.135: Application time: 0.0000694 seconds
2019-06-25T12:57:53.123+0000: 362612.135: Application time: 0.0000708 seconds
2019-06-25T12:57:53.123+0000: 362612.136: Application time: 0.0001309 seconds
2019-06-25T12:57:53.124+0000: 362612.136: Application time: 0.0001154 seconds
2019-06-25T12:57:54.532+0000: 362613.544: Application time: 1.4080581 seconds
2019-06-25T12:57:54.566+0000: 362613.578: Application time: 0.0341665 seconds
2019-06-25T12:57:57.677+0000: 362616.689: Application time: 3.1106334 seconds
2019-06-25T12:57:57.677+0000: 362616.690: Application time: 0.0001370 seconds
2019-06-25T12:57:57.678+0000: 362616.690: Application time: 0.0001293 seconds
2019-06-25T12:57:57.678+0000: 362616.690: Application time: 0.0001223 seconds
2019-06-25T12:57:57.678+0000: 362616.690: Application time: 0.0001219 seconds
2019-06-25T12:57:57.678+0000: 362616.691: Application time: 0.0001277 seconds
2019-06-25T12:57:57.680+0000: 362616.692: Application time: 0.0012637 seconds
2019-06-25T12:59:40.675+0000: 362719.687: Application time: 102.9952244 seconds
2019-06-25T12:59:40.701+0000: 362719.713: Application time: 0.0253572 seconds
2019-06-25T12:59:43.185+0000: 362722.197: Application time: 2.4842163 seconds
2019-06-25T12:59:43.185+0000: 362722.198: Application time: 0.0000993 seconds
2019-06-25T12:59:43.186+0000: 362722.198: Application time: 0.0002223 seconds
2019-06-25T12:59:43.186+0000: 362722.198: Application time: 0.0001384 seconds
2019-06-25T12:59:53.192+0000: 362732.205: Application time: 10.0061758 seconds
2019-06-25T12:59:53.193+0000: 362732.205: Application time: 0.0001193 seconds
2019-06-25T12:59:53.193+0000: 362732.205: Application time: 0.0000717 seconds
2019-06-25T12:59:53.193+0000: 362732.205: Application time: 0.0000598 seconds
2019-06-25T12:59:53.193+0000: 362732.206: Application time: 0.0000579 seconds
2019-06-25T12:59:53.193+0000: 362732.206: Application time: 0.0000619 seconds
2019-06-25T12:59:53.195+0000: 362732.207: Application time: 0.0014306 seconds
2019-06-25T13:01:33.248+0000: 362832.260: Application time: 100.0534666 seconds
{Heap before GC invocations=2353 (full 182):
 par new generation   total 9792K, used 9792K [0x00000000e1000000, 0x00000000e1aa0000, 0x00000000eb4a0000)
  eden space 8704K, 100% used [0x00000000e1000000, 0x00000000e1880000, 0x00000000e1880000)
  from space 1088K, 100% used [0x00000000e1990000, 0x00000000e1aa0000, 0x00000000e1aa0000)
  to   space 1088K,   0% used [0x00000000e1880000, 0x00000000e1880000, 0x00000000e1990000)
 concurrent mark-sweep generation total 121500K, used 72052K [0x00000000eb4a0000, 0x00000000f2b47000, 0x0000000100000000)
 Metaspace       used 89123K, capacity 93620K, committed 93824K, reserved 1132544K
  class space    used 10743K, capacity 11548K, committed 11648K, reserved 1048576K
2019-06-25T13:01:33.259+0000: 362832.272: [GC (Allocation Failure) 2019-06-25T13:01:33.260+0000: 362832.273: [ParNew: 9792K->704K(9792K), 0.0085603 secs] 81844K->73015K(131292K), 0.0098857 secs] [Times: user=0.02 sys=0.00, real=0.01 secs] 
Heap after GC invocations=2354 (full 182):
 par new generation   total 9792K, used 704K [0x00000000e1000000, 0x00000000e1aa0000, 0x00000000eb4a0000)
  eden space 8704K,   0% used [0x00000000e1000000, 0x00000000e1000000, 0x00000000e1880000)
  from space 1088K,  64% used [0x00000000e1880000, 0x00000000e19303d0, 0x00000000e1990000)
  to   space 1088K,   0% used [0x00000000e1990000, 0x00000000e1990000, 0x00000000e1aa0000)
 concurrent mark-sweep generation total 121500K, used 72310K [0x00000000eb4a0000, 0x00000000f2b47000, 0x0000000100000000)
 Metaspace       used 89123K, capacity 93620K, committed 93824K, reserved 1132544K
  class space    used 10743K, capacity 11548K, committed 11648K, reserved 1048576K
}
2019-06-25T13:01:56.481+0000: 362855.493: Application time: 23.2106674 seconds
2019-06-25T13:01:59.703+0000: 362858.715: Application time: 3.2220411 seconds
2019-06-25T13:01:59.704+0000: 362858.716: Application time: 0.0001539 seconds
2019-06-25T13:01:59.704+0000: 362858.717: Application time: 0.0001423 seconds
2019-06-25T13:01:59.706+0000: 362858.719: Application time: 0.0003339 seconds
2019-06-25T13:01:59.707+0000: 362858.719: Application time: 0.0003076 seconds
2019-06-25T13:02:03.287+0000: 362862.299: Application time: 3.5795326 seconds
2019-06-25T13:02:03.287+0000: 362862.299: Application time: 0.0000703 seconds
2019-06-25T13:02:03.287+0000: 362862.300: Application time: 0.0000662 seconds
2019-06-25T13:02:03.287+0000: 362862.300: Application time: 0.0000604 seconds
2019-06-25T13:02:03.288+0000: 362862.300: Application time: 0.0000589 seconds
2019-06-25T13:02:03.288+0000: 362862.300: Application time: 0.0001124 seconds
2019-06-25T13:02:03.289+0000: 362862.302: Application time: 0.0013394 seconds
2019-06-25T13:02:03.828+0000: 362862.840: Application time: 0.5384891 seconds
2019-06-25T13:02:03.853+0000: 362862.865: Application time: 0.0247924 seconds
2019-06-25T13:03:03.319+0000: 362922.332: Application time: 59.4660788 seconds
2019-06-25T13:03:13.325+0000: 362932.338: Application time: 10.0056346 seconds
2019-06-25T13:05:23.398+0000: 363062.410: Application time: 130.0726167 seconds
{Heap before GC invocations=2354 (full 182):
 par new generation   total 9792K, used 9408K [0x00000000e1000000, 0x00000000e1aa0000, 0x00000000eb4a0000)
  eden space 8704K, 100% used [0x00000000e1000000, 0x00000000e1880000, 0x00000000e1880000)
  from space 1088K,  64% used [0x00000000e1880000, 0x00000000e19303d0, 0x00000000e1990000)
  to   space 1088K,   0% used [0x00000000e1990000, 0x00000000e1990000, 0x00000000e1aa0000)
 concurrent mark-sweep generation total 121500K, used 72310K [0x00000000eb4a0000, 0x00000000f2b47000, 0x0000000100000000)
 Metaspace       used 89123K, capacity 93620K, committed 93824K, reserved 1132544K
  class space    used 10743K, capacity 11548K, committed 11648K, reserved 1048576K
2019-06-25T13:05:23.398+0000: 363062.411: [GC (Allocation Failure) 2019-06-25T13:05:23.399+0000: 363062.411: [ParNew: 9408K->839K(9792K), 0.0036633 secs] 81719K->73476K(131292K), 0.0044682 secs] [Times: user=0.01 sys=0.00, real=0.00 secs] 
Heap after GC invocations=2355 (full 182):
 par new generation   total 9792K, used 839K [0x00000000e1000000, 0x00000000e1aa0000, 0x00000000eb4a0000)
  eden space 8704K,   0% used [0x00000000e1000000, 0x00000000e1000000, 0x00000000e1880000)
  from space 1088K,  77% used [0x00000000e1990000, 0x00000000e1a61f08, 0x00000000e1aa0000)
  to   space 1088K,   0% used [0x00000000e1880000, 0x00000000e1880000, 0x00000000e1990000)
 concurrent mark-sweep generation total 121500K, used 72637K [0x00000000eb4a0000, 0x00000000f2b47000, 0x0000000100000000)
 Metaspace       used 89123K, capacity 93620K, committed 93824K, reserved 1132544K
  class space    used 10743K, capacity 11548K, committed 11648K, reserved 1048576K
}
2019-06-25T13:12:33.641+0000: 363492.654: Application time: 430.2378126 seconds
{Heap before GC invocations=2355 (full 182):
 par new generation   total 9792K, used 9543K [0x00000000e1000000, 0x00000000e1aa0000, 0x00000000eb4a0000)
  eden space 8704K, 100% used [0x00000000e1000000, 0x00000000e1880000, 0x00000000e1880000)
  from space 1088K,  77% used [0x00000000e1990000, 0x00000000e1a61f08, 0x00000000e1aa0000)
  to   space 1088K,   0% used [0x00000000e1880000, 0x00000000e1880000, 0x00000000e1990000)
 concurrent mark-sweep generation total 121500K, used 72637K [0x00000000eb4a0000, 0x00000000f2b47000, 0x0000000100000000)
 Metaspace       used 89123K, capacity 93620K, committed 93824K, reserved 1132544K
  class space    used 10743K, capacity 11548K, committed 11648K, reserved 1048576K
2019-06-25T13:12:33.642+0000: 363492.655: [GC (Allocation Failure) 2019-06-25T13:12:33.643+0000: 363492.655: [ParNew: 9543K->805K(9792K), 0.0031418 secs] 82180K->73442K(131292K), 0.0039441 secs] [Times: user=0.00 sys=0.01, real=0.00 secs] 
Heap after GC invocations=2356 (full 182):
 par new generation   total 9792K, used 805K [0x00000000e1000000, 0x00000000e1aa0000, 0x00000000eb4a0000)
  eden space 8704K,   0% used [0x00000000e1000000, 0x00000000e1000000, 0x00000000e1880000)
  from space 1088K,  74% used [0x00000000e1880000, 0x00000000e19495a8, 0x00000000e1990000)
  to   space 1088K,   0% used [0x00000000e1990000, 0x00000000e1990000, 0x00000000e1aa0000)
 concurrent mark-sweep generation total 121500K, used 72637K [0x00000000eb4a0000, 0x00000000f2b47000, 0x0000000100000000)
 Metaspace       used 89123K, capacity 93620K, committed 93824K, reserved 1132544K
  class space    used 10743K, capacity 11548K, committed 11648K, reserved 1048576K
}
2019-06-25T13:15:23.685+0000: 363662.698: Application time: 170.0384532 seconds
2019-06-25T13:15:23.686+0000: 363662.698: Application time: 0.0000744 seconds
2019-06-25T13:15:23.686+0000: 363662.698: Application time: 0.0001118 seconds
2019-06-25T13:15:23.686+0000: 363662.698: Application time: 0.0001506 seconds
2019-06-25T13:15:23.687+0000: 363662.699: Application time: 0.0000712 seconds
2019-06-25T13:15:23.687+0000: 363662.699: Application time: 0.0000644 seconds
2019-06-25T13:15:23.687+0000: 363662.699: Application time: 0.0000633 seconds
2019-06-25T13:15:23.687+0000: 363662.700: Application time: 0.0000737 seconds
2019-06-25T13:15:23.687+0000: 363662.700: Application time: 0.0000721 seconds
2019-06-25T13:15:23.688+0000: 363662.700: Application time: 0.0000531 seconds
2019-06-25T13:19:21.569+0000: 363900.581: Application time: 237.8810332 seconds
{Heap before GC invocations=2356 (full 182):
 par new generation   total 9792K, used 9509K [0x00000000e1000000, 0x00000000e1aa0000, 0x00000000eb4a0000)
  eden space 8704K, 100% used [0x00000000e1000000, 0x00000000e1880000, 0x00000000e1880000)
  from space 1088K,  74% used [0x00000000e1880000, 0x00000000e19495a8, 0x00000000e1990000)
  to   space 1088K,   0% used [0x00000000e1990000, 0x00000000e1990000, 0x00000000e1aa0000)
 concurrent mark-sweep generation total 121500K, used 72637K [0x00000000eb4a0000, 0x00000000f2b47000, 0x0000000100000000)
 Metaspace       used 89123K, capacity 93620K, committed 93824K, reserved 1132544K
  class space    used 10743K, capacity 11548K, committed 11648K, reserved 1048576K
2019-06-25T13:19:21.569+0000: 363900.582: [GC (Allocation Failure) 2019-06-25T13:19:21.570+0000: 363900.582: [ParNew: 9509K->737K(9792K), 0.0063178 secs] 82146K->73545K(131292K), 0.0069368 secs] [Times: user=0.01 sys=0.00, real=0.00 secs] 
Heap after GC invocations=2357 (full 182):
 par new generation   total 9792K, used 737K [0x00000000e1000000, 0x00000000e1aa0000, 0x00000000eb4a0000)
  eden space 8704K,   0% used [0x00000000e1000000, 0x00000000e1000000, 0x00000000e1880000)
  from space 1088K,  67% used [0x00000000e1990000, 0x00000000e1a48728, 0x00000000e1aa0000)
  to   space 1088K,   0% used [0x00000000e1880000, 0x00000000e1880000, 0x00000000e1990000)
 concurrent mark-sweep generation total 121500K, used 72807K [0x00000000eb4a0000, 0x00000000f2b47000, 0x0000000100000000)
 Metaspace       used 89123K, capacity 93620K, committed 93824K, reserved 1132544K
  class space    used 10743K, capacity 11548K, committed 11648K, reserved 1048576K
}
2019-06-25T13:19:23.715+0000: 363902.727: Application time: 2.1380849 seconds
2019-06-25T13:19:23.885+0000: 363902.897: Application time: 0.1698405 seconds
2019-06-25T13:19:23.885+0000: 363902.898: Application time: 0.0000740 seconds
2019-06-25T13:19:23.886+0000: 363902.898: Application time: 0.0001506 seconds
2019-06-25T13:19:23.886+0000: 363902.899: Application time: 0.0007121 seconds
2019-06-25T13:19:26.566+0000: 363905.579: Application time: 2.6797718 seconds
2019-06-25T13:19:26.599+0000: 363905.611: Application time: 0.0323586 seconds
2019-06-25T13:19:29.822+0000: 363908.834: Application time: 3.2227711 seconds
2019-06-25T13:19:29.822+0000: 363908.835: Application time: 0.0001728 seconds
2019-06-25T13:19:29.823+0000: 363908.835: Application time: 0.0001699 seconds
2019-06-25T13:19:29.823+0000: 363908.835: Application time: 0.0001809 seconds
2019-06-25T13:19:29.823+0000: 363908.835: Application time: 0.0001643 seconds
2019-06-25T13:19:29.823+0000: 363908.836: Application time: 0.0001688 seconds
2019-06-25T13:19:29.825+0000: 363908.837: Application time: 0.0014898 seconds
2019-06-25T13:19:43.896+0000: 363922.909: Application time: 14.0709816 seconds
2019-06-25T13:24:12.842+0000: 364191.854: Application time: 268.9452485 seconds
2019-06-25T13:24:12.852+0000: 364191.865: Application time: 0.0035968 seconds
{Heap before GC invocations=2357 (full 182):
 par new generation   total 9792K, used 9310K [0x00000000e1000000, 0x00000000e1aa0000, 0x00000000eb4a0000)
  eden space 8704K,  98% used [0x00000000e1000000, 0x00000000e185f288, 0x00000000e1880000)
  from space 1088K,  67% used [0x00000000e1990000, 0x00000000e1a48728, 0x00000000e1aa0000)
  to   space 1088K,   0% used [0x00000000e1880000, 0x00000000e1880000, 0x00000000e1990000)
 concurrent mark-sweep generation total 121500K, used 72807K [0x00000000eb4a0000, 0x00000000f2b47000, 0x0000000100000000)
 Metaspace       used 89123K, capacity 93620K, committed 93824K, reserved 1132544K
  class space    used 10743K, capacity 11548K, committed 11648K, reserved 1048576K
2019-06-25T13:24:12.853+0000: 364191.865: [GC (Allocation Failure) 2019-06-25T13:24:12.853+0000: 364191.866: [ParNew: 9310K->841K(9792K), 0.0052420 secs] 82118K->73847K(131292K), 0.0061322 secs] [Times: user=0.00 sys=0.00, real=0.01 secs] 
Heap after GC invocations=2358 (full 182):
 par new generation   total 9792K, used 841K [0x00000000e1000000, 0x00000000e1aa0000, 0x00000000eb4a0000)
  eden space 8704K,   0% used [0x00000000e1000000, 0x00000000e1000000, 0x00000000e1880000)
  from space 1088K,  77% used [0x00000000e1880000, 0x00000000e19527a0, 0x00000000e1990000)
  to   space 1088K,   0% used [0x00000000e1990000, 0x00000000e1990000, 0x00000000e1aa0000)
 concurrent mark-sweep generation total 121500K, used 73005K [0x00000000eb4a0000, 0x00000000f2b47000, 0x0000000100000000)
 Metaspace       used 89123K, capacity 93620K, committed 93824K, reserved 1132544K
  class space    used 10743K, capacity 11548K, committed 11648K, reserved 1048576K
}
2019-06-25T13:24:12.860+0000: 364191.873: Application time: 0.0003566 seconds
2019-06-25T13:24:12.862+0000: 364191.874: [GC (CMS Initial Mark) [1 CMS-initial-mark: 73005K(121500K)] 74107K(131292K), 0.0037318 secs] [Times: user=0.00 sys=0.00, real=0.00 secs] 
2019-06-25T13:24:12.866+0000: 364191.879: [CMS-concurrent-mark-start]
2019-06-25T13:24:13.005+0000: 364192.017: [CMS-concurrent-mark: 0.139/0.139 secs] [Times: user=0.13 sys=0.00, real=0.14 secs] 
2019-06-25T13:24:13.005+0000: 364192.018: [CMS-concurrent-preclean-start]
2019-06-25T13:24:13.007+0000: 364192.019: [CMS-concurrent-preclean: 0.001/0.001 secs] [Times: user=0.01 sys=0.00, real=0.00 secs] 
2019-06-25T13:24:13.007+0000: 364192.020: Application time: 0.1411339 seconds
2019-06-25T13:24:13.008+0000: 364192.020: [GC (CMS Final Remark) [YG occupancy: 1812 K (9792 K)]2019-06-25T13:24:13.008+0000: 364192.020: [Rescan (parallel) , 0.0033011 secs]2019-06-25T13:24:13.012+0000: 364192.024: [weak refs processing, 0.0022512 secs]2019-06-25T13:24:13.014+0000: 364192.027: [class unloading, 0.0303874 secs]2019-06-25T13:24:13.045+0000: 364192.057: [scrub symbol table, 0.0216611 secs]2019-06-25T13:24:13.067+0000: 364192.080: [scrub string table, 0.0014875 secs][1 CMS-remark: 73005K(121500K)] 74818K(131292K), 0.0744750 secs] [Times: user=0.07 sys=0.00, real=0.08 secs] 
2019-06-25T13:24:13.083+0000: 364192.095: [CMS-concurrent-sweep-start]
2019-06-25T13:24:13.088+0000: 364192.101: Application time: 0.0054218 seconds
2019-06-25T13:24:13.089+0000: 364192.101: Application time: 0.0001470 seconds
2019-06-25T13:24:13.116+0000: 364192.128: [CMS-concurrent-sweep: 0.032/0.033 secs] [Times: user=0.04 sys=0.00, real=0.03 secs] 
2019-06-25T13:24:13.117+0000: 364192.129: [CMS-concurrent-reset-start]
2019-06-25T13:24:13.117+0000: 364192.129: [CMS-concurrent-reset: 0.000/0.000 secs] [Times: user=0.00 sys=0.00, real=0.00 secs] 
2019-06-25T13:24:14.089+0000: 364193.101: Application time: 1.0001932 seconds
2019-06-25T13:24:17.090+0000: 364196.102: Application time: 3.0005038 seconds
2019-06-25T13:24:21.271+0000: 364200.283: Application time: 4.1808913 seconds
2019-06-25T13:24:21.296+0000: 364200.308: Application time: 0.0247193 seconds
2019-06-25T13:24:24.062+0000: 364203.074: Application time: 2.7656309 seconds
2019-06-25T13:24:24.062+0000: 364203.074: Application time: 0.0000873 seconds
2019-06-25T13:24:24.062+0000: 364203.074: Application time: 0.0000606 seconds
2019-06-25T13:24:24.062+0000: 364203.075: Application time: 0.0001433 seconds
2019-06-25T13:24:24.062+0000: 364203.075: Application time: 0.0001059 seconds
2019-06-25T13:24:29.855+0000: 364208.868: Application time: 5.7928766 seconds
2019-06-25T13:24:29.856+0000: 364208.868: Application time: 0.0001649 seconds
2019-06-25T13:24:29.856+0000: 364208.868: Application time: 0.0001329 seconds
2019-06-25T13:24:29.856+0000: 364208.869: Application time: 0.0001274 seconds
2019-06-25T13:24:29.857+0000: 364208.869: Application time: 0.0005420 seconds
2019-06-25T13:24:29.858+0000: 364208.871: Application time: 0.0012381 seconds
2019-06-25T13:24:34.069+0000: 364213.081: Application time: 4.2104422 seconds
2019-06-25T13:24:58.073+0000: 364237.086: Application time: 24.0040336 seconds
2019-06-25T13:25:05.075+0000: 364244.087: Application time: 7.0011193 seconds
2019-06-25T13:25:20.077+0000: 364259.089: Application time: 15.0019913 seconds
2019-06-25T13:25:24.108+0000: 364263.120: Application time: 4.0310024 seconds
2019-06-25T13:25:24.108+0000: 364263.121: Application time: 0.0001225 seconds
2019-06-25T13:25:24.109+0000: 364263.121: Application time: 0.0000610 seconds
2019-06-25T13:25:24.109+0000: 364263.121: Application time: 0.0001359 seconds
2019-06-25T13:25:24.109+0000: 364263.122: Application time: 0.0001379 seconds
2019-06-25T13:25:24.307+0000: 364263.319: Application time: 0.1972889 seconds
2019-06-25T13:25:24.333+0000: 364263.346: Application time: 0.0261410 seconds
2019-06-25T13:25:29.863+0000: 364268.876: Application time: 5.5300205 seconds
2019-06-25T13:25:29.864+0000: 364268.876: Application time: 0.0000773 seconds
2019-06-25T13:25:29.864+0000: 364268.877: Application time: 0.0000658 seconds
2019-06-25T13:25:29.864+0000: 364268.877: Application time: 0.0000600 seconds
2019-06-25T13:25:29.865+0000: 364268.877: Application time: 0.0000881 seconds
2019-06-25T13:25:29.865+0000: 364268.877: Application time: 0.0000644 seconds
2019-06-25T13:25:29.865+0000: 364268.877: Application time: 0.0001415 seconds
2019-06-25T13:25:29.865+0000: 364268.877: Application time: 0.0001152 seconds
2019-06-25T13:25:29.867+0000: 364268.879: Application time: 0.0012763 seconds
2019-06-25T13:25:57.871+0000: 364296.883: Application time: 28.0039748 seconds
2019-06-25T13:26:14.873+0000: 364313.885: Application time: 17.0020751 seconds
2019-06-25T13:26:24.457+0000: 364323.469: Application time: 9.5834699 seconds
2019-06-25T13:26:24.459+0000: 364323.472: Application time: 0.0001057 seconds
2019-06-25T13:26:24.464+0000: 364323.476: Application time: 0.0043288 seconds
{Heap before GC invocations=2358 (full 183):
 par new generation   total 9792K, used 9491K [0x00000000e1000000, 0x00000000e1aa0000, 0x00000000eb4a0000)
  eden space 8704K,  99% used [0x00000000e1000000, 0x00000000e1872828, 0x00000000e1880000)
  from space 1088K,  77% used [0x00000000e1880000, 0x00000000e19527a0, 0x00000000e1990000)
  to   space 1088K,   0% used [0x00000000e1990000, 0x00000000e1990000, 0x00000000e1aa0000)
 concurrent mark-sweep generation total 121500K, used 69701K [0x00000000eb4a0000, 0x00000000f2b47000, 0x0000000100000000)
 Metaspace       used 89105K, capacity 93590K, committed 93824K, reserved 1132544K
  class space    used 10740K, capacity 11543K, committed 11648K, reserved 1048576K
2019-06-25T13:26:24.465+0000: 364323.477: [GC (Allocation Failure) 2019-06-25T13:26:24.465+0000: 364323.477: [ParNew: 9491K->1006K(9792K), 0.0108163 secs] 79193K->70947K(131292K), 0.0118010 secs] [Times: user=0.02 sys=0.00, real=0.01 secs] 
Heap after GC invocations=2359 (full 183):
 par new generation   total 9792K, used 1006K [0x00000000e1000000, 0x00000000e1aa0000, 0x00000000eb4a0000)
  eden space 8704K,   0% used [0x00000000e1000000, 0x00000000e1000000, 0x00000000e1880000)
  from space 1088K,  92% used [0x00000000e1990000, 0x00000000e1a8b880, 0x00000000e1aa0000)
  to   space 1088K,   0% used [0x00000000e1880000, 0x00000000e1880000, 0x00000000e1990000)
 concurrent mark-sweep generation total 121500K, used 69941K [0x00000000eb4a0000, 0x00000000f2b47000, 0x0000000100000000)
 Metaspace       used 89105K, capacity 93590K, committed 93824K, reserved 1132544K
  class space    used 10740K, capacity 11543K, committed 11648K, reserved 1048576K
}
2019-06-25T13:26:29.460+0000: 364328.472: Application time: 4.9828908 seconds
2019-06-25T13:26:29.506+0000: 364328.518: Application time: 0.0457891 seconds
2019-06-25T13:26:34.150+0000: 364333.162: Application time: 4.6434826 seconds
2019-06-25T13:26:34.150+0000: 364333.162: Application time: 0.0000696 seconds
2019-06-25T13:26:38.361+0000: 364337.373: Application time: 4.2097541 seconds
2019-06-25T13:26:38.388+0000: 364337.400: Application time: 0.0270273 seconds
2019-06-25T13:26:44.156+0000: 364343.169: Application time: 5.7683815 seconds
2019-06-25T13:26:44.157+0000: 364343.169: Application time: 0.0001402 seconds
2019-06-25T13:26:44.157+0000: 364343.169: Application time: 0.0001272 seconds
2019-06-25T13:26:44.157+0000: 364343.170: Application time: 0.0000660 seconds
2019-06-25T13:26:44.158+0000: 364343.170: Application time: 0.0000608 seconds
2019-06-25T13:26:44.158+0000: 364343.170: Application time: 0.0000641 seconds
2019-06-25T13:26:44.158+0000: 364343.170: Application time: 0.0001463 seconds
2019-06-25T13:26:44.158+0000: 364343.171: Application time: 0.0001482 seconds
2019-06-25T13:26:44.159+0000: 364343.172: Application time: 0.0010157 seconds
2019-06-25T13:27:44.191+0000: 364403.203: Application time: 60.0314263 seconds
2019-06-25T13:27:44.191+0000: 364403.204: Application time: 0.0000663 seconds
2019-06-25T13:27:44.191+0000: 364403.204: Application time: 0.0005206 seconds
2019-06-25T13:27:44.192+0000: 364403.204: Application time: 0.0000612 seconds
2019-06-25T13:27:44.192+0000: 364403.205: Application time: 0.0000578 seconds
2019-06-25T13:27:44.192+0000: 364403.205: Application time: 0.0000620 seconds
2019-06-25T13:27:46.307+0000: 364405.319: Application time: 2.1140889 seconds
2019-06-25T13:27:46.332+0000: 364405.344: Application time: 0.0249765 seconds
2019-06-25T13:27:54.198+0000: 364413.211: Application time: 7.8662920 seconds
2019-06-25T13:27:54.199+0000: 364413.211: Application time: 0.0000712 seconds
2019-06-25T13:27:54.199+0000: 364413.211: Application time: 0.0001404 seconds
2019-06-25T13:27:54.199+0000: 364413.211: Application time: 0.0001274 seconds
2019-06-25T13:27:54.200+0000: 364413.213: Application time: 0.0011878 seconds
2019-06-25T13:28:24.204+0000: 364443.217: Application time: 30.0036172 seconds
2019-06-25T13:28:44.228+0000: 364463.241: Application time: 20.0240242 seconds
{Heap before GC invocations=2359 (full 183):
 par new generation   total 9792K, used 9710K [0x00000000e1000000, 0x00000000e1aa0000, 0x00000000eb4a0000)
  eden space 8704K, 100% used [0x00000000e1000000, 0x00000000e1880000, 0x00000000e1880000)
  from space 1088K,  92% used [0x00000000e1990000, 0x00000000e1a8b880, 0x00000000e1aa0000)
  to   space 1088K,   0% used [0x00000000e1880000, 0x00000000e1880000, 0x00000000e1990000)
 concurrent mark-sweep generation total 121500K, used 69941K [0x00000000eb4a0000, 0x00000000f2b47000, 0x0000000100000000)
 Metaspace       used 89105K, capacity 93590K, committed 93824K, reserved 1132544K
  class space    used 10740K, capacity 11543K, committed 11648K, reserved 1048576K
2019-06-25T13:28:44.229+0000: 364463.242: [GC (Allocation Failure) 2019-06-25T13:28:44.230+0000: 364463.242: [ParNew: 9710K->928K(9792K), 0.0064087 secs] 79651K->71559K(131292K), 0.0073556 secs] [Times: user=0.01 sys=0.00, real=0.00 secs] 
Heap after GC invocations=2360 (full 183):
 par new generation   total 9792K, used 928K [0x00000000e1000000, 0x00000000e1aa0000, 0x00000000eb4a0000)
  eden space 8704K,   0% used [0x00000000e1000000, 0x00000000e1000000, 0x00000000e1880000)
  from space 1088K,  85% used [0x00000000e1880000, 0x00000000e1968398, 0x00000000e1990000)
  to   space 1088K,   0% used [0x00000000e1990000, 0x00000000e1990000, 0x00000000e1aa0000)
 concurrent mark-sweep generation total 121500K, used 70630K [0x00000000eb4a0000, 0x00000000f2b47000, 0x0000000100000000)
 Metaspace       used 89105K, capacity 93590K, committed 93824K, reserved 1132544K
  class space    used 10740K, capacity 11543K, committed 11648K, reserved 1048576K
}
2019-06-25T13:29:04.249+0000: 364483.261: Application time: 20.0113392 seconds
2019-06-25T13:29:04.249+0000: 364483.261: Application time: 0.0000677 seconds
2019-06-25T13:29:04.249+0000: 364483.262: Application time: 0.0000643 seconds
2019-06-25T13:29:04.249+0000: 364483.262: Application time: 0.0000716 seconds
2019-06-25T13:29:04.250+0000: 364483.262: Application time: 0.0000578 seconds
2019-06-25T13:29:04.250+0000: 364483.262: Application time: 0.0000595 seconds
2019-06-25T13:29:08.002+0000: 364487.015: Application time: 3.7519818 seconds
2019-06-25T13:29:08.034+0000: 364487.046: Application time: 0.0312822 seconds
2019-06-25T13:29:14.255+0000: 364493.268: Application time: 6.2215020 seconds
2019-06-25T13:29:14.256+0000: 364493.268: Application time: 0.0000693 seconds
2019-06-25T13:29:14.256+0000: 364493.268: Application time: 0.0001451 seconds
2019-06-25T13:29:14.256+0000: 364493.269: Application time: 0.0001192 seconds
2019-06-25T13:29:14.258+0000: 364493.270: Application time: 0.0010709 seconds
2019-06-25T13:31:29.905+0000: 364628.918: Application time: 135.6478484 seconds
2019-06-25T13:31:29.906+0000: 364628.918: Application time: 0.0000483 seconds
2019-06-25T13:31:29.906+0000: 364628.919: Application time: 0.0000700 seconds
2019-06-25T13:31:29.906+0000: 364628.919: Application time: 0.0000773 seconds
2019-06-25T13:31:29.907+0000: 364628.919: Application time: 0.0005490 seconds
2019-06-25T13:31:29.907+0000: 364628.920: Application time: 0.0001141 seconds
2019-06-25T13:31:32.961+0000: 364631.974: Application time: 3.0539158 seconds
2019-06-25T13:31:32.987+0000: 364631.999: Application time: 0.0250164 seconds
2019-06-25T13:31:34.334+0000: 364633.346: Application time: 1.3469160 seconds
2019-06-25T13:31:34.334+0000: 364633.346: Application time: 0.0000691 seconds
2019-06-25T13:31:34.334+0000: 364633.347: Application time: 0.0000656 seconds
2019-06-25T13:31:34.335+0000: 364633.347: Application time: 0.0001470 seconds
2019-06-25T13:31:34.335+0000: 364633.347: Application time: 0.0001437 seconds
2019-06-25T13:31:34.336+0000: 364633.348: Application time: 0.0010341 seconds
2019-06-25T13:31:54.404+0000: 364653.416: Application time: 20.0675255 seconds
{Heap before GC invocations=2360 (full 183):
 par new generation   total 9792K, used 9632K [0x00000000e1000000, 0x00000000e1aa0000, 0x00000000eb4a0000)
  eden space 8704K,  99% used [0x00000000e1000000, 0x00000000e187fef8, 0x00000000e1880000)
  from space 1088K,  85% used [0x00000000e1880000, 0x00000000e1968398, 0x00000000e1990000)
  to   space 1088K,   0% used [0x00000000e1990000, 0x00000000e1990000, 0x00000000e1aa0000)
 concurrent mark-sweep generation total 121500K, used 70630K [0x00000000eb4a0000, 0x00000000f2b47000, 0x0000000100000000)
 Metaspace       used 89109K, capacity 93596K, committed 93824K, reserved 1132544K
  class space    used 10741K, capacity 11544K, committed 11648K, reserved 1048576K
2019-06-25T13:31:54.404+0000: 364653.416: [GC (Allocation Failure) 2019-06-25T13:31:54.404+0000: 364653.417: [ParNew: 9632K->802K(9792K), 0.0038855 secs] 80263K->71433K(131292K), 0.0047002 secs] [Times: user=0.00 sys=0.00, real=0.01 secs] 
Heap after GC invocations=2361 (full 183):
 par new generation   total 9792K, used 802K [0x00000000e1000000, 0x00000000e1aa0000, 0x00000000eb4a0000)
  eden space 8704K,   0% used [0x00000000e1000000, 0x00000000e1000000, 0x00000000e1880000)
  from space 1088K,  73% used [0x00000000e1990000, 0x00000000e1a58b68, 0x00000000e1aa0000)
  to   space 1088K,   0% used [0x00000000e1880000, 0x00000000e1880000, 0x00000000e1990000)
 concurrent mark-sweep generation total 121500K, used 70630K [0x00000000eb4a0000, 0x00000000f2b47000, 0x0000000100000000)
 Metaspace       used 89109K, capacity 93596K, committed 93824K, reserved 1132544K
  class space    used 10741K, capacity 11544K, committed 11648K, reserved 1048576K
}
2019-06-25T13:31:57.765+0000: 364656.777: Application time: 3.3549226 seconds
2019-06-25T13:31:57.765+0000: 364656.777: Application time: 0.0000709 seconds
2019-06-25T13:31:57.765+0000: 364656.777: Application time: 0.0000655 seconds
2019-06-25T13:31:57.765+0000: 364656.777: Application time: 0.0000582 seconds
2019-06-25T13:31:57.765+0000: 364656.778: Application time: 0.0004863 seconds
2019-06-25T13:31:57.766+0000: 364656.778: Application time: 0.0000609 seconds
2019-06-25T13:31:59.402+0000: 364658.414: Application time: 1.6358499 seconds
2019-06-25T13:31:59.432+0000: 364658.444: Application time: 0.0298567 seconds
2019-06-25T13:31:59.911+0000: 364658.923: Application time: 0.4785449 seconds
2019-06-25T13:31:59.911+0000: 364658.923: Application time: 0.0001621 seconds
2019-06-25T13:31:59.911+0000: 364658.924: Application time: 0.0002046 seconds
2019-06-25T13:31:59.912+0000: 364658.924: Application time: 0.0001883 seconds
2019-06-25T13:31:59.913+0000: 364658.925: Application time: 0.0011506 seconds
2019-06-25T13:36:05.950+0000: 364904.962: Application time: 246.0369500 seconds
2019-06-25T13:36:24.491+0000: 364923.504: Application time: 18.5411415 seconds
2019-06-25T13:37:54.542+0000: 365013.554: Application time: 90.0504798 seconds
{Heap before GC invocations=2361 (full 183):
 par new generation   total 9792K, used 9506K [0x00000000e1000000, 0x00000000e1aa0000, 0x00000000eb4a0000)
  eden space 8704K, 100% used [0x00000000e1000000, 0x00000000e1880000, 0x00000000e1880000)
  from space 1088K,  73% used [0x00000000e1990000, 0x00000000e1a58b68, 0x00000000e1aa0000)
  to   space 1088K,   0% used [0x00000000e1880000, 0x00000000e1880000, 0x00000000e1990000)
 concurrent mark-sweep generation total 121500K, used 70630K [0x00000000eb4a0000, 0x00000000f2b47000, 0x0000000100000000)
 Metaspace       used 89109K, capacity 93596K, committed 93824K, reserved 1132544K
  class space    used 10741K, capacity 11544K, committed 11648K, reserved 1048576K
2019-06-25T13:37:54.551+0000: 365013.564: [GC (Allocation Failure) 2019-06-25T13:37:54.552+0000: 365013.564: [ParNew: 9506K->582K(9792K), 0.0075150 secs] 80137K->71529K(131292K), 0.0089277 secs] [Times: user=0.02 sys=0.00, real=0.01 secs] 
Heap after GC invocations=2362 (full 183):
 par new generation   total 9792K, used 582K [0x00000000e1000000, 0x00000000e1aa0000, 0x00000000eb4a0000)
  eden space 8704K,   0% used [0x00000000e1000000, 0x00000000e1000000, 0x00000000e1880000)
  from space 1088K,  53% used [0x00000000e1880000, 0x00000000e19119c0, 0x00000000e1990000)
  to   space 1088K,   0% used [0x00000000e1990000, 0x00000000e1990000, 0x00000000e1aa0000)
 concurrent mark-sweep generation total 121500K, used 70947K [0x00000000eb4a0000, 0x00000000f2b47000, 0x0000000100000000)
 Metaspace       used 89109K, capacity 93596K, committed 93824K, reserved 1132544K
  class space    used 10741K, capacity 11544K, committed 11648K, reserved 1048576K
}
2019-06-25T13:44:23.845+0000: 365402.857: Application time: 389.2828805 seconds
2019-06-25T13:45:04.814+0000: 365443.826: Application time: 40.9687897 seconds
{Heap before GC invocations=2362 (full 183):
 par new generation   total 9792K, used 9286K [0x00000000e1000000, 0x00000000e1aa0000, 0x00000000eb4a0000)
  eden space 8704K, 100% used [0x00000000e1000000, 0x00000000e1880000, 0x00000000e1880000)
  from space 1088K,  53% used [0x00000000e1880000, 0x00000000e19119c0, 0x00000000e1990000)
  to   space 1088K,   0% used [0x00000000e1990000, 0x00000000e1990000, 0x00000000e1aa0000)
 concurrent mark-sweep generation total 121500K, used 70947K [0x00000000eb4a0000, 0x00000000f2b47000, 0x0000000100000000)
 Metaspace       used 89111K, capacity 93602K, committed 93824K, reserved 1132544K
  class space    used 10742K, capacity 11545K, committed 11648K, reserved 1048576K
2019-06-25T13:45:04.815+0000: 365443.827: [GC (Allocation Failure) 2019-06-25T13:45:04.815+0000: 365443.827: [ParNew: 9286K->864K(9792K), 0.0035910 secs] 80233K->71811K(131292K), 0.0042720 secs] [Times: user=0.01 sys=0.00, real=0.01 secs] 
Heap after GC invocations=2363 (full 183):
 par new generation   total 9792K, used 864K [0x00000000e1000000, 0x00000000e1aa0000, 0x00000000eb4a0000)
  eden space 8704K,   0% used [0x00000000e1000000, 0x00000000e1000000, 0x00000000e1880000)
  from space 1088K,  79% used [0x00000000e1990000, 0x00000000e1a681c8, 0x00000000e1aa0000)
  to   space 1088K,   0% used [0x00000000e1880000, 0x00000000e1880000, 0x00000000e1990000)
 concurrent mark-sweep generation total 121500K, used 70947K [0x00000000eb4a0000, 0x00000000f2b47000, 0x0000000100000000)
 Metaspace       used 89111K, capacity 93602K, committed 93824K, reserved 1132544K
  class space    used 10742K, capacity 11545K, committed 11648K, reserved 1048576K
}
2019-06-25T13:48:59.854+0000: 365678.867: Application time: 235.0346088 seconds
2019-06-25T13:49:00.055+0000: 365679.067: Application time: 0.2004170 seconds
2019-06-25T13:49:00.055+0000: 365679.067: Application time: 0.0000427 seconds
2019-06-25T13:49:00.055+0000: 365679.068: Application time: 0.0000648 seconds
2019-06-25T13:49:00.056+0000: 365679.068: Application time: 0.0000644 seconds
2019-06-25T13:49:00.056+0000: 365679.068: Application time: 0.0000559 seconds
2019-06-25T13:49:00.056+0000: 365679.069: Application time: 0.0000583 seconds
2019-06-25T13:49:04.727+0000: 365683.739: Application time: 4.6703931 seconds
2019-06-25T13:49:04.752+0000: 365683.764: Application time: 0.0249278 seconds
2019-06-25T13:49:04.949+0000: 365683.961: Application time: 0.1967617 seconds
2019-06-25T13:49:04.949+0000: 365683.962: Application time: 0.0001561 seconds
2019-06-25T13:49:04.950+0000: 365683.962: Application time: 0.0001654 seconds
2019-06-25T13:49:04.950+0000: 365683.962: Application time: 0.0001534 seconds
2019-06-25T13:49:04.951+0000: 365683.963: Application time: 0.0011409 seconds
2019-06-25T13:50:35.004+0000: 365774.016: Application time: 90.0521855 seconds
{Heap before GC invocations=2363 (full 183):
 par new generation   total 9792K, used 9568K [0x00000000e1000000, 0x00000000e1aa0000, 0x00000000eb4a0000)
  eden space 8704K, 100% used [0x00000000e1000000, 0x00000000e1880000, 0x00000000e1880000)
  from space 1088K,  79% used [0x00000000e1990000, 0x00000000e1a681c8, 0x00000000e1aa0000)
  to   space 1088K,   0% used [0x00000000e1880000, 0x00000000e1880000, 0x00000000e1990000)
 concurrent mark-sweep generation total 121500K, used 70947K [0x00000000eb4a0000, 0x00000000f2b47000, 0x0000000100000000)
 Metaspace       used 89111K, capacity 93602K, committed 93824K, reserved 1132544K
  class space    used 10742K, capacity 11545K, committed 11648K, reserved 1048576K
2019-06-25T13:50:35.005+0000: 365774.017: [GC (Allocation Failure) 2019-06-25T13:50:35.006+0000: 365774.018: [ParNew: 9568K->939K(9792K), 0.0155750 secs] 80515K->72117K(131292K), 0.0166148 secs] [Times: user=0.03 sys=0.00, real=0.02 secs] 
Heap after GC invocations=2364 (full 183):
 par new generation   total 9792K, used 939K [0x00000000e1000000, 0x00000000e1aa0000, 0x00000000eb4a0000)
  eden space 8704K,   0% used [0x00000000e1000000, 0x00000000e1000000, 0x00000000e1880000)
  from space 1088K,  86% used [0x00000000e1880000, 0x00000000e196acf0, 0x00000000e1990000)
  to   space 1088K,   0% used [0x00000000e1990000, 0x00000000e1990000, 0x00000000e1aa0000)
 concurrent mark-sweep generation total 121500K, used 71178K [0x00000000eb4a0000, 0x00000000f2b47000, 0x0000000100000000)
 Metaspace       used 89111K, capacity 93602K, committed 93824K, reserved 1132544K
  class space    used 10742K, capacity 11545K, committed 11648K, reserved 1048576K
}
2019-06-25T13:53:05.104+0000: 365924.116: Application time: 150.0811058 seconds
2019-06-25T13:53:41.178+0000: 365960.190: Application time: 36.0742306 seconds
2019-06-25T13:53:41.180+0000: 365960.193: Application time: 0.0004843 seconds
2019-06-25T13:53:41.181+0000: 365960.194: Application time: 0.0008579 seconds
2019-06-25T13:53:41.185+0000: 365960.197: Application time: 0.0001819 seconds
2019-06-25T13:53:41.186+0000: 365960.199: Application time: 0.0014196 seconds
2019-06-25T13:53:41.187+0000: 365960.199: Application time: 0.0001923 seconds
2019-06-25T13:53:46.187+0000: 365965.200: Application time: 5.0004418 seconds
2019-06-25T13:53:46.210+0000: 365965.222: Application time: 0.0219775 seconds
2019-06-25T13:53:55.132+0000: 365974.144: Application time: 8.9221240 seconds
2019-06-25T13:53:55.132+0000: 365974.145: Application time: 0.0000688 seconds
2019-06-25T13:53:55.132+0000: 365974.145: Application time: 0.0000640 seconds
2019-06-25T13:53:55.133+0000: 365974.145: Application time: 0.0000627 seconds
2019-06-25T13:53:55.133+0000: 365974.145: Application time: 0.0000593 seconds
2019-06-25T13:53:55.133+0000: 365974.146: Application time: 0.0000633 seconds
2019-06-25T13:53:56.137+0000: 365975.150: Application time: 1.0040810 seconds
2019-06-25T13:53:56.161+0000: 365975.174: Application time: 0.0236603 seconds
2019-06-25T13:53:57.823+0000: 365976.836: Application time: 1.6619341 seconds
2019-06-25T13:53:57.824+0000: 365976.836: Application time: 0.0001576 seconds
2019-06-25T13:53:57.824+0000: 365976.836: Application time: 0.0001369 seconds
2019-06-25T13:53:57.825+0000: 365976.837: Application time: 0.0002964 seconds
2019-06-25T13:53:57.825+0000: 365976.837: Application time: 0.0001632 seconds
2019-06-25T13:53:57.826+0000: 365976.838: Application time: 0.0011203 seconds
2019-06-25T13:54:23.935+0000: 366002.947: Application time: 26.1085877 seconds
{Heap before GC invocations=2364 (full 183):
 par new generation   total 9792K, used 9643K [0x00000000e1000000, 0x00000000e1aa0000, 0x00000000eb4a0000)
  eden space 8704K, 100% used [0x00000000e1000000, 0x00000000e1880000, 0x00000000e1880000)
  from space 1088K,  86% used [0x00000000e1880000, 0x00000000e196acf0, 0x00000000e1990000)
  to   space 1088K,   0% used [0x00000000e1990000, 0x00000000e1990000, 0x00000000e1aa0000)
 concurrent mark-sweep generation total 121500K, used 71178K [0x00000000eb4a0000, 0x00000000f2b47000, 0x0000000100000000)
 Metaspace       used 89111K, capacity 93602K, committed 93824K, reserved 1132544K
  class space    used 10742K, capacity 11545K, committed 11648K, reserved 1048576K
2019-06-25T13:54:23.936+0000: 366002.948: [GC (Allocation Failure) 2019-06-25T13:54:23.936+0000: 366002.948: [ParNew: 9643K->746K(9792K), 0.0033958 secs] 80821K->72000K(131292K), 0.0042414 secs] [Times: user=0.00 sys=0.00, real=0.01 secs] 
Heap after GC invocations=2365 (full 183):
 par new generation   total 9792K, used 746K [0x00000000e1000000, 0x00000000e1aa0000, 0x00000000eb4a0000)
  eden space 8704K,   0% used [0x00000000e1000000, 0x00000000e1000000, 0x00000000e1880000)
  from space 1088K,  68% used [0x00000000e1990000, 0x00000000e1a4aba8, 0x00000000e1aa0000)
  to   space 1088K,   0% used [0x00000000e1880000, 0x00000000e1880000, 0x00000000e1990000)
 concurrent mark-sweep generation total 121500K, used 71254K [0x00000000eb4a0000, 0x00000000f2b47000, 0x0000000100000000)
 Metaspace       used 89111K, capacity 93602K, committed 93824K, reserved 1132544K
  class space    used 10742K, capacity 11545K, committed 11648K, reserved 1048576K
}
2019-06-25T13:54:57.828+0000: 366036.840: Application time: 33.8867670 seconds
2019-06-25T13:54:57.828+0000: 366036.840: Application time: 0.0001334 seconds
2019-06-25T13:54:57.828+0000: 366036.840: Application time: 0.0001292 seconds
2019-06-25T13:54:57.828+0000: 366036.841: Application time: 0.0001296 seconds
2019-06-25T13:54:57.829+0000: 366036.841: Application time: 0.0000705 seconds
2019-06-25T13:54:57.829+0000: 366036.842: Application time: 0.0000655 seconds
2019-06-25T13:54:57.830+0000: 366036.842: Application time: 0.0001416 seconds
2019-06-25T13:54:57.830+0000: 366036.842: Application time: 0.0001051 seconds
2019-06-25T13:55:00.094+0000: 366039.106: Application time: 2.2641386 seconds
2019-06-25T13:55:00.094+0000: 366039.107: Application time: 0.0001948 seconds
2019-06-25T13:55:00.096+0000: 366039.108: Application time: 0.0014299 seconds
2019-06-25T13:55:01.606+0000: 366040.618: Application time: 1.5094848 seconds
2019-06-25T13:55:01.633+0000: 366040.645: Application time: 0.0272586 seconds
2019-06-25T13:55:52.412+0000: 366091.424: Application time: 50.7788036 seconds
2019-06-25T13:55:52.413+0000: 366091.425: Application time: 0.0001598 seconds
2019-06-25T13:55:52.413+0000: 366091.425: Application time: 0.0001708 seconds
2019-06-25T13:55:52.413+0000: 366091.426: Application time: 0.0001714 seconds
2019-06-25T13:55:52.414+0000: 366091.427: Application time: 0.0005450 seconds
2019-06-25T13:55:57.415+0000: 366096.427: Application time: 5.0007453 seconds
2019-06-25T13:55:57.446+0000: 366096.458: Application time: 0.0303932 seconds
2019-06-25T13:56:21.414+0000: 366120.427: Application time: 23.9686510 seconds
{Heap before GC invocations=2365 (full 183):
 par new generation   total 9792K, used 9449K [0x00000000e1000000, 0x00000000e1aa0000, 0x00000000eb4a0000)
  eden space 8704K,  99% used [0x00000000e1000000, 0x00000000e187fc28, 0x00000000e1880000)
  from space 1088K,  68% used [0x00000000e1990000, 0x00000000e1a4aba8, 0x00000000e1aa0000)
  to   space 1088K,   0% used [0x00000000e1880000, 0x00000000e1880000, 0x00000000e1990000)
 concurrent mark-sweep generation total 121500K, used 71254K [0x00000000eb4a0000, 0x00000000f2b47000, 0x0000000100000000)
 Metaspace       used 89111K, capacity 93602K, committed 93824K, reserved 1132544K
  class space    used 10742K, capacity 11545K, committed 11648K, reserved 1048576K
2019-06-25T13:56:21.432+0000: 366120.444: [GC (Allocation Failure) 2019-06-25T13:56:21.433+0000: 366120.445: [ParNew: 9449K->879K(9792K), 0.0034789 secs] 80703K->72265K(131292K), 0.0046798 secs] [Times: user=0.01 sys=0.00, real=0.00 secs] 
Heap after GC invocations=2366 (full 183):
 par new generation   total 9792K, used 879K [0x00000000e1000000, 0x00000000e1aa0000, 0x00000000eb4a0000)
  eden space 8704K,   0% used [0x00000000e1000000, 0x00000000e1000000, 0x00000000e1880000)
  from space 1088K,  80% used [0x00000000e1880000, 0x00000000e195bd18, 0x00000000e1990000)
  to   space 1088K,   0% used [0x00000000e1990000, 0x00000000e1990000, 0x00000000e1aa0000)
 concurrent mark-sweep generation total 121500K, used 71386K [0x00000000eb4a0000, 0x00000000f2b47000, 0x0000000100000000)
 Metaspace       used 89111K, capacity 93602K, committed 93824K, reserved 1132544K
  class space    used 10742K, capacity 11545K, committed 11648K, reserved 1048576K
}
2019-06-25T13:56:25.214+0000: 366124.227: Application time: 3.7770738 seconds
2019-06-25T13:56:25.215+0000: 366124.227: Application time: 0.0003073 seconds
2019-06-25T13:56:25.215+0000: 366124.227: Application time: 0.0000735 seconds
2019-06-25T13:56:25.215+0000: 366124.228: Application time: 0.0000658 seconds
2019-06-25T13:56:25.215+0000: 366124.228: Application time: 0.0006545 seconds
2019-06-25T13:56:25.216+0000: 366124.229: Application time: 0.0000734 seconds
2019-06-25T13:56:25.217+0000: 366124.229: Application time: 0.0001395 seconds
2019-06-25T13:56:25.217+0000: 366124.229: Application time: 0.0001266 seconds
2019-06-25T13:56:26.393+0000: 366125.405: Application time: 1.1760356 seconds
2019-06-25T13:56:26.439+0000: 366125.451: Application time: 0.0455826 seconds
2019-06-25T13:56:30.105+0000: 366129.118: Application time: 3.6663240 seconds
2019-06-25T13:56:30.106+0000: 366129.118: Application time: 0.0000731 seconds
2019-06-25T13:56:30.107+0000: 366129.120: Application time: 0.0016472 seconds
2019-06-25T13:57:24.620+0000: 366183.633: Application time: 54.5127179 seconds
2019-06-25T13:57:24.647+0000: 366183.659: Application time: 0.0262788 seconds
2019-06-25T13:57:25.249+0000: 366184.261: Application time: 0.6020112 seconds
2019-06-25T13:57:25.249+0000: 366184.262: Application time: 0.0000683 seconds
2019-06-25T13:57:25.250+0000: 366184.262: Application time: 0.0004749 seconds
2019-06-25T13:57:25.250+0000: 366184.263: Application time: 0.0001104 seconds
2019-06-25T13:57:25.251+0000: 366184.263: Application time: 0.0001538 seconds
2019-06-25T13:57:25.251+0000: 366184.263: Application time: 0.0001329 seconds
2019-06-25T13:57:25.251+0000: 366184.264: Application time: 0.0002712 seconds
2019-06-25T13:57:25.251+0000: 366184.264: Application time: 0.0001579 seconds
2019-06-25T13:57:30.113+0000: 366189.125: Application time: 4.8613856 seconds
2019-06-25T13:57:30.114+0000: 366189.126: Application time: 0.0001314 seconds
2019-06-25T13:57:30.115+0000: 366189.127: Application time: 0.0012363 seconds
2019-06-25T13:58:25.285+0000: 366244.297: Application time: 55.1695830 seconds
2019-06-25T13:58:25.285+0000: 366244.297: Application time: 0.0001584 seconds
2019-06-25T13:58:25.285+0000: 366244.298: Application time: 0.0001551 seconds
2019-06-25T13:58:25.286+0000: 366244.298: Application time: 0.0001505 seconds
2019-06-25T13:58:25.286+0000: 366244.298: Application time: 0.0001430 seconds
2019-06-25T13:58:25.287+0000: 366244.299: Application time: 0.0000697 seconds
2019-06-25T13:58:25.287+0000: 366244.299: Application time: 0.0001411 seconds
2019-06-25T13:58:25.287+0000: 366244.299: Application time: 0.0001117 seconds
2019-06-25T13:58:30.008+0000: 366249.020: Application time: 4.7202412 seconds
2019-06-25T13:58:30.033+0000: 366249.046: Application time: 0.0256106 seconds
2019-06-25T13:58:30.121+0000: 366249.133: Application time: 0.0872992 seconds
2019-06-25T13:58:30.121+0000: 366249.134: Application time: 0.0001429 seconds
2019-06-25T13:58:30.123+0000: 366249.135: Application time: 0.0013997 seconds
2019-06-25T13:59:55.339+0000: 366334.352: Application time: 85.2162192 seconds
{Heap before GC invocations=2366 (full 183):
 par new generation   total 9792K, used 9583K [0x00000000e1000000, 0x00000000e1aa0000, 0x00000000eb4a0000)
  eden space 8704K, 100% used [0x00000000e1000000, 0x00000000e1880000, 0x00000000e1880000)
  from space 1088K,  80% used [0x00000000e1880000, 0x00000000e195bd18, 0x00000000e1990000)
  to   space 1088K,   0% used [0x00000000e1990000, 0x00000000e1990000, 0x00000000e1aa0000)
 concurrent mark-sweep generation total 121500K, used 71386K [0x00000000eb4a0000, 0x00000000f2b47000, 0x0000000100000000)
 Metaspace       used 89123K, capacity 93620K, committed 93824K, reserved 1132544K
  class space    used 10743K, capacity 11548K, committed 11648K, reserved 1048576K
2019-06-25T13:59:55.340+0000: 366334.352: [GC (Allocation Failure) 2019-06-25T13:59:55.340+0000: 366334.353: [ParNew: 9583K->893K(9792K), 0.0090213 secs] 80969K->72755K(131292K), 0.0098501 secs] [Times: user=0.01 sys=0.00, real=0.01 secs] 
Heap after GC invocations=2367 (full 183):
 par new generation   total 9792K, used 893K [0x00000000e1000000, 0x00000000e1aa0000, 0x00000000eb4a0000)
  eden space 8704K,   0% used [0x00000000e1000000, 0x00000000e1000000, 0x00000000e1880000)
  from space 1088K,  82% used [0x00000000e1990000, 0x00000000e1a6f4d0, 0x00000000e1aa0000)
  to   space 1088K,   0% used [0x00000000e1880000, 0x00000000e1880000, 0x00000000e1990000)
 concurrent mark-sweep generation total 121500K, used 71862K [0x00000000eb4a0000, 0x00000000f2b47000, 0x0000000100000000)
 Metaspace       used 89123K, capacity 93620K, committed 93824K, reserved 1132544K
  class space    used 10743K, capacity 11548K, committed 11648K, reserved 1048576K
}
2019-06-25T14:01:15.395+0000: 366414.407: Application time: 80.0444382 seconds
2019-06-25T14:01:15.395+0000: 366414.408: Application time: 0.0001693 seconds
2019-06-25T14:01:15.396+0000: 366414.408: Application time: 0.0001647 seconds
2019-06-25T14:01:15.396+0000: 366414.408: Application time: 0.0001534 seconds
2019-06-25T14:01:15.397+0000: 366414.409: Application time: 0.0000636 seconds
2019-06-25T14:01:15.397+0000: 366414.409: Application time: 0.0000554 seconds
2019-06-25T14:01:15.397+0000: 366414.409: Application time: 0.0000632 seconds
2019-06-25T14:01:15.397+0000: 366414.410: Application time: 0.0001347 seconds
2019-06-25T14:01:15.398+0000: 366414.410: Application time: 0.0001256 seconds
2019-06-25T14:01:20.340+0000: 366419.352: Application time: 4.9417638 seconds
2019-06-25T14:01:20.366+0000: 366419.378: Application time: 0.0258675 seconds
2019-06-25T14:01:25.403+0000: 366424.416: Application time: 5.0373549 seconds
2019-06-25T14:01:25.405+0000: 366424.417: Application time: 0.0013620 seconds
2019-06-25T14:01:35.409+0000: 366434.422: Application time: 10.0043559 seconds
2019-06-25T14:01:35.410+0000: 366434.422: Application time: 0.0000669 seconds
2019-06-25T14:01:35.410+0000: 366434.423: Application time: 0.0000592 seconds
2019-06-25T14:01:35.411+0000: 366434.423: Application time: 0.0000596 seconds
2019-06-25T14:01:35.411+0000: 366434.423: Application time: 0.0004587 seconds
2019-06-25T14:01:35.412+0000: 366434.424: Application time: 0.0000876 seconds
2019-06-25T14:01:35.412+0000: 366434.424: Application time: 0.0000610 seconds
2019-06-25T14:01:35.412+0000: 366434.425: Application time: 0.0001408 seconds
2019-06-25T14:01:35.413+0000: 366434.425: Application time: 0.0000586 seconds
2019-06-25T14:01:38.044+0000: 366437.056: Application time: 2.6308398 seconds
2019-06-25T14:01:38.068+0000: 366437.080: Application time: 0.0241078 seconds
2019-06-25T14:01:45.419+0000: 366444.431: Application time: 7.3504268 seconds
2019-06-25T14:01:45.419+0000: 366444.431: Application time: 0.0000695 seconds
2019-06-25T14:01:45.419+0000: 366444.431: Application time: 0.0000643 seconds
2019-06-25T14:01:45.419+0000: 366444.431: Application time: 0.0000586 seconds
2019-06-25T14:01:45.419+0000: 366444.432: Application time: 0.0000582 seconds
2019-06-25T14:01:45.420+0000: 366444.432: Application time: 0.0000621 seconds
2019-06-25T14:01:45.421+0000: 366444.433: Application time: 0.0017547 seconds
2019-06-25T14:01:58.423+0000: 366457.436: Application time: 13.0016717 seconds
2019-06-25T14:03:35.483+0000: 366554.496: Application time: 97.0599848 seconds
{Heap before GC invocations=2367 (full 183):
 par new generation   total 9792K, used 9589K [0x00000000e1000000, 0x00000000e1aa0000, 0x00000000eb4a0000)
  eden space 8704K,  99% used [0x00000000e1000000, 0x00000000e187dff8, 0x00000000e1880000)
  from space 1088K,  82% used [0x00000000e1990000, 0x00000000e1a6f4d0, 0x00000000e1aa0000)
  to   space 1088K,   0% used [0x00000000e1880000, 0x00000000e1880000, 0x00000000e1990000)
 concurrent mark-sweep generation total 121500K, used 71862K [0x00000000eb4a0000, 0x00000000f2b47000, 0x0000000100000000)
 Metaspace       used 89124K, capacity 93620K, committed 93824K, reserved 1132544K
  class space    used 10743K, capacity 11548K, committed 11648K, reserved 1048576K
2019-06-25T14:03:35.484+0000: 366554.496: [GC (Allocation Failure) 2019-06-25T14:03:35.484+0000: 366554.497: [ParNew: 9589K->828K(9792K), 0.0047636 secs] 81451K->73021K(131292K), 0.0058140 secs] [Times: user=0.01 sys=0.00, real=0.01 secs] 
Heap after GC invocations=2368 (full 183):
 par new generation   total 9792K, used 828K [0x00000000e1000000, 0x00000000e1aa0000, 0x00000000eb4a0000)
  eden space 8704K,   0% used [0x00000000e1000000, 0x00000000e1000000, 0x00000000e1880000)
  from space 1088K,  76% used [0x00000000e1880000, 0x00000000e194f2e0, 0x00000000e1990000)
  to   space 1088K,   0% used [0x00000000e1990000, 0x00000000e1990000, 0x00000000e1aa0000)
 concurrent mark-sweep generation total 121500K, used 72192K [0x00000000eb4a0000, 0x00000000f2b47000, 0x0000000100000000)
 Metaspace       used 89124K, capacity 93620K, committed 93824K, reserved 1132544K
  class space    used 10743K, capacity 11548K, committed 11648K, reserved 1048576K
}
2019-06-25T14:09:24.022+0000: 366903.034: Application time: 348.5317637 seconds
2019-06-25T14:09:45.695+0000: 366924.707: Application time: 21.6721465 seconds
2019-06-25T14:10:55.735+0000: 366994.748: Application time: 70.0404649 seconds
{Heap before GC invocations=2368 (full 183):
 par new generation   total 9792K, used 9532K [0x00000000e1000000, 0x00000000e1aa0000, 0x00000000eb4a0000)
  eden space 8704K, 100% used [0x00000000e1000000, 0x00000000e1880000, 0x00000000e1880000)
  from space 1088K,  76% used [0x00000000e1880000, 0x00000000e194f2e0, 0x00000000e1990000)
  to   space 1088K,   0% used [0x00000000e1990000, 0x00000000e1990000, 0x00000000e1aa0000)
 concurrent mark-sweep generation total 121500K, used 72192K [0x00000000eb4a0000, 0x00000000f2b47000, 0x0000000100000000)
 Metaspace       used 89124K, capacity 93620K, committed 93824K, reserved 1132544K
  class space    used 10743K, capacity 11548K, committed 11648K, reserved 1048576K
2019-06-25T14:10:55.736+0000: 366994.748: [GC (Allocation Failure) 2019-06-25T14:10:55.736+0000: 366994.749: [ParNew: 9532K->782K(9792K), 0.0091759 secs] 81725K->73253K(131292K), 0.0101204 secs] [Times: user=0.02 sys=0.00, real=0.01 secs] 
Heap after GC invocations=2369 (full 183):
 par new generation   total 9792K, used 782K [0x00000000e1000000, 0x00000000e1aa0000, 0x00000000eb4a0000)
  eden space 8704K,   0% used [0x00000000e1000000, 0x00000000e1000000, 0x00000000e1880000)
  from space 1088K,  71% used [0x00000000e1990000, 0x00000000e1a53b98, 0x00000000e1aa0000)
  to   space 1088K,   0% used [0x00000000e1880000, 0x00000000e1880000, 0x00000000e1990000)
 concurrent mark-sweep generation total 121500K, used 72470K [0x00000000eb4a0000, 0x00000000f2b47000, 0x0000000100000000)
 Metaspace       used 89124K, capacity 93620K, committed 93824K, reserved 1132544K
  class space    used 10743K, capacity 11548K, committed 11648K, reserved 1048576K
}
2019-06-25T14:17:54.066+0000: 367413.078: Application time: 418.3186393 seconds
2019-06-25T14:17:54.066+0000: 367413.079: Application time: 0.0001575 seconds
2019-06-25T14:17:54.067+0000: 367413.079: Application time: 0.0001539 seconds
2019-06-25T14:17:54.067+0000: 367413.079: Application time: 0.0001917 seconds
2019-06-25T14:17:54.068+0000: 367413.080: Application time: 0.0000632 seconds
2019-06-25T14:17:54.068+0000: 367413.080: Application time: 0.0000558 seconds
2019-06-25T14:17:54.068+0000: 367413.080: Application time: 0.0000546 seconds
2019-06-25T14:17:54.068+0000: 367413.080: Application time: 0.0000735 seconds
2019-06-25T14:17:54.068+0000: 367413.081: Application time: 0.0000530 seconds
2019-06-25T14:17:54.068+0000: 367413.081: Application time: 0.0000528 seconds
2019-06-25T14:18:05.981+0000: 367424.994: Application time: 11.9125537 seconds
{Heap before GC invocations=2369 (full 183):
 par new generation   total 9792K, used 9486K [0x00000000e1000000, 0x00000000e1aa0000, 0x00000000eb4a0000)
  eden space 8704K, 100% used [0x00000000e1000000, 0x00000000e1880000, 0x00000000e1880000)
  from space 1088K,  71% used [0x00000000e1990000, 0x00000000e1a53b98, 0x00000000e1aa0000)
  to   space 1088K,   0% used [0x00000000e1880000, 0x00000000e1880000, 0x00000000e1990000)
 concurrent mark-sweep generation total 121500K, used 72470K [0x00000000eb4a0000, 0x00000000f2b47000, 0x0000000100000000)
 Metaspace       used 89124K, capacity 93620K, committed 93824K, reserved 1132544K
  class space    used 10743K, capacity 11548K, committed 11648K, reserved 1048576K
2019-06-25T14:18:05.982+0000: 367424.994: [GC (Allocation Failure) 2019-06-25T14:18:05.982+0000: 367424.995: [ParNew: 9486K->643K(9792K), 0.0031840 secs] 81957K->73114K(131292K), 0.0038968 secs] [Times: user=0.00 sys=0.00, real=0.00 secs] 
Heap after GC invocations=2370 (full 183):
 par new generation   total 9792K, used 643K [0x00000000e1000000, 0x00000000e1aa0000, 0x00000000eb4a0000)
  eden space 8704K,   0% used [0x00000000e1000000, 0x00000000e1000000, 0x00000000e1880000)
  from space 1088K,  59% used [0x00000000e1880000, 0x00000000e1920e00, 0x00000000e1990000)
  to   space 1088K,   0% used [0x00000000e1990000, 0x00000000e1990000, 0x00000000e1aa0000)
 concurrent mark-sweep generation total 121500K, used 72470K [0x00000000eb4a0000, 0x00000000f2b47000, 0x0000000100000000)
 Metaspace       used 89124K, capacity 93620K, committed 93824K, reserved 1132544K
  class space    used 10743K, capacity 11548K, committed 11648K, reserved 1048576K
}
2019-06-25T14:18:56.015+0000: 367475.028: Application time: 50.0288941 seconds
2019-06-25T14:18:56.016+0000: 367475.028: Application time: 0.0000707 seconds
2019-06-25T14:18:56.016+0000: 367475.028: Application time: 0.0001424 seconds
2019-06-25T14:18:56.016+0000: 367475.028: Application time: 0.0001055 seconds
2019-06-25T14:18:56.602+0000: 367475.614: Application time: 0.5853690 seconds
2019-06-25T14:18:56.627+0000: 367475.639: Application time: 0.0243766 seconds
2019-06-25T14:18:57.890+0000: 367476.903: Application time: 1.2635605 seconds
2019-06-25T14:18:57.891+0000: 367476.903: Application time: 0.0000707 seconds
2019-06-25T14:18:57.891+0000: 367476.903: Application time: 0.0000654 seconds
2019-06-25T14:18:57.891+0000: 367476.903: Application time: 0.0000584 seconds
2019-06-25T14:18:57.891+0000: 367476.904: Application time: 0.0000583 seconds
2019-06-25T14:18:57.891+0000: 367476.904: Application time: 0.0000629 seconds
2019-06-25T14:18:57.893+0000: 367476.905: Application time: 0.0013311 seconds
2019-06-25T14:23:11.041+0000: 367730.053: Application time: 253.1477277 seconds
2019-06-25T14:23:11.045+0000: 367730.058: Application time: 0.0043966 seconds
{Heap before GC invocations=2370 (full 183):
 par new generation   total 9792K, used 9347K [0x00000000e1000000, 0x00000000e1aa0000, 0x00000000eb4a0000)
  eden space 8704K,  99% used [0x00000000e1000000, 0x00000000e187ff08, 0x00000000e1880000)
  from space 1088K,  59% used [0x00000000e1880000, 0x00000000e1920e00, 0x00000000e1990000)
  to   space 1088K,   0% used [0x00000000e1990000, 0x00000000e1990000, 0x00000000e1aa0000)
 concurrent mark-sweep generation total 121500K, used 72470K [0x00000000eb4a0000, 0x00000000f2b47000, 0x0000000100000000)
 Metaspace       used 89124K, capacity 93620K, committed 93824K, reserved 1132544K
  class space    used 10743K, capacity 11548K, committed 11648K, reserved 1048576K
2019-06-25T14:23:11.046+0000: 367730.058: [GC (Allocation Failure) 2019-06-25T14:23:11.046+0000: 367730.059: [ParNew: 9347K->728K(9792K), 0.0039461 secs] 81817K->73401K(131292K), 0.0047293 secs] [Times: user=0.01 sys=0.00, real=0.01 secs] 
Heap after GC invocations=2371 (full 183):
 par new generation   total 9792K, used 728K [0x00000000e1000000, 0x00000000e1aa0000, 0x00000000eb4a0000)
  eden space 8704K,   0% used [0x00000000e1000000, 0x00000000e1000000, 0x00000000e1880000)
  from space 1088K,  66% used [0x00000000e1990000, 0x00000000e1a46348, 0x00000000e1aa0000)
  to   space 1088K,   0% used [0x00000000e1880000, 0x00000000e1880000, 0x00000000e1990000)
 concurrent mark-sweep generation total 121500K, used 72672K [0x00000000eb4a0000, 0x00000000f2b47000, 0x0000000100000000)
 Metaspace       used 89124K, capacity 93620K, committed 93824K, reserved 1132544K
  class space    used 10743K, capacity 11548K, committed 11648K, reserved 1048576K
}
2019-06-25T14:23:16.042+0000: 367735.054: Application time: 4.9900566 seconds
2019-06-25T14:23:16.075+0000: 367735.087: Application time: 0.0331032 seconds
2019-06-25T14:23:26.168+0000: 367745.180: Application time: 10.0930788 seconds
2019-06-25T14:23:26.168+0000: 367745.181: Application time: 0.0000797 seconds
2019-06-25T14:23:26.169+0000: 367745.182: Application time: 0.0000681 seconds
2019-06-25T14:23:26.170+0000: 367745.182: Application time: 0.0001428 seconds
2019-06-25T14:23:26.170+0000: 367745.182: Application time: 0.0001074 seconds
2019-06-25T14:23:29.125+0000: 367748.138: Application time: 2.9553655 seconds
2019-06-25T14:23:29.150+0000: 367748.162: Application time: 0.0245342 seconds
2019-06-25T14:23:30.282+0000: 367749.294: Application time: 1.1319226 seconds
2019-06-25T14:23:30.282+0000: 367749.295: Application time: 0.0000699 seconds
2019-06-25T14:23:30.283+0000: 367749.295: Application time: 0.0000660 seconds
2019-06-25T14:23:30.283+0000: 367749.295: Application time: 0.0000581 seconds
2019-06-25T14:23:30.283+0000: 367749.295: Application time: 0.0000627 seconds
2019-06-25T14:23:30.284+0000: 367749.297: Application time: 0.0014003 seconds
2019-06-25T14:24:36.209+0000: 367815.222: Application time: 65.9246902 seconds
2019-06-25T14:24:36.210+0000: 367815.222: Application time: 0.0000693 seconds
2019-06-25T14:24:36.210+0000: 367815.223: Application time: 0.0006102 seconds
2019-06-25T14:24:36.211+0000: 367815.223: Application time: 0.0001562 seconds
2019-06-25T14:24:36.211+0000: 367815.223: Application time: 0.0000849 seconds
2019-06-25T14:24:39.398+0000: 367818.410: Application time: 3.1869902 seconds
2019-06-25T14:24:39.423+0000: 367818.435: Application time: 0.0247289 seconds
2019-06-25T14:24:46.216+0000: 367825.229: Application time: 6.7933090 seconds
2019-06-25T14:24:46.217+0000: 367825.229: Application time: 0.0000678 seconds
2019-06-25T14:24:46.217+0000: 367825.229: Application time: 0.0000649 seconds
2019-06-25T14:24:46.217+0000: 367825.229: Application time: 0.0000589 seconds
2019-06-25T14:24:46.217+0000: 367825.230: Application time: 0.0000590 seconds
2019-06-25T14:24:46.219+0000: 367825.231: Application time: 0.0014338 seconds
2019-06-25T14:25:36.246+0000: 367875.259: Application time: 50.0272525 seconds
{Heap before GC invocations=2371 (full 183):
 par new generation   total 9792K, used 9432K [0x00000000e1000000, 0x00000000e1aa0000, 0x00000000eb4a0000)
  eden space 8704K, 100% used [0x00000000e1000000, 0x00000000e1880000, 0x00000000e1880000)
  from space 1088K,  66% used [0x00000000e1990000, 0x00000000e1a46348, 0x00000000e1aa0000)
  to   space 1088K,   0% used [0x00000000e1880000, 0x00000000e1880000, 0x00000000e1990000)
 concurrent mark-sweep generation total 121500K, used 72672K [0x00000000eb4a0000, 0x00000000f2b47000, 0x0000000100000000)
 Metaspace       used 89124K, capacity 93620K, committed 93824K, reserved 1132544K
  class space    used 10743K, capacity 11548K, committed 11648K, reserved 1048576K
2019-06-25T14:25:36.247+0000: 367875.259: [GC (Allocation Failure) 2019-06-25T14:25:36.248+0000: 367875.260: [ParNew: 9432K->1074K(9792K), 0.0036558 secs] 82105K->73815K(131292K), 0.0048260 secs] [Times: user=0.01 sys=0.00, real=0.01 secs] 
Heap after GC invocations=2372 (full 183):
 par new generation   total 9792K, used 1074K [0x00000000e1000000, 0x00000000e1aa0000, 0x00000000eb4a0000)
  eden space 8704K,   0% used [0x00000000e1000000, 0x00000000e1000000, 0x00000000e1880000)
  from space 1088K,  98% used [0x00000000e1880000, 0x00000000e198ca20, 0x00000000e1990000)
  to   space 1088K,   0% used [0x00000000e1990000, 0x00000000e1990000, 0x00000000e1aa0000)
 concurrent mark-sweep generation total 121500K, used 72741K [0x00000000eb4a0000, 0x00000000f2b47000, 0x0000000100000000)
 Metaspace       used 89124K, capacity 93620K, committed 93824K, reserved 1132544K
  class space    used 10743K, capacity 11548K, committed 11648K, reserved 1048576K
}
2019-06-25T14:25:56.275+0000: 367895.288: Application time: 20.0226896 seconds
2019-06-25T14:25:56.276+0000: 367895.288: Application time: 0.0000697 seconds
2019-06-25T14:25:56.276+0000: 367895.288: Application time: 0.0000601 seconds
2019-06-25T14:25:56.276+0000: 367895.288: Application time: 0.0001409 seconds
2019-06-25T14:25:56.277+0000: 367895.289: Application time: 0.0001587 seconds
2019-06-25T14:25:57.190+0000: 367896.202: Application time: 0.9124832 seconds
2019-06-25T14:25:57.216+0000: 367896.228: Application time: 0.0259145 seconds
2019-06-25T14:25:57.910+0000: 367896.922: Application time: 0.6940371 seconds
2019-06-25T14:25:57.910+0000: 367896.923: Application time: 0.0001373 seconds
2019-06-25T14:25:57.911+0000: 367896.923: Application time: 0.0001363 seconds
2019-06-25T14:25:57.911+0000: 367896.923: Application time: 0.0001287 seconds
2019-06-25T14:25:57.911+0000: 367896.923: Application time: 0.0001330 seconds
2019-06-25T14:25:57.913+0000: 367896.925: Application time: 0.0014346 seconds
2019-06-25T14:26:06.283+0000: 367905.295: Application time: 8.3699477 seconds
2019-06-25T14:26:06.283+0000: 367905.295: Application time: 0.0000727 seconds
2019-06-25T14:26:06.283+0000: 367905.296: Application time: 0.0000617 seconds
2019-06-25T14:26:06.283+0000: 367905.296: Application time: 0.0001495 seconds
2019-06-25T14:26:06.284+0000: 367905.296: Application time: 0.0005077 seconds
2019-06-25T14:26:09.097+0000: 367908.109: Application time: 2.8123424 seconds
2019-06-25T14:26:09.120+0000: 367908.132: Application time: 0.0233453 seconds
2019-06-25T14:26:16.289+0000: 367915.301: Application time: 7.1683340 seconds
2019-06-25T14:26:16.289+0000: 367915.301: Application time: 0.0000662 seconds
2019-06-25T14:26:16.289+0000: 367915.302: Application time: 0.0000646 seconds
2019-06-25T14:26:16.289+0000: 367915.302: Application time: 0.0000588 seconds
2019-06-25T14:26:16.290+0000: 367915.302: Application time: 0.0000626 seconds
2019-06-25T14:26:16.291+0000: 367915.304: Application time: 0.0014146 seconds
2019-06-25T14:26:26.295+0000: 367925.308: Application time: 10.0040160 seconds
2019-06-25T14:27:12.179+0000: 367971.191: Application time: 45.8835375 seconds
2019-06-25T14:27:12.203+0000: 367971.216: Application time: 0.0240919 seconds
2019-06-25T14:27:16.324+0000: 367975.336: Application time: 4.1200757 seconds
2019-06-25T14:27:16.324+0000: 367975.336: Application time: 0.0005805 seconds
2019-06-25T14:27:16.325+0000: 367975.337: Application time: 0.0000645 seconds
2019-06-25T14:27:16.325+0000: 367975.337: Application time: 0.0001359 seconds
2019-06-25T14:27:16.325+0000: 367975.338: Application time: 0.0001436 seconds
2019-06-25T14:27:26.331+0000: 367985.343: Application time: 10.0053333 seconds
2019-06-25T14:27:26.331+0000: 367985.343: Application time: 0.0000671 seconds
2019-06-25T14:27:26.331+0000: 367985.343: Application time: 0.0000723 seconds
2019-06-25T14:27:26.331+0000: 367985.344: Application time: 0.0000586 seconds
2019-06-25T14:27:26.332+0000: 367985.344: Application time: 0.0000645 seconds
2019-06-25T14:27:26.333+0000: 367985.345: Application time: 0.0012766 seconds
2019-06-25T14:27:30.311+0000: 367989.323: Application time: 3.9772073 seconds
2019-06-25T14:27:30.312+0000: 367989.325: Application time: 0.0014978 seconds
{Heap before GC invocations=2372 (full 183):
 par new generation   total 9792K, used 9778K [0x00000000e1000000, 0x00000000e1aa0000, 0x00000000eb4a0000)
  eden space 8704K, 100% used [0x00000000e1000000, 0x00000000e1880000, 0x00000000e1880000)
  from space 1088K,  98% used [0x00000000e1880000, 0x00000000e198ca20, 0x00000000e1990000)
  to   space 1088K,   0% used [0x00000000e1990000, 0x00000000e1990000, 0x00000000e1aa0000)
 concurrent mark-sweep generation total 121500K, used 72741K [0x00000000eb4a0000, 0x00000000f2b47000, 0x0000000100000000)
 Metaspace       used 89124K, capacity 93620K, committed 93824K, reserved 1132544K
  class space    used 10743K, capacity 11548K, committed 11648K, reserved 1048576K
2019-06-25T14:27:30.313+0000: 367989.325: [GC (Allocation Failure) 2019-06-25T14:27:30.313+0000: 367989.325: [ParNew: 9778K->833K(9792K), 0.0036444 secs] 82519K->73940K(131292K), 0.0043081 secs] [Times: user=0.01 sys=0.00, real=0.00 secs] 
Heap after GC invocations=2373 (full 183):
 par new generation   total 9792K, used 833K [0x00000000e1000000, 0x00000000e1aa0000, 0x00000000eb4a0000)
  eden space 8704K,   0% used [0x00000000e1000000, 0x00000000e1000000, 0x00000000e1880000)
  from space 1088K,  76% used [0x00000000e1990000, 0x00000000e1a60780, 0x00000000e1aa0000)
  to   space 1088K,   0% used [0x00000000e1880000, 0x00000000e1880000, 0x00000000e1990000)
 concurrent mark-sweep generation total 121500K, used 73106K [0x00000000eb4a0000, 0x00000000f2b47000, 0x0000000100000000)
 Metaspace       used 89124K, capacity 93620K, committed 93824K, reserved 1132544K
  class space    used 10743K, capacity 11548K, committed 11648K, reserved 1048576K
}
2019-06-25T14:27:30.318+0000: 367989.330: Application time: 0.0003604 seconds
2019-06-25T14:27:30.319+0000: 367989.331: [GC (CMS Initial Mark) [1 CMS-initial-mark: 73106K(121500K)] 73962K(131292K), 0.0029741 secs] [Times: user=0.00 sys=0.00, real=0.00 secs] 
2019-06-25T14:27:30.322+0000: 367989.335: [CMS-concurrent-mark-start]
2019-06-25T14:27:30.445+0000: 367989.458: [CMS-concurrent-mark: 0.123/0.123 secs] [Times: user=0.13 sys=0.00, real=0.12 secs] 
2019-06-25T14:27:30.446+0000: 367989.458: [CMS-concurrent-preclean-start]
2019-06-25T14:27:30.447+0000: 367989.460: [CMS-concurrent-preclean: 0.001/0.001 secs] [Times: user=0.00 sys=0.00, real=0.00 secs] 
2019-06-25T14:27:30.448+0000: 367989.460: Application time: 0.1256945 seconds
2019-06-25T14:27:30.448+0000: 367989.461: [GC (CMS Final Remark) [YG occupancy: 870 K (9792 K)]2019-06-25T14:27:30.449+0000: 367989.461: [Rescan (parallel) , 0.0034238 secs]2019-06-25T14:27:30.453+0000: 367989.465: [weak refs processing, 0.0033849 secs]2019-06-25T14:27:30.456+0000: 367989.469: [class unloading, 0.0328929 secs]2019-06-25T14:27:30.490+0000: 367989.502: [scrub symbol table, 0.0237252 secs]2019-06-25T14:27:30.514+0000: 367989.526: [scrub string table, 0.0017692 secs][1 CMS-remark: 73106K(121500K)] 73976K(131292K), 0.0798904 secs] [Times: user=0.08 sys=0.00, real=0.08 secs] 
2019-06-25T14:27:30.529+0000: 367989.542: [CMS-concurrent-sweep-start]
2019-06-25T14:27:30.538+0000: 367989.551: Application time: 0.0092948 seconds
2019-06-25T14:27:30.539+0000: 367989.551: Application time: 0.0002181 seconds
2019-06-25T14:27:30.565+0000: 367989.577: [CMS-concurrent-sweep: 0.035/0.035 secs] [Times: user=0.04 sys=0.00, real=0.03 secs] 
2019-06-25T14:27:30.565+0000: 367989.577: [CMS-concurrent-reset-start]
2019-06-25T14:27:30.565+0000: 367989.578: [CMS-concurrent-reset: 0.000/0.000 secs] [Times: user=0.00 sys=0.00, real=0.00 secs] 
2019-06-25T14:27:31.539+0000: 367990.551: Application time: 1.0002849 seconds
2019-06-25T14:27:36.540+0000: 367995.553: Application time: 5.0008240 seconds
2019-06-25T14:27:54.543+0000: 368013.555: Application time: 18.0026079 seconds
2019-06-25T14:27:58.544+0000: 368017.556: Application time: 4.0005990 seconds
2019-06-25T14:28:03.545+0000: 368022.557: Application time: 5.0005860 seconds
2019-06-25T14:28:06.356+0000: 368025.368: Application time: 2.8111315 seconds
2019-06-25T14:28:06.356+0000: 368025.368: Application time: 0.0000556 seconds
2019-06-25T14:28:06.357+0000: 368025.369: Application time: 0.0000721 seconds
2019-06-25T14:28:06.357+0000: 368025.369: Application time: 0.0001733 seconds
2019-06-25T14:28:06.357+0000: 368025.370: Application time: 0.0001915 seconds
2019-06-25T14:28:07.779+0000: 368026.792: Application time: 1.4216188 seconds
2019-06-25T14:28:07.806+0000: 368026.818: Application time: 0.0266258 seconds
2019-06-25T14:28:16.363+0000: 368035.376: Application time: 8.5569302 seconds
2019-06-25T14:28:16.364+0000: 368035.376: Application time: 0.0005256 seconds
2019-06-25T14:28:16.364+0000: 368035.377: Application time: 0.0000711 seconds
2019-06-25T14:28:16.365+0000: 368035.377: Application time: 0.0000610 seconds
2019-06-25T14:28:16.365+0000: 368035.377: Application time: 0.0000593 seconds
2019-06-25T14:28:16.365+0000: 368035.377: Application time: 0.0000650 seconds
2019-06-25T14:28:16.365+0000: 368035.377: Application time: 0.0001367 seconds
2019-06-25T14:28:16.365+0000: 368035.378: Application time: 0.0001147 seconds
2019-06-25T14:28:16.367+0000: 368035.379: Application time: 0.0011067 seconds
2019-06-25T14:28:30.369+0000: 368049.381: Application time: 14.0024838 seconds
2019-06-25T14:28:58.373+0000: 368077.385: Application time: 28.0037799 seconds
2019-06-25T14:29:37.378+0000: 368116.390: Application time: 39.0046874 seconds
2019-06-25T14:30:24.386+0000: 368163.398: Application time: 47.0074039 seconds
2019-06-25T14:30:33.387+0000: 368172.399: Application time: 9.0009909 seconds
2019-06-25T14:30:36.445+0000: 368175.457: Application time: 3.0585843 seconds
2019-06-25T14:30:36.446+0000: 368175.458: Application time: 0.0000812 seconds
2019-06-25T14:30:37.808+0000: 368176.821: Application time: 1.3621284 seconds
2019-06-25T14:30:37.834+0000: 368176.847: Application time: 0.0258595 seconds
2019-06-25T14:30:46.452+0000: 368185.464: Application time: 8.6172411 seconds
2019-06-25T14:30:46.452+0000: 368185.464: Application time: 0.0001246 seconds
2019-06-25T14:30:46.452+0000: 368185.465: Application time: 0.0000619 seconds
2019-06-25T14:30:46.452+0000: 368185.465: Application time: 0.0000639 seconds
2019-06-25T14:30:46.453+0000: 368185.465: Application time: 0.0000600 seconds
2019-06-25T14:30:46.453+0000: 368185.465: Application time: 0.0000545 seconds
2019-06-25T14:30:46.453+0000: 368185.465: Application time: 0.0001010 seconds
2019-06-25T14:30:46.453+0000: 368185.466: Application time: 0.0001318 seconds
2019-06-25T14:30:46.454+0000: 368185.466: Application time: 0.0001215 seconds
2019-06-25T14:30:46.455+0000: 368185.467: Application time: 0.0010329 seconds
2019-06-25T14:30:56.461+0000: 368195.473: Application time: 10.0056576 seconds
{Heap before GC invocations=2373 (full 184):
 par new generation   total 9792K, used 9537K [0x00000000e1000000, 0x00000000e1aa0000, 0x00000000eb4a0000)
  eden space 8704K, 100% used [0x00000000e1000000, 0x00000000e1880000, 0x00000000e1880000)
  from space 1088K,  76% used [0x00000000e1990000, 0x00000000e1a60780, 0x00000000e1aa0000)
  to   space 1088K,   0% used [0x00000000e1880000, 0x00000000e1880000, 0x00000000e1990000)
 concurrent mark-sweep generation total 121500K, used 69965K [0x00000000eb4a0000, 0x00000000f2b47000, 0x0000000100000000)
 Metaspace       used 89053K, capacity 93506K, committed 93824K, reserved 1132544K
  class space    used 10733K, capacity 11529K, committed 11648K, reserved 1048576K
2019-06-25T14:30:56.461+0000: 368195.474: [GC (Allocation Failure) 2019-06-25T14:30:56.462+0000: 368195.474: [ParNew: 9537K->966K(9792K), 0.0043621 secs] 79503K->71244K(131292K), 0.0052686 secs] [Times: user=0.01 sys=0.00, real=0.00 secs] 
Heap after GC invocations=2374 (full 184):
 par new generation   total 9792K, used 966K [0x00000000e1000000, 0x00000000e1aa0000, 0x00000000eb4a0000)
  eden space 8704K,   0% used [0x00000000e1000000, 0x00000000e1000000, 0x00000000e1880000)
  from space 1088K,  88% used [0x00000000e1880000, 0x00000000e19719b8, 0x00000000e1990000)
  to   space 1088K,   0% used [0x00000000e1990000, 0x00000000e1990000, 0x00000000e1aa0000)
 concurrent mark-sweep generation total 121500K, used 70277K [0x00000000eb4a0000, 0x00000000f2b47000, 0x0000000100000000)
 Metaspace       used 89053K, capacity 93506K, committed 93824K, reserved 1132544K
  class space    used 10733K, capacity 11529K, committed 11648K, reserved 1048576K
}
2019-06-25T14:31:30.346+0000: 368229.358: Application time: 33.8786850 seconds
2019-06-25T14:31:30.346+0000: 368229.359: Application time: 0.0001306 seconds
2019-06-25T14:31:30.347+0000: 368229.359: Application time: 0.0000602 seconds
2019-06-25T14:31:30.347+0000: 368229.359: Application time: 0.0000540 seconds
2019-06-25T14:31:30.349+0000: 368229.361: Application time: 0.0000645 seconds
2019-06-25T14:31:30.349+0000: 368229.362: Application time: 0.0000982 seconds
2019-06-25T14:31:33.678+0000: 368232.690: Application time: 3.3284425 seconds
2019-06-25T14:31:33.703+0000: 368232.715: Application time: 0.0245434 seconds
2019-06-25T14:31:36.488+0000: 368235.501: Application time: 2.7855164 seconds
2019-06-25T14:31:36.489+0000: 368235.501: Application time: 0.0000731 seconds
2019-06-25T14:31:36.489+0000: 368235.501: Application time: 0.0001464 seconds
2019-06-25T14:31:36.489+0000: 368235.501: Application time: 0.0001278 seconds
2019-06-25T14:31:36.490+0000: 368235.503: Application time: 0.0010663 seconds
2019-06-25T14:31:54.336+0000: 368253.348: Application time: 17.8452425 seconds
2019-06-25T14:31:54.336+0000: 368253.348: Application time: 0.0000631 seconds
2019-06-25T14:31:54.336+0000: 368253.348: Application time: 0.0000577 seconds
2019-06-25T14:31:54.336+0000: 368253.349: Application time: 0.0000222 seconds
2019-06-25T14:31:54.336+0000: 368253.349: Application time: 0.0006218 seconds
2019-06-25T14:31:54.337+0000: 368253.349: Application time: 0.0000578 seconds
2019-06-25T14:31:54.337+0000: 368253.350: Application time: 0.0000516 seconds
2019-06-25T14:31:54.338+0000: 368253.350: Application time: 0.0000507 seconds
2019-06-25T14:31:54.338+0000: 368253.350: Application time: 0.0000885 seconds
2019-06-25T14:31:54.338+0000: 368253.350: Application time: 0.0001513 seconds
2019-06-25T14:34:24.154+0000: 368403.166: Application time: 149.8158078 seconds
2019-06-25T14:36:24.362+0000: 368523.375: Application time: 120.2082946 seconds
{Heap before GC invocations=2374 (full 184):
 par new generation   total 9792K, used 9670K [0x00000000e1000000, 0x00000000e1aa0000, 0x00000000eb4a0000)
  eden space 8704K, 100% used [0x00000000e1000000, 0x00000000e1880000, 0x00000000e1880000)
  from space 1088K,  88% used [0x00000000e1880000, 0x00000000e19719b8, 0x00000000e1990000)
  to   space 1088K,   0% used [0x00000000e1990000, 0x00000000e1990000, 0x00000000e1aa0000)
 concurrent mark-sweep generation total 121500K, used 70277K [0x00000000eb4a0000, 0x00000000f2b47000, 0x0000000100000000)
 Metaspace       used 89056K, capacity 93512K, committed 93824K, reserved 1132544K
  class space    used 10733K, capacity 11530K, committed 11648K, reserved 1048576K
2019-06-25T14:36:24.381+0000: 368523.393: [GC (Allocation Failure) 2019-06-25T14:36:24.381+0000: 368523.393: [ParNew: 9670K->763K(9792K), 0.0035088 secs] 79948K->71374K(131292K), 0.0044760 secs] [Times: user=0.01 sys=0.00, real=0.00 secs] 
Heap after GC invocations=2375 (full 184):
 par new generation   total 9792K, used 763K [0x00000000e1000000, 0x00000000e1aa0000, 0x00000000eb4a0000)
  eden space 8704K,   0% used [0x00000000e1000000, 0x00000000e1000000, 0x00000000e1880000)
  from space 1088K,  70% used [0x00000000e1990000, 0x00000000e1a4ec60, 0x00000000e1aa0000)
  to   space 1088K,   0% used [0x00000000e1880000, 0x00000000e1880000, 0x00000000e1990000)
 concurrent mark-sweep generation total 121500K, used 70611K [0x00000000eb4a0000, 0x00000000f2b47000, 0x0000000100000000)
 Metaspace       used 89056K, capacity 93512K, committed 93824K, reserved 1132544K
  class space    used 10733K, capacity 11530K, committed 11648K, reserved 1048576K
}
2019-06-25T14:42:48.441+0000: 368907.453: Application time: 384.0546365 seconds
2019-06-25T14:43:06.867+0000: 368925.879: Application time: 18.4258954 seconds
2019-06-25T14:43:36.887+0000: 368955.899: Application time: 30.0199442 seconds
{Heap before GC invocations=2375 (full 184):
 par new generation   total 9792K, used 9467K [0x00000000e1000000, 0x00000000e1aa0000, 0x00000000eb4a0000)
  eden space 8704K, 100% used [0x00000000e1000000, 0x00000000e1880000, 0x00000000e1880000)
  from space 1088K,  70% used [0x00000000e1990000, 0x00000000e1a4ec60, 0x00000000e1aa0000)
  to   space 1088K,   0% used [0x00000000e1880000, 0x00000000e1880000, 0x00000000e1990000)
 concurrent mark-sweep generation total 121500K, used 70611K [0x00000000eb4a0000, 0x00000000f2b47000, 0x0000000100000000)
 Metaspace       used 89059K, capacity 93518K, committed 93824K, reserved 1132544K
  class space    used 10734K, capacity 11531K, committed 11648K, reserved 1048576K
2019-06-25T14:43:36.888+0000: 368955.900: [GC (Allocation Failure) 2019-06-25T14:43:36.888+0000: 368955.900: [ParNew: 9467K->641K(9792K), 0.0101532 secs] 80078K->71612K(131292K), 0.0109376 secs] [Times: user=0.02 sys=0.00, real=0.02 secs] 
Heap after GC invocations=2376 (full 184):
 par new generation   total 9792K, used 641K [0x00000000e1000000, 0x00000000e1aa0000, 0x00000000eb4a0000)
  eden space 8704K,   0% used [0x00000000e1000000, 0x00000000e1000000, 0x00000000e1880000)
  from space 1088K,  58% used [0x00000000e1880000, 0x00000000e19206b0, 0x00000000e1990000)
  to   space 1088K,   0% used [0x00000000e1990000, 0x00000000e1990000, 0x00000000e1aa0000)
 concurrent mark-sweep generation total 121500K, used 70971K [0x00000000eb4a0000, 0x00000000f2b47000, 0x0000000100000000)
 Metaspace       used 89059K, capacity 93518K, committed 93824K, reserved 1132544K
  class space    used 10734K, capacity 11531K, committed 11648K, reserved 1048576K
}
2019-06-25T14:48:35.677+0000: 369254.690: Application time: 298.7783950 seconds
2019-06-25T14:48:35.702+0000: 369254.714: Application time: 0.0241069 seconds
2019-06-25T14:48:37.073+0000: 369256.085: Application time: 1.3711681 seconds
2019-06-25T14:48:37.073+0000: 369256.086: Application time: 0.0000690 seconds
2019-06-25T14:48:37.074+0000: 369256.086: Application time: 0.0000691 seconds
2019-06-25T14:48:37.074+0000: 369256.087: Application time: 0.0000663 seconds
2019-06-25T14:48:37.074+0000: 369256.087: Application time: 0.0000553 seconds
2019-06-25T14:48:37.075+0000: 369256.087: Application time: 0.0000590 seconds
2019-06-25T14:48:47.081+0000: 369266.093: Application time: 10.0057690 seconds
2019-06-25T14:48:47.081+0000: 369266.093: Application time: 0.0000762 seconds
2019-06-25T14:48:47.081+0000: 369266.093: Application time: 0.0001497 seconds
2019-06-25T14:48:47.081+0000: 369266.094: Application time: 0.0001023 seconds
2019-06-25T14:48:47.082+0000: 369266.095: Application time: 0.0010111 seconds
2019-06-25T14:49:07.095+0000: 369286.107: Application time: 20.0124570 seconds
{Heap before GC invocations=2376 (full 184):
 par new generation   total 9792K, used 9339K [0x00000000e1000000, 0x00000000e1aa0000, 0x00000000eb4a0000)
  eden space 8704K,  99% used [0x00000000e1000000, 0x00000000e187e7f8, 0x00000000e1880000)
  from space 1088K,  58% used [0x00000000e1880000, 0x00000000e19206b0, 0x00000000e1990000)
  to   space 1088K,   0% used [0x00000000e1990000, 0x00000000e1990000, 0x00000000e1aa0000)
 concurrent mark-sweep generation total 121500K, used 70971K [0x00000000eb4a0000, 0x00000000f2b47000, 0x0000000100000000)
 Metaspace       used 89059K, capacity 93518K, committed 93824K, reserved 1132544K
  class space    used 10734K, capacity 11531K, committed 11648K, reserved 1048576K
2019-06-25T14:49:07.096+0000: 369286.108: [GC (Allocation Failure) 2019-06-25T14:49:07.096+0000: 369286.108: [ParNew: 9339K->675K(9792K), 0.0058510 secs] 80310K->71646K(131292K), 0.0065659 secs] [Times: user=0.01 sys=0.00, real=0.01 secs] 
Heap after GC invocations=2377 (full 184):
 par new generation   total 9792K, used 675K [0x00000000e1000000, 0x00000000e1aa0000, 0x00000000eb4a0000)
  eden space 8704K,   0% used [0x00000000e1000000, 0x00000000e1000000, 0x00000000e1880000)
  from space 1088K,  62% used [0x00000000e1990000, 0x00000000e1a38f10, 0x00000000e1aa0000)
  to   space 1088K,   0% used [0x00000000e1880000, 0x00000000e1880000, 0x00000000e1990000)
 concurrent mark-sweep generation total 121500K, used 70971K [0x00000000eb4a0000, 0x00000000f2b47000, 0x0000000100000000)
 Metaspace       used 89059K, capacity 93518K, committed 93824K, reserved 1132544K
  class space    used 10734K, capacity 11531K, committed 11648K, reserved 1048576K
}
2019-06-25T14:52:37.220+0000: 369496.233: Application time: 210.1173257 seconds
2019-06-25T14:52:37.221+0000: 369496.233: Application time: 0.0000731 seconds
2019-06-25T14:52:37.221+0000: 369496.233: Application time: 0.0001094 seconds
2019-06-25T14:52:37.221+0000: 369496.233: Application time: 0.0000546 seconds
2019-06-25T14:52:37.222+0000: 369496.234: Application time: 0.0000698 seconds
2019-06-25T14:52:37.222+0000: 369496.234: Application time: 0.0000656 seconds
2019-06-25T14:52:39.574+0000: 369498.587: Application time: 2.3522435 seconds
2019-06-25T14:52:39.601+0000: 369498.613: Application time: 0.0260566 seconds
2019-06-25T14:52:47.228+0000: 369506.240: Application time: 7.6269977 seconds
2019-06-25T14:52:47.228+0000: 369506.241: Application time: 0.0001100 seconds
2019-06-25T14:52:47.229+0000: 369506.241: Application time: 0.0002512 seconds
2019-06-25T14:52:47.229+0000: 369506.241: Application time: 0.0001626 seconds
2019-06-25T14:52:47.230+0000: 369506.243: Application time: 0.0011065 seconds
2019-06-25T14:53:16.161+0000: 369535.173: Application time: 28.9306582 seconds
{Heap before GC invocations=2377 (full 184):
 par new generation   total 9792K, used 9368K [0x00000000e1000000, 0x00000000e1aa0000, 0x00000000eb4a0000)
  eden space 8704K,  99% used [0x00000000e1000000, 0x00000000e187d128, 0x00000000e1880000)
  from space 1088K,  62% used [0x00000000e1990000, 0x00000000e1a38f10, 0x00000000e1aa0000)
  to   space 1088K,   0% used [0x00000000e1880000, 0x00000000e1880000, 0x00000000e1990000)
 concurrent mark-sweep generation total 121500K, used 70971K [0x00000000eb4a0000, 0x00000000f2b47000, 0x0000000100000000)
 Metaspace       used 89059K, capacity 93518K, committed 93824K, reserved 1132544K
  class space    used 10734K, capacity 11531K, committed 11648K, reserved 1048576K
2019-06-25T14:53:16.162+0000: 369535.174: [GC (Allocation Failure) 2019-06-25T14:53:16.162+0000: 369535.174: [ParNew: 9368K->804K(9792K), 0.0076616 secs] 80339K->71907K(131292K), 0.0083926 secs] [Times: user=0.01 sys=0.00, real=0.01 secs] 
Heap after GC invocations=2378 (full 184):
 par new generation   total 9792K, used 804K [0x00000000e1000000, 0x00000000e1aa0000, 0x00000000eb4a0000)
  eden space 8704K,   0% used [0x00000000e1000000, 0x00000000e1000000, 0x00000000e1880000)
  from space 1088K,  73% used [0x00000000e1880000, 0x00000000e1949200, 0x00000000e1990000)
  to   space 1088K,   0% used [0x00000000e1990000, 0x00000000e1990000, 0x00000000e1aa0000)
 concurrent mark-sweep generation total 121500K, used 71103K [0x00000000eb4a0000, 0x00000000f2b47000, 0x0000000100000000)
 Metaspace       used 89059K, capacity 93518K, committed 93824K, reserved 1132544K
  class space    used 10734K, capacity 11531K, committed 11648K, reserved 1048576K
}
2019-06-25T14:53:17.246+0000: 369536.258: Application time: 1.0747269 seconds
2019-06-25T14:53:17.246+0000: 369536.258: Application time: 0.0001055 seconds
2019-06-25T14:53:17.246+0000: 369536.258: Application time: 0.0000609 seconds
2019-06-25T14:53:17.247+0000: 369536.259: Application time: 0.0000630 seconds
2019-06-25T14:53:17.247+0000: 369536.260: Application time: 0.0006473 seconds
2019-06-25T14:53:17.248+0000: 369536.260: Application time: 0.0000843 seconds
2019-06-25T14:53:21.159+0000: 369540.171: Application time: 3.9109682 seconds
2019-06-25T14:53:21.193+0000: 369540.206: Application time: 0.0345500 seconds
2019-06-25T14:53:27.254+0000: 369546.266: Application time: 6.0599583 seconds
2019-06-25T14:53:27.254+0000: 369546.266: Application time: 0.0000734 seconds
2019-06-25T14:53:27.254+0000: 369546.266: Application time: 0.0000613 seconds
2019-06-25T14:53:27.254+0000: 369546.267: Application time: 0.0001531 seconds
2019-06-25T14:53:27.255+0000: 369546.267: Application time: 0.0001298 seconds
2019-06-25T14:53:27.256+0000: 369546.268: Application time: 0.0012485 seconds
2019-06-25T14:54:13.578+0000: 369592.590: Application time: 46.3214483 seconds
2019-06-25T14:54:13.604+0000: 369592.616: Application time: 0.0262165 seconds
2019-06-25T14:54:17.284+0000: 369596.296: Application time: 3.6794398 seconds
2019-06-25T14:54:17.284+0000: 369596.296: Application time: 0.0006066 seconds
2019-06-25T14:54:17.285+0000: 369596.297: Application time: 0.0000721 seconds
2019-06-25T14:54:17.285+0000: 369596.297: Application time: 0.0000574 seconds
2019-06-25T14:54:17.285+0000: 369596.298: Application time: 0.0000616 seconds
2019-06-25T14:54:27.291+0000: 369606.303: Application time: 10.0056990 seconds
2019-06-25T14:54:27.291+0000: 369606.304: Application time: 0.0000696 seconds
2019-06-25T14:54:27.291+0000: 369606.304: Application time: 0.0000570 seconds
2019-06-25T14:54:27.292+0000: 369606.304: Application time: 0.0001748 seconds
2019-06-25T14:54:27.292+0000: 369606.304: Application time: 0.0001024 seconds
2019-06-25T14:54:27.293+0000: 369606.306: Application time: 0.0010952 seconds
2019-06-25T14:55:27.326+0000: 369666.338: Application time: 60.0322008 seconds
2019-06-25T14:55:27.326+0000: 369666.338: Application time: 0.0000668 seconds
2019-06-25T14:55:27.326+0000: 369666.338: Application time: 0.0000654 seconds
2019-06-25T14:55:27.326+0000: 369666.339: Application time: 0.0000588 seconds
2019-06-25T14:55:27.327+0000: 369666.339: Application time: 0.0000664 seconds
2019-06-25T14:55:30.509+0000: 369669.521: Application time: 3.1818641 seconds
2019-06-25T14:55:30.509+0000: 369669.521: Application time: 0.0000727 seconds
2019-06-25T14:55:30.509+0000: 369669.522: Application time: 0.0000612 seconds
2019-06-25T14:55:30.510+0000: 369669.522: Application time: 0.0001656 seconds
2019-06-25T14:55:30.510+0000: 369669.522: Application time: 0.0001057 seconds
2019-06-25T14:55:30.511+0000: 369669.524: Application time: 0.0013036 seconds
2019-06-25T14:55:31.069+0000: 369670.081: Application time: 0.5572905 seconds
2019-06-25T14:55:31.094+0000: 369670.107: Application time: 0.0253971 seconds
2019-06-25T14:56:00.506+0000: 369699.518: Application time: 29.4110597 seconds
{Heap before GC invocations=2378 (full 184):
 par new generation   total 9792K, used 9508K [0x00000000e1000000, 0x00000000e1aa0000, 0x00000000eb4a0000)
  eden space 8704K, 100% used [0x00000000e1000000, 0x00000000e1880000, 0x00000000e1880000)
  from space 1088K,  73% used [0x00000000e1880000, 0x00000000e1949200, 0x00000000e1990000)
  to   space 1088K,   0% used [0x00000000e1990000, 0x00000000e1990000, 0x00000000e1aa0000)
 concurrent mark-sweep generation total 121500K, used 71103K [0x00000000eb4a0000, 0x00000000f2b47000, 0x0000000100000000)
 Metaspace       used 89081K, capacity 93554K, committed 93824K, reserved 1132544K
  class space    used 10737K, capacity 11537K, committed 11648K, reserved 1048576K
2019-06-25T14:56:00.506+0000: 369699.519: [GC (Allocation Failure) 2019-06-25T14:56:00.507+0000: 369699.519: [ParNew: 9508K->1088K(9792K), 0.0044513 secs] 80611K->72290K(131292K), 0.0054244 secs] [Times: user=0.00 sys=0.00, real=0.01 secs] 
Heap after GC invocations=2379 (full 184):
 par new generation   total 9792K, used 1088K [0x00000000e1000000, 0x00000000e1aa0000, 0x00000000eb4a0000)
  eden space 8704K,   0% used [0x00000000e1000000, 0x00000000e1000000, 0x00000000e1880000)
  from space 1088K, 100% used [0x00000000e1990000, 0x00000000e1aa0000, 0x00000000e1aa0000)
  to   space 1088K,   0% used [0x00000000e1880000, 0x00000000e1880000, 0x00000000e1990000)
 concurrent mark-sweep generation total 121500K, used 71202K [0x00000000eb4a0000, 0x00000000f2b47000, 0x0000000100000000)
 Metaspace       used 89081K, capacity 93554K, committed 93824K, reserved 1132544K
  class space    used 10737K, capacity 11537K, committed 11648K, reserved 1048576K
}
2019-06-25T14:56:00.514+0000: 369699.526: Application time: 0.0010979 seconds
2019-06-25T14:56:00.514+0000: 369699.526: Application time: 0.0000300 seconds
2019-06-25T14:56:00.514+0000: 369699.526: Application time: 0.0000225 seconds
2019-06-25T14:56:00.514+0000: 369699.526: Application time: 0.0000174 seconds
2019-06-25T14:56:00.514+0000: 369699.527: Application time: 0.0000308 seconds
2019-06-25T14:56:05.502+0000: 369704.514: Application time: 4.9873272 seconds
2019-06-25T14:56:05.534+0000: 369704.547: Application time: 0.0324046 seconds
2019-06-25T14:56:07.350+0000: 369706.362: Application time: 1.8149766 seconds
2019-06-25T14:56:07.350+0000: 369706.362: Application time: 0.0001498 seconds
2019-06-25T14:56:07.350+0000: 369706.363: Application time: 0.0000652 seconds
2019-06-25T14:56:07.351+0000: 369706.363: Application time: 0.0001472 seconds
2019-06-25T14:56:07.351+0000: 369706.363: Application time: 0.0001542 seconds
2019-06-25T14:56:07.352+0000: 369706.364: Application time: 0.0010609 seconds
2019-06-25T14:57:07.348+0000: 369766.360: Application time: 59.9960561 seconds
2019-06-25T14:57:07.374+0000: 369766.386: Application time: 0.0253289 seconds
2019-06-25T14:57:07.383+0000: 369766.396: Application time: 0.0093320 seconds
2019-06-25T14:57:07.384+0000: 369766.396: Application time: 0.0000691 seconds
2019-06-25T14:57:07.384+0000: 369766.397: Application time: 0.0005431 seconds
2019-06-25T14:57:07.384+0000: 369766.397: Application time: 0.0000678 seconds
2019-06-25T14:57:07.385+0000: 369766.397: Application time: 0.0000663 seconds
2019-06-25T14:57:17.391+0000: 369776.403: Application time: 10.0060011 seconds
2019-06-25T14:57:17.391+0000: 369776.403: Application time: 0.0001575 seconds
2019-06-25T14:57:17.392+0000: 369776.404: Application time: 0.0001646 seconds
2019-06-25T14:57:17.392+0000: 369776.404: Application time: 0.0002965 seconds
2019-06-25T14:57:17.392+0000: 369776.405: Application time: 0.0002236 seconds
2019-06-25T14:57:17.394+0000: 369776.406: Application time: 0.0011329 seconds
2019-06-25T14:58:00.526+0000: 369819.538: Application time: 43.1319684 seconds
2019-06-25T14:58:00.526+0000: 369819.538: Application time: 0.0001299 seconds
2019-06-25T14:58:00.526+0000: 369819.539: Application time: 0.0001369 seconds
2019-06-25T14:58:00.527+0000: 369819.539: Application time: 0.0001492 seconds
2019-06-25T14:58:00.527+0000: 369819.539: Application time: 0.0007958 seconds
2019-06-25T14:58:00.528+0000: 369819.540: Application time: 0.0000701 seconds
2019-06-25T14:58:00.528+0000: 369819.540: Application time: 0.0001279 seconds
2019-06-25T14:58:00.528+0000: 369819.541: Application time: 0.0001408 seconds
2019-06-25T14:58:05.295+0000: 369824.307: Application time: 4.7667699 seconds
2019-06-25T14:58:05.322+0000: 369824.335: Application time: 0.0270357 seconds
2019-06-25T14:58:07.421+0000: 369826.433: Application time: 2.0982022 seconds
2019-06-25T14:58:07.421+0000: 369826.433: Application time: 0.0000726 seconds
2019-06-25T14:58:07.423+0000: 369826.435: Application time: 0.0014666 seconds
2019-06-25T14:58:27.434+0000: 369846.446: Application time: 20.0107157 seconds
{Heap before GC invocations=2379 (full 184):
 par new generation   total 9792K, used 9792K [0x00000000e1000000, 0x00000000e1aa0000, 0x00000000eb4a0000)
  eden space 8704K, 100% used [0x00000000e1000000, 0x00000000e1880000, 0x00000000e1880000)
  from space 1088K, 100% used [0x00000000e1990000, 0x00000000e1aa0000, 0x00000000e1aa0000)
  to   space 1088K,   0% used [0x00000000e1880000, 0x00000000e1880000, 0x00000000e1990000)
 concurrent mark-sweep generation total 121500K, used 71202K [0x00000000eb4a0000, 0x00000000f2b47000, 0x0000000100000000)
 Metaspace       used 89081K, capacity 93554K, committed 93824K, reserved 1132544K
  class space    used 10737K, capacity 11537K, committed 11648K, reserved 1048576K
2019-06-25T14:58:27.434+0000: 369846.447: [GC (Allocation Failure) 2019-06-25T14:58:27.435+0000: 369846.447: [ParNew: 9792K->733K(9792K), 0.0041027 secs] 80994K->72354K(131292K), 0.0047427 secs] [Times: user=0.01 sys=0.00, real=0.01 secs] 
Heap after GC invocations=2380 (full 184):
 par new generation   total 9792K, used 733K [0x00000000e1000000, 0x00000000e1aa0000, 0x00000000eb4a0000)
  eden space 8704K,   0% used [0x00000000e1000000, 0x00000000e1000000, 0x00000000e1880000)
  from space 1088K,  67% used [0x00000000e1880000, 0x00000000e19374e0, 0x00000000e1990000)
  to   space 1088K,   0% used [0x00000000e1990000, 0x00000000e1990000, 0x00000000e1aa0000)
 concurrent mark-sweep generation total 121500K, used 71621K [0x00000000eb4a0000, 0x00000000f2b47000, 0x0000000100000000)
 Metaspace       used 89081K, capacity 93554K, committed 93824K, reserved 1132544K
  class space    used 10737K, capacity 11537K, committed 11648K, reserved 1048576K
}
2019-06-25T14:59:24.295+0000: 369903.308: Application time: 56.8558569 seconds
2019-06-25T14:59:47.483+0000: 369926.496: Application time: 23.1875587 seconds
2019-06-25T15:00:30.545+0000: 369969.557: Application time: 43.0614932 seconds
2019-06-25T15:00:30.545+0000: 369969.558: Application time: 0.0000648 seconds
2019-06-25T15:00:30.546+0000: 369969.558: Application time: 0.0000606 seconds
2019-06-25T15:00:30.546+0000: 369969.558: Application time: 0.0000603 seconds
2019-06-25T15:00:30.546+0000: 369969.558: Application time: 0.0000546 seconds
2019-06-25T15:00:30.546+0000: 369969.559: Application time: 0.0000591 seconds
2019-06-25T15:00:30.547+0000: 369969.559: Application time: 0.0000815 seconds
2019-06-25T15:00:30.547+0000: 369969.559: Application time: 0.0001405 seconds
2019-06-25T15:00:30.547+0000: 369969.559: Application time: 0.0001021 seconds
2019-06-25T15:00:35.376+0000: 369974.388: Application time: 4.8288273 seconds
2019-06-25T15:00:35.401+0000: 369974.413: Application time: 0.0245176 seconds
2019-06-25T15:00:37.512+0000: 369976.525: Application time: 2.1113714 seconds
2019-06-25T15:00:37.514+0000: 369976.526: Application time: 0.0013006 seconds
2019-06-25T15:00:47.518+0000: 369986.530: Application time: 10.0040001 seconds
2019-06-25T15:00:47.518+0000: 369986.531: Application time: 0.0000831 seconds
2019-06-25T15:00:47.519+0000: 369986.531: Application time: 0.0004791 seconds
2019-06-25T15:00:47.519+0000: 369986.532: Application time: 0.0000680 seconds
2019-06-25T15:00:47.519+0000: 369986.532: Application time: 0.0000592 seconds
2019-06-25T15:00:47.520+0000: 369986.532: Application time: 0.0000570 seconds
2019-06-25T15:00:47.520+0000: 369986.532: Application time: 0.0000612 seconds
2019-06-25T15:00:47.520+0000: 369986.532: Application time: 0.0001344 seconds
2019-06-25T15:00:47.520+0000: 369986.533: Application time: 0.0001513 seconds
2019-06-25T15:00:52.302+0000: 369991.315: Application time: 4.7818364 seconds
2019-06-25T15:00:52.326+0000: 369991.339: Application time: 0.0239079 seconds
2019-06-25T15:00:57.526+0000: 369996.538: Application time: 5.1989975 seconds
2019-06-25T15:00:57.526+0000: 369996.538: Application time: 0.0000774 seconds
2019-06-25T15:00:57.527+0000: 369996.540: Application time: 0.0012031 seconds
2019-06-25T15:02:07.565+0000: 370066.578: Application time: 70.0380233 seconds
{Heap before GC invocations=2380 (full 184):
 par new generation   total 9792K, used 9437K [0x00000000e1000000, 0x00000000e1aa0000, 0x00000000eb4a0000)
  eden space 8704K, 100% used [0x00000000e1000000, 0x00000000e1880000, 0x00000000e1880000)
  from space 1088K,  67% used [0x00000000e1880000, 0x00000000e19374e0, 0x00000000e1990000)
  to   space 1088K,   0% used [0x00000000e1990000, 0x00000000e1990000, 0x00000000e1aa0000)
 concurrent mark-sweep generation total 121500K, used 71621K [0x00000000eb4a0000, 0x00000000f2b47000, 0x0000000100000000)
 Metaspace       used 89082K, capacity 93554K, committed 93824K, reserved 1132544K
  class space    used 10737K, capacity 11537K, committed 11648K, reserved 1048576K
2019-06-25T15:02:07.566+0000: 370066.579: [GC (Allocation Failure) 2019-06-25T15:02:07.567+0000: 370066.579: [ParNew: 9437K->1088K(9792K), 0.0336326 secs] 81058K->73044K(131292K), 0.0343703 secs] [Times: user=0.01 sys=0.00, real=0.04 secs] 
Heap after GC invocations=2381 (full 184):
 par new generation   total 9792K, used 1088K [0x00000000e1000000, 0x00000000e1aa0000, 0x00000000eb4a0000)
  eden space 8704K,   0% used [0x00000000e1000000, 0x00000000e1000000, 0x00000000e1880000)
  from space 1088K, 100% used [0x00000000e1990000, 0x00000000e1aa0000, 0x00000000e1aa0000)
  to   space 1088K,   0% used [0x00000000e1880000, 0x00000000e1880000, 0x00000000e1990000)
 concurrent mark-sweep generation total 121500K, used 71956K [0x00000000eb4a0000, 0x00000000f2b47000, 0x0000000100000000)
 Metaspace       used 89082K, capacity 93554K, committed 93824K, reserved 1132544K
  class space    used 10737K, capacity 11537K, committed 11648K, reserved 1048576K
}
2019-06-25T15:09:27.841+0000: 370506.853: Application time: 440.2393976 seconds
{Heap before GC invocations=2381 (full 184):
 par new generation   total 9792K, used 9792K [0x00000000e1000000, 0x00000000e1aa0000, 0x00000000eb4a0000)
  eden space 8704K, 100% used [0x00000000e1000000, 0x00000000e1880000, 0x00000000e1880000)
  from space 1088K, 100% used [0x00000000e1990000, 0x00000000e1aa0000, 0x00000000e1aa0000)
  to   space 1088K,   0% used [0x00000000e1880000, 0x00000000e1880000, 0x00000000e1990000)
 concurrent mark-sweep generation total 121500K, used 71956K [0x00000000eb4a0000, 0x00000000f2b47000, 0x0000000100000000)
 Metaspace       used 89082K, capacity 93554K, committed 93824K, reserved 1132544K
  class space    used 10737K, capacity 11537K, committed 11648K, reserved 1048576K
2019-06-25T15:09:27.842+0000: 370506.854: [GC (Allocation Failure) 2019-06-25T15:09:27.842+0000: 370506.854: [ParNew: 9792K->669K(9792K), 0.0039121 secs] 81748K->72943K(131292K), 0.0048138 secs] [Times: user=0.01 sys=0.00, real=0.00 secs] 
Heap after GC invocations=2382 (full 184):
 par new generation   total 9792K, used 669K [0x00000000e1000000, 0x00000000e1aa0000, 0x00000000eb4a0000)
  eden space 8704K,   0% used [0x00000000e1000000, 0x00000000e1000000, 0x00000000e1880000)
  from space 1088K,  61% used [0x00000000e1880000, 0x00000000e1927568, 0x00000000e1990000)
  to   space 1088K,   0% used [0x00000000e1990000, 0x00000000e1990000, 0x00000000e1aa0000)
 concurrent mark-sweep generation total 121500K, used 72273K [0x00000000eb4a0000, 0x00000000f2b47000, 0x0000000100000000)
 Metaspace       used 89082K, capacity 93554K, committed 93824K, reserved 1132544K
  class space    used 10737K, capacity 11537K, committed 11648K, reserved 1048576K
}
2019-06-25T15:16:28.077+0000: 370927.089: Application time: 420.2294415 seconds
2019-06-25T15:16:48.091+0000: 370947.104: Application time: 20.0143788 seconds
{Heap before GC invocations=2382 (full 184):
 par new generation   total 9792K, used 9373K [0x00000000e1000000, 0x00000000e1aa0000, 0x00000000eb4a0000)
  eden space 8704K, 100% used [0x00000000e1000000, 0x00000000e1880000, 0x00000000e1880000)
  from space 1088K,  61% used [0x00000000e1880000, 0x00000000e1927568, 0x00000000e1990000)
  to   space 1088K,   0% used [0x00000000e1990000, 0x00000000e1990000, 0x00000000e1aa0000)
 concurrent mark-sweep generation total 121500K, used 72273K [0x00000000eb4a0000, 0x00000000f2b47000, 0x0000000100000000)
 Metaspace       used 89082K, capacity 93554K, committed 93824K, reserved 1132544K
  class space    used 10737K, capacity 11537K, committed 11648K, reserved 1048576K
2019-06-25T15:16:48.107+0000: 370947.119: [GC (Allocation Failure) 2019-06-25T15:16:48.108+0000: 370947.120: [ParNew: 9373K->614K(9792K), 0.0037520 secs] 81647K->72888K(131292K), 0.0054216 secs] [Times: user=0.00 sys=0.00, real=0.01 secs] 
Heap after GC invocations=2383 (full 184):
 par new generation   total 9792K, used 614K [0x00000000e1000000, 0x00000000e1aa0000, 0x00000000eb4a0000)
  eden space 8704K,   0% used [0x00000000e1000000, 0x00000000e1000000, 0x00000000e1880000)
  from space 1088K,  56% used [0x00000000e1990000, 0x00000000e1a29a28, 0x00000000e1aa0000)
  to   space 1088K,   0% used [0x00000000e1880000, 0x00000000e1880000, 0x00000000e1990000)
 concurrent mark-sweep generation total 121500K, used 72273K [0x00000000eb4a0000, 0x00000000f2b47000, 0x0000000100000000)
 Metaspace       used 89082K, capacity 93554K, committed 93824K, reserved 1132544K
  class space    used 10737K, capacity 11537K, committed 11648K, reserved 1048576K
}
2019-06-25T15:18:18.159+0000: 371037.172: Application time: 90.0459618 seconds
2019-06-25T15:18:18.160+0000: 371037.172: Application time: 0.0000659 seconds
2019-06-25T15:18:18.160+0000: 371037.172: Application time: 0.0000594 seconds
2019-06-25T15:18:18.160+0000: 371037.172: Application time: 0.0000643 seconds
2019-06-25T15:18:18.161+0000: 371037.173: Application time: 0.0000854 seconds
2019-06-25T15:18:18.161+0000: 371037.174: Application time: 0.0000603 seconds
2019-06-25T15:18:18.162+0000: 371037.174: Application time: 0.0001297 seconds
2019-06-25T15:18:18.162+0000: 371037.174: Application time: 0.0001336 seconds
2019-06-25T15:18:18.321+0000: 371037.333: Application time: 0.1585065 seconds
2019-06-25T15:18:18.345+0000: 371037.358: Application time: 0.0243956 seconds
2019-06-25T15:18:28.167+0000: 371047.180: Application time: 9.8217474 seconds
2019-06-25T15:18:28.168+0000: 371047.180: Application time: 0.0000747 seconds
2019-06-25T15:18:28.168+0000: 371047.180: Application time: 0.0000606 seconds
2019-06-25T15:18:28.168+0000: 371047.180: Application time: 0.0000565 seconds
2019-06-25T15:18:28.168+0000: 371047.181: Application time: 0.0002618 seconds
2019-06-25T15:18:28.169+0000: 371047.181: Application time: 0.0000785 seconds
2019-06-25T15:18:28.170+0000: 371047.182: Application time: 0.0014754 seconds
2019-06-25T15:22:08.290+0000: 371267.303: Application time: 220.1200925 seconds
{Heap before GC invocations=2383 (full 184):
 par new generation   total 9792K, used 9318K [0x00000000e1000000, 0x00000000e1aa0000, 0x00000000eb4a0000)
  eden space 8704K, 100% used [0x00000000e1000000, 0x00000000e1880000, 0x00000000e1880000)
  from space 1088K,  56% used [0x00000000e1990000, 0x00000000e1a29a28, 0x00000000e1aa0000)
  to   space 1088K,   0% used [0x00000000e1880000, 0x00000000e1880000, 0x00000000e1990000)
 concurrent mark-sweep generation total 121500K, used 72273K [0x00000000eb4a0000, 0x00000000f2b47000, 0x0000000100000000)
 Metaspace       used 89082K, capacity 93554K, committed 93824K, reserved 1132544K
  class space    used 10737K, capacity 11537K, committed 11648K, reserved 1048576K
2019-06-25T15:22:08.291+0000: 371267.303: [GC (Allocation Failure) 2019-06-25T15:22:08.291+0000: 371267.303: [ParNew: 9318K->677K(9792K), 0.0086900 secs] 81592K->73179K(131292K), 0.0094185 secs] [Times: user=0.02 sys=0.00, real=0.01 secs] 
Heap after GC invocations=2384 (full 184):
 par new generation   total 9792K, used 677K [0x00000000e1000000, 0x00000000e1aa0000, 0x00000000eb4a0000)
  eden space 8704K,   0% used [0x00000000e1000000, 0x00000000e1000000, 0x00000000e1880000)
  from space 1088K,  62% used [0x00000000e1880000, 0x00000000e19296b8, 0x00000000e1990000)
  to   space 1088K,   0% used [0x00000000e1990000, 0x00000000e1990000, 0x00000000e1aa0000)
 concurrent mark-sweep generation total 121500K, used 72502K [0x00000000eb4a0000, 0x00000000f2b47000, 0x0000000100000000)
 Metaspace       used 89082K, capacity 93554K, committed 93824K, reserved 1132544K
  class space    used 10737K, capacity 11537K, committed 11648K, reserved 1048576K
}
2019-06-25T15:22:18.304+0000: 371277.316: Application time: 10.0029677 seconds
2019-06-25T15:22:18.304+0000: 371277.316: Application time: 0.0000717 seconds
2019-06-25T15:22:18.304+0000: 371277.317: Application time: 0.0001507 seconds
2019-06-25T15:22:18.305+0000: 371277.317: Application time: 0.0001001 seconds
2019-06-25T15:22:22.990+0000: 371282.003: Application time: 4.6853437 seconds
2019-06-25T15:22:23.016+0000: 371282.029: Application time: 0.0258077 seconds
2019-06-25T15:22:28.311+0000: 371287.323: Application time: 5.2938714 seconds
2019-06-25T15:22:28.311+0000: 371287.323: Application time: 0.0000669 seconds
2019-06-25T15:22:28.311+0000: 371287.323: Application time: 0.0000646 seconds
2019-06-25T15:22:28.311+0000: 371287.324: Application time: 0.0000595 seconds
2019-06-25T15:22:28.311+0000: 371287.324: Application time: 0.0000589 seconds
2019-06-25T15:22:28.312+0000: 371287.324: Application time: 0.0000759 seconds
2019-06-25T15:22:28.313+0000: 371287.326: Application time: 0.0014338 seconds
2019-06-25T15:23:18.341+0000: 371337.353: Application time: 50.0275143 seconds
2019-06-25T15:23:18.341+0000: 371337.354: Application time: 0.0001884 seconds
2019-06-25T15:23:18.342+0000: 371337.354: Application time: 0.0001626 seconds
2019-06-25T15:23:18.342+0000: 371337.354: Application time: 0.0002780 seconds
2019-06-25T15:23:18.342+0000: 371337.355: Application time: 0.0006257 seconds
2019-06-25T15:23:20.388+0000: 371339.401: Application time: 2.0452119 seconds
2019-06-25T15:23:20.414+0000: 371339.427: Application time: 0.0259581 seconds
2019-06-25T15:23:28.368+0000: 371347.380: Application time: 7.9531882 seconds
2019-06-25T15:23:28.368+0000: 371347.380: Application time: 0.0000661 seconds
2019-06-25T15:23:28.368+0000: 371347.381: Application time: 0.0000646 seconds
2019-06-25T15:23:28.369+0000: 371347.381: Application time: 0.0000573 seconds
2019-06-25T15:23:28.369+0000: 371347.381: Application time: 0.0000632 seconds
2019-06-25T15:23:28.370+0000: 371347.383: Application time: 0.0015416 seconds
2019-06-25T15:24:05.831+0000: 371384.843: Application time: 37.4600984 seconds
{Heap before GC invocations=2384 (full 184):
 par new generation   total 9792K, used 9381K [0x00000000e1000000, 0x00000000e1aa0000, 0x00000000eb4a0000)
  eden space 8704K, 100% used [0x00000000e1000000, 0x00000000e1880000, 0x00000000e1880000)
  from space 1088K,  62% used [0x00000000e1880000, 0x00000000e19296b8, 0x00000000e1990000)
  to   space 1088K,   0% used [0x00000000e1990000, 0x00000000e1990000, 0x00000000e1aa0000)
 concurrent mark-sweep generation total 121500K, used 72502K [0x00000000eb4a0000, 0x00000000f2b47000, 0x0000000100000000)
 Metaspace       used 89123K, capacity 93620K, committed 93824K, reserved 1132544K
  class space    used 10743K, capacity 11548K, committed 11648K, reserved 1048576K
2019-06-25T15:24:05.842+0000: 371384.854: [GC (Allocation Failure) 2019-06-25T15:24:05.842+0000: 371384.855: [ParNew: 9381K->940K(9792K), 0.0038649 secs] 81883K->73442K(131292K), 0.0047853 secs] [Times: user=0.01 sys=0.00, real=0.00 secs] 
Heap after GC invocations=2385 (full 184):
 par new generation   total 9792K, used 940K [0x00000000e1000000, 0x00000000e1aa0000, 0x00000000eb4a0000)
  eden space 8704K,   0% used [0x00000000e1000000, 0x00000000e1000000, 0x00000000e1880000)
  from space 1088K,  86% used [0x00000000e1990000, 0x00000000e1a7b2c8, 0x00000000e1aa0000)
  to   space 1088K,   0% used [0x00000000e1880000, 0x00000000e1880000, 0x00000000e1990000)
 concurrent mark-sweep generation total 121500K, used 72502K [0x00000000eb4a0000, 0x00000000f2b47000, 0x0000000100000000)
 Metaspace       used 89123K, capacity 93620K, committed 93824K, reserved 1132544K
  class space    used 10743K, capacity 11548K, committed 11648K, reserved 1048576K
}
2019-06-25T15:24:08.391+0000: 371387.403: Application time: 2.5436135 seconds
2019-06-25T15:24:08.391+0000: 371387.404: Application time: 0.0000857 seconds
2019-06-25T15:24:08.392+0000: 371387.404: Application time: 0.0001125 seconds
2019-06-25T15:24:08.392+0000: 371387.404: Application time: 0.0002164 seconds
2019-06-25T15:24:08.392+0000: 371387.406: Application time: 0.0017895 seconds
2019-06-25T15:24:10.807+0000: 371389.819: Application time: 2.4126312 seconds
2019-06-25T15:24:10.851+0000: 371389.864: Application time: 0.0443772 seconds
2019-06-25T15:24:18.400+0000: 371397.412: Application time: 7.5481858 seconds
2019-06-25T15:24:18.400+0000: 371397.412: Application time: 0.0000705 seconds
2019-06-25T15:24:18.400+0000: 371397.413: Application time: 0.0000646 seconds
2019-06-25T15:24:18.400+0000: 371397.413: Application time: 0.0000587 seconds
2019-06-25T15:24:18.401+0000: 371397.413: Application time: 0.0000618 seconds
2019-06-25T15:24:18.402+0000: 371397.415: Application time: 0.0014427 seconds
2019-06-25T15:24:24.439+0000: 371403.451: Application time: 6.0367425 seconds
2019-06-25T15:25:08.435+0000: 371447.447: Application time: 43.9951559 seconds
2019-06-25T15:25:08.435+0000: 371447.447: Application time: 0.0001057 seconds
2019-06-25T15:25:08.435+0000: 371447.447: Application time: 0.0000614 seconds
2019-06-25T15:25:08.435+0000: 371447.448: Application time: 0.0005532 seconds
2019-06-25T15:25:08.436+0000: 371447.448: Application time: 0.0001465 seconds
2019-06-25T15:25:12.664+0000: 371451.676: Application time: 4.2279279 seconds
2019-06-25T15:25:12.695+0000: 371451.707: Application time: 0.0302465 seconds
2019-06-25T15:25:18.441+0000: 371457.453: Application time: 5.7463841 seconds
2019-06-25T15:25:18.441+0000: 371457.454: Application time: 0.0000700 seconds
2019-06-25T15:25:18.442+0000: 371457.454: Application time: 0.0000791 seconds
2019-06-25T15:25:18.442+0000: 371457.454: Application time: 0.0000591 seconds
2019-06-25T15:25:18.442+0000: 371457.454: Application time: 0.0000628 seconds
2019-06-25T15:25:18.443+0000: 371457.456: Application time: 0.0013455 seconds
2019-06-25T15:25:53.973+0000: 371492.985: Application time: 35.5293855 seconds
2019-06-25T15:25:53.998+0000: 371493.011: Application time: 0.0250414 seconds
2019-06-25T15:25:58.063+0000: 371497.075: Application time: 4.0642690 seconds
2019-06-25T15:25:58.064+0000: 371497.076: Application time: 0.0001457 seconds
2019-06-25T15:25:58.064+0000: 371497.077: Application time: 0.0000681 seconds
2019-06-25T15:25:58.064+0000: 371497.077: Application time: 0.0001487 seconds
2019-06-25T15:25:58.065+0000: 371497.077: Application time: 0.0001121 seconds
2019-06-25T15:25:58.464+0000: 371497.476: Application time: 0.3991880 seconds
2019-06-25T15:25:58.464+0000: 371497.477: Application time: 0.0001750 seconds
2019-06-25T15:25:58.465+0000: 371497.477: Application time: 0.0001996 seconds
2019-06-25T15:25:58.465+0000: 371497.477: Application time: 0.0001704 seconds
2019-06-25T15:25:58.465+0000: 371497.478: Application time: 0.0001765 seconds
2019-06-25T15:25:58.467+0000: 371497.479: Application time: 0.0012907 seconds
2019-06-25T15:26:00.712+0000: 371499.724: Application time: 2.2447042 seconds
2019-06-25T15:26:33.685+0000: 371532.698: Application time: 32.9734769 seconds
{Heap before GC invocations=2385 (full 184):
 par new generation   total 9792K, used 9644K [0x00000000e1000000, 0x00000000e1aa0000, 0x00000000eb4a0000)
  eden space 8704K, 100% used [0x00000000e1000000, 0x00000000e1880000, 0x00000000e1880000)
  from space 1088K,  86% used [0x00000000e1990000, 0x00000000e1a7b2c8, 0x00000000e1aa0000)
  to   space 1088K,   0% used [0x00000000e1880000, 0x00000000e1880000, 0x00000000e1990000)
 concurrent mark-sweep generation total 121500K, used 72502K [0x00000000eb4a0000, 0x00000000f2b47000, 0x0000000100000000)
 Metaspace       used 89123K, capacity 93620K, committed 93824K, reserved 1132544K
  class space    used 10743K, capacity 11548K, committed 11648K, reserved 1048576K
2019-06-25T15:26:33.686+0000: 371532.698: [GC (Allocation Failure) 2019-06-25T15:26:33.686+0000: 371532.698: [ParNew: 9644K->1081K(9792K), 0.0051490 secs] 82146K->74176K(131292K), 0.0060296 secs] [Times: user=0.01 sys=0.00, real=0.01 secs] 
Heap after GC invocations=2386 (full 184):
 par new generation   total 9792K, used 1081K [0x00000000e1000000, 0x00000000e1aa0000, 0x00000000eb4a0000)
  eden space 8704K,   0% used [0x00000000e1000000, 0x00000000e1000000, 0x00000000e1880000)
  from space 1088K,  99% used [0x00000000e1880000, 0x00000000e198e6f8, 0x00000000e1990000)
  to   space 1088K,   0% used [0x00000000e1990000, 0x00000000e1990000, 0x00000000e1aa0000)
 concurrent mark-sweep generation total 121500K, used 73094K [0x00000000eb4a0000, 0x00000000f2b47000, 0x0000000100000000)
 Metaspace       used 89123K, capacity 93620K, committed 93824K, reserved 1132544K
  class space    used 10743K, capacity 11548K, committed 11648K, reserved 1048576K
}
2019-06-25T15:26:33.693+0000: 371532.705: Application time: 0.0003995 seconds
2019-06-25T15:26:33.696+0000: 371532.709: [GC (CMS Initial Mark) [1 CMS-initial-mark: 73094K(121500K)] 74473K(131292K), 0.0032894 secs] [Times: user=0.00 sys=0.00, real=0.01 secs] 
2019-06-25T15:26:33.701+0000: 371532.713: [CMS-concurrent-mark-start]
2019-06-25T15:26:33.827+0000: 371532.840: [CMS-concurrent-mark: 0.127/0.127 secs] [Times: user=0.13 sys=0.00, real=0.12 secs] 
2019-06-25T15:26:33.828+0000: 371532.840: [CMS-concurrent-preclean-start]
2019-06-25T15:26:33.830+0000: 371532.842: [CMS-concurrent-preclean: 0.002/0.002 secs] [Times: user=0.01 sys=0.00, real=0.01 secs] 
2019-06-25T15:26:33.830+0000: 371532.843: Application time: 0.1296489 seconds
2019-06-25T15:26:33.830+0000: 371532.843: [GC (CMS Final Remark) [YG occupancy: 1792 K (9792 K)]2019-06-25T15:26:33.831+0000: 371532.843: [Rescan (parallel) , 0.0029432 secs]2019-06-25T15:26:33.834+0000: 371532.846: [weak refs processing, 0.0021482 secs]2019-06-25T15:26:33.836+0000: 371532.849: [class unloading, 0.0303132 secs]2019-06-25T15:26:33.867+0000: 371532.880: [scrub symbol table, 0.0200191 secs]2019-06-25T15:26:33.888+0000: 371532.900: [scrub string table, 0.0017889 secs][1 CMS-remark: 73094K(121500K)] 74886K(131292K), 0.0719054 secs] [Times: user=0.07 sys=0.00, real=0.07 secs] 
2019-06-25T15:26:33.904+0000: 371532.916: [CMS-concurrent-sweep-start]
2019-06-25T15:26:33.939+0000: 371532.951: [CMS-concurrent-sweep: 0.035/0.035 secs] [Times: user=0.04 sys=0.00, real=0.04 secs] 
2019-06-25T15:26:33.939+0000: 371532.952: [CMS-concurrent-reset-start]
2019-06-25T15:26:33.940+0000: 371532.952: [CMS-concurrent-reset: 0.000/0.000 secs] [Times: user=0.00 sys=0.00, real=0.00 secs] 
2019-06-25T15:26:34.903+0000: 371533.916: Application time: 1.0003664 seconds
2019-06-25T15:26:38.488+0000: 371537.500: Application time: 3.5842172 seconds
2019-06-25T15:26:38.488+0000: 371537.501: Application time: 0.0001027 seconds
2019-06-25T15:26:38.489+0000: 371537.501: Application time: 0.0001373 seconds
2019-06-25T15:26:38.489+0000: 371537.501: Application time: 0.0001142 seconds
2019-06-25T15:26:38.684+0000: 371537.696: Application time: 0.1947066 seconds
2019-06-25T15:26:38.726+0000: 371537.739: Application time: 0.0424898 seconds
2019-06-25T15:26:48.497+0000: 371547.509: Application time: 9.7701577 seconds
2019-06-25T15:26:48.497+0000: 371547.509: Application time: 0.0000668 seconds
2019-06-25T15:26:48.497+0000: 371547.509: Application time: 0.0000575 seconds
2019-06-25T15:26:48.497+0000: 371547.510: Application time: 0.0000611 seconds
2019-06-25T15:26:48.498+0000: 371547.510: Application time: 0.0000556 seconds
2019-06-25T15:26:48.498+0000: 371547.510: Application time: 0.0000594 seconds
2019-06-25T15:26:48.499+0000: 371547.512: Application time: 0.0017444 seconds
2019-06-25T15:26:54.501+0000: 371553.514: Application time: 6.0013399 seconds
2019-06-25T15:26:55.502+0000: 371554.514: Application time: 1.0001917 seconds
2019-06-25T15:26:58.069+0000: 371557.081: Application time: 2.5669229 seconds
2019-06-25T15:26:59.069+0000: 371558.081: Application time: 1.0002534 seconds
2019-06-25T15:27:31.075+0000: 371590.087: Application time: 32.0054448 seconds
2019-06-25T15:27:57.078+0000: 371616.091: Application time: 26.0034927 seconds
2019-06-25T15:27:58.070+0000: 371617.083: Application time: 0.9917188 seconds
2019-06-25T15:27:58.071+0000: 371617.083: Application time: 0.0000687 seconds
2019-06-25T15:27:58.071+0000: 371617.083: Application time: 0.0001643 seconds
2019-06-25T15:27:58.071+0000: 371617.084: Application time: 0.0001374 seconds
2019-06-25T15:27:58.537+0000: 371617.549: Application time: 0.4650733 seconds
2019-06-25T15:27:58.537+0000: 371617.549: Application time: 0.0000702 seconds
2019-06-25T15:27:58.537+0000: 371617.550: Application time: 0.0005991 seconds
2019-06-25T15:27:58.538+0000: 371617.550: Application time: 0.0000658 seconds
2019-06-25T15:27:58.538+0000: 371617.551: Application time: 0.0000944 seconds
2019-06-25T15:27:58.538+0000: 371617.551: Application time: 0.0000595 seconds
2019-06-25T15:27:58.539+0000: 371617.551: Application time: 0.0000615 seconds
2019-06-25T15:27:58.539+0000: 371617.551: Application time: 0.0001345 seconds
2019-06-25T15:27:58.540+0000: 371617.552: Application time: 0.0008647 seconds
2019-06-25T15:27:59.540+0000: 371618.553: Application time: 1.0002716 seconds
2019-06-25T15:28:00.725+0000: 371619.737: Application time: 1.1839896 seconds
2019-06-25T15:28:01.973+0000: 371620.985: Application time: 1.2482179 seconds
2019-06-25T15:28:02.000+0000: 371621.012: Application time: 0.0267390 seconds
2019-06-25T15:28:39.005+0000: 371658.018: Application time: 37.0051805 seconds
2019-06-25T15:29:54.222+0000: 371733.235: Application time: 75.2167973 seconds
{Heap before GC invocations=2386 (full 185):
 par new generation   total 9792K, used 9785K [0x00000000e1000000, 0x00000000e1aa0000, 0x00000000eb4a0000)
  eden space 8704K, 100% used [0x00000000e1000000, 0x00000000e1880000, 0x00000000e1880000)
  from space 1088K,  99% used [0x00000000e1880000, 0x00000000e198e6f8, 0x00000000e1990000)
  to   space 1088K,   0% used [0x00000000e1990000, 0x00000000e1990000, 0x00000000e1aa0000)
 concurrent mark-sweep generation total 121500K, used 69843K [0x00000000eb4a0000, 0x00000000f2b47000, 0x0000000100000000)
 Metaspace       used 89116K, capacity 93608K, committed 93824K, reserved 1132544K
  class space    used 10742K, capacity 11546K, committed 11648K, reserved 1048576K
2019-06-25T15:29:54.223+0000: 371733.235: [GC (Allocation Failure) 2019-06-25T15:29:54.223+0000: 371733.236: [ParNew: 9785K->891K(9792K), 0.0039499 secs] 79629K->71077K(131292K), 0.0048159 secs] [Times: user=0.01 sys=0.00, real=0.01 secs] 
Heap after GC invocations=2387 (full 185):
 par new generation   total 9792K, used 891K [0x00000000e1000000, 0x00000000e1aa0000, 0x00000000eb4a0000)
  eden space 8704K,   0% used [0x00000000e1000000, 0x00000000e1000000, 0x00000000e1880000)
  from space 1088K,  81% used [0x00000000e1990000, 0x00000000e1a6eee8, 0x00000000e1aa0000)
  to   space 1088K,   0% used [0x00000000e1880000, 0x00000000e1880000, 0x00000000e1990000)
 concurrent mark-sweep generation total 121500K, used 70185K [0x00000000eb4a0000, 0x00000000f2b47000, 0x0000000100000000)
 Metaspace       used 89116K, capacity 93608K, committed 93824K, reserved 1132544K
  class space    used 10742K, capacity 11546K, committed 11648K, reserved 1048576K
}
2019-06-25T15:29:58.076+0000: 371737.089: Application time: 3.8478273 seconds
2019-06-25T15:29:58.605+0000: 371737.618: Application time: 0.5287088 seconds
2019-06-25T15:29:58.606+0000: 371737.618: Application time: 0.0000699 seconds
2019-06-25T15:29:58.606+0000: 371737.618: Application time: 0.0000597 seconds
2019-06-25T15:29:58.606+0000: 371737.619: Application time: 0.0004124 seconds
2019-06-25T15:29:58.607+0000: 371737.619: Application time: 0.0000658 seconds
2019-06-25T15:29:58.607+0000: 371737.619: Application time: 0.0000651 seconds
2019-06-25T15:29:58.607+0000: 371737.619: Application time: 0.0000586 seconds
2019-06-25T15:29:58.607+0000: 371737.620: Application time: 0.0001271 seconds
2019-06-25T15:29:58.607+0000: 371737.620: Application time: 0.0001026 seconds
2019-06-25T15:29:58.609+0000: 371737.621: Application time: 0.0011235 seconds
2019-06-25T15:29:59.218+0000: 371738.231: Application time: 0.6092583 seconds
2019-06-25T15:29:59.251+0000: 371738.263: Application time: 0.0324158 seconds
2019-06-25T15:30:14.378+0000: 371753.390: Application time: 15.1265062 seconds
2019-06-25T15:30:14.403+0000: 371753.415: Application time: 0.0253544 seconds
2019-06-25T15:30:18.619+0000: 371757.631: Application time: 4.2154029 seconds
2019-06-25T15:30:18.619+0000: 371757.631: Application time: 0.0001217 seconds
2019-06-25T15:30:28.625+0000: 371767.637: Application time: 10.0060811 seconds
2019-06-25T15:30:28.626+0000: 371767.638: Application time: 0.0000708 seconds
2019-06-25T15:30:28.626+0000: 371767.638: Application time: 0.0000645 seconds
2019-06-25T15:30:28.626+0000: 371767.638: Application time: 0.0000901 seconds
2019-06-25T15:30:28.626+0000: 371767.638: Application time: 0.0000602 seconds
2019-06-25T15:30:28.626+0000: 371767.639: Application time: 0.0000625 seconds
2019-06-25T15:30:28.627+0000: 371767.639: Application time: 0.0001068 seconds
2019-06-25T15:30:28.627+0000: 371767.639: Application time: 0.0001245 seconds
2019-06-25T15:30:28.628+0000: 371767.640: Application time: 0.0012703 seconds
2019-06-25T15:33:08.720+0000: 371927.732: Application time: 160.0914686 seconds
2019-06-25T15:34:58.782+0000: 372037.795: Application time: 110.0622311 seconds
{Heap before GC invocations=2387 (full 185):
 par new generation   total 9792K, used 9595K [0x00000000e1000000, 0x00000000e1aa0000, 0x00000000eb4a0000)
  eden space 8704K, 100% used [0x00000000e1000000, 0x00000000e1880000, 0x00000000e1880000)
  from space 1088K,  81% used [0x00000000e1990000, 0x00000000e1a6eee8, 0x00000000e1aa0000)
  to   space 1088K,   0% used [0x00000000e1880000, 0x00000000e1880000, 0x00000000e1990000)
 concurrent mark-sweep generation total 121500K, used 70185K [0x00000000eb4a0000, 0x00000000f2b47000, 0x0000000100000000)
 Metaspace       used 89116K, capacity 93608K, committed 93824K, reserved 1132544K
  class space    used 10742K, capacity 11546K, committed 11648K, reserved 1048576K
2019-06-25T15:34:58.783+0000: 372037.795: [GC (Allocation Failure) 2019-06-25T15:34:58.783+0000: 372037.796: [ParNew: 9595K->1088K(9792K), 0.0050785 secs] 79781K->71574K(131292K), 0.0058103 secs] [Times: user=0.00 sys=0.01, real=0.01 secs] 
Heap after GC invocations=2388 (full 185):
 par new generation   total 9792K, used 1088K [0x00000000e1000000, 0x00000000e1aa0000, 0x00000000eb4a0000)
  eden space 8704K,   0% used [0x00000000e1000000, 0x00000000e1000000, 0x00000000e1880000)
  from space 1088K, 100% used [0x00000000e1880000, 0x00000000e1990000, 0x00000000e1990000)
  to   space 1088K,   0% used [0x00000000e1990000, 0x00000000e1990000, 0x00000000e1aa0000)
 concurrent mark-sweep generation total 121500K, used 70486K [0x00000000eb4a0000, 0x00000000f2b47000, 0x0000000100000000)
 Metaspace       used 89116K, capacity 93608K, committed 93824K, reserved 1132544K
  class space    used 10742K, capacity 11546K, committed 11648K, reserved 1048576K
}
2019-06-25T15:41:24.843+0000: 372423.855: Application time: 386.0534927 seconds
2019-06-25T15:42:09.033+0000: 372468.045: Application time: 44.1898181 seconds
{Heap before GC invocations=2388 (full 185):
 par new generation   total 9792K, used 9792K [0x00000000e1000000, 0x00000000e1aa0000, 0x00000000eb4a0000)
  eden space 8704K, 100% used [0x00000000e1000000, 0x00000000e1880000, 0x00000000e1880000)
  from space 1088K, 100% used [0x00000000e1880000, 0x00000000e1990000, 0x00000000e1990000)
  to   space 1088K,   0% used [0x00000000e1990000, 0x00000000e1990000, 0x00000000e1aa0000)
 concurrent mark-sweep generation total 121500K, used 70486K [0x00000000eb4a0000, 0x00000000f2b47000, 0x0000000100000000)
 Metaspace       used 89118K, capacity 93614K, committed 93824K, reserved 1132544K
  class space    used 10743K, capacity 11547K, committed 11648K, reserved 1048576K
2019-06-25T15:42:09.034+0000: 372468.046: [GC (Allocation Failure) 2019-06-25T15:42:09.034+0000: 372468.047: [ParNew: 9792K->528K(9792K), 0.0039568 secs] 80278K->71352K(131292K), 0.0049023 secs] [Times: user=0.01 sys=0.00, real=0.01 secs] 
Heap after GC invocations=2389 (full 185):
 par new generation   total 9792K, used 528K [0x00000000e1000000, 0x00000000e1aa0000, 0x00000000eb4a0000)
  eden space 8704K,   0% used [0x00000000e1000000, 0x00000000e1000000, 0x00000000e1880000)
  from space 1088K,  48% used [0x00000000e1990000, 0x00000000e1a14218, 0x00000000e1aa0000)
  to   space 1088K,   0% used [0x00000000e1880000, 0x00000000e1880000, 0x00000000e1990000)
 concurrent mark-sweep generation total 121500K, used 70823K [0x00000000eb4a0000, 0x00000000f2b47000, 0x0000000100000000)
 Metaspace       used 89118K, capacity 93614K, committed 93824K, reserved 1132544K
  class space    used 10743K, capacity 11547K, committed 11648K, reserved 1048576K
}
2019-06-25T15:47:50.088+0000: 372809.101: Application time: 341.0486750 seconds
{Heap before GC invocations=2389 (full 185):
 par new generation   total 9792K, used 9232K [0x00000000e1000000, 0x00000000e1aa0000, 0x00000000eb4a0000)
  eden space 8704K, 100% used [0x00000000e1000000, 0x00000000e1880000, 0x00000000e1880000)
  from space 1088K,  48% used [0x00000000e1990000, 0x00000000e1a14218, 0x00000000e1aa0000)
  to   space 1088K,   0% used [0x00000000e1880000, 0x00000000e1880000, 0x00000000e1990000)
 concurrent mark-sweep generation total 121500K, used 70823K [0x00000000eb4a0000, 0x00000000f2b47000, 0x0000000100000000)
 Metaspace       used 89119K, capacity 93614K, committed 93824K, reserved 1132544K
  class space    used 10743K, capacity 11547K, committed 11648K, reserved 1048576K
2019-06-25T15:47:50.097+0000: 372809.109: [GC (Allocation Failure) 2019-06-25T15:47:50.097+0000: 372809.109: [ParNew: 9232K->882K(9792K), 0.0031700 secs] 80056K->71705K(131292K), 0.0037920 secs] [Times: user=0.00 sys=0.00, real=0.01 secs] 
Heap after GC invocations=2390 (full 185):
 par new generation   total 9792K, used 882K [0x00000000e1000000, 0x00000000e1aa0000, 0x00000000eb4a0000)
  eden space 8704K,   0% used [0x00000000e1000000, 0x00000000e1000000, 0x00000000e1880000)
  from space 1088K,  81% used [0x00000000e1880000, 0x00000000e195c830, 0x00000000e1990000)
  to   space 1088K,   0% used [0x00000000e1990000, 0x00000000e1990000, 0x00000000e1aa0000)
 concurrent mark-sweep generation total 121500K, used 70823K [0x00000000eb4a0000, 0x00000000f2b47000, 0x0000000100000000)
 Metaspace       used 89119K, capacity 93614K, committed 93824K, reserved 1132544K
  class space    used 10743K, capacity 11547K, committed 11648K, reserved 1048576K
}
2019-06-25T15:47:55.070+0000: 372814.082: Application time: 4.9688335 seconds
2019-06-25T15:47:55.108+0000: 372814.121: Application time: 0.0379449 seconds
2019-06-25T15:47:58.123+0000: 372817.135: Application time: 3.0145299 seconds
2019-06-25T15:47:58.123+0000: 372817.136: Application time: 0.0000712 seconds
2019-06-25T15:47:58.124+0000: 372817.136: Application time: 0.0004754 seconds
2019-06-25T15:47:58.124+0000: 372817.136: Application time: 0.0000628 seconds
2019-06-25T15:47:58.124+0000: 372817.137: Application time: 0.0000593 seconds
2019-06-25T15:47:58.124+0000: 372817.137: Application time: 0.0000639 seconds
2019-06-25T15:47:59.231+0000: 372818.243: Application time: 1.1063507 seconds
2019-06-25T15:47:59.231+0000: 372818.244: Application time: 0.0000726 seconds
2019-06-25T15:47:59.231+0000: 372818.244: Application time: 0.0001398 seconds
2019-06-25T15:47:59.232+0000: 372818.244: Application time: 0.0001254 seconds
2019-06-25T15:47:59.233+0000: 372818.245: Application time: 0.0010572 seconds
2019-06-25T15:49:24.570+0000: 372903.582: Application time: 85.3368037 seconds
2019-06-25T15:49:49.293+0000: 372928.305: Application time: 24.7224206 seconds
2019-06-25T15:52:09.377+0000: 373068.390: Application time: 140.0842632 seconds
2019-06-25T15:52:09.378+0000: 373068.390: Application time: 0.0001468 seconds
2019-06-25T15:52:09.378+0000: 373068.390: Application time: 0.0006920 seconds
2019-06-25T15:52:09.379+0000: 373068.391: Application time: 0.0000630 seconds
2019-06-25T15:52:09.379+0000: 373068.391: Application time: 0.0000559 seconds
2019-06-25T15:52:09.379+0000: 373068.391: Application time: 0.0000594 seconds
2019-06-25T15:52:11.534+0000: 373070.547: Application time: 2.1550573 seconds
2019-06-25T15:52:11.563+0000: 373070.575: Application time: 0.0284380 seconds
2019-06-25T15:52:19.385+0000: 373078.397: Application time: 7.8215601 seconds
2019-06-25T15:52:19.385+0000: 373078.397: Application time: 0.0000746 seconds
2019-06-25T15:52:19.385+0000: 373078.398: Application time: 0.0001480 seconds
2019-06-25T15:52:19.386+0000: 373078.398: Application time: 0.0001022 seconds
2019-06-25T15:52:19.387+0000: 373078.399: Application time: 0.0011174 seconds
2019-06-25T15:52:43.152+0000: 373102.165: Application time: 23.7654947 seconds
{Heap before GC invocations=2390 (full 185):
 par new generation   total 9792K, used 9585K [0x00000000e1000000, 0x00000000e1aa0000, 0x00000000eb4a0000)
  eden space 8704K,  99% used [0x00000000e1000000, 0x00000000e187ff50, 0x00000000e1880000)
  from space 1088K,  81% used [0x00000000e1880000, 0x00000000e195c830, 0x00000000e1990000)
  to   space 1088K,   0% used [0x00000000e1990000, 0x00000000e1990000, 0x00000000e1aa0000)
 concurrent mark-sweep generation total 121500K, used 70823K [0x00000000eb4a0000, 0x00000000f2b47000, 0x0000000100000000)
 Metaspace       used 89119K, capacity 93614K, committed 93824K, reserved 1132544K
  class space    used 10743K, capacity 11547K, committed 11648K, reserved 1048576K
2019-06-25T15:52:43.153+0000: 373102.165: [GC (Allocation Failure) 2019-06-25T15:52:43.153+0000: 373102.166: [ParNew: 9585K->847K(9792K), 0.0041445 secs] 80409K->71840K(131292K), 0.0051652 secs] [Times: user=0.01 sys=0.00, real=0.01 secs] 
Heap after GC invocations=2391 (full 185):
 par new generation   total 9792K, used 847K [0x00000000e1000000, 0x00000000e1aa0000, 0x00000000eb4a0000)
  eden space 8704K,   0% used [0x00000000e1000000, 0x00000000e1000000, 0x00000000e1880000)
  from space 1088K,  77% used [0x00000000e1990000, 0x00000000e1a63f38, 0x00000000e1aa0000)
  to   space 1088K,   0% used [0x00000000e1880000, 0x00000000e1880000, 0x00000000e1990000)
 concurrent mark-sweep generation total 121500K, used 70992K [0x00000000eb4a0000, 0x00000000f2b47000, 0x0000000100000000)
 Metaspace       used 89119K, capacity 93614K, committed 93824K, reserved 1132544K
  class space    used 10743K, capacity 11547K, committed 11648K, reserved 1048576K
}
2019-06-25T15:52:48.150+0000: 373107.163: Application time: 4.9914969 seconds
2019-06-25T15:52:48.181+0000: 373107.193: Application time: 0.0305736 seconds
2019-06-25T15:52:49.402+0000: 373108.414: Application time: 1.2203975 seconds
2019-06-25T15:52:49.402+0000: 373108.414: Application time: 0.0000688 seconds
2019-06-25T15:52:49.402+0000: 373108.415: Application time: 0.0004595 seconds
2019-06-25T15:52:49.403+0000: 373108.415: Application time: 0.0000794 seconds
2019-06-25T15:52:49.403+0000: 373108.416: Application time: 0.0000618 seconds
2019-06-25T15:52:49.404+0000: 373108.416: Application time: 0.0000622 seconds
2019-06-25T15:52:58.136+0000: 373117.149: Application time: 8.7327488 seconds
2019-06-25T15:52:58.137+0000: 373117.149: Application time: 0.0001352 seconds
2019-06-25T15:52:58.137+0000: 373117.149: Application time: 0.0001345 seconds
2019-06-25T15:52:58.137+0000: 373117.150: Application time: 0.0002980 seconds
2019-06-25T15:52:58.138+0000: 373117.150: Application time: 0.0001839 seconds
2019-06-25T15:52:58.139+0000: 373117.151: Application time: 0.0011539 seconds
2019-06-25T15:53:48.681+0000: 373167.693: Application time: 50.5419635 seconds
2019-06-25T15:53:48.706+0000: 373167.718: Application time: 0.0244235 seconds
2019-06-25T15:53:49.438+0000: 373168.450: Application time: 0.7318656 seconds
2019-06-25T15:53:49.438+0000: 373168.450: Application time: 0.0005588 seconds
2019-06-25T15:53:49.439+0000: 373168.451: Application time: 0.0000704 seconds
2019-06-25T15:53:49.439+0000: 373168.451: Application time: 0.0000582 seconds
2019-06-25T15:53:49.439+0000: 373168.452: Application time: 0.0000641 seconds
2019-06-25T15:53:58.140+0000: 373177.153: Application time: 8.7009780 seconds
2019-06-25T15:53:58.141+0000: 373177.153: Application time: 0.0001545 seconds
2019-06-25T15:53:58.141+0000: 373177.153: Application time: 0.0001396 seconds
2019-06-25T15:53:58.141+0000: 373177.154: Application time: 0.0001974 seconds
2019-06-25T15:53:58.141+0000: 373177.154: Application time: 0.0001428 seconds
2019-06-25T15:53:58.143+0000: 373177.155: Application time: 0.0011620 seconds
2019-06-25T15:55:00.897+0000: 373239.909: Application time: 62.7540607 seconds
2019-06-25T15:55:00.897+0000: 373239.910: Application time: 0.0000700 seconds
2019-06-25T15:55:00.897+0000: 373239.910: Application time: 0.0000650 seconds
2019-06-25T15:55:00.898+0000: 373239.910: Application time: 0.0000574 seconds
2019-06-25T15:55:00.898+0000: 373239.911: Application time: 0.0000667 seconds
2019-06-25T15:55:00.900+0000: 373239.912: Application time: 0.0014093 seconds
{Heap before GC invocations=2391 (full 185):
 par new generation   total 9792K, used 9551K [0x00000000e1000000, 0x00000000e1aa0000, 0x00000000eb4a0000)
  eden space 8704K, 100% used [0x00000000e1000000, 0x00000000e1880000, 0x00000000e1880000)
  from space 1088K,  77% used [0x00000000e1990000, 0x00000000e1a63f38, 0x00000000e1aa0000)
  to   space 1088K,   0% used [0x00000000e1880000, 0x00000000e1880000, 0x00000000e1990000)
 concurrent mark-sweep generation total 121500K, used 70992K [0x00000000eb4a0000, 0x00000000f2b47000, 0x0000000100000000)
 Metaspace       used 89123K, capacity 93620K, committed 93824K, reserved 1132544K
  class space    used 10743K, capacity 11548K, committed 11648K, reserved 1048576K
2019-06-25T15:55:00.900+0000: 373239.912: [GC (Allocation Failure) 2019-06-25T15:55:00.900+0000: 373239.913: [ParNew: 9551K->934K(9792K), 0.0085603 secs] 80544K->72183K(131292K), 0.0094486 secs] [Times: user=0.02 sys=0.00, real=0.01 secs] 
Heap after GC invocations=2392 (full 185):
 par new generation   total 9792K, used 934K [0x00000000e1000000, 0x00000000e1aa0000, 0x00000000eb4a0000)
  eden space 8704K,   0% used [0x00000000e1000000, 0x00000000e1000000, 0x00000000e1880000)
  from space 1088K,  85% used [0x00000000e1880000, 0x00000000e19698a0, 0x00000000e1990000)
  to   space 1088K,   0% used [0x00000000e1990000, 0x00000000e1990000, 0x00000000e1aa0000)
 concurrent mark-sweep generation total 121500K, used 71249K [0x00000000eb4a0000, 0x00000000f2b47000, 0x0000000100000000)
 Metaspace       used 89123K, capacity 93620K, committed 93824K, reserved 1132544K
  class space    used 10743K, capacity 11548K, committed 11648K, reserved 1048576K
}
2019-06-25T15:55:05.277+0000: 373244.290: Application time: 4.3670228 seconds
2019-06-25T15:55:05.304+0000: 373244.316: Application time: 0.0263247 seconds
2019-06-25T15:55:09.484+0000: 373248.497: Application time: 4.1802482 seconds
2019-06-25T15:55:09.485+0000: 373248.497: Application time: 0.0000716 seconds
2019-06-25T15:55:09.485+0000: 373248.498: Application time: 0.0004640 seconds
2019-06-25T15:55:09.486+0000: 373248.498: Application time: 0.0001457 seconds
2019-06-25T15:55:09.486+0000: 373248.498: Application time: 0.0001151 seconds
2019-06-25T15:55:09.487+0000: 373248.499: Application time: 0.0011005 seconds
2019-06-25T15:55:15.488+0000: 373254.500: Application time: 6.0009428 seconds
2019-06-25T15:55:19.491+0000: 373258.504: Application time: 4.0030758 seconds
2019-06-25T15:55:19.492+0000: 373258.504: Application time: 0.0000707 seconds
2019-06-25T15:55:19.492+0000: 373258.504: Application time: 0.0000613 seconds
2019-06-25T15:55:19.492+0000: 373258.504: Application time: 0.0000677 seconds
2019-06-25T15:55:19.492+0000: 373258.504: Application time: 0.0000592 seconds
2019-06-25T15:55:19.492+0000: 373258.505: Application time: 0.0000584 seconds
2019-06-25T15:55:20.181+0000: 373259.193: Application time: 0.6886943 seconds
2019-06-25T15:55:20.207+0000: 373259.220: Application time: 0.0260240 seconds
2019-06-25T15:55:25.209+0000: 373264.221: Application time: 5.0015462 seconds
2019-06-25T15:55:29.498+0000: 373268.510: Application time: 4.2883893 seconds
2019-06-25T15:55:29.498+0000: 373268.510: Application time: 0.0000621 seconds
2019-06-25T15:55:29.498+0000: 373268.511: Application time: 0.0001473 seconds
2019-06-25T15:55:29.499+0000: 373268.511: Application time: 0.0001053 seconds
2019-06-25T15:55:29.500+0000: 373268.512: Application time: 0.0010389 seconds
2019-06-25T15:56:17.102+0000: 373316.114: Application time: 47.6020981 seconds
2019-06-25T15:56:17.127+0000: 373316.140: Application time: 0.0250326 seconds
2019-06-25T15:56:19.526+0000: 373318.538: Application time: 2.3981001 seconds
2019-06-25T15:56:19.526+0000: 373318.538: Application time: 0.0000679 seconds
2019-06-25T15:56:19.526+0000: 373318.538: Application time: 0.0000600 seconds
2019-06-25T15:56:19.526+0000: 373318.539: Application time: 0.0000631 seconds
2019-06-25T15:56:19.526+0000: 373318.539: Application time: 0.0000579 seconds
2019-06-25T15:56:19.527+0000: 373318.539: Application time: 0.0000609 seconds
2019-06-25T15:56:29.533+0000: 373328.545: Application time: 10.0057553 seconds
2019-06-25T15:56:29.533+0000: 373328.546: Application time: 0.0000673 seconds
2019-06-25T15:56:29.534+0000: 373328.546: Application time: 0.0001455 seconds
2019-06-25T15:56:29.534+0000: 373328.546: Application time: 0.0001253 seconds
2019-06-25T15:56:29.535+0000: 373328.547: Application time: 0.0011750 seconds
2019-06-25T15:57:40.141+0000: 373399.153: Application time: 70.6052359 seconds
{Heap before GC invocations=2392 (full 185):
 par new generation   total 9792K, used 9533K [0x00000000e1000000, 0x00000000e1aa0000, 0x00000000eb4a0000)
  eden space 8704K,  98% used [0x00000000e1000000, 0x00000000e1865f10, 0x00000000e1880000)
  from space 1088K,  85% used [0x00000000e1880000, 0x00000000e19698a0, 0x00000000e1990000)
  to   space 1088K,   0% used [0x00000000e1990000, 0x00000000e1990000, 0x00000000e1aa0000)
 concurrent mark-sweep generation total 121500K, used 71249K [0x00000000eb4a0000, 0x00000000f2b47000, 0x0000000100000000)
 Metaspace       used 89123K, capacity 93620K, committed 93824K, reserved 1132544K
  class space    used 10743K, capacity 11548K, committed 11648K, reserved 1048576K
2019-06-25T15:57:40.141+0000: 373399.153: [GC (Allocation Failure) 2019-06-25T15:57:40.141+0000: 373399.154: [ParNew: 9533K->918K(9792K), 0.0062673 secs] 80782K->72447K(131292K), 0.0070403 secs] [Times: user=0.00 sys=0.00, real=0.01 secs] 
Heap after GC invocations=2393 (full 185):
 par new generation   total 9792K, used 918K [0x00000000e1000000, 0x00000000e1aa0000, 0x00000000eb4a0000)
  eden space 8704K,   0% used [0x00000000e1000000, 0x00000000e1000000, 0x00000000e1880000)
  from space 1088K,  84% used [0x00000000e1990000, 0x00000000e1a758c8, 0x00000000e1aa0000)
  to   space 1088K,   0% used [0x00000000e1880000, 0x00000000e1880000, 0x00000000e1990000)
 concurrent mark-sweep generation total 121500K, used 71528K [0x00000000eb4a0000, 0x00000000f2b47000, 0x0000000100000000)
 Metaspace       used 89123K, capacity 93620K, committed 93824K, reserved 1132544K
  class space    used 10743K, capacity 11548K, committed 11648K, reserved 1048576K
}
2019-06-25T15:57:45.138+0000: 373404.150: Application time: 4.9889933 seconds
2019-06-25T15:57:45.175+0000: 373404.187: Application time: 0.0370861 seconds
2019-06-25T15:57:49.580+0000: 373408.592: Application time: 4.4049292 seconds
2019-06-25T15:57:49.581+0000: 373408.593: Application time: 0.0001519 seconds
2019-06-25T15:57:49.581+0000: 373408.594: Application time: 0.0008070 seconds
2019-06-25T15:57:49.582+0000: 373408.594: Application time: 0.0001544 seconds
2019-06-25T15:57:49.583+0000: 373408.595: Application time: 0.0001334 seconds
2019-06-25T15:57:49.583+0000: 373408.595: Application time: 0.0001277 seconds
2019-06-25T15:57:49.583+0000: 373408.596: Application time: 0.0001354 seconds
2019-06-25T15:57:49.584+0000: 373408.596: Application time: 0.0003187 seconds
2019-06-25T15:57:49.584+0000: 373408.597: Application time: 0.0001842 seconds
2019-06-25T15:57:58.152+0000: 373417.164: Application time: 8.5675815 seconds
2019-06-25T15:57:58.154+0000: 373417.166: Application time: 0.0015985 seconds
2019-06-25T15:59:28.444+0000: 373507.456: Application time: 90.2892598 seconds
2019-06-25T15:59:28.444+0000: 373507.456: Application time: 0.0001611 seconds
2019-06-25T15:59:28.444+0000: 373507.457: Application time: 0.0001615 seconds
2019-06-25T15:59:28.445+0000: 373507.457: Application time: 0.0001793 seconds
2019-06-25T15:59:28.445+0000: 373507.458: Application time: 0.0009707 seconds
2019-06-25T15:59:28.468+0000: 373507.481: Application time: 0.0001229 seconds
2019-06-25T15:59:33.469+0000: 373512.481: Application time: 5.0004512 seconds
2019-06-25T15:59:33.493+0000: 373512.506: Application time: 0.0243258 seconds
2019-06-25T15:59:55.906+0000: 373534.918: Application time: 22.4122113 seconds
2019-06-25T15:59:55.931+0000: 373534.943: Application time: 0.0247885 seconds
2019-06-25T15:59:58.158+0000: 373537.171: Application time: 2.2273195 seconds
2019-06-25T15:59:58.159+0000: 373537.171: Application time: 0.0001277 seconds
2019-06-25T15:59:58.159+0000: 373537.171: Application time: 0.0001184 seconds
2019-06-25T15:59:58.159+0000: 373537.172: Application time: 0.0001793 seconds
2019-06-25T15:59:58.160+0000: 373537.172: Application time: 0.0001096 seconds
2019-06-25T15:59:58.160+0000: 373537.172: Application time: 0.0001085 seconds
2019-06-25T15:59:58.160+0000: 373537.172: Application time: 0.0001128 seconds
2019-06-25T15:59:58.160+0000: 373537.173: Application time: 0.0002794 seconds
2019-06-25T15:59:58.161+0000: 373537.173: Application time: 0.0001589 seconds
2019-06-25T15:59:59.661+0000: 373538.673: Application time: 1.4996329 seconds
2019-06-25T15:59:59.661+0000: 373538.673: Application time: 0.0001687 seconds
2019-06-25T15:59:59.663+0000: 373538.675: Application time: 0.0013629 seconds
2019-06-25T16:00:39.686+0000: 373578.698: Application time: 40.0233323 seconds
{Heap before GC invocations=2393 (full 185):
 par new generation   total 9792K, used 9622K [0x00000000e1000000, 0x00000000e1aa0000, 0x00000000eb4a0000)
  eden space 8704K, 100% used [0x00000000e1000000, 0x00000000e1880000, 0x00000000e1880000)
  from space 1088K,  84% used [0x00000000e1990000, 0x00000000e1a758c8, 0x00000000e1aa0000)
  to   space 1088K,   0% used [0x00000000e1880000, 0x00000000e1880000, 0x00000000e1990000)
 concurrent mark-sweep generation total 121500K, used 71528K [0x00000000eb4a0000, 0x00000000f2b47000, 0x0000000100000000)
 Metaspace       used 89124K, capacity 93620K, committed 93824K, reserved 1132544K
  class space    used 10743K, capacity 11548K, committed 11648K, reserved 1048576K
2019-06-25T16:00:39.687+0000: 373578.699: [GC (Allocation Failure) 2019-06-25T16:00:39.687+0000: 373578.700: [ParNew: 9622K->691K(9792K), 0.0041161 secs] 81151K->72534K(131292K), 0.0049647 secs] [Times: user=0.01 sys=0.00, real=0.01 secs] 
Heap after GC invocations=2394 (full 185):
 par new generation   total 9792K, used 691K [0x00000000e1000000, 0x00000000e1aa0000, 0x00000000eb4a0000)
  eden space 8704K,   0% used [0x00000000e1000000, 0x00000000e1000000, 0x00000000e1880000)
  from space 1088K,  63% used [0x00000000e1880000, 0x00000000e192ce48, 0x00000000e1990000)
  to   space 1088K,   0% used [0x00000000e1990000, 0x00000000e1990000, 0x00000000e1aa0000)
 concurrent mark-sweep generation total 121500K, used 71843K [0x00000000eb4a0000, 0x00000000f2b47000, 0x0000000100000000)
 Metaspace       used 89124K, capacity 93620K, committed 93824K, reserved 1132544K
  class space    used 10743K, capacity 11548K, committed 11648K, reserved 1048576K
}
2019-06-25T16:00:59.696+0000: 373598.709: Application time: 20.0035442 seconds
2019-06-25T16:06:29.893+0000: 373928.906: Application time: 330.1968119 seconds
2019-06-25T16:07:54.667+0000: 374013.680: Application time: 84.7739085 seconds
{Heap before GC invocations=2394 (full 185):
 par new generation   total 9792K, used 9395K [0x00000000e1000000, 0x00000000e1aa0000, 0x00000000eb4a0000)
  eden space 8704K, 100% used [0x00000000e1000000, 0x00000000e1880000, 0x00000000e1880000)
  from space 1088K,  63% used [0x00000000e1880000, 0x00000000e192ce48, 0x00000000e1990000)
  to   space 1088K,   0% used [0x00000000e1990000, 0x00000000e1990000, 0x00000000e1aa0000)
 concurrent mark-sweep generation total 121500K, used 71843K [0x00000000eb4a0000, 0x00000000f2b47000, 0x0000000100000000)
 Metaspace       used 89125K, capacity 93620K, committed 93824K, reserved 1132544K
  class space    used 10743K, capacity 11548K, committed 11648K, reserved 1048576K
2019-06-25T16:07:54.668+0000: 374013.681: [GC (Allocation Failure) 2019-06-25T16:07:54.669+0000: 374013.681: [ParNew: 9395K->637K(9792K), 0.0033678 secs] 81238K->72762K(131292K), 0.0042657 secs] [Times: user=0.00 sys=0.00, real=0.00 secs] 
Heap after GC invocations=2395 (full 185):
 par new generation   total 9792K, used 637K [0x00000000e1000000, 0x00000000e1aa0000, 0x00000000eb4a0000)
  eden space 8704K,   0% used [0x00000000e1000000, 0x00000000e1000000, 0x00000000e1880000)
  from space 1088K,  58% used [0x00000000e1990000, 0x00000000e1a2f6a0, 0x00000000e1aa0000)
  to   space 1088K,   0% used [0x00000000e1880000, 0x00000000e1880000, 0x00000000e1990000)
 concurrent mark-sweep generation total 121500K, used 72124K [0x00000000eb4a0000, 0x00000000f2b47000, 0x0000000100000000)
 Metaspace       used 89125K, capacity 93620K, committed 93824K, reserved 1132544K
  class space    used 10743K, capacity 11548K, committed 11648K, reserved 1048576K
}
2019-06-25T16:14:24.705+0000: 374403.717: Application time: 390.0313793 seconds
2019-06-25T16:15:01.046+0000: 374440.058: Application time: 36.3410070 seconds
{Heap before GC invocations=2395 (full 185):
 par new generation   total 9792K, used 9341K [0x00000000e1000000, 0x00000000e1aa0000, 0x00000000eb4a0000)
  eden space 8704K, 100% used [0x00000000e1000000, 0x00000000e1880000, 0x00000000e1880000)
  from space 1088K,  58% used [0x00000000e1990000, 0x00000000e1a2f6a0, 0x00000000e1aa0000)
  to   space 1088K,   0% used [0x00000000e1880000, 0x00000000e1880000, 0x00000000e1990000)
 concurrent mark-sweep generation total 121500K, used 72124K [0x00000000eb4a0000, 0x00000000f2b47000, 0x0000000100000000)
 Metaspace       used 89125K, capacity 93620K, committed 93824K, reserved 1132544K
  class space    used 10743K, capacity 11548K, committed 11648K, reserved 1048576K
2019-06-25T16:15:01.047+0000: 374440.059: [GC (Allocation Failure) 2019-06-25T16:15:01.047+0000: 374440.059: [ParNew: 9341K->801K(9792K), 0.0030912 secs] 81466K->72925K(131292K), 0.0040421 secs] [Times: user=0.00 sys=0.00, real=0.01 secs] 
Heap after GC invocations=2396 (full 185):
 par new generation   total 9792K, used 801K [0x00000000e1000000, 0x00000000e1aa0000, 0x00000000eb4a0000)
  eden space 8704K,   0% used [0x00000000e1000000, 0x00000000e1000000, 0x00000000e1880000)
  from space 1088K,  73% used [0x00000000e1880000, 0x00000000e1948448, 0x00000000e1990000)
  to   space 1088K,   0% used [0x00000000e1990000, 0x00000000e1990000, 0x00000000e1aa0000)
 concurrent mark-sweep generation total 121500K, used 72124K [0x00000000eb4a0000, 0x00000000f2b47000, 0x0000000100000000)
 Metaspace       used 89125K, capacity 93620K, committed 93824K, reserved 1132544K
  class space    used 10743K, capacity 11548K, committed 11648K, reserved 1048576K
}
2019-06-25T16:17:20.263+0000: 374579.275: Application time: 139.2110872 seconds
2019-06-25T16:17:20.263+0000: 374579.276: Application time: 0.0000769 seconds
2019-06-25T16:17:20.264+0000: 374579.276: Application time: 0.0000728 seconds
2019-06-25T16:17:20.264+0000: 374579.276: Application time: 0.0000656 seconds
2019-06-25T16:17:20.265+0000: 374579.277: Application time: 0.0000959 seconds
2019-06-25T16:17:20.265+0000: 374579.277: Application time: 0.0000714 seconds
2019-06-25T16:17:20.266+0000: 374579.278: Application time: 0.0001667 seconds
2019-06-25T16:17:20.266+0000: 374579.278: Application time: 0.0001242 seconds
2019-06-25T16:17:21.796+0000: 374580.808: Application time: 1.5301035 seconds
2019-06-25T16:17:21.821+0000: 374580.833: Application time: 0.0247878 seconds
2019-06-25T16:17:30.271+0000: 374589.284: Application time: 8.4500498 seconds
2019-06-25T16:17:30.272+0000: 374589.284: Application time: 0.0000686 seconds
2019-06-25T16:17:30.272+0000: 374589.284: Application time: 0.0000651 seconds
2019-06-25T16:17:30.272+0000: 374589.284: Application time: 0.0000591 seconds
2019-06-25T16:17:30.272+0000: 374589.284: Application time: 0.0000589 seconds
2019-06-25T16:17:30.272+0000: 374589.285: Application time: 0.0000629 seconds
2019-06-25T16:17:30.274+0000: 374589.286: Application time: 0.0013140 seconds
2019-06-25T16:20:31.089+0000: 374770.102: Application time: 180.8154884 seconds
{Heap before GC invocations=2396 (full 185):
 par new generation   total 9792K, used 9505K [0x00000000e1000000, 0x00000000e1aa0000, 0x00000000eb4a0000)
  eden space 8704K, 100% used [0x00000000e1000000, 0x00000000e1880000, 0x00000000e1880000)
  from space 1088K,  73% used [0x00000000e1880000, 0x00000000e1948448, 0x00000000e1990000)
  to   space 1088K,   0% used [0x00000000e1990000, 0x00000000e1990000, 0x00000000e1aa0000)
 concurrent mark-sweep generation total 121500K, used 72124K [0x00000000eb4a0000, 0x00000000f2b47000, 0x0000000100000000)
 Metaspace       used 89125K, capacity 93620K, committed 93824K, reserved 1132544K
  class space    used 10743K, capacity 11548K, committed 11648K, reserved 1048576K
2019-06-25T16:20:31.090+0000: 374770.102: [GC (Allocation Failure) 2019-06-25T16:20:31.090+0000: 374770.103: [ParNew: 9505K->760K(9792K), 0.0036241 secs] 81629K->73153K(131292K), 0.0047695 secs] [Times: user=0.01 sys=0.00, real=0.00 secs] 
Heap after GC invocations=2397 (full 185):
 par new generation   total 9792K, used 760K [0x00000000e1000000, 0x00000000e1aa0000, 0x00000000eb4a0000)
  eden space 8704K,   0% used [0x00000000e1000000, 0x00000000e1000000, 0x00000000e1880000)
  from space 1088K,  69% used [0x00000000e1990000, 0x00000000e1a4e310, 0x00000000e1aa0000)
  to   space 1088K,   0% used [0x00000000e1880000, 0x00000000e1880000, 0x00000000e1990000)
 concurrent mark-sweep generation total 121500K, used 72393K [0x00000000eb4a0000, 0x00000000f2b47000, 0x0000000100000000)
 Metaspace       used 89125K, capacity 93620K, committed 93824K, reserved 1132544K
  class space    used 10743K, capacity 11548K, committed 11648K, reserved 1048576K
}
2019-06-25T16:21:28.950+0000: 374827.962: Application time: 57.8543520 seconds
2019-06-25T16:21:28.975+0000: 374827.987: Application time: 0.0249516 seconds
2019-06-25T16:21:30.411+0000: 374829.423: Application time: 1.4359351 seconds
2019-06-25T16:21:30.411+0000: 374829.424: Application time: 0.0000738 seconds
2019-06-25T16:21:30.412+0000: 374829.424: Application time: 0.0001518 seconds
2019-06-25T16:21:30.412+0000: 374829.424: Application time: 0.0001270 seconds
2019-06-25T16:21:31.101+0000: 374830.113: Application time: 0.6885932 seconds
2019-06-25T16:21:31.101+0000: 374830.114: Application time: 0.0001497 seconds
2019-06-25T16:21:31.102+0000: 374830.114: Application time: 0.0001444 seconds
2019-06-25T16:21:31.102+0000: 374830.114: Application time: 0.0001378 seconds
2019-06-25T16:21:31.102+0000: 374830.114: Application time: 0.0001396 seconds
2019-06-25T16:21:31.102+0000: 374830.115: Application time: 0.0001349 seconds
2019-06-25T16:21:31.104+0000: 374830.116: Application time: 0.0012770 seconds
2019-06-25T16:22:27.552+0000: 374886.564: Application time: 56.4481909 seconds
2019-06-25T16:22:27.577+0000: 374886.590: Application time: 0.0249676 seconds
2019-06-25T16:22:30.448+0000: 374889.460: Application time: 2.8702770 seconds
2019-06-25T16:22:30.448+0000: 374889.460: Application time: 0.0000727 seconds
2019-06-25T16:22:30.448+0000: 374889.461: Application time: 0.0005016 seconds
2019-06-25T16:22:30.449+0000: 374889.461: Application time: 0.0001554 seconds
2019-06-25T16:22:30.449+0000: 374889.461: Application time: 0.0000993 seconds
2019-06-25T16:22:31.109+0000: 374890.121: Application time: 0.6598032 seconds
2019-06-25T16:22:31.110+0000: 374890.122: Application time: 0.0001351 seconds
2019-06-25T16:22:31.110+0000: 374890.122: Application time: 0.0001842 seconds
2019-06-25T16:22:31.111+0000: 374890.123: Application time: 0.0007689 seconds
2019-06-25T16:22:31.111+0000: 374890.123: Application time: 0.0001384 seconds
2019-06-25T16:22:31.117+0000: 374890.129: Application time: 0.0055895 seconds
2019-06-25T16:23:10.470+0000: 374929.483: Application time: 39.3535415 seconds
2019-06-25T16:23:11.143+0000: 374930.155: Application time: 0.6720887 seconds
{Heap before GC invocations=2397 (full 185):
 par new generation   total 9792K, used 9396K [0x00000000e1000000, 0x00000000e1aa0000, 0x00000000eb4a0000)
  eden space 8704K,  99% used [0x00000000e1000000, 0x00000000e186f018, 0x00000000e1880000)
  from space 1088K,  69% used [0x00000000e1990000, 0x00000000e1a4e310, 0x00000000e1aa0000)
  to   space 1088K,   0% used [0x00000000e1880000, 0x00000000e1880000, 0x00000000e1990000)
 concurrent mark-sweep generation total 121500K, used 72393K [0x00000000eb4a0000, 0x00000000f2b47000, 0x0000000100000000)
 Metaspace       used 89136K, capacity 93638K, committed 93824K, reserved 1132544K
  class space    used 10745K, capacity 11551K, committed 11648K, reserved 1048576K
2019-06-25T16:23:11.143+0000: 374930.156: [GC (Allocation Failure) 2019-06-25T16:23:11.144+0000: 374930.156: [ParNew: 9396K->931K(9792K), 0.0041889 secs] 81789K->73324K(131292K), 0.0049577 secs] [Times: user=0.01 sys=0.00, real=0.01 secs] 
Heap after GC invocations=2398 (full 185):
 par new generation   total 9792K, used 931K [0x00000000e1000000, 0x00000000e1aa0000, 0x00000000eb4a0000)
  eden space 8704K,   0% used [0x00000000e1000000, 0x00000000e1000000, 0x00000000e1880000)
  from space 1088K,  85% used [0x00000000e1880000, 0x00000000e1968dc8, 0x00000000e1990000)
  to   space 1088K,   0% used [0x00000000e1990000, 0x00000000e1990000, 0x00000000e1aa0000)
 concurrent mark-sweep generation total 121500K, used 72393K [0x00000000eb4a0000, 0x00000000f2b47000, 0x0000000100000000)
 Metaspace       used 89136K, capacity 93638K, committed 93824K, reserved 1132544K
  class space    used 10745K, capacity 11551K, committed 11648K, reserved 1048576K
}
2019-06-25T16:23:16.140+0000: 374935.152: Application time: 4.9905151 seconds
2019-06-25T16:23:16.172+0000: 374935.184: Application time: 0.0324292 seconds
2019-06-25T16:23:20.477+0000: 374939.489: Application time: 4.3046282 seconds
2019-06-25T16:23:20.478+0000: 374939.490: Application time: 0.0000729 seconds
2019-06-25T16:23:20.478+0000: 374939.491: Application time: 0.0006131 seconds
2019-06-25T16:23:20.479+0000: 374939.491: Application time: 0.0001528 seconds
2019-06-25T16:23:20.479+0000: 374939.491: Application time: 0.0001197 seconds
2019-06-25T16:23:30.484+0000: 374949.497: Application time: 10.0054191 seconds
2019-06-25T16:23:30.485+0000: 374949.497: Application time: 0.0000658 seconds
2019-06-25T16:23:30.485+0000: 374949.497: Application time: 0.0000579 seconds
2019-06-25T16:23:30.485+0000: 374949.497: Application time: 0.0000616 seconds
2019-06-25T16:23:30.485+0000: 374949.497: Application time: 0.0000563 seconds
2019-06-25T16:23:30.485+0000: 374949.498: Application time: 0.0000611 seconds
2019-06-25T16:23:30.487+0000: 374949.499: Application time: 0.0012912 seconds
2019-06-25T16:24:40.524+0000: 375019.537: Application time: 70.0375855 seconds
2019-06-25T16:24:40.525+0000: 375019.537: Application time: 0.0000400 seconds
2019-06-25T16:24:40.525+0000: 375019.537: Application time: 0.0001519 seconds
2019-06-25T16:24:40.525+0000: 375019.538: Application time: 0.0005788 seconds
2019-06-25T16:24:41.471+0000: 375020.483: Application time: 0.9446524 seconds
2019-06-25T16:24:41.495+0000: 375020.507: Application time: 0.0244104 seconds
2019-06-25T16:24:50.265+0000: 375029.277: Application time: 8.7693774 seconds
2019-06-25T16:24:50.265+0000: 375029.278: Application time: 0.0002712 seconds
2019-06-25T16:24:50.268+0000: 375029.280: Application time: 0.0001497 seconds
2019-06-25T16:24:50.268+0000: 375029.281: Application time: 0.0001916 seconds
2019-06-25T16:24:50.269+0000: 375029.282: Application time: 0.0001580 seconds
2019-06-25T16:24:50.270+0000: 375029.282: Application time: 0.0003909 seconds
2019-06-25T16:24:50.532+0000: 375029.544: Application time: 0.2617775 seconds
2019-06-25T16:24:50.532+0000: 375029.545: Application time: 0.0001088 seconds
2019-06-25T16:24:50.533+0000: 375029.545: Application time: 0.0002708 seconds
2019-06-25T16:24:50.533+0000: 375029.545: Application time: 0.0001748 seconds
2019-06-25T16:24:55.271+0000: 375034.283: Application time: 4.7374363 seconds
2019-06-25T16:24:55.294+0000: 375034.306: Application time: 0.0224440 seconds
2019-06-25T16:24:58.224+0000: 375037.237: Application time: 2.9303097 seconds
2019-06-25T16:24:58.225+0000: 375037.237: Application time: 0.0001731 seconds
2019-06-25T16:24:58.225+0000: 375037.237: Application time: 0.0001620 seconds
2019-06-25T16:24:58.226+0000: 375037.238: Application time: 0.0001682 seconds
2019-06-25T16:24:58.226+0000: 375037.238: Application time: 0.0001636 seconds
2019-06-25T16:24:58.226+0000: 375037.238: Application time: 0.0001569 seconds
2019-06-25T16:24:58.228+0000: 375037.240: Application time: 0.0015650 seconds
2019-06-25T16:25:53.656+0000: 375092.668: Application time: 55.4280979 seconds
{Heap before GC invocations=2398 (full 185):
 par new generation   total 9792K, used 9589K [0x00000000e1000000, 0x00000000e1aa0000, 0x00000000eb4a0000)
  eden space 8704K,  99% used [0x00000000e1000000, 0x00000000e18748d8, 0x00000000e1880000)
  from space 1088K,  85% used [0x00000000e1880000, 0x00000000e1968dc8, 0x00000000e1990000)
  to   space 1088K,   0% used [0x00000000e1990000, 0x00000000e1990000, 0x00000000e1aa0000)
 concurrent mark-sweep generation total 121500K, used 72393K [0x00000000eb4a0000, 0x00000000f2b47000, 0x0000000100000000)
 Metaspace       used 89136K, capacity 93638K, committed 93824K, reserved 1132544K
  class space    used 10745K, capacity 11551K, committed 11648K, reserved 1048576K
2019-06-25T16:25:53.657+0000: 375092.669: [GC (Allocation Failure) 2019-06-25T16:25:53.657+0000: 375092.669: [ParNew: 9589K->835K(9792K), 0.0072558 secs] 81982K->73585K(131292K), 0.0079439 secs] [Times: user=0.00 sys=0.00, real=0.01 secs] 
Heap after GC invocations=2399 (full 185):
 par new generation   total 9792K, used 835K [0x00000000e1000000, 0x00000000e1aa0000, 0x00000000eb4a0000)
  eden space 8704K,   0% used [0x00000000e1000000, 0x00000000e1000000, 0x00000000e1880000)
  from space 1088K,  76% used [0x00000000e1990000, 0x00000000e1a60cd8, 0x00000000e1aa0000)
  to   space 1088K,   0% used [0x00000000e1880000, 0x00000000e1880000, 0x00000000e1990000)
 concurrent mark-sweep generation total 121500K, used 72749K [0x00000000eb4a0000, 0x00000000f2b47000, 0x0000000100000000)
 Metaspace       used 89136K, capacity 93638K, committed 93824K, reserved 1132544K
  class space    used 10745K, capacity 11551K, committed 11648K, reserved 1048576K
}
2019-06-25T16:25:58.229+0000: 375097.242: Application time: 4.5641238 seconds
2019-06-25T16:25:58.230+0000: 375097.242: Application time: 0.0001657 seconds
2019-06-25T16:25:58.230+0000: 375097.242: Application time: 0.0002210 seconds
2019-06-25T16:25:58.230+0000: 375097.243: Application time: 0.0001918 seconds
2019-06-25T16:25:58.654+0000: 375097.667: Application time: 0.4239162 seconds
2019-06-25T16:25:58.689+0000: 375097.702: Application time: 0.0345178 seconds
2019-06-25T16:26:00.586+0000: 375099.599: Application time: 1.8969513 seconds
2019-06-25T16:26:00.587+0000: 375099.599: Application time: 0.0000693 seconds
2019-06-25T16:26:00.587+0000: 375099.599: Application time: 0.0000589 seconds
2019-06-25T16:26:00.587+0000: 375099.599: Application time: 0.0000628 seconds
2019-06-25T16:26:00.587+0000: 375099.600: Application time: 0.0000581 seconds
2019-06-25T16:26:00.587+0000: 375099.600: Application time: 0.0000652 seconds
2019-06-25T16:26:00.589+0000: 375099.601: Application time: 0.0014803 seconds
2019-06-25T16:27:38.735+0000: 375197.747: Application time: 98.1453737 seconds
2019-06-25T16:27:38.759+0000: 375197.771: Application time: 0.0242908 seconds
2019-06-25T16:27:40.646+0000: 375199.658: Application time: 1.8865339 seconds
2019-06-25T16:27:40.646+0000: 375199.658: Application time: 0.0000698 seconds
2019-06-25T16:27:40.646+0000: 375199.659: Application time: 0.0005936 seconds
2019-06-25T16:27:40.647+0000: 375199.659: Application time: 0.0001619 seconds
2019-06-25T16:27:50.652+0000: 375209.665: Application time: 10.0051857 seconds
2019-06-25T16:27:50.653+0000: 375209.665: Application time: 0.0000704 seconds
2019-06-25T16:27:50.653+0000: 375209.665: Application time: 0.0000741 seconds
2019-06-25T16:27:50.653+0000: 375209.665: Application time: 0.0000647 seconds
2019-06-25T16:27:50.653+0000: 375209.666: Application time: 0.0000597 seconds
2019-06-25T16:27:50.653+0000: 375209.666: Application time: 0.0000608 seconds
2019-06-25T16:27:50.655+0000: 375209.667: Application time: 0.0012865 seconds
2019-06-25T16:28:24.780+0000: 375243.792: Application time: 34.1248050 seconds
2019-06-25T16:28:24.780+0000: 375243.792: Application time: 0.0001263 seconds
2019-06-25T16:28:24.780+0000: 375243.793: Application time: 0.0001166 seconds
2019-06-25T16:28:24.781+0000: 375243.793: Application time: 0.0001154 seconds
2019-06-25T16:28:24.781+0000: 375243.793: Application time: 0.0001112 seconds
2019-06-25T16:28:24.781+0000: 375243.794: Application time: 0.0001200 seconds
2019-06-25T16:28:24.782+0000: 375243.794: Application time: 0.0001210 seconds
2019-06-25T16:28:24.782+0000: 375243.794: Application time: 0.0001275 seconds
2019-06-25T16:28:24.782+0000: 375243.794: Application time: 0.0001163 seconds
2019-06-25T16:28:24.782+0000: 375243.795: Application time: 0.0001437 seconds
2019-06-25T16:28:50.173+0000: 375269.186: Application time: 25.3907634 seconds
{Heap before GC invocations=2399 (full 185):
 par new generation   total 9792K, used 9498K [0x00000000e1000000, 0x00000000e1aa0000, 0x00000000eb4a0000)
  eden space 8704K,  99% used [0x00000000e1000000, 0x00000000e1875e30, 0x00000000e1880000)
  from space 1088K,  76% used [0x00000000e1990000, 0x00000000e1a60cd8, 0x00000000e1aa0000)
  to   space 1088K,   0% used [0x00000000e1880000, 0x00000000e1880000, 0x00000000e1990000)
 concurrent mark-sweep generation total 121500K, used 72749K [0x00000000eb4a0000, 0x00000000f2b47000, 0x0000000100000000)
 Metaspace       used 89136K, capacity 93638K, committed 93824K, reserved 1132544K
  class space    used 10745K, capacity 11551K, committed 11648K, reserved 1048576K
2019-06-25T16:28:50.174+0000: 375269.186: [GC (Allocation Failure) 2019-06-25T16:28:50.174+0000: 375269.187: [ParNew: 9498K->1088K(9792K), 0.0040999 secs] 82248K->74295K(131292K), 0.0048802 secs] [Times: user=0.00 sys=0.00, real=0.01 secs] 
Heap after GC invocations=2400 (full 185):
 par new generation   total 9792K, used 1088K [0x00000000e1000000, 0x00000000e1aa0000, 0x00000000eb4a0000)
  eden space 8704K,   0% used [0x00000000e1000000, 0x00000000e1000000, 0x00000000e1880000)
  from space 1088K, 100% used [0x00000000e1880000, 0x00000000e1990000, 0x00000000e1990000)
  to   space 1088K,   0% used [0x00000000e1990000, 0x00000000e1990000, 0x00000000e1aa0000)
 concurrent mark-sweep generation total 121500K, used 73207K [0x00000000eb4a0000, 0x00000000f2b47000, 0x0000000100000000)
 Metaspace       used 89136K, capacity 93638K, committed 93824K, reserved 1132544K
  class space    used 10745K, capacity 11551K, committed 11648K, reserved 1048576K
}
2019-06-25T16:28:50.180+0000: 375269.192: Application time: 0.0001856 seconds
2019-06-25T16:28:50.180+0000: 375269.193: [GC (CMS Initial Mark) [1 CMS-initial-mark: 73207K(121500K)] 74557K(131292K), 0.0034498 secs] [Times: user=0.01 sys=0.00, real=0.00 secs] 
2019-06-25T16:28:50.185+0000: 375269.197: [CMS-concurrent-mark-start]
2019-06-25T16:28:50.317+0000: 375269.329: [CMS-concurrent-mark: 0.132/0.132 secs] [Times: user=0.13 sys=0.00, real=0.13 secs] 
2019-06-25T16:28:50.317+0000: 375269.329: [CMS-concurrent-preclean-start]
2019-06-25T16:28:50.319+0000: 375269.331: [CMS-concurrent-preclean: 0.001/0.002 secs] [Times: user=0.00 sys=0.00, real=0.01 secs] 
2019-06-25T16:28:50.319+0000: 375269.331: Application time: 0.1343822 seconds
2019-06-25T16:28:50.319+0000: 375269.332: [GC (CMS Final Remark) [YG occupancy: 2052 K (9792 K)]2019-06-25T16:28:50.320+0000: 375269.332: [Rescan (parallel) , 0.0026611 secs]2019-06-25T16:28:50.323+0000: 375269.335: [weak refs processing, 0.0021993 secs]2019-06-25T16:28:50.325+0000: 375269.337: [class unloading, 0.0312857 secs]2019-06-25T16:28:50.357+0000: 375269.369: [scrub symbol table, 0.0235206 secs]2019-06-25T16:28:50.381+0000: 375269.393: [scrub string table, 0.0015645 secs][1 CMS-remark: 73207K(121500K)] 75260K(131292K), 0.0767714 secs] [Times: user=0.08 sys=0.00, real=0.07 secs] 
2019-06-25T16:28:50.397+0000: 375269.409: [CMS-concurrent-sweep-start]
2019-06-25T16:28:50.407+0000: 375269.419: Application time: 0.0104297 seconds
2019-06-25T16:28:50.430+0000: 375269.443: [CMS-concurrent-sweep: 0.033/0.033 secs] [Times: user=0.03 sys=0.00, real=0.04 secs] 
2019-06-25T16:28:50.431+0000: 375269.443: [CMS-concurrent-reset-start]
2019-06-25T16:28:50.431+0000: 375269.444: [CMS-concurrent-reset: 0.000/0.000 secs] [Times: user=0.00 sys=0.00, real=0.00 secs] 
2019-06-25T16:28:50.687+0000: 375269.700: Application time: 0.2800174 seconds
2019-06-25T16:28:50.688+0000: 375269.700: Application time: 0.0000780 seconds
2019-06-25T16:28:50.688+0000: 375269.701: Application time: 0.0003191 seconds
2019-06-25T16:28:50.689+0000: 375269.701: Application time: 0.0001517 seconds
2019-06-25T16:28:51.689+0000: 375270.702: Application time: 1.0001702 seconds
2019-06-25T16:28:55.171+0000: 375274.183: Application time: 3.4814787 seconds
2019-06-25T16:28:55.209+0000: 375274.221: Application time: 0.0375062 seconds
2019-06-25T16:28:58.239+0000: 375277.251: Application time: 3.0295594 seconds
2019-06-25T16:28:58.239+0000: 375277.251: Application time: 0.0001945 seconds
2019-06-25T16:28:58.239+0000: 375277.252: Application time: 0.0001645 seconds
2019-06-25T16:28:58.240+0000: 375277.252: Application time: 0.0001693 seconds
2019-06-25T16:28:58.240+0000: 375277.252: Application time: 0.0001816 seconds
2019-06-25T16:28:58.240+0000: 375277.253: Application time: 0.0001641 seconds
2019-06-25T16:28:58.241+0000: 375277.253: Application time: 0.0006379 seconds
2019-06-25T16:28:58.241+0000: 375277.254: Application time: 0.0001460 seconds
2019-06-25T16:28:58.241+0000: 375277.254: Application time: 0.0001210 seconds
2019-06-25T16:28:58.244+0000: 375277.256: Application time: 0.0023748 seconds
2019-06-25T16:28:59.244+0000: 375278.257: Application time: 1.0001676 seconds
2019-06-25T16:29:00.698+0000: 375279.710: Application time: 1.4531361 seconds
2019-06-25T16:29:01.698+0000: 375280.710: Application time: 1.0001735 seconds
2019-06-25T16:29:20.701+0000: 375299.714: Application time: 19.0030131 seconds
2019-06-25T16:29:20.707+0000: 375299.720: Application time: 0.0058158 seconds
2019-06-25T16:29:20.708+0000: 375299.720: Application time: 0.0001223 seconds
2019-06-25T16:29:25.531+0000: 375304.543: Application time: 4.8229988 seconds
2019-06-25T16:29:25.556+0000: 375304.569: Application time: 0.0252416 seconds
2019-06-25T16:29:30.713+0000: 375309.725: Application time: 5.1566173 seconds
2019-06-25T16:29:30.713+0000: 375309.726: Application time: 0.0006782 seconds
2019-06-25T16:29:30.714+0000: 375309.727: Application time: 0.0001438 seconds
2019-06-25T16:29:30.715+0000: 375309.727: Application time: 0.0000617 seconds
2019-06-25T16:29:30.715+0000: 375309.727: Application time: 0.0000603 seconds
2019-06-25T16:29:30.715+0000: 375309.727: Application time: 0.0000654 seconds
2019-06-25T16:29:30.715+0000: 375309.727: Application time: 0.0001343 seconds
2019-06-25T16:29:30.715+0000: 375309.728: Application time: 0.0001385 seconds
2019-06-25T16:29:30.717+0000: 375309.729: Application time: 0.0012494 seconds
2019-06-25T16:29:41.718+0000: 375320.731: Application time: 11.0012783 seconds
2019-06-25T16:29:59.721+0000: 375338.734: Application time: 18.0030374 seconds
2019-06-25T16:30:51.730+0000: 375390.742: Application time: 52.0083377 seconds
2019-06-25T16:33:10.837+0000: 375529.849: Application time: 139.1069397 seconds
{Heap before GC invocations=2400 (full 186):
 par new generation   total 9792K, used 9792K [0x00000000e1000000, 0x00000000e1aa0000, 0x00000000eb4a0000)
  eden space 8704K, 100% used [0x00000000e1000000, 0x00000000e1880000, 0x00000000e1880000)
  from space 1088K, 100% used [0x00000000e1880000, 0x00000000e1990000, 0x00000000e1990000)
  to   space 1088K,   0% used [0x00000000e1990000, 0x00000000e1990000, 0x00000000e1aa0000)
 concurrent mark-sweep generation total 121500K, used 69755K [0x00000000eb4a0000, 0x00000000f2b47000, 0x0000000100000000)
 Metaspace       used 89117K, capacity 93608K, committed 93824K, reserved 1132544K
  class space    used 10742K, capacity 11546K, committed 11648K, reserved 1048576K
2019-06-25T16:33:10.838+0000: 375529.850: [GC (Allocation Failure) 2019-06-25T16:33:10.838+0000: 375529.851: [ParNew: 9792K->842K(9792K), 0.0052842 secs] 79547K->70838K(131292K), 0.0061427 secs] [Times: user=0.01 sys=0.00, real=0.01 secs] 
Heap after GC invocations=2401 (full 186):
 par new generation   total 9792K, used 842K [0x00000000e1000000, 0x00000000e1aa0000, 0x00000000eb4a0000)
  eden space 8704K,   0% used [0x00000000e1000000, 0x00000000e1000000, 0x00000000e1880000)
  from space 1088K,  77% used [0x00000000e1990000, 0x00000000e1a62a88, 0x00000000e1aa0000)
  to   space 1088K,   0% used [0x00000000e1880000, 0x00000000e1880000, 0x00000000e1990000)
 concurrent mark-sweep generation total 121500K, used 69995K [0x00000000eb4a0000, 0x00000000f2b47000, 0x0000000100000000)
 Metaspace       used 89117K, capacity 93608K, committed 93824K, reserved 1132544K
  class space    used 10742K, capacity 11546K, committed 11648K, reserved 1048576K
}
2019-06-25T16:39:24.863+0000: 375903.875: Application time: 374.0178073 seconds
2019-06-25T16:39:51.072+0000: 375930.085: Application time: 26.2093127 seconds
2019-06-25T16:40:31.096+0000: 375970.108: Application time: 40.0230143 seconds
{Heap before GC invocations=2401 (full 186):
 par new generation   total 9792K, used 9546K [0x00000000e1000000, 0x00000000e1aa0000, 0x00000000eb4a0000)
  eden space 8704K, 100% used [0x00000000e1000000, 0x00000000e1880000, 0x00000000e1880000)
  from space 1088K,  77% used [0x00000000e1990000, 0x00000000e1a62a88, 0x00000000e1aa0000)
  to   space 1088K,   0% used [0x00000000e1880000, 0x00000000e1880000, 0x00000000e1990000)
 concurrent mark-sweep generation total 121500K, used 69995K [0x00000000eb4a0000, 0x00000000f2b47000, 0x0000000100000000)
 Metaspace       used 89117K, capacity 93608K, committed 93824K, reserved 1132544K
  class space    used 10742K, capacity 11546K, committed 11648K, reserved 1048576K
2019-06-25T16:40:31.111+0000: 375970.124: [GC (Allocation Failure) 2019-06-25T16:40:31.112+0000: 375970.124: [ParNew: 9546K->610K(9792K), 0.0035588 secs] 79542K->70834K(131292K), 0.0043908 secs] [Times: user=0.01 sys=0.00, real=0.00 secs] 
Heap after GC invocations=2402 (full 186):
 par new generation   total 9792K, used 610K [0x00000000e1000000, 0x00000000e1aa0000, 0x00000000eb4a0000)
  eden space 8704K,   0% used [0x00000000e1000000, 0x00000000e1000000, 0x00000000e1880000)
  from space 1088K,  56% used [0x00000000e1880000, 0x00000000e19189f8, 0x00000000e1990000)
  to   space 1088K,   0% used [0x00000000e1990000, 0x00000000e1990000, 0x00000000e1aa0000)
 concurrent mark-sweep generation total 121500K, used 70223K [0x00000000eb4a0000, 0x00000000f2b47000, 0x0000000100000000)
 Metaspace       used 89117K, capacity 93608K, committed 93824K, reserved 1132544K
  class space    used 10742K, capacity 11546K, committed 11648K, reserved 1048576K
}
2019-06-25T16:44:55.152+0000: 376234.164: Application time: 264.0353245 seconds
2019-06-25T16:47:09.875+0000: 376368.887: Application time: 134.7224582 seconds
{Heap before GC invocations=2402 (full 186):
 par new generation   total 9792K, used 9314K [0x00000000e1000000, 0x00000000e1aa0000, 0x00000000eb4a0000)
  eden space 8704K,  99% used [0x00000000e1000000, 0x00000000e187ff98, 0x00000000e1880000)
  from space 1088K,  56% used [0x00000000e1880000, 0x00000000e19189f8, 0x00000000e1990000)
  to   space 1088K,   0% used [0x00000000e1990000, 0x00000000e1990000, 0x00000000e1aa0000)
 concurrent mark-sweep generation total 121500K, used 70223K [0x00000000eb4a0000, 0x00000000f2b47000, 0x0000000100000000)
 Metaspace       used 89120K, capacity 93614K, committed 93824K, reserved 1132544K
  class space    used 10743K, capacity 11547K, committed 11648K, reserved 1048576K
2019-06-25T16:47:09.876+0000: 376368.889: [GC (Allocation Failure) 2019-06-25T16:47:09.877+0000: 376368.889: [ParNew: 9314K->1058K(9792K), 0.0040843 secs] 79538K->71282K(131292K), 0.0048754 secs] [Times: user=0.01 sys=0.00, real=0.01 secs] 
Heap after GC invocations=2403 (full 186):
 par new generation   total 9792K, used 1058K [0x00000000e1000000, 0x00000000e1aa0000, 0x00000000eb4a0000)
  eden space 8704K,   0% used [0x00000000e1000000, 0x00000000e1000000, 0x00000000e1880000)
  from space 1088K,  97% used [0x00000000e1990000, 0x00000000e1a98968, 0x00000000e1aa0000)
  to   space 1088K,   0% used [0x00000000e1880000, 0x00000000e1880000, 0x00000000e1990000)
 concurrent mark-sweep generation total 121500K, used 70223K [0x00000000eb4a0000, 0x00000000f2b47000, 0x0000000100000000)
 Metaspace       used 89120K, capacity 93614K, committed 93824K, reserved 1132544K
  class space    used 10743K, capacity 11547K, committed 11648K, reserved 1048576K
}
2019-06-25T16:47:11.334+0000: 376370.346: Application time: 1.4520432 seconds
2019-06-25T16:47:11.334+0000: 376370.347: Application time: 0.0000691 seconds
2019-06-25T16:47:11.335+0000: 376370.347: Application time: 0.0000633 seconds
2019-06-25T16:47:11.335+0000: 376370.347: Application time: 0.0000596 seconds
2019-06-25T16:47:11.335+0000: 376370.348: Application time: 0.0000632 seconds
2019-06-25T16:47:11.336+0000: 376370.348: Application time: 0.0000611 seconds
2019-06-25T16:47:14.872+0000: 376373.884: Application time: 3.5359799 seconds
2019-06-25T16:47:14.906+0000: 376373.918: Application time: 0.0339900 seconds
2019-06-25T16:47:21.341+0000: 376380.354: Application time: 6.4353787 seconds
2019-06-25T16:47:21.342+0000: 376380.354: Application time: 0.0000735 seconds
2019-06-25T16:47:21.342+0000: 376380.354: Application time: 0.0001529 seconds
2019-06-25T16:47:21.342+0000: 376380.355: Application time: 0.0001353 seconds
2019-06-25T16:47:21.344+0000: 376380.356: Application time: 0.0011801 seconds
2019-06-25T16:48:25.144+0000: 376444.156: Application time: 63.8000883 seconds
2019-06-25T16:50:41.451+0000: 376580.463: Application time: 136.3065487 seconds
2019-06-25T16:50:41.451+0000: 376580.463: Application time: 0.0000741 seconds
2019-06-25T16:50:41.451+0000: 376580.463: Application time: 0.0000604 seconds
2019-06-25T16:50:41.451+0000: 376580.464: Application time: 0.0005246 seconds
2019-06-25T16:50:41.452+0000: 376580.464: Application time: 0.0000621 seconds
2019-06-25T16:50:41.452+0000: 376580.465: Application time: 0.0001064 seconds
2019-06-25T16:50:45.909+0000: 376584.921: Application time: 4.4561530 seconds
2019-06-25T16:50:45.935+0000: 376584.947: Application time: 0.0263180 seconds
2019-06-25T16:50:51.458+0000: 376590.470: Application time: 5.5224847 seconds
2019-06-25T16:50:51.458+0000: 376590.470: Application time: 0.0000720 seconds
2019-06-25T16:50:51.458+0000: 376590.471: Application time: 0.0001440 seconds
2019-06-25T16:50:51.459+0000: 376590.471: Application time: 0.0001271 seconds
2019-06-25T16:50:51.460+0000: 376590.472: Application time: 0.0011934 seconds
2019-06-25T16:51:21.478+0000: 376620.490: Application time: 30.0179046 seconds
{Heap before GC invocations=2403 (full 186):
 par new generation   total 9792K, used 9762K [0x00000000e1000000, 0x00000000e1aa0000, 0x00000000eb4a0000)
  eden space 8704K, 100% used [0x00000000e1000000, 0x00000000e1880000, 0x00000000e1880000)
  from space 1088K,  97% used [0x00000000e1990000, 0x00000000e1a98968, 0x00000000e1aa0000)
  to   space 1088K,   0% used [0x00000000e1880000, 0x00000000e1880000, 0x00000000e1990000)
 concurrent mark-sweep generation total 121500K, used 70223K [0x00000000eb4a0000, 0x00000000f2b47000, 0x0000000100000000)
 Metaspace       used 89120K, capacity 93614K, committed 93824K, reserved 1132544K
  class space    used 10743K, capacity 11547K, committed 11648K, reserved 1048576K
2019-06-25T16:51:21.479+0000: 376620.491: [GC (Allocation Failure) 2019-06-25T16:51:21.479+0000: 376620.492: [ParNew: 9762K->836K(9792K), 0.0040781 secs] 79986K->71300K(131292K), 0.0048900 secs] [Times: user=0.00 sys=0.01, real=0.00 secs] 
Heap after GC invocations=2404 (full 186):
 par new generation   total 9792K, used 836K [0x00000000e1000000, 0x00000000e1aa0000, 0x00000000eb4a0000)
  eden space 8704K,   0% used [0x00000000e1000000, 0x00000000e1000000, 0x00000000e1880000)
  from space 1088K,  76% used [0x00000000e1880000, 0x00000000e1951208, 0x00000000e1990000)
  to   space 1088K,   0% used [0x00000000e1990000, 0x00000000e1990000, 0x00000000e1aa0000)
 concurrent mark-sweep generation total 121500K, used 70464K [0x00000000eb4a0000, 0x00000000f2b47000, 0x0000000100000000)
 Metaspace       used 89120K, capacity 93614K, committed 93824K, reserved 1132544K
  class space    used 10743K, capacity 11547K, committed 11648K, reserved 1048576K
}
2019-06-25T16:51:51.498+0000: 376650.510: Application time: 30.0135506 seconds
2019-06-25T16:51:51.498+0000: 376650.511: Application time: 0.0000665 seconds
2019-06-25T16:51:51.498+0000: 376650.511: Application time: 0.0000603 seconds
2019-06-25T16:51:51.499+0000: 376650.511: Application time: 0.0000588 seconds
2019-06-25T16:51:51.499+0000: 376650.512: Application time: 0.0000695 seconds
2019-06-25T16:51:51.500+0000: 376650.512: Application time: 0.0000619 seconds
2019-06-25T16:51:55.204+0000: 376654.216: Application time: 3.7043739 seconds
2019-06-25T16:51:55.232+0000: 376654.244: Application time: 0.0276184 seconds
2019-06-25T16:51:58.303+0000: 376657.315: Application time: 3.0704286 seconds
2019-06-25T16:51:58.303+0000: 376657.315: Application time: 0.0000726 seconds
2019-06-25T16:51:58.303+0000: 376657.316: Application time: 0.0000595 seconds
2019-06-25T16:51:58.304+0000: 376657.316: Application time: 0.0001929 seconds
2019-06-25T16:51:58.304+0000: 376657.316: Application time: 0.0001702 seconds
2019-06-25T16:51:58.305+0000: 376657.317: Application time: 0.0010753 seconds
2019-06-25T16:52:38.246+0000: 376697.258: Application time: 39.9406813 seconds
2019-06-25T16:52:38.272+0000: 376697.285: Application time: 0.0260698 seconds
2019-06-25T16:52:41.526+0000: 376700.539: Application time: 3.2540395 seconds
2019-06-25T16:52:41.527+0000: 376700.540: Application time: 0.0006274 seconds
2019-06-25T16:52:41.528+0000: 376700.540: Application time: 0.0000666 seconds
2019-06-25T16:52:41.528+0000: 376700.540: Application time: 0.0000628 seconds
2019-06-25T16:52:41.528+0000: 376700.540: Application time: 0.0000745 seconds
2019-06-25T16:52:41.528+0000: 376700.541: Application time: 0.0001113 seconds
2019-06-25T16:52:51.534+0000: 376710.546: Application time: 10.0057246 seconds
2019-06-25T16:52:51.534+0000: 376710.547: Application time: 0.0001608 seconds
2019-06-25T16:52:51.535+0000: 376710.547: Application time: 0.0001744 seconds
2019-06-25T16:52:51.535+0000: 376710.547: Application time: 0.0001207 seconds
2019-06-25T16:52:51.536+0000: 376710.548: Application time: 0.0010948 seconds
2019-06-25T16:53:53.216+0000: 376772.228: Application time: 61.6798645 seconds
{Heap before GC invocations=2404 (full 186):
 par new generation   total 9792K, used 9540K [0x00000000e1000000, 0x00000000e1aa0000, 0x00000000eb4a0000)
  eden space 8704K, 100% used [0x00000000e1000000, 0x00000000e1880000, 0x00000000e1880000)
  from space 1088K,  76% used [0x00000000e1880000, 0x00000000e1951208, 0x00000000e1990000)
  to   space 1088K,   0% used [0x00000000e1990000, 0x00000000e1990000, 0x00000000e1aa0000)
 concurrent mark-sweep generation total 121500K, used 70464K [0x00000000eb4a0000, 0x00000000f2b47000, 0x0000000100000000)
 Metaspace       used 89121K, capacity 93614K, committed 93824K, reserved 1132544K
  class space    used 10743K, capacity 11547K, committed 11648K, reserved 1048576K
2019-06-25T16:53:53.217+0000: 376772.229: [GC (Allocation Failure) 2019-06-25T16:53:53.217+0000: 376772.230: [ParNew: 9540K->1088K(9792K), 0.0059407 secs] 80004K->71765K(131292K), 0.0071082 secs] [Times: user=0.01 sys=0.00, real=0.01 secs] 
Heap after GC invocations=2405 (full 186):
 par new generation   total 9792K, used 1088K [0x00000000e1000000, 0x00000000e1aa0000, 0x00000000eb4a0000)
  eden space 8704K,   0% used [0x00000000e1000000, 0x00000000e1000000, 0x00000000e1880000)
  from space 1088K, 100% used [0x00000000e1990000, 0x00000000e1aa0000, 0x00000000e1aa0000)
  to   space 1088K,   0% used [0x00000000e1880000, 0x00000000e1880000, 0x00000000e1990000)
 concurrent mark-sweep generation total 121500K, used 70677K [0x00000000eb4a0000, 0x00000000f2b47000, 0x0000000100000000)
 Metaspace       used 89121K, capacity 93614K, committed 93824K, reserved 1132544K
  class space    used 10743K, capacity 11547K, committed 11648K, reserved 1048576K
}
2019-06-25T16:53:58.213+0000: 376777.225: Application time: 4.9881022 seconds
2019-06-25T16:53:58.248+0000: 376777.260: Application time: 0.0343728 seconds
2019-06-25T16:53:58.309+0000: 376777.321: Application time: 0.0613471 seconds
2019-06-25T16:53:58.309+0000: 376777.322: Application time: 0.0001399 seconds
2019-06-25T16:53:58.310+0000: 376777.322: Application time: 0.0000627 seconds
2019-06-25T16:53:58.310+0000: 376777.323: Application time: 0.0000628 seconds
2019-06-25T16:53:58.310+0000: 376777.323: Application time: 0.0000551 seconds
2019-06-25T16:53:58.311+0000: 376777.323: Application time: 0.0000601 seconds
2019-06-25T16:54:01.312+0000: 376780.325: Application time: 3.0015436 seconds
2019-06-25T16:54:01.313+0000: 376780.325: Application time: 0.0001535 seconds
2019-06-25T16:54:01.313+0000: 376780.325: Application time: 0.0003383 seconds
2019-06-25T16:54:01.313+0000: 376780.326: Application time: 0.0001585 seconds
2019-06-25T16:54:01.315+0000: 376780.327: Application time: 0.0011633 seconds
2019-06-25T16:54:41.594+0000: 376820.606: Application time: 40.2793715 seconds
2019-06-25T16:54:41.594+0000: 376820.607: Application time: 0.0000656 seconds
2019-06-25T16:54:41.595+0000: 376820.607: Application time: 0.0000586 seconds
2019-06-25T16:54:41.595+0000: 376820.607: Application time: 0.0000630 seconds
2019-06-25T16:54:41.595+0000: 376820.608: Application time: 0.0005401 seconds
2019-06-25T16:54:41.596+0000: 376820.608: Application time: 0.0002278 seconds
2019-06-25T16:54:46.362+0000: 376825.374: Application time: 4.7656309 seconds
2019-06-25T16:54:46.389+0000: 376825.402: Application time: 0.0274831 seconds
2019-06-25T16:54:51.602+0000: 376830.614: Application time: 5.2120669 seconds
2019-06-25T16:54:51.602+0000: 376830.614: Application time: 0.0000646 seconds
2019-06-25T16:54:51.602+0000: 376830.615: Application time: 0.0001330 seconds
2019-06-25T16:54:51.603+0000: 376830.615: Application time: 0.0001181 seconds
2019-06-25T16:54:51.604+0000: 376830.616: Application time: 0.0012498 seconds
2019-06-25T16:55:21.305+0000: 376860.317: Application time: 29.7008882 seconds
2019-06-25T16:55:21.348+0000: 376860.360: Application time: 0.0424687 seconds
2019-06-25T16:55:21.620+0000: 376860.632: Application time: 0.2715353 seconds
2019-06-25T16:55:21.620+0000: 376860.632: Application time: 0.0001375 seconds
2019-06-25T16:55:21.620+0000: 376860.633: Application time: 0.0014902 seconds
2019-06-25T16:55:21.622+0000: 376860.634: Application time: 0.0001289 seconds
2019-06-25T16:55:21.622+0000: 376860.634: Application time: 0.0001171 seconds
2019-06-25T16:55:21.622+0000: 376860.635: Application time: 0.0001196 seconds
2019-06-25T16:55:31.324+0000: 376870.336: Application time: 9.7013074 seconds
2019-06-25T16:55:31.324+0000: 376870.336: Application time: 0.0001379 seconds
2019-06-25T16:55:31.325+0000: 376870.337: Application time: 0.0002877 seconds
2019-06-25T16:55:31.325+0000: 376870.337: Application time: 0.0001788 seconds
2019-06-25T16:55:31.326+0000: 376870.338: Application time: 0.0009930 seconds
2019-06-25T16:56:31.660+0000: 376930.672: Application time: 60.3339687 seconds
2019-06-25T16:57:01.677+0000: 376960.689: Application time: 30.0167077 seconds
{Heap before GC invocations=2405 (full 186):
 par new generation   total 9792K, used 9792K [0x00000000e1000000, 0x00000000e1aa0000, 0x00000000eb4a0000)
  eden space 8704K, 100% used [0x00000000e1000000, 0x00000000e1880000, 0x00000000e1880000)
  from space 1088K, 100% used [0x00000000e1990000, 0x00000000e1aa0000, 0x00000000e1aa0000)
  to   space 1088K,   0% used [0x00000000e1880000, 0x00000000e1880000, 0x00000000e1990000)
 concurrent mark-sweep generation total 121500K, used 70677K [0x00000000eb4a0000, 0x00000000f2b47000, 0x0000000100000000)
 Metaspace       used 89121K, capacity 93614K, committed 93824K, reserved 1132544K
  class space    used 10743K, capacity 11547K, committed 11648K, reserved 1048576K
2019-06-25T16:57:01.678+0000: 376960.690: [GC (Allocation Failure) 2019-06-25T16:57:01.678+0000: 376960.690: [ParNew: 9792K->505K(9792K), 0.0039425 secs] 80469K->71751K(131292K), 0.0058181 secs] [Times: user=0.00 sys=0.01, real=0.01 secs] 
Heap after GC invocations=2406 (full 186):
 par new generation   total 9792K, used 505K [0x00000000e1000000, 0x00000000e1aa0000, 0x00000000eb4a0000)
  eden space 8704K,   0% used [0x00000000e1000000, 0x00000000e1000000, 0x00000000e1880000)
  from space 1088K,  46% used [0x00000000e1880000, 0x00000000e18fe460, 0x00000000e1990000)
  to   space 1088K,   0% used [0x00000000e1990000, 0x00000000e1990000, 0x00000000e1aa0000)
 concurrent mark-sweep generation total 121500K, used 71246K [0x00000000eb4a0000, 0x00000000f2b47000, 0x0000000100000000)
 Metaspace       used 89121K, capacity 93614K, committed 93824K, reserved 1132544K
  class space    used 10743K, capacity 11547K, committed 11648K, reserved 1048576K
}
2019-06-25T16:57:16.813+0000: 376975.825: Application time: 15.1284490 seconds
2019-06-25T16:57:16.837+0000: 376975.850: Application time: 0.0243215 seconds
2019-06-25T16:57:21.695+0000: 376980.708: Application time: 4.8577647 seconds
2019-06-25T16:57:21.695+0000: 376980.708: Application time: 0.0000683 seconds
2019-06-25T16:57:21.696+0000: 376980.709: Application time: 0.0000651 seconds
2019-06-25T16:57:21.696+0000: 376980.709: Application time: 0.0000647 seconds
2019-06-25T16:57:21.697+0000: 376980.709: Application time: 0.0000597 seconds
2019-06-25T16:57:21.697+0000: 376980.709: Application time: 0.0000640 seconds
2019-06-25T16:57:31.338+0000: 376990.350: Application time: 9.6407111 seconds
2019-06-25T16:57:31.338+0000: 376990.350: Application time: 0.0000681 seconds
2019-06-25T16:57:31.338+0000: 376990.351: Application time: 0.0001887 seconds
2019-06-25T16:57:31.338+0000: 376990.351: Application time: 0.0001240 seconds
2019-06-25T16:57:31.340+0000: 376990.352: Application time: 0.0012602 seconds
2019-06-25T16:58:18.346+0000: 377037.358: Application time: 47.0059483 seconds
2019-06-25T16:58:21.730+0000: 377040.742: Application time: 3.3835324 seconds
2019-06-25T16:58:21.730+0000: 377040.742: Application time: 0.0000826 seconds
2019-06-25T16:58:21.730+0000: 377040.742: Application time: 0.0000606 seconds
2019-06-25T16:58:21.730+0000: 377040.743: Application time: 0.0005107 seconds
2019-06-25T16:58:21.731+0000: 377040.743: Application time: 0.0000683 seconds
2019-06-25T16:58:21.731+0000: 377040.744: Application time: 0.0000605 seconds
2019-06-25T16:58:21.731+0000: 377040.744: Application time: 0.0000640 seconds
2019-06-25T16:58:21.732+0000: 377040.744: Application time: 0.0001477 seconds
2019-06-25T16:58:21.732+0000: 377040.744: Application time: 0.0001073 seconds
2019-06-25T16:58:22.994+0000: 377042.006: Application time: 1.2616691 seconds
2019-06-25T16:58:23.017+0000: 377042.030: Application time: 0.0236177 seconds
2019-06-25T16:58:31.346+0000: 377050.358: Application time: 8.3278525 seconds
2019-06-25T16:58:31.347+0000: 377050.360: Application time: 0.0014752 seconds
2019-06-25T16:58:51.749+0000: 377070.761: Application time: 20.4011809 seconds
2019-06-25T16:58:51.749+0000: 377070.761: Application time: 0.0000654 seconds
2019-06-25T16:58:51.749+0000: 377070.762: Application time: 0.0000618 seconds
2019-06-25T16:58:51.750+0000: 377070.762: Application time: 0.0005226 seconds
2019-06-25T16:58:51.750+0000: 377070.763: Application time: 0.0000565 seconds
2019-06-25T16:58:51.750+0000: 377070.763: Application time: 0.0000517 seconds
2019-06-25T16:58:51.751+0000: 377070.763: Application time: 0.0000276 seconds
2019-06-25T16:58:51.751+0000: 377070.763: Application time: 0.0001660 seconds
2019-06-25T16:58:51.751+0000: 377070.763: Application time: 0.0001155 seconds
2019-06-25T16:58:53.683+0000: 377072.695: Application time: 1.9315148 seconds
2019-06-25T16:58:53.715+0000: 377072.727: Application time: 0.0317863 seconds
2019-06-25T16:58:58.323+0000: 377077.336: Application time: 4.6081989 seconds
2019-06-25T16:58:58.323+0000: 377077.336: Application time: 0.0000739 seconds
2019-06-25T16:58:58.325+0000: 377077.337: Application time: 0.0014576 seconds
2019-06-25T16:59:01.351+0000: 377080.363: Application time: 3.0259904 seconds
{Heap before GC invocations=2406 (full 186):
 par new generation   total 9792K, used 9209K [0x00000000e1000000, 0x00000000e1aa0000, 0x00000000eb4a0000)
  eden space 8704K, 100% used [0x00000000e1000000, 0x00000000e1880000, 0x00000000e1880000)
  from space 1088K,  46% used [0x00000000e1880000, 0x00000000e18fe460, 0x00000000e1990000)
  to   space 1088K,   0% used [0x00000000e1990000, 0x00000000e1990000, 0x00000000e1aa0000)
 concurrent mark-sweep generation total 121500K, used 71246K [0x00000000eb4a0000, 0x00000000f2b47000, 0x0000000100000000)
 Metaspace       used 89125K, capacity 93620K, committed 93824K, reserved 1132544K
  class space    used 10743K, capacity 11548K, committed 11648K, reserved 1048576K
2019-06-25T16:59:01.352+0000: 377080.364: [GC (Allocation Failure) 2019-06-25T16:59:01.352+0000: 377080.365: [ParNew: 9209K->865K(9792K), 0.0070699 secs] 80455K->72111K(131292K), 0.0079495 secs] [Times: user=0.01 sys=0.00, real=0.01 secs] 
Heap after GC invocations=2407 (full 186):
 par new generation   total 9792K, used 865K [0x00000000e1000000, 0x00000000e1aa0000, 0x00000000eb4a0000)
  eden space 8704K,   0% used [0x00000000e1000000, 0x00000000e1000000, 0x00000000e1880000)
  from space 1088K,  79% used [0x00000000e1990000, 0x00000000e1a68490, 0x00000000e1aa0000)
  to   space 1088K,   0% used [0x00000000e1880000, 0x00000000e1880000, 0x00000000e1990000)
 concurrent mark-sweep generation total 121500K, used 71246K [0x00000000eb4a0000, 0x00000000f2b47000, 0x0000000100000000)
 Metaspace       used 89125K, capacity 93620K, committed 93824K, reserved 1132544K
  class space    used 10743K, capacity 11548K, committed 11648K, reserved 1048576K
}
2019-06-25T17:04:25.008+0000: 377404.020: Application time: 323.6473884 seconds
2019-06-25T17:06:11.995+0000: 377511.008: Application time: 106.9871303 seconds
{Heap before GC invocations=2407 (full 186):
 par new generation   total 9792K, used 9569K [0x00000000e1000000, 0x00000000e1aa0000, 0x00000000eb4a0000)
  eden space 8704K, 100% used [0x00000000e1000000, 0x00000000e1880000, 0x00000000e1880000)
  from space 1088K,  79% used [0x00000000e1990000, 0x00000000e1a68490, 0x00000000e1aa0000)
  to   space 1088K,   0% used [0x00000000e1880000, 0x00000000e1880000, 0x00000000e1990000)
 concurrent mark-sweep generation total 121500K, used 71246K [0x00000000eb4a0000, 0x00000000f2b47000, 0x0000000100000000)
 Metaspace       used 89126K, capacity 93620K, committed 93824K, reserved 1132544K
  class space    used 10743K, capacity 11548K, committed 11648K, reserved 1048576K
2019-06-25T17:06:11.996+0000: 377511.009: [GC (Allocation Failure) 2019-06-25T17:06:11.997+0000: 377511.009: [ParNew: 9569K->920K(9792K), 0.0075757 secs] 80815K->72496K(131292K), 0.0085009 secs] [Times: user=0.01 sys=0.00, real=0.01 secs] 
Heap after GC invocations=2408 (full 186):
 par new generation   total 9792K, used 920K [0x00000000e1000000, 0x00000000e1aa0000, 0x00000000eb4a0000)
  eden space 8704K,   0% used [0x00000000e1000000, 0x00000000e1000000, 0x00000000e1880000)
  from space 1088K,  84% used [0x00000000e1880000, 0x00000000e19662a0, 0x00000000e1990000)
  to   space 1088K,   0% used [0x00000000e1990000, 0x00000000e1990000, 0x00000000e1aa0000)
 concurrent mark-sweep generation total 121500K, used 71575K [0x00000000eb4a0000, 0x00000000f2b47000, 0x0000000100000000)
 Metaspace       used 89126K, capacity 93620K, committed 93824K, reserved 1132544K
  class space    used 10743K, capacity 11548K, committed 11648K, reserved 1048576K
}
2019-06-25T17:13:12.235+0000: 377931.247: Application time: 420.2291904 seconds
2019-06-25T17:13:32.246+0000: 377951.259: Application time: 20.0110786 seconds
{Heap before GC invocations=2408 (full 186):
 par new generation   total 9792K, used 9624K [0x00000000e1000000, 0x00000000e1aa0000, 0x00000000eb4a0000)
  eden space 8704K, 100% used [0x00000000e1000000, 0x00000000e1880000, 0x00000000e1880000)
  from space 1088K,  84% used [0x00000000e1880000, 0x00000000e19662a0, 0x00000000e1990000)
  to   space 1088K,   0% used [0x00000000e1990000, 0x00000000e1990000, 0x00000000e1aa0000)
 concurrent mark-sweep generation total 121500K, used 71575K [0x00000000eb4a0000, 0x00000000f2b47000, 0x0000000100000000)
 Metaspace       used 89126K, capacity 93620K, committed 93824K, reserved 1132544K
  class space    used 10743K, capacity 11548K, committed 11648K, reserved 1048576K
2019-06-25T17:13:32.258+0000: 377951.271: [GC (Allocation Failure) 2019-06-25T17:13:32.259+0000: 377951.271: [ParNew: 9624K->758K(9792K), 0.0036225 secs] 81200K->72333K(131292K), 0.0044446 secs] [Times: user=0.00 sys=0.00, real=0.00 secs] 
Heap after GC invocations=2409 (full 186):
 par new generation   total 9792K, used 758K [0x00000000e1000000, 0x00000000e1aa0000, 0x00000000eb4a0000)
  eden space 8704K,   0% used [0x00000000e1000000, 0x00000000e1000000, 0x00000000e1880000)
  from space 1088K,  69% used [0x00000000e1990000, 0x00000000e1a4da70, 0x00000000e1aa0000)
  to   space 1088K,   0% used [0x00000000e1880000, 0x00000000e1880000, 0x00000000e1990000)
 concurrent mark-sweep generation total 121500K, used 71575K [0x00000000eb4a0000, 0x00000000f2b47000, 0x0000000100000000)
 Metaspace       used 89126K, capacity 93620K, committed 93824K, reserved 1132544K
  class space    used 10743K, capacity 11548K, committed 11648K, reserved 1048576K
}
2019-06-25T17:16:31.472+0000: 378130.484: Application time: 179.2083093 seconds
2019-06-25T17:16:31.472+0000: 378130.485: Application time: 0.0000706 seconds
2019-06-25T17:16:31.472+0000: 378130.485: Application time: 0.0000644 seconds
2019-06-25T17:16:31.473+0000: 378130.485: Application time: 0.0000596 seconds
2019-06-25T17:16:31.473+0000: 378130.486: Application time: 0.0000579 seconds
2019-06-25T17:16:31.474+0000: 378130.486: Application time: 0.0000605 seconds
2019-06-25T17:16:31.474+0000: 378130.486: Application time: 0.0001260 seconds
2019-06-25T17:16:31.474+0000: 378130.486: Application time: 0.0001094 seconds
2019-06-25T17:16:32.250+0000: 378131.262: Application time: 0.7754728 seconds
2019-06-25T17:16:32.274+0000: 378131.286: Application time: 0.0242656 seconds
2019-06-25T17:16:32.377+0000: 378131.389: Application time: 0.1024149 seconds
2019-06-25T17:16:32.377+0000: 378131.389: Application time: 0.0001258 seconds
2019-06-25T17:16:32.377+0000: 378131.390: Application time: 0.0001430 seconds
2019-06-25T17:16:32.378+0000: 378131.390: Application time: 0.0001628 seconds
2019-06-25T17:16:32.378+0000: 378131.390: Application time: 0.0001385 seconds
2019-06-25T17:16:32.378+0000: 378131.391: Application time: 0.0001586 seconds
2019-06-25T17:16:32.380+0000: 378131.392: Application time: 0.0014178 seconds
2019-06-25T17:17:33.388+0000: 378192.401: Application time: 61.0084498 seconds
2019-06-25T17:18:59.065+0000: 378278.077: Application time: 85.6760754 seconds
{Heap before GC invocations=2409 (full 186):
 par new generation   total 9792K, used 9462K [0x00000000e1000000, 0x00000000e1aa0000, 0x00000000eb4a0000)
  eden space 8704K, 100% used [0x00000000e1000000, 0x00000000e1880000, 0x00000000e1880000)
  from space 1088K,  69% used [0x00000000e1990000, 0x00000000e1a4da70, 0x00000000e1aa0000)
  to   space 1088K,   0% used [0x00000000e1880000, 0x00000000e1880000, 0x00000000e1990000)
 concurrent mark-sweep generation total 121500K, used 71575K [0x00000000eb4a0000, 0x00000000f2b47000, 0x0000000100000000)
 Metaspace       used 89126K, capacity 93620K, committed 93824K, reserved 1132544K
  class space    used 10743K, capacity 11548K, committed 11648K, reserved 1048576K
2019-06-25T17:18:59.088+0000: 378278.101: [GC (Allocation Failure) 2019-06-25T17:18:59.089+0000: 378278.101: [ParNew: 9462K->680K(9792K), 0.0051269 secs] 81037K->72557K(131292K), 0.0061734 secs] [Times: user=0.00 sys=0.01, real=0.00 secs] 
Heap after GC invocations=2410 (full 186):
 par new generation   total 9792K, used 680K [0x00000000e1000000, 0x00000000e1aa0000, 0x00000000eb4a0000)
  eden space 8704K,   0% used [0x00000000e1000000, 0x00000000e1000000, 0x00000000e1880000)
  from space 1088K,  62% used [0x00000000e1880000, 0x00000000e192a338, 0x00000000e1990000)
  to   space 1088K,   0% used [0x00000000e1990000, 0x00000000e1990000, 0x00000000e1aa0000)
 concurrent mark-sweep generation total 121500K, used 71876K [0x00000000eb4a0000, 0x00000000f2b47000, 0x0000000100000000)
 Metaspace       used 89126K, capacity 93620K, committed 93824K, reserved 1132544K
  class space    used 10743K, capacity 11548K, committed 11648K, reserved 1048576K
}
2019-06-25T17:20:38.739+0000: 378377.751: Application time: 99.6435392 seconds
2019-06-25T17:20:38.769+0000: 378377.781: Application time: 0.0300085 seconds
2019-06-25T17:20:42.513+0000: 378381.525: Application time: 3.7432303 seconds
2019-06-25T17:20:42.513+0000: 378381.525: Application time: 0.0000748 seconds
2019-06-25T17:20:42.514+0000: 378381.526: Application time: 0.0001619 seconds
2019-06-25T17:20:42.514+0000: 378381.526: Application time: 0.0001057 seconds
2019-06-25T17:20:52.519+0000: 378391.532: Application time: 10.0051230 seconds
2019-06-25T17:20:52.520+0000: 378391.532: Application time: 0.0000507 seconds
2019-06-25T17:20:52.520+0000: 378391.532: Application time: 0.0000601 seconds
2019-06-25T17:20:52.520+0000: 378391.532: Application time: 0.0000623 seconds
2019-06-25T17:20:52.520+0000: 378391.533: Application time: 0.0000580 seconds
2019-06-25T17:20:52.520+0000: 378391.533: Application time: 0.0000572 seconds
2019-06-25T17:20:52.521+0000: 378391.533: Application time: 0.0000563 seconds
2019-06-25T17:20:52.522+0000: 378391.534: Application time: 0.0013727 seconds
2019-06-25T17:21:42.548+0000: 378441.561: Application time: 50.0261267 seconds
2019-06-25T17:21:42.549+0000: 378441.561: Application time: 0.0000682 seconds
2019-06-25T17:21:42.549+0000: 378441.561: Application time: 0.0001482 seconds
2019-06-25T17:21:42.549+0000: 378441.562: Application time: 0.0006436 seconds
2019-06-25T17:21:45.252+0000: 378444.264: Application time: 2.7021576 seconds
2019-06-25T17:21:45.279+0000: 378444.292: Application time: 0.0271273 seconds
2019-06-25T17:21:52.556+0000: 378451.568: Application time: 7.2760589 seconds
2019-06-25T17:21:52.556+0000: 378451.568: Application time: 0.0000761 seconds
2019-06-25T17:21:52.556+0000: 378451.568: Application time: 0.0000724 seconds
2019-06-25T17:21:52.556+0000: 378451.569: Application time: 0.0000615 seconds
2019-06-25T17:21:52.556+0000: 378451.569: Application time: 0.0000559 seconds
2019-06-25T17:21:52.557+0000: 378451.569: Application time: 0.0000602 seconds
2019-06-25T17:21:52.558+0000: 378451.570: Application time: 0.0013930 seconds
2019-06-25T17:22:09.626+0000: 378468.639: Application time: 17.0680908 seconds
{Heap before GC invocations=2410 (full 186):
 par new generation   total 9792K, used 9370K [0x00000000e1000000, 0x00000000e1aa0000, 0x00000000eb4a0000)
  eden space 8704K,  99% used [0x00000000e1000000, 0x00000000e187c4d0, 0x00000000e1880000)
  from space 1088K,  62% used [0x00000000e1880000, 0x00000000e192a338, 0x00000000e1990000)
  to   space 1088K,   0% used [0x00000000e1990000, 0x00000000e1990000, 0x00000000e1aa0000)
 concurrent mark-sweep generation total 121500K, used 71876K [0x00000000eb4a0000, 0x00000000f2b47000, 0x0000000100000000)
 Metaspace       used 89126K, capacity 93620K, committed 93824K, reserved 1132544K
  class space    used 10743K, capacity 11548K, committed 11648K, reserved 1048576K
2019-06-25T17:22:09.627+0000: 378468.639: [GC (Allocation Failure) 2019-06-25T17:22:09.627+0000: 378468.639: [ParNew: 9370K->876K(9792K), 0.0034651 secs] 81246K->72753K(131292K), 0.0040919 secs] [Times: user=0.00 sys=0.00, real=0.01 secs] 
Heap after GC invocations=2411 (full 186):
 par new generation   total 9792K, used 876K [0x00000000e1000000, 0x00000000e1aa0000, 0x00000000eb4a0000)
  eden space 8704K,   0% used [0x00000000e1000000, 0x00000000e1000000, 0x00000000e1880000)
  from space 1088K,  80% used [0x00000000e1990000, 0x00000000e1a6b388, 0x00000000e1aa0000)
  to   space 1088K,   0% used [0x00000000e1880000, 0x00000000e1880000, 0x00000000e1990000)
 concurrent mark-sweep generation total 121500K, used 71876K [0x00000000eb4a0000, 0x00000000f2b47000, 0x0000000100000000)
 Metaspace       used 89126K, capacity 93620K, committed 93824K, reserved 1132544K
  class space    used 10743K, capacity 11548K, committed 11648K, reserved 1048576K
}
2019-06-25T17:22:12.568+0000: 378471.580: Application time: 2.9360666 seconds
2019-06-25T17:22:12.568+0000: 378471.580: Application time: 0.0000680 seconds
2019-06-25T17:22:12.568+0000: 378471.581: Application time: 0.0001272 seconds
2019-06-25T17:22:12.568+0000: 378471.581: Application time: 0.0000524 seconds
2019-06-25T17:22:14.625+0000: 378473.638: Application time: 2.0567875 seconds
2019-06-25T17:22:14.654+0000: 378473.667: Application time: 0.0286706 seconds
2019-06-25T17:22:22.574+0000: 378481.586: Application time: 7.9195675 seconds
2019-06-25T17:22:22.574+0000: 378481.587: Application time: 0.0000712 seconds
2019-06-25T17:22:22.574+0000: 378481.587: Application time: 0.0000599 seconds
2019-06-25T17:22:22.575+0000: 378481.587: Application time: 0.0000615 seconds
2019-06-25T17:22:22.575+0000: 378481.587: Application time: 0.0000578 seconds
2019-06-25T17:22:22.575+0000: 378481.587: Application time: 0.0000608 seconds
2019-06-25T17:22:22.577+0000: 378481.589: Application time: 0.0014529 seconds
2019-06-25T17:23:31.520+0000: 378550.532: Application time: 68.9433132 seconds
2019-06-25T17:23:31.520+0000: 378550.533: Application time: 0.0000695 seconds
2019-06-25T17:23:31.521+0000: 378550.533: Application time: 0.0001635 seconds
2019-06-25T17:23:31.521+0000: 378550.533: Application time: 0.0000776 seconds
2019-06-25T17:23:32.618+0000: 378551.630: Application time: 1.0973221 seconds
2019-06-25T17:23:32.619+0000: 378551.631: Application time: 0.0000712 seconds
2019-06-25T17:23:32.619+0000: 378551.631: Application time: 0.0000758 seconds
2019-06-25T17:23:32.619+0000: 378551.631: Application time: 0.0000608 seconds
2019-06-25T17:23:32.619+0000: 378551.631: Application time: 0.0000559 seconds
2019-06-25T17:23:32.619+0000: 378551.632: Application time: 0.0000600 seconds
2019-06-25T17:23:32.621+0000: 378551.633: Application time: 0.0013781 seconds
2019-06-25T17:23:32.970+0000: 378551.983: Application time: 0.3494280 seconds
2019-06-25T17:23:33.005+0000: 378552.017: Application time: 0.0345219 seconds
2019-06-25T17:24:01.524+0000: 378580.537: Application time: 28.5188448 seconds
2019-06-25T17:24:01.525+0000: 378580.537: Application time: 0.0002036 seconds
2019-06-25T17:24:01.525+0000: 378580.538: Application time: 0.0003616 seconds
2019-06-25T17:24:01.526+0000: 378580.538: Application time: 0.0002355 seconds
2019-06-25T17:24:02.637+0000: 378581.649: Application time: 1.1111081 seconds
2019-06-25T17:24:02.637+0000: 378581.650: Application time: 0.0000697 seconds
2019-06-25T17:24:02.638+0000: 378581.650: Application time: 0.0000584 seconds
2019-06-25T17:24:02.638+0000: 378581.650: Application time: 0.0000624 seconds
2019-06-25T17:24:02.638+0000: 378581.650: Application time: 0.0000571 seconds
2019-06-25T17:24:02.638+0000: 378581.651: Application time: 0.0000744 seconds
2019-06-25T17:24:02.640+0000: 378581.652: Application time: 0.0012503 seconds
2019-06-25T17:24:04.547+0000: 378583.559: Application time: 1.9071611 seconds
2019-06-25T17:24:04.576+0000: 378583.589: Application time: 0.0291561 seconds
2019-06-25T17:24:32.658+0000: 378611.670: Application time: 28.0814310 seconds
{Heap before GC invocations=2411 (full 186):
 par new generation   total 9792K, used 9579K [0x00000000e1000000, 0x00000000e1aa0000, 0x00000000eb4a0000)
  eden space 8704K,  99% used [0x00000000e1000000, 0x00000000e187f8d8, 0x00000000e1880000)
  from space 1088K,  80% used [0x00000000e1990000, 0x00000000e1a6b388, 0x00000000e1aa0000)
  to   space 1088K,   0% used [0x00000000e1880000, 0x00000000e1880000, 0x00000000e1990000)
 concurrent mark-sweep generation total 121500K, used 71876K [0x00000000eb4a0000, 0x00000000f2b47000, 0x0000000100000000)
 Metaspace       used 89137K, capacity 93638K, committed 93824K, reserved 1132544K
  class space    used 10745K, capacity 11551K, committed 11648K, reserved 1048576K
2019-06-25T17:24:32.659+0000: 378611.671: [GC (Allocation Failure) 2019-06-25T17:24:32.659+0000: 378611.672: [ParNew: 9579K->863K(9792K), 0.0103868 secs] 81455K->73082K(131292K), 0.0113667 secs] [Times: user=0.01 sys=0.01, real=0.01 secs] 
Heap after GC invocations=2412 (full 186):
 par new generation   total 9792K, used 863K [0x00000000e1000000, 0x00000000e1aa0000, 0x00000000eb4a0000)
  eden space 8704K,   0% used [0x00000000e1000000, 0x00000000e1000000, 0x00000000e1880000)
  from space 1088K,  79% used [0x00000000e1880000, 0x00000000e1957dd0, 0x00000000e1990000)
  to   space 1088K,   0% used [0x00000000e1990000, 0x00000000e1990000, 0x00000000e1aa0000)
 concurrent mark-sweep generation total 121500K, used 72219K [0x00000000eb4a0000, 0x00000000f2b47000, 0x0000000100000000)
 Metaspace       used 89137K, capacity 93638K, committed 93824K, reserved 1132544K
  class space    used 10745K, capacity 11551K, committed 11648K, reserved 1048576K
}
2019-06-25T17:24:39.937+0000: 378618.949: Application time: 7.2653034 seconds
2019-06-25T17:24:39.961+0000: 378618.973: Application time: 0.0242171 seconds
2019-06-25T17:24:42.674+0000: 378621.686: Application time: 2.7128290 seconds
2019-06-25T17:24:42.674+0000: 378621.687: Application time: 0.0000688 seconds
2019-06-25T17:24:42.675+0000: 378621.687: Application time: 0.0005130 seconds
2019-06-25T17:24:42.675+0000: 378621.688: Application time: 0.0001422 seconds
2019-06-25T17:24:52.680+0000: 378631.693: Application time: 10.0050404 seconds
2019-06-25T17:24:52.681+0000: 378631.693: Application time: 0.0000712 seconds
2019-06-25T17:24:52.681+0000: 378631.693: Application time: 0.0000646 seconds
2019-06-25T17:24:52.681+0000: 378631.693: Application time: 0.0000657 seconds
2019-06-25T17:24:52.681+0000: 378631.694: Application time: 0.0000689 seconds
2019-06-25T17:24:52.681+0000: 378631.694: Application time: 0.0000618 seconds
2019-06-25T17:24:52.683+0000: 378631.695: Application time: 0.0014592 seconds
2019-06-25T17:26:52.748+0000: 378751.761: Application time: 120.0650362 seconds
2019-06-25T17:26:52.749+0000: 378751.761: Application time: 0.0000642 seconds
2019-06-25T17:26:52.749+0000: 378751.761: Application time: 0.0001706 seconds
2019-06-25T17:26:52.749+0000: 378751.761: Application time: 0.0001078 seconds
2019-06-25T17:26:56.505+0000: 378755.517: Application time: 3.7562564 seconds
2019-06-25T17:26:56.530+0000: 378755.543: Application time: 0.0245225 seconds
2019-06-25T17:26:58.401+0000: 378757.413: Application time: 1.8705368 seconds
2019-06-25T17:26:58.401+0000: 378757.414: Application time: 0.0000653 seconds
2019-06-25T17:26:58.401+0000: 378757.414: Application time: 0.0000559 seconds
2019-06-25T17:26:58.402+0000: 378757.414: Application time: 0.0000613 seconds
2019-06-25T17:26:58.402+0000: 378757.414: Application time: 0.0000556 seconds
2019-06-25T17:26:58.402+0000: 378757.414: Application time: 0.0000607 seconds
2019-06-25T17:26:58.404+0000: 378757.416: Application time: 0.0014855 seconds
2019-06-25T17:28:13.967+0000: 378832.979: Application time: 75.5629441 seconds
{Heap before GC invocations=2412 (full 186):
 par new generation   total 9792K, used 9567K [0x00000000e1000000, 0x00000000e1aa0000, 0x00000000eb4a0000)
  eden space 8704K, 100% used [0x00000000e1000000, 0x00000000e1880000, 0x00000000e1880000)
  from space 1088K,  79% used [0x00000000e1880000, 0x00000000e1957dd0, 0x00000000e1990000)
  to   space 1088K,   0% used [0x00000000e1990000, 0x00000000e1990000, 0x00000000e1aa0000)
 concurrent mark-sweep generation total 121500K, used 72219K [0x00000000eb4a0000, 0x00000000f2b47000, 0x0000000100000000)
 Metaspace       used 89137K, capacity 93638K, committed 93824K, reserved 1132544K
  class space    used 10745K, capacity 11551K, committed 11648K, reserved 1048576K
2019-06-25T17:28:13.967+0000: 378832.980: [GC (Allocation Failure) 2019-06-25T17:28:13.968+0000: 378832.980: [ParNew: 9567K->1088K(9792K), 0.0056981 secs] 81786K->73596K(131292K), 0.0067040 secs] [Times: user=0.01 sys=0.00, real=0.01 secs] 
Heap after GC invocations=2413 (full 186):
 par new generation   total 9792K, used 1088K [0x00000000e1000000, 0x00000000e1aa0000, 0x00000000eb4a0000)
  eden space 8704K,   0% used [0x00000000e1000000, 0x00000000e1000000, 0x00000000e1880000)
  from space 1088K, 100% used [0x00000000e1990000, 0x00000000e1aa0000, 0x00000000e1aa0000)
  to   space 1088K,   0% used [0x00000000e1880000, 0x00000000e1880000, 0x00000000e1990000)
 concurrent mark-sweep generation total 121500K, used 72508K [0x00000000eb4a0000, 0x00000000f2b47000, 0x0000000100000000)
 Metaspace       used 89137K, capacity 93638K, committed 93824K, reserved 1132544K
  class space    used 10745K, capacity 11551K, committed 11648K, reserved 1048576K
}
2019-06-25T17:28:16.869+0000: 378835.881: Application time: 2.8938560 seconds
2019-06-25T17:28:21.870+0000: 378840.882: Application time: 5.0006164 seconds
2019-06-25T17:28:21.894+0000: 378840.907: Application time: 0.0242309 seconds
2019-06-25T17:28:22.799+0000: 378841.811: Application time: 0.9043424 seconds
2019-06-25T17:28:22.800+0000: 378841.812: Application time: 0.0000740 seconds
2019-06-25T17:28:22.800+0000: 378841.812: Application time: 0.0000638 seconds
2019-06-25T17:28:22.800+0000: 378841.813: Application time: 0.0001367 seconds
2019-06-25T17:28:22.801+0000: 378841.813: Application time: 0.0001331 seconds
2019-06-25T17:28:31.554+0000: 378850.567: Application time: 8.7534945 seconds
2019-06-25T17:28:31.555+0000: 378850.567: Application time: 0.0001756 seconds
2019-06-25T17:28:31.555+0000: 378850.567: Application time: 0.0001884 seconds
2019-06-25T17:28:31.555+0000: 378850.568: Application time: 0.0001675 seconds
2019-06-25T17:28:31.556+0000: 378850.568: Application time: 0.0001669 seconds
2019-06-25T17:28:31.556+0000: 378850.568: Application time: 0.0001936 seconds
2019-06-25T17:28:31.557+0000: 378850.569: Application time: 0.0002965 seconds
2019-06-25T17:28:31.557+0000: 378850.569: Application time: 0.0001975 seconds
2019-06-25T17:28:31.558+0000: 378850.571: Application time: 0.0014986 seconds
2019-06-25T17:28:32.807+0000: 378851.820: Application time: 1.2489681 seconds
2019-06-25T17:29:25.140+0000: 378904.152: Application time: 52.3316096 seconds
2019-06-25T17:29:52.851+0000: 378931.864: Application time: 27.7113419 seconds
2019-06-25T17:32:01.582+0000: 379060.594: Application time: 128.7307306 seconds
{Heap before GC invocations=2413 (full 186):
 par new generation   total 9792K, used 9792K [0x00000000e1000000, 0x00000000e1aa0000, 0x00000000eb4a0000)
  eden space 8704K, 100% used [0x00000000e1000000, 0x00000000e1880000, 0x00000000e1880000)
  from space 1088K, 100% used [0x00000000e1990000, 0x00000000e1aa0000, 0x00000000e1aa0000)
  to   space 1088K,   0% used [0x00000000e1880000, 0x00000000e1880000, 0x00000000e1990000)
 concurrent mark-sweep generation total 121500K, used 72508K [0x00000000eb4a0000, 0x00000000f2b47000, 0x0000000100000000)
 Metaspace       used 89137K, capacity 93638K, committed 93824K, reserved 1132544K
  class space    used 10745K, capacity 11551K, committed 11648K, reserved 1048576K
2019-06-25T17:32:01.582+0000: 379060.595: [GC (Allocation Failure) 2019-06-25T17:32:01.583+0000: 379060.595: [ParNew: 9792K->683K(9792K), 0.0038106 secs] 82300K->73509K(131292K), 0.0050075 secs] [Times: user=0.00 sys=0.01, real=0.00 secs] 
Heap after GC invocations=2414 (full 186):
 par new generation   total 9792K, used 683K [0x00000000e1000000, 0x00000000e1aa0000, 0x00000000eb4a0000)
  eden space 8704K,   0% used [0x00000000e1000000, 0x00000000e1000000, 0x00000000e1880000)
  from space 1088K,  62% used [0x00000000e1880000, 0x00000000e192ad28, 0x00000000e1990000)
  to   space 1088K,   0% used [0x00000000e1990000, 0x00000000e1990000, 0x00000000e1aa0000)
 concurrent mark-sweep generation total 121500K, used 72826K [0x00000000eb4a0000, 0x00000000f2b47000, 0x0000000100000000)
 Metaspace       used 89137K, capacity 93638K, committed 93824K, reserved 1132544K
  class space    used 10745K, capacity 11551K, committed 11648K, reserved 1048576K
}
2019-06-25T17:39:13.159+0000: 379492.171: Application time: 431.5702692 seconds
{Heap before GC invocations=2414 (full 186):
 par new generation   total 9792K, used 9386K [0x00000000e1000000, 0x00000000e1aa0000, 0x00000000eb4a0000)
  eden space 8704K,  99% used [0x00000000e1000000, 0x00000000e187fc50, 0x00000000e1880000)
  from space 1088K,  62% used [0x00000000e1880000, 0x00000000e192ad28, 0x00000000e1990000)
  to   space 1088K,   0% used [0x00000000e1990000, 0x00000000e1990000, 0x00000000e1aa0000)
 concurrent mark-sweep generation total 121500K, used 72826K [0x00000000eb4a0000, 0x00000000f2b47000, 0x0000000100000000)
 Metaspace       used 89137K, capacity 93638K, committed 93824K, reserved 1132544K
  class space    used 10745K, capacity 11551K, committed 11648K, reserved 1048576K
2019-06-25T17:39:13.159+0000: 379492.172: [GC (Allocation Failure) 2019-06-25T17:39:13.160+0000: 379492.172: [ParNew: 9386K->528K(9792K), 0.0034056 secs] 82213K->73654K(131292K), 0.0041415 secs] [Times: user=0.01 sys=0.00, real=0.00 secs] 
Heap after GC invocations=2415 (full 186):
 par new generation   total 9792K, used 528K [0x00000000e1000000, 0x00000000e1aa0000, 0x00000000eb4a0000)
  eden space 8704K,   0% used [0x00000000e1000000, 0x00000000e1000000, 0x00000000e1880000)
  from space 1088K,  48% used [0x00000000e1990000, 0x00000000e1a143d0, 0x00000000e1aa0000)
  to   space 1088K,   0% used [0x00000000e1880000, 0x00000000e1880000, 0x00000000e1990000)
 concurrent mark-sweep generation total 121500K, used 73125K [0x00000000eb4a0000, 0x00000000f2b47000, 0x0000000100000000)
 Metaspace       used 89137K, capacity 93638K, committed 93824K, reserved 1132544K
  class space    used 10745K, capacity 11551K, committed 11648K, reserved 1048576K
}
2019-06-25T17:39:13.164+0000: 379492.176: Application time: 0.0000821 seconds
2019-06-25T17:39:13.164+0000: 379492.177: [GC (CMS Initial Mark) [1 CMS-initial-mark: 73125K(121500K)] 73664K(131292K), 0.0028252 secs] [Times: user=0.00 sys=0.00, real=0.00 secs] 
2019-06-25T17:39:13.169+0000: 379492.181: [CMS-concurrent-mark-start]
2019-06-25T17:39:13.290+0000: 379492.303: [CMS-concurrent-mark: 0.122/0.122 secs] [Times: user=0.13 sys=0.00, real=0.12 secs] 
2019-06-25T17:39:13.291+0000: 379492.303: [CMS-concurrent-preclean-start]
2019-06-25T17:39:13.292+0000: 379492.305: [CMS-concurrent-preclean: 0.001/0.001 secs] [Times: user=0.00 sys=0.00, real=0.00 secs] 
2019-06-25T17:39:13.293+0000: 379492.305: Application time: 0.1245436 seconds
2019-06-25T17:39:13.293+0000: 379492.305: [GC (CMS Final Remark) [YG occupancy: 577 K (9792 K)]2019-06-25T17:39:13.293+0000: 379492.306: [Rescan (parallel) , 0.0079089 secs]2019-06-25T17:39:13.302+0000: 379492.314: [weak refs processing, 0.0022994 secs]2019-06-25T17:39:13.304+0000: 379492.317: [class unloading, 0.0305834 secs]2019-06-25T17:39:13.335+0000: 379492.348: [scrub symbol table, 0.0200980 secs]2019-06-25T17:39:13.356+0000: 379492.368: [scrub string table, 0.0014697 secs][1 CMS-remark: 73125K(121500K)] 73703K(131292K), 0.0783565 secs] [Times: user=0.08 sys=0.00, real=0.08 secs] 
2019-06-25T17:39:13.373+0000: 379492.385: [CMS-concurrent-sweep-start]
2019-06-25T17:39:13.404+0000: 379492.416: [CMS-concurrent-sweep: 0.031/0.031 secs] [Times: user=0.04 sys=0.00, real=0.03 secs] 
2019-06-25T17:39:13.405+0000: 379492.417: [CMS-concurrent-reset-start]
2019-06-25T17:39:13.405+0000: 379492.417: [CMS-concurrent-reset: 0.000/0.000 secs] [Times: user=0.00 sys=0.00, real=0.00 secs] 
2019-06-25T17:39:14.373+0000: 379493.386: Application time: 1.0005049 seconds
2019-06-25T17:39:23.374+0000: 379502.387: Application time: 9.0010473 seconds
2019-06-25T17:39:25.375+0000: 379504.387: Application time: 2.0003197 seconds
2019-06-25T17:39:26.375+0000: 379505.388: Application time: 1.0001910 seconds
2019-06-25T17:39:59.380+0000: 379538.392: Application time: 33.0043886 seconds
2019-06-25T17:40:13.382+0000: 379552.395: Application time: 14.0023107 seconds
2019-06-25T17:40:59.388+0000: 379598.401: Application time: 46.0058888 seconds
2019-06-25T17:41:23.392+0000: 379622.404: Application time: 24.0032141 seconds
2019-06-25T17:46:17.438+0000: 379916.450: Application time: 294.0459305 seconds
{Heap before GC invocations=2415 (full 187):
 par new generation   total 9792K, used 9232K [0x00000000e1000000, 0x00000000e1aa0000, 0x00000000eb4a0000)
  eden space 8704K, 100% used [0x00000000e1000000, 0x00000000e1880000, 0x00000000e1880000)
  from space 1088K,  48% used [0x00000000e1990000, 0x00000000e1a143d0, 0x00000000e1aa0000)
  to   space 1088K,   0% used [0x00000000e1880000, 0x00000000e1880000, 0x00000000e1990000)
 concurrent mark-sweep generation total 121500K, used 69825K [0x00000000eb4a0000, 0x00000000f2b47000, 0x0000000100000000)
 Metaspace       used 89051K, capacity 93500K, committed 93824K, reserved 1132544K
  class space    used 10732K, capacity 11528K, committed 11648K, reserved 1048576K
2019-06-25T17:46:17.438+0000: 379916.451: [GC (Allocation Failure) 2019-06-25T17:46:17.439+0000: 379916.451: [ParNew: 9232K->793K(9792K), 0.0033462 secs] 79057K->70618K(131292K), 0.0042039 secs] [Times: user=0.01 sys=0.00, real=0.00 secs] 
Heap after GC invocations=2416 (full 187):
 par new generation   total 9792K, used 793K [0x00000000e1000000, 0x00000000e1aa0000, 0x00000000eb4a0000)
  eden space 8704K,   0% used [0x00000000e1000000, 0x00000000e1000000, 0x00000000e1880000)
  from space 1088K,  72% used [0x00000000e1880000, 0x00000000e1946568, 0x00000000e1990000)
  to   space 1088K,   0% used [0x00000000e1990000, 0x00000000e1990000, 0x00000000e1aa0000)
 concurrent mark-sweep generation total 121500K, used 69825K [0x00000000eb4a0000, 0x00000000f2b47000, 0x0000000100000000)
 Metaspace       used 89051K, capacity 93500K, committed 93824K, reserved 1132544K
  class space    used 10732K, capacity 11528K, committed 11648K, reserved 1048576K
}
2019-06-25T17:46:18.444+0000: 379917.456: Application time: 1.0002856 seconds
2019-06-25T17:46:22.438+0000: 379921.450: Application time: 3.9937254 seconds
2019-06-25T17:46:22.470+0000: 379921.482: Application time: 0.0321552 seconds
2019-06-25T17:46:23.403+0000: 379922.415: Application time: 0.9328510 seconds
2019-06-25T17:46:23.403+0000: 379922.416: Application time: 0.0006400 seconds
2019-06-25T17:46:23.404+0000: 379922.417: Application time: 0.0000820 seconds
2019-06-25T17:46:23.404+0000: 379922.417: Application time: 0.0000563 seconds
2019-06-25T17:46:23.405+0000: 379922.417: Application time: 0.0000540 seconds
2019-06-25T17:46:23.405+0000: 379922.417: Application time: 0.0000593 seconds
2019-06-25T17:46:31.682+0000: 379930.694: Application time: 8.2768528 seconds
2019-06-25T17:46:31.682+0000: 379930.694: Application time: 0.0000738 seconds
2019-06-25T17:46:31.682+0000: 379930.695: Application time: 0.0001606 seconds
2019-06-25T17:46:31.683+0000: 379930.695: Application time: 0.0001197 seconds
2019-06-25T17:46:31.684+0000: 379930.696: Application time: 0.0011469 seconds
2019-06-25T17:46:33.410+0000: 379932.423: Application time: 1.7264613 seconds
2019-06-25T17:48:55.429+0000: 380074.441: Application time: 142.0182987 seconds
2019-06-25T17:50:02.916+0000: 380141.928: Application time: 67.4867071 seconds
{Heap before GC invocations=2416 (full 187):
 par new generation   total 9792K, used 9497K [0x00000000e1000000, 0x00000000e1aa0000, 0x00000000eb4a0000)
  eden space 8704K, 100% used [0x00000000e1000000, 0x00000000e1880000, 0x00000000e1880000)
  from space 1088K,  72% used [0x00000000e1880000, 0x00000000e1946568, 0x00000000e1990000)
  to   space 1088K,   0% used [0x00000000e1990000, 0x00000000e1990000, 0x00000000e1aa0000)
 concurrent mark-sweep generation total 121500K, used 69825K [0x00000000eb4a0000, 0x00000000f2b47000, 0x0000000100000000)
 Metaspace       used 89051K, capacity 93500K, committed 93824K, reserved 1132544K
  class space    used 10732K, capacity 11528K, committed 11648K, reserved 1048576K
2019-06-25T17:50:02.917+0000: 380141.929: [GC (Allocation Failure) 2019-06-25T17:50:02.918+0000: 380141.930: [ParNew: 9497K->911K(9792K), 0.0039508 secs] 79322K->70931K(131292K), 0.0049210 secs] [Times: user=0.01 sys=0.00, real=0.01 secs] 
Heap after GC invocations=2417 (full 187):
 par new generation   total 9792K, used 911K [0x00000000e1000000, 0x00000000e1aa0000, 0x00000000eb4a0000)
  eden space 8704K,   0% used [0x00000000e1000000, 0x00000000e1000000, 0x00000000e1880000)
  from space 1088K,  83% used [0x00000000e1990000, 0x00000000e1a73fb0, 0x00000000e1aa0000)
  to   space 1088K,   0% used [0x00000000e1880000, 0x00000000e1880000, 0x00000000e1990000)
 concurrent mark-sweep generation total 121500K, used 70019K [0x00000000eb4a0000, 0x00000000f2b47000, 0x0000000100000000)
 Metaspace       used 89051K, capacity 93500K, committed 93824K, reserved 1132544K
  class space    used 10732K, capacity 11528K, committed 11648K, reserved 1048576K
}
2019-06-25T17:50:03.527+0000: 380142.539: Application time: 0.6042272 seconds
2019-06-25T17:50:03.527+0000: 380142.540: Application time: 0.0000853 seconds
2019-06-25T17:50:03.528+0000: 380142.540: Application time: 0.0000585 seconds
2019-06-25T17:50:03.528+0000: 380142.540: Application time: 0.0000621 seconds
2019-06-25T17:50:03.528+0000: 380142.541: Application time: 0.0004715 seconds
2019-06-25T17:50:03.529+0000: 380142.541: Application time: 0.0002151 seconds
2019-06-25T17:50:03.529+0000: 380142.541: Application time: 0.0001278 seconds
2019-06-25T17:50:07.897+0000: 380146.909: Application time: 4.3678549 seconds
2019-06-25T17:50:07.932+0000: 380146.944: Application time: 0.0344197 seconds
2019-06-25T17:50:13.535+0000: 380152.548: Application time: 5.6034596 seconds
2019-06-25T17:50:13.536+0000: 380152.548: Application time: 0.0001543 seconds
2019-06-25T17:50:13.536+0000: 380152.548: Application time: 0.0001094 seconds
2019-06-25T17:50:13.537+0000: 380152.549: Application time: 0.0010697 seconds
2019-06-25T17:51:43.138+0000: 380242.150: Application time: 89.6007378 seconds
2019-06-25T17:51:43.162+0000: 380242.174: Application time: 0.0239871 seconds
2019-06-25T17:51:43.585+0000: 380242.597: Application time: 0.4223578 seconds
2019-06-25T17:51:43.585+0000: 380242.597: Application time: 0.0000729 seconds
2019-06-25T17:51:43.585+0000: 380242.598: Application time: 0.0004700 seconds
2019-06-25T17:51:43.586+0000: 380242.598: Application time: 0.0000722 seconds
2019-06-25T17:51:43.586+0000: 380242.598: Application time: 0.0000632 seconds
2019-06-25T17:51:43.586+0000: 380242.599: Application time: 0.0000577 seconds
2019-06-25T17:51:43.587+0000: 380242.599: Application time: 0.0000607 seconds
2019-06-25T17:51:53.592+0000: 380252.605: Application time: 10.0056306 seconds
2019-06-25T17:51:53.593+0000: 380252.605: Application time: 0.0000705 seconds
2019-06-25T17:51:53.593+0000: 380252.605: Application time: 0.0001476 seconds
2019-06-25T17:51:53.593+0000: 380252.605: Application time: 0.0001016 seconds
2019-06-25T17:51:53.594+0000: 380252.607: Application time: 0.0010539 seconds
2019-06-25T17:52:11.773+0000: 380270.785: Application time: 18.1785181 seconds
2019-06-25T17:52:11.797+0000: 380270.810: Application time: 0.0240706 seconds
2019-06-25T17:52:13.604+0000: 380272.617: Application time: 1.8070363 seconds
2019-06-25T17:52:13.605+0000: 380272.617: Application time: 0.0000707 seconds
2019-06-25T17:52:13.605+0000: 380272.618: Application time: 0.0000690 seconds
2019-06-25T17:52:13.606+0000: 380272.618: Application time: 0.0000671 seconds
2019-06-25T17:52:13.606+0000: 380272.618: Application time: 0.0000680 seconds
2019-06-25T17:52:13.606+0000: 380272.618: Application time: 0.0000857 seconds
2019-06-25T17:52:23.612+0000: 380282.624: Application time: 10.0058567 seconds
2019-06-25T17:52:23.612+0000: 380282.625: Application time: 0.0000743 seconds
2019-06-25T17:52:23.612+0000: 380282.625: Application time: 0.0001466 seconds
2019-06-25T17:52:23.613+0000: 380282.625: Application time: 0.0001047 seconds
2019-06-25T17:52:23.614+0000: 380282.626: Application time: 0.0010625 seconds
2019-06-25T17:52:48.305+0000: 380307.318: Application time: 24.6913638 seconds
{Heap before GC invocations=2417 (full 187):
 par new generation   total 9792K, used 9615K [0x00000000e1000000, 0x00000000e1aa0000, 0x00000000eb4a0000)
  eden space 8704K,  99% used [0x00000000e1000000, 0x00000000e187fcf0, 0x00000000e1880000)
  from space 1088K,  83% used [0x00000000e1990000, 0x00000000e1a73fb0, 0x00000000e1aa0000)
  to   space 1088K,   0% used [0x00000000e1880000, 0x00000000e1880000, 0x00000000e1990000)
 concurrent mark-sweep generation total 121500K, used 70019K [0x00000000eb4a0000, 0x00000000f2b47000, 0x0000000100000000)
 Metaspace       used 89058K, capacity 93512K, committed 93824K, reserved 1132544K
  class space    used 10733K, capacity 11530K, committed 11648K, reserved 1048576K
2019-06-25T17:52:48.306+0000: 380307.319: [GC (Allocation Failure) 2019-06-25T17:52:48.307+0000: 380307.319: [ParNew: 9615K->1088K(9792K), 0.0096008 secs] 79635K->71385K(131292K), 0.0105023 secs] [Times: user=0.02 sys=0.00, real=0.01 secs] 
Heap after GC invocations=2418 (full 187):
 par new generation   total 9792K, used 1088K [0x00000000e1000000, 0x00000000e1aa0000, 0x00000000eb4a0000)
  eden space 8704K,   0% used [0x00000000e1000000, 0x00000000e1000000, 0x00000000e1880000)
  from space 1088K, 100% used [0x00000000e1880000, 0x00000000e1990000, 0x00000000e1990000)
  to   space 1088K,   0% used [0x00000000e1990000, 0x00000000e1990000, 0x00000000e1aa0000)
 concurrent mark-sweep generation total 121500K, used 70297K [0x00000000eb4a0000, 0x00000000f2b47000, 0x0000000100000000)
 Metaspace       used 89058K, capacity 93512K, committed 93824K, reserved 1132544K
  class space    used 10733K, capacity 11530K, committed 11648K, reserved 1048576K
}
2019-06-25T17:52:53.302+0000: 380312.314: Application time: 4.9843356 seconds
2019-06-25T17:52:53.339+0000: 380312.352: Application time: 0.0373133 seconds
2019-06-25T17:52:53.629+0000: 380312.642: Application time: 0.2896494 seconds
2019-06-25T17:52:53.630+0000: 380312.642: Application time: 0.0000671 seconds
2019-06-25T17:52:53.630+0000: 380312.643: Application time: 0.0000995 seconds
2019-06-25T17:52:53.630+0000: 380312.643: Application time: 0.0000610 seconds
2019-06-25T17:52:53.631+0000: 380312.643: Application time: 0.0000547 seconds
2019-06-25T17:52:53.631+0000: 380312.643: Application time: 0.0001032 seconds
2019-06-25T17:52:58.471+0000: 380317.484: Application time: 4.8401956 seconds
2019-06-25T17:52:58.472+0000: 380317.484: Application time: 0.0001462 seconds
2019-06-25T17:52:58.472+0000: 380317.484: Application time: 0.0002007 seconds
2019-06-25T17:52:58.472+0000: 380317.485: Application time: 0.0002691 seconds
2019-06-25T17:52:58.474+0000: 380317.486: Application time: 0.0012385 seconds
2019-06-25T17:53:58.475+0000: 380377.487: Application time: 60.0013133 seconds
2019-06-25T17:53:58.475+0000: 380377.488: Application time: 0.0001367 seconds
2019-06-25T17:53:58.476+0000: 380377.488: Application time: 0.0001297 seconds
2019-06-25T17:53:58.476+0000: 380377.488: Application time: 0.0001339 seconds
2019-06-25T17:53:58.476+0000: 380377.489: Application time: 0.0005936 seconds
2019-06-25T17:53:58.477+0000: 380377.489: Application time: 0.0001522 seconds
2019-06-25T17:53:59.156+0000: 380378.168: Application time: 0.6790408 seconds
2019-06-25T17:53:59.182+0000: 380378.194: Application time: 0.0253724 seconds
2019-06-25T17:54:01.733+0000: 380380.745: Application time: 2.5506576 seconds
2019-06-25T17:54:01.733+0000: 380380.745: Application time: 0.0001357 seconds
2019-06-25T17:54:01.733+0000: 380380.746: Application time: 0.0002988 seconds
2019-06-25T17:54:01.734+0000: 380380.746: Application time: 0.0002145 seconds
2019-06-25T17:54:01.735+0000: 380380.747: Application time: 0.0013009 seconds
2019-06-25T17:54:23.060+0000: 380402.072: Application time: 21.3242681 seconds
2019-06-25T17:54:23.083+0000: 380402.096: Application time: 0.0233862 seconds
2019-06-25T17:54:23.681+0000: 380402.694: Application time: 0.5977932 seconds
2019-06-25T17:54:23.682+0000: 380402.694: Application time: 0.0001307 seconds
2019-06-25T17:54:23.682+0000: 380402.694: Application time: 0.0007192 seconds
2019-06-25T17:54:23.683+0000: 380402.695: Application time: 0.0001708 seconds
2019-06-25T17:54:23.683+0000: 380402.696: Application time: 0.0002227 seconds
2019-06-25T17:54:23.684+0000: 380402.696: Application time: 0.0001855 seconds
2019-06-25T17:54:25.267+0000: 380404.280: Application time: 1.5835207 seconds
2019-06-25T17:54:31.737+0000: 380410.750: Application time: 6.4700940 seconds
2019-06-25T17:54:31.738+0000: 380410.750: Application time: 0.0001346 seconds
2019-06-25T17:54:31.738+0000: 380410.751: Application time: 0.0002424 seconds
2019-06-25T17:54:31.739+0000: 380410.751: Application time: 0.0002447 seconds
2019-06-25T17:54:31.740+0000: 380410.752: Application time: 0.0010220 seconds
2019-06-25T17:55:33.725+0000: 380472.737: Application time: 61.9851596 seconds
{Heap before GC invocations=2418 (full 187):
 par new generation   total 9792K, used 9792K [0x00000000e1000000, 0x00000000e1aa0000, 0x00000000eb4a0000)
  eden space 8704K, 100% used [0x00000000e1000000, 0x00000000e1880000, 0x00000000e1880000)
  from space 1088K, 100% used [0x00000000e1880000, 0x00000000e1990000, 0x00000000e1990000)
  to   space 1088K,   0% used [0x00000000e1990000, 0x00000000e1990000, 0x00000000e1aa0000)
 concurrent mark-sweep generation total 121500K, used 70297K [0x00000000eb4a0000, 0x00000000f2b47000, 0x0000000100000000)
 Metaspace       used 89060K, capacity 93518K, committed 93824K, reserved 1132544K
  class space    used 10734K, capacity 11531K, committed 11648K, reserved 1048576K
2019-06-25T17:55:33.726+0000: 380472.738: [GC (Allocation Failure) 2019-06-25T17:55:33.726+0000: 380472.738: [ParNew: 9792K->832K(9792K), 0.0039361 secs] 80089K->71373K(131292K), 0.0048473 secs] [Times: user=0.00 sys=0.00, real=0.01 secs] 
Heap after GC invocations=2419 (full 187):
 par new generation   total 9792K, used 832K [0x00000000e1000000, 0x00000000e1aa0000, 0x00000000eb4a0000)
  eden space 8704K,   0% used [0x00000000e1000000, 0x00000000e1000000, 0x00000000e1880000)
  from space 1088K,  76% used [0x00000000e1990000, 0x00000000e1a60270, 0x00000000e1aa0000)
  to   space 1088K,   0% used [0x00000000e1880000, 0x00000000e1880000, 0x00000000e1990000)
 concurrent mark-sweep generation total 121500K, used 70540K [0x00000000eb4a0000, 0x00000000f2b47000, 0x0000000100000000)
 Metaspace       used 89060K, capacity 93518K, committed 93824K, reserved 1132544K
  class space    used 10734K, capacity 11531K, committed 11648K, reserved 1048576K
}
2019-06-25T17:56:49.050+0000: 380548.062: Application time: 75.3184686 seconds
2019-06-25T17:56:49.076+0000: 380548.088: Application time: 0.0254560 seconds
2019-06-25T17:56:53.773+0000: 380552.785: Application time: 4.6970750 seconds
2019-06-25T17:56:53.773+0000: 380552.786: Application time: 0.0000689 seconds
2019-06-25T17:56:53.774+0000: 380552.786: Application time: 0.0000652 seconds
2019-06-25T17:56:53.774+0000: 380552.786: Application time: 0.0000644 seconds
2019-06-25T17:56:53.774+0000: 380552.787: Application time: 0.0000589 seconds
2019-06-25T17:56:53.774+0000: 380552.787: Application time: 0.0000612 seconds
2019-06-25T17:56:58.485+0000: 380557.497: Application time: 4.7103165 seconds
2019-06-25T17:56:58.485+0000: 380557.498: Application time: 0.0001322 seconds
2019-06-25T17:56:58.486+0000: 380557.498: Application time: 0.0003216 seconds
2019-06-25T17:56:58.486+0000: 380557.498: Application time: 0.0001528 seconds
2019-06-25T17:56:58.487+0000: 380557.499: Application time: 0.0010781 seconds
2019-06-25T17:57:55.496+0000: 380614.508: Application time: 57.0084772 seconds
2019-06-25T17:57:56.446+0000: 380615.459: Application time: 0.9505253 seconds
2019-06-25T17:57:56.447+0000: 380615.459: Application time: 0.0000796 seconds
2019-06-25T17:57:56.448+0000: 380615.460: Application time: 0.0005473 seconds
2019-06-25T17:57:56.448+0000: 380615.461: Application time: 0.0009145 seconds
2019-06-25T17:57:56.449+0000: 380615.461: Application time: 0.0001418 seconds
2019-06-25T17:57:56.449+0000: 380615.462: Application time: 0.0001452 seconds
2019-06-25T17:57:56.452+0000: 380615.464: Application time: 0.0021753 seconds
{Heap before GC invocations=2419 (full 187):
 par new generation   total 9792K, used 9536K [0x00000000e1000000, 0x00000000e1aa0000, 0x00000000eb4a0000)
  eden space 8704K, 100% used [0x00000000e1000000, 0x00000000e1880000, 0x00000000e1880000)
  from space 1088K,  76% used [0x00000000e1990000, 0x00000000e1a60270, 0x00000000e1aa0000)
  to   space 1088K,   0% used [0x00000000e1880000, 0x00000000e1880000, 0x00000000e1990000)
 concurrent mark-sweep generation total 121500K, used 70540K [0x00000000eb4a0000, 0x00000000f2b47000, 0x0000000100000000)
 Metaspace       used 89083K, capacity 93554K, committed 93824K, reserved 1132544K
  class space    used 10737K, capacity 11537K, committed 11648K, reserved 1048576K
2019-06-25T17:57:56.452+0000: 380615.465: [GC (Allocation Failure) 2019-06-25T17:57:56.453+0000: 380615.465: [ParNew: 9536K->865K(9792K), 0.0038122 secs] 80077K->71973K(131292K), 0.0051560 secs] [Times: user=0.01 sys=0.00, real=0.00 secs] 
Heap after GC invocations=2420 (full 187):
 par new generation   total 9792K, used 865K [0x00000000e1000000, 0x00000000e1aa0000, 0x00000000eb4a0000)
  eden space 8704K,   0% used [0x00000000e1000000, 0x00000000e1000000, 0x00000000e1880000)
  from space 1088K,  79% used [0x00000000e1880000, 0x00000000e1958460, 0x00000000e1990000)
  to   space 1088K,   0% used [0x00000000e1990000, 0x00000000e1990000, 0x00000000e1aa0000)
 concurrent mark-sweep generation total 121500K, used 71108K [0x00000000eb4a0000, 0x00000000f2b47000, 0x0000000100000000)
 Metaspace       used 89083K, capacity 93554K, committed 93824K, reserved 1132544K
  class space    used 10737K, capacity 11537K, committed 11648K, reserved 1048576K
}
2019-06-25T17:57:58.488+0000: 380617.501: Application time: 2.0304055 seconds
2019-06-25T17:57:58.489+0000: 380617.501: Application time: 0.0001797 seconds
2019-06-25T17:57:58.489+0000: 380617.502: Application time: 0.0001957 seconds
2019-06-25T17:57:58.490+0000: 380617.502: Application time: 0.0001932 seconds
2019-06-25T17:57:58.490+0000: 380617.503: Application time: 0.0007044 seconds
2019-06-25T17:57:58.491+0000: 380617.503: Application time: 0.0000663 seconds
2019-06-25T17:57:58.491+0000: 380617.503: Application time: 0.0000596 seconds
2019-06-25T17:57:58.491+0000: 380617.503: Application time: 0.0001289 seconds
2019-06-25T17:57:58.491+0000: 380617.503: Application time: 0.0000626 seconds
2019-06-25T17:58:01.451+0000: 380620.464: Application time: 2.9601441 seconds
2019-06-25T17:58:01.480+0000: 380620.493: Application time: 0.0288932 seconds
2019-06-25T17:58:01.761+0000: 380620.773: Application time: 0.2803122 seconds
2019-06-25T17:58:01.761+0000: 380620.774: Application time: 0.0000945 seconds
2019-06-25T17:58:01.763+0000: 380620.775: Application time: 0.0012697 seconds
2019-06-25T18:03:13.980+0000: 380932.993: Application time: 312.2176278 seconds
2019-06-25T18:04:44.045+0000: 381023.057: Application time: 90.0640664 seconds
{Heap before GC invocations=2420 (full 187):
 par new generation   total 9792K, used 9569K [0x00000000e1000000, 0x00000000e1aa0000, 0x00000000eb4a0000)
  eden space 8704K, 100% used [0x00000000e1000000, 0x00000000e1880000, 0x00000000e1880000)
  from space 1088K,  79% used [0x00000000e1880000, 0x00000000e1958460, 0x00000000e1990000)
  to   space 1088K,   0% used [0x00000000e1990000, 0x00000000e1990000, 0x00000000e1aa0000)
 concurrent mark-sweep generation total 121500K, used 71108K [0x00000000eb4a0000, 0x00000000f2b47000, 0x0000000100000000)
 Metaspace       used 89083K, capacity 93554K, committed 93824K, reserved 1132544K
  class space    used 10737K, capacity 11537K, committed 11648K, reserved 1048576K
2019-06-25T18:04:44.052+0000: 381023.064: [GC (Allocation Failure) 2019-06-25T18:04:44.052+0000: 381023.065: [ParNew: 9569K->821K(9792K), 0.0072179 secs] 80677K->72279K(131292K), 0.0080462 secs] [Times: user=0.01 sys=0.00, real=0.01 secs] 
Heap after GC invocations=2421 (full 187):
 par new generation   total 9792K, used 821K [0x00000000e1000000, 0x00000000e1aa0000, 0x00000000eb4a0000)
  eden space 8704K,   0% used [0x00000000e1000000, 0x00000000e1000000, 0x00000000e1880000)
  from space 1088K,  75% used [0x00000000e1990000, 0x00000000e1a5d420, 0x00000000e1aa0000)
  to   space 1088K,   0% used [0x00000000e1880000, 0x00000000e1880000, 0x00000000e1990000)
 concurrent mark-sweep generation total 121500K, used 71458K [0x00000000eb4a0000, 0x00000000f2b47000, 0x0000000100000000)
 Metaspace       used 89083K, capacity 93554K, committed 93824K, reserved 1132544K
  class space    used 10737K, capacity 11537K, committed 11648K, reserved 1048576K
}
2019-06-25T18:12:01.854+0000: 381460.867: Application time: 437.7936155 seconds
{Heap before GC invocations=2421 (full 187):
 par new generation   total 9792K, used 9525K [0x00000000e1000000, 0x00000000e1aa0000, 0x00000000eb4a0000)
  eden space 8704K, 100% used [0x00000000e1000000, 0x00000000e1880000, 0x00000000e1880000)
  from space 1088K,  75% used [0x00000000e1990000, 0x00000000e1a5d420, 0x00000000e1aa0000)
  to   space 1088K,   0% used [0x00000000e1880000, 0x00000000e1880000, 0x00000000e1990000)
 concurrent mark-sweep generation total 121500K, used 71458K [0x00000000eb4a0000, 0x00000000f2b47000, 0x0000000100000000)
 Metaspace       used 89083K, capacity 93554K, committed 93824K, reserved 1132544K
  class space    used 10737K, capacity 11537K, committed 11648K, reserved 1048576K
2019-06-25T18:12:01.855+0000: 381460.867: [GC (Allocation Failure) 2019-06-25T18:12:01.856+0000: 381460.868: [ParNew: 9525K->680K(9792K), 0.0033194 secs] 80983K->72138K(131292K), 0.0043080 secs] [Times: user=0.01 sys=0.00, real=0.01 secs] 
Heap after GC invocations=2422 (full 187):
 par new generation   total 9792K, used 680K [0x00000000e1000000, 0x00000000e1aa0000, 0x00000000eb4a0000)
  eden space 8704K,   0% used [0x00000000e1000000, 0x00000000e1000000, 0x00000000e1880000)
  from space 1088K,  62% used [0x00000000e1880000, 0x00000000e192a0d8, 0x00000000e1990000)
  to   space 1088K,   0% used [0x00000000e1990000, 0x00000000e1990000, 0x00000000e1aa0000)
 concurrent mark-sweep generation total 121500K, used 71458K [0x00000000eb4a0000, 0x00000000f2b47000, 0x0000000100000000)
 Metaspace       used 89083K, capacity 93554K, committed 93824K, reserved 1132544K
  class space    used 10737K, capacity 11537K, committed 11648K, reserved 1048576K
}
2019-06-25T18:15:44.430+0000: 381683.443: Application time: 222.5701846 seconds
2019-06-25T18:15:44.431+0000: 381683.443: Application time: 0.0000700 seconds
2019-06-25T18:15:44.431+0000: 381683.444: Application time: 0.0000691 seconds
2019-06-25T18:15:44.431+0000: 381683.444: Application time: 0.0000614 seconds
2019-06-25T18:15:44.432+0000: 381683.445: Application time: 0.0000736 seconds
2019-06-25T18:15:44.432+0000: 381683.445: Application time: 0.0000641 seconds
2019-06-25T18:15:44.433+0000: 381683.445: Application time: 0.0001372 seconds
2019-06-25T18:15:44.433+0000: 381683.445: Application time: 0.0001007 seconds
2019-06-25T18:15:45.388+0000: 381684.400: Application time: 0.9545394 seconds
2019-06-25T18:15:45.413+0000: 381684.425: Application time: 0.0253564 seconds
2019-06-25T18:15:54.439+0000: 381693.451: Application time: 9.0253364 seconds
2019-06-25T18:15:54.439+0000: 381693.451: Application time: 0.0001737 seconds
2019-06-25T18:15:54.439+0000: 381693.452: Application time: 0.0001684 seconds
2019-06-25T18:15:54.441+0000: 381693.454: Application time: 0.0016447 seconds
2019-06-25T18:17:31.893+0000: 381790.906: Application time: 97.4518174 seconds
{Heap before GC invocations=2422 (full 187):
 par new generation   total 9792K, used 9384K [0x00000000e1000000, 0x00000000e1aa0000, 0x00000000eb4a0000)
  eden space 8704K, 100% used [0x00000000e1000000, 0x00000000e1880000, 0x00000000e1880000)
  from space 1088K,  62% used [0x00000000e1880000, 0x00000000e192a0d8, 0x00000000e1990000)
  to   space 1088K,   0% used [0x00000000e1990000, 0x00000000e1990000, 0x00000000e1aa0000)
 concurrent mark-sweep generation total 121500K, used 71458K [0x00000000eb4a0000, 0x00000000f2b47000, 0x0000000100000000)
 Metaspace       used 89084K, capacity 93554K, committed 93824K, reserved 1132544K
  class space    used 10737K, capacity 11537K, committed 11648K, reserved 1048576K
2019-06-25T18:17:31.894+0000: 381790.906: [GC (Allocation Failure) 2019-06-25T18:17:31.894+0000: 381790.907: [ParNew: 9384K->710K(9792K), 0.0034715 secs] 80842K->72404K(131292K), 0.0042983 secs] [Times: user=0.01 sys=0.00, real=0.01 secs] 
Heap after GC invocations=2423 (full 187):
 par new generation   total 9792K, used 710K [0x00000000e1000000, 0x00000000e1aa0000, 0x00000000eb4a0000)
  eden space 8704K,   0% used [0x00000000e1000000, 0x00000000e1000000, 0x00000000e1880000)
  from space 1088K,  65% used [0x00000000e1990000, 0x00000000e1a41af0, 0x00000000e1aa0000)
  to   space 1088K,   0% used [0x00000000e1880000, 0x00000000e1880000, 0x00000000e1990000)
 concurrent mark-sweep generation total 121500K, used 71693K [0x00000000eb4a0000, 0x00000000f2b47000, 0x0000000100000000)
 Metaspace       used 89084K, capacity 93554K, committed 93824K, reserved 1132544K
  class space    used 10737K, capacity 11537K, committed 11648K, reserved 1048576K
}
2019-06-25T18:19:24.553+0000: 381903.566: Application time: 112.6546792 seconds
2019-06-25T18:19:24.554+0000: 381903.566: Application time: 0.0000720 seconds
2019-06-25T18:19:24.554+0000: 381903.567: Application time: 0.0000611 seconds
2019-06-25T18:19:24.555+0000: 381903.567: Application time: 0.0000607 seconds
2019-06-25T18:19:24.555+0000: 381903.568: Application time: 0.0000809 seconds
2019-06-25T18:19:24.556+0000: 381903.568: Application time: 0.0002017 seconds
2019-06-25T18:19:24.556+0000: 381903.568: Application time: 0.0001087 seconds
2019-06-25T18:19:25.426+0000: 381904.438: Application time: 0.8695598 seconds
2019-06-25T18:19:27.876+0000: 381906.889: Application time: 2.4503558 seconds
2019-06-25T18:19:27.901+0000: 381906.913: Application time: 0.0243612 seconds
2019-06-25T18:19:31.912+0000: 381910.925: Application time: 4.0110625 seconds
2019-06-25T18:19:31.913+0000: 381910.925: Application time: 0.0001406 seconds
2019-06-25T18:19:31.913+0000: 381910.925: Application time: 0.0001357 seconds
2019-06-25T18:19:31.913+0000: 381910.925: Application time: 0.0001408 seconds
2019-06-25T18:19:31.913+0000: 381910.926: Application time: 0.0001343 seconds
2019-06-25T18:19:31.914+0000: 381910.926: Application time: 0.0001342 seconds
2019-06-25T18:19:31.914+0000: 381910.926: Application time: 0.0001564 seconds
2019-06-25T18:19:31.915+0000: 381910.928: Application time: 0.0017726 seconds
2019-06-25T18:19:54.571+0000: 381933.583: Application time: 22.6546650 seconds
2019-06-25T18:21:23.087+0000: 382022.099: Application time: 88.5158900 seconds
{Heap before GC invocations=2423 (full 187):
 par new generation   total 9792K, used 9414K [0x00000000e1000000, 0x00000000e1aa0000, 0x00000000eb4a0000)
  eden space 8704K, 100% used [0x00000000e1000000, 0x00000000e1880000, 0x00000000e1880000)
  from space 1088K,  65% used [0x00000000e1990000, 0x00000000e1a41af0, 0x00000000e1aa0000)
  to   space 1088K,   0% used [0x00000000e1880000, 0x00000000e1880000, 0x00000000e1990000)
 concurrent mark-sweep generation total 121500K, used 71693K [0x00000000eb4a0000, 0x00000000f2b47000, 0x0000000100000000)
 Metaspace       used 89084K, capacity 93554K, committed 93824K, reserved 1132544K
  class space    used 10737K, capacity 11537K, committed 11648K, reserved 1048576K
2019-06-25T18:21:23.122+0000: 382022.134: [GC (Allocation Failure) 2019-06-25T18:21:23.122+0000: 382022.135: [ParNew: 9414K->923K(9792K), 0.0035353 secs] 81108K->72616K(131292K), 0.0046452 secs] [Times: user=0.00 sys=0.00, real=0.00 secs] 
Heap after GC invocations=2424 (full 187):
 par new generation   total 9792K, used 923K [0x00000000e1000000, 0x00000000e1aa0000, 0x00000000eb4a0000)
  eden space 8704K,   0% used [0x00000000e1000000, 0x00000000e1000000, 0x00000000e1880000)
  from space 1088K,  84% used [0x00000000e1880000, 0x00000000e1966c48, 0x00000000e1990000)
  to   space 1088K,   0% used [0x00000000e1990000, 0x00000000e1990000, 0x00000000e1aa0000)
 concurrent mark-sweep generation total 121500K, used 71693K [0x00000000eb4a0000, 0x00000000f2b47000, 0x0000000100000000)
 Metaspace       used 89084K, capacity 93554K, committed 93824K, reserved 1132544K
  class space    used 10737K, capacity 11537K, committed 11648K, reserved 1048576K
}
2019-06-25T18:21:24.620+0000: 382023.632: Application time: 1.4930101 seconds
2019-06-25T18:21:24.620+0000: 382023.632: Application time: 0.0000686 seconds
2019-06-25T18:21:24.620+0000: 382023.633: Application time: 0.0001432 seconds
2019-06-25T18:21:24.621+0000: 382023.633: Application time: 0.0001095 seconds
2019-06-25T18:21:28.065+0000: 382027.078: Application time: 3.4448816 seconds
2019-06-25T18:21:28.131+0000: 382027.143: Application time: 0.0646513 seconds
2019-06-25T18:21:31.927+0000: 382030.939: Application time: 3.7959358 seconds
2019-06-25T18:21:31.927+0000: 382030.939: Application time: 0.0000699 seconds
2019-06-25T18:21:31.927+0000: 382030.939: Application time: 0.0000584 seconds
2019-06-25T18:21:31.927+0000: 382030.940: Application time: 0.0000650 seconds
2019-06-25T18:21:31.927+0000: 382030.940: Application time: 0.0000584 seconds
2019-06-25T18:21:31.928+0000: 382030.940: Application time: 0.0000612 seconds
2019-06-25T18:21:31.929+0000: 382030.942: Application time: 0.0015184 seconds
2019-06-25T18:21:41.940+0000: 382040.952: Application time: 10.0105953 seconds
2019-06-25T18:21:41.964+0000: 382040.976: Application time: 0.0232941 seconds
2019-06-25T18:21:44.632+0000: 382043.644: Application time: 2.6682737 seconds
2019-06-25T18:21:44.632+0000: 382043.645: Application time: 0.0000697 seconds
2019-06-25T18:21:44.633+0000: 382043.645: Application time: 0.0006299 seconds
2019-06-25T18:21:44.633+0000: 382043.646: Application time: 0.0001414 seconds
2019-06-25T18:21:54.639+0000: 382053.652: Application time: 10.0056368 seconds
2019-06-25T18:21:54.640+0000: 382053.652: Application time: 0.0000678 seconds
2019-06-25T18:21:54.640+0000: 382053.652: Application time: 0.0000580 seconds
2019-06-25T18:21:54.640+0000: 382053.652: Application time: 0.0000623 seconds
2019-06-25T18:21:54.640+0000: 382053.652: Application time: 0.0000568 seconds
2019-06-25T18:21:54.640+0000: 382053.653: Application time: 0.0000631 seconds
2019-06-25T18:21:54.642+0000: 382053.654: Application time: 0.0012581 seconds
2019-06-25T18:22:24.657+0000: 382083.670: Application time: 30.0155291 seconds
2019-06-25T18:22:24.658+0000: 382083.670: Application time: 0.0000673 seconds
2019-06-25T18:22:24.658+0000: 382083.670: Application time: 0.0001527 seconds
2019-06-25T18:22:24.658+0000: 382083.670: Application time: 0.0001795 seconds
2019-06-25T18:22:26.718+0000: 382085.731: Application time: 2.0599835 seconds
2019-06-25T18:22:26.742+0000: 382085.754: Application time: 0.0229488 seconds
2019-06-25T18:22:31.935+0000: 382090.947: Application time: 5.1929499 seconds
2019-06-25T18:22:31.935+0000: 382090.948: Application time: 0.0001309 seconds
2019-06-25T18:22:31.936+0000: 382090.948: Application time: 0.0001124 seconds
2019-06-25T18:22:31.936+0000: 382090.948: Application time: 0.0001156 seconds
2019-06-25T18:22:31.936+0000: 382090.948: Application time: 0.0001304 seconds
2019-06-25T18:22:31.936+0000: 382090.949: Application time: 0.0001316 seconds
2019-06-25T18:22:31.938+0000: 382090.950: Application time: 0.0012963 seconds
2019-06-25T18:23:13.212+0000: 382132.224: Application time: 41.2739036 seconds
{Heap before GC invocations=2424 (full 187):
 par new generation   total 9792K, used 9627K [0x00000000e1000000, 0x00000000e1aa0000, 0x00000000eb4a0000)
  eden space 8704K, 100% used [0x00000000e1000000, 0x00000000e1880000, 0x00000000e1880000)
  from space 1088K,  84% used [0x00000000e1880000, 0x00000000e1966c48, 0x00000000e1990000)
  to   space 1088K,   0% used [0x00000000e1990000, 0x00000000e1990000, 0x00000000e1aa0000)
 concurrent mark-sweep generation total 121500K, used 71693K [0x00000000eb4a0000, 0x00000000f2b47000, 0x0000000100000000)
 Metaspace       used 89121K, capacity 93614K, committed 93824K, reserved 1132544K
  class space    used 10743K, capacity 11547K, committed 11648K, reserved 1048576K
2019-06-25T18:23:13.220+0000: 382132.232: [GC (Allocation Failure) 2019-06-25T18:23:13.220+0000: 382132.232: [ParNew: 9627K->1025K(9792K), 0.0074630 secs] 81320K->73102K(131292K), 0.0083703 secs] [Times: user=0.01 sys=0.00, real=0.01 secs] 
Heap after GC invocations=2425 (full 187):
 par new generation   total 9792K, used 1025K [0x00000000e1000000, 0x00000000e1aa0000, 0x00000000eb4a0000)
  eden space 8704K,   0% used [0x00000000e1000000, 0x00000000e1000000, 0x00000000e1880000)
  from space 1088K,  94% used [0x00000000e1990000, 0x00000000e1a90638, 0x00000000e1aa0000)
  to   space 1088K,   0% used [0x00000000e1880000, 0x00000000e1880000, 0x00000000e1990000)
 concurrent mark-sweep generation total 121500K, used 72076K [0x00000000eb4a0000, 0x00000000f2b47000, 0x0000000100000000)
 Metaspace       used 89121K, capacity 93614K, committed 93824K, reserved 1132544K
  class space    used 10743K, capacity 11547K, committed 11648K, reserved 1048576K
}
2019-06-25T18:23:14.687+0000: 382133.699: Application time: 1.4579691 seconds
2019-06-25T18:23:14.687+0000: 382133.700: Application time: 0.0000702 seconds
2019-06-25T18:23:14.688+0000: 382133.700: Application time: 0.0001421 seconds
2019-06-25T18:23:14.688+0000: 382133.700: Application time: 0.0001050 seconds
2019-06-25T18:23:18.174+0000: 382137.187: Application time: 3.4796907 seconds
2019-06-25T18:23:18.234+0000: 382137.246: Application time: 0.0591675 seconds
2019-06-25T18:23:24.701+0000: 382143.713: Application time: 6.4667423 seconds
2019-06-25T18:23:24.701+0000: 382143.713: Application time: 0.0000731 seconds
2019-06-25T18:23:24.701+0000: 382143.713: Application time: 0.0000597 seconds
2019-06-25T18:23:24.701+0000: 382143.714: Application time: 0.0000602 seconds
2019-06-25T18:23:24.701+0000: 382143.714: Application time: 0.0000558 seconds
2019-06-25T18:23:24.702+0000: 382143.714: Application time: 0.0000785 seconds
2019-06-25T18:23:24.703+0000: 382143.716: Application time: 0.0013868 seconds
2019-06-25T18:24:20.421+0000: 382199.433: Application time: 55.7173533 seconds
2019-06-25T18:24:20.446+0000: 382199.458: Application time: 0.0248296 seconds
2019-06-25T18:24:24.735+0000: 382203.748: Application time: 4.2891987 seconds
2019-06-25T18:24:24.736+0000: 382203.748: Application time: 0.0000740 seconds
2019-06-25T18:24:24.736+0000: 382203.749: Application time: 0.0006205 seconds
2019-06-25T18:24:24.737+0000: 382203.749: Application time: 0.0001522 seconds
2019-06-25T18:24:31.950+0000: 382210.963: Application time: 7.2137559 seconds
2019-06-25T18:24:31.951+0000: 382210.963: Application time: 0.0000851 seconds
2019-06-25T18:24:31.951+0000: 382210.963: Application time: 0.0000578 seconds
2019-06-25T18:24:31.951+0000: 382210.964: Application time: 0.0000642 seconds
2019-06-25T18:24:31.951+0000: 382210.964: Application time: 0.0000661 seconds
2019-06-25T18:24:31.952+0000: 382210.964: Application time: 0.0000789 seconds
2019-06-25T18:24:31.953+0000: 382210.966: Application time: 0.0016678 seconds
2019-06-25T18:26:13.980+0000: 382312.992: Application time: 102.0261172 seconds
2019-06-25T18:26:14.005+0000: 382313.018: Application time: 0.0253334 seconds
2019-06-25T18:26:14.796+0000: 382313.809: Application time: 0.7908473 seconds
2019-06-25T18:26:14.797+0000: 382313.809: Application time: 0.0001434 seconds
2019-06-25T18:26:14.797+0000: 382313.810: Application time: 0.0009240 seconds
2019-06-25T18:26:14.798+0000: 382313.811: Application time: 0.0002084 seconds
2019-06-25T18:26:24.804+0000: 382323.817: Application time: 10.0060068 seconds
2019-06-25T18:26:24.805+0000: 382323.817: Application time: 0.0001708 seconds
2019-06-25T18:26:24.805+0000: 382323.818: Application time: 0.0001635 seconds
2019-06-25T18:26:24.806+0000: 382323.818: Application time: 0.0002160 seconds
2019-06-25T18:26:24.806+0000: 382323.818: Application time: 0.0001156 seconds
2019-06-25T18:26:24.806+0000: 382323.818: Application time: 0.0001244 seconds
2019-06-25T18:26:24.808+0000: 382323.820: Application time: 0.0013681 seconds
2019-06-25T18:26:54.831+0000: 382353.843: Application time: 30.0231968 seconds
{Heap before GC invocations=2425 (full 187):
 par new generation   total 9792K, used 9729K [0x00000000e1000000, 0x00000000e1aa0000, 0x00000000eb4a0000)
  eden space 8704K, 100% used [0x00000000e1000000, 0x00000000e1880000, 0x00000000e1880000)
  from space 1088K,  94% used [0x00000000e1990000, 0x00000000e1a90638, 0x00000000e1aa0000)
  to   space 1088K,   0% used [0x00000000e1880000, 0x00000000e1880000, 0x00000000e1990000)
 concurrent mark-sweep generation total 121500K, used 72076K [0x00000000eb4a0000, 0x00000000f2b47000, 0x0000000100000000)
 Metaspace       used 89125K, capacity 93620K, committed 93824K, reserved 1132544K
  class space    used 10743K, capacity 11548K, committed 11648K, reserved 1048576K
2019-06-25T18:26:54.832+0000: 382353.844: [GC (Allocation Failure) 2019-06-25T18:26:54.832+0000: 382353.844: [ParNew: 9729K->838K(9792K), 0.0038828 secs] 81806K->73191K(131292K), 0.0046010 secs] [Times: user=0.01 sys=0.00, real=0.00 secs] 
Heap after GC invocations=2426 (full 187):
 par new generation   total 9792K, used 838K [0x00000000e1000000, 0x00000000e1aa0000, 0x00000000eb4a0000)
  eden space 8704K,   0% used [0x00000000e1000000, 0x00000000e1000000, 0x00000000e1880000)
  from space 1088K,  77% used [0x00000000e1880000, 0x00000000e1951b70, 0x00000000e1990000)
  to   space 1088K,   0% used [0x00000000e1990000, 0x00000000e1990000, 0x00000000e1aa0000)
 concurrent mark-sweep generation total 121500K, used 72352K [0x00000000eb4a0000, 0x00000000f2b47000, 0x0000000100000000)
 Metaspace       used 89125K, capacity 93620K, committed 93824K, reserved 1132544K
  class space    used 10743K, capacity 11548K, committed 11648K, reserved 1048576K
}
2019-06-25T18:27:20.796+0000: 382379.808: Application time: 25.9584546 seconds
2019-06-25T18:27:25.797+0000: 382384.809: Application time: 5.0006554 seconds
2019-06-25T18:27:25.820+0000: 382384.832: Application time: 0.0232391 seconds
2019-06-25T18:27:43.180+0000: 382402.192: Application time: 17.3597060 seconds
2019-06-25T18:27:43.204+0000: 382402.216: Application time: 0.0231555 seconds
2019-06-25T18:27:44.863+0000: 382403.875: Application time: 1.6584571 seconds
2019-06-25T18:27:44.863+0000: 382403.875: Application time: 0.0000749 seconds
2019-06-25T18:27:44.863+0000: 382403.875: Application time: 0.0000618 seconds
2019-06-25T18:27:44.863+0000: 382403.876: Application time: 0.0001628 seconds
2019-06-25T18:27:44.863+0000: 382403.876: Application time: 0.0001132 seconds
2019-06-25T18:27:54.869+0000: 382413.881: Application time: 10.0052846 seconds
2019-06-25T18:27:54.869+0000: 382413.882: Application time: 0.0000694 seconds
2019-06-25T18:27:54.869+0000: 382413.882: Application time: 0.0000637 seconds
2019-06-25T18:27:54.870+0000: 382413.882: Application time: 0.0000606 seconds
2019-06-25T18:27:54.870+0000: 382413.882: Application time: 0.0000643 seconds
2019-06-25T18:27:54.871+0000: 382413.884: Application time: 0.0013252 seconds
2019-06-25T18:30:31.992+0000: 382571.005: Application time: 157.1208448 seconds
{Heap before GC invocations=2426 (full 187):
 par new generation   total 9792K, used 9542K [0x00000000e1000000, 0x00000000e1aa0000, 0x00000000eb4a0000)
  eden space 8704K, 100% used [0x00000000e1000000, 0x00000000e1880000, 0x00000000e1880000)
  from space 1088K,  77% used [0x00000000e1880000, 0x00000000e1951b70, 0x00000000e1990000)
  to   space 1088K,   0% used [0x00000000e1990000, 0x00000000e1990000, 0x00000000e1aa0000)
 concurrent mark-sweep generation total 121500K, used 72352K [0x00000000eb4a0000, 0x00000000f2b47000, 0x0000000100000000)
 Metaspace       used 89125K, capacity 93620K, committed 93824K, reserved 1132544K
  class space    used 10743K, capacity 11548K, committed 11648K, reserved 1048576K
2019-06-25T18:30:31.993+0000: 382571.005: [GC (Allocation Failure) 2019-06-25T18:30:31.994+0000: 382571.006: [ParNew: 9542K->805K(9792K), 0.0039023 secs] 81895K->73499K(131292K), 0.0050693 secs] [Times: user=0.00 sys=0.00, real=0.01 secs] 
Heap after GC invocations=2427 (full 187):
 par new generation   total 9792K, used 805K [0x00000000e1000000, 0x00000000e1aa0000, 0x00000000eb4a0000)
  eden space 8704K,   0% used [0x00000000e1000000, 0x00000000e1000000, 0x00000000e1880000)
  from space 1088K,  74% used [0x00000000e1990000, 0x00000000e1a596f8, 0x00000000e1aa0000)
  to   space 1088K,   0% used [0x00000000e1880000, 0x00000000e1880000, 0x00000000e1990000)
 concurrent mark-sweep generation total 121500K, used 72693K [0x00000000eb4a0000, 0x00000000f2b47000, 0x0000000100000000)
 Metaspace       used 89125K, capacity 93620K, committed 93824K, reserved 1132544K
  class space    used 10743K, capacity 11548K, committed 11648K, reserved 1048576K
}
2019-06-25T18:34:55.506+0000: 382834.518: Application time: 263.5071002 seconds
2019-06-25T18:34:55.506+0000: 382834.519: Application time: 0.0000642 seconds
2019-06-25T18:34:55.507+0000: 382834.519: Application time: 0.0000570 seconds
2019-06-25T18:34:55.507+0000: 382834.519: Application time: 0.0000562 seconds
2019-06-25T18:34:55.508+0000: 382834.520: Application time: 0.0000587 seconds
2019-06-25T18:34:55.508+0000: 382834.520: Application time: 0.0000519 seconds
2019-06-25T18:34:55.508+0000: 382834.520: Application time: 0.0000506 seconds
2019-06-25T18:34:55.508+0000: 382834.520: Application time: 0.0000512 seconds
2019-06-25T18:34:55.508+0000: 382834.521: Application time: 0.0000557 seconds
2019-06-25T18:34:55.508+0000: 382834.521: Application time: 0.0000546 seconds
2019-06-25T18:36:35.163+0000: 382934.175: Application time: 99.6546002 seconds
2019-06-25T18:36:45.169+0000: 382944.181: Application time: 10.0054273 seconds
2019-06-25T18:37:45.206+0000: 383004.218: Application time: 60.0368128 seconds
{Heap before GC invocations=2427 (full 187):
 par new generation   total 9792K, used 9509K [0x00000000e1000000, 0x00000000e1aa0000, 0x00000000eb4a0000)
  eden space 8704K, 100% used [0x00000000e1000000, 0x00000000e1880000, 0x00000000e1880000)
  from space 1088K,  74% used [0x00000000e1990000, 0x00000000e1a596f8, 0x00000000e1aa0000)
  to   space 1088K,   0% used [0x00000000e1880000, 0x00000000e1880000, 0x00000000e1990000)
 concurrent mark-sweep generation total 121500K, used 72693K [0x00000000eb4a0000, 0x00000000f2b47000, 0x0000000100000000)
 Metaspace       used 89125K, capacity 93620K, committed 93824K, reserved 1132544K
  class space    used 10743K, capacity 11548K, committed 11648K, reserved 1048576K
2019-06-25T18:37:45.207+0000: 383004.219: [GC (Allocation Failure) 2019-06-25T18:37:45.207+0000: 383004.219: [ParNew: 9509K->763K(9792K), 0.0034482 secs] 82203K->73755K(131292K), 0.0042415 secs] [Times: user=0.00 sys=0.00, real=0.01 secs] 
Heap after GC invocations=2428 (full 187):
 par new generation   total 9792K, used 763K [0x00000000e1000000, 0x00000000e1aa0000, 0x00000000eb4a0000)
  eden space 8704K,   0% used [0x00000000e1000000, 0x00000000e1000000, 0x00000000e1880000)
  from space 1088K,  70% used [0x00000000e1880000, 0x00000000e193ef30, 0x00000000e1990000)
  to   space 1088K,   0% used [0x00000000e1990000, 0x00000000e1990000, 0x00000000e1aa0000)
 concurrent mark-sweep generation total 121500K, used 72991K [0x00000000eb4a0000, 0x00000000f2b47000, 0x0000000100000000)
 Metaspace       used 89125K, capacity 93620K, committed 93824K, reserved 1132544K
  class space    used 10743K, capacity 11548K, committed 11648K, reserved 1048576K
}
2019-06-25T18:37:45.212+0000: 383004.224: Application time: 0.0000861 seconds
2019-06-25T18:37:45.212+0000: 383004.224: [GC (CMS Initial Mark) [1 CMS-initial-mark: 72991K(121500K)] 73757K(131292K), 0.0028868 secs] [Times: user=0.01 sys=0.00, real=0.00 secs] 
2019-06-25T18:37:45.216+0000: 383004.228: [CMS-concurrent-mark-start]
2019-06-25T18:37:45.349+0000: 383004.361: [CMS-concurrent-mark: 0.133/0.133 secs] [Times: user=0.13 sys=0.00, real=0.14 secs] 
2019-06-25T18:37:45.349+0000: 383004.361: [CMS-concurrent-preclean-start]
2019-06-25T18:37:45.351+0000: 383004.363: [CMS-concurrent-preclean: 0.002/0.002 secs] [Times: user=0.00 sys=0.00, real=0.00 secs] 
2019-06-25T18:37:45.351+0000: 383004.363: Application time: 0.1355284 seconds
2019-06-25T18:37:45.351+0000: 383004.364: [GC (CMS Final Remark) [YG occupancy: 798 K (9792 K)]2019-06-25T18:37:45.352+0000: 383004.364: [Rescan (parallel) , 0.0080584 secs]2019-06-25T18:37:45.360+0000: 383004.372: [weak refs processing, 0.0022660 secs]2019-06-25T18:37:45.363+0000: 383004.375: [class unloading, 0.0327643 secs]2019-06-25T18:37:45.396+0000: 383004.408: [scrub symbol table, 0.0232198 secs]2019-06-25T18:37:45.419+0000: 383004.432: [scrub string table, 0.0018016 secs][1 CMS-remark: 72991K(121500K)] 73790K(131292K), 0.0843425 secs] [Times: user=0.09 sys=0.00, real=0.08 secs] 
2019-06-25T18:37:45.436+0000: 383004.449: [CMS-concurrent-sweep-start]
2019-06-25T18:37:45.437+0000: 383004.449: Application time: 0.0003479 seconds
2019-06-25T18:37:45.468+0000: 383004.481: [CMS-concurrent-sweep: 0.032/0.032 secs] [Times: user=0.04 sys=0.00, real=0.04 secs] 
2019-06-25T18:37:45.469+0000: 383004.481: [CMS-concurrent-reset-start]
2019-06-25T18:37:45.469+0000: 383004.482: [CMS-concurrent-reset: 0.000/0.000 secs] [Times: user=0.00 sys=0.00, real=0.00 secs] 
2019-06-25T18:37:46.437+0000: 383005.449: Application time: 1.0002160 seconds
2019-06-25T18:37:55.439+0000: 383014.451: Application time: 9.0014149 seconds
2019-06-25T18:37:56.439+0000: 383015.451: Application time: 1.0001690 seconds
2019-06-25T18:37:59.440+0000: 383018.452: Application time: 3.0005176 seconds
2019-06-25T18:38:00.440+0000: 383019.452: Application time: 1.0002591 seconds
2019-06-25T18:38:45.448+0000: 383064.460: Application time: 45.0073955 seconds
2019-06-25T18:39:00.450+0000: 383079.462: Application time: 15.0022541 seconds
2019-06-25T18:39:55.458+0000: 383134.470: Application time: 55.0071627 seconds
2019-06-25T18:44:25.563+0000: 383404.576: Application time: 270.1056696 seconds
2019-06-25T18:44:45.442+0000: 383424.454: Application time: 19.8784646 seconds
{Heap before GC invocations=2428 (full 188):
 par new generation   total 9792K, used 9467K [0x00000000e1000000, 0x00000000e1aa0000, 0x00000000eb4a0000)
  eden space 8704K, 100% used [0x00000000e1000000, 0x00000000e1880000, 0x00000000e1880000)
  from space 1088K,  70% used [0x00000000e1880000, 0x00000000e193ef30, 0x00000000e1990000)
  to   space 1088K,   0% used [0x00000000e1990000, 0x00000000e1990000, 0x00000000e1aa0000)
 concurrent mark-sweep generation total 121500K, used 69679K [0x00000000eb4a0000, 0x00000000f2b47000, 0x0000000100000000)
 Metaspace       used 89054K, capacity 93506K, committed 93824K, reserved 1132544K
  class space    used 10733K, capacity 11529K, committed 11648K, reserved 1048576K
2019-06-25T18:44:45.443+0000: 383424.455: [GC (Allocation Failure) 2019-06-25T18:44:45.443+0000: 383424.455: [ParNew: 9467K->953K(9792K), 0.0086299 secs] 79147K->70633K(131292K), 0.0098376 secs] [Times: user=0.01 sys=0.00, real=0.01 secs] 
Heap after GC invocations=2429 (full 188):
 par new generation   total 9792K, used 953K [0x00000000e1000000, 0x00000000e1aa0000, 0x00000000eb4a0000)
  eden space 8704K,   0% used [0x00000000e1000000, 0x00000000e1000000, 0x00000000e1880000)
  from space 1088K,  87% used [0x00000000e1990000, 0x00000000e1a7e680, 0x00000000e1aa0000)
  to   space 1088K,   0% used [0x00000000e1880000, 0x00000000e1880000, 0x00000000e1990000)
 concurrent mark-sweep generation total 121500K, used 69679K [0x00000000eb4a0000, 0x00000000f2b47000, 0x0000000100000000)
 Metaspace       used 89054K, capacity 93506K, committed 93824K, reserved 1132544K
  class space    used 10733K, capacity 11529K, committed 11648K, reserved 1048576K
}
2019-06-25T18:45:09.458+0000: 383448.470: Application time: 24.0032659 seconds
2019-06-25T18:45:14.076+0000: 383453.088: Application time: 4.6177402 seconds
2019-06-25T18:45:14.101+0000: 383453.114: Application time: 0.0252026 seconds
2019-06-25T18:45:15.469+0000: 383454.481: Application time: 1.3669440 seconds
2019-06-25T18:45:15.469+0000: 383454.482: Application time: 0.0000708 seconds
2019-06-25T18:45:15.470+0000: 383454.482: Application time: 0.0000632 seconds
2019-06-25T18:45:15.470+0000: 383454.482: Application time: 0.0000589 seconds
2019-06-25T18:45:15.470+0000: 383454.482: Application time: 0.0001402 seconds
2019-06-25T18:45:15.470+0000: 383454.483: Application time: 0.0001104 seconds
2019-06-25T18:45:25.476+0000: 383464.488: Application time: 10.0053046 seconds
2019-06-25T18:45:25.476+0000: 383464.488: Application time: 0.0000740 seconds
2019-06-25T18:45:25.476+0000: 383464.488: Application time: 0.0000605 seconds
2019-06-25T18:45:25.476+0000: 383464.489: Application time: 0.0000618 seconds
2019-06-25T18:45:25.478+0000: 383464.490: Application time: 0.0013749 seconds
2019-06-25T18:46:26.486+0000: 383525.499: Application time: 61.0084930 seconds
2019-06-25T18:48:59.679+0000: 383678.691: Application time: 153.1920446 seconds
{Heap before GC invocations=2429 (full 188):
 par new generation   total 9792K, used 9464K [0x00000000e1000000, 0x00000000e1aa0000, 0x00000000eb4a0000)
  eden space 8704K,  97% used [0x00000000e1000000, 0x00000000e184fc28, 0x00000000e1880000)
  from space 1088K,  87% used [0x00000000e1990000, 0x00000000e1a7e680, 0x00000000e1aa0000)
  to   space 1088K,   0% used [0x00000000e1880000, 0x00000000e1880000, 0x00000000e1990000)
 concurrent mark-sweep generation total 121500K, used 69679K [0x00000000eb4a0000, 0x00000000f2b47000, 0x0000000100000000)
 Metaspace       used 89054K, capacity 93506K, committed 93824K, reserved 1132544K
  class space    used 10733K, capacity 11529K, committed 11648K, reserved 1048576K
2019-06-25T18:48:59.679+0000: 383678.692: [GC (Allocation Failure) 2019-06-25T18:48:59.679+0000: 383678.692: [ParNew: 9464K->903K(9792K), 0.0040507 secs] 79144K->70783K(131292K), 0.0125958 secs] [Times: user=0.00 sys=0.01, real=0.01 secs] 
Heap after GC invocations=2430 (full 188):
 par new generation   total 9792K, used 903K [0x00000000e1000000, 0x00000000e1aa0000, 0x00000000eb4a0000)
  eden space 8704K,   0% used [0x00000000e1000000, 0x00000000e1000000, 0x00000000e1880000)
  from space 1088K,  83% used [0x00000000e1880000, 0x00000000e1961fa0, 0x00000000e1990000)
  to   space 1088K,   0% used [0x00000000e1990000, 0x00000000e1990000, 0x00000000e1aa0000)
 concurrent mark-sweep generation total 121500K, used 69879K [0x00000000eb4a0000, 0x00000000f2b47000, 0x0000000100000000)
 Metaspace       used 89054K, capacity 93506K, committed 93824K, reserved 1132544K
  class space    used 10733K, capacity 11529K, committed 11648K, reserved 1048576K
}
2019-06-25T18:49:00.693+0000: 383679.705: Application time: 1.0003241 seconds
2019-06-25T18:49:02.118+0000: 383681.131: Application time: 1.4252968 seconds
2019-06-25T18:49:02.119+0000: 383681.131: Application time: 0.0000699 seconds
2019-06-25T18:49:02.119+0000: 383681.131: Application time: 0.0000590 seconds
2019-06-25T18:49:02.119+0000: 383681.132: Application time: 0.0005147 seconds
2019-06-25T18:49:02.120+0000: 383681.132: Application time: 0.0000729 seconds
2019-06-25T18:49:02.120+0000: 383681.132: Application time: 0.0000638 seconds
2019-06-25T18:49:02.120+0000: 383681.132: Application time: 0.0000550 seconds
2019-06-25T18:49:02.120+0000: 383681.133: Application time: 0.0000600 seconds
2019-06-25T18:49:02.121+0000: 383681.133: Application time: 0.0001417 seconds
2019-06-25T18:49:02.121+0000: 383681.133: Application time: 0.0001394 seconds
2019-06-25T18:49:04.676+0000: 383683.688: Application time: 2.5544273 seconds
2019-06-25T18:49:04.715+0000: 383683.727: Application time: 0.0387256 seconds
2019-06-25T18:49:05.599+0000: 383684.611: Application time: 0.8837795 seconds
2019-06-25T18:49:05.599+0000: 383684.611: Application time: 0.0001811 seconds
2019-06-25T18:49:05.599+0000: 383684.612: Application time: 0.0001531 seconds
2019-06-25T18:49:05.600+0000: 383684.613: Application time: 0.0011430 seconds
2019-06-25T18:49:15.607+0000: 383694.619: Application time: 10.0061225 seconds
2019-06-25T18:50:44.159+0000: 383783.172: Application time: 88.5522332 seconds
2019-06-25T18:50:44.185+0000: 383783.197: Application time: 0.0247703 seconds
2019-06-25T18:50:45.655+0000: 383784.667: Application time: 1.4700989 seconds
2019-06-25T18:50:45.655+0000: 383784.667: Application time: 0.0000692 seconds
2019-06-25T18:50:45.655+0000: 383784.668: Application time: 0.0001034 seconds
2019-06-25T18:50:45.656+0000: 383784.668: Application time: 0.0000669 seconds
2019-06-25T18:50:45.656+0000: 383784.668: Application time: 0.0000589 seconds
2019-06-25T18:50:45.656+0000: 383784.669: Application time: 0.0000564 seconds
2019-06-25T18:50:45.656+0000: 383784.669: Application time: 0.0000607 seconds
2019-06-25T18:50:53.461+0000: 383792.473: Application time: 7.8046645 seconds
2019-06-25T18:50:55.662+0000: 383794.674: Application time: 2.2003088 seconds
2019-06-25T18:50:55.662+0000: 383794.675: Application time: 0.0000870 seconds
2019-06-25T18:50:55.663+0000: 383794.675: Application time: 0.0000952 seconds
2019-06-25T18:50:55.663+0000: 383794.676: Application time: 0.0001120 seconds
2019-06-25T18:50:55.664+0000: 383794.676: Application time: 0.0001420 seconds
2019-06-25T18:50:55.664+0000: 383794.676: Application time: 0.0001730 seconds
2019-06-25T18:50:58.463+0000: 383797.475: Application time: 2.7988825 seconds
2019-06-25T18:50:58.486+0000: 383797.499: Application time: 0.0232222 seconds
2019-06-25T18:50:58.626+0000: 383797.639: Application time: 0.1397032 seconds
2019-06-25T18:50:58.627+0000: 383797.639: Application time: 0.0001435 seconds
2019-06-25T18:50:58.627+0000: 383797.639: Application time: 0.0002181 seconds
2019-06-25T18:50:58.627+0000: 383797.640: Application time: 0.0001075 seconds
2019-06-25T18:50:58.629+0000: 383797.641: Application time: 0.0012017 seconds
2019-06-25T18:51:55.795+0000: 383854.807: Application time: 57.1660021 seconds
{Heap before GC invocations=2430 (full 188):
 par new generation   total 9792K, used 9607K [0x00000000e1000000, 0x00000000e1aa0000, 0x00000000eb4a0000)
  eden space 8704K, 100% used [0x00000000e1000000, 0x00000000e1880000, 0x00000000e1880000)
  from space 1088K,  83% used [0x00000000e1880000, 0x00000000e1961fa0, 0x00000000e1990000)
  to   space 1088K,   0% used [0x00000000e1990000, 0x00000000e1990000, 0x00000000e1aa0000)
 concurrent mark-sweep generation total 121500K, used 69879K [0x00000000eb4a0000, 0x00000000f2b47000, 0x0000000100000000)
 Metaspace       used 89062K, capacity 93518K, committed 93824K, reserved 1132544K
  class space    used 10734K, capacity 11531K, committed 11648K, reserved 1048576K
2019-06-25T18:51:55.796+0000: 383854.809: [GC (Allocation Failure) 2019-06-25T18:51:55.798+0000: 383854.811: [ParNew: 9607K->744K(9792K), 0.0091789 secs] 79487K->70938K(131292K), 0.0121284 secs] [Times: user=0.02 sys=0.00, real=0.02 secs] 
Heap after GC invocations=2431 (full 188):
 par new generation   total 9792K, used 744K [0x00000000e1000000, 0x00000000e1aa0000, 0x00000000eb4a0000)
  eden space 8704K,   0% used [0x00000000e1000000, 0x00000000e1000000, 0x00000000e1880000)
  from space 1088K,  68% used [0x00000000e1990000, 0x00000000e1a4a3e8, 0x00000000e1aa0000)
  to   space 1088K,   0% used [0x00000000e1880000, 0x00000000e1880000, 0x00000000e1990000)
 concurrent mark-sweep generation total 121500K, used 70193K [0x00000000eb4a0000, 0x00000000f2b47000, 0x0000000100000000)
 Metaspace       used 89062K, capacity 93518K, committed 93824K, reserved 1132544K
  class space    used 10734K, capacity 11531K, committed 11648K, reserved 1048576K
}
2019-06-25T18:52:21.034+0000: 383880.046: Application time: 25.2236479 seconds
2019-06-25T18:52:21.058+0000: 383880.070: Application time: 0.0239127 seconds
2019-06-25T18:52:25.715+0000: 383884.727: Application time: 4.6570003 seconds
2019-06-25T18:52:25.715+0000: 383884.728: Application time: 0.0000757 seconds
2019-06-25T18:52:25.716+0000: 383884.728: Application time: 0.0000640 seconds
2019-06-25T18:52:25.716+0000: 383884.728: Application time: 0.0000620 seconds
2019-06-25T18:52:25.716+0000: 383884.729: Application time: 0.0000677 seconds
2019-06-25T18:52:25.716+0000: 383884.729: Application time: 0.0001091 seconds
2019-06-25T18:52:32.143+0000: 383891.155: Application time: 6.4260937 seconds
2019-06-25T18:52:32.143+0000: 383891.155: Application time: 0.0000659 seconds
2019-06-25T18:52:32.143+0000: 383891.156: Application time: 0.0001594 seconds
2019-06-25T18:52:32.143+0000: 383891.156: Application time: 0.0001034 seconds
2019-06-25T18:52:32.145+0000: 383891.157: Application time: 0.0009990 seconds
2019-06-25T18:52:35.722+0000: 383894.734: Application time: 3.5772843 seconds
2019-06-25T18:52:35.722+0000: 383894.735: Application time: 0.0000689 seconds
2019-06-25T18:52:35.722+0000: 383894.735: Application time: 0.0000593 seconds
2019-06-25T18:52:35.723+0000: 383894.735: Application time: 0.0000632 seconds
2019-06-25T18:52:35.723+0000: 383894.736: Application time: 0.0004689 seconds
2019-06-25T18:52:35.723+0000: 383894.736: Application time: 0.0000702 seconds
2019-06-25T18:52:37.229+0000: 383896.241: Application time: 1.5052507 seconds
2019-06-25T18:52:37.252+0000: 383896.265: Application time: 0.0232421 seconds
2019-06-25T18:52:45.729+0000: 383904.742: Application time: 8.4769173 seconds
2019-06-25T18:52:45.730+0000: 383904.742: Application time: 0.0000679 seconds
2019-06-25T18:52:45.730+0000: 383904.742: Application time: 0.0001847 seconds
2019-06-25T18:52:45.730+0000: 383904.743: Application time: 0.0001220 seconds
2019-06-25T18:52:45.732+0000: 383904.744: Application time: 0.0011880 seconds
2019-06-25T18:52:57.733+0000: 383916.746: Application time: 12.0016339 seconds
2019-06-25T18:53:15.745+0000: 383934.758: Application time: 18.0116681 seconds
2019-06-25T18:53:45.762+0000: 383964.775: Application time: 30.0170708 seconds
2019-06-25T18:53:45.763+0000: 383964.775: Application time: 0.0000683 seconds
2019-06-25T18:53:45.763+0000: 383964.775: Application time: 0.0004551 seconds
2019-06-25T18:53:45.764+0000: 383964.776: Application time: 0.0000682 seconds
2019-06-25T18:53:45.764+0000: 383964.776: Application time: 0.0000551 seconds
2019-06-25T18:53:45.764+0000: 383964.776: Application time: 0.0000587 seconds
2019-06-25T18:53:46.189+0000: 383965.201: Application time: 0.4245220 seconds
2019-06-25T18:53:46.213+0000: 383965.225: Application time: 0.0243320 seconds
2019-06-25T18:53:55.769+0000: 383974.781: Application time: 9.5558402 seconds
2019-06-25T18:53:55.769+0000: 383974.782: Application time: 0.0000635 seconds
2019-06-25T18:53:55.770+0000: 383974.782: Application time: 0.0001360 seconds
2019-06-25T18:53:55.770+0000: 383974.782: Application time: 0.0001151 seconds
2019-06-25T18:53:55.771+0000: 383974.784: Application time: 0.0011750 seconds
2019-06-25T18:53:55.773+0000: 383974.786: Application time: 0.0018817 seconds
{Heap before GC invocations=2431 (full 188):
 par new generation   total 9792K, used 9448K [0x00000000e1000000, 0x00000000e1aa0000, 0x00000000eb4a0000)
  eden space 8704K, 100% used [0x00000000e1000000, 0x00000000e1880000, 0x00000000e1880000)
  from space 1088K,  68% used [0x00000000e1990000, 0x00000000e1a4a3e8, 0x00000000e1aa0000)
  to   space 1088K,   0% used [0x00000000e1880000, 0x00000000e1880000, 0x00000000e1990000)
 concurrent mark-sweep generation total 121500K, used 70193K [0x00000000eb4a0000, 0x00000000f2b47000, 0x0000000100000000)
 Metaspace       used 89064K, capacity 93524K, committed 93824K, reserved 1132544K
  class space    used 10735K, capacity 11532K, committed 11648K, reserved 1048576K
2019-06-25T18:53:55.774+0000: 383974.786: [GC (Allocation Failure) 2019-06-25T18:53:55.774+0000: 383974.787: [ParNew: 9448K->1088K(9792K), 0.0042029 secs] 79642K->71521K(131292K), 0.0053469 secs] [Times: user=0.01 sys=0.00, real=0.01 secs] 
Heap after GC invocations=2432 (full 188):
 par new generation   total 9792K, used 1088K [0x00000000e1000000, 0x00000000e1aa0000, 0x00000000eb4a0000)
  eden space 8704K,   0% used [0x00000000e1000000, 0x00000000e1000000, 0x00000000e1880000)
  from space 1088K, 100% used [0x00000000e1880000, 0x00000000e1990000, 0x00000000e1990000)
  to   space 1088K,   0% used [0x00000000e1990000, 0x00000000e1990000, 0x00000000e1aa0000)
 concurrent mark-sweep generation total 121500K, used 70433K [0x00000000eb4a0000, 0x00000000f2b47000, 0x0000000100000000)
 Metaspace       used 89064K, capacity 93524K, committed 93824K, reserved 1132544K
  class space    used 10735K, capacity 11532K, committed 11648K, reserved 1048576K
}
2019-06-25T18:55:52.948+0000: 384091.960: Application time: 117.1676392 seconds
2019-06-25T18:55:52.974+0000: 384091.986: Application time: 0.0254476 seconds
2019-06-25T18:55:55.841+0000: 384094.853: Application time: 2.8666656 seconds
2019-06-25T18:55:55.841+0000: 384094.853: Application time: 0.0000681 seconds
2019-06-25T18:55:55.842+0000: 384094.854: Application time: 0.0000484 seconds
2019-06-25T18:55:55.842+0000: 384094.854: Application time: 0.0000655 seconds
2019-06-25T18:55:55.842+0000: 384094.854: Application time: 0.0000589 seconds
2019-06-25T18:55:55.842+0000: 384094.855: Application time: 0.0000631 seconds
2019-06-25T18:55:58.640+0000: 384097.653: Application time: 2.7979093 seconds
2019-06-25T18:55:58.641+0000: 384097.653: Application time: 0.0000688 seconds
2019-06-25T18:55:58.641+0000: 384097.653: Application time: 0.0001639 seconds
2019-06-25T18:55:58.641+0000: 384097.653: Application time: 0.0001151 seconds
2019-06-25T18:55:58.642+0000: 384097.655: Application time: 0.0010727 seconds
2019-06-25T18:56:41.648+0000: 384140.661: Application time: 43.0059138 seconds
2019-06-25T18:56:45.660+0000: 384144.672: Application time: 4.0113340 seconds
2019-06-25T18:56:45.687+0000: 384144.699: Application time: 0.0269844 seconds
2019-06-25T18:56:45.870+0000: 384144.882: Application time: 0.1822549 seconds
2019-06-25T18:56:45.870+0000: 384144.883: Application time: 0.0004518 seconds
2019-06-25T18:56:45.870+0000: 384144.883: Application time: 0.0000604 seconds
2019-06-25T18:56:45.871+0000: 384144.883: Application time: 0.0001458 seconds
2019-06-25T18:56:45.871+0000: 384144.883: Application time: 0.0001200 seconds
2019-06-25T18:56:45.871+0000: 384144.884: Application time: 0.0001219 seconds
2019-06-25T18:56:55.878+0000: 384154.891: Application time: 10.0070938 seconds
2019-06-25T18:56:55.879+0000: 384154.891: Application time: 0.0001639 seconds
2019-06-25T18:56:55.879+0000: 384154.892: Application time: 0.0001637 seconds
2019-06-25T18:56:55.879+0000: 384154.892: Application time: 0.0001268 seconds
2019-06-25T18:56:55.881+0000: 384154.893: Application time: 0.0011611 seconds
2019-06-25T18:57:17.418+0000: 384176.430: Application time: 21.5370999 seconds
{Heap before GC invocations=2432 (full 188):
 par new generation   total 9792K, used 9766K [0x00000000e1000000, 0x00000000e1aa0000, 0x00000000eb4a0000)
  eden space 8704K,  99% used [0x00000000e1000000, 0x00000000e18799c0, 0x00000000e1880000)
  from space 1088K, 100% used [0x00000000e1880000, 0x00000000e1990000, 0x00000000e1990000)
  to   space 1088K,   0% used [0x00000000e1990000, 0x00000000e1990000, 0x00000000e1aa0000)
 concurrent mark-sweep generation total 121500K, used 70433K [0x00000000eb4a0000, 0x00000000f2b47000, 0x0000000100000000)
 Metaspace       used 89087K, capacity 93560K, committed 93824K, reserved 1132544K
  class space    used 10738K, capacity 11538K, committed 11648K, reserved 1048576K
2019-06-25T18:57:17.419+0000: 384176.431: [GC (Allocation Failure) 2019-06-25T18:57:17.419+0000: 384176.431: [ParNew: 9766K->824K(9792K), 0.0043358 secs] 80200K->71568K(131292K), 0.0050972 secs] [Times: user=0.00 sys=0.00, real=0.00 secs] 
Heap after GC invocations=2433 (full 188):
 par new generation   total 9792K, used 824K [0x00000000e1000000, 0x00000000e1aa0000, 0x00000000eb4a0000)
  eden space 8704K,   0% used [0x00000000e1000000, 0x00000000e1000000, 0x00000000e1880000)
  from space 1088K,  75% used [0x00000000e1990000, 0x00000000e1a5e030, 0x00000000e1aa0000)
  to   space 1088K,   0% used [0x00000000e1880000, 0x00000000e1880000, 0x00000000e1990000)
 concurrent mark-sweep generation total 121500K, used 70744K [0x00000000eb4a0000, 0x00000000f2b47000, 0x0000000100000000)
 Metaspace       used 89087K, capacity 93560K, committed 93824K, reserved 1132544K
  class space    used 10738K, capacity 11538K, committed 11648K, reserved 1048576K
}
2019-06-25T18:57:22.416+0000: 384181.428: Application time: 4.9912332 seconds
2019-06-25T18:57:22.447+0000: 384181.460: Application time: 0.0313667 seconds
2019-06-25T18:57:25.896+0000: 384184.908: Application time: 3.4479112 seconds
2019-06-25T18:57:25.896+0000: 384184.908: Application time: 0.0000681 seconds
2019-06-25T18:57:25.896+0000: 384184.909: Application time: 0.0004695 seconds
2019-06-25T18:57:25.897+0000: 384184.910: Application time: 0.0000706 seconds
2019-06-25T18:57:25.897+0000: 384184.910: Application time: 0.0000603 seconds
2019-06-25T18:57:25.898+0000: 384184.910: Application time: 0.0000631 seconds
2019-06-25T18:57:32.177+0000: 384191.189: Application time: 6.2790280 seconds
2019-06-25T18:57:32.177+0000: 384191.189: Application time: 0.0000969 seconds
2019-06-25T18:57:32.177+0000: 384191.190: Application time: 0.0001563 seconds
2019-06-25T18:57:32.178+0000: 384191.190: Application time: 0.0001456 seconds
2019-06-25T18:57:32.178+0000: 384191.190: Application time: 0.0002075 seconds
2019-06-25T18:57:32.178+0000: 384191.191: Application time: 0.0002916 seconds
2019-06-25T18:57:32.180+0000: 384191.192: Application time: 0.0011409 seconds
2019-06-25T19:02:59.585+0000: 384518.597: Application time: 327.4051531 seconds
{Heap before GC invocations=2433 (full 188):
 par new generation   total 9792K, used 9528K [0x00000000e1000000, 0x00000000e1aa0000, 0x00000000eb4a0000)
  eden space 8704K, 100% used [0x00000000e1000000, 0x00000000e1880000, 0x00000000e1880000)
  from space 1088K,  75% used [0x00000000e1990000, 0x00000000e1a5e030, 0x00000000e1aa0000)
  to   space 1088K,   0% used [0x00000000e1880000, 0x00000000e1880000, 0x00000000e1990000)
 concurrent mark-sweep generation total 121500K, used 70744K [0x00000000eb4a0000, 0x00000000f2b47000, 0x0000000100000000)
 Metaspace       used 89087K, capacity 93560K, committed 93824K, reserved 1132544K
  class space    used 10738K, capacity 11538K, committed 11648K, reserved 1048576K
2019-06-25T19:02:59.585+0000: 384518.598: [GC (Allocation Failure) 2019-06-25T19:02:59.586+0000: 384518.598: [ParNew: 9528K->642K(9792K), 0.0034121 secs] 80272K->71725K(131292K), 0.0042596 secs] [Times: user=0.00 sys=0.00, real=0.01 secs] 
Heap after GC invocations=2434 (full 188):
 par new generation   total 9792K, used 642K [0x00000000e1000000, 0x00000000e1aa0000, 0x00000000eb4a0000)
  eden space 8704K,   0% used [0x00000000e1000000, 0x00000000e1000000, 0x00000000e1880000)
  from space 1088K,  59% used [0x00000000e1880000, 0x00000000e1920a18, 0x00000000e1990000)
  to   space 1088K,   0% used [0x00000000e1990000, 0x00000000e1990000, 0x00000000e1aa0000)
 concurrent mark-sweep generation total 121500K, used 71082K [0x00000000eb4a0000, 0x00000000f2b47000, 0x0000000100000000)
 Metaspace       used 89087K, capacity 93560K, committed 93824K, reserved 1132544K
  class space    used 10738K, capacity 11538K, committed 11648K, reserved 1048576K
}
2019-06-25T19:08:25.901+0000: 384844.913: Application time: 326.3104812 seconds
2019-06-25T19:08:25.901+0000: 384844.914: Application time: 0.0001612 seconds
2019-06-25T19:08:25.902+0000: 384844.914: Application time: 0.0001585 seconds
2019-06-25T19:08:25.902+0000: 384844.914: Application time: 0.0002203 seconds
2019-06-25T19:08:25.903+0000: 384844.915: Application time: 0.0000840 seconds
2019-06-25T19:08:25.903+0000: 384844.915: Application time: 0.0000598 seconds
2019-06-25T19:08:25.903+0000: 384844.915: Application time: 0.0000566 seconds
2019-06-25T19:08:25.903+0000: 384844.916: Application time: 0.0000569 seconds
2019-06-25T19:08:25.904+0000: 384844.916: Application time: 0.0000571 seconds
2019-06-25T19:09:25.712+0000: 384904.725: Application time: 59.8084200 seconds
2019-06-25T19:09:56.319+0000: 384935.331: Application time: 30.6061057 seconds
2019-06-25T19:10:06.328+0000: 384945.340: Application time: 10.0089637 seconds
{Heap before GC invocations=2434 (full 188):
 par new generation   total 9792K, used 9346K [0x00000000e1000000, 0x00000000e1aa0000, 0x00000000eb4a0000)
  eden space 8704K, 100% used [0x00000000e1000000, 0x00000000e1880000, 0x00000000e1880000)
  from space 1088K,  59% used [0x00000000e1880000, 0x00000000e1920a18, 0x00000000e1990000)
  to   space 1088K,   0% used [0x00000000e1990000, 0x00000000e1990000, 0x00000000e1aa0000)
 concurrent mark-sweep generation total 121500K, used 71082K [0x00000000eb4a0000, 0x00000000f2b47000, 0x0000000100000000)
 Metaspace       used 89087K, capacity 93560K, committed 93824K, reserved 1132544K
  class space    used 10738K, capacity 11538K, committed 11648K, reserved 1048576K
2019-06-25T19:10:06.329+0000: 384945.341: [GC (Allocation Failure) 2019-06-25T19:10:06.329+0000: 384945.342: [ParNew: 9346K->731K(9792K), 0.0032542 secs] 80429K->71814K(131292K), 0.0042518 secs] [Times: user=0.00 sys=0.00, real=0.00 secs] 
Heap after GC invocations=2435 (full 188):
 par new generation   total 9792K, used 731K [0x00000000e1000000, 0x00000000e1aa0000, 0x00000000eb4a0000)
  eden space 8704K,   0% used [0x00000000e1000000, 0x00000000e1000000, 0x00000000e1880000)
  from space 1088K,  67% used [0x00000000e1990000, 0x00000000e1a46e20, 0x00000000e1aa0000)
  to   space 1088K,   0% used [0x00000000e1880000, 0x00000000e1880000, 0x00000000e1990000)
 concurrent mark-sweep generation total 121500K, used 71082K [0x00000000eb4a0000, 0x00000000f2b47000, 0x0000000100000000)
 Metaspace       used 89087K, capacity 93560K, committed 93824K, reserved 1132544K
  class space    used 10738K, capacity 11538K, committed 11648K, reserved 1048576K
}
2019-06-25T19:14:26.476+0000: 385205.488: Application time: 260.1418637 seconds
2019-06-25T19:14:26.476+0000: 385205.488: Application time: 0.0000728 seconds
2019-06-25T19:14:26.476+0000: 385205.488: Application time: 0.0000604 seconds
2019-06-25T19:14:26.476+0000: 385205.489: Application time: 0.0000633 seconds
2019-06-25T19:14:29.573+0000: 385208.586: Application time: 3.0963356 seconds
2019-06-25T19:14:29.599+0000: 385208.612: Application time: 0.0259297 seconds
2019-06-25T19:14:32.288+0000: 385211.301: Application time: 2.6887315 seconds
2019-06-25T19:14:32.289+0000: 385211.301: Application time: 0.0000693 seconds
2019-06-25T19:14:32.289+0000: 385211.301: Application time: 0.0000632 seconds
2019-06-25T19:14:32.289+0000: 385211.301: Application time: 0.0000583 seconds
2019-06-25T19:14:32.289+0000: 385211.302: Application time: 0.0001639 seconds
2019-06-25T19:14:32.290+0000: 385211.302: Application time: 0.0001229 seconds
2019-06-25T19:14:32.291+0000: 385211.304: Application time: 0.0016418 seconds
2019-06-25T19:15:46.553+0000: 385285.565: Application time: 74.2616563 seconds
{Heap before GC invocations=2435 (full 188):
 par new generation   total 9792K, used 9435K [0x00000000e1000000, 0x00000000e1aa0000, 0x00000000eb4a0000)
  eden space 8704K, 100% used [0x00000000e1000000, 0x00000000e1880000, 0x00000000e1880000)
  from space 1088K,  67% used [0x00000000e1990000, 0x00000000e1a46e20, 0x00000000e1aa0000)
  to   space 1088K,   0% used [0x00000000e1880000, 0x00000000e1880000, 0x00000000e1990000)
 concurrent mark-sweep generation total 121500K, used 71082K [0x00000000eb4a0000, 0x00000000f2b47000, 0x0000000100000000)
 Metaspace       used 89088K, capacity 93560K, committed 93824K, reserved 1132544K
  class space    used 10738K, capacity 11538K, committed 11648K, reserved 1048576K
2019-06-25T19:15:46.554+0000: 385285.566: [GC (Allocation Failure) 2019-06-25T19:15:46.554+0000: 385285.567: [ParNew: 9435K->909K(9792K), 0.0058925 secs] 80518K->72227K(131292K), 0.0067811 secs] [Times: user=0.02 sys=0.00, real=0.01 secs] 
Heap after GC invocations=2436 (full 188):
 par new generation   total 9792K, used 909K [0x00000000e1000000, 0x00000000e1aa0000, 0x00000000eb4a0000)
  eden space 8704K,   0% used [0x00000000e1000000, 0x00000000e1000000, 0x00000000e1880000)
  from space 1088K,  83% used [0x00000000e1880000, 0x00000000e1963650, 0x00000000e1990000)
  to   space 1088K,   0% used [0x00000000e1990000, 0x00000000e1990000, 0x00000000e1aa0000)
 concurrent mark-sweep generation total 121500K, used 71318K [0x00000000eb4a0000, 0x00000000f2b47000, 0x0000000100000000)
 Metaspace       used 89088K, capacity 93560K, committed 93824K, reserved 1132544K
  class space    used 10738K, capacity 11538K, committed 11648K, reserved 1048576K
}
2019-06-25T19:18:55.105+0000: 385474.118: Application time: 188.5440367 seconds
2019-06-25T19:18:55.131+0000: 385474.143: Application time: 0.0252587 seconds
2019-06-25T19:18:56.663+0000: 385475.676: Application time: 1.5323893 seconds
2019-06-25T19:18:56.664+0000: 385475.676: Application time: 0.0000736 seconds
2019-06-25T19:18:56.665+0000: 385475.677: Application time: 0.0000728 seconds
2019-06-25T19:18:56.665+0000: 385475.677: Application time: 0.0000840 seconds
2019-06-25T19:18:56.665+0000: 385475.677: Application time: 0.0000612 seconds
2019-06-25T19:18:56.665+0000: 385475.678: Application time: 0.0001386 seconds
2019-06-25T19:18:56.666+0000: 385475.678: Application time: 0.0001029 seconds
2019-06-25T19:18:58.701+0000: 385477.713: Application time: 2.0354912 seconds
2019-06-25T19:18:58.701+0000: 385477.714: Application time: 0.0000695 seconds
2019-06-25T19:18:58.702+0000: 385477.714: Application time: 0.0000642 seconds
2019-06-25T19:18:58.703+0000: 385477.715: Application time: 0.0014356 seconds
2019-06-25T19:20:20.513+0000: 385559.525: Application time: 81.8095144 seconds
{Heap before GC invocations=2436 (full 188):
 par new generation   total 9792K, used 9613K [0x00000000e1000000, 0x00000000e1aa0000, 0x00000000eb4a0000)
  eden space 8704K, 100% used [0x00000000e1000000, 0x00000000e1880000, 0x00000000e1880000)
  from space 1088K,  83% used [0x00000000e1880000, 0x00000000e1963650, 0x00000000e1990000)
  to   space 1088K,   0% used [0x00000000e1990000, 0x00000000e1990000, 0x00000000e1aa0000)
 concurrent mark-sweep generation total 121500K, used 71318K [0x00000000eb4a0000, 0x00000000f2b47000, 0x0000000100000000)
 Metaspace       used 89088K, capacity 93560K, committed 93824K, reserved 1132544K
  class space    used 10738K, capacity 11538K, committed 11648K, reserved 1048576K
2019-06-25T19:20:20.513+0000: 385559.526: [GC (Allocation Failure) 2019-06-25T19:20:20.514+0000: 385559.526: [ParNew: 9613K->1060K(9792K), 0.0040518 secs] 80931K->72378K(131292K), 0.0051136 secs] [Times: user=0.00 sys=0.01, real=0.01 secs] 
Heap after GC invocations=2437 (full 188):
 par new generation   total 9792K, used 1060K [0x00000000e1000000, 0x00000000e1aa0000, 0x00000000eb4a0000)
  eden space 8704K,   0% used [0x00000000e1000000, 0x00000000e1000000, 0x00000000e1880000)
  from space 1088K,  97% used [0x00000000e1990000, 0x00000000e1a99100, 0x00000000e1aa0000)
  to   space 1088K,   0% used [0x00000000e1880000, 0x00000000e1880000, 0x00000000e1990000)
 concurrent mark-sweep generation total 121500K, used 71318K [0x00000000eb4a0000, 0x00000000f2b47000, 0x0000000100000000)
 Metaspace       used 89088K, capacity 93560K, committed 93824K, reserved 1132544K
  class space    used 10738K, capacity 11538K, committed 11648K, reserved 1048576K
}
2019-06-25T19:20:25.510+0000: 385564.523: Application time: 4.9908320 seconds
2019-06-25T19:20:25.542+0000: 385564.554: Application time: 0.0314234 seconds
2019-06-25T19:20:26.714+0000: 385565.727: Application time: 1.1720845 seconds
2019-06-25T19:20:26.715+0000: 385565.727: Application time: 0.0000796 seconds
2019-06-25T19:20:26.716+0000: 385565.728: Application time: 0.0000705 seconds
2019-06-25T19:20:26.716+0000: 385565.728: Application time: 0.0000573 seconds
2019-06-25T19:20:26.716+0000: 385565.728: Application time: 0.0000724 seconds
2019-06-25T19:20:26.717+0000: 385565.729: Application time: 0.0001111 seconds
2019-06-25T19:20:26.717+0000: 385565.730: Application time: 0.0003068 seconds
2019-06-25T19:20:26.718+0000: 385565.730: Application time: 0.0001654 seconds
2019-06-25T19:20:32.327+0000: 385571.340: Application time: 5.6097650 seconds
2019-06-25T19:20:32.328+0000: 385571.340: Application time: 0.0000902 seconds
2019-06-25T19:20:32.328+0000: 385571.340: Application time: 0.0000754 seconds
2019-06-25T19:20:32.328+0000: 385571.341: Application time: 0.0001931 seconds
2019-06-25T19:20:32.329+0000: 385571.341: Application time: 0.0000832 seconds
2019-06-25T19:20:32.329+0000: 385571.341: Application time: 0.0000811 seconds
2019-06-25T19:20:32.331+0000: 385571.343: Application time: 0.0016661 seconds
2019-06-25T19:20:56.365+0000: 385595.378: Application time: 24.0352596 seconds
2019-06-25T19:20:56.390+0000: 385595.402: Application time: 0.0233898 seconds
2019-06-25T19:20:56.733+0000: 385595.746: Application time: 0.3433503 seconds
2019-06-25T19:20:56.734+0000: 385595.746: Application time: 0.0001287 seconds
2019-06-25T19:20:56.734+0000: 385595.746: Application time: 0.0002864 seconds
2019-06-25T19:20:56.734+0000: 385595.747: Application time: 0.0002009 seconds
2019-06-25T19:20:58.707+0000: 385597.720: Application time: 1.9728234 seconds
2019-06-25T19:20:58.708+0000: 385597.720: Application time: 0.0001762 seconds
2019-06-25T19:20:58.708+0000: 385597.720: Application time: 0.0001449 seconds
2019-06-25T19:20:58.708+0000: 385597.721: Application time: 0.0001461 seconds
2019-06-25T19:20:58.709+0000: 385597.721: Application time: 0.0001402 seconds
2019-06-25T19:20:58.709+0000: 385597.721: Application time: 0.0001441 seconds
2019-06-25T19:20:58.710+0000: 385597.723: Application time: 0.0014026 seconds
2019-06-25T19:22:13.904+0000: 385672.917: Application time: 75.1944640 seconds
2019-06-25T19:22:13.932+0000: 385672.944: Application time: 0.0269160 seconds
2019-06-25T19:22:14.354+0000: 385673.366: Application time: 0.4214490 seconds
2019-06-25T19:22:14.357+0000: 385673.369: Application time: 0.0028407 seconds
{Heap before GC invocations=2437 (full 188):
 par new generation   total 9792K, used 9764K [0x00000000e1000000, 0x00000000e1aa0000, 0x00000000eb4a0000)
  eden space 8704K, 100% used [0x00000000e1000000, 0x00000000e1880000, 0x00000000e1880000)
  from space 1088K,  97% used [0x00000000e1990000, 0x00000000e1a99100, 0x00000000e1aa0000)
  to   space 1088K,   0% used [0x00000000e1880000, 0x00000000e1880000, 0x00000000e1990000)
 concurrent mark-sweep generation total 121500K, used 71318K [0x00000000eb4a0000, 0x00000000f2b47000, 0x0000000100000000)
 Metaspace       used 89099K, capacity 93578K, committed 93824K, reserved 1132544K
  class space    used 10739K, capacity 11541K, committed 11648K, reserved 1048576K
2019-06-25T19:22:14.357+0000: 385673.369: [GC (Allocation Failure) 2019-06-25T19:22:14.358+0000: 385673.371: [ParNew: 9764K->871K(9792K), 0.0045383 secs] 81082K->72585K(131292K), 0.0061011 secs] [Times: user=0.01 sys=0.00, real=0.01 secs] 
Heap after GC invocations=2438 (full 188):
 par new generation   total 9792K, used 871K [0x00000000e1000000, 0x00000000e1aa0000, 0x00000000eb4a0000)
  eden space 8704K,   0% used [0x00000000e1000000, 0x00000000e1000000, 0x00000000e1880000)
  from space 1088K,  80% used [0x00000000e1880000, 0x00000000e1959cf8, 0x00000000e1990000)
  to   space 1088K,   0% used [0x00000000e1990000, 0x00000000e1990000, 0x00000000e1aa0000)
 concurrent mark-sweep generation total 121500K, used 71713K [0x00000000eb4a0000, 0x00000000f2b47000, 0x0000000100000000)
 Metaspace       used 89099K, capacity 93578K, committed 93824K, reserved 1132544K
  class space    used 10739K, capacity 11541K, committed 11648K, reserved 1048576K
}
2019-06-25T19:22:16.786+0000: 385675.798: Application time: 2.4216590 seconds
2019-06-25T19:22:16.786+0000: 385675.798: Application time: 0.0001335 seconds
2019-06-25T19:22:16.787+0000: 385675.799: Application time: 0.0002829 seconds
2019-06-25T19:22:16.787+0000: 385675.799: Application time: 0.0001753 seconds
2019-06-25T19:22:19.355+0000: 385678.367: Application time: 2.5680736 seconds
2019-06-25T19:22:19.397+0000: 385678.409: Application time: 0.0412166 seconds
2019-06-25T19:22:26.792+0000: 385685.805: Application time: 7.3955268 seconds
2019-06-25T19:22:26.793+0000: 385685.805: Application time: 0.0000670 seconds
2019-06-25T19:22:26.793+0000: 385685.805: Application time: 0.0000571 seconds
2019-06-25T19:22:26.793+0000: 385685.805: Application time: 0.0000800 seconds
2019-06-25T19:22:26.793+0000: 385685.806: Application time: 0.0001806 seconds
2019-06-25T19:22:26.794+0000: 385685.806: Application time: 0.0001524 seconds
2019-06-25T19:22:26.795+0000: 385685.808: Application time: 0.0014542 seconds
2019-06-25T19:23:21.803+0000: 385740.815: Application time: 55.0075672 seconds
2019-06-25T19:23:26.003+0000: 385745.015: Application time: 4.1996386 seconds
2019-06-25T19:23:26.027+0000: 385745.040: Application time: 0.0241598 seconds
2019-06-25T19:23:26.827+0000: 385745.839: Application time: 0.7991732 seconds
2019-06-25T19:23:26.827+0000: 385745.839: Application time: 0.0005150 seconds
2019-06-25T19:23:26.828+0000: 385745.840: Application time: 0.0001506 seconds
2019-06-25T19:23:26.828+0000: 385745.840: Application time: 0.0001598 seconds
2019-06-25T19:23:32.349+0000: 385751.361: Application time: 5.5206343 seconds
2019-06-25T19:23:32.349+0000: 385751.361: Application time: 0.0001391 seconds
2019-06-25T19:23:32.349+0000: 385751.362: Application time: 0.0001195 seconds
2019-06-25T19:23:32.350+0000: 385751.362: Application time: 0.0001216 seconds
2019-06-25T19:23:32.350+0000: 385751.362: Application time: 0.0001196 seconds
2019-06-25T19:23:32.350+0000: 385751.362: Application time: 0.0001617 seconds
2019-06-25T19:23:32.351+0000: 385751.364: Application time: 0.0013202 seconds
2019-06-25T19:24:25.798+0000: 385804.810: Application time: 53.4460583 seconds
2019-06-25T19:24:25.798+0000: 385804.810: Application time: 0.0000753 seconds
2019-06-25T19:24:25.798+0000: 385804.811: Application time: 0.0000703 seconds
2019-06-25T19:24:25.798+0000: 385804.811: Application time: 0.0000684 seconds
2019-06-25T19:24:25.799+0000: 385804.811: Application time: 0.0001025 seconds
2019-06-25T19:24:25.799+0000: 385804.812: Application time: 0.0000789 seconds
2019-06-25T19:24:25.800+0000: 385804.812: Application time: 0.0001378 seconds
2019-06-25T19:24:25.800+0000: 385804.812: Application time: 0.0000914 seconds
2019-06-25T19:24:25.800+0000: 385804.812: Application time: 0.0001637 seconds
2019-06-25T19:24:25.800+0000: 385804.813: Application time: 0.0001666 seconds
2019-06-25T19:25:14.973+0000: 385853.985: Application time: 49.1723039 seconds
{Heap before GC invocations=2438 (full 188):
 par new generation   total 9792K, used 9575K [0x00000000e1000000, 0x00000000e1aa0000, 0x00000000eb4a0000)
  eden space 8704K, 100% used [0x00000000e1000000, 0x00000000e1880000, 0x00000000e1880000)
  from space 1088K,  80% used [0x00000000e1880000, 0x00000000e1959cf8, 0x00000000e1990000)
  to   space 1088K,   0% used [0x00000000e1990000, 0x00000000e1990000, 0x00000000e1aa0000)
 concurrent mark-sweep generation total 121500K, used 71713K [0x00000000eb4a0000, 0x00000000f2b47000, 0x0000000100000000)
 Metaspace       used 89129K, capacity 93626K, committed 93824K, reserved 1132544K
  class space    used 10744K, capacity 11549K, committed 11648K, reserved 1048576K
2019-06-25T19:25:14.973+0000: 385853.986: [GC (Allocation Failure) 2019-06-25T19:25:14.974+0000: 385853.986: [ParNew: 9575K->697K(9792K), 0.0065491 secs] 81289K->72626K(131292K), 0.0072842 secs] [Times: user=0.00 sys=0.00, real=0.01 secs] 
Heap after GC invocations=2439 (full 188):
 par new generation   total 9792K, used 697K [0x00000000e1000000, 0x00000000e1aa0000, 0x00000000eb4a0000)
  eden space 8704K,   0% used [0x00000000e1000000, 0x00000000e1000000, 0x00000000e1880000)
  from space 1088K,  64% used [0x00000000e1990000, 0x00000000e1a3e768, 0x00000000e1aa0000)
  to   space 1088K,   0% used [0x00000000e1880000, 0x00000000e1880000, 0x00000000e1990000)
 concurrent mark-sweep generation total 121500K, used 71929K [0x00000000eb4a0000, 0x00000000f2b47000, 0x0000000100000000)
 Metaspace       used 89129K, capacity 93626K, committed 93824K, reserved 1132544K
  class space    used 10744K, capacity 11549K, committed 11648K, reserved 1048576K
}
2019-06-25T19:25:16.892+0000: 385855.904: Application time: 1.9100751 seconds
2019-06-25T19:25:16.892+0000: 385855.904: Application time: 0.0000670 seconds
2019-06-25T19:25:16.892+0000: 385855.905: Application time: 0.0002237 seconds
2019-06-25T19:25:16.892+0000: 385855.905: Application time: 0.0000975 seconds
2019-06-25T19:25:19.969+0000: 385858.982: Application time: 3.0773882 seconds
2019-06-25T19:25:20.004+0000: 385859.017: Application time: 0.0341576 seconds
2019-06-25T19:25:26.898+0000: 385865.910: Application time: 6.8933985 seconds
2019-06-25T19:25:26.898+0000: 385865.911: Application time: 0.0000684 seconds
2019-06-25T19:25:26.899+0000: 385865.911: Application time: 0.0000590 seconds
2019-06-25T19:25:26.899+0000: 385865.911: Application time: 0.0000624 seconds
2019-06-25T19:25:26.899+0000: 385865.911: Application time: 0.0000579 seconds
2019-06-25T19:25:26.899+0000: 385865.911: Application time: 0.0000620 seconds
2019-06-25T19:25:26.901+0000: 385865.913: Application time: 0.0014490 seconds
2019-06-25T19:26:26.428+0000: 385925.440: Application time: 59.5268204 seconds
2019-06-25T19:26:26.453+0000: 385925.465: Application time: 0.0250879 seconds
2019-06-25T19:26:26.932+0000: 385925.944: Application time: 0.4783823 seconds
2019-06-25T19:26:26.932+0000: 385925.944: Application time: 0.0001401 seconds
2019-06-25T19:26:26.932+0000: 385925.945: Application time: 0.0009159 seconds
2019-06-25T19:26:26.934+0000: 385925.946: Application time: 0.0001897 seconds
2019-06-25T19:26:32.369+0000: 385931.382: Application time: 5.4357885 seconds
2019-06-25T19:26:32.370+0000: 385931.382: Application time: 0.0001430 seconds
2019-06-25T19:26:32.370+0000: 385931.382: Application time: 0.0001441 seconds
2019-06-25T19:26:32.370+0000: 385931.383: Application time: 0.0001256 seconds
2019-06-25T19:26:32.371+0000: 385931.383: Application time: 0.0001232 seconds
2019-06-25T19:26:32.371+0000: 385931.383: Application time: 0.0001526 seconds
2019-06-25T19:26:32.373+0000: 385931.385: Application time: 0.0016402 seconds
2019-06-25T19:26:36.939+0000: 385935.951: Application time: 4.5659814 seconds
2019-06-25T19:26:46.945+0000: 385945.957: Application time: 10.0059615 seconds
2019-06-25T19:26:46.945+0000: 385945.958: Application time: 0.0000676 seconds
2019-06-25T19:26:46.945+0000: 385945.958: Application time: 0.0000630 seconds
2019-06-25T19:26:46.946+0000: 385945.958: Application time: 0.0000595 seconds
2019-06-25T19:26:46.946+0000: 385945.959: Application time: 0.0001461 seconds
2019-06-25T19:26:46.947+0000: 385945.959: Application time: 0.0001297 seconds
2019-06-25T19:26:51.672+0000: 385950.684: Application time: 4.7252306 seconds
2019-06-25T19:26:51.699+0000: 385950.711: Application time: 0.0267987 seconds
2019-06-25T19:26:56.952+0000: 385955.965: Application time: 5.2529809 seconds
2019-06-25T19:26:56.953+0000: 385955.965: Application time: 0.0000793 seconds
2019-06-25T19:26:56.953+0000: 385955.965: Application time: 0.0000617 seconds
2019-06-25T19:26:56.953+0000: 385955.965: Application time: 0.0000650 seconds
2019-06-25T19:26:56.955+0000: 385955.967: Application time: 0.0016646 seconds
2019-06-25T19:28:37.012+0000: 386056.024: Application time: 100.0568430 seconds
{Heap before GC invocations=2439 (full 188):
 par new generation   total 9792K, used 9401K [0x00000000e1000000, 0x00000000e1aa0000, 0x00000000eb4a0000)
  eden space 8704K, 100% used [0x00000000e1000000, 0x00000000e1880000, 0x00000000e1880000)
  from space 1088K,  64% used [0x00000000e1990000, 0x00000000e1a3e768, 0x00000000e1aa0000)
  to   space 1088K,   0% used [0x00000000e1880000, 0x00000000e1880000, 0x00000000e1990000)
 concurrent mark-sweep generation total 121500K, used 71929K [0x00000000eb4a0000, 0x00000000f2b47000, 0x0000000100000000)
 Metaspace       used 89129K, capacity 93626K, committed 93824K, reserved 1132544K
  class space    used 10744K, capacity 11549K, committed 11648K, reserved 1048576K
2019-06-25T19:28:37.013+0000: 386056.025: [GC (Allocation Failure) 2019-06-25T19:28:37.013+0000: 386056.025: [ParNew: 9401K->1088K(9792K), 0.0190363 secs] 81330K->73365K(131292K), 0.0198963 secs] [Times: user=0.04 sys=0.00, real=0.02 secs] 
Heap after GC invocations=2440 (full 188):
 par new generation   total 9792K, used 1088K [0x00000000e1000000, 0x00000000e1aa0000, 0x00000000eb4a0000)
  eden space 8704K,   0% used [0x00000000e1000000, 0x00000000e1000000, 0x00000000e1880000)
  from space 1088K, 100% used [0x00000000e1880000, 0x00000000e1990000, 0x00000000e1990000)
  to   space 1088K,   0% used [0x00000000e1990000, 0x00000000e1990000, 0x00000000e1aa0000)
 concurrent mark-sweep generation total 121500K, used 72277K [0x00000000eb4a0000, 0x00000000f2b47000, 0x0000000100000000)
 Metaspace       used 89129K, capacity 93626K, committed 93824K, reserved 1132544K
  class space    used 10744K, capacity 11549K, committed 11648K, reserved 1048576K
}
2019-06-25T19:34:25.852+0000: 386404.864: Application time: 348.8185379 seconds
2019-06-25T19:35:57.273+0000: 386496.285: Application time: 91.4204614 seconds
{Heap before GC invocations=2440 (full 188):
 par new generation   total 9792K, used 9792K [0x00000000e1000000, 0x00000000e1aa0000, 0x00000000eb4a0000)
  eden space 8704K, 100% used [0x00000000e1000000, 0x00000000e1880000, 0x00000000e1880000)
  from space 1088K, 100% used [0x00000000e1880000, 0x00000000e1990000, 0x00000000e1990000)
  to   space 1088K,   0% used [0x00000000e1990000, 0x00000000e1990000, 0x00000000e1aa0000)
 concurrent mark-sweep generation total 121500K, used 72277K [0x00000000eb4a0000, 0x00000000f2b47000, 0x0000000100000000)
 Metaspace       used 89129K, capacity 93626K, committed 93824K, reserved 1132544K
  class space    used 10744K, capacity 11549K, committed 11648K, reserved 1048576K
2019-06-25T19:35:57.274+0000: 386496.286: [GC (Allocation Failure) 2019-06-25T19:35:57.274+0000: 386496.286: [ParNew: 9792K->578K(9792K), 0.0035010 secs] 82069K->73162K(131292K), 0.0043750 secs] [Times: user=0.01 sys=0.00, real=0.01 secs] 
Heap after GC invocations=2441 (full 188):
 par new generation   total 9792K, used 578K [0x00000000e1000000, 0x00000000e1aa0000, 0x00000000eb4a0000)
  eden space 8704K,   0% used [0x00000000e1000000, 0x00000000e1000000, 0x00000000e1880000)
  from space 1088K,  53% used [0x00000000e1990000, 0x00000000e1a20b38, 0x00000000e1aa0000)
  to   space 1088K,   0% used [0x00000000e1880000, 0x00000000e1880000, 0x00000000e1990000)
 concurrent mark-sweep generation total 121500K, used 72584K [0x00000000eb4a0000, 0x00000000f2b47000, 0x0000000100000000)
 Metaspace       used 89129K, capacity 93626K, committed 93824K, reserved 1132544K
  class space    used 10744K, capacity 11549K, committed 11648K, reserved 1048576K
}
2019-06-25T19:43:07.510+0000: 386926.522: Application time: 430.2310734 seconds
{Heap before GC invocations=2441 (full 188):
 par new generation   total 9792K, used 9282K [0x00000000e1000000, 0x00000000e1aa0000, 0x00000000eb4a0000)
  eden space 8704K, 100% used [0x00000000e1000000, 0x00000000e1880000, 0x00000000e1880000)
  from space 1088K,  53% used [0x00000000e1990000, 0x00000000e1a20b38, 0x00000000e1aa0000)
  to   space 1088K,   0% used [0x00000000e1880000, 0x00000000e1880000, 0x00000000e1990000)
 concurrent mark-sweep generation total 121500K, used 72584K [0x00000000eb4a0000, 0x00000000f2b47000, 0x0000000100000000)
 Metaspace       used 89129K, capacity 93626K, committed 93824K, reserved 1132544K
  class space    used 10744K, capacity 11549K, committed 11648K, reserved 1048576K
2019-06-25T19:43:07.511+0000: 386926.523: [GC (Allocation Failure) 2019-06-25T19:43:07.511+0000: 386926.523: [ParNew: 9282K->740K(9792K), 0.0033246 secs] 81866K->73324K(131292K), 0.0043511 secs] [Times: user=0.01 sys=0.00, real=0.00 secs] 
Heap after GC invocations=2442 (full 188):
 par new generation   total 9792K, used 740K [0x00000000e1000000, 0x00000000e1aa0000, 0x00000000eb4a0000)
  eden space 8704K,   0% used [0x00000000e1000000, 0x00000000e1000000, 0x00000000e1880000)
  from space 1088K,  68% used [0x00000000e1880000, 0x00000000e1939138, 0x00000000e1990000)
  to   space 1088K,   0% used [0x00000000e1990000, 0x00000000e1990000, 0x00000000e1aa0000)
 concurrent mark-sweep generation total 121500K, used 72584K [0x00000000eb4a0000, 0x00000000f2b47000, 0x0000000100000000)
 Metaspace       used 89129K, capacity 93626K, committed 93824K, reserved 1132544K
  class space    used 10744K, capacity 11549K, committed 11648K, reserved 1048576K
}
2019-06-25T19:43:17.521+0000: 386936.534: Application time: 10.0054218 seconds
2019-06-25T19:44:02.486+0000: 386981.499: Application time: 44.9648826 seconds
2019-06-25T19:44:02.487+0000: 386981.499: Application time: 0.0001631 seconds
2019-06-25T19:44:02.487+0000: 386981.499: Application time: 0.0001615 seconds
2019-06-25T19:44:02.488+0000: 386981.500: Application time: 0.0000665 seconds
2019-06-25T19:44:02.488+0000: 386981.500: Application time: 0.0001374 seconds
2019-06-25T19:44:02.488+0000: 386981.500: Application time: 0.0001091 seconds
2019-06-25T19:44:03.903+0000: 386982.915: Application time: 1.4148801 seconds
2019-06-25T19:44:03.960+0000: 386982.972: Application time: 0.0567611 seconds
2019-06-25T19:44:07.550+0000: 386986.562: Application time: 3.5897485 seconds
2019-06-25T19:44:07.550+0000: 386986.563: Application time: 0.0000767 seconds
2019-06-25T19:44:07.551+0000: 386986.563: Application time: 0.0000592 seconds
2019-06-25T19:44:07.551+0000: 386986.563: Application time: 0.0000627 seconds
2019-06-25T19:44:07.552+0000: 386986.565: Application time: 0.0014514 seconds
2019-06-25T19:48:13.631+0000: 387232.643: Application time: 246.0780587 seconds
{Heap before GC invocations=2442 (full 188):
 par new generation   total 9792K, used 9444K [0x00000000e1000000, 0x00000000e1aa0000, 0x00000000eb4a0000)
  eden space 8704K, 100% used [0x00000000e1000000, 0x00000000e1880000, 0x00000000e1880000)
  from space 1088K,  68% used [0x00000000e1880000, 0x00000000e1939138, 0x00000000e1990000)
  to   space 1088K,   0% used [0x00000000e1990000, 0x00000000e1990000, 0x00000000e1aa0000)
 concurrent mark-sweep generation total 121500K, used 72584K [0x00000000eb4a0000, 0x00000000f2b47000, 0x0000000100000000)
 Metaspace       used 89129K, capacity 93626K, committed 93824K, reserved 1132544K
  class space    used 10744K, capacity 11549K, committed 11648K, reserved 1048576K
2019-06-25T19:48:13.631+0000: 387232.644: [GC (Allocation Failure) 2019-06-25T19:48:13.632+0000: 387232.644: [ParNew: 9444K->755K(9792K), 0.0038003 secs] 82028K->73567K(131292K), 0.0048528 secs] [Times: user=0.00 sys=0.00, real=0.00 secs] 
Heap after GC invocations=2443 (full 188):
 par new generation   total 9792K, used 755K [0x00000000e1000000, 0x00000000e1aa0000, 0x00000000eb4a0000)
  eden space 8704K,   0% used [0x00000000e1000000, 0x00000000e1000000, 0x00000000e1880000)
  from space 1088K,  69% used [0x00000000e1990000, 0x00000000e1a4cdd0, 0x00000000e1aa0000)
  to   space 1088K,   0% used [0x00000000e1880000, 0x00000000e1880000, 0x00000000e1990000)
 concurrent mark-sweep generation total 121500K, used 72812K [0x00000000eb4a0000, 0x00000000f2b47000, 0x0000000100000000)
 Metaspace       used 89129K, capacity 93626K, committed 93824K, reserved 1132544K
  class space    used 10744K, capacity 11549K, committed 11648K, reserved 1048576K
}
2019-06-25T19:48:17.686+0000: 387236.698: Application time: 4.0484991 seconds
2019-06-25T19:48:17.686+0000: 387236.698: Application time: 0.0000391 seconds
2019-06-25T19:48:17.686+0000: 387236.698: Application time: 0.0000296 seconds
2019-06-25T19:48:17.686+0000: 387236.698: Application time: 0.0000242 seconds
2019-06-25T19:48:17.686+0000: 387236.704: Application time: 0.0052776 seconds
2019-06-25T19:48:17.692+0000: 387236.704: Application time: 0.0001730 seconds
2019-06-25T19:48:18.626+0000: 387237.638: Application time: 0.9340479 seconds
2019-06-25T19:48:18.660+0000: 387237.672: Application time: 0.0337498 seconds
2019-06-25T19:48:27.697+0000: 387246.710: Application time: 9.0373533 seconds
2019-06-25T19:48:27.698+0000: 387246.710: Application time: 0.0000779 seconds
2019-06-25T19:48:27.698+0000: 387246.710: Application time: 0.0000679 seconds
2019-06-25T19:48:27.698+0000: 387246.711: Application time: 0.0000613 seconds
2019-06-25T19:48:27.700+0000: 387246.712: Application time: 0.0013316 seconds
2019-06-25T19:50:02.527+0000: 387341.539: Application time: 94.8267960 seconds
2019-06-25T19:50:02.527+0000: 387341.539: Application time: 0.0001286 seconds
2019-06-25T19:50:02.527+0000: 387341.540: Application time: 0.0001516 seconds
2019-06-25T19:50:02.528+0000: 387341.540: Application time: 0.0001481 seconds
2019-06-25T19:50:02.528+0000: 387341.540: Application time: 0.0005372 seconds
2019-06-25T19:50:02.529+0000: 387341.541: Application time: 0.0001209 seconds
2019-06-25T19:50:02.529+0000: 387341.541: Application time: 0.0001685 seconds
2019-06-25T19:50:02.529+0000: 387341.541: Application time: 0.0001283 seconds
2019-06-25T19:50:02.530+0000: 387341.542: Application time: 0.0002555 seconds
2019-06-25T19:50:02.530+0000: 387341.542: Application time: 0.0001474 seconds
2019-06-25T19:50:04.435+0000: 387343.447: Application time: 1.9046167 seconds
2019-06-25T19:50:04.473+0000: 387343.485: Application time: 0.0384252 seconds
2019-06-25T19:50:07.756+0000: 387346.768: Application time: 3.2822652 seconds
2019-06-25T19:50:27.765+0000: 387366.778: Application time: 20.0092701 seconds
2019-06-25T19:50:27.765+0000: 387366.778: Application time: 0.0000687 seconds
2019-06-25T19:50:27.766+0000: 387366.778: Application time: 0.0000592 seconds
2019-06-25T19:50:27.766+0000: 387366.778: Application time: 0.0001350 seconds
2019-06-25T19:50:27.766+0000: 387366.779: Application time: 0.0001385 seconds
2019-06-25T19:50:27.767+0000: 387366.780: Application time: 0.0000676 seconds
2019-06-25T19:50:27.767+0000: 387366.780: Application time: 0.0000586 seconds
2019-06-25T19:50:27.768+0000: 387366.780: Application time: 0.0000648 seconds
2019-06-25T19:50:27.768+0000: 387366.780: Application time: 0.0003923 seconds
2019-06-25T19:50:27.769+0000: 387366.781: Application time: 0.0001505 seconds
2019-06-25T19:50:32.320+0000: 387371.332: Application time: 4.5508638 seconds
2019-06-25T19:50:32.350+0000: 387371.362: Application time: 0.0299676 seconds
2019-06-25T19:50:32.533+0000: 387371.545: Application time: 0.1827296 seconds
2019-06-25T19:50:32.533+0000: 387371.546: Application time: 0.0001354 seconds
2019-06-25T19:50:32.534+0000: 387371.546: Application time: 0.0002731 seconds
2019-06-25T19:50:32.534+0000: 387371.546: Application time: 0.0001562 seconds
2019-06-25T19:50:32.535+0000: 387371.547: Application time: 0.0009716 seconds
2019-06-25T19:50:37.774+0000: 387376.786: Application time: 5.2388389 seconds
{Heap before GC invocations=2443 (full 188):
 par new generation   total 9792K, used 9459K [0x00000000e1000000, 0x00000000e1aa0000, 0x00000000eb4a0000)
  eden space 8704K, 100% used [0x00000000e1000000, 0x00000000e1880000, 0x00000000e1880000)
  from space 1088K,  69% used [0x00000000e1990000, 0x00000000e1a4cdd0, 0x00000000e1aa0000)
  to   space 1088K,   0% used [0x00000000e1880000, 0x00000000e1880000, 0x00000000e1990000)
 concurrent mark-sweep generation total 121500K, used 72812K [0x00000000eb4a0000, 0x00000000f2b47000, 0x0000000100000000)
 Metaspace       used 89129K, capacity 93626K, committed 93824K, reserved 1132544K
  class space    used 10744K, capacity 11549K, committed 11648K, reserved 1048576K
2019-06-25T19:50:37.775+0000: 387376.787: [GC (Allocation Failure) 2019-06-25T19:50:37.775+0000: 387376.788: [ParNew: 9459K->1088K(9792K), 0.0252493 secs] 82271K->73969K(131292K), 0.0262050 secs] [Times: user=0.04 sys=0.00, real=0.03 secs] 
Heap after GC invocations=2444 (full 188):
 par new generation   total 9792K, used 1088K [0x00000000e1000000, 0x00000000e1aa0000, 0x00000000eb4a0000)
  eden space 8704K,   0% used [0x00000000e1000000, 0x00000000e1000000, 0x00000000e1880000)
  from space 1088K, 100% used [0x00000000e1880000, 0x00000000e1990000, 0x00000000e1990000)
  to   space 1088K,   0% used [0x00000000e1990000, 0x00000000e1990000, 0x00000000e1aa0000)
 concurrent mark-sweep generation total 121500K, used 72881K [0x00000000eb4a0000, 0x00000000f2b47000, 0x0000000100000000)
 Metaspace       used 89129K, capacity 93626K, committed 93824K, reserved 1132544K
  class space    used 10744K, capacity 11549K, committed 11648K, reserved 1048576K
}
2019-06-25T19:50:37.804+0000: 387376.816: Application time: 0.0015947 seconds
2019-06-25T19:51:27.830+0000: 387426.842: Application time: 50.0259676 seconds
2019-06-25T19:51:27.830+0000: 387426.843: Application time: 0.0000663 seconds
2019-06-25T19:51:27.830+0000: 387426.843: Application time: 0.0000594 seconds
2019-06-25T19:51:27.831+0000: 387426.843: Application time: 0.0000717 seconds
2019-06-25T19:51:27.831+0000: 387426.844: Application time: 0.0000601 seconds
2019-06-25T19:51:27.832+0000: 387426.844: Application time: 0.0000639 seconds
2019-06-25T19:51:29.322+0000: 387428.334: Application time: 1.4904874 seconds
2019-06-25T19:51:29.348+0000: 387428.360: Application time: 0.0256591 seconds
2019-06-25T19:51:32.541+0000: 387431.553: Application time: 3.1925389 seconds
2019-06-25T19:51:32.541+0000: 387431.553: Application time: 0.0001391 seconds
2019-06-25T19:51:32.542+0000: 387431.554: Application time: 0.0003347 seconds
2019-06-25T19:51:32.542+0000: 387431.554: Application time: 0.0001675 seconds
2019-06-25T19:51:32.543+0000: 387431.556: Application time: 0.0011864 seconds
2019-06-25T19:52:02.546+0000: 387461.558: Application time: 30.0022205 seconds
2019-06-25T19:52:02.546+0000: 387461.558: Application time: 0.0001358 seconds
2019-06-25T19:52:02.546+0000: 387461.559: Application time: 0.0001508 seconds
2019-06-25T19:52:02.547+0000: 387461.559: Application time: 0.0004988 seconds
2019-06-25T19:52:02.547+0000: 387461.559: Application time: 0.0000624 seconds
2019-06-25T19:52:02.547+0000: 387461.560: Application time: 0.0000765 seconds
2019-06-25T19:52:04.963+0000: 387463.976: Application time: 2.4160466 seconds
2019-06-25T19:52:04.989+0000: 387464.001: Application time: 0.0253142 seconds
2019-06-25T19:52:07.854+0000: 387466.866: Application time: 2.8646765 seconds
2019-06-25T19:52:07.854+0000: 387466.866: Application time: 0.0000660 seconds
2019-06-25T19:52:07.854+0000: 387466.867: Application time: 0.0001425 seconds
2019-06-25T19:52:07.855+0000: 387466.867: Application time: 0.0000994 seconds
2019-06-25T19:52:07.856+0000: 387466.868: Application time: 0.0009819 seconds
2019-06-25T19:52:42.582+0000: 387501.594: Application time: 34.7261107 seconds
{Heap before GC invocations=2444 (full 188):
 par new generation   total 9792K, used 9792K [0x00000000e1000000, 0x00000000e1aa0000, 0x00000000eb4a0000)
  eden space 8704K, 100% used [0x00000000e1000000, 0x00000000e1880000, 0x00000000e1880000)
  from space 1088K, 100% used [0x00000000e1880000, 0x00000000e1990000, 0x00000000e1990000)
  to   space 1088K,   0% used [0x00000000e1990000, 0x00000000e1990000, 0x00000000e1aa0000)
 concurrent mark-sweep generation total 121500K, used 72881K [0x00000000eb4a0000, 0x00000000f2b47000, 0x0000000100000000)
 Metaspace       used 89129K, capacity 93626K, committed 93824K, reserved 1132544K
  class space    used 10744K, capacity 11549K, committed 11648K, reserved 1048576K
2019-06-25T19:52:42.583+0000: 387501.595: [GC (Allocation Failure) 2019-06-25T19:52:42.583+0000: 387501.595: [ParNew: 9792K->1088K(9792K), 0.0067305 secs] 82673K->74335K(131292K), 0.0076395 secs] [Times: user=0.02 sys=0.00, real=0.01 secs] 
Heap after GC invocations=2445 (full 188):
 par new generation   total 9792K, used 1088K [0x00000000e1000000, 0x00000000e1aa0000, 0x00000000eb4a0000)
  eden space 8704K,   0% used [0x00000000e1000000, 0x00000000e1000000, 0x00000000e1880000)
  from space 1088K, 100% used [0x00000000e1990000, 0x00000000e1aa0000, 0x00000000e1aa0000)
  to   space 1088K,   0% used [0x00000000e1880000, 0x00000000e1880000, 0x00000000e1990000)
 concurrent mark-sweep generation total 121500K, used 73247K [0x00000000eb4a0000, 0x00000000f2b47000, 0x0000000100000000)
 Metaspace       used 89129K, capacity 93626K, committed 93824K, reserved 1132544K
  class space    used 10744K, capacity 11549K, committed 11648K, reserved 1048576K
}
2019-06-25T19:52:42.592+0000: 387501.604: Application time: 0.0000946 seconds
2019-06-25T19:52:42.593+0000: 387501.605: [GC (CMS Initial Mark) [1 CMS-initial-mark: 73247K(121500K)] 74335K(131292K), 0.0034904 secs] [Times: user=0.00 sys=0.00, real=0.00 secs] 
2019-06-25T19:52:42.597+0000: 387501.610: [CMS-concurrent-mark-start]
2019-06-25T19:52:42.724+0000: 387501.736: [CMS-concurrent-mark: 0.126/0.126 secs] [Times: user=0.14 sys=0.00, real=0.13 secs] 
2019-06-25T19:52:42.724+0000: 387501.737: [CMS-concurrent-preclean-start]
2019-06-25T19:52:42.726+0000: 387501.738: [CMS-concurrent-preclean: 0.001/0.001 secs] [Times: user=0.00 sys=0.00, real=0.00 secs] 
2019-06-25T19:52:42.726+0000: 387501.739: Application time: 0.1288966 seconds
2019-06-25T19:52:42.726+0000: 387501.739: [GC (CMS Final Remark) [YG occupancy: 1270 K (9792 K)]2019-06-25T19:52:42.727+0000: 387501.739: [Rescan (parallel) , 0.0030230 secs]2019-06-25T19:52:42.730+0000: 387501.743: [weak refs processing, 0.0026139 secs]2019-06-25T19:52:42.733+0000: 387501.745: [class unloading, 0.0316266 secs]2019-06-25T19:52:42.765+0000: 387501.777: [scrub symbol table, 0.0193097 secs]2019-06-25T19:52:42.785+0000: 387501.797: [scrub string table, 0.0018898 secs][1 CMS-remark: 73247K(121500K)] 74518K(131292K), 0.0753921 secs] [Times: user=0.07 sys=0.00, real=0.08 secs] 
2019-06-25T19:52:42.803+0000: 387501.815: [CMS-concurrent-sweep-start]
2019-06-25T19:52:42.837+0000: 387501.849: [CMS-concurrent-sweep: 0.034/0.034 secs] [Times: user=0.03 sys=0.00, real=0.03 secs] 
2019-06-25T19:52:42.838+0000: 387501.850: [CMS-concurrent-reset-start]
2019-06-25T19:52:42.838+0000: 387501.851: [CMS-concurrent-reset: 0.001/0.001 secs] [Times: user=0.00 sys=0.00, real=0.01 secs] 
2019-06-25T19:52:43.803+0000: 387502.815: Application time: 1.0002432 seconds
2019-06-25T19:52:47.567+0000: 387506.580: Application time: 3.7640961 seconds
2019-06-25T19:52:47.612+0000: 387506.624: Application time: 0.0443650 seconds
2019-06-25T19:52:47.876+0000: 387506.889: Application time: 0.2643513 seconds
2019-06-25T19:52:47.877+0000: 387506.889: Application time: 0.0000692 seconds
2019-06-25T19:52:47.877+0000: 387506.889: Application time: 0.0000598 seconds
2019-06-25T19:52:47.877+0000: 387506.889: Application time: 0.0000644 seconds
2019-06-25T19:52:47.877+0000: 387506.890: Application time: 0.0000593 seconds
2019-06-25T19:52:47.877+0000: 387506.890: Application time: 0.0001106 seconds
2019-06-25T19:52:48.878+0000: 387507.890: Application time: 1.0001835 seconds
2019-06-25T19:52:55.879+0000: 387514.891: Application time: 7.0009183 seconds
2019-06-25T19:52:56.879+0000: 387515.892: Application time: 1.0001623 seconds
2019-06-25T19:52:57.885+0000: 387516.897: Application time: 1.0051509 seconds
2019-06-25T19:52:57.885+0000: 387516.898: Application time: 0.0005930 seconds
2019-06-25T19:52:57.886+0000: 387516.898: Application time: 0.0001851 seconds
2019-06-25T19:52:57.886+0000: 387516.898: Application time: 0.0001526 seconds
2019-06-25T19:52:57.887+0000: 387516.900: Application time: 0.0011999 seconds
2019-06-25T19:52:58.888+0000: 387517.900: Application time: 1.0001649 seconds
2019-06-25T19:52:59.888+0000: 387518.900: Application time: 1.0001997 seconds
2019-06-25T19:53:38.894+0000: 387557.906: Application time: 39.0056536 seconds
2019-06-25T19:53:59.898+0000: 387578.910: Application time: 21.0036977 seconds
2019-06-25T19:54:48.905+0000: 387627.918: Application time: 49.0073105 seconds
2019-06-25T19:55:02.907+0000: 387641.919: Application time: 14.0016580 seconds
2019-06-25T19:55:07.680+0000: 387646.692: Application time: 4.7726852 seconds
2019-06-25T19:55:07.731+0000: 387646.743: Application time: 0.0503982 seconds
2019-06-25T19:55:07.959+0000: 387646.971: Application time: 0.2277935 seconds
2019-06-25T19:55:07.959+0000: 387646.971: Application time: 0.0005374 seconds
2019-06-25T19:55:07.960+0000: 387646.972: Application time: 0.0000849 seconds
2019-06-25T19:55:07.960+0000: 387646.972: Application time: 0.0000658 seconds
2019-06-25T19:55:07.960+0000: 387646.972: Application time: 0.0000598 seconds
2019-06-25T19:55:07.960+0000: 387646.973: Application time: 0.0000639 seconds
2019-06-25T19:55:17.966+0000: 387656.978: Application time: 10.0055279 seconds
2019-06-25T19:55:17.966+0000: 387656.979: Application time: 0.0000737 seconds
2019-06-25T19:55:17.966+0000: 387656.979: Application time: 0.0001424 seconds
2019-06-25T19:55:17.967+0000: 387656.979: Application time: 0.0001230 seconds
2019-06-25T19:55:17.968+0000: 387656.981: Application time: 0.0013705 seconds
2019-06-25T19:56:13.535+0000: 387712.548: Application time: 55.5671116 seconds
{Heap before GC invocations=2445 (full 189):
 par new generation   total 9792K, used 9780K [0x00000000e1000000, 0x00000000e1aa0000, 0x00000000eb4a0000)
  eden space 8704K,  99% used [0x00000000e1000000, 0x00000000e187d0f8, 0x00000000e1880000)
  from space 1088K, 100% used [0x00000000e1990000, 0x00000000e1aa0000, 0x00000000e1aa0000)
  to   space 1088K,   0% used [0x00000000e1880000, 0x00000000e1880000, 0x00000000e1990000)
 concurrent mark-sweep generation total 121500K, used 70072K [0x00000000eb4a0000, 0x00000000f2b47000, 0x0000000100000000)
 Metaspace       used 89085K, capacity 93554K, committed 93824K, reserved 1132544K
  class space    used 10737K, capacity 11537K, committed 11648K, reserved 1048576K
2019-06-25T19:56:13.536+0000: 387712.548: [GC (Allocation Failure) 2019-06-25T19:56:13.536+0000: 387712.549: [ParNew: 9780K->1053K(9792K), 0.0037228 secs] 79853K->71438K(131292K), 0.0047608 secs] [Times: user=0.00 sys=0.00, real=0.01 secs] 
Heap after GC invocations=2446 (full 189):
 par new generation   total 9792K, used 1053K [0x00000000e1000000, 0x00000000e1aa0000, 0x00000000eb4a0000)
  eden space 8704K,   0% used [0x00000000e1000000, 0x00000000e1000000, 0x00000000e1880000)
  from space 1088K,  96% used [0x00000000e1880000, 0x00000000e19875e8, 0x00000000e1990000)
  to   space 1088K,   0% used [0x00000000e1990000, 0x00000000e1990000, 0x00000000e1aa0000)
 concurrent mark-sweep generation total 121500K, used 70384K [0x00000000eb4a0000, 0x00000000f2b47000, 0x0000000100000000)
 Metaspace       used 89085K, capacity 93554K, committed 93824K, reserved 1132544K
  class space    used 10737K, capacity 11537K, committed 11648K, reserved 1048576K
}
2019-06-25T19:56:17.999+0000: 387717.012: Application time: 4.4574613 seconds
2019-06-25T19:56:18.000+0000: 387717.012: Application time: 0.0000695 seconds
2019-06-25T19:56:18.000+0000: 387717.012: Application time: 0.0000601 seconds
2019-06-25T19:56:18.000+0000: 387717.013: Application time: 0.0000665 seconds
2019-06-25T19:56:18.001+0000: 387717.013: Application time: 0.0000670 seconds
2019-06-25T19:56:18.001+0000: 387717.013: Application time: 0.0000639 seconds
2019-06-25T19:56:18.496+0000: 387717.508: Application time: 0.4945121 seconds
2019-06-25T19:56:18.564+0000: 387717.576: Application time: 0.0675994 seconds
2019-06-25T19:56:28.007+0000: 387727.019: Application time: 9.4428780 seconds
2019-06-25T19:56:28.007+0000: 387727.019: Application time: 0.0000723 seconds
2019-06-25T19:56:28.007+0000: 387727.019: Application time: 0.0000597 seconds
2019-06-25T19:56:28.007+0000: 387727.020: Application time: 0.0001042 seconds
2019-06-25T19:56:28.008+0000: 387727.020: Application time: 0.0001227 seconds
2019-06-25T19:56:28.009+0000: 387727.021: Application time: 0.0013306 seconds
2019-06-25T19:56:47.350+0000: 387746.362: Application time: 19.3406148 seconds
2019-06-25T19:56:47.406+0000: 387746.418: Application time: 0.0558310 seconds
2019-06-25T19:56:48.019+0000: 387747.031: Application time: 0.6124302 seconds
2019-06-25T19:56:48.019+0000: 387747.032: Application time: 0.0005348 seconds
2019-06-25T19:56:48.020+0000: 387747.032: Application time: 0.0000800 seconds
2019-06-25T19:56:48.020+0000: 387747.032: Application time: 0.0000606 seconds
2019-06-25T19:56:48.020+0000: 387747.033: Application time: 0.0000981 seconds
2019-06-25T19:56:58.026+0000: 387757.038: Application time: 10.0055868 seconds
2019-06-25T19:56:58.026+0000: 387757.039: Application time: 0.0000668 seconds
2019-06-25T19:56:58.027+0000: 387757.039: Application time: 0.0000626 seconds
2019-06-25T19:56:58.027+0000: 387757.039: Application time: 0.0000564 seconds
2019-06-25T19:56:58.027+0000: 387757.039: Application time: 0.0001524 seconds
2019-06-25T19:56:58.027+0000: 387757.040: Application time: 0.0001083 seconds
2019-06-25T19:56:58.029+0000: 387757.041: Application time: 0.0013185 seconds
2019-06-25T19:57:57.037+0000: 387816.049: Application time: 59.0081794 seconds
2019-06-25T19:59:26.174+0000: 387905.186: Application time: 89.1366883 seconds
2019-06-25T19:59:39.176+0000: 387918.188: Application time: 13.0023719 seconds
2019-06-25T19:59:58.130+0000: 387937.142: Application time: 18.9531654 seconds
2019-06-25T20:01:26.186+0000: 388025.199: Application time: 88.0562107 seconds
{Heap before GC invocations=2446 (full 189):
 par new generation   total 9792K, used 9757K [0x00000000e1000000, 0x00000000e1aa0000, 0x00000000eb4a0000)
  eden space 8704K, 100% used [0x00000000e1000000, 0x00000000e1880000, 0x00000000e1880000)
  from space 1088K,  96% used [0x00000000e1880000, 0x00000000e19875e8, 0x00000000e1990000)
  to   space 1088K,   0% used [0x00000000e1990000, 0x00000000e1990000, 0x00000000e1aa0000)
 concurrent mark-sweep generation total 121500K, used 70384K [0x00000000eb4a0000, 0x00000000f2b47000, 0x0000000100000000)
 Metaspace       used 89085K, capacity 93554K, committed 93824K, reserved 1132544K
  class space    used 10737K, capacity 11537K, committed 11648K, reserved 1048576K
2019-06-25T20:01:26.187+0000: 388025.199: [GC (Allocation Failure) 2019-06-25T20:01:26.187+0000: 388025.200: [ParNew: 9757K->786K(9792K), 0.0037117 secs] 80142K->71479K(131292K), 0.0049050 secs] [Times: user=0.01 sys=0.00, real=0.01 secs] 
Heap after GC invocations=2447 (full 189):
 par new generation   total 9792K, used 786K [0x00000000e1000000, 0x00000000e1aa0000, 0x00000000eb4a0000)
  eden space 8704K,   0% used [0x00000000e1000000, 0x00000000e1000000, 0x00000000e1880000)
  from space 1088K,  72% used [0x00000000e1990000, 0x00000000e1a54818, 0x00000000e1aa0000)
  to   space 1088K,   0% used [0x00000000e1880000, 0x00000000e1880000, 0x00000000e1990000)
 concurrent mark-sweep generation total 121500K, used 70693K [0x00000000eb4a0000, 0x00000000f2b47000, 0x0000000100000000)
 Metaspace       used 89085K, capacity 93554K, committed 93824K, reserved 1132544K
  class space    used 10737K, capacity 11537K, committed 11648K, reserved 1048576K
}
2019-06-25T20:04:56.209+0000: 388235.221: Application time: 210.0163774 seconds
2019-06-25T20:04:56.209+0000: 388235.222: Application time: 0.0001585 seconds
2019-06-25T20:04:56.209+0000: 388235.222: Application time: 0.0001569 seconds
2019-06-25T20:04:56.210+0000: 388235.222: Application time: 0.0001341 seconds
2019-06-25T20:04:56.211+0000: 388235.223: Application time: 0.0001306 seconds
2019-06-25T20:04:56.211+0000: 388235.223: Application time: 0.0001517 seconds
2019-06-25T20:04:56.211+0000: 388235.223: Application time: 0.0001405 seconds
2019-06-25T20:04:56.211+0000: 388235.224: Application time: 0.0001402 seconds
2019-06-25T20:04:56.212+0000: 388235.224: Application time: 0.0001560 seconds
2019-06-25T20:04:56.212+0000: 388235.224: Application time: 0.0001290 seconds
2019-06-25T20:08:38.422+0000: 388457.434: Application time: 222.2099193 seconds
{Heap before GC invocations=2447 (full 189):
 par new generation   total 9792K, used 9490K [0x00000000e1000000, 0x00000000e1aa0000, 0x00000000eb4a0000)
  eden space 8704K, 100% used [0x00000000e1000000, 0x00000000e1880000, 0x00000000e1880000)
  from space 1088K,  72% used [0x00000000e1990000, 0x00000000e1a54818, 0x00000000e1aa0000)
  to   space 1088K,   0% used [0x00000000e1880000, 0x00000000e1880000, 0x00000000e1990000)
 concurrent mark-sweep generation total 121500K, used 70693K [0x00000000eb4a0000, 0x00000000f2b47000, 0x0000000100000000)
 Metaspace       used 89086K, capacity 93560K, committed 93824K, reserved 1132544K
  class space    used 10738K, capacity 11538K, committed 11648K, reserved 1048576K
2019-06-25T20:08:38.423+0000: 388457.435: [GC (Allocation Failure) 2019-06-25T20:08:38.423+0000: 388457.436: [ParNew: 9490K->664K(9792K), 0.0041879 secs] 80183K->71699K(131292K), 0.0050488 secs] [Times: user=0.00 sys=0.01, real=0.01 secs] 
Heap after GC invocations=2448 (full 189):
 par new generation   total 9792K, used 664K [0x00000000e1000000, 0x00000000e1aa0000, 0x00000000eb4a0000)
  eden space 8704K,   0% used [0x00000000e1000000, 0x00000000e1000000, 0x00000000e1880000)
  from space 1088K,  61% used [0x00000000e1880000, 0x00000000e1926118, 0x00000000e1990000)
  to   space 1088K,   0% used [0x00000000e1990000, 0x00000000e1990000, 0x00000000e1aa0000)
 concurrent mark-sweep generation total 121500K, used 71034K [0x00000000eb4a0000, 0x00000000f2b47000, 0x0000000100000000)
 Metaspace       used 89086K, capacity 93560K, committed 93824K, reserved 1132544K
  class space    used 10738K, capacity 11538K, committed 11648K, reserved 1048576K
}
2019-06-25T20:09:26.228+0000: 388505.240: Application time: 47.7988206 seconds
2019-06-25T20:13:18.580+0000: 388737.593: Application time: 232.3524172 seconds
2019-06-25T20:13:18.581+0000: 388737.593: Application time: 0.0000723 seconds
2019-06-25T20:13:18.581+0000: 388737.593: Application time: 0.0000601 seconds
2019-06-25T20:13:18.581+0000: 388737.594: Application time: 0.0000910 seconds
2019-06-25T20:13:21.369+0000: 388740.381: Application time: 2.7874501 seconds
2019-06-25T20:13:21.411+0000: 388740.423: Application time: 0.0413638 seconds
2019-06-25T20:13:28.587+0000: 388747.599: Application time: 7.1760425 seconds
2019-06-25T20:13:28.587+0000: 388747.599: Application time: 0.0000686 seconds
2019-06-25T20:13:28.587+0000: 388747.600: Application time: 0.0000645 seconds
2019-06-25T20:13:28.587+0000: 388747.600: Application time: 0.0000266 seconds
2019-06-25T20:13:28.588+0000: 388747.600: Application time: 0.0001474 seconds
2019-06-25T20:13:28.588+0000: 388747.600: Application time: 0.0001558 seconds
2019-06-25T20:13:28.589+0000: 388747.602: Application time: 0.0010608 seconds
2019-06-25T20:14:02.703+0000: 388781.716: Application time: 34.1137884 seconds
{Heap before GC invocations=2448 (full 189):
 par new generation   total 9792K, used 9368K [0x00000000e1000000, 0x00000000e1aa0000, 0x00000000eb4a0000)
  eden space 8704K, 100% used [0x00000000e1000000, 0x00000000e1880000, 0x00000000e1880000)
  from space 1088K,  61% used [0x00000000e1880000, 0x00000000e1926118, 0x00000000e1990000)
  to   space 1088K,   0% used [0x00000000e1990000, 0x00000000e1990000, 0x00000000e1aa0000)
 concurrent mark-sweep generation total 121500K, used 71034K [0x00000000eb4a0000, 0x00000000f2b47000, 0x0000000100000000)
 Metaspace       used 89087K, capacity 93560K, committed 93824K, reserved 1132544K
  class space    used 10738K, capacity 11538K, committed 11648K, reserved 1048576K
2019-06-25T20:14:02.704+0000: 388781.716: [GC (Allocation Failure) 2019-06-25T20:14:02.704+0000: 388781.716: [ParNew: 9368K->729K(9792K), 0.0033718 secs] 80403K->71763K(131292K), 0.0041206 secs] [Times: user=0.01 sys=0.00, real=0.01 secs] 
Heap after GC invocations=2449 (full 189):
 par new generation   total 9792K, used 729K [0x00000000e1000000, 0x00000000e1aa0000, 0x00000000eb4a0000)
  eden space 8704K,   0% used [0x00000000e1000000, 0x00000000e1000000, 0x00000000e1880000)
  from space 1088K,  67% used [0x00000000e1990000, 0x00000000e1a46410, 0x00000000e1aa0000)
  to   space 1088K,   0% used [0x00000000e1880000, 0x00000000e1880000, 0x00000000e1990000)
 concurrent mark-sweep generation total 121500K, used 71034K [0x00000000eb4a0000, 0x00000000f2b47000, 0x0000000100000000)
 Metaspace       used 89087K, capacity 93560K, committed 93824K, reserved 1132544K
  class space    used 10738K, capacity 11538K, committed 11648K, reserved 1048576K
}
2019-06-25T20:16:38.691+0000: 388937.703: Application time: 155.9823163 seconds
2019-06-25T20:18:08.741+0000: 389027.754: Application time: 90.0503037 seconds
2019-06-25T20:18:08.742+0000: 389027.754: Application time: 0.0000740 seconds
2019-06-25T20:18:08.742+0000: 389027.754: Application time: 0.0000605 seconds
2019-06-25T20:18:08.743+0000: 389027.755: Application time: 0.0000726 seconds
2019-06-25T20:18:10.625+0000: 389029.637: Application time: 1.8819437 seconds
2019-06-25T20:18:10.664+0000: 389029.676: Application time: 0.0392433 seconds
2019-06-25T20:18:18.749+0000: 389037.761: Application time: 8.0843392 seconds
2019-06-25T20:18:18.749+0000: 389037.761: Application time: 0.0000693 seconds
2019-06-25T20:18:18.749+0000: 389037.761: Application time: 0.0000651 seconds
2019-06-25T20:18:18.749+0000: 389037.762: Application time: 0.0000599 seconds
2019-06-25T20:18:18.750+0000: 389037.762: Application time: 0.0001232 seconds
2019-06-25T20:18:18.750+0000: 389037.762: Application time: 0.0001079 seconds
2019-06-25T20:18:18.751+0000: 389037.763: Application time: 0.0010206 seconds
2019-06-25T20:19:38.795+0000: 389117.807: Application time: 80.0439993 seconds
{Heap before GC invocations=2449 (full 189):
 par new generation   total 9792K, used 9433K [0x00000000e1000000, 0x00000000e1aa0000, 0x00000000eb4a0000)
  eden space 8704K, 100% used [0x00000000e1000000, 0x00000000e1880000, 0x00000000e1880000)
  from space 1088K,  67% used [0x00000000e1990000, 0x00000000e1a46410, 0x00000000e1aa0000)
  to   space 1088K,   0% used [0x00000000e1880000, 0x00000000e1880000, 0x00000000e1990000)
 concurrent mark-sweep generation total 121500K, used 71034K [0x00000000eb4a0000, 0x00000000f2b47000, 0x0000000100000000)
 Metaspace       used 89087K, capacity 93560K, committed 93824K, reserved 1132544K
  class space    used 10738K, capacity 11538K, committed 11648K, reserved 1048576K
2019-06-25T20:19:38.802+0000: 389117.815: [GC (Allocation Failure) 2019-06-25T20:19:38.803+0000: 389117.815: [ParNew: 9433K->725K(9792K), 0.0035654 secs] 80467K->71929K(131292K), 0.0046184 secs] [Times: user=0.00 sys=0.00, real=0.00 secs] 
Heap after GC invocations=2450 (full 189):
 par new generation   total 9792K, used 725K [0x00000000e1000000, 0x00000000e1aa0000, 0x00000000eb4a0000)
  eden space 8704K,   0% used [0x00000000e1000000, 0x00000000e1000000, 0x00000000e1880000)
  from space 1088K,  66% used [0x00000000e1880000, 0x00000000e19356c0, 0x00000000e1990000)
  to   space 1088K,   0% used [0x00000000e1990000, 0x00000000e1990000, 0x00000000e1aa0000)
 concurrent mark-sweep generation total 121500K, used 71203K [0x00000000eb4a0000, 0x00000000f2b47000, 0x0000000100000000)
 Metaspace       used 89087K, capacity 93560K, committed 93824K, reserved 1132544K
  class space    used 10738K, capacity 11538K, committed 11648K, reserved 1048576K
}
2019-06-25T20:19:44.764+0000: 389123.776: Application time: 5.9562770 seconds
2019-06-25T20:19:44.806+0000: 389123.819: Application time: 0.0423512 seconds
2019-06-25T20:19:48.813+0000: 389127.825: Application time: 4.0060647 seconds
2019-06-25T20:19:48.813+0000: 389127.825: Application time: 0.0000717 seconds
2019-06-25T20:19:48.813+0000: 389127.826: Application time: 0.0004360 seconds
2019-06-25T20:19:48.814+0000: 389127.826: Application time: 0.0000667 seconds
2019-06-25T20:19:58.820+0000: 389137.832: Application time: 10.0059655 seconds
2019-06-25T20:19:58.820+0000: 389137.833: Application time: 0.0000662 seconds
2019-06-25T20:19:58.820+0000: 389137.833: Application time: 0.0000313 seconds
2019-06-25T20:19:58.821+0000: 389137.833: Application time: 0.0000597 seconds
2019-06-25T20:19:58.821+0000: 389137.833: Application time: 0.0001396 seconds
2019-06-25T20:19:58.821+0000: 389137.833: Application time: 0.0001289 seconds
2019-06-25T20:19:58.822+0000: 389137.835: Application time: 0.0012428 seconds
2019-06-25T20:20:18.833+0000: 389157.845: Application time: 20.0102710 seconds
2019-06-25T20:20:18.833+0000: 389157.846: Application time: 0.0000736 seconds
2019-06-25T20:20:18.834+0000: 389157.846: Application time: 0.0000559 seconds
2019-06-25T20:20:18.834+0000: 389157.846: Application time: 0.0000560 seconds
2019-06-25T20:20:18.834+0000: 389157.846: Application time: 0.0003888 seconds
2019-06-25T20:20:18.835+0000: 389157.847: Application time: 0.0001169 seconds
2019-06-25T20:20:18.835+0000: 389157.848: Application time: 0.0001590 seconds
2019-06-25T20:20:18.836+0000: 389157.848: Application time: 0.0001073 seconds
2019-06-25T20:20:22.142+0000: 389161.154: Application time: 3.3059123 seconds
2019-06-25T20:20:22.189+0000: 389161.201: Application time: 0.0472895 seconds
2019-06-25T20:20:28.841+0000: 389167.853: Application time: 6.6516537 seconds
2019-06-25T20:20:28.841+0000: 389167.854: Application time: 0.0000675 seconds
2019-06-25T20:20:28.841+0000: 389167.854: Application time: 0.0000590 seconds
2019-06-25T20:20:28.842+0000: 389167.854: Application time: 0.0000779 seconds
2019-06-25T20:20:28.842+0000: 389167.854: Application time: 0.0000629 seconds
2019-06-25T20:20:28.842+0000: 389167.854: Application time: 0.0000598 seconds
2019-06-25T20:20:28.844+0000: 389167.856: Application time: 0.0012892 seconds
2019-06-25T20:21:08.865+0000: 389207.877: Application time: 40.0208003 seconds
2019-06-25T20:21:08.865+0000: 389207.878: Application time: 0.0000713 seconds
2019-06-25T20:21:08.866+0000: 389207.878: Application time: 0.0001459 seconds
2019-06-25T20:21:08.866+0000: 389207.878: Application time: 0.0001054 seconds
2019-06-25T20:21:10.771+0000: 389209.783: Application time: 1.9049324 seconds
2019-06-25T20:21:10.807+0000: 389209.819: Application time: 0.0356781 seconds
2019-06-25T20:21:18.871+0000: 389217.883: Application time: 8.0642863 seconds
2019-06-25T20:21:18.871+0000: 389217.884: Application time: 0.0000698 seconds
2019-06-25T20:21:18.872+0000: 389217.884: Application time: 0.0000687 seconds
2019-06-25T20:21:18.872+0000: 389217.884: Application time: 0.0000633 seconds
2019-06-25T20:21:18.872+0000: 389217.884: Application time: 0.0000574 seconds
2019-06-25T20:21:18.872+0000: 389217.885: Application time: 0.0001619 seconds
2019-06-25T20:21:18.874+0000: 389217.886: Application time: 0.0016368 seconds
2019-06-25T20:21:32.757+0000: 389231.769: Application time: 13.8826613 seconds
{Heap before GC invocations=2450 (full 189):
 par new generation   total 9792K, used 9429K [0x00000000e1000000, 0x00000000e1aa0000, 0x00000000eb4a0000)
  eden space 8704K, 100% used [0x00000000e1000000, 0x00000000e1880000, 0x00000000e1880000)
  from space 1088K,  66% used [0x00000000e1880000, 0x00000000e19356c0, 0x00000000e1990000)
  to   space 1088K,   0% used [0x00000000e1990000, 0x00000000e1990000, 0x00000000e1aa0000)
 concurrent mark-sweep generation total 121500K, used 71203K [0x00000000eb4a0000, 0x00000000f2b47000, 0x0000000100000000)
 Metaspace       used 89094K, capacity 93572K, committed 93824K, reserved 1132544K
  class space    used 10739K, capacity 11540K, committed 11648K, reserved 1048576K
2019-06-25T20:21:32.758+0000: 389231.770: [GC (Allocation Failure) 2019-06-25T20:21:32.758+0000: 389231.771: [ParNew: 9429K->1088K(9792K), 0.0035100 secs] 80633K->72292K(131292K), 0.0044880 secs] [Times: user=0.00 sys=0.00, real=0.01 secs] 
Heap after GC invocations=2451 (full 189):
 par new generation   total 9792K, used 1088K [0x00000000e1000000, 0x00000000e1aa0000, 0x00000000eb4a0000)
  eden space 8704K,   0% used [0x00000000e1000000, 0x00000000e1000000, 0x00000000e1880000)
  from space 1088K, 100% used [0x00000000e1990000, 0x00000000e1aa0000, 0x00000000e1aa0000)
  to   space 1088K,   0% used [0x00000000e1880000, 0x00000000e1880000, 0x00000000e1990000)
 concurrent mark-sweep generation total 121500K, used 71204K [0x00000000eb4a0000, 0x00000000f2b47000, 0x0000000100000000)
 Metaspace       used 89094K, capacity 93572K, committed 93824K, reserved 1132544K
  class space    used 10739K, capacity 11540K, committed 11648K, reserved 1048576K
}
2019-06-25T20:21:42.764+0000: 389241.777: Application time: 10.0012140 seconds
2019-06-25T20:21:47.464+0000: 389246.476: Application time: 4.6994460 seconds
2019-06-25T20:21:47.549+0000: 389246.561: Application time: 0.0850387 seconds
2019-06-25T20:21:48.889+0000: 389247.902: Application time: 1.3399020 seconds
2019-06-25T20:21:48.890+0000: 389247.902: Application time: 0.0000707 seconds
2019-06-25T20:21:48.890+0000: 389247.903: Application time: 0.0001418 seconds
2019-06-25T20:21:48.890+0000: 389247.903: Application time: 0.0001390 seconds
2019-06-25T20:21:58.859+0000: 389257.872: Application time: 9.9685595 seconds
2019-06-25T20:21:58.860+0000: 389257.872: Application time: 0.0001600 seconds
2019-06-25T20:21:58.860+0000: 389257.872: Application time: 0.0001785 seconds
2019-06-25T20:21:58.860+0000: 389257.873: Application time: 0.0001451 seconds
2019-06-25T20:21:58.860+0000: 389257.873: Application time: 0.0001274 seconds
2019-06-25T20:21:58.861+0000: 389257.873: Application time: 0.0001335 seconds
2019-06-25T20:21:58.863+0000: 389257.875: Application time: 0.0017377 seconds
2019-06-25T20:22:25.315+0000: 389284.328: Application time: 26.4527237 seconds
2019-06-25T20:22:25.373+0000: 389284.385: Application time: 0.0574555 seconds
2019-06-25T20:22:28.912+0000: 389287.925: Application time: 3.5391326 seconds
2019-06-25T20:22:28.913+0000: 389287.926: Application time: 0.0006034 seconds
2019-06-25T20:22:28.914+0000: 389287.926: Application time: 0.0001470 seconds
2019-06-25T20:22:28.914+0000: 389287.926: Application time: 0.0001256 seconds
2019-06-25T20:22:32.767+0000: 389291.779: Application time: 3.8529955 seconds
2019-06-25T20:22:32.767+0000: 389291.780: Application time: 0.0001532 seconds
2019-06-25T20:22:32.768+0000: 389291.780: Application time: 0.0001419 seconds
2019-06-25T20:22:32.768+0000: 389291.780: Application time: 0.0001485 seconds
2019-06-25T20:22:32.768+0000: 389291.781: Application time: 0.0001729 seconds
2019-06-25T20:22:32.769+0000: 389291.781: Application time: 0.0001307 seconds
2019-06-25T20:22:32.770+0000: 389291.782: Application time: 0.0013950 seconds
2019-06-25T20:24:26.613+0000: 389405.626: Application time: 113.8431226 seconds
2019-06-25T20:24:31.832+0000: 389410.844: Application time: 5.2180256 seconds
{Heap before GC invocations=2451 (full 189):
 par new generation   total 9792K, used 9790K [0x00000000e1000000, 0x00000000e1aa0000, 0x00000000eb4a0000)
  eden space 8704K,  99% used [0x00000000e1000000, 0x00000000e187fb60, 0x00000000e1880000)
  from space 1088K, 100% used [0x00000000e1990000, 0x00000000e1aa0000, 0x00000000e1aa0000)
  to   space 1088K,   0% used [0x00000000e1880000, 0x00000000e1880000, 0x00000000e1990000)
 concurrent mark-sweep generation total 121500K, used 71204K [0x00000000eb4a0000, 0x00000000f2b47000, 0x0000000100000000)
 Metaspace       used 89094K, capacity 93572K, committed 93824K, reserved 1132544K
  class space    used 10739K, capacity 11540K, committed 11648K, reserved 1048576K
2019-06-25T20:24:31.832+0000: 389410.845: [GC (Allocation Failure) 2019-06-25T20:24:31.833+0000: 389410.845: [ParNew: 9790K->1088K(9792K), 0.0080151 secs] 80995K->72728K(131292K), 0.0089858 secs] [Times: user=0.02 sys=0.00, real=0.01 secs] 
Heap after GC invocations=2452 (full 189):
 par new generation   total 9792K, used 1088K [0x00000000e1000000, 0x00000000e1aa0000, 0x00000000eb4a0000)
  eden space 8704K,   0% used [0x00000000e1000000, 0x00000000e1000000, 0x00000000e1880000)
  from space 1088K, 100% used [0x00000000e1880000, 0x00000000e1990000, 0x00000000e1990000)
  to   space 1088K,   0% used [0x00000000e1990000, 0x00000000e1990000, 0x00000000e1aa0000)
 concurrent mark-sweep generation total 121500K, used 71640K [0x00000000eb4a0000, 0x00000000f2b47000, 0x0000000100000000)
 Metaspace       used 89094K, capacity 93572K, committed 93824K, reserved 1132544K
  class space    used 10739K, capacity 11540K, committed 11648K, reserved 1048576K
}
2019-06-25T20:24:32.781+0000: 389411.794: Application time: 0.9391705 seconds
2019-06-25T20:24:32.782+0000: 389411.794: Application time: 0.0001497 seconds
2019-06-25T20:24:32.782+0000: 389411.795: Application time: 0.0003087 seconds
2019-06-25T20:24:32.783+0000: 389411.795: Application time: 0.0002120 seconds
2019-06-25T20:24:36.757+0000: 389415.770: Application time: 3.9739501 seconds
2019-06-25T20:24:36.865+0000: 389415.878: Application time: 0.1079379 seconds
2019-06-25T20:24:38.985+0000: 389417.997: Application time: 2.1192295 seconds
2019-06-25T20:24:38.985+0000: 389417.998: Application time: 0.0000633 seconds
2019-06-25T20:24:38.986+0000: 389417.998: Application time: 0.0000772 seconds
2019-06-25T20:24:38.986+0000: 389417.998: Application time: 0.0001112 seconds
2019-06-25T20:24:38.986+0000: 389417.999: Application time: 0.0001038 seconds
2019-06-25T20:24:38.987+0000: 389417.999: Application time: 0.0002348 seconds
2019-06-25T20:24:38.989+0000: 389418.002: Application time: 0.0022618 seconds
2019-06-25T20:25:39.023+0000: 389478.035: Application time: 60.0333161 seconds
2019-06-25T20:25:39.023+0000: 389478.036: Application time: 0.0000694 seconds
2019-06-25T20:25:39.023+0000: 389478.036: Application time: 0.0000594 seconds
2019-06-25T20:25:39.024+0000: 389478.036: Application time: 0.0001406 seconds
2019-06-25T20:25:39.024+0000: 389478.037: Application time: 0.0005753 seconds
2019-06-25T20:25:40.180+0000: 389479.192: Application time: 1.1550932 seconds
2019-06-25T20:25:40.206+0000: 389479.218: Application time: 0.0260597 seconds
2019-06-25T20:25:49.030+0000: 389488.043: Application time: 8.8242479 seconds
2019-06-25T20:25:49.031+0000: 389488.043: Application time: 0.0000695 seconds
2019-06-25T20:25:49.031+0000: 389488.043: Application time: 0.0000646 seconds
2019-06-25T20:25:49.031+0000: 389488.043: Application time: 0.0000591 seconds
2019-06-25T20:25:49.031+0000: 389488.043: Application time: 0.0000609 seconds
2019-06-25T20:25:49.033+0000: 389488.045: Application time: 0.0014766 seconds
2019-06-25T20:26:02.794+0000: 389501.806: Application time: 13.7607488 seconds
2019-06-25T20:26:02.794+0000: 389501.806: Application time: 0.0001384 seconds
2019-06-25T20:26:02.794+0000: 389501.807: Application time: 0.0001264 seconds
2019-06-25T20:26:02.795+0000: 389501.807: Application time: 0.0001196 seconds
2019-06-25T20:26:02.795+0000: 389501.807: Application time: 0.0006642 seconds
2019-06-25T20:26:02.796+0000: 389501.808: Application time: 0.0001426 seconds
2019-06-25T20:26:06.014+0000: 389505.026: Application time: 3.2180556 seconds
2019-06-25T20:26:06.039+0000: 389505.051: Application time: 0.0249225 seconds
2019-06-25T20:26:09.043+0000: 389508.056: Application time: 3.0042325 seconds
2019-06-25T20:26:09.044+0000: 389508.056: Application time: 0.0000741 seconds
2019-06-25T20:26:09.044+0000: 389508.056: Application time: 0.0000598 seconds
2019-06-25T20:26:09.044+0000: 389508.056: Application time: 0.0000631 seconds
2019-06-25T20:26:09.046+0000: 389508.058: Application time: 0.0014679 seconds
2019-06-25T20:27:19.082+0000: 389578.094: Application time: 70.0364039 seconds
{Heap before GC invocations=2452 (full 189):
 par new generation   total 9792K, used 9792K [0x00000000e1000000, 0x00000000e1aa0000, 0x00000000eb4a0000)
  eden space 8704K, 100% used [0x00000000e1000000, 0x00000000e1880000, 0x00000000e1880000)
  from space 1088K, 100% used [0x00000000e1880000, 0x00000000e1990000, 0x00000000e1990000)
  to   space 1088K,   0% used [0x00000000e1990000, 0x00000000e1990000, 0x00000000e1aa0000)
 concurrent mark-sweep generation total 121500K, used 71640K [0x00000000eb4a0000, 0x00000000f2b47000, 0x0000000100000000)
 Metaspace       used 89096K, capacity 93572K, committed 93824K, reserved 1132544K
  class space    used 10739K, capacity 11540K, committed 11648K, reserved 1048576K
2019-06-25T20:27:19.083+0000: 389578.095: [GC (Allocation Failure) 2019-06-25T20:27:19.083+0000: 389578.096: [ParNew: 9792K->712K(9792K), 0.0041134 secs] 81432K->72682K(131292K), 0.0050210 secs] [Times: user=0.00 sys=0.00, real=0.01 secs] 
Heap after GC invocations=2453 (full 189):
 par new generation   total 9792K, used 712K [0x00000000e1000000, 0x00000000e1aa0000, 0x00000000eb4a0000)
  eden space 8704K,   0% used [0x00000000e1000000, 0x00000000e1000000, 0x00000000e1880000)
  from space 1088K,  65% used [0x00000000e1990000, 0x00000000e1a422a0, 0x00000000e1aa0000)
  to   space 1088K,   0% used [0x00000000e1880000, 0x00000000e1880000, 0x00000000e1990000)
 concurrent mark-sweep generation total 121500K, used 71969K [0x00000000eb4a0000, 0x00000000f2b47000, 0x0000000100000000)
 Metaspace       used 89096K, capacity 93572K, committed 93824K, reserved 1132544K
  class space    used 10739K, capacity 11540K, committed 11648K, reserved 1048576K
}
2019-06-25T20:33:19.284+0000: 389938.296: Application time: 360.1953583 seconds
2019-06-25T20:34:29.326+0000: 390008.338: Application time: 70.0412672 seconds
{Heap before GC invocations=2453 (full 189):
 par new generation   total 9792K, used 9416K [0x00000000e1000000, 0x00000000e1aa0000, 0x00000000eb4a0000)
  eden space 8704K, 100% used [0x00000000e1000000, 0x00000000e1880000, 0x00000000e1880000)
  from space 1088K,  65% used [0x00000000e1990000, 0x00000000e1a422a0, 0x00000000e1aa0000)
  to   space 1088K,   0% used [0x00000000e1880000, 0x00000000e1880000, 0x00000000e1990000)
 concurrent mark-sweep generation total 121500K, used 71969K [0x00000000eb4a0000, 0x00000000f2b47000, 0x0000000100000000)
 Metaspace       used 89096K, capacity 93572K, committed 93824K, reserved 1132544K
  class space    used 10739K, capacity 11540K, committed 11648K, reserved 1048576K
2019-06-25T20:34:29.343+0000: 390008.355: [GC (Allocation Failure) 2019-06-25T20:34:29.343+0000: 390008.355: [ParNew: 9416K->992K(9792K), 0.0183980 secs] 81386K->73275K(131292K), 0.0192476 secs] [Times: user=0.03 sys=0.00, real=0.02 secs] 
Heap after GC invocations=2454 (full 189):
 par new generation   total 9792K, used 992K [0x00000000e1000000, 0x00000000e1aa0000, 0x00000000eb4a0000)
  eden space 8704K,   0% used [0x00000000e1000000, 0x00000000e1000000, 0x00000000e1880000)
  from space 1088K,  91% used [0x00000000e1880000, 0x00000000e1978388, 0x00000000e1990000)
  to   space 1088K,   0% used [0x00000000e1990000, 0x00000000e1990000, 0x00000000e1aa0000)
 concurrent mark-sweep generation total 121500K, used 72282K [0x00000000eb4a0000, 0x00000000f2b47000, 0x0000000100000000)
 Metaspace       used 89096K, capacity 93572K, committed 93824K, reserved 1132544K
  class space    used 10739K, capacity 11540K, committed 11648K, reserved 1048576K
}
2019-06-25T20:41:49.607+0000: 390448.620: Application time: 440.2447576 seconds
{Heap before GC invocations=2454 (full 189):
 par new generation   total 9792K, used 9696K [0x00000000e1000000, 0x00000000e1aa0000, 0x00000000eb4a0000)
  eden space 8704K, 100% used [0x00000000e1000000, 0x00000000e1880000, 0x00000000e1880000)
  from space 1088K,  91% used [0x00000000e1880000, 0x00000000e1978388, 0x00000000e1990000)
  to   space 1088K,   0% used [0x00000000e1990000, 0x00000000e1990000, 0x00000000e1aa0000)
 concurrent mark-sweep generation total 121500K, used 72282K [0x00000000eb4a0000, 0x00000000f2b47000, 0x0000000100000000)
 Metaspace       used 89096K, capacity 93572K, committed 93824K, reserved 1132544K
  class space    used 10739K, capacity 11540K, committed 11648K, reserved 1048576K
2019-06-25T20:41:49.608+0000: 390448.621: [GC (Allocation Failure) 2019-06-25T20:41:49.609+0000: 390448.621: [ParNew: 9696K->633K(9792K), 0.0032594 secs] 81979K->72916K(131292K), 0.0041084 secs] [Times: user=0.01 sys=0.00, real=0.00 secs] 
Heap after GC invocations=2455 (full 189):
 par new generation   total 9792K, used 633K [0x00000000e1000000, 0x00000000e1aa0000, 0x00000000eb4a0000)
  eden space 8704K,   0% used [0x00000000e1000000, 0x00000000e1000000, 0x00000000e1880000)
  from space 1088K,  58% used [0x00000000e1990000, 0x00000000e1a2e6d0, 0x00000000e1aa0000)
  to   space 1088K,   0% used [0x00000000e1880000, 0x00000000e1880000, 0x00000000e1990000)
 concurrent mark-sweep generation total 121500K, used 72282K [0x00000000eb4a0000, 0x00000000f2b47000, 0x0000000100000000)
 Metaspace       used 89096K, capacity 93572K, committed 93824K, reserved 1132544K
  class space    used 10739K, capacity 11540K, committed 11648K, reserved 1048576K
}
2019-06-25T20:42:39.641+0000: 390498.653: Application time: 50.0276509 seconds
2019-06-25T20:42:39.641+0000: 390498.654: Application time: 0.0000660 seconds
2019-06-25T20:42:39.641+0000: 390498.654: Application time: 0.0000642 seconds
2019-06-25T20:42:39.642+0000: 390498.654: Application time: 0.0000586 seconds
2019-06-25T20:42:39.642+0000: 390498.655: Application time: 0.0001487 seconds
2019-06-25T20:42:39.642+0000: 390498.655: Application time: 0.0001039 seconds
2019-06-25T20:42:41.204+0000: 390500.217: Application time: 1.5617502 seconds
2019-06-25T20:42:41.230+0000: 390500.243: Application time: 0.0259068 seconds
2019-06-25T20:42:49.648+0000: 390508.660: Application time: 8.4169571 seconds
2019-06-25T20:42:49.648+0000: 390508.660: Application time: 0.0000733 seconds
2019-06-25T20:42:49.648+0000: 390508.661: Application time: 0.0000937 seconds
2019-06-25T20:42:49.649+0000: 390508.661: Application time: 0.0000694 seconds
2019-06-25T20:42:49.650+0000: 390508.662: Application time: 0.0014502 seconds
2019-06-25T20:47:19.798+0000: 390778.811: Application time: 270.1481370 seconds
{Heap before GC invocations=2455 (full 189):
 par new generation   total 9792K, used 9337K [0x00000000e1000000, 0x00000000e1aa0000, 0x00000000eb4a0000)
  eden space 8704K, 100% used [0x00000000e1000000, 0x00000000e1880000, 0x00000000e1880000)
  from space 1088K,  58% used [0x00000000e1990000, 0x00000000e1a2e6d0, 0x00000000e1aa0000)
  to   space 1088K,   0% used [0x00000000e1880000, 0x00000000e1880000, 0x00000000e1990000)
 concurrent mark-sweep generation total 121500K, used 72282K [0x00000000eb4a0000, 0x00000000f2b47000, 0x0000000100000000)
 Metaspace       used 89096K, capacity 93572K, committed 93824K, reserved 1132544K
  class space    used 10739K, capacity 11540K, committed 11648K, reserved 1048576K
2019-06-25T20:47:19.799+0000: 390778.812: [GC (Allocation Failure) 2019-06-25T20:47:19.800+0000: 390778.812: [ParNew: 9337K->516K(9792K), 0.0033407 secs] 81620K->73068K(131292K), 0.0041618 secs] [Times: user=0.00 sys=0.01, real=0.00 secs] 
Heap after GC invocations=2456 (full 189):
 par new generation   total 9792K, used 516K [0x00000000e1000000, 0x00000000e1aa0000, 0x00000000eb4a0000)
  eden space 8704K,   0% used [0x00000000e1000000, 0x00000000e1000000, 0x00000000e1880000)
  from space 1088K,  47% used [0x00000000e1880000, 0x00000000e19010c0, 0x00000000e1990000)
  to   space 1088K,   0% used [0x00000000e1990000, 0x00000000e1990000, 0x00000000e1aa0000)
 concurrent mark-sweep generation total 121500K, used 72552K [0x00000000eb4a0000, 0x00000000f2b47000, 0x0000000100000000)
 Metaspace       used 89096K, capacity 93572K, committed 93824K, reserved 1132544K
  class space    used 10739K, capacity 11540K, committed 11648K, reserved 1048576K
}
2019-06-25T20:47:32.933+0000: 390791.946: Application time: 13.1288407 seconds
2019-06-25T20:47:32.934+0000: 390791.946: Application time: 0.0000697 seconds
2019-06-25T20:47:32.934+0000: 390791.946: Application time: 0.0000611 seconds
2019-06-25T20:47:32.934+0000: 390791.946: Application time: 0.0000718 seconds
2019-06-25T20:47:32.935+0000: 390791.947: Application time: 0.0001625 seconds
2019-06-25T20:47:32.935+0000: 390791.947: Application time: 0.0001165 seconds
2019-06-25T20:47:36.022+0000: 390795.034: Application time: 3.0870260 seconds
2019-06-25T20:47:36.054+0000: 390795.066: Application time: 0.0316936 seconds
2019-06-25T20:47:39.816+0000: 390798.828: Application time: 3.7613857 seconds
2019-06-25T20:47:39.816+0000: 390798.828: Application time: 0.0000772 seconds
2019-06-25T20:47:39.816+0000: 390798.828: Application time: 0.0000610 seconds
2019-06-25T20:47:39.816+0000: 390798.829: Application time: 0.0000657 seconds
2019-06-25T20:47:39.818+0000: 390798.830: Application time: 0.0016029 seconds
2019-06-25T20:49:27.247+0000: 390906.259: Application time: 107.4288637 seconds
2019-06-25T20:49:36.744+0000: 390915.757: Application time: 9.4967867 seconds
2019-06-25T20:49:36.746+0000: 390915.758: Application time: 0.0001488 seconds
2019-06-25T20:49:36.746+0000: 390915.758: Application time: 0.0001465 seconds
2019-06-25T20:49:36.751+0000: 390915.764: Application time: 0.0053146 seconds
{Heap before GC invocations=2456 (full 189):
 par new generation   total 9792K, used 9219K [0x00000000e1000000, 0x00000000e1aa0000, 0x00000000eb4a0000)
  eden space 8704K,  99% used [0x00000000e1000000, 0x00000000e187fba0, 0x00000000e1880000)
  from space 1088K,  47% used [0x00000000e1880000, 0x00000000e19010c0, 0x00000000e1990000)
  to   space 1088K,   0% used [0x00000000e1990000, 0x00000000e1990000, 0x00000000e1aa0000)
 concurrent mark-sweep generation total 121500K, used 72552K [0x00000000eb4a0000, 0x00000000f2b47000, 0x0000000100000000)
 Metaspace       used 89125K, capacity 93620K, committed 93824K, reserved 1132544K
  class space    used 10743K, capacity 11548K, committed 11648K, reserved 1048576K
2019-06-25T20:49:36.752+0000: 390915.764: [GC (Allocation Failure) 2019-06-25T20:49:36.752+0000: 390915.765: [ParNew: 9219K->1049K(9792K), 0.0036318 secs] 81771K->73601K(131292K), 0.0046465 secs] [Times: user=0.01 sys=0.00, real=0.00 secs] 
Heap after GC invocations=2457 (full 189):
 par new generation   total 9792K, used 1049K [0x00000000e1000000, 0x00000000e1aa0000, 0x00000000eb4a0000)
  eden space 8704K,   0% used [0x00000000e1000000, 0x00000000e1000000, 0x00000000e1880000)
  from space 1088K,  96% used [0x00000000e1990000, 0x00000000e1a964f8, 0x00000000e1aa0000)
  to   space 1088K,   0% used [0x00000000e1880000, 0x00000000e1880000, 0x00000000e1990000)
 concurrent mark-sweep generation total 121500K, used 72552K [0x00000000eb4a0000, 0x00000000f2b47000, 0x0000000100000000)
 Metaspace       used 89125K, capacity 93620K, committed 93824K, reserved 1132544K
  class space    used 10743K, capacity 11548K, committed 11648K, reserved 1048576K
}
2019-06-25T20:49:39.882+0000: 390918.894: Application time: 3.1246684 seconds
2019-06-25T20:49:39.882+0000: 390918.895: Application time: 0.0000711 seconds
2019-06-25T20:49:39.883+0000: 390918.895: Application time: 0.0000602 seconds
2019-06-25T20:49:39.883+0000: 390918.895: Application time: 0.0000635 seconds
2019-06-25T20:49:39.883+0000: 390918.896: Application time: 0.0000671 seconds
2019-06-25T20:49:39.884+0000: 390918.896: Application time: 0.0000594 seconds
2019-06-25T20:49:39.884+0000: 390918.896: Application time: 0.0000576 seconds
2019-06-25T20:49:39.884+0000: 390918.897: Application time: 0.0000614 seconds
2019-06-25T20:49:39.885+0000: 390918.897: Application time: 0.0001425 seconds
2019-06-25T20:49:39.885+0000: 390918.897: Application time: 0.0001029 seconds
2019-06-25T20:49:41.747+0000: 390920.759: Application time: 1.8622262 seconds
2019-06-25T20:49:41.780+0000: 390920.793: Application time: 0.0330830 seconds
2019-06-25T20:49:49.889+0000: 390928.902: Application time: 8.1088555 seconds
2019-06-25T20:49:49.891+0000: 390928.903: Application time: 0.0012726 seconds
2019-06-25T20:49:59.895+0000: 390938.907: Application time: 10.0039175 seconds
2019-06-25T20:50:49.924+0000: 390988.936: Application time: 50.0283491 seconds
2019-06-25T20:50:49.924+0000: 390988.936: Application time: 0.0000663 seconds
2019-06-25T20:50:49.924+0000: 390988.937: Application time: 0.0004621 seconds
2019-06-25T20:50:49.925+0000: 390988.937: Application time: 0.0001182 seconds
2019-06-25T20:50:49.925+0000: 390988.938: Application time: 0.0000775 seconds
2019-06-25T20:50:49.925+0000: 390988.938: Application time: 0.0000610 seconds
2019-06-25T20:50:49.926+0000: 390988.938: Application time: 0.0000641 seconds
2019-06-25T20:50:49.926+0000: 390988.938: Application time: 0.0001412 seconds
2019-06-25T20:50:49.926+0000: 390988.939: Application time: 0.0001491 seconds
2019-06-25T20:50:51.626+0000: 390990.638: Application time: 1.6990290 seconds
2019-06-25T20:50:51.698+0000: 390990.711: Application time: 0.0724558 seconds
2019-06-25T20:50:58.937+0000: 390997.949: Application time: 7.2387244 seconds
2019-06-25T20:50:58.938+0000: 390997.950: Application time: 0.0000953 seconds
2019-06-25T20:50:58.938+0000: 390997.950: Application time: 0.0001722 seconds
2019-06-25T20:50:58.938+0000: 390997.950: Application time: 0.0001173 seconds
2019-06-25T20:50:58.939+0000: 390997.952: Application time: 0.0015300 seconds
2019-06-25T20:50:59.933+0000: 390998.945: Application time: 0.9928825 seconds
2019-06-25T20:51:29.948+0000: 391028.961: Application time: 30.0152664 seconds
2019-06-25T20:51:29.949+0000: 391028.961: Application time: 0.0000851 seconds
2019-06-25T20:51:29.949+0000: 391028.961: Application time: 0.0000717 seconds
2019-06-25T20:51:29.949+0000: 391028.962: Application time: 0.0000793 seconds
2019-06-25T20:51:29.950+0000: 391028.962: Application time: 0.0000710 seconds
2019-06-25T20:51:29.950+0000: 391028.962: Application time: 0.0000746 seconds
2019-06-25T20:51:32.976+0000: 391031.988: Application time: 3.0260916 seconds
2019-06-25T20:51:32.977+0000: 391031.989: Application time: 0.0001764 seconds
2019-06-25T20:51:32.977+0000: 391031.989: Application time: 0.0001998 seconds
2019-06-25T20:51:32.977+0000: 391031.990: Application time: 0.0003602 seconds
2019-06-25T20:51:32.978+0000: 391031.990: Application time: 0.0001584 seconds
2019-06-25T20:51:32.979+0000: 391031.992: Application time: 0.0013632 seconds
2019-06-25T20:51:34.395+0000: 391033.407: Application time: 1.4150717 seconds
2019-06-25T20:51:34.443+0000: 391033.455: Application time: 0.0474879 seconds
2019-06-25T20:51:41.643+0000: 391040.656: Application time: 7.2003733 seconds
{Heap before GC invocations=2457 (full 189):
 par new generation   total 9792K, used 9631K [0x00000000e1000000, 0x00000000e1aa0000, 0x00000000eb4a0000)
  eden space 8704K,  98% used [0x00000000e1000000, 0x00000000e1861a90, 0x00000000e1880000)
  from space 1088K,  96% used [0x00000000e1990000, 0x00000000e1a964f8, 0x00000000e1aa0000)
  to   space 1088K,   0% used [0x00000000e1880000, 0x00000000e1880000, 0x00000000e1990000)
 concurrent mark-sweep generation total 121500K, used 72552K [0x00000000eb4a0000, 0x00000000f2b47000, 0x0000000100000000)
 Metaspace       used 89126K, capacity 93620K, committed 93824K, reserved 1132544K
  class space    used 10743K, capacity 11548K, committed 11648K, reserved 1048576K
2019-06-25T20:51:41.644+0000: 391040.656: [GC (Allocation Failure) 2019-06-25T20:51:41.644+0000: 391040.656: [ParNew: 9631K->844K(9792K), 0.0044506 secs] 82183K->74036K(131292K), 0.0054905 secs] [Times: user=0.00 sys=0.01, real=0.01 secs] 
Heap after GC invocations=2458 (full 189):
 par new generation   total 9792K, used 844K [0x00000000e1000000, 0x00000000e1aa0000, 0x00000000eb4a0000)
  eden space 8704K,   0% used [0x00000000e1000000, 0x00000000e1000000, 0x00000000e1880000)
  from space 1088K,  77% used [0x00000000e1880000, 0x00000000e19531a0, 0x00000000e1990000)
  to   space 1088K,   0% used [0x00000000e1990000, 0x00000000e1990000, 0x00000000e1aa0000)
 concurrent mark-sweep generation total 121500K, used 73191K [0x00000000eb4a0000, 0x00000000f2b47000, 0x0000000100000000)
 Metaspace       used 89126K, capacity 93620K, committed 93824K, reserved 1132544K
  class space    used 10743K, capacity 11548K, committed 11648K, reserved 1048576K
}
2019-06-25T20:51:41.650+0000: 391040.662: Application time: 0.0003473 seconds
2019-06-25T20:51:41.650+0000: 391040.663: [GC (CMS Initial Mark) [1 CMS-initial-mark: 73191K(121500K)] 74588K(131292K), 0.0027999 secs] [Times: user=0.00 sys=0.00, real=0.00 secs] 
2019-06-25T20:51:41.654+0000: 391040.666: [CMS-concurrent-mark-start]
2019-06-25T20:51:41.805+0000: 391040.817: [CMS-concurrent-mark: 0.150/0.150 secs] [Times: user=0.14 sys=0.00, real=0.15 secs] 
2019-06-25T20:51:41.805+0000: 391040.817: [CMS-concurrent-preclean-start]
2019-06-25T20:51:41.807+0000: 391040.819: [CMS-concurrent-preclean: 0.002/0.002 secs] [Times: user=0.01 sys=0.00, real=0.00 secs] 
2019-06-25T20:51:41.807+0000: 391040.820: Application time: 0.1532776 seconds
2019-06-25T20:51:41.808+0000: 391040.820: [GC (CMS Final Remark) [YG occupancy: 1815 K (9792 K)]2019-06-25T20:51:41.808+0000: 391040.820: [Rescan (parallel) , 0.0033556 secs]2019-06-25T20:51:41.812+0000: 391040.824: [weak refs processing, 0.0023734 secs]2019-06-25T20:51:41.814+0000: 391040.827: [class unloading, 0.0313900 secs]2019-06-25T20:51:41.846+0000: 391040.859: [scrub symbol table, 0.0259865 secs]2019-06-25T20:51:41.873+0000: 391040.885: [scrub string table, 0.0025204 secs][1 CMS-remark: 73191K(121500K)] 75007K(131292K), 0.0817548 secs] [Times: user=0.08 sys=0.00, real=0.09 secs] 
2019-06-25T20:51:41.890+0000: 391040.902: [CMS-concurrent-sweep-start]
2019-06-25T20:51:41.925+0000: 391040.937: [CMS-concurrent-sweep: 0.035/0.035 secs] [Times: user=0.03 sys=0.00, real=0.03 secs] 
2019-06-25T20:51:41.925+0000: 391040.937: [CMS-concurrent-reset-start]
2019-06-25T20:51:41.926+0000: 391040.938: [CMS-concurrent-reset: 0.001/0.001 secs] [Times: user=0.00 sys=0.00, real=0.00 secs] 
2019-06-25T20:51:42.890+0000: 391041.902: Application time: 1.0002483 seconds
2019-06-25T20:51:46.632+0000: 391045.644: Application time: 3.7416292 seconds
2019-06-25T20:51:46.693+0000: 391045.706: Application time: 0.0608116 seconds
2019-06-25T20:51:49.962+0000: 391048.974: Application time: 3.2682890 seconds
2019-06-25T20:51:49.962+0000: 391048.974: Application time: 0.0000671 seconds
2019-06-25T20:51:49.962+0000: 391048.975: Application time: 0.0000635 seconds
2019-06-25T20:51:49.962+0000: 391048.975: Application time: 0.0000582 seconds
2019-06-25T20:51:49.963+0000: 391048.975: Application time: 0.0000620 seconds
2019-06-25T20:51:50.963+0000: 391049.975: Application time: 1.0001766 seconds
2019-06-25T20:51:54.964+0000: 391053.976: Application time: 4.0005589 seconds
2019-06-25T20:51:56.964+0000: 391055.976: Application time: 2.0003126 seconds
2019-06-25T20:51:57.964+0000: 391056.977: Application time: 1.0000892 seconds
2019-06-25T20:51:58.941+0000: 391057.954: Application time: 0.9770721 seconds
2019-06-25T20:51:58.942+0000: 391057.955: Application time: 0.0007071 seconds
2019-06-25T20:51:58.943+0000: 391057.955: Application time: 0.0000542 seconds
2019-06-25T20:51:58.943+0000: 391057.955: Application time: 0.0002055 seconds
2019-06-25T20:51:58.943+0000: 391057.956: Application time: 0.0001710 seconds
2019-06-25T20:51:58.945+0000: 391057.958: Application time: 0.0017903 seconds
2019-06-25T20:52:00.946+0000: 391059.959: Application time: 2.0005547 seconds
2019-06-25T20:52:40.953+0000: 391099.966: Application time: 40.0067237 seconds
2019-06-25T20:53:00.956+0000: 391119.968: Application time: 20.0023040 seconds
2019-06-25T20:53:50.965+0000: 391169.977: Application time: 50.0086125 seconds
2019-06-25T20:53:59.966+0000: 391178.978: Application time: 9.0010179 seconds
2019-06-25T20:54:00.059+0000: 391179.071: Application time: 0.0928043 seconds
2019-06-25T20:54:00.059+0000: 391179.071: Application time: 0.0000679 seconds
2019-06-25T20:54:00.059+0000: 391179.072: Application time: 0.0000653 seconds
2019-06-25T20:54:00.059+0000: 391179.072: Application time: 0.0004630 seconds
2019-06-25T20:54:00.060+0000: 391179.072: Application time: 0.0000637 seconds
2019-06-25T20:54:02.995+0000: 391182.007: Application time: 2.9345346 seconds
2019-06-25T20:54:02.995+0000: 391182.007: Application time: 0.0001684 seconds
2019-06-25T20:54:02.995+0000: 391182.008: Application time: 0.0001378 seconds
2019-06-25T20:54:02.996+0000: 391182.008: Application time: 0.0002959 seconds
2019-06-25T20:54:02.996+0000: 391182.008: Application time: 0.0002124 seconds
2019-06-25T20:54:02.998+0000: 391182.010: Application time: 0.0014190 seconds
2019-06-25T20:54:04.126+0000: 391183.139: Application time: 1.1283814 seconds
2019-06-25T20:54:04.157+0000: 391183.170: Application time: 0.0307719 seconds
2019-06-25T20:54:57.164+0000: 391236.177: Application time: 53.0068624 seconds
2019-06-25T20:54:58.908+0000: 391237.921: Application time: 1.7437049 seconds
{Heap before GC invocations=2458 (full 190):
 par new generation   total 9792K, used 9326K [0x00000000e1000000, 0x00000000e1aa0000, 0x00000000eb4a0000)
  eden space 8704K,  97% used [0x00000000e1000000, 0x00000000e1848938, 0x00000000e1880000)
  from space 1088K,  77% used [0x00000000e1880000, 0x00000000e19531a0, 0x00000000e1990000)
  to   space 1088K,   0% used [0x00000000e1990000, 0x00000000e1990000, 0x00000000e1aa0000)
 concurrent mark-sweep generation total 121500K, used 69986K [0x00000000eb4a0000, 0x00000000f2b47000, 0x0000000100000000)
 Metaspace       used 89118K, capacity 93608K, committed 93824K, reserved 1132544K
  class space    used 10742K, capacity 11546K, committed 11648K, reserved 1048576K
2019-06-25T20:54:58.909+0000: 391237.921: [GC (Allocation Failure) 2019-06-25T20:54:58.909+0000: 391237.922: [ParNew: 9326K->1088K(9792K), 0.0043231 secs] 79313K->71108K(131292K), 0.0050508 secs] [Times: user=0.01 sys=0.00, real=0.00 secs] 
Heap after GC invocations=2459 (full 190):
 par new generation   total 9792K, used 1088K [0x00000000e1000000, 0x00000000e1aa0000, 0x00000000eb4a0000)
  eden space 8704K,   0% used [0x00000000e1000000, 0x00000000e1000000, 0x00000000e1880000)
  from space 1088K, 100% used [0x00000000e1990000, 0x00000000e1aa0000, 0x00000000e1aa0000)
  to   space 1088K,   0% used [0x00000000e1880000, 0x00000000e1880000, 0x00000000e1990000)
 concurrent mark-sweep generation total 121500K, used 70020K [0x00000000eb4a0000, 0x00000000f2b47000, 0x0000000100000000)
 Metaspace       used 89118K, capacity 93608K, committed 93824K, reserved 1132544K
  class space    used 10742K, capacity 11546K, committed 11648K, reserved 1048576K
}
2019-06-25T20:54:58.953+0000: 391237.965: Application time: 0.0380019 seconds
2019-06-25T20:54:58.953+0000: 391237.965: Application time: 0.0001369 seconds
2019-06-25T20:54:58.953+0000: 391237.966: Application time: 0.0001599 seconds
2019-06-25T20:54:58.954+0000: 391237.966: Application time: 0.0001273 seconds
2019-06-25T20:54:58.954+0000: 391237.967: Application time: 0.0001978 seconds
2019-06-25T20:55:00.091+0000: 391239.104: Application time: 1.1370578 seconds
2019-06-25T20:55:00.092+0000: 391239.104: Application time: 0.0000745 seconds
2019-06-25T20:55:00.092+0000: 391239.104: Application time: 0.0000615 seconds
2019-06-25T20:55:00.092+0000: 391239.105: Application time: 0.0001683 seconds
2019-06-25T20:55:00.092+0000: 391239.105: Application time: 0.0001016 seconds
2019-06-25T20:55:00.094+0000: 391239.106: Application time: 0.0012243 seconds
2019-06-25T20:55:03.897+0000: 391242.910: Application time: 3.8035439 seconds
2019-06-25T20:55:03.937+0000: 391242.949: Application time: 0.0391964 seconds
2019-06-25T20:55:50.120+0000: 391289.133: Application time: 46.1830778 seconds
2019-06-25T20:55:50.121+0000: 391289.133: Application time: 0.0001211 seconds
2019-06-25T20:55:50.121+0000: 391289.134: Application time: 0.0001056 seconds
2019-06-25T20:55:50.122+0000: 391289.134: Application time: 0.0000902 seconds
2019-06-25T20:55:50.122+0000: 391289.135: Application time: 0.0007189 seconds
2019-06-25T20:55:54.264+0000: 391293.276: Application time: 4.1407433 seconds
2019-06-25T20:55:54.305+0000: 391293.317: Application time: 0.0413148 seconds
2019-06-25T20:55:58.957+0000: 391297.969: Application time: 4.6514666 seconds
2019-06-25T20:55:58.957+0000: 391297.969: Application time: 0.0001398 seconds
2019-06-25T20:55:58.957+0000: 391297.970: Application time: 0.0001370 seconds
2019-06-25T20:55:58.958+0000: 391297.970: Application time: 0.0001442 seconds
2019-06-25T20:55:58.958+0000: 391297.970: Application time: 0.0001944 seconds
2019-06-25T20:55:58.958+0000: 391297.971: Application time: 0.0001270 seconds
2019-06-25T20:55:58.959+0000: 391297.972: Application time: 0.0011653 seconds
2019-06-25T20:59:40.250+0000: 391519.262: Application time: 221.2904427 seconds
{Heap before GC invocations=2459 (full 190):
 par new generation   total 9792K, used 9792K [0x00000000e1000000, 0x00000000e1aa0000, 0x00000000eb4a0000)
  eden space 8704K, 100% used [0x00000000e1000000, 0x00000000e1880000, 0x00000000e1880000)
  from space 1088K, 100% used [0x00000000e1990000, 0x00000000e1aa0000, 0x00000000e1aa0000)
  to   space 1088K,   0% used [0x00000000e1880000, 0x00000000e1880000, 0x00000000e1990000)
 concurrent mark-sweep generation total 121500K, used 70020K [0x00000000eb4a0000, 0x00000000f2b47000, 0x0000000100000000)
 Metaspace       used 89118K, capacity 93608K, committed 93824K, reserved 1132544K
  class space    used 10742K, capacity 11546K, committed 11648K, reserved 1048576K
2019-06-25T20:59:40.251+0000: 391519.263: [GC (Allocation Failure) 2019-06-25T20:59:40.251+0000: 391519.263: [ParNew: 9792K->823K(9792K), 0.0045930 secs] 79812K->71610K(131292K), 0.0054028 secs] [Times: user=0.00 sys=0.00, real=0.00 secs] 
Heap after GC invocations=2460 (full 190):
 par new generation   total 9792K, used 823K [0x00000000e1000000, 0x00000000e1aa0000, 0x00000000eb4a0000)
  eden space 8704K,   0% used [0x00000000e1000000, 0x00000000e1000000, 0x00000000e1880000)
  from space 1088K,  75% used [0x00000000e1880000, 0x00000000e194dfb0, 0x00000000e1990000)
  to   space 1088K,   0% used [0x00000000e1990000, 0x00000000e1990000, 0x00000000e1aa0000)
 concurrent mark-sweep generation total 121500K, used 70786K [0x00000000eb4a0000, 0x00000000f2b47000, 0x0000000100000000)
 Metaspace       used 89118K, capacity 93608K, committed 93824K, reserved 1132544K
  class space    used 10742K, capacity 11546K, committed 11648K, reserved 1048576K
}
2019-06-25T21:06:22.317+0000: 391921.329: Application time: 402.0600689 seconds
2019-06-25T21:06:40.485+0000: 391939.497: Application time: 18.1673339 seconds
2019-06-25T21:06:58.988+0000: 391958.000: Application time: 18.5029521 seconds
{Heap before GC invocations=2460 (full 190):
 par new generation   total 9792K, used 9527K [0x00000000e1000000, 0x00000000e1aa0000, 0x00000000eb4a0000)
  eden space 8704K, 100% used [0x00000000e1000000, 0x00000000e1880000, 0x00000000e1880000)
  from space 1088K,  75% used [0x00000000e1880000, 0x00000000e194dfb0, 0x00000000e1990000)
  to   space 1088K,   0% used [0x00000000e1990000, 0x00000000e1990000, 0x00000000e1aa0000)
 concurrent mark-sweep generation total 121500K, used 70786K [0x00000000eb4a0000, 0x00000000f2b47000, 0x0000000100000000)
 Metaspace       used 89118K, capacity 93608K, committed 93824K, reserved 1132544K
  class space    used 10742K, capacity 11546K, committed 11648K, reserved 1048576K
2019-06-25T21:06:58.997+0000: 391958.009: [GC (Allocation Failure) 2019-06-25T21:06:58.997+0000: 391958.010: [ParNew: 9527K->513K(9792K), 0.0031017 secs] 80314K->71300K(131292K), 0.0038413 secs] [Times: user=0.01 sys=0.00, real=0.01 secs] 
Heap after GC invocations=2461 (full 190):
 par new generation   total 9792K, used 513K [0x00000000e1000000, 0x00000000e1aa0000, 0x00000000eb4a0000)
  eden space 8704K,   0% used [0x00000000e1000000, 0x00000000e1000000, 0x00000000e1880000)
  from space 1088K,  47% used [0x00000000e1990000, 0x00000000e1a10638, 0x00000000e1aa0000)
  to   space 1088K,   0% used [0x00000000e1880000, 0x00000000e1880000, 0x00000000e1990000)
 concurrent mark-sweep generation total 121500K, used 70786K [0x00000000eb4a0000, 0x00000000f2b47000, 0x0000000100000000)
 Metaspace       used 89118K, capacity 93608K, committed 93824K, reserved 1132544K
  class space    used 10742K, capacity 11546K, committed 11648K, reserved 1048576K
}
2019-06-25T21:10:57.867+0000: 392196.879: Application time: 238.8654990 seconds
2019-06-25T21:10:57.867+0000: 392196.880: Application time: 0.0000667 seconds
2019-06-25T21:10:57.868+0000: 392196.880: Application time: 0.0000389 seconds
2019-06-25T21:10:57.868+0000: 392196.880: Application time: 0.0000592 seconds
2019-06-25T21:10:57.868+0000: 392196.881: Application time: 0.0001403 seconds
2019-06-25T21:10:57.869+0000: 392196.881: Application time: 0.0000811 seconds
2019-06-25T21:10:57.869+0000: 392196.881: Application time: 0.0001555 seconds
2019-06-25T21:10:57.869+0000: 392196.881: Application time: 0.0001356 seconds
2019-06-25T21:10:57.869+0000: 392196.882: Application time: 0.0001392 seconds
2019-06-25T21:10:57.870+0000: 392196.882: Application time: 0.0001383 seconds
2019-06-25T21:12:29.276+0000: 392288.288: Application time: 91.4058418 seconds
{Heap before GC invocations=2461 (full 190):
 par new generation   total 9792K, used 9217K [0x00000000e1000000, 0x00000000e1aa0000, 0x00000000eb4a0000)
  eden space 8704K, 100% used [0x00000000e1000000, 0x00000000e1880000, 0x00000000e1880000)
  from space 1088K,  47% used [0x00000000e1990000, 0x00000000e1a10638, 0x00000000e1aa0000)
  to   space 1088K,   0% used [0x00000000e1880000, 0x00000000e1880000, 0x00000000e1990000)
 concurrent mark-sweep generation total 121500K, used 70786K [0x00000000eb4a0000, 0x00000000f2b47000, 0x0000000100000000)
 Metaspace       used 89121K, capacity 93614K, committed 93824K, reserved 1132544K
  class space    used 10743K, capacity 11547K, committed 11648K, reserved 1048576K
2019-06-25T21:12:29.277+0000: 392288.289: [GC (Allocation Failure) 2019-06-25T21:12:29.277+0000: 392288.290: [ParNew: 9217K->712K(9792K), 0.0046255 secs] 80004K->71499K(131292K), 0.0056788 secs] [Times: user=0.00 sys=0.00, real=0.01 secs] 
Heap after GC invocations=2462 (full 190):
 par new generation   total 9792K, used 712K [0x00000000e1000000, 0x00000000e1aa0000, 0x00000000eb4a0000)
  eden space 8704K,   0% used [0x00000000e1000000, 0x00000000e1000000, 0x00000000e1880000)
  from space 1088K,  65% used [0x00000000e1880000, 0x00000000e1932368, 0x00000000e1990000)
  to   space 1088K,   0% used [0x00000000e1990000, 0x00000000e1990000, 0x00000000e1aa0000)
 concurrent mark-sweep generation total 121500K, used 70786K [0x00000000eb4a0000, 0x00000000f2b47000, 0x0000000100000000)
 Metaspace       used 89121K, capacity 93614K, committed 93824K, reserved 1132544K
  class space    used 10743K, capacity 11547K, committed 11648K, reserved 1048576K
}
2019-06-25T21:12:30.679+0000: 392289.691: Application time: 1.3961636 seconds
2019-06-25T21:12:30.679+0000: 392289.692: Application time: 0.0000737 seconds
2019-06-25T21:12:30.679+0000: 392289.692: Application time: 0.0000429 seconds
2019-06-25T21:12:30.680+0000: 392289.692: Application time: 0.0000633 seconds
2019-06-25T21:12:33.114+0000: 392292.127: Application time: 2.4346491 seconds
2019-06-25T21:12:33.115+0000: 392292.127: Application time: 0.0000704 seconds
2019-06-25T21:12:33.115+0000: 392292.127: Application time: 0.0000645 seconds
2019-06-25T21:12:33.115+0000: 392292.127: Application time: 0.0000587 seconds
2019-06-25T21:12:33.115+0000: 392292.128: Application time: 0.0001522 seconds
2019-06-25T21:12:33.115+0000: 392292.128: Application time: 0.0001043 seconds
2019-06-25T21:12:33.117+0000: 392292.129: Application time: 0.0010366 seconds
2019-06-25T21:12:34.229+0000: 392293.242: Application time: 1.1124957 seconds
2019-06-25T21:12:34.287+0000: 392293.299: Application time: 0.0570451 seconds
2019-06-25T21:14:28.005+0000: 392407.017: Application time: 113.7181214 seconds
2019-06-25T21:16:56.443+0000: 392555.455: Application time: 148.4375771 seconds
2019-06-25T21:16:56.486+0000: 392555.499: Application time: 0.0435578 seconds
2019-06-25T21:16:59.027+0000: 392558.040: Application time: 2.5406074 seconds
2019-06-25T21:16:59.028+0000: 392558.040: Application time: 0.0005406 seconds
2019-06-25T21:16:59.028+0000: 392558.041: Application time: 0.0000646 seconds
2019-06-25T21:16:59.028+0000: 392558.041: Application time: 0.0000621 seconds
2019-06-25T21:17:00.827+0000: 392559.839: Application time: 1.7984539 seconds
2019-06-25T21:17:00.827+0000: 392559.840: Application time: 0.0000706 seconds
2019-06-25T21:17:00.827+0000: 392559.840: Application time: 0.0000606 seconds
2019-06-25T21:17:00.828+0000: 392559.840: Application time: 0.0000571 seconds
2019-06-25T21:17:00.828+0000: 392559.840: Application time: 0.0001585 seconds
2019-06-25T21:17:00.828+0000: 392559.841: Application time: 0.0001567 seconds
2019-06-25T21:17:00.829+0000: 392559.842: Application time: 0.0009949 seconds
2019-06-25T21:17:56.590+0000: 392615.603: Application time: 55.7607628 seconds
{Heap before GC invocations=2462 (full 190):
 par new generation   total 9792K, used 9415K [0x00000000e1000000, 0x00000000e1aa0000, 0x00000000eb4a0000)
  eden space 8704K,  99% used [0x00000000e1000000, 0x00000000e187f910, 0x00000000e1880000)
  from space 1088K,  65% used [0x00000000e1880000, 0x00000000e1932368, 0x00000000e1990000)
  to   space 1088K,   0% used [0x00000000e1990000, 0x00000000e1990000, 0x00000000e1aa0000)
 concurrent mark-sweep generation total 121500K, used 70786K [0x00000000eb4a0000, 0x00000000f2b47000, 0x0000000100000000)
 Metaspace       used 89121K, capacity 93614K, committed 93824K, reserved 1132544K
  class space    used 10743K, capacity 11547K, committed 11648K, reserved 1048576K
2019-06-25T21:17:56.591+0000: 392615.603: [GC (Allocation Failure) 2019-06-25T21:17:56.591+0000: 392615.603: [ParNew: 9415K->633K(9792K), 0.0032613 secs] 80201K->71590K(131292K), 0.0039525 secs] [Times: user=0.00 sys=0.00, real=0.00 secs] 
Heap after GC invocations=2463 (full 190):
 par new generation   total 9792K, used 633K [0x00000000e1000000, 0x00000000e1aa0000, 0x00000000eb4a0000)
  eden space 8704K,   0% used [0x00000000e1000000, 0x00000000e1000000, 0x00000000e1880000)
  from space 1088K,  58% used [0x00000000e1990000, 0x00000000e1a2e6f8, 0x00000000e1aa0000)
  to   space 1088K,   0% used [0x00000000e1880000, 0x00000000e1880000, 0x00000000e1990000)
 concurrent mark-sweep generation total 121500K, used 70957K [0x00000000eb4a0000, 0x00000000f2b47000, 0x0000000100000000)
 Metaspace       used 89121K, capacity 93614K, committed 93824K, reserved 1132544K
  class space    used 10743K, capacity 11547K, committed 11648K, reserved 1048576K
}
2019-06-25T21:19:24.263+0000: 392703.276: Application time: 87.6678705 seconds
2019-06-25T21:19:24.264+0000: 392703.276: Application time: 0.0001771 seconds
2019-06-25T21:19:24.264+0000: 392703.277: Application time: 0.0001651 seconds
2019-06-25T21:19:24.266+0000: 392703.278: Application time: 0.0000925 seconds
2019-06-25T21:19:29.267+0000: 392708.279: Application time: 5.0005369 seconds
2019-06-25T21:19:29.305+0000: 392708.317: Application time: 0.0377566 seconds
2019-06-25T21:19:30.912+0000: 392709.924: Application time: 1.6069975 seconds
2019-06-25T21:19:30.912+0000: 392709.924: Application time: 0.0000834 seconds
2019-06-25T21:19:30.912+0000: 392709.925: Application time: 0.0000607 seconds
2019-06-25T21:19:30.912+0000: 392709.925: Application time: 0.0000584 seconds
2019-06-25T21:19:30.913+0000: 392709.925: Application time: 0.0000643 seconds
2019-06-25T21:19:33.160+0000: 392712.172: Application time: 2.2469663 seconds
2019-06-25T21:19:33.160+0000: 392712.172: Application time: 0.0000762 seconds
2019-06-25T21:19:33.160+0000: 392712.172: Application time: 0.0000782 seconds
2019-06-25T21:19:33.160+0000: 392712.173: Application time: 0.0001887 seconds
2019-06-25T21:19:33.161+0000: 392712.173: Application time: 0.0001511 seconds
2019-06-25T21:19:33.162+0000: 392712.174: Application time: 0.0012843 seconds
2019-06-25T21:20:27.889+0000: 392766.902: Application time: 54.7268593 seconds
{Heap before GC invocations=2463 (full 190):
 par new generation   total 9792K, used 9337K [0x00000000e1000000, 0x00000000e1aa0000, 0x00000000eb4a0000)
  eden space 8704K, 100% used [0x00000000e1000000, 0x00000000e1880000, 0x00000000e1880000)
  from space 1088K,  58% used [0x00000000e1990000, 0x00000000e1a2e6f8, 0x00000000e1aa0000)
  to   space 1088K,   0% used [0x00000000e1880000, 0x00000000e1880000, 0x00000000e1990000)
 concurrent mark-sweep generation total 121500K, used 70957K [0x00000000eb4a0000, 0x00000000f2b47000, 0x0000000100000000)
 Metaspace       used 89125K, capacity 93620K, committed 93824K, reserved 1132544K
  class space    used 10743K, capacity 11548K, committed 11648K, reserved 1048576K
2019-06-25T21:20:27.889+0000: 392766.902: [GC (Allocation Failure) 2019-06-25T21:20:27.890+0000: 392766.902: [ParNew: 9337K->1088K(9792K), 0.0038425 secs] 80294K->72126K(131292K), 0.0046363 secs] [Times: user=0.00 sys=0.00, real=0.00 secs] 
Heap after GC invocations=2464 (full 190):
 par new generation   total 9792K, used 1088K [0x00000000e1000000, 0x00000000e1aa0000, 0x00000000eb4a0000)
  eden space 8704K,   0% used [0x00000000e1000000, 0x00000000e1000000, 0x00000000e1880000)
  from space 1088K, 100% used [0x00000000e1880000, 0x00000000e1990000, 0x00000000e1990000)
  to   space 1088K,   0% used [0x00000000e1990000, 0x00000000e1990000, 0x00000000e1aa0000)
 concurrent mark-sweep generation total 121500K, used 71038K [0x00000000eb4a0000, 0x00000000f2b47000, 0x0000000100000000)
 Metaspace       used 89125K, capacity 93620K, committed 93824K, reserved 1132544K
  class space    used 10743K, capacity 11548K, committed 11648K, reserved 1048576K
}
2019-06-25T21:20:30.953+0000: 392769.965: Application time: 3.0584420 seconds
2019-06-25T21:20:30.954+0000: 392769.966: Application time: 0.0000779 seconds
2019-06-25T21:20:30.954+0000: 392769.966: Application time: 0.0000610 seconds
2019-06-25T21:20:30.954+0000: 392769.966: Application time: 0.0000600 seconds
2019-06-25T21:20:30.955+0000: 392769.967: Application time: 0.0000632 seconds
2019-06-25T21:20:30.955+0000: 392769.967: Application time: 0.0000750 seconds
2019-06-25T21:20:30.956+0000: 392769.968: Application time: 0.0001366 seconds
2019-06-25T21:20:30.956+0000: 392769.968: Application time: 0.0001228 seconds
2019-06-25T21:20:32.872+0000: 392771.884: Application time: 1.9161438 seconds
2019-06-25T21:20:32.917+0000: 392771.929: Application time: 0.0441836 seconds
2019-06-25T21:20:33.168+0000: 392772.181: Application time: 0.2514395 seconds
2019-06-25T21:20:33.169+0000: 392772.181: Application time: 0.0002004 seconds
2019-06-25T21:20:33.169+0000: 392772.181: Application time: 0.0002200 seconds
2019-06-25T21:20:33.169+0000: 392772.182: Application time: 0.0001896 seconds
2019-06-25T21:20:33.170+0000: 392772.182: Application time: 0.0001742 seconds
2019-06-25T21:20:33.170+0000: 392772.182: Application time: 0.0001842 seconds
2019-06-25T21:20:33.172+0000: 392772.184: Application time: 0.0019010 seconds
2019-06-25T21:21:25.180+0000: 392824.192: Application time: 52.0076538 seconds
2019-06-25T21:21:30.995+0000: 392830.007: Application time: 5.8146849 seconds
2019-06-25T21:21:30.995+0000: 392830.008: Application time: 0.0000693 seconds
2019-06-25T21:21:30.995+0000: 392830.008: Application time: 0.0000740 seconds
2019-06-25T21:21:30.996+0000: 392830.008: Application time: 0.0001414 seconds
2019-06-25T21:21:30.996+0000: 392830.008: Application time: 0.0001071 seconds
2019-06-25T21:21:32.481+0000: 392831.494: Application time: 1.4851930 seconds
2019-06-25T21:21:32.506+0000: 392831.518: Application time: 0.0242801 seconds
2019-06-25T21:21:33.178+0000: 392832.191: Application time: 0.6724470 seconds
2019-06-25T21:21:33.179+0000: 392832.191: Application time: 0.0001454 seconds
2019-06-25T21:21:33.179+0000: 392832.191: Application time: 0.0001440 seconds
2019-06-25T21:21:33.179+0000: 392832.192: Application time: 0.0001300 seconds
2019-06-25T21:21:33.180+0000: 392832.192: Application time: 0.0001436 seconds
2019-06-25T21:21:33.181+0000: 392832.193: Application time: 0.0018910 seconds
2019-06-25T21:23:21.057+0000: 392940.069: Application time: 107.8752708 seconds
2019-06-25T21:23:31.063+0000: 392950.075: Application time: 10.0053926 seconds
{Heap before GC invocations=2464 (full 190):
 par new generation   total 9792K, used 9792K [0x00000000e1000000, 0x00000000e1aa0000, 0x00000000eb4a0000)
  eden space 8704K, 100% used [0x00000000e1000000, 0x00000000e1880000, 0x00000000e1880000)
  from space 1088K, 100% used [0x00000000e1880000, 0x00000000e1990000, 0x00000000e1990000)
  to   space 1088K,   0% used [0x00000000e1990000, 0x00000000e1990000, 0x00000000e1aa0000)
 concurrent mark-sweep generation total 121500K, used 71038K [0x00000000eb4a0000, 0x00000000f2b47000, 0x0000000100000000)
 Metaspace       used 89125K, capacity 93620K, committed 93824K, reserved 1132544K
  class space    used 10743K, capacity 11548K, committed 11648K, reserved 1048576K
2019-06-25T21:23:31.063+0000: 392950.075: [GC (Allocation Failure) 2019-06-25T21:23:31.063+0000: 392950.076: [ParNew: 9792K->834K(9792K), 0.0060442 secs] 80830K->72563K(131292K), 0.0069734 secs] [Times: user=0.01 sys=0.00, real=0.01 secs] 
Heap after GC invocations=2465 (full 190):
 par new generation   total 9792K, used 834K [0x00000000e1000000, 0x00000000e1aa0000, 0x00000000eb4a0000)
  eden space 8704K,   0% used [0x00000000e1000000, 0x00000000e1000000, 0x00000000e1880000)
  from space 1088K,  76% used [0x00000000e1990000, 0x00000000e1a60898, 0x00000000e1aa0000)
  to   space 1088K,   0% used [0x00000000e1880000, 0x00000000e1880000, 0x00000000e1990000)
 concurrent mark-sweep generation total 121500K, used 71729K [0x00000000eb4a0000, 0x00000000f2b47000, 0x0000000100000000)
 Metaspace       used 89125K, capacity 93620K, committed 93824K, reserved 1132544K
  class space    used 10743K, capacity 11548K, committed 11648K, reserved 1048576K
}
2019-06-25T21:23:59.047+0000: 392978.059: Application time: 27.9764101 seconds
2019-06-25T21:23:59.047+0000: 392978.059: Application time: 0.0000750 seconds
2019-06-25T21:23:59.047+0000: 392978.060: Application time: 0.0000601 seconds
2019-06-25T21:23:59.048+0000: 392978.060: Application time: 0.0001680 seconds
2019-06-25T21:23:59.048+0000: 392978.061: Application time: 0.0001327 seconds
2019-06-25T21:23:59.532+0000: 392978.544: Application time: 0.4835299 seconds
2019-06-25T21:23:59.566+0000: 392978.578: Application time: 0.0339989 seconds
2019-06-25T21:24:01.088+0000: 392980.100: Application time: 1.5215137 seconds
2019-06-25T21:24:01.088+0000: 392980.101: Application time: 0.0000645 seconds
2019-06-25T21:24:01.088+0000: 392980.101: Application time: 0.0000676 seconds
2019-06-25T21:24:01.089+0000: 392980.101: Application time: 0.0001254 seconds
2019-06-25T21:24:01.089+0000: 392980.101: Application time: 0.0001231 seconds
2019-06-25T21:24:01.091+0000: 392980.103: Application time: 0.0015525 seconds
2019-06-25T21:24:39.434+0000: 393018.446: Application time: 38.3427445 seconds
2019-06-25T21:24:39.490+0000: 393018.502: Application time: 0.0557271 seconds
2019-06-25T21:24:41.112+0000: 393020.124: Application time: 1.6220821 seconds
2019-06-25T21:24:41.112+0000: 393020.125: Application time: 0.0000911 seconds
2019-06-25T21:24:41.113+0000: 393020.125: Application time: 0.0005826 seconds
2019-06-25T21:24:41.113+0000: 393020.126: Application time: 0.0001869 seconds
2019-06-25T21:24:41.114+0000: 393020.126: Application time: 0.0001832 seconds
2019-06-25T21:24:51.120+0000: 393030.132: Application time: 10.0062313 seconds
2019-06-25T21:24:51.120+0000: 393030.133: Application time: 0.0000689 seconds
2019-06-25T21:24:51.121+0000: 393030.133: Application time: 0.0000679 seconds
2019-06-25T21:24:51.121+0000: 393030.133: Application time: 0.0000576 seconds
2019-06-25T21:24:51.121+0000: 393030.133: Application time: 0.0000613 seconds
2019-06-25T21:24:51.123+0000: 393030.135: Application time: 0.0016087 seconds
2019-06-25T21:25:11.132+0000: 393050.144: Application time: 20.0088384 seconds
2019-06-25T21:25:11.133+0000: 393050.145: Application time: 0.0006452 seconds
2019-06-25T21:25:11.133+0000: 393050.145: Application time: 0.0000924 seconds
2019-06-25T21:25:11.133+0000: 393050.146: Application time: 0.0000691 seconds
2019-06-25T21:25:11.134+0000: 393050.146: Application time: 0.0005657 seconds
2019-06-25T21:25:11.134+0000: 393050.147: Application time: 0.0002066 seconds
2019-06-25T21:25:11.135+0000: 393050.147: Application time: 0.0001069 seconds
2019-06-25T21:25:11.169+0000: 393050.181: Application time: 0.0338879 seconds
2019-06-25T21:25:21.140+0000: 393060.153: Application time: 9.9715013 seconds
2019-06-25T21:25:21.141+0000: 393060.153: Application time: 0.0001801 seconds
2019-06-25T21:25:21.141+0000: 393060.153: Application time: 0.0001394 seconds
2019-06-25T21:25:21.141+0000: 393060.154: Application time: 0.0001739 seconds
2019-06-25T21:25:21.143+0000: 393060.155: Application time: 0.0015618 seconds
2019-06-25T21:25:26.965+0000: 393065.977: Application time: 5.8216626 seconds
{Heap before GC invocations=2465 (full 190):
 par new generation   total 9792K, used 9537K [0x00000000e1000000, 0x00000000e1aa0000, 0x00000000eb4a0000)
  eden space 8704K,  99% used [0x00000000e1000000, 0x00000000e187fdf0, 0x00000000e1880000)
  from space 1088K,  76% used [0x00000000e1990000, 0x00000000e1a60898, 0x00000000e1aa0000)
  to   space 1088K,   0% used [0x00000000e1880000, 0x00000000e1880000, 0x00000000e1990000)
 concurrent mark-sweep generation total 121500K, used 71729K [0x00000000eb4a0000, 0x00000000f2b47000, 0x0000000100000000)
 Metaspace       used 89125K, capacity 93620K, committed 93824K, reserved 1132544K
  class space    used 10743K, capacity 11548K, committed 11648K, reserved 1048576K
2019-06-25T21:25:26.966+0000: 393065.978: [GC (Allocation Failure) 2019-06-25T21:25:26.966+0000: 393065.978: [ParNew: 9537K->790K(9792K), 0.0029497 secs] 81267K->72520K(131292K), 0.0039182 secs] [Times: user=0.01 sys=0.00, real=0.01 secs] 
Heap after GC invocations=2466 (full 190):
 par new generation   total 9792K, used 790K [0x00000000e1000000, 0x00000000e1aa0000, 0x00000000eb4a0000)
  eden space 8704K,   0% used [0x00000000e1000000, 0x00000000e1000000, 0x00000000e1880000)
  from space 1088K,  72% used [0x00000000e1880000, 0x00000000e19459b0, 0x00000000e1990000)
  to   space 1088K,   0% used [0x00000000e1990000, 0x00000000e1990000, 0x00000000e1aa0000)
 concurrent mark-sweep generation total 121500K, used 71729K [0x00000000eb4a0000, 0x00000000f2b47000, 0x0000000100000000)
 Metaspace       used 89125K, capacity 93620K, committed 93824K, reserved 1132544K
  class space    used 10743K, capacity 11548K, committed 11648K, reserved 1048576K
}
2019-06-25T21:32:41.388+0000: 393500.400: Application time: 434.4176756 seconds
{Heap before GC invocations=2466 (full 190):
 par new generation   total 9792K, used 9491K [0x00000000e1000000, 0x00000000e1aa0000, 0x00000000eb4a0000)
  eden space 8704K,  99% used [0x00000000e1000000, 0x00000000e187f328, 0x00000000e1880000)
  from space 1088K,  72% used [0x00000000e1880000, 0x00000000e19459b0, 0x00000000e1990000)
  to   space 1088K,   0% used [0x00000000e1990000, 0x00000000e1990000, 0x00000000e1aa0000)
 concurrent mark-sweep generation total 121500K, used 71729K [0x00000000eb4a0000, 0x00000000f2b47000, 0x0000000100000000)
 Metaspace       used 89126K, capacity 93620K, committed 93824K, reserved 1132544K
  class space    used 10743K, capacity 11548K, committed 11648K, reserved 1048576K
2019-06-25T21:32:41.389+0000: 393500.401: [GC (Allocation Failure) 2019-06-25T21:32:41.389+0000: 393500.401: [ParNew: 9491K->617K(9792K), 0.0043791 secs] 81220K->72678K(131292K), 0.0051626 secs] [Times: user=0.01 sys=0.00, real=0.00 secs] 
Heap after GC invocations=2467 (full 190):
 par new generation   total 9792K, used 617K [0x00000000e1000000, 0x00000000e1aa0000, 0x00000000eb4a0000)
  eden space 8704K,   0% used [0x00000000e1000000, 0x00000000e1000000, 0x00000000e1880000)
  from space 1088K,  56% used [0x00000000e1990000, 0x00000000e1a2a7a8, 0x00000000e1aa0000)
  to   space 1088K,   0% used [0x00000000e1880000, 0x00000000e1880000, 0x00000000e1990000)
 concurrent mark-sweep generation total 121500K, used 72060K [0x00000000eb4a0000, 0x00000000f2b47000, 0x0000000100000000)
 Metaspace       used 89126K, capacity 93620K, committed 93824K, reserved 1132544K
  class space    used 10743K, capacity 11548K, committed 11648K, reserved 1048576K
}
2019-06-25T21:39:28.604+0000: 393907.616: Application time: 407.2092256 seconds
2019-06-25T21:39:56.716+0000: 393935.728: Application time: 28.1115885 seconds
{Heap before GC invocations=2467 (full 190):
 par new generation   total 9792K, used 9321K [0x00000000e1000000, 0x00000000e1aa0000, 0x00000000eb4a0000)
  eden space 8704K, 100% used [0x00000000e1000000, 0x00000000e1880000, 0x00000000e1880000)
  from space 1088K,  56% used [0x00000000e1990000, 0x00000000e1a2a7a8, 0x00000000e1aa0000)
  to   space 1088K,   0% used [0x00000000e1880000, 0x00000000e1880000, 0x00000000e1990000)
 concurrent mark-sweep generation total 121500K, used 72060K [0x00000000eb4a0000, 0x00000000f2b47000, 0x0000000100000000)
 Metaspace       used 89126K, capacity 93620K, committed 93824K, reserved 1132544K
  class space    used 10743K, capacity 11548K, committed 11648K, reserved 1048576K
2019-06-25T21:39:56.716+0000: 393935.729: [GC (Allocation Failure) 2019-06-25T21:39:56.717+0000: 393935.729: [ParNew: 9321K->844K(9792K), 0.0034059 secs] 81382K->72905K(131292K), 0.0042781 secs] [Times: user=0.01 sys=0.00, real=0.01 secs] 
Heap after GC invocations=2468 (full 190):
 par new generation   total 9792K, used 844K [0x00000000e1000000, 0x00000000e1aa0000, 0x00000000eb4a0000)
  eden space 8704K,   0% used [0x00000000e1000000, 0x00000000e1000000, 0x00000000e1880000)
  from space 1088K,  77% used [0x00000000e1880000, 0x00000000e1953360, 0x00000000e1990000)
  to   space 1088K,   0% used [0x00000000e1990000, 0x00000000e1990000, 0x00000000e1aa0000)
 concurrent mark-sweep generation total 121500K, used 72060K [0x00000000eb4a0000, 0x00000000f2b47000, 0x0000000100000000)
 Metaspace       used 89126K, capacity 93620K, committed 93824K, reserved 1132544K
  class space    used 10743K, capacity 11548K, committed 11648K, reserved 1048576K
}
2019-06-25T21:40:01.633+0000: 393940.645: Application time: 4.9117103 seconds
2019-06-25T21:42:01.699+0000: 394060.711: Application time: 120.0657452 seconds
2019-06-25T21:42:01.699+0000: 394060.712: Application time: 0.0000626 seconds
2019-06-25T21:42:01.700+0000: 394060.712: Application time: 0.0000692 seconds
2019-06-25T21:42:01.703+0000: 394060.715: Application time: 0.0000644 seconds
2019-06-25T21:42:01.703+0000: 394060.715: Application time: 0.0001401 seconds
2019-06-25T21:42:01.703+0000: 394060.716: Application time: 0.0001365 seconds
2019-06-25T21:42:03.313+0000: 394062.325: Application time: 1.6096533 seconds
2019-06-25T21:42:03.313+0000: 394062.326: Application time: 0.0001692 seconds
2019-06-25T21:42:03.314+0000: 394062.326: Application time: 0.0001581 seconds
2019-06-25T21:42:03.314+0000: 394062.326: Application time: 0.0001745 seconds
2019-06-25T21:42:03.316+0000: 394062.328: Application time: 0.0014412 seconds
2019-06-25T21:42:06.292+0000: 394065.304: Application time: 2.9763519 seconds
2019-06-25T21:42:06.318+0000: 394065.331: Application time: 0.0260914 seconds
2019-06-25T21:45:26.748+0000: 394265.760: Application time: 200.4288178 seconds
{Heap before GC invocations=2468 (full 190):
 par new generation   total 9792K, used 9548K [0x00000000e1000000, 0x00000000e1aa0000, 0x00000000eb4a0000)
  eden space 8704K, 100% used [0x00000000e1000000, 0x00000000e1880000, 0x00000000e1880000)
  from space 1088K,  77% used [0x00000000e1880000, 0x00000000e1953360, 0x00000000e1990000)
  to   space 1088K,   0% used [0x00000000e1990000, 0x00000000e1990000, 0x00000000e1aa0000)
 concurrent mark-sweep generation total 121500K, used 72060K [0x00000000eb4a0000, 0x00000000f2b47000, 0x0000000100000000)
 Metaspace       used 89126K, capacity 93620K, committed 93824K, reserved 1132544K
  class space    used 10743K, capacity 11548K, committed 11648K, reserved 1048576K
2019-06-25T21:45:26.748+0000: 394265.761: [GC (Allocation Failure) 2019-06-25T21:45:26.749+0000: 394265.761: [ParNew: 9548K->599K(9792K), 0.0034987 secs] 81609K->72958K(131292K), 0.0043506 secs] [Times: user=0.00 sys=0.01, real=0.00 secs] 
Heap after GC invocations=2469 (full 190):
 par new generation   total 9792K, used 599K [0x00000000e1000000, 0x00000000e1aa0000, 0x00000000eb4a0000)
  eden space 8704K,   0% used [0x00000000e1000000, 0x00000000e1000000, 0x00000000e1880000)
  from space 1088K,  55% used [0x00000000e1990000, 0x00000000e1a25d20, 0x00000000e1aa0000)
  to   space 1088K,   0% used [0x00000000e1880000, 0x00000000e1880000, 0x00000000e1990000)
 concurrent mark-sweep generation total 121500K, used 72359K [0x00000000eb4a0000, 0x00000000f2b47000, 0x0000000100000000)
 Metaspace       used 89126K, capacity 93620K, committed 93824K, reserved 1132544K
  class space    used 10743K, capacity 11548K, committed 11648K, reserved 1048576K
}
2019-06-25T21:46:17.786+0000: 394316.799: Application time: 51.0328334 seconds
2019-06-25T21:46:17.811+0000: 394316.823: Application time: 0.0245016 seconds
2019-06-25T21:46:21.846+0000: 394320.859: Application time: 4.0350773 seconds
2019-06-25T21:46:21.847+0000: 394320.859: Application time: 0.0000761 seconds
2019-06-25T21:46:21.847+0000: 394320.860: Application time: 0.0000618 seconds
2019-06-25T21:46:21.847+0000: 394320.860: Application time: 0.0000547 seconds
2019-06-25T21:46:21.848+0000: 394320.860: Application time: 0.0001443 seconds
2019-06-25T21:46:21.848+0000: 394320.860: Application time: 0.0001384 seconds
2019-06-25T21:46:31.853+0000: 394330.865: Application time: 10.0049981 seconds
2019-06-25T21:46:31.853+0000: 394330.866: Application time: 0.0000769 seconds
2019-06-25T21:46:31.854+0000: 394330.866: Application time: 0.0000659 seconds
2019-06-25T21:46:31.854+0000: 394330.866: Application time: 0.0000695 seconds
2019-06-25T21:46:31.855+0000: 394330.868: Application time: 0.0013594 seconds
2019-06-25T21:48:49.652+0000: 394468.664: Application time: 137.7962774 seconds
2019-06-25T21:48:49.677+0000: 394468.689: Application time: 0.0247251 seconds
2019-06-25T21:48:51.931+0000: 394470.943: Application time: 2.2540955 seconds
2019-06-25T21:48:51.931+0000: 394470.944: Application time: 0.0000701 seconds
2019-06-25T21:48:51.931+0000: 394470.944: Application time: 0.0005936 seconds
2019-06-25T21:48:51.932+0000: 394470.944: Application time: 0.0000652 seconds
2019-06-25T21:48:51.932+0000: 394470.945: Application time: 0.0001425 seconds
2019-06-25T21:48:51.933+0000: 394470.945: Application time: 0.0001212 seconds
2019-06-25T21:48:52.619+0000: 394471.631: Application time: 0.6860434 seconds
2019-06-25T21:48:52.619+0000: 394471.632: Application time: 0.0000923 seconds
2019-06-25T21:48:52.620+0000: 394471.632: Application time: 0.0000695 seconds
2019-06-25T21:48:52.620+0000: 394471.633: Application time: 0.0000922 seconds
2019-06-25T21:48:52.623+0000: 394471.635: Application time: 0.0019680 seconds
{Heap before GC invocations=2469 (full 190):
 par new generation   total 9792K, used 9302K [0x00000000e1000000, 0x00000000e1aa0000, 0x00000000eb4a0000)
  eden space 8704K,  99% used [0x00000000e1000000, 0x00000000e187fcc8, 0x00000000e1880000)
  from space 1088K,  55% used [0x00000000e1990000, 0x00000000e1a25d20, 0x00000000e1aa0000)
  to   space 1088K,   0% used [0x00000000e1880000, 0x00000000e1880000, 0x00000000e1990000)
 concurrent mark-sweep generation total 121500K, used 72359K [0x00000000eb4a0000, 0x00000000f2b47000, 0x0000000100000000)
 Metaspace       used 89137K, capacity 93638K, committed 93824K, reserved 1132544K
  class space    used 10745K, capacity 11551K, committed 11648K, reserved 1048576K
2019-06-25T21:48:52.623+0000: 394471.636: [GC (Allocation Failure) 2019-06-25T21:48:52.623+0000: 394471.636: [ParNew: 9302K->859K(9792K), 0.0057937 secs] 81661K->73218K(131292K), 0.0064285 secs] [Times: user=0.01 sys=0.00, real=0.01 secs] 
Heap after GC invocations=2470 (full 190):
 par new generation   total 9792K, used 859K [0x00000000e1000000, 0x00000000e1aa0000, 0x00000000eb4a0000)
  eden space 8704K,   0% used [0x00000000e1000000, 0x00000000e1000000, 0x00000000e1880000)
  from space 1088K,  79% used [0x00000000e1880000, 0x00000000e1956f08, 0x00000000e1990000)
  to   space 1088K,   0% used [0x00000000e1990000, 0x00000000e1990000, 0x00000000e1aa0000)
 concurrent mark-sweep generation total 121500K, used 72359K [0x00000000eb4a0000, 0x00000000f2b47000, 0x0000000100000000)
 Metaspace       used 89137K, capacity 93638K, committed 93824K, reserved 1132544K
  class space    used 10745K, capacity 11551K, committed 11648K, reserved 1048576K
}
2019-06-25T21:48:57.621+0000: 394476.634: Application time: 4.9911113 seconds
2019-06-25T21:48:57.654+0000: 394476.667: Application time: 0.0328868 seconds
2019-06-25T21:48:59.113+0000: 394478.125: Application time: 1.4585039 seconds
2019-06-25T21:48:59.113+0000: 394478.126: Application time: 0.0000690 seconds
2019-06-25T21:48:59.113+0000: 394478.126: Application time: 0.0005311 seconds
2019-06-25T21:48:59.114+0000: 394478.126: Application time: 0.0000647 seconds
2019-06-25T21:48:59.114+0000: 394478.127: Application time: 0.0001482 seconds
2019-06-25T21:48:59.115+0000: 394478.127: Application time: 0.0001440 seconds
2019-06-25T21:49:01.938+0000: 394480.951: Application time: 2.8234550 seconds
2019-06-25T21:49:01.939+0000: 394480.951: Application time: 0.0000747 seconds
2019-06-25T21:49:01.939+0000: 394480.951: Application time: 0.0000614 seconds
2019-06-25T21:49:01.939+0000: 394480.951: Application time: 0.0000647 seconds
2019-06-25T21:49:01.940+0000: 394480.953: Application time: 0.0013791 seconds
2019-06-25T21:50:11.977+0000: 394550.989: Application time: 70.0359980 seconds
2019-06-25T21:50:11.977+0000: 394550.989: Application time: 0.0000621 seconds
2019-06-25T21:50:11.977+0000: 394550.989: Application time: 0.0000608 seconds
2019-06-25T21:50:11.977+0000: 394550.990: Application time: 0.0000637 seconds
2019-06-25T21:50:11.977+0000: 394550.990: Application time: 0.0006363 seconds
2019-06-25T21:50:11.978+0000: 394550.991: Application time: 0.0000934 seconds
2019-06-25T21:50:11.979+0000: 394550.991: Application time: 0.0001150 seconds
2019-06-25T21:50:11.979+0000: 394550.991: Application time: 0.0001303 seconds
2019-06-25T21:50:11.979+0000: 394550.992: Application time: 0.0002880 seconds
2019-06-25T21:50:11.980+0000: 394550.992: Application time: 0.0002355 seconds
2019-06-25T21:50:16.066+0000: 394555.079: Application time: 4.0865386 seconds
2019-06-25T21:50:16.091+0000: 394555.103: Application time: 0.0239087 seconds
2019-06-25T21:50:21.987+0000: 394560.999: Application time: 5.8959066 seconds
2019-06-25T21:51:12.633+0000: 394611.645: Application time: 50.6460723 seconds
2019-06-25T21:51:12.636+0000: 394611.648: Application time: 0.0006331 seconds
2019-06-25T21:51:12.636+0000: 394611.648: Application time: 0.0000408 seconds
2019-06-25T21:51:12.636+0000: 394611.649: Application time: 0.0001052 seconds
2019-06-25T21:51:12.637+0000: 394611.649: Application time: 0.0000624 seconds
2019-06-25T21:51:12.638+0000: 394611.650: Application time: 0.0002466 seconds
2019-06-25T21:51:12.638+0000: 394611.650: Application time: 0.0001311 seconds
2019-06-25T21:51:12.654+0000: 394611.666: Application time: 0.0136890 seconds
{Heap before GC invocations=2470 (full 190):
 par new generation   total 9792K, used 9563K [0x00000000e1000000, 0x00000000e1aa0000, 0x00000000eb4a0000)
  eden space 8704K, 100% used [0x00000000e1000000, 0x00000000e1880000, 0x00000000e1880000)
  from space 1088K,  79% used [0x00000000e1880000, 0x00000000e1956f08, 0x00000000e1990000)
  to   space 1088K,   0% used [0x00000000e1990000, 0x00000000e1990000, 0x00000000e1aa0000)
 concurrent mark-sweep generation total 121500K, used 72359K [0x00000000eb4a0000, 0x00000000f2b47000, 0x0000000100000000)
 Metaspace       used 89137K, capacity 93638K, committed 93824K, reserved 1132544K
  class space    used 10745K, capacity 11551K, committed 11648K, reserved 1048576K
2019-06-25T21:51:12.677+0000: 394611.689: [GC (Allocation Failure) 2019-06-25T21:51:12.677+0000: 394611.689: [ParNew: 9563K->1038K(9792K), 0.0038552 secs] 81922K->73734K(131292K), 0.0053574 secs] [Times: user=0.01 sys=0.00, real=0.01 secs] 
Heap after GC invocations=2471 (full 190):
 par new generation   total 9792K, used 1038K [0x00000000e1000000, 0x00000000e1aa0000, 0x00000000eb4a0000)
  eden space 8704K,   0% used [0x00000000e1000000, 0x00000000e1000000, 0x00000000e1880000)
  from space 1088K,  95% used [0x00000000e1990000, 0x00000000e1a93890, 0x00000000e1aa0000)
  to   space 1088K,   0% used [0x00000000e1880000, 0x00000000e1880000, 0x00000000e1990000)
 concurrent mark-sweep generation total 121500K, used 72696K [0x00000000eb4a0000, 0x00000000f2b47000, 0x0000000100000000)
 Metaspace       used 89137K, capacity 93638K, committed 93824K, reserved 1132544K
  class space    used 10745K, capacity 11551K, committed 11648K, reserved 1048576K
}
2019-06-25T21:51:17.641+0000: 394616.653: Application time: 4.9575583 seconds
2019-06-25T21:51:17.693+0000: 394616.705: Application time: 0.0522708 seconds
2019-06-25T21:51:22.017+0000: 394621.029: Application time: 4.3236448 seconds
2019-06-25T21:51:22.017+0000: 394621.030: Application time: 0.0000685 seconds
2019-06-25T21:51:22.018+0000: 394621.030: Application time: 0.0000703 seconds
2019-06-25T21:51:22.018+0000: 394621.030: Application time: 0.0000606 seconds
2019-06-25T21:51:22.018+0000: 394621.031: Application time: 0.0000547 seconds
2019-06-25T21:51:22.018+0000: 394621.031: Application time: 0.0000661 seconds
2019-06-25T21:51:22.019+0000: 394621.031: Application time: 0.0001275 seconds
2019-06-25T21:51:22.019+0000: 394621.031: Application time: 0.0000971 seconds
2019-06-25T21:51:23.611+0000: 394622.623: Application time: 1.5919118 seconds
2019-06-25T21:51:23.653+0000: 394622.666: Application time: 0.0423101 seconds
2019-06-25T21:51:32.024+0000: 394631.037: Application time: 8.3705946 seconds
2019-06-25T21:51:32.025+0000: 394631.037: Application time: 0.0000740 seconds
2019-06-25T21:51:32.026+0000: 394631.039: Application time: 0.0014580 seconds
2019-06-25T21:53:52.100+0000: 394771.112: Application time: 140.0735524 seconds
2019-06-25T21:53:52.100+0000: 394771.113: Application time: 0.0000673 seconds
2019-06-25T21:53:52.100+0000: 394771.113: Application time: 0.0005100 seconds
2019-06-25T21:53:52.101+0000: 394771.114: Application time: 0.0000744 seconds
2019-06-25T21:53:52.102+0000: 394771.114: Application time: 0.0000570 seconds
2019-06-25T21:53:52.102+0000: 394771.114: Application time: 0.0000591 seconds
2019-06-25T21:53:52.102+0000: 394771.114: Application time: 0.0001290 seconds
2019-06-25T21:53:52.102+0000: 394771.115: Application time: 0.0001579 seconds
2019-06-25T21:53:55.099+0000: 394774.111: Application time: 2.9960046 seconds
2019-06-25T21:53:55.128+0000: 394774.140: Application time: 0.0284858 seconds
2019-06-25T21:53:59.127+0000: 394778.140: Application time: 3.9995388 seconds
2019-06-25T21:53:59.128+0000: 394778.140: Application time: 0.0000757 seconds
2019-06-25T21:53:59.128+0000: 394778.140: Application time: 0.0000267 seconds
2019-06-25T21:53:59.128+0000: 394778.140: Application time: 0.0001646 seconds
2019-06-25T21:53:59.128+0000: 394778.141: Application time: 0.0001300 seconds
2019-06-25T21:53:59.130+0000: 394778.142: Application time: 0.0015596 seconds
2019-06-25T21:54:11.867+0000: 394790.879: Application time: 12.7367181 seconds
{Heap before GC invocations=2471 (full 190):
 par new generation   total 9792K, used 9740K [0x00000000e1000000, 0x00000000e1aa0000, 0x00000000eb4a0000)
  eden space 8704K,  99% used [0x00000000e1000000, 0x00000000e187f8d0, 0x00000000e1880000)
  from space 1088K,  95% used [0x00000000e1990000, 0x00000000e1a93890, 0x00000000e1aa0000)
  to   space 1088K,   0% used [0x00000000e1880000, 0x00000000e1880000, 0x00000000e1990000)
 concurrent mark-sweep generation total 121500K, used 72696K [0x00000000eb4a0000, 0x00000000f2b47000, 0x0000000100000000)
 Metaspace       used 89137K, capacity 93638K, committed 93824K, reserved 1132544K
  class space    used 10745K, capacity 11551K, committed 11648K, reserved 1048576K
2019-06-25T21:54:11.867+0000: 394790.880: [GC (Allocation Failure) 2019-06-25T21:54:11.868+0000: 394790.880: [ParNew: 9740K->1088K(9792K), 0.0041116 secs] 82436K->74083K(131292K), 0.0050945 secs] [Times: user=0.00 sys=0.01, real=0.01 secs] 
Heap after GC invocations=2472 (full 190):
 par new generation   total 9792K, used 1088K [0x00000000e1000000, 0x00000000e1aa0000, 0x00000000eb4a0000)
  eden space 8704K,   0% used [0x00000000e1000000, 0x00000000e1000000, 0x00000000e1880000)
  from space 1088K, 100% used [0x00000000e1880000, 0x00000000e1990000, 0x00000000e1990000)
  to   space 1088K,   0% used [0x00000000e1990000, 0x00000000e1990000, 0x00000000e1aa0000)
 concurrent mark-sweep generation total 121500K, used 72995K [0x00000000eb4a0000, 0x00000000f2b47000, 0x0000000100000000)
 Metaspace       used 89137K, capacity 93638K, committed 93824K, reserved 1132544K
  class space    used 10745K, capacity 11551K, committed 11648K, reserved 1048576K
}
2019-06-25T21:54:11.873+0000: 394790.885: Application time: 0.0000756 seconds
2019-06-25T21:54:11.873+0000: 394790.886: [GC (CMS Initial Mark) [1 CMS-initial-mark: 72995K(121500K)] 74085K(131292K), 0.0030153 secs] [Times: user=0.00 sys=0.00, real=0.00 secs] 
2019-06-25T21:54:11.877+0000: 394790.889: [CMS-concurrent-mark-start]
2019-06-25T21:54:12.006+0000: 394791.018: [CMS-concurrent-mark: 0.129/0.129 secs] [Times: user=0.14 sys=0.00, real=0.13 secs] 
2019-06-25T21:54:12.006+0000: 394791.019: [CMS-concurrent-preclean-start]
2019-06-25T21:54:12.008+0000: 394791.020: [CMS-concurrent-preclean: 0.001/0.001 secs] [Times: user=0.00 sys=0.00, real=0.00 secs] 
2019-06-25T21:54:12.008+0000: 394791.020: Application time: 0.1310561 seconds
2019-06-25T21:54:12.008+0000: 394791.021: [GC (CMS Final Remark) [YG occupancy: 2441 K (9792 K)]2019-06-25T21:54:12.009+0000: 394791.021: [Rescan (parallel) , 0.0021995 secs]2019-06-25T21:54:12.011+0000: 394791.023: [weak refs processing, 0.0022590 secs]2019-06-25T21:54:12.014+0000: 394791.026: [class unloading, 0.0295457 secs]2019-06-25T21:54:12.044+0000: 394791.056: [scrub symbol table, 0.0211573 secs]2019-06-25T21:54:12.065+0000: 394791.077: [scrub string table, 0.0015344 secs][1 CMS-remark: 72995K(121500K)] 75436K(131292K), 0.0724602 secs] [Times: user=0.07 sys=0.00, real=0.07 secs] 
2019-06-25T21:54:12.082+0000: 394791.094: [CMS-concurrent-sweep-start]
2019-06-25T21:54:12.088+0000: 394791.101: Application time: 0.0068266 seconds
2019-06-25T21:54:12.114+0000: 394791.126: [CMS-concurrent-sweep: 0.031/0.032 secs] [Times: user=0.04 sys=0.00, real=0.03 secs] 
2019-06-25T21:54:12.114+0000: 394791.126: Application time: 0.0254926 seconds
2019-06-25T21:54:12.115+0000: 394791.127: Application time: 0.0000646 seconds
2019-06-25T21:54:12.115+0000: 394791.127: Application time: 0.0000606 seconds
2019-06-25T21:54:12.115+0000: 394791.127: Application time: 0.0000550 seconds
2019-06-25T21:54:12.115+0000: 394791.127: Application time: 0.0000608 seconds
2019-06-25T21:54:12.116+0000: 394791.128: [CMS-concurrent-reset-start]
2019-06-25T21:54:12.116+0000: 394791.128: [CMS-concurrent-reset: 0.000/0.000 secs] [Times: user=0.00 sys=0.00, real=0.00 secs] 
2019-06-25T21:54:13.115+0000: 394792.128: Application time: 1.0002676 seconds
2019-06-25T21:54:16.851+0000: 394795.864: Application time: 3.7356977 seconds
2019-06-25T21:54:16.907+0000: 394795.919: Application time: 0.0554691 seconds
2019-06-25T21:54:22.123+0000: 394801.136: Application time: 5.2162692 seconds
2019-06-25T21:54:22.124+0000: 394801.136: Application time: 0.0000794 seconds
2019-06-25T21:54:22.124+0000: 394801.136: Application time: 0.0000678 seconds
2019-06-25T21:54:22.124+0000: 394801.137: Application time: 0.0001735 seconds
2019-06-25T21:54:22.125+0000: 394801.137: Application time: 0.0001212 seconds
2019-06-25T21:54:22.126+0000: 394801.138: Application time: 0.0011633 seconds
2019-06-25T21:54:25.127+0000: 394804.139: Application time: 3.0004184 seconds
2019-06-25T21:54:27.127+0000: 394806.140: Application time: 2.0003620 seconds
2019-06-25T21:54:29.128+0000: 394808.140: Application time: 2.0003138 seconds
2019-06-25T21:54:32.132+0000: 394811.144: Application time: 3.0041910 seconds
2019-06-25T21:54:42.134+0000: 394821.147: Application time: 10.0021422 seconds
2019-06-25T21:54:42.137+0000: 394821.149: Application time: 0.0019747 seconds
2019-06-25T21:54:42.137+0000: 394821.149: Application time: 0.0001502 seconds
2019-06-25T21:54:42.137+0000: 394821.150: Application time: 0.0001526 seconds
2019-06-25T21:54:42.138+0000: 394821.150: Application time: 0.0000791 seconds
2019-06-25T21:54:42.138+0000: 394821.150: Application time: 0.0000693 seconds
2019-06-25T21:54:46.558+0000: 394825.571: Application time: 4.4200954 seconds
2019-06-25T21:54:46.584+0000: 394825.597: Application time: 0.0258274 seconds
2019-06-25T21:54:52.144+0000: 394831.156: Application time: 5.5595184 seconds
2019-06-25T21:54:52.144+0000: 394831.157: Application time: 0.0000687 seconds
2019-06-25T21:54:52.145+0000: 394831.157: Application time: 0.0000659 seconds
2019-06-25T21:54:52.145+0000: 394831.157: Application time: 0.0000590 seconds
2019-06-25T21:54:52.145+0000: 394831.157: Application time: 0.0001417 seconds
2019-06-25T21:54:52.145+0000: 394831.158: Application time: 0.0005839 seconds
2019-06-25T21:54:52.147+0000: 394831.159: Application time: 0.0011659 seconds
2019-06-25T21:54:59.149+0000: 394838.161: Application time: 7.0013600 seconds
2019-06-25T21:55:01.149+0000: 394840.161: Application time: 2.0004001 seconds
2019-06-25T21:55:04.150+0000: 394843.162: Application time: 3.0006088 seconds
2019-06-25T21:55:27.153+0000: 394866.166: Application time: 23.0031717 seconds
2019-06-25T21:56:01.157+0000: 394900.170: Application time: 34.0041136 seconds
2019-06-25T21:56:13.159+0000: 394912.171: Application time: 12.0014241 seconds
2019-06-25T21:56:24.161+0000: 394923.173: Application time: 11.0016014 seconds
2019-06-25T21:56:42.206+0000: 394941.218: Application time: 18.0450385 seconds
2019-06-25T21:56:58.713+0000: 394957.726: Application time: 16.5071811 seconds
2019-06-25T21:56:58.714+0000: 394957.726: Application time: 0.0000625 seconds
2019-06-25T21:56:58.714+0000: 394957.726: Application time: 0.0000574 seconds
2019-06-25T21:56:58.714+0000: 394957.726: Application time: 0.0000354 seconds
2019-06-25T21:56:58.715+0000: 394957.727: Application time: 0.0000649 seconds
2019-06-25T21:56:58.715+0000: 394957.727: Application time: 0.0000578 seconds
2019-06-25T21:56:58.715+0000: 394957.727: Application time: 0.0000565 seconds
2019-06-25T21:56:58.715+0000: 394957.728: Application time: 0.0000562 seconds
2019-06-25T21:56:58.715+0000: 394957.728: Application time: 0.0000699 seconds
2019-06-25T21:58:03.421+0000: 395022.434: Application time: 64.7056358 seconds
{Heap before GC invocations=2472 (full 191):
 par new generation   total 9792K, used 9792K [0x00000000e1000000, 0x00000000e1aa0000, 0x00000000eb4a0000)
  eden space 8704K, 100% used [0x00000000e1000000, 0x00000000e1880000, 0x00000000e1880000)
  from space 1088K, 100% used [0x00000000e1880000, 0x00000000e1990000, 0x00000000e1990000)
  to   space 1088K,   0% used [0x00000000e1990000, 0x00000000e1990000, 0x00000000e1aa0000)
 concurrent mark-sweep generation total 121500K, used 69593K [0x00000000eb4a0000, 0x00000000f2b47000, 0x0000000100000000)
 Metaspace       used 89118K, capacity 93608K, committed 93824K, reserved 1132544K
  class space    used 10742K, capacity 11546K, committed 11648K, reserved 1048576K
2019-06-25T21:58:03.422+0000: 395022.434: [GC (Allocation Failure) 2019-06-25T21:58:03.422+0000: 395022.435: [ParNew: 9792K->981K(9792K), 0.0039261 secs] 79385K->70859K(131292K), 0.0047308 secs] [Times: user=0.00 sys=0.00, real=0.00 secs] 
Heap after GC invocations=2473 (full 191):
 par new generation   total 9792K, used 981K [0x00000000e1000000, 0x00000000e1aa0000, 0x00000000eb4a0000)
  eden space 8704K,   0% used [0x00000000e1000000, 0x00000000e1000000, 0x00000000e1880000)
  from space 1088K,  90% used [0x00000000e1990000, 0x00000000e1a85600, 0x00000000e1aa0000)
  to   space 1088K,   0% used [0x00000000e1880000, 0x00000000e1880000, 0x00000000e1990000)
 concurrent mark-sweep generation total 121500K, used 69877K [0x00000000eb4a0000, 0x00000000f2b47000, 0x0000000100000000)
 Metaspace       used 89118K, capacity 93608K, committed 93824K, reserved 1132544K
  class space    used 10742K, capacity 11546K, committed 11648K, reserved 1048576K
}
2019-06-25T22:04:28.761+0000: 395407.773: Application time: 385.3337313 seconds
2019-06-25T22:05:00.765+0000: 395439.777: Application time: 32.0036839 seconds
2019-06-25T22:05:26.862+0000: 395465.874: Application time: 26.0964419 seconds
{Heap before GC invocations=2473 (full 191):
 par new generation   total 9792K, used 9683K [0x00000000e1000000, 0x00000000e1aa0000, 0x00000000eb4a0000)
  eden space 8704K,  99% used [0x00000000e1000000, 0x00000000e187f8e0, 0x00000000e1880000)
  from space 1088K,  90% used [0x00000000e1990000, 0x00000000e1a85600, 0x00000000e1aa0000)
  to   space 1088K,   0% used [0x00000000e1880000, 0x00000000e1880000, 0x00000000e1990000)
 concurrent mark-sweep generation total 121500K, used 69877K [0x00000000eb4a0000, 0x00000000f2b47000, 0x0000000100000000)
 Metaspace       used 89118K, capacity 93608K, committed 93824K, reserved 1132544K
  class space    used 10742K, capacity 11546K, committed 11648K, reserved 1048576K
2019-06-25T22:05:26.862+0000: 395465.875: [GC (Allocation Failure) 2019-06-25T22:05:26.863+0000: 395465.875: [ParNew: 9683K->724K(9792K), 0.0037435 secs] 79561K->70908K(131292K), 0.0046925 secs] [Times: user=0.00 sys=0.00, real=0.00 secs] 
Heap after GC invocations=2474 (full 191):
 par new generation   total 9792K, used 724K [0x00000000e1000000, 0x00000000e1aa0000, 0x00000000eb4a0000)
  eden space 8704K,   0% used [0x00000000e1000000, 0x00000000e1000000, 0x00000000e1880000)
  from space 1088K,  66% used [0x00000000e1880000, 0x00000000e1935210, 0x00000000e1990000)
  to   space 1088K,   0% used [0x00000000e1990000, 0x00000000e1990000, 0x00000000e1aa0000)
 concurrent mark-sweep generation total 121500K, used 70183K [0x00000000eb4a0000, 0x00000000f2b47000, 0x0000000100000000)
 Metaspace       used 89118K, capacity 93608K, committed 93824K, reserved 1132544K
  class space    used 10742K, capacity 11546K, committed 11648K, reserved 1048576K
}
2019-06-25T22:11:59.399+0000: 395858.412: Application time: 392.5315608 seconds
{Heap before GC invocations=2474 (full 191):
 par new generation   total 9792K, used 9331K [0x00000000e1000000, 0x00000000e1aa0000, 0x00000000eb4a0000)
  eden space 8704K,  98% used [0x00000000e1000000, 0x00000000e1867be0, 0x00000000e1880000)
  from space 1088K,  66% used [0x00000000e1880000, 0x00000000e1935210, 0x00000000e1990000)
  to   space 1088K,   0% used [0x00000000e1990000, 0x00000000e1990000, 0x00000000e1aa0000)
 concurrent mark-sweep generation total 121500K, used 70183K [0x00000000eb4a0000, 0x00000000f2b47000, 0x0000000100000000)
 Metaspace       used 89121K, capacity 93614K, committed 93824K, reserved 1132544K
  class space    used 10743K, capacity 11547K, committed 11648K, reserved 1048576K
2019-06-25T22:11:59.400+0000: 395858.412: [GC (Allocation Failure) 2019-06-25T22:11:59.400+0000: 395858.413: [ParNew: 9331K->975K(9792K), 0.0039227 secs] 79515K->71159K(131292K), 0.0046956 secs] [Times: user=0.00 sys=0.00, real=0.00 secs] 
Heap after GC invocations=2475 (full 191):
 par new generation   total 9792K, used 975K [0x00000000e1000000, 0x00000000e1aa0000, 0x00000000eb4a0000)
  eden space 8704K,   0% used [0x00000000e1000000, 0x00000000e1000000, 0x00000000e1880000)
  from space 1088K,  89% used [0x00000000e1990000, 0x00000000e1a83f28, 0x00000000e1aa0000)
  to   space 1088K,   0% used [0x00000000e1880000, 0x00000000e1880000, 0x00000000e1990000)
 concurrent mark-sweep generation total 121500K, used 70183K [0x00000000eb4a0000, 0x00000000f2b47000, 0x0000000100000000)
 Metaspace       used 89121K, capacity 93614K, committed 93824K, reserved 1132544K
  class space    used 10743K, capacity 11547K, committed 11648K, reserved 1048576K
}
2019-06-25T22:12:02.718+0000: 395861.730: Application time: 3.3119392 seconds
2019-06-25T22:12:02.718+0000: 395861.730: Application time: 0.0000748 seconds
2019-06-25T22:12:02.718+0000: 395861.731: Application time: 0.0001122 seconds
2019-06-25T22:12:02.718+0000: 395861.731: Application time: 0.0000611 seconds
2019-06-25T22:12:03.514+0000: 395862.526: Application time: 0.7954966 seconds
2019-06-25T22:12:03.514+0000: 395862.527: Application time: 0.0000678 seconds
2019-06-25T22:12:03.514+0000: 395862.527: Application time: 0.0000656 seconds
2019-06-25T22:12:03.515+0000: 395862.527: Application time: 0.0000601 seconds
2019-06-25T22:12:03.515+0000: 395862.527: Application time: 0.0001498 seconds
2019-06-25T22:12:03.515+0000: 395862.527: Application time: 0.0001104 seconds
2019-06-25T22:12:03.516+0000: 395862.529: Application time: 0.0010667 seconds
2019-06-25T22:12:04.397+0000: 395863.409: Application time: 0.8807122 seconds
2019-06-25T22:12:04.430+0000: 395863.442: Application time: 0.0321908 seconds
2019-06-25T22:13:22.760+0000: 395941.772: Application time: 78.3298117 seconds
2019-06-25T22:14:56.922+0000: 396035.934: Application time: 94.1620110 seconds
2019-06-25T22:14:56.922+0000: 396035.935: Application time: 0.0001334 seconds
2019-06-25T22:14:56.922+0000: 396035.935: Application time: 0.0001278 seconds
2019-06-25T22:14:56.923+0000: 396035.935: Application time: 0.0005652 seconds
2019-06-25T22:14:56.923+0000: 396035.936: Application time: 0.0000588 seconds
2019-06-25T22:14:56.923+0000: 396035.936: Application time: 0.0000535 seconds
2019-06-25T22:14:56.924+0000: 396035.936: Application time: 0.0000527 seconds
2019-06-25T22:14:56.924+0000: 396035.936: Application time: 0.0000530 seconds
2019-06-25T22:14:56.924+0000: 396035.936: Application time: 0.0000530 seconds
2019-06-25T22:14:56.924+0000: 396035.936: Application time: 0.0000806 seconds
2019-06-25T22:15:42.808+0000: 396081.820: Application time: 45.8837487 seconds
2019-06-25T22:15:42.836+0000: 396081.849: Application time: 0.0281999 seconds
2019-06-25T22:15:42.837+0000: 396081.849: Application time: 0.0000736 seconds
2019-06-25T22:15:42.837+0000: 396081.849: Application time: 0.0000716 seconds
2019-06-25T22:15:42.837+0000: 396081.849: Application time: 0.0000638 seconds
2019-06-25T22:15:42.844+0000: 396081.856: Application time: 0.0069238 seconds
2019-06-25T22:15:52.843+0000: 396091.855: Application time: 9.9984357 seconds
2019-06-25T22:15:52.843+0000: 396091.856: Application time: 0.0000720 seconds
2019-06-25T22:15:52.844+0000: 396091.856: Application time: 0.0000643 seconds
2019-06-25T22:15:52.844+0000: 396091.856: Application time: 0.0000575 seconds
2019-06-25T22:15:52.844+0000: 396091.856: Application time: 0.0001943 seconds
2019-06-25T22:15:52.844+0000: 396091.857: Application time: 0.0001652 seconds
2019-06-25T22:15:52.846+0000: 396091.858: Application time: 0.0012139 seconds
2019-06-25T22:16:05.776+0000: 396104.789: Application time: 12.9303513 seconds
{Heap before GC invocations=2475 (full 191):
 par new generation   total 9792K, used 9679K [0x00000000e1000000, 0x00000000e1aa0000, 0x00000000eb4a0000)
  eden space 8704K, 100% used [0x00000000e1000000, 0x00000000e1880000, 0x00000000e1880000)
  from space 1088K,  89% used [0x00000000e1990000, 0x00000000e1a83f28, 0x00000000e1aa0000)
  to   space 1088K,   0% used [0x00000000e1880000, 0x00000000e1880000, 0x00000000e1990000)
 concurrent mark-sweep generation total 121500K, used 70183K [0x00000000eb4a0000, 0x00000000f2b47000, 0x0000000100000000)
 Metaspace       used 89121K, capacity 93614K, committed 93824K, reserved 1132544K
  class space    used 10743K, capacity 11547K, committed 11648K, reserved 1048576K
2019-06-25T22:16:05.777+0000: 396104.789: [GC (Allocation Failure) 2019-06-25T22:16:05.777+0000: 396104.790: [ParNew: 9679K->728K(9792K), 0.0037253 secs] 79863K->71152K(131292K), 0.0049254 secs] [Times: user=0.00 sys=0.00, real=0.01 secs] 
Heap after GC invocations=2476 (full 191):
 par new generation   total 9792K, used 728K [0x00000000e1000000, 0x00000000e1aa0000, 0x00000000eb4a0000)
  eden space 8704K,   0% used [0x00000000e1000000, 0x00000000e1000000, 0x00000000e1880000)
  from space 1088K,  66% used [0x00000000e1880000, 0x00000000e1936290, 0x00000000e1990000)
  to   space 1088K,   0% used [0x00000000e1990000, 0x00000000e1990000, 0x00000000e1aa0000)
 concurrent mark-sweep generation total 121500K, used 70424K [0x00000000eb4a0000, 0x00000000f2b47000, 0x0000000100000000)
 Metaspace       used 89121K, capacity 93614K, committed 93824K, reserved 1132544K
  class space    used 10743K, capacity 11547K, committed 11648K, reserved 1048576K
}
2019-06-25T22:18:17.139+0000: 396236.152: Application time: 131.3566272 seconds
2019-06-25T22:18:17.140+0000: 396236.152: Application time: 0.0001582 seconds
2019-06-25T22:18:17.140+0000: 396236.153: Application time: 0.0000608 seconds
2019-06-25T22:18:17.141+0000: 396236.153: Application time: 0.0000620 seconds
2019-06-25T22:18:22.142+0000: 396241.154: Application time: 5.0004945 seconds
2019-06-25T22:18:22.187+0000: 396241.199: Application time: 0.0446457 seconds
2019-06-25T22:18:22.927+0000: 396241.939: Application time: 0.7403383 seconds
2019-06-25T22:18:22.927+0000: 396241.940: Application time: 0.0001221 seconds
2019-06-25T22:18:22.928+0000: 396241.940: Application time: 0.0000943 seconds
2019-06-25T22:18:22.928+0000: 396241.940: Application time: 0.0001219 seconds
2019-06-25T22:18:32.933+0000: 396251.946: Application time: 10.0056110 seconds
2019-06-25T22:18:32.934+0000: 396251.946: Application time: 0.0001309 seconds
2019-06-25T22:18:32.934+0000: 396251.946: Application time: 0.0001498 seconds
2019-06-25T22:18:32.934+0000: 396251.947: Application time: 0.0001663 seconds
2019-06-25T22:18:32.935+0000: 396251.947: Application time: 0.0002957 seconds
2019-06-25T22:18:32.935+0000: 396251.948: Application time: 0.0001836 seconds
2019-06-25T22:18:32.936+0000: 396251.949: Application time: 0.0011601 seconds
2019-06-25T22:19:28.255+0000: 396307.268: Application time: 55.3190442 seconds
{Heap before GC invocations=2476 (full 191):
 par new generation   total 9792K, used 9432K [0x00000000e1000000, 0x00000000e1aa0000, 0x00000000eb4a0000)
  eden space 8704K,  99% used [0x00000000e1000000, 0x00000000e187ff08, 0x00000000e1880000)
  from space 1088K,  66% used [0x00000000e1880000, 0x00000000e1936290, 0x00000000e1990000)
  to   space 1088K,   0% used [0x00000000e1990000, 0x00000000e1990000, 0x00000000e1aa0000)
 concurrent mark-sweep generation total 121500K, used 70424K [0x00000000eb4a0000, 0x00000000f2b47000, 0x0000000100000000)
 Metaspace       used 89121K, capacity 93614K, committed 93824K, reserved 1132544K
  class space    used 10743K, capacity 11547K, committed 11648K, reserved 1048576K
2019-06-25T22:19:28.256+0000: 396307.268: [GC (Allocation Failure) 2019-06-25T22:19:28.256+0000: 396307.269: [ParNew: 9432K->1088K(9792K), 0.0035787 secs] 79856K->71591K(131292K), 0.0045504 secs] [Times: user=0.00 sys=0.00, real=0.01 secs] 
Heap after GC invocations=2477 (full 191):
 par new generation   total 9792K, used 1088K [0x00000000e1000000, 0x00000000e1aa0000, 0x00000000eb4a0000)
  eden space 8704K,   0% used [0x00000000e1000000, 0x00000000e1000000, 0x00000000e1880000)
  from space 1088K, 100% used [0x00000000e1990000, 0x00000000e1aa0000, 0x00000000e1aa0000)
  to   space 1088K,   0% used [0x00000000e1880000, 0x00000000e1880000, 0x00000000e1990000)
 concurrent mark-sweep generation total 121500K, used 70503K [0x00000000eb4a0000, 0x00000000f2b47000, 0x0000000100000000)
 Metaspace       used 89121K, capacity 93614K, committed 93824K, reserved 1132544K
  class space    used 10743K, capacity 11547K, committed 11648K, reserved 1048576K
}
2019-06-25T22:19:32.969+0000: 396311.981: Application time: 4.7074793 seconds
2019-06-25T22:19:32.969+0000: 396311.981: Application time: 0.0000657 seconds
2019-06-25T22:19:32.969+0000: 396311.982: Application time: 0.0000610 seconds
2019-06-25T22:19:32.969+0000: 396311.982: Application time: 0.0000547 seconds
2019-06-25T22:19:32.970+0000: 396311.982: Application time: 0.0000717 seconds
2019-06-25T22:19:32.970+0000: 396311.983: Application time: 0.0001460 seconds
2019-06-25T22:19:33.252+0000: 396312.265: Application time: 0.2819110 seconds
2019-06-25T22:19:33.285+0000: 396312.297: Application time: 0.0322217 seconds
2019-06-25T22:19:33.563+0000: 396312.575: Application time: 0.2782657 seconds
2019-06-25T22:19:33.563+0000: 396312.576: Application time: 0.0000711 seconds
2019-06-25T22:19:33.564+0000: 396312.576: Application time: 0.0001586 seconds
2019-06-25T22:19:33.564+0000: 396312.576: Application time: 0.0001277 seconds
2019-06-25T22:19:33.565+0000: 396312.577: Application time: 0.0010173 seconds
2019-06-25T22:20:51.360+0000: 396390.372: Application time: 77.7944699 seconds
2019-06-25T22:20:51.385+0000: 396390.397: Application time: 0.0251318 seconds
2019-06-25T22:20:53.013+0000: 396392.025: Application time: 1.6277585 seconds
2019-06-25T22:20:53.014+0000: 396392.026: Application time: 0.0000725 seconds
2019-06-25T22:20:53.014+0000: 396392.026: Application time: 0.0004362 seconds
2019-06-25T22:20:53.014+0000: 396392.027: Application time: 0.0000802 seconds
2019-06-25T22:20:53.015+0000: 396392.027: Application time: 0.0000612 seconds
2019-06-25T22:20:53.015+0000: 396392.027: Application time: 0.0000651 seconds
2019-06-25T22:20:59.202+0000: 396398.214: Application time: 6.1868926 seconds
2019-06-25T22:20:59.202+0000: 396398.215: Application time: 0.0000850 seconds
2019-06-25T22:20:59.203+0000: 396398.215: Application time: 0.0000650 seconds
2019-06-25T22:20:59.203+0000: 396398.215: Application time: 0.0000598 seconds
2019-06-25T22:20:59.203+0000: 396398.215: Application time: 0.0000571 seconds
2019-06-25T22:20:59.203+0000: 396398.215: Application time: 0.0000598 seconds
2019-06-25T22:20:59.203+0000: 396398.216: Application time: 0.0001669 seconds
2019-06-25T22:20:59.204+0000: 396398.216: Application time: 0.0001083 seconds
2019-06-25T22:20:59.205+0000: 396398.217: Application time: 0.0011510 seconds
2019-06-25T22:21:13.027+0000: 396412.040: Application time: 13.8226645 seconds
2019-06-25T22:21:13.028+0000: 396412.041: Application time: 0.0001941 seconds
2019-06-25T22:21:17.168+0000: 396416.180: Application time: 4.1397979 seconds
2019-06-25T22:21:17.205+0000: 396416.218: Application time: 0.0371067 seconds
2019-06-25T22:21:23.034+0000: 396422.046: Application time: 5.8282802 seconds
2019-06-25T22:21:23.034+0000: 396422.047: Application time: 0.0000704 seconds
2019-06-25T22:21:23.034+0000: 396422.047: Application time: 0.0000642 seconds
2019-06-25T22:21:23.035+0000: 396422.047: Application time: 0.0000606 seconds
2019-06-25T22:21:23.035+0000: 396422.047: Application time: 0.0000596 seconds
2019-06-25T22:21:23.035+0000: 396422.047: Application time: 0.0000642 seconds
2019-06-25T22:21:23.035+0000: 396422.048: Application time: 0.0001401 seconds
2019-06-25T22:21:23.035+0000: 396422.048: Application time: 0.0001431 seconds
2019-06-25T22:21:23.037+0000: 396422.049: Application time: 0.0010983 seconds
2019-06-25T22:21:56.963+0000: 396455.976: Application time: 33.9263257 seconds
{Heap before GC invocations=2477 (full 191):
 par new generation   total 9792K, used 9792K [0x00000000e1000000, 0x00000000e1aa0000, 0x00000000eb4a0000)
  eden space 8704K, 100% used [0x00000000e1000000, 0x00000000e1880000, 0x00000000e1880000)
  from space 1088K, 100% used [0x00000000e1990000, 0x00000000e1aa0000, 0x00000000e1aa0000)
  to   space 1088K,   0% used [0x00000000e1880000, 0x00000000e1880000, 0x00000000e1990000)
 concurrent mark-sweep generation total 121500K, used 70503K [0x00000000eb4a0000, 0x00000000f2b47000, 0x0000000100000000)
 Metaspace       used 89121K, capacity 93614K, committed 93824K, reserved 1132544K
  class space    used 10743K, capacity 11547K, committed 11648K, reserved 1048576K
2019-06-25T22:21:56.964+0000: 396455.976: [GC (Allocation Failure) 2019-06-25T22:21:56.964+0000: 396455.976: [ParNew: 9792K->728K(9792K), 0.0042844 secs] 80295K->71644K(131292K), 0.0050689 secs] [Times: user=0.01 sys=0.00, real=0.01 secs] 
Heap after GC invocations=2478 (full 191):
 par new generation   total 9792K, used 728K [0x00000000e1000000, 0x00000000e1aa0000, 0x00000000eb4a0000)
  eden space 8704K,   0% used [0x00000000e1000000, 0x00000000e1000000, 0x00000000e1880000)
  from space 1088K,  66% used [0x00000000e1880000, 0x00000000e1936180, 0x00000000e1990000)
  to   space 1088K,   0% used [0x00000000e1990000, 0x00000000e1990000, 0x00000000e1aa0000)
 concurrent mark-sweep generation total 121500K, used 70916K [0x00000000eb4a0000, 0x00000000f2b47000, 0x0000000100000000)
 Metaspace       used 89121K, capacity 93614K, committed 93824K, reserved 1132544K
  class space    used 10743K, capacity 11547K, committed 11648K, reserved 1048576K
}
2019-06-25T22:23:33.111+0000: 396552.124: Application time: 96.1416555 seconds
2019-06-25T22:23:33.112+0000: 396552.124: Application time: 0.0000685 seconds
2019-06-25T22:23:33.112+0000: 396552.124: Application time: 0.0000601 seconds
2019-06-25T22:23:33.112+0000: 396552.124: Application time: 0.0001408 seconds
2019-06-25T22:23:33.113+0000: 396552.125: Application time: 0.0001591 seconds
2019-06-25T22:23:33.591+0000: 396552.603: Application time: 0.4782832 seconds
2019-06-25T22:23:33.592+0000: 396552.604: Application time: 0.0001558 seconds
2019-06-25T22:23:33.592+0000: 396552.604: Application time: 0.0001193 seconds
2019-06-25T22:23:33.592+0000: 396552.604: Application time: 0.0001219 seconds
2019-06-25T22:23:33.592+0000: 396552.605: Application time: 0.0001762 seconds
2019-06-25T22:23:33.594+0000: 396552.606: Application time: 0.0013847 seconds
2019-06-25T22:23:33.764+0000: 396552.777: Application time: 0.1702410 seconds
2019-06-25T22:23:33.790+0000: 396552.802: Application time: 0.0256069 seconds
2019-06-25T22:23:44.793+0000: 396563.805: Application time: 11.0023485 seconds
2019-06-25T22:23:49.021+0000: 396568.033: Application time: 4.2280562 seconds
2019-06-25T22:23:49.047+0000: 396568.059: Application time: 0.0255018 seconds
2019-06-25T22:23:53.124+0000: 396572.136: Application time: 4.0768879 seconds
2019-06-25T22:23:53.124+0000: 396572.137: Application time: 0.0004123 seconds
2019-06-25T22:23:53.125+0000: 396572.137: Application time: 0.0000628 seconds
2019-06-25T22:23:53.125+0000: 396572.137: Application time: 0.0001485 seconds
2019-06-25T22:23:53.125+0000: 396572.137: Application time: 0.0001103 seconds
2019-06-25T22:23:59.212+0000: 396578.224: Application time: 6.0867093 seconds
2019-06-25T22:23:59.212+0000: 396578.225: Application time: 0.0001807 seconds
2019-06-25T22:23:59.213+0000: 396578.225: Application time: 0.0001652 seconds
2019-06-25T22:23:59.213+0000: 396578.225: Application time: 0.0001597 seconds
2019-06-25T22:23:59.213+0000: 396578.226: Application time: 0.0001587 seconds
2019-06-25T22:23:59.215+0000: 396578.227: Application time: 0.0014262 seconds
2019-06-25T22:24:34.195+0000: 396613.207: Application time: 34.9798976 seconds
{Heap before GC invocations=2478 (full 191):
 par new generation   total 9792K, used 9423K [0x00000000e1000000, 0x00000000e1aa0000, 0x00000000eb4a0000)
  eden space 8704K,  99% used [0x00000000e1000000, 0x00000000e187dd50, 0x00000000e1880000)
  from space 1088K,  66% used [0x00000000e1880000, 0x00000000e1936180, 0x00000000e1990000)
  to   space 1088K,   0% used [0x00000000e1990000, 0x00000000e1990000, 0x00000000e1aa0000)
 concurrent mark-sweep generation total 121500K, used 70916K [0x00000000eb4a0000, 0x00000000f2b47000, 0x0000000100000000)
 Metaspace       used 89125K, capacity 93620K, committed 93824K, reserved 1132544K
  class space    used 10743K, capacity 11548K, committed 11648K, reserved 1048576K
2019-06-25T22:24:34.195+0000: 396613.208: [GC (Allocation Failure) 2019-06-25T22:24:34.196+0000: 396613.208: [ParNew: 9423K->1088K(9792K), 0.0069172 secs] 80339K->72351K(131292K), 0.0081722 secs] [Times: user=0.01 sys=0.00, real=0.01 secs] 
Heap after GC invocations=2479 (full 191):
 par new generation   total 9792K, used 1088K [0x00000000e1000000, 0x00000000e1aa0000, 0x00000000eb4a0000)
  eden space 8704K,   0% used [0x00000000e1000000, 0x00000000e1000000, 0x00000000e1880000)
  from space 1088K, 100% used [0x00000000e1990000, 0x00000000e1aa0000, 0x00000000e1aa0000)
  to   space 1088K,   0% used [0x00000000e1880000, 0x00000000e1880000, 0x00000000e1990000)
 concurrent mark-sweep generation total 121500K, used 71263K [0x00000000eb4a0000, 0x00000000f2b47000, 0x0000000100000000)
 Metaspace       used 89125K, capacity 93620K, committed 93824K, reserved 1132544K
  class space    used 10743K, capacity 11548K, committed 11648K, reserved 1048576K
}
2019-06-25T22:24:39.192+0000: 396618.204: Application time: 4.9881186 seconds
2019-06-25T22:24:39.225+0000: 396618.237: Application time: 0.0327801 seconds
2019-06-25T22:24:43.152+0000: 396622.164: Application time: 3.9262426 seconds
2019-06-25T22:24:43.152+0000: 396622.164: Application time: 0.0000689 seconds
2019-06-25T22:24:43.153+0000: 396622.165: Application time: 0.0000727 seconds
2019-06-25T22:24:43.153+0000: 396622.165: Application time: 0.0000611 seconds
2019-06-25T22:24:43.153+0000: 396622.165: Application time: 0.0001487 seconds
2019-06-25T22:24:43.153+0000: 396622.166: Application time: 0.0001385 seconds
2019-06-25T22:24:53.158+0000: 396632.171: Application time: 10.0051047 seconds
2019-06-25T22:24:53.159+0000: 396632.171: Application time: 0.0000722 seconds
2019-06-25T22:24:53.159+0000: 396632.171: Application time: 0.0000607 seconds
2019-06-25T22:24:53.159+0000: 396632.172: Application time: 0.0000655 seconds
2019-06-25T22:24:53.161+0000: 396632.173: Application time: 0.0012522 seconds
2019-06-25T22:29:28.890+0000: 396907.902: Application time: 275.7287307 seconds
2019-06-25T22:30:03.335+0000: 396942.347: Application time: 34.4451328 seconds
2019-06-25T22:31:03.368+0000: 397002.380: Application time: 60.0324977 seconds
{Heap before GC invocations=2479 (full 191):
 par new generation   total 9792K, used 9792K [0x00000000e1000000, 0x00000000e1aa0000, 0x00000000eb4a0000)
  eden space 8704K, 100% used [0x00000000e1000000, 0x00000000e1880000, 0x00000000e1880000)
  from space 1088K, 100% used [0x00000000e1990000, 0x00000000e1aa0000, 0x00000000e1aa0000)
  to   space 1088K,   0% used [0x00000000e1880000, 0x00000000e1880000, 0x00000000e1990000)
 concurrent mark-sweep generation total 121500K, used 71263K [0x00000000eb4a0000, 0x00000000f2b47000, 0x0000000100000000)
 Metaspace       used 89126K, capacity 93620K, committed 93824K, reserved 1132544K
  class space    used 10743K, capacity 11548K, committed 11648K, reserved 1048576K
2019-06-25T22:31:03.368+0000: 397002.381: [GC (Allocation Failure) 2019-06-25T22:31:03.369+0000: 397002.381: [ParNew: 9792K->854K(9792K), 0.0040324 secs] 81055K->72377K(131292K), 0.0049735 secs] [Times: user=0.01 sys=0.00, real=0.00 secs] 
Heap after GC invocations=2480 (full 191):
 par new generation   total 9792K, used 854K [0x00000000e1000000, 0x00000000e1aa0000, 0x00000000eb4a0000)
  eden space 8704K,   0% used [0x00000000e1000000, 0x00000000e1000000, 0x00000000e1880000)
  from space 1088K,  78% used [0x00000000e1880000, 0x00000000e1955a78, 0x00000000e1990000)
  to   space 1088K,   0% used [0x00000000e1990000, 0x00000000e1990000, 0x00000000e1aa0000)
 concurrent mark-sweep generation total 121500K, used 71523K [0x00000000eb4a0000, 0x00000000f2b47000, 0x0000000100000000)
 Metaspace       used 89126K, capacity 93620K, committed 93824K, reserved 1132544K
  class space    used 10743K, capacity 11548K, committed 11648K, reserved 1048576K
}
2019-06-25T22:37:28.931+0000: 397387.943: Application time: 385.5565440 seconds
2019-06-25T22:37:28.931+0000: 397387.943: Application time: 0.0000547 seconds
2019-06-25T22:37:28.931+0000: 397387.944: Application time: 0.0000235 seconds
2019-06-25T22:37:28.931+0000: 397387.944: Application time: 0.0000218 seconds
2019-06-25T22:37:28.933+0000: 397387.945: Application time: 0.0000499 seconds
2019-06-25T22:37:28.933+0000: 397387.945: Application time: 0.0000422 seconds
2019-06-25T22:37:28.933+0000: 397387.945: Application time: 0.0000315 seconds
2019-06-25T22:37:28.933+0000: 397387.945: Application time: 0.0000306 seconds
2019-06-25T22:37:28.933+0000: 397387.945: Application time: 0.0000210 seconds
2019-06-25T22:37:28.933+0000: 397387.945: Application time: 0.0000273 seconds
2019-06-25T22:38:13.616+0000: 397432.628: Application time: 44.6055622 seconds
{Heap before GC invocations=2480 (full 191):
 par new generation   total 9792K, used 9558K [0x00000000e1000000, 0x00000000e1aa0000, 0x00000000eb4a0000)
  eden space 8704K, 100% used [0x00000000e1000000, 0x00000000e1880000, 0x00000000e1880000)
  from space 1088K,  78% used [0x00000000e1880000, 0x00000000e1955a78, 0x00000000e1990000)
  to   space 1088K,   0% used [0x00000000e1990000, 0x00000000e1990000, 0x00000000e1aa0000)
 concurrent mark-sweep generation total 121500K, used 71523K [0x00000000eb4a0000, 0x00000000f2b47000, 0x0000000100000000)
 Metaspace       used 89126K, capacity 93620K, committed 93824K, reserved 1132544K
  class space    used 10743K, capacity 11548K, committed 11648K, reserved 1048576K
2019-06-25T22:38:13.617+0000: 397432.629: [GC (Allocation Failure) 2019-06-25T22:38:13.617+0000: 397432.629: [ParNew: 9558K->1047K(9792K), 0.0032691 secs] 81081K->72570K(131292K), 0.0041643 secs] [Times: user=0.00 sys=0.00, real=0.01 secs] 
Heap after GC invocations=2481 (full 191):
 par new generation   total 9792K, used 1047K [0x00000000e1000000, 0x00000000e1aa0000, 0x00000000eb4a0000)
  eden space 8704K,   0% used [0x00000000e1000000, 0x00000000e1000000, 0x00000000e1880000)
  from space 1088K,  96% used [0x00000000e1990000, 0x00000000e1a95ed0, 0x00000000e1aa0000)
  to   space 1088K,   0% used [0x00000000e1880000, 0x00000000e1880000, 0x00000000e1990000)
 concurrent mark-sweep generation total 121500K, used 71523K [0x00000000eb4a0000, 0x00000000f2b47000, 0x0000000100000000)
 Metaspace       used 89126K, capacity 93620K, committed 93824K, reserved 1132544K
  class space    used 10743K, capacity 11548K, committed 11648K, reserved 1048576K
}
2019-06-25T22:40:33.697+0000: 397572.709: Application time: 140.0750181 seconds
2019-06-25T22:40:33.697+0000: 397572.710: Application time: 0.0000388 seconds
2019-06-25T22:40:33.697+0000: 397572.710: Application time: 0.0000665 seconds
2019-06-25T22:40:33.698+0000: 397572.710: Application time: 0.0000597 seconds
2019-06-25T22:40:33.699+0000: 397572.711: Application time: 0.0002147 seconds
2019-06-25T22:40:33.699+0000: 397572.711: Application time: 0.0000572 seconds
2019-06-25T22:41:50.034+0000: 397649.046: Application time: 76.3352976 seconds
2019-06-25T22:41:50.058+0000: 397649.071: Application time: 0.0240689 seconds
2019-06-25T22:41:53.740+0000: 397652.752: Application time: 3.6812340 seconds
2019-06-25T22:41:53.740+0000: 397652.752: Application time: 0.0000725 seconds
2019-06-25T22:41:53.740+0000: 397652.753: Application time: 0.0000585 seconds
2019-06-25T22:41:53.741+0000: 397652.753: Application time: 0.0000633 seconds
2019-06-25T22:41:53.742+0000: 397652.754: Application time: 0.0013200 seconds
2019-06-25T22:43:53.805+0000: 397772.817: Application time: 120.0626453 seconds
{Heap before GC invocations=2481 (full 191):
 par new generation   total 9792K, used 9751K [0x00000000e1000000, 0x00000000e1aa0000, 0x00000000eb4a0000)
  eden space 8704K, 100% used [0x00000000e1000000, 0x00000000e1880000, 0x00000000e1880000)
  from space 1088K,  96% used [0x00000000e1990000, 0x00000000e1a95ed0, 0x00000000e1aa0000)
  to   space 1088K,   0% used [0x00000000e1880000, 0x00000000e1880000, 0x00000000e1990000)
 concurrent mark-sweep generation total 121500K, used 71523K [0x00000000eb4a0000, 0x00000000f2b47000, 0x0000000100000000)
 Metaspace       used 89126K, capacity 93620K, committed 93824K, reserved 1132544K
  class space    used 10743K, capacity 11548K, committed 11648K, reserved 1048576K
2019-06-25T22:43:53.806+0000: 397772.818: [GC (Allocation Failure) 2019-06-25T22:43:53.806+0000: 397772.818: [ParNew: 9751K->755K(9792K), 0.0043492 secs] 81274K->72508K(131292K), 0.0052140 secs] [Times: user=0.01 sys=0.00, real=0.01 secs] 
Heap after GC invocations=2482 (full 191):
 par new generation   total 9792K, used 755K [0x00000000e1000000, 0x00000000e1aa0000, 0x00000000eb4a0000)
  eden space 8704K,   0% used [0x00000000e1000000, 0x00000000e1000000, 0x00000000e1880000)
  from space 1088K,  69% used [0x00000000e1880000, 0x00000000e193cf88, 0x00000000e1990000)
  to   space 1088K,   0% used [0x00000000e1990000, 0x00000000e1990000, 0x00000000e1aa0000)
 concurrent mark-sweep generation total 121500K, used 71752K [0x00000000eb4a0000, 0x00000000f2b47000, 0x0000000100000000)
 Metaspace       used 89126K, capacity 93620K, committed 93824K, reserved 1132544K
  class space    used 10743K, capacity 11548K, committed 11648K, reserved 1048576K
}
2019-06-25T22:45:13.279+0000: 397852.291: Application time: 79.4671049 seconds
2019-06-25T22:45:13.304+0000: 397852.317: Application time: 0.0253857 seconds
2019-06-25T22:45:13.853+0000: 397852.866: Application time: 0.5485896 seconds
2019-06-25T22:45:13.854+0000: 397852.866: Application time: 0.0001725 seconds
2019-06-25T22:45:13.855+0000: 397852.867: Application time: 0.0001820 seconds
2019-06-25T22:45:13.855+0000: 397852.868: Application time: 0.0001517 seconds
2019-06-25T22:45:13.856+0000: 397852.868: Application time: 0.0001989 seconds
2019-06-25T22:45:13.856+0000: 397852.868: Application time: 0.0001890 seconds
2019-06-25T22:45:23.861+0000: 397862.874: Application time: 10.0052744 seconds
2019-06-25T22:45:23.862+0000: 397862.874: Application time: 0.0000748 seconds
2019-06-25T22:45:23.862+0000: 397862.874: Application time: 0.0000614 seconds
2019-06-25T22:45:23.862+0000: 397862.874: Application time: 0.0000645 seconds
2019-06-25T22:45:23.863+0000: 397862.876: Application time: 0.0012675 seconds
2019-06-25T22:46:43.903+0000: 397942.916: Application time: 80.0397882 seconds
2019-06-25T22:47:39.216+0000: 397998.228: Application time: 55.3119941 seconds
{Heap before GC invocations=2482 (full 191):
 par new generation   total 9792K, used 9459K [0x00000000e1000000, 0x00000000e1aa0000, 0x00000000eb4a0000)
  eden space 8704K, 100% used [0x00000000e1000000, 0x00000000e1880000, 0x00000000e1880000)
  from space 1088K,  69% used [0x00000000e1880000, 0x00000000e193cf88, 0x00000000e1990000)
  to   space 1088K,   0% used [0x00000000e1990000, 0x00000000e1990000, 0x00000000e1aa0000)
 concurrent mark-sweep generation total 121500K, used 71752K [0x00000000eb4a0000, 0x00000000f2b47000, 0x0000000100000000)
 Metaspace       used 89126K, capacity 93620K, committed 93824K, reserved 1132544K
  class space    used 10743K, capacity 11548K, committed 11648K, reserved 1048576K
2019-06-25T22:47:39.216+0000: 397998.229: [GC (Allocation Failure) 2019-06-25T22:47:39.217+0000: 397998.229: [ParNew: 9459K->993K(9792K), 0.0101501 secs] 81212K->72746K(131292K), 0.0109439 secs] [Times: user=0.01 sys=0.00, real=0.01 secs] 
Heap after GC invocations=2483 (full 191):
 par new generation   total 9792K, used 993K [0x00000000e1000000, 0x00000000e1aa0000, 0x00000000eb4a0000)
  eden space 8704K,   0% used [0x00000000e1000000, 0x00000000e1000000, 0x00000000e1880000)
  from space 1088K,  91% used [0x00000000e1990000, 0x00000000e1a88488, 0x00000000e1aa0000)
  to   space 1088K,   0% used [0x00000000e1880000, 0x00000000e1880000, 0x00000000e1990000)
 concurrent mark-sweep generation total 121500K, used 71752K [0x00000000eb4a0000, 0x00000000f2b47000, 0x0000000100000000)
 Metaspace       used 89126K, capacity 93620K, committed 93824K, reserved 1132544K
  class space    used 10743K, capacity 11548K, committed 11648K, reserved 1048576K
}
2019-06-25T22:47:43.937+0000: 398002.949: Application time: 4.7088683 seconds
2019-06-25T22:47:43.937+0000: 398002.950: Application time: 0.0000688 seconds
2019-06-25T22:47:43.938+0000: 398002.950: Application time: 0.0001510 seconds
2019-06-25T22:47:43.938+0000: 398002.950: Application time: 0.0000655 seconds
2019-06-25T22:47:43.938+0000: 398002.951: Application time: 0.0006172 seconds
2019-06-25T22:47:43.939+0000: 398002.951: Application time: 0.0001635 seconds
2019-06-25T22:47:44.198+0000: 398003.210: Application time: 0.2585216 seconds
2019-06-25T22:47:44.235+0000: 398003.248: Application time: 0.0375741 seconds
2019-06-25T22:47:44.381+0000: 398003.393: Application time: 0.1452196 seconds
2019-06-25T22:47:44.381+0000: 398003.394: Application time: 0.0001581 seconds
2019-06-25T22:47:44.382+0000: 398003.394: Application time: 0.0001366 seconds
2019-06-25T22:47:44.382+0000: 398003.394: Application time: 0.0001412 seconds
2019-06-25T22:47:49.383+0000: 398008.395: Application time: 5.0004424 seconds
2019-06-25T22:47:49.423+0000: 398008.436: Application time: 0.0403542 seconds
2019-06-25T22:47:53.944+0000: 398012.957: Application time: 4.5210646 seconds
2019-06-25T22:47:53.945+0000: 398012.957: Application time: 0.0001886 seconds
2019-06-25T22:47:53.945+0000: 398012.958: Application time: 0.0001719 seconds
2019-06-25T22:47:53.946+0000: 398012.958: Application time: 0.0006208 seconds
2019-06-25T22:47:53.946+0000: 398012.959: Application time: 0.0001539 seconds
2019-06-25T22:47:53.947+0000: 398012.959: Application time: 0.0001259 seconds
2019-06-25T22:47:59.276+0000: 398018.288: Application time: 5.3291666 seconds
2019-06-25T22:47:59.276+0000: 398018.289: Application time: 0.0001785 seconds
2019-06-25T22:47:59.277+0000: 398018.289: Application time: 0.0001334 seconds
2019-06-25T22:47:59.277+0000: 398018.289: Application time: 0.0001316 seconds
2019-06-25T22:47:59.278+0000: 398018.291: Application time: 0.0015359 seconds
2019-06-25T22:49:09.455+0000: 398088.467: Application time: 70.1760635 seconds
2019-06-25T22:49:09.479+0000: 398088.492: Application time: 0.0245752 seconds
2019-06-25T22:49:13.989+0000: 398093.001: Application time: 4.5088081 seconds
2019-06-25T22:49:13.989+0000: 398093.001: Application time: 0.0000748 seconds
2019-06-25T22:49:13.989+0000: 398093.001: Application time: 0.0000693 seconds
2019-06-25T22:49:13.989+0000: 398093.002: Application time: 0.0000649 seconds
2019-06-25T22:49:13.990+0000: 398093.002: Application time: 0.0001545 seconds
2019-06-25T22:49:13.990+0000: 398093.002: Application time: 0.0001217 seconds
2019-06-25T22:49:23.995+0000: 398103.008: Application time: 10.0050529 seconds
2019-06-25T22:49:23.996+0000: 398103.008: Application time: 0.0000752 seconds
2019-06-25T22:49:23.996+0000: 398103.008: Application time: 0.0000580 seconds
2019-06-25T22:49:23.996+0000: 398103.008: Application time: 0.0000611 seconds
2019-06-25T22:49:23.997+0000: 398103.010: Application time: 0.0012899 seconds
2019-06-25T22:50:20.701+0000: 398159.713: Application time: 56.7032178 seconds
{Heap before GC invocations=2483 (full 191):
 par new generation   total 9792K, used 9697K [0x00000000e1000000, 0x00000000e1aa0000, 0x00000000eb4a0000)
  eden space 8704K, 100% used [0x00000000e1000000, 0x00000000e1880000, 0x00000000e1880000)
  from space 1088K,  91% used [0x00000000e1990000, 0x00000000e1a88488, 0x00000000e1aa0000)
  to   space 1088K,   0% used [0x00000000e1880000, 0x00000000e1880000, 0x00000000e1990000)
 concurrent mark-sweep generation total 121500K, used 71752K [0x00000000eb4a0000, 0x00000000f2b47000, 0x0000000100000000)
 Metaspace       used 89137K, capacity 93638K, committed 93824K, reserved 1132544K
  class space    used 10745K, capacity 11551K, committed 11648K, reserved 1048576K
2019-06-25T22:50:20.701+0000: 398159.714: [GC (Allocation Failure) 2019-06-25T22:50:20.702+0000: 398159.714: [ParNew: 9697K->1022K(9792K), 0.0039386 secs] 81450K->73168K(131292K), 0.0046855 secs] [Times: user=0.01 sys=0.00, real=0.00 secs] 
Heap after GC invocations=2484 (full 191):
 par new generation   total 9792K, used 1022K [0x00000000e1000000, 0x00000000e1aa0000, 0x00000000eb4a0000)
  eden space 8704K,   0% used [0x00000000e1000000, 0x00000000e1000000, 0x00000000e1880000)
  from space 1088K,  93% used [0x00000000e1880000, 0x00000000e197f890, 0x00000000e1990000)
  to   space 1088K,   0% used [0x00000000e1990000, 0x00000000e1990000, 0x00000000e1aa0000)
 concurrent mark-sweep generation total 121500K, used 72146K [0x00000000eb4a0000, 0x00000000f2b47000, 0x0000000100000000)
 Metaspace       used 89137K, capacity 93638K, committed 93824K, reserved 1132544K
  class space    used 10745K, capacity 11551K, committed 11648K, reserved 1048576K
}
2019-06-25T22:50:24.028+0000: 398163.040: Application time: 3.3211758 seconds
2019-06-25T22:50:24.028+0000: 398163.041: Application time: 0.0000835 seconds
2019-06-25T22:50:24.029+0000: 398163.041: Application time: 0.0000600 seconds
2019-06-25T22:50:24.029+0000: 398163.041: Application time: 0.0000663 seconds
2019-06-25T22:50:24.030+0000: 398163.042: Application time: 0.0001088 seconds
2019-06-25T22:50:24.030+0000: 398163.042: Application time: 0.0000584 seconds
2019-06-25T22:50:24.030+0000: 398163.042: Application time: 0.0000567 seconds
2019-06-25T22:50:24.030+0000: 398163.043: Application time: 0.0000618 seconds
2019-06-25T22:50:24.031+0000: 398163.043: Application time: 0.0002237 seconds
2019-06-25T22:50:24.031+0000: 398163.043: Application time: 0.0001738 seconds
2019-06-25T22:50:25.696+0000: 398164.708: Application time: 1.6647676 seconds
2019-06-25T22:50:25.728+0000: 398164.740: Application time: 0.0320704 seconds
2019-06-25T22:50:33.761+0000: 398172.773: Application time: 8.0324057 seconds
2019-06-25T22:50:33.762+0000: 398172.775: Application time: 0.0013912 seconds
2019-06-25T22:50:41.552+0000: 398180.565: Application time: 7.7897554 seconds
2019-06-25T22:50:41.576+0000: 398180.588: Application time: 0.0233763 seconds
2019-06-25T22:50:44.043+0000: 398183.055: Application time: 2.4665556 seconds
2019-06-25T22:50:44.043+0000: 398183.056: Application time: 0.0005604 seconds
2019-06-25T22:50:44.044+0000: 398183.056: Application time: 0.0000733 seconds
2019-06-25T22:50:44.044+0000: 398183.056: Application time: 0.0000438 seconds
2019-06-25T22:50:44.044+0000: 398183.057: Application time: 0.0000608 seconds
2019-06-25T22:50:44.045+0000: 398183.057: Application time: 0.0000569 seconds
2019-06-25T22:50:44.045+0000: 398183.057: Application time: 0.0001130 seconds
2019-06-25T22:50:44.045+0000: 398183.057: Application time: 0.0001753 seconds
2019-06-25T22:50:44.045+0000: 398183.058: Application time: 0.0001638 seconds
2019-06-25T22:50:54.051+0000: 398193.063: Application time: 10.0055824 seconds
2019-06-25T22:50:54.051+0000: 398193.064: Application time: 0.0000734 seconds
2019-06-25T22:50:54.053+0000: 398193.065: Application time: 0.0012123 seconds
2019-06-25T22:51:01.054+0000: 398200.067: Application time: 7.0012548 seconds
2019-06-25T22:52:59.097+0000: 398318.109: Application time: 118.0424806 seconds
{Heap before GC invocations=2484 (full 191):
 par new generation   total 9792K, used 9726K [0x00000000e1000000, 0x00000000e1aa0000, 0x00000000eb4a0000)
  eden space 8704K, 100% used [0x00000000e1000000, 0x00000000e1880000, 0x00000000e1880000)
  from space 1088K,  93% used [0x00000000e1880000, 0x00000000e197f890, 0x00000000e1990000)
  to   space 1088K,   0% used [0x00000000e1990000, 0x00000000e1990000, 0x00000000e1aa0000)
 concurrent mark-sweep generation total 121500K, used 72146K [0x00000000eb4a0000, 0x00000000f2b47000, 0x0000000100000000)
 Metaspace       used 89138K, capacity 93638K, committed 93824K, reserved 1132544K
  class space    used 10745K, capacity 11551K, committed 11648K, reserved 1048576K
2019-06-25T22:52:59.098+0000: 398318.110: [GC (Allocation Failure) 2019-06-25T22:52:59.098+0000: 398318.110: [ParNew: 9726K->1088K(9792K), 0.0138187 secs] 81872K->74536K(131292K), 0.0148435 secs] [Times: user=0.03 sys=0.00, real=0.02 secs] 
Heap after GC invocations=2485 (full 191):
 par new generation   total 9792K, used 1088K [0x00000000e1000000, 0x00000000e1aa0000, 0x00000000eb4a0000)
  eden space 8704K,   0% used [0x00000000e1000000, 0x00000000e1000000, 0x00000000e1880000)
  from space 1088K, 100% used [0x00000000e1990000, 0x00000000e1aa0000, 0x00000000e1aa0000)
  to   space 1088K,   0% used [0x00000000e1880000, 0x00000000e1880000, 0x00000000e1990000)
 concurrent mark-sweep generation total 121500K, used 73448K [0x00000000eb4a0000, 0x00000000f2b47000, 0x0000000100000000)
 Metaspace       used 89138K, capacity 93638K, committed 93824K, reserved 1132544K
  class space    used 10745K, capacity 11551K, committed 11648K, reserved 1048576K
}
2019-06-25T22:52:59.114+0000: 398318.126: Application time: 0.0001685 seconds
2019-06-25T22:52:59.114+0000: 398318.126: [GC (CMS Initial Mark) [1 CMS-initial-mark: 73448K(121500K)] 74542K(131292K), 0.0037270 secs] [Times: user=0.01 sys=0.00, real=0.01 secs] 
2019-06-25T22:52:59.119+0000: 398318.131: [CMS-concurrent-mark-start]
2019-06-25T22:52:59.246+0000: 398318.258: [CMS-concurrent-mark: 0.127/0.127 secs] [Times: user=0.12 sys=0.00, real=0.12 secs] 
2019-06-25T22:52:59.247+0000: 398318.259: [CMS-concurrent-preclean-start]
2019-06-25T22:52:59.248+0000: 398318.261: [CMS-concurrent-preclean: 0.002/0.002 secs] [Times: user=0.01 sys=0.00, real=0.01 secs] 
2019-06-25T22:52:59.249+0000: 398318.261: Application time: 0.1300678 seconds
2019-06-25T22:52:59.249+0000: 398318.261: [GC (CMS Final Remark) [YG occupancy: 1147 K (9792 K)]2019-06-25T22:52:59.249+0000: 398318.261: [Rescan (parallel) , 0.0066290 secs]2019-06-25T22:52:59.256+0000: 398318.268: [weak refs processing, 0.0022705 secs]2019-06-25T22:52:59.259+0000: 398318.271: [class unloading, 0.0314139 secs]2019-06-25T22:52:59.290+0000: 398318.303: [scrub symbol table, 0.0198025 secs]2019-06-25T22:52:59.311+0000: 398318.323: [scrub string table, 0.0013516 secs][1 CMS-remark: 73448K(121500K)] 74595K(131292K), 0.0772989 secs] [Times: user=0.08 sys=0.00, real=0.07 secs] 
2019-06-25T22:52:59.327+0000: 398318.340: [CMS-concurrent-sweep-start]
2019-06-25T22:52:59.364+0000: 398318.376: [CMS-concurrent-sweep: 0.036/0.036 secs] [Times: user=0.04 sys=0.00, real=0.04 secs] 
2019-06-25T22:52:59.364+0000: 398318.377: [CMS-concurrent-reset-start]
2019-06-25T22:52:59.365+0000: 398318.377: [CMS-concurrent-reset: 0.000/0.000 secs] [Times: user=0.00 sys=0.00, real=0.00 secs] 
2019-06-25T22:53:00.327+0000: 398319.339: Application time: 1.0002393 seconds
2019-06-25T22:53:01.328+0000: 398320.340: Application time: 1.0001830 seconds
2019-06-25T22:53:03.328+0000: 398322.340: Application time: 2.0003282 seconds
2019-06-25T22:53:03.777+0000: 398322.790: Application time: 0.4491594 seconds
2019-06-25T22:53:03.778+0000: 398322.790: Application time: 0.0001307 seconds
2019-06-25T22:53:03.778+0000: 398322.790: Application time: 0.0001721 seconds
2019-06-25T22:53:03.778+0000: 398322.791: Application time: 0.0001450 seconds
2019-06-25T22:53:03.779+0000: 398322.791: Application time: 0.0001243 seconds
2019-06-25T22:53:03.779+0000: 398322.791: Application time: 0.0001402 seconds
2019-06-25T22:53:03.779+0000: 398322.792: Application time: 0.0002708 seconds
2019-06-25T22:53:03.780+0000: 398322.792: Application time: 0.0001537 seconds
2019-06-25T22:53:04.122+0000: 398323.134: Application time: 0.3423693 seconds
2019-06-25T22:53:04.123+0000: 398323.136: Application time: 0.0011697 seconds
2019-06-25T22:53:05.124+0000: 398324.137: Application time: 1.0005996 seconds
2019-06-25T22:53:07.393+0000: 398326.405: Application time: 2.2683902 seconds
2019-06-25T22:53:07.436+0000: 398326.448: Application time: 0.0428961 seconds
2019-06-25T22:53:14.127+0000: 398333.140: Application time: 6.6912175 seconds
2019-06-25T22:53:21.128+0000: 398340.141: Application time: 7.0007989 seconds
2019-06-25T22:53:24.133+0000: 398343.145: Application time: 3.0042134 seconds
2019-06-25T22:53:24.133+0000: 398343.146: Application time: 0.0002003 seconds
2019-06-25T22:53:24.133+0000: 398343.146: Application time: 0.0000642 seconds
2019-06-25T22:53:24.134+0000: 398343.146: Application time: 0.0000612 seconds
2019-06-25T22:53:24.134+0000: 398343.146: Application time: 0.0000566 seconds
2019-06-25T22:53:24.134+0000: 398343.147: Application time: 0.0000611 seconds
2019-06-25T22:53:24.134+0000: 398343.147: Application time: 0.0001547 seconds
2019-06-25T22:53:24.135+0000: 398343.147: Application time: 0.0001415 seconds
2019-06-25T22:53:25.665+0000: 398344.677: Application time: 1.5299067 seconds
2019-06-25T22:53:25.701+0000: 398344.713: Application time: 0.0354903 seconds
2019-06-25T22:53:27.701+0000: 398346.714: Application time: 2.0003463 seconds
2019-06-25T22:53:29.702+0000: 398348.714: Application time: 2.0003972 seconds
2019-06-25T22:53:33.783+0000: 398352.795: Application time: 4.0804122 seconds
2019-06-25T22:53:33.783+0000: 398352.795: Application time: 0.0001334 seconds
2019-06-25T22:53:33.783+0000: 398352.795: Application time: 0.0000627 seconds
2019-06-25T22:53:33.783+0000: 398352.796: Application time: 0.0001542 seconds
2019-06-25T22:53:33.784+0000: 398352.796: Application time: 0.0001084 seconds
2019-06-25T22:53:33.785+0000: 398352.797: Application time: 0.0010774 seconds
2019-06-25T22:53:54.788+0000: 398373.800: Application time: 21.0029961 seconds
2019-06-25T22:53:59.330+0000: 398378.342: Application time: 4.5420345 seconds
2019-06-25T22:53:59.330+0000: 398378.343: Application time: 0.0001657 seconds
2019-06-25T22:53:59.331+0000: 398378.343: Application time: 0.0001722 seconds
2019-06-25T22:53:59.332+0000: 398378.344: Application time: 0.0000655 seconds
2019-06-25T22:53:59.332+0000: 398378.344: Application time: 0.0000583 seconds
2019-06-25T22:54:01.332+0000: 398380.345: Application time: 2.0003293 seconds
2019-06-25T22:54:02.773+0000: 398381.785: Application time: 1.4405157 seconds
2019-06-25T22:54:02.797+0000: 398381.809: Application time: 0.0238265 seconds
2019-06-25T22:54:03.787+0000: 398382.799: Application time: 0.9897148 seconds
2019-06-25T22:54:03.787+0000: 398382.800: Application time: 0.0000683 seconds
2019-06-25T22:54:03.787+0000: 398382.800: Application time: 0.0000633 seconds
2019-06-25T22:54:03.788+0000: 398382.800: Application time: 0.0000583 seconds
2019-06-25T22:54:03.788+0000: 398382.800: Application time: 0.0001651 seconds
2019-06-25T22:54:03.788+0000: 398382.800: Application time: 0.0000615 seconds
2019-06-25T22:54:03.789+0000: 398382.802: Application time: 0.0012291 seconds
2019-06-25T22:54:29.130+0000: 398408.142: Application time: 25.3399642 seconds
2019-06-25T22:54:34.175+0000: 398413.187: Application time: 5.0453007 seconds
{Heap before GC invocations=2485 (full 192):
 par new generation   total 9792K, used 9792K [0x00000000e1000000, 0x00000000e1aa0000, 0x00000000eb4a0000)
  eden space 8704K, 100% used [0x00000000e1000000, 0x00000000e1880000, 0x00000000e1880000)
  from space 1088K, 100% used [0x00000000e1990000, 0x00000000e1aa0000, 0x00000000e1aa0000)
  to   space 1088K,   0% used [0x00000000e1880000, 0x00000000e1880000, 0x00000000e1990000)
 concurrent mark-sweep generation total 121500K, used 69641K [0x00000000eb4a0000, 0x00000000f2b47000, 0x0000000100000000)
 Metaspace       used 89064K, capacity 93518K, committed 93824K, reserved 1132544K
  class space    used 10734K, capacity 11531K, committed 11648K, reserved 1048576K
2019-06-25T22:54:34.175+0000: 398413.188: [GC (Allocation Failure) 2019-06-25T22:54:34.176+0000: 398413.188: [ParNew: 9792K->1088K(9792K), 0.0078424 secs] 79433K->71802K(131292K), 0.0089661 secs] [Times: user=0.01 sys=0.00, real=0.01 secs] 
Heap after GC invocations=2486 (full 192):
 par new generation   total 9792K, used 1088K [0x00000000e1000000, 0x00000000e1aa0000, 0x00000000eb4a0000)
  eden space 8704K,   0% used [0x00000000e1000000, 0x00000000e1000000, 0x00000000e1880000)
  from space 1088K, 100% used [0x00000000e1880000, 0x00000000e1990000, 0x00000000e1990000)
  to   space 1088K,   0% used [0x00000000e1990000, 0x00000000e1990000, 0x00000000e1aa0000)
 concurrent mark-sweep generation total 121500K, used 70714K [0x00000000eb4a0000, 0x00000000f2b47000, 0x0000000100000000)
 Metaspace       used 89064K, capacity 93518K, committed 93824K, reserved 1132544K
  class space    used 10734K, capacity 11531K, committed 11648K, reserved 1048576K
}
2019-06-25T22:55:04.189+0000: 398443.201: Application time: 30.0037452 seconds
2019-06-25T23:01:54.425+0000: 398853.438: Application time: 410.2361135 seconds
{Heap before GC invocations=2486 (full 192):
 par new generation   total 9792K, used 9792K [0x00000000e1000000, 0x00000000e1aa0000, 0x00000000eb4a0000)
  eden space 8704K, 100% used [0x00000000e1000000, 0x00000000e1880000, 0x00000000e1880000)
  from space 1088K, 100% used [0x00000000e1880000, 0x00000000e1990000, 0x00000000e1990000)
  to   space 1088K,   0% used [0x00000000e1990000, 0x00000000e1990000, 0x00000000e1aa0000)
 concurrent mark-sweep generation total 121500K, used 70714K [0x00000000eb4a0000, 0x00000000f2b47000, 0x0000000100000000)
 Metaspace       used 89070K, capacity 93530K, committed 93824K, reserved 1132544K
  class space    used 10736K, capacity 11533K, committed 11648K, reserved 1048576K
2019-06-25T23:01:54.426+0000: 398853.438: [GC (Allocation Failure) 2019-06-25T23:01:54.426+0000: 398853.439: [ParNew: 9792K->869K(9792K), 0.0043756 secs] 80506K->71584K(131292K), 0.0052042 secs] [Times: user=0.01 sys=0.00, real=0.01 secs] 
Heap after GC invocations=2487 (full 192):
 par new generation   total 9792K, used 869K [0x00000000e1000000, 0x00000000e1aa0000, 0x00000000eb4a0000)
  eden space 8704K,   0% used [0x00000000e1000000, 0x00000000e1000000, 0x00000000e1880000)
  from space 1088K,  79% used [0x00000000e1990000, 0x00000000e1a696f0, 0x00000000e1aa0000)
  to   space 1088K,   0% used [0x00000000e1880000, 0x00000000e1880000, 0x00000000e1990000)
 concurrent mark-sweep generation total 121500K, used 70714K [0x00000000eb4a0000, 0x00000000f2b47000, 0x0000000100000000)
 Metaspace       used 89070K, capacity 93530K, committed 93824K, reserved 1132544K
  class space    used 10736K, capacity 11533K, committed 11648K, reserved 1048576K
}
2019-06-25T23:01:59.433+0000: 398858.445: Application time: 5.0005980 seconds
2019-06-25T23:03:06.442+0000: 398925.454: Application time: 67.0089118 seconds
2019-06-25T23:03:24.481+0000: 398943.494: Application time: 18.0395686 seconds
2019-06-25T23:09:03.887+0000: 399282.899: Application time: 339.4051223 seconds
{Heap before GC invocations=2487 (full 192):
 par new generation   total 9792K, used 9573K [0x00000000e1000000, 0x00000000e1aa0000, 0x00000000eb4a0000)
  eden space 8704K, 100% used [0x00000000e1000000, 0x00000000e1880000, 0x00000000e1880000)
  from space 1088K,  79% used [0x00000000e1990000, 0x00000000e1a696f0, 0x00000000e1aa0000)
  to   space 1088K,   0% used [0x00000000e1880000, 0x00000000e1880000, 0x00000000e1990000)
 concurrent mark-sweep generation total 121500K, used 70714K [0x00000000eb4a0000, 0x00000000f2b47000, 0x0000000100000000)
 Metaspace       used 89072K, capacity 93536K, committed 93824K, reserved 1132544K
  class space    used 10736K, capacity 11534K, committed 11648K, reserved 1048576K
2019-06-25T23:09:03.887+0000: 399282.900: [GC (Allocation Failure) 2019-06-25T23:09:03.888+0000: 399282.900: [ParNew: 9573K->542K(9792K), 0.0035863 secs] 80288K->71682K(131292K), 0.0043843 secs] [Times: user=0.00 sys=0.01, real=0.01 secs] 
Heap after GC invocations=2488 (full 192):
 par new generation   total 9792K, used 542K [0x00000000e1000000, 0x00000000e1aa0000, 0x00000000eb4a0000)
  eden space 8704K,   0% used [0x00000000e1000000, 0x00000000e1000000, 0x00000000e1880000)
  from space 1088K,  49% used [0x00000000e1880000, 0x00000000e1907a58, 0x00000000e1990000)
  to   space 1088K,   0% used [0x00000000e1990000, 0x00000000e1990000, 0x00000000e1aa0000)
 concurrent mark-sweep generation total 121500K, used 71139K [0x00000000eb4a0000, 0x00000000f2b47000, 0x0000000100000000)
 Metaspace       used 89072K, capacity 93536K, committed 93824K, reserved 1132544K
  class space    used 10736K, capacity 11534K, committed 11648K, reserved 1048576K
}
2019-06-25T23:11:33.906+0000: 399432.919: Application time: 150.0136873 seconds
2019-06-25T23:11:33.907+0000: 399432.919: Application time: 0.0000749 seconds
2019-06-25T23:11:33.907+0000: 399432.919: Application time: 0.0000606 seconds
2019-06-25T23:11:33.907+0000: 399432.919: Application time: 0.0000615 seconds
2019-06-25T23:11:34.503+0000: 399433.516: Application time: 0.5955887 seconds
2019-06-25T23:11:34.530+0000: 399433.542: Application time: 0.0261067 seconds
2019-06-25T23:11:34.749+0000: 399433.761: Application time: 0.2192100 seconds
2019-06-25T23:11:34.749+0000: 399433.762: Application time: 0.0000651 seconds
2019-06-25T23:11:34.750+0000: 399433.762: Application time: 0.0000657 seconds
2019-06-25T23:11:34.750+0000: 399433.762: Application time: 0.0000610 seconds
2019-06-25T23:11:34.750+0000: 399433.762: Application time: 0.0001466 seconds
2019-06-25T23:11:34.750+0000: 399433.762: Application time: 0.0001034 seconds
2019-06-25T23:11:34.751+0000: 399433.764: Application time: 0.0009974 seconds
2019-06-25T23:11:44.757+0000: 399443.769: Application time: 10.0052328 seconds
2019-06-25T23:14:33.930+0000: 399612.942: Application time: 169.1727391 seconds
{Heap before GC invocations=2488 (full 192):
 par new generation   total 9792K, used 9246K [0x00000000e1000000, 0x00000000e1aa0000, 0x00000000eb4a0000)
  eden space 8704K, 100% used [0x00000000e1000000, 0x00000000e1880000, 0x00000000e1880000)
  from space 1088K,  49% used [0x00000000e1880000, 0x00000000e1907a58, 0x00000000e1990000)
  to   space 1088K,   0% used [0x00000000e1990000, 0x00000000e1990000, 0x00000000e1aa0000)
 concurrent mark-sweep generation total 121500K, used 71139K [0x00000000eb4a0000, 0x00000000f2b47000, 0x0000000100000000)
 Metaspace       used 89072K, capacity 93536K, committed 93824K, reserved 1132544K
  class space    used 10736K, capacity 11534K, committed 11648K, reserved 1048576K
2019-06-25T23:14:33.931+0000: 399612.943: [GC (Allocation Failure) 2019-06-25T23:14:33.931+0000: 399612.943: [ParNew: 9246K->512K(9792K), 0.0036429 secs] 80386K->71652K(131292K), 0.0044938 secs] [Times: user=0.01 sys=0.00, real=0.00 secs] 
Heap after GC invocations=2489 (full 192):
 par new generation   total 9792K, used 512K [0x00000000e1000000, 0x00000000e1aa0000, 0x00000000eb4a0000)
  eden space 8704K,   0% used [0x00000000e1000000, 0x00000000e1000000, 0x00000000e1880000)
  from space 1088K,  47% used [0x00000000e1990000, 0x00000000e1a10330, 0x00000000e1aa0000)
  to   space 1088K,   0% used [0x00000000e1880000, 0x00000000e1880000, 0x00000000e1990000)
 concurrent mark-sweep generation total 121500K, used 71139K [0x00000000eb4a0000, 0x00000000f2b47000, 0x0000000100000000)
 Metaspace       used 89072K, capacity 93536K, committed 93824K, reserved 1132544K
  class space    used 10736K, capacity 11534K, committed 11648K, reserved 1048576K
}
2019-06-25T23:15:11.544+0000: 399650.557: Application time: 37.6082750 seconds
2019-06-25T23:15:11.579+0000: 399650.591: Application time: 0.0340082 seconds
2019-06-25T23:15:14.876+0000: 399653.888: Application time: 3.2972358 seconds
2019-06-25T23:15:14.877+0000: 399653.889: Application time: 0.0003340 seconds
2019-06-25T23:15:14.878+0000: 399653.890: Application time: 0.0001819 seconds
2019-06-25T23:15:14.878+0000: 399653.890: Application time: 0.0001073 seconds
2019-06-25T23:15:24.883+0000: 399663.896: Application time: 10.0054766 seconds
2019-06-25T23:15:24.884+0000: 399663.896: Application time: 0.0000663 seconds
2019-06-25T23:15:24.884+0000: 399663.896: Application time: 0.0000330 seconds
2019-06-25T23:15:24.884+0000: 399663.896: Application time: 0.0000590 seconds
2019-06-25T23:15:24.884+0000: 399663.897: Application time: 0.0001397 seconds
2019-06-25T23:15:24.885+0000: 399663.897: Application time: 0.0001295 seconds
2019-06-25T23:15:24.886+0000: 399663.898: Application time: 0.0013400 seconds
2019-06-25T23:17:03.628+0000: 399762.640: Application time: 98.7411750 seconds
2019-06-25T23:17:03.628+0000: 399762.641: Application time: 0.0002599 seconds
2019-06-25T23:17:03.630+0000: 399762.643: Application time: 0.0001450 seconds
2019-06-25T23:17:03.631+0000: 399762.643: Application time: 0.0001531 seconds
2019-06-25T23:17:05.457+0000: 399764.470: Application time: 1.8265203 seconds
{Heap before GC invocations=2489 (full 192):
 par new generation   total 9792K, used 9079K [0x00000000e1000000, 0x00000000e1aa0000, 0x00000000eb4a0000)
  eden space 8704K,  98% used [0x00000000e1000000, 0x00000000e185dc40, 0x00000000e1880000)
  from space 1088K,  47% used [0x00000000e1990000, 0x00000000e1a10330, 0x00000000e1aa0000)
  to   space 1088K,   0% used [0x00000000e1880000, 0x00000000e1880000, 0x00000000e1990000)
 concurrent mark-sweep generation total 121500K, used 71139K [0x00000000eb4a0000, 0x00000000f2b47000, 0x0000000100000000)
 Metaspace       used 89080K, capacity 93548K, committed 93824K, reserved 1132544K
  class space    used 10737K, capacity 11536K, committed 11648K, reserved 1048576K
2019-06-25T23:17:05.458+0000: 399764.470: [GC (Allocation Failure) 2019-06-25T23:17:05.458+0000: 399764.470: [ParNew: 9079K->957K(9792K), 0.0032061 secs] 80219K->72097K(131292K), 0.0040896 secs] [Times: user=0.00 sys=0.00, real=0.01 secs] 
Heap after GC invocations=2490 (full 192):
 par new generation   total 9792K, used 957K [0x00000000e1000000, 0x00000000e1aa0000, 0x00000000eb4a0000)
  eden space 8704K,   0% used [0x00000000e1000000, 0x00000000e1000000, 0x00000000e1880000)
  from space 1088K,  87% used [0x00000000e1880000, 0x00000000e196f478, 0x00000000e1990000)
  to   space 1088K,   0% used [0x00000000e1990000, 0x00000000e1990000, 0x00000000e1aa0000)
 concurrent mark-sweep generation total 121500K, used 71139K [0x00000000eb4a0000, 0x00000000f2b47000, 0x0000000100000000)
 Metaspace       used 89080K, capacity 93548K, committed 93824K, reserved 1132544K
  class space    used 10737K, capacity 11536K, committed 11648K, reserved 1048576K
}
2019-06-25T23:17:10.456+0000: 399769.468: Application time: 4.9935010 seconds
2019-06-25T23:17:10.484+0000: 399769.497: Application time: 0.0280289 seconds
2019-06-25T23:17:14.946+0000: 399773.959: Application time: 4.4617178 seconds
2019-06-25T23:17:14.946+0000: 399773.959: Application time: 0.0000738 seconds
2019-06-25T23:17:14.947+0000: 399773.959: Application time: 0.0005160 seconds
2019-06-25T23:17:14.947+0000: 399773.960: Application time: 0.0000718 seconds
2019-06-25T23:17:24.953+0000: 399783.966: Application time: 10.0057251 seconds
2019-06-25T23:17:24.953+0000: 399783.966: Application time: 0.0000678 seconds
2019-06-25T23:17:24.954+0000: 399783.966: Application time: 0.0000633 seconds
2019-06-25T23:17:24.954+0000: 399783.966: Application time: 0.0000719 seconds
2019-06-25T23:17:24.954+0000: 399783.966: Application time: 0.0001517 seconds
2019-06-25T23:17:24.954+0000: 399783.967: Application time: 0.0001133 seconds
2019-06-25T23:17:24.956+0000: 399783.968: Application time: 0.0010673 seconds
2019-06-25T23:18:33.959+0000: 399852.972: Application time: 69.0036334 seconds
2019-06-25T23:18:33.960+0000: 399852.972: Application time: 0.0000738 seconds
2019-06-25T23:18:33.960+0000: 399852.972: Application time: 0.0000590 seconds
2019-06-25T23:18:33.960+0000: 399852.972: Application time: 0.0000628 seconds
2019-06-25T23:18:35.001+0000: 399854.013: Application time: 1.0411604 seconds
2019-06-25T23:18:35.002+0000: 399854.014: Application time: 0.0000690 seconds
2019-06-25T23:18:35.002+0000: 399854.014: Application time: 0.0000645 seconds
2019-06-25T23:18:35.002+0000: 399854.014: Application time: 0.0000595 seconds
2019-06-25T23:18:35.002+0000: 399854.015: Application time: 0.0001303 seconds
2019-06-25T23:18:35.003+0000: 399854.015: Application time: 0.0001099 seconds
2019-06-25T23:18:35.004+0000: 399854.016: Application time: 0.0013517 seconds
2019-06-25T23:18:37.666+0000: 399856.678: Application time: 2.6616247 seconds
2019-06-25T23:18:37.724+0000: 399856.736: Application time: 0.0577314 seconds
2019-06-25T23:19:29.271+0000: 399908.283: Application time: 51.5469949 seconds
2019-06-25T23:19:43.445+0000: 399922.457: Application time: 14.1735688 seconds
2019-06-25T23:19:43.470+0000: 399922.482: Application time: 0.0249926 seconds
2019-06-25T23:19:45.043+0000: 399924.055: Application time: 1.5724976 seconds
2019-06-25T23:19:45.043+0000: 399924.056: Application time: 0.0000721 seconds
2019-06-25T23:19:45.044+0000: 399924.056: Application time: 0.0000701 seconds
2019-06-25T23:19:45.044+0000: 399924.057: Application time: 0.0000632 seconds
2019-06-25T23:19:45.044+0000: 399924.057: Application time: 0.0000647 seconds
2019-06-25T23:19:55.050+0000: 399934.062: Application time: 10.0052418 seconds
2019-06-25T23:19:55.050+0000: 399934.063: Application time: 0.0000947 seconds
2019-06-25T23:19:55.051+0000: 399934.063: Application time: 0.0000878 seconds
2019-06-25T23:19:55.051+0000: 399934.063: Application time: 0.0000841 seconds
2019-06-25T23:19:55.051+0000: 399934.063: Application time: 0.0000819 seconds
2019-06-25T23:19:55.051+0000: 399934.064: Application time: 0.0000818 seconds
2019-06-25T23:19:55.052+0000: 399934.064: Application time: 0.0001769 seconds
2019-06-25T23:19:55.052+0000: 399934.065: Application time: 0.0002510 seconds
2019-06-25T23:19:55.053+0000: 399934.065: Application time: 0.0002513 seconds
2019-06-25T23:19:55.054+0000: 399934.067: Application time: 0.0016178 seconds
2019-06-25T23:20:01.054+0000: 399940.067: Application time: 5.9995867 seconds
{Heap before GC invocations=2490 (full 192):
 par new generation   total 9792K, used 9661K [0x00000000e1000000, 0x00000000e1aa0000, 0x00000000eb4a0000)
  eden space 8704K, 100% used [0x00000000e1000000, 0x00000000e1880000, 0x00000000e1880000)
  from space 1088K,  87% used [0x00000000e1880000, 0x00000000e196f478, 0x00000000e1990000)
  to   space 1088K,   0% used [0x00000000e1990000, 0x00000000e1990000, 0x00000000e1aa0000)
 concurrent mark-sweep generation total 121500K, used 71139K [0x00000000eb4a0000, 0x00000000f2b47000, 0x0000000100000000)
 Metaspace       used 89080K, capacity 93548K, committed 93824K, reserved 1132544K
  class space    used 10737K, capacity 11536K, committed 11648K, reserved 1048576K
2019-06-25T23:20:01.074+0000: 399940.086: [GC (Allocation Failure) 2019-06-25T23:20:01.074+0000: 399940.087: [ParNew: 9661K->965K(9792K), 0.0080142 secs] 80801K->72433K(131292K), 0.0091811 secs] [Times: user=0.02 sys=0.00, real=0.01 secs] 
Heap after GC invocations=2491 (full 192):
 par new generation   total 9792K, used 965K [0x00000000e1000000, 0x00000000e1aa0000, 0x00000000eb4a0000)
  eden space 8704K,   0% used [0x00000000e1000000, 0x00000000e1000000, 0x00000000e1880000)
  from space 1088K,  88% used [0x00000000e1990000, 0x00000000e1a81478, 0x00000000e1aa0000)
  to   space 1088K,   0% used [0x00000000e1880000, 0x00000000e1880000, 0x00000000e1990000)
 concurrent mark-sweep generation total 121500K, used 71467K [0x00000000eb4a0000, 0x00000000f2b47000, 0x0000000100000000)
 Metaspace       used 89080K, capacity 93548K, committed 93824K, reserved 1132544K
  class space    used 10737K, capacity 11536K, committed 11648K, reserved 1048576K
}
2019-06-25T23:20:05.059+0000: 399944.072: Application time: 3.9756317 seconds
2019-06-25T23:20:20.785+0000: 399959.797: Application time: 15.7252994 seconds
2019-06-25T23:20:20.862+0000: 399959.874: Application time: 0.0768481 seconds
2019-06-25T23:20:25.072+0000: 399964.084: Application time: 4.2095963 seconds
2019-06-25T23:20:25.072+0000: 399964.085: Application time: 0.0000779 seconds
2019-06-25T23:20:33.974+0000: 399972.987: Application time: 8.9018687 seconds
2019-06-25T23:20:33.975+0000: 399972.987: Application time: 0.0001509 seconds
2019-06-25T23:20:33.975+0000: 399972.987: Application time: 0.0001561 seconds
2019-06-25T23:20:33.975+0000: 399972.988: Application time: 0.0001494 seconds
2019-06-25T23:20:33.976+0000: 399972.988: Application time: 0.0001494 seconds
2019-06-25T23:20:33.976+0000: 399972.988: Application time: 0.0001633 seconds
2019-06-25T23:20:33.976+0000: 399972.989: Application time: 0.0002188 seconds
2019-06-25T23:20:33.977+0000: 399972.989: Application time: 0.0001698 seconds
2019-06-25T23:20:33.978+0000: 399972.990: Application time: 0.0011998 seconds
2019-06-25T23:20:59.279+0000: 399998.291: Application time: 25.3009800 seconds
2019-06-25T23:20:59.279+0000: 399998.292: Application time: 0.0001231 seconds
2019-06-25T23:20:59.280+0000: 399998.292: Application time: 0.0001113 seconds
2019-06-25T23:20:59.280+0000: 399998.293: Application time: 0.0004623 seconds
2019-06-25T23:20:59.280+0000: 399998.293: Application time: 0.0000661 seconds
2019-06-25T23:20:59.281+0000: 399998.293: Application time: 0.0000561 seconds
2019-06-25T23:20:59.281+0000: 399998.293: Application time: 0.0000586 seconds
2019-06-25T23:20:59.281+0000: 399998.293: Application time: 0.0000644 seconds
2019-06-25T23:20:59.281+0000: 399998.293: Application time: 0.0000637 seconds
2019-06-25T23:20:59.281+0000: 399998.294: Application time: 0.0000639 seconds
2019-06-25T23:22:45.149+0000: 400104.161: Application time: 105.8673505 seconds
2019-06-25T23:22:45.149+0000: 400104.161: Application time: 0.0001643 seconds
2019-06-25T23:22:47.435+0000: 400106.447: Application time: 2.2855494 seconds
2019-06-25T23:22:47.461+0000: 400106.474: Application time: 0.0263839 seconds
2019-06-25T23:22:47.857+0000: 400106.870: Application time: 0.3956419 seconds
2019-06-25T23:22:47.858+0000: 400106.871: Application time: 0.0008419 seconds
2019-06-25T23:22:47.859+0000: 400106.871: Application time: 0.0007518 seconds
2019-06-25T23:22:47.860+0000: 400106.872: Application time: 0.0001152 seconds
2019-06-25T23:22:47.861+0000: 400106.874: Application time: 0.0001191 seconds
2019-06-25T23:22:47.872+0000: 400106.884: Application time: 0.0104257 seconds
{Heap before GC invocations=2491 (full 192):
 par new generation   total 9792K, used 9669K [0x00000000e1000000, 0x00000000e1aa0000, 0x00000000eb4a0000)
  eden space 8704K, 100% used [0x00000000e1000000, 0x00000000e1880000, 0x00000000e1880000)
  from space 1088K,  88% used [0x00000000e1990000, 0x00000000e1a81478, 0x00000000e1aa0000)
  to   space 1088K,   0% used [0x00000000e1880000, 0x00000000e1880000, 0x00000000e1990000)
 concurrent mark-sweep generation total 121500K, used 71467K [0x00000000eb4a0000, 0x00000000f2b47000, 0x0000000100000000)
 Metaspace       used 89102K, capacity 93584K, committed 93824K, reserved 1132544K
  class space    used 10740K, capacity 11542K, committed 11648K, reserved 1048576K
2019-06-25T23:22:47.872+0000: 400106.885: [GC (Allocation Failure) 2019-06-25T23:22:47.873+0000: 400106.885: [ParNew: 9669K->876K(9792K), 0.0035835 secs] 81137K->72624K(131292K), 0.0046299 secs] [Times: user=0.01 sys=0.00, real=0.00 secs] 
Heap after GC invocations=2492 (full 192):
 par new generation   total 9792K, used 876K [0x00000000e1000000, 0x00000000e1aa0000, 0x00000000eb4a0000)
  eden space 8704K,   0% used [0x00000000e1000000, 0x00000000e1000000, 0x00000000e1880000)
  from space 1088K,  80% used [0x00000000e1880000, 0x00000000e195b0a8, 0x00000000e1990000)
  to   space 1088K,   0% used [0x00000000e1990000, 0x00000000e1990000, 0x00000000e1aa0000)
 concurrent mark-sweep generation total 121500K, used 71747K [0x00000000eb4a0000, 0x00000000f2b47000, 0x0000000100000000)
 Metaspace       used 89102K, capacity 93584K, committed 93824K, reserved 1132544K
  class space    used 10740K, capacity 11542K, committed 11648K, reserved 1048576K
}
2019-06-25T23:22:52.862+0000: 400111.875: Application time: 4.9842978 seconds
2019-06-25T23:22:52.900+0000: 400111.913: Application time: 0.0377719 seconds
2019-06-25T23:22:55.155+0000: 400114.167: Application time: 2.2545344 seconds
2019-06-25T23:22:55.155+0000: 400114.168: Application time: 0.0000725 seconds
2019-06-25T23:22:55.155+0000: 400114.168: Application time: 0.0004873 seconds
2019-06-25T23:22:55.156+0000: 400114.169: Application time: 0.0001774 seconds
2019-06-25T23:22:55.156+0000: 400114.169: Application time: 0.0001311 seconds
2019-06-25T23:22:59.410+0000: 400118.422: Application time: 4.2532109 seconds
2019-06-25T23:22:59.410+0000: 400118.422: Application time: 0.0001729 seconds
2019-06-25T23:22:59.411+0000: 400118.423: Application time: 0.0001670 seconds
2019-06-25T23:22:59.411+0000: 400118.423: Application time: 0.0001513 seconds
2019-06-25T23:22:59.411+0000: 400118.423: Application time: 0.0001884 seconds
2019-06-25T23:22:59.413+0000: 400118.425: Application time: 0.0016601 seconds
2019-06-25T23:23:24.323+0000: 400143.335: Application time: 24.9097157 seconds
2019-06-25T23:23:24.368+0000: 400143.380: Application time: 0.0447784 seconds
2019-06-25T23:23:25.172+0000: 400144.185: Application time: 0.8043125 seconds
2019-06-25T23:23:25.173+0000: 400144.185: Application time: 0.0001603 seconds
2019-06-25T23:23:25.173+0000: 400144.185: Application time: 0.0006422 seconds
2019-06-25T23:23:25.174+0000: 400144.186: Application time: 0.0000803 seconds
2019-06-25T23:23:25.174+0000: 400144.186: Application time: 0.0001739 seconds
2019-06-25T23:23:25.174+0000: 400144.187: Application time: 0.0001277 seconds
2019-06-25T23:23:33.996+0000: 400153.008: Application time: 8.8216543 seconds
2019-06-25T23:23:33.997+0000: 400153.009: Application time: 0.0001466 seconds
2019-06-25T23:23:33.997+0000: 400153.009: Application time: 0.0001369 seconds
2019-06-25T23:23:33.997+0000: 400153.009: Application time: 0.0001209 seconds
2019-06-25T23:23:33.999+0000: 400153.011: Application time: 0.0015623 seconds
2019-06-25T23:27:25.308+0000: 400384.320: Application time: 231.3089201 seconds
{Heap before GC invocations=2492 (full 192):
 par new generation   total 9792K, used 9579K [0x00000000e1000000, 0x00000000e1aa0000, 0x00000000eb4a0000)
  eden space 8704K,  99% used [0x00000000e1000000, 0x00000000e187fe48, 0x00000000e1880000)
  from space 1088K,  80% used [0x00000000e1880000, 0x00000000e195b0a8, 0x00000000e1990000)
  to   space 1088K,   0% used [0x00000000e1990000, 0x00000000e1990000, 0x00000000e1aa0000)
 concurrent mark-sweep generation total 121500K, used 71747K [0x00000000eb4a0000, 0x00000000f2b47000, 0x0000000100000000)
 Metaspace       used 89103K, capacity 93584K, committed 93824K, reserved 1132544K
  class space    used 10740K, capacity 11542K, committed 11648K, reserved 1048576K
2019-06-25T23:27:25.309+0000: 400384.321: [GC (Allocation Failure) 2019-06-25T23:27:25.309+0000: 400384.322: [ParNew: 9579K->729K(9792K), 0.0090972 secs] 81327K->72843K(131292K), 0.0099637 secs] [Times: user=0.01 sys=0.01, real=0.01 secs] 
Heap after GC invocations=2493 (full 192):
 par new generation   total 9792K, used 729K [0x00000000e1000000, 0x00000000e1aa0000, 0x00000000eb4a0000)
  eden space 8704K,   0% used [0x00000000e1000000, 0x00000000e1000000, 0x00000000e1880000)
  from space 1088K,  67% used [0x00000000e1990000, 0x00000000e1a465f8, 0x00000000e1aa0000)
  to   space 1088K,   0% used [0x00000000e1880000, 0x00000000e1880000, 0x00000000e1990000)
 concurrent mark-sweep generation total 121500K, used 72113K [0x00000000eb4a0000, 0x00000000f2b47000, 0x0000000100000000)
 Metaspace       used 89103K, capacity 93584K, committed 93824K, reserved 1132544K
  class space    used 10740K, capacity 11542K, committed 11648K, reserved 1048576K
}
2019-06-25T23:34:35.553+0000: 400814.566: Application time: 430.2336410 seconds
{Heap before GC invocations=2493 (full 192):
 par new generation   total 9792K, used 9429K [0x00000000e1000000, 0x00000000e1aa0000, 0x00000000eb4a0000)
  eden space 8704K,  99% used [0x00000000e1000000, 0x00000000e187f050, 0x00000000e1880000)
  from space 1088K,  67% used [0x00000000e1990000, 0x00000000e1a465f8, 0x00000000e1aa0000)
  to   space 1088K,   0% used [0x00000000e1880000, 0x00000000e1880000, 0x00000000e1990000)
 concurrent mark-sweep generation total 121500K, used 72113K [0x00000000eb4a0000, 0x00000000f2b47000, 0x0000000100000000)
 Metaspace       used 89103K, capacity 93584K, committed 93824K, reserved 1132544K
  class space    used 10740K, capacity 11542K, committed 11648K, reserved 1048576K
2019-06-25T23:34:35.554+0000: 400814.566: [GC (Allocation Failure) 2019-06-25T23:34:35.554+0000: 400814.567: [ParNew: 9429K->602K(9792K), 0.0043247 secs] 81543K->73003K(131292K), 0.0052201 secs] [Times: user=0.00 sys=0.01, real=0.01 secs] 
Heap after GC invocations=2494 (full 192):
 par new generation   total 9792K, used 602K [0x00000000e1000000, 0x00000000e1aa0000, 0x00000000eb4a0000)
  eden space 8704K,   0% used [0x00000000e1000000, 0x00000000e1000000, 0x00000000e1880000)
  from space 1088K,  55% used [0x00000000e1880000, 0x00000000e1916878, 0x00000000e1990000)
  to   space 1088K,   0% used [0x00000000e1990000, 0x00000000e1990000, 0x00000000e1aa0000)
 concurrent mark-sweep generation total 121500K, used 72401K [0x00000000eb4a0000, 0x00000000f2b47000, 0x0000000100000000)
 Metaspace       used 89103K, capacity 93584K, committed 93824K, reserved 1132544K
  class space    used 10740K, capacity 11542K, committed 11648K, reserved 1048576K
}
2019-06-25T23:36:45.627+0000: 400944.640: Application time: 130.0672439 seconds
2019-06-25T23:40:46.477+0000: 401185.490: Application time: 240.8496967 seconds
{Heap before GC invocations=2494 (full 192):
 par new generation   total 9792K, used 9071K [0x00000000e1000000, 0x00000000e1aa0000, 0x00000000eb4a0000)
  eden space 8704K,  97% used [0x00000000e1000000, 0x00000000e1845588, 0x00000000e1880000)
  from space 1088K,  55% used [0x00000000e1880000, 0x00000000e1916878, 0x00000000e1990000)
  to   space 1088K,   0% used [0x00000000e1990000, 0x00000000e1990000, 0x00000000e1aa0000)
 concurrent mark-sweep generation total 121500K, used 72401K [0x00000000eb4a0000, 0x00000000f2b47000, 0x0000000100000000)
 Metaspace       used 89103K, capacity 93584K, committed 93824K, reserved 1132544K
  class space    used 10740K, capacity 11542K, committed 11648K, reserved 1048576K
2019-06-25T23:40:46.478+0000: 401185.490: [GC (Allocation Failure) 2019-06-25T23:40:46.478+0000: 401185.491: [ParNew: 9071K->846K(9792K), 0.0040993 secs] 81472K->73247K(131292K), 0.0051260 secs] [Times: user=0.00 sys=0.01, real=0.01 secs] 
Heap after GC invocations=2495 (full 192):
 par new generation   total 9792K, used 846K [0x00000000e1000000, 0x00000000e1aa0000, 0x00000000eb4a0000)
  eden space 8704K,   0% used [0x00000000e1000000, 0x00000000e1000000, 0x00000000e1880000)
  from space 1088K,  77% used [0x00000000e1990000, 0x00000000e1a63920, 0x00000000e1aa0000)
  to   space 1088K,   0% used [0x00000000e1880000, 0x00000000e1880000, 0x00000000e1990000)
 concurrent mark-sweep generation total 121500K, used 72401K [0x00000000eb4a0000, 0x00000000f2b47000, 0x0000000100000000)
 Metaspace       used 89103K, capacity 93584K, committed 93824K, reserved 1132544K
  class space    used 10740K, capacity 11542K, committed 11648K, reserved 1048576K
}
2019-06-25T23:40:51.467+0000: 401190.480: Application time: 4.9832968 seconds
2019-06-25T23:40:51.508+0000: 401190.520: Application time: 0.0406902 seconds
2019-06-25T23:40:55.764+0000: 401194.776: Application time: 4.2557371 seconds
2019-06-25T23:40:55.764+0000: 401194.777: Application time: 0.0000683 seconds
2019-06-25T23:40:55.765+0000: 401194.777: Application time: 0.0004261 seconds
2019-06-25T23:40:55.765+0000: 401194.777: Application time: 0.0000631 seconds
2019-06-25T23:40:55.765+0000: 401194.778: Application time: 0.0001416 seconds
2019-06-25T23:40:55.766+0000: 401194.778: Application time: 0.0001117 seconds
2019-06-25T23:40:59.459+0000: 401198.471: Application time: 3.6931399 seconds
2019-06-25T23:40:59.459+0000: 401198.472: Application time: 0.0001558 seconds
2019-06-25T23:40:59.459+0000: 401198.472: Application time: 0.0001537 seconds
2019-06-25T23:40:59.460+0000: 401198.472: Application time: 0.0001454 seconds
2019-06-25T23:40:59.461+0000: 401198.474: Application time: 0.0014168 seconds
2019-06-25T23:44:29.405+0000: 401408.417: Application time: 209.9434995 seconds
2019-06-25T23:44:42.237+0000: 401421.250: Application time: 12.8322549 seconds
2019-06-25T23:44:42.261+0000: 401421.274: Application time: 0.0236297 seconds
2019-06-25T23:44:45.890+0000: 401424.902: Application time: 3.6282297 seconds
2019-06-25T23:44:45.890+0000: 401424.902: Application time: 0.0004782 seconds
2019-06-25T23:44:45.891+0000: 401424.903: Application time: 0.0000724 seconds
2019-06-25T23:44:45.891+0000: 401424.903: Application time: 0.0000794 seconds
2019-06-25T23:44:45.891+0000: 401424.904: Application time: 0.0001744 seconds
2019-06-25T23:44:45.891+0000: 401424.904: Application time: 0.0001396 seconds
2019-06-25T23:44:55.897+0000: 401434.909: Application time: 10.0050110 seconds
2019-06-25T23:44:55.897+0000: 401434.909: Application time: 0.0000740 seconds
2019-06-25T23:44:55.897+0000: 401434.909: Application time: 0.0000609 seconds
2019-06-25T23:44:55.897+0000: 401434.910: Application time: 0.0000633 seconds
2019-06-25T23:44:55.899+0000: 401434.911: Application time: 0.0013621 seconds
2019-06-25T23:45:29.413+0000: 401468.425: Application time: 33.5135730 seconds
{Heap before GC invocations=2495 (full 192):
 par new generation   total 9792K, used 9550K [0x00000000e1000000, 0x00000000e1aa0000, 0x00000000eb4a0000)
  eden space 8704K, 100% used [0x00000000e1000000, 0x00000000e1880000, 0x00000000e1880000)
  from space 1088K,  77% used [0x00000000e1990000, 0x00000000e1a63920, 0x00000000e1aa0000)
  to   space 1088K,   0% used [0x00000000e1880000, 0x00000000e1880000, 0x00000000e1990000)
 concurrent mark-sweep generation total 121500K, used 72401K [0x00000000eb4a0000, 0x00000000f2b47000, 0x0000000100000000)
 Metaspace       used 89103K, capacity 93584K, committed 93824K, reserved 1132544K
  class space    used 10740K, capacity 11542K, committed 11648K, reserved 1048576K
2019-06-25T23:45:29.413+0000: 401468.425: [GC (Allocation Failure) 2019-06-25T23:45:29.413+0000: 401468.426: [ParNew: 9550K->655K(9792K), 0.0035245 secs] 81951K->73226K(131292K), 0.0043223 secs] [Times: user=0.00 sys=0.01, real=0.00 secs] 
Heap after GC invocations=2496 (full 192):
 par new generation   total 9792K, used 655K [0x00000000e1000000, 0x00000000e1aa0000, 0x00000000eb4a0000)
  eden space 8704K,   0% used [0x00000000e1000000, 0x00000000e1000000, 0x00000000e1880000)
  from space 1088K,  60% used [0x00000000e1880000, 0x00000000e1923d10, 0x00000000e1990000)
  to   space 1088K,   0% used [0x00000000e1990000, 0x00000000e1990000, 0x00000000e1aa0000)
 concurrent mark-sweep generation total 121500K, used 72571K [0x00000000eb4a0000, 0x00000000f2b47000, 0x0000000100000000)
 Metaspace       used 89103K, capacity 93584K, committed 93824K, reserved 1132544K
  class space    used 10740K, capacity 11542K, committed 11648K, reserved 1048576K
}
2019-06-25T23:46:45.957+0000: 401544.969: Application time: 76.5382407 seconds
2019-06-25T23:46:45.957+0000: 401544.969: Application time: 0.0000668 seconds
2019-06-25T23:46:45.957+0000: 401544.969: Application time: 0.0000654 seconds
2019-06-25T23:46:45.957+0000: 401544.970: Application time: 0.0000607 seconds
2019-06-25T23:46:45.958+0000: 401544.970: Application time: 0.0001473 seconds
2019-06-25T23:46:45.958+0000: 401544.970: Application time: 0.0001185 seconds
2019-06-25T23:46:49.131+0000: 401548.143: Application time: 3.1722868 seconds
2019-06-25T23:46:49.168+0000: 401548.180: Application time: 0.0372962 seconds
2019-06-25T23:46:55.945+0000: 401554.957: Application time: 6.7765477 seconds
2019-06-25T23:46:55.945+0000: 401554.958: Application time: 0.0001055 seconds
2019-06-25T23:46:55.947+0000: 401554.960: Application time: 0.0009376 seconds
2019-06-25T23:46:55.948+0000: 401554.960: Application time: 0.0001083 seconds
2019-06-25T23:46:55.963+0000: 401554.976: Application time: 0.0155320 seconds
2019-06-25T23:46:55.964+0000: 401554.976: Application time: 0.0000622 seconds
2019-06-25T23:46:55.978+0000: 401554.990: Application time: 0.0001221 seconds
2019-06-25T23:46:55.978+0000: 401554.990: Application time: 0.0000680 seconds
2019-06-25T23:46:55.978+0000: 401554.991: Application time: 0.0001081 seconds
2019-06-25T23:46:55.979+0000: 401554.999: Application time: 0.0077720 seconds
2019-06-25T23:46:59.475+0000: 401558.488: Application time: 3.4801823 seconds
2019-06-25T23:46:59.476+0000: 401558.488: Application time: 0.0000667 seconds
2019-06-25T23:46:59.476+0000: 401558.488: Application time: 0.0000648 seconds
2019-06-25T23:46:59.476+0000: 401558.488: Application time: 0.0000582 seconds
2019-06-25T23:46:59.476+0000: 401558.489: Application time: 0.0000609 seconds
2019-06-25T23:46:59.478+0000: 401558.490: Application time: 0.0016600 seconds
2019-06-25T23:47:00.948+0000: 401559.961: Application time: 1.4701232 seconds
2019-06-25T23:47:01.000+0000: 401560.012: Application time: 0.0512374 seconds
2019-06-25T23:47:50.678+0000: 401609.690: Application time: 49.6774854 seconds
{Heap before GC invocations=2496 (full 192):
 par new generation   total 9792K, used 9358K [0x00000000e1000000, 0x00000000e1aa0000, 0x00000000eb4a0000)
  eden space 8704K,  99% used [0x00000000e1000000, 0x00000000e187fdf0, 0x00000000e1880000)
  from space 1088K,  60% used [0x00000000e1880000, 0x00000000e1923d10, 0x00000000e1990000)
  to   space 1088K,   0% used [0x00000000e1990000, 0x00000000e1990000, 0x00000000e1aa0000)
 concurrent mark-sweep generation total 121500K, used 72571K [0x00000000eb4a0000, 0x00000000f2b47000, 0x0000000100000000)
 Metaspace       used 89103K, capacity 93584K, committed 93824K, reserved 1132544K
  class space    used 10740K, capacity 11542K, committed 11648K, reserved 1048576K
2019-06-25T23:47:50.678+0000: 401609.691: [GC (Allocation Failure) 2019-06-25T23:47:50.679+0000: 401609.691: [ParNew: 9358K->977K(9792K), 0.0036232 secs] 81929K->73871K(131292K), 0.0048728 secs] [Times: user=0.01 sys=0.00, real=0.00 secs] 
Heap after GC invocations=2497 (full 192):
 par new generation   total 9792K, used 977K [0x00000000e1000000, 0x00000000e1aa0000, 0x00000000eb4a0000)
  eden space 8704K,   0% used [0x00000000e1000000, 0x00000000e1000000, 0x00000000e1880000)
  from space 1088K,  89% used [0x00000000e1990000, 0x00000000e1a84530, 0x00000000e1aa0000)
  to   space 1088K,   0% used [0x00000000e1880000, 0x00000000e1880000, 0x00000000e1990000)
 concurrent mark-sweep generation total 121500K, used 72894K [0x00000000eb4a0000, 0x00000000f2b47000, 0x0000000100000000)
 Metaspace       used 89103K, capacity 93584K, committed 93824K, reserved 1132544K
  class space    used 10740K, capacity 11542K, committed 11648K, reserved 1048576K
}
2019-06-25T23:47:55.649+0000: 401614.661: Application time: 4.9647755 seconds
2019-06-25T23:47:55.709+0000: 401614.722: Application time: 0.0600376 seconds
2019-06-25T23:47:56.028+0000: 401615.040: Application time: 0.3184657 seconds
2019-06-25T23:47:56.028+0000: 401615.041: Application time: 0.0001451 seconds
2019-06-25T23:47:56.029+0000: 401615.041: Application time: 0.0006249 seconds
2019-06-25T23:47:56.029+0000: 401615.042: Application time: 0.0002320 seconds
2019-06-25T23:47:56.030+0000: 401615.042: Application time: 0.0003151 seconds
2019-06-25T23:47:59.480+0000: 401618.492: Application time: 3.4495973 seconds
2019-06-25T23:47:59.480+0000: 401618.492: Application time: 0.0001371 seconds
2019-06-25T23:47:59.480+0000: 401618.493: Application time: 0.0001278 seconds
2019-06-25T23:47:59.481+0000: 401618.493: Application time: 0.0001180 seconds
2019-06-25T23:47:59.481+0000: 401618.493: Application time: 0.0001223 seconds
2019-06-25T23:47:59.483+0000: 401618.495: Application time: 0.0015493 seconds
2019-06-25T23:49:42.763+0000: 401721.775: Application time: 103.2798819 seconds
2019-06-25T23:49:42.790+0000: 401721.802: Application time: 0.0271059 seconds
2019-06-25T23:49:46.090+0000: 401725.102: Application time: 3.2998146 seconds
2019-06-25T23:49:46.090+0000: 401725.103: Application time: 0.0000714 seconds
2019-06-25T23:49:46.091+0000: 401725.103: Application time: 0.0005338 seconds
2019-06-25T23:49:46.091+0000: 401725.104: Application time: 0.0000631 seconds
2019-06-25T23:49:46.091+0000: 401725.104: Application time: 0.0000556 seconds
2019-06-25T23:49:46.092+0000: 401725.104: Application time: 0.0000548 seconds
2019-06-25T23:49:46.092+0000: 401725.104: Application time: 0.0001017 seconds
2019-06-25T23:49:46.092+0000: 401725.105: Application time: 0.0002587 seconds
2019-06-25T23:49:46.093+0000: 401725.105: Application time: 0.0001546 seconds
2019-06-25T23:49:56.098+0000: 401735.110: Application time: 10.0051269 seconds
2019-06-25T23:49:56.099+0000: 401735.112: Application time: 0.0012718 seconds
2019-06-25T23:50:14.621+0000: 401753.633: Application time: 18.5213097 seconds
2019-06-25T23:50:14.670+0000: 401753.683: Application time: 0.0493735 seconds
2019-06-25T23:50:16.110+0000: 401755.122: Application time: 1.4393101 seconds
2019-06-25T23:50:16.110+0000: 401755.123: Application time: 0.0000692 seconds
2019-06-25T23:50:16.110+0000: 401755.123: Application time: 0.0000631 seconds
2019-06-25T23:50:16.111+0000: 401755.123: Application time: 0.0000643 seconds
2019-06-25T23:50:16.111+0000: 401755.124: Application time: 0.0000559 seconds
2019-06-25T23:50:16.111+0000: 401755.124: Application time: 0.0000546 seconds
2019-06-25T23:50:16.112+0000: 401755.124: Application time: 0.0000584 seconds
2019-06-25T23:50:16.112+0000: 401755.124: Application time: 0.0001283 seconds
2019-06-25T23:50:16.112+0000: 401755.124: Application time: 0.0001098 seconds
2019-06-25T23:50:26.117+0000: 401765.130: Application time: 10.0051454 seconds
2019-06-25T23:50:26.119+0000: 401765.131: Application time: 0.0015344 seconds
2019-06-25T23:51:01.274+0000: 401800.286: Application time: 35.1543295 seconds
{Heap before GC invocations=2497 (full 192):
 par new generation   total 9792K, used 9681K [0x00000000e1000000, 0x00000000e1aa0000, 0x00000000eb4a0000)
  eden space 8704K,  99% used [0x00000000e1000000, 0x00000000e187ffe0, 0x00000000e1880000)
  from space 1088K,  89% used [0x00000000e1990000, 0x00000000e1a84530, 0x00000000e1aa0000)
  to   space 1088K,   0% used [0x00000000e1880000, 0x00000000e1880000, 0x00000000e1990000)
 concurrent mark-sweep generation total 121500K, used 72894K [0x00000000eb4a0000, 0x00000000f2b47000, 0x0000000100000000)
 Metaspace       used 89144K, capacity 93650K, committed 93824K, reserved 1132544K
  class space    used 10746K, capacity 11553K, committed 11648K, reserved 1048576K
2019-06-25T23:51:01.274+0000: 401800.287: [GC (Allocation Failure) 2019-06-25T23:51:01.275+0000: 401800.287: [ParNew: 9681K->883K(9792K), 0.0039005 secs] 82575K->74211K(131292K), 0.0046886 secs] [Times: user=0.01 sys=0.00, real=0.01 secs] 
Heap after GC invocations=2498 (full 192):
 par new generation   total 9792K, used 883K [0x00000000e1000000, 0x00000000e1aa0000, 0x00000000eb4a0000)
  eden space 8704K,   0% used [0x00000000e1000000, 0x00000000e1000000, 0x00000000e1880000)
  from space 1088K,  81% used [0x00000000e1880000, 0x00000000e195cf50, 0x00000000e1990000)
  to   space 1088K,   0% used [0x00000000e1990000, 0x00000000e1990000, 0x00000000e1aa0000)
 concurrent mark-sweep generation total 121500K, used 73327K [0x00000000eb4a0000, 0x00000000f2b47000, 0x0000000100000000)
 Metaspace       used 89144K, capacity 93650K, committed 93824K, reserved 1132544K
  class space    used 10746K, capacity 11553K, committed 11648K, reserved 1048576K
}
2019-06-25T23:51:01.280+0000: 401800.292: Application time: 0.0001495 seconds
2019-06-25T23:51:01.280+0000: 401800.292: [GC (CMS Initial Mark) [1 CMS-initial-mark: 73327K(121500K)] 74219K(131292K), 0.0028419 secs] [Times: user=0.00 sys=0.00, real=0.00 secs] 
2019-06-25T23:51:01.284+0000: 401800.296: [CMS-concurrent-mark-start]
2019-06-25T23:51:01.414+0000: 401800.427: [CMS-concurrent-mark: 0.131/0.131 secs] [Times: user=0.13 sys=0.00, real=0.13 secs] 
2019-06-25T23:51:01.415+0000: 401800.427: [CMS-concurrent-preclean-start]
2019-06-25T23:51:01.417+0000: 401800.429: [CMS-concurrent-preclean: 0.002/0.002 secs] [Times: user=0.01 sys=0.00, real=0.00 secs] 
2019-06-25T23:51:01.417+0000: 401800.430: Application time: 0.1337065 seconds
2019-06-25T23:51:01.418+0000: 401800.430: [GC (CMS Final Remark) [YG occupancy: 927 K (9792 K)]2019-06-25T23:51:01.418+0000: 401800.430: [Rescan (parallel) , 0.0077927 secs]2019-06-25T23:51:01.426+0000: 401800.438: [weak refs processing, 0.0020251 secs]2019-06-25T23:51:01.428+0000: 401800.441: [class unloading, 0.0314682 secs]2019-06-25T23:51:01.460+0000: 401800.472: [scrub symbol table, 0.0293362 secs]2019-06-25T23:51:01.491+0000: 401800.503: [scrub string table, 0.0025437 secs][1 CMS-remark: 73327K(121500K)] 74255K(131292K), 0.1026347 secs] [Times: user=0.09 sys=0.00, real=0.11 secs] 
2019-06-25T23:51:01.521+0000: 401800.533: Application time: 0.0002133 seconds
2019-06-25T23:51:01.522+0000: 401800.534: [CMS-concurrent-sweep-start]
2019-06-25T23:51:01.558+0000: 401800.570: [CMS-concurrent-sweep: 0.036/0.036 secs] [Times: user=0.04 sys=0.00, real=0.03 secs] 
2019-06-25T23:51:01.558+0000: 401800.571: [CMS-concurrent-reset-start]
2019-06-25T23:51:01.559+0000: 401800.571: [CMS-concurrent-reset: 0.000/0.000 secs] [Times: user=0.00 sys=0.00, real=0.00 secs] 
2019-06-25T23:51:02.522+0000: 401801.535: Application time: 1.0007317 seconds
2019-06-25T23:51:04.523+0000: 401803.535: Application time: 2.0004074 seconds
2019-06-25T23:51:06.524+0000: 401805.536: Application time: 2.0003914 seconds
2019-06-25T23:51:27.527+0000: 401826.540: Application time: 21.0034260 seconds
2019-06-25T23:51:29.528+0000: 401828.540: Application time: 2.0004520 seconds
2019-06-25T23:51:59.531+0000: 401858.544: Application time: 30.0035172 seconds
2019-06-25T23:52:01.532+0000: 401860.544: Application time: 2.0003055 seconds
2019-06-25T23:52:19.534+0000: 401878.547: Application time: 18.0023088 seconds
2019-06-25T23:52:20.535+0000: 401879.547: Application time: 1.0002512 seconds
2019-06-25T23:52:22.535+0000: 401881.548: Application time: 2.0003584 seconds
2019-06-25T23:52:26.195+0000: 401885.207: Application time: 3.6594376 seconds
2019-06-25T23:52:26.195+0000: 401885.208: Application time: 0.0000672 seconds
2019-06-25T23:52:26.195+0000: 401885.208: Application time: 0.0000627 seconds
2019-06-25T23:52:26.196+0000: 401885.208: Application time: 0.0004551 seconds
2019-06-25T23:52:26.196+0000: 401885.209: Application time: 0.0000669 seconds
2019-06-25T23:52:26.196+0000: 401885.209: Application time: 0.0000645 seconds
2019-06-25T23:52:26.197+0000: 401885.209: Application time: 0.0002497 seconds
2019-06-25T23:52:26.197+0000: 401885.209: Application time: 0.0001021 seconds
2019-06-25T23:52:26.746+0000: 401885.758: Application time: 0.5485518 seconds
2019-06-25T23:52:26.799+0000: 401885.811: Application time: 0.0529555 seconds
2019-06-25T23:52:34.184+0000: 401893.196: Application time: 7.3848913 seconds
2019-06-25T23:52:34.184+0000: 401893.197: Application time: 0.0002031 seconds
2019-06-25T23:52:34.186+0000: 401893.199: Application time: 0.0017211 seconds
2019-06-25T23:52:56.214+0000: 401915.226: Application time: 22.0273665 seconds
{Heap before GC invocations=2498 (full 193):
 par new generation   total 9792K, used 9587K [0x00000000e1000000, 0x00000000e1aa0000, 0x00000000eb4a0000)
  eden space 8704K, 100% used [0x00000000e1000000, 0x00000000e1880000, 0x00000000e1880000)
  from space 1088K,  81% used [0x00000000e1880000, 0x00000000e195cf50, 0x00000000e1990000)
  to   space 1088K,   0% used [0x00000000e1990000, 0x00000000e1990000, 0x00000000e1aa0000)
 concurrent mark-sweep generation total 121500K, used 69393K [0x00000000eb4a0000, 0x00000000f2b47000, 0x0000000100000000)
 Metaspace       used 89094K, capacity 93566K, committed 93824K, reserved 1132544K
  class space    used 10739K, capacity 11539K, committed 11648K, reserved 1048576K
2019-06-25T23:52:56.215+0000: 401915.227: [GC (Allocation Failure) 2019-06-25T23:52:56.215+0000: 401915.227: [ParNew: 9587K->1088K(9792K), 0.0047543 secs] 78981K->70755K(131292K), 0.0056506 secs] [Times: user=0.01 sys=0.00, real=0.01 secs] 
Heap after GC invocations=2499 (full 193):
 par new generation   total 9792K, used 1088K [0x00000000e1000000, 0x00000000e1aa0000, 0x00000000eb4a0000)
  eden space 8704K,   0% used [0x00000000e1000000, 0x00000000e1000000, 0x00000000e1880000)
  from space 1088K, 100% used [0x00000000e1990000, 0x00000000e1aa0000, 0x00000000e1aa0000)
  to   space 1088K,   0% used [0x00000000e1880000, 0x00000000e1880000, 0x00000000e1990000)
 concurrent mark-sweep generation total 121500K, used 69667K [0x00000000eb4a0000, 0x00000000f2b47000, 0x0000000100000000)
 Metaspace       used 89094K, capacity 93566K, committed 93824K, reserved 1132544K
  class space    used 10739K, capacity 11539K, committed 11648K, reserved 1048576K
}
2019-06-25T23:52:56.221+0000: 401915.234: Application time: 0.0004830 seconds
2019-06-25T23:52:56.222+0000: 401915.234: Application time: 0.0000652 seconds
2019-06-25T23:52:56.222+0000: 401915.234: Application time: 0.0000461 seconds
2019-06-25T23:52:56.222+0000: 401915.235: Application time: 0.0000659 seconds
2019-06-25T23:52:56.223+0000: 401915.235: Application time: 0.0000718 seconds
2019-06-25T23:52:56.223+0000: 401915.235: Application time: 0.0000702 seconds
2019-06-25T23:52:56.223+0000: 401915.236: Application time: 0.0001554 seconds
2019-06-25T23:52:56.224+0000: 401915.236: Application time: 0.0000608 seconds
2019-06-25T23:52:58.049+0000: 401917.061: Application time: 1.8251553 seconds
2019-06-25T23:52:58.093+0000: 401917.106: Application time: 0.0440966 seconds
2019-06-25T23:52:59.495+0000: 401918.507: Application time: 1.4012509 seconds
2019-06-25T23:52:59.495+0000: 401918.507: Application time: 0.0000708 seconds
2019-06-25T23:52:59.495+0000: 401918.507: Application time: 0.0000656 seconds
2019-06-25T23:52:59.497+0000: 401918.509: Application time: 0.0014012 seconds
2019-06-25T23:53:04.498+0000: 401923.510: Application time: 5.0006764 seconds
2019-06-25T23:53:26.240+0000: 401945.252: Application time: 21.7422463 seconds
2019-06-25T23:57:30.275+0000: 402189.287: Application time: 244.0345502 seconds
2019-06-25T23:59:59.515+0000: 402338.528: Application time: 149.2401842 seconds
{Heap before GC invocations=2499 (full 193):
 par new generation   total 9792K, used 9792K [0x00000000e1000000, 0x00000000e1aa0000, 0x00000000eb4a0000)
  eden space 8704K, 100% used [0x00000000e1000000, 0x00000000e1880000, 0x00000000e1880000)
  from space 1088K, 100% used [0x00000000e1990000, 0x00000000e1aa0000, 0x00000000e1aa0000)
  to   space 1088K,   0% used [0x00000000e1880000, 0x00000000e1880000, 0x00000000e1990000)
 concurrent mark-sweep generation total 121500K, used 69667K [0x00000000eb4a0000, 0x00000000f2b47000, 0x0000000100000000)
 Metaspace       used 89100K, capacity 93578K, committed 93824K, reserved 1132544K
  class space    used 10740K, capacity 11541K, committed 11648K, reserved 1048576K
2019-06-25T23:59:59.515+0000: 402338.528: [GC (Allocation Failure) 2019-06-25T23:59:59.516+0000: 402338.528: [ParNew: 9792K->918K(9792K), 0.0066557 secs] 79459K->70922K(131292K), 0.0073224 secs] [Times: user=0.02 sys=0.00, real=0.01 secs] 
Heap after GC invocations=2500 (full 193):
 par new generation   total 9792K, used 918K [0x00000000e1000000, 0x00000000e1aa0000, 0x00000000eb4a0000)
  eden space 8704K,   0% used [0x00000000e1000000, 0x00000000e1000000, 0x00000000e1880000)
  from space 1088K,  84% used [0x00000000e1880000, 0x00000000e1965920, 0x00000000e1990000)
  to   space 1088K,   0% used [0x00000000e1990000, 0x00000000e1990000, 0x00000000e1aa0000)
 concurrent mark-sweep generation total 121500K, used 70004K [0x00000000eb4a0000, 0x00000000f2b47000, 0x0000000100000000)
 Metaspace       used 89100K, capacity 93578K, committed 93824K, reserved 1132544K
  class space    used 10740K, capacity 11541K, committed 11648K, reserved 1048576K
}
2019-06-26T00:07:16.694+0000: 402775.706: Application time: 437.1705055 seconds
{Heap before GC invocations=2500 (full 193):
 par new generation   total 9792K, used 9621K [0x00000000e1000000, 0x00000000e1aa0000, 0x00000000eb4a0000)
  eden space 8704K,  99% used [0x00000000e1000000, 0x00000000e187fd78, 0x00000000e1880000)
  from space 1088K,  84% used [0x00000000e1880000, 0x00000000e1965920, 0x00000000e1990000)
  to   space 1088K,   0% used [0x00000000e1990000, 0x00000000e1990000, 0x00000000e1aa0000)
 concurrent mark-sweep generation total 121500K, used 70004K [0x00000000eb4a0000, 0x00000000f2b47000, 0x0000000100000000)
 Metaspace       used 89102K, capacity 93584K, committed 93824K, reserved 1132544K
  class space    used 10740K, capacity 11542K, committed 11648K, reserved 1048576K
2019-06-26T00:07:16.695+0000: 402775.707: [GC (Allocation Failure) 2019-06-26T00:07:16.695+0000: 402775.707: [ParNew: 9621K->881K(9792K), 0.0087350 secs] 79626K->70885K(131292K), 0.0094518 secs] [Times: user=0.02 sys=0.00, real=0.01 secs] 
Heap after GC invocations=2501 (full 193):
 par new generation   total 9792K, used 881K [0x00000000e1000000, 0x00000000e1aa0000, 0x00000000eb4a0000)
  eden space 8704K,   0% used [0x00000000e1000000, 0x00000000e1000000, 0x00000000e1880000)
  from space 1088K,  81% used [0x00000000e1990000, 0x00000000e1a6c520, 0x00000000e1aa0000)
  to   space 1088K,   0% used [0x00000000e1880000, 0x00000000e1880000, 0x00000000e1990000)
 concurrent mark-sweep generation total 121500K, used 70004K [0x00000000eb4a0000, 0x00000000f2b47000, 0x0000000100000000)
 Metaspace       used 89102K, capacity 93584K, committed 93824K, reserved 1132544K
  class space    used 10740K, capacity 11542K, committed 11648K, reserved 1048576K
}
2019-06-26T00:09:29.540+0000: 402908.552: Application time: 132.8349006 seconds
2019-06-26T00:10:06.792+0000: 402945.804: Application time: 37.2518082 seconds
2019-06-26T00:10:16.798+0000: 402955.810: Application time: 10.0057964 seconds
2019-06-26T00:10:32.426+0000: 402971.438: Application time: 15.6275939 seconds
2019-06-26T00:10:32.465+0000: 402971.477: Application time: 0.0381090 seconds
2019-06-26T00:10:34.302+0000: 402973.315: Application time: 1.8375307 seconds
2019-06-26T00:10:34.303+0000: 402973.315: Application time: 0.0000893 seconds
2019-06-26T00:10:34.303+0000: 402973.315: Application time: 0.0000749 seconds
2019-06-26T00:10:34.303+0000: 402973.315: Application time: 0.0000771 seconds
2019-06-26T00:10:34.303+0000: 402973.316: Application time: 0.0000626 seconds
2019-06-26T00:10:34.303+0000: 402973.316: Application time: 0.0001609 seconds
2019-06-26T00:10:34.304+0000: 402973.316: Application time: 0.0001103 seconds
2019-06-26T00:10:36.810+0000: 402975.822: Application time: 2.5059065 seconds
2019-06-26T00:10:36.810+0000: 402975.822: Application time: 0.0000838 seconds
2019-06-26T00:10:36.810+0000: 402975.823: Application time: 0.0000728 seconds
2019-06-26T00:10:36.812+0000: 402975.824: Application time: 0.0012966 seconds
2019-06-26T00:12:27.542+0000: 403086.555: Application time: 110.7305485 seconds
2019-06-26T00:12:27.543+0000: 403086.555: Application time: 0.0004964 seconds
2019-06-26T00:12:27.543+0000: 403086.556: Application time: 0.0000667 seconds
2019-06-26T00:12:27.543+0000: 403086.556: Application time: 0.0000559 seconds
2019-06-26T00:12:27.544+0000: 403086.556: Application time: 0.0000554 seconds
2019-06-26T00:12:27.544+0000: 403086.556: Application time: 0.0000547 seconds
2019-06-26T00:12:27.544+0000: 403086.556: Application time: 0.0000545 seconds
2019-06-26T00:12:27.544+0000: 403086.556: Application time: 0.0000547 seconds
2019-06-26T00:12:27.544+0000: 403086.557: Application time: 0.0001186 seconds
2019-06-26T00:12:27.544+0000: 403086.557: Application time: 0.0001136 seconds
2019-06-26T00:12:36.880+0000: 403095.892: Application time: 9.3353281 seconds
{Heap before GC invocations=2501 (full 193):
 par new generation   total 9792K, used 9585K [0x00000000e1000000, 0x00000000e1aa0000, 0x00000000eb4a0000)
  eden space 8704K, 100% used [0x00000000e1000000, 0x00000000e1880000, 0x00000000e1880000)
  from space 1088K,  81% used [0x00000000e1990000, 0x00000000e1a6c520, 0x00000000e1aa0000)
  to   space 1088K,   0% used [0x00000000e1880000, 0x00000000e1880000, 0x00000000e1990000)
 concurrent mark-sweep generation total 121500K, used 70004K [0x00000000eb4a0000, 0x00000000f2b47000, 0x0000000100000000)
 Metaspace       used 89102K, capacity 93584K, committed 93824K, reserved 1132544K
  class space    used 10740K, capacity 11542K, committed 11648K, reserved 1048576K
2019-06-26T00:12:36.881+0000: 403095.893: [GC (Allocation Failure) 2019-06-26T00:12:36.881+0000: 403095.893: [ParNew: 9585K->714K(9792K), 0.0039967 secs] 79589K->71035K(131292K), 0.0047127 secs] [Times: user=0.00 sys=0.01, real=0.00 secs] 
Heap after GC invocations=2502 (full 193):
 par new generation   total 9792K, used 714K [0x00000000e1000000, 0x00000000e1aa0000, 0x00000000eb4a0000)
  eden space 8704K,   0% used [0x00000000e1000000, 0x00000000e1000000, 0x00000000e1880000)
  from space 1088K,  65% used [0x00000000e1880000, 0x00000000e1932808, 0x00000000e1990000)
  to   space 1088K,   0% used [0x00000000e1990000, 0x00000000e1990000, 0x00000000e1aa0000)
 concurrent mark-sweep generation total 121500K, used 70321K [0x00000000eb4a0000, 0x00000000f2b47000, 0x0000000100000000)
 Metaspace       used 89102K, capacity 93584K, committed 93824K, reserved 1132544K
  class space    used 10740K, capacity 11542K, committed 11648K, reserved 1048576K
}
2019-06-26T00:14:04.327+0000: 403183.339: Application time: 87.4406212 seconds
2019-06-26T00:14:04.327+0000: 403183.339: Application time: 0.0000736 seconds
2019-06-26T00:14:04.327+0000: 403183.340: Application time: 0.0000628 seconds
2019-06-26T00:14:04.328+0000: 403183.340: Application time: 0.0000585 seconds
2019-06-26T00:14:04.328+0000: 403183.341: Application time: 0.0000667 seconds
2019-06-26T00:14:04.329+0000: 403183.341: Application time: 0.0001317 seconds
2019-06-26T00:14:04.329+0000: 403183.341: Application time: 0.0001948 seconds
2019-06-26T00:14:06.937+0000: 403185.949: Application time: 2.6075650 seconds
2019-06-26T00:14:06.937+0000: 403185.950: Application time: 0.0001349 seconds
2019-06-26T00:14:06.937+0000: 403185.950: Application time: 0.0001354 seconds
2019-06-26T00:14:06.938+0000: 403185.950: Application time: 0.0001281 seconds
2019-06-26T00:14:06.938+0000: 403185.951: Application time: 0.0003658 seconds
2019-06-26T00:14:06.938+0000: 403185.951: Application time: 0.0001477 seconds
2019-06-26T00:14:06.940+0000: 403185.952: Application time: 0.0010305 seconds
2019-06-26T00:14:08.512+0000: 403187.524: Application time: 1.5721308 seconds
2019-06-26T00:14:08.537+0000: 403187.549: Application time: 0.0249655 seconds
2019-06-26T00:16:28.117+0000: 403327.130: Application time: 139.5799504 seconds
2019-06-26T00:16:28.118+0000: 403327.130: Application time: 0.0005298 seconds
2019-06-26T00:16:28.119+0000: 403327.131: Application time: 0.0000658 seconds
2019-06-26T00:16:28.119+0000: 403327.131: Application time: 0.0001303 seconds
2019-06-26T00:16:28.119+0000: 403327.132: Application time: 0.0002908 seconds
2019-06-26T00:16:28.156+0000: 403327.168: Application time: 0.0362594 seconds
{Heap before GC invocations=2502 (full 193):
 par new generation   total 9792K, used 9418K [0x00000000e1000000, 0x00000000e1aa0000, 0x00000000eb4a0000)
  eden space 8704K, 100% used [0x00000000e1000000, 0x00000000e1880000, 0x00000000e1880000)
  from space 1088K,  65% used [0x00000000e1880000, 0x00000000e1932808, 0x00000000e1990000)
  to   space 1088K,   0% used [0x00000000e1990000, 0x00000000e1990000, 0x00000000e1aa0000)
 concurrent mark-sweep generation total 121500K, used 70321K [0x00000000eb4a0000, 0x00000000f2b47000, 0x0000000100000000)
 Metaspace       used 89106K, capacity 93590K, committed 93824K, reserved 1132544K
  class space    used 10741K, capacity 11543K, committed 11648K, reserved 1048576K
2019-06-26T00:16:28.156+0000: 403327.169: [GC (Allocation Failure) 2019-06-26T00:16:28.157+0000: 403327.169: [ParNew: 9418K->747K(9792K), 0.0031943 secs] 79739K->71068K(131292K), 0.0039965 secs] [Times: user=0.01 sys=0.00, real=0.01 secs] 
Heap after GC invocations=2503 (full 193):
 par new generation   total 9792K, used 747K [0x00000000e1000000, 0x00000000e1aa0000, 0x00000000eb4a0000)
  eden space 8704K,   0% used [0x00000000e1000000, 0x00000000e1000000, 0x00000000e1880000)
  from space 1088K,  68% used [0x00000000e1990000, 0x00000000e1a4ad50, 0x00000000e1aa0000)
  to   space 1088K,   0% used [0x00000000e1880000, 0x00000000e1880000, 0x00000000e1990000)
 concurrent mark-sweep generation total 121500K, used 70321K [0x00000000eb4a0000, 0x00000000f2b47000, 0x0000000100000000)
 Metaspace       used 89106K, capacity 93590K, committed 93824K, reserved 1132544K
  class space    used 10741K, capacity 11543K, committed 11648K, reserved 1048576K
}
2019-06-26T00:16:33.724+0000: 403332.736: Application time: 5.5625500 seconds
2019-06-26T00:16:33.745+0000: 403332.757: Application time: 0.0211747 seconds
2019-06-26T00:16:34.345+0000: 403333.358: Application time: 0.6001832 seconds
2019-06-26T00:16:34.346+0000: 403333.358: Application time: 0.0001384 seconds
2019-06-26T00:16:34.346+0000: 403333.359: Application time: 0.0005911 seconds
2019-06-26T00:16:34.347+0000: 403333.359: Application time: 0.0000728 seconds
2019-06-26T00:16:34.347+0000: 403333.359: Application time: 0.0000695 seconds
2019-06-26T00:16:37.019+0000: 403336.031: Application time: 2.6720403 seconds
2019-06-26T00:16:37.019+0000: 403336.032: Application time: 0.0001560 seconds
2019-06-26T00:16:37.020+0000: 403336.032: Application time: 0.0001912 seconds
2019-06-26T00:16:37.020+0000: 403336.032: Application time: 0.0002686 seconds
2019-06-26T00:16:37.020+0000: 403336.033: Application time: 0.0001906 seconds
2019-06-26T00:16:37.022+0000: 403336.034: Application time: 0.0012519 seconds
2019-06-26T00:17:37.053+0000: 403396.066: Application time: 60.0314966 seconds
2019-06-26T00:17:37.054+0000: 403396.066: Application time: 0.0000676 seconds
2019-06-26T00:17:37.054+0000: 403396.066: Application time: 0.0000641 seconds
2019-06-26T00:17:37.054+0000: 403396.066: Application time: 0.0000774 seconds
2019-06-26T00:17:37.054+0000: 403396.067: Application time: 0.0005445 seconds
2019-06-26T00:17:39.508+0000: 403398.520: Application time: 2.4528698 seconds
2019-06-26T00:17:39.542+0000: 403398.554: Application time: 0.0339850 seconds
2019-06-26T00:17:47.061+0000: 403406.073: Application time: 7.5183988 seconds
2019-06-26T00:17:47.061+0000: 403406.073: Application time: 0.0000727 seconds
2019-06-26T00:17:47.061+0000: 403406.074: Application time: 0.0000608 seconds
2019-06-26T00:17:47.062+0000: 403406.074: Application time: 0.0001467 seconds
2019-06-26T00:17:47.062+0000: 403406.074: Application time: 0.0001166 seconds
2019-06-26T00:17:47.063+0000: 403406.075: Application time: 0.0011043 seconds
2019-06-26T00:19:35.880+0000: 403514.892: Application time: 108.8164738 seconds
{Heap before GC invocations=2503 (full 193):
 par new generation   total 9792K, used 9449K [0x00000000e1000000, 0x00000000e1aa0000, 0x00000000eb4a0000)
  eden space 8704K,  99% used [0x00000000e1000000, 0x00000000e187fa00, 0x00000000e1880000)
  from space 1088K,  68% used [0x00000000e1990000, 0x00000000e1a4ad50, 0x00000000e1aa0000)
  to   space 1088K,   0% used [0x00000000e1880000, 0x00000000e1880000, 0x00000000e1990000)
 concurrent mark-sweep generation total 121500K, used 70321K [0x00000000eb4a0000, 0x00000000f2b47000, 0x0000000100000000)
 Metaspace       used 89110K, capacity 93596K, committed 93824K, reserved 1132544K
  class space    used 10741K, capacity 11544K, committed 11648K, reserved 1048576K
2019-06-26T00:19:35.880+0000: 403514.893: [GC (Allocation Failure) 2019-06-26T00:19:35.881+0000: 403514.893: [ParNew: 9449K->839K(9792K), 0.0039235 secs] 79771K->71494K(131292K), 0.0049315 secs] [Times: user=0.01 sys=0.00, real=0.00 secs] 
Heap after GC invocations=2504 (full 193):
 par new generation   total 9792K, used 839K [0x00000000e1000000, 0x00000000e1aa0000, 0x00000000eb4a0000)
  eden space 8704K,   0% used [0x00000000e1000000, 0x00000000e1000000, 0x00000000e1880000)
  from space 1088K,  77% used [0x00000000e1880000, 0x00000000e1951fa8, 0x00000000e1990000)
  to   space 1088K,   0% used [0x00000000e1990000, 0x00000000e1990000, 0x00000000e1aa0000)
 concurrent mark-sweep generation total 121500K, used 70654K [0x00000000eb4a0000, 0x00000000f2b47000, 0x0000000100000000)
 Metaspace       used 89110K, capacity 93596K, committed 93824K, reserved 1132544K
  class space    used 10741K, capacity 11544K, committed 11648K, reserved 1048576K
}
2019-06-26T00:19:37.120+0000: 403516.133: Application time: 1.2342608 seconds
2019-06-26T00:19:37.121+0000: 403516.133: Application time: 0.0000714 seconds
2019-06-26T00:19:37.121+0000: 403516.133: Application time: 0.0000658 seconds
2019-06-26T00:19:37.121+0000: 403516.133: Application time: 0.0000589 seconds
2019-06-26T00:19:37.121+0000: 403516.134: Application time: 0.0005265 seconds
2019-06-26T00:19:37.787+0000: 403516.800: Application time: 0.6655190 seconds
2019-06-26T00:19:37.788+0000: 403516.800: Application time: 0.0000960 seconds
2019-06-26T00:19:42.789+0000: 403521.801: Application time: 5.0009076 seconds
2019-06-26T00:19:42.812+0000: 403521.824: Application time: 0.0229535 seconds
2019-06-26T00:19:47.128+0000: 403526.140: Application time: 4.3152195 seconds
2019-06-26T00:19:47.128+0000: 403526.140: Application time: 0.0001019 seconds
2019-06-26T00:19:47.128+0000: 403526.141: Application time: 0.0000658 seconds
2019-06-26T00:19:47.129+0000: 403526.141: Application time: 0.0000592 seconds
2019-06-26T00:19:47.129+0000: 403526.141: Application time: 0.0000563 seconds
2019-06-26T00:19:47.129+0000: 403526.142: Application time: 0.0000601 seconds
2019-06-26T00:19:57.135+0000: 403536.148: Application time: 10.0058475 seconds
2019-06-26T00:19:57.136+0000: 403536.148: Application time: 0.0000662 seconds
2019-06-26T00:19:57.136+0000: 403536.148: Application time: 0.0005666 seconds
2019-06-26T00:19:57.137+0000: 403536.149: Application time: 0.0000962 seconds
2019-06-26T00:19:57.137+0000: 403536.149: Application time: 0.0000763 seconds
2019-06-26T00:19:57.137+0000: 403536.149: Application time: 0.0000783 seconds
2019-06-26T00:19:57.137+0000: 403536.150: Application time: 0.0001788 seconds
2019-06-26T00:19:57.138+0000: 403536.150: Application time: 0.0001087 seconds
2019-06-26T00:19:57.139+0000: 403536.151: Application time: 0.0013357 seconds
2019-06-26T00:19:59.574+0000: 403538.587: Application time: 2.4345953 seconds
2019-06-26T00:21:56.103+0000: 403655.115: Application time: 116.5286210 seconds
2019-06-26T00:21:56.146+0000: 403655.158: Application time: 0.0422858 seconds
2019-06-26T00:21:56.642+0000: 403655.654: Application time: 0.4958739 seconds
{Heap before GC invocations=2504 (full 193):
 par new generation   total 9792K, used 9542K [0x00000000e1000000, 0x00000000e1aa0000, 0x00000000eb4a0000)
  eden space 8704K,  99% used [0x00000000e1000000, 0x00000000e187fbf8, 0x00000000e1880000)
  from space 1088K,  77% used [0x00000000e1880000, 0x00000000e1951fa8, 0x00000000e1990000)
  to   space 1088K,   0% used [0x00000000e1990000, 0x00000000e1990000, 0x00000000e1aa0000)
 concurrent mark-sweep generation total 121500K, used 70654K [0x00000000eb4a0000, 0x00000000f2b47000, 0x0000000100000000)
 Metaspace       used 89132K, capacity 93632K, committed 93824K, reserved 1132544K
  class space    used 10745K, capacity 11550K, committed 11648K, reserved 1048576K
2019-06-26T00:21:56.642+0000: 403655.655: [GC (Allocation Failure) 2019-06-26T00:21:56.643+0000: 403655.655: [ParNew: 9542K->944K(9792K), 0.0065752 secs] 80197K->71845K(131292K), 0.0072837 secs] [Times: user=0.01 sys=0.00, real=0.01 secs] 
Heap after GC invocations=2505 (full 193):
 par new generation   total 9792K, used 944K [0x00000000e1000000, 0x00000000e1aa0000, 0x00000000eb4a0000)
  eden space 8704K,   0% used [0x00000000e1000000, 0x00000000e1000000, 0x00000000e1880000)
  from space 1088K,  86% used [0x00000000e1990000, 0x00000000e1a7c118, 0x00000000e1aa0000)
  to   space 1088K,   0% used [0x00000000e1880000, 0x00000000e1880000, 0x00000000e1990000)
 concurrent mark-sweep generation total 121500K, used 70901K [0x00000000eb4a0000, 0x00000000f2b47000, 0x0000000100000000)
 Metaspace       used 89132K, capacity 93632K, committed 93824K, reserved 1132544K
  class space    used 10745K, capacity 11550K, committed 11648K, reserved 1048576K
}
2019-06-26T00:21:57.204+0000: 403656.216: Application time: 0.5536509 seconds
2019-06-26T00:21:57.204+0000: 403656.217: Application time: 0.0000760 seconds
2019-06-26T00:21:59.578+0000: 403658.590: Application time: 2.3734250 seconds
2019-06-26T00:21:59.578+0000: 403658.591: Application time: 0.0000662 seconds
2019-06-26T00:21:59.579+0000: 403658.591: Application time: 0.0006893 seconds
2019-06-26T00:21:59.579+0000: 403658.592: Application time: 0.0000671 seconds
2019-06-26T00:21:59.580+0000: 403658.592: Application time: 0.0000587 seconds
2019-06-26T00:21:59.580+0000: 403658.592: Application time: 0.0000622 seconds
2019-06-26T00:21:59.580+0000: 403658.592: Application time: 0.0001415 seconds
2019-06-26T00:21:59.580+0000: 403658.592: Application time: 0.0001178 seconds
2019-06-26T00:21:59.582+0000: 403658.594: Application time: 0.0012191 seconds
2019-06-26T00:22:01.631+0000: 403660.643: Application time: 2.0490536 seconds
2019-06-26T00:22:01.673+0000: 403660.686: Application time: 0.0425035 seconds
2019-06-26T00:22:37.228+0000: 403696.241: Application time: 35.5547116 seconds
2019-06-26T00:22:37.229+0000: 403696.241: Application time: 0.0000384 seconds
2019-06-26T00:22:37.229+0000: 403696.241: Application time: 0.0000655 seconds
2019-06-26T00:22:40.541+0000: 403699.553: Application time: 3.3120850 seconds
2019-06-26T00:22:40.587+0000: 403699.600: Application time: 0.0465668 seconds
2019-06-26T00:22:47.235+0000: 403706.247: Application time: 6.6466162 seconds
2019-06-26T00:22:47.235+0000: 403706.247: Application time: 0.0000732 seconds
2019-06-26T00:22:47.235+0000: 403706.248: Application time: 0.0000607 seconds
2019-06-26T00:22:47.235+0000: 403706.248: Application time: 0.0000599 seconds
2019-06-26T00:22:47.236+0000: 403706.248: Application time: 0.0000637 seconds
2019-06-26T00:22:47.236+0000: 403706.248: Application time: 0.0001292 seconds
2019-06-26T00:22:47.236+0000: 403706.248: Application time: 0.0001387 seconds
2019-06-26T00:22:47.237+0000: 403706.250: Application time: 0.0010433 seconds
2019-06-26T00:25:47.339+0000: 403886.351: Application time: 180.1016367 seconds
{Heap before GC invocations=2505 (full 193):
 par new generation   total 9792K, used 9648K [0x00000000e1000000, 0x00000000e1aa0000, 0x00000000eb4a0000)
  eden space 8704K, 100% used [0x00000000e1000000, 0x00000000e1880000, 0x00000000e1880000)
  from space 1088K,  86% used [0x00000000e1990000, 0x00000000e1a7c118, 0x00000000e1aa0000)
  to   space 1088K,   0% used [0x00000000e1880000, 0x00000000e1880000, 0x00000000e1990000)
 concurrent mark-sweep generation total 121500K, used 70901K [0x00000000eb4a0000, 0x00000000f2b47000, 0x0000000100000000)
 Metaspace       used 89133K, capacity 93632K, committed 93824K, reserved 1132544K
  class space    used 10745K, capacity 11550K, committed 11648K, reserved 1048576K
2019-06-26T00:25:47.352+0000: 403886.365: [GC (Allocation Failure) 2019-06-26T00:25:47.353+0000: 403886.365: [ParNew: 9648K->709K(9792K), 0.0036220 secs] 80549K->71922K(131292K), 0.0046202 secs] [Times: user=0.01 sys=0.00, real=0.00 secs] 
Heap after GC invocations=2506 (full 193):
 par new generation   total 9792K, used 709K [0x00000000e1000000, 0x00000000e1aa0000, 0x00000000eb4a0000)
  eden space 8704K,   0% used [0x00000000e1000000, 0x00000000e1000000, 0x00000000e1880000)
  from space 1088K,  65% used [0x00000000e1880000, 0x00000000e19314b0, 0x00000000e1990000)
  to   space 1088K,   0% used [0x00000000e1990000, 0x00000000e1990000, 0x00000000e1aa0000)
 concurrent mark-sweep generation total 121500K, used 71213K [0x00000000eb4a0000, 0x00000000f2b47000, 0x0000000100000000)
 Metaspace       used 89133K, capacity 93632K, committed 93824K, reserved 1132544K
  class space    used 10745K, capacity 11550K, committed 11648K, reserved 1048576K
}
2019-06-26T00:26:47.386+0000: 403946.398: Application time: 60.0281885 seconds
2019-06-26T00:33:04.458+0000: 404323.470: Application time: 377.0717254 seconds
{Heap before GC invocations=2506 (full 193):
 par new generation   total 9792K, used 9413K [0x00000000e1000000, 0x00000000e1aa0000, 0x00000000eb4a0000)
  eden space 8704K, 100% used [0x00000000e1000000, 0x00000000e1880000, 0x00000000e1880000)
  from space 1088K,  65% used [0x00000000e1880000, 0x00000000e19314b0, 0x00000000e1990000)
  to   space 1088K,   0% used [0x00000000e1990000, 0x00000000e1990000, 0x00000000e1aa0000)
 concurrent mark-sweep generation total 121500K, used 71213K [0x00000000eb4a0000, 0x00000000f2b47000, 0x0000000100000000)
 Metaspace       used 89133K, capacity 93632K, committed 93824K, reserved 1132544K
  class space    used 10745K, capacity 11550K, committed 11648K, reserved 1048576K
2019-06-26T00:33:04.459+0000: 404323.471: [GC (Allocation Failure) 2019-06-26T00:33:04.459+0000: 404323.471: [ParNew: 9413K->647K(9792K), 0.0035463 secs] 80626K->72208K(131292K), 0.0044668 secs] [Times: user=0.00 sys=0.00, real=0.00 secs] 
Heap after GC invocations=2507 (full 193):
 par new generation   total 9792K, used 647K [0x00000000e1000000, 0x00000000e1aa0000, 0x00000000eb4a0000)
  eden space 8704K,   0% used [0x00000000e1000000, 0x00000000e1000000, 0x00000000e1880000)
  from space 1088K,  59% used [0x00000000e1990000, 0x00000000e1a31d08, 0x00000000e1aa0000)
  to   space 1088K,   0% used [0x00000000e1880000, 0x00000000e1880000, 0x00000000e1990000)
 concurrent mark-sweep generation total 121500K, used 71560K [0x00000000eb4a0000, 0x00000000f2b47000, 0x0000000100000000)
 Metaspace       used 89133K, capacity 93632K, committed 93824K, reserved 1132544K
  class space    used 10745K, capacity 11550K, committed 11648K, reserved 1048576K
}
2019-06-26T00:34:29.668+0000: 404408.680: Application time: 85.2040068 seconds
2019-06-26T00:37:27.717+0000: 404586.729: Application time: 178.0485436 seconds
2019-06-26T00:37:27.717+0000: 404586.729: Application time: 0.0001352 seconds
2019-06-26T00:37:27.717+0000: 404586.730: Application time: 0.0001567 seconds
2019-06-26T00:37:27.718+0000: 404586.730: Application time: 0.0000701 seconds
2019-06-26T00:37:27.718+0000: 404586.731: Application time: 0.0000711 seconds
2019-06-26T00:37:27.718+0000: 404586.731: Application time: 0.0000562 seconds
2019-06-26T00:37:27.719+0000: 404586.731: Application time: 0.0000551 seconds
2019-06-26T00:37:27.719+0000: 404586.731: Application time: 0.0000552 seconds
2019-06-26T00:37:27.719+0000: 404586.731: Application time: 0.0000554 seconds
2019-06-26T00:37:27.719+0000: 404586.731: Application time: 0.0000552 seconds
2019-06-26T00:40:10.549+0000: 404749.561: Application time: 162.8295900 seconds
{Heap before GC invocations=2507 (full 193):
 par new generation   total 9792K, used 9351K [0x00000000e1000000, 0x00000000e1aa0000, 0x00000000eb4a0000)
  eden space 8704K, 100% used [0x00000000e1000000, 0x00000000e1880000, 0x00000000e1880000)
  from space 1088K,  59% used [0x00000000e1990000, 0x00000000e1a31d08, 0x00000000e1aa0000)
  to   space 1088K,   0% used [0x00000000e1880000, 0x00000000e1880000, 0x00000000e1990000)
 concurrent mark-sweep generation total 121500K, used 71560K [0x00000000eb4a0000, 0x00000000f2b47000, 0x0000000100000000)
 Metaspace       used 89133K, capacity 93632K, committed 93824K, reserved 1132544K
  class space    used 10745K, capacity 11550K, committed 11648K, reserved 1048576K
2019-06-26T00:40:10.566+0000: 404749.578: [GC (Allocation Failure) 2019-06-26T00:40:10.567+0000: 404749.579: [ParNew: 9351K->592K(9792K), 0.0032185 secs] 80912K->72153K(131292K), 0.0041857 secs] [Times: user=0.01 sys=0.00, real=0.01 secs] 
Heap after GC invocations=2508 (full 193):
 par new generation   total 9792K, used 592K [0x00000000e1000000, 0x00000000e1aa0000, 0x00000000eb4a0000)
  eden space 8704K,   0% used [0x00000000e1000000, 0x00000000e1000000, 0x00000000e1880000)
  from space 1088K,  54% used [0x00000000e1880000, 0x00000000e1914090, 0x00000000e1990000)
  to   space 1088K,   0% used [0x00000000e1990000, 0x00000000e1990000, 0x00000000e1aa0000)
 concurrent mark-sweep generation total 121500K, used 71560K [0x00000000eb4a0000, 0x00000000f2b47000, 0x0000000100000000)
 Metaspace       used 89133K, capacity 93632K, committed 93824K, reserved 1132544K
  class space    used 10745K, capacity 11550K, committed 11648K, reserved 1048576K
}
2019-06-26T00:40:15.572+0000: 404754.584: Application time: 5.0006961 seconds
2019-06-26T00:40:15.598+0000: 404754.610: Application time: 0.0258452 seconds
2019-06-26T00:40:17.835+0000: 404756.847: Application time: 2.2366949 seconds
2019-06-26T00:40:17.835+0000: 404756.847: Application time: 0.0000668 seconds
2019-06-26T00:40:17.835+0000: 404756.848: Application time: 0.0005021 seconds
2019-06-26T00:40:27.841+0000: 404766.854: Application time: 10.0053916 seconds
2019-06-26T00:40:27.842+0000: 404766.854: Application time: 0.0000863 seconds
2019-06-26T00:40:27.842+0000: 404766.854: Application time: 0.0000606 seconds
2019-06-26T00:40:27.842+0000: 404766.854: Application time: 0.0000590 seconds
2019-06-26T00:40:27.842+0000: 404766.854: Application time: 0.0000635 seconds
2019-06-26T00:40:27.842+0000: 404766.855: Application time: 0.0001368 seconds
2019-06-26T00:40:27.843+0000: 404766.855: Application time: 0.0001332 seconds
2019-06-26T00:40:27.844+0000: 404766.856: Application time: 0.0011045 seconds
2019-06-26T00:43:27.938+0000: 404946.950: Application time: 180.0939348 seconds
2019-06-26T00:44:00.648+0000: 404979.660: Application time: 32.7096186 seconds
{Heap before GC invocations=2508 (full 193):
 par new generation   total 9792K, used 9296K [0x00000000e1000000, 0x00000000e1aa0000, 0x00000000eb4a0000)
  eden space 8704K, 100% used [0x00000000e1000000, 0x00000000e1880000, 0x00000000e1880000)
  from space 1088K,  54% used [0x00000000e1880000, 0x00000000e1914090, 0x00000000e1990000)
  to   space 1088K,   0% used [0x00000000e1990000, 0x00000000e1990000, 0x00000000e1aa0000)
 concurrent mark-sweep generation total 121500K, used 71560K [0x00000000eb4a0000, 0x00000000f2b47000, 0x0000000100000000)
 Metaspace       used 89133K, capacity 93632K, committed 93824K, reserved 1132544K
  class space    used 10745K, capacity 11550K, committed 11648K, reserved 1048576K
2019-06-26T00:44:00.649+0000: 404979.661: [GC (Allocation Failure) 2019-06-26T00:44:00.649+0000: 404979.661: [ParNew: 9296K->1012K(9792K), 0.0037796 secs] 80857K->72573K(131292K), 0.0047917 secs] [Times: user=0.00 sys=0.01, real=0.00 secs] 
Heap after GC invocations=2509 (full 193):
 par new generation   total 9792K, used 1012K [0x00000000e1000000, 0x00000000e1aa0000, 0x00000000eb4a0000)
  eden space 8704K,   0% used [0x00000000e1000000, 0x00000000e1000000, 0x00000000e1880000)
  from space 1088K,  93% used [0x00000000e1990000, 0x00000000e1a8d1f0, 0x00000000e1aa0000)
  to   space 1088K,   0% used [0x00000000e1880000, 0x00000000e1880000, 0x00000000e1990000)
 concurrent mark-sweep generation total 121500K, used 71560K [0x00000000eb4a0000, 0x00000000f2b47000, 0x0000000100000000)
 Metaspace       used 89133K, capacity 93632K, committed 93824K, reserved 1132544K
  class space    used 10745K, capacity 11550K, committed 11648K, reserved 1048576K
}
2019-06-26T00:44:04.533+0000: 404983.546: Application time: 3.8790088 seconds
2019-06-26T00:44:04.534+0000: 404983.546: Application time: 0.0000708 seconds
2019-06-26T00:44:04.534+0000: 404983.546: Application time: 0.0000656 seconds
2019-06-26T00:44:04.534+0000: 404983.546: Application time: 0.0000601 seconds
2019-06-26T00:44:04.535+0000: 404983.547: Application time: 0.0001592 seconds
2019-06-26T00:44:04.535+0000: 404983.547: Application time: 0.0001122 seconds
2019-06-26T00:44:05.626+0000: 404984.638: Application time: 1.0909467 seconds
2019-06-26T00:44:05.658+0000: 404984.671: Application time: 0.0321609 seconds
2019-06-26T00:44:07.961+0000: 404986.973: Application time: 2.3023133 seconds
2019-06-26T00:44:07.961+0000: 404986.974: Application time: 0.0000738 seconds
2019-06-26T00:44:07.961+0000: 404986.974: Application time: 0.0000603 seconds
2019-06-26T00:44:07.962+0000: 404986.974: Application time: 0.0000630 seconds
2019-06-26T00:44:07.963+0000: 404986.976: Application time: 0.0015966 seconds
2019-06-26T00:46:08.059+0000: 405107.072: Application time: 120.0957121 seconds
2019-06-26T00:46:08.060+0000: 405107.072: Application time: 0.0000755 seconds
2019-06-26T00:46:08.060+0000: 405107.072: Application time: 0.0001660 seconds
2019-06-26T00:46:13.062+0000: 405112.074: Application time: 5.0010803 seconds
2019-06-26T00:46:13.086+0000: 405112.099: Application time: 0.0244660 seconds
2019-06-26T00:46:28.037+0000: 405127.049: Application time: 14.9505973 seconds
2019-06-26T00:46:28.037+0000: 405127.050: Application time: 0.0000679 seconds
2019-06-26T00:46:28.038+0000: 405127.050: Application time: 0.0000665 seconds
2019-06-26T00:46:28.038+0000: 405127.050: Application time: 0.0000599 seconds
2019-06-26T00:46:28.038+0000: 405127.051: Application time: 0.0001169 seconds
2019-06-26T00:46:28.038+0000: 405127.051: Application time: 0.0001235 seconds
2019-06-26T00:46:30.033+0000: 405129.045: Application time: 1.9941953 seconds
2019-06-26T00:46:30.056+0000: 405129.069: Application time: 0.0234436 seconds
2019-06-26T00:46:34.551+0000: 405133.564: Application time: 4.4944870 seconds
2019-06-26T00:46:34.552+0000: 405133.564: Application time: 0.0001729 seconds
2019-06-26T00:46:34.552+0000: 405133.564: Application time: 0.0001709 seconds
2019-06-26T00:46:34.552+0000: 405133.565: Application time: 0.0001741 seconds
2019-06-26T00:46:34.553+0000: 405133.565: Application time: 0.0007445 seconds
2019-06-26T00:46:34.555+0000: 405133.567: Application time: 0.0014637 seconds
2019-06-26T00:47:03.351+0000: 405162.363: Application time: 28.7962585 seconds
{Heap before GC invocations=2509 (full 193):
 par new generation   total 9792K, used 9715K [0x00000000e1000000, 0x00000000e1aa0000, 0x00000000eb4a0000)
  eden space 8704K,  99% used [0x00000000e1000000, 0x00000000e187fdb0, 0x00000000e1880000)
  from space 1088K,  93% used [0x00000000e1990000, 0x00000000e1a8d1f0, 0x00000000e1aa0000)
  to   space 1088K,   0% used [0x00000000e1880000, 0x00000000e1880000, 0x00000000e1990000)
 concurrent mark-sweep generation total 121500K, used 71560K [0x00000000eb4a0000, 0x00000000f2b47000, 0x0000000100000000)
 Metaspace       used 89133K, capacity 93632K, committed 93824K, reserved 1132544K
  class space    used 10745K, capacity 11550K, committed 11648K, reserved 1048576K
2019-06-26T00:47:03.351+0000: 405162.364: [GC (Allocation Failure) 2019-06-26T00:47:03.352+0000: 405162.364: [ParNew: 9715K->986K(9792K), 0.0065276 secs] 81276K->72767K(131292K), 0.0073279 secs] [Times: user=0.01 sys=0.00, real=0.01 secs] 
Heap after GC invocations=2510 (full 193):
 par new generation   total 9792K, used 986K [0x00000000e1000000, 0x00000000e1aa0000, 0x00000000eb4a0000)
  eden space 8704K,   0% used [0x00000000e1000000, 0x00000000e1000000, 0x00000000e1880000)
  from space 1088K,  90% used [0x00000000e1880000, 0x00000000e1976a58, 0x00000000e1990000)
  to   space 1088K,   0% used [0x00000000e1990000, 0x00000000e1990000, 0x00000000e1aa0000)
 concurrent mark-sweep generation total 121500K, used 71781K [0x00000000eb4a0000, 0x00000000f2b47000, 0x0000000100000000)
 Metaspace       used 89133K, capacity 93632K, committed 93824K, reserved 1132544K
  class space    used 10745K, capacity 11550K, committed 11648K, reserved 1048576K
}
2019-06-26T00:47:04.557+0000: 405163.569: Application time: 1.1976949 seconds
2019-06-26T00:47:04.557+0000: 405163.570: Application time: 0.0001456 seconds
2019-06-26T00:47:04.558+0000: 405163.570: Application time: 0.0001378 seconds
2019-06-26T00:47:04.558+0000: 405163.570: Application time: 0.0003657 seconds
2019-06-26T00:47:04.559+0000: 405163.571: Application time: 0.0007219 seconds
2019-06-26T00:47:08.061+0000: 405167.073: Application time: 3.5019591 seconds
2019-06-26T00:47:08.061+0000: 405167.074: Application time: 0.0000673 seconds
2019-06-26T00:47:08.062+0000: 405167.074: Application time: 0.0000661 seconds
2019-06-26T00:47:08.062+0000: 405167.074: Application time: 0.0000596 seconds
2019-06-26T00:47:08.062+0000: 405167.075: Application time: 0.0001790 seconds
2019-06-26T00:47:08.064+0000: 405167.076: Application time: 0.0013697 seconds
2019-06-26T00:47:08.349+0000: 405167.361: Application time: 0.2849615 seconds
2019-06-26T00:47:08.382+0000: 405167.394: Application time: 0.0324938 seconds
2019-06-26T00:49:18.134+0000: 405297.146: Application time: 129.7518347 seconds
2019-06-26T00:49:18.134+0000: 405297.146: Application time: 0.0001690 seconds
2019-06-26T00:49:18.134+0000: 405297.147: Application time: 0.0001369 seconds
2019-06-26T00:49:18.135+0000: 405297.147: Application time: 0.0001269 seconds
2019-06-26T00:49:18.135+0000: 405297.147: Application time: 0.0006974 seconds
2019-06-26T00:49:18.136+0000: 405297.148: Application time: 0.0001357 seconds
2019-06-26T00:49:18.136+0000: 405297.148: Application time: 0.0001518 seconds
2019-06-26T00:49:18.137+0000: 405297.149: Application time: 0.0002638 seconds
2019-06-26T00:49:18.137+0000: 405297.149: Application time: 0.0002977 seconds
2019-06-26T00:49:20.702+0000: 405299.714: Application time: 2.5643474 seconds
2019-06-26T00:49:20.726+0000: 405299.739: Application time: 0.0245329 seconds
2019-06-26T00:49:28.143+0000: 405307.156: Application time: 7.4167934 seconds
2019-06-26T00:49:28.145+0000: 405307.157: Application time: 0.0014101 seconds
2019-06-26T00:49:38.149+0000: 405317.162: Application time: 10.0041865 seconds
{Heap before GC invocations=2510 (full 193):
 par new generation   total 9792K, used 9690K [0x00000000e1000000, 0x00000000e1aa0000, 0x00000000eb4a0000)
  eden space 8704K, 100% used [0x00000000e1000000, 0x00000000e1880000, 0x00000000e1880000)
  from space 1088K,  90% used [0x00000000e1880000, 0x00000000e1976a58, 0x00000000e1990000)
  to   space 1088K,   0% used [0x00000000e1990000, 0x00000000e1990000, 0x00000000e1aa0000)
 concurrent mark-sweep generation total 121500K, used 71781K [0x00000000eb4a0000, 0x00000000f2b47000, 0x0000000100000000)
 Metaspace       used 89174K, capacity 93698K, committed 93824K, reserved 1132544K
  class space    used 10751K, capacity 11561K, committed 11648K, reserved 1048576K
2019-06-26T00:49:38.150+0000: 405317.163: [GC (Allocation Failure) 2019-06-26T00:49:38.151+0000: 405317.163: [ParNew: 9690K->755K(9792K), 0.0043075 secs] 81471K->72950K(131292K), 0.0055163 secs] [Times: user=0.00 sys=0.01, real=0.00 secs] 
Heap after GC invocations=2511 (full 193):
 par new generation   total 9792K, used 755K [0x00000000e1000000, 0x00000000e1aa0000, 0x00000000eb4a0000)
  eden space 8704K,   0% used [0x00000000e1000000, 0x00000000e1000000, 0x00000000e1880000)
  from space 1088K,  69% used [0x00000000e1990000, 0x00000000e1a4cdc0, 0x00000000e1aa0000)
  to   space 1088K,   0% used [0x00000000e1880000, 0x00000000e1880000, 0x00000000e1990000)
 concurrent mark-sweep generation total 121500K, used 72195K [0x00000000eb4a0000, 0x00000000f2b47000, 0x0000000100000000)
 Metaspace       used 89174K, capacity 93698K, committed 93824K, reserved 1132544K
  class space    used 10751K, capacity 11561K, committed 11648K, reserved 1048576K
}
2019-06-26T00:51:48.228+0000: 405447.240: Application time: 130.0711413 seconds
2019-06-26T00:51:48.228+0000: 405447.241: Application time: 0.0000661 seconds
2019-06-26T00:51:48.228+0000: 405447.241: Application time: 0.0000633 seconds
2019-06-26T00:51:48.229+0000: 405447.241: Application time: 0.0000584 seconds
2019-06-26T00:51:48.229+0000: 405447.242: Application time: 0.0000776 seconds
2019-06-26T00:51:48.229+0000: 405447.242: Application time: 0.0000649 seconds
2019-06-26T00:51:48.230+0000: 405447.242: Application time: 0.0000583 seconds
2019-06-26T00:51:48.230+0000: 405447.242: Application time: 0.0001289 seconds
2019-06-26T00:51:48.230+0000: 405447.242: Application time: 0.0001246 seconds
2019-06-26T00:51:52.531+0000: 405451.543: Application time: 4.3009195 seconds
2019-06-26T00:51:52.559+0000: 405451.571: Application time: 0.0278549 seconds
2019-06-26T00:51:55.209+0000: 405454.221: Application time: 2.6492456 seconds
2019-06-26T00:51:58.236+0000: 405457.248: Application time: 3.0266320 seconds
2019-06-26T00:51:58.236+0000: 405457.248: Application time: 0.0000698 seconds
2019-06-26T00:51:58.236+0000: 405457.249: Application time: 0.0000651 seconds
2019-06-26T00:51:58.236+0000: 405457.249: Application time: 0.0000601 seconds
2019-06-26T00:51:58.237+0000: 405457.249: Application time: 0.0000593 seconds
2019-06-26T00:51:58.237+0000: 405457.250: Application time: 0.0004949 seconds
2019-06-26T00:51:58.237+0000: 405457.250: Application time: 0.0000645 seconds
2019-06-26T00:51:58.238+0000: 405457.250: Application time: 0.0001342 seconds
2019-06-26T00:51:58.238+0000: 405457.250: Application time: 0.0000994 seconds
2019-06-26T00:51:59.658+0000: 405458.670: Application time: 1.4199118 seconds
2019-06-26T00:51:59.660+0000: 405458.672: Application time: 0.0013467 seconds
2019-06-26T00:52:00.210+0000: 405459.222: Application time: 0.5498249 seconds
2019-06-26T00:52:00.234+0000: 405459.246: Application time: 0.0239213 seconds
2019-06-26T00:52:14.378+0000: 405473.390: Application time: 14.1439211 seconds
{Heap before GC invocations=2511 (full 193):
 par new generation   total 9792K, used 9379K [0x00000000e1000000, 0x00000000e1aa0000, 0x00000000eb4a0000)
  eden space 8704K,  99% used [0x00000000e1000000, 0x00000000e186bf20, 0x00000000e1880000)
  from space 1088K,  69% used [0x00000000e1990000, 0x00000000e1a4cdc0, 0x00000000e1aa0000)
  to   space 1088K,   0% used [0x00000000e1880000, 0x00000000e1880000, 0x00000000e1990000)
 concurrent mark-sweep generation total 121500K, used 72195K [0x00000000eb4a0000, 0x00000000f2b47000, 0x0000000100000000)
 Metaspace       used 89174K, capacity 93698K, committed 93824K, reserved 1132544K
  class space    used 10751K, capacity 11561K, committed 11648K, reserved 1048576K
2019-06-26T00:52:14.378+0000: 405473.391: [GC (Allocation Failure) 2019-06-26T00:52:14.379+0000: 405473.391: [ParNew: 9379K->1014K(9792K), 0.0037500 secs] 81574K->73520K(131292K), 0.0045439 secs] [Times: user=0.01 sys=0.00, real=0.00 secs] 
Heap after GC invocations=2512 (full 193):
 par new generation   total 9792K, used 1014K [0x00000000e1000000, 0x00000000e1aa0000, 0x00000000eb4a0000)
  eden space 8704K,   0% used [0x00000000e1000000, 0x00000000e1000000, 0x00000000e1880000)
  from space 1088K,  93% used [0x00000000e1880000, 0x00000000e197d9b8, 0x00000000e1990000)
  to   space 1088K,   0% used [0x00000000e1990000, 0x00000000e1990000, 0x00000000e1aa0000)
 concurrent mark-sweep generation total 121500K, used 72506K [0x00000000eb4a0000, 0x00000000f2b47000, 0x0000000100000000)
 Metaspace       used 89174K, capacity 93698K, committed 93824K, reserved 1132544K
  class space    used 10751K, capacity 11561K, committed 11648K, reserved 1048576K
}
2019-06-26T00:52:18.249+0000: 405477.262: Application time: 3.8660049 seconds
2019-06-26T00:52:18.250+0000: 405477.262: Application time: 0.0000705 seconds
2019-06-26T00:52:18.250+0000: 405477.262: Application time: 0.0000677 seconds
2019-06-26T00:52:18.250+0000: 405477.263: Application time: 0.0000589 seconds
2019-06-26T00:52:18.251+0000: 405477.263: Application time: 0.0000652 seconds
2019-06-26T00:52:18.251+0000: 405477.263: Application time: 0.0000572 seconds
2019-06-26T00:52:18.251+0000: 405477.264: Application time: 0.0001043 seconds
2019-06-26T00:52:18.252+0000: 405477.264: Application time: 0.0002574 seconds
2019-06-26T00:52:18.252+0000: 405477.264: Application time: 0.0001410 seconds
2019-06-26T00:52:19.376+0000: 405478.389: Application time: 1.1241656 seconds
2019-06-26T00:52:19.405+0000: 405478.417: Application time: 0.0286547 seconds
2019-06-26T00:52:28.257+0000: 405487.270: Application time: 8.8520177 seconds
2019-06-26T00:52:28.258+0000: 405487.270: Application time: 0.0000679 seconds
2019-06-26T00:52:28.259+0000: 405487.272: Application time: 0.0016123 seconds
2019-06-26T00:52:29.770+0000: 405488.783: Application time: 1.5107676 seconds
2019-06-26T00:52:29.771+0000: 405488.783: Application time: 0.0000651 seconds
2019-06-26T00:52:29.771+0000: 405488.783: Application time: 0.0000372 seconds
2019-06-26T00:52:29.771+0000: 405488.784: Application time: 0.0004921 seconds
2019-06-26T00:52:29.771+0000: 405488.784: Application time: 0.0000734 seconds
2019-06-26T00:52:29.772+0000: 405488.784: Application time: 0.0001371 seconds
2019-06-26T00:52:29.772+0000: 405488.784: Application time: 0.0001381 seconds
2019-06-26T00:52:29.772+0000: 405488.785: Application time: 0.0001835 seconds
2019-06-26T00:52:29.772+0000: 405488.785: Application time: 0.0001457 seconds
2019-06-26T00:52:29.773+0000: 405488.785: Application time: 0.0001451 seconds
2019-06-26T00:58:38.460+0000: 405857.473: Application time: 368.6871687 seconds
{Heap before GC invocations=2512 (full 193):
 par new generation   total 9792K, used 9718K [0x00000000e1000000, 0x00000000e1aa0000, 0x00000000eb4a0000)
  eden space 8704K, 100% used [0x00000000e1000000, 0x00000000e1880000, 0x00000000e1880000)
  from space 1088K,  93% used [0x00000000e1880000, 0x00000000e197d9b8, 0x00000000e1990000)
  to   space 1088K,   0% used [0x00000000e1990000, 0x00000000e1990000, 0x00000000e1aa0000)
 concurrent mark-sweep generation total 121500K, used 72506K [0x00000000eb4a0000, 0x00000000f2b47000, 0x0000000100000000)
 Metaspace       used 89174K, capacity 93698K, committed 93824K, reserved 1132544K
  class space    used 10751K, capacity 11561K, committed 11648K, reserved 1048576K
2019-06-26T00:58:38.461+0000: 405857.473: [GC (Allocation Failure) 2019-06-26T00:58:38.461+0000: 405857.473: [ParNew: 9718K->582K(9792K), 0.0034818 secs] 82224K->73416K(131292K), 0.0043108 secs] [Times: user=0.01 sys=0.00, real=0.00 secs] 
Heap after GC invocations=2513 (full 193):
 par new generation   total 9792K, used 582K [0x00000000e1000000, 0x00000000e1aa0000, 0x00000000eb4a0000)
  eden space 8704K,   0% used [0x00000000e1000000, 0x00000000e1000000, 0x00000000e1880000)
  from space 1088K,  53% used [0x00000000e1990000, 0x00000000e1a218d0, 0x00000000e1aa0000)
  to   space 1088K,   0% used [0x00000000e1880000, 0x00000000e1880000, 0x00000000e1990000)
 concurrent mark-sweep generation total 121500K, used 72834K [0x00000000eb4a0000, 0x00000000f2b47000, 0x0000000100000000)
 Metaspace       used 89174K, capacity 93698K, committed 93824K, reserved 1132544K
  class space    used 10751K, capacity 11561K, committed 11648K, reserved 1048576K
}
2019-06-26T00:59:29.808+0000: 405908.821: Application time: 51.3423619 seconds
2019-06-26T01:00:08.510+0000: 405947.522: Application time: 38.7014306 seconds
2019-06-26T01:03:27.855+0000: 406146.867: Application time: 199.3448286 seconds
2019-06-26T01:05:58.707+0000: 406297.720: Application time: 150.8522761 seconds
{Heap before GC invocations=2513 (full 193):
 par new generation   total 9792K, used 9285K [0x00000000e1000000, 0x00000000e1aa0000, 0x00000000eb4a0000)
  eden space 8704K,  99% used [0x00000000e1000000, 0x00000000e187fed0, 0x00000000e1880000)
  from space 1088K,  53% used [0x00000000e1990000, 0x00000000e1a218d0, 0x00000000e1aa0000)
  to   space 1088K,   0% used [0x00000000e1880000, 0x00000000e1880000, 0x00000000e1990000)
 concurrent mark-sweep generation total 121500K, used 72834K [0x00000000eb4a0000, 0x00000000f2b47000, 0x0000000100000000)
 Metaspace       used 89174K, capacity 93698K, committed 93824K, reserved 1132544K
  class space    used 10751K, capacity 11561K, committed 11648K, reserved 1048576K
2019-06-26T01:05:58.708+0000: 406297.721: [GC (Allocation Failure) 2019-06-26T01:05:58.709+0000: 406297.721: [ParNew: 9285K->869K(9792K), 0.0034751 secs] 82120K->73704K(131292K), 0.0042801 secs] [Times: user=0.01 sys=0.00, real=0.00 secs] 
Heap after GC invocations=2514 (full 193):
 par new generation   total 9792K, used 869K [0x00000000e1000000, 0x00000000e1aa0000, 0x00000000eb4a0000)
  eden space 8704K,   0% used [0x00000000e1000000, 0x00000000e1000000, 0x00000000e1880000)
  from space 1088K,  79% used [0x00000000e1880000, 0x00000000e19597d0, 0x00000000e1990000)
  to   space 1088K,   0% used [0x00000000e1990000, 0x00000000e1990000, 0x00000000e1aa0000)
 concurrent mark-sweep generation total 121500K, used 72834K [0x00000000eb4a0000, 0x00000000f2b47000, 0x0000000100000000)
 Metaspace       used 89174K, capacity 93698K, committed 93824K, reserved 1132544K
  class space    used 10751K, capacity 11561K, committed 11648K, reserved 1048576K
}
2019-06-26T01:09:48.841+0000: 406527.854: Application time: 230.1282440 seconds
2019-06-26T01:09:48.842+0000: 406527.854: Application time: 0.0000720 seconds
2019-06-26T01:09:48.842+0000: 406527.854: Application time: 0.0000803 seconds
2019-06-26T01:09:48.842+0000: 406527.855: Application time: 0.0000565 seconds
2019-06-26T01:09:48.843+0000: 406527.856: Application time: 0.0000978 seconds
2019-06-26T01:09:48.844+0000: 406527.856: Application time: 0.0000760 seconds
2019-06-26T01:09:48.844+0000: 406527.856: Application time: 0.0001411 seconds
2019-06-26T01:09:48.844+0000: 406527.856: Application time: 0.0001847 seconds
2019-06-26T01:09:51.111+0000: 406530.124: Application time: 2.2671386 seconds
2019-06-26T01:09:51.136+0000: 406530.148: Application time: 0.0243135 seconds
2019-06-26T01:09:58.851+0000: 406537.863: Application time: 7.7146765 seconds
2019-06-26T01:09:58.851+0000: 406537.864: Application time: 0.0001495 seconds
2019-06-26T01:09:58.852+0000: 406537.864: Application time: 0.0001387 seconds
2019-06-26T01:09:58.855+0000: 406537.867: Application time: 0.0028781 seconds
2019-06-26T01:11:28.915+0000: 406627.928: Application time: 90.0598661 seconds
{Heap before GC invocations=2514 (full 193):
 par new generation   total 9792K, used 9573K [0x00000000e1000000, 0x00000000e1aa0000, 0x00000000eb4a0000)
  eden space 8704K, 100% used [0x00000000e1000000, 0x00000000e1880000, 0x00000000e1880000)
  from space 1088K,  79% used [0x00000000e1880000, 0x00000000e19597d0, 0x00000000e1990000)
  to   space 1088K,   0% used [0x00000000e1990000, 0x00000000e1990000, 0x00000000e1aa0000)
 concurrent mark-sweep generation total 121500K, used 72834K [0x00000000eb4a0000, 0x00000000f2b47000, 0x0000000100000000)
 Metaspace       used 89174K, capacity 93698K, committed 93824K, reserved 1132544K
  class space    used 10751K, capacity 11561K, committed 11648K, reserved 1048576K
2019-06-26T01:11:28.922+0000: 406627.934: [GC (Allocation Failure) 2019-06-26T01:11:28.922+0000: 406627.935: [ParNew: 9573K->809K(9792K), 0.0035138 secs] 82408K->73885K(131292K), 0.0042639 secs] [Times: user=0.00 sys=0.00, real=0.00 secs] 
Heap after GC invocations=2515 (full 193):
 par new generation   total 9792K, used 809K [0x00000000e1000000, 0x00000000e1aa0000, 0x00000000eb4a0000)
  eden space 8704K,   0% used [0x00000000e1000000, 0x00000000e1000000, 0x00000000e1880000)
  from space 1088K,  74% used [0x00000000e1990000, 0x00000000e1a5a750, 0x00000000e1aa0000)
  to   space 1088K,   0% used [0x00000000e1880000, 0x00000000e1880000, 0x00000000e1990000)
 concurrent mark-sweep generation total 121500K, used 73075K [0x00000000eb4a0000, 0x00000000f2b47000, 0x0000000100000000)
 Metaspace       used 89174K, capacity 93698K, committed 93824K, reserved 1132544K
  class space    used 10751K, capacity 11561K, committed 11648K, reserved 1048576K
}
2019-06-26T01:11:28.928+0000: 406627.940: Application time: 0.0007838 seconds
2019-06-26T01:11:28.928+0000: 406627.940: [GC (CMS Initial Mark) [1 CMS-initial-mark: 73075K(121500K)] 73943K(131292K), 0.0033361 secs] [Times: user=0.00 sys=0.01, real=0.01 secs] 
2019-06-26T01:11:28.932+0000: 406627.944: [CMS-concurrent-mark-start]
2019-06-26T01:11:29.054+0000: 406628.067: [CMS-concurrent-mark: 0.122/0.122 secs] [Times: user=0.12 sys=0.00, real=0.12 secs] 
2019-06-26T01:11:29.055+0000: 406628.067: [CMS-concurrent-preclean-start]
2019-06-26T01:11:29.058+0000: 406628.070: [CMS-concurrent-preclean: 0.003/0.003 secs] [Times: user=0.01 sys=0.00, real=0.00 secs] 
2019-06-26T01:11:29.059+0000: 406628.071: Application time: 0.1268238 seconds
2019-06-26T01:11:29.059+0000: 406628.071: [GC (CMS Final Remark) [YG occupancy: 925 K (9792 K)]2019-06-26T01:11:29.059+0000: 406628.072: [Rescan (parallel) , 0.0084020 secs]2019-06-26T01:11:29.068+0000: 406628.080: [weak refs processing, 0.0024224 secs]2019-06-26T01:11:29.071+0000: 406628.083: [class unloading, 0.0379299 secs]2019-06-26T01:11:29.109+0000: 406628.121: [scrub symbol table, 0.0208013 secs]2019-06-26T01:11:29.130+0000: 406628.143: [scrub string table, 0.0017763 secs][1 CMS-remark: 73075K(121500K)] 74001K(131292K), 0.0734941 secs] [Times: user=0.06 sys=0.01, real=0.07 secs] 
2019-06-26T01:11:29.133+0000: 406628.146: [CMS-concurrent-sweep-start]
2019-06-26T01:11:29.167+0000: 406628.179: [CMS-concurrent-sweep: 0.034/0.034 secs] [Times: user=0.03 sys=0.00, real=0.03 secs] 
2019-06-26T01:11:29.167+0000: 406628.180: [CMS-concurrent-reset-start]
2019-06-26T01:11:29.168+0000: 406628.180: [CMS-concurrent-reset: 0.000/0.000 secs] [Times: user=0.00 sys=0.00, real=0.00 secs] 
2019-06-26T01:11:30.133+0000: 406629.146: Application time: 1.0002317 seconds
2019-06-26T01:11:35.134+0000: 406634.147: Application time: 5.0007437 seconds
2019-06-26T01:11:39.135+0000: 406638.147: Application time: 4.0005418 seconds
2019-06-26T01:11:58.137+0000: 406657.150: Application time: 19.0022304 seconds
2019-06-26T01:12:00.138+0000: 406659.150: Application time: 2.0003111 seconds
2019-06-26T01:12:02.138+0000: 406661.151: Application time: 2.0002474 seconds
2019-06-26T01:13:02.146+0000: 406721.158: Application time: 60.0074719 seconds
2019-06-26T01:13:32.151+0000: 406751.163: Application time: 30.0045973 seconds
2019-06-26T01:13:34.730+0000: 406753.742: Application time: 2.5789952 seconds
2019-06-26T01:13:34.730+0000: 406753.743: Application time: 0.0000776 seconds
2019-06-26T01:13:34.731+0000: 406753.743: Application time: 0.0000596 seconds
2019-06-26T01:13:34.731+0000: 406753.743: Application time: 0.0000579 seconds
2019-06-26T01:13:34.731+0000: 406753.743: Application time: 0.0000626 seconds
2019-06-26T01:13:34.731+0000: 406753.744: Application time: 0.0005965 seconds
2019-06-26T01:13:34.732+0000: 406753.744: Application time: 0.0001429 seconds
2019-06-26T01:13:35.732+0000: 406754.744: Application time: 1.0001804 seconds
2019-06-26T01:13:37.116+0000: 406756.128: Application time: 1.3833544 seconds
2019-06-26T01:13:37.141+0000: 406756.153: Application time: 0.0251042 seconds
2019-06-26T01:13:39.002+0000: 406758.014: Application time: 1.8608777 seconds
2019-06-26T01:13:39.002+0000: 406758.015: Application time: 0.0000687 seconds
2019-06-26T01:13:39.003+0000: 406758.015: Application time: 0.0000657 seconds
2019-06-26T01:13:39.004+0000: 406758.016: Application time: 0.0013173 seconds
2019-06-26T01:15:58.976+0000: 406897.988: Application time: 139.9718568 seconds
2019-06-26T01:15:58.976+0000: 406897.989: Application time: 0.0000936 seconds
2019-06-26T01:15:58.977+0000: 406897.989: Application time: 0.0000613 seconds
2019-06-26T01:15:58.977+0000: 406897.989: Application time: 0.0000682 seconds
2019-06-26T01:15:58.980+0000: 406897.992: Application time: 0.0030450 seconds
{Heap before GC invocations=2515 (full 194):
 par new generation   total 9792K, used 9513K [0x00000000e1000000, 0x00000000e1aa0000, 0x00000000eb4a0000)
  eden space 8704K,  99% used [0x00000000e1000000, 0x00000000e187ff80, 0x00000000e1880000)
  from space 1088K,  74% used [0x00000000e1990000, 0x00000000e1a5a750, 0x00000000e1aa0000)
  to   space 1088K,   0% used [0x00000000e1880000, 0x00000000e1880000, 0x00000000e1990000)
 concurrent mark-sweep generation total 121500K, used 69913K [0x00000000eb4a0000, 0x00000000f2b47000, 0x0000000100000000)
 Metaspace       used 89055K, capacity 93506K, committed 93824K, reserved 1132544K
  class space    used 10733K, capacity 11529K, committed 11648K, reserved 1048576K
2019-06-26T01:15:58.980+0000: 406897.993: [GC (Allocation Failure) 2019-06-26T01:15:58.981+0000: 406897.993: [ParNew: 9513K->1017K(9792K), 0.0066316 secs] 79427K->70931K(131292K), 0.0072788 secs] [Times: user=0.00 sys=0.01, real=0.00 secs] 
Heap after GC invocations=2516 (full 194):
 par new generation   total 9792K, used 1017K [0x00000000e1000000, 0x00000000e1aa0000, 0x00000000eb4a0000)
  eden space 8704K,   0% used [0x00000000e1000000, 0x00000000e1000000, 0x00000000e1880000)
  from space 1088K,  93% used [0x00000000e1880000, 0x00000000e197e660, 0x00000000e1990000)
  to   space 1088K,   0% used [0x00000000e1990000, 0x00000000e1990000, 0x00000000e1aa0000)
 concurrent mark-sweep generation total 121500K, used 69913K [0x00000000eb4a0000, 0x00000000f2b47000, 0x0000000100000000)
 Metaspace       used 89055K, capacity 93506K, committed 93824K, reserved 1132544K
  class space    used 10733K, capacity 11529K, committed 11648K, reserved 1048576K
}
2019-06-26T01:15:59.989+0000: 406899.002: Application time: 1.0005923 seconds
2019-06-26T01:16:04.748+0000: 406903.760: Application time: 4.7578518 seconds
2019-06-26T01:16:04.748+0000: 406903.760: Application time: 0.0001396 seconds
2019-06-26T01:16:04.748+0000: 406903.761: Application time: 0.0001281 seconds
2019-06-26T01:16:04.750+0000: 406903.762: Application time: 0.0000797 seconds
2019-06-26T01:16:04.750+0000: 406903.762: Application time: 0.0000675 seconds
2019-06-26T01:16:04.750+0000: 406903.762: Application time: 0.0000710 seconds
2019-06-26T01:16:04.750+0000: 406903.763: Application time: 0.0001443 seconds
2019-06-26T01:16:04.751+0000: 406903.763: Application time: 0.0002281 seconds
2019-06-26T01:16:08.393+0000: 406907.406: Application time: 3.6425797 seconds
2019-06-26T01:16:08.416+0000: 406907.428: Application time: 0.0223115 seconds
2019-06-26T01:16:09.085+0000: 406908.097: Application time: 0.6689928 seconds
2019-06-26T01:16:09.085+0000: 406908.098: Application time: 0.0001355 seconds
2019-06-26T01:16:09.087+0000: 406908.099: Application time: 0.0012574 seconds
2019-06-26T01:16:34.753+0000: 406933.766: Application time: 25.6665895 seconds
2019-06-26T01:16:34.754+0000: 406933.766: Application time: 0.0001255 seconds
2019-06-26T01:16:34.754+0000: 406933.767: Application time: 0.0001662 seconds
2019-06-26T01:16:34.755+0000: 406933.767: Application time: 0.0005855 seconds
2019-06-26T01:16:34.755+0000: 406933.768: Application time: 0.0001290 seconds
2019-06-26T01:16:34.756+0000: 406933.768: Application time: 0.0001574 seconds
2019-06-26T01:16:34.756+0000: 406933.768: Application time: 0.0002738 seconds
2019-06-26T01:16:34.756+0000: 406933.769: Application time: 0.0001659 seconds
2019-06-26T01:16:36.570+0000: 406935.582: Application time: 1.8136624 seconds
2019-06-26T01:16:36.595+0000: 406935.607: Application time: 0.0243446 seconds
2019-06-26T01:16:39.101+0000: 406938.113: Application time: 2.5061850 seconds
2019-06-26T01:16:39.101+0000: 406938.114: Application time: 0.0000775 seconds
2019-06-26T01:16:39.103+0000: 406938.115: Application time: 0.0016170 seconds
2019-06-26T01:16:49.107+0000: 406948.120: Application time: 10.0039910 seconds
2019-06-26T01:18:31.274+0000: 407050.287: Application time: 102.1668887 seconds
{Heap before GC invocations=2516 (full 194):
 par new generation   total 9792K, used 9714K [0x00000000e1000000, 0x00000000e1aa0000, 0x00000000eb4a0000)
  eden space 8704K,  99% used [0x00000000e1000000, 0x00000000e187e560, 0x00000000e1880000)
  from space 1088K,  93% used [0x00000000e1880000, 0x00000000e197e660, 0x00000000e1990000)
  to   space 1088K,   0% used [0x00000000e1990000, 0x00000000e1990000, 0x00000000e1aa0000)
 concurrent mark-sweep generation total 121500K, used 69913K [0x00000000eb4a0000, 0x00000000f2b47000, 0x0000000100000000)
 Metaspace       used 89063K, capacity 93518K, committed 93824K, reserved 1132544K
  class space    used 10734K, capacity 11531K, committed 11648K, reserved 1048576K
2019-06-26T01:18:31.275+0000: 407050.287: [GC (Allocation Failure) 2019-06-26T01:18:31.275+0000: 407050.288: [ParNew: 9714K->906K(9792K), 0.0062321 secs] 79628K->71558K(131292K), 0.0072595 secs] [Times: user=0.01 sys=0.00, real=0.01 secs] 
Heap after GC invocations=2517 (full 194):
 par new generation   total 9792K, used 906K [0x00000000e1000000, 0x00000000e1aa0000, 0x00000000eb4a0000)
  eden space 8704K,   0% used [0x00000000e1000000, 0x00000000e1000000, 0x00000000e1880000)
  from space 1088K,  83% used [0x00000000e1990000, 0x00000000e1a72848, 0x00000000e1aa0000)
  to   space 1088K,   0% used [0x00000000e1880000, 0x00000000e1880000, 0x00000000e1990000)
 concurrent mark-sweep generation total 121500K, used 70652K [0x00000000eb4a0000, 0x00000000f2b47000, 0x0000000100000000)
 Metaspace       used 89063K, capacity 93518K, committed 93824K, reserved 1132544K
  class space    used 10734K, capacity 11531K, committed 11648K, reserved 1048576K
}
2019-06-26T01:18:34.768+0000: 407053.780: Application time: 3.4849701 seconds
2019-06-26T01:18:34.768+0000: 407053.781: Application time: 0.0000681 seconds
2019-06-26T01:18:34.768+0000: 407053.781: Application time: 0.0000638 seconds
2019-06-26T01:18:34.769+0000: 407053.781: Application time: 0.0000597 seconds
2019-06-26T01:18:34.769+0000: 407053.782: Application time: 0.0005869 seconds
2019-06-26T01:18:34.770+0000: 407053.782: Application time: 0.0000683 seconds
2019-06-26T01:18:34.770+0000: 407053.782: Application time: 0.0001856 seconds
2019-06-26T01:18:34.770+0000: 407053.782: Application time: 0.0001278 seconds
2019-06-26T01:18:36.274+0000: 407055.286: Application time: 1.5037871 seconds
2019-06-26T01:18:36.310+0000: 407055.323: Application time: 0.0361067 seconds
2019-06-26T01:18:39.169+0000: 407058.181: Application time: 2.8585940 seconds
2019-06-26T01:18:39.169+0000: 407058.182: Application time: 0.0000748 seconds
2019-06-26T01:18:39.171+0000: 407058.183: Application time: 0.0013787 seconds
2019-06-26T01:18:58.174+0000: 407077.186: Application time: 19.0026191 seconds
2019-06-26T01:19:09.186+0000: 407088.198: Application time: 11.0122204 seconds
2019-06-26T01:19:09.186+0000: 407088.199: Application time: 0.0000631 seconds
2019-06-26T01:19:09.187+0000: 407088.199: Application time: 0.0000582 seconds
2019-06-26T01:19:09.187+0000: 407088.199: Application time: 0.0006251 seconds
2019-06-26T01:19:09.188+0000: 407088.200: Application time: 0.0000857 seconds
2019-06-26T01:19:09.188+0000: 407088.200: Application time: 0.0000816 seconds
2019-06-26T01:19:09.188+0000: 407088.201: Application time: 0.0002132 seconds
2019-06-26T01:19:09.189+0000: 407088.201: Application time: 0.0001587 seconds
2019-06-26T01:19:11.745+0000: 407090.757: Application time: 2.5560841 seconds
2019-06-26T01:19:11.769+0000: 407090.781: Application time: 0.0239863 seconds
2019-06-26T01:19:19.194+0000: 407098.207: Application time: 7.4249222 seconds
2019-06-26T01:19:19.195+0000: 407098.207: Application time: 0.0001202 seconds
2019-06-26T01:19:19.196+0000: 407098.208: Application time: 0.0012445 seconds
2019-06-26T01:20:59.918+0000: 407198.930: Application time: 100.7213408 seconds
2019-06-26T01:20:59.918+0000: 407198.930: Application time: 0.0001397 seconds
2019-06-26T01:20:59.918+0000: 407198.931: Application time: 0.0001476 seconds
2019-06-26T01:20:59.918+0000: 407198.931: Application time: 0.0001657 seconds
2019-06-26T01:20:59.919+0000: 407198.932: Application time: 0.0000589 seconds
2019-06-26T01:20:59.919+0000: 407198.932: Application time: 0.0000524 seconds
2019-06-26T01:20:59.919+0000: 407198.932: Application time: 0.0000507 seconds
2019-06-26T01:20:59.920+0000: 407198.932: Application time: 0.0000505 seconds
2019-06-26T01:20:59.920+0000: 407198.932: Application time: 0.0000600 seconds
2019-06-26T01:20:59.920+0000: 407198.932: Application time: 0.0000510 seconds
2019-06-26T01:21:36.172+0000: 407235.184: Application time: 36.2520002 seconds
{Heap before GC invocations=2517 (full 194):
 par new generation   total 9792K, used 9512K [0x00000000e1000000, 0x00000000e1aa0000, 0x00000000eb4a0000)
  eden space 8704K,  98% used [0x00000000e1000000, 0x00000000e18679f8, 0x00000000e1880000)
  from space 1088K,  83% used [0x00000000e1990000, 0x00000000e1a72848, 0x00000000e1aa0000)
  to   space 1088K,   0% used [0x00000000e1880000, 0x00000000e1880000, 0x00000000e1990000)
 concurrent mark-sweep generation total 121500K, used 70652K [0x00000000eb4a0000, 0x00000000f2b47000, 0x0000000100000000)
 Metaspace       used 89063K, capacity 93518K, committed 93824K, reserved 1132544K
  class space    used 10734K, capacity 11531K, committed 11648K, reserved 1048576K
2019-06-26T01:21:36.173+0000: 407235.185: [GC (Allocation Failure) 2019-06-26T01:21:36.173+0000: 407235.185: [ParNew: 9512K->852K(9792K), 0.0066825 secs] 80164K->71504K(131292K), 0.0074471 secs] [Times: user=0.01 sys=0.00, real=0.01 secs] 
Heap after GC invocations=2518 (full 194):
 par new generation   total 9792K, used 852K [0x00000000e1000000, 0x00000000e1aa0000, 0x00000000eb4a0000)
  eden space 8704K,   0% used [0x00000000e1000000, 0x00000000e1000000, 0x00000000e1880000)
  from space 1088K,  78% used [0x00000000e1880000, 0x00000000e19553a0, 0x00000000e1990000)
  to   space 1088K,   0% used [0x00000000e1990000, 0x00000000e1990000, 0x00000000e1aa0000)
 concurrent mark-sweep generation total 121500K, used 70652K [0x00000000eb4a0000, 0x00000000f2b47000, 0x0000000100000000)
 Metaspace       used 89063K, capacity 93518K, committed 93824K, reserved 1132544K
  class space    used 10734K, capacity 11531K, committed 11648K, reserved 1048576K
}
2019-06-26T01:21:39.271+0000: 407238.283: Application time: 3.0897525 seconds
2019-06-26T01:21:39.271+0000: 407238.283: Application time: 0.0000521 seconds
2019-06-26T01:21:39.271+0000: 407238.284: Application time: 0.0000642 seconds
2019-06-26T01:21:39.272+0000: 407238.284: Application time: 0.0000664 seconds
2019-06-26T01:21:39.272+0000: 407238.285: Application time: 0.0005649 seconds
2019-06-26T01:21:39.273+0000: 407238.285: Application time: 0.0000828 seconds
2019-06-26T01:21:39.273+0000: 407238.285: Application time: 0.0002821 seconds
2019-06-26T01:21:39.274+0000: 407238.286: Application time: 0.0001663 seconds
2019-06-26T01:21:43.460+0000: 407242.472: Application time: 4.1859736 seconds
2019-06-26T01:21:43.494+0000: 407242.506: Application time: 0.0336930 seconds
2019-06-26T01:21:49.279+0000: 407248.291: Application time: 5.7850733 seconds
2019-06-26T01:21:49.279+0000: 407248.292: Application time: 0.0000711 seconds
2019-06-26T01:21:49.280+0000: 407248.292: Application time: 0.0000576 seconds
2019-06-26T01:21:49.280+0000: 407248.292: Application time: 0.0001836 seconds
2019-06-26T01:21:49.280+0000: 407248.292: Application time: 0.0001013 seconds
2019-06-26T01:21:49.281+0000: 407248.294: Application time: 0.0012484 seconds
2019-06-26T01:21:55.282+0000: 407254.295: Application time: 6.0007535 seconds
2019-06-26T01:21:59.286+0000: 407258.298: Application time: 4.0039318 seconds
2019-06-26T01:21:59.287+0000: 407258.299: Application time: 0.0000711 seconds
2019-06-26T01:21:59.287+0000: 407258.299: Application time: 0.0000598 seconds
2019-06-26T01:21:59.287+0000: 407258.299: Application time: 0.0000639 seconds
2019-06-26T01:21:59.287+0000: 407258.300: Application time: 0.0000592 seconds
2019-06-26T01:21:59.287+0000: 407258.300: Application time: 0.0000626 seconds
2019-06-26T01:21:59.508+0000: 407258.520: Application time: 0.2201254 seconds
2019-06-26T01:21:59.540+0000: 407258.552: Application time: 0.0319439 seconds
2019-06-26T01:21:59.737+0000: 407258.749: Application time: 0.1965307 seconds
2019-06-26T01:21:59.737+0000: 407258.749: Application time: 0.0000772 seconds
2019-06-26T01:21:59.737+0000: 407258.749: Application time: 0.0000590 seconds
2019-06-26T01:21:59.737+0000: 407258.750: Application time: 0.0001655 seconds
2019-06-26T01:21:59.738+0000: 407258.751: Application time: 0.0009671 seconds
2019-06-26T01:24:01.836+0000: 407380.848: Application time: 122.0969765 seconds
{Heap before GC invocations=2518 (full 194):
 par new generation   total 9792K, used 9556K [0x00000000e1000000, 0x00000000e1aa0000, 0x00000000eb4a0000)
  eden space 8704K, 100% used [0x00000000e1000000, 0x00000000e1880000, 0x00000000e1880000)
  from space 1088K,  78% used [0x00000000e1880000, 0x00000000e19553a0, 0x00000000e1990000)
  to   space 1088K,   0% used [0x00000000e1990000, 0x00000000e1990000, 0x00000000e1aa0000)
 concurrent mark-sweep generation total 121500K, used 70652K [0x00000000eb4a0000, 0x00000000f2b47000, 0x0000000100000000)
 Metaspace       used 89085K, capacity 93554K, committed 93824K, reserved 1132544K
  class space    used 10738K, capacity 11537K, committed 11648K, reserved 1048576K
2019-06-26T01:24:01.836+0000: 407380.848: [GC (Allocation Failure) 2019-06-26T01:24:01.837+0000: 407380.849: [ParNew: 9556K->665K(9792K), 0.0035990 secs] 80208K->71668K(131292K), 0.0045847 secs] [Times: user=0.00 sys=0.00, real=0.01 secs] 
Heap after GC invocations=2519 (full 194):
 par new generation   total 9792K, used 665K [0x00000000e1000000, 0x00000000e1aa0000, 0x00000000eb4a0000)
  eden space 8704K,   0% used [0x00000000e1000000, 0x00000000e1000000, 0x00000000e1880000)
  from space 1088K,  61% used [0x00000000e1990000, 0x00000000e1a365e0, 0x00000000e1aa0000)
  to   space 1088K,   0% used [0x00000000e1880000, 0x00000000e1880000, 0x00000000e1990000)
 concurrent mark-sweep generation total 121500K, used 71002K [0x00000000eb4a0000, 0x00000000f2b47000, 0x0000000100000000)
 Metaspace       used 89085K, capacity 93554K, committed 93824K, reserved 1132544K
  class space    used 10738K, capacity 11537K, committed 11648K, reserved 1048576K
}
2019-06-26T01:24:29.938+0000: 407408.950: Application time: 28.0963879 seconds
2019-06-26T01:31:19.603+0000: 407818.615: Application time: 409.6643964 seconds
{Heap before GC invocations=2519 (full 194):
 par new generation   total 9792K, used 9369K [0x00000000e1000000, 0x00000000e1aa0000, 0x00000000eb4a0000)
  eden space 8704K, 100% used [0x00000000e1000000, 0x00000000e1880000, 0x00000000e1880000)
  from space 1088K,  61% used [0x00000000e1990000, 0x00000000e1a365e0, 0x00000000e1aa0000)
  to   space 1088K,   0% used [0x00000000e1880000, 0x00000000e1880000, 0x00000000e1990000)
 concurrent mark-sweep generation total 121500K, used 71002K [0x00000000eb4a0000, 0x00000000f2b47000, 0x0000000100000000)
 Metaspace       used 89090K, capacity 93560K, committed 93824K, reserved 1132544K
  class space    used 10738K, capacity 11538K, committed 11648K, reserved 1048576K
2019-06-26T01:31:19.618+0000: 407818.630: [GC (Allocation Failure) 2019-06-26T01:31:19.618+0000: 407818.630: [ParNew: 9369K->820K(9792K), 0.0058775 secs] 80372K->72087K(131292K), 0.0068391 secs] [Times: user=0.00 sys=0.01, real=0.01 secs] 
Heap after GC invocations=2520 (full 194):
 par new generation   total 9792K, used 820K [0x00000000e1000000, 0x00000000e1aa0000, 0x00000000eb4a0000)
  eden space 8704K,   0% used [0x00000000e1000000, 0x00000000e1000000, 0x00000000e1880000)
  from space 1088K,  75% used [0x00000000e1880000, 0x00000000e194d1a0, 0x00000000e1990000)
  to   space 1088K,   0% used [0x00000000e1990000, 0x00000000e1990000, 0x00000000e1aa0000)
 concurrent mark-sweep generation total 121500K, used 71267K [0x00000000eb4a0000, 0x00000000f2b47000, 0x0000000100000000)
 Metaspace       used 89090K, capacity 93560K, committed 93824K, reserved 1132544K
  class space    used 10738K, capacity 11538K, committed 11648K, reserved 1048576K
}
2019-06-26T01:33:29.693+0000: 407948.705: Application time: 130.0676546 seconds
2019-06-26T01:36:34.226+0000: 408133.238: Application time: 184.5329184 seconds
2019-06-26T01:36:34.227+0000: 408133.240: Application time: 0.0001490 seconds
2019-06-26T01:36:34.228+0000: 408133.240: Application time: 0.0000690 seconds
2019-06-26T01:36:34.229+0000: 408133.242: Application time: 0.0001441 seconds
2019-06-26T01:36:34.229+0000: 408133.242: Application time: 0.0000715 seconds
2019-06-26T01:36:34.230+0000: 408133.242: Application time: 0.0000720 seconds
2019-06-26T01:36:34.231+0000: 408133.243: Application time: 0.0000786 seconds
2019-06-26T01:36:34.254+0000: 408133.267: Application time: 0.0232734 seconds
2019-06-26T01:36:34.255+0000: 408133.267: Application time: 0.0000316 seconds
2019-06-26T01:36:34.289+0000: 408133.301: Application time: 0.0342714 seconds
2019-06-26T01:36:34.301+0000: 408133.313: Application time: 0.0115455 seconds
2019-06-26T01:36:34.301+0000: 408133.313: Application time: 0.0001605 seconds
2019-06-26T01:36:34.302+0000: 408133.314: Application time: 0.0002693 seconds
2019-06-26T01:36:34.302+0000: 408133.314: Application time: 0.0001236 seconds
2019-06-26T01:36:34.302+0000: 408133.314: Application time: 0.0001167 seconds
2019-06-26T01:36:34.302+0000: 408133.315: Application time: 0.0001225 seconds
2019-06-26T01:36:34.303+0000: 408133.349: Application time: 0.0346731 seconds
2019-06-26T01:36:34.379+0000: 408133.391: Application time: 0.0411900 seconds
2019-06-26T01:36:34.625+0000: 408133.638: Application time: 0.2464357 seconds
{Heap before GC invocations=2520 (full 194):
 par new generation   total 9792K, used 9524K [0x00000000e1000000, 0x00000000e1aa0000, 0x00000000eb4a0000)
  eden space 8704K, 100% used [0x00000000e1000000, 0x00000000e1880000, 0x00000000e1880000)
  from space 1088K,  75% used [0x00000000e1880000, 0x00000000e194d1a0, 0x00000000e1990000)
  to   space 1088K,   0% used [0x00000000e1990000, 0x00000000e1990000, 0x00000000e1aa0000)
 concurrent mark-sweep generation total 121500K, used 71267K [0x00000000eb4a0000, 0x00000000f2b47000, 0x0000000100000000)
 Metaspace       used 89096K, capacity 93572K, committed 93824K, reserved 1132544K
  class space    used 10739K, capacity 11540K, committed 11648K, reserved 1048576K
2019-06-26T01:36:34.626+0000: 408133.638: [GC (Allocation Failure) 2019-06-26T01:36:34.626+0000: 408133.638: [ParNew: 9524K->1025K(9792K), 0.0043596 secs] 80791K->72292K(131292K), 0.0052043 secs] [Times: user=0.00 sys=0.00, real=0.01 secs] 
Heap after GC invocations=2521 (full 194):
 par new generation   total 9792K, used 1025K [0x00000000e1000000, 0x00000000e1aa0000, 0x00000000eb4a0000)
  eden space 8704K,   0% used [0x00000000e1000000, 0x00000000e1000000, 0x00000000e1880000)
  from space 1088K,  94% used [0x00000000e1990000, 0x00000000e1a90498, 0x00000000e1aa0000)
  to   space 1088K,   0% used [0x00000000e1880000, 0x00000000e1880000, 0x00000000e1990000)
 concurrent mark-sweep generation total 121500K, used 71267K [0x00000000eb4a0000, 0x00000000f2b47000, 0x0000000100000000)
 Metaspace       used 89096K, capacity 93572K, committed 93824K, reserved 1132544K
  class space    used 10739K, capacity 11540K, committed 11648K, reserved 1048576K
}
2019-06-26T01:36:35.352+0000: 408134.364: Application time: 0.7202118 seconds
2019-06-26T01:36:36.363+0000: 408135.375: Application time: 1.0001959 seconds
2019-06-26T01:38:59.780+0000: 408278.793: Application time: 143.4171786 seconds
{Heap before GC invocations=2521 (full 194):
 par new generation   total 9792K, used 9729K [0x00000000e1000000, 0x00000000e1aa0000, 0x00000000eb4a0000)
  eden space 8704K, 100% used [0x00000000e1000000, 0x00000000e1880000, 0x00000000e1880000)
  from space 1088K,  94% used [0x00000000e1990000, 0x00000000e1a90498, 0x00000000e1aa0000)
  to   space 1088K,   0% used [0x00000000e1880000, 0x00000000e1880000, 0x00000000e1990000)
 concurrent mark-sweep generation total 121500K, used 71267K [0x00000000eb4a0000, 0x00000000f2b47000, 0x0000000100000000)
 Metaspace       used 89119K, capacity 93596K, committed 93824K, reserved 1132544K
  class space    used 10741K, capacity 11544K, committed 11648K, reserved 1048576K
2019-06-26T01:38:59.781+0000: 408278.793: [GC (Allocation Failure) 2019-06-26T01:38:59.781+0000: 408278.794: [ParNew: 9729K->613K(9792K), 0.0043697 secs] 80996K->72157K(131292K), 0.0051307 secs] [Times: user=0.00 sys=0.00, real=0.00 secs] 
Heap after GC invocations=2522 (full 194):
 par new generation   total 9792K, used 613K [0x00000000e1000000, 0x00000000e1aa0000, 0x00000000eb4a0000)
  eden space 8704K,   0% used [0x00000000e1000000, 0x00000000e1000000, 0x00000000e1880000)
  from space 1088K,  56% used [0x00000000e1880000, 0x00000000e19197e0, 0x00000000e1990000)
  to   space 1088K,   0% used [0x00000000e1990000, 0x00000000e1990000, 0x00000000e1aa0000)
 concurrent mark-sweep generation total 121500K, used 71543K [0x00000000eb4a0000, 0x00000000f2b47000, 0x0000000100000000)
 Metaspace       used 89119K, capacity 93596K, committed 93824K, reserved 1132544K
  class space    used 10741K, capacity 11544K, committed 11648K, reserved 1048576K
}
2019-06-26T01:39:38.334+0000: 408317.346: Application time: 38.5467774 seconds
2019-06-26T01:39:38.361+0000: 408317.373: Application time: 0.0267103 seconds
2019-06-26T01:40:00.030+0000: 408339.043: Application time: 21.6693155 seconds
2019-06-26T01:40:00.031+0000: 408339.043: Application time: 0.0001366 seconds
2019-06-26T01:40:00.031+0000: 408339.044: Application time: 0.0000859 seconds
2019-06-26T01:40:00.032+0000: 408339.044: Application time: 0.0000579 seconds
2019-06-26T01:40:00.032+0000: 408339.044: Application time: 0.0000555 seconds
2019-06-26T01:40:00.032+0000: 408339.044: Application time: 0.0000554 seconds
2019-06-26T01:40:00.032+0000: 408339.044: Application time: 0.0000543 seconds
2019-06-26T01:40:00.032+0000: 408339.045: Application time: 0.0000546 seconds
2019-06-26T01:40:00.032+0000: 408339.045: Application time: 0.0000542 seconds
2019-06-26T01:43:28.338+0000: 408547.350: Application time: 208.3048222 seconds
{Heap before GC invocations=2522 (full 194):
 par new generation   total 9792K, used 9317K [0x00000000e1000000, 0x00000000e1aa0000, 0x00000000eb4a0000)
  eden space 8704K, 100% used [0x00000000e1000000, 0x00000000e1880000, 0x00000000e1880000)
  from space 1088K,  56% used [0x00000000e1880000, 0x00000000e19197e0, 0x00000000e1990000)
  to   space 1088K,   0% used [0x00000000e1990000, 0x00000000e1990000, 0x00000000e1aa0000)
 concurrent mark-sweep generation total 121500K, used 71543K [0x00000000eb4a0000, 0x00000000f2b47000, 0x0000000100000000)
 Metaspace       used 89119K, capacity 93596K, committed 93824K, reserved 1132544K
  class space    used 10741K, capacity 11544K, committed 11648K, reserved 1048576K
2019-06-26T01:43:28.338+0000: 408547.351: [GC (Allocation Failure) 2019-06-26T01:43:28.339+0000: 408547.351: [ParNew: 9317K->828K(9792K), 0.0038907 secs] 80861K->72371K(131292K), 0.0048817 secs] [Times: user=0.00 sys=0.00, real=0.00 secs] 
Heap after GC invocations=2523 (full 194):
 par new generation   total 9792K, used 828K [0x00000000e1000000, 0x00000000e1aa0000, 0x00000000eb4a0000)
  eden space 8704K,   0% used [0x00000000e1000000, 0x00000000e1000000, 0x00000000e1880000)
  from space 1088K,  76% used [0x00000000e1990000, 0x00000000e1a5f100, 0x00000000e1aa0000)
  to   space 1088K,   0% used [0x00000000e1880000, 0x00000000e1880000, 0x00000000e1990000)
 concurrent mark-sweep generation total 121500K, used 71543K [0x00000000eb4a0000, 0x00000000f2b47000, 0x0000000100000000)
 Metaspace       used 89119K, capacity 93596K, committed 93824K, reserved 1132544K
  class space    used 10741K, capacity 11544K, committed 11648K, reserved 1048576K
}
2019-06-26T01:43:30.031+0000: 408549.043: Application time: 1.6865873 seconds
2019-06-26T01:43:30.031+0000: 408549.043: Application time: 0.0000692 seconds
2019-06-26T01:43:30.031+0000: 408549.043: Application time: 0.0000654 seconds
2019-06-26T01:43:33.302+0000: 408552.314: Application time: 3.2706520 seconds
2019-06-26T01:43:33.368+0000: 408552.381: Application time: 0.0663332 seconds
2019-06-26T01:43:34.938+0000: 408553.951: Application time: 1.5698683 seconds
2019-06-26T01:43:34.939+0000: 408553.951: Application time: 0.0001712 seconds
2019-06-26T01:43:34.939+0000: 408553.951: Application time: 0.0001413 seconds
2019-06-26T01:43:34.939+0000: 408553.952: Application time: 0.0001362 seconds
2019-06-26T01:43:34.940+0000: 408553.952: Application time: 0.0001657 seconds
2019-06-26T01:43:34.940+0000: 408553.952: Application time: 0.0002668 seconds
2019-06-26T01:43:34.940+0000: 408553.953: Application time: 0.0001442 seconds
2019-06-26T01:43:34.942+0000: 408553.954: Application time: 0.0011029 seconds
2019-06-26T01:45:29.785+0000: 408668.797: Application time: 114.8431843 seconds
2019-06-26T01:45:29.789+0000: 408668.802: Application time: 0.0000755 seconds
2019-06-26T01:45:29.790+0000: 408668.802: Application time: 0.0001212 seconds
2019-06-26T01:45:30.094+0000: 408669.106: Application time: 0.3039849 seconds
2019-06-26T01:45:30.095+0000: 408669.107: Application time: 0.0006258 seconds
2019-06-26T01:45:30.095+0000: 408669.108: Application time: 0.0000763 seconds
2019-06-26T01:45:34.791+0000: 408673.803: Application time: 4.6954116 seconds
2019-06-26T01:45:34.831+0000: 408673.843: Application time: 0.0396139 seconds
2019-06-26T01:45:34.954+0000: 408673.966: Application time: 0.1230066 seconds
2019-06-26T01:45:34.954+0000: 408673.967: Application time: 0.0001572 seconds
2019-06-26T01:45:34.955+0000: 408673.967: Application time: 0.0001366 seconds
2019-06-26T01:45:34.955+0000: 408673.967: Application time: 0.0001356 seconds
2019-06-26T01:45:34.955+0000: 408673.967: Application time: 0.0001374 seconds
2019-06-26T01:45:34.955+0000: 408673.968: Application time: 0.0003010 seconds
2019-06-26T01:45:34.956+0000: 408673.968: Application time: 0.0001955 seconds
2019-06-26T01:45:34.957+0000: 408673.969: Application time: 0.0011178 seconds
2019-06-26T01:45:40.102+0000: 408679.114: Application time: 5.1442627 seconds
2019-06-26T01:45:57.485+0000: 408696.497: Application time: 17.3830577 seconds
{Heap before GC invocations=2523 (full 194):
 par new generation   total 9792K, used 9532K [0x00000000e1000000, 0x00000000e1aa0000, 0x00000000eb4a0000)
  eden space 8704K, 100% used [0x00000000e1000000, 0x00000000e1880000, 0x00000000e1880000)
  from space 1088K,  76% used [0x00000000e1990000, 0x00000000e1a5f100, 0x00000000e1aa0000)
  to   space 1088K,   0% used [0x00000000e1880000, 0x00000000e1880000, 0x00000000e1990000)
 concurrent mark-sweep generation total 121500K, used 71543K [0x00000000eb4a0000, 0x00000000f2b47000, 0x0000000100000000)
 Metaspace       used 89120K, capacity 93596K, committed 93824K, reserved 1132544K
  class space    used 10741K, capacity 11544K, committed 11648K, reserved 1048576K
2019-06-26T01:45:57.486+0000: 408696.498: [GC (Allocation Failure) 2019-06-26T01:45:57.486+0000: 408696.498: [ParNew: 9532K->1088K(9792K), 0.0174239 secs] 81075K->72791K(131292K), 0.0182580 secs] [Times: user=0.03 sys=0.00, real=0.02 secs] 
Heap after GC invocations=2524 (full 194):
 par new generation   total 9792K, used 1088K [0x00000000e1000000, 0x00000000e1aa0000, 0x00000000eb4a0000)
  eden space 8704K,   0% used [0x00000000e1000000, 0x00000000e1000000, 0x00000000e1880000)
  from space 1088K, 100% used [0x00000000e1880000, 0x00000000e1990000, 0x00000000e1990000)
  to   space 1088K,   0% used [0x00000000e1990000, 0x00000000e1990000, 0x00000000e1aa0000)
 concurrent mark-sweep generation total 121500K, used 71703K [0x00000000eb4a0000, 0x00000000f2b47000, 0x0000000100000000)
 Metaspace       used 89120K, capacity 93596K, committed 93824K, reserved 1132544K
  class space    used 10741K, capacity 11544K, committed 11648K, reserved 1048576K
}
2019-06-26T01:45:59.805+0000: 408698.817: Application time: 2.3000627 seconds
2019-06-26T01:45:59.805+0000: 408698.817: Application time: 0.0000694 seconds
2019-06-26T01:45:59.805+0000: 408698.818: Application time: 0.0000662 seconds
2019-06-26T01:46:00.112+0000: 408699.124: Application time: 0.3066756 seconds
2019-06-26T01:46:00.113+0000: 408699.125: Application time: 0.0001019 seconds
2019-06-26T01:46:00.113+0000: 408699.125: Application time: 0.0000610 seconds
2019-06-26T01:46:00.113+0000: 408699.126: Application time: 0.0000558 seconds
2019-06-26T01:46:00.113+0000: 408699.126: Application time: 0.0000549 seconds
2019-06-26T01:46:00.114+0000: 408699.126: Application time: 0.0001116 seconds
2019-06-26T01:46:00.114+0000: 408699.126: Application time: 0.0003578 seconds
2019-06-26T01:46:00.115+0000: 408699.128: Application time: 0.0010038 seconds
2019-06-26T01:46:02.470+0000: 408701.482: Application time: 2.3541492 seconds
2019-06-26T01:46:02.527+0000: 408701.539: Application time: 0.0573034 seconds
2019-06-26T01:46:04.959+0000: 408703.972: Application time: 2.4318855 seconds
2019-06-26T01:48:04.971+0000: 408823.983: Application time: 120.0115868 seconds
2019-06-26T01:48:04.971+0000: 408823.984: Application time: 0.0000738 seconds
2019-06-26T01:48:06.447+0000: 408825.460: Application time: 1.4760378 seconds
2019-06-26T01:48:06.473+0000: 408825.486: Application time: 0.0260030 seconds
2019-06-26T01:48:10.184+0000: 408829.196: Application time: 3.7101255 seconds
2019-06-26T01:48:10.184+0000: 408829.197: Application time: 0.0000731 seconds
2019-06-26T01:48:10.184+0000: 408829.197: Application time: 0.0000619 seconds
2019-06-26T01:48:10.185+0000: 408829.197: Application time: 0.0000574 seconds
2019-06-26T01:48:10.185+0000: 408829.197: Application time: 0.0000562 seconds
2019-06-26T01:48:10.185+0000: 408829.197: Application time: 0.0000599 seconds
2019-06-26T01:48:10.185+0000: 408829.198: Application time: 0.0001401 seconds
2019-06-26T01:48:10.185+0000: 408829.198: Application time: 0.0001041 seconds
2019-06-26T01:48:10.187+0000: 408829.199: Application time: 0.0010038 seconds
2019-06-26T01:48:36.034+0000: 408855.047: Application time: 25.8476154 seconds
{Heap before GC invocations=2524 (full 194):
 par new generation   total 9792K, used 9792K [0x00000000e1000000, 0x00000000e1aa0000, 0x00000000eb4a0000)
  eden space 8704K, 100% used [0x00000000e1000000, 0x00000000e1880000, 0x00000000e1880000)
  from space 1088K, 100% used [0x00000000e1880000, 0x00000000e1990000, 0x00000000e1990000)
  to   space 1088K,   0% used [0x00000000e1990000, 0x00000000e1990000, 0x00000000e1aa0000)
 concurrent mark-sweep generation total 121500K, used 71703K [0x00000000eb4a0000, 0x00000000f2b47000, 0x0000000100000000)
 Metaspace       used 89131K, capacity 93614K, committed 93824K, reserved 1132544K
  class space    used 10743K, capacity 11547K, committed 11648K, reserved 1048576K
2019-06-26T01:48:36.035+0000: 408855.047: [GC (Allocation Failure) 2019-06-26T01:48:36.035+0000: 408855.048: [ParNew: 9792K->893K(9792K), 0.0073239 secs] 81495K->72932K(131292K), 0.0111933 secs] [Times: user=0.00 sys=0.00, real=0.01 secs] 
Heap after GC invocations=2525 (full 194):
 par new generation   total 9792K, used 893K [0x00000000e1000000, 0x00000000e1aa0000, 0x00000000eb4a0000)
  eden space 8704K,   0% used [0x00000000e1000000, 0x00000000e1000000, 0x00000000e1880000)
  from space 1088K,  82% used [0x00000000e1990000, 0x00000000e1a6f630, 0x00000000e1aa0000)
  to   space 1088K,   0% used [0x00000000e1880000, 0x00000000e1880000, 0x00000000e1990000)
 concurrent mark-sweep generation total 121500K, used 72039K [0x00000000eb4a0000, 0x00000000f2b47000, 0x0000000100000000)
 Metaspace       used 89131K, capacity 93614K, committed 93824K, reserved 1132544K
  class space    used 10743K, capacity 11547K, committed 11648K, reserved 1048576K
}
2019-06-26T01:48:40.202+0000: 408859.214: Application time: 4.1549903 seconds
2019-06-26T01:48:40.202+0000: 408859.215: Application time: 0.0000850 seconds
2019-06-26T01:48:41.031+0000: 408860.043: Application time: 0.8280426 seconds
2019-06-26T01:48:41.071+0000: 408860.083: Application time: 0.0397852 seconds
2019-06-26T01:48:50.207+0000: 408869.220: Application time: 9.1369700 seconds
2019-06-26T01:48:50.208+0000: 408869.220: Application time: 0.0001013 seconds
2019-06-26T01:48:50.208+0000: 408869.221: Application time: 0.0000662 seconds
2019-06-26T01:48:50.209+0000: 408869.221: Application time: 0.0000611 seconds
2019-06-26T01:48:50.209+0000: 408869.221: Application time: 0.0000584 seconds
2019-06-26T01:48:50.209+0000: 408869.221: Application time: 0.0000623 seconds
2019-06-26T01:48:50.209+0000: 408869.222: Application time: 0.0001364 seconds
2019-06-26T01:48:50.209+0000: 408869.222: Application time: 0.0001387 seconds
2019-06-26T01:48:50.211+0000: 408869.223: Application time: 0.0011533 seconds
2019-06-26T01:49:00.215+0000: 408879.227: Application time: 10.0039749 seconds
2019-06-26T01:49:30.088+0000: 408909.101: Application time: 29.8731765 seconds
2019-06-26T01:51:29.840+0000: 409028.852: Application time: 119.7510618 seconds
2019-06-26T01:51:29.865+0000: 409028.877: Application time: 0.0246161 seconds
2019-06-26T01:51:30.298+0000: 409029.310: Application time: 0.4333066 seconds
2019-06-26T01:51:30.298+0000: 409029.311: Application time: 0.0001234 seconds
2019-06-26T01:51:34.994+0000: 409034.006: Application time: 4.6952506 seconds
2019-06-26T01:51:34.994+0000: 409034.006: Application time: 0.0000700 seconds
2019-06-26T01:51:34.994+0000: 409034.007: Application time: 0.0000642 seconds
2019-06-26T01:51:34.994+0000: 409034.007: Application time: 0.0000582 seconds
2019-06-26T01:51:34.995+0000: 409034.007: Application time: 0.0000566 seconds
2019-06-26T01:51:34.995+0000: 409034.007: Application time: 0.0000621 seconds
2019-06-26T01:51:34.995+0000: 409034.007: Application time: 0.0001620 seconds
2019-06-26T01:51:34.995+0000: 409034.008: Application time: 0.0001047 seconds
2019-06-26T01:51:34.997+0000: 409034.009: Application time: 0.0013809 seconds
2019-06-26T01:51:40.306+0000: 409039.318: Application time: 5.3084558 seconds
2019-06-26T01:51:40.306+0000: 409039.318: Application time: 0.0000714 seconds
2019-06-26T01:51:40.306+0000: 409039.318: Application time: 0.0000590 seconds
2019-06-26T01:51:40.308+0000: 409039.320: Application time: 0.0001885 seconds
2019-06-26T01:51:40.308+0000: 409039.320: Application time: 0.0001705 seconds
2019-06-26T01:51:40.542+0000: 409039.554: Application time: 0.2336799 seconds
2019-06-26T01:51:40.566+0000: 409039.578: Application time: 0.0236236 seconds
2019-06-26T01:51:49.756+0000: 409048.768: Application time: 9.1902176 seconds
2019-06-26T01:51:49.757+0000: 409048.769: Application time: 0.0001381 seconds
2019-06-26T01:51:49.757+0000: 409048.769: Application time: 0.0001631 seconds
2019-06-26T01:51:49.757+0000: 409048.770: Application time: 0.0001314 seconds
2019-06-26T01:51:49.758+0000: 409048.770: Application time: 0.0001320 seconds
2019-06-26T01:51:49.761+0000: 409048.773: Application time: 0.0029015 seconds
{Heap before GC invocations=2525 (full 194):
 par new generation   total 9792K, used 9595K [0x00000000e1000000, 0x00000000e1aa0000, 0x00000000eb4a0000)
  eden space 8704K,  99% used [0x00000000e1000000, 0x00000000e187f840, 0x00000000e1880000)
  from space 1088K,  82% used [0x00000000e1990000, 0x00000000e1a6f630, 0x00000000e1aa0000)
  to   space 1088K,   0% used [0x00000000e1880000, 0x00000000e1880000, 0x00000000e1990000)
 concurrent mark-sweep generation total 121500K, used 72039K [0x00000000eb4a0000, 0x00000000f2b47000, 0x0000000100000000)
 Metaspace       used 89163K, capacity 93662K, committed 93824K, reserved 1132544K
  class space    used 10747K, capacity 11555K, committed 11648K, reserved 1048576K
2019-06-26T01:51:49.762+0000: 409048.774: [GC (Allocation Failure) 2019-06-26T01:51:49.762+0000: 409048.774: [ParNew: 9595K->824K(9792K), 0.0035926 secs] 81634K->73425K(131292K), 0.0042875 secs] [Times: user=0.00 sys=0.00, real=0.00 secs] 
Heap after GC invocations=2526 (full 194):
 par new generation   total 9792K, used 824K [0x00000000e1000000, 0x00000000e1aa0000, 0x00000000eb4a0000)
  eden space 8704K,   0% used [0x00000000e1000000, 0x00000000e1000000, 0x00000000e1880000)
  from space 1088K,  75% used [0x00000000e1880000, 0x00000000e194e1b8, 0x00000000e1990000)
  to   space 1088K,   0% used [0x00000000e1990000, 0x00000000e1990000, 0x00000000e1aa0000)
 concurrent mark-sweep generation total 121500K, used 72601K [0x00000000eb4a0000, 0x00000000f2b47000, 0x0000000100000000)
 Metaspace       used 89163K, capacity 93662K, committed 93824K, reserved 1132544K
  class space    used 10747K, capacity 11555K, committed 11648K, reserved 1048576K
}
2019-06-26T01:51:50.314+0000: 409049.327: Application time: 0.5476920 seconds
2019-06-26T01:51:50.315+0000: 409049.327: Application time: 0.0001605 seconds
2019-06-26T01:51:50.315+0000: 409049.327: Application time: 0.0001157 seconds
2019-06-26T01:51:50.315+0000: 409049.328: Application time: 0.0001636 seconds
2019-06-26T01:51:50.316+0000: 409049.329: Application time: 0.0006037 seconds
2019-06-26T01:51:50.316+0000: 409049.329: Application time: 0.0000593 seconds
2019-06-26T01:51:50.317+0000: 409049.329: Application time: 0.0000674 seconds
2019-06-26T01:51:50.317+0000: 409049.329: Application time: 0.0001437 seconds
2019-06-26T01:51:50.317+0000: 409049.329: Application time: 0.0001216 seconds
2019-06-26T01:51:54.759+0000: 409053.771: Application time: 4.4415671 seconds
2019-06-26T01:51:54.789+0000: 409053.801: Application time: 0.0298619 seconds
2019-06-26T01:51:59.821+0000: 409058.833: Application time: 5.0317715 seconds
2019-06-26T01:51:59.821+0000: 409058.833: Application time: 0.0000683 seconds
2019-06-26T01:51:59.823+0000: 409058.835: Application time: 0.0015113 seconds
2019-06-26T01:57:20.498+0000: 409379.510: Application time: 320.6749983 seconds
{Heap before GC invocations=2526 (full 194):
 par new generation   total 9792K, used 9527K [0x00000000e1000000, 0x00000000e1aa0000, 0x00000000eb4a0000)
  eden space 8704K,  99% used [0x00000000e1000000, 0x00000000e187fc50, 0x00000000e1880000)
  from space 1088K,  75% used [0x00000000e1880000, 0x00000000e194e1b8, 0x00000000e1990000)
  to   space 1088K,   0% used [0x00000000e1990000, 0x00000000e1990000, 0x00000000e1aa0000)
 concurrent mark-sweep generation total 121500K, used 72601K [0x00000000eb4a0000, 0x00000000f2b47000, 0x0000000100000000)
 Metaspace       used 89163K, capacity 93662K, committed 93824K, reserved 1132544K
  class space    used 10747K, capacity 11555K, committed 11648K, reserved 1048576K
2019-06-26T01:57:20.499+0000: 409379.511: [GC (Allocation Failure) 2019-06-26T01:57:20.499+0000: 409379.511: [ParNew: 9527K->684K(9792K), 0.0031897 secs] 82128K->73285K(131292K), 0.0040575 secs] [Times: user=0.00 sys=0.01, real=0.00 secs] 
Heap after GC invocations=2527 (full 194):
 par new generation   total 9792K, used 684K [0x00000000e1000000, 0x00000000e1aa0000, 0x00000000eb4a0000)
  eden space 8704K,   0% used [0x00000000e1000000, 0x00000000e1000000, 0x00000000e1880000)
  from space 1088K,  62% used [0x00000000e1990000, 0x00000000e1a3b2b0, 0x00000000e1aa0000)
  to   space 1088K,   0% used [0x00000000e1880000, 0x00000000e1880000, 0x00000000e1990000)
 concurrent mark-sweep generation total 121500K, used 72601K [0x00000000eb4a0000, 0x00000000f2b47000, 0x0000000100000000)
 Metaspace       used 89163K, capacity 93662K, committed 93824K, reserved 1132544K
  class space    used 10747K, capacity 11555K, committed 11648K, reserved 1048576K
}
2019-06-26T02:04:40.739+0000: 409819.751: Application time: 440.2347954 seconds
{Heap before GC invocations=2527 (full 194):
 par new generation   total 9792K, used 9388K [0x00000000e1000000, 0x00000000e1aa0000, 0x00000000eb4a0000)
  eden space 8704K, 100% used [0x00000000e1000000, 0x00000000e1880000, 0x00000000e1880000)
  from space 1088K,  62% used [0x00000000e1990000, 0x00000000e1a3b2b0, 0x00000000e1aa0000)
  to   space 1088K,   0% used [0x00000000e1880000, 0x00000000e1880000, 0x00000000e1990000)
 concurrent mark-sweep generation total 121500K, used 72601K [0x00000000eb4a0000, 0x00000000f2b47000, 0x0000000100000000)
 Metaspace       used 89163K, capacity 93662K, committed 93824K, reserved 1132544K
  class space    used 10747K, capacity 11555K, committed 11648K, reserved 1048576K
2019-06-26T02:04:40.739+0000: 409819.752: [GC (Allocation Failure) 2019-06-26T02:04:40.740+0000: 409819.752: [ParNew: 9388K->491K(9792K), 0.0036566 secs] 81989K->73488K(131292K), 0.0043925 secs] [Times: user=0.01 sys=0.00, real=0.00 secs] 
Heap after GC invocations=2528 (full 194):
 par new generation   total 9792K, used 491K [0x00000000e1000000, 0x00000000e1aa0000, 0x00000000eb4a0000)
  eden space 8704K,   0% used [0x00000000e1000000, 0x00000000e1000000, 0x00000000e1880000)
  from space 1088K,  45% used [0x00000000e1880000, 0x00000000e18fac78, 0x00000000e1990000)
  to   space 1088K,   0% used [0x00000000e1990000, 0x00000000e1990000, 0x00000000e1aa0000)
 concurrent mark-sweep generation total 121500K, used 72997K [0x00000000eb4a0000, 0x00000000f2b47000, 0x0000000100000000)
 Metaspace       used 89163K, capacity 93662K, committed 93824K, reserved 1132544K
  class space    used 10747K, capacity 11555K, committed 11648K, reserved 1048576K
}
2019-06-26T02:04:40.745+0000: 409819.758: Application time: 0.0009676 seconds
2019-06-26T02:04:40.746+0000: 409819.758: [GC (CMS Initial Mark) [1 CMS-initial-mark: 72997K(121500K)] 73552K(131292K), 0.0031476 secs] [Times: user=0.00 sys=0.00, real=0.01 secs] 
2019-06-26T02:04:40.750+0000: 409819.762: [CMS-concurrent-mark-start]
2019-06-26T02:04:40.886+0000: 409819.898: [CMS-concurrent-mark: 0.136/0.136 secs] [Times: user=0.14 sys=0.00, real=0.13 secs] 
2019-06-26T02:04:40.886+0000: 409819.899: [CMS-concurrent-preclean-start]
2019-06-26T02:04:40.888+0000: 409819.901: [CMS-concurrent-preclean: 0.002/0.002 secs] [Times: user=0.00 sys=0.00, real=0.01 secs] 
2019-06-26T02:04:40.889+0000: 409819.901: Application time: 0.1392586 seconds
2019-06-26T02:04:40.889+0000: 409819.901: [GC (CMS Final Remark) [YG occupancy: 614 K (9792 K)]2019-06-26T02:04:40.889+0000: 409819.902: [Rescan (parallel) , 0.0081064 secs]2019-06-26T02:04:40.898+0000: 409819.910: [weak refs processing, 0.0047868 secs]2019-06-26T02:04:40.903+0000: 409819.916: [class unloading, 0.0335640 secs]2019-06-26T02:04:40.937+0000: 409819.950: [scrub symbol table, 0.0222140 secs]2019-06-26T02:04:40.960+0000: 409819.972: [scrub string table, 0.0014400 secs][1 CMS-remark: 72997K(121500K)] 73611K(131292K), 0.0859932 secs] [Times: user=0.10 sys=0.00, real=0.08 secs] 
2019-06-26T02:04:40.976+0000: 409819.988: [CMS-concurrent-sweep-start]
2019-06-26T02:04:40.976+0000: 409819.988: Application time: 0.0003577 seconds
2019-06-26T02:04:40.976+0000: 409819.989: Application time: 0.0001089 seconds
2019-06-26T02:04:41.009+0000: 409820.021: [CMS-concurrent-sweep: 0.033/0.033 secs] [Times: user=0.03 sys=0.00, real=0.04 secs] 
2019-06-26T02:04:41.009+0000: 409820.022: [CMS-concurrent-reset-start]
2019-06-26T02:04:41.010+0000: 409820.022: [CMS-concurrent-reset: 0.000/0.000 secs] [Times: user=0.00 sys=0.00, real=0.00 secs] 
2019-06-26T02:04:41.977+0000: 409820.989: Application time: 1.0002795 seconds
2019-06-26T02:04:50.978+0000: 409829.991: Application time: 9.0013745 seconds
2019-06-26T02:04:55.979+0000: 409834.992: Application time: 5.0008110 seconds
2019-06-26T02:04:58.980+0000: 409837.992: Application time: 3.0005482 seconds
2019-06-26T02:04:59.980+0000: 409838.993: Application time: 1.0001929 seconds
2019-06-26T02:05:00.981+0000: 409839.993: Application time: 1.0002572 seconds
2019-06-26T02:05:02.981+0000: 409841.994: Application time: 2.0003259 seconds
2019-06-26T02:05:40.782+0000: 409879.794: Application time: 37.8004684 seconds
2019-06-26T02:06:02.785+0000: 409901.798: Application time: 22.0030725 seconds
2019-06-26T02:06:51.793+0000: 409950.805: Application time: 49.0075882 seconds
2019-06-26T02:07:00.794+0000: 409959.806: Application time: 9.0010623 seconds
2019-06-26T02:09:28.812+0000: 410107.824: Application time: 148.0175036 seconds
2019-06-26T02:09:30.905+0000: 410109.918: Application time: 2.0932366 seconds
2019-06-26T02:09:30.906+0000: 410109.919: Application time: 0.0008634 seconds
2019-06-26T02:09:30.907+0000: 410109.919: Application time: 0.0000648 seconds
2019-06-26T02:09:30.907+0000: 410109.919: Application time: 0.0000598 seconds
2019-06-26T02:09:30.907+0000: 410109.919: Application time: 0.0000569 seconds
2019-06-26T02:09:30.907+0000: 410109.920: Application time: 0.0001068 seconds
2019-06-26T02:09:30.908+0000: 410109.920: Application time: 0.0001388 seconds
2019-06-26T02:09:30.908+0000: 410109.920: Application time: 0.0001072 seconds
2019-06-26T02:09:33.376+0000: 410112.388: Application time: 2.4675750 seconds
2019-06-26T02:09:33.438+0000: 410112.450: Application time: 0.0621746 seconds
2019-06-26T02:09:35.112+0000: 410114.125: Application time: 1.6744237 seconds
2019-06-26T02:09:35.113+0000: 410114.125: Application time: 0.0000669 seconds
2019-06-26T02:09:35.113+0000: 410114.125: Application time: 0.0000619 seconds
2019-06-26T02:09:35.114+0000: 410114.127: Application time: 0.0012993 seconds
2019-06-26T02:09:50.922+0000: 410129.934: Application time: 15.8076554 seconds
{Heap before GC invocations=2528 (full 195):
 par new generation   total 9792K, used 9195K [0x00000000e1000000, 0x00000000e1aa0000, 0x00000000eb4a0000)
  eden space 8704K, 100% used [0x00000000e1000000, 0x00000000e1880000, 0x00000000e1880000)
  from space 1088K,  45% used [0x00000000e1880000, 0x00000000e18fac78, 0x00000000e1990000)
  to   space 1088K,   0% used [0x00000000e1990000, 0x00000000e1990000, 0x00000000e1aa0000)
 concurrent mark-sweep generation total 121500K, used 69844K [0x00000000eb4a0000, 0x00000000f2b47000, 0x0000000100000000)
 Metaspace       used 89103K, capacity 93554K, committed 93824K, reserved 1132544K
  class space    used 10738K, capacity 11537K, committed 11648K, reserved 1048576K
2019-06-26T02:09:50.922+0000: 410129.935: [GC (Allocation Failure) 2019-06-26T02:09:50.923+0000: 410129.935: [ParNew: 9195K->764K(9792K), 0.0036044 secs] 79039K->70609K(131292K), 0.0044560 secs] [Times: user=0.00 sys=0.01, real=0.00 secs] 
Heap after GC invocations=2529 (full 195):
 par new generation   total 9792K, used 764K [0x00000000e1000000, 0x00000000e1aa0000, 0x00000000eb4a0000)
  eden space 8704K,   0% used [0x00000000e1000000, 0x00000000e1000000, 0x00000000e1880000)
  from space 1088K,  70% used [0x00000000e1990000, 0x00000000e1a4f308, 0x00000000e1aa0000)
  to   space 1088K,   0% used [0x00000000e1880000, 0x00000000e1880000, 0x00000000e1990000)
 concurrent mark-sweep generation total 121500K, used 69844K [0x00000000eb4a0000, 0x00000000f2b47000, 0x0000000100000000)
 Metaspace       used 89103K, capacity 93554K, committed 93824K, reserved 1132544K
  class space    used 10738K, capacity 11537K, committed 11648K, reserved 1048576K
}
2019-06-26T02:13:20.957+0000: 410339.969: Application time: 210.0287262 seconds
2019-06-26T02:13:21.042+0000: 410340.054: Application time: 0.0851083 seconds
2019-06-26T02:13:21.042+0000: 410340.054: Application time: 0.0000712 seconds
2019-06-26T02:13:21.042+0000: 410340.055: Application time: 0.0000610 seconds
2019-06-26T02:13:21.043+0000: 410340.055: Application time: 0.0000659 seconds
2019-06-26T02:13:21.043+0000: 410340.056: Application time: 0.0000631 seconds
2019-06-26T02:13:21.043+0000: 410340.056: Application time: 0.0001581 seconds
2019-06-26T02:13:21.044+0000: 410340.056: Application time: 0.0001159 seconds
2019-06-26T02:13:25.359+0000: 410344.371: Application time: 4.3147496 seconds
2019-06-26T02:13:25.398+0000: 410344.411: Application time: 0.0395726 seconds
2019-06-26T02:13:31.049+0000: 410350.062: Application time: 5.6507253 seconds
2019-06-26T02:13:31.050+0000: 410350.062: Application time: 0.0000753 seconds
2019-06-26T02:13:31.050+0000: 410350.062: Application time: 0.0000726 seconds
2019-06-26T02:13:31.052+0000: 410350.064: Application time: 0.0016256 seconds
2019-06-26T02:14:01.056+0000: 410380.069: Application time: 30.0043872 seconds
2019-06-26T02:14:30.217+0000: 410409.230: Application time: 29.1607117 seconds
2019-06-26T02:14:59.026+0000: 410438.038: Application time: 28.8084298 seconds
2019-06-26T02:14:59.029+0000: 410438.042: Application time: 0.0008417 seconds
2019-06-26T02:14:59.030+0000: 410438.042: Application time: 0.0000337 seconds
2019-06-26T02:14:59.030+0000: 410438.042: Application time: 0.0000354 seconds
2019-06-26T02:14:59.034+0000: 410438.046: Application time: 0.0034513 seconds
{Heap before GC invocations=2529 (full 195):
 par new generation   total 9792K, used 9468K [0x00000000e1000000, 0x00000000e1aa0000, 0x00000000eb4a0000)
  eden space 8704K, 100% used [0x00000000e1000000, 0x00000000e1880000, 0x00000000e1880000)
  from space 1088K,  70% used [0x00000000e1990000, 0x00000000e1a4f308, 0x00000000e1aa0000)
  to   space 1088K,   0% used [0x00000000e1880000, 0x00000000e1880000, 0x00000000e1990000)
 concurrent mark-sweep generation total 121500K, used 69844K [0x00000000eb4a0000, 0x00000000f2b47000, 0x0000000100000000)
 Metaspace       used 89107K, capacity 93560K, committed 93824K, reserved 1132544K
  class space    used 10738K, capacity 11538K, committed 11648K, reserved 1048576K
2019-06-26T02:14:59.034+0000: 410438.047: [GC (Allocation Failure) 2019-06-26T02:14:59.035+0000: 410438.047: [ParNew: 9468K->814K(9792K), 0.0035066 secs] 79313K->70732K(131292K), 0.0048123 secs] [Times: user=0.01 sys=0.00, real=0.01 secs] 
Heap after GC invocations=2530 (full 195):
 par new generation   total 9792K, used 814K [0x00000000e1000000, 0x00000000e1aa0000, 0x00000000eb4a0000)
  eden space 8704K,   0% used [0x00000000e1000000, 0x00000000e1000000, 0x00000000e1880000)
  from space 1088K,  74% used [0x00000000e1880000, 0x00000000e194b9e8, 0x00000000e1990000)
  to   space 1088K,   0% used [0x00000000e1990000, 0x00000000e1990000, 0x00000000e1aa0000)
 concurrent mark-sweep generation total 121500K, used 69917K [0x00000000eb4a0000, 0x00000000f2b47000, 0x0000000100000000)
 Metaspace       used 89107K, capacity 93560K, committed 93824K, reserved 1132544K
  class space    used 10738K, capacity 11538K, committed 11648K, reserved 1048576K
}
2019-06-26T02:15:04.031+0000: 410443.043: Application time: 4.9912174 seconds
2019-06-26T02:15:04.062+0000: 410443.075: Application time: 0.0315359 seconds
2019-06-26T02:15:19.471+0000: 410458.483: Application time: 15.4085665 seconds
2019-06-26T02:15:19.509+0000: 410458.522: Application time: 0.0379411 seconds
2019-06-26T02:15:21.113+0000: 410460.125: Application time: 1.6027363 seconds
2019-06-26T02:15:21.113+0000: 410460.125: Application time: 0.0000728 seconds
2019-06-26T02:15:21.113+0000: 410460.126: Application time: 0.0000633 seconds
2019-06-26T02:15:21.113+0000: 410460.126: Application time: 0.0000589 seconds
2019-06-26T02:15:21.114+0000: 410460.126: Application time: 0.0000647 seconds
2019-06-26T02:15:21.114+0000: 410460.126: Application time: 0.0001506 seconds
2019-06-26T02:15:21.114+0000: 410460.126: Application time: 0.0001034 seconds
2019-06-26T02:15:31.119+0000: 410470.132: Application time: 10.0051703 seconds
2019-06-26T02:15:31.120+0000: 410470.132: Application time: 0.0000675 seconds
2019-06-26T02:15:31.120+0000: 410470.132: Application time: 0.0000653 seconds
2019-06-26T02:15:31.122+0000: 410470.134: Application time: 0.0014581 seconds
2019-06-26T02:15:51.132+0000: 410490.144: Application time: 20.0098505 seconds
2019-06-26T02:15:51.132+0000: 410490.144: Application time: 0.0000706 seconds
2019-06-26T02:15:51.132+0000: 410490.145: Application time: 0.0005625 seconds
2019-06-26T02:15:51.133+0000: 410490.145: Application time: 0.0000738 seconds
2019-06-26T02:15:51.133+0000: 410490.145: Application time: 0.0000609 seconds
2019-06-26T02:15:51.133+0000: 410490.146: Application time: 0.0000639 seconds
2019-06-26T02:15:51.133+0000: 410490.146: Application time: 0.0001424 seconds
2019-06-26T02:15:51.134+0000: 410490.146: Application time: 0.0001082 seconds
2019-06-26T02:15:54.451+0000: 410493.464: Application time: 3.3173837 seconds
2019-06-26T02:15:54.482+0000: 410493.495: Application time: 0.0309759 seconds
2019-06-26T02:15:59.883+0000: 410498.895: Application time: 5.3999989 seconds
2019-06-26T02:15:59.883+0000: 410498.895: Application time: 0.0000754 seconds
2019-06-26T02:15:59.885+0000: 410498.897: Application time: 0.0016060 seconds
2019-06-26T02:17:21.182+0000: 410580.194: Application time: 81.2973381 seconds
{Heap before GC invocations=2530 (full 195):
 par new generation   total 9792K, used 9518K [0x00000000e1000000, 0x00000000e1aa0000, 0x00000000eb4a0000)
  eden space 8704K, 100% used [0x00000000e1000000, 0x00000000e1880000, 0x00000000e1880000)
  from space 1088K,  74% used [0x00000000e1880000, 0x00000000e194b9e8, 0x00000000e1990000)
  to   space 1088K,   0% used [0x00000000e1990000, 0x00000000e1990000, 0x00000000e1aa0000)
 concurrent mark-sweep generation total 121500K, used 69917K [0x00000000eb4a0000, 0x00000000f2b47000, 0x0000000100000000)
 Metaspace       used 89110K, capacity 93566K, committed 93824K, reserved 1132544K
  class space    used 10739K, capacity 11539K, committed 11648K, reserved 1048576K
2019-06-26T02:17:21.183+0000: 410580.195: [GC (Allocation Failure) 2019-06-26T02:17:21.183+0000: 410580.195: [ParNew: 9518K->874K(9792K), 0.0037600 secs] 79436K->71145K(131292K), 0.0045754 secs] [Times: user=0.01 sys=0.00, real=0.00 secs] 
Heap after GC invocations=2531 (full 195):
 par new generation   total 9792K, used 874K [0x00000000e1000000, 0x00000000e1aa0000, 0x00000000eb4a0000)
  eden space 8704K,   0% used [0x00000000e1000000, 0x00000000e1000000, 0x00000000e1880000)
  from space 1088K,  80% used [0x00000000e1990000, 0x00000000e1a6abe0, 0x00000000e1aa0000)
  to   space 1088K,   0% used [0x00000000e1880000, 0x00000000e1880000, 0x00000000e1990000)
 concurrent mark-sweep generation total 121500K, used 70270K [0x00000000eb4a0000, 0x00000000f2b47000, 0x0000000100000000)
 Metaspace       used 89110K, capacity 93566K, committed 93824K, reserved 1132544K
  class space    used 10739K, capacity 11539K, committed 11648K, reserved 1048576K
}
2019-06-26T02:17:35.164+0000: 410594.177: Application time: 13.9761471 seconds
2019-06-26T02:17:35.165+0000: 410594.177: Application time: 0.0000680 seconds
2019-06-26T02:17:35.165+0000: 410594.177: Application time: 0.0000691 seconds
2019-06-26T02:17:35.165+0000: 410594.177: Application time: 0.0000583 seconds
2019-06-26T02:17:35.166+0000: 410594.178: Application time: 0.0000646 seconds
2019-06-26T02:17:35.166+0000: 410594.178: Application time: 0.0000604 seconds
2019-06-26T02:17:35.166+0000: 410594.178: Application time: 0.0001342 seconds
2019-06-26T02:17:35.166+0000: 410594.178: Application time: 0.0000508 seconds
2019-06-26T02:17:37.184+0000: 410596.196: Application time: 2.0175545 seconds
2019-06-26T02:17:37.209+0000: 410596.222: Application time: 0.0253524 seconds
2019-06-26T02:17:41.200+0000: 410600.212: Application time: 3.9903142 seconds
2019-06-26T02:17:41.200+0000: 410600.213: Application time: 0.0000701 seconds
2019-06-26T02:17:41.202+0000: 410600.214: Application time: 0.0012267 seconds
2019-06-26T02:18:31.227+0000: 410650.239: Application time: 50.0252504 seconds
2019-06-26T02:18:31.227+0000: 410650.240: Application time: 0.0000616 seconds
2019-06-26T02:18:31.228+0000: 410650.240: Application time: 0.0001074 seconds
2019-06-26T02:18:31.228+0000: 410650.240: Application time: 0.0000551 seconds
2019-06-26T02:18:31.228+0000: 410650.241: Application time: 0.0005895 seconds
2019-06-26T02:18:31.229+0000: 410650.241: Application time: 0.0000739 seconds
2019-06-26T02:18:31.229+0000: 410650.241: Application time: 0.0000912 seconds
2019-06-26T02:18:31.229+0000: 410650.241: Application time: 0.0001131 seconds
2019-06-26T02:18:34.160+0000: 410653.173: Application time: 2.9310477 seconds
2019-06-26T02:18:34.186+0000: 410653.198: Application time: 0.0257377 seconds
2019-06-26T02:18:35.173+0000: 410654.186: Application time: 0.9868748 seconds
2019-06-26T02:18:35.174+0000: 410654.186: Application time: 0.0001487 seconds
2019-06-26T02:18:35.175+0000: 410654.187: Application time: 0.0013324 seconds
2019-06-26T02:20:30.249+0000: 410769.261: Application time: 115.0737092 seconds
2019-06-26T02:20:30.249+0000: 410769.262: Application time: 0.0001250 seconds
2019-06-26T02:20:30.250+0000: 410769.262: Application time: 0.0001270 seconds
2019-06-26T02:20:30.250+0000: 410769.262: Application time: 0.0001150 seconds
2019-06-26T02:20:30.250+0000: 410769.262: Application time: 0.0005260 seconds
2019-06-26T02:20:30.251+0000: 410769.263: Application time: 0.0000601 seconds
2019-06-26T02:20:30.251+0000: 410769.263: Application time: 0.0001342 seconds
2019-06-26T02:20:30.251+0000: 410769.263: Application time: 0.0001200 seconds
2019-06-26T02:20:30.251+0000: 410769.264: Application time: 0.0001112 seconds
2019-06-26T02:20:30.252+0000: 410769.264: Application time: 0.0001246 seconds
2019-06-26T02:20:58.293+0000: 410797.305: Application time: 28.0409865 seconds
{Heap before GC invocations=2531 (full 195):
 par new generation   total 9792K, used 9578K [0x00000000e1000000, 0x00000000e1aa0000, 0x00000000eb4a0000)
  eden space 8704K, 100% used [0x00000000e1000000, 0x00000000e1880000, 0x00000000e1880000)
  from space 1088K,  80% used [0x00000000e1990000, 0x00000000e1a6abe0, 0x00000000e1aa0000)
  to   space 1088K,   0% used [0x00000000e1880000, 0x00000000e1880000, 0x00000000e1990000)
 concurrent mark-sweep generation total 121500K, used 70270K [0x00000000eb4a0000, 0x00000000f2b47000, 0x0000000100000000)
 Metaspace       used 89112K, capacity 93572K, committed 93824K, reserved 1132544K
  class space    used 10739K, capacity 11540K, committed 11648K, reserved 1048576K
2019-06-26T02:20:58.294+0000: 410797.306: [GC (Allocation Failure) 2019-06-26T02:20:58.295+0000: 410797.307: [ParNew: 9578K->746K(9792K), 0.0036106 secs] 79849K->71269K(131292K), 0.0050846 secs] [Times: user=0.01 sys=0.00, real=0.01 secs] 
Heap after GC invocations=2532 (full 195):
 par new generation   total 9792K, used 746K [0x00000000e1000000, 0x00000000e1aa0000, 0x00000000eb4a0000)
  eden space 8704K,   0% used [0x00000000e1000000, 0x00000000e1000000, 0x00000000e1880000)
  from space 1088K,  68% used [0x00000000e1880000, 0x00000000e193aa78, 0x00000000e1990000)
  to   space 1088K,   0% used [0x00000000e1990000, 0x00000000e1990000, 0x00000000e1aa0000)
 concurrent mark-sweep generation total 121500K, used 70523K [0x00000000eb4a0000, 0x00000000f2b47000, 0x0000000100000000)
 Metaspace       used 89112K, capacity 93572K, committed 93824K, reserved 1132544K
  class space    used 10739K, capacity 11540K, committed 11648K, reserved 1048576K
}
2019-06-26T02:21:09.843+0000: 410808.855: Application time: 11.5429520 seconds
2019-06-26T02:21:09.847+0000: 410808.860: Application time: 0.0002556 seconds
2019-06-26T02:21:09.848+0000: 410808.860: Application time: 0.0002018 seconds
2019-06-26T02:21:09.848+0000: 410808.861: Application time: 0.0002039 seconds
2019-06-26T02:21:09.849+0000: 410808.862: Application time: 0.0001736 seconds
2019-06-26T02:21:11.317+0000: 410810.330: Application time: 1.4680934 seconds
2019-06-26T02:21:11.318+0000: 410810.330: Application time: 0.0000807 seconds
2019-06-26T02:21:11.318+0000: 410810.330: Application time: 0.0000624 seconds
2019-06-26T02:21:11.318+0000: 410810.330: Application time: 0.0000816 seconds
2019-06-26T02:21:11.318+0000: 410810.331: Application time: 0.0000595 seconds
2019-06-26T02:21:11.319+0000: 410810.331: Application time: 0.0000631 seconds
2019-06-26T02:21:11.319+0000: 410810.331: Application time: 0.0001625 seconds
2019-06-26T02:21:11.319+0000: 410810.331: Application time: 0.0001076 seconds
2019-06-26T02:21:12.667+0000: 410811.679: Application time: 1.3476446 seconds
2019-06-26T02:21:12.677+0000: 410811.689: Application time: 0.0002013 seconds
2019-06-26T02:21:17.678+0000: 410816.690: Application time: 5.0005288 seconds
2019-06-26T02:21:17.721+0000: 410816.733: Application time: 0.0432149 seconds
2019-06-26T02:21:21.325+0000: 410820.338: Application time: 3.6042514 seconds
2019-06-26T02:21:21.326+0000: 410820.338: Application time: 0.0000719 seconds
2019-06-26T02:21:21.326+0000: 410820.338: Application time: 0.0000601 seconds
2019-06-26T02:21:21.326+0000: 410820.338: Application time: 0.0000623 seconds
2019-06-26T02:21:21.326+0000: 410820.339: Application time: 0.0000649 seconds
2019-06-26T02:21:21.326+0000: 410820.339: Application time: 0.0000597 seconds
2019-06-26T02:21:21.327+0000: 410820.339: Application time: 0.0000964 seconds
2019-06-26T02:21:21.327+0000: 410820.339: Application time: 0.0001554 seconds
2019-06-26T02:21:21.327+0000: 410820.340: Application time: 0.0001395 seconds
2019-06-26T02:21:31.333+0000: 410830.345: Application time: 10.0056930 seconds
2019-06-26T02:21:31.335+0000: 410830.347: Application time: 0.0013896 seconds
2019-06-26T02:22:21.360+0000: 410880.372: Application time: 50.0250170 seconds
2019-06-26T02:22:51.380+0000: 410910.393: Application time: 30.0201520 seconds
{Heap before GC invocations=2532 (full 195):
 par new generation   total 9792K, used 9450K [0x00000000e1000000, 0x00000000e1aa0000, 0x00000000eb4a0000)
  eden space 8704K, 100% used [0x00000000e1000000, 0x00000000e1880000, 0x00000000e1880000)
  from space 1088K,  68% used [0x00000000e1880000, 0x00000000e193aa78, 0x00000000e1990000)
  to   space 1088K,   0% used [0x00000000e1990000, 0x00000000e1990000, 0x00000000e1aa0000)
 concurrent mark-sweep generation total 121500K, used 70523K [0x00000000eb4a0000, 0x00000000f2b47000, 0x0000000100000000)
 Metaspace       used 89134K, capacity 93608K, committed 93824K, reserved 1132544K
  class space    used 10743K, capacity 11546K, committed 11648K, reserved 1048576K
2019-06-26T02:22:51.381+0000: 410910.393: [GC (Allocation Failure) 2019-06-26T02:22:51.382+0000: 410910.394: [ParNew: 9450K->733K(9792K), 0.0038095 secs] 79973K->71569K(131292K), 0.0052405 secs] [Times: user=0.00 sys=0.00, real=0.00 secs] 
Heap after GC invocations=2533 (full 195):
 par new generation   total 9792K, used 733K [0x00000000e1000000, 0x00000000e1aa0000, 0x00000000eb4a0000)
  eden space 8704K,   0% used [0x00000000e1000000, 0x00000000e1000000, 0x00000000e1880000)
  from space 1088K,  67% used [0x00000000e1990000, 0x00000000e1a476d0, 0x00000000e1aa0000)
  to   space 1088K,   0% used [0x00000000e1880000, 0x00000000e1880000, 0x00000000e1990000)
 concurrent mark-sweep generation total 121500K, used 70836K [0x00000000eb4a0000, 0x00000000f2b47000, 0x0000000100000000)
 Metaspace       used 89134K, capacity 93608K, committed 93824K, reserved 1132544K
  class space    used 10743K, capacity 11546K, committed 11648K, reserved 1048576K
}
2019-06-26T02:30:05.250+0000: 411344.262: Application time: 433.8628559 seconds
{Heap before GC invocations=2533 (full 195):
 par new generation   total 9792K, used 9437K [0x00000000e1000000, 0x00000000e1aa0000, 0x00000000eb4a0000)
  eden space 8704K, 100% used [0x00000000e1000000, 0x00000000e1880000, 0x00000000e1880000)
  from space 1088K,  67% used [0x00000000e1990000, 0x00000000e1a476d0, 0x00000000e1aa0000)
  to   space 1088K,   0% used [0x00000000e1880000, 0x00000000e1880000, 0x00000000e1990000)
 concurrent mark-sweep generation total 121500K, used 70836K [0x00000000eb4a0000, 0x00000000f2b47000, 0x0000000100000000)
 Metaspace       used 89134K, capacity 93608K, committed 93824K, reserved 1132544K
  class space    used 10743K, capacity 11546K, committed 11648K, reserved 1048576K
2019-06-26T02:30:05.251+0000: 411344.263: [GC (Allocation Failure) 2019-06-26T02:30:05.251+0000: 411344.264: [ParNew: 9437K->637K(9792K), 0.0035682 secs] 80273K->71748K(131292K), 0.0045022 secs] [Times: user=0.00 sys=0.00, real=0.00 secs] 
Heap after GC invocations=2534 (full 195):
 par new generation   total 9792K, used 637K [0x00000000e1000000, 0x00000000e1aa0000, 0x00000000eb4a0000)
  eden space 8704K,   0% used [0x00000000e1000000, 0x00000000e1000000, 0x00000000e1880000)
  from space 1088K,  58% used [0x00000000e1880000, 0x00000000e191f7a8, 0x00000000e1990000)
  to   space 1088K,   0% used [0x00000000e1990000, 0x00000000e1990000, 0x00000000e1aa0000)
 concurrent mark-sweep generation total 121500K, used 71110K [0x00000000eb4a0000, 0x00000000f2b47000, 0x0000000100000000)
 Metaspace       used 89134K, capacity 93608K, committed 93824K, reserved 1132544K
  class space    used 10743K, capacity 11546K, committed 11648K, reserved 1048576K
}
2019-06-26T02:37:30.341+0000: 411789.354: Application time: 445.0851953 seconds
{Heap before GC invocations=2534 (full 195):
 par new generation   total 9792K, used 9341K [0x00000000e1000000, 0x00000000e1aa0000, 0x00000000eb4a0000)
  eden space 8704K,  99% used [0x00000000e1000000, 0x00000000e187fff0, 0x00000000e1880000)
  from space 1088K,  58% used [0x00000000e1880000, 0x00000000e191f7a8, 0x00000000e1990000)
  to   space 1088K,   0% used [0x00000000e1990000, 0x00000000e1990000, 0x00000000e1aa0000)
 concurrent mark-sweep generation total 121500K, used 71110K [0x00000000eb4a0000, 0x00000000f2b47000, 0x0000000100000000)
 Metaspace       used 89134K, capacity 93608K, committed 93824K, reserved 1132544K
  class space    used 10743K, capacity 11546K, committed 11648K, reserved 1048576K
2019-06-26T02:37:30.342+0000: 411789.354: [GC (Allocation Failure) 2019-06-26T02:37:30.342+0000: 411789.355: [ParNew: 9341K->760K(9792K), 0.0031555 secs] 80452K->71871K(131292K), 0.0038879 secs] [Times: user=0.00 sys=0.00, real=0.00 secs] 
Heap after GC invocations=2535 (full 195):
 par new generation   total 9792K, used 760K [0x00000000e1000000, 0x00000000e1aa0000, 0x00000000eb4a0000)
  eden space 8704K,   0% used [0x00000000e1000000, 0x00000000e1000000, 0x00000000e1880000)
  from space 1088K,  69% used [0x00000000e1990000, 0x00000000e1a4e200, 0x00000000e1aa0000)
  to   space 1088K,   0% used [0x00000000e1880000, 0x00000000e1880000, 0x00000000e1990000)
 concurrent mark-sweep generation total 121500K, used 71110K [0x00000000eb4a0000, 0x00000000f2b47000, 0x0000000100000000)
 Metaspace       used 89134K, capacity 93608K, committed 93824K, reserved 1132544K
  class space    used 10743K, capacity 11546K, committed 11648K, reserved 1048576K
}
2019-06-26T02:38:57.795+0000: 411876.807: Application time: 87.4480156 seconds
2019-06-26T02:38:57.819+0000: 411876.831: Application time: 0.0242578 seconds
2019-06-26T02:38:59.945+0000: 411878.957: Application time: 2.1258215 seconds
2019-06-26T02:38:59.945+0000: 411878.958: Application time: 0.0000702 seconds
2019-06-26T02:38:59.946+0000: 411878.958: Application time: 0.0000667 seconds
2019-06-26T02:38:59.946+0000: 411878.958: Application time: 0.0000641 seconds
2019-06-26T02:38:59.946+0000: 411878.959: Application time: 0.0000581 seconds
2019-06-26T02:38:59.946+0000: 411878.959: Application time: 0.0000564 seconds
2019-06-26T02:38:59.947+0000: 411878.959: Application time: 0.0000503 seconds
2019-06-26T02:38:59.947+0000: 411878.959: Application time: 0.0000548 seconds
2019-06-26T02:38:59.947+0000: 411878.959: Application time: 0.0001388 seconds
2019-06-26T02:38:59.947+0000: 411878.960: Application time: 0.0001125 seconds
2019-06-26T02:39:01.922+0000: 411880.935: Application time: 1.9748216 seconds
2019-06-26T02:39:01.925+0000: 411880.937: Application time: 0.0022847 seconds
2019-06-26T02:39:30.356+0000: 411909.369: Application time: 28.4311720 seconds
2019-06-26T02:42:52.054+0000: 412111.067: Application time: 201.6979250 seconds
{Heap before GC invocations=2535 (full 195):
 par new generation   total 9792K, used 9464K [0x00000000e1000000, 0x00000000e1aa0000, 0x00000000eb4a0000)
  eden space 8704K, 100% used [0x00000000e1000000, 0x00000000e1880000, 0x00000000e1880000)
  from space 1088K,  69% used [0x00000000e1990000, 0x00000000e1a4e200, 0x00000000e1aa0000)
  to   space 1088K,   0% used [0x00000000e1880000, 0x00000000e1880000, 0x00000000e1990000)
 concurrent mark-sweep generation total 121500K, used 71110K [0x00000000eb4a0000, 0x00000000f2b47000, 0x0000000100000000)
 Metaspace       used 89135K, capacity 93608K, committed 93824K, reserved 1132544K
  class space    used 10743K, capacity 11546K, committed 11648K, reserved 1048576K
2019-06-26T02:42:52.055+0000: 412111.067: [GC (Allocation Failure) 2019-06-26T02:42:52.055+0000: 412111.068: [ParNew: 9464K->709K(9792K), 0.0072718 secs] 80575K->72123K(131292K), 0.0082200 secs] [Times: user=0.01 sys=0.00, real=0.01 secs] 
Heap after GC invocations=2536 (full 195):
 par new generation   total 9792K, used 709K [0x00000000e1000000, 0x00000000e1aa0000, 0x00000000eb4a0000)
  eden space 8704K,   0% used [0x00000000e1000000, 0x00000000e1000000, 0x00000000e1880000)
  from space 1088K,  65% used [0x00000000e1880000, 0x00000000e1931408, 0x00000000e1990000)
  to   space 1088K,   0% used [0x00000000e1990000, 0x00000000e1990000, 0x00000000e1aa0000)
 concurrent mark-sweep generation total 121500K, used 71414K [0x00000000eb4a0000, 0x00000000f2b47000, 0x0000000100000000)
 Metaspace       used 89135K, capacity 93608K, committed 93824K, reserved 1132544K
  class space    used 10743K, capacity 11546K, committed 11648K, reserved 1048576K
}
2019-06-26T02:43:05.340+0000: 412124.352: Application time: 13.2752992 seconds
2019-06-26T02:43:05.340+0000: 412124.352: Application time: 0.0000896 seconds
2019-06-26T02:43:05.340+0000: 412124.353: Application time: 0.0000756 seconds
2019-06-26T02:43:05.341+0000: 412124.353: Application time: 0.0000691 seconds
2019-06-26T02:43:05.341+0000: 412124.354: Application time: 0.0000613 seconds
2019-06-26T02:43:05.341+0000: 412124.354: Application time: 0.0000548 seconds
2019-06-26T02:43:05.342+0000: 412124.354: Application time: 0.0000545 seconds
2019-06-26T02:43:05.342+0000: 412124.354: Application time: 0.0000583 seconds
2019-06-26T02:43:05.342+0000: 412124.355: Application time: 0.0001701 seconds
2019-06-26T02:43:05.343+0000: 412124.355: Application time: 0.0000684 seconds
2019-06-26T02:43:08.092+0000: 412127.104: Application time: 2.7493407 seconds
2019-06-26T02:43:08.141+0000: 412127.153: Application time: 0.0484915 seconds
2019-06-26T02:43:12.073+0000: 412131.085: Application time: 3.9320090 seconds
2019-06-26T02:43:12.073+0000: 412131.086: Application time: 0.0001222 seconds
2019-06-26T02:43:12.074+0000: 412131.086: Application time: 0.0000665 seconds
2019-06-26T02:43:12.074+0000: 412131.086: Application time: 0.0000794 seconds
2019-06-26T02:43:12.075+0000: 412131.088: Application time: 0.0014132 seconds
2019-06-26T02:43:28.414+0000: 412147.427: Application time: 16.3392824 seconds
2019-06-26T02:43:28.415+0000: 412147.427: Application time: 0.0001077 seconds
2019-06-26T02:43:28.415+0000: 412147.428: Application time: 0.0000654 seconds
2019-06-26T02:43:28.415+0000: 412147.428: Application time: 0.0000545 seconds
2019-06-26T02:43:28.416+0000: 412147.428: Application time: 0.0000535 seconds
2019-06-26T02:43:28.416+0000: 412147.428: Application time: 0.0000546 seconds
2019-06-26T02:43:28.416+0000: 412147.428: Application time: 0.0000638 seconds
2019-06-26T02:43:28.416+0000: 412147.428: Application time: 0.0000539 seconds
2019-06-26T02:43:28.416+0000: 412147.429: Application time: 0.0000547 seconds
2019-06-26T02:43:28.416+0000: 412147.429: Application time: 0.0000543 seconds
2019-06-26T02:44:32.116+0000: 412211.129: Application time: 63.6997695 seconds
2019-06-26T02:44:32.117+0000: 412211.129: Application time: 0.0001621 seconds
2019-06-26T02:44:32.117+0000: 412211.130: Application time: 0.0001478 seconds
2019-06-26T02:44:32.118+0000: 412211.130: Application time: 0.0005694 seconds
2019-06-26T02:44:32.119+0000: 412211.131: Application time: 0.0002763 seconds
2019-06-26T02:44:32.119+0000: 412211.132: Application time: 0.0002240 seconds
2019-06-26T02:44:35.352+0000: 412214.364: Application time: 3.2325730 seconds
2019-06-26T02:44:35.352+0000: 412214.365: Application time: 0.0000713 seconds
2019-06-26T02:44:35.353+0000: 412214.365: Application time: 0.0000633 seconds
2019-06-26T02:44:35.353+0000: 412214.365: Application time: 0.0000588 seconds
2019-06-26T02:44:35.353+0000: 412214.365: Application time: 0.0000575 seconds
2019-06-26T02:44:35.353+0000: 412214.365: Application time: 0.0000626 seconds
2019-06-26T02:44:35.353+0000: 412214.366: Application time: 0.0001598 seconds
2019-06-26T02:44:35.353+0000: 412214.366: Application time: 0.0001239 seconds
2019-06-26T02:44:35.355+0000: 412214.367: Application time: 0.0011860 seconds
2019-06-26T02:44:36.050+0000: 412215.063: Application time: 0.6953111 seconds
2019-06-26T02:44:36.076+0000: 412215.088: Application time: 0.0250786 seconds
2019-06-26T02:45:10.541+0000: 412249.554: Application time: 34.4652455 seconds
{Heap before GC invocations=2536 (full 195):
 par new generation   total 9792K, used 9413K [0x00000000e1000000, 0x00000000e1aa0000, 0x00000000eb4a0000)
  eden space 8704K, 100% used [0x00000000e1000000, 0x00000000e1880000, 0x00000000e1880000)
  from space 1088K,  65% used [0x00000000e1880000, 0x00000000e1931408, 0x00000000e1990000)
  to   space 1088K,   0% used [0x00000000e1990000, 0x00000000e1990000, 0x00000000e1aa0000)
 concurrent mark-sweep generation total 121500K, used 71414K [0x00000000eb4a0000, 0x00000000f2b47000, 0x0000000100000000)
 Metaspace       used 89135K, capacity 93608K, committed 93824K, reserved 1132544K
  class space    used 10743K, capacity 11546K, committed 11648K, reserved 1048576K
2019-06-26T02:45:10.542+0000: 412249.554: [GC (Allocation Failure) 2019-06-26T02:45:10.542+0000: 412249.555: [ParNew: 9413K->1088K(9792K), 0.0089769 secs] 80827K->72503K(131292K), 0.0099521 secs] [Times: user=0.02 sys=0.00, real=0.01 secs] 
Heap after GC invocations=2537 (full 195):
 par new generation   total 9792K, used 1088K [0x00000000e1000000, 0x00000000e1aa0000, 0x00000000eb4a0000)
  eden space 8704K,   0% used [0x00000000e1000000, 0x00000000e1000000, 0x00000000e1880000)
  from space 1088K, 100% used [0x00000000e1990000, 0x00000000e1aa0000, 0x00000000e1aa0000)
  to   space 1088K,   0% used [0x00000000e1880000, 0x00000000e1880000, 0x00000000e1990000)
 concurrent mark-sweep generation total 121500K, used 71415K [0x00000000eb4a0000, 0x00000000f2b47000, 0x0000000100000000)
 Metaspace       used 89135K, capacity 93608K, committed 93824K, reserved 1132544K
  class space    used 10743K, capacity 11546K, committed 11648K, reserved 1048576K
}
2019-06-26T02:45:10.627+0000: 412249.640: Application time: 0.0749248 seconds
2019-06-26T02:45:10.628+0000: 412249.640: Application time: 0.0001126 seconds
2019-06-26T02:45:12.141+0000: 412251.154: Application time: 1.5130120 seconds
2019-06-26T02:45:12.142+0000: 412251.154: Application time: 0.0000741 seconds
2019-06-26T02:45:15.629+0000: 412254.641: Application time: 3.4866049 seconds
2019-06-26T02:45:15.651+0000: 412254.663: Application time: 0.0218832 seconds
2019-06-26T02:45:22.148+0000: 412261.160: Application time: 6.4966043 seconds
2019-06-26T02:45:22.148+0000: 412261.161: Application time: 0.0001581 seconds
2019-06-26T02:45:22.148+0000: 412261.161: Application time: 0.0000876 seconds
2019-06-26T02:45:22.149+0000: 412261.161: Application time: 0.0000565 seconds
2019-06-26T02:45:22.149+0000: 412261.161: Application time: 0.0000574 seconds
2019-06-26T02:45:22.149+0000: 412261.161: Application time: 0.0001604 seconds
2019-06-26T02:45:22.150+0000: 412261.162: Application time: 0.0004717 seconds
2019-06-26T02:45:22.150+0000: 412261.163: Application time: 0.0003462 seconds
2019-06-26T02:45:22.152+0000: 412261.164: Application time: 0.0014467 seconds
2019-06-26T02:47:22.221+0000: 412381.233: Application time: 120.0689041 seconds
2019-06-26T02:47:22.221+0000: 412381.234: Application time: 0.0001528 seconds
2019-06-26T02:47:23.475+0000: 412382.488: Application time: 1.2541150 seconds
2019-06-26T02:47:23.502+0000: 412382.514: Application time: 0.0257841 seconds
2019-06-26T02:47:32.227+0000: 412391.239: Application time: 8.7250415 seconds
2019-06-26T02:47:32.227+0000: 412391.240: Application time: 0.0000661 seconds
2019-06-26T02:47:32.227+0000: 412391.240: Application time: 0.0000735 seconds
2019-06-26T02:47:32.228+0000: 412391.240: Application time: 0.0000591 seconds
2019-06-26T02:47:32.228+0000: 412391.240: Application time: 0.0000568 seconds
2019-06-26T02:47:32.228+0000: 412391.240: Application time: 0.0000616 seconds
2019-06-26T02:47:32.228+0000: 412391.241: Application time: 0.0001238 seconds
2019-06-26T02:47:32.228+0000: 412391.241: Application time: 0.0001126 seconds
2019-06-26T02:47:32.230+0000: 412391.242: Application time: 0.0010914 seconds
2019-06-26T02:47:55.938+0000: 412414.950: Application time: 23.7080095 seconds
{Heap before GC invocations=2537 (full 195):
 par new generation   total 9792K, used 9773K [0x00000000e1000000, 0x00000000e1aa0000, 0x00000000eb4a0000)
  eden space 8704K,  99% used [0x00000000e1000000, 0x00000000e187b548, 0x00000000e1880000)
  from space 1088K, 100% used [0x00000000e1990000, 0x00000000e1aa0000, 0x00000000e1aa0000)
  to   space 1088K,   0% used [0x00000000e1880000, 0x00000000e1880000, 0x00000000e1990000)
 concurrent mark-sweep generation total 121500K, used 71415K [0x00000000eb4a0000, 0x00000000f2b47000, 0x0000000100000000)
 Metaspace       used 89176K, capacity 93674K, committed 93824K, reserved 1132544K
  class space    used 10748K, capacity 11557K, committed 11648K, reserved 1048576K
2019-06-26T02:47:55.939+0000: 412414.951: [GC (Allocation Failure) 2019-06-26T02:47:55.939+0000: 412414.951: [ParNew: 9773K->1000K(9792K), 0.0049738 secs] 81188K->73049K(131292K), 0.0057328 secs] [Times: user=0.01 sys=0.00, real=0.00 secs] 
Heap after GC invocations=2538 (full 195):
 par new generation   total 9792K, used 1000K [0x00000000e1000000, 0x00000000e1aa0000, 0x00000000eb4a0000)
  eden space 8704K,   0% used [0x00000000e1000000, 0x00000000e1000000, 0x00000000e1880000)
  from space 1088K,  91% used [0x00000000e1880000, 0x00000000e197a088, 0x00000000e1990000)
  to   space 1088K,   0% used [0x00000000e1990000, 0x00000000e1990000, 0x00000000e1aa0000)
 concurrent mark-sweep generation total 121500K, used 72049K [0x00000000eb4a0000, 0x00000000f2b47000, 0x0000000100000000)
 Metaspace       used 89176K, capacity 93674K, committed 93824K, reserved 1132544K
  class space    used 10748K, capacity 11557K, committed 11648K, reserved 1048576K
}
2019-06-26T02:47:59.971+0000: 412418.983: Application time: 4.0255738 seconds
2019-06-26T02:47:59.971+0000: 412418.984: Application time: 0.0001478 seconds
2019-06-26T02:48:00.935+0000: 412419.947: Application time: 0.9636131 seconds
2019-06-26T02:48:00.968+0000: 412419.981: Application time: 0.0332158 seconds
2019-06-26T02:48:02.245+0000: 412421.257: Application time: 1.2752811 seconds
2019-06-26T02:48:02.245+0000: 412421.257: Application time: 0.0000688 seconds
2019-06-26T02:48:02.245+0000: 412421.257: Application time: 0.0000627 seconds
2019-06-26T02:48:02.245+0000: 412421.258: Application time: 0.0000571 seconds
2019-06-26T02:48:02.245+0000: 412421.258: Application time: 0.0000558 seconds
2019-06-26T02:48:02.246+0000: 412421.258: Application time: 0.0000604 seconds
2019-06-26T02:48:02.246+0000: 412421.258: Application time: 0.0001687 seconds
2019-06-26T02:48:02.246+0000: 412421.259: Application time: 0.0002728 seconds
2019-06-26T02:48:02.248+0000: 412421.260: Application time: 0.0014544 seconds
2019-06-26T02:50:37.290+0000: 412576.303: Application time: 155.0422846 seconds
2019-06-26T02:50:37.292+0000: 412576.305: Application time: 0.0002019 seconds
2019-06-26T02:50:37.952+0000: 412576.965: Application time: 0.6596141 seconds
{Heap before GC invocations=2538 (full 195):
 par new generation   total 9792K, used 9704K [0x00000000e1000000, 0x00000000e1aa0000, 0x00000000eb4a0000)
  eden space 8704K, 100% used [0x00000000e1000000, 0x00000000e1880000, 0x00000000e1880000)
  from space 1088K,  91% used [0x00000000e1880000, 0x00000000e197a088, 0x00000000e1990000)
  to   space 1088K,   0% used [0x00000000e1990000, 0x00000000e1990000, 0x00000000e1aa0000)
 concurrent mark-sweep generation total 121500K, used 72049K [0x00000000eb4a0000, 0x00000000f2b47000, 0x0000000100000000)
 Metaspace       used 89176K, capacity 93674K, committed 93824K, reserved 1132544K
  class space    used 10748K, capacity 11557K, committed 11648K, reserved 1048576K
2019-06-26T02:50:37.953+0000: 412576.965: [GC (Allocation Failure) 2019-06-26T02:50:37.953+0000: 412576.965: [ParNew: 9704K->772K(9792K), 0.0031116 secs] 81753K->72821K(131292K), 0.0038210 secs] [Times: user=0.01 sys=0.00, real=0.00 secs] 
Heap after GC invocations=2539 (full 195):
 par new generation   total 9792K, used 772K [0x00000000e1000000, 0x00000000e1aa0000, 0x00000000eb4a0000)
  eden space 8704K,   0% used [0x00000000e1000000, 0x00000000e1000000, 0x00000000e1880000)
  from space 1088K,  70% used [0x00000000e1990000, 0x00000000e1a51048, 0x00000000e1aa0000)
  to   space 1088K,   0% used [0x00000000e1880000, 0x00000000e1880000, 0x00000000e1990000)
 concurrent mark-sweep generation total 121500K, used 72049K [0x00000000eb4a0000, 0x00000000f2b47000, 0x0000000100000000)
 Metaspace       used 89176K, capacity 93674K, committed 93824K, reserved 1132544K
  class space    used 10748K, capacity 11557K, committed 11648K, reserved 1048576K
}
2019-06-26T02:50:42.336+0000: 412581.349: Application time: 4.3791970 seconds
2019-06-26T02:50:42.337+0000: 412581.349: Application time: 0.0001922 seconds
2019-06-26T02:50:42.950+0000: 412581.963: Application time: 0.6132744 seconds
2019-06-26T02:50:42.978+0000: 412581.990: Application time: 0.0271293 seconds
2019-06-26T02:50:52.343+0000: 412591.356: Application time: 9.3652466 seconds
2019-06-26T02:50:52.343+0000: 412591.356: Application time: 0.0000715 seconds
2019-06-26T02:50:52.344+0000: 412591.356: Application time: 0.0000636 seconds
2019-06-26T02:50:52.344+0000: 412591.356: Application time: 0.0000589 seconds
2019-06-26T02:50:52.344+0000: 412591.356: Application time: 0.0000592 seconds
2019-06-26T02:50:52.344+0000: 412591.357: Application time: 0.0000689 seconds
2019-06-26T02:50:52.345+0000: 412591.357: Application time: 0.0001767 seconds
2019-06-26T02:50:52.345+0000: 412591.357: Application time: 0.0001718 seconds
2019-06-26T02:50:52.346+0000: 412591.359: Application time: 0.0010960 seconds
2019-06-26T02:51:12.356+0000: 412611.368: Application time: 20.0097042 seconds
2019-06-26T02:51:12.357+0000: 412611.369: Application time: 0.0001000 seconds
2019-06-26T02:51:13.738+0000: 412612.750: Application time: 1.3810987 seconds
2019-06-26T02:51:13.765+0000: 412612.777: Application time: 0.0268071 seconds
2019-06-26T02:51:22.362+0000: 412621.375: Application time: 8.5976561 seconds
2019-06-26T02:51:22.363+0000: 412621.375: Application time: 0.0000723 seconds
2019-06-26T02:51:22.363+0000: 412621.376: Application time: 0.0000608 seconds
2019-06-26T02:51:22.363+0000: 412621.376: Application time: 0.0000637 seconds
2019-06-26T02:51:22.364+0000: 412621.376: Application time: 0.0000611 seconds
2019-06-26T02:51:22.364+0000: 412621.376: Application time: 0.0000600 seconds
2019-06-26T02:51:22.364+0000: 412621.376: Application time: 0.0001140 seconds
2019-06-26T02:51:22.364+0000: 412621.377: Application time: 0.0001672 seconds
2019-06-26T02:51:22.365+0000: 412621.377: Application time: 0.0001257 seconds
2019-06-26T02:51:22.366+0000: 412621.378: Application time: 0.0010969 seconds
2019-06-26T02:51:32.372+0000: 412631.384: Application time: 10.0058925 seconds
2019-06-26T02:55:42.511+0000: 412881.523: Application time: 250.1384448 seconds
2019-06-26T02:55:52.519+0000: 412891.532: Application time: 10.0082553 seconds
{Heap before GC invocations=2539 (full 195):
 par new generation   total 9792K, used 9476K [0x00000000e1000000, 0x00000000e1aa0000, 0x00000000eb4a0000)
  eden space 8704K, 100% used [0x00000000e1000000, 0x00000000e1880000, 0x00000000e1880000)
  from space 1088K,  70% used [0x00000000e1990000, 0x00000000e1a51048, 0x00000000e1aa0000)
  to   space 1088K,   0% used [0x00000000e1880000, 0x00000000e1880000, 0x00000000e1990000)
 concurrent mark-sweep generation total 121500K, used 72049K [0x00000000eb4a0000, 0x00000000f2b47000, 0x0000000100000000)
 Metaspace       used 89176K, capacity 93674K, committed 93824K, reserved 1132544K
  class space    used 10748K, capacity 11557K, committed 11648K, reserved 1048576K
2019-06-26T02:55:52.520+0000: 412891.532: [GC (Allocation Failure) 2019-06-26T02:55:52.520+0000: 412891.533: [ParNew: 9476K->696K(9792K), 0.0035924 secs] 81525K->73107K(131292K), 0.0043100 secs] [Times: user=0.00 sys=0.00, real=0.00 secs] 
Heap after GC invocations=2540 (full 195):
 par new generation   total 9792K, used 696K [0x00000000e1000000, 0x00000000e1aa0000, 0x00000000eb4a0000)
  eden space 8704K,   0% used [0x00000000e1000000, 0x00000000e1000000, 0x00000000e1880000)
  from space 1088K,  63% used [0x00000000e1880000, 0x00000000e192e0c0, 0x00000000e1990000)
  to   space 1088K,   0% used [0x00000000e1990000, 0x00000000e1990000, 0x00000000e1aa0000)
 concurrent mark-sweep generation total 121500K, used 72411K [0x00000000eb4a0000, 0x00000000f2b47000, 0x0000000100000000)
 Metaspace       used 89176K, capacity 93674K, committed 93824K, reserved 1132544K
  class space    used 10748K, capacity 11557K, committed 11648K, reserved 1048576K
}
2019-06-26T03:01:00.475+0000: 413199.488: Application time: 307.9505053 seconds
2019-06-26T03:03:02.766+0000: 413321.779: Application time: 122.2904690 seconds
{Heap before GC invocations=2540 (full 195):
 par new generation   total 9792K, used 9400K [0x00000000e1000000, 0x00000000e1aa0000, 0x00000000eb4a0000)
  eden space 8704K, 100% used [0x00000000e1000000, 0x00000000e1880000, 0x00000000e1880000)
  from space 1088K,  63% used [0x00000000e1880000, 0x00000000e192e0c0, 0x00000000e1990000)
  to   space 1088K,   0% used [0x00000000e1990000, 0x00000000e1990000, 0x00000000e1aa0000)
 concurrent mark-sweep generation total 121500K, used 72411K [0x00000000eb4a0000, 0x00000000f2b47000, 0x0000000100000000)
 Metaspace       used 89176K, capacity 93674K, committed 93824K, reserved 1132544K
  class space    used 10748K, capacity 11557K, committed 11648K, reserved 1048576K
2019-06-26T03:03:02.772+0000: 413321.784: [GC (Allocation Failure) 2019-06-26T03:03:02.772+0000: 413321.784: [ParNew: 9400K->787K(9792K), 0.0036756 secs] 81811K->73199K(131292K), 0.0045647 secs] [Times: user=0.01 sys=0.00, real=0.00 secs] 
Heap after GC invocations=2541 (full 195):
 par new generation   total 9792K, used 787K [0x00000000e1000000, 0x00000000e1aa0000, 0x00000000eb4a0000)
  eden space 8704K,   0% used [0x00000000e1000000, 0x00000000e1000000, 0x00000000e1880000)
  from space 1088K,  72% used [0x00000000e1990000, 0x00000000e1a54f38, 0x00000000e1aa0000)
  to   space 1088K,   0% used [0x00000000e1880000, 0x00000000e1880000, 0x00000000e1990000)
 concurrent mark-sweep generation total 121500K, used 72411K [0x00000000eb4a0000, 0x00000000f2b47000, 0x0000000100000000)
 Metaspace       used 89176K, capacity 93674K, committed 93824K, reserved 1132544K
  class space    used 10748K, capacity 11557K, committed 11648K, reserved 1048576K
}
2019-06-26T03:04:30.494+0000: 413409.506: Application time: 87.7172449 seconds
2019-06-26T03:05:48.182+0000: 413487.195: Application time: 77.6879811 seconds
2019-06-26T03:05:48.202+0000: 413487.215: Application time: 0.0198288 seconds
2019-06-26T03:05:48.203+0000: 413487.215: Application time: 0.0002472 seconds
2019-06-26T03:05:49.191+0000: 413488.203: Application time: 0.9872987 seconds
2019-06-26T03:05:49.404+0000: 413488.416: Application time: 0.2128589 seconds
{Heap before GC invocations=2541 (full 195):
 par new generation   total 9792K, used 9491K [0x00000000e1000000, 0x00000000e1aa0000, 0x00000000eb4a0000)
  eden space 8704K, 100% used [0x00000000e1000000, 0x00000000e1880000, 0x00000000e1880000)
  from space 1088K,  72% used [0x00000000e1990000, 0x00000000e1a54f38, 0x00000000e1aa0000)
  to   space 1088K,   0% used [0x00000000e1880000, 0x00000000e1880000, 0x00000000e1990000)
 concurrent mark-sweep generation total 121500K, used 72411K [0x00000000eb4a0000, 0x00000000f2b47000, 0x0000000100000000)
 Metaspace       used 89250K, capacity 93792K, committed 94080K, reserved 1132544K
  class space    used 10757K, capacity 11566K, committed 11648K, reserved 1048576K
2019-06-26T03:05:49.404+0000: 413488.417: [GC (Allocation Failure) 2019-06-26T03:05:49.405+0000: 413488.417: [ParNew: 9491K->1088K(9792K), 0.0316792 secs] 81903K->73826K(131292K), 0.0324867 secs] [Times: user=0.06 sys=0.01, real=0.03 secs] 
Heap after GC invocations=2542 (full 195):
 par new generation   total 9792K, used 1088K [0x00000000e1000000, 0x00000000e1aa0000, 0x00000000eb4a0000)
  eden space 8704K,   0% used [0x00000000e1000000, 0x00000000e1000000, 0x00000000e1880000)
  from space 1088K, 100% used [0x00000000e1880000, 0x00000000e1990000, 0x00000000e1990000)
  to   space 1088K,   0% used [0x00000000e1990000, 0x00000000e1990000, 0x00000000e1aa0000)
 concurrent mark-sweep generation total 121500K, used 72738K [0x00000000eb4a0000, 0x00000000f2b47000, 0x0000000100000000)
 Metaspace       used 89250K, capacity 93792K, committed 94080K, reserved 1132544K
  class space    used 10757K, capacity 11566K, committed 11648K, reserved 1048576K
}
2019-06-26T03:05:49.521+0000: 413488.533: Application time: 0.0834608 seconds
2019-06-26T03:05:49.583+0000: 413488.595: Application time: 0.0618387 seconds
2019-06-26T03:05:50.583+0000: 413489.596: Application time: 1.0001635 seconds
2019-06-26T03:05:53.584+0000: 413492.596: Application time: 3.0003533 seconds
2019-06-26T03:06:05.949+0000: 413504.961: Application time: 12.3645996 seconds
2019-06-26T03:06:06.108+0000: 413505.120: Application time: 0.1585835 seconds
2019-06-26T03:06:06.112+0000: 413505.124: Application time: 0.0001215 seconds
2019-06-26T03:06:06.118+0000: 413505.130: Application time: 0.0004267 seconds
2019-06-26T03:06:06.124+0000: 413505.137: Application time: 0.0001703 seconds
2019-06-26T03:06:06.131+0000: 413505.143: Application time: 0.0001019 seconds
2019-06-26T03:06:06.131+0000: 413505.143: Application time: 0.0000738 seconds
2019-06-26T03:06:06.131+0000: 413505.144: Application time: 0.0000811 seconds
2019-06-26T03:06:06.132+0000: 413505.144: Application time: 0.0003818 seconds
2019-06-26T03:06:07.133+0000: 413506.145: Application time: 1.0001948 seconds
2019-06-26T03:06:11.133+0000: 413510.146: Application time: 4.0005148 seconds
2019-06-26T03:06:17.134+0000: 413516.147: Application time: 6.0009208 seconds
2019-06-26T03:07:22.935+0000: 413581.948: Application time: 65.8009623 seconds
2019-06-26T03:07:22.937+0000: 413581.950: Application time: 0.0019515 seconds
2019-06-26T03:07:58.552+0000: 413617.564: Application time: 35.6140744 seconds
{Heap before GC invocations=2542 (full 195):
 par new generation   total 9792K, used 9787K [0x00000000e1000000, 0x00000000e1aa0000, 0x00000000eb4a0000)
  eden space 8704K,  99% used [0x00000000e1000000, 0x00000000e187ef48, 0x00000000e1880000)
  from space 1088K, 100% used [0x00000000e1880000, 0x00000000e1990000, 0x00000000e1990000)
  to   space 1088K,   0% used [0x00000000e1990000, 0x00000000e1990000, 0x00000000e1aa0000)
 concurrent mark-sweep generation total 121500K, used 72738K [0x00000000eb4a0000, 0x00000000f2b47000, 0x0000000100000000)
 Metaspace       used 89273K, capacity 93814K, committed 94080K, reserved 1132544K
