2019-06-25 00:30:18 GC log file created /opt/logs/100003171/gc.log.2
OpenJDK 64-Bit Server VM (25.212-b04) for linux-amd64 JRE (1.8.0_212-b04), built on May  4 2019 17:56:12 by "buildozer" with gcc 8.3.0
Memory: 4k page, physical 2027864k(80792k free), swap 1048572k(444824k free)
CommandLine flags: -XX:CICompilerCount=2 -XX:+CMSClassUnloadingEnabled -XX:CMSFullGCsBeforeCompaction=9 -XX:CMSInitiatingOccupancyFraction=60 -XX:+CMSParallelRemarkEnabled -XX:+DisableExplicitGC -XX:+ExplicitGCInvokesConcurrent -XX:GCLogFileSize=5242880 -XX:+HeapDumpOnOutOfMemoryError -XX:HeapDumpPath=/opt/logs/100003171/HeapDumpOnOutOfMemoryError/ -XX:InitialHeapSize=33554432 -XX:MaxHeapSize=520093696 -XX:MaxNewSize=172621824 -XX:MaxTenuringThreshold=9 -XX:MinHeapDeltaBytes=196608 -XX:NewSize=11141120 -XX:NumberOfGCLogFiles=5 -XX:OldPLABSize=16 -XX:OldSize=22413312 -XX:-OmitStackTraceInFastThrow -XX:ParallelGCThreads=4 -XX:+PrintGC -XX:+PrintGCApplicationConcurrentTime -XX:+PrintGCDateStamps -XX:+PrintGCDetails -XX:+PrintGCTimeStamps -XX:+PrintHeapAtGC -XX:+ScavengeBeforeFullGC -XX:SoftRefLRUPolicyMSPerMB=0 -XX:+UseCMSCompactAtFullCollection -XX:+UseCMSInitiatingOccupancyOnly -XX:+UseCompressedClassPointers -XX:+UseCompressedOops -XX:+UseConcMarkSweepGC -XX:+UseGCLogFileRotation -XX:+UseParNewGC 
{Heap before GC invocations=4700 (full 137):
 par new generation   total 9792K, used 9371K [0x00000000e1000000, 0x00000000e1aa0000, 0x00000000eb4a0000)
  eden space 8704K, 100% used [0x00000000e1000000, 0x00000000e1880000, 0x00000000e1880000)
  from space 1088K,  61% used [0x00000000e1880000, 0x00000000e1926d98, 0x00000000e1990000)
  to   space 1088K,   0% used [0x00000000e1990000, 0x00000000e1990000, 0x00000000e1aa0000)
 concurrent mark-sweep generation total 118492K, used 67722K [0x00000000eb4a0000, 0x00000000f2857000, 0x0000000100000000)
 Metaspace       used 95668K, capacity 99845K, committed 100096K, reserved 1136640K
  class space    used 11669K, capacity 12451K, committed 12544K, reserved 1048576K
2019-06-25T00:30:18.778+0000: 317838.688: [GC (Allocation Failure) 2019-06-25T00:30:18.778+0000: 317838.688: [ParNew: 9371K->628K(9792K), 0.0029458 secs] 77093K->68351K(128284K), 0.0030381 secs] [Times: user=0.00 sys=0.00, real=0.01 secs] 
Heap after GC invocations=4701 (full 137):
 par new generation   total 9792K, used 628K [0x00000000e1000000, 0x00000000e1aa0000, 0x00000000eb4a0000)
  eden space 8704K,   0% used [0x00000000e1000000, 0x00000000e1000000, 0x00000000e1880000)
  from space 1088K,  57% used [0x00000000e1990000, 0x00000000e1a2d3f8, 0x00000000e1aa0000)
  to   space 1088K,   0% used [0x00000000e1880000, 0x00000000e1880000, 0x00000000e1990000)
 concurrent mark-sweep generation total 118492K, used 67722K [0x00000000eb4a0000, 0x00000000f2857000, 0x0000000100000000)
 Metaspace       used 95668K, capacity 99845K, committed 100096K, reserved 1136640K
  class space    used 11669K, capacity 12451K, committed 12544K, reserved 1048576K
}
2019-06-25T00:31:21.614+0000: 317901.524: Application time: 62.8328331 seconds
2019-06-25T00:32:02.446+0000: 317942.356: Application time: 40.8320770 seconds
{Heap before GC invocations=4701 (full 137):
 par new generation   total 9792K, used 9332K [0x00000000e1000000, 0x00000000e1aa0000, 0x00000000eb4a0000)
  eden space 8704K, 100% used [0x00000000e1000000, 0x00000000e1880000, 0x00000000e1880000)
  from space 1088K,  57% used [0x00000000e1990000, 0x00000000e1a2d3f8, 0x00000000e1aa0000)
  to   space 1088K,   0% used [0x00000000e1880000, 0x00000000e1880000, 0x00000000e1990000)
 concurrent mark-sweep generation total 118492K, used 67722K [0x00000000eb4a0000, 0x00000000f2857000, 0x0000000100000000)
 Metaspace       used 95668K, capacity 99845K, committed 100096K, reserved 1136640K
  class space    used 11669K, capacity 12451K, committed 12544K, reserved 1048576K
2019-06-25T00:32:02.447+0000: 317942.357: [GC (Allocation Failure) 2019-06-25T00:32:02.447+0000: 317942.357: [ParNew: 9332K->838K(9792K), 0.0107912 secs] 77055K->68561K(128284K), 0.0109215 secs] [Times: user=0.02 sys=0.01, real=0.01 secs] 
Heap after GC invocations=4702 (full 137):
 par new generation   total 9792K, used 838K [0x00000000e1000000, 0x00000000e1aa0000, 0x00000000eb4a0000)
  eden space 8704K,   0% used [0x00000000e1000000, 0x00000000e1000000, 0x00000000e1880000)
  from space 1088K,  77% used [0x00000000e1880000, 0x00000000e1951a40, 0x00000000e1990000)
  to   space 1088K,   0% used [0x00000000e1990000, 0x00000000e1990000, 0x00000000e1aa0000)
 concurrent mark-sweep generation total 118492K, used 67722K [0x00000000eb4a0000, 0x00000000f2857000, 0x0000000100000000)
 Metaspace       used 95668K, capacity 99845K, committed 100096K, reserved 1136640K
  class space    used 11669K, capacity 12451K, committed 12544K, reserved 1048576K
}
2019-06-25T00:33:42.098+0000: 318042.008: Application time: 99.6397580 seconds
{Heap before GC invocations=4702 (full 137):
 par new generation   total 9792K, used 9542K [0x00000000e1000000, 0x00000000e1aa0000, 0x00000000eb4a0000)
  eden space 8704K, 100% used [0x00000000e1000000, 0x00000000e1880000, 0x00000000e1880000)
  from space 1088K,  77% used [0x00000000e1880000, 0x00000000e1951a40, 0x00000000e1990000)
  to   space 1088K,   0% used [0x00000000e1990000, 0x00000000e1990000, 0x00000000e1aa0000)
 concurrent mark-sweep generation total 118492K, used 67722K [0x00000000eb4a0000, 0x00000000f2857000, 0x0000000100000000)
 Metaspace       used 95668K, capacity 99845K, committed 100096K, reserved 1136640K
  class space    used 11669K, capacity 12451K, committed 12544K, reserved 1048576K
2019-06-25T00:33:42.098+0000: 318042.008: [GC (Allocation Failure) 2019-06-25T00:33:42.098+0000: 318042.008: [ParNew: 9542K->657K(9792K), 0.0027697 secs] 77265K->68379K(128284K), 0.0028288 secs] [Times: user=0.00 sys=0.00, real=0.00 secs] 
Heap after GC invocations=4703 (full 137):
 par new generation   total 9792K, used 657K [0x00000000e1000000, 0x00000000e1aa0000, 0x00000000eb4a0000)
  eden space 8704K,   0% used [0x00000000e1000000, 0x00000000e1000000, 0x00000000e1880000)
  from space 1088K,  60% used [0x00000000e1990000, 0x00000000e1a344d0, 0x00000000e1aa0000)
  to   space 1088K,   0% used [0x00000000e1880000, 0x00000000e1880000, 0x00000000e1990000)
 concurrent mark-sweep generation total 118492K, used 67722K [0x00000000eb4a0000, 0x00000000f2857000, 0x0000000100000000)
 Metaspace       used 95668K, capacity 99845K, committed 100096K, reserved 1136640K
  class space    used 11669K, capacity 12451K, committed 12544K, reserved 1048576K
}
2019-06-25T00:35:03.324+0000: 318123.234: Application time: 81.2226903 seconds
{Heap before GC invocations=4703 (full 137):
 par new generation   total 9792K, used 9360K [0x00000000e1000000, 0x00000000e1aa0000, 0x00000000eb4a0000)
  eden space 8704K,  99% used [0x00000000e1000000, 0x00000000e187fd20, 0x00000000e1880000)
  from space 1088K,  60% used [0x00000000e1990000, 0x00000000e1a344d0, 0x00000000e1aa0000)
  to   space 1088K,   0% used [0x00000000e1880000, 0x00000000e1880000, 0x00000000e1990000)
 concurrent mark-sweep generation total 118492K, used 67722K [0x00000000eb4a0000, 0x00000000f2857000, 0x0000000100000000)
 Metaspace       used 95668K, capacity 99845K, committed 100096K, reserved 1136640K
  class space    used 11669K, capacity 12451K, committed 12544K, reserved 1048576K
2019-06-25T00:35:03.324+0000: 318123.234: [GC (Allocation Failure) 2019-06-25T00:35:03.324+0000: 318123.234: [ParNew: 9360K->756K(9792K), 0.0030041 secs] 77082K->68478K(128284K), 0.0030849 secs] [Times: user=0.00 sys=0.00, real=0.00 secs] 
Heap after GC invocations=4704 (full 137):
 par new generation   total 9792K, used 756K [0x00000000e1000000, 0x00000000e1aa0000, 0x00000000eb4a0000)
  eden space 8704K,   0% used [0x00000000e1000000, 0x00000000e1000000, 0x00000000e1880000)
  from space 1088K,  69% used [0x00000000e1880000, 0x00000000e193d210, 0x00000000e1990000)
  to   space 1088K,   0% used [0x00000000e1990000, 0x00000000e1990000, 0x00000000e1aa0000)
 concurrent mark-sweep generation total 118492K, used 67722K [0x00000000eb4a0000, 0x00000000f2857000, 0x0000000100000000)
 Metaspace       used 95668K, capacity 99845K, committed 100096K, reserved 1136640K
  class space    used 11669K, capacity 12451K, committed 12544K, reserved 1048576K
}
2019-06-25T00:35:08.309+0000: 318128.219: Application time: 4.9819575 seconds
2019-06-25T00:35:08.336+0000: 318128.246: Application time: 0.0266727 seconds
2019-06-25T00:35:08.979+0000: 318128.888: Application time: 0.6420163 seconds
2019-06-25T00:35:08.979+0000: 318128.889: Application time: 0.0003545 seconds
2019-06-25T00:35:08.980+0000: 318128.890: Application time: 0.0001571 seconds
2019-06-25T00:35:08.981+0000: 318128.890: Application time: 0.0001444 seconds
2019-06-25T00:35:16.573+0000: 318136.483: Application time: 7.5924751 seconds
2019-06-25T00:35:16.575+0000: 318136.485: Application time: 0.0017345 seconds
2019-06-25T00:35:16.630+0000: 318136.539: Application time: 0.0540061 seconds
2019-06-25T00:35:16.632+0000: 318136.542: Application time: 0.0018805 seconds
2019-06-25T00:35:24.714+0000: 318144.624: Application time: 8.0818439 seconds
2019-06-25T00:35:24.715+0000: 318144.624: Application time: 0.0002033 seconds
2019-06-25T00:35:24.715+0000: 318144.625: Application time: 0.0000905 seconds
2019-06-25T00:35:24.715+0000: 318144.625: Application time: 0.0000915 seconds
2019-06-25T00:35:29.165+0000: 318149.074: Application time: 4.4493169 seconds
2019-06-25T00:35:29.196+0000: 318149.106: Application time: 0.0312049 seconds
2019-06-25T00:35:29.812+0000: 318149.722: Application time: 0.6151718 seconds
2019-06-25T00:35:50.736+0000: 318170.646: Application time: 20.9236183 seconds
2019-06-25T00:35:50.736+0000: 318170.646: Application time: 0.0000781 seconds
2019-06-25T00:35:50.736+0000: 318170.646: Application time: 0.0000670 seconds
2019-06-25T00:35:50.737+0000: 318170.646: Application time: 0.0000269 seconds
2019-06-25T00:35:50.737+0000: 318170.647: Application time: 0.0000631 seconds
2019-06-25T00:35:50.737+0000: 318170.647: Application time: 0.0000822 seconds
2019-06-25T00:36:12.650+0000: 318192.560: Application time: 21.9127130 seconds
{Heap before GC invocations=4704 (full 137):
 par new generation   total 9792K, used 9460K [0x00000000e1000000, 0x00000000e1aa0000, 0x00000000eb4a0000)
  eden space 8704K, 100% used [0x00000000e1000000, 0x00000000e1880000, 0x00000000e1880000)
  from space 1088K,  69% used [0x00000000e1880000, 0x00000000e193d210, 0x00000000e1990000)
  to   space 1088K,   0% used [0x00000000e1990000, 0x00000000e1990000, 0x00000000e1aa0000)
 concurrent mark-sweep generation total 118492K, used 67722K [0x00000000eb4a0000, 0x00000000f2857000, 0x0000000100000000)
 Metaspace       used 95668K, capacity 99845K, committed 100096K, reserved 1136640K
  class space    used 11669K, capacity 12451K, committed 12544K, reserved 1048576K
2019-06-25T00:36:12.650+0000: 318192.560: [GC (Allocation Failure) 2019-06-25T00:36:12.650+0000: 318192.560: [ParNew: 9460K->858K(9792K), 0.0033607 secs] 77182K->68632K(128284K), 0.0034253 secs] [Times: user=0.00 sys=0.00, real=0.00 secs] 
Heap after GC invocations=4705 (full 137):
 par new generation   total 9792K, used 858K [0x00000000e1000000, 0x00000000e1aa0000, 0x00000000eb4a0000)
  eden space 8704K,   0% used [0x00000000e1000000, 0x00000000e1000000, 0x00000000e1880000)
  from space 1088K,  78% used [0x00000000e1990000, 0x00000000e1a66b38, 0x00000000e1aa0000)
  to   space 1088K,   0% used [0x00000000e1880000, 0x00000000e1880000, 0x00000000e1990000)
 concurrent mark-sweep generation total 118492K, used 67773K [0x00000000eb4a0000, 0x00000000f2857000, 0x0000000100000000)
 Metaspace       used 95668K, capacity 99845K, committed 100096K, reserved 1136640K
  class space    used 11669K, capacity 12451K, committed 12544K, reserved 1048576K
}
2019-06-25T00:36:18.764+0000: 318198.673: Application time: 6.1098784 seconds
2019-06-25T00:36:18.764+0000: 318198.674: Application time: 0.0001669 seconds
2019-06-25T00:36:18.764+0000: 318198.674: Application time: 0.0001470 seconds
2019-06-25T00:36:18.765+0000: 318198.674: Application time: 0.0002265 seconds
2019-06-25T00:36:18.765+0000: 318198.675: Application time: 0.0001720 seconds
2019-06-25T00:36:18.765+0000: 318198.675: Application time: 0.0001622 seconds
2019-06-25T00:36:21.588+0000: 318201.498: Application time: 2.8230731 seconds
2019-06-25T00:36:22.957+0000: 318202.867: Application time: 1.3682306 seconds
2019-06-25T00:36:22.988+0000: 318202.898: Application time: 0.0307674 seconds
2019-06-25T00:36:29.818+0000: 318209.728: Application time: 6.8298584 seconds
2019-06-25T00:36:29.819+0000: 318209.728: Application time: 0.0000966 seconds
2019-06-25T00:36:29.819+0000: 318209.729: Application time: 0.0000770 seconds
2019-06-25T00:36:29.819+0000: 318209.729: Application time: 0.0000806 seconds
2019-06-25T00:37:08.993+0000: 318248.903: Application time: 39.1741791 seconds
2019-06-25T00:37:10.318+0000: 318250.227: Application time: 1.3238782 seconds
{Heap before GC invocations=4705 (full 137):
 par new generation   total 9792K, used 9562K [0x00000000e1000000, 0x00000000e1aa0000, 0x00000000eb4a0000)
  eden space 8704K, 100% used [0x00000000e1000000, 0x00000000e1880000, 0x00000000e1880000)
  from space 1088K,  78% used [0x00000000e1990000, 0x00000000e1a66b38, 0x00000000e1aa0000)
  to   space 1088K,   0% used [0x00000000e1880000, 0x00000000e1880000, 0x00000000e1990000)
 concurrent mark-sweep generation total 118492K, used 67773K [0x00000000eb4a0000, 0x00000000f2857000, 0x0000000100000000)
 Metaspace       used 95668K, capacity 99845K, committed 100096K, reserved 1136640K
  class space    used 11669K, capacity 12451K, committed 12544K, reserved 1048576K
2019-06-25T00:37:10.318+0000: 318250.228: [GC (Allocation Failure) 2019-06-25T00:37:10.318+0000: 318250.228: [ParNew: 9562K->1088K(9792K), 0.0038396 secs] 77336K->69006K(128284K), 0.0039070 secs] [Times: user=0.01 sys=0.00, real=0.01 secs] 
Heap after GC invocations=4706 (full 137):
 par new generation   total 9792K, used 1088K [0x00000000e1000000, 0x00000000e1aa0000, 0x00000000eb4a0000)
  eden space 8704K,   0% used [0x00000000e1000000, 0x00000000e1000000, 0x00000000e1880000)
  from space 1088K, 100% used [0x00000000e1880000, 0x00000000e1990000, 0x00000000e1990000)
  to   space 1088K,   0% used [0x00000000e1990000, 0x00000000e1990000, 0x00000000e1aa0000)
 concurrent mark-sweep generation total 118492K, used 67918K [0x00000000eb4a0000, 0x00000000f2857000, 0x0000000100000000)
 Metaspace       used 95668K, capacity 99845K, committed 100096K, reserved 1136640K
  class space    used 11669K, capacity 12451K, committed 12544K, reserved 1048576K
}
2019-06-25T00:37:10.817+0000: 318250.727: Application time: 0.4952902 seconds
2019-06-25T00:37:10.818+0000: 318250.728: Application time: 0.0003324 seconds
2019-06-25T00:37:10.819+0000: 318250.728: Application time: 0.0001621 seconds
2019-06-25T00:37:10.819+0000: 318250.729: Application time: 0.0001745 seconds
2019-06-25T00:37:10.819+0000: 318250.729: Application time: 0.0001906 seconds
2019-06-25T00:37:10.820+0000: 318250.730: Application time: 0.0000572 seconds
2019-06-25T00:37:10.820+0000: 318250.730: Application time: 0.0000584 seconds
2019-06-25T00:37:10.820+0000: 318250.730: Application time: 0.0000603 seconds
2019-06-25T00:37:10.820+0000: 318250.730: Application time: 0.0001174 seconds
2019-06-25T00:37:10.821+0000: 318250.731: Application time: 0.0000863 seconds
2019-06-25T00:37:15.315+0000: 318255.225: Application time: 4.4939112 seconds
2019-06-25T00:37:15.344+0000: 318255.254: Application time: 0.0288425 seconds
2019-06-25T00:37:29.828+0000: 318269.738: Application time: 14.4835055 seconds
2019-06-25T00:37:46.855+0000: 318286.765: Application time: 17.0269668 seconds
2019-06-25T00:37:46.856+0000: 318286.766: Application time: 0.0001353 seconds
2019-06-25T00:37:46.857+0000: 318286.767: Application time: 0.0001419 seconds
2019-06-25T00:37:46.857+0000: 318286.767: Application time: 0.0001426 seconds
2019-06-25T00:37:46.858+0000: 318286.768: Application time: 0.0001739 seconds
2019-06-25T00:37:46.858+0000: 318286.768: Application time: 0.0001324 seconds
2019-06-25T00:37:46.859+0000: 318286.769: Application time: 0.0001297 seconds
2019-06-25T00:37:46.859+0000: 318286.769: Application time: 0.0001374 seconds
2019-06-25T00:37:46.860+0000: 318286.770: Application time: 0.0003472 seconds
2019-06-25T00:37:46.860+0000: 318286.770: Application time: 0.0001044 seconds
2019-06-25T00:37:51.307+0000: 318291.217: Application time: 4.4460294 seconds
2019-06-25T00:37:51.333+0000: 318291.243: Application time: 0.0261667 seconds
2019-06-25T00:38:05.541+0000: 318305.451: Application time: 14.2076485 seconds
2019-06-25T00:38:16.718+0000: 318316.628: Application time: 11.1763424 seconds
{Heap before GC invocations=4706 (full 137):
 par new generation   total 9792K, used 9792K [0x00000000e1000000, 0x00000000e1aa0000, 0x00000000eb4a0000)
  eden space 8704K, 100% used [0x00000000e1000000, 0x00000000e1880000, 0x00000000e1880000)
  from space 1088K, 100% used [0x00000000e1880000, 0x00000000e1990000, 0x00000000e1990000)
  to   space 1088K,   0% used [0x00000000e1990000, 0x00000000e1990000, 0x00000000e1aa0000)
 concurrent mark-sweep generation total 118492K, used 67918K [0x00000000eb4a0000, 0x00000000f2857000, 0x0000000100000000)
 Metaspace       used 95708K, capacity 99911K, committed 100096K, reserved 1136640K
  class space    used 11675K, capacity 12462K, committed 12544K, reserved 1048576K
2019-06-25T00:38:16.719+0000: 318316.628: [GC (Allocation Failure) 2019-06-25T00:38:16.719+0000: 318316.628: [ParNew: 9792K->528K(9792K), 0.0038997 secs] 77710K->68911K(128284K), 0.0039662 secs] [Times: user=0.00 sys=0.01, real=0.00 secs] 
Heap after GC invocations=4707 (full 137):
 par new generation   total 9792K, used 528K [0x00000000e1000000, 0x00000000e1aa0000, 0x00000000eb4a0000)
  eden space 8704K,   0% used [0x00000000e1000000, 0x00000000e1000000, 0x00000000e1880000)
  from space 1088K,  48% used [0x00000000e1990000, 0x00000000e1a143d0, 0x00000000e1aa0000)
  to   space 1088K,   0% used [0x00000000e1880000, 0x00000000e1880000, 0x00000000e1990000)
 concurrent mark-sweep generation total 118492K, used 68382K [0x00000000eb4a0000, 0x00000000f2857000, 0x0000000100000000)
 Metaspace       used 95708K, capacity 99911K, committed 100096K, reserved 1136640K
  class space    used 11675K, capacity 12462K, committed 12544K, reserved 1048576K
}
2019-06-25T00:38:46.921+0000: 318346.830: Application time: 30.1979103 seconds
2019-06-25T00:38:46.921+0000: 318346.831: Application time: 0.0001511 seconds
2019-06-25T00:38:46.922+0000: 318346.832: Application time: 0.0001486 seconds
2019-06-25T00:38:46.923+0000: 318346.832: Application time: 0.0001488 seconds
2019-06-25T00:38:46.923+0000: 318346.833: Application time: 0.0001448 seconds
2019-06-25T00:38:46.924+0000: 318346.834: Application time: 0.0000724 seconds
2019-06-25T00:38:46.925+0000: 318346.835: Application time: 0.0001613 seconds
2019-06-25T00:38:46.926+0000: 318346.836: Application time: 0.0001551 seconds
2019-06-25T00:38:46.926+0000: 318346.836: Application time: 0.0002646 seconds
2019-06-25T00:38:46.927+0000: 318346.837: Application time: 0.0002078 seconds
2019-06-25T00:38:50.983+0000: 318350.893: Application time: 4.0556116 seconds
2019-06-25T00:38:51.007+0000: 318350.917: Application time: 0.0234465 seconds
2019-06-25T00:39:04.945+0000: 318364.855: Application time: 13.9360341 seconds
2019-06-25T00:39:04.946+0000: 318364.856: Application time: 0.0001483 seconds
2019-06-25T00:39:04.946+0000: 318364.856: Application time: 0.0001725 seconds
2019-06-25T00:39:04.948+0000: 318364.858: Application time: 0.0001609 seconds
2019-06-25T00:39:04.948+0000: 318364.858: Application time: 0.0001526 seconds
2019-06-25T00:39:04.949+0000: 318364.859: Application time: 0.0001892 seconds
2019-06-25T00:39:04.950+0000: 318364.860: Application time: 0.0001492 seconds
2019-06-25T00:39:04.950+0000: 318364.860: Application time: 0.0001679 seconds
2019-06-25T00:39:04.951+0000: 318364.861: Application time: 0.0003651 seconds
2019-06-25T00:39:04.951+0000: 318364.861: Application time: 0.0001233 seconds
2019-06-25T00:39:09.000+0000: 318368.910: Application time: 4.0481638 seconds
2019-06-25T00:39:09.358+0000: 318369.267: Application time: 0.3574981 seconds
2019-06-25T00:39:09.391+0000: 318369.301: Application time: 0.0333901 seconds
2019-06-25T00:39:09.471+0000: 318369.381: Application time: 0.0792858 seconds
{Heap before GC invocations=4707 (full 137):
 par new generation   total 9792K, used 9215K [0x00000000e1000000, 0x00000000e1aa0000, 0x00000000eb4a0000)
  eden space 8704K,  99% used [0x00000000e1000000, 0x00000000e187bae8, 0x00000000e1880000)
  from space 1088K,  48% used [0x00000000e1990000, 0x00000000e1a143d0, 0x00000000e1aa0000)
  to   space 1088K,   0% used [0x00000000e1880000, 0x00000000e1880000, 0x00000000e1990000)
 concurrent mark-sweep generation total 118492K, used 68382K [0x00000000eb4a0000, 0x00000000f2857000, 0x0000000100000000)
 Metaspace       used 95709K, capacity 99911K, committed 100096K, reserved 1136640K
  class space    used 11675K, capacity 12462K, committed 12544K, reserved 1048576K
2019-06-25T00:39:09.472+0000: 318369.381: [GC (Allocation Failure) 2019-06-25T00:39:09.472+0000: 318369.381: [ParNew: 9215K->943K(9792K), 0.0071365 secs] 77598K->69326K(128284K), 0.0072442 secs] [Times: user=0.00 sys=0.02, real=0.01 secs] 
Heap after GC invocations=4708 (full 137):
 par new generation   total 9792K, used 943K [0x00000000e1000000, 0x00000000e1aa0000, 0x00000000eb4a0000)
  eden space 8704K,   0% used [0x00000000e1000000, 0x00000000e1000000, 0x00000000e1880000)
  from space 1088K,  86% used [0x00000000e1880000, 0x00000000e196bde0, 0x00000000e1990000)
  to   space 1088K,   0% used [0x00000000e1990000, 0x00000000e1990000, 0x00000000e1aa0000)
 concurrent mark-sweep generation total 118492K, used 68382K [0x00000000eb4a0000, 0x00000000f2857000, 0x0000000100000000)
 Metaspace       used 95709K, capacity 99911K, committed 100096K, reserved 1136640K
  class space    used 11675K, capacity 12462K, committed 12544K, reserved 1048576K
}
2019-06-25T00:39:09.957+0000: 318369.867: Application time: 0.4780092 seconds
2019-06-25T00:39:09.958+0000: 318369.867: Application time: 0.0000921 seconds
2019-06-25T00:39:09.958+0000: 318369.868: Application time: 0.0000885 seconds
2019-06-25T00:39:09.958+0000: 318369.868: Application time: 0.0001158 seconds
2019-06-25T00:39:09.959+0000: 318369.868: Application time: 0.0000813 seconds
2019-06-25T00:39:09.959+0000: 318369.869: Application time: 0.0000840 seconds
2019-06-25T00:39:09.959+0000: 318369.869: Application time: 0.0000882 seconds
2019-06-25T00:39:09.960+0000: 318369.869: Application time: 0.0001545 seconds
2019-06-25T00:39:09.960+0000: 318369.870: Application time: 0.0002026 seconds
2019-06-25T00:39:12.793+0000: 318372.703: Application time: 2.8328717 seconds
2019-06-25T00:39:14.467+0000: 318374.377: Application time: 1.6737540 seconds
2019-06-25T00:39:14.510+0000: 318374.419: Application time: 0.0420222 seconds
2019-06-25T00:39:29.843+0000: 318389.753: Application time: 15.3329492 seconds
2019-06-25T00:40:10.849+0000: 318430.759: Application time: 41.0058129 seconds
2019-06-25T00:40:27.054+0000: 318446.964: Application time: 16.2049868 seconds
{Heap before GC invocations=4708 (full 137):
 par new generation   total 9792K, used 9647K [0x00000000e1000000, 0x00000000e1aa0000, 0x00000000eb4a0000)
  eden space 8704K, 100% used [0x00000000e1000000, 0x00000000e1880000, 0x00000000e1880000)
  from space 1088K,  86% used [0x00000000e1880000, 0x00000000e196bde0, 0x00000000e1990000)
  to   space 1088K,   0% used [0x00000000e1990000, 0x00000000e1990000, 0x00000000e1aa0000)
 concurrent mark-sweep generation total 118492K, used 68382K [0x00000000eb4a0000, 0x00000000f2857000, 0x0000000100000000)
 Metaspace       used 95709K, capacity 99911K, committed 100096K, reserved 1136640K
  class space    used 11675K, capacity 12462K, committed 12544K, reserved 1048576K
2019-06-25T00:40:27.055+0000: 318446.964: [GC (Allocation Failure) 2019-06-25T00:40:27.055+0000: 318446.965: [ParNew: 9647K->511K(9792K), 0.0038855 secs] 78030K->69331K(128284K), 0.0039674 secs] [Times: user=0.00 sys=0.01, real=0.01 secs] 
Heap after GC invocations=4709 (full 137):
 par new generation   total 9792K, used 511K [0x00000000e1000000, 0x00000000e1aa0000, 0x00000000eb4a0000)
  eden space 8704K,   0% used [0x00000000e1000000, 0x00000000e1000000, 0x00000000e1880000)
  from space 1088K,  46% used [0x00000000e1990000, 0x00000000e1a0fca8, 0x00000000e1aa0000)
  to   space 1088K,   0% used [0x00000000e1880000, 0x00000000e1880000, 0x00000000e1990000)
 concurrent mark-sweep generation total 118492K, used 68820K [0x00000000eb4a0000, 0x00000000f2857000, 0x0000000100000000)
 Metaspace       used 95709K, capacity 99911K, committed 100096K, reserved 1136640K
  class space    used 11675K, capacity 12462K, committed 12544K, reserved 1048576K
}
2019-06-25T00:41:21.675+0000: 318501.585: Application time: 54.6165514 seconds
2019-06-25T00:42:06.492+0000: 318546.402: Application time: 44.8165405 seconds
{Heap before GC invocations=4709 (full 137):
 par new generation   total 9792K, used 9214K [0x00000000e1000000, 0x00000000e1aa0000, 0x00000000eb4a0000)
  eden space 8704K,  99% used [0x00000000e1000000, 0x00000000e187fc80, 0x00000000e1880000)
  from space 1088K,  46% used [0x00000000e1990000, 0x00000000e1a0fca8, 0x00000000e1aa0000)
  to   space 1088K,   0% used [0x00000000e1880000, 0x00000000e1880000, 0x00000000e1990000)
 concurrent mark-sweep generation total 118492K, used 68820K [0x00000000eb4a0000, 0x00000000f2857000, 0x0000000100000000)
 Metaspace       used 95709K, capacity 99911K, committed 100096K, reserved 1136640K
  class space    used 11675K, capacity 12462K, committed 12544K, reserved 1048576K
2019-06-25T00:42:06.493+0000: 318546.402: [GC (Allocation Failure) 2019-06-25T00:42:06.493+0000: 318546.402: [ParNew: 9214K->930K(9792K), 0.0250162 secs] 78034K->69750K(128284K), 0.0250931 secs] [Times: user=0.05 sys=0.00, real=0.02 secs] 
Heap after GC invocations=4710 (full 137):
 par new generation   total 9792K, used 930K [0x00000000e1000000, 0x00000000e1aa0000, 0x00000000eb4a0000)
  eden space 8704K,   0% used [0x00000000e1000000, 0x00000000e1000000, 0x00000000e1880000)
  from space 1088K,  85% used [0x00000000e1880000, 0x00000000e1968878, 0x00000000e1990000)
  to   space 1088K,   0% used [0x00000000e1990000, 0x00000000e1990000, 0x00000000e1aa0000)
 concurrent mark-sweep generation total 118492K, used 68820K [0x00000000eb4a0000, 0x00000000f2857000, 0x0000000100000000)
 Metaspace       used 95709K, capacity 99911K, committed 100096K, reserved 1136640K
  class space    used 11675K, capacity 12462K, committed 12544K, reserved 1048576K
}
2019-06-25T00:42:07.148+0000: 318547.057: Application time: 0.6298652 seconds
2019-06-25T00:42:07.148+0000: 318547.058: Application time: 0.0003083 seconds
2019-06-25T00:42:07.149+0000: 318547.059: Application time: 0.0001513 seconds
2019-06-25T00:42:07.150+0000: 318547.060: Application time: 0.0001620 seconds
2019-06-25T00:42:07.151+0000: 318547.061: Application time: 0.0001877 seconds
2019-06-25T00:42:07.152+0000: 318547.061: Application time: 0.0001499 seconds
2019-06-25T00:42:07.152+0000: 318547.062: Application time: 0.0001462 seconds
2019-06-25T00:42:07.153+0000: 318547.063: Application time: 0.0003768 seconds
2019-06-25T00:42:07.154+0000: 318547.064: Application time: 0.0001883 seconds
2019-06-25T00:42:09.010+0000: 318548.920: Application time: 1.8553703 seconds
2019-06-25T00:42:11.490+0000: 318551.400: Application time: 2.4794580 seconds
2019-06-25T00:42:11.540+0000: 318551.450: Application time: 0.0497781 seconds
2019-06-25T00:42:29.869+0000: 318569.779: Application time: 18.3286587 seconds
2019-06-25T00:43:10.463+0000: 318610.373: Application time: 40.5938181 seconds
2019-06-25T00:43:24.955+0000: 318624.865: Application time: 14.4913311 seconds
{Heap before GC invocations=4710 (full 137):
 par new generation   total 9792K, used 9634K [0x00000000e1000000, 0x00000000e1aa0000, 0x00000000eb4a0000)
  eden space 8704K, 100% used [0x00000000e1000000, 0x00000000e1880000, 0x00000000e1880000)
  from space 1088K,  85% used [0x00000000e1880000, 0x00000000e1968878, 0x00000000e1990000)
  to   space 1088K,   0% used [0x00000000e1990000, 0x00000000e1990000, 0x00000000e1aa0000)
 concurrent mark-sweep generation total 118492K, used 68820K [0x00000000eb4a0000, 0x00000000f2857000, 0x0000000100000000)
 Metaspace       used 95709K, capacity 99911K, committed 100096K, reserved 1136640K
  class space    used 11675K, capacity 12462K, committed 12544K, reserved 1048576K
2019-06-25T00:43:24.955+0000: 318624.865: [GC (Allocation Failure) 2019-06-25T00:43:24.955+0000: 318624.865: [ParNew: 9634K->720K(9792K), 0.0052980 secs] 78454K->69792K(128284K), 0.0053919 secs] [Times: user=0.01 sys=0.00, real=0.01 secs] 
Heap after GC invocations=4711 (full 137):
 par new generation   total 9792K, used 720K [0x00000000e1000000, 0x00000000e1aa0000, 0x00000000eb4a0000)
  eden space 8704K,   0% used [0x00000000e1000000, 0x00000000e1000000, 0x00000000e1880000)
  from space 1088K,  66% used [0x00000000e1990000, 0x00000000e1a44288, 0x00000000e1aa0000)
  to   space 1088K,   0% used [0x00000000e1880000, 0x00000000e1880000, 0x00000000e1990000)
 concurrent mark-sweep generation total 118492K, used 69071K [0x00000000eb4a0000, 0x00000000f2857000, 0x0000000100000000)
 Metaspace       used 95709K, capacity 99911K, committed 100096K, reserved 1136640K
  class space    used 11675K, capacity 12462K, committed 12544K, reserved 1048576K
}
2019-06-25T00:44:46.244+0000: 318706.154: Application time: 81.2831296 seconds
{Heap before GC invocations=4711 (full 137):
 par new generation   total 9792K, used 9417K [0x00000000e1000000, 0x00000000e1aa0000, 0x00000000eb4a0000)
  eden space 8704K,  99% used [0x00000000e1000000, 0x00000000e187e1b8, 0x00000000e1880000)
  from space 1088K,  66% used [0x00000000e1990000, 0x00000000e1a44288, 0x00000000e1aa0000)
  to   space 1088K,   0% used [0x00000000e1880000, 0x00000000e1880000, 0x00000000e1990000)
 concurrent mark-sweep generation total 118492K, used 69071K [0x00000000eb4a0000, 0x00000000f2857000, 0x0000000100000000)
 Metaspace       used 95709K, capacity 99911K, committed 100096K, reserved 1136640K
  class space    used 11675K, capacity 12462K, committed 12544K, reserved 1048576K
2019-06-25T00:44:46.244+0000: 318706.154: [GC (Allocation Failure) 2019-06-25T00:44:46.244+0000: 318706.154: [ParNew: 9417K->769K(9792K), 0.0061563 secs] 78488K->69841K(128284K), 0.0062361 secs] [Times: user=0.01 sys=0.00, real=0.01 secs] 
Heap after GC invocations=4712 (full 137):
 par new generation   total 9792K, used 769K [0x00000000e1000000, 0x00000000e1aa0000, 0x00000000eb4a0000)
  eden space 8704K,   0% used [0x00000000e1000000, 0x00000000e1000000, 0x00000000e1880000)
  from space 1088K,  70% used [0x00000000e1880000, 0x00000000e19406f8, 0x00000000e1990000)
  to   space 1088K,   0% used [0x00000000e1990000, 0x00000000e1990000, 0x00000000e1aa0000)
 concurrent mark-sweep generation total 118492K, used 69071K [0x00000000eb4a0000, 0x00000000f2857000, 0x0000000100000000)
 Metaspace       used 95709K, capacity 99911K, committed 100096K, reserved 1136640K
  class space    used 11675K, capacity 12462K, committed 12544K, reserved 1048576K
}
2019-06-25T00:44:46.318+0000: 318706.227: Application time: 0.0669773 seconds
2019-06-25T00:44:46.318+0000: 318706.228: Application time: 0.0001320 seconds
2019-06-25T00:44:46.318+0000: 318706.228: Application time: 0.0000870 seconds
2019-06-25T00:44:46.319+0000: 318706.229: Application time: 0.0000809 seconds
2019-06-25T00:44:46.319+0000: 318706.229: Application time: 0.0000807 seconds
2019-06-25T00:44:46.319+0000: 318706.229: Application time: 0.0001206 seconds
2019-06-25T00:44:51.241+0000: 318711.150: Application time: 4.9210039 seconds
2019-06-25T00:44:51.278+0000: 318711.188: Application time: 0.0375983 seconds
2019-06-25T00:44:59.893+0000: 318719.803: Application time: 8.6144510 seconds
2019-06-25T00:44:59.894+0000: 318719.804: Application time: 0.0001108 seconds
2019-06-25T00:44:59.894+0000: 318719.804: Application time: 0.0002415 seconds
2019-06-25T00:44:59.895+0000: 318719.804: Application time: 0.0001227 seconds
2019-06-25T00:44:59.896+0000: 318719.806: Application time: 0.0015551 seconds
2019-06-25T00:46:20.416+0000: 318800.326: Application time: 80.5199545 seconds
{Heap before GC invocations=4712 (full 137):
 par new generation   total 9792K, used 9473K [0x00000000e1000000, 0x00000000e1aa0000, 0x00000000eb4a0000)
  eden space 8704K, 100% used [0x00000000e1000000, 0x00000000e1880000, 0x00000000e1880000)
  from space 1088K,  70% used [0x00000000e1880000, 0x00000000e19406f8, 0x00000000e1990000)
  to   space 1088K,   0% used [0x00000000e1990000, 0x00000000e1990000, 0x00000000e1aa0000)
 concurrent mark-sweep generation total 118492K, used 69071K [0x00000000eb4a0000, 0x00000000f2857000, 0x0000000100000000)
 Metaspace       used 95709K, capacity 99911K, committed 100096K, reserved 1136640K
  class space    used 11675K, capacity 12462K, committed 12544K, reserved 1048576K
2019-06-25T00:46:20.417+0000: 318800.327: [GC (Allocation Failure) 2019-06-25T00:46:20.417+0000: 318800.327: [ParNew: 9473K->645K(9792K), 0.0047029 secs] 78545K->69882K(128284K), 0.0047892 secs] [Times: user=0.00 sys=0.00, real=0.01 secs] 
Heap after GC invocations=4713 (full 137):
 par new generation   total 9792K, used 645K [0x00000000e1000000, 0x00000000e1aa0000, 0x00000000eb4a0000)
  eden space 8704K,   0% used [0x00000000e1000000, 0x00000000e1000000, 0x00000000e1880000)
  from space 1088K,  59% used [0x00000000e1990000, 0x00000000e1a31520, 0x00000000e1aa0000)
  to   space 1088K,   0% used [0x00000000e1880000, 0x00000000e1880000, 0x00000000e1990000)
 concurrent mark-sweep generation total 118492K, used 69237K [0x00000000eb4a0000, 0x00000000f2857000, 0x0000000100000000)
 Metaspace       used 95709K, capacity 99911K, committed 100096K, reserved 1136640K
  class space    used 11675K, capacity 12462K, committed 12544K, reserved 1048576K
}
2019-06-25T00:46:21.708+0000: 318801.618: Application time: 1.2864711 seconds
2019-06-25T00:48:05.540+0000: 318905.450: Application time: 103.8314978 seconds
{Heap before GC invocations=4713 (full 137):
 par new generation   total 9792K, used 9349K [0x00000000e1000000, 0x00000000e1aa0000, 0x00000000eb4a0000)
  eden space 8704K, 100% used [0x00000000e1000000, 0x00000000e1880000, 0x00000000e1880000)
  from space 1088K,  59% used [0x00000000e1990000, 0x00000000e1a31520, 0x00000000e1aa0000)
  to   space 1088K,   0% used [0x00000000e1880000, 0x00000000e1880000, 0x00000000e1990000)
 concurrent mark-sweep generation total 118492K, used 69237K [0x00000000eb4a0000, 0x00000000f2857000, 0x0000000100000000)
 Metaspace       used 95709K, capacity 99911K, committed 100096K, reserved 1136640K
  class space    used 11675K, capacity 12462K, committed 12544K, reserved 1048576K
2019-06-25T00:48:05.540+0000: 318905.450: [GC (Allocation Failure) 2019-06-25T00:48:05.540+0000: 318905.450: [ParNew: 9349K->601K(9792K), 0.0046285 secs] 78586K->69936K(128284K), 0.0047157 secs] [Times: user=0.00 sys=0.00, real=0.00 secs] 
Heap after GC invocations=4714 (full 137):
 par new generation   total 9792K, used 601K [0x00000000e1000000, 0x00000000e1aa0000, 0x00000000eb4a0000)
  eden space 8704K,   0% used [0x00000000e1000000, 0x00000000e1000000, 0x00000000e1880000)
  from space 1088K,  55% used [0x00000000e1880000, 0x00000000e1916688, 0x00000000e1990000)
  to   space 1088K,   0% used [0x00000000e1990000, 0x00000000e1990000, 0x00000000e1aa0000)
 concurrent mark-sweep generation total 118492K, used 69334K [0x00000000eb4a0000, 0x00000000f2857000, 0x0000000100000000)
 Metaspace       used 95709K, capacity 99911K, committed 100096K, reserved 1136640K
  class space    used 11675K, capacity 12462K, committed 12544K, reserved 1048576K
}
2019-06-25T00:49:46.152+0000: 319006.062: Application time: 100.6068398 seconds
{Heap before GC invocations=4714 (full 137):
 par new generation   total 9792K, used 9298K [0x00000000e1000000, 0x00000000e1aa0000, 0x00000000eb4a0000)
  eden space 8704K,  99% used [0x00000000e1000000, 0x00000000e187e198, 0x00000000e1880000)
  from space 1088K,  55% used [0x00000000e1880000, 0x00000000e1916688, 0x00000000e1990000)
  to   space 1088K,   0% used [0x00000000e1990000, 0x00000000e1990000, 0x00000000e1aa0000)
 concurrent mark-sweep generation total 118492K, used 69334K [0x00000000eb4a0000, 0x00000000f2857000, 0x0000000100000000)
 Metaspace       used 95709K, capacity 99911K, committed 100096K, reserved 1136640K
  class space    used 11675K, capacity 12462K, committed 12544K, reserved 1048576K
2019-06-25T00:49:46.153+0000: 319006.062: [GC (Allocation Failure) 2019-06-25T00:49:46.153+0000: 319006.062: [ParNew: 9298K->834K(9792K), 0.0101163 secs] 78633K->70169K(128284K), 0.0101998 secs] [Times: user=0.02 sys=0.00, real=0.01 secs] 
Heap after GC invocations=4715 (full 137):
 par new generation   total 9792K, used 834K [0x00000000e1000000, 0x00000000e1aa0000, 0x00000000eb4a0000)
  eden space 8704K,   0% used [0x00000000e1000000, 0x00000000e1000000, 0x00000000e1880000)
  from space 1088K,  76% used [0x00000000e1990000, 0x00000000e1a609f8, 0x00000000e1aa0000)
  to   space 1088K,   0% used [0x00000000e1880000, 0x00000000e1880000, 0x00000000e1990000)
 concurrent mark-sweep generation total 118492K, used 69334K [0x00000000eb4a0000, 0x00000000f2857000, 0x0000000100000000)
 Metaspace       used 95709K, capacity 99911K, committed 100096K, reserved 1136640K
  class space    used 11675K, capacity 12462K, committed 12544K, reserved 1048576K
}
2019-06-25T00:51:21.688+0000: 319101.598: Application time: 95.5247908 seconds
2019-06-25T00:51:24.740+0000: 319104.649: Application time: 3.0512008 seconds
{Heap before GC invocations=4715 (full 137):
 par new generation   total 9792K, used 9538K [0x00000000e1000000, 0x00000000e1aa0000, 0x00000000eb4a0000)
  eden space 8704K, 100% used [0x00000000e1000000, 0x00000000e1880000, 0x00000000e1880000)
  from space 1088K,  76% used [0x00000000e1990000, 0x00000000e1a609f8, 0x00000000e1aa0000)
  to   space 1088K,   0% used [0x00000000e1880000, 0x00000000e1880000, 0x00000000e1990000)
 concurrent mark-sweep generation total 118492K, used 69334K [0x00000000eb4a0000, 0x00000000f2857000, 0x0000000100000000)
 Metaspace       used 95709K, capacity 99911K, committed 100096K, reserved 1136640K
  class space    used 11675K, capacity 12462K, committed 12544K, reserved 1048576K
2019-06-25T00:51:24.740+0000: 319104.650: [GC (Allocation Failure) 2019-06-25T00:51:24.740+0000: 319104.650: [ParNew: 9538K->806K(9792K), 0.0031370 secs] 78873K->70220K(128284K), 0.0031944 secs] [Times: user=0.01 sys=0.00, real=0.00 secs] 
Heap after GC invocations=4716 (full 137):
 par new generation   total 9792K, used 806K [0x00000000e1000000, 0x00000000e1aa0000, 0x00000000eb4a0000)
  eden space 8704K,   0% used [0x00000000e1000000, 0x00000000e1000000, 0x00000000e1880000)
  from space 1088K,  74% used [0x00000000e1880000, 0x00000000e1949860, 0x00000000e1990000)
  to   space 1088K,   0% used [0x00000000e1990000, 0x00000000e1990000, 0x00000000e1aa0000)
 concurrent mark-sweep generation total 118492K, used 69414K [0x00000000eb4a0000, 0x00000000f2857000, 0x0000000100000000)
 Metaspace       used 95709K, capacity 99911K, committed 100096K, reserved 1136640K
  class space    used 11675K, capacity 12462K, committed 12544K, reserved 1048576K
}
2019-06-25T00:53:10.132+0000: 319210.042: Application time: 105.3888819 seconds
{Heap before GC invocations=4716 (full 137):
 par new generation   total 9792K, used 9510K [0x00000000e1000000, 0x00000000e1aa0000, 0x00000000eb4a0000)
  eden space 8704K, 100% used [0x00000000e1000000, 0x00000000e1880000, 0x00000000e1880000)
  from space 1088K,  74% used [0x00000000e1880000, 0x00000000e1949860, 0x00000000e1990000)
  to   space 1088K,   0% used [0x00000000e1990000, 0x00000000e1990000, 0x00000000e1aa0000)
 concurrent mark-sweep generation total 118492K, used 69414K [0x00000000eb4a0000, 0x00000000f2857000, 0x0000000100000000)
 Metaspace       used 95709K, capacity 99911K, committed 100096K, reserved 1136640K
  class space    used 11675K, capacity 12462K, committed 12544K, reserved 1048576K
2019-06-25T00:53:10.132+0000: 319210.042: [GC (Allocation Failure) 2019-06-25T00:53:10.133+0000: 319210.042: [ParNew: 9510K->594K(9792K), 0.0033232 secs] 78924K->70080K(128284K), 0.0033931 secs] [Times: user=0.01 sys=0.00, real=0.00 secs] 
Heap after GC invocations=4717 (full 137):
 par new generation   total 9792K, used 594K [0x00000000e1000000, 0x00000000e1aa0000, 0x00000000eb4a0000)
  eden space 8704K,   0% used [0x00000000e1000000, 0x00000000e1000000, 0x00000000e1880000)
  from space 1088K,  54% used [0x00000000e1990000, 0x00000000e1a24a28, 0x00000000e1aa0000)
  to   space 1088K,   0% used [0x00000000e1880000, 0x00000000e1880000, 0x00000000e1990000)
 concurrent mark-sweep generation total 118492K, used 69485K [0x00000000eb4a0000, 0x00000000f2857000, 0x0000000100000000)
 Metaspace       used 95709K, capacity 99911K, committed 100096K, reserved 1136640K
  class space    used 11675K, capacity 12462K, committed 12544K, reserved 1048576K
}
2019-06-25T00:54:46.750+0000: 319306.660: Application time: 96.6142758 seconds
{Heap before GC invocations=4717 (full 137):
 par new generation   total 9792K, used 9298K [0x00000000e1000000, 0x00000000e1aa0000, 0x00000000eb4a0000)
  eden space 8704K, 100% used [0x00000000e1000000, 0x00000000e1880000, 0x00000000e1880000)
  from space 1088K,  54% used [0x00000000e1990000, 0x00000000e1a24a28, 0x00000000e1aa0000)
  to   space 1088K,   0% used [0x00000000e1880000, 0x00000000e1880000, 0x00000000e1990000)
 concurrent mark-sweep generation total 118492K, used 69485K [0x00000000eb4a0000, 0x00000000f2857000, 0x0000000100000000)
 Metaspace       used 95709K, capacity 99911K, committed 100096K, reserved 1136640K
  class space    used 11675K, capacity 12462K, committed 12544K, reserved 1048576K
2019-06-25T00:54:46.751+0000: 319306.660: [GC (Allocation Failure) 2019-06-25T00:54:46.751+0000: 319306.660: [ParNew: 9298K->610K(9792K), 0.0029795 secs] 78784K->70096K(128284K), 0.0030406 secs] [Times: user=0.00 sys=0.01, real=0.00 secs] 
Heap after GC invocations=4718 (full 137):
 par new generation   total 9792K, used 610K [0x00000000e1000000, 0x00000000e1aa0000, 0x00000000eb4a0000)
  eden space 8704K,   0% used [0x00000000e1000000, 0x00000000e1000000, 0x00000000e1880000)
  from space 1088K,  56% used [0x00000000e1880000, 0x00000000e1918a40, 0x00000000e1990000)
  to   space 1088K,   0% used [0x00000000e1990000, 0x00000000e1990000, 0x00000000e1aa0000)
 concurrent mark-sweep generation total 118492K, used 69485K [0x00000000eb4a0000, 0x00000000f2857000, 0x0000000100000000)
 Metaspace       used 95709K, capacity 99911K, committed 100096K, reserved 1136640K
  class space    used 11675K, capacity 12462K, committed 12544K, reserved 1048576K
}
2019-06-25T00:56:21.768+0000: 319401.677: Application time: 95.0137464 seconds
2019-06-25T00:56:28.131+0000: 319408.041: Application time: 6.3635042 seconds
{Heap before GC invocations=4718 (full 137):
 par new generation   total 9792K, used 9314K [0x00000000e1000000, 0x00000000e1aa0000, 0x00000000eb4a0000)
  eden space 8704K, 100% used [0x00000000e1000000, 0x00000000e1880000, 0x00000000e1880000)
  from space 1088K,  56% used [0x00000000e1880000, 0x00000000e1918a40, 0x00000000e1990000)
  to   space 1088K,   0% used [0x00000000e1990000, 0x00000000e1990000, 0x00000000e1aa0000)
 concurrent mark-sweep generation total 118492K, used 69485K [0x00000000eb4a0000, 0x00000000f2857000, 0x0000000100000000)
 Metaspace       used 95709K, capacity 99911K, committed 100096K, reserved 1136640K
  class space    used 11675K, capacity 12462K, committed 12544K, reserved 1048576K
2019-06-25T00:56:28.132+0000: 319408.041: [GC (Allocation Failure) 2019-06-25T00:56:28.132+0000: 319408.041: [ParNew: 9314K->594K(9792K), 0.0028624 secs] 78800K->70080K(128284K), 0.0029199 secs] [Times: user=0.00 sys=0.01, real=0.00 secs] 
Heap after GC invocations=4719 (full 137):
 par new generation   total 9792K, used 594K [0x00000000e1000000, 0x00000000e1aa0000, 0x00000000eb4a0000)
  eden space 8704K,   0% used [0x00000000e1000000, 0x00000000e1000000, 0x00000000e1880000)
  from space 1088K,  54% used [0x00000000e1990000, 0x00000000e1a24be0, 0x00000000e1aa0000)
  to   space 1088K,   0% used [0x00000000e1880000, 0x00000000e1880000, 0x00000000e1990000)
 concurrent mark-sweep generation total 118492K, used 69485K [0x00000000eb4a0000, 0x00000000f2857000, 0x0000000100000000)
 Metaspace       used 95709K, capacity 99911K, committed 100096K, reserved 1136640K
  class space    used 11675K, capacity 12462K, committed 12544K, reserved 1048576K
}
2019-06-25T00:58:10.419+0000: 319510.329: Application time: 102.2844147 seconds
{Heap before GC invocations=4719 (full 137):
 par new generation   total 9792K, used 9298K [0x00000000e1000000, 0x00000000e1aa0000, 0x00000000eb4a0000)
  eden space 8704K, 100% used [0x00000000e1000000, 0x00000000e1880000, 0x00000000e1880000)
  from space 1088K,  54% used [0x00000000e1990000, 0x00000000e1a24be0, 0x00000000e1aa0000)
  to   space 1088K,   0% used [0x00000000e1880000, 0x00000000e1880000, 0x00000000e1990000)
 concurrent mark-sweep generation total 118492K, used 69485K [0x00000000eb4a0000, 0x00000000f2857000, 0x0000000100000000)
 Metaspace       used 95709K, capacity 99911K, committed 100096K, reserved 1136640K
  class space    used 11675K, capacity 12462K, committed 12544K, reserved 1048576K
2019-06-25T00:58:10.420+0000: 319510.329: [GC (Allocation Failure) 2019-06-25T00:58:10.420+0000: 319510.329: [ParNew: 9298K->629K(9792K), 0.0042128 secs] 78784K->70115K(128284K), 0.0043018 secs] [Times: user=0.01 sys=0.00, real=0.00 secs] 
Heap after GC invocations=4720 (full 137):
 par new generation   total 9792K, used 629K [0x00000000e1000000, 0x00000000e1aa0000, 0x00000000eb4a0000)
  eden space 8704K,   0% used [0x00000000e1000000, 0x00000000e1000000, 0x00000000e1880000)
  from space 1088K,  57% used [0x00000000e1880000, 0x00000000e191d5e0, 0x00000000e1990000)
  to   space 1088K,   0% used [0x00000000e1990000, 0x00000000e1990000, 0x00000000e1aa0000)
 concurrent mark-sweep generation total 118492K, used 69485K [0x00000000eb4a0000, 0x00000000f2857000, 0x0000000100000000)
 Metaspace       used 95709K, capacity 99911K, committed 100096K, reserved 1136640K
  class space    used 11675K, capacity 12462K, committed 12544K, reserved 1048576K
}
2019-06-25T00:59:49.246+0000: 319609.156: Application time: 98.8219204 seconds
{Heap before GC invocations=4720 (full 137):
 par new generation   total 9792K, used 9333K [0x00000000e1000000, 0x00000000e1aa0000, 0x00000000eb4a0000)
  eden space 8704K, 100% used [0x00000000e1000000, 0x00000000e1880000, 0x00000000e1880000)
  from space 1088K,  57% used [0x00000000e1880000, 0x00000000e191d5e0, 0x00000000e1990000)
  to   space 1088K,   0% used [0x00000000e1990000, 0x00000000e1990000, 0x00000000e1aa0000)
 concurrent mark-sweep generation total 118492K, used 69485K [0x00000000eb4a0000, 0x00000000f2857000, 0x0000000100000000)
 Metaspace       used 95709K, capacity 99911K, committed 100096K, reserved 1136640K
  class space    used 11675K, capacity 12462K, committed 12544K, reserved 1048576K
2019-06-25T00:59:49.246+0000: 319609.156: [GC (Allocation Failure) 2019-06-25T00:59:49.246+0000: 319609.156: [ParNew: 9333K->690K(9792K), 0.0049528 secs] 78819K->70175K(128284K), 0.0050697 secs] [Times: user=0.01 sys=0.00, real=0.01 secs] 
Heap after GC invocations=4721 (full 137):
 par new generation   total 9792K, used 690K [0x00000000e1000000, 0x00000000e1aa0000, 0x00000000eb4a0000)
  eden space 8704K,   0% used [0x00000000e1000000, 0x00000000e1000000, 0x00000000e1880000)
  from space 1088K,  63% used [0x00000000e1990000, 0x00000000e1a3c880, 0x00000000e1aa0000)
  to   space 1088K,   0% used [0x00000000e1880000, 0x00000000e1880000, 0x00000000e1990000)
 concurrent mark-sweep generation total 118492K, used 69485K [0x00000000eb4a0000, 0x00000000f2857000, 0x0000000100000000)
 Metaspace       used 95709K, capacity 99911K, committed 100096K, reserved 1136640K
  class space    used 11675K, capacity 12462K, committed 12544K, reserved 1048576K
}
2019-06-25T01:00:16.736+0000: 319636.645: Application time: 27.4841357 seconds
2019-06-25T01:00:16.738+0000: 319636.647: Application time: 0.0017356 seconds
2019-06-25T01:00:16.783+0000: 319636.693: Application time: 0.0448711 seconds
2019-06-25T01:00:16.785+0000: 319636.695: Application time: 0.0017139 seconds
2019-06-25T01:01:21.748+0000: 319701.657: Application time: 64.9625839 seconds
2019-06-25T01:01:30.480+0000: 319710.390: Application time: 8.7319562 seconds
{Heap before GC invocations=4721 (full 137):
 par new generation   total 9792K, used 9393K [0x00000000e1000000, 0x00000000e1aa0000, 0x00000000eb4a0000)
  eden space 8704K,  99% used [0x00000000e1000000, 0x00000000e187fd88, 0x00000000e1880000)
  from space 1088K,  63% used [0x00000000e1990000, 0x00000000e1a3c880, 0x00000000e1aa0000)
  to   space 1088K,   0% used [0x00000000e1880000, 0x00000000e1880000, 0x00000000e1990000)
 concurrent mark-sweep generation total 118492K, used 69485K [0x00000000eb4a0000, 0x00000000f2857000, 0x0000000100000000)
 Metaspace       used 95709K, capacity 99911K, committed 100096K, reserved 1136640K
  class space    used 11675K, capacity 12462K, committed 12544K, reserved 1048576K
2019-06-25T01:01:30.481+0000: 319710.390: [GC (Allocation Failure) 2019-06-25T01:01:30.481+0000: 319710.391: [ParNew: 9393K->563K(9792K), 0.0061746 secs] 78879K->70078K(128284K), 0.0063270 secs] [Times: user=0.00 sys=0.01, real=0.00 secs] 
Heap after GC invocations=4722 (full 137):
 par new generation   total 9792K, used 563K [0x00000000e1000000, 0x00000000e1aa0000, 0x00000000eb4a0000)
  eden space 8704K,   0% used [0x00000000e1000000, 0x00000000e1000000, 0x00000000e1880000)
  from space 1088K,  51% used [0x00000000e1880000, 0x00000000e190ce98, 0x00000000e1990000)
  to   space 1088K,   0% used [0x00000000e1990000, 0x00000000e1990000, 0x00000000e1aa0000)
 concurrent mark-sweep generation total 118492K, used 69514K [0x00000000eb4a0000, 0x00000000f2857000, 0x0000000100000000)
 Metaspace       used 95709K, capacity 99911K, committed 100096K, reserved 1136640K
  class space    used 11675K, capacity 12462K, committed 12544K, reserved 1048576K
}
2019-06-25T01:03:12.824+0000: 319812.734: Application time: 102.3368088 seconds
{Heap before GC invocations=4722 (full 137):
 par new generation   total 9792K, used 9267K [0x00000000e1000000, 0x00000000e1aa0000, 0x00000000eb4a0000)
  eden space 8704K, 100% used [0x00000000e1000000, 0x00000000e1880000, 0x00000000e1880000)
  from space 1088K,  51% used [0x00000000e1880000, 0x00000000e190ce98, 0x00000000e1990000)
  to   space 1088K,   0% used [0x00000000e1990000, 0x00000000e1990000, 0x00000000e1aa0000)
 concurrent mark-sweep generation total 118492K, used 69514K [0x00000000eb4a0000, 0x00000000f2857000, 0x0000000100000000)
 Metaspace       used 95709K, capacity 99911K, committed 100096K, reserved 1136640K
  class space    used 11675K, capacity 12462K, committed 12544K, reserved 1048576K
2019-06-25T01:03:12.824+0000: 319812.734: [GC (Allocation Failure) 2019-06-25T01:03:12.824+0000: 319812.734: [ParNew: 9267K->629K(9792K), 0.0030139 secs] 78782K->70147K(128284K), 0.0030759 secs] [Times: user=0.00 sys=0.01, real=0.00 secs] 
Heap after GC invocations=4723 (full 137):
 par new generation   total 9792K, used 629K [0x00000000e1000000, 0x00000000e1aa0000, 0x00000000eb4a0000)
  eden space 8704K,   0% used [0x00000000e1000000, 0x00000000e1000000, 0x00000000e1880000)
  from space 1088K,  57% used [0x00000000e1990000, 0x00000000e1a2d7e8, 0x00000000e1aa0000)
  to   space 1088K,   0% used [0x00000000e1880000, 0x00000000e1880000, 0x00000000e1990000)
 concurrent mark-sweep generation total 118492K, used 69517K [0x00000000eb4a0000, 0x00000000f2857000, 0x0000000100000000)
 Metaspace       used 95709K, capacity 99911K, committed 100096K, reserved 1136640K
  class space    used 11675K, capacity 12462K, committed 12544K, reserved 1048576K
}
2019-06-25T01:04:39.422+0000: 319899.332: Application time: 86.5946896 seconds
{Heap before GC invocations=4723 (full 137):
 par new generation   total 9792K, used 9333K [0x00000000e1000000, 0x00000000e1aa0000, 0x00000000eb4a0000)
  eden space 8704K,  99% used [0x00000000e1000000, 0x00000000e187fd78, 0x00000000e1880000)
  from space 1088K,  57% used [0x00000000e1990000, 0x00000000e1a2d7e8, 0x00000000e1aa0000)
  to   space 1088K,   0% used [0x00000000e1880000, 0x00000000e1880000, 0x00000000e1990000)
 concurrent mark-sweep generation total 118492K, used 69517K [0x00000000eb4a0000, 0x00000000f2857000, 0x0000000100000000)
 Metaspace       used 95709K, capacity 99911K, committed 100096K, reserved 1136640K
  class space    used 11675K, capacity 12462K, committed 12544K, reserved 1048576K
2019-06-25T01:04:39.423+0000: 319899.332: [GC (Allocation Failure) 2019-06-25T01:04:39.423+0000: 319899.332: [ParNew: 9333K->1088K(9792K), 0.0234488 secs] 78850K->70605K(128284K), 0.0236076 secs] [Times: user=0.04 sys=0.00, real=0.02 secs] 
Heap after GC invocations=4724 (full 137):
 par new generation   total 9792K, used 1088K [0x00000000e1000000, 0x00000000e1aa0000, 0x00000000eb4a0000)
  eden space 8704K,   0% used [0x00000000e1000000, 0x00000000e1000000, 0x00000000e1880000)
  from space 1088K, 100% used [0x00000000e1880000, 0x00000000e1990000, 0x00000000e1990000)
  to   space 1088K,   0% used [0x00000000e1990000, 0x00000000e1990000, 0x00000000e1aa0000)
 concurrent mark-sweep generation total 118492K, used 69517K [0x00000000eb4a0000, 0x00000000f2857000, 0x0000000100000000)
 Metaspace       used 95709K, capacity 99911K, committed 100096K, reserved 1136640K
  class space    used 11675K, capacity 12462K, committed 12544K, reserved 1048576K
}
2019-06-25T01:04:39.550+0000: 319899.460: Application time: 0.1033544 seconds
2019-06-25T01:04:39.550+0000: 319899.460: Application time: 0.0000746 seconds
2019-06-25T01:04:39.551+0000: 319899.460: Application time: 0.0000809 seconds
2019-06-25T01:04:39.551+0000: 319899.461: Application time: 0.0000638 seconds
2019-06-25T01:04:39.551+0000: 319899.461: Application time: 0.0000608 seconds
2019-06-25T01:04:39.551+0000: 319899.461: Application time: 0.0000695 seconds
2019-06-25T01:04:44.420+0000: 319904.330: Application time: 4.8682372 seconds
2019-06-25T01:04:44.468+0000: 319904.378: Application time: 0.0478064 seconds
2019-06-25T01:05:00.069+0000: 319919.979: Application time: 15.6010558 seconds
2019-06-25T01:05:00.070+0000: 319919.980: Application time: 0.0000722 seconds
2019-06-25T01:05:00.070+0000: 319919.980: Application time: 0.0001670 seconds
2019-06-25T01:05:09.097+0000: 319929.007: Application time: 9.0269083 seconds
2019-06-25T01:05:09.099+0000: 319929.009: Application time: 0.0014424 seconds
2019-06-25T01:05:17.592+0000: 319937.502: Application time: 8.4930455 seconds
2019-06-25T01:05:17.596+0000: 319937.506: Application time: 0.0001661 seconds
2019-06-25T01:05:17.597+0000: 319937.507: Application time: 0.0001510 seconds
2019-06-25T01:05:17.597+0000: 319937.507: Application time: 0.0001541 seconds
2019-06-25T01:05:22.166+0000: 319942.075: Application time: 4.5677827 seconds
2019-06-25T01:05:22.190+0000: 319942.100: Application time: 0.0246048 seconds
2019-06-25T01:05:30.073+0000: 319949.983: Application time: 7.8820638 seconds
2019-06-25T01:05:30.074+0000: 319949.984: Application time: 0.0001770 seconds
2019-06-25T01:05:30.074+0000: 319949.984: Application time: 0.0001515 seconds
2019-06-25T01:05:30.075+0000: 319949.985: Application time: 0.0001488 seconds
2019-06-25T01:05:30.076+0000: 319949.986: Application time: 0.0008935 seconds
2019-06-25T01:05:30.079+0000: 319949.989: Application time: 0.0023638 seconds
2019-06-25T01:05:46.259+0000: 319966.169: Application time: 16.1802103 seconds
{Heap before GC invocations=4724 (full 137):
 par new generation   total 9792K, used 9792K [0x00000000e1000000, 0x00000000e1aa0000, 0x00000000eb4a0000)
  eden space 8704K, 100% used [0x00000000e1000000, 0x00000000e1880000, 0x00000000e1880000)
  from space 1088K, 100% used [0x00000000e1880000, 0x00000000e1990000, 0x00000000e1990000)
  to   space 1088K,   0% used [0x00000000e1990000, 0x00000000e1990000, 0x00000000e1aa0000)
 concurrent mark-sweep generation total 118492K, used 69517K [0x00000000eb4a0000, 0x00000000f2857000, 0x0000000100000000)
 Metaspace       used 95709K, capacity 99911K, committed 100096K, reserved 1136640K
  class space    used 11675K, capacity 12462K, committed 12544K, reserved 1048576K
2019-06-25T01:05:46.260+0000: 319966.170: [GC (Allocation Failure) 2019-06-25T01:05:46.260+0000: 319966.170: [ParNew: 9792K->546K(9792K), 0.0034713 secs] 79309K->70307K(128284K), 0.0035307 secs] [Times: user=0.00 sys=0.01, real=0.00 secs] 
Heap after GC invocations=4725 (full 137):
 par new generation   total 9792K, used 546K [0x00000000e1000000, 0x00000000e1aa0000, 0x00000000eb4a0000)
  eden space 8704K,   0% used [0x00000000e1000000, 0x00000000e1000000, 0x00000000e1880000)
  from space 1088K,  50% used [0x00000000e1990000, 0x00000000e1a18ba0, 0x00000000e1aa0000)
  to   space 1088K,   0% used [0x00000000e1880000, 0x00000000e1880000, 0x00000000e1990000)
 concurrent mark-sweep generation total 118492K, used 69760K [0x00000000eb4a0000, 0x00000000f2857000, 0x0000000100000000)
 Metaspace       used 95709K, capacity 99911K, committed 100096K, reserved 1136640K
  class space    used 11675K, capacity 12462K, committed 12544K, reserved 1048576K
}
2019-06-25T01:05:54.273+0000: 319974.183: Application time: 8.0099909 seconds
2019-06-25T01:05:54.637+0000: 319974.547: Application time: 0.3630747 seconds
2019-06-25T01:05:54.637+0000: 319974.547: Application time: 0.0000675 seconds
2019-06-25T01:05:54.638+0000: 319974.548: Application time: 0.0000743 seconds
2019-06-25T01:05:54.638+0000: 319974.548: Application time: 0.0001176 seconds
2019-06-25T01:05:59.275+0000: 319979.185: Application time: 4.6366350 seconds
2019-06-25T01:05:59.310+0000: 319979.220: Application time: 0.0352778 seconds
2019-06-25T01:06:00.084+0000: 319979.994: Application time: 0.7734818 seconds
2019-06-25T01:06:00.085+0000: 319979.995: Application time: 0.0000782 seconds
2019-06-25T01:06:00.085+0000: 319979.995: Application time: 0.0001802 seconds
2019-06-25T01:06:00.085+0000: 319979.995: Application time: 0.0001821 seconds
2019-06-25T01:06:00.086+0000: 319979.996: Application time: 0.0002549 seconds
2019-06-25T01:06:09.102+0000: 319989.012: Application time: 9.0158047 seconds
2019-06-25T01:06:21.823+0000: 320001.733: Application time: 12.7213409 seconds
2019-06-25T01:06:34.487+0000: 320014.397: Application time: 12.6636454 seconds
2019-06-25T01:06:34.681+0000: 320014.591: Application time: 0.1923935 seconds
2019-06-25T01:06:34.683+0000: 320014.593: Application time: 0.0000817 seconds
2019-06-25T01:06:34.683+0000: 320014.593: Application time: 0.0000810 seconds
2019-06-25T01:06:34.684+0000: 320014.594: Application time: 0.0000756 seconds
2019-06-25T01:06:38.690+0000: 320018.600: Application time: 4.0055039 seconds
{Heap before GC invocations=4725 (full 137):
 par new generation   total 9792K, used 9250K [0x00000000e1000000, 0x00000000e1aa0000, 0x00000000eb4a0000)
  eden space 8704K, 100% used [0x00000000e1000000, 0x00000000e1880000, 0x00000000e1880000)
  from space 1088K,  50% used [0x00000000e1990000, 0x00000000e1a18ba0, 0x00000000e1aa0000)
  to   space 1088K,   0% used [0x00000000e1880000, 0x00000000e1880000, 0x00000000e1990000)
 concurrent mark-sweep generation total 118492K, used 69760K [0x00000000eb4a0000, 0x00000000f2857000, 0x0000000100000000)
 Metaspace       used 95709K, capacity 99911K, committed 100096K, reserved 1136640K
  class space    used 11675K, capacity 12462K, committed 12544K, reserved 1048576K
2019-06-25T01:06:38.690+0000: 320018.600: [GC (Allocation Failure) 2019-06-25T01:06:38.690+0000: 320018.600: [ParNew: 9250K->902K(9792K), 0.0029955 secs] 79011K->70663K(128284K), 0.0030612 secs] [Times: user=0.01 sys=0.00, real=0.00 secs] 
Heap after GC invocations=4726 (full 137):
 par new generation   total 9792K, used 902K [0x00000000e1000000, 0x00000000e1aa0000, 0x00000000eb4a0000)
  eden space 8704K,   0% used [0x00000000e1000000, 0x00000000e1000000, 0x00000000e1880000)
  from space 1088K,  82% used [0x00000000e1880000, 0x00000000e19619a0, 0x00000000e1990000)
  to   space 1088K,   0% used [0x00000000e1990000, 0x00000000e1990000, 0x00000000e1aa0000)
 concurrent mark-sweep generation total 118492K, used 69760K [0x00000000eb4a0000, 0x00000000f2857000, 0x0000000100000000)
 Metaspace       used 95709K, capacity 99911K, committed 100096K, reserved 1136640K
  class space    used 11675K, capacity 12462K, committed 12544K, reserved 1048576K
}
2019-06-25T01:06:39.490+0000: 320019.400: Application time: 0.7964983 seconds
2019-06-25T01:06:39.521+0000: 320019.431: Application time: 0.0307883 seconds
2019-06-25T01:07:00.092+0000: 320040.002: Application time: 20.5709263 seconds
2019-06-25T01:07:00.093+0000: 320040.002: Application time: 0.0001324 seconds
2019-06-25T01:07:00.093+0000: 320040.003: Application time: 0.0001179 seconds
2019-06-25T01:07:00.093+0000: 320040.003: Application time: 0.0001167 seconds
2019-06-25T01:07:00.094+0000: 320040.003: Application time: 0.0003282 seconds
2019-06-25T01:07:00.095+0000: 320040.004: Application time: 0.0008490 seconds
2019-06-25T01:07:18.571+0000: 320058.480: Application time: 18.4759393 seconds
2019-06-25T01:07:23.572+0000: 320063.482: Application time: 5.0011147 seconds
2019-06-25T01:07:23.596+0000: 320063.506: Application time: 0.0237803 seconds
2019-06-25T01:07:30.096+0000: 320070.006: Application time: 6.4996682 seconds
2019-06-25T01:07:30.097+0000: 320070.007: Application time: 0.0001053 seconds
2019-06-25T01:07:30.097+0000: 320070.007: Application time: 0.0000943 seconds
2019-06-25T01:07:30.097+0000: 320070.007: Application time: 0.0000876 seconds
2019-06-25T01:07:30.098+0000: 320070.008: Application time: 0.0000857 seconds
2019-06-25T01:07:30.098+0000: 320070.008: Application time: 0.0001690 seconds
2019-06-25T01:07:30.099+0000: 320070.008: Application time: 0.0002427 seconds
2019-06-25T01:07:30.099+0000: 320070.009: Application time: 0.0002371 seconds
2019-06-25T01:07:30.100+0000: 320070.009: Application time: 0.0003052 seconds
2019-06-25T01:07:52.319+0000: 320092.228: Application time: 22.2187036 seconds
{Heap before GC invocations=4726 (full 137):
 par new generation   total 9792K, used 9606K [0x00000000e1000000, 0x00000000e1aa0000, 0x00000000eb4a0000)
  eden space 8704K, 100% used [0x00000000e1000000, 0x00000000e1880000, 0x00000000e1880000)
  from space 1088K,  82% used [0x00000000e1880000, 0x00000000e19619a0, 0x00000000e1990000)
  to   space 1088K,   0% used [0x00000000e1990000, 0x00000000e1990000, 0x00000000e1aa0000)
 concurrent mark-sweep generation total 118492K, used 69760K [0x00000000eb4a0000, 0x00000000f2857000, 0x0000000100000000)
 Metaspace       used 95709K, capacity 99911K, committed 100096K, reserved 1136640K
  class space    used 11675K, capacity 12462K, committed 12544K, reserved 1048576K
2019-06-25T01:07:52.319+0000: 320092.229: [GC (Allocation Failure) 2019-06-25T01:07:52.319+0000: 320092.229: [ParNew: 9606K->819K(9792K), 0.0053295 secs] 79367K->71004K(128284K), 0.0054294 secs] [Times: user=0.01 sys=0.00, real=0.00 secs] 
Heap after GC invocations=4727 (full 137):
 par new generation   total 9792K, used 819K [0x00000000e1000000, 0x00000000e1aa0000, 0x00000000eb4a0000)
  eden space 8704K,   0% used [0x00000000e1000000, 0x00000000e1000000, 0x00000000e1880000)
  from space 1088K,  75% used [0x00000000e1990000, 0x00000000e1a5cd68, 0x00000000e1aa0000)
  to   space 1088K,   0% used [0x00000000e1880000, 0x00000000e1880000, 0x00000000e1990000)
 concurrent mark-sweep generation total 118492K, used 70184K [0x00000000eb4a0000, 0x00000000f2857000, 0x0000000100000000)
 Metaspace       used 95709K, capacity 99911K, committed 100096K, reserved 1136640K
  class space    used 11675K, capacity 12462K, committed 12544K, reserved 1048576K
}
2019-06-25T01:08:09.107+0000: 320109.017: Application time: 16.7828968 seconds
2019-06-25T01:08:10.620+0000: 320110.529: Application time: 1.5118682 seconds
2019-06-25T01:08:31.673+0000: 320131.582: Application time: 21.0526778 seconds
2019-06-25T01:08:31.805+0000: 320131.715: Application time: 0.1284712 seconds
2019-06-25T01:08:36.678+0000: 320136.588: Application time: 4.8722317 seconds
2019-06-25T01:08:36.707+0000: 320136.616: Application time: 0.0281746 seconds
2019-06-25T01:08:49.862+0000: 320149.772: Application time: 13.1551125 seconds
2019-06-25T01:08:49.862+0000: 320149.772: Application time: 0.0000746 seconds
2019-06-25T01:08:49.863+0000: 320149.772: Application time: 0.0000790 seconds
2019-06-25T01:08:49.863+0000: 320149.773: Application time: 0.0000762 seconds
2019-06-25T01:08:49.863+0000: 320149.773: Application time: 0.0000758 seconds
2019-06-25T01:08:49.863+0000: 320149.773: Application time: 0.0000737 seconds
2019-06-25T01:08:49.867+0000: 320149.777: Application time: 0.0030778 seconds
{Heap before GC invocations=4727 (full 137):
 par new generation   total 9792K, used 9523K [0x00000000e1000000, 0x00000000e1aa0000, 0x00000000eb4a0000)
  eden space 8704K,  99% used [0x00000000e1000000, 0x00000000e187fef8, 0x00000000e1880000)
  from space 1088K,  75% used [0x00000000e1990000, 0x00000000e1a5cd68, 0x00000000e1aa0000)
  to   space 1088K,   0% used [0x00000000e1880000, 0x00000000e1880000, 0x00000000e1990000)
 concurrent mark-sweep generation total 118492K, used 70184K [0x00000000eb4a0000, 0x00000000f2857000, 0x0000000100000000)
 Metaspace       used 95709K, capacity 99911K, committed 100096K, reserved 1136640K
  class space    used 11675K, capacity 12462K, committed 12544K, reserved 1048576K
2019-06-25T01:08:49.868+0000: 320149.777: [GC (Allocation Failure) 2019-06-25T01:08:49.868+0000: 320149.777: [ParNew: 9523K->1046K(9792K), 0.0041122 secs] 79707K->71231K(128284K), 0.0041711 secs] [Times: user=0.00 sys=0.00, real=0.01 secs] 
Heap after GC invocations=4728 (full 137):
 par new generation   total 9792K, used 1046K [0x00000000e1000000, 0x00000000e1aa0000, 0x00000000eb4a0000)
  eden space 8704K,   0% used [0x00000000e1000000, 0x00000000e1000000, 0x00000000e1880000)
  from space 1088K,  96% used [0x00000000e1880000, 0x00000000e1985ba8, 0x00000000e1990000)
  to   space 1088K,   0% used [0x00000000e1990000, 0x00000000e1990000, 0x00000000e1aa0000)
 concurrent mark-sweep generation total 118492K, used 70184K [0x00000000eb4a0000, 0x00000000f2857000, 0x0000000100000000)
 Metaspace       used 95709K, capacity 99911K, committed 100096K, reserved 1136640K
  class space    used 11675K, capacity 12462K, committed 12544K, reserved 1048576K
}
2019-06-25T01:08:50.824+0000: 320150.734: Application time: 0.9520663 seconds
2019-06-25T01:08:54.865+0000: 320154.775: Application time: 4.0390656 seconds
2019-06-25T01:08:54.895+0000: 320154.804: Application time: 0.0295540 seconds
2019-06-25T01:09:00.110+0000: 320160.020: Application time: 5.2149805 seconds
2019-06-25T01:09:00.110+0000: 320160.020: Application time: 0.0001432 seconds
2019-06-25T01:09:00.111+0000: 320160.020: Application time: 0.0001463 seconds
2019-06-25T01:09:00.111+0000: 320160.021: Application time: 0.0001315 seconds
2019-06-25T01:09:00.111+0000: 320160.021: Application time: 0.0001596 seconds
2019-06-25T01:09:00.111+0000: 320160.021: Application time: 0.0001377 seconds
2019-06-25T01:09:00.112+0000: 320160.021: Application time: 0.0001374 seconds
2019-06-25T01:09:00.112+0000: 320160.022: Application time: 0.0001405 seconds
2019-06-25T01:09:00.112+0000: 320160.022: Application time: 0.0003495 seconds
2019-06-25T01:09:00.113+0000: 320160.023: Application time: 0.0009360 seconds
2019-06-25T01:09:01.506+0000: 320161.416: Application time: 1.3919451 seconds
2019-06-25T01:09:01.836+0000: 320161.746: Application time: 0.3295360 seconds
2019-06-25T01:09:01.836+0000: 320161.746: Application time: 0.0000819 seconds
2019-06-25T01:09:01.837+0000: 320161.747: Application time: 0.0001303 seconds
2019-06-25T01:09:01.837+0000: 320161.747: Application time: 0.0001978 seconds
2019-06-25T01:09:06.507+0000: 320166.417: Application time: 4.6697771 seconds
2019-06-25T01:09:06.538+0000: 320166.448: Application time: 0.0303443 seconds
2019-06-25T01:09:09.109+0000: 320169.019: Application time: 2.5712050 seconds
2019-06-25T01:09:09.110+0000: 320169.019: Application time: 0.0001500 seconds
2019-06-25T01:09:09.110+0000: 320169.020: Application time: 0.0001439 seconds
2019-06-25T01:09:09.110+0000: 320169.020: Application time: 0.0001327 seconds
2019-06-25T01:09:09.110+0000: 320169.020: Application time: 0.0001351 seconds
2019-06-25T01:09:09.111+0000: 320169.021: Application time: 0.0001315 seconds
2019-06-25T01:09:09.111+0000: 320169.021: Application time: 0.0001315 seconds
2019-06-25T01:09:09.111+0000: 320169.021: Application time: 0.0001323 seconds
2019-06-25T01:09:09.114+0000: 320169.023: Application time: 0.0001863 seconds
2019-06-25T01:09:30.119+0000: 320190.029: Application time: 21.0051486 seconds
2019-06-25T01:10:03.607+0000: 320223.517: Application time: 33.4878052 seconds
{Heap before GC invocations=4728 (full 137):
 par new generation   total 9792K, used 9750K [0x00000000e1000000, 0x00000000e1aa0000, 0x00000000eb4a0000)
  eden space 8704K, 100% used [0x00000000e1000000, 0x00000000e1880000, 0x00000000e1880000)
  from space 1088K,  96% used [0x00000000e1880000, 0x00000000e1985ba8, 0x00000000e1990000)
  to   space 1088K,   0% used [0x00000000e1990000, 0x00000000e1990000, 0x00000000e1aa0000)
 concurrent mark-sweep generation total 118492K, used 70184K [0x00000000eb4a0000, 0x00000000f2857000, 0x0000000100000000)
 Metaspace       used 95709K, capacity 99911K, committed 100096K, reserved 1136640K
  class space    used 11675K, capacity 12462K, committed 12544K, reserved 1048576K
2019-06-25T01:10:03.612+0000: 320223.522: [GC (Allocation Failure) 2019-06-25T01:10:03.612+0000: 320223.522: [ParNew: 9750K->598K(9792K), 0.0138134 secs] 79935K->71186K(128284K), 0.0139782 secs] [Times: user=0.03 sys=0.00, real=0.01 secs] 
Heap after GC invocations=4729 (full 137):
 par new generation   total 9792K, used 598K [0x00000000e1000000, 0x00000000e1aa0000, 0x00000000eb4a0000)
  eden space 8704K,   0% used [0x00000000e1000000, 0x00000000e1000000, 0x00000000e1880000)
  from space 1088K,  55% used [0x00000000e1990000, 0x00000000e1a25bf8, 0x00000000e1aa0000)
  to   space 1088K,   0% used [0x00000000e1880000, 0x00000000e1880000, 0x00000000e1990000)
 concurrent mark-sweep generation total 118492K, used 70587K [0x00000000eb4a0000, 0x00000000f2857000, 0x0000000100000000)
 Metaspace       used 95709K, capacity 99911K, committed 100096K, reserved 1136640K
  class space    used 11675K, capacity 12462K, committed 12544K, reserved 1048576K
}
2019-06-25T01:10:21.629+0000: 320241.539: Application time: 18.0028643 seconds
2019-06-25T01:11:21.852+0000: 320301.761: Application time: 60.2223143 seconds
2019-06-25T01:11:42.994+0000: 320322.904: Application time: 21.1422694 seconds
{Heap before GC invocations=4729 (full 137):
 par new generation   total 9792K, used 9302K [0x00000000e1000000, 0x00000000e1aa0000, 0x00000000eb4a0000)
  eden space 8704K, 100% used [0x00000000e1000000, 0x00000000e1880000, 0x00000000e1880000)
  from space 1088K,  55% used [0x00000000e1990000, 0x00000000e1a25bf8, 0x00000000e1aa0000)
  to   space 1088K,   0% used [0x00000000e1880000, 0x00000000e1880000, 0x00000000e1990000)
 concurrent mark-sweep generation total 118492K, used 70587K [0x00000000eb4a0000, 0x00000000f2857000, 0x0000000100000000)
 Metaspace       used 95709K, capacity 99911K, committed 100096K, reserved 1136640K
  class space    used 11675K, capacity 12462K, committed 12544K, reserved 1048576K
2019-06-25T01:11:42.994+0000: 320322.904: [GC (Allocation Failure) 2019-06-25T01:11:42.994+0000: 320322.904: [ParNew: 9302K->759K(9792K), 0.0030019 secs] 79890K->71346K(128284K), 0.0030639 secs] [Times: user=0.00 sys=0.00, real=0.00 secs] 
Heap after GC invocations=4730 (full 137):
 par new generation   total 9792K, used 759K [0x00000000e1000000, 0x00000000e1aa0000, 0x00000000eb4a0000)
  eden space 8704K,   0% used [0x00000000e1000000, 0x00000000e1000000, 0x00000000e1880000)
  from space 1088K,  69% used [0x00000000e1880000, 0x00000000e193dcf8, 0x00000000e1990000)
  to   space 1088K,   0% used [0x00000000e1990000, 0x00000000e1990000, 0x00000000e1aa0000)
 concurrent mark-sweep generation total 118492K, used 70587K [0x00000000eb4a0000, 0x00000000f2857000, 0x0000000100000000)
 Metaspace       used 95709K, capacity 99911K, committed 100096K, reserved 1136640K
  class space    used 11675K, capacity 12462K, committed 12544K, reserved 1048576K
}
2019-06-25T01:12:02.019+0000: 320341.928: Application time: 19.0209784 seconds
2019-06-25T01:12:02.019+0000: 320341.929: Application time: 0.0002113 seconds
2019-06-25T01:12:02.020+0000: 320341.929: Application time: 0.0001494 seconds
2019-06-25T01:12:02.020+0000: 320341.930: Application time: 0.0001700 seconds
2019-06-25T01:12:02.020+0000: 320341.930: Application time: 0.0001454 seconds
2019-06-25T01:12:02.021+0000: 320341.931: Application time: 0.0001914 seconds
2019-06-25T01:12:06.628+0000: 320346.538: Application time: 4.6067870 seconds
2019-06-25T01:12:06.652+0000: 320346.562: Application time: 0.0244037 seconds
2019-06-25T01:12:09.124+0000: 320349.034: Application time: 2.4708396 seconds
2019-06-25T01:13:00.147+0000: 320400.057: Application time: 51.0228530 seconds
{Heap before GC invocations=4730 (full 137):
 par new generation   total 9792K, used 9463K [0x00000000e1000000, 0x00000000e1aa0000, 0x00000000eb4a0000)
  eden space 8704K, 100% used [0x00000000e1000000, 0x00000000e1880000, 0x00000000e1880000)
  from space 1088K,  69% used [0x00000000e1880000, 0x00000000e193dcf8, 0x00000000e1990000)
  to   space 1088K,   0% used [0x00000000e1990000, 0x00000000e1990000, 0x00000000e1aa0000)
 concurrent mark-sweep generation total 118492K, used 70587K [0x00000000eb4a0000, 0x00000000f2857000, 0x0000000100000000)
 Metaspace       used 95709K, capacity 99911K, committed 100096K, reserved 1136640K
  class space    used 11675K, capacity 12462K, committed 12544K, reserved 1048576K
2019-06-25T01:13:00.147+0000: 320400.057: [GC (Allocation Failure) 2019-06-25T01:13:00.147+0000: 320400.057: [ParNew: 9463K->911K(9792K), 0.0180458 secs] 80050K->71674K(128284K), 0.0181175 secs] [Times: user=0.04 sys=0.00, real=0.02 secs] 
Heap after GC invocations=4731 (full 137):
 par new generation   total 9792K, used 911K [0x00000000e1000000, 0x00000000e1aa0000, 0x00000000eb4a0000)
  eden space 8704K,   0% used [0x00000000e1000000, 0x00000000e1000000, 0x00000000e1880000)
  from space 1088K,  83% used [0x00000000e1990000, 0x00000000e1a73e90, 0x00000000e1aa0000)
  to   space 1088K,   0% used [0x00000000e1880000, 0x00000000e1880000, 0x00000000e1990000)
 concurrent mark-sweep generation total 118492K, used 70763K [0x00000000eb4a0000, 0x00000000f2857000, 0x0000000100000000)
 Metaspace       used 95709K, capacity 99911K, committed 100096K, reserved 1136640K
  class space    used 11675K, capacity 12462K, committed 12544K, reserved 1048576K
}
2019-06-25T01:14:33.410+0000: 320493.320: Application time: 93.2448184 seconds
{Heap before GC invocations=4731 (full 137):
 par new generation   total 9792K, used 9589K [0x00000000e1000000, 0x00000000e1aa0000, 0x00000000eb4a0000)
  eden space 8704K,  99% used [0x00000000e1000000, 0x00000000e18795c8, 0x00000000e1880000)
  from space 1088K,  83% used [0x00000000e1990000, 0x00000000e1a73e90, 0x00000000e1aa0000)
  to   space 1088K,   0% used [0x00000000e1880000, 0x00000000e1880000, 0x00000000e1990000)
 concurrent mark-sweep generation total 118492K, used 70763K [0x00000000eb4a0000, 0x00000000f2857000, 0x0000000100000000)
 Metaspace       used 95709K, capacity 99911K, committed 100096K, reserved 1136640K
  class space    used 11675K, capacity 12462K, committed 12544K, reserved 1048576K
2019-06-25T01:14:33.411+0000: 320493.321: [GC (Allocation Failure) 2019-06-25T01:14:33.411+0000: 320493.321: [ParNew: 9589K->828K(9792K), 0.0039729 secs] 80352K->71592K(128284K), 0.0040929 secs] [Times: user=0.01 sys=0.00, real=0.00 secs] 
Heap after GC invocations=4732 (full 137):
 par new generation   total 9792K, used 828K [0x00000000e1000000, 0x00000000e1aa0000, 0x00000000eb4a0000)
  eden space 8704K,   0% used [0x00000000e1000000, 0x00000000e1000000, 0x00000000e1880000)
  from space 1088K,  76% used [0x00000000e1880000, 0x00000000e194f378, 0x00000000e1990000)
  to   space 1088K,   0% used [0x00000000e1990000, 0x00000000e1990000, 0x00000000e1aa0000)
 concurrent mark-sweep generation total 118492K, used 70763K [0x00000000eb4a0000, 0x00000000f2857000, 0x0000000100000000)
 Metaspace       used 95709K, capacity 99911K, committed 100096K, reserved 1136640K
  class space    used 11675K, capacity 12462K, committed 12544K, reserved 1048576K
}
2019-06-25T01:14:34.173+0000: 320494.083: Application time: 0.7578929 seconds
2019-06-25T01:14:34.173+0000: 320494.083: Application time: 0.0000877 seconds
2019-06-25T01:14:34.174+0000: 320494.084: Application time: 0.0000863 seconds
2019-06-25T01:14:34.174+0000: 320494.084: Application time: 0.0000821 seconds
2019-06-25T01:14:34.174+0000: 320494.084: Application time: 0.0001606 seconds
2019-06-25T01:14:34.175+0000: 320494.085: Application time: 0.0001142 seconds
2019-06-25T01:14:38.408+0000: 320498.318: Application time: 4.2333064 seconds
2019-06-25T01:14:38.439+0000: 320498.349: Application time: 0.0303294 seconds
2019-06-25T01:15:00.183+0000: 320520.093: Application time: 21.7439973 seconds
2019-06-25T01:15:00.184+0000: 320520.093: Application time: 0.0001643 seconds
2019-06-25T01:15:00.184+0000: 320520.094: Application time: 0.0001484 seconds
2019-06-25T01:15:00.184+0000: 320520.094: Application time: 0.0001526 seconds
2019-06-25T01:15:00.185+0000: 320520.094: Application time: 0.0001687 seconds
2019-06-25T01:15:00.185+0000: 320520.095: Application time: 0.0001702 seconds
2019-06-25T01:15:00.187+0000: 320520.097: Application time: 0.0017372 seconds
2019-06-25T01:15:55.521+0000: 320575.431: Application time: 55.3336957 seconds
{Heap before GC invocations=4732 (full 137):
 par new generation   total 9792K, used 9532K [0x00000000e1000000, 0x00000000e1aa0000, 0x00000000eb4a0000)
  eden space 8704K, 100% used [0x00000000e1000000, 0x00000000e1880000, 0x00000000e1880000)
  from space 1088K,  76% used [0x00000000e1880000, 0x00000000e194f378, 0x00000000e1990000)
  to   space 1088K,   0% used [0x00000000e1990000, 0x00000000e1990000, 0x00000000e1aa0000)
 concurrent mark-sweep generation total 118492K, used 70763K [0x00000000eb4a0000, 0x00000000f2857000, 0x0000000100000000)
 Metaspace       used 95709K, capacity 99911K, committed 100096K, reserved 1136640K
  class space    used 11675K, capacity 12462K, committed 12544K, reserved 1048576K
2019-06-25T01:15:55.521+0000: 320575.431: [GC (Allocation Failure) 2019-06-25T01:15:55.521+0000: 320575.431: [ParNew: 9532K->846K(9792K), 0.0233806 secs] 80296K->71824K(128284K), 0.0234507 secs] [Times: user=0.05 sys=0.00, real=0.02 secs] 
Heap after GC invocations=4733 (full 137):
 par new generation   total 9792K, used 846K [0x00000000e1000000, 0x00000000e1aa0000, 0x00000000eb4a0000)
  eden space 8704K,   0% used [0x00000000e1000000, 0x00000000e1000000, 0x00000000e1880000)
  from space 1088K,  77% used [0x00000000e1990000, 0x00000000e1a63900, 0x00000000e1aa0000)
  to   space 1088K,   0% used [0x00000000e1880000, 0x00000000e1880000, 0x00000000e1990000)
 concurrent mark-sweep generation total 118492K, used 70978K [0x00000000eb4a0000, 0x00000000f2857000, 0x0000000100000000)
 Metaspace       used 95709K, capacity 99911K, committed 100096K, reserved 1136640K
  class space    used 11675K, capacity 12462K, committed 12544K, reserved 1048576K
}
2019-06-25T01:16:21.844+0000: 320601.754: Application time: 26.2997018 seconds
2019-06-25T01:17:39.359+0000: 320679.269: Application time: 77.5144248 seconds
{Heap before GC invocations=4733 (full 137):
 par new generation   total 9792K, used 9550K [0x00000000e1000000, 0x00000000e1aa0000, 0x00000000eb4a0000)
  eden space 8704K, 100% used [0x00000000e1000000, 0x00000000e1880000, 0x00000000e1880000)
  from space 1088K,  77% used [0x00000000e1990000, 0x00000000e1a63900, 0x00000000e1aa0000)
  to   space 1088K,   0% used [0x00000000e1880000, 0x00000000e1880000, 0x00000000e1990000)
 concurrent mark-sweep generation total 118492K, used 70978K [0x00000000eb4a0000, 0x00000000f2857000, 0x0000000100000000)
 Metaspace       used 95709K, capacity 99911K, committed 100096K, reserved 1136640K
  class space    used 11675K, capacity 12462K, committed 12544K, reserved 1048576K
2019-06-25T01:17:39.360+0000: 320679.269: [GC (Allocation Failure) 2019-06-25T01:17:39.360+0000: 320679.269: [ParNew: 9550K->706K(9792K), 0.0032947 secs] 80528K->71767K(128284K), 0.0033701 secs] [Times: user=0.00 sys=0.01, real=0.00 secs] 
Heap after GC invocations=4734 (full 137):
 par new generation   total 9792K, used 706K [0x00000000e1000000, 0x00000000e1aa0000, 0x00000000eb4a0000)
  eden space 8704K,   0% used [0x00000000e1000000, 0x00000000e1000000, 0x00000000e1880000)
  from space 1088K,  64% used [0x00000000e1880000, 0x00000000e1930978, 0x00000000e1990000)
  to   space 1088K,   0% used [0x00000000e1990000, 0x00000000e1990000, 0x00000000e1aa0000)
 concurrent mark-sweep generation total 118492K, used 71061K [0x00000000eb4a0000, 0x00000000f2857000, 0x0000000100000000)
 Metaspace       used 95709K, capacity 99911K, committed 100096K, reserved 1136640K
  class space    used 11675K, capacity 12462K, committed 12544K, reserved 1048576K
}
2019-06-25T01:19:16.853+0000: 320776.763: Application time: 97.4904173 seconds
{Heap before GC invocations=4734 (full 137):
 par new generation   total 9792K, used 9410K [0x00000000e1000000, 0x00000000e1aa0000, 0x00000000eb4a0000)
  eden space 8704K, 100% used [0x00000000e1000000, 0x00000000e1880000, 0x00000000e1880000)
  from space 1088K,  64% used [0x00000000e1880000, 0x00000000e1930978, 0x00000000e1990000)
  to   space 1088K,   0% used [0x00000000e1990000, 0x00000000e1990000, 0x00000000e1aa0000)
 concurrent mark-sweep generation total 118492K, used 71061K [0x00000000eb4a0000, 0x00000000f2857000, 0x0000000100000000)
 Metaspace       used 95709K, capacity 99911K, committed 100096K, reserved 1136640K
  class space    used 11675K, capacity 12462K, committed 12544K, reserved 1048576K
2019-06-25T01:19:16.854+0000: 320776.764: [GC (Allocation Failure) 2019-06-25T01:19:16.855+0000: 320776.765: [ParNew: 9410K->661K(9792K), 0.0038454 secs] 80471K->71722K(128284K), 0.0047485 secs] [Times: user=0.00 sys=0.00, real=0.01 secs] 
Heap after GC invocations=4735 (full 137):
 par new generation   total 9792K, used 661K [0x00000000e1000000, 0x00000000e1aa0000, 0x00000000eb4a0000)
  eden space 8704K,   0% used [0x00000000e1000000, 0x00000000e1000000, 0x00000000e1880000)
  from space 1088K,  60% used [0x00000000e1990000, 0x00000000e1a35470, 0x00000000e1aa0000)
  to   space 1088K,   0% used [0x00000000e1880000, 0x00000000e1880000, 0x00000000e1990000)
 concurrent mark-sweep generation total 118492K, used 71061K [0x00000000eb4a0000, 0x00000000f2857000, 0x0000000100000000)
 Metaspace       used 95709K, capacity 99911K, committed 100096K, reserved 1136640K
  class space    used 11675K, capacity 12462K, committed 12544K, reserved 1048576K
}
2019-06-25T01:21:00.535+0000: 320880.445: Application time: 103.6747811 seconds
{Heap before GC invocations=4735 (full 137):
 par new generation   total 9792K, used 9365K [0x00000000e1000000, 0x00000000e1aa0000, 0x00000000eb4a0000)
  eden space 8704K, 100% used [0x00000000e1000000, 0x00000000e1880000, 0x00000000e1880000)
  from space 1088K,  60% used [0x00000000e1990000, 0x00000000e1a35470, 0x00000000e1aa0000)
  to   space 1088K,   0% used [0x00000000e1880000, 0x00000000e1880000, 0x00000000e1990000)
 concurrent mark-sweep generation total 118492K, used 71061K [0x00000000eb4a0000, 0x00000000f2857000, 0x0000000100000000)
 Metaspace       used 95709K, capacity 99911K, committed 100096K, reserved 1136640K
  class space    used 11675K, capacity 12462K, committed 12544K, reserved 1048576K
2019-06-25T01:21:00.535+0000: 320880.445: [GC (Allocation Failure) 2019-06-25T01:21:00.536+0000: 320880.446: [ParNew: 9365K->720K(9792K), 0.0034644 secs] 80426K->71893K(128284K), 0.0042165 secs] [Times: user=0.01 sys=0.00, real=0.01 secs] 
Heap after GC invocations=4736 (full 137):
 par new generation   total 9792K, used 720K [0x00000000e1000000, 0x00000000e1aa0000, 0x00000000eb4a0000)
  eden space 8704K,   0% used [0x00000000e1000000, 0x00000000e1000000, 0x00000000e1880000)
  from space 1088K,  66% used [0x00000000e1880000, 0x00000000e19343c8, 0x00000000e1990000)
  to   space 1088K,   0% used [0x00000000e1990000, 0x00000000e1990000, 0x00000000e1aa0000)
 concurrent mark-sweep generation total 118492K, used 71172K [0x00000000eb4a0000, 0x00000000f2857000, 0x0000000100000000)
 Metaspace       used 95709K, capacity 99911K, committed 100096K, reserved 1136640K
  class space    used 11675K, capacity 12462K, committed 12544K, reserved 1048576K
}
2019-06-25T01:21:00.541+0000: 320880.450: Application time: 0.0002472 seconds
2019-06-25T01:21:00.541+0000: 320880.451: [GC (CMS Initial Mark) [1 CMS-initial-mark: 71172K(118492K)] 71961K(128284K), 0.0033591 secs] [Times: user=0.01 sys=0.00, real=0.00 secs] 
2019-06-25T01:21:00.546+0000: 320880.455: [CMS-concurrent-mark-start]
2019-06-25T01:21:00.650+0000: 320880.560: [CMS-concurrent-mark: 0.104/0.104 secs] [Times: user=0.10 sys=0.00, real=0.11 secs] 
2019-06-25T01:21:00.650+0000: 320880.560: [CMS-concurrent-preclean-start]
2019-06-25T01:21:00.652+0000: 320880.562: [CMS-concurrent-preclean: 0.002/0.002 secs] [Times: user=0.00 sys=0.00, real=0.00 secs] 
2019-06-25T01:21:00.652+0000: 320880.562: Application time: 0.1068343 seconds
2019-06-25T01:21:00.653+0000: 320880.562: [GC (CMS Final Remark) [YG occupancy: 857 K (9792 K)]2019-06-25T01:21:00.653+0000: 320880.563: [Rescan (parallel) , 0.0087503 secs]2019-06-25T01:21:00.662+0000: 320880.572: [weak refs processing, 0.0031578 secs]2019-06-25T01:21:00.666+0000: 320880.575: [class unloading, 0.0402408 secs]2019-06-25T01:21:00.706+0000: 320880.616: [scrub symbol table, 0.0222028 secs]2019-06-25T01:21:00.729+0000: 320880.639: [scrub string table, 0.0015486 secs][1 CMS-remark: 71172K(118492K)] 72029K(128284K), 0.0936642 secs] [Times: user=0.10 sys=0.00, real=0.09 secs] 
2019-06-25T01:21:00.747+0000: 320880.657: [CMS-concurrent-sweep-start]
2019-06-25T01:21:00.785+0000: 320880.695: [CMS-concurrent-sweep: 0.037/0.037 secs] [Times: user=0.03 sys=0.00, real=0.04 secs] 
2019-06-25T01:21:00.785+0000: 320880.695: [CMS-concurrent-reset-start]
2019-06-25T01:21:00.786+0000: 320880.695: [CMS-concurrent-reset: 0.000/0.000 secs] [Times: user=0.00 sys=0.00, real=0.00 secs] 
2019-06-25T01:21:01.747+0000: 320881.657: Application time: 1.0002281 seconds
2019-06-25T01:21:05.748+0000: 320885.658: Application time: 4.0004351 seconds
2019-06-25T01:21:09.749+0000: 320889.659: Application time: 4.0006758 seconds
2019-06-25T01:21:10.749+0000: 320890.659: Application time: 1.0001552 seconds
2019-06-25T01:21:11.750+0000: 320891.660: Application time: 1.0001493 seconds
2019-06-25T01:21:15.751+0000: 320895.660: Application time: 4.0004782 seconds
2019-06-25T01:21:16.751+0000: 320896.661: Application time: 1.0001913 seconds
2019-06-25T01:21:17.752+0000: 320897.661: Application time: 1.0001595 seconds
2019-06-25T01:21:21.906+0000: 320901.816: Application time: 4.1539031 seconds
2019-06-25T01:21:30.907+0000: 320910.817: Application time: 9.0012103 seconds
2019-06-25T01:21:39.909+0000: 320919.819: Application time: 9.0014722 seconds
2019-06-25T01:22:03.913+0000: 320943.823: Application time: 24.0035872 seconds
2019-06-25T01:22:10.915+0000: 320950.824: Application time: 7.0013385 seconds
2019-06-25T01:22:35.750+0000: 320975.661: Application time: 24.8361027 seconds
{Heap before GC invocations=4736 (full 138):
 par new generation   total 9792K, used 9424K [0x00000000e1000000, 0x00000000e1aa0000, 0x00000000eb4a0000)
  eden space 8704K, 100% used [0x00000000e1000000, 0x00000000e1880000, 0x00000000e1880000)
  from space 1088K,  66% used [0x00000000e1880000, 0x00000000e19343c8, 0x00000000e1990000)
  to   space 1088K,   0% used [0x00000000e1990000, 0x00000000e1990000, 0x00000000e1aa0000)
 concurrent mark-sweep generation total 118492K, used 64283K [0x00000000eb4a0000, 0x00000000f2857000, 0x0000000100000000)
 Metaspace       used 95626K, capacity 99767K, committed 100096K, reserved 1136640K
  class space    used 11662K, capacity 12438K, committed 12544K, reserved 1048576K
2019-06-25T01:22:35.751+0000: 320975.661: [GC (Allocation Failure) 2019-06-25T01:22:35.752+0000: 320975.661: [ParNew: 9424K->969K(9792K), 0.0039866 secs] 73708K->65290K(128284K), 0.0050701 secs] [Times: user=0.00 sys=0.00, real=0.00 secs] 
Heap after GC invocations=4737 (full 138):
 par new generation   total 9792K, used 969K [0x00000000e1000000, 0x00000000e1aa0000, 0x00000000eb4a0000)
  eden space 8704K,   0% used [0x00000000e1000000, 0x00000000e1000000, 0x00000000e1880000)
  from space 1088K,  89% used [0x00000000e1990000, 0x00000000e1a82530, 0x00000000e1aa0000)
  to   space 1088K,   0% used [0x00000000e1880000, 0x00000000e1880000, 0x00000000e1990000)
 concurrent mark-sweep generation total 118492K, used 64320K [0x00000000eb4a0000, 0x00000000f2857000, 0x0000000100000000)
 Metaspace       used 95626K, capacity 99767K, committed 100096K, reserved 1136640K
  class space    used 11662K, capacity 12438K, committed 12544K, reserved 1048576K
}
2019-06-25T01:23:09.761+0000: 321009.671: Application time: 34.0042234 seconds
2019-06-25T01:23:10.762+0000: 321010.672: Application time: 1.0001548 seconds
2019-06-25T01:24:16.373+0000: 321076.282: Application time: 65.6105607 seconds
{Heap before GC invocations=4737 (full 138):
 par new generation   total 9792K, used 9673K [0x00000000e1000000, 0x00000000e1aa0000, 0x00000000eb4a0000)
  eden space 8704K, 100% used [0x00000000e1000000, 0x00000000e1880000, 0x00000000e1880000)
  from space 1088K,  89% used [0x00000000e1990000, 0x00000000e1a82530, 0x00000000e1aa0000)
  to   space 1088K,   0% used [0x00000000e1880000, 0x00000000e1880000, 0x00000000e1990000)
 concurrent mark-sweep generation total 118492K, used 64320K [0x00000000eb4a0000, 0x00000000f2857000, 0x0000000100000000)
 Metaspace       used 95628K, capacity 99773K, committed 100096K, reserved 1136640K
  class space    used 11663K, capacity 12439K, committed 12544K, reserved 1048576K
2019-06-25T01:24:16.373+0000: 321076.283: [GC (Allocation Failure) 2019-06-25T01:24:16.374+0000: 321076.284: [ParNew: 9673K->952K(9792K), 0.0091671 secs] 73994K->65500K(128284K), 0.0099187 secs] [Times: user=0.01 sys=0.00, real=0.01 secs] 
Heap after GC invocations=4738 (full 138):
 par new generation   total 9792K, used 952K [0x00000000e1000000, 0x00000000e1aa0000, 0x00000000eb4a0000)
  eden space 8704K,   0% used [0x00000000e1000000, 0x00000000e1000000, 0x00000000e1880000)
  from space 1088K,  87% used [0x00000000e1880000, 0x00000000e196e288, 0x00000000e1990000)
  to   space 1088K,   0% used [0x00000000e1990000, 0x00000000e1990000, 0x00000000e1aa0000)
 concurrent mark-sweep generation total 118492K, used 64547K [0x00000000eb4a0000, 0x00000000f2857000, 0x0000000100000000)
 Metaspace       used 95628K, capacity 99773K, committed 100096K, reserved 1136640K
  class space    used 11663K, capacity 12439K, committed 12544K, reserved 1048576K
}
2019-06-25T01:25:11.391+0000: 321131.301: Application time: 55.0069864 seconds
2019-06-25T01:25:16.896+0000: 321136.806: Application time: 5.5051400 seconds
2019-06-25T01:25:16.898+0000: 321136.808: Application time: 0.0015988 seconds
2019-06-25T01:25:16.919+0000: 321136.829: Application time: 0.0202496 seconds
2019-06-25T01:25:16.921+0000: 321136.831: Application time: 0.0015138 seconds
2019-06-25T01:25:21.922+0000: 321141.832: Application time: 5.0007255 seconds
2019-06-25T01:25:54.594+0000: 321174.503: Application time: 32.6712244 seconds
{Heap before GC invocations=4738 (full 138):
 par new generation   total 9792K, used 9656K [0x00000000e1000000, 0x00000000e1aa0000, 0x00000000eb4a0000)
  eden space 8704K, 100% used [0x00000000e1000000, 0x00000000e1880000, 0x00000000e1880000)
  from space 1088K,  87% used [0x00000000e1880000, 0x00000000e196e288, 0x00000000e1990000)
  to   space 1088K,   0% used [0x00000000e1990000, 0x00000000e1990000, 0x00000000e1aa0000)
 concurrent mark-sweep generation total 118492K, used 64547K [0x00000000eb4a0000, 0x00000000f2857000, 0x0000000100000000)
 Metaspace       used 95628K, capacity 99773K, committed 100096K, reserved 1136640K
  class space    used 11663K, capacity 12439K, committed 12544K, reserved 1048576K
2019-06-25T01:25:54.594+0000: 321174.504: [GC (Allocation Failure) 2019-06-25T01:25:54.596+0000: 321174.505: [ParNew: 9656K->866K(9792K), 0.0141521 secs] 74204K->65414K(128284K), 0.0161961 secs] [Times: user=0.03 sys=0.00, real=0.02 secs] 
Heap after GC invocations=4739 (full 138):
 par new generation   total 9792K, used 866K [0x00000000e1000000, 0x00000000e1aa0000, 0x00000000eb4a0000)
  eden space 8704K,   0% used [0x00000000e1000000, 0x00000000e1000000, 0x00000000e1880000)
  from space 1088K,  79% used [0x00000000e1990000, 0x00000000e1a688c0, 0x00000000e1aa0000)
  to   space 1088K,   0% used [0x00000000e1880000, 0x00000000e1880000, 0x00000000e1990000)
 concurrent mark-sweep generation total 118492K, used 64547K [0x00000000eb4a0000, 0x00000000f2857000, 0x0000000100000000)
 Metaspace       used 95628K, capacity 99773K, committed 100096K, reserved 1136640K
  class space    used 11663K, capacity 12439K, committed 12544K, reserved 1048576K
}
2019-06-25T01:26:21.909+0000: 321201.819: Application time: 27.2979383 seconds
2019-06-25T01:26:47.913+0000: 321227.823: Application time: 26.0035042 seconds
2019-06-25T01:27:37.015+0000: 321276.925: Application time: 49.1017537 seconds
{Heap before GC invocations=4739 (full 138):
 par new generation   total 9792K, used 9570K [0x00000000e1000000, 0x00000000e1aa0000, 0x00000000eb4a0000)
  eden space 8704K, 100% used [0x00000000e1000000, 0x00000000e1880000, 0x00000000e1880000)
  from space 1088K,  79% used [0x00000000e1990000, 0x00000000e1a688c0, 0x00000000e1aa0000)
  to   space 1088K,   0% used [0x00000000e1880000, 0x00000000e1880000, 0x00000000e1990000)
 concurrent mark-sweep generation total 118492K, used 64547K [0x00000000eb4a0000, 0x00000000f2857000, 0x0000000100000000)
 Metaspace       used 95628K, capacity 99773K, committed 100096K, reserved 1136640K
  class space    used 11663K, capacity 12439K, committed 12544K, reserved 1048576K
2019-06-25T01:27:37.016+0000: 321276.926: [GC (Allocation Failure) 2019-06-25T01:27:37.017+0000: 321276.926: [ParNew: 9570K->479K(9792K), 0.0035415 secs] 74118K->65375K(128284K), 0.0043526 secs] [Times: user=0.00 sys=0.00, real=0.01 secs] 
Heap after GC invocations=4740 (full 138):
 par new generation   total 9792K, used 479K [0x00000000e1000000, 0x00000000e1aa0000, 0x00000000eb4a0000)
  eden space 8704K,   0% used [0x00000000e1000000, 0x00000000e1000000, 0x00000000e1880000)
  from space 1088K,  44% used [0x00000000e1880000, 0x00000000e18f7c78, 0x00000000e1990000)
  to   space 1088K,   0% used [0x00000000e1990000, 0x00000000e1990000, 0x00000000e1aa0000)
 concurrent mark-sweep generation total 118492K, used 64895K [0x00000000eb4a0000, 0x00000000f2857000, 0x0000000100000000)
 Metaspace       used 95628K, capacity 99773K, committed 100096K, reserved 1136640K
  class space    used 11663K, capacity 12439K, committed 12544K, reserved 1048576K
}
2019-06-25T01:29:15.037+0000: 321374.947: Application time: 98.0159630 seconds
2019-06-25T01:29:16.197+0000: 321376.107: Application time: 1.1592584 seconds
{Heap before GC invocations=4740 (full 138):
 par new generation   total 9792K, used 9183K [0x00000000e1000000, 0x00000000e1aa0000, 0x00000000eb4a0000)
  eden space 8704K, 100% used [0x00000000e1000000, 0x00000000e1880000, 0x00000000e1880000)
  from space 1088K,  44% used [0x00000000e1880000, 0x00000000e18f7c78, 0x00000000e1990000)
  to   space 1088K,   0% used [0x00000000e1990000, 0x00000000e1990000, 0x00000000e1aa0000)
 concurrent mark-sweep generation total 118492K, used 64895K [0x00000000eb4a0000, 0x00000000f2857000, 0x0000000100000000)
 Metaspace       used 95634K, capacity 99785K, committed 100096K, reserved 1136640K
  class space    used 11664K, capacity 12441K, committed 12544K, reserved 1048576K
2019-06-25T01:29:16.198+0000: 321376.107: [GC (Allocation Failure) 2019-06-25T01:29:16.198+0000: 321376.108: [ParNew: 9183K->617K(9792K), 0.0037375 secs] 74079K->65513K(128284K), 0.0047834 secs] [Times: user=0.01 sys=0.00, real=0.01 secs] 
Heap after GC invocations=4741 (full 138):
 par new generation   total 9792K, used 617K [0x00000000e1000000, 0x00000000e1aa0000, 0x00000000eb4a0000)
  eden space 8704K,   0% used [0x00000000e1000000, 0x00000000e1000000, 0x00000000e1880000)
  from space 1088K,  56% used [0x00000000e1990000, 0x00000000e1a2a778, 0x00000000e1aa0000)
  to   space 1088K,   0% used [0x00000000e1880000, 0x00000000e1880000, 0x00000000e1990000)
 concurrent mark-sweep generation total 118492K, used 64895K [0x00000000eb4a0000, 0x00000000f2857000, 0x0000000100000000)
 Metaspace       used 95634K, capacity 99785K, committed 100096K, reserved 1136640K
  class space    used 11664K, capacity 12441K, committed 12544K, reserved 1048576K
}
2019-06-25T01:29:31.205+0000: 321391.115: Application time: 15.0020861 seconds
2019-06-25T01:30:56.327+0000: 321476.237: Application time: 85.1215938 seconds
{Heap before GC invocations=4741 (full 138):
 par new generation   total 9792K, used 9321K [0x00000000e1000000, 0x00000000e1aa0000, 0x00000000eb4a0000)
  eden space 8704K, 100% used [0x00000000e1000000, 0x00000000e1880000, 0x00000000e1880000)
  from space 1088K,  56% used [0x00000000e1990000, 0x00000000e1a2a778, 0x00000000e1aa0000)
  to   space 1088K,   0% used [0x00000000e1880000, 0x00000000e1880000, 0x00000000e1990000)
 concurrent mark-sweep generation total 118492K, used 64895K [0x00000000eb4a0000, 0x00000000f2857000, 0x0000000100000000)
 Metaspace       used 95634K, capacity 99785K, committed 100096K, reserved 1136640K
  class space    used 11664K, capacity 12441K, committed 12544K, reserved 1048576K
2019-06-25T01:30:56.328+0000: 321476.238: [GC (Allocation Failure) 2019-06-25T01:30:56.328+0000: 321476.238: [ParNew: 9321K->737K(9792K), 0.0036848 secs] 74217K->65633K(128284K), 0.0046114 secs] [Times: user=0.00 sys=0.00, real=0.01 secs] 
Heap after GC invocations=4742 (full 138):
 par new generation   total 9792K, used 737K [0x00000000e1000000, 0x00000000e1aa0000, 0x00000000eb4a0000)
  eden space 8704K,   0% used [0x00000000e1000000, 0x00000000e1000000, 0x00000000e1880000)
  from space 1088K,  67% used [0x00000000e1880000, 0x00000000e19384c0, 0x00000000e1990000)
  to   space 1088K,   0% used [0x00000000e1990000, 0x00000000e1990000, 0x00000000e1aa0000)
 concurrent mark-sweep generation total 118492K, used 64895K [0x00000000eb4a0000, 0x00000000f2857000, 0x0000000100000000)
 Metaspace       used 95634K, capacity 99785K, committed 100096K, reserved 1136640K
  class space    used 11664K, capacity 12441K, committed 12544K, reserved 1048576K
}
2019-06-25T01:31:21.961+0000: 321501.871: Application time: 25.6278406 seconds
2019-06-25T01:32:37.768+0000: 321577.678: Application time: 75.8068943 seconds
{Heap before GC invocations=4742 (full 138):
 par new generation   total 9792K, used 9441K [0x00000000e1000000, 0x00000000e1aa0000, 0x00000000eb4a0000)
  eden space 8704K, 100% used [0x00000000e1000000, 0x00000000e1880000, 0x00000000e1880000)
  from space 1088K,  67% used [0x00000000e1880000, 0x00000000e19384c0, 0x00000000e1990000)
  to   space 1088K,   0% used [0x00000000e1990000, 0x00000000e1990000, 0x00000000e1aa0000)
 concurrent mark-sweep generation total 118492K, used 64895K [0x00000000eb4a0000, 0x00000000f2857000, 0x0000000100000000)
 Metaspace       used 95634K, capacity 99785K, committed 100096K, reserved 1136640K
  class space    used 11664K, capacity 12441K, committed 12544K, reserved 1048576K
2019-06-25T01:32:37.770+0000: 321577.679: [GC (Allocation Failure) 2019-06-25T01:32:37.770+0000: 321577.680: [ParNew: 9441K->869K(9792K), 0.0040253 secs] 74337K->65790K(128284K), 0.0050783 secs] [Times: user=0.00 sys=0.00, real=0.00 secs] 
Heap after GC invocations=4743 (full 138):
 par new generation   total 9792K, used 869K [0x00000000e1000000, 0x00000000e1aa0000, 0x00000000eb4a0000)
  eden space 8704K,   0% used [0x00000000e1000000, 0x00000000e1000000, 0x00000000e1880000)
  from space 1088K,  79% used [0x00000000e1990000, 0x00000000e1a69708, 0x00000000e1aa0000)
  to   space 1088K,   0% used [0x00000000e1880000, 0x00000000e1880000, 0x00000000e1990000)
 concurrent mark-sweep generation total 118492K, used 64921K [0x00000000eb4a0000, 0x00000000f2857000, 0x0000000100000000)
 Metaspace       used 95634K, capacity 99785K, committed 100096K, reserved 1136640K
  class space    used 11664K, capacity 12441K, committed 12544K, reserved 1048576K
}
2019-06-25T01:33:10.756+0000: 321610.665: Application time: 32.9799104 seconds
2019-06-25T01:33:55.022+0000: 321654.932: Application time: 44.2660263 seconds
{Heap before GC invocations=4743 (full 138):
 par new generation   total 9792K, used 9561K [0x00000000e1000000, 0x00000000e1aa0000, 0x00000000eb4a0000)
  eden space 8704K,  99% used [0x00000000e1000000, 0x00000000e187cf80, 0x00000000e1880000)
  from space 1088K,  79% used [0x00000000e1990000, 0x00000000e1a69708, 0x00000000e1aa0000)
  to   space 1088K,   0% used [0x00000000e1880000, 0x00000000e1880000, 0x00000000e1990000)
 concurrent mark-sweep generation total 118492K, used 64921K [0x00000000eb4a0000, 0x00000000f2857000, 0x0000000100000000)
 Metaspace       used 95634K, capacity 99785K, committed 100096K, reserved 1136640K
  class space    used 11664K, capacity 12441K, committed 12544K, reserved 1048576K
2019-06-25T01:33:55.023+0000: 321654.933: [GC (Allocation Failure) 2019-06-25T01:33:55.023+0000: 321654.933: [ParNew: 9561K->931K(9792K), 0.0088381 secs] 74482K->65924K(128284K), 0.0097523 secs] [Times: user=0.02 sys=0.00, real=0.01 secs] 
Heap after GC invocations=4744 (full 138):
 par new generation   total 9792K, used 931K [0x00000000e1000000, 0x00000000e1aa0000, 0x00000000eb4a0000)
  eden space 8704K,   0% used [0x00000000e1000000, 0x00000000e1000000, 0x00000000e1880000)
  from space 1088K,  85% used [0x00000000e1880000, 0x00000000e1968d80, 0x00000000e1990000)
  to   space 1088K,   0% used [0x00000000e1990000, 0x00000000e1990000, 0x00000000e1aa0000)
 concurrent mark-sweep generation total 118492K, used 64993K [0x00000000eb4a0000, 0x00000000f2857000, 0x0000000100000000)
 Metaspace       used 95634K, capacity 99785K, committed 100096K, reserved 1136640K
  class space    used 11664K, capacity 12441K, committed 12544K, reserved 1048576K
}
2019-06-25T01:33:55.570+0000: 321655.480: Application time: 0.5366404 seconds
2019-06-25T01:33:55.570+0000: 321655.480: Application time: 0.0000993 seconds
2019-06-25T01:33:55.571+0000: 321655.480: Application time: 0.0000612 seconds
2019-06-25T01:33:55.571+0000: 321655.481: Application time: 0.0000673 seconds
2019-06-25T01:34:00.008+0000: 321659.918: Application time: 4.4362629 seconds
2019-06-25T01:34:00.055+0000: 321659.965: Application time: 0.0467490 seconds
2019-06-25T01:34:05.540+0000: 321665.450: Application time: 5.4848791 seconds
2019-06-25T01:34:43.546+0000: 321703.456: Application time: 38.0054501 seconds
2019-06-25T01:34:43.549+0000: 321703.459: Application time: 0.0030434 seconds
2019-06-25T01:34:43.549+0000: 321703.459: Application time: 0.0001516 seconds
2019-06-25T01:34:43.550+0000: 321703.460: Application time: 0.0001994 seconds
2019-06-25T01:34:43.550+0000: 321703.460: Application time: 0.0001494 seconds
2019-06-25T01:34:43.551+0000: 321703.460: Application time: 0.0003400 seconds
2019-06-25T01:34:43.551+0000: 321703.461: Application time: 0.0001779 seconds
2019-06-25T01:34:43.622+0000: 321703.532: Application time: 0.0707630 seconds
2019-06-25T01:34:43.622+0000: 321703.532: Application time: 0.0001042 seconds
2019-06-25T01:34:43.623+0000: 321703.532: Application time: 0.0000234 seconds
2019-06-25T01:34:43.623+0000: 321703.533: Application time: 0.0006698 seconds
2019-06-25T01:34:48.514+0000: 321708.424: Application time: 4.8905202 seconds
2019-06-25T01:34:48.542+0000: 321708.452: Application time: 0.0275923 seconds
2019-06-25T01:35:05.540+0000: 321725.450: Application time: 16.9972527 seconds
2019-06-25T01:35:10.584+0000: 321730.493: Application time: 5.0433543 seconds
{Heap before GC invocations=4744 (full 138):
 par new generation   total 9792K, used 9635K [0x00000000e1000000, 0x00000000e1aa0000, 0x00000000eb4a0000)
  eden space 8704K, 100% used [0x00000000e1000000, 0x00000000e1880000, 0x00000000e1880000)
  from space 1088K,  85% used [0x00000000e1880000, 0x00000000e1968d80, 0x00000000e1990000)
  to   space 1088K,   0% used [0x00000000e1990000, 0x00000000e1990000, 0x00000000e1aa0000)
 concurrent mark-sweep generation total 118492K, used 64993K [0x00000000eb4a0000, 0x00000000f2857000, 0x0000000100000000)
 Metaspace       used 95638K, capacity 99791K, committed 100096K, reserved 1136640K
  class space    used 11664K, capacity 12442K, committed 12544K, reserved 1048576K
2019-06-25T01:35:10.584+0000: 321730.494: [GC (Allocation Failure) 2019-06-25T01:35:10.585+0000: 321730.494: [ParNew: 9635K->771K(9792K), 0.0037055 secs] 74628K->65852K(128284K), 0.0044541 secs] [Times: user=0.00 sys=0.00, real=0.01 secs] 
Heap after GC invocations=4745 (full 138):
 par new generation   total 9792K, used 771K [0x00000000e1000000, 0x00000000e1aa0000, 0x00000000eb4a0000)
  eden space 8704K,   0% used [0x00000000e1000000, 0x00000000e1000000, 0x00000000e1880000)
  from space 1088K,  70% used [0x00000000e1990000, 0x00000000e1a50c20, 0x00000000e1aa0000)
  to   space 1088K,   0% used [0x00000000e1880000, 0x00000000e1880000, 0x00000000e1990000)
 concurrent mark-sweep generation total 118492K, used 65081K [0x00000000eb4a0000, 0x00000000f2857000, 0x0000000100000000)
 Metaspace       used 95638K, capacity 99791K, committed 100096K, reserved 1136640K
  class space    used 11664K, capacity 12442K, committed 12544K, reserved 1048576K
}
2019-06-25T01:35:52.642+0000: 321772.551: Application time: 42.0520586 seconds
2019-06-25T01:35:52.642+0000: 321772.552: Application time: 0.0001270 seconds
2019-06-25T01:35:52.642+0000: 321772.552: Application time: 0.0001205 seconds
2019-06-25T01:35:52.643+0000: 321772.552: Application time: 0.0001256 seconds
2019-06-25T01:35:52.643+0000: 321772.553: Application time: 0.0001533 seconds
2019-06-25T01:35:52.644+0000: 321772.553: Application time: 0.0001617 seconds
2019-06-25T01:35:52.695+0000: 321772.605: Application time: 0.0513523 seconds
2019-06-25T01:35:52.696+0000: 321772.605: Application time: 0.0001132 seconds
2019-06-25T01:35:52.696+0000: 321772.606: Application time: 0.0000574 seconds
2019-06-25T01:35:52.696+0000: 321772.606: Application time: 0.0000610 seconds
2019-06-25T01:35:55.647+0000: 321775.557: Application time: 2.9512789 seconds
2019-06-25T01:35:55.648+0000: 321775.558: Application time: 0.0001813 seconds
2019-06-25T01:35:55.648+0000: 321775.558: Application time: 0.0001706 seconds
2019-06-25T01:35:55.649+0000: 321775.558: Application time: 0.0000738 seconds
2019-06-25T01:35:55.649+0000: 321775.559: Application time: 0.0000603 seconds
2019-06-25T01:35:55.649+0000: 321775.559: Application time: 0.0000582 seconds
2019-06-25T01:35:55.649+0000: 321775.559: Application time: 0.0000573 seconds
2019-06-25T01:35:55.649+0000: 321775.560: Application time: 0.0004908 seconds
2019-06-25T01:35:55.650+0000: 321775.560: Application time: 0.0001776 seconds
2019-06-25T01:35:55.650+0000: 321775.560: Application time: 0.0001657 seconds
2019-06-25T01:36:00.320+0000: 321780.230: Application time: 4.6697195 seconds
2019-06-25T01:36:00.339+0000: 321780.249: Application time: 0.0179922 seconds
2019-06-25T01:36:00.340+0000: 321780.250: Application time: 0.0010157 seconds
{Heap before GC invocations=4745 (full 138):
 par new generation   total 9792K, used 9475K [0x00000000e1000000, 0x00000000e1aa0000, 0x00000000eb4a0000)
  eden space 8704K, 100% used [0x00000000e1000000, 0x00000000e1880000, 0x00000000e1880000)
  from space 1088K,  70% used [0x00000000e1990000, 0x00000000e1a50c20, 0x00000000e1aa0000)
  to   space 1088K,   0% used [0x00000000e1880000, 0x00000000e1880000, 0x00000000e1990000)
 concurrent mark-sweep generation total 118492K, used 65081K [0x00000000eb4a0000, 0x00000000f2857000, 0x0000000100000000)
 Metaspace       used 95641K, capacity 99797K, committed 100096K, reserved 1136640K
  class space    used 11665K, capacity 12443K, committed 12544K, reserved 1048576K
2019-06-25T01:36:00.341+0000: 321780.250: [GC (Allocation Failure) 2019-06-25T01:36:00.341+0000: 321780.251: [ParNew: 9475K->1088K(9792K), 0.0038013 secs] 74556K->66237K(128284K), 0.0046351 secs] [Times: user=0.00 sys=0.01, real=0.00 secs] 
Heap after GC invocations=4746 (full 138):
 par new generation   total 9792K, used 1088K [0x00000000e1000000, 0x00000000e1aa0000, 0x00000000eb4a0000)
  eden space 8704K,   0% used [0x00000000e1000000, 0x00000000e1000000, 0x00000000e1880000)
  from space 1088K, 100% used [0x00000000e1880000, 0x00000000e1990000, 0x00000000e1990000)
  to   space 1088K,   0% used [0x00000000e1990000, 0x00000000e1990000, 0x00000000e1aa0000)
 concurrent mark-sweep generation total 118492K, used 65149K [0x00000000eb4a0000, 0x00000000f2857000, 0x0000000100000000)
 Metaspace       used 95641K, capacity 99797K, committed 100096K, reserved 1136640K
  class space    used 11665K, capacity 12443K, committed 12544K, reserved 1048576K
}
2019-06-25T01:36:00.355+0000: 321780.265: Application time: 0.0089437 seconds
2019-06-25T01:36:05.540+0000: 321785.450: Application time: 5.1847923 seconds
2019-06-25T01:36:21.989+0000: 321801.899: Application time: 16.4491297 seconds
2019-06-25T01:37:00.728+0000: 321840.638: Application time: 38.7385081 seconds
2019-06-25T01:37:00.729+0000: 321840.639: Application time: 0.0000454 seconds
2019-06-25T01:37:00.730+0000: 321840.639: Application time: 0.0000629 seconds
2019-06-25T01:37:00.730+0000: 321840.640: Application time: 0.0000289 seconds
2019-06-25T01:37:00.730+0000: 321840.640: Application time: 0.0000227 seconds
2019-06-25T01:37:00.730+0000: 321840.640: Application time: 0.0000227 seconds
2019-06-25T01:37:00.730+0000: 321840.640: Application time: 0.0000485 seconds
2019-06-25T01:37:00.730+0000: 321840.640: Application time: 0.0001796 seconds
2019-06-25T01:37:00.731+0000: 321840.640: Application time: 0.0000583 seconds
2019-06-25T01:37:05.538+0000: 321845.448: Application time: 4.8077589 seconds
2019-06-25T01:37:05.720+0000: 321845.630: Application time: 0.1811603 seconds
2019-06-25T01:37:05.746+0000: 321845.656: Application time: 0.0257289 seconds
2019-06-25T01:37:09.202+0000: 321849.112: Application time: 3.4553076 seconds
2019-06-25T01:37:16.460+0000: 321856.370: Application time: 7.2583426 seconds
{Heap before GC invocations=4746 (full 138):
 par new generation   total 9792K, used 9792K [0x00000000e1000000, 0x00000000e1aa0000, 0x00000000eb4a0000)
  eden space 8704K, 100% used [0x00000000e1000000, 0x00000000e1880000, 0x00000000e1880000)
  from space 1088K, 100% used [0x00000000e1880000, 0x00000000e1990000, 0x00000000e1990000)
  to   space 1088K,   0% used [0x00000000e1990000, 0x00000000e1990000, 0x00000000e1aa0000)
 concurrent mark-sweep generation total 118492K, used 65149K [0x00000000eb4a0000, 0x00000000f2857000, 0x0000000100000000)
 Metaspace       used 95645K, capacity 99809K, committed 100096K, reserved 1136640K
  class space    used 11666K, capacity 12445K, committed 12544K, reserved 1048576K
2019-06-25T01:37:16.461+0000: 321856.371: [GC (Allocation Failure) 2019-06-25T01:37:16.462+0000: 321856.371: [ParNew: 9792K->758K(9792K), 0.0046073 secs] 74941K->66232K(128284K), 0.0056248 secs] [Times: user=0.01 sys=0.00, real=0.00 secs] 
Heap after GC invocations=4747 (full 138):
 par new generation   total 9792K, used 758K [0x00000000e1000000, 0x00000000e1aa0000, 0x00000000eb4a0000)
  eden space 8704K,   0% used [0x00000000e1000000, 0x00000000e1000000, 0x00000000e1880000)
  from space 1088K,  69% used [0x00000000e1990000, 0x00000000e1a4dbf8, 0x00000000e1aa0000)
  to   space 1088K,   0% used [0x00000000e1880000, 0x00000000e1880000, 0x00000000e1990000)
 concurrent mark-sweep generation total 118492K, used 65473K [0x00000000eb4a0000, 0x00000000f2857000, 0x0000000100000000)
 Metaspace       used 95645K, capacity 99809K, committed 100096K, reserved 1136640K
  class space    used 11666K, capacity 12445K, committed 12544K, reserved 1048576K
}
2019-06-25T01:38:15.817+0000: 321915.727: Application time: 59.3488940 seconds
2019-06-25T01:38:15.817+0000: 321915.727: Application time: 0.0001478 seconds
2019-06-25T01:38:15.818+0000: 321915.728: Application time: 0.0001411 seconds
2019-06-25T01:38:15.818+0000: 321915.728: Application time: 0.0001303 seconds
2019-06-25T01:38:15.820+0000: 321915.730: Application time: 0.0001677 seconds
2019-06-25T01:38:15.820+0000: 321915.730: Application time: 0.0001329 seconds
2019-06-25T01:38:15.821+0000: 321915.731: Application time: 0.0001661 seconds
2019-06-25T01:38:15.821+0000: 321915.731: Application time: 0.0002488 seconds
2019-06-25T01:38:15.822+0000: 321915.731: Application time: 0.0002203 seconds
2019-06-25T01:38:20.080+0000: 321919.990: Application time: 4.2583092 seconds
2019-06-25T01:38:20.105+0000: 321920.015: Application time: 0.0241901 seconds
2019-06-25T01:38:24.669+0000: 321924.579: Application time: 4.5639653 seconds
2019-06-25T01:38:24.671+0000: 321924.581: Application time: 0.0017622 seconds
{Heap before GC invocations=4747 (full 138):
 par new generation   total 9792K, used 9461K [0x00000000e1000000, 0x00000000e1aa0000, 0x00000000eb4a0000)
  eden space 8704K,  99% used [0x00000000e1000000, 0x00000000e187fa78, 0x00000000e1880000)
  from space 1088K,  69% used [0x00000000e1990000, 0x00000000e1a4dbf8, 0x00000000e1aa0000)
  to   space 1088K,   0% used [0x00000000e1880000, 0x00000000e1880000, 0x00000000e1990000)
 concurrent mark-sweep generation total 118492K, used 65473K [0x00000000eb4a0000, 0x00000000f2857000, 0x0000000100000000)
 Metaspace       used 95645K, capacity 99809K, committed 100096K, reserved 1136640K
  class space    used 11666K, capacity 12445K, committed 12544K, reserved 1048576K
2019-06-25T01:38:24.671+0000: 321924.581: [GC (Allocation Failure) 2019-06-25T01:38:24.672+0000: 321924.582: [ParNew: 9461K->1023K(9792K), 0.0042269 secs] 74935K->66674K(128284K), 0.0049842 secs] [Times: user=0.01 sys=0.00, real=0.00 secs] 
Heap after GC invocations=4748 (full 138):
 par new generation   total 9792K, used 1023K [0x00000000e1000000, 0x00000000e1aa0000, 0x00000000eb4a0000)
  eden space 8704K,   0% used [0x00000000e1000000, 0x00000000e1000000, 0x00000000e1880000)
  from space 1088K,  94% used [0x00000000e1880000, 0x00000000e197fdb0, 0x00000000e1990000)
  to   space 1088K,   0% used [0x00000000e1990000, 0x00000000e1990000, 0x00000000e1aa0000)
 concurrent mark-sweep generation total 118492K, used 65651K [0x00000000eb4a0000, 0x00000000f2857000, 0x0000000100000000)
 Metaspace       used 95645K, capacity 99809K, committed 100096K, reserved 1136640K
  class space    used 11666K, capacity 12445K, committed 12544K, reserved 1048576K
}
2019-06-25T01:38:24.834+0000: 321924.744: Application time: 0.1565363 seconds
2019-06-25T01:38:24.834+0000: 321924.744: Application time: 0.0000670 seconds
2019-06-25T01:38:24.834+0000: 321924.744: Application time: 0.0000619 seconds
2019-06-25T01:38:24.834+0000: 321924.744: Application time: 0.0000568 seconds
2019-06-25T01:38:24.835+0000: 321924.745: Application time: 0.0000589 seconds
2019-06-25T01:38:24.835+0000: 321924.745: Application time: 0.0000584 seconds
2019-06-25T01:38:24.835+0000: 321924.745: Application time: 0.0000622 seconds
2019-06-25T01:38:24.836+0000: 321924.745: Application time: 0.0001356 seconds
2019-06-25T01:38:24.836+0000: 321924.746: Application time: 0.0000511 seconds
2019-06-25T01:38:29.670+0000: 321929.580: Application time: 4.8339069 seconds
2019-06-25T01:38:29.702+0000: 321929.611: Application time: 0.0315475 seconds
2019-06-25T01:38:30.365+0000: 321930.275: Application time: 0.6632953 seconds
2019-06-25T01:38:33.846+0000: 321933.756: Application time: 3.4808175 seconds
2019-06-25T01:38:33.847+0000: 321933.756: Application time: 0.0000725 seconds
2019-06-25T01:38:33.847+0000: 321933.757: Application time: 0.0000645 seconds
2019-06-25T01:38:33.847+0000: 321933.757: Application time: 0.0000597 seconds
2019-06-25T01:38:33.847+0000: 321933.757: Application time: 0.0000583 seconds
2019-06-25T01:38:33.847+0000: 321933.758: Application time: 0.0005301 seconds
2019-06-25T01:38:33.848+0000: 321933.758: Application time: 0.0000841 seconds
2019-06-25T01:38:33.848+0000: 321933.758: Application time: 0.0001320 seconds
2019-06-25T01:38:33.849+0000: 321933.759: Application time: 0.0001692 seconds
2019-06-25T01:38:38.168+0000: 321938.077: Application time: 4.3185963 seconds
2019-06-25T01:38:38.198+0000: 321938.107: Application time: 0.0298076 seconds
2019-06-25T01:38:55.876+0000: 321955.786: Application time: 17.6780298 seconds
2019-06-25T01:38:55.876+0000: 321955.786: Application time: 0.0000700 seconds
2019-06-25T01:38:55.876+0000: 321955.786: Application time: 0.0000693 seconds
2019-06-25T01:38:55.877+0000: 321955.787: Application time: 0.0000620 seconds
2019-06-25T01:38:55.877+0000: 321955.787: Application time: 0.0000570 seconds
2019-06-25T01:38:55.877+0000: 321955.787: Application time: 0.0000560 seconds
2019-06-25T01:38:55.877+0000: 321955.787: Application time: 0.0000606 seconds
2019-06-25T01:38:55.878+0000: 321955.787: Application time: 0.0006443 seconds
2019-06-25T01:38:55.878+0000: 321955.788: Application time: 0.0001395 seconds
2019-06-25T01:39:09.210+0000: 321969.119: Application time: 13.3310382 seconds
2019-06-25T01:39:12.866+0000: 321972.776: Application time: 3.6561882 seconds
2019-06-25T01:39:22.905+0000: 321982.815: Application time: 10.0392434 seconds
{Heap before GC invocations=4748 (full 138):
 par new generation   total 9792K, used 9727K [0x00000000e1000000, 0x00000000e1aa0000, 0x00000000eb4a0000)
  eden space 8704K, 100% used [0x00000000e1000000, 0x00000000e1880000, 0x00000000e1880000)
  from space 1088K,  94% used [0x00000000e1880000, 0x00000000e197fdb0, 0x00000000e1990000)
  to   space 1088K,   0% used [0x00000000e1990000, 0x00000000e1990000, 0x00000000e1aa0000)
 concurrent mark-sweep generation total 118492K, used 65651K [0x00000000eb4a0000, 0x00000000f2857000, 0x0000000100000000)
 Metaspace       used 95667K, capacity 99845K, committed 100096K, reserved 1136640K
  class space    used 11669K, capacity 12451K, committed 12544K, reserved 1048576K
2019-06-25T01:39:22.906+0000: 321982.816: [GC (Allocation Failure) 2019-06-25T01:39:22.907+0000: 321982.817: [ParNew: 9727K->738K(9792K), 0.0038891 secs] 75378K->66640K(128284K), 0.0047883 secs] [Times: user=0.01 sys=0.00, real=0.01 secs] 
Heap after GC invocations=4749 (full 138):
 par new generation   total 9792K, used 738K [0x00000000e1000000, 0x00000000e1aa0000, 0x00000000eb4a0000)
  eden space 8704K,   0% used [0x00000000e1000000, 0x00000000e1000000, 0x00000000e1880000)
  from space 1088K,  67% used [0x00000000e1990000, 0x00000000e1a489f0, 0x00000000e1aa0000)
  to   space 1088K,   0% used [0x00000000e1880000, 0x00000000e1880000, 0x00000000e1990000)
 concurrent mark-sweep generation total 118492K, used 65901K [0x00000000eb4a0000, 0x00000000f2857000, 0x0000000100000000)
 Metaspace       used 95667K, capacity 99845K, committed 100096K, reserved 1136640K
  class space    used 11669K, capacity 12451K, committed 12544K, reserved 1048576K
}
2019-06-25T01:41:07.020+0000: 322086.930: Application time: 104.1077098 seconds
{Heap before GC invocations=4749 (full 138):
 par new generation   total 9792K, used 9442K [0x00000000e1000000, 0x00000000e1aa0000, 0x00000000eb4a0000)
  eden space 8704K, 100% used [0x00000000e1000000, 0x00000000e1880000, 0x00000000e1880000)
  from space 1088K,  67% used [0x00000000e1990000, 0x00000000e1a489f0, 0x00000000e1aa0000)
  to   space 1088K,   0% used [0x00000000e1880000, 0x00000000e1880000, 0x00000000e1990000)
 concurrent mark-sweep generation total 118492K, used 65901K [0x00000000eb4a0000, 0x00000000f2857000, 0x0000000100000000)
 Metaspace       used 95667K, capacity 99845K, committed 100096K, reserved 1136640K
  class space    used 11669K, capacity 12451K, committed 12544K, reserved 1048576K
2019-06-25T01:41:07.021+0000: 322086.931: [GC (Allocation Failure) 2019-06-25T01:41:07.021+0000: 322086.931: [ParNew: 9442K->954K(9792K), 0.0045335 secs] 75344K->67015K(128284K), 0.0053553 secs] [Times: user=0.00 sys=0.01, real=0.00 secs] 
Heap after GC invocations=4750 (full 138):
 par new generation   total 9792K, used 954K [0x00000000e1000000, 0x00000000e1aa0000, 0x00000000eb4a0000)
  eden space 8704K,   0% used [0x00000000e1000000, 0x00000000e1000000, 0x00000000e1880000)
  from space 1088K,  87% used [0x00000000e1880000, 0x00000000e196e918, 0x00000000e1990000)
  to   space 1088K,   0% used [0x00000000e1990000, 0x00000000e1990000, 0x00000000e1aa0000)
 concurrent mark-sweep generation total 118492K, used 66061K [0x00000000eb4a0000, 0x00000000f2857000, 0x0000000100000000)
 Metaspace       used 95667K, capacity 99845K, committed 100096K, reserved 1136640K
  class space    used 11669K, capacity 12451K, committed 12544K, reserved 1048576K
}
2019-06-25T01:41:22.005+0000: 322101.915: Application time: 14.9778574 seconds
2019-06-25T01:41:53.010+0000: 322132.920: Application time: 31.0048374 seconds
2019-06-25T01:41:53.071+0000: 322132.981: Application time: 0.0605627 seconds
2019-06-25T01:41:53.071+0000: 322132.981: Application time: 0.0001005 seconds
2019-06-25T01:41:53.072+0000: 322132.982: Application time: 0.0001074 seconds
2019-06-25T01:41:53.073+0000: 322132.983: Application time: 0.0001061 seconds
2019-06-25T01:41:53.074+0000: 322132.983: Application time: 0.0002456 seconds
2019-06-25T01:41:53.074+0000: 322132.984: Application time: 0.0000399 seconds
2019-06-25T01:41:53.074+0000: 322132.984: Application time: 0.0000420 seconds
2019-06-25T01:41:53.074+0000: 322132.984: Application time: 0.0002240 seconds
2019-06-25T01:41:53.075+0000: 322132.985: Application time: 0.0001169 seconds
2019-06-25T01:41:57.926+0000: 322137.836: Application time: 4.8508213 seconds
2019-06-25T01:41:57.962+0000: 322137.872: Application time: 0.0351095 seconds
2019-06-25T01:42:00.391+0000: 322140.301: Application time: 2.4289884 seconds
2019-06-25T01:42:12.870+0000: 322152.780: Application time: 12.4786167 seconds
2019-06-25T01:42:18.375+0000: 322158.285: Application time: 5.5051858 seconds
{Heap before GC invocations=4750 (full 138):
 par new generation   total 9792K, used 9658K [0x00000000e1000000, 0x00000000e1aa0000, 0x00000000eb4a0000)
  eden space 8704K, 100% used [0x00000000e1000000, 0x00000000e1880000, 0x00000000e1880000)
  from space 1088K,  87% used [0x00000000e1880000, 0x00000000e196e918, 0x00000000e1990000)
  to   space 1088K,   0% used [0x00000000e1990000, 0x00000000e1990000, 0x00000000e1aa0000)
 concurrent mark-sweep generation total 118492K, used 66061K [0x00000000eb4a0000, 0x00000000f2857000, 0x0000000100000000)
 Metaspace       used 95667K, capacity 99845K, committed 100096K, reserved 1136640K
  class space    used 11669K, capacity 12451K, committed 12544K, reserved 1048576K
2019-06-25T01:42:18.376+0000: 322158.286: [GC (Allocation Failure) 2019-06-25T01:42:18.377+0000: 322158.286: [ParNew: 9658K->653K(9792K), 0.0035832 secs] 75719K->66900K(128284K), 0.0044587 secs] [Times: user=0.01 sys=0.00, real=0.01 secs] 
Heap after GC invocations=4751 (full 138):
 par new generation   total 9792K, used 653K [0x00000000e1000000, 0x00000000e1aa0000, 0x00000000eb4a0000)
  eden space 8704K,   0% used [0x00000000e1000000, 0x00000000e1000000, 0x00000000e1880000)
  from space 1088K,  60% used [0x00000000e1990000, 0x00000000e1a337a8, 0x00000000e1aa0000)
  to   space 1088K,   0% used [0x00000000e1880000, 0x00000000e1880000, 0x00000000e1990000)
 concurrent mark-sweep generation total 118492K, used 66247K [0x00000000eb4a0000, 0x00000000f2857000, 0x0000000100000000)
 Metaspace       used 95667K, capacity 99845K, committed 100096K, reserved 1136640K
  class space    used 11669K, capacity 12451K, committed 12544K, reserved 1048576K
}
2019-06-25T01:43:53.024+0000: 322252.934: Application time: 94.6428445 seconds
{Heap before GC invocations=4751 (full 138):
 par new generation   total 9792K, used 9356K [0x00000000e1000000, 0x00000000e1aa0000, 0x00000000eb4a0000)
  eden space 8704K,  99% used [0x00000000e1000000, 0x00000000e187fc48, 0x00000000e1880000)
  from space 1088K,  60% used [0x00000000e1990000, 0x00000000e1a337a8, 0x00000000e1aa0000)
  to   space 1088K,   0% used [0x00000000e1880000, 0x00000000e1880000, 0x00000000e1990000)
 concurrent mark-sweep generation total 118492K, used 66247K [0x00000000eb4a0000, 0x00000000f2857000, 0x0000000100000000)
 Metaspace       used 95667K, capacity 99845K, committed 100096K, reserved 1136640K
  class space    used 11669K, capacity 12451K, committed 12544K, reserved 1048576K
2019-06-25T01:43:53.025+0000: 322252.935: [GC (Allocation Failure) 2019-06-25T01:43:53.025+0000: 322252.935: [ParNew: 9356K->889K(9792K), 0.0076160 secs] 75604K->67136K(128284K), 0.0085359 secs] [Times: user=0.01 sys=0.00, real=0.01 secs] 
Heap after GC invocations=4752 (full 138):
 par new generation   total 9792K, used 889K [0x00000000e1000000, 0x00000000e1aa0000, 0x00000000eb4a0000)
  eden space 8704K,   0% used [0x00000000e1000000, 0x00000000e1000000, 0x00000000e1880000)
  from space 1088K,  81% used [0x00000000e1880000, 0x00000000e195e4b8, 0x00000000e1990000)
  to   space 1088K,   0% used [0x00000000e1990000, 0x00000000e1990000, 0x00000000e1aa0000)
 concurrent mark-sweep generation total 118492K, used 66247K [0x00000000eb4a0000, 0x00000000f2857000, 0x0000000100000000)
 Metaspace       used 95667K, capacity 99845K, committed 100096K, reserved 1136640K
  class space    used 11669K, capacity 12451K, committed 12544K, reserved 1048576K
}
2019-06-25T01:43:53.197+0000: 322253.107: Application time: 0.1624314 seconds
2019-06-25T01:43:53.197+0000: 322253.107: Application time: 0.0000697 seconds
2019-06-25T01:43:53.198+0000: 322253.108: Application time: 0.0000755 seconds
2019-06-25T01:43:53.199+0000: 322253.108: Application time: 0.0000899 seconds
2019-06-25T01:43:53.202+0000: 322253.112: Application time: 0.0000769 seconds
2019-06-25T01:43:53.203+0000: 322253.112: Application time: 0.0000938 seconds
2019-06-25T01:43:58.022+0000: 322257.932: Application time: 4.8196735 seconds
2019-06-25T01:43:58.058+0000: 322257.967: Application time: 0.0347849 seconds
2019-06-25T01:44:00.406+0000: 322260.316: Application time: 2.3478122 seconds
2019-06-25T01:44:00.406+0000: 322260.316: Application time: 0.0000832 seconds
2019-06-25T01:44:00.407+0000: 322260.316: Application time: 0.0001837 seconds
2019-06-25T01:44:09.230+0000: 322269.140: Application time: 8.8235406 seconds
2019-06-25T01:44:12.873+0000: 322272.783: Application time: 3.6421325 seconds
2019-06-25T01:45:17.029+0000: 322336.939: Application time: 64.1562606 seconds
{Heap before GC invocations=4752 (full 138):
 par new generation   total 9792K, used 9593K [0x00000000e1000000, 0x00000000e1aa0000, 0x00000000eb4a0000)
  eden space 8704K, 100% used [0x00000000e1000000, 0x00000000e1880000, 0x00000000e1880000)
  from space 1088K,  81% used [0x00000000e1880000, 0x00000000e195e4b8, 0x00000000e1990000)
  to   space 1088K,   0% used [0x00000000e1990000, 0x00000000e1990000, 0x00000000e1aa0000)
 concurrent mark-sweep generation total 118492K, used 66247K [0x00000000eb4a0000, 0x00000000f2857000, 0x0000000100000000)
 Metaspace       used 95667K, capacity 99845K, committed 100096K, reserved 1136640K
  class space    used 11669K, capacity 12451K, committed 12544K, reserved 1048576K
2019-06-25T01:45:17.031+0000: 322336.941: [GC (Allocation Failure) 2019-06-25T01:45:17.031+0000: 322336.941: [ParNew: 9593K->690K(9792K), 0.0079000 secs] 75840K->67159K(128284K), 0.0093350 secs] [Times: user=0.01 sys=0.00, real=0.01 secs] 
Heap after GC invocations=4753 (full 138):
 par new generation   total 9792K, used 690K [0x00000000e1000000, 0x00000000e1aa0000, 0x00000000eb4a0000)
  eden space 8704K,   0% used [0x00000000e1000000, 0x00000000e1000000, 0x00000000e1880000)
  from space 1088K,  63% used [0x00000000e1990000, 0x00000000e1a3ca40, 0x00000000e1aa0000)
  to   space 1088K,   0% used [0x00000000e1880000, 0x00000000e1880000, 0x00000000e1990000)
 concurrent mark-sweep generation total 118492K, used 66469K [0x00000000eb4a0000, 0x00000000f2857000, 0x0000000100000000)
 Metaspace       used 95667K, capacity 99845K, committed 100096K, reserved 1136640K
  class space    used 11669K, capacity 12451K, committed 12544K, reserved 1048576K
}
2019-06-25T01:46:22.052+0000: 322401.962: Application time: 65.0107141 seconds
2019-06-25T01:47:00.432+0000: 322440.342: Application time: 38.3798901 seconds
{Heap before GC invocations=4753 (full 138):
 par new generation   total 9792K, used 9394K [0x00000000e1000000, 0x00000000e1aa0000, 0x00000000eb4a0000)
  eden space 8704K, 100% used [0x00000000e1000000, 0x00000000e1880000, 0x00000000e1880000)
  from space 1088K,  63% used [0x00000000e1990000, 0x00000000e1a3ca40, 0x00000000e1aa0000)
  to   space 1088K,   0% used [0x00000000e1880000, 0x00000000e1880000, 0x00000000e1990000)
 concurrent mark-sweep generation total 118492K, used 66469K [0x00000000eb4a0000, 0x00000000f2857000, 0x0000000100000000)
 Metaspace       used 95667K, capacity 99845K, committed 100096K, reserved 1136640K
  class space    used 11669K, capacity 12451K, committed 12544K, reserved 1048576K
2019-06-25T01:47:00.433+0000: 322440.343: [GC (Allocation Failure) 2019-06-25T01:47:00.434+0000: 322440.343: [ParNew: 9394K->791K(9792K), 0.0033768 secs] 75863K->67261K(128284K), 0.0043080 secs] [Times: user=0.01 sys=0.00, real=0.00 secs] 
Heap after GC invocations=4754 (full 138):
 par new generation   total 9792K, used 791K [0x00000000e1000000, 0x00000000e1aa0000, 0x00000000eb4a0000)
  eden space 8704K,   0% used [0x00000000e1000000, 0x00000000e1000000, 0x00000000e1880000)
  from space 1088K,  72% used [0x00000000e1880000, 0x00000000e1945f90, 0x00000000e1990000)
  to   space 1088K,   0% used [0x00000000e1990000, 0x00000000e1990000, 0x00000000e1aa0000)
 concurrent mark-sweep generation total 118492K, used 66469K [0x00000000eb4a0000, 0x00000000f2857000, 0x0000000100000000)
 Metaspace       used 95667K, capacity 99845K, committed 100096K, reserved 1136640K
  class space    used 11669K, capacity 12451K, committed 12544K, reserved 1048576K
}
2019-06-25T01:48:40.839+0000: 322540.749: Application time: 100.4009536 seconds
{Heap before GC invocations=4754 (full 138):
 par new generation   total 9792K, used 9495K [0x00000000e1000000, 0x00000000e1aa0000, 0x00000000eb4a0000)
  eden space 8704K, 100% used [0x00000000e1000000, 0x00000000e1880000, 0x00000000e1880000)
  from space 1088K,  72% used [0x00000000e1880000, 0x00000000e1945f90, 0x00000000e1990000)
  to   space 1088K,   0% used [0x00000000e1990000, 0x00000000e1990000, 0x00000000e1aa0000)
 concurrent mark-sweep generation total 118492K, used 66469K [0x00000000eb4a0000, 0x00000000f2857000, 0x0000000100000000)
 Metaspace       used 95667K, capacity 99845K, committed 100096K, reserved 1136640K
  class space    used 11669K, capacity 12451K, committed 12544K, reserved 1048576K
2019-06-25T01:48:40.840+0000: 322540.750: [GC (Allocation Failure) 2019-06-25T01:48:40.840+0000: 322540.750: [ParNew: 9495K->632K(9792K), 0.0157889 secs] 75965K->67299K(128284K), 0.0166778 secs] [Times: user=0.03 sys=0.00, real=0.01 secs] 
Heap after GC invocations=4755 (full 138):
 par new generation   total 9792K, used 632K [0x00000000e1000000, 0x00000000e1aa0000, 0x00000000eb4a0000)
  eden space 8704K,   0% used [0x00000000e1000000, 0x00000000e1000000, 0x00000000e1880000)
  from space 1088K,  58% used [0x00000000e1990000, 0x00000000e1a2e1c8, 0x00000000e1aa0000)
  to   space 1088K,   0% used [0x00000000e1880000, 0x00000000e1880000, 0x00000000e1990000)
 concurrent mark-sweep generation total 118492K, used 66666K [0x00000000eb4a0000, 0x00000000f2857000, 0x0000000100000000)
 Metaspace       used 95667K, capacity 99845K, committed 100096K, reserved 1136640K
  class space    used 11669K, capacity 12451K, committed 12544K, reserved 1048576K
}
2019-06-25T01:50:17.046+0000: 322636.956: Application time: 96.1882866 seconds
2019-06-25T01:50:17.048+0000: 322636.958: Application time: 0.0015642 seconds
2019-06-25T01:50:17.066+0000: 322636.976: Application time: 0.0176892 seconds
2019-06-25T01:50:17.068+0000: 322636.977: Application time: 0.0014853 seconds
2019-06-25T01:50:17.069+0000: 322636.979: Application time: 0.0007576 seconds
{Heap before GC invocations=4755 (full 138):
 par new generation   total 9792K, used 9336K [0x00000000e1000000, 0x00000000e1aa0000, 0x00000000eb4a0000)
  eden space 8704K, 100% used [0x00000000e1000000, 0x00000000e1880000, 0x00000000e1880000)
  from space 1088K,  58% used [0x00000000e1990000, 0x00000000e1a2e1c8, 0x00000000e1aa0000)
  to   space 1088K,   0% used [0x00000000e1880000, 0x00000000e1880000, 0x00000000e1990000)
 concurrent mark-sweep generation total 118492K, used 66666K [0x00000000eb4a0000, 0x00000000f2857000, 0x0000000100000000)
 Metaspace       used 95667K, capacity 99845K, committed 100096K, reserved 1136640K
  class space    used 11669K, capacity 12451K, committed 12544K, reserved 1048576K
2019-06-25T01:50:17.069+0000: 322636.979: [GC (Allocation Failure) 2019-06-25T01:50:17.070+0000: 322636.980: [ParNew: 9336K->597K(9792K), 0.0034128 secs] 76003K->67263K(128284K), 0.0050114 secs] [Times: user=0.00 sys=0.00, real=0.00 secs] 
Heap after GC invocations=4756 (full 138):
 par new generation   total 9792K, used 597K [0x00000000e1000000, 0x00000000e1aa0000, 0x00000000eb4a0000)
  eden space 8704K,   0% used [0x00000000e1000000, 0x00000000e1000000, 0x00000000e1880000)
  from space 1088K,  54% used [0x00000000e1880000, 0x00000000e1915458, 0x00000000e1990000)
  to   space 1088K,   0% used [0x00000000e1990000, 0x00000000e1990000, 0x00000000e1aa0000)
 concurrent mark-sweep generation total 118492K, used 66666K [0x00000000eb4a0000, 0x00000000f2857000, 0x0000000100000000)
 Metaspace       used 95667K, capacity 99845K, committed 100096K, reserved 1136640K
  class space    used 11669K, capacity 12451K, committed 12544K, reserved 1048576K
}
2019-06-25T01:50:40.080+0000: 322659.990: Application time: 23.0028433 seconds
2019-06-25T01:51:22.058+0000: 322701.968: Application time: 41.9777770 seconds
2019-06-25T01:52:00.470+0000: 322740.380: Application time: 38.4118110 seconds
{Heap before GC invocations=4756 (full 138):
 par new generation   total 9792K, used 9301K [0x00000000e1000000, 0x00000000e1aa0000, 0x00000000eb4a0000)
  eden space 8704K, 100% used [0x00000000e1000000, 0x00000000e1880000, 0x00000000e1880000)
  from space 1088K,  54% used [0x00000000e1880000, 0x00000000e1915458, 0x00000000e1990000)
  to   space 1088K,   0% used [0x00000000e1990000, 0x00000000e1990000, 0x00000000e1aa0000)
 concurrent mark-sweep generation total 118492K, used 66666K [0x00000000eb4a0000, 0x00000000f2857000, 0x0000000100000000)
 Metaspace       used 95667K, capacity 99845K, committed 100096K, reserved 1136640K
  class space    used 11669K, capacity 12451K, committed 12544K, reserved 1048576K
2019-06-25T01:52:00.471+0000: 322740.381: [GC (Allocation Failure) 2019-06-25T01:52:00.472+0000: 322740.382: [ParNew: 9301K->828K(9792K), 0.0075618 secs] 75967K->67532K(128284K), 0.0087930 secs] [Times: user=0.01 sys=0.00, real=0.01 secs] 
Heap after GC invocations=4757 (full 138):
 par new generation   total 9792K, used 828K [0x00000000e1000000, 0x00000000e1aa0000, 0x00000000eb4a0000)
  eden space 8704K,   0% used [0x00000000e1000000, 0x00000000e1000000, 0x00000000e1880000)
  from space 1088K,  76% used [0x00000000e1990000, 0x00000000e1a5f1d0, 0x00000000e1aa0000)
  to   space 1088K,   0% used [0x00000000e1880000, 0x00000000e1880000, 0x00000000e1990000)
 concurrent mark-sweep generation total 118492K, used 66704K [0x00000000eb4a0000, 0x00000000f2857000, 0x0000000100000000)
 Metaspace       used 95667K, capacity 99845K, committed 100096K, reserved 1136640K
  class space    used 11669K, capacity 12451K, committed 12544K, reserved 1048576K
}
2019-06-25T01:53:41.265+0000: 322841.175: Application time: 100.7839961 seconds
{Heap before GC invocations=4757 (full 138):
 par new generation   total 9792K, used 9532K [0x00000000e1000000, 0x00000000e1aa0000, 0x00000000eb4a0000)
  eden space 8704K, 100% used [0x00000000e1000000, 0x00000000e1880000, 0x00000000e1880000)
  from space 1088K,  76% used [0x00000000e1990000, 0x00000000e1a5f1d0, 0x00000000e1aa0000)
  to   space 1088K,   0% used [0x00000000e1880000, 0x00000000e1880000, 0x00000000e1990000)
 concurrent mark-sweep generation total 118492K, used 66704K [0x00000000eb4a0000, 0x00000000f2857000, 0x0000000100000000)
 Metaspace       used 95667K, capacity 99845K, committed 100096K, reserved 1136640K
  class space    used 11669K, capacity 12451K, committed 12544K, reserved 1048576K
2019-06-25T01:53:41.266+0000: 322841.176: [GC (Allocation Failure) 2019-06-25T01:53:41.266+0000: 322841.176: [ParNew: 9532K->792K(9792K), 0.0225704 secs] 76236K->67566K(128284K), 0.0233217 secs] [Times: user=0.05 sys=0.00, real=0.03 secs] 
Heap after GC invocations=4758 (full 138):
 par new generation   total 9792K, used 792K [0x00000000e1000000, 0x00000000e1aa0000, 0x00000000eb4a0000)
  eden space 8704K,   0% used [0x00000000e1000000, 0x00000000e1000000, 0x00000000e1880000)
  from space 1088K,  72% used [0x00000000e1880000, 0x00000000e1946058, 0x00000000e1990000)
  to   space 1088K,   0% used [0x00000000e1990000, 0x00000000e1990000, 0x00000000e1aa0000)
 concurrent mark-sweep generation total 118492K, used 66774K [0x00000000eb4a0000, 0x00000000f2857000, 0x0000000100000000)
 Metaspace       used 95667K, capacity 99845K, committed 100096K, reserved 1136640K
  class space    used 11669K, capacity 12451K, committed 12544K, reserved 1048576K
}
2019-06-25T01:55:06.302+0000: 322926.212: Application time: 85.0119140 seconds
2019-06-25T01:55:19.828+0000: 322939.738: Application time: 13.5255313 seconds
{Heap before GC invocations=4758 (full 138):
 par new generation   total 9792K, used 9496K [0x00000000e1000000, 0x00000000e1aa0000, 0x00000000eb4a0000)
  eden space 8704K, 100% used [0x00000000e1000000, 0x00000000e1880000, 0x00000000e1880000)
  from space 1088K,  72% used [0x00000000e1880000, 0x00000000e1946058, 0x00000000e1990000)
  to   space 1088K,   0% used [0x00000000e1990000, 0x00000000e1990000, 0x00000000e1aa0000)
 concurrent mark-sweep generation total 118492K, used 66774K [0x00000000eb4a0000, 0x00000000f2857000, 0x0000000100000000)
 Metaspace       used 95667K, capacity 99845K, committed 100096K, reserved 1136640K
  class space    used 11669K, capacity 12451K, committed 12544K, reserved 1048576K
2019-06-25T01:55:19.829+0000: 322939.738: [GC (Allocation Failure) 2019-06-25T01:55:19.829+0000: 322939.739: [ParNew: 9496K->690K(9792K), 0.0039157 secs] 76270K->67465K(128284K), 0.0049117 secs] [Times: user=0.01 sys=0.00, real=0.00 secs] 
Heap after GC invocations=4759 (full 138):
 par new generation   total 9792K, used 690K [0x00000000e1000000, 0x00000000e1aa0000, 0x00000000eb4a0000)
  eden space 8704K,   0% used [0x00000000e1000000, 0x00000000e1000000, 0x00000000e1880000)
  from space 1088K,  63% used [0x00000000e1990000, 0x00000000e1a3cb50, 0x00000000e1aa0000)
  to   space 1088K,   0% used [0x00000000e1880000, 0x00000000e1880000, 0x00000000e1990000)
 concurrent mark-sweep generation total 118492K, used 66774K [0x00000000eb4a0000, 0x00000000f2857000, 0x0000000100000000)
 Metaspace       used 95667K, capacity 99845K, committed 100096K, reserved 1136640K
  class space    used 11669K, capacity 12451K, committed 12544K, reserved 1048576K
}
2019-06-25T01:56:22.115+0000: 323002.025: Application time: 62.2803786 seconds
2019-06-25T01:57:04.937+0000: 323044.847: Application time: 42.8215664 seconds
{Heap before GC invocations=4759 (full 138):
 par new generation   total 9792K, used 9394K [0x00000000e1000000, 0x00000000e1aa0000, 0x00000000eb4a0000)
  eden space 8704K, 100% used [0x00000000e1000000, 0x00000000e1880000, 0x00000000e1880000)
  from space 1088K,  63% used [0x00000000e1990000, 0x00000000e1a3cb50, 0x00000000e1aa0000)
  to   space 1088K,   0% used [0x00000000e1880000, 0x00000000e1880000, 0x00000000e1990000)
 concurrent mark-sweep generation total 118492K, used 66774K [0x00000000eb4a0000, 0x00000000f2857000, 0x0000000100000000)
 Metaspace       used 95667K, capacity 99845K, committed 100096K, reserved 1136640K
  class space    used 11669K, capacity 12451K, committed 12544K, reserved 1048576K
2019-06-25T01:57:04.938+0000: 323044.848: [GC (Allocation Failure) 2019-06-25T01:57:04.938+0000: 323044.848: [ParNew: 9394K->652K(9792K), 0.0039705 secs] 76169K->67427K(128284K), 0.0050455 secs] [Times: user=0.00 sys=0.01, real=0.01 secs] 
Heap after GC invocations=4760 (full 138):
 par new generation   total 9792K, used 652K [0x00000000e1000000, 0x00000000e1aa0000, 0x00000000eb4a0000)
  eden space 8704K,   0% used [0x00000000e1000000, 0x00000000e1000000, 0x00000000e1880000)
  from space 1088K,  60% used [0x00000000e1880000, 0x00000000e1923350, 0x00000000e1990000)
  to   space 1088K,   0% used [0x00000000e1990000, 0x00000000e1990000, 0x00000000e1aa0000)
 concurrent mark-sweep generation total 118492K, used 66774K [0x00000000eb4a0000, 0x00000000f2857000, 0x0000000100000000)
 Metaspace       used 95667K, capacity 99845K, committed 100096K, reserved 1136640K
  class space    used 11669K, capacity 12451K, committed 12544K, reserved 1048576K
}
2019-06-25T01:58:10.909+0000: 323110.819: Application time: 65.9650523 seconds
2019-06-25T01:58:43.355+0000: 323143.264: Application time: 32.4454926 seconds
{Heap before GC invocations=4760 (full 138):
 par new generation   total 9792K, used 9356K [0x00000000e1000000, 0x00000000e1aa0000, 0x00000000eb4a0000)
  eden space 8704K, 100% used [0x00000000e1000000, 0x00000000e1880000, 0x00000000e1880000)
  from space 1088K,  60% used [0x00000000e1880000, 0x00000000e1923350, 0x00000000e1990000)
  to   space 1088K,   0% used [0x00000000e1990000, 0x00000000e1990000, 0x00000000e1aa0000)
 concurrent mark-sweep generation total 118492K, used 66774K [0x00000000eb4a0000, 0x00000000f2857000, 0x0000000100000000)
 Metaspace       used 95667K, capacity 99845K, committed 100096K, reserved 1136640K
  class space    used 11669K, capacity 12451K, committed 12544K, reserved 1048576K
2019-06-25T01:58:43.356+0000: 323143.265: [GC (Allocation Failure) 2019-06-25T01:58:43.356+0000: 323143.266: [ParNew: 9356K->719K(9792K), 0.0033713 secs] 76131K->67554K(128284K), 0.0043141 secs] [Times: user=0.01 sys=0.00, real=0.01 secs] 
Heap after GC invocations=4761 (full 138):
 par new generation   total 9792K, used 719K [0x00000000e1000000, 0x00000000e1aa0000, 0x00000000eb4a0000)
  eden space 8704K,   0% used [0x00000000e1000000, 0x00000000e1000000, 0x00000000e1880000)
  from space 1088K,  66% used [0x00000000e1990000, 0x00000000e1a43ea8, 0x00000000e1aa0000)
  to   space 1088K,   0% used [0x00000000e1880000, 0x00000000e1880000, 0x00000000e1990000)
 concurrent mark-sweep generation total 118492K, used 66834K [0x00000000eb4a0000, 0x00000000f2857000, 0x0000000100000000)
 Metaspace       used 95667K, capacity 99845K, committed 100096K, reserved 1136640K
  class space    used 11669K, capacity 12451K, committed 12544K, reserved 1048576K
}
2019-06-25T02:00:21.533+0000: 323241.443: Application time: 98.1725244 seconds
{Heap before GC invocations=4761 (full 138):
 par new generation   total 9792K, used 9423K [0x00000000e1000000, 0x00000000e1aa0000, 0x00000000eb4a0000)
  eden space 8704K, 100% used [0x00000000e1000000, 0x00000000e1880000, 0x00000000e1880000)
  from space 1088K,  66% used [0x00000000e1990000, 0x00000000e1a43ea8, 0x00000000e1aa0000)
  to   space 1088K,   0% used [0x00000000e1880000, 0x00000000e1880000, 0x00000000e1990000)
 concurrent mark-sweep generation total 118492K, used 66834K [0x00000000eb4a0000, 0x00000000f2857000, 0x0000000100000000)
 Metaspace       used 95668K, capacity 99845K, committed 100096K, reserved 1136640K
  class space    used 11669K, capacity 12451K, committed 12544K, reserved 1048576K
2019-06-25T02:00:21.534+0000: 323241.444: [GC (Allocation Failure) 2019-06-25T02:00:21.535+0000: 323241.445: [ParNew: 9423K->515K(9792K), 0.0069221 secs] 76258K->67350K(128284K), 0.0079372 secs] [Times: user=0.00 sys=0.00, real=0.01 secs] 
Heap after GC invocations=4762 (full 138):
 par new generation   total 9792K, used 515K [0x00000000e1000000, 0x00000000e1aa0000, 0x00000000eb4a0000)
  eden space 8704K,   0% used [0x00000000e1000000, 0x00000000e1000000, 0x00000000e1880000)
  from space 1088K,  47% used [0x00000000e1880000, 0x00000000e1900d60, 0x00000000e1990000)
  to   space 1088K,   0% used [0x00000000e1990000, 0x00000000e1990000, 0x00000000e1aa0000)
 concurrent mark-sweep generation total 118492K, used 66834K [0x00000000eb4a0000, 0x00000000f2857000, 0x0000000100000000)
 Metaspace       used 95668K, capacity 99845K, committed 100096K, reserved 1136640K
  class space    used 11669K, capacity 12451K, committed 12544K, reserved 1048576K
}
2019-06-25T02:01:22.142+0000: 323302.052: Application time: 60.5990151 seconds
2019-06-25T02:02:04.270+0000: 323344.180: Application time: 42.1275240 seconds
{Heap before GC invocations=4762 (full 138):
 par new generation   total 9792K, used 9219K [0x00000000e1000000, 0x00000000e1aa0000, 0x00000000eb4a0000)
  eden space 8704K, 100% used [0x00000000e1000000, 0x00000000e1880000, 0x00000000e1880000)
  from space 1088K,  47% used [0x00000000e1880000, 0x00000000e1900d60, 0x00000000e1990000)
  to   space 1088K,   0% used [0x00000000e1990000, 0x00000000e1990000, 0x00000000e1aa0000)
 concurrent mark-sweep generation total 118492K, used 66834K [0x00000000eb4a0000, 0x00000000f2857000, 0x0000000100000000)
 Metaspace       used 95668K, capacity 99845K, committed 100096K, reserved 1136640K
  class space    used 11669K, capacity 12451K, committed 12544K, reserved 1048576K
2019-06-25T02:02:04.271+0000: 323344.181: [GC (Allocation Failure) 2019-06-25T02:02:04.272+0000: 323344.181: [ParNew: 9219K->745K(9792K), 0.0032658 secs] 76054K->67580K(128284K), 0.0041954 secs] [Times: user=0.01 sys=0.00, real=0.00 secs] 
Heap after GC invocations=4763 (full 138):
 par new generation   total 9792K, used 745K [0x00000000e1000000, 0x00000000e1aa0000, 0x00000000eb4a0000)
  eden space 8704K,   0% used [0x00000000e1000000, 0x00000000e1000000, 0x00000000e1880000)
  from space 1088K,  68% used [0x00000000e1990000, 0x00000000e1a4a658, 0x00000000e1aa0000)
  to   space 1088K,   0% used [0x00000000e1880000, 0x00000000e1880000, 0x00000000e1990000)
 concurrent mark-sweep generation total 118492K, used 66834K [0x00000000eb4a0000, 0x00000000f2857000, 0x0000000100000000)
 Metaspace       used 95668K, capacity 99845K, committed 100096K, reserved 1136640K
  class space    used 11669K, capacity 12451K, committed 12544K, reserved 1048576K
}
2019-06-25T02:03:32.750+0000: 323432.660: Application time: 88.4734219 seconds
{Heap before GC invocations=4763 (full 138):
 par new generation   total 9792K, used 9449K [0x00000000e1000000, 0x00000000e1aa0000, 0x00000000eb4a0000)
  eden space 8704K, 100% used [0x00000000e1000000, 0x00000000e1880000, 0x00000000e1880000)
  from space 1088K,  68% used [0x00000000e1990000, 0x00000000e1a4a658, 0x00000000e1aa0000)
  to   space 1088K,   0% used [0x00000000e1880000, 0x00000000e1880000, 0x00000000e1990000)
 concurrent mark-sweep generation total 118492K, used 66834K [0x00000000eb4a0000, 0x00000000f2857000, 0x0000000100000000)
 Metaspace       used 95668K, capacity 99845K, committed 100096K, reserved 1136640K
  class space    used 11669K, capacity 12451K, committed 12544K, reserved 1048576K
2019-06-25T02:03:32.750+0000: 323432.660: [GC (Allocation Failure) 2019-06-25T02:03:32.750+0000: 323432.660: [ParNew: 9449K->671K(9792K), 0.0055005 secs] 76284K->67531K(128284K), 0.0061785 secs] [Times: user=0.00 sys=0.00, real=0.00 secs] 
Heap after GC invocations=4764 (full 138):
 par new generation   total 9792K, used 671K [0x00000000e1000000, 0x00000000e1aa0000, 0x00000000eb4a0000)
  eden space 8704K,   0% used [0x00000000e1000000, 0x00000000e1000000, 0x00000000e1880000)
  from space 1088K,  61% used [0x00000000e1880000, 0x00000000e1927fe8, 0x00000000e1990000)
  to   space 1088K,   0% used [0x00000000e1990000, 0x00000000e1990000, 0x00000000e1aa0000)
 concurrent mark-sweep generation total 118492K, used 66859K [0x00000000eb4a0000, 0x00000000f2857000, 0x0000000100000000)
 Metaspace       used 95668K, capacity 99845K, committed 100096K, reserved 1136640K
  class space    used 11669K, capacity 12451K, committed 12544K, reserved 1048576K
}
2019-06-25T02:03:33.330+0000: 323433.240: Application time: 0.5727943 seconds
2019-06-25T02:03:33.331+0000: 323433.240: Application time: 0.0002511 seconds
2019-06-25T02:03:33.331+0000: 323433.241: Application time: 0.0001489 seconds
2019-06-25T02:03:33.331+0000: 323433.241: Application time: 0.0001116 seconds
2019-06-25T02:03:33.332+0000: 323433.242: Application time: 0.0003744 seconds
2019-06-25T02:03:33.332+0000: 323433.242: Application time: 0.0000484 seconds
2019-06-25T02:03:37.748+0000: 323437.657: Application time: 4.4149968 seconds
2019-06-25T02:03:37.779+0000: 323437.689: Application time: 0.0309847 seconds
2019-06-25T02:04:00.575+0000: 323460.485: Application time: 22.7963150 seconds
2019-06-25T02:04:36.391+0000: 323496.301: Application time: 35.8148946 seconds
2019-06-25T02:04:36.391+0000: 323496.301: Application time: 0.0001012 seconds
2019-06-25T02:04:36.392+0000: 323496.301: Application time: 0.0000672 seconds
2019-06-25T02:04:36.392+0000: 323496.302: Application time: 0.0001023 seconds
2019-06-25T02:04:38.395+0000: 323498.305: Application time: 2.0025825 seconds
{Heap before GC invocations=4764 (full 138):
 par new generation   total 9792K, used 9375K [0x00000000e1000000, 0x00000000e1aa0000, 0x00000000eb4a0000)
  eden space 8704K, 100% used [0x00000000e1000000, 0x00000000e1880000, 0x00000000e1880000)
  from space 1088K,  61% used [0x00000000e1880000, 0x00000000e1927fe8, 0x00000000e1990000)
  to   space 1088K,   0% used [0x00000000e1990000, 0x00000000e1990000, 0x00000000e1aa0000)
 concurrent mark-sweep generation total 118492K, used 66859K [0x00000000eb4a0000, 0x00000000f2857000, 0x0000000100000000)
 Metaspace       used 95668K, capacity 99845K, committed 100096K, reserved 1136640K
  class space    used 11669K, capacity 12451K, committed 12544K, reserved 1048576K
2019-06-25T02:04:38.396+0000: 323498.306: [GC (Allocation Failure) 2019-06-25T02:04:38.397+0000: 323498.307: [ParNew: 9375K->830K(9792K), 0.0135660 secs] 76235K->67832K(128284K), 0.0148728 secs] [Times: user=0.02 sys=0.01, real=0.02 secs] 
Heap after GC invocations=4765 (full 138):
 par new generation   total 9792K, used 830K [0x00000000e1000000, 0x00000000e1aa0000, 0x00000000eb4a0000)
  eden space 8704K,   0% used [0x00000000e1000000, 0x00000000e1000000, 0x00000000e1880000)
  from space 1088K,  76% used [0x00000000e1990000, 0x00000000e1a5fa40, 0x00000000e1aa0000)
  to   space 1088K,   0% used [0x00000000e1880000, 0x00000000e1880000, 0x00000000e1990000)
 concurrent mark-sweep generation total 118492K, used 67002K [0x00000000eb4a0000, 0x00000000f2857000, 0x0000000100000000)
 Metaspace       used 95668K, capacity 99845K, committed 100096K, reserved 1136640K
  class space    used 11669K, capacity 12451K, committed 12544K, reserved 1048576K
}
2019-06-25T02:04:40.550+0000: 323500.460: Application time: 2.1376089 seconds
2019-06-25T02:04:40.575+0000: 323500.484: Application time: 0.0245774 seconds
2019-06-25T02:05:00.582+0000: 323520.492: Application time: 20.0069624 seconds
2019-06-25T02:05:00.582+0000: 323520.492: Application time: 0.0001480 seconds
2019-06-25T02:05:00.583+0000: 323520.493: Application time: 0.0000676 seconds
2019-06-25T02:05:00.583+0000: 323520.493: Application time: 0.0000611 seconds
2019-06-25T02:05:00.583+0000: 323520.493: Application time: 0.0001507 seconds
2019-06-25T02:05:00.584+0000: 323520.494: Application time: 0.0008689 seconds
2019-06-25T02:05:09.290+0000: 323529.200: Application time: 8.7057687 seconds
2019-06-25T02:05:10.292+0000: 323530.201: Application time: 1.0003198 seconds
2019-06-25T02:05:15.449+0000: 323535.358: Application time: 5.1567318 seconds
2019-06-25T02:05:15.449+0000: 323535.359: Application time: 0.0001271 seconds
2019-06-25T02:05:15.450+0000: 323535.360: Application time: 0.0000706 seconds
2019-06-25T02:05:15.450+0000: 323535.360: Application time: 0.0000684 seconds
2019-06-25T02:05:15.451+0000: 323535.361: Application time: 0.0001889 seconds
2019-06-25T02:05:15.451+0000: 323535.361: Application time: 0.0001591 seconds
2019-06-25T02:05:19.788+0000: 323539.697: Application time: 4.3361296 seconds
2019-06-25T02:05:19.833+0000: 323539.743: Application time: 0.0451842 seconds
2019-06-25T02:05:23.459+0000: 323543.369: Application time: 3.6254418 seconds
2019-06-25T02:05:27.463+0000: 323547.373: Application time: 4.0038190 seconds
{Heap before GC invocations=4765 (full 138):
 par new generation   total 9792K, used 9534K [0x00000000e1000000, 0x00000000e1aa0000, 0x00000000eb4a0000)
  eden space 8704K, 100% used [0x00000000e1000000, 0x00000000e1880000, 0x00000000e1880000)
  from space 1088K,  76% used [0x00000000e1990000, 0x00000000e1a5fa40, 0x00000000e1aa0000)
  to   space 1088K,   0% used [0x00000000e1880000, 0x00000000e1880000, 0x00000000e1990000)
 concurrent mark-sweep generation total 118492K, used 67002K [0x00000000eb4a0000, 0x00000000f2857000, 0x0000000100000000)
 Metaspace       used 95668K, capacity 99845K, committed 100096K, reserved 1136640K
  class space    used 11669K, capacity 12451K, committed 12544K, reserved 1048576K
2019-06-25T02:05:27.463+0000: 323547.373: [GC (Allocation Failure) 2019-06-25T02:05:27.464+0000: 323547.374: [ParNew: 9534K->838K(9792K), 0.0041849 secs] 76536K->67840K(128284K), 0.0052828 secs] [Times: user=0.01 sys=0.00, real=0.01 secs] 
Heap after GC invocations=4766 (full 138):
 par new generation   total 9792K, used 838K [0x00000000e1000000, 0x00000000e1aa0000, 0x00000000eb4a0000)
  eden space 8704K,   0% used [0x00000000e1000000, 0x00000000e1000000, 0x00000000e1880000)
  from space 1088K,  77% used [0x00000000e1880000, 0x00000000e1951b00, 0x00000000e1990000)
  to   space 1088K,   0% used [0x00000000e1990000, 0x00000000e1990000, 0x00000000e1aa0000)
 concurrent mark-sweep generation total 118492K, used 67002K [0x00000000eb4a0000, 0x00000000f2857000, 0x0000000100000000)
 Metaspace       used 95668K, capacity 99845K, committed 100096K, reserved 1136640K
  class space    used 11669K, capacity 12451K, committed 12544K, reserved 1048576K
}
2019-06-25T02:05:28.319+0000: 323548.229: Application time: 0.8500763 seconds
2019-06-25T02:05:28.361+0000: 323548.271: Application time: 0.0413610 seconds
2019-06-25T02:05:30.587+0000: 323550.497: Application time: 2.2253259 seconds
2019-06-25T02:05:30.587+0000: 323550.497: Application time: 0.0000954 seconds
2019-06-25T02:05:30.588+0000: 323550.498: Application time: 0.0001040 seconds
2019-06-25T02:05:30.588+0000: 323550.498: Application time: 0.0000838 seconds
2019-06-25T02:05:30.589+0000: 323550.498: Application time: 0.0000815 seconds
2019-06-25T02:05:30.589+0000: 323550.499: Application time: 0.0000802 seconds
2019-06-25T02:05:30.589+0000: 323550.499: Application time: 0.0000803 seconds
2019-06-25T02:05:30.589+0000: 323550.499: Application time: 0.0000852 seconds
2019-06-25T02:05:30.590+0000: 323550.500: Application time: 0.0001873 seconds
2019-06-25T02:06:09.298+0000: 323589.208: Application time: 38.7081638 seconds
2019-06-25T02:06:22.145+0000: 323602.055: Application time: 12.8466375 seconds
2019-06-25T02:06:23.536+0000: 323603.446: Application time: 1.3903035 seconds
2019-06-25T02:06:23.536+0000: 323603.446: Application time: 0.0000874 seconds
2019-06-25T02:06:23.537+0000: 323603.446: Application time: 0.0000995 seconds
2019-06-25T02:06:23.537+0000: 323603.447: Application time: 0.0000752 seconds
2019-06-25T02:06:23.537+0000: 323603.447: Application time: 0.0006025 seconds
2019-06-25T02:06:23.538+0000: 323603.448: Application time: 0.0000825 seconds
2019-06-25T02:06:23.538+0000: 323603.448: Application time: 0.0000811 seconds
2019-06-25T02:06:23.539+0000: 323603.448: Application time: 0.0001899 seconds
2019-06-25T02:06:23.539+0000: 323603.449: Application time: 0.0001921 seconds
2019-06-25T02:06:28.284+0000: 323608.193: Application time: 4.7444547 seconds
2019-06-25T02:06:28.331+0000: 323608.241: Application time: 0.0469657 seconds
2019-06-25T02:06:30.601+0000: 323610.511: Application time: 2.2696501 seconds
2019-06-25T02:06:34.556+0000: 323614.466: Application time: 3.9547633 seconds
2019-06-25T02:06:43.566+0000: 323623.476: Application time: 9.0099188 seconds
{Heap before GC invocations=4766 (full 138):
 par new generation   total 9792K, used 9542K [0x00000000e1000000, 0x00000000e1aa0000, 0x00000000eb4a0000)
  eden space 8704K, 100% used [0x00000000e1000000, 0x00000000e1880000, 0x00000000e1880000)
  from space 1088K,  77% used [0x00000000e1880000, 0x00000000e1951b00, 0x00000000e1990000)
  to   space 1088K,   0% used [0x00000000e1990000, 0x00000000e1990000, 0x00000000e1aa0000)
 concurrent mark-sweep generation total 118492K, used 67002K [0x00000000eb4a0000, 0x00000000f2857000, 0x0000000100000000)
 Metaspace       used 95668K, capacity 99845K, committed 100096K, reserved 1136640K
  class space    used 11669K, capacity 12451K, committed 12544K, reserved 1048576K
2019-06-25T02:06:43.567+0000: 323623.477: [GC (Allocation Failure) 2019-06-25T02:06:43.568+0000: 323623.477: [ParNew: 9542K->1079K(9792K), 0.0059443 secs] 76544K->68334K(128284K), 0.0069144 secs] [Times: user=0.00 sys=0.01, real=0.01 secs] 
Heap after GC invocations=4767 (full 138):
 par new generation   total 9792K, used 1079K [0x00000000e1000000, 0x00000000e1aa0000, 0x00000000eb4a0000)
  eden space 8704K,   0% used [0x00000000e1000000, 0x00000000e1000000, 0x00000000e1880000)
  from space 1088K,  99% used [0x00000000e1990000, 0x00000000e1a9dee8, 0x00000000e1aa0000)
  to   space 1088K,   0% used [0x00000000e1880000, 0x00000000e1880000, 0x00000000e1990000)
 concurrent mark-sweep generation total 118492K, used 67254K [0x00000000eb4a0000, 0x00000000f2857000, 0x0000000100000000)
 Metaspace       used 95668K, capacity 99845K, committed 100096K, reserved 1136640K
  class space    used 11669K, capacity 12451K, committed 12544K, reserved 1048576K
}
2019-06-25T02:07:53.502+0000: 323693.412: Application time: 69.9273080 seconds
2019-06-25T02:07:53.503+0000: 323693.413: Application time: 0.0001009 seconds
2019-06-25T02:07:53.503+0000: 323693.413: Application time: 0.0001145 seconds
2019-06-25T02:07:53.504+0000: 323693.414: Application time: 0.0000995 seconds
2019-06-25T02:07:53.505+0000: 323693.415: Application time: 0.0002521 seconds
2019-06-25T02:07:53.506+0000: 323693.415: Application time: 0.0002387 seconds
2019-06-25T02:07:53.647+0000: 323693.557: Application time: 0.1404059 seconds
2019-06-25T02:07:58.507+0000: 323698.417: Application time: 4.8598447 seconds
2019-06-25T02:07:58.543+0000: 323698.453: Application time: 0.0352276 seconds
2019-06-25T02:08:00.484+0000: 323700.394: Application time: 1.9414184 seconds
{Heap before GC invocations=4767 (full 138):
 par new generation   total 9792K, used 9783K [0x00000000e1000000, 0x00000000e1aa0000, 0x00000000eb4a0000)
  eden space 8704K, 100% used [0x00000000e1000000, 0x00000000e1880000, 0x00000000e1880000)
  from space 1088K,  99% used [0x00000000e1990000, 0x00000000e1a9dee8, 0x00000000e1aa0000)
  to   space 1088K,   0% used [0x00000000e1880000, 0x00000000e1880000, 0x00000000e1990000)
 concurrent mark-sweep generation total 118492K, used 67254K [0x00000000eb4a0000, 0x00000000f2857000, 0x0000000100000000)
 Metaspace       used 95708K, capacity 99911K, committed 100096K, reserved 1136640K
  class space    used 11675K, capacity 12462K, committed 12544K, reserved 1048576K
2019-06-25T02:08:00.485+0000: 323700.395: [GC (Allocation Failure) 2019-06-25T02:08:00.486+0000: 323700.395: [ParNew: 9783K->843K(9792K), 0.0041663 secs] 77038K->68313K(128284K), 0.0049906 secs] [Times: user=0.01 sys=0.00, real=0.01 secs] 
Heap after GC invocations=4768 (full 138):
 par new generation   total 9792K, used 843K [0x00000000e1000000, 0x00000000e1aa0000, 0x00000000eb4a0000)
  eden space 8704K,   0% used [0x00000000e1000000, 0x00000000e1000000, 0x00000000e1880000)
  from space 1088K,  77% used [0x00000000e1880000, 0x00000000e1952e70, 0x00000000e1990000)
  to   space 1088K,   0% used [0x00000000e1990000, 0x00000000e1990000, 0x00000000e1aa0000)
 concurrent mark-sweep generation total 118492K, used 67469K [0x00000000eb4a0000, 0x00000000f2857000, 0x0000000100000000)
 Metaspace       used 95708K, capacity 99911K, committed 100096K, reserved 1136640K
  class space    used 11675K, capacity 12462K, committed 12544K, reserved 1048576K
}
2019-06-25T02:08:07.661+0000: 323707.571: Application time: 7.1697947 seconds
2019-06-25T02:08:09.305+0000: 323709.215: Application time: 1.6442158 seconds
2019-06-25T02:08:09.306+0000: 323709.216: Application time: 0.0002090 seconds
2019-06-25T02:08:09.306+0000: 323709.216: Application time: 0.0001989 seconds
2019-06-25T02:08:09.307+0000: 323709.217: Application time: 0.0001037 seconds
2019-06-25T02:08:09.308+0000: 323709.217: Application time: 0.0000825 seconds
2019-06-25T02:08:09.308+0000: 323709.218: Application time: 0.0000981 seconds
2019-06-25T02:08:09.308+0000: 323709.218: Application time: 0.0000865 seconds
2019-06-25T02:08:09.308+0000: 323709.218: Application time: 0.0001882 seconds
2019-06-25T02:08:09.309+0000: 323709.219: Application time: 0.0001564 seconds
2019-06-25T02:08:09.311+0000: 323709.220: Application time: 0.0016144 seconds
2019-06-25T02:08:12.253+0000: 323712.163: Application time: 2.9422119 seconds
2019-06-25T02:08:12.304+0000: 323712.214: Application time: 0.0507177 seconds
2019-06-25T02:08:14.668+0000: 323714.578: Application time: 2.3632155 seconds
2019-06-25T02:08:14.669+0000: 323714.579: Application time: 0.0002121 seconds
2019-06-25T02:08:14.670+0000: 323714.579: Application time: 0.0003084 seconds
2019-06-25T02:08:14.670+0000: 323714.580: Application time: 0.0001346 seconds
2019-06-25T02:08:18.817+0000: 323718.728: Application time: 4.1481356 seconds
2019-06-25T02:08:18.842+0000: 323718.752: Application time: 0.0231348 seconds
2019-06-25T02:08:30.616+0000: 323730.525: Application time: 11.7732194 seconds
2019-06-25T02:08:30.616+0000: 323730.526: Application time: 0.0000875 seconds
2019-06-25T02:08:30.616+0000: 323730.526: Application time: 0.0000891 seconds
2019-06-25T02:08:30.617+0000: 323730.526: Application time: 0.0000817 seconds
2019-06-25T02:08:30.617+0000: 323730.527: Application time: 0.0000816 seconds
2019-06-25T02:08:30.617+0000: 323730.527: Application time: 0.0000812 seconds
2019-06-25T02:08:30.617+0000: 323730.527: Application time: 0.0000871 seconds
2019-06-25T02:08:30.618+0000: 323730.528: Application time: 0.0003385 seconds
2019-06-25T02:08:30.619+0000: 323730.528: Application time: 0.0002106 seconds
2019-06-25T02:08:49.707+0000: 323749.617: Application time: 19.0878771 seconds
{Heap before GC invocations=4768 (full 138):
 par new generation   total 9792K, used 9547K [0x00000000e1000000, 0x00000000e1aa0000, 0x00000000eb4a0000)
  eden space 8704K, 100% used [0x00000000e1000000, 0x00000000e1880000, 0x00000000e1880000)
  from space 1088K,  77% used [0x00000000e1880000, 0x00000000e1952e70, 0x00000000e1990000)
  to   space 1088K,   0% used [0x00000000e1990000, 0x00000000e1990000, 0x00000000e1aa0000)
 concurrent mark-sweep generation total 118492K, used 67469K [0x00000000eb4a0000, 0x00000000f2857000, 0x0000000100000000)
 Metaspace       used 95709K, capacity 99911K, committed 100096K, reserved 1136640K
  class space    used 11675K, capacity 12462K, committed 12544K, reserved 1048576K
2019-06-25T02:08:49.708+0000: 323749.617: [GC (Allocation Failure) 2019-06-25T02:08:49.708+0000: 323749.618: [ParNew: 9547K->773K(9792K), 0.0035351 secs] 77017K->68492K(128284K), 0.0043702 secs] [Times: user=0.00 sys=0.00, real=0.01 secs] 
Heap after GC invocations=4769 (full 138):
 par new generation   total 9792K, used 773K [0x00000000e1000000, 0x00000000e1aa0000, 0x00000000eb4a0000)
  eden space 8704K,   0% used [0x00000000e1000000, 0x00000000e1000000, 0x00000000e1880000)
  from space 1088K,  71% used [0x00000000e1990000, 0x00000000e1a514b8, 0x00000000e1aa0000)
  to   space 1088K,   0% used [0x00000000e1880000, 0x00000000e1880000, 0x00000000e1990000)
 concurrent mark-sweep generation total 118492K, used 67719K [0x00000000eb4a0000, 0x00000000f2857000, 0x0000000100000000)
 Metaspace       used 95709K, capacity 99911K, committed 100096K, reserved 1136640K
  class space    used 11675K, capacity 12462K, committed 12544K, reserved 1048576K
}
2019-06-25T02:09:09.315+0000: 323769.224: Application time: 19.6018176 seconds
2019-06-25T02:10:32.809+0000: 323852.718: Application time: 83.4935637 seconds
{Heap before GC invocations=4769 (full 138):
 par new generation   total 9792K, used 9477K [0x00000000e1000000, 0x00000000e1aa0000, 0x00000000eb4a0000)
  eden space 8704K, 100% used [0x00000000e1000000, 0x00000000e1880000, 0x00000000e1880000)
  from space 1088K,  71% used [0x00000000e1990000, 0x00000000e1a514b8, 0x00000000e1aa0000)
  to   space 1088K,   0% used [0x00000000e1880000, 0x00000000e1880000, 0x00000000e1990000)
 concurrent mark-sweep generation total 118492K, used 67719K [0x00000000eb4a0000, 0x00000000f2857000, 0x0000000100000000)
 Metaspace       used 95709K, capacity 99911K, committed 100096K, reserved 1136640K
  class space    used 11675K, capacity 12462K, committed 12544K, reserved 1048576K
2019-06-25T02:10:32.809+0000: 323852.719: [GC (Allocation Failure) 2019-06-25T02:10:32.810+0000: 323852.719: [ParNew: 9477K->690K(9792K), 0.0034080 secs] 77196K->68567K(128284K), 0.0041853 secs] [Times: user=0.01 sys=0.00, real=0.00 secs] 
Heap after GC invocations=4770 (full 138):
 par new generation   total 9792K, used 690K [0x00000000e1000000, 0x00000000e1aa0000, 0x00000000eb4a0000)
  eden space 8704K,   0% used [0x00000000e1000000, 0x00000000e1000000, 0x00000000e1880000)
  from space 1088K,  63% used [0x00000000e1880000, 0x00000000e192cb58, 0x00000000e1990000)
  to   space 1088K,   0% used [0x00000000e1990000, 0x00000000e1990000, 0x00000000e1aa0000)
 concurrent mark-sweep generation total 118492K, used 67876K [0x00000000eb4a0000, 0x00000000f2857000, 0x0000000100000000)
 Metaspace       used 95709K, capacity 99911K, committed 100096K, reserved 1136640K
  class space    used 11675K, capacity 12462K, committed 12544K, reserved 1048576K
}
2019-06-25T02:11:22.198+0000: 323902.107: Application time: 49.3832518 seconds
2019-06-25T02:11:49.076+0000: 323928.986: Application time: 26.8779093 seconds
{Heap before GC invocations=4770 (full 138):
 par new generation   total 9792K, used 9390K [0x00000000e1000000, 0x00000000e1aa0000, 0x00000000eb4a0000)
  eden space 8704K,  99% used [0x00000000e1000000, 0x00000000e187ef40, 0x00000000e1880000)
  from space 1088K,  63% used [0x00000000e1880000, 0x00000000e192cb58, 0x00000000e1990000)
  to   space 1088K,   0% used [0x00000000e1990000, 0x00000000e1990000, 0x00000000e1aa0000)
 concurrent mark-sweep generation total 118492K, used 67876K [0x00000000eb4a0000, 0x00000000f2857000, 0x0000000100000000)
 Metaspace       used 95709K, capacity 99911K, committed 100096K, reserved 1136640K
  class space    used 11675K, capacity 12462K, committed 12544K, reserved 1048576K
2019-06-25T02:11:49.077+0000: 323928.987: [GC (Allocation Failure) 2019-06-25T02:11:49.077+0000: 323928.987: [ParNew: 9390K->1088K(9792K), 0.0137262 secs] 77267K->69051K(128284K), 0.0143238 secs] [Times: user=0.02 sys=0.00, real=0.02 secs] 
Heap after GC invocations=4771 (full 138):
 par new generation   total 9792K, used 1088K [0x00000000e1000000, 0x00000000e1aa0000, 0x00000000eb4a0000)
  eden space 8704K,   0% used [0x00000000e1000000, 0x00000000e1000000, 0x00000000e1880000)
  from space 1088K, 100% used [0x00000000e1990000, 0x00000000e1aa0000, 0x00000000e1aa0000)
  to   space 1088K,   0% used [0x00000000e1880000, 0x00000000e1880000, 0x00000000e1990000)
 concurrent mark-sweep generation total 118492K, used 67963K [0x00000000eb4a0000, 0x00000000f2857000, 0x0000000100000000)
 Metaspace       used 95709K, capacity 99911K, committed 100096K, reserved 1136640K
  class space    used 11675K, capacity 12462K, committed 12544K, reserved 1048576K
}
2019-06-25T02:11:49.889+0000: 323929.798: Application time: 0.7968714 seconds
2019-06-25T02:11:49.889+0000: 323929.799: Application time: 0.0000713 seconds
2019-06-25T02:11:49.889+0000: 323929.799: Application time: 0.0000680 seconds
2019-06-25T02:11:49.889+0000: 323929.799: Application time: 0.0000610 seconds
2019-06-25T02:11:49.890+0000: 323929.800: Application time: 0.0001632 seconds
2019-06-25T02:11:49.890+0000: 323929.800: Application time: 0.0001013 seconds
2019-06-25T02:11:54.073+0000: 323933.983: Application time: 4.1827425 seconds
2019-06-25T02:11:54.101+0000: 323934.011: Application time: 0.0278092 seconds
2019-06-25T02:12:00.648+0000: 323940.558: Application time: 6.5466722 seconds
2019-06-25T02:13:29.992+0000: 324029.902: Application time: 89.3433245 seconds
{Heap before GC invocations=4771 (full 138):
 par new generation   total 9792K, used 9792K [0x00000000e1000000, 0x00000000e1aa0000, 0x00000000eb4a0000)
  eden space 8704K, 100% used [0x00000000e1000000, 0x00000000e1880000, 0x00000000e1880000)
  from space 1088K, 100% used [0x00000000e1990000, 0x00000000e1aa0000, 0x00000000e1aa0000)
  to   space 1088K,   0% used [0x00000000e1880000, 0x00000000e1880000, 0x00000000e1990000)
 concurrent mark-sweep generation total 118492K, used 67963K [0x00000000eb4a0000, 0x00000000f2857000, 0x0000000100000000)
 Metaspace       used 95709K, capacity 99911K, committed 100096K, reserved 1136640K
  class space    used 11675K, capacity 12462K, committed 12544K, reserved 1048576K
2019-06-25T02:13:29.993+0000: 324029.903: [GC (Allocation Failure) 2019-06-25T02:13:29.993+0000: 324029.903: [ParNew: 9792K->503K(9792K), 0.0037642 secs] 77755K->68816K(128284K), 0.0045293 secs] [Times: user=0.00 sys=0.01, real=0.00 secs] 
Heap after GC invocations=4772 (full 138):
 par new generation   total 9792K, used 503K [0x00000000e1000000, 0x00000000e1aa0000, 0x00000000eb4a0000)
  eden space 8704K,   0% used [0x00000000e1000000, 0x00000000e1000000, 0x00000000e1880000)
  from space 1088K,  46% used [0x00000000e1880000, 0x00000000e18fdea8, 0x00000000e1990000)
  to   space 1088K,   0% used [0x00000000e1990000, 0x00000000e1990000, 0x00000000e1aa0000)
 concurrent mark-sweep generation total 118492K, used 68312K [0x00000000eb4a0000, 0x00000000f2857000, 0x0000000100000000)
 Metaspace       used 95709K, capacity 99911K, committed 100096K, reserved 1136640K
  class space    used 11675K, capacity 12462K, committed 12544K, reserved 1048576K
}
2019-06-25T02:13:39.008+0000: 324038.917: Application time: 9.0096349 seconds
2019-06-25T02:13:39.008+0000: 324038.918: Application time: 0.0000855 seconds
2019-06-25T02:13:39.008+0000: 324038.918: Application time: 0.0001290 seconds
2019-06-25T02:13:39.009+0000: 324038.918: Application time: 0.0000818 seconds
2019-06-25T02:13:39.010+0000: 324038.919: Application time: 0.0001526 seconds
2019-06-25T02:13:39.010+0000: 324038.920: Application time: 0.0001214 seconds
2019-06-25T02:13:43.329+0000: 324043.238: Application time: 4.3180460 seconds
2019-06-25T02:13:43.359+0000: 324043.269: Application time: 0.0302983 seconds
2019-06-25T02:14:00.665+0000: 324060.575: Application time: 17.3051832 seconds
2019-06-25T02:14:00.666+0000: 324060.576: Application time: 0.0001599 seconds
2019-06-25T02:14:00.666+0000: 324060.576: Application time: 0.0001320 seconds
2019-06-25T02:14:00.667+0000: 324060.577: Application time: 0.0001408 seconds
2019-06-25T02:14:00.670+0000: 324060.580: Application time: 0.0031271 seconds
2019-06-25T02:14:46.680+0000: 324106.590: Application time: 46.0096725 seconds
{Heap before GC invocations=4772 (full 138):
 par new generation   total 9792K, used 9204K [0x00000000e1000000, 0x00000000e1aa0000, 0x00000000eb4a0000)
  eden space 8704K,  99% used [0x00000000e1000000, 0x00000000e187f2c0, 0x00000000e1880000)
  from space 1088K,  46% used [0x00000000e1880000, 0x00000000e18fdea8, 0x00000000e1990000)
  to   space 1088K,   0% used [0x00000000e1990000, 0x00000000e1990000, 0x00000000e1aa0000)
 concurrent mark-sweep generation total 118492K, used 68312K [0x00000000eb4a0000, 0x00000000f2857000, 0x0000000100000000)
 Metaspace       used 95709K, capacity 99911K, committed 100096K, reserved 1136640K
  class space    used 11675K, capacity 12462K, committed 12544K, reserved 1048576K
2019-06-25T02:14:46.682+0000: 324106.592: [GC (Allocation Failure) 2019-06-25T02:14:46.683+0000: 324106.593: [ParNew: 9204K->665K(9792K), 0.0041858 secs] 77516K->68977K(128284K), 0.0052223 secs] [Times: user=0.01 sys=0.00, real=0.01 secs] 
Heap after GC invocations=4773 (full 138):
 par new generation   total 9792K, used 665K [0x00000000e1000000, 0x00000000e1aa0000, 0x00000000eb4a0000)
  eden space 8704K,   0% used [0x00000000e1000000, 0x00000000e1000000, 0x00000000e1880000)
  from space 1088K,  61% used [0x00000000e1990000, 0x00000000e1a36438, 0x00000000e1aa0000)
  to   space 1088K,   0% used [0x00000000e1880000, 0x00000000e1880000, 0x00000000e1990000)
 concurrent mark-sweep generation total 118492K, used 68312K [0x00000000eb4a0000, 0x00000000f2857000, 0x0000000100000000)
 Metaspace       used 95709K, capacity 99911K, committed 100096K, reserved 1136640K
  class space    used 11675K, capacity 12462K, committed 12544K, reserved 1048576K
}
2019-06-25T02:15:17.200+0000: 324137.109: Application time: 30.5108337 seconds
2019-06-25T02:15:17.202+0000: 324137.112: Application time: 0.0015710 seconds
2019-06-25T02:15:17.215+0000: 324137.125: Application time: 0.0131509 seconds
2019-06-25T02:15:41.392+0000: 324161.301: Application time: 24.1761995 seconds
2019-06-25T02:15:46.691+0000: 324166.600: Application time: 5.2980642 seconds
2019-06-25T02:16:22.212+0000: 324202.122: Application time: 35.5209329 seconds
2019-06-25T02:16:22.399+0000: 324202.309: Application time: 0.1872581 seconds
{Heap before GC invocations=4773 (full 138):
 par new generation   total 9792K, used 9369K [0x00000000e1000000, 0x00000000e1aa0000, 0x00000000eb4a0000)
  eden space 8704K,  99% used [0x00000000e1000000, 0x00000000e187ffe8, 0x00000000e1880000)
  from space 1088K,  61% used [0x00000000e1990000, 0x00000000e1a36438, 0x00000000e1aa0000)
  to   space 1088K,   0% used [0x00000000e1880000, 0x00000000e1880000, 0x00000000e1990000)
 concurrent mark-sweep generation total 118492K, used 68312K [0x00000000eb4a0000, 0x00000000f2857000, 0x0000000100000000)
 Metaspace       used 95709K, capacity 99911K, committed 100096K, reserved 1136640K
  class space    used 11675K, capacity 12462K, committed 12544K, reserved 1048576K
2019-06-25T02:16:22.400+0000: 324202.309: [GC (Allocation Failure) 2019-06-25T02:16:22.400+0000: 324202.310: [ParNew: 9369K->944K(9792K), 0.0034744 secs] 77681K->69256K(128284K), 0.0045913 secs] [Times: user=0.00 sys=0.00, real=0.00 secs] 
Heap after GC invocations=4774 (full 138):
 par new generation   total 9792K, used 944K [0x00000000e1000000, 0x00000000e1aa0000, 0x00000000eb4a0000)
  eden space 8704K,   0% used [0x00000000e1000000, 0x00000000e1000000, 0x00000000e1880000)
  from space 1088K,  86% used [0x00000000e1880000, 0x00000000e196c250, 0x00000000e1990000)
  to   space 1088K,   0% used [0x00000000e1990000, 0x00000000e1990000, 0x00000000e1aa0000)
 concurrent mark-sweep generation total 118492K, used 68312K [0x00000000eb4a0000, 0x00000000f2857000, 0x0000000100000000)
 Metaspace       used 95709K, capacity 99911K, committed 100096K, reserved 1136640K
  class space    used 11675K, capacity 12462K, committed 12544K, reserved 1048576K
}
2019-06-25T02:18:09.339+0000: 324309.249: Application time: 106.9338198 seconds
{Heap before GC invocations=4774 (full 138):
 par new generation   total 9792K, used 9648K [0x00000000e1000000, 0x00000000e1aa0000, 0x00000000eb4a0000)
  eden space 8704K, 100% used [0x00000000e1000000, 0x00000000e1880000, 0x00000000e1880000)
  from space 1088K,  86% used [0x00000000e1880000, 0x00000000e196c250, 0x00000000e1990000)
  to   space 1088K,   0% used [0x00000000e1990000, 0x00000000e1990000, 0x00000000e1aa0000)
 concurrent mark-sweep generation total 118492K, used 68312K [0x00000000eb4a0000, 0x00000000f2857000, 0x0000000100000000)
 Metaspace       used 95709K, capacity 99911K, committed 100096K, reserved 1136640K
  class space    used 11675K, capacity 12462K, committed 12544K, reserved 1048576K
2019-06-25T02:18:09.341+0000: 324309.250: [GC (Allocation Failure) 2019-06-25T02:18:09.342+0000: 324309.251: [ParNew: 9648K->837K(9792K), 0.0129047 secs] 77960K->69420K(128284K), 0.0148387 secs] [Times: user=0.02 sys=0.00, real=0.01 secs] 
Heap after GC invocations=4775 (full 138):
 par new generation   total 9792K, used 837K [0x00000000e1000000, 0x00000000e1aa0000, 0x00000000eb4a0000)
  eden space 8704K,   0% used [0x00000000e1000000, 0x00000000e1000000, 0x00000000e1880000)
  from space 1088K,  77% used [0x00000000e1990000, 0x00000000e1a617a0, 0x00000000e1aa0000)
  to   space 1088K,   0% used [0x00000000e1880000, 0x00000000e1880000, 0x00000000e1990000)
 concurrent mark-sweep generation total 118492K, used 68582K [0x00000000eb4a0000, 0x00000000f2857000, 0x0000000100000000)
 Metaspace       used 95709K, capacity 99911K, committed 100096K, reserved 1136640K
  class space    used 11675K, capacity 12462K, committed 12544K, reserved 1048576K
}
2019-06-25T02:19:47.227+0000: 324407.137: Application time: 97.8686205 seconds
{Heap before GC invocations=4775 (full 138):
 par new generation   total 9792K, used 9541K [0x00000000e1000000, 0x00000000e1aa0000, 0x00000000eb4a0000)
  eden space 8704K, 100% used [0x00000000e1000000, 0x00000000e1880000, 0x00000000e1880000)
  from space 1088K,  77% used [0x00000000e1990000, 0x00000000e1a617a0, 0x00000000e1aa0000)
  to   space 1088K,   0% used [0x00000000e1880000, 0x00000000e1880000, 0x00000000e1990000)
 concurrent mark-sweep generation total 118492K, used 68582K [0x00000000eb4a0000, 0x00000000f2857000, 0x0000000100000000)
 Metaspace       used 95709K, capacity 99911K, committed 100096K, reserved 1136640K
  class space    used 11675K, capacity 12462K, committed 12544K, reserved 1048576K
2019-06-25T02:19:47.228+0000: 324407.138: [GC (Allocation Failure) 2019-06-25T02:19:47.229+0000: 324407.139: [ParNew: 9541K->576K(9792K), 0.0041841 secs] 78124K->69159K(128284K), 0.0051897 secs] [Times: user=0.00 sys=0.00, real=0.00 secs] 
Heap after GC invocations=4776 (full 138):
 par new generation   total 9792K, used 576K [0x00000000e1000000, 0x00000000e1aa0000, 0x00000000eb4a0000)
  eden space 8704K,   0% used [0x00000000e1000000, 0x00000000e1000000, 0x00000000e1880000)
  from space 1088K,  52% used [0x00000000e1880000, 0x00000000e1910158, 0x00000000e1990000)
  to   space 1088K,   0% used [0x00000000e1990000, 0x00000000e1990000, 0x00000000e1aa0000)
 concurrent mark-sweep generation total 118492K, used 68582K [0x00000000eb4a0000, 0x00000000f2857000, 0x0000000100000000)
 Metaspace       used 95709K, capacity 99911K, committed 100096K, reserved 1136640K
  class space    used 11675K, capacity 12462K, committed 12544K, reserved 1048576K
}
2019-06-25T02:21:22.255+0000: 324502.165: Application time: 95.0210018 seconds
2019-06-25T02:21:27.493+0000: 324507.403: Application time: 5.2371628 seconds
{Heap before GC invocations=4776 (full 138):
 par new generation   total 9792K, used 9280K [0x00000000e1000000, 0x00000000e1aa0000, 0x00000000eb4a0000)
  eden space 8704K, 100% used [0x00000000e1000000, 0x00000000e1880000, 0x00000000e1880000)
  from space 1088K,  52% used [0x00000000e1880000, 0x00000000e1910158, 0x00000000e1990000)
  to   space 1088K,   0% used [0x00000000e1990000, 0x00000000e1990000, 0x00000000e1aa0000)
 concurrent mark-sweep generation total 118492K, used 68582K [0x00000000eb4a0000, 0x00000000f2857000, 0x0000000100000000)
 Metaspace       used 95709K, capacity 99911K, committed 100096K, reserved 1136640K
  class space    used 11675K, capacity 12462K, committed 12544K, reserved 1048576K
2019-06-25T02:21:27.494+0000: 324507.404: [GC (Allocation Failure) 2019-06-25T02:21:27.495+0000: 324507.405: [ParNew: 9280K->767K(9792K), 0.0082500 secs] 77863K->69350K(128284K), 0.0091852 secs] [Times: user=0.02 sys=0.00, real=0.01 secs] 
Heap after GC invocations=4777 (full 138):
 par new generation   total 9792K, used 767K [0x00000000e1000000, 0x00000000e1aa0000, 0x00000000eb4a0000)
  eden space 8704K,   0% used [0x00000000e1000000, 0x00000000e1000000, 0x00000000e1880000)
  from space 1088K,  70% used [0x00000000e1990000, 0x00000000e1a4ffb8, 0x00000000e1aa0000)
  to   space 1088K,   0% used [0x00000000e1880000, 0x00000000e1880000, 0x00000000e1990000)
 concurrent mark-sweep generation total 118492K, used 68582K [0x00000000eb4a0000, 0x00000000f2857000, 0x0000000100000000)
 Metaspace       used 95709K, capacity 99911K, committed 100096K, reserved 1136640K
  class space    used 11675K, capacity 12462K, committed 12544K, reserved 1048576K
}
2019-06-25T02:23:10.930+0000: 324610.840: Application time: 103.4250401 seconds
{Heap before GC invocations=4777 (full 138):
 par new generation   total 9792K, used 9471K [0x00000000e1000000, 0x00000000e1aa0000, 0x00000000eb4a0000)
  eden space 8704K, 100% used [0x00000000e1000000, 0x00000000e1880000, 0x00000000e1880000)
  from space 1088K,  70% used [0x00000000e1990000, 0x00000000e1a4ffb8, 0x00000000e1aa0000)
  to   space 1088K,   0% used [0x00000000e1880000, 0x00000000e1880000, 0x00000000e1990000)
 concurrent mark-sweep generation total 118492K, used 68582K [0x00000000eb4a0000, 0x00000000f2857000, 0x0000000100000000)
 Metaspace       used 95709K, capacity 99911K, committed 100096K, reserved 1136640K
  class space    used 11675K, capacity 12462K, committed 12544K, reserved 1048576K
2019-06-25T02:23:10.932+0000: 324610.842: [GC (Allocation Failure) 2019-06-25T02:23:10.934+0000: 324610.844: [ParNew: 9471K->774K(9792K), 0.0156442 secs] 78054K->69457K(128284K), 0.0201522 secs] [Times: user=0.03 sys=0.00, real=0.02 secs] 
Heap after GC invocations=4778 (full 138):
 par new generation   total 9792K, used 774K [0x00000000e1000000, 0x00000000e1aa0000, 0x00000000eb4a0000)
  eden space 8704K,   0% used [0x00000000e1000000, 0x00000000e1000000, 0x00000000e1880000)
  from space 1088K,  71% used [0x00000000e1880000, 0x00000000e1941b70, 0x00000000e1990000)
  to   space 1088K,   0% used [0x00000000e1990000, 0x00000000e1990000, 0x00000000e1aa0000)
 concurrent mark-sweep generation total 118492K, used 68682K [0x00000000eb4a0000, 0x00000000f2857000, 0x0000000100000000)
 Metaspace       used 95709K, capacity 99911K, committed 100096K, reserved 1136640K
  class space    used 11675K, capacity 12462K, committed 12544K, reserved 1048576K
}
2019-06-25T02:23:11.056+0000: 324610.965: Application time: 0.0993420 seconds
2019-06-25T02:24:49.713+0000: 324709.623: Application time: 98.6571090 seconds
{Heap before GC invocations=4778 (full 138):
 par new generation   total 9792K, used 9478K [0x00000000e1000000, 0x00000000e1aa0000, 0x00000000eb4a0000)
  eden space 8704K, 100% used [0x00000000e1000000, 0x00000000e1880000, 0x00000000e1880000)
  from space 1088K,  71% used [0x00000000e1880000, 0x00000000e1941b70, 0x00000000e1990000)
  to   space 1088K,   0% used [0x00000000e1990000, 0x00000000e1990000, 0x00000000e1aa0000)
 concurrent mark-sweep generation total 118492K, used 68682K [0x00000000eb4a0000, 0x00000000f2857000, 0x0000000100000000)
 Metaspace       used 95709K, capacity 99911K, committed 100096K, reserved 1136640K
  class space    used 11675K, capacity 12462K, committed 12544K, reserved 1048576K
2019-06-25T02:24:49.714+0000: 324709.624: [GC (Allocation Failure) 2019-06-25T02:24:49.714+0000: 324709.624: [ParNew: 9478K->660K(9792K), 0.0037824 secs] 78161K->69343K(128284K), 0.0048678 secs] [Times: user=0.00 sys=0.00, real=0.01 secs] 
Heap after GC invocations=4779 (full 138):
 par new generation   total 9792K, used 660K [0x00000000e1000000, 0x00000000e1aa0000, 0x00000000eb4a0000)
  eden space 8704K,   0% used [0x00000000e1000000, 0x00000000e1000000, 0x00000000e1880000)
  from space 1088K,  60% used [0x00000000e1990000, 0x00000000e1a35080, 0x00000000e1aa0000)
  to   space 1088K,   0% used [0x00000000e1880000, 0x00000000e1880000, 0x00000000e1990000)
 concurrent mark-sweep generation total 118492K, used 68682K [0x00000000eb4a0000, 0x00000000f2857000, 0x0000000100000000)
 Metaspace       used 95709K, capacity 99911K, committed 100096K, reserved 1136640K
  class space    used 11675K, capacity 12462K, committed 12544K, reserved 1048576K
}
2019-06-25T02:26:22.282+0000: 324802.192: Application time: 92.5624478 seconds
2019-06-25T02:26:30.495+0000: 324810.404: Application time: 8.2124584 seconds
{Heap before GC invocations=4779 (full 138):
 par new generation   total 9792K, used 9364K [0x00000000e1000000, 0x00000000e1aa0000, 0x00000000eb4a0000)
  eden space 8704K, 100% used [0x00000000e1000000, 0x00000000e1880000, 0x00000000e1880000)
  from space 1088K,  60% used [0x00000000e1990000, 0x00000000e1a35080, 0x00000000e1aa0000)
  to   space 1088K,   0% used [0x00000000e1880000, 0x00000000e1880000, 0x00000000e1990000)
 concurrent mark-sweep generation total 118492K, used 68682K [0x00000000eb4a0000, 0x00000000f2857000, 0x0000000100000000)
 Metaspace       used 95709K, capacity 99911K, committed 100096K, reserved 1136640K
  class space    used 11675K, capacity 12462K, committed 12544K, reserved 1048576K
2019-06-25T02:26:30.496+0000: 324810.405: [GC (Allocation Failure) 2019-06-25T02:26:30.496+0000: 324810.406: [ParNew: 9364K->725K(9792K), 0.0040314 secs] 78047K->69408K(128284K), 0.0051390 secs] [Times: user=0.01 sys=0.00, real=0.01 secs] 
Heap after GC invocations=4780 (full 138):
 par new generation   total 9792K, used 725K [0x00000000e1000000, 0x00000000e1aa0000, 0x00000000eb4a0000)
  eden space 8704K,   0% used [0x00000000e1000000, 0x00000000e1000000, 0x00000000e1880000)
  from space 1088K,  66% used [0x00000000e1880000, 0x00000000e19356a8, 0x00000000e1990000)
  to   space 1088K,   0% used [0x00000000e1990000, 0x00000000e1990000, 0x00000000e1aa0000)
 concurrent mark-sweep generation total 118492K, used 68682K [0x00000000eb4a0000, 0x00000000f2857000, 0x0000000100000000)
 Metaspace       used 95709K, capacity 99911K, committed 100096K, reserved 1136640K
  class space    used 11675K, capacity 12462K, committed 12544K, reserved 1048576K
}
2019-06-25T02:28:11.500+0000: 324911.410: Application time: 100.9978164 seconds
{Heap before GC invocations=4780 (full 138):
 par new generation   total 9792K, used 9429K [0x00000000e1000000, 0x00000000e1aa0000, 0x00000000eb4a0000)
  eden space 8704K, 100% used [0x00000000e1000000, 0x00000000e1880000, 0x00000000e1880000)
  from space 1088K,  66% used [0x00000000e1880000, 0x00000000e19356a8, 0x00000000e1990000)
  to   space 1088K,   0% used [0x00000000e1990000, 0x00000000e1990000, 0x00000000e1aa0000)
 concurrent mark-sweep generation total 118492K, used 68682K [0x00000000eb4a0000, 0x00000000f2857000, 0x0000000100000000)
 Metaspace       used 95709K, capacity 99911K, committed 100096K, reserved 1136640K
  class space    used 11675K, capacity 12462K, committed 12544K, reserved 1048576K
2019-06-25T02:28:11.501+0000: 324911.411: [GC (Allocation Failure) 2019-06-25T02:28:11.501+0000: 324911.411: [ParNew: 9429K->570K(9792K), 0.0042495 secs] 78112K->69310K(128284K), 0.0051205 secs] [Times: user=0.00 sys=0.01, real=0.00 secs] 
Heap after GC invocations=4781 (full 138):
 par new generation   total 9792K, used 570K [0x00000000e1000000, 0x00000000e1aa0000, 0x00000000eb4a0000)
  eden space 8704K,   0% used [0x00000000e1000000, 0x00000000e1000000, 0x00000000e1880000)
  from space 1088K,  52% used [0x00000000e1990000, 0x00000000e1a1eba8, 0x00000000e1aa0000)
  to   space 1088K,   0% used [0x00000000e1880000, 0x00000000e1880000, 0x00000000e1990000)
 concurrent mark-sweep generation total 118492K, used 68739K [0x00000000eb4a0000, 0x00000000f2857000, 0x0000000100000000)
 Metaspace       used 95709K, capacity 99911K, committed 100096K, reserved 1136640K
  class space    used 11675K, capacity 12462K, committed 12544K, reserved 1048576K
}
2019-06-25T02:29:49.020+0000: 325008.930: Application time: 97.5128697 seconds
{Heap before GC invocations=4781 (full 138):
 par new generation   total 9792K, used 9274K [0x00000000e1000000, 0x00000000e1aa0000, 0x00000000eb4a0000)
  eden space 8704K, 100% used [0x00000000e1000000, 0x00000000e1880000, 0x00000000e1880000)
  from space 1088K,  52% used [0x00000000e1990000, 0x00000000e1a1eba8, 0x00000000e1aa0000)
  to   space 1088K,   0% used [0x00000000e1880000, 0x00000000e1880000, 0x00000000e1990000)
 concurrent mark-sweep generation total 118492K, used 68739K [0x00000000eb4a0000, 0x00000000f2857000, 0x0000000100000000)
 Metaspace       used 95709K, capacity 99911K, committed 100096K, reserved 1136640K
  class space    used 11675K, capacity 12462K, committed 12544K, reserved 1048576K
2019-06-25T02:29:49.021+0000: 325008.930: [GC (Allocation Failure) 2019-06-25T02:29:49.021+0000: 325008.931: [ParNew: 9274K->590K(9792K), 0.0032997 secs] 78014K->69330K(128284K), 0.0041025 secs] [Times: user=0.00 sys=0.00, real=0.00 secs] 
Heap after GC invocations=4782 (full 138):
 par new generation   total 9792K, used 590K [0x00000000e1000000, 0x00000000e1aa0000, 0x00000000eb4a0000)
  eden space 8704K,   0% used [0x00000000e1000000, 0x00000000e1000000, 0x00000000e1880000)
  from space 1088K,  54% used [0x00000000e1880000, 0x00000000e1913b78, 0x00000000e1990000)
  to   space 1088K,   0% used [0x00000000e1990000, 0x00000000e1990000, 0x00000000e1aa0000)
 concurrent mark-sweep generation total 118492K, used 68739K [0x00000000eb4a0000, 0x00000000f2857000, 0x0000000100000000)
 Metaspace       used 95709K, capacity 99911K, committed 100096K, reserved 1136640K
  class space    used 11675K, capacity 12462K, committed 12544K, reserved 1048576K
}
2019-06-25T02:31:22.287+0000: 325102.197: Application time: 93.2617283 seconds
2019-06-25T02:31:31.837+0000: 325111.747: Application time: 9.5494696 seconds
{Heap before GC invocations=4782 (full 138):
 par new generation   total 9792K, used 9294K [0x00000000e1000000, 0x00000000e1aa0000, 0x00000000eb4a0000)
  eden space 8704K, 100% used [0x00000000e1000000, 0x00000000e1880000, 0x00000000e1880000)
  from space 1088K,  54% used [0x00000000e1880000, 0x00000000e1913b78, 0x00000000e1990000)
  to   space 1088K,   0% used [0x00000000e1990000, 0x00000000e1990000, 0x00000000e1aa0000)
 concurrent mark-sweep generation total 118492K, used 68739K [0x00000000eb4a0000, 0x00000000f2857000, 0x0000000100000000)
 Metaspace       used 95709K, capacity 99911K, committed 100096K, reserved 1136640K
  class space    used 11675K, capacity 12462K, committed 12544K, reserved 1048576K
2019-06-25T02:31:31.839+0000: 325111.749: [GC (Allocation Failure) 2019-06-25T02:31:31.840+0000: 325111.750: [ParNew: 9294K->693K(9792K), 0.0079100 secs] 78034K->69433K(128284K), 0.0102787 secs] [Times: user=0.01 sys=0.01, real=0.01 secs] 
Heap after GC invocations=4783 (full 138):
 par new generation   total 9792K, used 693K [0x00000000e1000000, 0x00000000e1aa0000, 0x00000000eb4a0000)
  eden space 8704K,   0% used [0x00000000e1000000, 0x00000000e1000000, 0x00000000e1880000)
  from space 1088K,  63% used [0x00000000e1990000, 0x00000000e1a3d5e8, 0x00000000e1aa0000)
  to   space 1088K,   0% used [0x00000000e1880000, 0x00000000e1880000, 0x00000000e1990000)
 concurrent mark-sweep generation total 118492K, used 68739K [0x00000000eb4a0000, 0x00000000f2857000, 0x0000000100000000)
 Metaspace       used 95709K, capacity 99911K, committed 100096K, reserved 1136640K
  class space    used 11675K, capacity 12462K, committed 12544K, reserved 1048576K
}
2019-06-25T02:32:49.613+0000: 325189.523: Application time: 77.7616704 seconds
{Heap before GC invocations=4783 (full 138):
 par new generation   total 9792K, used 9397K [0x00000000e1000000, 0x00000000e1aa0000, 0x00000000eb4a0000)
  eden space 8704K, 100% used [0x00000000e1000000, 0x00000000e1880000, 0x00000000e1880000)
  from space 1088K,  63% used [0x00000000e1990000, 0x00000000e1a3d5e8, 0x00000000e1aa0000)
  to   space 1088K,   0% used [0x00000000e1880000, 0x00000000e1880000, 0x00000000e1990000)
 concurrent mark-sweep generation total 118492K, used 68739K [0x00000000eb4a0000, 0x00000000f2857000, 0x0000000100000000)
 Metaspace       used 95709K, capacity 99911K, committed 100096K, reserved 1136640K
  class space    used 11675K, capacity 12462K, committed 12544K, reserved 1048576K
2019-06-25T02:32:49.614+0000: 325189.524: [GC (Allocation Failure) 2019-06-25T02:32:49.614+0000: 325189.524: [ParNew: 9397K->645K(9792K), 0.0066706 secs] 78137K->69385K(128284K), 0.0077214 secs] [Times: user=0.01 sys=0.00, real=0.01 secs] 
Heap after GC invocations=4784 (full 138):
 par new generation   total 9792K, used 645K [0x00000000e1000000, 0x00000000e1aa0000, 0x00000000eb4a0000)
  eden space 8704K,   0% used [0x00000000e1000000, 0x00000000e1000000, 0x00000000e1880000)
  from space 1088K,  59% used [0x00000000e1880000, 0x00000000e19217c8, 0x00000000e1990000)
  to   space 1088K,   0% used [0x00000000e1990000, 0x00000000e1990000, 0x00000000e1aa0000)
 concurrent mark-sweep generation total 118492K, used 68739K [0x00000000eb4a0000, 0x00000000f2857000, 0x0000000100000000)
 Metaspace       used 95709K, capacity 99911K, committed 100096K, reserved 1136640K
  class space    used 11675K, capacity 12462K, committed 12544K, reserved 1048576K
}
2019-06-25T02:32:50.217+0000: 325190.127: Application time: 0.5948803 seconds
2019-06-25T02:32:50.218+0000: 325190.128: Application time: 0.0000968 seconds
2019-06-25T02:32:50.219+0000: 325190.128: Application time: 0.0000929 seconds
2019-06-25T02:32:50.219+0000: 325190.129: Application time: 0.0002745 seconds
2019-06-25T02:32:50.220+0000: 325190.130: Application time: 0.0001929 seconds
2019-06-25T02:32:54.609+0000: 325194.519: Application time: 4.3886918 seconds
2019-06-25T02:32:54.646+0000: 325194.556: Application time: 0.0371769 seconds
2019-06-25T02:33:00.810+0000: 325200.720: Application time: 6.1633143 seconds
2019-06-25T02:33:00.810+0000: 325200.720: Application time: 0.0001369 seconds
2019-06-25T02:33:00.811+0000: 325200.721: Application time: 0.0001414 seconds
2019-06-25T02:33:00.811+0000: 325200.721: Application time: 0.0001312 seconds
2019-06-25T02:33:09.418+0000: 325209.328: Application time: 8.6067471 seconds
2019-06-25T02:33:53.284+0000: 325253.193: Application time: 43.8651949 seconds
2019-06-25T02:33:53.285+0000: 325253.195: Application time: 0.0000672 seconds
2019-06-25T02:33:53.286+0000: 325253.195: Application time: 0.0000662 seconds
2019-06-25T02:33:53.286+0000: 325253.196: Application time: 0.0000646 seconds
2019-06-25T02:33:53.286+0000: 325253.196: Application time: 0.0000599 seconds
2019-06-25T02:33:53.287+0000: 325253.197: Application time: 0.0004952 seconds
2019-06-25T02:33:53.287+0000: 325253.197: Application time: 0.0000727 seconds
2019-06-25T02:33:53.288+0000: 325253.197: Application time: 0.0000927 seconds
2019-06-25T02:33:53.288+0000: 325253.198: Application time: 0.0000846 seconds
2019-06-25T02:33:57.545+0000: 325257.455: Application time: 4.2573900 seconds
2019-06-25T02:33:57.590+0000: 325257.500: Application time: 0.0447601 seconds
2019-06-25T02:34:00.818+0000: 325260.728: Application time: 3.2270804 seconds
2019-06-25T02:34:00.818+0000: 325260.728: Application time: 0.0000941 seconds
2019-06-25T02:34:00.818+0000: 325260.728: Application time: 0.0000650 seconds
2019-06-25T02:34:00.819+0000: 325260.728: Application time: 0.0000591 seconds
2019-06-25T02:34:00.819+0000: 325260.729: Application time: 0.0000624 seconds
2019-06-25T02:34:00.820+0000: 325260.730: Application time: 0.0014439 seconds
2019-06-25T02:34:05.540+0000: 325265.449: Application time: 4.7186545 seconds
2019-06-25T02:34:05.540+0000: 325265.450: Application time: 0.0013212 seconds
{Heap before GC invocations=4784 (full 138):
 par new generation   total 9792K, used 9349K [0x00000000e1000000, 0x00000000e1aa0000, 0x00000000eb4a0000)
  eden space 8704K, 100% used [0x00000000e1000000, 0x00000000e1880000, 0x00000000e1880000)
  from space 1088K,  59% used [0x00000000e1880000, 0x00000000e19217c8, 0x00000000e1990000)
  to   space 1088K,   0% used [0x00000000e1990000, 0x00000000e1990000, 0x00000000e1aa0000)
 concurrent mark-sweep generation total 118492K, used 68739K [0x00000000eb4a0000, 0x00000000f2857000, 0x0000000100000000)
 Metaspace       used 95709K, capacity 99911K, committed 100096K, reserved 1136640K
  class space    used 11675K, capacity 12462K, committed 12544K, reserved 1048576K
2019-06-25T02:34:05.541+0000: 325265.451: [GC (Allocation Failure) 2019-06-25T02:34:05.542+0000: 325265.452: [ParNew: 9349K->921K(9792K), 0.0180771 secs] 78089K->69700K(128284K), 0.0189136 secs] [Times: user=0.03 sys=0.00, real=0.02 secs] 
Heap after GC invocations=4785 (full 138):
 par new generation   total 9792K, used 921K [0x00000000e1000000, 0x00000000e1aa0000, 0x00000000eb4a0000)
  eden space 8704K,   0% used [0x00000000e1000000, 0x00000000e1000000, 0x00000000e1880000)
  from space 1088K,  84% used [0x00000000e1990000, 0x00000000e1a767f0, 0x00000000e1aa0000)
  to   space 1088K,   0% used [0x00000000e1880000, 0x00000000e1880000, 0x00000000e1990000)
 concurrent mark-sweep generation total 118492K, used 68778K [0x00000000eb4a0000, 0x00000000f2857000, 0x0000000100000000)
 Metaspace       used 95709K, capacity 99911K, committed 100096K, reserved 1136640K
  class space    used 11675K, capacity 12462K, committed 12544K, reserved 1048576K
}
2019-06-25T02:34:48.344+0000: 325308.254: Application time: 42.7829031 seconds
2019-06-25T02:34:48.344+0000: 325308.254: Application time: 0.0000715 seconds
2019-06-25T02:34:48.345+0000: 325308.254: Application time: 0.0000686 seconds
2019-06-25T02:34:48.345+0000: 325308.255: Application time: 0.0000648 seconds
2019-06-25T02:34:48.345+0000: 325308.255: Application time: 0.0000871 seconds
2019-06-25T02:34:48.346+0000: 325308.256: Application time: 0.0000637 seconds
2019-06-25T02:34:48.346+0000: 325308.256: Application time: 0.0000646 seconds
2019-06-25T02:34:48.346+0000: 325308.256: Application time: 0.0001289 seconds
2019-06-25T02:34:48.348+0000: 325308.258: Application time: 0.0000910 seconds
2019-06-25T02:34:52.422+0000: 325312.332: Application time: 4.0742651 seconds
2019-06-25T02:34:52.449+0000: 325312.358: Application time: 0.0259429 seconds
2019-06-25T02:34:54.400+0000: 325314.310: Application time: 1.9515452 seconds
2019-06-25T02:34:55.352+0000: 325315.262: Application time: 0.9513488 seconds
2019-06-25T02:34:56.355+0000: 325316.265: Application time: 1.0025169 seconds
{Heap before GC invocations=4785 (full 138):
 par new generation   total 9792K, used 9625K [0x00000000e1000000, 0x00000000e1aa0000, 0x00000000eb4a0000)
  eden space 8704K, 100% used [0x00000000e1000000, 0x00000000e1880000, 0x00000000e1880000)
  from space 1088K,  84% used [0x00000000e1990000, 0x00000000e1a767f0, 0x00000000e1aa0000)
  to   space 1088K,   0% used [0x00000000e1880000, 0x00000000e1880000, 0x00000000e1990000)
 concurrent mark-sweep generation total 118492K, used 68778K [0x00000000eb4a0000, 0x00000000f2857000, 0x0000000100000000)
 Metaspace       used 95709K, capacity 99911K, committed 100096K, reserved 1136640K
  class space    used 11675K, capacity 12462K, committed 12544K, reserved 1048576K
2019-06-25T02:34:56.356+0000: 325316.266: [GC (Allocation Failure) 2019-06-25T02:34:56.356+0000: 325316.266: [ParNew: 9625K->915K(9792K), 0.0038012 secs] 78404K->69760K(128284K), 0.0054398 secs] [Times: user=0.01 sys=0.00, real=0.01 secs] 
Heap after GC invocations=4786 (full 138):
 par new generation   total 9792K, used 915K [0x00000000e1000000, 0x00000000e1aa0000, 0x00000000eb4a0000)
  eden space 8704K,   0% used [0x00000000e1000000, 0x00000000e1000000, 0x00000000e1880000)
  from space 1088K,  84% used [0x00000000e1880000, 0x00000000e1964f40, 0x00000000e1990000)
  to   space 1088K,   0% used [0x00000000e1990000, 0x00000000e1990000, 0x00000000e1aa0000)
 concurrent mark-sweep generation total 118492K, used 68845K [0x00000000eb4a0000, 0x00000000f2857000, 0x0000000100000000)
 Metaspace       used 95709K, capacity 99911K, committed 100096K, reserved 1136640K
  class space    used 11675K, capacity 12462K, committed 12544K, reserved 1048576K
}
2019-06-25T02:34:59.401+0000: 325319.311: Application time: 3.0392265 seconds
2019-06-25T02:34:59.424+0000: 325319.334: Application time: 0.0225944 seconds
2019-06-25T02:35:05.540+0000: 325325.450: Application time: 6.1150702 seconds
2019-06-25T02:35:17.385+0000: 325337.295: Application time: 11.8446779 seconds
2019-06-25T02:35:17.386+0000: 325337.296: Application time: 0.0000993 seconds
2019-06-25T02:35:17.387+0000: 325337.296: Application time: 0.0000607 seconds
2019-06-25T02:35:17.387+0000: 325337.297: Application time: 0.0000550 seconds
2019-06-25T02:35:17.387+0000: 325337.297: Application time: 0.0000533 seconds
2019-06-25T02:35:17.387+0000: 325337.297: Application time: 0.0000533 seconds
2019-06-25T02:35:17.387+0000: 325337.297: Application time: 0.0000572 seconds
2019-06-25T02:35:17.388+0000: 325337.297: Application time: 0.0001303 seconds
2019-06-25T02:35:17.388+0000: 325337.298: Application time: 0.0001462 seconds
2019-06-25T02:35:52.425+0000: 325372.335: Application time: 35.0370259 seconds
2019-06-25T02:35:52.426+0000: 325372.335: Application time: 0.0000687 seconds
2019-06-25T02:35:52.426+0000: 325372.336: Application time: 0.0000759 seconds
2019-06-25T02:35:52.426+0000: 325372.336: Application time: 0.0000589 seconds
2019-06-25T02:35:52.426+0000: 325372.336: Application time: 0.0000568 seconds
2019-06-25T02:35:52.426+0000: 325372.337: Application time: 0.0005789 seconds
2019-06-25T02:35:52.427+0000: 325372.337: Application time: 0.0000784 seconds
2019-06-25T02:35:52.428+0000: 325372.337: Application time: 0.0001197 seconds
2019-06-25T02:35:52.428+0000: 325372.338: Application time: 0.0000543 seconds
2019-06-25T02:35:56.601+0000: 325376.511: Application time: 4.1736094 seconds
2019-06-25T02:35:56.631+0000: 325376.541: Application time: 0.0294667 seconds
2019-06-25T02:36:05.540+0000: 325385.449: Application time: 8.9082627 seconds
2019-06-25T02:36:09.427+0000: 325389.337: Application time: 3.8869898 seconds
2019-06-25T02:36:10.471+0000: 325390.381: Application time: 1.0436216 seconds
2019-06-25T02:36:11.034+0000: 325390.944: Application time: 0.5627948 seconds
{Heap before GC invocations=4786 (full 138):
 par new generation   total 9792K, used 9619K [0x00000000e1000000, 0x00000000e1aa0000, 0x00000000eb4a0000)
  eden space 8704K, 100% used [0x00000000e1000000, 0x00000000e1880000, 0x00000000e1880000)
  from space 1088K,  84% used [0x00000000e1880000, 0x00000000e1964f40, 0x00000000e1990000)
  to   space 1088K,   0% used [0x00000000e1990000, 0x00000000e1990000, 0x00000000e1aa0000)
 concurrent mark-sweep generation total 118492K, used 68845K [0x00000000eb4a0000, 0x00000000f2857000, 0x0000000100000000)
 Metaspace       used 95709K, capacity 99911K, committed 100096K, reserved 1136640K
  class space    used 11675K, capacity 12462K, committed 12544K, reserved 1048576K
2019-06-25T02:36:11.035+0000: 325390.944: [GC (Allocation Failure) 2019-06-25T02:36:11.035+0000: 325390.945: [ParNew: 9619K->870K(9792K), 0.0040360 secs] 78464K->70034K(128284K), 0.0049320 secs] [Times: user=0.00 sys=0.00, real=0.01 secs] 
Heap after GC invocations=4787 (full 138):
 par new generation   total 9792K, used 870K [0x00000000e1000000, 0x00000000e1aa0000, 0x00000000eb4a0000)
  eden space 8704K,   0% used [0x00000000e1000000, 0x00000000e1000000, 0x00000000e1880000)
  from space 1088K,  80% used [0x00000000e1990000, 0x00000000e1a69ba8, 0x00000000e1aa0000)
  to   space 1088K,   0% used [0x00000000e1880000, 0x00000000e1880000, 0x00000000e1990000)
 concurrent mark-sweep generation total 118492K, used 69163K [0x00000000eb4a0000, 0x00000000f2857000, 0x0000000100000000)
 Metaspace       used 95709K, capacity 99911K, committed 100096K, reserved 1136640K
  class space    used 11675K, capacity 12462K, committed 12544K, reserved 1048576K
}
2019-06-25T02:36:24.043+0000: 325403.952: Application time: 13.0022114 seconds
2019-06-25T02:37:16.052+0000: 325455.962: Application time: 52.0070597 seconds
2019-06-25T02:37:16.507+0000: 325456.416: Application time: 0.4541131 seconds
2019-06-25T02:37:16.507+0000: 325456.417: Application time: 0.0000643 seconds
2019-06-25T02:37:16.508+0000: 325456.418: Application time: 0.0000800 seconds
2019-06-25T02:37:16.508+0000: 325456.418: Application time: 0.0000664 seconds
2019-06-25T02:37:16.509+0000: 325456.418: Application time: 0.0000647 seconds
2019-06-25T02:37:16.509+0000: 325456.419: Application time: 0.0000627 seconds
2019-06-25T02:37:16.509+0000: 325456.419: Application time: 0.0000661 seconds
2019-06-25T02:37:16.509+0000: 325456.419: Application time: 0.0001729 seconds
2019-06-25T02:37:16.510+0000: 325456.419: Application time: 0.0000885 seconds
2019-06-25T02:37:20.550+0000: 325460.459: Application time: 4.0397442 seconds
2019-06-25T02:37:20.600+0000: 325460.509: Application time: 0.0494565 seconds
2019-06-25T02:37:24.679+0000: 325464.588: Application time: 4.0785326 seconds
{Heap before GC invocations=4787 (full 138):
 par new generation   total 9792K, used 9574K [0x00000000e1000000, 0x00000000e1aa0000, 0x00000000eb4a0000)
  eden space 8704K, 100% used [0x00000000e1000000, 0x00000000e1880000, 0x00000000e1880000)
  from space 1088K,  80% used [0x00000000e1990000, 0x00000000e1a69ba8, 0x00000000e1aa0000)
  to   space 1088K,   0% used [0x00000000e1880000, 0x00000000e1880000, 0x00000000e1990000)
 concurrent mark-sweep generation total 118492K, used 69163K [0x00000000eb4a0000, 0x00000000f2857000, 0x0000000100000000)
 Metaspace       used 95709K, capacity 99911K, committed 100096K, reserved 1136640K
  class space    used 11675K, capacity 12462K, committed 12544K, reserved 1048576K
2019-06-25T02:37:24.679+0000: 325464.589: [GC (Allocation Failure) 2019-06-25T02:37:24.680+0000: 325464.590: [ParNew: 9574K->868K(9792K), 0.0036620 secs] 78738K->70205K(128284K), 0.0046298 secs] [Times: user=0.00 sys=0.00, real=0.00 secs] 
Heap after GC invocations=4788 (full 138):
 par new generation   total 9792K, used 868K [0x00000000e1000000, 0x00000000e1aa0000, 0x00000000eb4a0000)
  eden space 8704K,   0% used [0x00000000e1000000, 0x00000000e1000000, 0x00000000e1880000)
  from space 1088K,  79% used [0x00000000e1880000, 0x00000000e1959038, 0x00000000e1990000)
  to   space 1088K,   0% used [0x00000000e1990000, 0x00000000e1990000, 0x00000000e1aa0000)
 concurrent mark-sweep generation total 118492K, used 69337K [0x00000000eb4a0000, 0x00000000f2857000, 0x0000000100000000)
 Metaspace       used 95709K, capacity 99911K, committed 100096K, reserved 1136640K
  class space    used 11675K, capacity 12462K, committed 12544K, reserved 1048576K
}
2019-06-25T02:37:28.610+0000: 325468.520: Application time: 3.9256813 seconds
2019-06-25T02:37:29.523+0000: 325469.432: Application time: 0.9116807 seconds
2019-06-25T02:37:29.524+0000: 325469.434: Application time: 0.0000831 seconds
2019-06-25T02:37:29.525+0000: 325469.435: Application time: 0.0000676 seconds
2019-06-25T02:37:29.526+0000: 325469.436: Application time: 0.0000993 seconds
2019-06-25T02:37:29.526+0000: 325469.436: Application time: 0.0000633 seconds
2019-06-25T02:37:29.526+0000: 325469.436: Application time: 0.0000954 seconds
2019-06-25T02:37:29.527+0000: 325469.436: Application time: 0.0001342 seconds
2019-06-25T02:37:29.527+0000: 325469.437: Application time: 0.0001928 seconds
2019-06-25T02:37:29.527+0000: 325469.437: Application time: 0.0001142 seconds
2019-06-25T02:37:33.611+0000: 325473.521: Application time: 4.0841255 seconds
2019-06-25T02:37:33.636+0000: 325473.546: Application time: 0.0240588 seconds
2019-06-25T02:37:54.457+0000: 325494.367: Application time: 20.8210992 seconds
2019-06-25T02:37:54.552+0000: 325494.462: Application time: 0.0932680 seconds
2019-06-25T02:37:54.552+0000: 325494.462: Application time: 0.0000902 seconds
2019-06-25T02:37:54.553+0000: 325494.462: Application time: 0.0000703 seconds
2019-06-25T02:37:54.553+0000: 325494.463: Application time: 0.0000660 seconds
2019-06-25T02:37:54.553+0000: 325494.464: Application time: 0.0015851 seconds
2019-06-25T02:37:54.555+0000: 325494.465: Application time: 0.0001088 seconds
2019-06-25T02:37:54.555+0000: 325494.465: Application time: 0.0000738 seconds
2019-06-25T02:37:54.555+0000: 325494.465: Application time: 0.0001610 seconds
2019-06-25T02:37:54.556+0000: 325494.465: Application time: 0.0001641 seconds
2019-06-25T02:37:59.459+0000: 325499.369: Application time: 4.9034275 seconds
2019-06-25T02:37:59.487+0000: 325499.397: Application time: 0.0275025 seconds
2019-06-25T02:38:09.433+0000: 325509.343: Application time: 9.9458017 seconds
2019-06-25T02:38:09.435+0000: 325509.344: Application time: 0.0013226 seconds
2019-06-25T02:38:17.328+0000: 325517.237: Application time: 7.8928013 seconds
{Heap before GC invocations=4788 (full 138):
 par new generation   total 9792K, used 9572K [0x00000000e1000000, 0x00000000e1aa0000, 0x00000000eb4a0000)
  eden space 8704K, 100% used [0x00000000e1000000, 0x00000000e1880000, 0x00000000e1880000)
  from space 1088K,  79% used [0x00000000e1880000, 0x00000000e1959038, 0x00000000e1990000)
  to   space 1088K,   0% used [0x00000000e1990000, 0x00000000e1990000, 0x00000000e1aa0000)
 concurrent mark-sweep generation total 118492K, used 69337K [0x00000000eb4a0000, 0x00000000f2857000, 0x0000000100000000)
 Metaspace       used 95709K, capacity 99911K, committed 100096K, reserved 1136640K
  class space    used 11675K, capacity 12462K, committed 12544K, reserved 1048576K
2019-06-25T02:38:17.328+0000: 325517.238: [GC (Allocation Failure) 2019-06-25T02:38:17.329+0000: 325517.239: [ParNew: 9572K->1088K(9792K), 0.0042354 secs] 78909K->70694K(128284K), 0.0051053 secs] [Times: user=0.01 sys=0.00, real=0.00 secs] 
Heap after GC invocations=4789 (full 138):
 par new generation   total 9792K, used 1088K [0x00000000e1000000, 0x00000000e1aa0000, 0x00000000eb4a0000)
  eden space 8704K,   0% used [0x00000000e1000000, 0x00000000e1000000, 0x00000000e1880000)
  from space 1088K, 100% used [0x00000000e1990000, 0x00000000e1aa0000, 0x00000000e1aa0000)
  to   space 1088K,   0% used [0x00000000e1880000, 0x00000000e1880000, 0x00000000e1990000)
 concurrent mark-sweep generation total 118492K, used 69606K [0x00000000eb4a0000, 0x00000000f2857000, 0x0000000100000000)
 Metaspace       used 95709K, capacity 99911K, committed 100096K, reserved 1136640K
  class space    used 11675K, capacity 12462K, committed 12544K, reserved 1048576K
}
2019-06-25T02:39:59.718+0000: 325619.627: Application time: 102.3830964 seconds
{Heap before GC invocations=4789 (full 138):
 par new generation   total 9792K, used 9792K [0x00000000e1000000, 0x00000000e1aa0000, 0x00000000eb4a0000)
  eden space 8704K, 100% used [0x00000000e1000000, 0x00000000e1880000, 0x00000000e1880000)
  from space 1088K, 100% used [0x00000000e1990000, 0x00000000e1aa0000, 0x00000000e1aa0000)
  to   space 1088K,   0% used [0x00000000e1880000, 0x00000000e1880000, 0x00000000e1990000)
 concurrent mark-sweep generation total 118492K, used 69606K [0x00000000eb4a0000, 0x00000000f2857000, 0x0000000100000000)
 Metaspace       used 95709K, capacity 99911K, committed 100096K, reserved 1136640K
  class space    used 11675K, capacity 12462K, committed 12544K, reserved 1048576K
2019-06-25T02:39:59.718+0000: 325619.628: [GC (Allocation Failure) 2019-06-25T02:39:59.719+0000: 325619.628: [ParNew: 9792K->1088K(9792K), 0.0241670 secs] 79398K->70882K(128284K), 0.0249856 secs] [Times: user=0.05 sys=0.00, real=0.02 secs] 
Heap after GC invocations=4790 (full 138):
 par new generation   total 9792K, used 1088K [0x00000000e1000000, 0x00000000e1aa0000, 0x00000000eb4a0000)
  eden space 8704K,   0% used [0x00000000e1000000, 0x00000000e1000000, 0x00000000e1880000)
  from space 1088K, 100% used [0x00000000e1880000, 0x00000000e1990000, 0x00000000e1990000)
  to   space 1088K,   0% used [0x00000000e1990000, 0x00000000e1990000, 0x00000000e1aa0000)
 concurrent mark-sweep generation total 118492K, used 69794K [0x00000000eb4a0000, 0x00000000f2857000, 0x0000000100000000)
 Metaspace       used 95709K, capacity 99911K, committed 100096K, reserved 1136640K
  class space    used 11675K, capacity 12462K, committed 12544K, reserved 1048576K
}
2019-06-25T02:40:17.334+0000: 325637.243: Application time: 17.5894490 seconds
2019-06-25T02:40:17.336+0000: 325637.245: Application time: 0.0015883 seconds
2019-06-25T02:40:17.356+0000: 325637.265: Application time: 0.0199228 seconds
2019-06-25T02:40:17.357+0000: 325637.267: Application time: 0.0015882 seconds
2019-06-25T02:41:22.347+0000: 325702.257: Application time: 64.9887529 seconds
2019-06-25T02:41:36.327+0000: 325716.237: Application time: 13.9795797 seconds
{Heap before GC invocations=4790 (full 138):
 par new generation   total 9792K, used 9774K [0x00000000e1000000, 0x00000000e1aa0000, 0x00000000eb4a0000)
  eden space 8704K,  99% used [0x00000000e1000000, 0x00000000e187ba30, 0x00000000e1880000)
  from space 1088K, 100% used [0x00000000e1880000, 0x00000000e1990000, 0x00000000e1990000)
  to   space 1088K,   0% used [0x00000000e1990000, 0x00000000e1990000, 0x00000000e1aa0000)
 concurrent mark-sweep generation total 118492K, used 69794K [0x00000000eb4a0000, 0x00000000f2857000, 0x0000000100000000)
 Metaspace       used 95709K, capacity 99911K, committed 100096K, reserved 1136640K
  class space    used 11675K, capacity 12462K, committed 12544K, reserved 1048576K
2019-06-25T02:41:36.327+0000: 325716.237: [GC (Allocation Failure) 2019-06-25T02:41:36.328+0000: 325716.237: [ParNew: 9774K->705K(9792K), 0.0044428 secs] 79569K->70713K(128284K), 0.0052820 secs] [Times: user=0.01 sys=0.00, real=0.01 secs] 
Heap after GC invocations=4791 (full 138):
 par new generation   total 9792K, used 705K [0x00000000e1000000, 0x00000000e1aa0000, 0x00000000eb4a0000)
  eden space 8704K,   0% used [0x00000000e1000000, 0x00000000e1000000, 0x00000000e1880000)
  from space 1088K,  64% used [0x00000000e1990000, 0x00000000e1a40798, 0x00000000e1aa0000)
  to   space 1088K,   0% used [0x00000000e1880000, 0x00000000e1880000, 0x00000000e1990000)
 concurrent mark-sweep generation total 118492K, used 70007K [0x00000000eb4a0000, 0x00000000f2857000, 0x0000000100000000)
 Metaspace       used 95709K, capacity 99911K, committed 100096K, reserved 1136640K
  class space    used 11675K, capacity 12462K, committed 12544K, reserved 1048576K
}
2019-06-25T02:41:36.751+0000: 325716.661: Application time: 0.4183235 seconds
2019-06-25T02:41:36.752+0000: 325716.662: Application time: 0.0000784 seconds
2019-06-25T02:41:36.752+0000: 325716.662: Application time: 0.0000821 seconds
2019-06-25T02:41:36.753+0000: 325716.663: Application time: 0.0000796 seconds
2019-06-25T02:41:36.754+0000: 325716.664: Application time: 0.0000886 seconds
2019-06-25T02:41:36.754+0000: 325716.664: Application time: 0.0000798 seconds
2019-06-25T02:41:36.755+0000: 325716.665: Application time: 0.0000836 seconds
2019-06-25T02:41:36.755+0000: 325716.665: Application time: 0.0000752 seconds
2019-06-25T02:41:36.755+0000: 325716.665: Application time: 0.0001537 seconds
2019-06-25T02:41:36.756+0000: 325716.666: Application time: 0.0001013 seconds
2019-06-25T02:41:41.324+0000: 325721.234: Application time: 4.5682109 seconds
2019-06-25T02:41:41.357+0000: 325721.267: Application time: 0.0327512 seconds
2019-06-25T02:42:00.876+0000: 325740.786: Application time: 19.5182438 seconds
2019-06-25T02:42:09.445+0000: 325749.354: Application time: 8.5683392 seconds
2019-06-25T02:42:53.823+0000: 325793.733: Application time: 44.3784425 seconds
{Heap before GC invocations=4791 (full 138):
 par new generation   total 9792K, used 9409K [0x00000000e1000000, 0x00000000e1aa0000, 0x00000000eb4a0000)
  eden space 8704K, 100% used [0x00000000e1000000, 0x00000000e1880000, 0x00000000e1880000)
  from space 1088K,  64% used [0x00000000e1990000, 0x00000000e1a40798, 0x00000000e1aa0000)
  to   space 1088K,   0% used [0x00000000e1880000, 0x00000000e1880000, 0x00000000e1990000)
 concurrent mark-sweep generation total 118492K, used 70007K [0x00000000eb4a0000, 0x00000000f2857000, 0x0000000100000000)
 Metaspace       used 95709K, capacity 99911K, committed 100096K, reserved 1136640K
  class space    used 11675K, capacity 12462K, committed 12544K, reserved 1048576K
2019-06-25T02:42:53.824+0000: 325793.734: [GC (Allocation Failure) 2019-06-25T02:42:53.825+0000: 325793.734: [ParNew: 9409K->542K(9792K), 0.0038125 secs] 79417K->70786K(128284K), 0.0047978 secs] [Times: user=0.01 sys=0.00, real=0.01 secs] 
Heap after GC invocations=4792 (full 138):
 par new generation   total 9792K, used 542K [0x00000000e1000000, 0x00000000e1aa0000, 0x00000000eb4a0000)
  eden space 8704K,   0% used [0x00000000e1000000, 0x00000000e1000000, 0x00000000e1880000)
  from space 1088K,  49% used [0x00000000e1880000, 0x00000000e19078d0, 0x00000000e1990000)
  to   space 1088K,   0% used [0x00000000e1990000, 0x00000000e1990000, 0x00000000e1aa0000)
 concurrent mark-sweep generation total 118492K, used 70244K [0x00000000eb4a0000, 0x00000000f2857000, 0x0000000100000000)
 Metaspace       used 95709K, capacity 99911K, committed 100096K, reserved 1136640K
  class space    used 11675K, capacity 12462K, committed 12544K, reserved 1048576K
}
2019-06-25T02:43:35.867+0000: 325835.777: Application time: 42.0377463 seconds
2019-06-25T02:43:35.868+0000: 325835.778: Application time: 0.0001041 seconds
2019-06-25T02:43:35.868+0000: 325835.778: Application time: 0.0001019 seconds
2019-06-25T02:43:35.869+0000: 325835.778: Application time: 0.0000702 seconds
2019-06-25T02:43:35.870+0000: 325835.779: Application time: 0.0001115 seconds
2019-06-25T02:43:40.439+0000: 325840.349: Application time: 4.5692917 seconds
2019-06-25T02:43:40.465+0000: 325840.375: Application time: 0.0258719 seconds
2019-06-25T02:44:00.888+0000: 325860.798: Application time: 20.4219900 seconds
2019-06-25T02:44:00.888+0000: 325860.798: Application time: 0.0000961 seconds
2019-06-25T02:44:00.888+0000: 325860.798: Application time: 0.0000605 seconds
2019-06-25T02:44:00.889+0000: 325860.799: Application time: 0.0001623 seconds
2019-06-25T02:44:00.889+0000: 325860.799: Application time: 0.0001346 seconds
2019-06-25T02:44:09.452+0000: 325869.362: Application time: 8.5631650 seconds
2019-06-25T02:44:11.594+0000: 325871.504: Application time: 2.1417388 seconds
{Heap before GC invocations=4792 (full 138):
 par new generation   total 9792K, used 9246K [0x00000000e1000000, 0x00000000e1aa0000, 0x00000000eb4a0000)
  eden space 8704K, 100% used [0x00000000e1000000, 0x00000000e1880000, 0x00000000e1880000)
  from space 1088K,  49% used [0x00000000e1880000, 0x00000000e19078d0, 0x00000000e1990000)
  to   space 1088K,   0% used [0x00000000e1990000, 0x00000000e1990000, 0x00000000e1aa0000)
 concurrent mark-sweep generation total 118492K, used 70244K [0x00000000eb4a0000, 0x00000000f2857000, 0x0000000100000000)
 Metaspace       used 95709K, capacity 99911K, committed 100096K, reserved 1136640K
  class space    used 11675K, capacity 12462K, committed 12544K, reserved 1048576K
2019-06-25T02:44:11.597+0000: 325871.507: [GC (Allocation Failure) 2019-06-25T02:44:11.597+0000: 325871.507: [ParNew: 9246K->872K(9792K), 0.0073877 secs] 79490K->71116K(128284K), 0.0082928 secs] [Times: user=0.01 sys=0.00, real=0.01 secs] 
Heap after GC invocations=4793 (full 138):
 par new generation   total 9792K, used 872K [0x00000000e1000000, 0x00000000e1aa0000, 0x00000000eb4a0000)
  eden space 8704K,   0% used [0x00000000e1000000, 0x00000000e1000000, 0x00000000e1880000)
  from space 1088K,  80% used [0x00000000e1990000, 0x00000000e1a6a070, 0x00000000e1aa0000)
  to   space 1088K,   0% used [0x00000000e1880000, 0x00000000e1880000, 0x00000000e1990000)
 concurrent mark-sweep generation total 118492K, used 70244K [0x00000000eb4a0000, 0x00000000f2857000, 0x0000000100000000)
 Metaspace       used 95709K, capacity 99911K, committed 100096K, reserved 1136640K
  class space    used 11675K, capacity 12462K, committed 12544K, reserved 1048576K
}
2019-06-25T02:45:50.004+0000: 325969.913: Application time: 98.3977064 seconds
{Heap before GC invocations=4793 (full 138):
 par new generation   total 9792K, used 9558K [0x00000000e1000000, 0x00000000e1aa0000, 0x00000000eb4a0000)
  eden space 8704K,  99% used [0x00000000e1000000, 0x00000000e187b7d8, 0x00000000e1880000)
  from space 1088K,  80% used [0x00000000e1990000, 0x00000000e1a6a070, 0x00000000e1aa0000)
  to   space 1088K,   0% used [0x00000000e1880000, 0x00000000e1880000, 0x00000000e1990000)
 concurrent mark-sweep generation total 118492K, used 70244K [0x00000000eb4a0000, 0x00000000f2857000, 0x0000000100000000)
 Metaspace       used 95709K, capacity 99911K, committed 100096K, reserved 1136640K
  class space    used 11675K, capacity 12462K, committed 12544K, reserved 1048576K
2019-06-25T02:45:50.004+0000: 325969.914: [GC (Allocation Failure) 2019-06-25T02:45:50.005+0000: 325969.914: [ParNew: 9558K->493K(9792K), 0.0039621 secs] 79802K->70995K(128284K), 0.0049588 secs] [Times: user=0.00 sys=0.00, real=0.01 secs] 
Heap after GC invocations=4794 (full 138):
 par new generation   total 9792K, used 493K [0x00000000e1000000, 0x00000000e1aa0000, 0x00000000eb4a0000)
  eden space 8704K,   0% used [0x00000000e1000000, 0x00000000e1000000, 0x00000000e1880000)
  from space 1088K,  45% used [0x00000000e1880000, 0x00000000e18fb538, 0x00000000e1990000)
  to   space 1088K,   0% used [0x00000000e1990000, 0x00000000e1990000, 0x00000000e1aa0000)
 concurrent mark-sweep generation total 118492K, used 70502K [0x00000000eb4a0000, 0x00000000f2857000, 0x0000000100000000)
 Metaspace       used 95709K, capacity 99911K, committed 100096K, reserved 1136640K
  class space    used 11675K, capacity 12462K, committed 12544K, reserved 1048576K
}
2019-06-25T02:46:22.398+0000: 326002.308: Application time: 32.3883073 seconds
2019-06-25T02:47:35.204+0000: 326075.114: Application time: 72.8050319 seconds
{Heap before GC invocations=4794 (full 138):
 par new generation   total 9792K, used 9197K [0x00000000e1000000, 0x00000000e1aa0000, 0x00000000eb4a0000)
  eden space 8704K, 100% used [0x00000000e1000000, 0x00000000e1880000, 0x00000000e1880000)
  from space 1088K,  45% used [0x00000000e1880000, 0x00000000e18fb538, 0x00000000e1990000)
  to   space 1088K,   0% used [0x00000000e1990000, 0x00000000e1990000, 0x00000000e1aa0000)
 concurrent mark-sweep generation total 118492K, used 70502K [0x00000000eb4a0000, 0x00000000f2857000, 0x0000000100000000)
 Metaspace       used 95709K, capacity 99911K, committed 100096K, reserved 1136640K
  class space    used 11675K, capacity 12462K, committed 12544K, reserved 1048576K
2019-06-25T02:47:35.205+0000: 326075.114: [GC (Allocation Failure) 2019-06-25T02:47:35.205+0000: 326075.115: [ParNew: 9197K->576K(9792K), 0.0034266 secs] 79699K->71078K(128284K), 0.0081421 secs] [Times: user=0.00 sys=0.00, real=0.01 secs] 
Heap after GC invocations=4795 (full 138):
 par new generation   total 9792K, used 576K [0x00000000e1000000, 0x00000000e1aa0000, 0x00000000eb4a0000)
  eden space 8704K,   0% used [0x00000000e1000000, 0x00000000e1000000, 0x00000000e1880000)
  from space 1088K,  52% used [0x00000000e1990000, 0x00000000e1a20250, 0x00000000e1aa0000)
  to   space 1088K,   0% used [0x00000000e1880000, 0x00000000e1880000, 0x00000000e1990000)
 concurrent mark-sweep generation total 118492K, used 70502K [0x00000000eb4a0000, 0x00000000f2857000, 0x0000000100000000)
 Metaspace       used 95709K, capacity 99911K, committed 100096K, reserved 1136640K
  class space    used 11675K, capacity 12462K, committed 12544K, reserved 1048576K
}
2019-06-25T02:48:11.197+0000: 326111.107: Application time: 35.9832679 seconds
2019-06-25T02:49:16.197+0000: 326176.106: Application time: 64.9994470 seconds
{Heap before GC invocations=4795 (full 138):
 par new generation   total 9792K, used 9280K [0x00000000e1000000, 0x00000000e1aa0000, 0x00000000eb4a0000)
  eden space 8704K, 100% used [0x00000000e1000000, 0x00000000e1880000, 0x00000000e1880000)
  from space 1088K,  52% used [0x00000000e1990000, 0x00000000e1a20250, 0x00000000e1aa0000)
  to   space 1088K,   0% used [0x00000000e1880000, 0x00000000e1880000, 0x00000000e1990000)
 concurrent mark-sweep generation total 118492K, used 70502K [0x00000000eb4a0000, 0x00000000f2857000, 0x0000000100000000)
 Metaspace       used 95709K, capacity 99911K, committed 100096K, reserved 1136640K
  class space    used 11675K, capacity 12462K, committed 12544K, reserved 1048576K
2019-06-25T02:49:16.197+0000: 326176.107: [GC (Allocation Failure) 2019-06-25T02:49:16.198+0000: 326176.108: [ParNew: 9280K->874K(9792K), 0.0050845 secs] 79782K->71376K(128284K), 0.0077964 secs] [Times: user=0.01 sys=0.00, real=0.01 secs] 
Heap after GC invocations=4796 (full 138):
 par new generation   total 9792K, used 874K [0x00000000e1000000, 0x00000000e1aa0000, 0x00000000eb4a0000)
  eden space 8704K,   0% used [0x00000000e1000000, 0x00000000e1000000, 0x00000000e1880000)
  from space 1088K,  80% used [0x00000000e1880000, 0x00000000e195ab30, 0x00000000e1990000)
  to   space 1088K,   0% used [0x00000000e1990000, 0x00000000e1990000, 0x00000000e1aa0000)
 concurrent mark-sweep generation total 118492K, used 70502K [0x00000000eb4a0000, 0x00000000f2857000, 0x0000000100000000)
 Metaspace       used 95709K, capacity 99911K, committed 100096K, reserved 1136640K
  class space    used 11675K, capacity 12462K, committed 12544K, reserved 1048576K
}
2019-06-25T02:50:57.589+0000: 326277.499: Application time: 101.3834808 seconds
{Heap before GC invocations=4796 (full 138):
 par new generation   total 9792K, used 9578K [0x00000000e1000000, 0x00000000e1aa0000, 0x00000000eb4a0000)
  eden space 8704K, 100% used [0x00000000e1000000, 0x00000000e1880000, 0x00000000e1880000)
  from space 1088K,  80% used [0x00000000e1880000, 0x00000000e195ab30, 0x00000000e1990000)
  to   space 1088K,   0% used [0x00000000e1990000, 0x00000000e1990000, 0x00000000e1aa0000)
 concurrent mark-sweep generation total 118492K, used 70502K [0x00000000eb4a0000, 0x00000000f2857000, 0x0000000100000000)
 Metaspace       used 95709K, capacity 99911K, committed 100096K, reserved 1136640K
  class space    used 11675K, capacity 12462K, committed 12544K, reserved 1048576K
2019-06-25T02:50:57.591+0000: 326277.500: [GC (Allocation Failure) 2019-06-25T02:50:57.591+0000: 326277.501: [ParNew: 9578K->738K(9792K), 0.0276252 secs] 80080K->71366K(128284K), 0.0285937 secs] [Times: user=0.06 sys=0.00, real=0.03 secs] 
Heap after GC invocations=4797 (full 138):
 par new generation   total 9792K, used 738K [0x00000000e1000000, 0x00000000e1aa0000, 0x00000000eb4a0000)
  eden space 8704K,   0% used [0x00000000e1000000, 0x00000000e1000000, 0x00000000e1880000)
  from space 1088K,  67% used [0x00000000e1990000, 0x00000000e1a48950, 0x00000000e1aa0000)
  to   space 1088K,   0% used [0x00000000e1880000, 0x00000000e1880000, 0x00000000e1990000)
 concurrent mark-sweep generation total 118492K, used 70628K [0x00000000eb4a0000, 0x00000000f2857000, 0x0000000100000000)
 Metaspace       used 95709K, capacity 99911K, committed 100096K, reserved 1136640K
  class space    used 11675K, capacity 12462K, committed 12544K, reserved 1048576K
}
2019-06-25T02:51:22.425+0000: 326302.335: Application time: 24.8053337 seconds
2019-06-25T02:52:41.132+0000: 326381.042: Application time: 78.7062683 seconds
{Heap before GC invocations=4797 (full 138):
 par new generation   total 9792K, used 9442K [0x00000000e1000000, 0x00000000e1aa0000, 0x00000000eb4a0000)
  eden space 8704K, 100% used [0x00000000e1000000, 0x00000000e1880000, 0x00000000e1880000)
  from space 1088K,  67% used [0x00000000e1990000, 0x00000000e1a48950, 0x00000000e1aa0000)
  to   space 1088K,   0% used [0x00000000e1880000, 0x00000000e1880000, 0x00000000e1990000)
 concurrent mark-sweep generation total 118492K, used 70628K [0x00000000eb4a0000, 0x00000000f2857000, 0x0000000100000000)
 Metaspace       used 95709K, capacity 99911K, committed 100096K, reserved 1136640K
  class space    used 11675K, capacity 12462K, committed 12544K, reserved 1048576K
2019-06-25T02:52:41.133+0000: 326381.043: [GC (Allocation Failure) 2019-06-25T02:52:41.134+0000: 326381.044: [ParNew: 9442K->643K(9792K), 0.0107445 secs] 80070K->71271K(128284K), 0.0123186 secs] [Times: user=0.02 sys=0.00, real=0.01 secs] 
Heap after GC invocations=4798 (full 138):
 par new generation   total 9792K, used 643K [0x00000000e1000000, 0x00000000e1aa0000, 0x00000000eb4a0000)
  eden space 8704K,   0% used [0x00000000e1000000, 0x00000000e1000000, 0x00000000e1880000)
  from space 1088K,  59% used [0x00000000e1880000, 0x00000000e1920e70, 0x00000000e1990000)
  to   space 1088K,   0% used [0x00000000e1990000, 0x00000000e1990000, 0x00000000e1aa0000)
 concurrent mark-sweep generation total 118492K, used 70628K [0x00000000eb4a0000, 0x00000000f2857000, 0x0000000100000000)
 Metaspace       used 95709K, capacity 99911K, committed 100096K, reserved 1136640K
  class space    used 11675K, capacity 12462K, committed 12544K, reserved 1048576K
}
2019-06-25T02:54:17.434+0000: 326477.344: Application time: 96.2872727 seconds
{Heap before GC invocations=4798 (full 138):
 par new generation   total 9792K, used 9347K [0x00000000e1000000, 0x00000000e1aa0000, 0x00000000eb4a0000)
  eden space 8704K, 100% used [0x00000000e1000000, 0x00000000e1880000, 0x00000000e1880000)
  from space 1088K,  59% used [0x00000000e1880000, 0x00000000e1920e70, 0x00000000e1990000)
  to   space 1088K,   0% used [0x00000000e1990000, 0x00000000e1990000, 0x00000000e1aa0000)
 concurrent mark-sweep generation total 118492K, used 70628K [0x00000000eb4a0000, 0x00000000f2857000, 0x0000000100000000)
 Metaspace       used 95709K, capacity 99911K, committed 100096K, reserved 1136640K
  class space    used 11675K, capacity 12462K, committed 12544K, reserved 1048576K
2019-06-25T02:54:17.435+0000: 326477.345: [GC (Allocation Failure) 2019-06-25T02:54:17.436+0000: 326477.345: [ParNew: 9347K->896K(9792K), 0.0038325 secs] 79975K->71524K(128284K), 0.0046386 secs] [Times: user=0.01 sys=0.00, real=0.01 secs] 
Heap after GC invocations=4799 (full 138):
 par new generation   total 9792K, used 896K [0x00000000e1000000, 0x00000000e1aa0000, 0x00000000eb4a0000)
  eden space 8704K,   0% used [0x00000000e1000000, 0x00000000e1000000, 0x00000000e1880000)
  from space 1088K,  82% used [0x00000000e1990000, 0x00000000e1a70048, 0x00000000e1aa0000)
  to   space 1088K,   0% used [0x00000000e1880000, 0x00000000e1880000, 0x00000000e1990000)
 concurrent mark-sweep generation total 118492K, used 70628K [0x00000000eb4a0000, 0x00000000f2857000, 0x0000000100000000)
 Metaspace       used 95709K, capacity 99911K, committed 100096K, reserved 1136640K
  class space    used 11675K, capacity 12462K, committed 12544K, reserved 1048576K
}
2019-06-25T02:56:00.967+0000: 326580.876: Application time: 103.5260538 seconds
{Heap before GC invocations=4799 (full 138):
 par new generation   total 9792K, used 9600K [0x00000000e1000000, 0x00000000e1aa0000, 0x00000000eb4a0000)
  eden space 8704K, 100% used [0x00000000e1000000, 0x00000000e1880000, 0x00000000e1880000)
  from space 1088K,  82% used [0x00000000e1990000, 0x00000000e1a70048, 0x00000000e1aa0000)
  to   space 1088K,   0% used [0x00000000e1880000, 0x00000000e1880000, 0x00000000e1990000)
 concurrent mark-sweep generation total 118492K, used 70628K [0x00000000eb4a0000, 0x00000000f2857000, 0x0000000100000000)
 Metaspace       used 95709K, capacity 99911K, committed 100096K, reserved 1136640K
  class space    used 11675K, capacity 12462K, committed 12544K, reserved 1048576K
2019-06-25T02:56:00.967+0000: 326580.877: [GC (Allocation Failure) 2019-06-25T02:56:00.968+0000: 326580.878: [ParNew: 9600K->638K(9792K), 0.0033066 secs] 80228K->71267K(128284K), 0.0039829 secs] [Times: user=0.01 sys=0.00, real=0.01 secs] 
Heap after GC invocations=4800 (full 138):
 par new generation   total 9792K, used 638K [0x00000000e1000000, 0x00000000e1aa0000, 0x00000000eb4a0000)
  eden space 8704K,   0% used [0x00000000e1000000, 0x00000000e1000000, 0x00000000e1880000)
  from space 1088K,  58% used [0x00000000e1880000, 0x00000000e191fbb0, 0x00000000e1990000)
  to   space 1088K,   0% used [0x00000000e1990000, 0x00000000e1990000, 0x00000000e1aa0000)
 concurrent mark-sweep generation total 118492K, used 70628K [0x00000000eb4a0000, 0x00000000f2857000, 0x0000000100000000)
 Metaspace       used 95709K, capacity 99911K, committed 100096K, reserved 1136640K
  class space    used 11675K, capacity 12462K, committed 12544K, reserved 1048576K
}
2019-06-25T02:56:22.429+0000: 326602.339: Application time: 21.4571107 seconds
2019-06-25T02:57:41.685+0000: 326681.595: Application time: 79.2552193 seconds
{Heap before GC invocations=4800 (full 138):
 par new generation   total 9792K, used 9341K [0x00000000e1000000, 0x00000000e1aa0000, 0x00000000eb4a0000)
  eden space 8704K,  99% used [0x00000000e1000000, 0x00000000e187f948, 0x00000000e1880000)
  from space 1088K,  58% used [0x00000000e1880000, 0x00000000e191fbb0, 0x00000000e1990000)
  to   space 1088K,   0% used [0x00000000e1990000, 0x00000000e1990000, 0x00000000e1aa0000)
 concurrent mark-sweep generation total 118492K, used 70628K [0x00000000eb4a0000, 0x00000000f2857000, 0x0000000100000000)
 Metaspace       used 95709K, capacity 99911K, committed 100096K, reserved 1136640K
  class space    used 11675K, capacity 12462K, committed 12544K, reserved 1048576K
2019-06-25T02:57:41.696+0000: 326681.606: [GC (Allocation Failure) 2019-06-25T02:57:41.696+0000: 326681.606: [ParNew: 9341K->588K(9792K), 0.0034793 secs] 79969K->71216K(128284K), 0.0045621 secs] [Times: user=0.01 sys=0.00, real=0.01 secs] 
Heap after GC invocations=4801 (full 138):
 par new generation   total 9792K, used 588K [0x00000000e1000000, 0x00000000e1aa0000, 0x00000000eb4a0000)
  eden space 8704K,   0% used [0x00000000e1000000, 0x00000000e1000000, 0x00000000e1880000)
  from space 1088K,  54% used [0x00000000e1990000, 0x00000000e1a230e0, 0x00000000e1aa0000)
  to   space 1088K,   0% used [0x00000000e1880000, 0x00000000e1880000, 0x00000000e1990000)
 concurrent mark-sweep generation total 118492K, used 70628K [0x00000000eb4a0000, 0x00000000f2857000, 0x0000000100000000)
 Metaspace       used 95709K, capacity 99911K, committed 100096K, reserved 1136640K
  class space    used 11675K, capacity 12462K, committed 12544K, reserved 1048576K
}
2019-06-25T02:59:19.800+0000: 326779.710: Application time: 98.0993636 seconds
{Heap before GC invocations=4801 (full 138):
 par new generation   total 9792K, used 9292K [0x00000000e1000000, 0x00000000e1aa0000, 0x00000000eb4a0000)
  eden space 8704K, 100% used [0x00000000e1000000, 0x00000000e1880000, 0x00000000e1880000)
  from space 1088K,  54% used [0x00000000e1990000, 0x00000000e1a230e0, 0x00000000e1aa0000)
  to   space 1088K,   0% used [0x00000000e1880000, 0x00000000e1880000, 0x00000000e1990000)
 concurrent mark-sweep generation total 118492K, used 70628K [0x00000000eb4a0000, 0x00000000f2857000, 0x0000000100000000)
 Metaspace       used 95709K, capacity 99911K, committed 100096K, reserved 1136640K
  class space    used 11675K, capacity 12462K, committed 12544K, reserved 1048576K
2019-06-25T02:59:19.801+0000: 326779.711: [GC (Allocation Failure) 2019-06-25T02:59:19.802+0000: 326779.712: [ParNew: 9292K->642K(9792K), 0.0037091 secs] 79920K->71370K(128284K), 0.0047877 secs] [Times: user=0.00 sys=0.00, real=0.00 secs] 
Heap after GC invocations=4802 (full 138):
 par new generation   total 9792K, used 642K [0x00000000e1000000, 0x00000000e1aa0000, 0x00000000eb4a0000)
  eden space 8704K,   0% used [0x00000000e1000000, 0x00000000e1000000, 0x00000000e1880000)
  from space 1088K,  59% used [0x00000000e1880000, 0x00000000e19208f0, 0x00000000e1990000)
  to   space 1088K,   0% used [0x00000000e1990000, 0x00000000e1990000, 0x00000000e1aa0000)
 concurrent mark-sweep generation total 118492K, used 70728K [0x00000000eb4a0000, 0x00000000f2857000, 0x0000000100000000)
 Metaspace       used 95709K, capacity 99911K, committed 100096K, reserved 1136640K
  class space    used 11675K, capacity 12462K, committed 12544K, reserved 1048576K
}
2019-06-25T03:00:27.726+0000: 326847.636: Application time: 67.9192827 seconds
2019-06-25T03:01:01.901+0000: 326881.811: Application time: 34.1747510 seconds
{Heap before GC invocations=4802 (full 138):
 par new generation   total 9792K, used 9346K [0x00000000e1000000, 0x00000000e1aa0000, 0x00000000eb4a0000)
  eden space 8704K, 100% used [0x00000000e1000000, 0x00000000e1880000, 0x00000000e1880000)
  from space 1088K,  59% used [0x00000000e1880000, 0x00000000e19208f0, 0x00000000e1990000)
  to   space 1088K,   0% used [0x00000000e1990000, 0x00000000e1990000, 0x00000000e1aa0000)
 concurrent mark-sweep generation total 118492K, used 70728K [0x00000000eb4a0000, 0x00000000f2857000, 0x0000000100000000)
 Metaspace       used 95710K, capacity 99911K, committed 100096K, reserved 1136640K
  class space    used 11675K, capacity 12462K, committed 12544K, reserved 1048576K
2019-06-25T03:01:01.915+0000: 326881.825: [GC (Allocation Failure) 2019-06-25T03:01:01.916+0000: 326881.826: [ParNew: 9346K->553K(9792K), 0.0039734 secs] 80074K->71282K(128284K), 0.0056208 secs] [Times: user=0.00 sys=0.00, real=0.01 secs] 
Heap after GC invocations=4803 (full 138):
 par new generation   total 9792K, used 553K [0x00000000e1000000, 0x00000000e1aa0000, 0x00000000eb4a0000)
  eden space 8704K,   0% used [0x00000000e1000000, 0x00000000e1000000, 0x00000000e1880000)
  from space 1088K,  50% used [0x00000000e1990000, 0x00000000e1a1a738, 0x00000000e1aa0000)
  to   space 1088K,   0% used [0x00000000e1880000, 0x00000000e1880000, 0x00000000e1990000)
 concurrent mark-sweep generation total 118492K, used 70728K [0x00000000eb4a0000, 0x00000000f2857000, 0x0000000100000000)
 Metaspace       used 95710K, capacity 99911K, committed 100096K, reserved 1136640K
  class space    used 11675K, capacity 12462K, committed 12544K, reserved 1048576K
}
2019-06-25T03:02:13.991+0000: 326953.901: Application time: 72.0704831 seconds
2019-06-25T03:02:13.992+0000: 326953.902: Application time: 0.0001341 seconds
2019-06-25T03:02:13.993+0000: 326953.903: Application time: 0.0001942 seconds
2019-06-25T03:02:13.994+0000: 326953.903: Application time: 0.0002233 seconds
2019-06-25T03:02:13.995+0000: 326953.905: Application time: 0.0002294 seconds
2019-06-25T03:02:17.454+0000: 326957.364: Application time: 3.4589158 seconds
{Heap before GC invocations=4803 (full 138):
 par new generation   total 9792K, used 9257K [0x00000000e1000000, 0x00000000e1aa0000, 0x00000000eb4a0000)
  eden space 8704K, 100% used [0x00000000e1000000, 0x00000000e1880000, 0x00000000e1880000)
  from space 1088K,  50% used [0x00000000e1990000, 0x00000000e1a1a738, 0x00000000e1aa0000)
  to   space 1088K,   0% used [0x00000000e1880000, 0x00000000e1880000, 0x00000000e1990000)
 concurrent mark-sweep generation total 118492K, used 70728K [0x00000000eb4a0000, 0x00000000f2857000, 0x0000000100000000)
 Metaspace       used 95710K, capacity 99911K, committed 100096K, reserved 1136640K
  class space    used 11675K, capacity 12462K, committed 12544K, reserved 1048576K
2019-06-25T03:02:17.455+0000: 326957.364: [GC (Allocation Failure) 2019-06-25T03:02:17.455+0000: 326957.365: [ParNew: 9257K->660K(9792K), 0.0031247 secs] 79986K->71388K(128284K), 0.0039396 secs] [Times: user=0.00 sys=0.01, real=0.01 secs] 
Heap after GC invocations=4804 (full 138):
 par new generation   total 9792K, used 660K [0x00000000e1000000, 0x00000000e1aa0000, 0x00000000eb4a0000)
  eden space 8704K,   0% used [0x00000000e1000000, 0x00000000e1000000, 0x00000000e1880000)
  from space 1088K,  60% used [0x00000000e1880000, 0x00000000e1925078, 0x00000000e1990000)
  to   space 1088K,   0% used [0x00000000e1990000, 0x00000000e1990000, 0x00000000e1aa0000)
 concurrent mark-sweep generation total 118492K, used 70728K [0x00000000eb4a0000, 0x00000000f2857000, 0x0000000100000000)
 Metaspace       used 95710K, capacity 99911K, committed 100096K, reserved 1136640K
  class space    used 11675K, capacity 12462K, committed 12544K, reserved 1048576K
}
2019-06-25T03:02:18.279+0000: 326958.189: Application time: 0.8198168 seconds
2019-06-25T03:02:18.306+0000: 326958.216: Application time: 0.0267147 seconds
2019-06-25T03:02:31.022+0000: 326970.932: Application time: 12.7156558 seconds
2019-06-25T03:03:32.072+0000: 327031.982: Application time: 61.0497933 seconds
2019-06-25T03:03:32.073+0000: 327031.983: Application time: 0.0000714 seconds
2019-06-25T03:03:32.074+0000: 327031.983: Application time: 0.0000751 seconds
2019-06-25T03:03:32.074+0000: 327031.984: Application time: 0.0000666 seconds
2019-06-25T03:03:32.074+0000: 327031.984: Application time: 0.0001043 seconds
2019-06-25T03:03:36.077+0000: 327035.987: Application time: 4.0031852 seconds
{Heap before GC invocations=4804 (full 138):
 par new generation   total 9792K, used 9364K [0x00000000e1000000, 0x00000000e1aa0000, 0x00000000eb4a0000)
  eden space 8704K, 100% used [0x00000000e1000000, 0x00000000e1880000, 0x00000000e1880000)
  from space 1088K,  60% used [0x00000000e1880000, 0x00000000e1925078, 0x00000000e1990000)
  to   space 1088K,   0% used [0x00000000e1990000, 0x00000000e1990000, 0x00000000e1aa0000)
 concurrent mark-sweep generation total 118492K, used 70728K [0x00000000eb4a0000, 0x00000000f2857000, 0x0000000100000000)
 Metaspace       used 95710K, capacity 99911K, committed 100096K, reserved 1136640K
  class space    used 11675K, capacity 12462K, committed 12544K, reserved 1048576K
2019-06-25T03:03:36.078+0000: 327035.988: [GC (Allocation Failure) 2019-06-25T03:03:36.079+0000: 327035.989: [ParNew: 9364K->780K(9792K), 0.0178413 secs] 80092K->71509K(128284K), 0.0189138 secs] [Times: user=0.02 sys=0.01, real=0.01 secs] 
Heap after GC invocations=4805 (full 138):
 par new generation   total 9792K, used 780K [0x00000000e1000000, 0x00000000e1aa0000, 0x00000000eb4a0000)
  eden space 8704K,   0% used [0x00000000e1000000, 0x00000000e1000000, 0x00000000e1880000)
  from space 1088K,  71% used [0x00000000e1990000, 0x00000000e1a531a0, 0x00000000e1aa0000)
  to   space 1088K,   0% used [0x00000000e1880000, 0x00000000e1880000, 0x00000000e1990000)
 concurrent mark-sweep generation total 118492K, used 70729K [0x00000000eb4a0000, 0x00000000f2857000, 0x0000000100000000)
 Metaspace       used 95710K, capacity 99911K, committed 100096K, reserved 1136640K
  class space    used 11675K, capacity 12462K, committed 12544K, reserved 1048576K
}
2019-06-25T03:03:36.141+0000: 327036.051: Application time: 0.0428446 seconds
2019-06-25T03:03:36.167+0000: 327036.077: Application time: 0.0253215 seconds
2019-06-25T03:04:01.037+0000: 327060.947: Application time: 24.8700380 seconds
2019-06-25T03:04:01.038+0000: 327060.947: Application time: 0.0001947 seconds
2019-06-25T03:04:01.038+0000: 327060.948: Application time: 0.0000680 seconds
2019-06-25T03:04:01.039+0000: 327060.948: Application time: 0.0001401 seconds
2019-06-25T03:04:01.039+0000: 327060.949: Application time: 0.0001253 seconds
2019-06-25T03:04:01.040+0000: 327060.950: Application time: 0.0013012 seconds
2019-06-25T03:04:21.140+0000: 327081.050: Application time: 20.0994234 seconds
2019-06-25T03:04:21.141+0000: 327081.051: Application time: 0.0000701 seconds
2019-06-25T03:04:21.141+0000: 327081.051: Application time: 0.0000619 seconds
2019-06-25T03:04:21.141+0000: 327081.051: Application time: 0.0000642 seconds
2019-06-25T03:04:21.142+0000: 327081.052: Application time: 0.0000738 seconds
2019-06-25T03:04:25.661+0000: 327085.570: Application time: 4.5182802 seconds
2019-06-25T03:04:25.687+0000: 327085.596: Application time: 0.0258042 seconds
2019-06-25T03:04:31.043+0000: 327090.953: Application time: 5.3558101 seconds
2019-06-25T03:04:31.043+0000: 327090.953: Application time: 0.0001708 seconds
2019-06-25T03:04:31.044+0000: 327090.954: Application time: 0.0008262 seconds
2019-06-25T03:04:31.045+0000: 327090.955: Application time: 0.0003408 seconds
2019-06-25T03:04:31.046+0000: 327090.956: Application time: 0.0003113 seconds
2019-06-25T03:04:46.233+0000: 327106.143: Application time: 15.1867064 seconds
{Heap before GC invocations=4805 (full 138):
 par new generation   total 9792K, used 9482K [0x00000000e1000000, 0x00000000e1aa0000, 0x00000000eb4a0000)
  eden space 8704K,  99% used [0x00000000e1000000, 0x00000000e187f938, 0x00000000e1880000)
  from space 1088K,  71% used [0x00000000e1990000, 0x00000000e1a531a0, 0x00000000e1aa0000)
  to   space 1088K,   0% used [0x00000000e1880000, 0x00000000e1880000, 0x00000000e1990000)
 concurrent mark-sweep generation total 118492K, used 70729K [0x00000000eb4a0000, 0x00000000f2857000, 0x0000000100000000)
 Metaspace       used 95710K, capacity 99911K, committed 100096K, reserved 1136640K
  class space    used 11675K, capacity 12462K, committed 12544K, reserved 1048576K
2019-06-25T03:04:46.233+0000: 327106.143: [GC (Allocation Failure) 2019-06-25T03:04:46.234+0000: 327106.144: [ParNew: 9482K->1006K(9792K), 0.0036472 secs] 80212K->71787K(128284K), 0.0046974 secs] [Times: user=0.01 sys=0.00, real=0.01 secs] 
Heap after GC invocations=4806 (full 138):
 par new generation   total 9792K, used 1006K [0x00000000e1000000, 0x00000000e1aa0000, 0x00000000eb4a0000)
  eden space 8704K,   0% used [0x00000000e1000000, 0x00000000e1000000, 0x00000000e1880000)
  from space 1088K,  92% used [0x00000000e1880000, 0x00000000e197b8d0, 0x00000000e1990000)
  to   space 1088K,   0% used [0x00000000e1990000, 0x00000000e1990000, 0x00000000e1aa0000)
 concurrent mark-sweep generation total 118492K, used 70781K [0x00000000eb4a0000, 0x00000000f2857000, 0x0000000100000000)
 Metaspace       used 95710K, capacity 99911K, committed 100096K, reserved 1136640K
  class space    used 11675K, capacity 12462K, committed 12544K, reserved 1048576K
}
2019-06-25T03:04:47.166+0000: 327107.076: Application time: 0.9276780 seconds
2019-06-25T03:04:51.231+0000: 327111.141: Application time: 4.0643305 seconds
2019-06-25T03:04:51.261+0000: 327111.171: Application time: 0.0300031 seconds
2019-06-25T03:05:01.052+0000: 327120.962: Application time: 9.7906151 seconds
2019-06-25T03:05:01.053+0000: 327120.963: Application time: 0.0000695 seconds
2019-06-25T03:05:01.053+0000: 327120.963: Application time: 0.0000612 seconds
2019-06-25T03:05:01.053+0000: 327120.963: Application time: 0.0000563 seconds
2019-06-25T03:05:01.054+0000: 327120.963: Application time: 0.0000545 seconds
2019-06-25T03:05:01.054+0000: 327120.964: Application time: 0.0000550 seconds
2019-06-25T03:05:01.054+0000: 327120.964: Application time: 0.0001270 seconds
2019-06-25T03:05:01.055+0000: 327120.964: Application time: 0.0002774 seconds
2019-06-25T03:05:01.055+0000: 327120.965: Application time: 0.0001761 seconds
2019-06-25T03:05:05.540+0000: 327125.449: Application time: 4.4844675 seconds
2019-06-25T03:05:17.469+0000: 327137.379: Application time: 11.9295398 seconds
2019-06-25T03:05:17.472+0000: 327137.382: Application time: 0.0020350 seconds
2019-06-25T03:05:17.500+0000: 327137.410: Application time: 0.0273835 seconds
2019-06-25T03:05:17.502+0000: 327137.412: Application time: 0.0020977 seconds
2019-06-25T03:05:40.221+0000: 327160.131: Application time: 22.7187533 seconds
2019-06-25T03:05:42.224+0000: 327162.134: Application time: 2.0015146 seconds
{Heap before GC invocations=4806 (full 138):
 par new generation   total 9792K, used 9710K [0x00000000e1000000, 0x00000000e1aa0000, 0x00000000eb4a0000)
  eden space 8704K, 100% used [0x00000000e1000000, 0x00000000e1880000, 0x00000000e1880000)
  from space 1088K,  92% used [0x00000000e1880000, 0x00000000e197b8d0, 0x00000000e1990000)
  to   space 1088K,   0% used [0x00000000e1990000, 0x00000000e1990000, 0x00000000e1aa0000)
 concurrent mark-sweep generation total 118492K, used 70781K [0x00000000eb4a0000, 0x00000000f2857000, 0x0000000100000000)
 Metaspace       used 95710K, capacity 99911K, committed 100096K, reserved 1136640K
  class space    used 11675K, capacity 12462K, committed 12544K, reserved 1048576K
2019-06-25T03:05:42.224+0000: 327162.134: [GC (Allocation Failure) 2019-06-25T03:05:42.225+0000: 327162.134: [ParNew: 9710K->1056K(9792K), 0.0040376 secs] 80491K->72154K(128284K), 0.0049577 secs] [Times: user=0.01 sys=0.00, real=0.01 secs] 
Heap after GC invocations=4807 (full 138):
 par new generation   total 9792K, used 1056K [0x00000000e1000000, 0x00000000e1aa0000, 0x00000000eb4a0000)
  eden space 8704K,   0% used [0x00000000e1000000, 0x00000000e1000000, 0x00000000e1880000)
  from space 1088K,  97% used [0x00000000e1990000, 0x00000000e1a98100, 0x00000000e1aa0000)
  to   space 1088K,   0% used [0x00000000e1880000, 0x00000000e1880000, 0x00000000e1990000)
 concurrent mark-sweep generation total 118492K, used 71098K [0x00000000eb4a0000, 0x00000000f2857000, 0x0000000100000000)
 Metaspace       used 95710K, capacity 99911K, committed 100096K, reserved 1136640K
  class space    used 11675K, capacity 12462K, committed 12544K, reserved 1048576K
}
2019-06-25T03:05:42.231+0000: 327162.141: Application time: 0.0012465 seconds
2019-06-25T03:05:42.231+0000: 327162.141: [GC (CMS Initial Mark) [1 CMS-initial-mark: 71098K(118492K)] 72260K(128284K), 0.0051316 secs] [Times: user=0.01 sys=0.00, real=0.00 secs] 
2019-06-25T03:05:42.237+0000: 327162.147: [CMS-concurrent-mark-start]
2019-06-25T03:05:42.339+0000: 327162.248: [CMS-concurrent-mark: 0.101/0.101 secs] [Times: user=0.10 sys=0.00, real=0.11 secs] 
2019-06-25T03:05:42.339+0000: 327162.249: [CMS-concurrent-preclean-start]
2019-06-25T03:05:42.341+0000: 327162.251: [CMS-concurrent-preclean: 0.002/0.002 secs] [Times: user=0.00 sys=0.00, real=0.00 secs] 
2019-06-25T03:05:42.341+0000: 327162.251: Application time: 0.1039576 seconds
2019-06-25T03:05:42.342+0000: 327162.251: [GC (CMS Final Remark) [YG occupancy: 1166 K (9792 K)]2019-06-25T03:05:42.342+0000: 327162.252: [Rescan (parallel) , 0.0035003 secs]2019-06-25T03:05:42.346+0000: 327162.256: [weak refs processing, 0.0034130 secs]2019-06-25T03:05:42.350+0000: 327162.259: [class unloading, 0.0333589 secs]2019-06-25T03:05:42.383+0000: 327162.293: [scrub symbol table, 0.0258163 secs]2019-06-25T03:05:42.410+0000: 327162.319: [scrub string table, 0.0016242 secs][1 CMS-remark: 71098K(118492K)] 72264K(128284K), 0.0842143 secs] [Times: user=0.09 sys=0.00, real=0.08 secs] 
2019-06-25T03:05:42.427+0000: 327162.337: [CMS-concurrent-sweep-start]
2019-06-25T03:05:42.459+0000: 327162.368: [CMS-concurrent-sweep: 0.032/0.032 secs] [Times: user=0.03 sys=0.00, real=0.04 secs] 
2019-06-25T03:05:42.459+0000: 327162.369: [CMS-concurrent-reset-start]
2019-06-25T03:05:42.459+0000: 327162.369: [CMS-concurrent-reset: 0.000/0.000 secs] [Times: user=0.00 sys=0.00, real=0.00 secs] 
2019-06-25T03:05:43.427+0000: 327163.337: Application time: 1.0002463 seconds
2019-06-25T03:05:44.784+0000: 327164.694: Application time: 1.3565578 seconds
2019-06-25T03:05:44.816+0000: 327164.725: Application time: 0.0314415 seconds
2019-06-25T03:05:47.817+0000: 327167.726: Application time: 3.0005562 seconds
2019-06-25T03:06:01.061+0000: 327180.971: Application time: 13.2442845 seconds
2019-06-25T03:06:01.062+0000: 327180.972: Application time: 0.0001872 seconds
2019-06-25T03:06:01.062+0000: 327180.972: Application time: 0.0001401 seconds
2019-06-25T03:06:01.063+0000: 327180.973: Application time: 0.0001304 seconds
2019-06-25T03:06:01.063+0000: 327180.973: Application time: 0.0001265 seconds
2019-06-25T03:06:01.064+0000: 327180.974: Application time: 0.0001510 seconds
2019-06-25T03:06:01.064+0000: 327180.974: Application time: 0.0001370 seconds
2019-06-25T03:06:01.065+0000: 327180.975: Application time: 0.0003493 seconds
2019-06-25T03:06:01.066+0000: 327180.975: Application time: 0.0001840 seconds
2019-06-25T03:06:02.066+0000: 327181.977: Application time: 1.0010716 seconds
2019-06-25T03:06:06.068+0000: 327185.978: Application time: 4.0007787 seconds
2019-06-25T03:06:09.519+0000: 327189.429: Application time: 3.4506931 seconds
2019-06-25T03:06:12.520+0000: 327192.430: Application time: 3.0005599 seconds
2019-06-25T03:06:22.482+0000: 327202.392: Application time: 9.9623138 seconds
2019-06-25T03:06:34.484+0000: 327214.394: Application time: 12.0015619 seconds
2019-06-25T03:07:02.129+0000: 327242.039: Application time: 27.6444223 seconds
{Heap before GC invocations=4807 (full 139):
 par new generation   total 9792K, used 9625K [0x00000000e1000000, 0x00000000e1aa0000, 0x00000000eb4a0000)
  eden space 8704K,  98% used [0x00000000e1000000, 0x00000000e185e3e0, 0x00000000e1880000)
  from space 1088K,  97% used [0x00000000e1990000, 0x00000000e1a98100, 0x00000000e1aa0000)
  to   space 1088K,   0% used [0x00000000e1880000, 0x00000000e1880000, 0x00000000e1990000)
 concurrent mark-sweep generation total 118492K, used 64526K [0x00000000eb4a0000, 0x00000000f2857000, 0x0000000100000000)
 Metaspace       used 95632K, capacity 99837K, committed 100352K, reserved 1136640K
  class space    used 11663K, capacity 12439K, committed 12544K, reserved 1048576K
2019-06-25T03:07:02.130+0000: 327242.040: [GC (Allocation Failure) 2019-06-25T03:07:02.130+0000: 327242.040: [ParNew: 9625K->1088K(9792K), 0.0052497 secs] 74151K->66057K(128284K), 0.0061021 secs] [Times: user=0.00 sys=0.01, real=0.00 secs] 
Heap after GC invocations=4808 (full 139):
 par new generation   total 9792K, used 1088K [0x00000000e1000000, 0x00000000e1aa0000, 0x00000000eb4a0000)
  eden space 8704K,   0% used [0x00000000e1000000, 0x00000000e1000000, 0x00000000e1880000)
  from space 1088K, 100% used [0x00000000e1880000, 0x00000000e1990000, 0x00000000e1990000)
  to   space 1088K,   0% used [0x00000000e1990000, 0x00000000e1990000, 0x00000000e1aa0000)
 concurrent mark-sweep generation total 118492K, used 64969K [0x00000000eb4a0000, 0x00000000f2857000, 0x0000000100000000)
 Metaspace       used 95632K, capacity 99837K, committed 100352K, reserved 1136640K
  class space    used 11663K, capacity 12439K, committed 12544K, reserved 1048576K
}
2019-06-25T03:07:03.137+0000: 327243.047: Application time: 1.0005962 seconds
2019-06-25T03:07:05.746+0000: 327245.656: Application time: 2.6082655 seconds
2019-06-25T03:07:05.746+0000: 327245.656: Application time: 0.0000672 seconds
2019-06-25T03:07:05.747+0000: 327245.656: Application time: 0.0000758 seconds
2019-06-25T03:07:05.748+0000: 327245.658: Application time: 0.0000889 seconds
2019-06-25T03:07:05.748+0000: 327245.658: Application time: 0.0000586 seconds
2019-06-25T03:07:05.748+0000: 327245.658: Application time: 0.0000807 seconds
2019-06-25T03:07:05.748+0000: 327245.658: Application time: 0.0000838 seconds
2019-06-25T03:07:06.749+0000: 327246.659: Application time: 1.0002550 seconds
2019-06-25T03:07:09.521+0000: 327249.431: Application time: 2.7716908 seconds
2019-06-25T03:07:09.522+0000: 327249.431: Application time: 0.0001911 seconds
2019-06-25T03:07:09.522+0000: 327249.432: Application time: 0.0001938 seconds
2019-06-25T03:07:09.523+0000: 327249.433: Application time: 0.0001491 seconds
2019-06-25T03:07:09.523+0000: 327249.433: Application time: 0.0001808 seconds
2019-06-25T03:07:09.524+0000: 327249.433: Application time: 0.0001476 seconds
2019-06-25T03:07:09.524+0000: 327249.434: Application time: 0.0001869 seconds
2019-06-25T03:07:09.525+0000: 327249.434: Application time: 0.0001630 seconds
2019-06-25T03:07:09.525+0000: 327249.436: Application time: 0.0011542 seconds
2019-06-25T03:07:10.749+0000: 327250.659: Application time: 1.2229667 seconds
2019-06-25T03:07:10.773+0000: 327250.683: Application time: 0.0233660 seconds
2019-06-25T03:07:12.970+0000: 327252.880: Application time: 2.1965857 seconds
2019-06-25T03:07:31.082+0000: 327270.991: Application time: 18.1112560 seconds
2019-06-25T03:07:39.346+0000: 327279.256: Application time: 8.2642791 seconds
2019-06-25T03:07:39.347+0000: 327279.257: Application time: 0.0001357 seconds
2019-06-25T03:07:39.347+0000: 327279.257: Application time: 0.0001027 seconds
2019-06-25T03:07:39.348+0000: 327279.258: Application time: 0.0002685 seconds
2019-06-25T03:07:39.348+0000: 327279.258: Application time: 0.0000889 seconds
2019-06-25T03:07:41.742+0000: 327281.652: Application time: 2.3931979 seconds
{Heap before GC invocations=4808 (full 139):
 par new generation   total 9792K, used 9792K [0x00000000e1000000, 0x00000000e1aa0000, 0x00000000eb4a0000)
  eden space 8704K, 100% used [0x00000000e1000000, 0x00000000e1880000, 0x00000000e1880000)
  from space 1088K, 100% used [0x00000000e1880000, 0x00000000e1990000, 0x00000000e1990000)
  to   space 1088K,   0% used [0x00000000e1990000, 0x00000000e1990000, 0x00000000e1aa0000)
 concurrent mark-sweep generation total 118492K, used 64969K [0x00000000eb4a0000, 0x00000000f2857000, 0x0000000100000000)
 Metaspace       used 95639K, capacity 99849K, committed 100352K, reserved 1136640K
  class space    used 11664K, capacity 12441K, committed 12544K, reserved 1048576K
2019-06-25T03:07:41.743+0000: 327281.652: [GC (Allocation Failure) 2019-06-25T03:07:41.743+0000: 327281.653: [ParNew: 9792K->591K(9792K), 0.0040629 secs] 74761K->65992K(128284K), 0.0049490 secs] [Times: user=0.00 sys=0.01, real=0.00 secs] 
Heap after GC invocations=4809 (full 139):
 par new generation   total 9792K, used 591K [0x00000000e1000000, 0x00000000e1aa0000, 0x00000000eb4a0000)
  eden space 8704K,   0% used [0x00000000e1000000, 0x00000000e1000000, 0x00000000e1880000)
  from space 1088K,  54% used [0x00000000e1990000, 0x00000000e1a23d70, 0x00000000e1aa0000)
  to   space 1088K,   0% used [0x00000000e1880000, 0x00000000e1880000, 0x00000000e1990000)
 concurrent mark-sweep generation total 118492K, used 65400K [0x00000000eb4a0000, 0x00000000f2857000, 0x0000000100000000)
 Metaspace       used 95639K, capacity 99849K, committed 100352K, reserved 1136640K
  class space    used 11664K, capacity 12441K, committed 12544K, reserved 1048576K
}
2019-06-25T03:07:44.146+0000: 327284.056: Application time: 2.3978641 seconds
2019-06-25T03:07:44.181+0000: 327284.091: Application time: 0.0346633 seconds
2019-06-25T03:08:01.084+0000: 327300.994: Application time: 16.9028549 seconds
2019-06-25T03:08:01.085+0000: 327300.995: Application time: 0.0001698 seconds
2019-06-25T03:08:01.085+0000: 327300.995: Application time: 0.0000689 seconds
2019-06-25T03:08:01.086+0000: 327300.995: Application time: 0.0000635 seconds
2019-06-25T03:08:01.086+0000: 327300.996: Application time: 0.0000591 seconds
2019-06-25T03:08:01.086+0000: 327300.996: Application time: 0.0000299 seconds
2019-06-25T03:08:01.086+0000: 327300.996: Application time: 0.0000651 seconds
2019-06-25T03:08:01.086+0000: 327300.996: Application time: 0.0000643 seconds
2019-06-25T03:08:01.087+0000: 327300.997: Application time: 0.0001531 seconds
2019-06-25T03:08:01.087+0000: 327300.997: Application time: 0.0001164 seconds
2019-06-25T03:08:05.540+0000: 327305.449: Application time: 4.4524545 seconds
2019-06-25T03:09:20.454+0000: 327380.364: Application time: 74.9146404 seconds
{Heap before GC invocations=4809 (full 139):
 par new generation   total 9792K, used 9295K [0x00000000e1000000, 0x00000000e1aa0000, 0x00000000eb4a0000)
  eden space 8704K, 100% used [0x00000000e1000000, 0x00000000e1880000, 0x00000000e1880000)
  from space 1088K,  54% used [0x00000000e1990000, 0x00000000e1a23d70, 0x00000000e1aa0000)
  to   space 1088K,   0% used [0x00000000e1880000, 0x00000000e1880000, 0x00000000e1990000)
 concurrent mark-sweep generation total 118492K, used 65400K [0x00000000eb4a0000, 0x00000000f2857000, 0x0000000100000000)
 Metaspace       used 95642K, capacity 99855K, committed 100352K, reserved 1136640K
  class space    used 11664K, capacity 12442K, committed 12544K, reserved 1048576K
2019-06-25T03:09:20.455+0000: 327380.365: [GC (Allocation Failure) 2019-06-25T03:09:20.456+0000: 327380.366: [ParNew: 9295K->910K(9792K), 0.0039723 secs] 74696K->66311K(128284K), 0.0048375 secs] [Times: user=0.01 sys=0.00, real=0.01 secs] 
Heap after GC invocations=4810 (full 139):
 par new generation   total 9792K, used 910K [0x00000000e1000000, 0x00000000e1aa0000, 0x00000000eb4a0000)
  eden space 8704K,   0% used [0x00000000e1000000, 0x00000000e1000000, 0x00000000e1880000)
  from space 1088K,  83% used [0x00000000e1880000, 0x00000000e1963ad0, 0x00000000e1990000)
  to   space 1088K,   0% used [0x00000000e1990000, 0x00000000e1990000, 0x00000000e1aa0000)
 concurrent mark-sweep generation total 118492K, used 65400K [0x00000000eb4a0000, 0x00000000f2857000, 0x0000000100000000)
 Metaspace       used 95642K, capacity 99855K, committed 100352K, reserved 1136640K
  class space    used 11664K, capacity 12442K, committed 12544K, reserved 1048576K
}
2019-06-25T03:10:22.471+0000: 327442.380: Application time: 62.0093664 seconds
2019-06-25T03:11:03.793+0000: 327483.702: Application time: 41.3218086 seconds
{Heap before GC invocations=4810 (full 139):
 par new generation   total 9792K, used 9614K [0x00000000e1000000, 0x00000000e1aa0000, 0x00000000eb4a0000)
  eden space 8704K, 100% used [0x00000000e1000000, 0x00000000e1880000, 0x00000000e1880000)
  from space 1088K,  83% used [0x00000000e1880000, 0x00000000e1963ad0, 0x00000000e1990000)
  to   space 1088K,   0% used [0x00000000e1990000, 0x00000000e1990000, 0x00000000e1aa0000)
 concurrent mark-sweep generation total 118492K, used 65400K [0x00000000eb4a0000, 0x00000000f2857000, 0x0000000100000000)
 Metaspace       used 95642K, capacity 99855K, committed 100352K, reserved 1136640K
  class space    used 11664K, capacity 12442K, committed 12544K, reserved 1048576K
2019-06-25T03:11:03.794+0000: 327483.703: [GC (Allocation Failure) 2019-06-25T03:11:03.794+0000: 327483.704: [ParNew: 9614K->776K(9792K), 0.0040109 secs] 75015K->66301K(128284K), 0.0051142 secs] [Times: user=0.00 sys=0.01, real=0.01 secs] 
Heap after GC invocations=4811 (full 139):
 par new generation   total 9792K, used 776K [0x00000000e1000000, 0x00000000e1aa0000, 0x00000000eb4a0000)
  eden space 8704K,   0% used [0x00000000e1000000, 0x00000000e1000000, 0x00000000e1880000)
  from space 1088K,  71% used [0x00000000e1990000, 0x00000000e1a522f0, 0x00000000e1aa0000)
  to   space 1088K,   0% used [0x00000000e1880000, 0x00000000e1880000, 0x00000000e1990000)
 concurrent mark-sweep generation total 118492K, used 65524K [0x00000000eb4a0000, 0x00000000f2857000, 0x0000000100000000)
 Metaspace       used 95642K, capacity 99855K, committed 100352K, reserved 1136640K
  class space    used 11664K, capacity 12442K, committed 12544K, reserved 1048576K
}
2019-06-25T03:11:07.800+0000: 327487.710: Application time: 4.0005822 seconds
2019-06-25T03:11:11.603+0000: 327491.513: Application time: 3.8025751 seconds
2019-06-25T03:11:11.604+0000: 327491.513: Application time: 0.0001745 seconds
2019-06-25T03:11:11.604+0000: 327491.514: Application time: 0.0001379 seconds
2019-06-25T03:11:11.605+0000: 327491.515: Application time: 0.0001454 seconds
2019-06-25T03:11:15.967+0000: 327495.877: Application time: 4.3620996 seconds
2019-06-25T03:11:16.000+0000: 327495.909: Application time: 0.0319481 seconds
2019-06-25T03:11:22.541+0000: 327502.450: Application time: 6.5408292 seconds
2019-06-25T03:11:23.541+0000: 327503.451: Application time: 1.0003735 seconds
2019-06-25T03:12:05.539+0000: 327545.448: Application time: 41.9967073 seconds
2019-06-25T03:12:05.651+0000: 327545.561: Application time: 0.1120270 seconds
2019-06-25T03:12:05.652+0000: 327545.562: Application time: 0.0000557 seconds
2019-06-25T03:12:05.652+0000: 327545.562: Application time: 0.0000520 seconds
2019-06-25T03:12:05.653+0000: 327545.563: Application time: 0.0001184 seconds
2019-06-25T03:12:05.653+0000: 327545.563: Application time: 0.0000775 seconds
2019-06-25T03:12:05.656+0000: 327545.566: Application time: 0.0027918 seconds
2019-06-25T03:12:08.494+0000: 327548.404: Application time: 2.8370011 seconds
{Heap before GC invocations=4811 (full 139):
 par new generation   total 9792K, used 9480K [0x00000000e1000000, 0x00000000e1aa0000, 0x00000000eb4a0000)
  eden space 8704K, 100% used [0x00000000e1000000, 0x00000000e1880000, 0x00000000e1880000)
  from space 1088K,  71% used [0x00000000e1990000, 0x00000000e1a522f0, 0x00000000e1aa0000)
  to   space 1088K,   0% used [0x00000000e1880000, 0x00000000e1880000, 0x00000000e1990000)
 concurrent mark-sweep generation total 118492K, used 65524K [0x00000000eb4a0000, 0x00000000f2857000, 0x0000000100000000)
 Metaspace       used 95649K, capacity 99855K, committed 100352K, reserved 1136640K
  class space    used 11666K, capacity 12442K, committed 12544K, reserved 1048576K
2019-06-25T03:12:08.495+0000: 327548.405: [GC (Allocation Failure) 2019-06-25T03:12:08.496+0000: 327548.405: [ParNew: 9480K->1088K(9792K), 0.0088524 secs] 75005K->67089K(128284K), 0.0100743 secs] [Times: user=0.02 sys=0.00, real=0.01 secs] 
Heap after GC invocations=4812 (full 139):
 par new generation   total 9792K, used 1088K [0x00000000e1000000, 0x00000000e1aa0000, 0x00000000eb4a0000)
  eden space 8704K,   0% used [0x00000000e1000000, 0x00000000e1000000, 0x00000000e1880000)
  from space 1088K, 100% used [0x00000000e1880000, 0x00000000e1990000, 0x00000000e1990000)
  to   space 1088K,   0% used [0x00000000e1990000, 0x00000000e1990000, 0x00000000e1aa0000)
 concurrent mark-sweep generation total 118492K, used 66001K [0x00000000eb4a0000, 0x00000000f2857000, 0x0000000100000000)
 Metaspace       used 95649K, capacity 99855K, committed 100352K, reserved 1136640K
  class space    used 11666K, capacity 12442K, committed 12544K, reserved 1048576K
}
2019-06-25T03:13:06.515+0000: 327606.425: Application time: 58.0086853 seconds
2019-06-25T03:13:11.334+0000: 327611.244: Application time: 4.8191186 seconds
2019-06-25T03:13:24.421+0000: 327624.331: Application time: 13.0864811 seconds
{Heap before GC invocations=4812 (full 139):
 par new generation   total 9792K, used 9791K [0x00000000e1000000, 0x00000000e1aa0000, 0x00000000eb4a0000)
  eden space 8704K,  99% used [0x00000000e1000000, 0x00000000e187ffc0, 0x00000000e1880000)
  from space 1088K, 100% used [0x00000000e1880000, 0x00000000e1990000, 0x00000000e1990000)
  to   space 1088K,   0% used [0x00000000e1990000, 0x00000000e1990000, 0x00000000e1aa0000)
 concurrent mark-sweep generation total 118492K, used 66001K [0x00000000eb4a0000, 0x00000000f2857000, 0x0000000100000000)
 Metaspace       used 95650K, capacity 99855K, committed 100352K, reserved 1136640K
  class space    used 11666K, capacity 12442K, committed 12544K, reserved 1048576K
2019-06-25T03:13:24.422+0000: 327624.332: [GC (Allocation Failure) 2019-06-25T03:13:24.422+0000: 327624.332: [ParNew: 9791K->934K(9792K), 0.0259742 secs] 75793K->68207K(128284K), 0.0272813 secs] [Times: user=0.04 sys=0.00, real=0.03 secs] 
Heap after GC invocations=4813 (full 139):
 par new generation   total 9792K, used 934K [0x00000000e1000000, 0x00000000e1aa0000, 0x00000000eb4a0000)
  eden space 8704K,   0% used [0x00000000e1000000, 0x00000000e1000000, 0x00000000e1880000)
  from space 1088K,  85% used [0x00000000e1990000, 0x00000000e1a79a68, 0x00000000e1aa0000)
  to   space 1088K,   0% used [0x00000000e1880000, 0x00000000e1880000, 0x00000000e1990000)
 concurrent mark-sweep generation total 118492K, used 67272K [0x00000000eb4a0000, 0x00000000f2857000, 0x0000000100000000)
 Metaspace       used 95650K, capacity 99855K, committed 100352K, reserved 1136640K
  class space    used 11666K, capacity 12442K, committed 12544K, reserved 1048576K
}
2019-06-25T03:13:24.768+0000: 327624.678: Application time: 0.3174918 seconds
2019-06-25T03:13:24.768+0000: 327624.678: Application time: 0.0000915 seconds
2019-06-25T03:13:24.769+0000: 327624.678: Application time: 0.0000553 seconds
2019-06-25T03:13:24.769+0000: 327624.679: Application time: 0.0000707 seconds
2019-06-25T03:13:29.416+0000: 327629.326: Application time: 4.6465664 seconds
2019-06-25T03:13:29.472+0000: 327629.382: Application time: 0.0557735 seconds
2019-06-25T03:14:01.476+0000: 327661.386: Application time: 32.0037610 seconds
2019-06-25T03:14:05.538+0000: 327665.448: Application time: 4.0619875 seconds
2019-06-25T03:14:05.540+0000: 327665.450: Application time: 0.0018656 seconds
2019-06-25T03:14:18.542+0000: 327678.452: Application time: 13.0015218 seconds
2019-06-25T03:15:01.142+0000: 327721.052: Application time: 42.5993605 seconds
{Heap before GC invocations=4813 (full 139):
 par new generation   total 9792K, used 9638K [0x00000000e1000000, 0x00000000e1aa0000, 0x00000000eb4a0000)
  eden space 8704K, 100% used [0x00000000e1000000, 0x00000000e1880000, 0x00000000e1880000)
  from space 1088K,  85% used [0x00000000e1990000, 0x00000000e1a79a68, 0x00000000e1aa0000)
  to   space 1088K,   0% used [0x00000000e1880000, 0x00000000e1880000, 0x00000000e1990000)
 concurrent mark-sweep generation total 118492K, used 67272K [0x00000000eb4a0000, 0x00000000f2857000, 0x0000000100000000)
 Metaspace       used 95659K, capacity 99873K, committed 100352K, reserved 1136640K
  class space    used 11667K, capacity 12445K, committed 12544K, reserved 1048576K
2019-06-25T03:15:01.143+0000: 327721.052: [GC (Allocation Failure) 2019-06-25T03:15:01.143+0000: 327721.053: [ParNew: 9638K->495K(9792K), 0.0030894 secs] 76911K->67768K(128284K), 0.0038291 secs] [Times: user=0.01 sys=0.00, real=0.00 secs] 
Heap after GC invocations=4814 (full 139):
 par new generation   total 9792K, used 495K [0x00000000e1000000, 0x00000000e1aa0000, 0x00000000eb4a0000)
  eden space 8704K,   0% used [0x00000000e1000000, 0x00000000e1000000, 0x00000000e1880000)
  from space 1088K,  45% used [0x00000000e1880000, 0x00000000e18fbef0, 0x00000000e1990000)
  to   space 1088K,   0% used [0x00000000e1990000, 0x00000000e1990000, 0x00000000e1aa0000)
 concurrent mark-sweep generation total 118492K, used 67272K [0x00000000eb4a0000, 0x00000000f2857000, 0x0000000100000000)
 Metaspace       used 95659K, capacity 99873K, committed 100352K, reserved 1136640K
  class space    used 11667K, capacity 12445K, committed 12544K, reserved 1048576K
}
2019-06-25T03:15:16.860+0000: 327736.770: Application time: 15.7131528 seconds
2019-06-25T03:15:16.861+0000: 327736.771: Application time: 0.0000722 seconds
2019-06-25T03:15:16.861+0000: 327736.771: Application time: 0.0000604 seconds
2019-06-25T03:15:16.861+0000: 327736.771: Application time: 0.0001066 seconds
2019-06-25T03:15:16.862+0000: 327736.772: Application time: 0.0001268 seconds
2019-06-25T03:16:05.870+0000: 327785.780: Application time: 49.0076983 seconds
2019-06-25T03:16:11.871+0000: 327791.781: Application time: 6.0009178 seconds
2019-06-25T03:16:22.564+0000: 327802.474: Application time: 10.6929752 seconds
2019-06-25T03:16:41.279+0000: 327821.189: Application time: 18.7146335 seconds
{Heap before GC invocations=4814 (full 139):
 par new generation   total 9792K, used 9199K [0x00000000e1000000, 0x00000000e1aa0000, 0x00000000eb4a0000)
  eden space 8704K, 100% used [0x00000000e1000000, 0x00000000e1880000, 0x00000000e1880000)
  from space 1088K,  45% used [0x00000000e1880000, 0x00000000e18fbef0, 0x00000000e1990000)
  to   space 1088K,   0% used [0x00000000e1990000, 0x00000000e1990000, 0x00000000e1aa0000)
 concurrent mark-sweep generation total 118492K, used 67272K [0x00000000eb4a0000, 0x00000000f2857000, 0x0000000100000000)
 Metaspace       used 95659K, capacity 99873K, committed 100352K, reserved 1136640K
  class space    used 11667K, capacity 12445K, committed 12544K, reserved 1048576K
2019-06-25T03:16:41.280+0000: 327821.190: [GC (Allocation Failure) 2019-06-25T03:16:41.281+0000: 327821.190: [ParNew: 9199K->582K(9792K), 0.0032019 secs] 76472K->67855K(128284K), 0.0039760 secs] [Times: user=0.01 sys=0.00, real=0.00 secs] 
Heap after GC invocations=4815 (full 139):
 par new generation   total 9792K, used 582K [0x00000000e1000000, 0x00000000e1aa0000, 0x00000000eb4a0000)
  eden space 8704K,   0% used [0x00000000e1000000, 0x00000000e1000000, 0x00000000e1880000)
  from space 1088K,  53% used [0x00000000e1990000, 0x00000000e1a21ac0, 0x00000000e1aa0000)
  to   space 1088K,   0% used [0x00000000e1880000, 0x00000000e1880000, 0x00000000e1990000)
 concurrent mark-sweep generation total 118492K, used 67272K [0x00000000eb4a0000, 0x00000000f2857000, 0x0000000100000000)
 Metaspace       used 95659K, capacity 99873K, committed 100352K, reserved 1136640K
  class space    used 11667K, capacity 12445K, committed 12544K, reserved 1048576K
}
2019-06-25T03:18:17.547+0000: 327917.456: Application time: 96.2615979 seconds
{Heap before GC invocations=4815 (full 139):
 par new generation   total 9792K, used 9286K [0x00000000e1000000, 0x00000000e1aa0000, 0x00000000eb4a0000)
  eden space 8704K, 100% used [0x00000000e1000000, 0x00000000e1880000, 0x00000000e1880000)
  from space 1088K,  53% used [0x00000000e1990000, 0x00000000e1a21ac0, 0x00000000e1aa0000)
  to   space 1088K,   0% used [0x00000000e1880000, 0x00000000e1880000, 0x00000000e1990000)
 concurrent mark-sweep generation total 118492K, used 67272K [0x00000000eb4a0000, 0x00000000f2857000, 0x0000000100000000)
 Metaspace       used 95659K, capacity 99873K, committed 100352K, reserved 1136640K
  class space    used 11667K, capacity 12445K, committed 12544K, reserved 1048576K
2019-06-25T03:18:17.548+0000: 327917.457: [GC (Allocation Failure) 2019-06-25T03:18:17.548+0000: 327917.458: [ParNew: 9286K->772K(9792K), 0.0050089 secs] 76559K->68044K(128284K), 0.0061075 secs] [Times: user=0.00 sys=0.01, real=0.01 secs] 
Heap after GC invocations=4816 (full 139):
 par new generation   total 9792K, used 772K [0x00000000e1000000, 0x00000000e1aa0000, 0x00000000eb4a0000)
  eden space 8704K,   0% used [0x00000000e1000000, 0x00000000e1000000, 0x00000000e1880000)
  from space 1088K,  70% used [0x00000000e1880000, 0x00000000e1941060, 0x00000000e1990000)
  to   space 1088K,   0% used [0x00000000e1990000, 0x00000000e1990000, 0x00000000e1aa0000)
 concurrent mark-sweep generation total 118492K, used 67272K [0x00000000eb4a0000, 0x00000000f2857000, 0x0000000100000000)
 Metaspace       used 95659K, capacity 99873K, committed 100352K, reserved 1136640K
  class space    used 11667K, capacity 12445K, committed 12544K, reserved 1048576K
}
2019-06-25T03:20:01.183+0000: 328021.092: Application time: 103.6279431 seconds
{Heap before GC invocations=4816 (full 139):
 par new generation   total 9792K, used 9476K [0x00000000e1000000, 0x00000000e1aa0000, 0x00000000eb4a0000)
  eden space 8704K, 100% used [0x00000000e1000000, 0x00000000e1880000, 0x00000000e1880000)
  from space 1088K,  70% used [0x00000000e1880000, 0x00000000e1941060, 0x00000000e1990000)
  to   space 1088K,   0% used [0x00000000e1990000, 0x00000000e1990000, 0x00000000e1aa0000)
 concurrent mark-sweep generation total 118492K, used 67272K [0x00000000eb4a0000, 0x00000000f2857000, 0x0000000100000000)
 Metaspace       used 95659K, capacity 99873K, committed 100352K, reserved 1136640K
  class space    used 11667K, capacity 12445K, committed 12544K, reserved 1048576K
2019-06-25T03:20:01.184+0000: 328021.093: [GC (Allocation Failure) 2019-06-25T03:20:01.184+0000: 328021.094: [ParNew: 9476K->707K(9792K), 0.0036107 secs] 76748K->68145K(128284K), 0.0043123 secs] [Times: user=0.01 sys=0.00, real=0.01 secs] 
Heap after GC invocations=4817 (full 139):
 par new generation   total 9792K, used 707K [0x00000000e1000000, 0x00000000e1aa0000, 0x00000000eb4a0000)
  eden space 8704K,   0% used [0x00000000e1000000, 0x00000000e1000000, 0x00000000e1880000)
  from space 1088K,  64% used [0x00000000e1990000, 0x00000000e1a40c28, 0x00000000e1aa0000)
  to   space 1088K,   0% used [0x00000000e1880000, 0x00000000e1880000, 0x00000000e1990000)
 concurrent mark-sweep generation total 118492K, used 67438K [0x00000000eb4a0000, 0x00000000f2857000, 0x0000000100000000)
 Metaspace       used 95659K, capacity 99873K, committed 100352K, reserved 1136640K
  class space    used 11667K, capacity 12445K, committed 12544K, reserved 1048576K
}
2019-06-25T03:20:31.192+0000: 328051.102: Application time: 30.0037431 seconds
2019-06-25T03:20:31.193+0000: 328051.103: Application time: 0.0003167 seconds
2019-06-25T03:20:31.193+0000: 328051.103: Application time: 0.0000701 seconds
2019-06-25T03:20:31.194+0000: 328051.104: Application time: 0.0004989 seconds
2019-06-25T03:20:31.196+0000: 328051.106: Application time: 0.0003590 seconds
2019-06-25T03:21:22.567+0000: 328102.477: Application time: 51.3710006 seconds
2019-06-25T03:21:41.313+0000: 328121.222: Application time: 18.7451140 seconds
{Heap before GC invocations=4817 (full 139):
 par new generation   total 9792K, used 9411K [0x00000000e1000000, 0x00000000e1aa0000, 0x00000000eb4a0000)
  eden space 8704K, 100% used [0x00000000e1000000, 0x00000000e1880000, 0x00000000e1880000)
  from space 1088K,  64% used [0x00000000e1990000, 0x00000000e1a40c28, 0x00000000e1aa0000)
  to   space 1088K,   0% used [0x00000000e1880000, 0x00000000e1880000, 0x00000000e1990000)
 concurrent mark-sweep generation total 118492K, used 67438K [0x00000000eb4a0000, 0x00000000f2857000, 0x0000000100000000)
 Metaspace       used 95663K, capacity 99885K, committed 100352K, reserved 1136640K
  class space    used 11668K, capacity 12447K, committed 12544K, reserved 1048576K
2019-06-25T03:21:41.313+0000: 328121.223: [GC (Allocation Failure) 2019-06-25T03:21:41.313+0000: 328121.223: [ParNew: 9411K->628K(9792K), 0.0034036 secs] 76849K->68067K(128284K), 0.0041756 secs] [Times: user=0.00 sys=0.01, real=0.00 secs] 
Heap after GC invocations=4818 (full 139):
 par new generation   total 9792K, used 628K [0x00000000e1000000, 0x00000000e1aa0000, 0x00000000eb4a0000)
  eden space 8704K,   0% used [0x00000000e1000000, 0x00000000e1000000, 0x00000000e1880000)
  from space 1088K,  57% used [0x00000000e1880000, 0x00000000e191d338, 0x00000000e1990000)
  to   space 1088K,   0% used [0x00000000e1990000, 0x00000000e1990000, 0x00000000e1aa0000)
 concurrent mark-sweep generation total 118492K, used 67438K [0x00000000eb4a0000, 0x00000000f2857000, 0x0000000100000000)
 Metaspace       used 95663K, capacity 99885K, committed 100352K, reserved 1136640K
  class space    used 11668K, capacity 12447K, committed 12544K, reserved 1048576K
}
2019-06-25T03:23:17.599+0000: 328217.508: Application time: 96.2808755 seconds
{Heap before GC invocations=4818 (full 139):
 par new generation   total 9792K, used 9332K [0x00000000e1000000, 0x00000000e1aa0000, 0x00000000eb4a0000)
  eden space 8704K, 100% used [0x00000000e1000000, 0x00000000e1880000, 0x00000000e1880000)
  from space 1088K,  57% used [0x00000000e1880000, 0x00000000e191d338, 0x00000000e1990000)
  to   space 1088K,   0% used [0x00000000e1990000, 0x00000000e1990000, 0x00000000e1aa0000)
 concurrent mark-sweep generation total 118492K, used 67438K [0x00000000eb4a0000, 0x00000000f2857000, 0x0000000100000000)
 Metaspace       used 95663K, capacity 99885K, committed 100352K, reserved 1136640K
  class space    used 11668K, capacity 12447K, committed 12544K, reserved 1048576K
2019-06-25T03:23:17.603+0000: 328217.512: [GC (Allocation Failure) 2019-06-25T03:23:17.603+0000: 328217.513: [ParNew: 9332K->556K(9792K), 0.0041345 secs] 76771K->68071K(128284K), 0.0049919 secs] [Times: user=0.00 sys=0.01, real=0.00 secs] 
Heap after GC invocations=4819 (full 139):
 par new generation   total 9792K, used 556K [0x00000000e1000000, 0x00000000e1aa0000, 0x00000000eb4a0000)
  eden space 8704K,   0% used [0x00000000e1000000, 0x00000000e1000000, 0x00000000e1880000)
  from space 1088K,  51% used [0x00000000e1990000, 0x00000000e1a1b2a8, 0x00000000e1aa0000)
  to   space 1088K,   0% used [0x00000000e1880000, 0x00000000e1880000, 0x00000000e1990000)
 concurrent mark-sweep generation total 118492K, used 67514K [0x00000000eb4a0000, 0x00000000f2857000, 0x0000000100000000)
 Metaspace       used 95663K, capacity 99885K, committed 100352K, reserved 1136640K
  class space    used 11668K, capacity 12447K, committed 12544K, reserved 1048576K
}
2019-06-25T03:25:04.450+0000: 328324.359: Application time: 106.8412095 seconds
{Heap before GC invocations=4819 (full 139):
 par new generation   total 9792K, used 9260K [0x00000000e1000000, 0x00000000e1aa0000, 0x00000000eb4a0000)
  eden space 8704K, 100% used [0x00000000e1000000, 0x00000000e1880000, 0x00000000e1880000)
  from space 1088K,  51% used [0x00000000e1990000, 0x00000000e1a1b2a8, 0x00000000e1aa0000)
  to   space 1088K,   0% used [0x00000000e1880000, 0x00000000e1880000, 0x00000000e1990000)
 concurrent mark-sweep generation total 118492K, used 67514K [0x00000000eb4a0000, 0x00000000f2857000, 0x0000000100000000)
 Metaspace       used 95663K, capacity 99885K, committed 100352K, reserved 1136640K
  class space    used 11668K, capacity 12447K, committed 12544K, reserved 1048576K
2019-06-25T03:25:04.450+0000: 328324.360: [GC (Allocation Failure) 2019-06-25T03:25:04.451+0000: 328324.360: [ParNew: 9260K->615K(9792K), 0.0035429 secs] 76775K->68130K(128284K), 0.0043963 secs] [Times: user=0.01 sys=0.00, real=0.00 secs] 
Heap after GC invocations=4820 (full 139):
 par new generation   total 9792K, used 615K [0x00000000e1000000, 0x00000000e1aa0000, 0x00000000eb4a0000)
  eden space 8704K,   0% used [0x00000000e1000000, 0x00000000e1000000, 0x00000000e1880000)
  from space 1088K,  56% used [0x00000000e1880000, 0x00000000e1919f78, 0x00000000e1990000)
  to   space 1088K,   0% used [0x00000000e1990000, 0x00000000e1990000, 0x00000000e1aa0000)
 concurrent mark-sweep generation total 118492K, used 67514K [0x00000000eb4a0000, 0x00000000f2857000, 0x0000000100000000)
 Metaspace       used 95663K, capacity 99885K, committed 100352K, reserved 1136640K
  class space    used 11668K, capacity 12447K, committed 12544K, reserved 1048576K
}
2019-06-25T03:26:21.629+0000: 328401.539: Application time: 77.1731319 seconds
2019-06-25T03:26:42.545+0000: 328422.455: Application time: 20.9156692 seconds
{Heap before GC invocations=4820 (full 139):
 par new generation   total 9792K, used 9319K [0x00000000e1000000, 0x00000000e1aa0000, 0x00000000eb4a0000)
  eden space 8704K, 100% used [0x00000000e1000000, 0x00000000e1880000, 0x00000000e1880000)
  from space 1088K,  56% used [0x00000000e1880000, 0x00000000e1919f78, 0x00000000e1990000)
  to   space 1088K,   0% used [0x00000000e1990000, 0x00000000e1990000, 0x00000000e1aa0000)
 concurrent mark-sweep generation total 118492K, used 67514K [0x00000000eb4a0000, 0x00000000f2857000, 0x0000000100000000)
 Metaspace       used 95663K, capacity 99885K, committed 100352K, reserved 1136640K
  class space    used 11668K, capacity 12447K, committed 12544K, reserved 1048576K
2019-06-25T03:26:42.546+0000: 328422.456: [GC (Allocation Failure) 2019-06-25T03:26:42.546+0000: 328422.456: [ParNew: 9319K->704K(9792K), 0.0037493 secs] 76834K->68219K(128284K), 0.0045815 secs] [Times: user=0.01 sys=0.00, real=0.01 secs] 
Heap after GC invocations=4821 (full 139):
 par new generation   total 9792K, used 704K [0x00000000e1000000, 0x00000000e1aa0000, 0x00000000eb4a0000)
  eden space 8704K,   0% used [0x00000000e1000000, 0x00000000e1000000, 0x00000000e1880000)
  from space 1088K,  64% used [0x00000000e1990000, 0x00000000e1a403d8, 0x00000000e1aa0000)
  to   space 1088K,   0% used [0x00000000e1880000, 0x00000000e1880000, 0x00000000e1990000)
 concurrent mark-sweep generation total 118492K, used 67514K [0x00000000eb4a0000, 0x00000000f2857000, 0x0000000100000000)
 Metaspace       used 95663K, capacity 99885K, committed 100352K, reserved 1136640K
  class space    used 11668K, capacity 12447K, committed 12544K, reserved 1048576K
}
2019-06-25T03:28:11.565+0000: 328511.475: Application time: 89.0135741 seconds
2019-06-25T03:28:20.658+0000: 328520.568: Application time: 9.0924687 seconds
{Heap before GC invocations=4821 (full 139):
 par new generation   total 9792K, used 9408K [0x00000000e1000000, 0x00000000e1aa0000, 0x00000000eb4a0000)
  eden space 8704K, 100% used [0x00000000e1000000, 0x00000000e1880000, 0x00000000e1880000)
  from space 1088K,  64% used [0x00000000e1990000, 0x00000000e1a403d8, 0x00000000e1aa0000)
  to   space 1088K,   0% used [0x00000000e1880000, 0x00000000e1880000, 0x00000000e1990000)
 concurrent mark-sweep generation total 118492K, used 67514K [0x00000000eb4a0000, 0x00000000f2857000, 0x0000000100000000)
 Metaspace       used 95663K, capacity 99885K, committed 100352K, reserved 1136640K
  class space    used 11668K, capacity 12447K, committed 12544K, reserved 1048576K
2019-06-25T03:28:20.659+0000: 328520.568: [GC (Allocation Failure) 2019-06-25T03:28:20.659+0000: 328520.569: [ParNew: 9408K->758K(9792K), 0.0040416 secs] 76923K->68273K(128284K), 0.0048792 secs] [Times: user=0.00 sys=0.01, real=0.00 secs] 
Heap after GC invocations=4822 (full 139):
 par new generation   total 9792K, used 758K [0x00000000e1000000, 0x00000000e1aa0000, 0x00000000eb4a0000)
  eden space 8704K,   0% used [0x00000000e1000000, 0x00000000e1000000, 0x00000000e1880000)
  from space 1088K,  69% used [0x00000000e1880000, 0x00000000e193dbf0, 0x00000000e1990000)
  to   space 1088K,   0% used [0x00000000e1990000, 0x00000000e1990000, 0x00000000e1aa0000)
 concurrent mark-sweep generation total 118492K, used 67514K [0x00000000eb4a0000, 0x00000000f2857000, 0x0000000100000000)
 Metaspace       used 95663K, capacity 99885K, committed 100352K, reserved 1136640K
  class space    used 11668K, capacity 12447K, committed 12544K, reserved 1048576K
}
2019-06-25T03:29:10.672+0000: 328570.582: Application time: 50.0077953 seconds
2019-06-25T03:30:05.402+0000: 328625.312: Application time: 54.7294894 seconds
{Heap before GC invocations=4822 (full 139):
 par new generation   total 9792K, used 9462K [0x00000000e1000000, 0x00000000e1aa0000, 0x00000000eb4a0000)
  eden space 8704K, 100% used [0x00000000e1000000, 0x00000000e1880000, 0x00000000e1880000)
  from space 1088K,  69% used [0x00000000e1880000, 0x00000000e193dbf0, 0x00000000e1990000)
  to   space 1088K,   0% used [0x00000000e1990000, 0x00000000e1990000, 0x00000000e1aa0000)
 concurrent mark-sweep generation total 118492K, used 67514K [0x00000000eb4a0000, 0x00000000f2857000, 0x0000000100000000)
 Metaspace       used 95663K, capacity 99885K, committed 100352K, reserved 1136640K
  class space    used 11668K, capacity 12447K, committed 12544K, reserved 1048576K
2019-06-25T03:30:05.403+0000: 328625.313: [GC (Allocation Failure) 2019-06-25T03:30:05.403+0000: 328625.313: [ParNew: 9462K->594K(9792K), 0.0032713 secs] 76977K->68109K(128284K), 0.0040221 secs] [Times: user=0.00 sys=0.00, real=0.00 secs] 
Heap after GC invocations=4823 (full 139):
 par new generation   total 9792K, used 594K [0x00000000e1000000, 0x00000000e1aa0000, 0x00000000eb4a0000)
  eden space 8704K,   0% used [0x00000000e1000000, 0x00000000e1000000, 0x00000000e1880000)
  from space 1088K,  54% used [0x00000000e1990000, 0x00000000e1a24990, 0x00000000e1aa0000)
  to   space 1088K,   0% used [0x00000000e1880000, 0x00000000e1880000, 0x00000000e1990000)
 concurrent mark-sweep generation total 118492K, used 67514K [0x00000000eb4a0000, 0x00000000f2857000, 0x0000000100000000)
 Metaspace       used 95663K, capacity 99885K, committed 100352K, reserved 1136640K
  class space    used 11668K, capacity 12447K, committed 12544K, reserved 1048576K
}
2019-06-25T03:30:17.612+0000: 328637.522: Application time: 12.2049106 seconds
2019-06-25T03:30:17.614+0000: 328637.524: Application time: 0.0017114 seconds
2019-06-25T03:30:17.644+0000: 328637.553: Application time: 0.0288964 seconds
2019-06-25T03:30:17.645+0000: 328637.555: Application time: 0.0015485 seconds
2019-06-25T03:31:21.616+0000: 328701.526: Application time: 63.9703439 seconds
2019-06-25T03:31:37.056+0000: 328716.966: Application time: 15.4396956 seconds
{Heap before GC invocations=4823 (full 139):
 par new generation   total 9792K, used 9280K [0x00000000e1000000, 0x00000000e1aa0000, 0x00000000eb4a0000)
  eden space 8704K,  99% used [0x00000000e1000000, 0x00000000e187b958, 0x00000000e1880000)
  from space 1088K,  54% used [0x00000000e1990000, 0x00000000e1a24990, 0x00000000e1aa0000)
  to   space 1088K,   0% used [0x00000000e1880000, 0x00000000e1880000, 0x00000000e1990000)
 concurrent mark-sweep generation total 118492K, used 67514K [0x00000000eb4a0000, 0x00000000f2857000, 0x0000000100000000)
 Metaspace       used 95663K, capacity 99885K, committed 100352K, reserved 1136640K
  class space    used 11668K, capacity 12447K, committed 12544K, reserved 1048576K
2019-06-25T03:31:37.057+0000: 328716.967: [GC (Allocation Failure) 2019-06-25T03:31:37.057+0000: 328716.967: [ParNew: 9280K->835K(9792K), 0.0089893 secs] 76795K->68351K(128284K), 0.0100303 secs] [Times: user=0.01 sys=0.00, real=0.01 secs] 
Heap after GC invocations=4824 (full 139):
 par new generation   total 9792K, used 835K [0x00000000e1000000, 0x00000000e1aa0000, 0x00000000eb4a0000)
  eden space 8704K,   0% used [0x00000000e1000000, 0x00000000e1000000, 0x00000000e1880000)
  from space 1088K,  76% used [0x00000000e1880000, 0x00000000e1950f70, 0x00000000e1990000)
  to   space 1088K,   0% used [0x00000000e1990000, 0x00000000e1990000, 0x00000000e1aa0000)
 concurrent mark-sweep generation total 118492K, used 67515K [0x00000000eb4a0000, 0x00000000f2857000, 0x0000000100000000)
 Metaspace       used 95663K, capacity 99885K, committed 100352K, reserved 1136640K
  class space    used 11668K, capacity 12447K, committed 12544K, reserved 1048576K
}
2019-06-25T03:31:37.886+0000: 328717.796: Application time: 0.8180274 seconds
2019-06-25T03:31:37.886+0000: 328717.796: Application time: 0.0000673 seconds
2019-06-25T03:31:37.887+0000: 328717.796: Application time: 0.0000723 seconds
2019-06-25T03:31:37.887+0000: 328717.797: Application time: 0.0000602 seconds
2019-06-25T03:31:37.887+0000: 328717.797: Application time: 0.0000727 seconds
2019-06-25T03:31:42.054+0000: 328721.963: Application time: 4.1661320 seconds
2019-06-25T03:31:42.100+0000: 328722.010: Application time: 0.0458343 seconds
2019-06-25T03:32:09.606+0000: 328749.516: Application time: 27.5053741 seconds
2019-06-25T03:32:59.208+0000: 328799.117: Application time: 49.6008893 seconds
{Heap before GC invocations=4824 (full 139):
 par new generation   total 9792K, used 9525K [0x00000000e1000000, 0x00000000e1aa0000, 0x00000000eb4a0000)
  eden space 8704K,  99% used [0x00000000e1000000, 0x00000000e187c7d8, 0x00000000e1880000)
  from space 1088K,  76% used [0x00000000e1880000, 0x00000000e1950f70, 0x00000000e1990000)
  to   space 1088K,   0% used [0x00000000e1990000, 0x00000000e1990000, 0x00000000e1aa0000)
 concurrent mark-sweep generation total 118492K, used 67515K [0x00000000eb4a0000, 0x00000000f2857000, 0x0000000100000000)
 Metaspace       used 95667K, capacity 99891K, committed 100352K, reserved 1136640K
  class space    used 11669K, capacity 12448K, committed 12544K, reserved 1048576K
2019-06-25T03:32:59.212+0000: 328799.122: [GC (Allocation Failure) 2019-06-25T03:32:59.213+0000: 328799.122: [ParNew: 9525K->1088K(9792K), 0.0072091 secs] 77041K->68747K(128284K), 0.0088665 secs] [Times: user=0.01 sys=0.00, real=0.01 secs] 
Heap after GC invocations=4825 (full 139):
 par new generation   total 9792K, used 1088K [0x00000000e1000000, 0x00000000e1aa0000, 0x00000000eb4a0000)
  eden space 8704K,   0% used [0x00000000e1000000, 0x00000000e1000000, 0x00000000e1880000)
  from space 1088K, 100% used [0x00000000e1990000, 0x00000000e1aa0000, 0x00000000e1aa0000)
  to   space 1088K,   0% used [0x00000000e1880000, 0x00000000e1880000, 0x00000000e1990000)
 concurrent mark-sweep generation total 118492K, used 67659K [0x00000000eb4a0000, 0x00000000f2857000, 0x0000000100000000)
 Metaspace       used 95667K, capacity 99891K, committed 100352K, reserved 1136640K
  class space    used 11669K, capacity 12448K, committed 12544K, reserved 1048576K
}
2019-06-25T03:32:59.989+0000: 328799.898: Application time: 0.7661184 seconds
2019-06-25T03:32:59.989+0000: 328799.899: Application time: 0.0001178 seconds
2019-06-25T03:32:59.989+0000: 328799.899: Application time: 0.0000869 seconds
2019-06-25T03:32:59.990+0000: 328799.900: Application time: 0.0002408 seconds
2019-06-25T03:32:59.991+0000: 328799.900: Application time: 0.0001034 seconds
2019-06-25T03:32:59.991+0000: 328799.901: Application time: 0.0002213 seconds
2019-06-25T03:32:59.991+0000: 328799.901: Application time: 0.0000797 seconds
2019-06-25T03:32:59.992+0000: 328799.901: Application time: 0.0000817 seconds
2019-06-25T03:32:59.992+0000: 328799.902: Application time: 0.0000811 seconds
2019-06-25T03:32:59.992+0000: 328799.902: Application time: 0.0001039 seconds
2019-06-25T03:32:59.992+0000: 328799.902: Application time: 0.0001212 seconds
2019-06-25T03:32:59.993+0000: 328799.903: Application time: 0.0002286 seconds
2019-06-25T03:33:04.204+0000: 328804.114: Application time: 4.2112641 seconds
2019-06-25T03:33:04.251+0000: 328804.160: Application time: 0.0458968 seconds
2019-06-25T03:33:09.611+0000: 328809.521: Application time: 5.3603751 seconds
2019-06-25T03:33:40.035+0000: 328839.944: Application time: 30.4226489 seconds
2019-06-25T03:33:40.035+0000: 328839.945: Application time: 0.0000527 seconds
2019-06-25T03:33:40.035+0000: 328839.945: Application time: 0.0005182 seconds
2019-06-25T03:33:40.036+0000: 328839.946: Application time: 0.0000603 seconds
2019-06-25T03:33:40.036+0000: 328839.946: Application time: 0.0000555 seconds
2019-06-25T03:33:40.036+0000: 328839.946: Application time: 0.0000637 seconds
2019-06-25T03:33:40.036+0000: 328839.946: Application time: 0.0000583 seconds
2019-06-25T03:33:40.037+0000: 328839.946: Application time: 0.0001204 seconds
2019-06-25T03:33:40.037+0000: 328839.947: Application time: 0.0001317 seconds
2019-06-25T03:33:44.399+0000: 328844.309: Application time: 4.3620689 seconds
2019-06-25T03:33:44.441+0000: 328844.351: Application time: 0.0420726 seconds
2019-06-25T03:33:51.051+0000: 328850.961: Application time: 6.6094032 seconds
{Heap before GC invocations=4825 (full 139):
 par new generation   total 9792K, used 9792K [0x00000000e1000000, 0x00000000e1aa0000, 0x00000000eb4a0000)
  eden space 8704K, 100% used [0x00000000e1000000, 0x00000000e1880000, 0x00000000e1880000)
  from space 1088K, 100% used [0x00000000e1990000, 0x00000000e1aa0000, 0x00000000e1aa0000)
  to   space 1088K,   0% used [0x00000000e1880000, 0x00000000e1880000, 0x00000000e1990000)
 concurrent mark-sweep generation total 118492K, used 67659K [0x00000000eb4a0000, 0x00000000f2857000, 0x0000000100000000)
 Metaspace       used 95670K, capacity 99897K, committed 100352K, reserved 1136640K
  class space    used 11669K, capacity 12449K, committed 12544K, reserved 1048576K
2019-06-25T03:33:51.054+0000: 328850.963: [GC (Allocation Failure) 2019-06-25T03:33:51.054+0000: 328850.964: [ParNew: 9792K->822K(9792K), 0.0040001 secs] 77451K->68482K(128284K), 0.0048803 secs] [Times: user=0.00 sys=0.01, real=0.01 secs] 
Heap after GC invocations=4826 (full 139):
 par new generation   total 9792K, used 822K [0x00000000e1000000, 0x00000000e1aa0000, 0x00000000eb4a0000)
  eden space 8704K,   0% used [0x00000000e1000000, 0x00000000e1000000, 0x00000000e1880000)
  from space 1088K,  75% used [0x00000000e1880000, 0x00000000e194dba0, 0x00000000e1990000)
  to   space 1088K,   0% used [0x00000000e1990000, 0x00000000e1990000, 0x00000000e1aa0000)
 concurrent mark-sweep generation total 118492K, used 67659K [0x00000000eb4a0000, 0x00000000f2857000, 0x0000000100000000)
 Metaspace       used 95670K, capacity 99897K, committed 100352K, reserved 1136640K
  class space    used 11669K, capacity 12449K, committed 12544K, reserved 1048576K
}
2019-06-25T03:34:01.312+0000: 328861.222: Application time: 10.2528194 seconds
2019-06-25T03:34:09.615+0000: 328869.525: Application time: 8.3024750 seconds
2019-06-25T03:34:27.104+0000: 328887.014: Application time: 17.4888498 seconds
2019-06-25T03:34:27.105+0000: 328887.014: Application time: 0.0000986 seconds
2019-06-25T03:34:27.106+0000: 328887.016: Application time: 0.0001279 seconds
2019-06-25T03:34:27.106+0000: 328887.016: Application time: 0.0001270 seconds
2019-06-25T03:34:27.107+0000: 328887.016: Application time: 0.0001151 seconds
2019-06-25T03:34:27.107+0000: 328887.017: Application time: 0.0007183 seconds
2019-06-25T03:34:27.108+0000: 328887.018: Application time: 0.0001348 seconds
2019-06-25T03:34:27.108+0000: 328887.018: Application time: 0.0001262 seconds
2019-06-25T03:34:27.109+0000: 328887.018: Application time: 0.0002906 seconds
2019-06-25T03:34:27.109+0000: 328887.019: Application time: 0.0001496 seconds
2019-06-25T03:34:31.884+0000: 328891.794: Application time: 4.7751293 seconds
2019-06-25T03:34:31.909+0000: 328891.819: Application time: 0.0250295 seconds
2019-06-25T03:35:05.540+0000: 328925.449: Application time: 33.6298089 seconds
2019-06-25T03:35:11.393+0000: 328931.303: Application time: 5.8532953 seconds
{Heap before GC invocations=4826 (full 139):
 par new generation   total 9792K, used 9526K [0x00000000e1000000, 0x00000000e1aa0000, 0x00000000eb4a0000)
  eden space 8704K, 100% used [0x00000000e1000000, 0x00000000e1880000, 0x00000000e1880000)
  from space 1088K,  75% used [0x00000000e1880000, 0x00000000e194dba0, 0x00000000e1990000)
  to   space 1088K,   0% used [0x00000000e1990000, 0x00000000e1990000, 0x00000000e1aa0000)
 concurrent mark-sweep generation total 118492K, used 67659K [0x00000000eb4a0000, 0x00000000f2857000, 0x0000000100000000)
 Metaspace       used 95670K, capacity 99897K, committed 100352K, reserved 1136640K
  class space    used 11669K, capacity 12449K, committed 12544K, reserved 1048576K
2019-06-25T03:35:11.394+0000: 328931.304: [GC (Allocation Failure) 2019-06-25T03:35:11.395+0000: 328931.304: [ParNew: 9526K->697K(9792K), 0.0047806 secs] 77186K->68670K(128284K), 0.0057837 secs] [Times: user=0.01 sys=0.00, real=0.01 secs] 
Heap after GC invocations=4827 (full 139):
 par new generation   total 9792K, used 697K [0x00000000e1000000, 0x00000000e1aa0000, 0x00000000eb4a0000)
  eden space 8704K,   0% used [0x00000000e1000000, 0x00000000e1000000, 0x00000000e1880000)
  from space 1088K,  64% used [0x00000000e1990000, 0x00000000e1a3e6e8, 0x00000000e1aa0000)
  to   space 1088K,   0% used [0x00000000e1880000, 0x00000000e1880000, 0x00000000e1990000)
 concurrent mark-sweep generation total 118492K, used 67972K [0x00000000eb4a0000, 0x00000000f2857000, 0x0000000100000000)
 Metaspace       used 95670K, capacity 99897K, committed 100352K, reserved 1136640K
  class space    used 11669K, capacity 12449K, committed 12544K, reserved 1048576K
}
2019-06-25T03:35:29.167+0000: 328949.077: Application time: 17.7663972 seconds
2019-06-25T03:35:29.168+0000: 328949.077: Application time: 0.0000723 seconds
2019-06-25T03:35:29.168+0000: 328949.078: Application time: 0.0000597 seconds
2019-06-25T03:35:29.168+0000: 328949.078: Application time: 0.0000319 seconds
2019-06-25T03:35:29.169+0000: 328949.079: Application time: 0.0000657 seconds
2019-06-25T03:35:29.169+0000: 328949.079: Application time: 0.0000665 seconds
2019-06-25T03:35:29.169+0000: 328949.079: Application time: 0.0000656 seconds
2019-06-25T03:35:29.169+0000: 328949.079: Application time: 0.0000685 seconds
2019-06-25T03:35:29.170+0000: 328949.079: Application time: 0.0001360 seconds
2019-06-25T03:35:29.170+0000: 328949.080: Application time: 0.0001362 seconds
2019-06-25T03:35:33.405+0000: 328953.315: Application time: 4.2351128 seconds
2019-06-25T03:35:33.430+0000: 328953.340: Application time: 0.0248356 seconds
2019-06-25T03:36:09.624+0000: 328989.534: Application time: 36.1933783 seconds
2019-06-25T03:36:21.684+0000: 329001.594: Application time: 12.0594595 seconds
2019-06-25T03:36:22.481+0000: 329002.391: Application time: 0.7972225 seconds
{Heap before GC invocations=4827 (full 139):
 par new generation   total 9792K, used 9401K [0x00000000e1000000, 0x00000000e1aa0000, 0x00000000eb4a0000)
  eden space 8704K, 100% used [0x00000000e1000000, 0x00000000e1880000, 0x00000000e1880000)
  from space 1088K,  64% used [0x00000000e1990000, 0x00000000e1a3e6e8, 0x00000000e1aa0000)
  to   space 1088K,   0% used [0x00000000e1880000, 0x00000000e1880000, 0x00000000e1990000)
 concurrent mark-sweep generation total 118492K, used 67972K [0x00000000eb4a0000, 0x00000000f2857000, 0x0000000100000000)
 Metaspace       used 95670K, capacity 99897K, committed 100352K, reserved 1136640K
  class space    used 11669K, capacity 12449K, committed 12544K, reserved 1048576K
2019-06-25T03:36:22.482+0000: 329002.392: [GC (Allocation Failure) 2019-06-25T03:36:22.482+0000: 329002.392: [ParNew: 9401K->658K(9792K), 0.0033840 secs] 77374K->68799K(128284K), 0.0042310 secs] [Times: user=0.00 sys=0.01, real=0.00 secs] 
Heap after GC invocations=4828 (full 139):
 par new generation   total 9792K, used 658K [0x00000000e1000000, 0x00000000e1aa0000, 0x00000000eb4a0000)
  eden space 8704K,   0% used [0x00000000e1000000, 0x00000000e1000000, 0x00000000e1880000)
  from space 1088K,  60% used [0x00000000e1880000, 0x00000000e1924b80, 0x00000000e1990000)
  to   space 1088K,   0% used [0x00000000e1990000, 0x00000000e1990000, 0x00000000e1aa0000)
 concurrent mark-sweep generation total 118492K, used 68140K [0x00000000eb4a0000, 0x00000000f2857000, 0x0000000100000000)
 Metaspace       used 95670K, capacity 99897K, committed 100352K, reserved 1136640K
  class space    used 11669K, capacity 12449K, committed 12544K, reserved 1048576K
}
2019-06-25T03:36:30.227+0000: 329010.136: Application time: 7.7394209 seconds
2019-06-25T03:36:30.230+0000: 329010.139: Application time: 0.0003592 seconds
2019-06-25T03:36:30.230+0000: 329010.140: Application time: 0.0000312 seconds
2019-06-25T03:36:30.230+0000: 329010.140: Application time: 0.0000686 seconds
2019-06-25T03:36:30.233+0000: 329010.142: Application time: 0.0000883 seconds
2019-06-25T03:36:30.233+0000: 329010.143: Application time: 0.0000582 seconds
2019-06-25T03:36:30.233+0000: 329010.143: Application time: 0.0000607 seconds
2019-06-25T03:36:30.233+0000: 329010.143: Application time: 0.0000612 seconds
2019-06-25T03:36:30.234+0000: 329010.143: Application time: 0.0001403 seconds
2019-06-25T03:36:30.234+0000: 329010.144: Application time: 0.0000861 seconds
2019-06-25T03:36:35.429+0000: 329015.338: Application time: 5.1946592 seconds
2019-06-25T03:36:35.451+0000: 329015.361: Application time: 0.0219593 seconds
2019-06-25T03:36:39.240+0000: 329019.150: Application time: 3.7892123 seconds
2019-06-25T03:36:39.241+0000: 329019.150: Application time: 0.0000654 seconds
2019-06-25T03:36:39.241+0000: 329019.151: Application time: 0.0000613 seconds
2019-06-25T03:36:39.241+0000: 329019.151: Application time: 0.0000625 seconds
2019-06-25T03:36:39.241+0000: 329019.151: Application time: 0.0000605 seconds
2019-06-25T03:36:39.241+0000: 329019.152: Application time: 0.0005306 seconds
2019-06-25T03:36:39.242+0000: 329019.152: Application time: 0.0000651 seconds
2019-06-25T03:36:39.242+0000: 329019.152: Application time: 0.0000622 seconds
2019-06-25T03:36:39.243+0000: 329019.153: Application time: 0.0001401 seconds
2019-06-25T03:36:39.243+0000: 329019.153: Application time: 0.0001404 seconds
2019-06-25T03:37:05.540+0000: 329045.449: Application time: 26.2963811 seconds
2019-06-25T03:37:17.144+0000: 329057.053: Application time: 11.6037765 seconds
{Heap before GC invocations=4828 (full 139):
 par new generation   total 9792K, used 9362K [0x00000000e1000000, 0x00000000e1aa0000, 0x00000000eb4a0000)
  eden space 8704K, 100% used [0x00000000e1000000, 0x00000000e1880000, 0x00000000e1880000)
  from space 1088K,  60% used [0x00000000e1880000, 0x00000000e1924b80, 0x00000000e1990000)
  to   space 1088K,   0% used [0x00000000e1990000, 0x00000000e1990000, 0x00000000e1aa0000)
 concurrent mark-sweep generation total 118492K, used 68140K [0x00000000eb4a0000, 0x00000000f2857000, 0x0000000100000000)
 Metaspace       used 95689K, capacity 99927K, committed 100352K, reserved 1136640K
  class space    used 11672K, capacity 12454K, committed 12544K, reserved 1048576K
2019-06-25T03:37:17.145+0000: 329057.054: [GC (Allocation Failure) 2019-06-25T03:37:17.145+0000: 329057.055: [ParNew: 9362K->887K(9792K), 0.0045816 secs] 77503K->69244K(128284K), 0.0056167 secs] [Times: user=0.01 sys=0.00, real=0.01 secs] 
Heap after GC invocations=4829 (full 139):
 par new generation   total 9792K, used 887K [0x00000000e1000000, 0x00000000e1aa0000, 0x00000000eb4a0000)
  eden space 8704K,   0% used [0x00000000e1000000, 0x00000000e1000000, 0x00000000e1880000)
  from space 1088K,  81% used [0x00000000e1990000, 0x00000000e1a6dca8, 0x00000000e1aa0000)
  to   space 1088K,   0% used [0x00000000e1880000, 0x00000000e1880000, 0x00000000e1990000)
 concurrent mark-sweep generation total 118492K, used 68356K [0x00000000eb4a0000, 0x00000000f2857000, 0x0000000100000000)
 Metaspace       used 95689K, capacity 99927K, committed 100352K, reserved 1136640K
  class space    used 11672K, capacity 12454K, committed 12544K, reserved 1048576K
}
2019-06-25T03:37:23.287+0000: 329063.197: Application time: 6.1356994 seconds
2019-06-25T03:37:23.289+0000: 329063.199: Application time: 0.0000665 seconds
2019-06-25T03:37:23.290+0000: 329063.199: Application time: 0.0001086 seconds
2019-06-25T03:37:23.290+0000: 329063.200: Application time: 0.0000740 seconds
2019-06-25T03:37:23.291+0000: 329063.201: Application time: 0.0001164 seconds
2019-06-25T03:37:23.292+0000: 329063.201: Application time: 0.0000804 seconds
2019-06-25T03:37:23.292+0000: 329063.202: Application time: 0.0000686 seconds
2019-06-25T03:37:23.292+0000: 329063.202: Application time: 0.0000730 seconds
2019-06-25T03:37:23.292+0000: 329063.202: Application time: 0.0001289 seconds
2019-06-25T03:37:23.293+0000: 329063.203: Application time: 0.0000824 seconds
2019-06-25T03:37:27.649+0000: 329067.559: Application time: 4.3561441 seconds
2019-06-25T03:37:27.681+0000: 329067.591: Application time: 0.0320473 seconds
2019-06-25T03:38:09.634+0000: 329109.544: Application time: 41.9525231 seconds
2019-06-25T03:38:11.475+0000: 329111.385: Application time: 1.8394485 seconds
2019-06-25T03:38:31.349+0000: 329131.259: Application time: 19.8740207 seconds
2019-06-25T03:38:32.905+0000: 329132.815: Application time: 1.5557188 seconds
{Heap before GC invocations=4829 (full 139):
 par new generation   total 9792K, used 9591K [0x00000000e1000000, 0x00000000e1aa0000, 0x00000000eb4a0000)
  eden space 8704K, 100% used [0x00000000e1000000, 0x00000000e1880000, 0x00000000e1880000)
  from space 1088K,  81% used [0x00000000e1990000, 0x00000000e1a6dca8, 0x00000000e1aa0000)
  to   space 1088K,   0% used [0x00000000e1880000, 0x00000000e1880000, 0x00000000e1990000)
 concurrent mark-sweep generation total 118492K, used 68356K [0x00000000eb4a0000, 0x00000000f2857000, 0x0000000100000000)
 Metaspace       used 95689K, capacity 99927K, committed 100352K, reserved 1136640K
  class space    used 11672K, capacity 12454K, committed 12544K, reserved 1048576K
2019-06-25T03:38:32.906+0000: 329132.816: [GC (Allocation Failure) 2019-06-25T03:38:32.907+0000: 329132.817: [ParNew: 9591K->863K(9792K), 0.0038015 secs] 77948K->69366K(128284K), 0.0046988 secs] [Times: user=0.01 sys=0.00, real=0.01 secs] 
Heap after GC invocations=4830 (full 139):
 par new generation   total 9792K, used 863K [0x00000000e1000000, 0x00000000e1aa0000, 0x00000000eb4a0000)
  eden space 8704K,   0% used [0x00000000e1000000, 0x00000000e1000000, 0x00000000e1880000)
  from space 1088K,  79% used [0x00000000e1880000, 0x00000000e1957eb0, 0x00000000e1990000)
  to   space 1088K,   0% used [0x00000000e1990000, 0x00000000e1990000, 0x00000000e1aa0000)
 concurrent mark-sweep generation total 118492K, used 68502K [0x00000000eb4a0000, 0x00000000f2857000, 0x0000000100000000)
 Metaspace       used 95689K, capacity 99927K, committed 100352K, reserved 1136640K
  class space    used 11672K, capacity 12454K, committed 12544K, reserved 1048576K
}
2019-06-25T03:40:13.010+0000: 329232.920: Application time: 100.0983905 seconds
{Heap before GC invocations=4830 (full 139):
 par new generation   total 9792K, used 9567K [0x00000000e1000000, 0x00000000e1aa0000, 0x00000000eb4a0000)
  eden space 8704K, 100% used [0x00000000e1000000, 0x00000000e1880000, 0x00000000e1880000)
  from space 1088K,  79% used [0x00000000e1880000, 0x00000000e1957eb0, 0x00000000e1990000)
  to   space 1088K,   0% used [0x00000000e1990000, 0x00000000e1990000, 0x00000000e1aa0000)
 concurrent mark-sweep generation total 118492K, used 68502K [0x00000000eb4a0000, 0x00000000f2857000, 0x0000000100000000)
 Metaspace       used 95689K, capacity 99927K, committed 100352K, reserved 1136640K
  class space    used 11672K, capacity 12454K, committed 12544K, reserved 1048576K
2019-06-25T03:40:13.011+0000: 329232.921: [GC (Allocation Failure) 2019-06-25T03:40:13.011+0000: 329232.921: [ParNew: 9567K->758K(9792K), 0.0034247 secs] 78070K->69433K(128284K), 0.0041934 secs] [Times: user=0.00 sys=0.01, real=0.00 secs] 
Heap after GC invocations=4831 (full 139):
 par new generation   total 9792K, used 758K [0x00000000e1000000, 0x00000000e1aa0000, 0x00000000eb4a0000)
  eden space 8704K,   0% used [0x00000000e1000000, 0x00000000e1000000, 0x00000000e1880000)
  from space 1088K,  69% used [0x00000000e1990000, 0x00000000e1a4d8d0, 0x00000000e1aa0000)
  to   space 1088K,   0% used [0x00000000e1880000, 0x00000000e1880000, 0x00000000e1990000)
 concurrent mark-sweep generation total 118492K, used 68675K [0x00000000eb4a0000, 0x00000000f2857000, 0x0000000100000000)
 Metaspace       used 95689K, capacity 99927K, committed 100352K, reserved 1136640K
  class space    used 11672K, capacity 12454K, committed 12544K, reserved 1048576K
}
2019-06-25T03:41:04.510+0000: 329284.420: Application time: 51.4943329 seconds
2019-06-25T03:41:04.511+0000: 329284.421: Application time: 0.0000867 seconds
2019-06-25T03:41:04.511+0000: 329284.421: Application time: 0.0001086 seconds
2019-06-25T03:41:04.512+0000: 329284.422: Application time: 0.0000785 seconds
2019-06-25T03:41:04.512+0000: 329284.422: Application time: 0.0000770 seconds
2019-06-25T03:41:04.513+0000: 329284.423: Application time: 0.0000781 seconds
2019-06-25T03:41:04.513+0000: 329284.423: Application time: 0.0001610 seconds
2019-06-25T03:41:04.514+0000: 329284.423: Application time: 0.0000943 seconds
2019-06-25T03:41:08.958+0000: 329288.868: Application time: 4.4443603 seconds
2019-06-25T03:41:08.984+0000: 329288.894: Application time: 0.0251275 seconds
2019-06-25T03:41:09.646+0000: 329289.556: Application time: 0.6619041 seconds
2019-06-25T03:41:09.646+0000: 329289.556: Application time: 0.0000818 seconds
2019-06-25T03:41:09.648+0000: 329289.558: Application time: 0.0015289 seconds
2019-06-25T03:41:21.712+0000: 329301.621: Application time: 12.0634581 seconds
2019-06-25T03:41:27.495+0000: 329307.405: Application time: 5.7834033 seconds
{Heap before GC invocations=4831 (full 139):
 par new generation   total 9792K, used 9462K [0x00000000e1000000, 0x00000000e1aa0000, 0x00000000eb4a0000)
  eden space 8704K, 100% used [0x00000000e1000000, 0x00000000e1880000, 0x00000000e1880000)
  from space 1088K,  69% used [0x00000000e1990000, 0x00000000e1a4d8d0, 0x00000000e1aa0000)
  to   space 1088K,   0% used [0x00000000e1880000, 0x00000000e1880000, 0x00000000e1990000)
 concurrent mark-sweep generation total 118492K, used 68675K [0x00000000eb4a0000, 0x00000000f2857000, 0x0000000100000000)
 Metaspace       used 95689K, capacity 99927K, committed 100352K, reserved 1136640K
  class space    used 11672K, capacity 12454K, committed 12544K, reserved 1048576K
2019-06-25T03:41:27.497+0000: 329307.407: [GC (Allocation Failure) 2019-06-25T03:41:27.498+0000: 329307.407: [ParNew: 9462K->902K(9792K), 0.0066297 secs] 78137K->69577K(128284K), 0.0081755 secs] [Times: user=0.01 sys=0.00, real=0.01 secs] 
Heap after GC invocations=4832 (full 139):
 par new generation   total 9792K, used 902K [0x00000000e1000000, 0x00000000e1aa0000, 0x00000000eb4a0000)
  eden space 8704K,   0% used [0x00000000e1000000, 0x00000000e1000000, 0x00000000e1880000)
  from space 1088K,  82% used [0x00000000e1880000, 0x00000000e1961940, 0x00000000e1990000)
  to   space 1088K,   0% used [0x00000000e1990000, 0x00000000e1990000, 0x00000000e1aa0000)
 concurrent mark-sweep generation total 118492K, used 68675K [0x00000000eb4a0000, 0x00000000f2857000, 0x0000000100000000)
 Metaspace       used 95689K, capacity 99927K, committed 100352K, reserved 1136640K
  class space    used 11672K, capacity 12454K, committed 12544K, reserved 1048576K
}
2019-06-25T03:43:00.473+0000: 329400.383: Application time: 92.9665062 seconds
{Heap before GC invocations=4832 (full 139):
 par new generation   total 9792K, used 9606K [0x00000000e1000000, 0x00000000e1aa0000, 0x00000000eb4a0000)
  eden space 8704K, 100% used [0x00000000e1000000, 0x00000000e1880000, 0x00000000e1880000)
  from space 1088K,  82% used [0x00000000e1880000, 0x00000000e1961940, 0x00000000e1990000)
  to   space 1088K,   0% used [0x00000000e1990000, 0x00000000e1990000, 0x00000000e1aa0000)
 concurrent mark-sweep generation total 118492K, used 68675K [0x00000000eb4a0000, 0x00000000f2857000, 0x0000000100000000)
 Metaspace       used 95689K, capacity 99927K, committed 100352K, reserved 1136640K
  class space    used 11672K, capacity 12454K, committed 12544K, reserved 1048576K
2019-06-25T03:43:00.473+0000: 329400.383: [GC (Allocation Failure) 2019-06-25T03:43:00.474+0000: 329400.383: [ParNew: 9606K->811K(9792K), 0.0039766 secs] 78281K->69725K(128284K), 0.0047605 secs] [Times: user=0.01 sys=0.00, real=0.01 secs] 
Heap after GC invocations=4833 (full 139):
 par new generation   total 9792K, used 811K [0x00000000e1000000, 0x00000000e1aa0000, 0x00000000eb4a0000)
  eden space 8704K,   0% used [0x00000000e1000000, 0x00000000e1000000, 0x00000000e1880000)
  from space 1088K,  74% used [0x00000000e1990000, 0x00000000e1a5aed8, 0x00000000e1aa0000)
  to   space 1088K,   0% used [0x00000000e1880000, 0x00000000e1880000, 0x00000000e1990000)
 concurrent mark-sweep generation total 118492K, used 68913K [0x00000000eb4a0000, 0x00000000f2857000, 0x0000000100000000)
 Metaspace       used 95689K, capacity 99927K, committed 100352K, reserved 1136640K
  class space    used 11672K, capacity 12454K, committed 12544K, reserved 1048576K
}
2019-06-25T03:43:00.635+0000: 329400.545: Application time: 0.1562874 seconds
2019-06-25T03:43:00.636+0000: 329400.546: Application time: 0.0001557 seconds
2019-06-25T03:43:00.636+0000: 329400.546: Application time: 0.0001508 seconds
2019-06-25T03:43:00.637+0000: 329400.547: Application time: 0.0001439 seconds
2019-06-25T03:43:00.639+0000: 329400.548: Application time: 0.0001634 seconds
2019-06-25T03:43:01.389+0000: 329401.299: Application time: 0.7504287 seconds
2019-06-25T03:43:01.390+0000: 329401.300: Application time: 0.0001168 seconds
2019-06-25T03:43:01.390+0000: 329401.300: Application time: 0.0001216 seconds
2019-06-25T03:43:01.391+0000: 329401.300: Application time: 0.0002450 seconds
2019-06-25T03:43:01.391+0000: 329401.301: Application time: 0.0001428 seconds
2019-06-25T03:43:05.471+0000: 329405.381: Application time: 4.0796208 seconds
2019-06-25T03:43:05.501+0000: 329405.411: Application time: 0.0299046 seconds
2019-06-25T03:43:09.656+0000: 329409.565: Application time: 4.1539724 seconds
2019-06-25T03:44:23.725+0000: 329483.634: Application time: 74.0686323 seconds
{Heap before GC invocations=4833 (full 139):
 par new generation   total 9792K, used 9515K [0x00000000e1000000, 0x00000000e1aa0000, 0x00000000eb4a0000)
  eden space 8704K, 100% used [0x00000000e1000000, 0x00000000e1880000, 0x00000000e1880000)
  from space 1088K,  74% used [0x00000000e1990000, 0x00000000e1a5aed8, 0x00000000e1aa0000)
  to   space 1088K,   0% used [0x00000000e1880000, 0x00000000e1880000, 0x00000000e1990000)
 concurrent mark-sweep generation total 118492K, used 68913K [0x00000000eb4a0000, 0x00000000f2857000, 0x0000000100000000)
 Metaspace       used 95689K, capacity 99927K, committed 100352K, reserved 1136640K
  class space    used 11672K, capacity 12454K, committed 12544K, reserved 1048576K
2019-06-25T03:44:23.725+0000: 329483.635: [GC (Allocation Failure) 2019-06-25T03:44:23.726+0000: 329483.635: [ParNew: 9515K->740K(9792K), 0.0066486 secs] 78429K->69812K(128284K), 0.0074361 secs] [Times: user=0.01 sys=0.00, real=0.01 secs] 
Heap after GC invocations=4834 (full 139):
 par new generation   total 9792K, used 740K [0x00000000e1000000, 0x00000000e1aa0000, 0x00000000eb4a0000)
  eden space 8704K,   0% used [0x00000000e1000000, 0x00000000e1000000, 0x00000000e1880000)
  from space 1088K,  68% used [0x00000000e1880000, 0x00000000e1939350, 0x00000000e1990000)
  to   space 1088K,   0% used [0x00000000e1990000, 0x00000000e1990000, 0x00000000e1aa0000)
 concurrent mark-sweep generation total 118492K, used 69071K [0x00000000eb4a0000, 0x00000000f2857000, 0x0000000100000000)
 Metaspace       used 95689K, capacity 99927K, committed 100352K, reserved 1136640K
  class space    used 11672K, capacity 12454K, committed 12544K, reserved 1048576K
}
2019-06-25T03:46:08.525+0000: 329588.435: Application time: 104.7918918 seconds
{Heap before GC invocations=4834 (full 139):
 par new generation   total 9792K, used 9444K [0x00000000e1000000, 0x00000000e1aa0000, 0x00000000eb4a0000)
  eden space 8704K, 100% used [0x00000000e1000000, 0x00000000e1880000, 0x00000000e1880000)
  from space 1088K,  68% used [0x00000000e1880000, 0x00000000e1939350, 0x00000000e1990000)
  to   space 1088K,   0% used [0x00000000e1990000, 0x00000000e1990000, 0x00000000e1aa0000)
 concurrent mark-sweep generation total 118492K, used 69071K [0x00000000eb4a0000, 0x00000000f2857000, 0x0000000100000000)
 Metaspace       used 95690K, capacity 99927K, committed 100352K, reserved 1136640K
  class space    used 11672K, capacity 12454K, committed 12544K, reserved 1048576K
2019-06-25T03:46:08.526+0000: 329588.436: [GC (Allocation Failure) 2019-06-25T03:46:08.527+0000: 329588.437: [ParNew: 9444K->812K(9792K), 0.0039100 secs] 78516K->69883K(128284K), 0.0049361 secs] [Times: user=0.01 sys=0.00, real=0.01 secs] 
Heap after GC invocations=4835 (full 139):
 par new generation   total 9792K, used 812K [0x00000000e1000000, 0x00000000e1aa0000, 0x00000000eb4a0000)
  eden space 8704K,   0% used [0x00000000e1000000, 0x00000000e1000000, 0x00000000e1880000)
  from space 1088K,  74% used [0x00000000e1990000, 0x00000000e1a5b0a8, 0x00000000e1aa0000)
  to   space 1088K,   0% used [0x00000000e1880000, 0x00000000e1880000, 0x00000000e1990000)
 concurrent mark-sweep generation total 118492K, used 69071K [0x00000000eb4a0000, 0x00000000f2857000, 0x0000000100000000)
 Metaspace       used 95690K, capacity 99927K, committed 100352K, reserved 1136640K
  class space    used 11672K, capacity 12454K, committed 12544K, reserved 1048576K
}
2019-06-25T03:46:21.720+0000: 329601.630: Application time: 13.1877133 seconds
2019-06-25T03:47:47.214+0000: 329687.124: Application time: 85.4938307 seconds
{Heap before GC invocations=4835 (full 139):
 par new generation   total 9792K, used 9516K [0x00000000e1000000, 0x00000000e1aa0000, 0x00000000eb4a0000)
  eden space 8704K, 100% used [0x00000000e1000000, 0x00000000e1880000, 0x00000000e1880000)
  from space 1088K,  74% used [0x00000000e1990000, 0x00000000e1a5b0a8, 0x00000000e1aa0000)
  to   space 1088K,   0% used [0x00000000e1880000, 0x00000000e1880000, 0x00000000e1990000)
 concurrent mark-sweep generation total 118492K, used 69071K [0x00000000eb4a0000, 0x00000000f2857000, 0x0000000100000000)
 Metaspace       used 95690K, capacity 99927K, committed 100352K, reserved 1136640K
  class space    used 11672K, capacity 12454K, committed 12544K, reserved 1048576K
2019-06-25T03:47:47.215+0000: 329687.125: [GC (Allocation Failure) 2019-06-25T03:47:47.215+0000: 329687.125: [ParNew: 9516K->869K(9792K), 0.0035934 secs] 78587K->69974K(128284K), 0.0044253 secs] [Times: user=0.01 sys=0.00, real=0.01 secs] 
Heap after GC invocations=4836 (full 139):
 par new generation   total 9792K, used 869K [0x00000000e1000000, 0x00000000e1aa0000, 0x00000000eb4a0000)
  eden space 8704K,   0% used [0x00000000e1000000, 0x00000000e1000000, 0x00000000e1880000)
  from space 1088K,  79% used [0x00000000e1880000, 0x00000000e1959508, 0x00000000e1990000)
  to   space 1088K,   0% used [0x00000000e1990000, 0x00000000e1990000, 0x00000000e1aa0000)
 concurrent mark-sweep generation total 118492K, used 69105K [0x00000000eb4a0000, 0x00000000f2857000, 0x0000000100000000)
 Metaspace       used 95690K, capacity 99927K, committed 100352K, reserved 1136640K
  class space    used 11672K, capacity 12454K, committed 12544K, reserved 1048576K
}
2019-06-25T03:49:28.279+0000: 329788.189: Application time: 101.0592183 seconds
{Heap before GC invocations=4836 (full 139):
 par new generation   total 9792K, used 9573K [0x00000000e1000000, 0x00000000e1aa0000, 0x00000000eb4a0000)
  eden space 8704K, 100% used [0x00000000e1000000, 0x00000000e1880000, 0x00000000e1880000)
  from space 1088K,  79% used [0x00000000e1880000, 0x00000000e1959508, 0x00000000e1990000)
  to   space 1088K,   0% used [0x00000000e1990000, 0x00000000e1990000, 0x00000000e1aa0000)
 concurrent mark-sweep generation total 118492K, used 69105K [0x00000000eb4a0000, 0x00000000f2857000, 0x0000000100000000)
 Metaspace       used 95690K, capacity 99927K, committed 100352K, reserved 1136640K
  class space    used 11672K, capacity 12454K, committed 12544K, reserved 1048576K
2019-06-25T03:49:28.280+0000: 329788.190: [GC (Allocation Failure) 2019-06-25T03:49:28.280+0000: 329788.190: [ParNew: 9573K->773K(9792K), 0.0032946 secs] 78678K->69990K(128284K), 0.0041189 secs] [Times: user=0.00 sys=0.01, real=0.00 secs] 
Heap after GC invocations=4837 (full 139):
 par new generation   total 9792K, used 773K [0x00000000e1000000, 0x00000000e1aa0000, 0x00000000eb4a0000)
  eden space 8704K,   0% used [0x00000000e1000000, 0x00000000e1000000, 0x00000000e1880000)
  from space 1088K,  71% used [0x00000000e1990000, 0x00000000e1a515f0, 0x00000000e1aa0000)
  to   space 1088K,   0% used [0x00000000e1880000, 0x00000000e1880000, 0x00000000e1990000)
 concurrent mark-sweep generation total 118492K, used 69216K [0x00000000eb4a0000, 0x00000000f2857000, 0x0000000100000000)
 Metaspace       used 95690K, capacity 99927K, committed 100352K, reserved 1136640K
  class space    used 11672K, capacity 12454K, committed 12544K, reserved 1048576K
}
2019-06-25T03:51:10.254+0000: 329890.164: Application time: 101.9690917 seconds
{Heap before GC invocations=4837 (full 139):
 par new generation   total 9792K, used 9477K [0x00000000e1000000, 0x00000000e1aa0000, 0x00000000eb4a0000)
  eden space 8704K, 100% used [0x00000000e1000000, 0x00000000e1880000, 0x00000000e1880000)
  from space 1088K,  71% used [0x00000000e1990000, 0x00000000e1a515f0, 0x00000000e1aa0000)
  to   space 1088K,   0% used [0x00000000e1880000, 0x00000000e1880000, 0x00000000e1990000)
 concurrent mark-sweep generation total 118492K, used 69216K [0x00000000eb4a0000, 0x00000000f2857000, 0x0000000100000000)
 Metaspace       used 95690K, capacity 99927K, committed 100352K, reserved 1136640K
  class space    used 11672K, capacity 12454K, committed 12544K, reserved 1048576K
2019-06-25T03:51:10.255+0000: 329890.165: [GC (Allocation Failure) 2019-06-25T03:51:10.255+0000: 329890.165: [ParNew: 9477K->906K(9792K), 0.0248676 secs] 78694K->70123K(128284K), 0.0258376 secs] [Times: user=0.05 sys=0.00, real=0.03 secs] 
Heap after GC invocations=4838 (full 139):
 par new generation   total 9792K, used 906K [0x00000000e1000000, 0x00000000e1aa0000, 0x00000000eb4a0000)
  eden space 8704K,   0% used [0x00000000e1000000, 0x00000000e1000000, 0x00000000e1880000)
  from space 1088K,  83% used [0x00000000e1880000, 0x00000000e1962be8, 0x00000000e1990000)
  to   space 1088K,   0% used [0x00000000e1990000, 0x00000000e1990000, 0x00000000e1aa0000)
 concurrent mark-sweep generation total 118492K, used 69216K [0x00000000eb4a0000, 0x00000000f2857000, 0x0000000100000000)
 Metaspace       used 95690K, capacity 99927K, committed 100352K, reserved 1136640K
  class space    used 11672K, capacity 12454K, committed 12544K, reserved 1048576K
}
2019-06-25T03:51:21.762+0000: 329901.672: Application time: 11.4805804 seconds
2019-06-25T03:52:47.760+0000: 329987.670: Application time: 85.9973106 seconds
{Heap before GC invocations=4838 (full 139):
 par new generation   total 9792K, used 9610K [0x00000000e1000000, 0x00000000e1aa0000, 0x00000000eb4a0000)
  eden space 8704K, 100% used [0x00000000e1000000, 0x00000000e1880000, 0x00000000e1880000)
  from space 1088K,  83% used [0x00000000e1880000, 0x00000000e1962be8, 0x00000000e1990000)
  to   space 1088K,   0% used [0x00000000e1990000, 0x00000000e1990000, 0x00000000e1aa0000)
 concurrent mark-sweep generation total 118492K, used 69216K [0x00000000eb4a0000, 0x00000000f2857000, 0x0000000100000000)
 Metaspace       used 95690K, capacity 99927K, committed 100352K, reserved 1136640K
  class space    used 11672K, capacity 12454K, committed 12544K, reserved 1048576K
2019-06-25T03:52:47.761+0000: 329987.670: [GC (Allocation Failure) 2019-06-25T03:52:47.761+0000: 329987.671: [ParNew: 9610K->593K(9792K), 0.0035398 secs] 78827K->69810K(128284K), 0.0043070 secs] [Times: user=0.01 sys=0.00, real=0.00 secs] 
Heap after GC invocations=4839 (full 139):
 par new generation   total 9792K, used 593K [0x00000000e1000000, 0x00000000e1aa0000, 0x00000000eb4a0000)
  eden space 8704K,   0% used [0x00000000e1000000, 0x00000000e1000000, 0x00000000e1880000)
  from space 1088K,  54% used [0x00000000e1990000, 0x00000000e1a24548, 0x00000000e1aa0000)
  to   space 1088K,   0% used [0x00000000e1880000, 0x00000000e1880000, 0x00000000e1990000)
 concurrent mark-sweep generation total 118492K, used 69216K [0x00000000eb4a0000, 0x00000000f2857000, 0x0000000100000000)
 Metaspace       used 95690K, capacity 99927K, committed 100352K, reserved 1136640K
  class space    used 11672K, capacity 12454K, committed 12544K, reserved 1048576K
}
2019-06-25T03:54:30.353+0000: 330090.262: Application time: 102.5866638 seconds
{Heap before GC invocations=4839 (full 139):
 par new generation   total 9792K, used 9297K [0x00000000e1000000, 0x00000000e1aa0000, 0x00000000eb4a0000)
  eden space 8704K, 100% used [0x00000000e1000000, 0x00000000e1880000, 0x00000000e1880000)
  from space 1088K,  54% used [0x00000000e1990000, 0x00000000e1a24548, 0x00000000e1aa0000)
  to   space 1088K,   0% used [0x00000000e1880000, 0x00000000e1880000, 0x00000000e1990000)
 concurrent mark-sweep generation total 118492K, used 69216K [0x00000000eb4a0000, 0x00000000f2857000, 0x0000000100000000)
 Metaspace       used 95690K, capacity 99927K, committed 100352K, reserved 1136640K
  class space    used 11672K, capacity 12454K, committed 12544K, reserved 1048576K
2019-06-25T03:54:30.354+0000: 330090.264: [GC (Allocation Failure) 2019-06-25T03:54:30.355+0000: 330090.265: [ParNew: 9297K->603K(9792K), 0.0080890 secs] 78514K->69850K(128284K), 0.0100159 secs] [Times: user=0.02 sys=0.00, real=0.01 secs] 
Heap after GC invocations=4840 (full 139):
 par new generation   total 9792K, used 603K [0x00000000e1000000, 0x00000000e1aa0000, 0x00000000eb4a0000)
  eden space 8704K,   0% used [0x00000000e1000000, 0x00000000e1000000, 0x00000000e1880000)
  from space 1088K,  55% used [0x00000000e1880000, 0x00000000e1916fa8, 0x00000000e1990000)
  to   space 1088K,   0% used [0x00000000e1990000, 0x00000000e1990000, 0x00000000e1aa0000)
 concurrent mark-sweep generation total 118492K, used 69246K [0x00000000eb4a0000, 0x00000000f2857000, 0x0000000100000000)
 Metaspace       used 95690K, capacity 99927K, committed 100352K, reserved 1136640K
  class space    used 11672K, capacity 12454K, committed 12544K, reserved 1048576K
}
2019-06-25T03:55:17.771+0000: 330137.681: Application time: 47.4053759 seconds
2019-06-25T03:55:17.773+0000: 330137.683: Application time: 0.0017798 seconds
2019-06-25T03:55:17.780+0000: 330137.689: Application time: 0.0057120 seconds
2019-06-25T03:55:17.782+0000: 330137.692: Application time: 0.0016050 seconds
2019-06-25T03:55:47.264+0000: 330167.173: Application time: 29.4809448 seconds
2019-06-25T03:56:11.523+0000: 330191.433: Application time: 24.2595274 seconds
{Heap before GC invocations=4840 (full 139):
 par new generation   total 9792K, used 9307K [0x00000000e1000000, 0x00000000e1aa0000, 0x00000000eb4a0000)
  eden space 8704K, 100% used [0x00000000e1000000, 0x00000000e1880000, 0x00000000e1880000)
  from space 1088K,  55% used [0x00000000e1880000, 0x00000000e1916fa8, 0x00000000e1990000)
  to   space 1088K,   0% used [0x00000000e1990000, 0x00000000e1990000, 0x00000000e1aa0000)
 concurrent mark-sweep generation total 118492K, used 69246K [0x00000000eb4a0000, 0x00000000f2857000, 0x0000000100000000)
 Metaspace       used 95690K, capacity 99927K, committed 100352K, reserved 1136640K
  class space    used 11672K, capacity 12454K, committed 12544K, reserved 1048576K
2019-06-25T03:56:11.524+0000: 330191.434: [GC (Allocation Failure) 2019-06-25T03:56:11.524+0000: 330191.434: [ParNew: 9307K->617K(9792K), 0.0032728 secs] 78554K->69864K(128284K), 0.0041813 secs] [Times: user=0.00 sys=0.00, real=0.01 secs] 
Heap after GC invocations=4841 (full 139):
 par new generation   total 9792K, used 617K [0x00000000e1000000, 0x00000000e1aa0000, 0x00000000eb4a0000)
  eden space 8704K,   0% used [0x00000000e1000000, 0x00000000e1000000, 0x00000000e1880000)
  from space 1088K,  56% used [0x00000000e1990000, 0x00000000e1a2a638, 0x00000000e1aa0000)
  to   space 1088K,   0% used [0x00000000e1880000, 0x00000000e1880000, 0x00000000e1990000)
 concurrent mark-sweep generation total 118492K, used 69246K [0x00000000eb4a0000, 0x00000000f2857000, 0x0000000100000000)
 Metaspace       used 95690K, capacity 99927K, committed 100352K, reserved 1136640K
  class space    used 11672K, capacity 12454K, committed 12544K, reserved 1048576K
}
2019-06-25T03:56:21.785+0000: 330201.695: Application time: 10.2562009 seconds
2019-06-25T03:57:47.797+0000: 330287.707: Application time: 86.0117463 seconds
{Heap before GC invocations=4841 (full 139):
 par new generation   total 9792K, used 9321K [0x00000000e1000000, 0x00000000e1aa0000, 0x00000000eb4a0000)
  eden space 8704K, 100% used [0x00000000e1000000, 0x00000000e1880000, 0x00000000e1880000)
  from space 1088K,  56% used [0x00000000e1990000, 0x00000000e1a2a638, 0x00000000e1aa0000)
  to   space 1088K,   0% used [0x00000000e1880000, 0x00000000e1880000, 0x00000000e1990000)
 concurrent mark-sweep generation total 118492K, used 69246K [0x00000000eb4a0000, 0x00000000f2857000, 0x0000000100000000)
 Metaspace       used 95690K, capacity 99927K, committed 100352K, reserved 1136640K
  class space    used 11672K, capacity 12454K, committed 12544K, reserved 1048576K
2019-06-25T03:57:47.798+0000: 330287.707: [GC (Allocation Failure) 2019-06-25T03:57:47.798+0000: 330287.708: [ParNew: 9321K->676K(9792K), 0.0036349 secs] 78568K->69993K(128284K), 0.0044270 secs] [Times: user=0.01 sys=0.00, real=0.01 secs] 
Heap after GC invocations=4842 (full 139):
 par new generation   total 9792K, used 676K [0x00000000e1000000, 0x00000000e1aa0000, 0x00000000eb4a0000)
  eden space 8704K,   0% used [0x00000000e1000000, 0x00000000e1000000, 0x00000000e1880000)
  from space 1088K,  62% used [0x00000000e1880000, 0x00000000e19291b0, 0x00000000e1990000)
  to   space 1088K,   0% used [0x00000000e1990000, 0x00000000e1990000, 0x00000000e1aa0000)
 concurrent mark-sweep generation total 118492K, used 69316K [0x00000000eb4a0000, 0x00000000f2857000, 0x0000000100000000)
 Metaspace       used 95690K, capacity 99927K, committed 100352K, reserved 1136640K
  class space    used 11672K, capacity 12454K, committed 12544K, reserved 1048576K
}
2019-06-25T03:59:32.677+0000: 330392.587: Application time: 104.8738036 seconds
{Heap before GC invocations=4842 (full 139):
 par new generation   total 9792K, used 9380K [0x00000000e1000000, 0x00000000e1aa0000, 0x00000000eb4a0000)
  eden space 8704K, 100% used [0x00000000e1000000, 0x00000000e1880000, 0x00000000e1880000)
  from space 1088K,  62% used [0x00000000e1880000, 0x00000000e19291b0, 0x00000000e1990000)
  to   space 1088K,   0% used [0x00000000e1990000, 0x00000000e1990000, 0x00000000e1aa0000)
 concurrent mark-sweep generation total 118492K, used 69316K [0x00000000eb4a0000, 0x00000000f2857000, 0x0000000100000000)
 Metaspace       used 95690K, capacity 99927K, committed 100352K, reserved 1136640K
  class space    used 11672K, capacity 12454K, committed 12544K, reserved 1048576K
2019-06-25T03:59:32.678+0000: 330392.587: [GC (Allocation Failure) 2019-06-25T03:59:32.678+0000: 330392.588: [ParNew: 9380K->665K(9792K), 0.0045485 secs] 78697K->69982K(128284K), 0.0060585 secs] [Times: user=0.00 sys=0.01, real=0.01 secs] 
Heap after GC invocations=4843 (full 139):
 par new generation   total 9792K, used 665K [0x00000000e1000000, 0x00000000e1aa0000, 0x00000000eb4a0000)
  eden space 8704K,   0% used [0x00000000e1000000, 0x00000000e1000000, 0x00000000e1880000)
  from space 1088K,  61% used [0x00000000e1990000, 0x00000000e1a364f8, 0x00000000e1aa0000)
  to   space 1088K,   0% used [0x00000000e1880000, 0x00000000e1880000, 0x00000000e1990000)
 concurrent mark-sweep generation total 118492K, used 69316K [0x00000000eb4a0000, 0x00000000f2857000, 0x0000000100000000)
 Metaspace       used 95690K, capacity 99927K, committed 100352K, reserved 1136640K
  class space    used 11672K, capacity 12454K, committed 12544K, reserved 1048576K
}
2019-06-25T04:01:12.067+0000: 330491.977: Application time: 99.3825675 seconds
{Heap before GC invocations=4843 (full 139):
 par new generation   total 9792K, used 9369K [0x00000000e1000000, 0x00000000e1aa0000, 0x00000000eb4a0000)
  eden space 8704K, 100% used [0x00000000e1000000, 0x00000000e1880000, 0x00000000e1880000)
  from space 1088K,  61% used [0x00000000e1990000, 0x00000000e1a364f8, 0x00000000e1aa0000)
  to   space 1088K,   0% used [0x00000000e1880000, 0x00000000e1880000, 0x00000000e1990000)
 concurrent mark-sweep generation total 118492K, used 69316K [0x00000000eb4a0000, 0x00000000f2857000, 0x0000000100000000)
 Metaspace       used 95690K, capacity 99927K, committed 100352K, reserved 1136640K
  class space    used 11672K, capacity 12454K, committed 12544K, reserved 1048576K
2019-06-25T04:01:12.068+0000: 330491.978: [GC (Allocation Failure) 2019-06-25T04:01:12.069+0000: 330491.979: [ParNew: 9369K->625K(9792K), 0.0034663 secs] 78686K->69942K(128284K), 0.0044448 secs] [Times: user=0.01 sys=0.00, real=0.00 secs] 
Heap after GC invocations=4844 (full 139):
 par new generation   total 9792K, used 625K [0x00000000e1000000, 0x00000000e1aa0000, 0x00000000eb4a0000)
  eden space 8704K,   0% used [0x00000000e1000000, 0x00000000e1000000, 0x00000000e1880000)
  from space 1088K,  57% used [0x00000000e1880000, 0x00000000e191c640, 0x00000000e1990000)
  to   space 1088K,   0% used [0x00000000e1990000, 0x00000000e1990000, 0x00000000e1aa0000)
 concurrent mark-sweep generation total 118492K, used 69317K [0x00000000eb4a0000, 0x00000000f2857000, 0x0000000100000000)
 Metaspace       used 95690K, capacity 99927K, committed 100352K, reserved 1136640K
  class space    used 11672K, capacity 12454K, committed 12544K, reserved 1048576K
}
2019-06-25T04:01:21.825+0000: 330501.734: Application time: 9.7508997 seconds
2019-06-25T04:01:25.787+0000: 330505.697: Application time: 3.9625223 seconds
2019-06-25T04:01:25.788+0000: 330505.698: Application time: 0.0000725 seconds
2019-06-25T04:01:25.788+0000: 330505.698: Application time: 0.0000844 seconds
2019-06-25T04:01:25.789+0000: 330505.699: Application time: 0.0000657 seconds
2019-06-25T04:01:30.522+0000: 330510.432: Application time: 4.7325202 seconds
2019-06-25T04:01:30.546+0000: 330510.456: Application time: 0.0239103 seconds
2019-06-25T04:01:31.551+0000: 330511.461: Application time: 1.0047424 seconds
2019-06-25T04:01:31.552+0000: 330511.461: Application time: 0.0001687 seconds
2019-06-25T04:01:31.552+0000: 330511.462: Application time: 0.0001512 seconds
2019-06-25T04:01:31.552+0000: 330511.462: Application time: 0.0001896 seconds
2019-06-25T04:01:31.553+0000: 330511.462: Application time: 0.0002160 seconds
2019-06-25T04:01:31.554+0000: 330511.464: Application time: 0.0013585 seconds
2019-06-25T04:02:05.559+0000: 330545.469: Application time: 34.0049651 seconds
2019-06-25T04:02:26.845+0000: 330566.754: Application time: 21.2848327 seconds
{Heap before GC invocations=4844 (full 139):
 par new generation   total 9792K, used 9329K [0x00000000e1000000, 0x00000000e1aa0000, 0x00000000eb4a0000)
  eden space 8704K, 100% used [0x00000000e1000000, 0x00000000e1880000, 0x00000000e1880000)
  from space 1088K,  57% used [0x00000000e1880000, 0x00000000e191c640, 0x00000000e1990000)
  to   space 1088K,   0% used [0x00000000e1990000, 0x00000000e1990000, 0x00000000e1aa0000)
 concurrent mark-sweep generation total 118492K, used 69317K [0x00000000eb4a0000, 0x00000000f2857000, 0x0000000100000000)
 Metaspace       used 95690K, capacity 99927K, committed 100352K, reserved 1136640K
  class space    used 11672K, capacity 12454K, committed 12544K, reserved 1048576K
2019-06-25T04:02:26.845+0000: 330566.755: [GC (Allocation Failure) 2019-06-25T04:02:26.846+0000: 330566.755: [ParNew: 9329K->800K(9792K), 0.0035001 secs] 78646K->70120K(128284K), 0.0043492 secs] [Times: user=0.01 sys=0.00, real=0.01 secs] 
Heap after GC invocations=4845 (full 139):
 par new generation   total 9792K, used 800K [0x00000000e1000000, 0x00000000e1aa0000, 0x00000000eb4a0000)
  eden space 8704K,   0% used [0x00000000e1000000, 0x00000000e1000000, 0x00000000e1880000)
  from space 1088K,  73% used [0x00000000e1990000, 0x00000000e1a581f0, 0x00000000e1aa0000)
  to   space 1088K,   0% used [0x00000000e1880000, 0x00000000e1880000, 0x00000000e1990000)
 concurrent mark-sweep generation total 118492K, used 69320K [0x00000000eb4a0000, 0x00000000f2857000, 0x0000000100000000)
 Metaspace       used 95690K, capacity 99927K, committed 100352K, reserved 1136640K
  class space    used 11672K, capacity 12454K, committed 12544K, reserved 1048576K
}
2019-06-25T04:02:49.872+0000: 330589.782: Application time: 23.0214406 seconds
2019-06-25T04:02:49.874+0000: 330589.783: Application time: 0.0001937 seconds
2019-06-25T04:02:49.875+0000: 330589.784: Application time: 0.0001644 seconds
2019-06-25T04:02:49.875+0000: 330589.785: Application time: 0.0001632 seconds
2019-06-25T04:02:54.439+0000: 330594.349: Application time: 4.5617361 seconds
2019-06-25T04:02:54.473+0000: 330594.383: Application time: 0.0339683 seconds
2019-06-25T04:03:01.564+0000: 330601.474: Application time: 7.0899247 seconds
2019-06-25T04:03:01.564+0000: 330601.474: Application time: 0.0001696 seconds
2019-06-25T04:03:01.565+0000: 330601.474: Application time: 0.0001672 seconds
2019-06-25T04:03:01.565+0000: 330601.475: Application time: 0.0001631 seconds
2019-06-25T04:03:01.565+0000: 330601.475: Application time: 0.0003317 seconds
2019-06-25T04:03:01.566+0000: 330601.475: Application time: 0.0002001 seconds
2019-06-25T04:03:09.721+0000: 330609.631: Application time: 8.1550871 seconds
2019-06-25T04:03:11.623+0000: 330611.533: Application time: 1.9022971 seconds
2019-06-25T04:03:29.452+0000: 330629.361: Application time: 17.8278363 seconds
{Heap before GC invocations=4845 (full 139):
 par new generation   total 9792K, used 9324K [0x00000000e1000000, 0x00000000e1aa0000, 0x00000000eb4a0000)
  eden space 8704K,  97% used [0x00000000e1000000, 0x00000000e1852f38, 0x00000000e1880000)
  from space 1088K,  73% used [0x00000000e1990000, 0x00000000e1a581f0, 0x00000000e1aa0000)
  to   space 1088K,   0% used [0x00000000e1880000, 0x00000000e1880000, 0x00000000e1990000)
 concurrent mark-sweep generation total 118492K, used 69320K [0x00000000eb4a0000, 0x00000000f2857000, 0x0000000100000000)
 Metaspace       used 95690K, capacity 99927K, committed 100352K, reserved 1136640K
  class space    used 11672K, capacity 12454K, committed 12544K, reserved 1048576K
2019-06-25T04:03:29.453+0000: 330629.363: [GC (Allocation Failure) 2019-06-25T04:03:29.454+0000: 330629.364: [ParNew: 9324K->1088K(9792K), 0.0104119 secs] 78644K->70502K(128284K), 0.0122750 secs] [Times: user=0.02 sys=0.00, real=0.01 secs] 
Heap after GC invocations=4846 (full 139):
 par new generation   total 9792K, used 1088K [0x00000000e1000000, 0x00000000e1aa0000, 0x00000000eb4a0000)
  eden space 8704K,   0% used [0x00000000e1000000, 0x00000000e1000000, 0x00000000e1880000)
  from space 1088K, 100% used [0x00000000e1880000, 0x00000000e1990000, 0x00000000e1990000)
  to   space 1088K,   0% used [0x00000000e1990000, 0x00000000e1990000, 0x00000000e1aa0000)
 concurrent mark-sweep generation total 118492K, used 69414K [0x00000000eb4a0000, 0x00000000f2857000, 0x0000000100000000)
 Metaspace       used 95690K, capacity 99927K, committed 100352K, reserved 1136640K
  class space    used 11672K, capacity 12454K, committed 12544K, reserved 1048576K
}
2019-06-25T04:03:31.569+0000: 330631.479: Application time: 2.1022748 seconds
2019-06-25T04:03:31.570+0000: 330631.480: Application time: 0.0001494 seconds
2019-06-25T04:03:31.570+0000: 330631.480: Application time: 0.0001331 seconds
2019-06-25T04:03:31.571+0000: 330631.481: Application time: 0.0001384 seconds
2019-06-25T04:03:31.572+0000: 330631.482: Application time: 0.0001589 seconds
2019-06-25T04:03:31.573+0000: 330631.483: Application time: 0.0001337 seconds
2019-06-25T04:03:31.573+0000: 330631.483: Application time: 0.0001315 seconds
2019-06-25T04:03:31.574+0000: 330631.484: Application time: 0.0001676 seconds
2019-06-25T04:03:31.574+0000: 330631.484: Application time: 0.0002944 seconds
2019-06-25T04:03:31.575+0000: 330631.485: Application time: 0.0002100 seconds
2019-06-25T04:03:31.577+0000: 330631.487: Application time: 0.0021911 seconds
2019-06-25T04:03:34.444+0000: 330634.354: Application time: 2.8664790 seconds
2019-06-25T04:03:34.494+0000: 330634.404: Application time: 0.0489474 seconds
2019-06-25T04:04:02.955+0000: 330662.865: Application time: 28.4606351 seconds
2019-06-25T04:04:02.956+0000: 330662.865: Application time: 0.0001584 seconds
2019-06-25T04:04:02.956+0000: 330662.866: Application time: 0.0001449 seconds
2019-06-25T04:04:02.957+0000: 330662.867: Application time: 0.0001593 seconds
2019-06-25T04:04:02.958+0000: 330662.869: Application time: 0.0015865 seconds
2019-06-25T04:04:02.960+0000: 330662.870: Application time: 0.0001842 seconds
2019-06-25T04:04:02.960+0000: 330662.870: Application time: 0.0001353 seconds
2019-06-25T04:04:02.961+0000: 330662.871: Application time: 0.0001400 seconds
2019-06-25T04:04:02.961+0000: 330662.871: Application time: 0.0002790 seconds
2019-06-25T04:04:02.962+0000: 330662.872: Application time: 0.0001797 seconds
2019-06-25T04:04:07.370+0000: 330667.280: Application time: 4.4079438 seconds
2019-06-25T04:04:07.435+0000: 330667.345: Application time: 0.0644985 seconds
2019-06-25T04:04:09.724+0000: 330669.634: Application time: 2.2886297 seconds
2019-06-25T04:04:33.808+0000: 330693.718: Application time: 24.0840893 seconds
{Heap before GC invocations=4846 (full 139):
 par new generation   total 9792K, used 9792K [0x00000000e1000000, 0x00000000e1aa0000, 0x00000000eb4a0000)
  eden space 8704K, 100% used [0x00000000e1000000, 0x00000000e1880000, 0x00000000e1880000)
  from space 1088K, 100% used [0x00000000e1880000, 0x00000000e1990000, 0x00000000e1990000)
  to   space 1088K,   0% used [0x00000000e1990000, 0x00000000e1990000, 0x00000000e1aa0000)
 concurrent mark-sweep generation total 118492K, used 69414K [0x00000000eb4a0000, 0x00000000f2857000, 0x0000000100000000)
 Metaspace       used 95730K, capacity 99993K, committed 100352K, reserved 1136640K
  class space    used 11678K, capacity 12465K, committed 12544K, reserved 1048576K
2019-06-25T04:04:33.810+0000: 330693.719: [GC (Allocation Failure) 2019-06-25T04:04:33.810+0000: 330693.720: [ParNew: 9792K->735K(9792K), 0.0072740 secs] 79206K->70542K(128284K), 0.0088381 secs] [Times: user=0.01 sys=0.01, real=0.01 secs] 
Heap after GC invocations=4847 (full 139):
 par new generation   total 9792K, used 735K [0x00000000e1000000, 0x00000000e1aa0000, 0x00000000eb4a0000)
  eden space 8704K,   0% used [0x00000000e1000000, 0x00000000e1000000, 0x00000000e1880000)
  from space 1088K,  67% used [0x00000000e1990000, 0x00000000e1a47c90, 0x00000000e1aa0000)
  to   space 1088K,   0% used [0x00000000e1880000, 0x00000000e1880000, 0x00000000e1990000)
 concurrent mark-sweep generation total 118492K, used 69807K [0x00000000eb4a0000, 0x00000000f2857000, 0x0000000100000000)
 Metaspace       used 95730K, capacity 99993K, committed 100352K, reserved 1136640K
  class space    used 11678K, capacity 12465K, committed 12544K, reserved 1048576K
}
2019-06-25T04:05:27.761+0000: 330747.671: Application time: 53.9410532 seconds
2019-06-25T04:05:27.785+0000: 330747.695: Application time: 0.0242826 seconds
2019-06-25T04:05:31.603+0000: 330751.513: Application time: 3.8173720 seconds
2019-06-25T04:05:31.604+0000: 330751.513: Application time: 0.0001703 seconds
2019-06-25T04:05:31.604+0000: 330751.514: Application time: 0.0000765 seconds
2019-06-25T04:05:31.605+0000: 330751.514: Application time: 0.0000708 seconds
2019-06-25T04:05:31.605+0000: 330751.515: Application time: 0.0000748 seconds
2019-06-25T04:05:31.605+0000: 330751.515: Application time: 0.0000811 seconds
2019-06-25T04:05:31.605+0000: 330751.515: Application time: 0.0000728 seconds
2019-06-25T04:05:31.605+0000: 330751.515: Application time: 0.0000770 seconds
2019-06-25T04:05:31.606+0000: 330751.515: Application time: 0.0001653 seconds
2019-06-25T04:05:31.606+0000: 330751.516: Application time: 0.0001260 seconds
2019-06-25T04:05:45.894+0000: 330765.804: Application time: 14.2881709 seconds
{Heap before GC invocations=4847 (full 139):
 par new generation   total 9792K, used 9439K [0x00000000e1000000, 0x00000000e1aa0000, 0x00000000eb4a0000)
  eden space 8704K, 100% used [0x00000000e1000000, 0x00000000e1880000, 0x00000000e1880000)
  from space 1088K,  67% used [0x00000000e1990000, 0x00000000e1a47c90, 0x00000000e1aa0000)
  to   space 1088K,   0% used [0x00000000e1880000, 0x00000000e1880000, 0x00000000e1990000)
 concurrent mark-sweep generation total 118492K, used 69807K [0x00000000eb4a0000, 0x00000000f2857000, 0x0000000100000000)
 Metaspace       used 95730K, capacity 99993K, committed 100352K, reserved 1136640K
  class space    used 11678K, capacity 12465K, committed 12544K, reserved 1048576K
2019-06-25T04:05:45.895+0000: 330765.805: [GC (Allocation Failure) 2019-06-25T04:05:45.896+0000: 330765.806: [ParNew: 9439K->980K(9792K), 0.0083432 secs] 79246K->70788K(128284K), 0.0100593 secs] [Times: user=0.01 sys=0.00, real=0.01 secs] 
Heap after GC invocations=4848 (full 139):
 par new generation   total 9792K, used 980K [0x00000000e1000000, 0x00000000e1aa0000, 0x00000000eb4a0000)
  eden space 8704K,   0% used [0x00000000e1000000, 0x00000000e1000000, 0x00000000e1880000)
  from space 1088K,  90% used [0x00000000e1880000, 0x00000000e1975278, 0x00000000e1990000)
  to   space 1088K,   0% used [0x00000000e1990000, 0x00000000e1990000, 0x00000000e1aa0000)
 concurrent mark-sweep generation total 118492K, used 69807K [0x00000000eb4a0000, 0x00000000f2857000, 0x0000000100000000)
 Metaspace       used 95730K, capacity 99993K, committed 100352K, reserved 1136640K
  class space    used 11678K, capacity 12465K, committed 12544K, reserved 1048576K
}
2019-06-25T04:05:50.891+0000: 330770.801: Application time: 4.9835737 seconds
2019-06-25T04:05:50.941+0000: 330770.851: Application time: 0.0497134 seconds
2019-06-25T04:06:01.610+0000: 330781.520: Application time: 10.6683732 seconds
2019-06-25T04:06:01.611+0000: 330781.521: Application time: 0.0000962 seconds
2019-06-25T04:06:01.612+0000: 330781.521: Application time: 0.0001150 seconds
2019-06-25T04:06:01.612+0000: 330781.522: Application time: 0.0001102 seconds
2019-06-25T04:06:01.612+0000: 330781.522: Application time: 0.0001847 seconds
2019-06-25T04:06:01.613+0000: 330781.523: Application time: 0.0001821 seconds
2019-06-25T04:06:01.613+0000: 330781.523: Application time: 0.0002082 seconds
2019-06-25T04:06:01.614+0000: 330781.523: Application time: 0.0002110 seconds
2019-06-25T04:06:01.614+0000: 330781.524: Application time: 0.0003905 seconds
2019-06-25T04:06:01.615+0000: 330781.525: Application time: 0.0002651 seconds
2019-06-25T04:06:02.093+0000: 330782.003: Application time: 0.4782496 seconds
2019-06-25T04:06:02.094+0000: 330782.004: Application time: 0.0002339 seconds
2019-06-25T04:06:06.981+0000: 330786.891: Application time: 4.8867897 seconds
2019-06-25T04:06:07.015+0000: 330786.924: Application time: 0.0334793 seconds
2019-06-25T04:06:09.728+0000: 330789.638: Application time: 2.7135875 seconds
2019-06-25T04:06:09.729+0000: 330789.639: Application time: 0.0005780 seconds
2019-06-25T04:06:09.730+0000: 330789.639: Application time: 0.0000677 seconds
2019-06-25T04:06:09.730+0000: 330789.640: Application time: 0.0000641 seconds
2019-06-25T04:06:09.730+0000: 330789.640: Application time: 0.0000599 seconds
2019-06-25T04:06:09.730+0000: 330789.640: Application time: 0.0000593 seconds
2019-06-25T04:06:09.730+0000: 330789.640: Application time: 0.0000566 seconds
2019-06-25T04:06:09.731+0000: 330789.640: Application time: 0.0000637 seconds
2019-06-25T04:06:09.731+0000: 330789.641: Application time: 0.0001465 seconds
2019-06-25T04:06:09.731+0000: 330789.641: Application time: 0.0001069 seconds
2019-06-25T04:06:21.854+0000: 330801.763: Application time: 12.1223464 seconds
2019-06-25T04:06:31.620+0000: 330811.530: Application time: 9.7663057 seconds
2019-06-25T04:06:41.643+0000: 330821.553: Application time: 10.0227135 seconds
{Heap before GC invocations=4848 (full 139):
 par new generation   total 9792K, used 9684K [0x00000000e1000000, 0x00000000e1aa0000, 0x00000000eb4a0000)
  eden space 8704K, 100% used [0x00000000e1000000, 0x00000000e1880000, 0x00000000e1880000)
  from space 1088K,  90% used [0x00000000e1880000, 0x00000000e1975278, 0x00000000e1990000)
  to   space 1088K,   0% used [0x00000000e1990000, 0x00000000e1990000, 0x00000000e1aa0000)
 concurrent mark-sweep generation total 118492K, used 69807K [0x00000000eb4a0000, 0x00000000f2857000, 0x0000000100000000)
 Metaspace       used 95730K, capacity 99993K, committed 100352K, reserved 1136640K
  class space    used 11678K, capacity 12465K, committed 12544K, reserved 1048576K
2019-06-25T04:06:41.644+0000: 330821.554: [GC (Allocation Failure) 2019-06-25T04:06:41.645+0000: 330821.555: [ParNew: 9684K->958K(9792K), 0.0045272 secs] 79492K->70965K(128284K), 0.0056277 secs] [Times: user=0.00 sys=0.01, real=0.01 secs] 
Heap after GC invocations=4849 (full 139):
 par new generation   total 9792K, used 958K [0x00000000e1000000, 0x00000000e1aa0000, 0x00000000eb4a0000)
  eden space 8704K,   0% used [0x00000000e1000000, 0x00000000e1000000, 0x00000000e1880000)
  from space 1088K,  88% used [0x00000000e1990000, 0x00000000e1a7f810, 0x00000000e1aa0000)
  to   space 1088K,   0% used [0x00000000e1880000, 0x00000000e1880000, 0x00000000e1990000)
 concurrent mark-sweep generation total 118492K, used 70007K [0x00000000eb4a0000, 0x00000000f2857000, 0x0000000100000000)
 Metaspace       used 95730K, capacity 99993K, committed 100352K, reserved 1136640K
  class space    used 11678K, capacity 12465K, committed 12544K, reserved 1048576K
}
2019-06-25T04:06:56.151+0000: 330836.060: Application time: 14.4998779 seconds
2019-06-25T04:06:56.151+0000: 330836.061: Application time: 0.0001067 seconds
2019-06-25T04:06:56.152+0000: 330836.062: Application time: 0.0000988 seconds
2019-06-25T04:06:56.153+0000: 330836.062: Application time: 0.0002466 seconds
2019-06-25T04:06:56.154+0000: 330836.064: Application time: 0.0002027 seconds
2019-06-25T04:06:56.154+0000: 330836.064: Application time: 0.0003396 seconds
2019-06-25T04:06:56.155+0000: 330836.065: Application time: 0.0002683 seconds
2019-06-25T04:06:56.156+0000: 330836.065: Application time: 0.0002078 seconds
2019-06-25T04:06:56.156+0000: 330836.066: Application time: 0.0003506 seconds
2019-06-25T04:07:00.362+0000: 330840.272: Application time: 4.2060450 seconds
2019-06-25T04:07:00.387+0000: 330840.297: Application time: 0.0242703 seconds
2019-06-25T04:07:01.624+0000: 330841.533: Application time: 1.2360517 seconds
2019-06-25T04:07:55.303+0000: 330895.212: Application time: 53.6787296 seconds
{Heap before GC invocations=4849 (full 139):
 par new generation   total 9792K, used 9662K [0x00000000e1000000, 0x00000000e1aa0000, 0x00000000eb4a0000)
  eden space 8704K, 100% used [0x00000000e1000000, 0x00000000e1880000, 0x00000000e1880000)
  from space 1088K,  88% used [0x00000000e1990000, 0x00000000e1a7f810, 0x00000000e1aa0000)
  to   space 1088K,   0% used [0x00000000e1880000, 0x00000000e1880000, 0x00000000e1990000)
 concurrent mark-sweep generation total 118492K, used 70007K [0x00000000eb4a0000, 0x00000000f2857000, 0x0000000100000000)
 Metaspace       used 95730K, capacity 99993K, committed 100352K, reserved 1136640K
  class space    used 11678K, capacity 12465K, committed 12544K, reserved 1048576K
2019-06-25T04:07:55.303+0000: 330895.213: [GC (Allocation Failure) 2019-06-25T04:07:55.304+0000: 330895.214: [ParNew: 9662K->832K(9792K), 0.0038681 secs] 79669K->71065K(128284K), 0.0047240 secs] [Times: user=0.00 sys=0.01, real=0.01 secs] 
Heap after GC invocations=4850 (full 139):
 par new generation   total 9792K, used 832K [0x00000000e1000000, 0x00000000e1aa0000, 0x00000000eb4a0000)
  eden space 8704K,   0% used [0x00000000e1000000, 0x00000000e1000000, 0x00000000e1880000)
  from space 1088K,  76% used [0x00000000e1880000, 0x00000000e19500a0, 0x00000000e1990000)
  to   space 1088K,   0% used [0x00000000e1990000, 0x00000000e1990000, 0x00000000e1aa0000)
 concurrent mark-sweep generation total 118492K, used 70233K [0x00000000eb4a0000, 0x00000000f2857000, 0x0000000100000000)
 Metaspace       used 95730K, capacity 99993K, committed 100352K, reserved 1136640K
  class space    used 11678K, capacity 12465K, committed 12544K, reserved 1048576K
}
2019-06-25T04:09:41.324+0000: 331001.234: Application time: 106.0151106 seconds
{Heap before GC invocations=4850 (full 139):
 par new generation   total 9792K, used 9536K [0x00000000e1000000, 0x00000000e1aa0000, 0x00000000eb4a0000)
  eden space 8704K, 100% used [0x00000000e1000000, 0x00000000e1880000, 0x00000000e1880000)
  from space 1088K,  76% used [0x00000000e1880000, 0x00000000e19500a0, 0x00000000e1990000)
  to   space 1088K,   0% used [0x00000000e1990000, 0x00000000e1990000, 0x00000000e1aa0000)
 concurrent mark-sweep generation total 118492K, used 70233K [0x00000000eb4a0000, 0x00000000f2857000, 0x0000000100000000)
 Metaspace       used 95730K, capacity 99993K, committed 100352K, reserved 1136640K
  class space    used 11678K, capacity 12465K, committed 12544K, reserved 1048576K
2019-06-25T04:09:41.325+0000: 331001.234: [GC (Allocation Failure) 2019-06-25T04:09:41.325+0000: 331001.235: [ParNew: 9536K->626K(9792K), 0.0036590 secs] 79769K->71051K(128284K), 0.0045364 secs] [Times: user=0.00 sys=0.00, real=0.01 secs] 
Heap after GC invocations=4851 (full 139):
 par new generation   total 9792K, used 626K [0x00000000e1000000, 0x00000000e1aa0000, 0x00000000eb4a0000)
  eden space 8704K,   0% used [0x00000000e1000000, 0x00000000e1000000, 0x00000000e1880000)
  from space 1088K,  57% used [0x00000000e1990000, 0x00000000e1a2cb88, 0x00000000e1aa0000)
  to   space 1088K,   0% used [0x00000000e1880000, 0x00000000e1880000, 0x00000000e1990000)
 concurrent mark-sweep generation total 118492K, used 70424K [0x00000000eb4a0000, 0x00000000f2857000, 0x0000000100000000)
 Metaspace       used 95730K, capacity 99993K, committed 100352K, reserved 1136640K
  class space    used 11678K, capacity 12465K, committed 12544K, reserved 1048576K
}
2019-06-25T04:10:22.371+0000: 331042.280: Application time: 41.0407632 seconds
2019-06-25T04:10:22.371+0000: 331042.281: Application time: 0.0000681 seconds
2019-06-25T04:10:22.371+0000: 331042.281: Application time: 0.0000653 seconds
2019-06-25T04:10:22.372+0000: 331042.281: Application time: 0.0000705 seconds
2019-06-25T04:10:22.372+0000: 331042.282: Application time: 0.0001798 seconds
2019-06-25T04:10:22.372+0000: 331042.282: Application time: 0.0000559 seconds
2019-06-25T04:10:27.130+0000: 331047.040: Application time: 4.7578550 seconds
2019-06-25T04:10:27.155+0000: 331047.065: Application time: 0.0242790 seconds
2019-06-25T04:10:31.655+0000: 331051.564: Application time: 4.4992920 seconds
2019-06-25T04:10:31.655+0000: 331051.565: Application time: 0.0002573 seconds
2019-06-25T04:10:31.656+0000: 331051.566: Application time: 0.0001558 seconds
2019-06-25T04:10:31.656+0000: 331051.566: Application time: 0.0001376 seconds
2019-06-25T04:10:31.659+0000: 331051.569: Application time: 0.0024343 seconds
2019-06-25T04:10:51.400+0000: 331071.310: Application time: 19.7405110 seconds
{Heap before GC invocations=4851 (full 139):
 par new generation   total 9792K, used 9330K [0x00000000e1000000, 0x00000000e1aa0000, 0x00000000eb4a0000)
  eden space 8704K, 100% used [0x00000000e1000000, 0x00000000e1880000, 0x00000000e1880000)
  from space 1088K,  57% used [0x00000000e1990000, 0x00000000e1a2cb88, 0x00000000e1aa0000)
  to   space 1088K,   0% used [0x00000000e1880000, 0x00000000e1880000, 0x00000000e1990000)
 concurrent mark-sweep generation total 118492K, used 70424K [0x00000000eb4a0000, 0x00000000f2857000, 0x0000000100000000)
 Metaspace       used 95730K, capacity 99993K, committed 100352K, reserved 1136640K
  class space    used 11678K, capacity 12465K, committed 12544K, reserved 1048576K
2019-06-25T04:10:51.401+0000: 331071.311: [GC (Allocation Failure) 2019-06-25T04:10:51.402+0000: 331071.312: [ParNew: 9330K->930K(9792K), 0.0072364 secs] 79755K->71354K(128284K), 0.0087812 secs] [Times: user=0.01 sys=0.00, real=0.01 secs] 
Heap after GC invocations=4852 (full 139):
 par new generation   total 9792K, used 930K [0x00000000e1000000, 0x00000000e1aa0000, 0x00000000eb4a0000)
  eden space 8704K,   0% used [0x00000000e1000000, 0x00000000e1000000, 0x00000000e1880000)
  from space 1088K,  85% used [0x00000000e1880000, 0x00000000e1968890, 0x00000000e1990000)
  to   space 1088K,   0% used [0x00000000e1990000, 0x00000000e1990000, 0x00000000e1aa0000)
 concurrent mark-sweep generation total 118492K, used 70424K [0x00000000eb4a0000, 0x00000000f2857000, 0x0000000100000000)
 Metaspace       used 95730K, capacity 99993K, committed 100352K, reserved 1136640K
  class space    used 11678K, capacity 12465K, committed 12544K, reserved 1048576K
}
2019-06-25T04:11:06.415+0000: 331086.325: Application time: 15.0029384 seconds
2019-06-25T04:11:13.057+0000: 331092.967: Application time: 6.6418276 seconds
2019-06-25T04:11:21.864+0000: 331101.774: Application time: 8.8071623 seconds
2019-06-25T04:12:36.554+0000: 331176.464: Application time: 74.6890619 seconds
{Heap before GC invocations=4852 (full 139):
 par new generation   total 9792K, used 9634K [0x00000000e1000000, 0x00000000e1aa0000, 0x00000000eb4a0000)
  eden space 8704K, 100% used [0x00000000e1000000, 0x00000000e1880000, 0x00000000e1880000)
  from space 1088K,  85% used [0x00000000e1880000, 0x00000000e1968890, 0x00000000e1990000)
  to   space 1088K,   0% used [0x00000000e1990000, 0x00000000e1990000, 0x00000000e1aa0000)
 concurrent mark-sweep generation total 118492K, used 70424K [0x00000000eb4a0000, 0x00000000f2857000, 0x0000000100000000)
 Metaspace       used 95730K, capacity 99993K, committed 100352K, reserved 1136640K
  class space    used 11678K, capacity 12465K, committed 12544K, reserved 1048576K
2019-06-25T04:12:36.555+0000: 331176.465: [GC (Allocation Failure) 2019-06-25T04:12:36.555+0000: 331176.465: [ParNew: 9634K->694K(9792K), 0.0046649 secs] 80058K->71330K(128284K), 0.0056375 secs] [Times: user=0.01 sys=0.00, real=0.01 secs] 
Heap after GC invocations=4853 (full 139):
 par new generation   total 9792K, used 694K [0x00000000e1000000, 0x00000000e1aa0000, 0x00000000eb4a0000)
  eden space 8704K,   0% used [0x00000000e1000000, 0x00000000e1000000, 0x00000000e1880000)
  from space 1088K,  63% used [0x00000000e1990000, 0x00000000e1a3da48, 0x00000000e1aa0000)
  to   space 1088K,   0% used [0x00000000e1880000, 0x00000000e1880000, 0x00000000e1990000)
 concurrent mark-sweep generation total 118492K, used 70635K [0x00000000eb4a0000, 0x00000000f2857000, 0x0000000100000000)
 Metaspace       used 95730K, capacity 99993K, committed 100352K, reserved 1136640K
  class space    used 11678K, capacity 12465K, committed 12544K, reserved 1048576K
}
2019-06-25T04:12:44.573+0000: 331184.483: Application time: 8.0113813 seconds
2019-06-25T04:12:44.574+0000: 331184.484: Application time: 0.0004293 seconds
2019-06-25T04:12:44.575+0000: 331184.484: Application time: 0.0002176 seconds
2019-06-25T04:12:44.575+0000: 331184.485: Application time: 0.0001709 seconds
2019-06-25T04:12:49.337+0000: 331189.247: Application time: 4.7604419 seconds
2019-06-25T04:12:49.372+0000: 331189.282: Application time: 0.0344400 seconds
2019-06-25T04:13:05.542+0000: 331205.451: Application time: 16.1688645 seconds
2019-06-25T04:13:51.656+0000: 331251.566: Application time: 46.1140043 seconds
{Heap before GC invocations=4853 (full 139):
 par new generation   total 9792K, used 9398K [0x00000000e1000000, 0x00000000e1aa0000, 0x00000000eb4a0000)
  eden space 8704K, 100% used [0x00000000e1000000, 0x00000000e1880000, 0x00000000e1880000)
  from space 1088K,  63% used [0x00000000e1990000, 0x00000000e1a3da48, 0x00000000e1aa0000)
  to   space 1088K,   0% used [0x00000000e1880000, 0x00000000e1880000, 0x00000000e1990000)
 concurrent mark-sweep generation total 118492K, used 70635K [0x00000000eb4a0000, 0x00000000f2857000, 0x0000000100000000)
 Metaspace       used 95730K, capacity 99993K, committed 100352K, reserved 1136640K
  class space    used 11678K, capacity 12465K, committed 12544K, reserved 1048576K
2019-06-25T04:13:51.657+0000: 331251.567: [GC (Allocation Failure) 2019-06-25T04:13:51.657+0000: 331251.567: [ParNew: 9398K->583K(9792K), 0.0045194 secs] 80034K->71380K(128284K), 0.0054615 secs] [Times: user=0.01 sys=0.00, real=0.01 secs] 
Heap after GC invocations=4854 (full 139):
 par new generation   total 9792K, used 583K [0x00000000e1000000, 0x00000000e1aa0000, 0x00000000eb4a0000)
  eden space 8704K,   0% used [0x00000000e1000000, 0x00000000e1000000, 0x00000000e1880000)
  from space 1088K,  53% used [0x00000000e1880000, 0x00000000e1911f50, 0x00000000e1990000)
  to   space 1088K,   0% used [0x00000000e1990000, 0x00000000e1990000, 0x00000000e1aa0000)
 concurrent mark-sweep generation total 118492K, used 70797K [0x00000000eb4a0000, 0x00000000f2857000, 0x0000000100000000)
 Metaspace       used 95730K, capacity 99993K, committed 100352K, reserved 1136640K
  class space    used 11678K, capacity 12465K, committed 12544K, reserved 1048576K
}
2019-06-25T04:14:31.694+0000: 331291.604: Application time: 40.0301918 seconds
2019-06-25T04:14:31.694+0000: 331291.604: Application time: 0.0000717 seconds
2019-06-25T04:14:31.695+0000: 331291.605: Application time: 0.0000679 seconds
2019-06-25T04:14:31.695+0000: 331291.605: Application time: 0.0000589 seconds
2019-06-25T04:14:31.696+0000: 331291.606: Application time: 0.0001898 seconds
2019-06-25T04:14:31.696+0000: 331291.606: Application time: 0.0000834 seconds
2019-06-25T04:15:09.756+0000: 331329.666: Application time: 38.0601221 seconds
2019-06-25T04:15:09.757+0000: 331329.667: Application time: 0.0001290 seconds
2019-06-25T04:15:09.757+0000: 331329.667: Application time: 0.0000899 seconds
2019-06-25T04:15:09.757+0000: 331329.667: Application time: 0.0000922 seconds
2019-06-25T04:15:32.964+0000: 331352.874: Application time: 23.2064300 seconds
{Heap before GC invocations=4854 (full 139):
 par new generation   total 9792K, used 9287K [0x00000000e1000000, 0x00000000e1aa0000, 0x00000000eb4a0000)
  eden space 8704K, 100% used [0x00000000e1000000, 0x00000000e1880000, 0x00000000e1880000)
  from space 1088K,  53% used [0x00000000e1880000, 0x00000000e1911f50, 0x00000000e1990000)
  to   space 1088K,   0% used [0x00000000e1990000, 0x00000000e1990000, 0x00000000e1aa0000)
 concurrent mark-sweep generation total 118492K, used 70797K [0x00000000eb4a0000, 0x00000000f2857000, 0x0000000100000000)
 Metaspace       used 95730K, capacity 99993K, committed 100352K, reserved 1136640K
  class space    used 11678K, capacity 12465K, committed 12544K, reserved 1048576K
2019-06-25T04:15:32.965+0000: 331352.875: [GC (Allocation Failure) 2019-06-25T04:15:32.965+0000: 331352.875: [ParNew: 9287K->782K(9792K), 0.0044401 secs] 80084K->71579K(128284K), 0.0055234 secs] [Times: user=0.01 sys=0.00, real=0.01 secs] 
Heap after GC invocations=4855 (full 139):
 par new generation   total 9792K, used 782K [0x00000000e1000000, 0x00000000e1aa0000, 0x00000000eb4a0000)
  eden space 8704K,   0% used [0x00000000e1000000, 0x00000000e1000000, 0x00000000e1880000)
  from space 1088K,  71% used [0x00000000e1990000, 0x00000000e1a53a48, 0x00000000e1aa0000)
  to   space 1088K,   0% used [0x00000000e1880000, 0x00000000e1880000, 0x00000000e1990000)
 concurrent mark-sweep generation total 118492K, used 70797K [0x00000000eb4a0000, 0x00000000f2857000, 0x0000000100000000)
 Metaspace       used 95730K, capacity 99993K, committed 100352K, reserved 1136640K
  class space    used 11678K, capacity 12465K, committed 12544K, reserved 1048576K
}
2019-06-25T04:16:21.908+0000: 331401.818: Application time: 48.9370025 seconds
2019-06-25T04:17:13.065+0000: 331452.975: Application time: 51.1563702 seconds
{Heap before GC invocations=4855 (full 139):
 par new generation   total 9792K, used 9486K [0x00000000e1000000, 0x00000000e1aa0000, 0x00000000eb4a0000)
  eden space 8704K, 100% used [0x00000000e1000000, 0x00000000e1880000, 0x00000000e1880000)
  from space 1088K,  71% used [0x00000000e1990000, 0x00000000e1a53a48, 0x00000000e1aa0000)
  to   space 1088K,   0% used [0x00000000e1880000, 0x00000000e1880000, 0x00000000e1990000)
 concurrent mark-sweep generation total 118492K, used 70797K [0x00000000eb4a0000, 0x00000000f2857000, 0x0000000100000000)
 Metaspace       used 95730K, capacity 99993K, committed 100352K, reserved 1136640K
  class space    used 11678K, capacity 12465K, committed 12544K, reserved 1048576K
2019-06-25T04:17:13.066+0000: 331452.976: [GC (Allocation Failure) 2019-06-25T04:17:13.066+0000: 331452.976: [ParNew: 9486K->858K(9792K), 0.0036561 secs] 80283K->71675K(128284K), 0.0045926 secs] [Times: user=0.00 sys=0.00, real=0.01 secs] 
Heap after GC invocations=4856 (full 139):
 par new generation   total 9792K, used 858K [0x00000000e1000000, 0x00000000e1aa0000, 0x00000000eb4a0000)
  eden space 8704K,   0% used [0x00000000e1000000, 0x00000000e1000000, 0x00000000e1880000)
  from space 1088K,  78% used [0x00000000e1880000, 0x00000000e19569b8, 0x00000000e1990000)
  to   space 1088K,   0% used [0x00000000e1990000, 0x00000000e1990000, 0x00000000e1aa0000)
 concurrent mark-sweep generation total 118492K, used 70816K [0x00000000eb4a0000, 0x00000000f2857000, 0x0000000100000000)
 Metaspace       used 95730K, capacity 99993K, committed 100352K, reserved 1136640K
  class space    used 11678K, capacity 12465K, committed 12544K, reserved 1048576K
}
2019-06-25T04:18:56.038+0000: 331555.948: Application time: 102.9667641 seconds
{Heap before GC invocations=4856 (full 139):
 par new generation   total 9792K, used 9562K [0x00000000e1000000, 0x00000000e1aa0000, 0x00000000eb4a0000)
  eden space 8704K, 100% used [0x00000000e1000000, 0x00000000e1880000, 0x00000000e1880000)
  from space 1088K,  78% used [0x00000000e1880000, 0x00000000e19569b8, 0x00000000e1990000)
  to   space 1088K,   0% used [0x00000000e1990000, 0x00000000e1990000, 0x00000000e1aa0000)
 concurrent mark-sweep generation total 118492K, used 70816K [0x00000000eb4a0000, 0x00000000f2857000, 0x0000000100000000)
 Metaspace       used 95730K, capacity 99993K, committed 100352K, reserved 1136640K
  class space    used 11678K, capacity 12465K, committed 12544K, reserved 1048576K
2019-06-25T04:18:56.039+0000: 331555.949: [GC (Allocation Failure) 2019-06-25T04:18:56.040+0000: 331555.950: [ParNew: 9562K->807K(9792K), 0.0044587 secs] 80379K->71735K(128284K), 0.0054917 secs] [Times: user=0.01 sys=0.00, real=0.00 secs] 
Heap after GC invocations=4857 (full 139):
 par new generation   total 9792K, used 807K [0x00000000e1000000, 0x00000000e1aa0000, 0x00000000eb4a0000)
  eden space 8704K,   0% used [0x00000000e1000000, 0x00000000e1000000, 0x00000000e1880000)
  from space 1088K,  74% used [0x00000000e1990000, 0x00000000e1a59ca0, 0x00000000e1aa0000)
  to   space 1088K,   0% used [0x00000000e1880000, 0x00000000e1880000, 0x00000000e1990000)
 concurrent mark-sweep generation total 118492K, used 70927K [0x00000000eb4a0000, 0x00000000f2857000, 0x0000000100000000)
 Metaspace       used 95730K, capacity 99993K, committed 100352K, reserved 1136640K
  class space    used 11678K, capacity 12465K, committed 12544K, reserved 1048576K
}
2019-06-25T04:20:17.906+0000: 331637.816: Application time: 81.8602222 seconds
2019-06-25T04:20:17.908+0000: 331637.818: Application time: 0.0018088 seconds
2019-06-25T04:20:17.923+0000: 331637.833: Application time: 0.0148631 seconds
2019-06-25T04:20:17.925+0000: 331637.835: Application time: 0.0015742 seconds
2019-06-25T04:20:37.210+0000: 331657.120: Application time: 19.2839647 seconds
{Heap before GC invocations=4857 (full 139):
 par new generation   total 9792K, used 9511K [0x00000000e1000000, 0x00000000e1aa0000, 0x00000000eb4a0000)
  eden space 8704K, 100% used [0x00000000e1000000, 0x00000000e1880000, 0x00000000e1880000)
  from space 1088K,  74% used [0x00000000e1990000, 0x00000000e1a59ca0, 0x00000000e1aa0000)
  to   space 1088K,   0% used [0x00000000e1880000, 0x00000000e1880000, 0x00000000e1990000)
 concurrent mark-sweep generation total 118492K, used 70927K [0x00000000eb4a0000, 0x00000000f2857000, 0x0000000100000000)
 Metaspace       used 95730K, capacity 99993K, committed 100352K, reserved 1136640K
  class space    used 11678K, capacity 12465K, committed 12544K, reserved 1048576K
2019-06-25T04:20:37.211+0000: 331657.120: [GC (Allocation Failure) 2019-06-25T04:20:37.211+0000: 331657.121: [ParNew: 9511K->824K(9792K), 0.0033244 secs] 80439K->71752K(128284K), 0.0043599 secs] [Times: user=0.01 sys=0.00, real=0.00 secs] 
Heap after GC invocations=4858 (full 139):
 par new generation   total 9792K, used 824K [0x00000000e1000000, 0x00000000e1aa0000, 0x00000000eb4a0000)
  eden space 8704K,   0% used [0x00000000e1000000, 0x00000000e1000000, 0x00000000e1880000)
  from space 1088K,  75% used [0x00000000e1880000, 0x00000000e194e128, 0x00000000e1990000)
  to   space 1088K,   0% used [0x00000000e1990000, 0x00000000e1990000, 0x00000000e1aa0000)
 concurrent mark-sweep generation total 118492K, used 70927K [0x00000000eb4a0000, 0x00000000f2857000, 0x0000000100000000)
 Metaspace       used 95730K, capacity 99993K, committed 100352K, reserved 1136640K
  class space    used 11678K, capacity 12465K, committed 12544K, reserved 1048576K
}
2019-06-25T04:21:21.924+0000: 331701.833: Application time: 44.7078793 seconds
2019-06-25T04:22:17.415+0000: 331757.325: Application time: 55.4910192 seconds
{Heap before GC invocations=4858 (full 139):
 par new generation   total 9792K, used 9528K [0x00000000e1000000, 0x00000000e1aa0000, 0x00000000eb4a0000)
  eden space 8704K, 100% used [0x00000000e1000000, 0x00000000e1880000, 0x00000000e1880000)
  from space 1088K,  75% used [0x00000000e1880000, 0x00000000e194e128, 0x00000000e1990000)
  to   space 1088K,   0% used [0x00000000e1990000, 0x00000000e1990000, 0x00000000e1aa0000)
 concurrent mark-sweep generation total 118492K, used 70927K [0x00000000eb4a0000, 0x00000000f2857000, 0x0000000100000000)
 Metaspace       used 95730K, capacity 99993K, committed 100352K, reserved 1136640K
  class space    used 11678K, capacity 12465K, committed 12544K, reserved 1048576K
2019-06-25T04:22:17.416+0000: 331757.326: [GC (Allocation Failure) 2019-06-25T04:22:17.416+0000: 331757.326: [ParNew: 9528K->756K(9792K), 0.0042964 secs] 80456K->71783K(128284K), 0.0053803 secs] [Times: user=0.01 sys=0.00, real=0.01 secs] 
Heap after GC invocations=4859 (full 139):
 par new generation   total 9792K, used 756K [0x00000000e1000000, 0x00000000e1aa0000, 0x00000000eb4a0000)
  eden space 8704K,   0% used [0x00000000e1000000, 0x00000000e1000000, 0x00000000e1880000)
  from space 1088K,  69% used [0x00000000e1990000, 0x00000000e1a4d390, 0x00000000e1aa0000)
  to   space 1088K,   0% used [0x00000000e1880000, 0x00000000e1880000, 0x00000000e1990000)
 concurrent mark-sweep generation total 118492K, used 71026K [0x00000000eb4a0000, 0x00000000f2857000, 0x0000000100000000)
 Metaspace       used 95730K, capacity 99993K, committed 100352K, reserved 1136640K
  class space    used 11678K, capacity 12465K, committed 12544K, reserved 1048576K
}
2019-06-25T04:23:58.502+0000: 331858.412: Application time: 101.0802312 seconds
{Heap before GC invocations=4859 (full 139):
 par new generation   total 9792K, used 9460K [0x00000000e1000000, 0x00000000e1aa0000, 0x00000000eb4a0000)
  eden space 8704K, 100% used [0x00000000e1000000, 0x00000000e1880000, 0x00000000e1880000)
  from space 1088K,  69% used [0x00000000e1990000, 0x00000000e1a4d390, 0x00000000e1aa0000)
  to   space 1088K,   0% used [0x00000000e1880000, 0x00000000e1880000, 0x00000000e1990000)
 concurrent mark-sweep generation total 118492K, used 71026K [0x00000000eb4a0000, 0x00000000f2857000, 0x0000000100000000)
 Metaspace       used 95730K, capacity 99993K, committed 100352K, reserved 1136640K
  class space    used 11678K, capacity 12465K, committed 12544K, reserved 1048576K
2019-06-25T04:23:58.504+0000: 331858.413: [GC (Allocation Failure) 2019-06-25T04:23:58.504+0000: 331858.414: [ParNew: 9460K->992K(9792K), 0.0092069 secs] 80487K->72023K(128284K), 0.0106444 secs] [Times: user=0.02 sys=0.00, real=0.01 secs] 
Heap after GC invocations=4860 (full 139):
 par new generation   total 9792K, used 992K [0x00000000e1000000, 0x00000000e1aa0000, 0x00000000eb4a0000)
  eden space 8704K,   0% used [0x00000000e1000000, 0x00000000e1000000, 0x00000000e1880000)
  from space 1088K,  91% used [0x00000000e1880000, 0x00000000e1978330, 0x00000000e1990000)
  to   space 1088K,   0% used [0x00000000e1990000, 0x00000000e1990000, 0x00000000e1aa0000)
 concurrent mark-sweep generation total 118492K, used 71031K [0x00000000eb4a0000, 0x00000000f2857000, 0x0000000100000000)
 Metaspace       used 95730K, capacity 99993K, committed 100352K, reserved 1136640K
  class space    used 11678K, capacity 12465K, committed 12544K, reserved 1048576K
}
2019-06-25T04:25:41.700+0000: 331961.610: Application time: 103.1843953 seconds
{Heap before GC invocations=4860 (full 139):
 par new generation   total 9792K, used 9696K [0x00000000e1000000, 0x00000000e1aa0000, 0x00000000eb4a0000)
  eden space 8704K, 100% used [0x00000000e1000000, 0x00000000e1880000, 0x00000000e1880000)
  from space 1088K,  91% used [0x00000000e1880000, 0x00000000e1978330, 0x00000000e1990000)
  to   space 1088K,   0% used [0x00000000e1990000, 0x00000000e1990000, 0x00000000e1aa0000)
 concurrent mark-sweep generation total 118492K, used 71031K [0x00000000eb4a0000, 0x00000000f2857000, 0x0000000100000000)
 Metaspace       used 95730K, capacity 99993K, committed 100352K, reserved 1136640K
  class space    used 11678K, capacity 12465K, committed 12544K, reserved 1048576K
2019-06-25T04:25:41.701+0000: 331961.611: [GC (Allocation Failure) 2019-06-25T04:25:41.702+0000: 331961.612: [ParNew: 9696K->591K(9792K), 0.0043009 secs] 80727K->71622K(128284K), 0.0053600 secs] [Times: user=0.00 sys=0.00, real=0.00 secs] 
Heap after GC invocations=4861 (full 139):
 par new generation   total 9792K, used 591K [0x00000000e1000000, 0x00000000e1aa0000, 0x00000000eb4a0000)
  eden space 8704K,   0% used [0x00000000e1000000, 0x00000000e1000000, 0x00000000e1880000)
  from space 1088K,  54% used [0x00000000e1990000, 0x00000000e1a23d18, 0x00000000e1aa0000)
  to   space 1088K,   0% used [0x00000000e1880000, 0x00000000e1880000, 0x00000000e1990000)
 concurrent mark-sweep generation total 118492K, used 71031K [0x00000000eb4a0000, 0x00000000f2857000, 0x0000000100000000)
 Metaspace       used 95730K, capacity 99993K, committed 100352K, reserved 1136640K
  class space    used 11678K, capacity 12465K, committed 12544K, reserved 1048576K
}
2019-06-25T04:25:48.709+0000: 331968.619: Application time: 7.0012061 seconds
2019-06-25T04:26:21.966+0000: 332001.876: Application time: 33.2565425 seconds
2019-06-25T04:27:17.965+0000: 332057.875: Application time: 55.9988828 seconds
{Heap before GC invocations=4861 (full 139):
 par new generation   total 9792K, used 9295K [0x00000000e1000000, 0x00000000e1aa0000, 0x00000000eb4a0000)
  eden space 8704K, 100% used [0x00000000e1000000, 0x00000000e1880000, 0x00000000e1880000)
  from space 1088K,  54% used [0x00000000e1990000, 0x00000000e1a23d18, 0x00000000e1aa0000)
  to   space 1088K,   0% used [0x00000000e1880000, 0x00000000e1880000, 0x00000000e1990000)
 concurrent mark-sweep generation total 118492K, used 71031K [0x00000000eb4a0000, 0x00000000f2857000, 0x0000000100000000)
 Metaspace       used 95730K, capacity 99993K, committed 100352K, reserved 1136640K
  class space    used 11678K, capacity 12465K, committed 12544K, reserved 1048576K
2019-06-25T04:27:17.966+0000: 332057.876: [GC (Allocation Failure) 2019-06-25T04:27:17.967+0000: 332057.876: [ParNew: 9295K->840K(9792K), 0.0040510 secs] 80326K->71871K(128284K), 0.0049902 secs] [Times: user=0.00 sys=0.00, real=0.01 secs] 
Heap after GC invocations=4862 (full 139):
 par new generation   total 9792K, used 840K [0x00000000e1000000, 0x00000000e1aa0000, 0x00000000eb4a0000)
  eden space 8704K,   0% used [0x00000000e1000000, 0x00000000e1000000, 0x00000000e1880000)
  from space 1088K,  77% used [0x00000000e1880000, 0x00000000e1952060, 0x00000000e1990000)
  to   space 1088K,   0% used [0x00000000e1990000, 0x00000000e1990000, 0x00000000e1aa0000)
 concurrent mark-sweep generation total 118492K, used 71031K [0x00000000eb4a0000, 0x00000000f2857000, 0x0000000100000000)
 Metaspace       used 95730K, capacity 99993K, committed 100352K, reserved 1136640K
  class space    used 11678K, capacity 12465K, committed 12544K, reserved 1048576K
}
2019-06-25T04:28:11.768+0000: 332111.678: Application time: 53.7962388 seconds
2019-06-25T04:29:01.816+0000: 332161.726: Application time: 50.0476931 seconds
{Heap before GC invocations=4862 (full 139):
 par new generation   total 9792K, used 9544K [0x00000000e1000000, 0x00000000e1aa0000, 0x00000000eb4a0000)
  eden space 8704K, 100% used [0x00000000e1000000, 0x00000000e1880000, 0x00000000e1880000)
  from space 1088K,  77% used [0x00000000e1880000, 0x00000000e1952060, 0x00000000e1990000)
  to   space 1088K,   0% used [0x00000000e1990000, 0x00000000e1990000, 0x00000000e1aa0000)
 concurrent mark-sweep generation total 118492K, used 71031K [0x00000000eb4a0000, 0x00000000f2857000, 0x0000000100000000)
 Metaspace       used 95730K, capacity 99993K, committed 100352K, reserved 1136640K
  class space    used 11678K, capacity 12465K, committed 12544K, reserved 1048576K
2019-06-25T04:29:01.817+0000: 332161.727: [GC (Allocation Failure) 2019-06-25T04:29:01.817+0000: 332161.727: [ParNew: 9544K->670K(9792K), 0.0033603 secs] 80575K->71759K(128284K), 0.0046145 secs] [Times: user=0.01 sys=0.00, real=0.01 secs] 
Heap after GC invocations=4863 (full 139):
 par new generation   total 9792K, used 670K [0x00000000e1000000, 0x00000000e1aa0000, 0x00000000eb4a0000)
  eden space 8704K,   0% used [0x00000000e1000000, 0x00000000e1000000, 0x00000000e1880000)
  from space 1088K,  61% used [0x00000000e1990000, 0x00000000e1a37b78, 0x00000000e1aa0000)
  to   space 1088K,   0% used [0x00000000e1880000, 0x00000000e1880000, 0x00000000e1990000)
 concurrent mark-sweep generation total 118492K, used 71088K [0x00000000eb4a0000, 0x00000000f2857000, 0x0000000100000000)
 Metaspace       used 95730K, capacity 99993K, committed 100352K, reserved 1136640K
  class space    used 11678K, capacity 12465K, committed 12544K, reserved 1048576K
}
2019-06-25T04:30:42.061+0000: 332261.971: Application time: 100.2386568 seconds
{Heap before GC invocations=4863 (full 139):
 par new generation   total 9792K, used 9374K [0x00000000e1000000, 0x00000000e1aa0000, 0x00000000eb4a0000)
  eden space 8704K, 100% used [0x00000000e1000000, 0x00000000e1880000, 0x00000000e1880000)
  from space 1088K,  61% used [0x00000000e1990000, 0x00000000e1a37b78, 0x00000000e1aa0000)
  to   space 1088K,   0% used [0x00000000e1880000, 0x00000000e1880000, 0x00000000e1990000)
 concurrent mark-sweep generation total 118492K, used 71088K [0x00000000eb4a0000, 0x00000000f2857000, 0x0000000100000000)
 Metaspace       used 95730K, capacity 99993K, committed 100352K, reserved 1136640K
  class space    used 11678K, capacity 12465K, committed 12544K, reserved 1048576K
2019-06-25T04:30:42.062+0000: 332261.972: [GC (Allocation Failure) 2019-06-25T04:30:42.063+0000: 332261.972: [ParNew: 9374K->604K(9792K), 0.0039733 secs] 80463K->71692K(128284K), 0.0048768 secs] [Times: user=0.00 sys=0.01, real=0.00 secs] 
Heap after GC invocations=4864 (full 139):
 par new generation   total 9792K, used 604K [0x00000000e1000000, 0x00000000e1aa0000, 0x00000000eb4a0000)
  eden space 8704K,   0% used [0x00000000e1000000, 0x00000000e1000000, 0x00000000e1880000)
  from space 1088K,  55% used [0x00000000e1880000, 0x00000000e1917050, 0x00000000e1990000)
  to   space 1088K,   0% used [0x00000000e1990000, 0x00000000e1990000, 0x00000000e1aa0000)
 concurrent mark-sweep generation total 118492K, used 71088K [0x00000000eb4a0000, 0x00000000f2857000, 0x0000000100000000)
 Metaspace       used 95730K, capacity 99993K, committed 100352K, reserved 1136640K
  class space    used 11678K, capacity 12465K, committed 12544K, reserved 1048576K
}
2019-06-25T04:31:22.000+0000: 332301.909: Application time: 39.9315268 seconds
2019-06-25T04:31:25.769+0000: 332305.679: Application time: 3.7691765 seconds
2019-06-25T04:31:25.795+0000: 332305.705: Application time: 0.0258748 seconds
2019-06-25T04:31:31.845+0000: 332311.755: Application time: 6.0493762 seconds
2019-06-25T04:31:58.167+0000: 332338.077: Application time: 26.3207246 seconds
{Heap before GC invocations=4864 (full 139):
 par new generation   total 9792K, used 9308K [0x00000000e1000000, 0x00000000e1aa0000, 0x00000000eb4a0000)
  eden space 8704K, 100% used [0x00000000e1000000, 0x00000000e1880000, 0x00000000e1880000)
  from space 1088K,  55% used [0x00000000e1880000, 0x00000000e1917050, 0x00000000e1990000)
  to   space 1088K,   0% used [0x00000000e1990000, 0x00000000e1990000, 0x00000000e1aa0000)
 concurrent mark-sweep generation total 118492K, used 71088K [0x00000000eb4a0000, 0x00000000f2857000, 0x0000000100000000)
 Metaspace       used 95730K, capacity 99993K, committed 100352K, reserved 1136640K
  class space    used 11678K, capacity 12465K, committed 12544K, reserved 1048576K
2019-06-25T04:31:58.167+0000: 332338.077: [GC (Allocation Failure) 2019-06-25T04:31:58.167+0000: 332338.077: [ParNew: 9308K->672K(9792K), 0.0036917 secs] 80396K->71761K(128284K), 0.0045262 secs] [Times: user=0.01 sys=0.00, real=0.01 secs] 
Heap after GC invocations=4865 (full 139):
 par new generation   total 9792K, used 672K [0x00000000e1000000, 0x00000000e1aa0000, 0x00000000eb4a0000)
  eden space 8704K,   0% used [0x00000000e1000000, 0x00000000e1000000, 0x00000000e1880000)
  from space 1088K,  61% used [0x00000000e1990000, 0x00000000e1a382e0, 0x00000000e1aa0000)
  to   space 1088K,   0% used [0x00000000e1880000, 0x00000000e1880000, 0x00000000e1990000)
 concurrent mark-sweep generation total 118492K, used 71088K [0x00000000eb4a0000, 0x00000000f2857000, 0x0000000100000000)
 Metaspace       used 95730K, capacity 99993K, committed 100352K, reserved 1136640K
  class space    used 11678K, capacity 12465K, committed 12544K, reserved 1048576K
}
2019-06-25T04:32:38.126+0000: 332378.035: Application time: 39.9533821 seconds
2019-06-25T04:32:38.126+0000: 332378.036: Application time: 0.0000694 seconds
2019-06-25T04:32:38.126+0000: 332378.036: Application time: 0.0000593 seconds
2019-06-25T04:32:38.126+0000: 332378.036: Application time: 0.0000794 seconds
2019-06-25T04:32:38.127+0000: 332378.037: Application time: 0.0000649 seconds
2019-06-25T04:32:38.127+0000: 332378.037: Application time: 0.0000562 seconds
2019-06-25T04:32:38.127+0000: 332378.037: Application time: 0.0000597 seconds
2019-06-25T04:32:38.128+0000: 332378.037: Application time: 0.0000600 seconds
2019-06-25T04:32:38.128+0000: 332378.038: Application time: 0.0001352 seconds
2019-06-25T04:32:38.128+0000: 332378.038: Application time: 0.0001422 seconds
2019-06-25T04:32:43.032+0000: 332382.942: Application time: 4.9036774 seconds
2019-06-25T04:32:43.061+0000: 332382.970: Application time: 0.0278510 seconds
2019-06-25T04:33:05.540+0000: 332405.450: Application time: 22.4788006 seconds
2019-06-25T04:33:11.662+0000: 332411.572: Application time: 6.1223163 seconds
{Heap before GC invocations=4865 (full 139):
 par new generation   total 9792K, used 9375K [0x00000000e1000000, 0x00000000e1aa0000, 0x00000000eb4a0000)
  eden space 8704K,  99% used [0x00000000e1000000, 0x00000000e187fd00, 0x00000000e1880000)
  from space 1088K,  61% used [0x00000000e1990000, 0x00000000e1a382e0, 0x00000000e1aa0000)
  to   space 1088K,   0% used [0x00000000e1880000, 0x00000000e1880000, 0x00000000e1990000)
 concurrent mark-sweep generation total 118492K, used 71088K [0x00000000eb4a0000, 0x00000000f2857000, 0x0000000100000000)
 Metaspace       used 95730K, capacity 99993K, committed 100352K, reserved 1136640K
  class space    used 11678K, capacity 12465K, committed 12544K, reserved 1048576K
2019-06-25T04:33:11.663+0000: 332411.573: [GC (Allocation Failure) 2019-06-25T04:33:11.664+0000: 332411.573: [ParNew: 9375K->1088K(9792K), 0.0055951 secs] 80464K->72235K(128284K), 0.0066028 secs] [Times: user=0.01 sys=0.00, real=0.01 secs] 
Heap after GC invocations=4866 (full 139):
 par new generation   total 9792K, used 1088K [0x00000000e1000000, 0x00000000e1aa0000, 0x00000000eb4a0000)
  eden space 8704K,   0% used [0x00000000e1000000, 0x00000000e1000000, 0x00000000e1880000)
  from space 1088K, 100% used [0x00000000e1880000, 0x00000000e1990000, 0x00000000e1990000)
  to   space 1088K,   0% used [0x00000000e1990000, 0x00000000e1990000, 0x00000000e1aa0000)
 concurrent mark-sweep generation total 118492K, used 71147K [0x00000000eb4a0000, 0x00000000f2857000, 0x0000000100000000)
 Metaspace       used 95730K, capacity 99993K, committed 100352K, reserved 1136640K
  class space    used 11678K, capacity 12465K, committed 12544K, reserved 1048576K
}
2019-06-25T04:33:11.672+0000: 332411.582: Application time: 0.0006803 seconds
2019-06-25T04:33:11.675+0000: 332411.585: [GC (CMS Initial Mark) [1 CMS-initial-mark: 71147K(118492K)] 72612K(128284K), 0.0045908 secs] [Times: user=0.01 sys=0.00, real=0.01 secs] 
2019-06-25T04:33:11.681+0000: 332411.590: [CMS-concurrent-mark-start]
2019-06-25T04:33:11.784+0000: 332411.694: [CMS-concurrent-mark: 0.103/0.103 secs] [Times: user=0.11 sys=0.00, real=0.10 secs] 
2019-06-25T04:33:11.784+0000: 332411.694: [CMS-concurrent-preclean-start]
2019-06-25T04:33:11.786+0000: 332411.696: [CMS-concurrent-preclean: 0.002/0.002 secs] [Times: user=0.00 sys=0.00, real=0.00 secs] 
2019-06-25T04:33:11.787+0000: 332411.697: Application time: 0.1063124 seconds
2019-06-25T04:33:11.787+0000: 332411.697: [GC (CMS Final Remark) [YG occupancy: 2865 K (9792 K)]2019-06-25T04:33:11.787+0000: 332411.697: [Rescan (parallel) , 0.0043127 secs]2019-06-25T04:33:11.792+0000: 332411.702: [weak refs processing, 0.0038666 secs]2019-06-25T04:33:11.796+0000: 332411.706: [class unloading, 0.0324650 secs]2019-06-25T04:33:11.829+0000: 332411.739: [scrub symbol table, 0.0215453 secs]2019-06-25T04:33:11.851+0000: 332411.761: [scrub string table, 0.0015475 secs][1 CMS-remark: 71147K(118492K)] 74012K(128284K), 0.0804220 secs] [Times: user=0.08 sys=0.00, real=0.08 secs] 
2019-06-25T04:33:11.868+0000: 332411.778: [CMS-concurrent-sweep-start]
2019-06-25T04:33:11.902+0000: 332411.812: [CMS-concurrent-sweep: 0.033/0.033 secs] [Times: user=0.03 sys=0.00, real=0.03 secs] 
2019-06-25T04:33:11.902+0000: 332411.812: [CMS-concurrent-reset-start]
2019-06-25T04:33:11.903+0000: 332411.812: [CMS-concurrent-reset: 0.000/0.000 secs] [Times: user=0.00 sys=0.00, real=0.00 secs] 
2019-06-25T04:33:12.178+0000: 332412.088: Application time: 0.3099914 seconds
2019-06-25T04:33:12.179+0000: 332412.089: Application time: 0.0001781 seconds
2019-06-25T04:33:12.180+0000: 332412.089: Application time: 0.0001523 seconds
2019-06-25T04:33:12.180+0000: 332412.090: Application time: 0.0001579 seconds
2019-06-25T04:33:12.181+0000: 332412.091: Application time: 0.0001513 seconds
2019-06-25T04:33:12.181+0000: 332412.091: Application time: 0.0001488 seconds
2019-06-25T04:33:12.182+0000: 332412.092: Application time: 0.0001503 seconds
2019-06-25T04:33:12.182+0000: 332412.092: Application time: 0.0001600 seconds
2019-06-25T04:33:12.183+0000: 332412.093: Application time: 0.0003521 seconds
2019-06-25T04:33:12.183+0000: 332412.093: Application time: 0.0002437 seconds
2019-06-25T04:33:13.184+0000: 332413.094: Application time: 1.0005083 seconds
2019-06-25T04:33:16.185+0000: 332416.095: Application time: 3.0004056 seconds
2019-06-25T04:33:16.660+0000: 332416.570: Application time: 0.4749556 seconds
2019-06-25T04:33:16.709+0000: 332416.619: Application time: 0.0491076 seconds
2019-06-25T04:33:17.710+0000: 332417.620: Application time: 1.0002530 seconds
2019-06-25T04:33:18.711+0000: 332418.620: Application time: 1.0003181 seconds
2019-06-25T04:33:19.711+0000: 332419.621: Application time: 1.0002781 seconds
2019-06-25T04:33:32.713+0000: 332432.623: Application time: 13.0018618 seconds
2019-06-25T04:33:40.715+0000: 332440.624: Application time: 8.0011593 seconds
2019-06-25T04:34:01.863+0000: 332461.773: Application time: 21.1480286 seconds
2019-06-25T04:34:01.863+0000: 332461.773: Application time: 0.0000931 seconds
2019-06-25T04:34:01.864+0000: 332461.774: Application time: 0.0000822 seconds
2019-06-25T04:34:01.864+0000: 332461.774: Application time: 0.0000842 seconds
2019-06-25T04:34:01.864+0000: 332461.774: Application time: 0.0000814 seconds
2019-06-25T04:34:01.865+0000: 332461.774: Application time: 0.0000811 seconds
2019-06-25T04:34:01.865+0000: 332461.775: Application time: 0.0000803 seconds
2019-06-25T04:34:01.865+0000: 332461.775: Application time: 0.0005962 seconds
2019-06-25T04:34:01.866+0000: 332461.776: Application time: 0.0003648 seconds
2019-06-25T04:34:01.867+0000: 332461.776: Application time: 0.0002290 seconds
2019-06-25T04:34:03.249+0000: 332463.159: Application time: 1.3823265 seconds
{Heap before GC invocations=4866 (full 140):
 par new generation   total 9792K, used 9792K [0x00000000e1000000, 0x00000000e1aa0000, 0x00000000eb4a0000)
  eden space 8704K, 100% used [0x00000000e1000000, 0x00000000e1880000, 0x00000000e1880000)
  from space 1088K, 100% used [0x00000000e1880000, 0x00000000e1990000, 0x00000000e1990000)
  to   space 1088K,   0% used [0x00000000e1990000, 0x00000000e1990000, 0x00000000e1aa0000)
 concurrent mark-sweep generation total 118492K, used 64109K [0x00000000eb4a0000, 0x00000000f2857000, 0x0000000100000000)
 Metaspace       used 95692K, capacity 99921K, committed 100352K, reserved 1136640K
  class space    used 11671K, capacity 12453K, committed 12544K, reserved 1048576K
2019-06-25T04:34:03.249+0000: 332463.159: [GC (Allocation Failure) 2019-06-25T04:34:03.250+0000: 332463.160: [ParNew: 9792K->1088K(9792K), 0.0225269 secs] 73901K->65431K(128284K), 0.0237049 secs] [Times: user=0.04 sys=0.00, real=0.02 secs] 
Heap after GC invocations=4867 (full 140):
 par new generation   total 9792K, used 1088K [0x00000000e1000000, 0x00000000e1aa0000, 0x00000000eb4a0000)
  eden space 8704K,   0% used [0x00000000e1000000, 0x00000000e1000000, 0x00000000e1880000)
  from space 1088K, 100% used [0x00000000e1990000, 0x00000000e1aa0000, 0x00000000e1aa0000)
  to   space 1088K,   0% used [0x00000000e1880000, 0x00000000e1880000, 0x00000000e1990000)
 concurrent mark-sweep generation total 118492K, used 64343K [0x00000000eb4a0000, 0x00000000f2857000, 0x0000000100000000)
 Metaspace       used 95692K, capacity 99921K, committed 100352K, reserved 1136640K
  class space    used 11671K, capacity 12453K, committed 12544K, reserved 1048576K
}
2019-06-25T04:34:05.540+0000: 332465.450: Application time: 2.2660141 seconds
2019-06-25T04:34:06.801+0000: 332466.711: Application time: 1.2611068 seconds
2019-06-25T04:34:06.836+0000: 332466.746: Application time: 0.0343382 seconds
2019-06-25T04:34:47.842+0000: 332507.752: Application time: 41.0061788 seconds
2019-06-25T04:34:59.343+0000: 332519.253: Application time: 11.5004276 seconds
2019-06-25T04:34:59.344+0000: 332519.254: Application time: 0.0002069 seconds
2019-06-25T04:34:59.344+0000: 332519.254: Application time: 0.0000915 seconds
2019-06-25T04:34:59.345+0000: 332519.254: Application time: 0.0000890 seconds
2019-06-25T04:34:59.345+0000: 332519.255: Application time: 0.0000818 seconds
2019-06-25T04:34:59.345+0000: 332519.255: Application time: 0.0000815 seconds
2019-06-25T04:34:59.345+0000: 332519.255: Application time: 0.0000820 seconds
2019-06-25T04:34:59.346+0000: 332519.256: Application time: 0.0000887 seconds
2019-06-25T04:34:59.346+0000: 332519.256: Application time: 0.0002074 seconds
2019-06-25T04:34:59.346+0000: 332519.256: Application time: 0.0000682 seconds
2019-06-25T04:35:03.450+0000: 332523.360: Application time: 4.1035916 seconds
2019-06-25T04:35:03.482+0000: 332523.391: Application time: 0.0311145 seconds
2019-06-25T04:35:05.540+0000: 332525.449: Application time: 2.0577934 seconds
2019-06-25T04:35:17.505+0000: 332537.415: Application time: 11.9653078 seconds
{Heap before GC invocations=4867 (full 140):
 par new generation   total 9792K, used 9792K [0x00000000e1000000, 0x00000000e1aa0000, 0x00000000eb4a0000)
  eden space 8704K, 100% used [0x00000000e1000000, 0x00000000e1880000, 0x00000000e1880000)
  from space 1088K, 100% used [0x00000000e1990000, 0x00000000e1aa0000, 0x00000000e1aa0000)
  to   space 1088K,   0% used [0x00000000e1880000, 0x00000000e1880000, 0x00000000e1990000)
 concurrent mark-sweep generation total 118492K, used 64343K [0x00000000eb4a0000, 0x00000000f2857000, 0x0000000100000000)
 Metaspace       used 95692K, capacity 99921K, committed 100352K, reserved 1136640K
  class space    used 11671K, capacity 12453K, committed 12544K, reserved 1048576K
2019-06-25T04:35:17.506+0000: 332537.415: [GC (Allocation Failure) 2019-06-25T04:35:17.506+0000: 332537.416: [ParNew: 9792K->1088K(9792K), 0.0052400 secs] 74135K->65772K(128284K), 0.0061245 secs] [Times: user=0.01 sys=0.00, real=0.01 secs] 
Heap after GC invocations=4868 (full 140):
 par new generation   total 9792K, used 1088K [0x00000000e1000000, 0x00000000e1aa0000, 0x00000000eb4a0000)
  eden space 8704K,   0% used [0x00000000e1000000, 0x00000000e1000000, 0x00000000e1880000)
  from space 1088K, 100% used [0x00000000e1880000, 0x00000000e1990000, 0x00000000e1990000)
  to   space 1088K,   0% used [0x00000000e1990000, 0x00000000e1990000, 0x00000000e1aa0000)
 concurrent mark-sweep generation total 118492K, used 64684K [0x00000000eb4a0000, 0x00000000f2857000, 0x0000000100000000)
 Metaspace       used 95692K, capacity 99921K, committed 100352K, reserved 1136640K
  class space    used 11671K, capacity 12453K, committed 12544K, reserved 1048576K
}
2019-06-25T04:35:19.374+0000: 332539.284: Application time: 1.8615577 seconds
2019-06-25T04:35:19.375+0000: 332539.284: Application time: 0.0000964 seconds
2019-06-25T04:35:19.375+0000: 332539.285: Application time: 0.0001029 seconds
2019-06-25T04:35:19.375+0000: 332539.285: Application time: 0.0000859 seconds
2019-06-25T04:35:19.376+0000: 332539.286: Application time: 0.0000917 seconds
2019-06-25T04:35:19.376+0000: 332539.286: Application time: 0.0000826 seconds
2019-06-25T04:35:19.377+0000: 332539.286: Application time: 0.0000820 seconds
2019-06-25T04:35:19.377+0000: 332539.287: Application time: 0.0001106 seconds
2019-06-25T04:35:19.377+0000: 332539.287: Application time: 0.0001832 seconds
2019-06-25T04:35:19.377+0000: 332539.287: Application time: 0.0001181 seconds
2019-06-25T04:35:22.378+0000: 332542.288: Application time: 3.0006561 seconds
2019-06-25T04:35:24.300+0000: 332544.210: Application time: 1.9214423 seconds
2019-06-25T04:35:24.324+0000: 332544.234: Application time: 0.0236549 seconds
2019-06-25T04:35:25.384+0000: 332545.294: Application time: 1.0599530 seconds
2019-06-25T04:35:25.385+0000: 332545.295: Application time: 0.0000962 seconds
2019-06-25T04:35:25.385+0000: 332545.295: Application time: 0.0000731 seconds
2019-06-25T04:35:25.385+0000: 332545.295: Application time: 0.0000819 seconds
2019-06-25T04:35:25.386+0000: 332545.296: Application time: 0.0006102 seconds
2019-06-25T04:35:25.386+0000: 332545.296: Application time: 0.0000638 seconds
2019-06-25T04:35:25.386+0000: 332545.296: Application time: 0.0000560 seconds
2019-06-25T04:35:25.387+0000: 332545.296: Application time: 0.0000582 seconds
2019-06-25T04:35:25.387+0000: 332545.297: Application time: 0.0001749 seconds
2019-06-25T04:35:25.387+0000: 332545.297: Application time: 0.0001345 seconds
2019-06-25T04:35:30.246+0000: 332550.156: Application time: 4.8588084 seconds
2019-06-25T04:35:30.271+0000: 332550.181: Application time: 0.0245224 seconds
2019-06-25T04:35:34.272+0000: 332554.181: Application time: 4.0006104 seconds
2019-06-25T04:36:02.277+0000: 332582.187: Application time: 28.0048853 seconds
2019-06-25T04:36:05.540+0000: 332585.450: Application time: 3.2626374 seconds
2019-06-25T04:36:08.444+0000: 332588.354: Application time: 2.9036473 seconds
2019-06-25T04:36:08.444+0000: 332588.354: Application time: 0.0000530 seconds
2019-06-25T04:36:08.445+0000: 332588.355: Application time: 0.0008244 seconds
2019-06-25T04:36:08.447+0000: 332588.357: Application time: 0.0001293 seconds
2019-06-25T04:36:08.447+0000: 332588.357: Application time: 0.0001136 seconds
2019-06-25T04:36:08.448+0000: 332588.358: Application time: 0.0001137 seconds
2019-06-25T04:36:08.448+0000: 332588.358: Application time: 0.0004315 seconds
2019-06-25T04:36:08.449+0000: 332588.359: Application time: 0.0001403 seconds
2019-06-25T04:36:08.450+0000: 332588.360: Application time: 0.0002753 seconds
2019-06-25T04:36:08.450+0000: 332588.360: Application time: 0.0001449 seconds
2019-06-25T04:36:09.817+0000: 332589.727: Application time: 1.3664921 seconds
{Heap before GC invocations=4868 (full 140):
 par new generation   total 9792K, used 9792K [0x00000000e1000000, 0x00000000e1aa0000, 0x00000000eb4a0000)
  eden space 8704K, 100% used [0x00000000e1000000, 0x00000000e1880000, 0x00000000e1880000)
  from space 1088K, 100% used [0x00000000e1880000, 0x00000000e1990000, 0x00000000e1990000)
  to   space 1088K,   0% used [0x00000000e1990000, 0x00000000e1990000, 0x00000000e1aa0000)
 concurrent mark-sweep generation total 118492K, used 64684K [0x00000000eb4a0000, 0x00000000f2857000, 0x0000000100000000)
 Metaspace       used 95695K, capacity 99927K, committed 100352K, reserved 1136640K
  class space    used 11672K, capacity 12454K, committed 12544K, reserved 1048576K
2019-06-25T04:36:09.818+0000: 332589.728: [GC (Allocation Failure) 2019-06-25T04:36:09.818+0000: 332589.728: [ParNew: 9792K->1034K(9792K), 0.0251996 secs] 74476K->66135K(128284K), 0.0267540 secs] [Times: user=0.04 sys=0.01, real=0.03 secs] 
Heap after GC invocations=4869 (full 140):
 par new generation   total 9792K, used 1034K [0x00000000e1000000, 0x00000000e1aa0000, 0x00000000eb4a0000)
  eden space 8704K,   0% used [0x00000000e1000000, 0x00000000e1000000, 0x00000000e1880000)
  from space 1088K,  95% used [0x00000000e1990000, 0x00000000e1a92870, 0x00000000e1aa0000)
  to   space 1088K,   0% used [0x00000000e1880000, 0x00000000e1880000, 0x00000000e1990000)
 concurrent mark-sweep generation total 118492K, used 65101K [0x00000000eb4a0000, 0x00000000f2857000, 0x0000000100000000)
 Metaspace       used 95695K, capacity 99927K, committed 100352K, reserved 1136640K
  class space    used 11672K, capacity 12454K, committed 12544K, reserved 1048576K
}
2019-06-25T04:36:22.024+0000: 332601.934: Application time: 12.1778197 seconds
2019-06-25T04:36:47.490+0000: 332627.400: Application time: 25.4658271 seconds
2019-06-25T04:36:47.490+0000: 332627.400: Application time: 0.0000664 seconds
2019-06-25T04:36:47.491+0000: 332627.401: Application time: 0.0000882 seconds
2019-06-25T04:36:47.492+0000: 332627.401: Application time: 0.0000655 seconds
2019-06-25T04:36:47.492+0000: 332627.402: Application time: 0.0000626 seconds
2019-06-25T04:36:47.492+0000: 332627.402: Application time: 0.0001663 seconds
2019-06-25T04:36:47.493+0000: 332627.402: Application time: 0.0000889 seconds
2019-06-25T04:36:52.123+0000: 332632.033: Application time: 4.6294218 seconds
2019-06-25T04:36:52.158+0000: 332632.068: Application time: 0.0350534 seconds
2019-06-25T04:37:01.887+0000: 332641.797: Application time: 9.7285397 seconds
2019-06-25T04:37:01.888+0000: 332641.797: Application time: 0.0000726 seconds
2019-06-25T04:37:05.541+0000: 332645.451: Application time: 3.6532821 seconds
2019-06-25T04:37:13.097+0000: 332653.007: Application time: 7.5557118 seconds
2019-06-25T04:37:21.528+0000: 332661.438: Application time: 8.4304497 seconds
{Heap before GC invocations=4869 (full 140):
 par new generation   total 9792K, used 9738K [0x00000000e1000000, 0x00000000e1aa0000, 0x00000000eb4a0000)
  eden space 8704K, 100% used [0x00000000e1000000, 0x00000000e1880000, 0x00000000e1880000)
  from space 1088K,  95% used [0x00000000e1990000, 0x00000000e1a92870, 0x00000000e1aa0000)
  to   space 1088K,   0% used [0x00000000e1880000, 0x00000000e1880000, 0x00000000e1990000)
 concurrent mark-sweep generation total 118492K, used 65101K [0x00000000eb4a0000, 0x00000000f2857000, 0x0000000100000000)
 Metaspace       used 95695K, capacity 99927K, committed 100352K, reserved 1136640K
  class space    used 11672K, capacity 12454K, committed 12544K, reserved 1048576K
2019-06-25T04:37:21.529+0000: 332661.439: [GC (Allocation Failure) 2019-06-25T04:37:21.529+0000: 332661.439: [ParNew: 9738K->849K(9792K), 0.0035798 secs] 74839K->65951K(128284K), 0.0044196 secs] [Times: user=0.01 sys=0.00, real=0.00 secs] 
Heap after GC invocations=4870 (full 140):
 par new generation   total 9792K, used 849K [0x00000000e1000000, 0x00000000e1aa0000, 0x00000000eb4a0000)
  eden space 8704K,   0% used [0x00000000e1000000, 0x00000000e1000000, 0x00000000e1880000)
  from space 1088K,  78% used [0x00000000e1880000, 0x00000000e1954760, 0x00000000e1990000)
  to   space 1088K,   0% used [0x00000000e1990000, 0x00000000e1990000, 0x00000000e1aa0000)
 concurrent mark-sweep generation total 118492K, used 65101K [0x00000000eb4a0000, 0x00000000f2857000, 0x0000000100000000)
 Metaspace       used 95695K, capacity 99927K, committed 100352K, reserved 1136640K
  class space    used 11672K, capacity 12454K, committed 12544K, reserved 1048576K
}
2019-06-25T04:39:05.637+0000: 332765.547: Application time: 104.1030210 seconds
{Heap before GC invocations=4870 (full 140):
 par new generation   total 9792K, used 9553K [0x00000000e1000000, 0x00000000e1aa0000, 0x00000000eb4a0000)
  eden space 8704K, 100% used [0x00000000e1000000, 0x00000000e1880000, 0x00000000e1880000)
  from space 1088K,  78% used [0x00000000e1880000, 0x00000000e1954760, 0x00000000e1990000)
  to   space 1088K,   0% used [0x00000000e1990000, 0x00000000e1990000, 0x00000000e1aa0000)
 concurrent mark-sweep generation total 118492K, used 65101K [0x00000000eb4a0000, 0x00000000f2857000, 0x0000000100000000)
 Metaspace       used 95695K, capacity 99927K, committed 100352K, reserved 1136640K
  class space    used 11672K, capacity 12454K, committed 12544K, reserved 1048576K
2019-06-25T04:39:05.638+0000: 332765.548: [GC (Allocation Failure) 2019-06-25T04:39:05.639+0000: 332765.548: [ParNew: 9553K->576K(9792K), 0.0044953 secs] 74655K->66153K(128284K), 0.0055635 secs] [Times: user=0.01 sys=0.00, real=0.01 secs] 
Heap after GC invocations=4871 (full 140):
 par new generation   total 9792K, used 576K [0x00000000e1000000, 0x00000000e1aa0000, 0x00000000eb4a0000)
  eden space 8704K,   0% used [0x00000000e1000000, 0x00000000e1000000, 0x00000000e1880000)
  from space 1088K,  52% used [0x00000000e1990000, 0x00000000e1a20018, 0x00000000e1aa0000)
  to   space 1088K,   0% used [0x00000000e1880000, 0x00000000e1880000, 0x00000000e1990000)
 concurrent mark-sweep generation total 118492K, used 65577K [0x00000000eb4a0000, 0x00000000f2857000, 0x0000000100000000)
 Metaspace       used 95695K, capacity 99927K, committed 100352K, reserved 1136640K
  class space    used 11672K, capacity 12454K, committed 12544K, reserved 1048576K
}
2019-06-25T04:39:39.652+0000: 332799.562: Application time: 34.0073303 seconds
2019-06-25T04:39:39.680+0000: 332799.590: Application time: 0.0275747 seconds
2019-06-25T04:39:39.680+0000: 332799.590: Application time: 0.0000905 seconds
2019-06-25T04:39:39.681+0000: 332799.591: Application time: 0.0000831 seconds
2019-06-25T04:39:39.682+0000: 332799.592: Application time: 0.0001088 seconds
2019-06-25T04:39:43.948+0000: 332803.857: Application time: 4.2648253 seconds
2019-06-25T04:39:43.994+0000: 332803.904: Application time: 0.0462922 seconds
2019-06-25T04:40:01.913+0000: 332821.823: Application time: 17.9188063 seconds
2019-06-25T04:40:01.914+0000: 332821.824: Application time: 0.0000993 seconds
2019-06-25T04:40:01.914+0000: 332821.824: Application time: 0.0000820 seconds
2019-06-25T04:40:01.914+0000: 332821.824: Application time: 0.0000809 seconds
2019-06-25T04:40:01.915+0000: 332821.824: Application time: 0.0002102 seconds
2019-06-25T04:40:09.861+0000: 332829.771: Application time: 7.9465117 seconds
2019-06-25T04:40:18.052+0000: 332837.962: Application time: 8.1905554 seconds
{Heap before GC invocations=4871 (full 140):
 par new generation   total 9792K, used 9280K [0x00000000e1000000, 0x00000000e1aa0000, 0x00000000eb4a0000)
  eden space 8704K, 100% used [0x00000000e1000000, 0x00000000e1880000, 0x00000000e1880000)
  from space 1088K,  52% used [0x00000000e1990000, 0x00000000e1a20018, 0x00000000e1aa0000)
  to   space 1088K,   0% used [0x00000000e1880000, 0x00000000e1880000, 0x00000000e1990000)
 concurrent mark-sweep generation total 118492K, used 65577K [0x00000000eb4a0000, 0x00000000f2857000, 0x0000000100000000)
 Metaspace       used 95695K, capacity 99927K, committed 100352K, reserved 1136640K
  class space    used 11672K, capacity 12454K, committed 12544K, reserved 1048576K
2019-06-25T04:40:18.053+0000: 332837.963: [GC (Allocation Failure) 2019-06-25T04:40:18.054+0000: 332837.963: [ParNew: 9280K->748K(9792K), 0.0168340 secs] 74857K->66325K(128284K), 0.0179818 secs] [Times: user=0.03 sys=0.00, real=0.02 secs] 
Heap after GC invocations=4872 (full 140):
 par new generation   total 9792K, used 748K [0x00000000e1000000, 0x00000000e1aa0000, 0x00000000eb4a0000)
  eden space 8704K,   0% used [0x00000000e1000000, 0x00000000e1000000, 0x00000000e1880000)
  from space 1088K,  68% used [0x00000000e1880000, 0x00000000e193b128, 0x00000000e1990000)
  to   space 1088K,   0% used [0x00000000e1990000, 0x00000000e1990000, 0x00000000e1aa0000)
 concurrent mark-sweep generation total 118492K, used 65577K [0x00000000eb4a0000, 0x00000000f2857000, 0x0000000100000000)
 Metaspace       used 95695K, capacity 99927K, committed 100352K, reserved 1136640K
  class space    used 11672K, capacity 12454K, committed 12544K, reserved 1048576K
}
2019-06-25T04:41:22.055+0000: 332901.965: Application time: 63.9826806 seconds
2019-06-25T04:41:32.057+0000: 332911.967: Application time: 10.0018651 seconds
2019-06-25T04:42:01.812+0000: 332941.722: Application time: 29.7545212 seconds
{Heap before GC invocations=4872 (full 140):
 par new generation   total 9792K, used 9452K [0x00000000e1000000, 0x00000000e1aa0000, 0x00000000eb4a0000)
  eden space 8704K, 100% used [0x00000000e1000000, 0x00000000e1880000, 0x00000000e1880000)
  from space 1088K,  68% used [0x00000000e1880000, 0x00000000e193b128, 0x00000000e1990000)
  to   space 1088K,   0% used [0x00000000e1990000, 0x00000000e1990000, 0x00000000e1aa0000)
 concurrent mark-sweep generation total 118492K, used 65577K [0x00000000eb4a0000, 0x00000000f2857000, 0x0000000100000000)
 Metaspace       used 95701K, capacity 99939K, committed 100352K, reserved 1136640K
  class space    used 11673K, capacity 12456K, committed 12544K, reserved 1048576K
2019-06-25T04:42:01.813+0000: 332941.722: [GC (Allocation Failure) 2019-06-25T04:42:01.813+0000: 332941.723: [ParNew: 9452K->837K(9792K), 0.0035019 secs] 75029K->66414K(128284K), 0.0044977 secs] [Times: user=0.00 sys=0.00, real=0.00 secs] 
Heap after GC invocations=4873 (full 140):
 par new generation   total 9792K, used 837K [0x00000000e1000000, 0x00000000e1aa0000, 0x00000000eb4a0000)
  eden space 8704K,   0% used [0x00000000e1000000, 0x00000000e1000000, 0x00000000e1880000)
  from space 1088K,  76% used [0x00000000e1990000, 0x00000000e1a61420, 0x00000000e1aa0000)
  to   space 1088K,   0% used [0x00000000e1880000, 0x00000000e1880000, 0x00000000e1990000)
 concurrent mark-sweep generation total 118492K, used 65577K [0x00000000eb4a0000, 0x00000000f2857000, 0x0000000100000000)
 Metaspace       used 95701K, capacity 99939K, committed 100352K, reserved 1136640K
  class space    used 11673K, capacity 12456K, committed 12544K, reserved 1048576K
}
2019-06-25T04:42:09.691+0000: 332949.601: Application time: 7.8733561 seconds
2019-06-25T04:42:09.825+0000: 332949.735: Application time: 0.1332327 seconds
2019-06-25T04:42:09.825+0000: 332949.735: Application time: 0.0000741 seconds
2019-06-25T04:42:09.825+0000: 332949.735: Application time: 0.0000637 seconds
2019-06-25T04:42:09.826+0000: 332949.736: Application time: 0.0000718 seconds
2019-06-25T04:42:09.866+0000: 332949.775: Application time: 0.0391802 seconds
2019-06-25T04:42:09.866+0000: 332949.776: Application time: 0.0001633 seconds
2019-06-25T04:42:09.866+0000: 332949.776: Application time: 0.0001481 seconds
2019-06-25T04:42:09.867+0000: 332949.777: Application time: 0.0001471 seconds
2019-06-25T04:42:09.867+0000: 332949.777: Application time: 0.0003825 seconds
2019-06-25T04:42:09.868+0000: 332949.778: Application time: 0.0009937 seconds
2019-06-25T04:42:14.692+0000: 332954.602: Application time: 4.8234777 seconds
2019-06-25T04:42:14.717+0000: 332954.626: Application time: 0.0243019 seconds
2019-06-25T04:43:09.870+0000: 333009.780: Application time: 55.1534030 seconds
2019-06-25T04:43:17.312+0000: 333017.222: Application time: 7.4409755 seconds
{Heap before GC invocations=4873 (full 140):
 par new generation   total 9792K, used 9541K [0x00000000e1000000, 0x00000000e1aa0000, 0x00000000eb4a0000)
  eden space 8704K, 100% used [0x00000000e1000000, 0x00000000e1880000, 0x00000000e1880000)
  from space 1088K,  76% used [0x00000000e1990000, 0x00000000e1a61420, 0x00000000e1aa0000)
  to   space 1088K,   0% used [0x00000000e1880000, 0x00000000e1880000, 0x00000000e1990000)
 concurrent mark-sweep generation total 118492K, used 65577K [0x00000000eb4a0000, 0x00000000f2857000, 0x0000000100000000)
 Metaspace       used 95701K, capacity 99939K, committed 100352K, reserved 1136640K
  class space    used 11673K, capacity 12456K, committed 12544K, reserved 1048576K
2019-06-25T04:43:17.313+0000: 333017.223: [GC (Allocation Failure) 2019-06-25T04:43:17.313+0000: 333017.223: [ParNew: 9541K->751K(9792K), 0.0039991 secs] 75118K->66496K(128284K), 0.0049555 secs] [Times: user=0.01 sys=0.00, real=0.00 secs] 
Heap after GC invocations=4874 (full 140):
 par new generation   total 9792K, used 751K [0x00000000e1000000, 0x00000000e1aa0000, 0x00000000eb4a0000)
  eden space 8704K,   0% used [0x00000000e1000000, 0x00000000e1000000, 0x00000000e1880000)
  from space 1088K,  69% used [0x00000000e1880000, 0x00000000e193bc38, 0x00000000e1990000)
  to   space 1088K,   0% used [0x00000000e1990000, 0x00000000e1990000, 0x00000000e1aa0000)
 concurrent mark-sweep generation total 118492K, used 65745K [0x00000000eb4a0000, 0x00000000f2857000, 0x0000000100000000)
 Metaspace       used 95701K, capacity 99939K, committed 100352K, reserved 1136640K
  class space    used 11673K, capacity 12456K, committed 12544K, reserved 1048576K
}
2019-06-25T04:44:15.329+0000: 333075.239: Application time: 58.0106000 seconds
2019-06-25T04:44:54.995+0000: 333114.905: Application time: 39.6653541 seconds
{Heap before GC invocations=4874 (full 140):
 par new generation   total 9792K, used 9455K [0x00000000e1000000, 0x00000000e1aa0000, 0x00000000eb4a0000)
  eden space 8704K, 100% used [0x00000000e1000000, 0x00000000e1880000, 0x00000000e1880000)
  from space 1088K,  69% used [0x00000000e1880000, 0x00000000e193bc38, 0x00000000e1990000)
  to   space 1088K,   0% used [0x00000000e1990000, 0x00000000e1990000, 0x00000000e1aa0000)
 concurrent mark-sweep generation total 118492K, used 65745K [0x00000000eb4a0000, 0x00000000f2857000, 0x0000000100000000)
 Metaspace       used 95701K, capacity 99939K, committed 100352K, reserved 1136640K
  class space    used 11673K, capacity 12456K, committed 12544K, reserved 1048576K
2019-06-25T04:44:54.996+0000: 333114.905: [GC (Allocation Failure) 2019-06-25T04:44:54.996+0000: 333114.906: [ParNew: 9455K->828K(9792K), 0.0040932 secs] 75200K->66642K(128284K), 0.0051125 secs] [Times: user=0.01 sys=0.00, real=0.01 secs] 
Heap after GC invocations=4875 (full 140):
 par new generation   total 9792K, used 828K [0x00000000e1000000, 0x00000000e1aa0000, 0x00000000eb4a0000)
  eden space 8704K,   0% used [0x00000000e1000000, 0x00000000e1000000, 0x00000000e1880000)
  from space 1088K,  76% used [0x00000000e1990000, 0x00000000e1a5f070, 0x00000000e1aa0000)
  to   space 1088K,   0% used [0x00000000e1880000, 0x00000000e1880000, 0x00000000e1990000)
 concurrent mark-sweep generation total 118492K, used 65813K [0x00000000eb4a0000, 0x00000000f2857000, 0x0000000100000000)
 Metaspace       used 95701K, capacity 99939K, committed 100352K, reserved 1136640K
  class space    used 11673K, capacity 12456K, committed 12544K, reserved 1048576K
}
2019-06-25T04:45:18.070+0000: 333137.979: Application time: 23.0680459 seconds
2019-06-25T04:45:18.072+0000: 333137.981: Application time: 0.0016829 seconds
2019-06-25T04:45:18.078+0000: 333137.988: Application time: 0.0059504 seconds
2019-06-25T04:45:18.080+0000: 333137.989: Application time: 0.0014724 seconds
2019-06-25T04:46:22.091+0000: 333202.001: Application time: 64.0106260 seconds
2019-06-25T04:46:38.112+0000: 333218.022: Application time: 16.0212107 seconds
{Heap before GC invocations=4875 (full 140):
 par new generation   total 9792K, used 9532K [0x00000000e1000000, 0x00000000e1aa0000, 0x00000000eb4a0000)
  eden space 8704K, 100% used [0x00000000e1000000, 0x00000000e1880000, 0x00000000e1880000)
  from space 1088K,  76% used [0x00000000e1990000, 0x00000000e1a5f070, 0x00000000e1aa0000)
  to   space 1088K,   0% used [0x00000000e1880000, 0x00000000e1880000, 0x00000000e1990000)
 concurrent mark-sweep generation total 118492K, used 65813K [0x00000000eb4a0000, 0x00000000f2857000, 0x0000000100000000)
 Metaspace       used 95701K, capacity 99939K, committed 100352K, reserved 1136640K
  class space    used 11673K, capacity 12456K, committed 12544K, reserved 1048576K
2019-06-25T04:46:38.113+0000: 333218.022: [GC (Allocation Failure) 2019-06-25T04:46:38.113+0000: 333218.023: [ParNew: 9532K->674K(9792K), 0.0036596 secs] 75346K->66754K(128284K), 0.0045705 secs] [Times: user=0.01 sys=0.00, real=0.00 secs] 
Heap after GC invocations=4876 (full 140):
 par new generation   total 9792K, used 674K [0x00000000e1000000, 0x00000000e1aa0000, 0x00000000eb4a0000)
  eden space 8704K,   0% used [0x00000000e1000000, 0x00000000e1000000, 0x00000000e1880000)
  from space 1088K,  61% used [0x00000000e1880000, 0x00000000e1928878, 0x00000000e1990000)
  to   space 1088K,   0% used [0x00000000e1990000, 0x00000000e1990000, 0x00000000e1aa0000)
 concurrent mark-sweep generation total 118492K, used 66080K [0x00000000eb4a0000, 0x00000000f2857000, 0x0000000100000000)
 Metaspace       used 95701K, capacity 99939K, committed 100352K, reserved 1136640K
  class space    used 11673K, capacity 12456K, committed 12544K, reserved 1048576K
}
2019-06-25T04:48:17.217+0000: 333317.126: Application time: 99.0986362 seconds
{Heap before GC invocations=4876 (full 140):
 par new generation   total 9792K, used 9378K [0x00000000e1000000, 0x00000000e1aa0000, 0x00000000eb4a0000)
  eden space 8704K, 100% used [0x00000000e1000000, 0x00000000e1880000, 0x00000000e1880000)
  from space 1088K,  61% used [0x00000000e1880000, 0x00000000e1928878, 0x00000000e1990000)
  to   space 1088K,   0% used [0x00000000e1990000, 0x00000000e1990000, 0x00000000e1aa0000)
 concurrent mark-sweep generation total 118492K, used 66080K [0x00000000eb4a0000, 0x00000000f2857000, 0x0000000100000000)
 Metaspace       used 95701K, capacity 99939K, committed 100352K, reserved 1136640K
  class space    used 11673K, capacity 12456K, committed 12544K, reserved 1048576K
2019-06-25T04:48:17.217+0000: 333317.127: [GC (Allocation Failure) 2019-06-25T04:48:17.218+0000: 333317.128: [ParNew: 9378K->833K(9792K), 0.0071985 secs] 75458K->66914K(128284K), 0.0080737 secs] [Times: user=0.00 sys=0.01, real=0.01 secs] 
Heap after GC invocations=4877 (full 140):
 par new generation   total 9792K, used 833K [0x00000000e1000000, 0x00000000e1aa0000, 0x00000000eb4a0000)
  eden space 8704K,   0% used [0x00000000e1000000, 0x00000000e1000000, 0x00000000e1880000)
  from space 1088K,  76% used [0x00000000e1990000, 0x00000000e1a607b8, 0x00000000e1aa0000)
  to   space 1088K,   0% used [0x00000000e1880000, 0x00000000e1880000, 0x00000000e1990000)
 concurrent mark-sweep generation total 118492K, used 66080K [0x00000000eb4a0000, 0x00000000f2857000, 0x0000000100000000)
 Metaspace       used 95701K, capacity 99939K, committed 100352K, reserved 1136640K
  class space    used 11673K, capacity 12456K, committed 12544K, reserved 1048576K
}
2019-06-25T04:49:58.686+0000: 333418.596: Application time: 101.4601631 seconds
{Heap before GC invocations=4877 (full 140):
 par new generation   total 9792K, used 9537K [0x00000000e1000000, 0x00000000e1aa0000, 0x00000000eb4a0000)
  eden space 8704K, 100% used [0x00000000e1000000, 0x00000000e1880000, 0x00000000e1880000)
  from space 1088K,  76% used [0x00000000e1990000, 0x00000000e1a607b8, 0x00000000e1aa0000)
  to   space 1088K,   0% used [0x00000000e1880000, 0x00000000e1880000, 0x00000000e1990000)
 concurrent mark-sweep generation total 118492K, used 66080K [0x00000000eb4a0000, 0x00000000f2857000, 0x0000000100000000)
 Metaspace       used 95705K, capacity 99951K, committed 100352K, reserved 1136640K
  class space    used 11674K, capacity 12458K, committed 12544K, reserved 1048576K
2019-06-25T04:49:58.689+0000: 333418.599: [GC (Allocation Failure) 2019-06-25T04:49:58.690+0000: 333418.600: [ParNew: 9537K->557K(9792K), 0.0040570 secs] 75618K->66819K(128284K), 0.0053241 secs] [Times: user=0.01 sys=0.00, real=0.00 secs] 
Heap after GC invocations=4878 (full 140):
 par new generation   total 9792K, used 557K [0x00000000e1000000, 0x00000000e1aa0000, 0x00000000eb4a0000)
  eden space 8704K,   0% used [0x00000000e1000000, 0x00000000e1000000, 0x00000000e1880000)
  from space 1088K,  51% used [0x00000000e1880000, 0x00000000e190b700, 0x00000000e1990000)
  to   space 1088K,   0% used [0x00000000e1990000, 0x00000000e1990000, 0x00000000e1aa0000)
 concurrent mark-sweep generation total 118492K, used 66261K [0x00000000eb4a0000, 0x00000000f2857000, 0x0000000100000000)
 Metaspace       used 95705K, capacity 99951K, committed 100352K, reserved 1136640K
  class space    used 11674K, capacity 12458K, committed 12544K, reserved 1048576K
}
2019-06-25T04:51:22.109+0000: 333502.019: Application time: 83.4136978 seconds
2019-06-25T04:51:38.395+0000: 333518.305: Application time: 16.2855394 seconds
{Heap before GC invocations=4878 (full 140):
 par new generation   total 9792K, used 9261K [0x00000000e1000000, 0x00000000e1aa0000, 0x00000000eb4a0000)
  eden space 8704K, 100% used [0x00000000e1000000, 0x00000000e1880000, 0x00000000e1880000)
  from space 1088K,  51% used [0x00000000e1880000, 0x00000000e190b700, 0x00000000e1990000)
  to   space 1088K,   0% used [0x00000000e1990000, 0x00000000e1990000, 0x00000000e1aa0000)
 concurrent mark-sweep generation total 118492K, used 66261K [0x00000000eb4a0000, 0x00000000f2857000, 0x0000000100000000)
 Metaspace       used 95705K, capacity 99951K, committed 100352K, reserved 1136640K
  class space    used 11674K, capacity 12458K, committed 12544K, reserved 1048576K
2019-06-25T04:51:38.396+0000: 333518.306: [GC (Allocation Failure) 2019-06-25T04:51:38.397+0000: 333518.307: [ParNew: 9261K->728K(9792K), 0.0121792 secs] 75523K->66990K(128284K), 0.0135186 secs] [Times: user=0.01 sys=0.01, real=0.02 secs] 
Heap after GC invocations=4879 (full 140):
 par new generation   total 9792K, used 728K [0x00000000e1000000, 0x00000000e1aa0000, 0x00000000eb4a0000)
  eden space 8704K,   0% used [0x00000000e1000000, 0x00000000e1000000, 0x00000000e1880000)
  from space 1088K,  66% used [0x00000000e1990000, 0x00000000e1a46398, 0x00000000e1aa0000)
  to   space 1088K,   0% used [0x00000000e1880000, 0x00000000e1880000, 0x00000000e1990000)
 concurrent mark-sweep generation total 118492K, used 66261K [0x00000000eb4a0000, 0x00000000f2857000, 0x0000000100000000)
 Metaspace       used 95705K, capacity 99951K, committed 100352K, reserved 1136640K
  class space    used 11674K, capacity 12458K, committed 12544K, reserved 1048576K
}
2019-06-25T04:53:11.988+0000: 333611.898: Application time: 93.5777896 seconds
2019-06-25T04:53:17.614+0000: 333617.524: Application time: 5.6255152 seconds
{Heap before GC invocations=4879 (full 140):
 par new generation   total 9792K, used 9432K [0x00000000e1000000, 0x00000000e1aa0000, 0x00000000eb4a0000)
  eden space 8704K, 100% used [0x00000000e1000000, 0x00000000e1880000, 0x00000000e1880000)
  from space 1088K,  66% used [0x00000000e1990000, 0x00000000e1a46398, 0x00000000e1aa0000)
  to   space 1088K,   0% used [0x00000000e1880000, 0x00000000e1880000, 0x00000000e1990000)
 concurrent mark-sweep generation total 118492K, used 66261K [0x00000000eb4a0000, 0x00000000f2857000, 0x0000000100000000)
 Metaspace       used 95705K, capacity 99951K, committed 100352K, reserved 1136640K
  class space    used 11674K, capacity 12458K, committed 12544K, reserved 1048576K
2019-06-25T04:53:17.615+0000: 333617.525: [GC (Allocation Failure) 2019-06-25T04:53:17.615+0000: 333617.525: [ParNew: 9432K->705K(9792K), 0.0032841 secs] 75694K->66971K(128284K), 0.0042448 secs] [Times: user=0.01 sys=0.00, real=0.01 secs] 
Heap after GC invocations=4880 (full 140):
 par new generation   total 9792K, used 705K [0x00000000e1000000, 0x00000000e1aa0000, 0x00000000eb4a0000)
  eden space 8704K,   0% used [0x00000000e1000000, 0x00000000e1000000, 0x00000000e1880000)
  from space 1088K,  64% used [0x00000000e1880000, 0x00000000e1930528, 0x00000000e1990000)
  to   space 1088K,   0% used [0x00000000e1990000, 0x00000000e1990000, 0x00000000e1aa0000)
 concurrent mark-sweep generation total 118492K, used 66266K [0x00000000eb4a0000, 0x00000000f2857000, 0x0000000100000000)
 Metaspace       used 95705K, capacity 99951K, committed 100352K, reserved 1136640K
  class space    used 11674K, capacity 12458K, committed 12544K, reserved 1048576K
}
2019-06-25T04:54:59.639+0000: 333719.549: Application time: 102.0188032 seconds
{Heap before GC invocations=4880 (full 140):
 par new generation   total 9792K, used 9409K [0x00000000e1000000, 0x00000000e1aa0000, 0x00000000eb4a0000)
  eden space 8704K, 100% used [0x00000000e1000000, 0x00000000e1880000, 0x00000000e1880000)
  from space 1088K,  64% used [0x00000000e1880000, 0x00000000e1930528, 0x00000000e1990000)
  to   space 1088K,   0% used [0x00000000e1990000, 0x00000000e1990000, 0x00000000e1aa0000)
 concurrent mark-sweep generation total 118492K, used 66266K [0x00000000eb4a0000, 0x00000000f2857000, 0x0000000100000000)
 Metaspace       used 95705K, capacity 99951K, committed 100352K, reserved 1136640K
  class space    used 11674K, capacity 12458K, committed 12544K, reserved 1048576K
2019-06-25T04:54:59.640+0000: 333719.550: [GC (Allocation Failure) 2019-06-25T04:54:59.640+0000: 333719.550: [ParNew: 9409K->740K(9792K), 0.0038729 secs] 75675K->67086K(128284K), 0.0048443 secs] [Times: user=0.00 sys=0.00, real=0.00 secs] 
Heap after GC invocations=4881 (full 140):
 par new generation   total 9792K, used 740K [0x00000000e1000000, 0x00000000e1aa0000, 0x00000000eb4a0000)
  eden space 8704K,   0% used [0x00000000e1000000, 0x00000000e1000000, 0x00000000e1880000)
  from space 1088K,  68% used [0x00000000e1990000, 0x00000000e1a49238, 0x00000000e1aa0000)
  to   space 1088K,   0% used [0x00000000e1880000, 0x00000000e1880000, 0x00000000e1990000)
 concurrent mark-sweep generation total 118492K, used 66345K [0x00000000eb4a0000, 0x00000000f2857000, 0x0000000100000000)
 Metaspace       used 95705K, capacity 99951K, committed 100352K, reserved 1136640K
  class space    used 11674K, capacity 12458K, committed 12544K, reserved 1048576K
}
2019-06-25T04:56:22.137+0000: 333802.046: Application time: 82.4911105 seconds
2019-06-25T04:56:41.882+0000: 333821.792: Application time: 19.7451700 seconds
{Heap before GC invocations=4881 (full 140):
 par new generation   total 9792K, used 9444K [0x00000000e1000000, 0x00000000e1aa0000, 0x00000000eb4a0000)
  eden space 8704K, 100% used [0x00000000e1000000, 0x00000000e1880000, 0x00000000e1880000)
  from space 1088K,  68% used [0x00000000e1990000, 0x00000000e1a49238, 0x00000000e1aa0000)
  to   space 1088K,   0% used [0x00000000e1880000, 0x00000000e1880000, 0x00000000e1990000)
 concurrent mark-sweep generation total 118492K, used 66345K [0x00000000eb4a0000, 0x00000000f2857000, 0x0000000100000000)
 Metaspace       used 95705K, capacity 99951K, committed 100352K, reserved 1136640K
  class space    used 11674K, capacity 12458K, committed 12544K, reserved 1048576K
2019-06-25T04:56:41.883+0000: 333821.793: [GC (Allocation Failure) 2019-06-25T04:56:41.883+0000: 333821.793: [ParNew: 9444K->679K(9792K), 0.0039317 secs] 75790K->67025K(128284K), 0.0048242 secs] [Times: user=0.00 sys=0.00, real=0.01 secs] 
Heap after GC invocations=4882 (full 140):
 par new generation   total 9792K, used 679K [0x00000000e1000000, 0x00000000e1aa0000, 0x00000000eb4a0000)
  eden space 8704K,   0% used [0x00000000e1000000, 0x00000000e1000000, 0x00000000e1880000)
  from space 1088K,  62% used [0x00000000e1880000, 0x00000000e1929ef8, 0x00000000e1990000)
  to   space 1088K,   0% used [0x00000000e1990000, 0x00000000e1990000, 0x00000000e1aa0000)
 concurrent mark-sweep generation total 118492K, used 66345K [0x00000000eb4a0000, 0x00000000f2857000, 0x0000000100000000)
 Metaspace       used 95705K, capacity 99951K, committed 100352K, reserved 1136640K
  class space    used 11674K, capacity 12458K, committed 12544K, reserved 1048576K
}
2019-06-25T04:58:18.143+0000: 333918.053: Application time: 96.2547242 seconds
{Heap before GC invocations=4882 (full 140):
 par new generation   total 9792K, used 9383K [0x00000000e1000000, 0x00000000e1aa0000, 0x00000000eb4a0000)
  eden space 8704K, 100% used [0x00000000e1000000, 0x00000000e1880000, 0x00000000e1880000)
  from space 1088K,  62% used [0x00000000e1880000, 0x00000000e1929ef8, 0x00000000e1990000)
  to   space 1088K,   0% used [0x00000000e1990000, 0x00000000e1990000, 0x00000000e1aa0000)
 concurrent mark-sweep generation total 118492K, used 66345K [0x00000000eb4a0000, 0x00000000f2857000, 0x0000000100000000)
 Metaspace       used 95705K, capacity 99951K, committed 100352K, reserved 1136640K
  class space    used 11674K, capacity 12458K, committed 12544K, reserved 1048576K
2019-06-25T04:58:18.144+0000: 333918.054: [GC (Allocation Failure) 2019-06-25T04:58:18.145+0000: 333918.054: [ParNew: 9383K->594K(9792K), 0.0035702 secs] 75729K->66939K(128284K), 0.0044195 secs] [Times: user=0.00 sys=0.01, real=0.01 secs] 
Heap after GC invocations=4883 (full 140):
 par new generation   total 9792K, used 594K [0x00000000e1000000, 0x00000000e1aa0000, 0x00000000eb4a0000)
  eden space 8704K,   0% used [0x00000000e1000000, 0x00000000e1000000, 0x00000000e1880000)
  from space 1088K,  54% used [0x00000000e1990000, 0x00000000e1a24878, 0x00000000e1aa0000)
  to   space 1088K,   0% used [0x00000000e1880000, 0x00000000e1880000, 0x00000000e1990000)
 concurrent mark-sweep generation total 118492K, used 66345K [0x00000000eb4a0000, 0x00000000f2857000, 0x0000000100000000)
 Metaspace       used 95705K, capacity 99951K, committed 100352K, reserved 1136640K
  class space    used 11674K, capacity 12458K, committed 12544K, reserved 1048576K
}
2019-06-25T05:00:02.083+0000: 334021.993: Application time: 103.9332472 seconds
{Heap before GC invocations=4883 (full 140):
 par new generation   total 9792K, used 9298K [0x00000000e1000000, 0x00000000e1aa0000, 0x00000000eb4a0000)
  eden space 8704K,  99% used [0x00000000e1000000, 0x00000000e187ffb0, 0x00000000e1880000)
  from space 1088K,  54% used [0x00000000e1990000, 0x00000000e1a24878, 0x00000000e1aa0000)
  to   space 1088K,   0% used [0x00000000e1880000, 0x00000000e1880000, 0x00000000e1990000)
 concurrent mark-sweep generation total 118492K, used 66345K [0x00000000eb4a0000, 0x00000000f2857000, 0x0000000100000000)
 Metaspace       used 95705K, capacity 99951K, committed 100352K, reserved 1136640K
  class space    used 11674K, capacity 12458K, committed 12544K, reserved 1048576K
2019-06-25T05:00:02.084+0000: 334021.993: [GC (Allocation Failure) 2019-06-25T05:00:02.084+0000: 334021.994: [ParNew: 9298K->608K(9792K), 0.0033340 secs] 75643K->66953K(128284K), 0.0042376 secs] [Times: user=0.00 sys=0.00, real=0.01 secs] 
Heap after GC invocations=4884 (full 140):
 par new generation   total 9792K, used 608K [0x00000000e1000000, 0x00000000e1aa0000, 0x00000000eb4a0000)
  eden space 8704K,   0% used [0x00000000e1000000, 0x00000000e1000000, 0x00000000e1880000)
  from space 1088K,  55% used [0x00000000e1880000, 0x00000000e1918060, 0x00000000e1990000)
  to   space 1088K,   0% used [0x00000000e1990000, 0x00000000e1990000, 0x00000000e1aa0000)
 concurrent mark-sweep generation total 118492K, used 66345K [0x00000000eb4a0000, 0x00000000f2857000, 0x0000000100000000)
 Metaspace       used 95705K, capacity 99951K, committed 100352K, reserved 1136640K
  class space    used 11674K, capacity 12458K, committed 12544K, reserved 1048576K
}
2019-06-25T05:01:08.013+0000: 334087.923: Application time: 65.9243978 seconds
2019-06-25T05:01:08.014+0000: 334087.924: Application time: 0.0002123 seconds
2019-06-25T05:01:08.014+0000: 334087.924: Application time: 0.0001302 seconds
2019-06-25T05:01:08.015+0000: 334087.925: Application time: 0.0001596 seconds
2019-06-25T05:01:09.931+0000: 334089.840: Application time: 1.9149085 seconds
2019-06-25T05:01:09.931+0000: 334089.841: Application time: 0.0002139 seconds
2019-06-25T05:01:09.932+0000: 334089.842: Application time: 0.0002100 seconds
2019-06-25T05:01:09.932+0000: 334089.842: Application time: 0.0001931 seconds
2019-06-25T05:01:09.933+0000: 334089.843: Application time: 0.0003958 seconds
2019-06-25T05:01:09.933+0000: 334089.843: Application time: 0.0002243 seconds
2019-06-25T05:01:12.359+0000: 334092.269: Application time: 2.4254833 seconds
2019-06-25T05:01:12.384+0000: 334092.294: Application time: 0.0245240 seconds
2019-06-25T05:01:13.133+0000: 334093.043: Application time: 0.7490315 seconds
{Heap before GC invocations=4884 (full 140):
 par new generation   total 9792K, used 9312K [0x00000000e1000000, 0x00000000e1aa0000, 0x00000000eb4a0000)
  eden space 8704K, 100% used [0x00000000e1000000, 0x00000000e1880000, 0x00000000e1880000)
  from space 1088K,  55% used [0x00000000e1880000, 0x00000000e1918060, 0x00000000e1990000)
  to   space 1088K,   0% used [0x00000000e1990000, 0x00000000e1990000, 0x00000000e1aa0000)
 concurrent mark-sweep generation total 118492K, used 66345K [0x00000000eb4a0000, 0x00000000f2857000, 0x0000000100000000)
 Metaspace       used 95708K, capacity 99957K, committed 100352K, reserved 1136640K
  class space    used 11675K, capacity 12459K, committed 12544K, reserved 1048576K
2019-06-25T05:01:13.135+0000: 334093.045: [GC (Allocation Failure) 2019-06-25T05:01:13.136+0000: 334093.045: [ParNew: 9312K->627K(9792K), 0.0066785 secs] 75657K->66973K(128284K), 0.0083031 secs] [Times: user=0.01 sys=0.00, real=0.01 secs] 
Heap after GC invocations=4885 (full 140):
 par new generation   total 9792K, used 627K [0x00000000e1000000, 0x00000000e1aa0000, 0x00000000eb4a0000)
  eden space 8704K,   0% used [0x00000000e1000000, 0x00000000e1000000, 0x00000000e1880000)
  from space 1088K,  57% used [0x00000000e1990000, 0x00000000e1a2ceb0, 0x00000000e1aa0000)
  to   space 1088K,   0% used [0x00000000e1880000, 0x00000000e1880000, 0x00000000e1990000)
 concurrent mark-sweep generation total 118492K, used 66345K [0x00000000eb4a0000, 0x00000000f2857000, 0x0000000100000000)
 Metaspace       used 95708K, capacity 99957K, committed 100352K, reserved 1136640K
  class space    used 11675K, capacity 12459K, committed 12544K, reserved 1048576K
}
2019-06-25T05:01:22.182+0000: 334102.092: Application time: 9.0373075 seconds
2019-06-25T05:01:32.099+0000: 334112.008: Application time: 9.9161547 seconds
2019-06-25T05:02:02.101+0000: 334142.011: Application time: 30.0021782 seconds
2019-06-25T05:02:02.102+0000: 334142.011: Application time: 0.0000870 seconds
2019-06-25T05:02:02.102+0000: 334142.012: Application time: 0.0000889 seconds
2019-06-25T05:02:02.103+0000: 334142.013: Application time: 0.0000758 seconds
2019-06-25T05:02:02.103+0000: 334142.013: Application time: 0.0000749 seconds
2019-06-25T05:02:02.103+0000: 334142.013: Application time: 0.0000737 seconds
2019-06-25T05:02:02.104+0000: 334142.013: Application time: 0.0000752 seconds
2019-06-25T05:02:02.104+0000: 334142.014: Application time: 0.0000807 seconds
2019-06-25T05:02:02.104+0000: 334142.014: Application time: 0.0003032 seconds
2019-06-25T05:02:05.540+0000: 334145.450: Application time: 3.4355524 seconds
2019-06-25T05:02:06.174+0000: 334146.083: Application time: 0.6329833 seconds
2019-06-25T05:02:06.200+0000: 334146.110: Application time: 0.0257434 seconds
2019-06-25T05:02:09.937+0000: 334149.847: Application time: 3.7368735 seconds
2019-06-25T05:02:09.939+0000: 334149.849: Application time: 0.0015476 seconds
2019-06-25T05:02:30.709+0000: 334170.619: Application time: 20.7696482 seconds
{Heap before GC invocations=4885 (full 140):
 par new generation   total 9792K, used 9331K [0x00000000e1000000, 0x00000000e1aa0000, 0x00000000eb4a0000)
  eden space 8704K, 100% used [0x00000000e1000000, 0x00000000e1880000, 0x00000000e1880000)
  from space 1088K,  57% used [0x00000000e1990000, 0x00000000e1a2ceb0, 0x00000000e1aa0000)
  to   space 1088K,   0% used [0x00000000e1880000, 0x00000000e1880000, 0x00000000e1990000)
 concurrent mark-sweep generation total 118492K, used 66345K [0x00000000eb4a0000, 0x00000000f2857000, 0x0000000100000000)
 Metaspace       used 95708K, capacity 99957K, committed 100352K, reserved 1136640K
  class space    used 11675K, capacity 12459K, committed 12544K, reserved 1048576K
2019-06-25T05:02:30.710+0000: 334170.619: [GC (Allocation Failure) 2019-06-25T05:02:30.710+0000: 334170.620: [ParNew: 9331K->820K(9792K), 0.0035266 secs] 75677K->67200K(128284K), 0.0044703 secs] [Times: user=0.01 sys=0.00, real=0.00 secs] 
Heap after GC invocations=4886 (full 140):
 par new generation   total 9792K, used 820K [0x00000000e1000000, 0x00000000e1aa0000, 0x00000000eb4a0000)
  eden space 8704K,   0% used [0x00000000e1000000, 0x00000000e1000000, 0x00000000e1880000)
  from space 1088K,  75% used [0x00000000e1880000, 0x00000000e194d240, 0x00000000e1990000)
  to   space 1088K,   0% used [0x00000000e1990000, 0x00000000e1990000, 0x00000000e1aa0000)
 concurrent mark-sweep generation total 118492K, used 66379K [0x00000000eb4a0000, 0x00000000f2857000, 0x0000000100000000)
 Metaspace       used 95708K, capacity 99957K, committed 100352K, reserved 1136640K
  class space    used 11675K, capacity 12459K, committed 12544K, reserved 1048576K
}
2019-06-25T05:02:42.203+0000: 334182.113: Application time: 11.4876786 seconds
2019-06-25T05:02:42.227+0000: 334182.136: Application time: 0.0235838 seconds
2019-06-25T05:03:02.111+0000: 334202.020: Application time: 19.8838123 seconds
2019-06-25T05:03:02.111+0000: 334202.021: Application time: 0.0001269 seconds
2019-06-25T05:03:02.112+0000: 334202.022: Application time: 0.0000711 seconds
2019-06-25T05:03:02.112+0000: 334202.022: Application time: 0.0000648 seconds
2019-06-25T05:03:02.112+0000: 334202.022: Application time: 0.0000673 seconds
2019-06-25T05:03:02.112+0000: 334202.022: Application time: 0.0000688 seconds
2019-06-25T05:03:02.113+0000: 334202.022: Application time: 0.0000554 seconds
2019-06-25T05:03:02.113+0000: 334202.023: Application time: 0.0000600 seconds
2019-06-25T05:03:02.113+0000: 334202.023: Application time: 0.0001339 seconds
2019-06-25T05:03:02.113+0000: 334202.023: Application time: 0.0000995 seconds
2019-06-25T05:03:09.942+0000: 334209.852: Application time: 7.8285402 seconds
2019-06-25T05:03:44.935+0000: 334244.845: Application time: 34.9929236 seconds
{Heap before GC invocations=4886 (full 140):
 par new generation   total 9792K, used 9519K [0x00000000e1000000, 0x00000000e1aa0000, 0x00000000eb4a0000)
  eden space 8704K,  99% used [0x00000000e1000000, 0x00000000e187ea48, 0x00000000e1880000)
  from space 1088K,  75% used [0x00000000e1880000, 0x00000000e194d240, 0x00000000e1990000)
  to   space 1088K,   0% used [0x00000000e1990000, 0x00000000e1990000, 0x00000000e1aa0000)
 concurrent mark-sweep generation total 118492K, used 66379K [0x00000000eb4a0000, 0x00000000f2857000, 0x0000000100000000)
 Metaspace       used 95708K, capacity 99957K, committed 100352K, reserved 1136640K
  class space    used 11675K, capacity 12459K, committed 12544K, reserved 1048576K
2019-06-25T05:03:44.936+0000: 334244.846: [GC (Allocation Failure) 2019-06-25T05:03:44.936+0000: 334244.846: [ParNew: 9519K->795K(9792K), 0.0078008 secs] 75899K->67306K(128284K), 0.0086831 secs] [Times: user=0.01 sys=0.00, real=0.01 secs] 
Heap after GC invocations=4887 (full 140):
 par new generation   total 9792K, used 795K [0x00000000e1000000, 0x00000000e1aa0000, 0x00000000eb4a0000)
  eden space 8704K,   0% used [0x00000000e1000000, 0x00000000e1000000, 0x00000000e1880000)
  from space 1088K,  73% used [0x00000000e1990000, 0x00000000e1a56dc8, 0x00000000e1aa0000)
  to   space 1088K,   0% used [0x00000000e1880000, 0x00000000e1880000, 0x00000000e1990000)
 concurrent mark-sweep generation total 118492K, used 66511K [0x00000000eb4a0000, 0x00000000f2857000, 0x0000000100000000)
 Metaspace       used 95708K, capacity 99957K, committed 100352K, reserved 1136640K
  class space    used 11675K, capacity 12459K, committed 12544K, reserved 1048576K
}
2019-06-25T05:03:49.934+0000: 334249.844: Application time: 4.9890212 seconds
2019-06-25T05:03:49.976+0000: 334249.886: Application time: 0.0415958 seconds
2019-06-25T05:04:02.120+0000: 334262.030: Application time: 12.1430623 seconds
2019-06-25T05:04:02.120+0000: 334262.030: Application time: 0.0001642 seconds
2019-06-25T05:04:02.121+0000: 334262.031: Application time: 0.0000843 seconds
2019-06-25T05:04:02.122+0000: 334262.032: Application time: 0.0000772 seconds
2019-06-25T05:04:02.122+0000: 334262.032: Application time: 0.0000716 seconds
2019-06-25T05:04:02.122+0000: 334262.032: Application time: 0.0000695 seconds
2019-06-25T05:04:02.122+0000: 334262.032: Application time: 0.0000850 seconds
2019-06-25T05:04:02.123+0000: 334262.032: Application time: 0.0000757 seconds
2019-06-25T05:04:02.123+0000: 334262.033: Application time: 0.0001739 seconds
2019-06-25T05:04:02.123+0000: 334262.033: Application time: 0.0001299 seconds
2019-06-25T05:04:02.125+0000: 334262.035: Application time: 0.0013174 seconds
2019-06-25T05:04:38.436+0000: 334298.346: Application time: 36.3113063 seconds
2019-06-25T05:04:38.462+0000: 334298.372: Application time: 0.0251580 seconds
2019-06-25T05:04:40.225+0000: 334300.135: Application time: 1.7629114 seconds
{Heap before GC invocations=4887 (full 140):
 par new generation   total 9792K, used 9499K [0x00000000e1000000, 0x00000000e1aa0000, 0x00000000eb4a0000)
  eden space 8704K, 100% used [0x00000000e1000000, 0x00000000e1880000, 0x00000000e1880000)
  from space 1088K,  73% used [0x00000000e1990000, 0x00000000e1a56dc8, 0x00000000e1aa0000)
  to   space 1088K,   0% used [0x00000000e1880000, 0x00000000e1880000, 0x00000000e1990000)
 concurrent mark-sweep generation total 118492K, used 66511K [0x00000000eb4a0000, 0x00000000f2857000, 0x0000000100000000)
 Metaspace       used 95708K, capacity 99957K, committed 100352K, reserved 1136640K
  class space    used 11675K, capacity 12459K, committed 12544K, reserved 1048576K
2019-06-25T05:04:40.226+0000: 334300.136: [GC (Allocation Failure) 2019-06-25T05:04:40.227+0000: 334300.136: [ParNew: 9499K->1088K(9792K), 0.0049534 secs] 76010K->67862K(128284K), 0.0058883 secs] [Times: user=0.01 sys=0.00, real=0.01 secs] 
Heap after GC invocations=4888 (full 140):
 par new generation   total 9792K, used 1088K [0x00000000e1000000, 0x00000000e1aa0000, 0x00000000eb4a0000)
  eden space 8704K,   0% used [0x00000000e1000000, 0x00000000e1000000, 0x00000000e1880000)
  from space 1088K, 100% used [0x00000000e1880000, 0x00000000e1990000, 0x00000000e1990000)
  to   space 1088K,   0% used [0x00000000e1990000, 0x00000000e1990000, 0x00000000e1aa0000)
 concurrent mark-sweep generation total 118492K, used 66774K [0x00000000eb4a0000, 0x00000000f2857000, 0x0000000100000000)
 Metaspace       used 95708K, capacity 99957K, committed 100352K, reserved 1136640K
  class space    used 11675K, capacity 12459K, committed 12544K, reserved 1048576K
}
2019-06-25T05:05:02.132+0000: 334322.042: Application time: 21.8992737 seconds
2019-06-25T05:05:02.133+0000: 334322.043: Application time: 0.0002096 seconds
2019-06-25T05:05:02.133+0000: 334322.043: Application time: 0.0001908 seconds
2019-06-25T05:05:02.134+0000: 334322.043: Application time: 0.0001850 seconds
2019-06-25T05:05:02.134+0000: 334322.044: Application time: 0.0000885 seconds
2019-06-25T05:05:02.135+0000: 334322.044: Application time: 0.0000770 seconds
2019-06-25T05:05:02.135+0000: 334322.045: Application time: 0.0000762 seconds
2019-06-25T05:05:02.135+0000: 334322.045: Application time: 0.0000979 seconds
2019-06-25T05:05:02.136+0000: 334322.045: Application time: 0.0001775 seconds
2019-06-25T05:05:02.136+0000: 334322.046: Application time: 0.0001131 seconds
2019-06-25T05:05:03.255+0000: 334323.165: Application time: 1.1191633 seconds
2019-06-25T05:05:03.256+0000: 334323.166: Application time: 0.0004034 seconds
2019-06-25T05:05:03.257+0000: 334323.166: Application time: 0.0001996 seconds
2019-06-25T05:05:03.257+0000: 334323.167: Application time: 0.0001986 seconds
2019-06-25T05:05:03.258+0000: 334323.168: Application time: 0.0007317 seconds
2019-06-25T05:05:03.259+0000: 334323.169: Application time: 0.0002022 seconds
2019-06-25T05:05:03.259+0000: 334323.169: Application time: 0.0001867 seconds
2019-06-25T05:05:03.260+0000: 334323.170: Application time: 0.0007002 seconds
2019-06-25T05:05:03.261+0000: 334323.171: Application time: 0.0003500 seconds
2019-06-25T05:05:03.261+0000: 334323.171: Application time: 0.0002479 seconds
2019-06-25T05:05:07.274+0000: 334327.184: Application time: 4.0126417 seconds
2019-06-25T05:05:07.305+0000: 334327.215: Application time: 0.0301614 seconds
2019-06-25T05:05:14.274+0000: 334334.184: Application time: 6.9694594 seconds
2019-06-25T05:05:14.275+0000: 334334.185: Application time: 0.0002112 seconds
2019-06-25T05:05:14.275+0000: 334334.185: Application time: 0.0002347 seconds
2019-06-25T05:05:14.276+0000: 334334.186: Application time: 0.0002063 seconds
2019-06-25T05:05:14.276+0000: 334334.186: Application time: 0.0002026 seconds
2019-06-25T05:05:14.277+0000: 334334.187: Application time: 0.0002254 seconds
2019-06-25T05:05:14.278+0000: 334334.187: Application time: 0.0006268 seconds
2019-06-25T05:05:18.710+0000: 334338.620: Application time: 4.4318900 seconds
2019-06-25T05:05:18.735+0000: 334338.645: Application time: 0.0258679 seconds
2019-06-25T05:05:22.284+0000: 334342.193: Application time: 3.5474222 seconds
2019-06-25T05:05:22.284+0000: 334342.194: Application time: 0.0000893 seconds
2019-06-25T05:05:22.284+0000: 334342.194: Application time: 0.0000723 seconds
2019-06-25T05:05:22.285+0000: 334342.195: Application time: 0.0000792 seconds
2019-06-25T05:05:22.285+0000: 334342.195: Application time: 0.0001567 seconds
2019-06-25T05:05:22.286+0000: 334342.195: Application time: 0.0001522 seconds
2019-06-25T05:05:27.919+0000: 334347.829: Application time: 5.6329658 seconds
{Heap before GC invocations=4888 (full 140):
 par new generation   total 9792K, used 9792K [0x00000000e1000000, 0x00000000e1aa0000, 0x00000000eb4a0000)
  eden space 8704K, 100% used [0x00000000e1000000, 0x00000000e1880000, 0x00000000e1880000)
  from space 1088K, 100% used [0x00000000e1880000, 0x00000000e1990000, 0x00000000e1990000)
  to   space 1088K,   0% used [0x00000000e1990000, 0x00000000e1990000, 0x00000000e1aa0000)
 concurrent mark-sweep generation total 118492K, used 66774K [0x00000000eb4a0000, 0x00000000f2857000, 0x0000000100000000)
 Metaspace       used 95708K, capacity 99957K, committed 100352K, reserved 1136640K
  class space    used 11675K, capacity 12459K, committed 12544K, reserved 1048576K
2019-06-25T05:05:27.920+0000: 334347.830: [GC (Allocation Failure) 2019-06-25T05:05:27.921+0000: 334347.831: [ParNew: 9792K->908K(9792K), 0.0068445 secs] 76566K->67840K(128284K), 0.0084199 secs] [Times: user=0.01 sys=0.00, real=0.01 secs] 
Heap after GC invocations=4889 (full 140):
 par new generation   total 9792K, used 908K [0x00000000e1000000, 0x00000000e1aa0000, 0x00000000eb4a0000)
  eden space 8704K,   0% used [0x00000000e1000000, 0x00000000e1000000, 0x00000000e1880000)
  from space 1088K,  83% used [0x00000000e1990000, 0x00000000e1a732f0, 0x00000000e1aa0000)
  to   space 1088K,   0% used [0x00000000e1880000, 0x00000000e1880000, 0x00000000e1990000)
 concurrent mark-sweep generation total 118492K, used 66932K [0x00000000eb4a0000, 0x00000000f2857000, 0x0000000100000000)
 Metaspace       used 95708K, capacity 99957K, committed 100352K, reserved 1136640K
  class space    used 11675K, capacity 12459K, committed 12544K, reserved 1048576K
}
2019-06-25T05:05:32.142+0000: 334352.051: Application time: 4.2112782 seconds
2019-06-25T05:06:04.322+0000: 334384.232: Application time: 32.1806474 seconds
2019-06-25T05:06:04.323+0000: 334384.233: Application time: 0.0000688 seconds
2019-06-25T05:06:04.323+0000: 334384.233: Application time: 0.0000829 seconds
2019-06-25T05:06:04.324+0000: 334384.234: Application time: 0.0000645 seconds
2019-06-25T05:06:04.324+0000: 334384.234: Application time: 0.0001337 seconds
2019-06-25T05:06:04.324+0000: 334384.234: Application time: 0.0001429 seconds
2019-06-25T05:06:09.245+0000: 334389.155: Application time: 4.9204774 seconds
2019-06-25T05:06:09.284+0000: 334389.194: Application time: 0.0384825 seconds
2019-06-25T05:06:09.952+0000: 334389.862: Application time: 0.6684989 seconds
2019-06-25T05:06:09.953+0000: 334389.863: Application time: 0.0001424 seconds
2019-06-25T05:06:09.953+0000: 334389.863: Application time: 0.0001627 seconds
2019-06-25T05:06:09.954+0000: 334389.863: Application time: 0.0001275 seconds
2019-06-25T05:06:22.196+0000: 334402.106: Application time: 12.2425746 seconds
2019-06-25T05:06:32.149+0000: 334412.059: Application time: 9.9526601 seconds
2019-06-25T05:06:44.362+0000: 334424.272: Application time: 12.2124981 seconds
{Heap before GC invocations=4889 (full 140):
 par new generation   total 9792K, used 9612K [0x00000000e1000000, 0x00000000e1aa0000, 0x00000000eb4a0000)
  eden space 8704K, 100% used [0x00000000e1000000, 0x00000000e1880000, 0x00000000e1880000)
  from space 1088K,  83% used [0x00000000e1990000, 0x00000000e1a732f0, 0x00000000e1aa0000)
  to   space 1088K,   0% used [0x00000000e1880000, 0x00000000e1880000, 0x00000000e1990000)
 concurrent mark-sweep generation total 118492K, used 66932K [0x00000000eb4a0000, 0x00000000f2857000, 0x0000000100000000)
 Metaspace       used 95708K, capacity 99957K, committed 100352K, reserved 1136640K
  class space    used 11675K, capacity 12459K, committed 12544K, reserved 1048576K
2019-06-25T05:06:44.363+0000: 334424.273: [GC (Allocation Failure) 2019-06-25T05:06:44.363+0000: 334424.273: [ParNew: 9612K->812K(9792K), 0.0037701 secs] 76544K->68135K(128284K), 0.0046839 secs] [Times: user=0.00 sys=0.01, real=0.00 secs] 
Heap after GC invocations=4890 (full 140):
 par new generation   total 9792K, used 812K [0x00000000e1000000, 0x00000000e1aa0000, 0x00000000eb4a0000)
  eden space 8704K,   0% used [0x00000000e1000000, 0x00000000e1000000, 0x00000000e1880000)
  from space 1088K,  74% used [0x00000000e1880000, 0x00000000e194b198, 0x00000000e1990000)
  to   space 1088K,   0% used [0x00000000e1990000, 0x00000000e1990000, 0x00000000e1aa0000)
 concurrent mark-sweep generation total 118492K, used 67322K [0x00000000eb4a0000, 0x00000000f2857000, 0x0000000100000000)
 Metaspace       used 95708K, capacity 99957K, committed 100352K, reserved 1136640K
  class space    used 11675K, capacity 12459K, committed 12544K, reserved 1048576K
}
2019-06-25T05:08:18.381+0000: 334518.291: Application time: 94.0124465 seconds
2019-06-25T05:08:22.561+0000: 334522.470: Application time: 4.1794724 seconds
{Heap before GC invocations=4890 (full 140):
 par new generation   total 9792K, used 9516K [0x00000000e1000000, 0x00000000e1aa0000, 0x00000000eb4a0000)
  eden space 8704K, 100% used [0x00000000e1000000, 0x00000000e1880000, 0x00000000e1880000)
  from space 1088K,  74% used [0x00000000e1880000, 0x00000000e194b198, 0x00000000e1990000)
  to   space 1088K,   0% used [0x00000000e1990000, 0x00000000e1990000, 0x00000000e1aa0000)
 concurrent mark-sweep generation total 118492K, used 67322K [0x00000000eb4a0000, 0x00000000f2857000, 0x0000000100000000)
 Metaspace       used 95708K, capacity 99957K, committed 100352K, reserved 1136640K
  class space    used 11675K, capacity 12459K, committed 12544K, reserved 1048576K
2019-06-25T05:08:22.561+0000: 334522.471: [GC (Allocation Failure) 2019-06-25T05:08:22.562+0000: 334522.471: [ParNew: 9516K->432K(9792K), 0.0035800 secs] 76839K->68076K(128284K), 0.0043285 secs] [Times: user=0.00 sys=0.00, real=0.00 secs] 
Heap after GC invocations=4891 (full 140):
 par new generation   total 9792K, used 432K [0x00000000e1000000, 0x00000000e1aa0000, 0x00000000eb4a0000)
  eden space 8704K,   0% used [0x00000000e1000000, 0x00000000e1000000, 0x00000000e1880000)
  from space 1088K,  39% used [0x00000000e1990000, 0x00000000e19fc258, 0x00000000e1aa0000)
  to   space 1088K,   0% used [0x00000000e1880000, 0x00000000e1880000, 0x00000000e1990000)
 concurrent mark-sweep generation total 118492K, used 67644K [0x00000000eb4a0000, 0x00000000f2857000, 0x0000000100000000)
 Metaspace       used 95708K, capacity 99957K, committed 100352K, reserved 1136640K
  class space    used 11675K, capacity 12459K, committed 12544K, reserved 1048576K
}
2019-06-25T05:09:23.525+0000: 334583.435: Application time: 60.9590231 seconds
2019-06-25T05:09:23.526+0000: 334583.436: Application time: 0.0001249 seconds
2019-06-25T05:09:23.526+0000: 334583.436: Application time: 0.0001101 seconds
2019-06-25T05:09:23.527+0000: 334583.436: Application time: 0.0000965 seconds
2019-06-25T05:09:23.528+0000: 334583.438: Application time: 0.0002760 seconds
2019-06-25T05:09:23.528+0000: 334583.438: Application time: 0.0001211 seconds
2019-06-25T05:09:28.236+0000: 334588.146: Application time: 4.7077812 seconds
2019-06-25T05:09:28.261+0000: 334588.171: Application time: 0.0243048 seconds
2019-06-25T05:09:32.172+0000: 334592.082: Application time: 3.9104994 seconds
2019-06-25T05:09:41.964+0000: 334601.874: Application time: 9.7921998 seconds
{Heap before GC invocations=4891 (full 140):
 par new generation   total 9792K, used 9136K [0x00000000e1000000, 0x00000000e1aa0000, 0x00000000eb4a0000)
  eden space 8704K, 100% used [0x00000000e1000000, 0x00000000e1880000, 0x00000000e1880000)
  from space 1088K,  39% used [0x00000000e1990000, 0x00000000e19fc258, 0x00000000e1aa0000)
  to   space 1088K,   0% used [0x00000000e1880000, 0x00000000e1880000, 0x00000000e1990000)
 concurrent mark-sweep generation total 118492K, used 67644K [0x00000000eb4a0000, 0x00000000f2857000, 0x0000000100000000)
 Metaspace       used 95719K, capacity 99975K, committed 100352K, reserved 1136640K
  class space    used 11676K, capacity 12462K, committed 12544K, reserved 1048576K
2019-06-25T05:09:41.965+0000: 334601.875: [GC (Allocation Failure) 2019-06-25T05:09:41.966+0000: 334601.875: [ParNew: 9136K->679K(9792K), 0.0069623 secs] 76780K->68323K(128284K), 0.0078201 secs] [Times: user=0.02 sys=0.00, real=0.01 secs] 
Heap after GC invocations=4892 (full 140):
 par new generation   total 9792K, used 679K [0x00000000e1000000, 0x00000000e1aa0000, 0x00000000eb4a0000)
  eden space 8704K,   0% used [0x00000000e1000000, 0x00000000e1000000, 0x00000000e1880000)
  from space 1088K,  62% used [0x00000000e1880000, 0x00000000e1929e48, 0x00000000e1990000)
  to   space 1088K,   0% used [0x00000000e1990000, 0x00000000e1990000, 0x00000000e1aa0000)
 concurrent mark-sweep generation total 118492K, used 67644K [0x00000000eb4a0000, 0x00000000f2857000, 0x0000000100000000)
 Metaspace       used 95719K, capacity 99975K, committed 100352K, reserved 1136640K
  class space    used 11676K, capacity 12462K, committed 12544K, reserved 1048576K
}
2019-06-25T05:10:18.212+0000: 334638.121: Application time: 36.2378244 seconds
2019-06-25T05:10:18.213+0000: 334638.123: Application time: 0.0015981 seconds
2019-06-25T05:10:18.224+0000: 334638.134: Application time: 0.0105074 seconds
2019-06-25T05:10:18.226+0000: 334638.136: Application time: 0.0017696 seconds
2019-06-25T05:11:18.220+0000: 334698.129: Application time: 59.9926080 seconds
{Heap before GC invocations=4892 (full 140):
 par new generation   total 9792K, used 9383K [0x00000000e1000000, 0x00000000e1aa0000, 0x00000000eb4a0000)
  eden space 8704K, 100% used [0x00000000e1000000, 0x00000000e1880000, 0x00000000e1880000)
  from space 1088K,  62% used [0x00000000e1880000, 0x00000000e1929e48, 0x00000000e1990000)
  to   space 1088K,   0% used [0x00000000e1990000, 0x00000000e1990000, 0x00000000e1aa0000)
 concurrent mark-sweep generation total 118492K, used 67644K [0x00000000eb4a0000, 0x00000000f2857000, 0x0000000100000000)
 Metaspace       used 95719K, capacity 99975K, committed 100352K, reserved 1136640K
  class space    used 11676K, capacity 12462K, committed 12544K, reserved 1048576K
2019-06-25T05:11:18.220+0000: 334698.130: [GC (Allocation Failure) 2019-06-25T05:11:18.220+0000: 334698.130: [ParNew: 9383K->666K(9792K), 0.0034629 secs] 77027K->68310K(128284K), 0.0045044 secs] [Times: user=0.01 sys=0.00, real=0.00 secs] 
Heap after GC invocations=4893 (full 140):
 par new generation   total 9792K, used 666K [0x00000000e1000000, 0x00000000e1aa0000, 0x00000000eb4a0000)
  eden space 8704K,   0% used [0x00000000e1000000, 0x00000000e1000000, 0x00000000e1880000)
  from space 1088K,  61% used [0x00000000e1990000, 0x00000000e1a36998, 0x00000000e1aa0000)
  to   space 1088K,   0% used [0x00000000e1880000, 0x00000000e1880000, 0x00000000e1990000)
 concurrent mark-sweep generation total 118492K, used 67644K [0x00000000eb4a0000, 0x00000000f2857000, 0x0000000100000000)
 Metaspace       used 95719K, capacity 99975K, committed 100352K, reserved 1136640K
  class space    used 11676K, capacity 12462K, committed 12544K, reserved 1048576K
}
2019-06-25T05:11:22.235+0000: 334702.145: Application time: 4.0098459 seconds
2019-06-25T05:12:00.696+0000: 334740.606: Application time: 38.4603330 seconds
2019-06-25T05:12:00.696+0000: 334740.606: Application time: 0.0000707 seconds
2019-06-25T05:12:00.697+0000: 334740.606: Application time: 0.0000651 seconds
2019-06-25T05:12:00.697+0000: 334740.607: Application time: 0.0000946 seconds
2019-06-25T05:12:00.698+0000: 334740.607: Application time: 0.0000597 seconds
2019-06-25T05:12:00.698+0000: 334740.608: Application time: 0.0000577 seconds
2019-06-25T05:12:00.698+0000: 334740.608: Application time: 0.0000578 seconds
2019-06-25T05:12:00.698+0000: 334740.608: Application time: 0.0000809 seconds
2019-06-25T05:12:00.699+0000: 334740.609: Application time: 0.0001066 seconds
2019-06-25T05:12:00.699+0000: 334740.609: Application time: 0.0001119 seconds
2019-06-25T05:12:02.192+0000: 334742.102: Application time: 1.4927998 seconds
2019-06-25T05:12:02.192+0000: 334742.102: Application time: 0.0000767 seconds
2019-06-25T05:12:02.193+0000: 334742.102: Application time: 0.0000601 seconds
2019-06-25T05:12:02.193+0000: 334742.103: Application time: 0.0000613 seconds
2019-06-25T05:12:02.194+0000: 334742.104: Application time: 0.0012741 seconds
2019-06-25T05:12:05.235+0000: 334745.145: Application time: 3.0408570 seconds
2019-06-25T05:12:05.262+0000: 334745.172: Application time: 0.0270412 seconds
2019-06-25T05:12:39.734+0000: 334779.644: Application time: 34.4709301 seconds
{Heap before GC invocations=4893 (full 140):
 par new generation   total 9792K, used 9370K [0x00000000e1000000, 0x00000000e1aa0000, 0x00000000eb4a0000)
  eden space 8704K, 100% used [0x00000000e1000000, 0x00000000e1880000, 0x00000000e1880000)
  from space 1088K,  61% used [0x00000000e1990000, 0x00000000e1a36998, 0x00000000e1aa0000)
  to   space 1088K,   0% used [0x00000000e1880000, 0x00000000e1880000, 0x00000000e1990000)
 concurrent mark-sweep generation total 118492K, used 67644K [0x00000000eb4a0000, 0x00000000f2857000, 0x0000000100000000)
 Metaspace       used 95720K, capacity 99975K, committed 100352K, reserved 1136640K
  class space    used 11676K, capacity 12462K, committed 12544K, reserved 1048576K
2019-06-25T05:12:39.734+0000: 334779.644: [GC (Allocation Failure) 2019-06-25T05:12:39.735+0000: 334779.645: [ParNew: 9370K->707K(9792K), 0.0035778 secs] 77014K->68532K(128284K), 0.0045903 secs] [Times: user=0.01 sys=0.00, real=0.01 secs] 
Heap after GC invocations=4894 (full 140):
 par new generation   total 9792K, used 707K [0x00000000e1000000, 0x00000000e1aa0000, 0x00000000eb4a0000)
  eden space 8704K,   0% used [0x00000000e1000000, 0x00000000e1000000, 0x00000000e1880000)
  from space 1088K,  65% used [0x00000000e1880000, 0x00000000e1930d40, 0x00000000e1990000)
  to   space 1088K,   0% used [0x00000000e1990000, 0x00000000e1990000, 0x00000000e1aa0000)
 concurrent mark-sweep generation total 118492K, used 67825K [0x00000000eb4a0000, 0x00000000f2857000, 0x0000000100000000)
 Metaspace       used 95720K, capacity 99975K, committed 100352K, reserved 1136640K
  class space    used 11676K, capacity 12462K, committed 12544K, reserved 1048576K
}
2019-06-25T05:14:17.735+0000: 334877.645: Application time: 97.9959889 seconds
{Heap before GC invocations=4894 (full 140):
 par new generation   total 9792K, used 9411K [0x00000000e1000000, 0x00000000e1aa0000, 0x00000000eb4a0000)
  eden space 8704K,  99% used [0x00000000e1000000, 0x00000000e187fff0, 0x00000000e1880000)
  from space 1088K,  65% used [0x00000000e1880000, 0x00000000e1930d40, 0x00000000e1990000)
  to   space 1088K,   0% used [0x00000000e1990000, 0x00000000e1990000, 0x00000000e1aa0000)
 concurrent mark-sweep generation total 118492K, used 67825K [0x00000000eb4a0000, 0x00000000f2857000, 0x0000000100000000)
 Metaspace       used 95720K, capacity 99975K, committed 100352K, reserved 1136640K
  class space    used 11676K, capacity 12462K, committed 12544K, reserved 1048576K
2019-06-25T05:14:17.736+0000: 334877.646: [GC (Allocation Failure) 2019-06-25T05:14:17.736+0000: 334877.646: [ParNew: 9411K->889K(9792K), 0.0036689 secs] 77236K->68797K(128284K), 0.0043334 secs] [Times: user=0.01 sys=0.00, real=0.01 secs] 
Heap after GC invocations=4895 (full 140):
 par new generation   total 9792K, used 889K [0x00000000e1000000, 0x00000000e1aa0000, 0x00000000eb4a0000)
  eden space 8704K,   0% used [0x00000000e1000000, 0x00000000e1000000, 0x00000000e1880000)
  from space 1088K,  81% used [0x00000000e1990000, 0x00000000e1a6e748, 0x00000000e1aa0000)
  to   space 1088K,   0% used [0x00000000e1880000, 0x00000000e1880000, 0x00000000e1990000)
 concurrent mark-sweep generation total 118492K, used 67908K [0x00000000eb4a0000, 0x00000000f2857000, 0x0000000100000000)
 Metaspace       used 95720K, capacity 99975K, committed 100352K, reserved 1136640K
  class space    used 11676K, capacity 12462K, committed 12544K, reserved 1048576K
}
2019-06-25T05:15:58.698+0000: 334978.608: Application time: 100.9570200 seconds
{Heap before GC invocations=4895 (full 140):
 par new generation   total 9792K, used 9593K [0x00000000e1000000, 0x00000000e1aa0000, 0x00000000eb4a0000)
  eden space 8704K, 100% used [0x00000000e1000000, 0x00000000e1880000, 0x00000000e1880000)
  from space 1088K,  81% used [0x00000000e1990000, 0x00000000e1a6e748, 0x00000000e1aa0000)
  to   space 1088K,   0% used [0x00000000e1880000, 0x00000000e1880000, 0x00000000e1990000)
 concurrent mark-sweep generation total 118492K, used 67908K [0x00000000eb4a0000, 0x00000000f2857000, 0x0000000100000000)
 Metaspace       used 95720K, capacity 99975K, committed 100352K, reserved 1136640K
  class space    used 11676K, capacity 12462K, committed 12544K, reserved 1048576K
2019-06-25T05:15:58.699+0000: 334978.609: [GC (Allocation Failure) 2019-06-25T05:15:58.699+0000: 334978.609: [ParNew: 9593K->731K(9792K), 0.0035203 secs] 77501K->68791K(128284K), 0.0046916 secs] [Times: user=0.00 sys=0.00, real=0.00 secs] 
Heap after GC invocations=4896 (full 140):
 par new generation   total 9792K, used 731K [0x00000000e1000000, 0x00000000e1aa0000, 0x00000000eb4a0000)
  eden space 8704K,   0% used [0x00000000e1000000, 0x00000000e1000000, 0x00000000e1880000)
  from space 1088K,  67% used [0x00000000e1880000, 0x00000000e1936dd0, 0x00000000e1990000)
  to   space 1088K,   0% used [0x00000000e1990000, 0x00000000e1990000, 0x00000000e1aa0000)
 concurrent mark-sweep generation total 118492K, used 68059K [0x00000000eb4a0000, 0x00000000f2857000, 0x0000000100000000)
 Metaspace       used 95720K, capacity 99975K, committed 100352K, reserved 1136640K
  class space    used 11676K, capacity 12462K, committed 12544K, reserved 1048576K
}
2019-06-25T05:16:22.259+0000: 335002.169: Application time: 23.5547831 seconds
2019-06-25T05:17:42.020+0000: 335081.929: Application time: 79.7601628 seconds
{Heap before GC invocations=4896 (full 140):
 par new generation   total 9792K, used 9435K [0x00000000e1000000, 0x00000000e1aa0000, 0x00000000eb4a0000)
  eden space 8704K, 100% used [0x00000000e1000000, 0x00000000e1880000, 0x00000000e1880000)
  from space 1088K,  67% used [0x00000000e1880000, 0x00000000e1936dd0, 0x00000000e1990000)
  to   space 1088K,   0% used [0x00000000e1990000, 0x00000000e1990000, 0x00000000e1aa0000)
 concurrent mark-sweep generation total 118492K, used 68059K [0x00000000eb4a0000, 0x00000000f2857000, 0x0000000100000000)
 Metaspace       used 95720K, capacity 99975K, committed 100352K, reserved 1136640K
  class space    used 11676K, capacity 12462K, committed 12544K, reserved 1048576K
2019-06-25T05:17:42.020+0000: 335081.930: [GC (Allocation Failure) 2019-06-25T05:17:42.021+0000: 335081.930: [ParNew: 9435K->817K(9792K), 0.0037110 secs] 77495K->68877K(128284K), 0.0044942 secs] [Times: user=0.01 sys=0.00, real=0.00 secs] 
Heap after GC invocations=4897 (full 140):
 par new generation   total 9792K, used 817K [0x00000000e1000000, 0x00000000e1aa0000, 0x00000000eb4a0000)
  eden space 8704K,   0% used [0x00000000e1000000, 0x00000000e1000000, 0x00000000e1880000)
  from space 1088K,  75% used [0x00000000e1990000, 0x00000000e1a5c668, 0x00000000e1aa0000)
  to   space 1088K,   0% used [0x00000000e1880000, 0x00000000e1880000, 0x00000000e1990000)
 concurrent mark-sweep generation total 118492K, used 68059K [0x00000000eb4a0000, 0x00000000f2857000, 0x0000000100000000)
 Metaspace       used 95720K, capacity 99975K, committed 100352K, reserved 1136640K
  class space    used 11676K, capacity 12462K, committed 12544K, reserved 1048576K
}
2019-06-25T05:18:12.142+0000: 335112.052: Application time: 30.1169497 seconds
2019-06-25T05:19:18.273+0000: 335178.183: Application time: 66.1300490 seconds
{Heap before GC invocations=4897 (full 140):
 par new generation   total 9792K, used 9521K [0x00000000e1000000, 0x00000000e1aa0000, 0x00000000eb4a0000)
  eden space 8704K, 100% used [0x00000000e1000000, 0x00000000e1880000, 0x00000000e1880000)
  from space 1088K,  75% used [0x00000000e1990000, 0x00000000e1a5c668, 0x00000000e1aa0000)
  to   space 1088K,   0% used [0x00000000e1880000, 0x00000000e1880000, 0x00000000e1990000)
 concurrent mark-sweep generation total 118492K, used 68059K [0x00000000eb4a0000, 0x00000000f2857000, 0x0000000100000000)
 Metaspace       used 95720K, capacity 99975K, committed 100352K, reserved 1136640K
  class space    used 11676K, capacity 12462K, committed 12544K, reserved 1048576K
2019-06-25T05:19:18.274+0000: 335178.183: [GC (Allocation Failure) 2019-06-25T05:19:18.274+0000: 335178.184: [ParNew: 9521K->597K(9792K), 0.0039821 secs] 77581K->68725K(128284K), 0.0049894 secs] [Times: user=0.01 sys=0.00, real=0.01 secs] 
Heap after GC invocations=4898 (full 140):
 par new generation   total 9792K, used 597K [0x00000000e1000000, 0x00000000e1aa0000, 0x00000000eb4a0000)
  eden space 8704K,   0% used [0x00000000e1000000, 0x00000000e1000000, 0x00000000e1880000)
  from space 1088K,  54% used [0x00000000e1880000, 0x00000000e19156c8, 0x00000000e1990000)
  to   space 1088K,   0% used [0x00000000e1990000, 0x00000000e1990000, 0x00000000e1aa0000)
 concurrent mark-sweep generation total 118492K, used 68128K [0x00000000eb4a0000, 0x00000000f2857000, 0x0000000100000000)
 Metaspace       used 95720K, capacity 99975K, committed 100352K, reserved 1136640K
  class space    used 11676K, capacity 12462K, committed 12544K, reserved 1048576K
}
2019-06-25T05:21:01.979+0000: 335281.889: Application time: 103.6998800 seconds
{Heap before GC invocations=4898 (full 140):
 par new generation   total 9792K, used 9301K [0x00000000e1000000, 0x00000000e1aa0000, 0x00000000eb4a0000)
  eden space 8704K, 100% used [0x00000000e1000000, 0x00000000e1880000, 0x00000000e1880000)
  from space 1088K,  54% used [0x00000000e1880000, 0x00000000e19156c8, 0x00000000e1990000)
  to   space 1088K,   0% used [0x00000000e1990000, 0x00000000e1990000, 0x00000000e1aa0000)
 concurrent mark-sweep generation total 118492K, used 68128K [0x00000000eb4a0000, 0x00000000f2857000, 0x0000000100000000)
 Metaspace       used 95720K, capacity 99975K, committed 100352K, reserved 1136640K
  class space    used 11676K, capacity 12462K, committed 12544K, reserved 1048576K
2019-06-25T05:21:01.980+0000: 335281.890: [GC (Allocation Failure) 2019-06-25T05:21:01.980+0000: 335281.890: [ParNew: 9301K->582K(9792K), 0.0033202 secs] 77429K->68819K(128284K), 0.0041906 secs] [Times: user=0.00 sys=0.00, real=0.00 secs] 
Heap after GC invocations=4899 (full 140):
 par new generation   total 9792K, used 582K [0x00000000e1000000, 0x00000000e1aa0000, 0x00000000eb4a0000)
  eden space 8704K,   0% used [0x00000000e1000000, 0x00000000e1000000, 0x00000000e1880000)
  from space 1088K,  53% used [0x00000000e1990000, 0x00000000e1a21b50, 0x00000000e1aa0000)
  to   space 1088K,   0% used [0x00000000e1880000, 0x00000000e1880000, 0x00000000e1990000)
 concurrent mark-sweep generation total 118492K, used 68236K [0x00000000eb4a0000, 0x00000000f2857000, 0x0000000100000000)
 Metaspace       used 95720K, capacity 99975K, committed 100352K, reserved 1136640K
  class space    used 11676K, capacity 12462K, committed 12544K, reserved 1048576K
}
2019-06-25T05:21:22.296+0000: 335302.206: Application time: 20.3112922 seconds
2019-06-25T05:22:42.562+0000: 335382.471: Application time: 80.2647047 seconds
{Heap before GC invocations=4899 (full 140):
 par new generation   total 9792K, used 9286K [0x00000000e1000000, 0x00000000e1aa0000, 0x00000000eb4a0000)
  eden space 8704K, 100% used [0x00000000e1000000, 0x00000000e1880000, 0x00000000e1880000)
  from space 1088K,  53% used [0x00000000e1990000, 0x00000000e1a21b50, 0x00000000e1aa0000)
  to   space 1088K,   0% used [0x00000000e1880000, 0x00000000e1880000, 0x00000000e1990000)
 concurrent mark-sweep generation total 118492K, used 68236K [0x00000000eb4a0000, 0x00000000f2857000, 0x0000000100000000)
 Metaspace       used 95720K, capacity 99975K, committed 100352K, reserved 1136640K
  class space    used 11676K, capacity 12462K, committed 12544K, reserved 1048576K
2019-06-25T05:22:42.562+0000: 335382.472: [GC (Allocation Failure) 2019-06-25T05:22:42.563+0000: 335382.473: [ParNew: 9286K->595K(9792K), 0.0036173 secs] 77523K->68831K(128284K), 0.0045854 secs] [Times: user=0.01 sys=0.00, real=0.00 secs] 
Heap after GC invocations=4900 (full 140):
 par new generation   total 9792K, used 595K [0x00000000e1000000, 0x00000000e1aa0000, 0x00000000eb4a0000)
  eden space 8704K,   0% used [0x00000000e1000000, 0x00000000e1000000, 0x00000000e1880000)
  from space 1088K,  54% used [0x00000000e1880000, 0x00000000e1914cb0, 0x00000000e1990000)
  to   space 1088K,   0% used [0x00000000e1990000, 0x00000000e1990000, 0x00000000e1aa0000)
 concurrent mark-sweep generation total 118492K, used 68236K [0x00000000eb4a0000, 0x00000000f2857000, 0x0000000100000000)
 Metaspace       used 95720K, capacity 99975K, committed 100352K, reserved 1136640K
  class space    used 11676K, capacity 12462K, committed 12544K, reserved 1048576K
}
2019-06-25T05:23:18.574+0000: 335418.484: Application time: 36.0062063 seconds
2019-06-25T05:24:18.415+0000: 335478.325: Application time: 59.8404482 seconds
{Heap before GC invocations=4900 (full 140):
 par new generation   total 9792K, used 9299K [0x00000000e1000000, 0x00000000e1aa0000, 0x00000000eb4a0000)
  eden space 8704K, 100% used [0x00000000e1000000, 0x00000000e1880000, 0x00000000e1880000)
  from space 1088K,  54% used [0x00000000e1880000, 0x00000000e1914cb0, 0x00000000e1990000)
  to   space 1088K,   0% used [0x00000000e1990000, 0x00000000e1990000, 0x00000000e1aa0000)
 concurrent mark-sweep generation total 118492K, used 68236K [0x00000000eb4a0000, 0x00000000f2857000, 0x0000000100000000)
 Metaspace       used 95720K, capacity 99975K, committed 100352K, reserved 1136640K
  class space    used 11676K, capacity 12462K, committed 12544K, reserved 1048576K
2019-06-25T05:24:18.416+0000: 335478.326: [GC (Allocation Failure) 2019-06-25T05:24:18.417+0000: 335478.327: [ParNew: 9299K->713K(9792K), 0.0065281 secs] 77535K->68949K(128284K), 0.0081044 secs] [Times: user=0.02 sys=0.00, real=0.01 secs] 
Heap after GC invocations=4901 (full 140):
 par new generation   total 9792K, used 713K [0x00000000e1000000, 0x00000000e1aa0000, 0x00000000eb4a0000)
  eden space 8704K,   0% used [0x00000000e1000000, 0x00000000e1000000, 0x00000000e1880000)
  from space 1088K,  65% used [0x00000000e1990000, 0x00000000e1a425e0, 0x00000000e1aa0000)
  to   space 1088K,   0% used [0x00000000e1880000, 0x00000000e1880000, 0x00000000e1990000)
 concurrent mark-sweep generation total 118492K, used 68236K [0x00000000eb4a0000, 0x00000000f2857000, 0x0000000100000000)
 Metaspace       used 95720K, capacity 99975K, committed 100352K, reserved 1136640K
  class space    used 11676K, capacity 12462K, committed 12544K, reserved 1048576K
}
2019-06-25T05:26:05.530+0000: 335585.440: Application time: 107.1036498 seconds
{Heap before GC invocations=4901 (full 140):
 par new generation   total 9792K, used 9417K [0x00000000e1000000, 0x00000000e1aa0000, 0x00000000eb4a0000)
  eden space 8704K, 100% used [0x00000000e1000000, 0x00000000e1880000, 0x00000000e1880000)
  from space 1088K,  65% used [0x00000000e1990000, 0x00000000e1a425e0, 0x00000000e1aa0000)
  to   space 1088K,   0% used [0x00000000e1880000, 0x00000000e1880000, 0x00000000e1990000)
 concurrent mark-sweep generation total 118492K, used 68236K [0x00000000eb4a0000, 0x00000000f2857000, 0x0000000100000000)
 Metaspace       used 95720K, capacity 99975K, committed 100352K, reserved 1136640K
  class space    used 11676K, capacity 12462K, committed 12544K, reserved 1048576K
2019-06-25T05:26:05.531+0000: 335585.440: [GC (Allocation Failure) 2019-06-25T05:26:05.531+0000: 335585.441: [ParNew: 9417K->799K(9792K), 0.0083190 secs] 77653K->69060K(128284K), 0.0092239 secs] [Times: user=0.02 sys=0.00, real=0.01 secs] 
Heap after GC invocations=4902 (full 140):
 par new generation   total 9792K, used 799K [0x00000000e1000000, 0x00000000e1aa0000, 0x00000000eb4a0000)
  eden space 8704K,   0% used [0x00000000e1000000, 0x00000000e1000000, 0x00000000e1880000)
  from space 1088K,  73% used [0x00000000e1880000, 0x00000000e1947f88, 0x00000000e1990000)
  to   space 1088K,   0% used [0x00000000e1990000, 0x00000000e1990000, 0x00000000e1aa0000)
 concurrent mark-sweep generation total 118492K, used 68260K [0x00000000eb4a0000, 0x00000000f2857000, 0x0000000100000000)
 Metaspace       used 95720K, capacity 99975K, committed 100352K, reserved 1136640K
  class space    used 11676K, capacity 12462K, committed 12544K, reserved 1048576K
}
2019-06-25T05:26:22.322+0000: 335602.232: Application time: 16.7810180 seconds
2019-06-25T05:27:44.628+0000: 335684.538: Application time: 82.3057870 seconds
{Heap before GC invocations=4902 (full 140):
 par new generation   total 9792K, used 9503K [0x00000000e1000000, 0x00000000e1aa0000, 0x00000000eb4a0000)
  eden space 8704K, 100% used [0x00000000e1000000, 0x00000000e1880000, 0x00000000e1880000)
  from space 1088K,  73% used [0x00000000e1880000, 0x00000000e1947f88, 0x00000000e1990000)
  to   space 1088K,   0% used [0x00000000e1990000, 0x00000000e1990000, 0x00000000e1aa0000)
 concurrent mark-sweep generation total 118492K, used 68260K [0x00000000eb4a0000, 0x00000000f2857000, 0x0000000100000000)
 Metaspace       used 95720K, capacity 99975K, committed 100352K, reserved 1136640K
  class space    used 11676K, capacity 12462K, committed 12544K, reserved 1048576K
2019-06-25T05:27:44.629+0000: 335684.539: [GC (Allocation Failure) 2019-06-25T05:27:44.629+0000: 335684.539: [ParNew: 9503K->610K(9792K), 0.0034709 secs] 77764K->68870K(128284K), 0.0044890 secs] [Times: user=0.01 sys=0.00, real=0.00 secs] 
Heap after GC invocations=4903 (full 140):
 par new generation   total 9792K, used 610K [0x00000000e1000000, 0x00000000e1aa0000, 0x00000000eb4a0000)
  eden space 8704K,   0% used [0x00000000e1000000, 0x00000000e1000000, 0x00000000e1880000)
  from space 1088K,  56% used [0x00000000e1990000, 0x00000000e1a28868, 0x00000000e1aa0000)
  to   space 1088K,   0% used [0x00000000e1880000, 0x00000000e1880000, 0x00000000e1990000)
 concurrent mark-sweep generation total 118492K, used 68260K [0x00000000eb4a0000, 0x00000000f2857000, 0x0000000100000000)
 Metaspace       used 95720K, capacity 99975K, committed 100352K, reserved 1136640K
  class space    used 11676K, capacity 12462K, committed 12544K, reserved 1048576K
}
2019-06-25T05:29:24.726+0000: 335784.636: Application time: 100.0920455 seconds
{Heap before GC invocations=4903 (full 140):
 par new generation   total 9792K, used 9314K [0x00000000e1000000, 0x00000000e1aa0000, 0x00000000eb4a0000)
  eden space 8704K, 100% used [0x00000000e1000000, 0x00000000e1880000, 0x00000000e1880000)
  from space 1088K,  56% used [0x00000000e1990000, 0x00000000e1a28868, 0x00000000e1aa0000)
  to   space 1088K,   0% used [0x00000000e1880000, 0x00000000e1880000, 0x00000000e1990000)
 concurrent mark-sweep generation total 118492K, used 68260K [0x00000000eb4a0000, 0x00000000f2857000, 0x0000000100000000)
 Metaspace       used 95720K, capacity 99975K, committed 100352K, reserved 1136640K
  class space    used 11676K, capacity 12462K, committed 12544K, reserved 1048576K
2019-06-25T05:29:24.727+0000: 335784.637: [GC (Allocation Failure) 2019-06-25T05:29:24.728+0000: 335784.637: [ParNew: 9314K->545K(9792K), 0.0035644 secs] 77574K->68806K(128284K), 0.0044392 secs] [Times: user=0.01 sys=0.00, real=0.01 secs] 
Heap after GC invocations=4904 (full 140):
 par new generation   total 9792K, used 545K [0x00000000e1000000, 0x00000000e1aa0000, 0x00000000eb4a0000)
  eden space 8704K,   0% used [0x00000000e1000000, 0x00000000e1000000, 0x00000000e1880000)
  from space 1088K,  50% used [0x00000000e1880000, 0x00000000e19086d8, 0x00000000e1990000)
  to   space 1088K,   0% used [0x00000000e1990000, 0x00000000e1990000, 0x00000000e1aa0000)
 concurrent mark-sweep generation total 118492K, used 68260K [0x00000000eb4a0000, 0x00000000f2857000, 0x0000000100000000)
 Metaspace       used 95720K, capacity 99975K, committed 100352K, reserved 1136640K
  class space    used 11676K, capacity 12462K, committed 12544K, reserved 1048576K
}
2019-06-25T05:30:48.492+0000: 335868.402: Application time: 83.7595010 seconds
{Heap before GC invocations=4904 (full 140):
 par new generation   total 9792K, used 9215K [0x00000000e1000000, 0x00000000e1aa0000, 0x00000000eb4a0000)
  eden space 8704K,  99% used [0x00000000e1000000, 0x00000000e18777b0, 0x00000000e1880000)
  from space 1088K,  50% used [0x00000000e1880000, 0x00000000e19086d8, 0x00000000e1990000)
  to   space 1088K,   0% used [0x00000000e1990000, 0x00000000e1990000, 0x00000000e1aa0000)
 concurrent mark-sweep generation total 118492K, used 68260K [0x00000000eb4a0000, 0x00000000f2857000, 0x0000000100000000)
 Metaspace       used 95720K, capacity 99975K, committed 100352K, reserved 1136640K
  class space    used 11676K, capacity 12462K, committed 12544K, reserved 1048576K
2019-06-25T05:30:48.493+0000: 335868.402: [GC (Allocation Failure) 2019-06-25T05:30:48.493+0000: 335868.403: [ParNew: 9215K->1040K(9792K), 0.0037600 secs] 77476K->69301K(128284K), 0.0045690 secs] [Times: user=0.01 sys=0.00, real=0.00 secs] 
Heap after GC invocations=4905 (full 140):
 par new generation   total 9792K, used 1040K [0x00000000e1000000, 0x00000000e1aa0000, 0x00000000eb4a0000)
  eden space 8704K,   0% used [0x00000000e1000000, 0x00000000e1000000, 0x00000000e1880000)
  from space 1088K,  95% used [0x00000000e1990000, 0x00000000e1a94338, 0x00000000e1aa0000)
  to   space 1088K,   0% used [0x00000000e1880000, 0x00000000e1880000, 0x00000000e1990000)
 concurrent mark-sweep generation total 118492K, used 68260K [0x00000000eb4a0000, 0x00000000f2857000, 0x0000000100000000)
 Metaspace       used 95720K, capacity 99975K, committed 100352K, reserved 1136640K
  class space    used 11676K, capacity 12462K, committed 12544K, reserved 1048576K
}
2019-06-25T05:30:48.806+0000: 335868.716: Application time: 0.3081939 seconds
2019-06-25T05:30:48.807+0000: 335868.716: Application time: 0.0000652 seconds
2019-06-25T05:30:48.807+0000: 335868.717: Application time: 0.0000593 seconds
2019-06-25T05:30:48.807+0000: 335868.717: Application time: 0.0000756 seconds
2019-06-25T05:30:48.808+0000: 335868.718: Application time: 0.0001581 seconds
2019-06-25T05:30:48.808+0000: 335868.718: Application time: 0.0000950 seconds
2019-06-25T05:30:48.809+0000: 335868.718: Application time: 0.0000534 seconds
2019-06-25T05:30:48.809+0000: 335868.719: Application time: 0.0000564 seconds
2019-06-25T05:30:48.809+0000: 335868.719: Application time: 0.0002383 seconds
2019-06-25T05:30:48.809+0000: 335868.719: Application time: 0.0000984 seconds
2019-06-25T05:30:53.490+0000: 335873.399: Application time: 4.6800880 seconds
2019-06-25T05:30:53.520+0000: 335873.430: Application time: 0.0300070 seconds
2019-06-25T05:31:10.033+0000: 335889.942: Application time: 16.5124572 seconds
2019-06-25T05:31:22.346+0000: 335902.255: Application time: 12.3126216 seconds
2019-06-25T05:31:22.838+0000: 335902.748: Application time: 0.4918791 seconds
2019-06-25T05:31:22.838+0000: 335902.748: Application time: 0.0000685 seconds
2019-06-25T05:31:22.839+0000: 335902.748: Application time: 0.0000659 seconds
2019-06-25T05:31:22.839+0000: 335902.749: Application time: 0.0005501 seconds
2019-06-25T05:31:22.840+0000: 335902.750: Application time: 0.0000630 seconds
2019-06-25T05:31:22.840+0000: 335902.750: Application time: 0.0000756 seconds
2019-06-25T05:31:22.840+0000: 335902.750: Application time: 0.0000809 seconds
2019-06-25T05:31:22.841+0000: 335902.750: Application time: 0.0000582 seconds
2019-06-25T05:31:22.841+0000: 335902.751: Application time: 0.0001509 seconds
2019-06-25T05:31:22.841+0000: 335902.751: Application time: 0.0000421 seconds
2019-06-25T05:31:27.040+0000: 335906.950: Application time: 4.1989205 seconds
2019-06-25T05:31:27.065+0000: 335906.974: Application time: 0.0242653 seconds
2019-06-25T05:31:32.351+0000: 335912.260: Application time: 5.2855681 seconds
2019-06-25T05:31:56.286+0000: 335936.196: Application time: 23.9351217 seconds
{Heap before GC invocations=4905 (full 140):
 par new generation   total 9792K, used 9744K [0x00000000e1000000, 0x00000000e1aa0000, 0x00000000eb4a0000)
  eden space 8704K, 100% used [0x00000000e1000000, 0x00000000e1880000, 0x00000000e1880000)
  from space 1088K,  95% used [0x00000000e1990000, 0x00000000e1a94338, 0x00000000e1aa0000)
  to   space 1088K,   0% used [0x00000000e1880000, 0x00000000e1880000, 0x00000000e1990000)
 concurrent mark-sweep generation total 118492K, used 68260K [0x00000000eb4a0000, 0x00000000f2857000, 0x0000000100000000)
 Metaspace       used 95720K, capacity 99975K, committed 100352K, reserved 1136640K
  class space    used 11676K, capacity 12462K, committed 12544K, reserved 1048576K
2019-06-25T05:31:56.287+0000: 335936.197: [GC (Allocation Failure) 2019-06-25T05:31:56.287+0000: 335936.197: [ParNew: 9744K->807K(9792K), 0.0042643 secs] 78005K->69200K(128284K), 0.0051842 secs] [Times: user=0.01 sys=0.00, real=0.01 secs] 
Heap after GC invocations=4906 (full 140):
 par new generation   total 9792K, used 807K [0x00000000e1000000, 0x00000000e1aa0000, 0x00000000eb4a0000)
  eden space 8704K,   0% used [0x00000000e1000000, 0x00000000e1000000, 0x00000000e1880000)
  from space 1088K,  74% used [0x00000000e1880000, 0x00000000e1949c40, 0x00000000e1990000)
  to   space 1088K,   0% used [0x00000000e1990000, 0x00000000e1990000, 0x00000000e1aa0000)
 concurrent mark-sweep generation total 118492K, used 68393K [0x00000000eb4a0000, 0x00000000f2857000, 0x0000000100000000)
 Metaspace       used 95720K, capacity 99975K, committed 100352K, reserved 1136640K
  class space    used 11676K, capacity 12462K, committed 12544K, reserved 1048576K
}
2019-06-25T05:32:08.879+0000: 335948.789: Application time: 12.5863510 seconds
2019-06-25T05:32:08.880+0000: 335948.790: Application time: 0.0000647 seconds
2019-06-25T05:32:08.880+0000: 335948.790: Application time: 0.0000822 seconds
2019-06-25T05:32:08.880+0000: 335948.790: Application time: 0.0000579 seconds
2019-06-25T05:32:08.881+0000: 335948.791: Application time: 0.0000851 seconds
2019-06-25T05:32:08.881+0000: 335948.791: Application time: 0.0000571 seconds
2019-06-25T05:32:08.881+0000: 335948.791: Application time: 0.0000591 seconds
2019-06-25T05:32:08.882+0000: 335948.791: Application time: 0.0001648 seconds
2019-06-25T05:32:08.882+0000: 335948.792: Application time: 0.0000426 seconds
2019-06-25T05:32:12.989+0000: 335952.898: Application time: 4.1067054 seconds
2019-06-25T05:32:13.014+0000: 335952.924: Application time: 0.0256668 seconds
2019-06-25T05:32:32.357+0000: 335972.267: Application time: 19.3420980 seconds
2019-06-25T05:33:08.000+0000: 336007.910: Application time: 35.6428996 seconds
2019-06-25T05:33:08.005+0000: 336007.914: Application time: 0.0041127 seconds
{Heap before GC invocations=4906 (full 140):
 par new generation   total 9792K, used 9511K [0x00000000e1000000, 0x00000000e1aa0000, 0x00000000eb4a0000)
  eden space 8704K,  99% used [0x00000000e1000000, 0x00000000e187fff8, 0x00000000e1880000)
  from space 1088K,  74% used [0x00000000e1880000, 0x00000000e1949c40, 0x00000000e1990000)
  to   space 1088K,   0% used [0x00000000e1990000, 0x00000000e1990000, 0x00000000e1aa0000)
 concurrent mark-sweep generation total 118492K, used 68393K [0x00000000eb4a0000, 0x00000000f2857000, 0x0000000100000000)
 Metaspace       used 95720K, capacity 99975K, committed 100352K, reserved 1136640K
  class space    used 11676K, capacity 12462K, committed 12544K, reserved 1048576K
2019-06-25T05:33:08.005+0000: 336007.915: [GC (Allocation Failure) 2019-06-25T05:33:08.005+0000: 336007.915: [ParNew: 9511K->954K(9792K), 0.0096051 secs] 77904K->69347K(128284K), 0.0102306 secs] [Times: user=0.01 sys=0.00, real=0.01 secs] 
Heap after GC invocations=4907 (full 140):
 par new generation   total 9792K, used 954K [0x00000000e1000000, 0x00000000e1aa0000, 0x00000000eb4a0000)
  eden space 8704K,   0% used [0x00000000e1000000, 0x00000000e1000000, 0x00000000e1880000)
  from space 1088K,  87% used [0x00000000e1990000, 0x00000000e1a7eaa8, 0x00000000e1aa0000)
  to   space 1088K,   0% used [0x00000000e1880000, 0x00000000e1880000, 0x00000000e1990000)
 concurrent mark-sweep generation total 118492K, used 68393K [0x00000000eb4a0000, 0x00000000f2857000, 0x0000000100000000)
 Metaspace       used 95720K, capacity 99975K, committed 100352K, reserved 1136640K
  class space    used 11676K, capacity 12462K, committed 12544K, reserved 1048576K
}
2019-06-25T05:33:08.933+0000: 336008.842: Application time: 0.9166619 seconds
2019-06-25T05:33:08.933+0000: 336008.843: Application time: 0.0000682 seconds
2019-06-25T05:33:08.933+0000: 336008.843: Application time: 0.0000654 seconds
2019-06-25T05:33:08.933+0000: 336008.843: Application time: 0.0000618 seconds
2019-06-25T05:33:08.934+0000: 336008.844: Application time: 0.0000828 seconds
2019-06-25T05:33:08.934+0000: 336008.844: Application time: 0.0000646 seconds
2019-06-25T05:33:08.935+0000: 336008.844: Application time: 0.0000668 seconds
2019-06-25T05:33:08.935+0000: 336008.845: Application time: 0.0001279 seconds
2019-06-25T05:33:08.935+0000: 336008.845: Application time: 0.0000917 seconds
2019-06-25T05:33:10.038+0000: 336009.948: Application time: 1.1025518 seconds
2019-06-25T05:33:13.001+0000: 336012.911: Application time: 2.9629173 seconds
2019-06-25T05:33:13.038+0000: 336012.948: Application time: 0.0368213 seconds
2019-06-25T05:34:16.220+0000: 336076.130: Application time: 63.1822056 seconds
2019-06-25T05:34:16.229+0000: 336076.139: Application time: 0.0036851 seconds
{Heap before GC invocations=4907 (full 140):
 par new generation   total 9792K, used 9658K [0x00000000e1000000, 0x00000000e1aa0000, 0x00000000eb4a0000)
  eden space 8704K, 100% used [0x00000000e1000000, 0x00000000e1880000, 0x00000000e1880000)
  from space 1088K,  87% used [0x00000000e1990000, 0x00000000e1a7eaa8, 0x00000000e1aa0000)
  to   space 1088K,   0% used [0x00000000e1880000, 0x00000000e1880000, 0x00000000e1990000)
 concurrent mark-sweep generation total 118492K, used 68393K [0x00000000eb4a0000, 0x00000000f2857000, 0x0000000100000000)
 Metaspace       used 95721K, capacity 99975K, committed 100352K, reserved 1136640K
  class space    used 11676K, capacity 12462K, committed 12544K, reserved 1048576K
2019-06-25T05:34:16.231+0000: 336076.140: [GC (Allocation Failure) 2019-06-25T05:34:16.231+0000: 336076.141: [ParNew: 9658K->839K(9792K), 0.0070779 secs] 78051K->69716K(128284K), 0.0081246 secs] [Times: user=0.02 sys=0.00, real=0.01 secs] 
Heap after GC invocations=4908 (full 140):
 par new generation   total 9792K, used 839K [0x00000000e1000000, 0x00000000e1aa0000, 0x00000000eb4a0000)
  eden space 8704K,   0% used [0x00000000e1000000, 0x00000000e1000000, 0x00000000e1880000)
  from space 1088K,  77% used [0x00000000e1880000, 0x00000000e1951cc8, 0x00000000e1990000)
  to   space 1088K,   0% used [0x00000000e1990000, 0x00000000e1990000, 0x00000000e1aa0000)
 concurrent mark-sweep generation total 118492K, used 68877K [0x00000000eb4a0000, 0x00000000f2857000, 0x0000000100000000)
 Metaspace       used 95721K, capacity 99975K, committed 100352K, reserved 1136640K
  class space    used 11676K, capacity 12462K, committed 12544K, reserved 1048576K
}
2019-06-25T05:34:16.994+0000: 336076.904: Application time: 0.7545720 seconds
2019-06-25T05:34:16.995+0000: 336076.904: Application time: 0.0000689 seconds
2019-06-25T05:34:16.995+0000: 336076.905: Application time: 0.0000685 seconds
2019-06-25T05:34:16.995+0000: 336076.905: Application time: 0.0000644 seconds
2019-06-25T05:34:16.996+0000: 336076.906: Application time: 0.0000667 seconds
2019-06-25T05:34:16.996+0000: 336076.906: Application time: 0.0000580 seconds
2019-06-25T05:34:16.996+0000: 336076.906: Application time: 0.0000616 seconds
2019-06-25T05:34:16.996+0000: 336076.906: Application time: 0.0000924 seconds
2019-06-25T05:34:16.997+0000: 336076.906: Application time: 0.0000820 seconds
2019-06-25T05:34:21.226+0000: 336081.136: Application time: 4.2289168 seconds
2019-06-25T05:34:21.270+0000: 336081.180: Application time: 0.0438075 seconds
2019-06-25T05:34:29.870+0000: 336089.780: Application time: 8.5997587 seconds
2019-06-25T05:34:30.008+0000: 336089.918: Application time: 0.1378585 seconds
2019-06-25T05:34:30.009+0000: 336089.919: Application time: 0.0000633 seconds
2019-06-25T05:34:30.009+0000: 336089.919: Application time: 0.0000698 seconds
2019-06-25T05:34:30.009+0000: 336089.919: Application time: 0.0000609 seconds
2019-06-25T05:34:30.010+0000: 336089.920: Application time: 0.0002268 seconds
2019-06-25T05:34:30.011+0000: 336089.921: Application time: 0.0006147 seconds
2019-06-25T05:34:30.011+0000: 336089.921: Application time: 0.0000769 seconds
2019-06-25T05:34:30.012+0000: 336089.921: Application time: 0.0001700 seconds
2019-06-25T05:34:30.012+0000: 336089.922: Application time: 0.0000840 seconds
2019-06-25T05:34:34.871+0000: 336094.781: Application time: 4.8588205 seconds
2019-06-25T05:34:34.895+0000: 336094.805: Application time: 0.0237697 seconds
2019-06-25T05:34:43.245+0000: 336103.155: Application time: 8.3496888 seconds
2019-06-25T05:34:44.024+0000: 336103.934: Application time: 0.7750839 seconds
2019-06-25T05:34:44.026+0000: 336103.936: Application time: 0.0000917 seconds
2019-06-25T05:34:44.027+0000: 336103.937: Application time: 0.0000799 seconds
2019-06-25T05:34:44.027+0000: 336103.937: Application time: 0.0000686 seconds
2019-06-25T05:34:44.028+0000: 336103.937: Application time: 0.0000724 seconds
2019-06-25T05:34:44.028+0000: 336103.938: Application time: 0.0002107 seconds
2019-06-25T05:34:44.029+0000: 336103.938: Application time: 0.0006933 seconds
2019-06-25T05:34:48.250+0000: 336108.160: Application time: 4.2200607 seconds
2019-06-25T05:34:48.273+0000: 336108.183: Application time: 0.0232078 seconds
2019-06-25T05:34:54.404+0000: 336114.314: Application time: 6.1308885 seconds
{Heap before GC invocations=4908 (full 140):
 par new generation   total 9792K, used 9543K [0x00000000e1000000, 0x00000000e1aa0000, 0x00000000eb4a0000)
  eden space 8704K, 100% used [0x00000000e1000000, 0x00000000e1880000, 0x00000000e1880000)
  from space 1088K,  77% used [0x00000000e1880000, 0x00000000e1951cc8, 0x00000000e1990000)
  to   space 1088K,   0% used [0x00000000e1990000, 0x00000000e1990000, 0x00000000e1aa0000)
 concurrent mark-sweep generation total 118492K, used 68877K [0x00000000eb4a0000, 0x00000000f2857000, 0x0000000100000000)
 Metaspace       used 95721K, capacity 99975K, committed 100352K, reserved 1136640K
  class space    used 11676K, capacity 12462K, committed 12544K, reserved 1048576K
2019-06-25T05:34:54.409+0000: 336114.319: [GC (Allocation Failure) 2019-06-25T05:34:54.410+0000: 336114.319: [ParNew: 9543K->603K(9792K), 0.0035028 secs] 78420K->69684K(128284K), 0.0047292 secs] [Times: user=0.00 sys=0.00, real=0.00 secs] 
Heap after GC invocations=4909 (full 140):
 par new generation   total 9792K, used 603K [0x00000000e1000000, 0x00000000e1aa0000, 0x00000000eb4a0000)
  eden space 8704K,   0% used [0x00000000e1000000, 0x00000000e1000000, 0x00000000e1880000)
  from space 1088K,  55% used [0x00000000e1990000, 0x00000000e1a26eb8, 0x00000000e1aa0000)
  to   space 1088K,   0% used [0x00000000e1880000, 0x00000000e1880000, 0x00000000e1990000)
 concurrent mark-sweep generation total 118492K, used 69081K [0x00000000eb4a0000, 0x00000000f2857000, 0x0000000100000000)
 Metaspace       used 95721K, capacity 99975K, committed 100352K, reserved 1136640K
  class space    used 11676K, capacity 12462K, committed 12544K, reserved 1048576K
}
2019-06-25T05:35:02.372+0000: 336122.282: Application time: 7.9582232 seconds
2019-06-25T05:35:02.373+0000: 336122.283: Application time: 0.0001476 seconds
2019-06-25T05:35:05.540+0000: 336125.449: Application time: 3.1665148 seconds
2019-06-25T05:35:10.042+0000: 336129.951: Application time: 4.5016917 seconds
2019-06-25T05:35:18.361+0000: 336138.271: Application time: 8.3187824 seconds
2019-06-25T05:35:18.362+0000: 336138.272: Application time: 0.0003068 seconds
2019-06-25T05:35:18.363+0000: 336138.273: Application time: 0.0011070 seconds
2019-06-25T05:35:18.365+0000: 336138.274: Application time: 0.0012961 seconds
2019-06-25T05:35:56.091+0000: 336176.001: Application time: 37.7260262 seconds
2019-06-25T05:35:56.091+0000: 336176.001: Application time: 0.0000864 seconds
2019-06-25T05:35:56.092+0000: 336176.001: Application time: 0.0000984 seconds
2019-06-25T05:35:56.092+0000: 336176.002: Application time: 0.0000835 seconds
2019-06-25T05:36:00.256+0000: 336180.165: Application time: 4.1634833 seconds
2019-06-25T05:36:00.280+0000: 336180.190: Application time: 0.0244518 seconds
2019-06-25T05:36:02.379+0000: 336182.289: Application time: 2.0985870 seconds
2019-06-25T05:36:02.379+0000: 336182.289: Application time: 0.0000719 seconds
2019-06-25T05:36:02.380+0000: 336182.289: Application time: 0.0000574 seconds
2019-06-25T05:36:02.380+0000: 336182.290: Application time: 0.0005117 seconds
2019-06-25T05:36:02.381+0000: 336182.290: Application time: 0.0001575 seconds
2019-06-25T05:36:10.045+0000: 336189.955: Application time: 7.6639493 seconds
2019-06-25T05:36:10.047+0000: 336189.956: Application time: 0.0016087 seconds
2019-06-25T05:36:12.127+0000: 336192.036: Application time: 2.0797705 seconds
{Heap before GC invocations=4909 (full 140):
 par new generation   total 9792K, used 9307K [0x00000000e1000000, 0x00000000e1aa0000, 0x00000000eb4a0000)
  eden space 8704K, 100% used [0x00000000e1000000, 0x00000000e1880000, 0x00000000e1880000)
  from space 1088K,  55% used [0x00000000e1990000, 0x00000000e1a26eb8, 0x00000000e1aa0000)
  to   space 1088K,   0% used [0x00000000e1880000, 0x00000000e1880000, 0x00000000e1990000)
 concurrent mark-sweep generation total 118492K, used 69081K [0x00000000eb4a0000, 0x00000000f2857000, 0x0000000100000000)
 Metaspace       used 95721K, capacity 99975K, committed 100352K, reserved 1136640K
  class space    used 11676K, capacity 12462K, committed 12544K, reserved 1048576K
2019-06-25T05:36:12.127+0000: 336192.037: [GC (Allocation Failure) 2019-06-25T05:36:12.128+0000: 336192.037: [ParNew: 9307K->955K(9792K), 0.0034444 secs] 78388K->70037K(128284K), 0.0041918 secs] [Times: user=0.01 sys=0.00, real=0.01 secs] 
Heap after GC invocations=4910 (full 140):
 par new generation   total 9792K, used 955K [0x00000000e1000000, 0x00000000e1aa0000, 0x00000000eb4a0000)
  eden space 8704K,   0% used [0x00000000e1000000, 0x00000000e1000000, 0x00000000e1880000)
  from space 1088K,  87% used [0x00000000e1880000, 0x00000000e196eff8, 0x00000000e1990000)
  to   space 1088K,   0% used [0x00000000e1990000, 0x00000000e1990000, 0x00000000e1aa0000)
 concurrent mark-sweep generation total 118492K, used 69081K [0x00000000eb4a0000, 0x00000000f2857000, 0x0000000100000000)
 Metaspace       used 95721K, capacity 99975K, committed 100352K, reserved 1136640K
  class space    used 11676K, capacity 12462K, committed 12544K, reserved 1048576K
}
2019-06-25T05:36:22.370+0000: 336202.280: Application time: 10.2379991 seconds
2019-06-25T05:37:48.802+0000: 336288.712: Application time: 86.4318429 seconds
{Heap before GC invocations=4910 (full 140):
 par new generation   total 9792K, used 9659K [0x00000000e1000000, 0x00000000e1aa0000, 0x00000000eb4a0000)
  eden space 8704K,  99% used [0x00000000e1000000, 0x00000000e187fff8, 0x00000000e1880000)
  from space 1088K,  87% used [0x00000000e1880000, 0x00000000e196eff8, 0x00000000e1990000)
  to   space 1088K,   0% used [0x00000000e1990000, 0x00000000e1990000, 0x00000000e1aa0000)
 concurrent mark-sweep generation total 118492K, used 69081K [0x00000000eb4a0000, 0x00000000f2857000, 0x0000000100000000)
 Metaspace       used 95721K, capacity 99975K, committed 100352K, reserved 1136640K
  class space    used 11676K, capacity 12462K, committed 12544K, reserved 1048576K
2019-06-25T05:37:48.803+0000: 336288.713: [GC (Allocation Failure) 2019-06-25T05:37:48.804+0000: 336288.713: [ParNew: 9659K->635K(9792K), 0.0243414 secs] 78741K->70202K(128284K), 0.0252890 secs] [Times: user=0.04 sys=0.00, real=0.03 secs] 
Heap after GC invocations=4911 (full 140):
 par new generation   total 9792K, used 635K [0x00000000e1000000, 0x00000000e1aa0000, 0x00000000eb4a0000)
  eden space 8704K,   0% used [0x00000000e1000000, 0x00000000e1000000, 0x00000000e1880000)
  from space 1088K,  58% used [0x00000000e1990000, 0x00000000e1a2ecb0, 0x00000000e1aa0000)
  to   space 1088K,   0% used [0x00000000e1880000, 0x00000000e1880000, 0x00000000e1990000)
 concurrent mark-sweep generation total 118492K, used 69567K [0x00000000eb4a0000, 0x00000000f2857000, 0x0000000100000000)
 Metaspace       used 95721K, capacity 99975K, committed 100352K, reserved 1136640K
  class space    used 11676K, capacity 12462K, committed 12544K, reserved 1048576K
}
2019-06-25T05:39:14.184+0000: 336374.093: Application time: 85.3543229 seconds
{Heap before GC invocations=4911 (full 140):
 par new generation   total 9792K, used 9338K [0x00000000e1000000, 0x00000000e1aa0000, 0x00000000eb4a0000)
  eden space 8704K,  99% used [0x00000000e1000000, 0x00000000e187fe30, 0x00000000e1880000)
  from space 1088K,  58% used [0x00000000e1990000, 0x00000000e1a2ecb0, 0x00000000e1aa0000)
  to   space 1088K,   0% used [0x00000000e1880000, 0x00000000e1880000, 0x00000000e1990000)
 concurrent mark-sweep generation total 118492K, used 69567K [0x00000000eb4a0000, 0x00000000f2857000, 0x0000000100000000)
 Metaspace       used 95721K, capacity 99975K, committed 100352K, reserved 1136640K
  class space    used 11676K, capacity 12462K, committed 12544K, reserved 1048576K
2019-06-25T05:39:14.184+0000: 336374.094: [GC (Allocation Failure) 2019-06-25T05:39:14.185+0000: 336374.095: [ParNew: 9338K->928K(9792K), 0.0046593 secs] 78906K->70495K(128284K), 0.0061400 secs] [Times: user=0.01 sys=0.00, real=0.01 secs] 
Heap after GC invocations=4912 (full 140):
 par new generation   total 9792K, used 928K [0x00000000e1000000, 0x00000000e1aa0000, 0x00000000eb4a0000)
  eden space 8704K,   0% used [0x00000000e1000000, 0x00000000e1000000, 0x00000000e1880000)
  from space 1088K,  85% used [0x00000000e1880000, 0x00000000e1968048, 0x00000000e1990000)
  to   space 1088K,   0% used [0x00000000e1990000, 0x00000000e1990000, 0x00000000e1aa0000)
 concurrent mark-sweep generation total 118492K, used 69567K [0x00000000eb4a0000, 0x00000000f2857000, 0x0000000100000000)
 Metaspace       used 95721K, capacity 99975K, committed 100352K, reserved 1136640K
  class space    used 11676K, capacity 12462K, committed 12544K, reserved 1048576K
}
2019-06-25T05:39:14.258+0000: 336374.168: Application time: 0.0667001 seconds
2019-06-25T05:39:14.259+0000: 336374.169: Application time: 0.0000693 seconds
2019-06-25T05:39:14.259+0000: 336374.169: Application time: 0.0000607 seconds
2019-06-25T05:39:14.260+0000: 336374.169: Application time: 0.0000703 seconds
2019-06-25T05:39:19.181+0000: 336379.091: Application time: 4.9201372 seconds
2019-06-25T05:39:19.223+0000: 336379.133: Application time: 0.0415092 seconds
2019-06-25T05:39:32.401+0000: 336392.311: Application time: 13.1781976 seconds
2019-06-25T05:39:32.402+0000: 336392.312: Application time: 0.0001349 seconds
2019-06-25T05:39:32.402+0000: 336392.312: Application time: 0.0001245 seconds
2019-06-25T05:39:32.402+0000: 336392.312: Application time: 0.0001161 seconds
2019-06-25T05:39:32.403+0000: 336392.313: Application time: 0.0003303 seconds
2019-06-25T05:39:32.404+0000: 336392.314: Application time: 0.0009918 seconds
2019-06-25T05:40:10.056+0000: 336429.966: Application time: 37.6521407 seconds
2019-06-25T05:40:48.341+0000: 336468.251: Application time: 38.2845429 seconds
{Heap before GC invocations=4912 (full 140):
 par new generation   total 9792K, used 9632K [0x00000000e1000000, 0x00000000e1aa0000, 0x00000000eb4a0000)
  eden space 8704K, 100% used [0x00000000e1000000, 0x00000000e1880000, 0x00000000e1880000)
  from space 1088K,  85% used [0x00000000e1880000, 0x00000000e1968048, 0x00000000e1990000)
  to   space 1088K,   0% used [0x00000000e1990000, 0x00000000e1990000, 0x00000000e1aa0000)
 concurrent mark-sweep generation total 118492K, used 69567K [0x00000000eb4a0000, 0x00000000f2857000, 0x0000000100000000)
 Metaspace       used 95721K, capacity 99975K, committed 100352K, reserved 1136640K
  class space    used 11676K, capacity 12462K, committed 12544K, reserved 1048576K
2019-06-25T05:40:48.342+0000: 336468.252: [GC (Allocation Failure) 2019-06-25T05:40:48.342+0000: 336468.252: [ParNew: 9632K->433K(9792K), 0.0039031 secs] 79199K->70204K(128284K), 0.0051214 secs] [Times: user=0.00 sys=0.01, real=0.00 secs] 
Heap after GC invocations=4913 (full 140):
 par new generation   total 9792K, used 433K [0x00000000e1000000, 0x00000000e1aa0000, 0x00000000eb4a0000)
  eden space 8704K,   0% used [0x00000000e1000000, 0x00000000e1000000, 0x00000000e1880000)
  from space 1088K,  39% used [0x00000000e1990000, 0x00000000e19fc4d0, 0x00000000e1aa0000)
  to   space 1088K,   0% used [0x00000000e1880000, 0x00000000e1880000, 0x00000000e1990000)
 concurrent mark-sweep generation total 118492K, used 69771K [0x00000000eb4a0000, 0x00000000f2857000, 0x0000000100000000)
 Metaspace       used 95721K, capacity 99975K, committed 100352K, reserved 1136640K
  class space    used 11676K, capacity 12462K, committed 12544K, reserved 1048576K
}
2019-06-25T05:41:22.397+0000: 336502.306: Application time: 34.0488424 seconds
2019-06-25T05:41:51.399+0000: 336531.309: Application time: 29.0025431 seconds
2019-06-25T05:41:51.402+0000: 336531.312: Application time: 0.0000736 seconds
2019-06-25T05:41:51.402+0000: 336531.312: Application time: 0.0000554 seconds
2019-06-25T05:41:51.404+0000: 336531.314: Application time: 0.0000692 seconds
2019-06-25T05:41:55.566+0000: 336535.476: Application time: 4.1618625 seconds
2019-06-25T05:41:55.592+0000: 336535.501: Application time: 0.0253363 seconds
2019-06-25T05:42:02.418+0000: 336542.328: Application time: 6.8261080 seconds
2019-06-25T05:42:02.418+0000: 336542.328: Application time: 0.0000737 seconds
2019-06-25T05:42:02.419+0000: 336542.328: Application time: 0.0000632 seconds
2019-06-25T05:42:02.419+0000: 336542.329: Application time: 0.0000599 seconds
2019-06-25T05:42:02.419+0000: 336542.329: Application time: 0.0001494 seconds
2019-06-25T05:42:05.540+0000: 336545.449: Application time: 3.1205151 seconds
{Heap before GC invocations=4913 (full 140):
 par new generation   total 9792K, used 9137K [0x00000000e1000000, 0x00000000e1aa0000, 0x00000000eb4a0000)
  eden space 8704K, 100% used [0x00000000e1000000, 0x00000000e1880000, 0x00000000e1880000)
  from space 1088K,  39% used [0x00000000e1990000, 0x00000000e19fc4d0, 0x00000000e1aa0000)
  to   space 1088K,   0% used [0x00000000e1880000, 0x00000000e1880000, 0x00000000e1990000)
 concurrent mark-sweep generation total 118492K, used 69771K [0x00000000eb4a0000, 0x00000000f2857000, 0x0000000100000000)
 Metaspace       used 95721K, capacity 99975K, committed 100352K, reserved 1136640K
  class space    used 11676K, capacity 12462K, committed 12544K, reserved 1048576K
2019-06-25T05:42:05.541+0000: 336545.451: [GC (Allocation Failure) 2019-06-25T05:42:05.541+0000: 336545.451: [ParNew: 9137K->648K(9792K), 0.0034194 secs] 78908K->70420K(128284K), 0.0056724 secs] [Times: user=0.01 sys=0.00, real=0.00 secs] 
Heap after GC invocations=4914 (full 140):
 par new generation   total 9792K, used 648K [0x00000000e1000000, 0x00000000e1aa0000, 0x00000000eb4a0000)
  eden space 8704K,   0% used [0x00000000e1000000, 0x00000000e1000000, 0x00000000e1880000)
  from space 1088K,  59% used [0x00000000e1880000, 0x00000000e19223a0, 0x00000000e1990000)
  to   space 1088K,   0% used [0x00000000e1990000, 0x00000000e1990000, 0x00000000e1aa0000)
 concurrent mark-sweep generation total 118492K, used 69771K [0x00000000eb4a0000, 0x00000000f2857000, 0x0000000100000000)
 Metaspace       used 95721K, capacity 99975K, committed 100352K, reserved 1136640K
  class space    used 11676K, capacity 12462K, committed 12544K, reserved 1048576K
}
2019-06-25T05:42:10.062+0000: 336549.971: Application time: 4.5143619 seconds
2019-06-25T05:42:10.064+0000: 336549.973: Application time: 0.0016237 seconds
2019-06-25T05:43:12.276+0000: 336612.186: Application time: 62.2123967 seconds
2019-06-25T05:43:47.894+0000: 336647.804: Application time: 35.6174732 seconds
{Heap before GC invocations=4914 (full 140):
 par new generation   total 9792K, used 9352K [0x00000000e1000000, 0x00000000e1aa0000, 0x00000000eb4a0000)
  eden space 8704K, 100% used [0x00000000e1000000, 0x00000000e1880000, 0x00000000e1880000)
  from space 1088K,  59% used [0x00000000e1880000, 0x00000000e19223a0, 0x00000000e1990000)
  to   space 1088K,   0% used [0x00000000e1990000, 0x00000000e1990000, 0x00000000e1aa0000)
 concurrent mark-sweep generation total 118492K, used 69771K [0x00000000eb4a0000, 0x00000000f2857000, 0x0000000100000000)
 Metaspace       used 95721K, capacity 99975K, committed 100352K, reserved 1136640K
  class space    used 11676K, capacity 12462K, committed 12544K, reserved 1048576K
2019-06-25T05:43:47.895+0000: 336647.805: [GC (Allocation Failure) 2019-06-25T05:43:47.895+0000: 336647.805: [ParNew: 9352K->668K(9792K), 0.0033445 secs] 79124K->70440K(128284K), 0.0041353 secs] [Times: user=0.01 sys=0.00, real=0.01 secs] 
Heap after GC invocations=4915 (full 140):
 par new generation   total 9792K, used 668K [0x00000000e1000000, 0x00000000e1aa0000, 0x00000000eb4a0000)
  eden space 8704K,   0% used [0x00000000e1000000, 0x00000000e1000000, 0x00000000e1880000)
  from space 1088K,  61% used [0x00000000e1990000, 0x00000000e1a373c8, 0x00000000e1aa0000)
  to   space 1088K,   0% used [0x00000000e1880000, 0x00000000e1880000, 0x00000000e1990000)
 concurrent mark-sweep generation total 118492K, used 69771K [0x00000000eb4a0000, 0x00000000f2857000, 0x0000000100000000)
 Metaspace       used 95721K, capacity 99975K, committed 100352K, reserved 1136640K
  class space    used 11676K, capacity 12462K, committed 12544K, reserved 1048576K
}
2019-06-25T05:45:23.596+0000: 336743.506: Application time: 95.6959585 seconds
{Heap before GC invocations=4915 (full 140):
 par new generation   total 9792K, used 9372K [0x00000000e1000000, 0x00000000e1aa0000, 0x00000000eb4a0000)
  eden space 8704K, 100% used [0x00000000e1000000, 0x00000000e1880000, 0x00000000e1880000)
  from space 1088K,  61% used [0x00000000e1990000, 0x00000000e1a373c8, 0x00000000e1aa0000)
  to   space 1088K,   0% used [0x00000000e1880000, 0x00000000e1880000, 0x00000000e1990000)
 concurrent mark-sweep generation total 118492K, used 69771K [0x00000000eb4a0000, 0x00000000f2857000, 0x0000000100000000)
 Metaspace       used 95721K, capacity 99975K, committed 100352K, reserved 1136640K
  class space    used 11676K, capacity 12462K, committed 12544K, reserved 1048576K
2019-06-25T05:45:23.597+0000: 336743.507: [GC (Allocation Failure) 2019-06-25T05:45:23.597+0000: 336743.507: [ParNew: 9372K->794K(9792K), 0.0034704 secs] 79144K->70596K(128284K), 0.0042728 secs] [Times: user=0.00 sys=0.00, real=0.01 secs] 
Heap after GC invocations=4916 (full 140):
 par new generation   total 9792K, used 794K [0x00000000e1000000, 0x00000000e1aa0000, 0x00000000eb4a0000)
  eden space 8704K,   0% used [0x00000000e1000000, 0x00000000e1000000, 0x00000000e1880000)
  from space 1088K,  73% used [0x00000000e1880000, 0x00000000e1946b90, 0x00000000e1990000)
  to   space 1088K,   0% used [0x00000000e1990000, 0x00000000e1990000, 0x00000000e1aa0000)
 concurrent mark-sweep generation total 118492K, used 69802K [0x00000000eb4a0000, 0x00000000f2857000, 0x0000000100000000)
 Metaspace       used 95721K, capacity 99975K, committed 100352K, reserved 1136640K
  class space    used 11676K, capacity 12462K, committed 12544K, reserved 1048576K
}
2019-06-25T05:46:22.423+0000: 336802.333: Application time: 58.8213332 seconds
2019-06-25T05:47:09.549+0000: 336849.459: Application time: 47.1259049 seconds
{Heap before GC invocations=4916 (full 140):
 par new generation   total 9792K, used 9498K [0x00000000e1000000, 0x00000000e1aa0000, 0x00000000eb4a0000)
  eden space 8704K, 100% used [0x00000000e1000000, 0x00000000e1880000, 0x00000000e1880000)
  from space 1088K,  73% used [0x00000000e1880000, 0x00000000e1946b90, 0x00000000e1990000)
  to   space 1088K,   0% used [0x00000000e1990000, 0x00000000e1990000, 0x00000000e1aa0000)
 concurrent mark-sweep generation total 118492K, used 69802K [0x00000000eb4a0000, 0x00000000f2857000, 0x0000000100000000)
 Metaspace       used 95721K, capacity 99975K, committed 100352K, reserved 1136640K
  class space    used 11676K, capacity 12462K, committed 12544K, reserved 1048576K
2019-06-25T05:47:09.550+0000: 336849.460: [GC (Allocation Failure) 2019-06-25T05:47:09.550+0000: 336849.460: [ParNew: 9498K->900K(9792K), 0.0034835 secs] 79300K->70751K(128284K), 0.0043751 secs] [Times: user=0.01 sys=0.00, real=0.00 secs] 
Heap after GC invocations=4917 (full 140):
 par new generation   total 9792K, used 900K [0x00000000e1000000, 0x00000000e1aa0000, 0x00000000eb4a0000)
  eden space 8704K,   0% used [0x00000000e1000000, 0x00000000e1000000, 0x00000000e1880000)
  from space 1088K,  82% used [0x00000000e1990000, 0x00000000e1a71248, 0x00000000e1aa0000)
  to   space 1088K,   0% used [0x00000000e1880000, 0x00000000e1880000, 0x00000000e1990000)
 concurrent mark-sweep generation total 118492K, used 69850K [0x00000000eb4a0000, 0x00000000f2857000, 0x0000000100000000)
 Metaspace       used 95721K, capacity 99975K, committed 100352K, reserved 1136640K
  class space    used 11676K, capacity 12462K, committed 12544K, reserved 1048576K
}
2019-06-25T05:48:47.928+0000: 336947.838: Application time: 98.3730849 seconds
{Heap before GC invocations=4917 (full 140):
 par new generation   total 9792K, used 9604K [0x00000000e1000000, 0x00000000e1aa0000, 0x00000000eb4a0000)
  eden space 8704K, 100% used [0x00000000e1000000, 0x00000000e1880000, 0x00000000e1880000)
  from space 1088K,  82% used [0x00000000e1990000, 0x00000000e1a71248, 0x00000000e1aa0000)
  to   space 1088K,   0% used [0x00000000e1880000, 0x00000000e1880000, 0x00000000e1990000)
 concurrent mark-sweep generation total 118492K, used 69850K [0x00000000eb4a0000, 0x00000000f2857000, 0x0000000100000000)
 Metaspace       used 95721K, capacity 99975K, committed 100352K, reserved 1136640K
  class space    used 11676K, capacity 12462K, committed 12544K, reserved 1048576K
2019-06-25T05:48:47.929+0000: 336947.839: [GC (Allocation Failure) 2019-06-25T05:48:47.930+0000: 336947.840: [ParNew: 9604K->737K(9792K), 0.0038783 secs] 79455K->70673K(128284K), 0.0048110 secs] [Times: user=0.00 sys=0.00, real=0.00 secs] 
Heap after GC invocations=4918 (full 140):
 par new generation   total 9792K, used 737K [0x00000000e1000000, 0x00000000e1aa0000, 0x00000000eb4a0000)
  eden space 8704K,   0% used [0x00000000e1000000, 0x00000000e1000000, 0x00000000e1880000)
  from space 1088K,  67% used [0x00000000e1880000, 0x00000000e1938480, 0x00000000e1990000)
  to   space 1088K,   0% used [0x00000000e1990000, 0x00000000e1990000, 0x00000000e1aa0000)
 concurrent mark-sweep generation total 118492K, used 69935K [0x00000000eb4a0000, 0x00000000f2857000, 0x0000000100000000)
 Metaspace       used 95721K, capacity 99975K, committed 100352K, reserved 1136640K
  class space    used 11676K, capacity 12462K, committed 12544K, reserved 1048576K
}
2019-06-25T05:50:28.868+0000: 337048.778: Application time: 100.9326017 seconds
{Heap before GC invocations=4918 (full 140):
 par new generation   total 9792K, used 9441K [0x00000000e1000000, 0x00000000e1aa0000, 0x00000000eb4a0000)
  eden space 8704K, 100% used [0x00000000e1000000, 0x00000000e1880000, 0x00000000e1880000)
  from space 1088K,  67% used [0x00000000e1880000, 0x00000000e1938480, 0x00000000e1990000)
  to   space 1088K,   0% used [0x00000000e1990000, 0x00000000e1990000, 0x00000000e1aa0000)
 concurrent mark-sweep generation total 118492K, used 69935K [0x00000000eb4a0000, 0x00000000f2857000, 0x0000000100000000)
 Metaspace       used 95721K, capacity 99975K, committed 100352K, reserved 1136640K
  class space    used 11676K, capacity 12462K, committed 12544K, reserved 1048576K
2019-06-25T05:50:28.868+0000: 337048.778: [GC (Allocation Failure) 2019-06-25T05:50:28.869+0000: 337048.779: [ParNew: 9441K->691K(9792K), 0.0036868 secs] 79377K->70627K(128284K), 0.0046923 secs] [Times: user=0.00 sys=0.01, real=0.00 secs] 
Heap after GC invocations=4919 (full 140):
 par new generation   total 9792K, used 691K [0x00000000e1000000, 0x00000000e1aa0000, 0x00000000eb4a0000)
  eden space 8704K,   0% used [0x00000000e1000000, 0x00000000e1000000, 0x00000000e1880000)
  from space 1088K,  63% used [0x00000000e1990000, 0x00000000e1a3cdf8, 0x00000000e1aa0000)
  to   space 1088K,   0% used [0x00000000e1880000, 0x00000000e1880000, 0x00000000e1990000)
 concurrent mark-sweep generation total 118492K, used 69935K [0x00000000eb4a0000, 0x00000000f2857000, 0x0000000100000000)
 Metaspace       used 95721K, capacity 99975K, committed 100352K, reserved 1136640K
  class space    used 11676K, capacity 12462K, committed 12544K, reserved 1048576K
}
2019-06-25T05:51:22.462+0000: 337102.372: Application time: 53.5880247 seconds
2019-06-25T05:52:12.225+0000: 337152.135: Application time: 49.7627682 seconds
{Heap before GC invocations=4919 (full 140):
 par new generation   total 9792K, used 9395K [0x00000000e1000000, 0x00000000e1aa0000, 0x00000000eb4a0000)
  eden space 8704K, 100% used [0x00000000e1000000, 0x00000000e1880000, 0x00000000e1880000)
  from space 1088K,  63% used [0x00000000e1990000, 0x00000000e1a3cdf8, 0x00000000e1aa0000)
  to   space 1088K,   0% used [0x00000000e1880000, 0x00000000e1880000, 0x00000000e1990000)
 concurrent mark-sweep generation total 118492K, used 69935K [0x00000000eb4a0000, 0x00000000f2857000, 0x0000000100000000)
 Metaspace       used 95721K, capacity 99975K, committed 100352K, reserved 1136640K
  class space    used 11676K, capacity 12462K, committed 12544K, reserved 1048576K
2019-06-25T05:52:12.226+0000: 337152.136: [GC (Allocation Failure) 2019-06-25T05:52:12.227+0000: 337152.136: [ParNew: 9395K->690K(9792K), 0.0034367 secs] 79331K->70626K(128284K), 0.0044721 secs] [Times: user=0.00 sys=0.00, real=0.01 secs] 
Heap after GC invocations=4920 (full 140):
 par new generation   total 9792K, used 690K [0x00000000e1000000, 0x00000000e1aa0000, 0x00000000eb4a0000)
  eden space 8704K,   0% used [0x00000000e1000000, 0x00000000e1000000, 0x00000000e1880000)
  from space 1088K,  63% used [0x00000000e1880000, 0x00000000e192cae0, 0x00000000e1990000)
  to   space 1088K,   0% used [0x00000000e1990000, 0x00000000e1990000, 0x00000000e1aa0000)
 concurrent mark-sweep generation total 118492K, used 69935K [0x00000000eb4a0000, 0x00000000f2857000, 0x0000000100000000)
 Metaspace       used 95721K, capacity 99975K, committed 100352K, reserved 1136640K
  class space    used 11676K, capacity 12462K, committed 12544K, reserved 1048576K
}
2019-06-25T05:53:49.200+0000: 337249.109: Application time: 96.9682627 seconds
{Heap before GC invocations=4920 (full 140):
 par new generation   total 9792K, used 9394K [0x00000000e1000000, 0x00000000e1aa0000, 0x00000000eb4a0000)
  eden space 8704K, 100% used [0x00000000e1000000, 0x00000000e1880000, 0x00000000e1880000)
  from space 1088K,  63% used [0x00000000e1880000, 0x00000000e192cae0, 0x00000000e1990000)
  to   space 1088K,   0% used [0x00000000e1990000, 0x00000000e1990000, 0x00000000e1aa0000)
 concurrent mark-sweep generation total 118492K, used 69935K [0x00000000eb4a0000, 0x00000000f2857000, 0x0000000100000000)
 Metaspace       used 95721K, capacity 99975K, committed 100352K, reserved 1136640K
  class space    used 11676K, capacity 12462K, committed 12544K, reserved 1048576K
2019-06-25T05:53:49.200+0000: 337249.110: [GC (Allocation Failure) 2019-06-25T05:53:49.201+0000: 337249.111: [ParNew: 9394K->546K(9792K), 0.0033061 secs] 79330K->70583K(128284K), 0.0041491 secs] [Times: user=0.00 sys=0.00, real=0.00 secs] 
Heap after GC invocations=4921 (full 140):
 par new generation   total 9792K, used 546K [0x00000000e1000000, 0x00000000e1aa0000, 0x00000000eb4a0000)
  eden space 8704K,   0% used [0x00000000e1000000, 0x00000000e1000000, 0x00000000e1880000)
  from space 1088K,  50% used [0x00000000e1990000, 0x00000000e1a18ab0, 0x00000000e1aa0000)
  to   space 1088K,   0% used [0x00000000e1880000, 0x00000000e1880000, 0x00000000e1990000)
 concurrent mark-sweep generation total 118492K, used 70036K [0x00000000eb4a0000, 0x00000000f2857000, 0x0000000100000000)
 Metaspace       used 95721K, capacity 99975K, committed 100352K, reserved 1136640K
  class space    used 11676K, capacity 12462K, committed 12544K, reserved 1048576K
}
2019-06-25T05:55:32.505+0000: 337352.415: Application time: 103.2997751 seconds
{Heap before GC invocations=4921 (full 140):
 par new generation   total 9792K, used 9250K [0x00000000e1000000, 0x00000000e1aa0000, 0x00000000eb4a0000)
  eden space 8704K, 100% used [0x00000000e1000000, 0x00000000e1880000, 0x00000000e1880000)
  from space 1088K,  50% used [0x00000000e1990000, 0x00000000e1a18ab0, 0x00000000e1aa0000)
  to   space 1088K,   0% used [0x00000000e1880000, 0x00000000e1880000, 0x00000000e1990000)
 concurrent mark-sweep generation total 118492K, used 70036K [0x00000000eb4a0000, 0x00000000f2857000, 0x0000000100000000)
 Metaspace       used 95721K, capacity 99975K, committed 100352K, reserved 1136640K
  class space    used 11676K, capacity 12462K, committed 12544K, reserved 1048576K
2019-06-25T05:55:32.506+0000: 337352.416: [GC (Allocation Failure) 2019-06-25T05:55:32.506+0000: 337352.416: [ParNew: 9250K->712K(9792K), 0.0032934 secs] 79287K->70748K(128284K), 0.0041822 secs] [Times: user=0.01 sys=0.00, real=0.01 secs] 
Heap after GC invocations=4922 (full 140):
 par new generation   total 9792K, used 712K [0x00000000e1000000, 0x00000000e1aa0000, 0x00000000eb4a0000)
  eden space 8704K,   0% used [0x00000000e1000000, 0x00000000e1000000, 0x00000000e1880000)
  from space 1088K,  65% used [0x00000000e1880000, 0x00000000e1932118, 0x00000000e1990000)
  to   space 1088K,   0% used [0x00000000e1990000, 0x00000000e1990000, 0x00000000e1aa0000)
 concurrent mark-sweep generation total 118492K, used 70036K [0x00000000eb4a0000, 0x00000000f2857000, 0x0000000100000000)
 Metaspace       used 95721K, capacity 99975K, committed 100352K, reserved 1136640K
  class space    used 11676K, capacity 12462K, committed 12544K, reserved 1048576K
}
2019-06-25T05:56:22.474+0000: 337402.384: Application time: 49.9629783 seconds
2019-06-25T05:57:13.211+0000: 337453.120: Application time: 50.7361202 seconds
{Heap before GC invocations=4922 (full 140):
 par new generation   total 9792K, used 9416K [0x00000000e1000000, 0x00000000e1aa0000, 0x00000000eb4a0000)
  eden space 8704K, 100% used [0x00000000e1000000, 0x00000000e1880000, 0x00000000e1880000)
  from space 1088K,  65% used [0x00000000e1880000, 0x00000000e1932118, 0x00000000e1990000)
  to   space 1088K,   0% used [0x00000000e1990000, 0x00000000e1990000, 0x00000000e1aa0000)
 concurrent mark-sweep generation total 118492K, used 70036K [0x00000000eb4a0000, 0x00000000f2857000, 0x0000000100000000)
 Metaspace       used 95721K, capacity 99975K, committed 100352K, reserved 1136640K
  class space    used 11676K, capacity 12462K, committed 12544K, reserved 1048576K
2019-06-25T05:57:13.211+0000: 337453.121: [GC (Allocation Failure) 2019-06-25T05:57:13.212+0000: 337453.122: [ParNew: 9416K->591K(9792K), 0.0033472 secs] 79452K->70628K(128284K), 0.0043257 secs] [Times: user=0.01 sys=0.00, real=0.00 secs] 
Heap after GC invocations=4923 (full 140):
 par new generation   total 9792K, used 591K [0x00000000e1000000, 0x00000000e1aa0000, 0x00000000eb4a0000)
  eden space 8704K,   0% used [0x00000000e1000000, 0x00000000e1000000, 0x00000000e1880000)
  from space 1088K,  54% used [0x00000000e1990000, 0x00000000e1a23dd8, 0x00000000e1aa0000)
  to   space 1088K,   0% used [0x00000000e1880000, 0x00000000e1880000, 0x00000000e1990000)
 concurrent mark-sweep generation total 118492K, used 70036K [0x00000000eb4a0000, 0x00000000f2857000, 0x0000000100000000)
 Metaspace       used 95721K, capacity 99975K, committed 100352K, reserved 1136640K
  class space    used 11676K, capacity 12462K, committed 12544K, reserved 1048576K
}
2019-06-25T05:58:53.520+0000: 337553.429: Application time: 100.3029666 seconds
{Heap before GC invocations=4923 (full 140):
 par new generation   total 9792K, used 9295K [0x00000000e1000000, 0x00000000e1aa0000, 0x00000000eb4a0000)
  eden space 8704K, 100% used [0x00000000e1000000, 0x00000000e1880000, 0x00000000e1880000)
  from space 1088K,  54% used [0x00000000e1990000, 0x00000000e1a23dd8, 0x00000000e1aa0000)
  to   space 1088K,   0% used [0x00000000e1880000, 0x00000000e1880000, 0x00000000e1990000)
 concurrent mark-sweep generation total 118492K, used 70036K [0x00000000eb4a0000, 0x00000000f2857000, 0x0000000100000000)
 Metaspace       used 95721K, capacity 99975K, committed 100352K, reserved 1136640K
  class space    used 11676K, capacity 12462K, committed 12544K, reserved 1048576K
2019-06-25T05:58:53.520+0000: 337553.430: [GC (Allocation Failure) 2019-06-25T05:58:53.521+0000: 337553.430: [ParNew: 9295K->559K(9792K), 0.0032631 secs] 79332K->70596K(128284K), 0.0039434 secs] [Times: user=0.00 sys=0.00, real=0.00 secs] 
Heap after GC invocations=4924 (full 140):
 par new generation   total 9792K, used 559K [0x00000000e1000000, 0x00000000e1aa0000, 0x00000000eb4a0000)
  eden space 8704K,   0% used [0x00000000e1000000, 0x00000000e1000000, 0x00000000e1880000)
  from space 1088K,  51% used [0x00000000e1880000, 0x00000000e190bc20, 0x00000000e1990000)
  to   space 1088K,   0% used [0x00000000e1990000, 0x00000000e1990000, 0x00000000e1aa0000)
 concurrent mark-sweep generation total 118492K, used 70037K [0x00000000eb4a0000, 0x00000000f2857000, 0x0000000100000000)
 Metaspace       used 95721K, capacity 99975K, committed 100352K, reserved 1136640K
  class space    used 11676K, capacity 12462K, committed 12544K, reserved 1048576K
}
2019-06-25T05:59:42.804+0000: 337602.716: Application time: 49.2816289 seconds
2019-06-25T05:59:47.063+0000: 337606.973: Application time: 3.0017109 seconds
2019-06-25T06:00:04.396+0000: 337624.305: Application time: 2.9991475 seconds
2019-06-25T06:00:05.695+0000: 337625.605: Application time: 1.0022371 seconds
2019-06-25T06:00:07.852+0000: 337627.762: Application time: 0.0000959 seconds
2019-06-25T06:00:07.853+0000: 337627.762: Application time: 0.0000808 seconds
2019-06-25T06:00:07.853+0000: 337627.763: Application time: 0.0004398 seconds
2019-06-25T06:00:08.100+0000: 337628.009: Application time: 0.0000915 seconds
2019-06-25T06:00:08.115+0000: 337628.024: Application time: 0.0001335 seconds
2019-06-25T06:00:08.188+0000: 337628.098: Application time: 0.0000612 seconds
2019-06-25T06:00:08.188+0000: 337628.098: Application time: 0.0000748 seconds
2019-06-25T06:00:08.237+0000: 337628.147: Application time: 0.0004495 seconds
2019-06-25T06:00:10.565+0000: 337630.475: Application time: 0.0007564 seconds
2019-06-25T06:00:11.016+0000: 337630.926: Application time: 0.0263162 seconds
2019-06-25T06:00:13.782+0000: 337633.692: Application time: 1.3387859 seconds
2019-06-25T06:00:15.394+0000: 337635.304: Application time: 1.0002662 seconds
2019-06-25T06:00:16.663+0000: 337636.573: Application time: 1.0000904 seconds
2019-06-25T06:00:18.798+0000: 337638.709: Application time: 2.0006914 seconds
2019-06-25T06:00:19.997+0000: 337639.906: Application time: 1.0001217 seconds
2019-06-25T06:00:21.940+0000: 337641.850: Application time: 0.1836046 seconds
2019-06-25T06:00:23.665+0000: 337643.574: Application time: 1.0001117 seconds
2019-06-25T06:00:25.248+0000: 337645.158: Application time: 1.0000969 seconds
2019-06-25T06:00:30.547+0000: 337650.457: Application time: 1.0001417 seconds
2019-06-25T06:00:31.788+0000: 337651.697: Application time: 1.0001830 seconds
2019-06-25T06:00:33.237+0000: 337653.147: Application time: 0.9495075 seconds
2019-06-25T06:00:33.737+0000: 337653.647: Application time: 0.0011926 seconds
2019-06-25T06:00:33.966+0000: 337653.876: Application time: 0.0001076 seconds
2019-06-25T06:00:33.967+0000: 337653.877: Application time: 0.0005683 seconds
2019-06-25T06:00:34.078+0000: 337653.988: Application time: 0.0001089 seconds
2019-06-25T06:00:34.095+0000: 337654.005: Application time: 0.0001877 seconds
2019-06-25T06:00:34.184+0000: 337654.094: Application time: 0.0006320 seconds
2019-06-25T06:00:34.185+0000: 337654.095: Application time: 0.0000867 seconds
2019-06-25T06:00:34.195+0000: 337654.105: Application time: 0.0002084 seconds
2019-06-25T06:00:34.281+0000: 337654.193: Application time: 0.0038342 seconds
2019-06-25T06:00:34.398+0000: 337654.308: Application time: 0.0014917 seconds
2019-06-25T06:00:35.768+0000: 337655.678: Application time: 1.2751547 seconds
2019-06-25T06:00:36.755+0000: 337656.665: Application time: 0.6877548 seconds
{Heap before GC invocations=4924 (full 140):
 par new generation   total 9792K, used 9263K [0x00000000e1000000, 0x00000000e1aa0000, 0x00000000eb4a0000)
  eden space 8704K, 100% used [0x00000000e1000000, 0x00000000e1880000, 0x00000000e1880000)
  from space 1088K,  51% used [0x00000000e1880000, 0x00000000e190bc20, 0x00000000e1990000)
  to   space 1088K,   0% used [0x00000000e1990000, 0x00000000e1990000, 0x00000000e1aa0000)
 concurrent mark-sweep generation total 118492K, used 70037K [0x00000000eb4a0000, 0x00000000f2857000, 0x0000000100000000)
 Metaspace       used 95724K, capacity 99975K, committed 100352K, reserved 1136640K
  class space    used 11677K, capacity 12462K, committed 12544K, reserved 1048576K
2019-06-25T06:00:36.890+0000: 337656.799: [GC (Allocation Failure) 2019-06-25T06:00:36.890+0000: 337656.800: [ParNew: 9263K->1013K(9792K), 64.7873682 secs] 79300K->71054K(128284K), 64.7880365 secs] [Times: user=77.16 sys=0.00, real=64.78 secs] 
Heap after GC invocations=4925 (full 140):
 par new generation   total 9792K, used 1013K [0x00000000e1000000, 0x00000000e1aa0000, 0x00000000eb4a0000)
  eden space 8704K,   0% used [0x00000000e1000000, 0x00000000e1000000, 0x00000000e1880000)
  from space 1088K,  93% used [0x00000000e1990000, 0x00000000e1a8d740, 0x00000000e1aa0000)
  to   space 1088K,   0% used [0x00000000e1880000, 0x00000000e1880000, 0x00000000e1990000)
 concurrent mark-sweep generation total 118492K, used 70041K [0x00000000eb4a0000, 0x00000000f2857000, 0x0000000100000000)
 Metaspace       used 95724K, capacity 99975K, committed 100352K, reserved 1136640K
  class space    used 11677K, capacity 12462K, committed 12544K, reserved 1048576K
}
2019-06-25T06:01:42.606+0000: 337722.516: Application time: 0.9277232 seconds
2019-06-25T06:01:46.142+0000: 337726.052: Application time: 1.6436768 seconds
2019-06-25T06:01:48.210+0000: 337728.120: Application time: 1.0001749 seconds
2019-06-25T06:01:56.704+0000: 337736.613: Application time: 1.0001926 seconds
2019-06-25T06:01:59.825+0000: 337739.802: Application time: 1.3412831 seconds
2019-06-25T06:02:01.996+0000: 337741.905: Application time: 1.0001885 seconds
2019-06-25T06:02:04.009+0000: 337743.918: Application time: 0.0001731 seconds
2019-06-25T06:02:05.136+0000: 337745.046: Application time: 1.0001730 seconds
2019-06-25T06:02:05.517+0000: 337745.427: Application time: 0.0010297 seconds
2019-06-25T06:02:05.659+0000: 337745.569: Application time: 0.0000874 seconds
2019-06-25T06:02:05.660+0000: 337745.570: Application time: 0.0000656 seconds
2019-06-25T06:02:05.660+0000: 337745.570: Application time: 0.0000571 seconds
2019-06-25T06:02:05.660+0000: 337745.570: Application time: 0.0000550 seconds
2019-06-25T06:02:05.693+0000: 337745.603: Application time: 0.0000426 seconds
2019-06-25T06:02:05.693+0000: 337745.603: Application time: 0.0000841 seconds
2019-06-25T06:02:05.694+0000: 337745.604: Application time: 0.0001784 seconds
2019-06-25T06:02:05.694+0000: 337745.604: Application time: 0.0000684 seconds
2019-06-25T06:02:07.695+0000: 337747.605: Application time: 2.0010414 seconds
2019-06-25T06:02:09.351+0000: 337749.342: Application time: 0.6476494 seconds
2019-06-25T06:02:12.341+0000: 337752.251: Application time: 2.4267216 seconds
2019-06-25T06:02:13.446+0000: 337753.356: Application time: 0.0000796 seconds
2019-06-25T06:02:13.448+0000: 337753.358: Application time: 0.0014923 seconds
2019-06-25T06:02:14.503+0000: 337754.413: Application time: 0.0001059 seconds
2019-06-25T06:02:14.504+0000: 337754.413: Application time: 0.0000659 seconds
2019-06-25T06:02:14.504+0000: 337754.414: Application time: 0.0000614 seconds
2019-06-25T06:02:14.504+0000: 337754.414: Application time: 0.0000666 seconds
2019-06-25T06:02:14.505+0000: 337754.414: Application time: 0.0001500 seconds
2019-06-25T06:02:14.505+0000: 337754.415: Application time: 0.0001513 seconds
2019-06-25T06:02:14.998+0000: 337754.908: Application time: 0.4929836 seconds
2019-06-25T06:02:19.682+0000: 337759.602: Application time: 4.2417427 seconds
2019-06-25T06:02:23.369+0000: 337763.279: Application time: 2.0009373 seconds
2019-06-25T06:02:24.624+0000: 337764.534: Application time: 1.0001895 seconds
2019-06-25T06:02:26.615+0000: 337766.524: Application time: 1.0002560 seconds
2019-06-25T06:02:29.953+0000: 337769.862: Application time: 2.0117770 seconds
2019-06-25T06:02:31.485+0000: 337771.395: Application time: 1.4804684 seconds
2019-06-25T06:02:31.564+0000: 337771.474: Application time: 0.0001390 seconds
2019-06-25T06:02:40.390+0000: 337780.300: Application time: 8.8259353 seconds
2019-06-25T06:02:40.845+0000: 337780.755: Application time: 0.0011771 seconds
2019-06-25T06:02:40.914+0000: 337780.823: Application time: 0.0009679 seconds
2019-06-25T06:02:41.690+0000: 337781.600: Application time: 0.5149495 seconds
2019-06-25T06:02:44.373+0000: 337784.282: Application time: 1.4450102 seconds
{Heap before GC invocations=4925 (full 140):
 par new generation   total 9792K, used 9717K [0x00000000e1000000, 0x00000000e1aa0000, 0x00000000eb4a0000)
  eden space 8704K, 100% used [0x00000000e1000000, 0x00000000e1880000, 0x00000000e1880000)
  from space 1088K,  93% used [0x00000000e1990000, 0x00000000e1a8d740, 0x00000000e1aa0000)
  to   space 1088K,   0% used [0x00000000e1880000, 0x00000000e1880000, 0x00000000e1990000)
 concurrent mark-sweep generation total 118492K, used 70041K [0x00000000eb4a0000, 0x00000000f2857000, 0x0000000100000000)
 Metaspace       used 95737K, capacity 99999K, committed 100352K, reserved 1136640K
  class space    used 11680K, capacity 12466K, committed 12544K, reserved 1048576K
2019-06-25T06:02:45.827+0000: 337785.736: [GC (Allocation Failure) 2019-06-25T06:02:45.950+0000: 337785.860: [ParNew: 9717K->1088K(9792K), 24.8784194 secs] 79758K->72245K(128284K), 25.0437112 secs] [Times: user=0.22 sys=0.00, real=25.08 secs] 
Heap after GC invocations=4926 (full 140):
 par new generation   total 9792K, used 1088K [0x00000000e1000000, 0x00000000e1aa0000, 0x00000000eb4a0000)
  eden space 8704K,   0% used [0x00000000e1000000, 0x00000000e1000000, 0x00000000e1880000)
  from space 1088K, 100% used [0x00000000e1880000, 0x00000000e1990000, 0x00000000e1990000)
  to   space 1088K,   0% used [0x00000000e1990000, 0x00000000e1990000, 0x00000000e1aa0000)
 concurrent mark-sweep generation total 118492K, used 71157K [0x00000000eb4a0000, 0x00000000f2857000, 0x0000000100000000)
 Metaspace       used 95737K, capacity 99999K, committed 100352K, reserved 1136640K
  class space    used 11680K, capacity 12466K, committed 12544K, reserved 1048576K
}
2019-06-25T06:03:10.907+0000: 337810.817: Application time: 0.0271481 seconds
2019-06-25T06:03:11.054+0000: 337810.964: [GC (CMS Initial Mark) [1 CMS-initial-mark: 71157K(118492K)] 72409K(128284K), 2.7274227 secs] [Times: user=0.03 sys=0.00, real=2.74 secs] 
2019-06-25T06:03:13.832+0000: 337813.742: [CMS-concurrent-mark-start]
2019-06-25T06:03:13.855+0000: 337813.765: Application time: 0.0533734 seconds
2019-06-25T06:03:14.161+0000: 337814.071: Application time: 0.0940355 seconds
2019-06-25T06:03:14.726+0000: 337814.635: Application time: 0.0732564 seconds
2019-06-25T06:03:15.119+0000: 337815.028: Application time: 0.2127660 seconds
2019-06-25T06:03:16.431+0000: 337816.498: Application time: 1.1919427 seconds
2019-06-25T06:03:17.964+0000: 337817.874: Application time: 0.5319299 seconds
2019-06-25T06:03:23.250+0000: 337823.160: Application time: 5.1988599 seconds
2019-06-25T06:03:58.201+0000: 337858.114: Application time: 0.0499291 seconds
2019-06-25T06:03:59.474+0000: 337859.384: Application time: 0.0353821 seconds
2019-06-25T06:03:59.952+0000: 337859.862: Application time: 0.4190524 seconds
2019-06-25T06:04:09.304+0000: 337869.214: Application time: 1.0058916 seconds
2019-06-25T06:04:10.295+0000: 337870.205: Application time: 0.2670690 seconds
2019-06-25T06:04:11.079+0000: 337870.989: Application time: 0.0158002 seconds
2019-06-25T06:04:11.237+0000: 337871.147: Application time: 0.1093336 seconds
2019-06-25T06:04:12.213+0000: 337872.122: Application time: 0.0301874 seconds
2019-06-25T06:04:12.429+0000: 337872.339: Application time: 0.1319001 seconds
2019-06-25T06:04:13.080+0000: 337872.990: Application time: 0.0381165 seconds
2019-06-25T06:04:13.888+0000: 337873.798: Application time: 0.2429242 seconds
2019-06-25T06:04:13.990+0000: 337873.900: Application time: 0.0070995 seconds
2019-06-25T06:04:14.288+0000: 337874.198: Application time: 0.0893053 seconds
2019-06-25T06:04:19.528+0000: 337879.438: Application time: 5.0690704 seconds
2019-06-25T06:04:24.213+0000: 337884.122: Application time: 4.6038527 seconds
2019-06-25T06:04:25.226+0000: 337885.136: Application time: 1.0089417 seconds
2019-06-25T06:04:31.731+0000: 337891.641: Application time: 6.0629564 seconds
2019-06-25T06:04:32.791+0000: 337892.700: Application time: 1.0316913 seconds
2019-06-25T06:04:33.965+0000: 337893.875: Application time: 1.0645888 seconds
2019-06-25T06:04:35.027+0000: 337894.936: Application time: 1.0041568 seconds
2019-06-25T06:04:39.969+0000: 337899.879: Application time: 4.9234566 seconds
2019-06-25T06:04:45.205+0000: 337905.115: Application time: 5.1401000 seconds
{Heap before GC invocations=4926 (full 141):
 par new generation   total 9792K, used 9792K [0x00000000e1000000, 0x00000000e1aa0000, 0x00000000eb4a0000)
  eden space 8704K, 100% used [0x00000000e1000000, 0x00000000e1880000, 0x00000000e1880000)
  from space 1088K, 100% used [0x00000000e1880000, 0x00000000e1990000, 0x00000000e1990000)
  to   space 1088K,   0% used [0x00000000e1990000, 0x00000000e1990000, 0x00000000e1aa0000)
 concurrent mark-sweep generation total 118492K, used 71157K [0x00000000eb4a0000, 0x00000000f2857000, 0x0000000100000000)
 Metaspace       used 95796K, capacity 99999K, committed 100352K, reserved 1136640K
  class space    used 11689K, capacity 12466K, committed 12544K, reserved 1048576K
2019-06-25T06:04:45.282+0000: 337905.192: [GC (Allocation Failure) 2019-06-25T06:04:45.283+0000: 337905.192: [ParNew: 9792K->978K(9792K), 3.2812436 secs] 80949K->73194K(128284K), 3.2825868 secs] [Times: user=0.21 sys=0.00, real=3.28 secs] 
Heap after GC invocations=4927 (full 141):
 par new generation   total 9792K, used 978K [0x00000000e1000000, 0x00000000e1aa0000, 0x00000000eb4a0000)
  eden space 8704K,   0% used [0x00000000e1000000, 0x00000000e1000000, 0x00000000e1880000)
  from space 1088K,  89% used [0x00000000e1990000, 0x00000000e1a84a90, 0x00000000e1aa0000)
  to   space 1088K,   0% used [0x00000000e1880000, 0x00000000e1880000, 0x00000000e1990000)
 concurrent mark-sweep generation total 118492K, used 72216K [0x00000000eb4a0000, 0x00000000f2857000, 0x0000000100000000)
 Metaspace       used 95796K, capacity 99999K, committed 100352K, reserved 1136640K
  class space    used 11689K, capacity 12466K, committed 12544K, reserved 1048576K
}
2019-06-25T06:04:51.101+0000: 337911.010: Application time: 2.5355186 seconds
{Heap before GC invocations=4927 (full 141):
 par new generation   total 9792K, used 9682K [0x00000000e1000000, 0x00000000e1aa0000, 0x00000000eb4a0000)
  eden space 8704K, 100% used [0x00000000e1000000, 0x00000000e1880000, 0x00000000e1880000)
  from space 1088K,  89% used [0x00000000e1990000, 0x00000000e1a84a90, 0x00000000e1aa0000)
  to   space 1088K,   0% used [0x00000000e1880000, 0x00000000e1880000, 0x00000000e1990000)
 concurrent mark-sweep generation total 118492K, used 72216K [0x00000000eb4a0000, 0x00000000f2857000, 0x0000000100000000)
 Metaspace       used 95796K, capacity 99999K, committed 100352K, reserved 1136640K
  class space    used 11689K, capacity 12466K, committed 12544K, reserved 1048576K
2019-06-25T06:04:51.147+0000: 337911.057: [GC (Allocation Failure) 2019-06-25T06:04:51.148+0000: 337911.058: [ParNew: 9682K->795K(9792K), 1.4558410 secs] 81898K->73463K(128284K), 1.4570797 secs] [Times: user=0.12 sys=0.00, real=1.46 secs] 
Heap after GC invocations=4928 (full 141):
 par new generation   total 9792K, used 795K [0x00000000e1000000, 0x00000000e1aa0000, 0x00000000eb4a0000)
  eden space 8704K,   0% used [0x00000000e1000000, 0x00000000e1000000, 0x00000000e1880000)
  from space 1088K,  73% used [0x00000000e1880000, 0x00000000e1946c20, 0x00000000e1990000)
  to   space 1088K,   0% used [0x00000000e1990000, 0x00000000e1990000, 0x00000000e1aa0000)
 concurrent mark-sweep generation total 118492K, used 72668K [0x00000000eb4a0000, 0x00000000f2857000, 0x0000000100000000)
 Metaspace       used 95796K, capacity 99999K, committed 100352K, reserved 1136640K
  class space    used 11689K, capacity 12466K, committed 12544K, reserved 1048576K
}
2019-06-25T06:05:08.493+0000: 337928.403: Application time: 15.8881212 seconds
2019-06-25T06:05:11.712+0000: 337931.622: Application time: 3.0449353 seconds
2019-06-25T06:05:14.552+0000: 337934.462: Application time: 2.7714268 seconds
2019-06-25T06:05:18.585+0000: 337938.495: Application time: 4.0263615 seconds
2019-06-25T06:05:37.738+0000: 337957.648: Application time: 19.0455608 seconds
2019-06-25T06:05:46.758+0000: 337966.668: [CMS-concurrent-mark: 95.606/152.917 secs] [Times: user=4.10 sys=0.00, real=152.94 secs] 
2019-06-25T06:05:46.774+0000: 337966.684: [CMS-concurrent-preclean-start]
2019-06-25T06:05:46.777+0000: 337966.687: [CMS-concurrent-preclean: 0.003/0.003 secs] [Times: user=0.00 sys=0.00, real=0.00 secs] 
2019-06-25T06:05:46.778+0000: 337966.688: [CMS-concurrent-abortable-preclean-start]
2019-06-25T06:05:47.040+0000: 337966.950: Application time: 9.1441864 seconds
{Heap before GC invocations=4928 (full 141):
 par new generation   total 9792K, used 9498K [0x00000000e1000000, 0x00000000e1aa0000, 0x00000000eb4a0000)
  eden space 8704K,  99% used [0x00000000e1000000, 0x00000000e187ffc0, 0x00000000e1880000)
  from space 1088K,  73% used [0x00000000e1880000, 0x00000000e1946c20, 0x00000000e1990000)
  to   space 1088K,   0% used [0x00000000e1990000, 0x00000000e1990000, 0x00000000e1aa0000)
 concurrent mark-sweep generation total 118492K, used 72668K [0x00000000eb4a0000, 0x00000000f2857000, 0x0000000100000000)
 Metaspace       used 95796K, capacity 99999K, committed 100352K, reserved 1136640K
  class space    used 11689K, capacity 12466K, committed 12544K, reserved 1048576K
2019-06-25T06:05:47.041+0000: 337966.950: [GC (Allocation Failure) 2019-06-25T06:05:47.041+0000: 337966.951: [ParNew2019-06-25T06:05:47.086+0000: 337966.996: [CMS-concurrent-abortable-preclean: 0.007/0.308 secs] [Times: user=0.02 sys=0.00, real=0.31 secs] 
: 9498K->967K(9792K), 0.2255392 secs] 82167K->73636K(128284K), 0.2261939 secs] [Times: user=0.11 sys=0.00, real=0.22 secs] 
Heap after GC invocations=4929 (full 141):
 par new generation   total 9792K, used 967K [0x00000000e1000000, 0x00000000e1aa0000, 0x00000000eb4a0000)
  eden space 8704K,   0% used [0x00000000e1000000, 0x00000000e1000000, 0x00000000e1880000)
  from space 1088K,  88% used [0x00000000e1990000, 0x00000000e1a81f70, 0x00000000e1aa0000)
  to   space 1088K,   0% used [0x00000000e1880000, 0x00000000e1880000, 0x00000000e1990000)
 concurrent mark-sweep generation total 118492K, used 72668K [0x00000000eb4a0000, 0x00000000f2857000, 0x0000000100000000)
 Metaspace       used 95796K, capacity 99999K, committed 100352K, reserved 1136640K
  class space    used 11689K, capacity 12466K, committed 12544K, reserved 1048576K
}
2019-06-25T06:05:47.269+0000: 337967.178: Application time: 0.0010726 seconds
2019-06-25T06:05:47.306+0000: 337967.216: [GC (CMS Final Remark) [YG occupancy: 1889 K (9792 K)]2019-06-25T06:05:47.307+0000: 337967.216: [Rescan (parallel) , 0.0068192 secs]2019-06-25T06:05:47.314+0000: 337967.224: [weak refs processing, 0.5497409 secs]2019-06-25T06:05:47.864+0000: 337967.774: [class unloading, 99.7619649 secs]2019-06-25T06:07:27.626+0000: 338067.536: [scrub symbol table, 38.6321867 secs]2019-06-25T06:08:06.259+0000: 338106.169: [scrub string table, 0.0019442 secs][1 CMS-remark: 72668K(118492K)] 74558K(128284K), 139.0459318 secs] [Times: user=0.88 sys=0.00, real=139.05 secs] 
2019-06-25T06:08:06.353+0000: 338106.263: [CMS-concurrent-sweep-start]
2019-06-25T06:08:07.244+0000: 338107.154: Application time: 0.8912959 seconds
2019-06-25T06:08:07.314+0000: 338107.224: Application time: 0.0020186 seconds
2019-06-25T06:08:07.558+0000: 338107.468: Application time: 0.0923064 seconds
2019-06-25T06:08:08.253+0000: 338108.162: Application time: 0.0821432 seconds
2019-06-25T06:08:08.320+0000: 338108.230: Application time: 0.0475447 seconds
2019-06-25T06:08:08.321+0000: 338108.231: Application time: 0.0001610 seconds
2019-06-25T06:08:08.322+0000: 338108.232: Application time: 0.0004896 seconds
2019-06-25T06:08:08.322+0000: 338108.232: Application time: 0.0000752 seconds
2019-06-25T06:08:08.323+0000: 338108.233: Application time: 0.0008914 seconds
2019-06-25T06:08:08.402+0000: 338108.312: Application time: 0.0589753 seconds
2019-06-25T06:08:08.734+0000: 338108.644: Application time: 0.2942708 seconds
2019-06-25T06:08:09.115+0000: 338109.025: [CMS-concurrent-sweep: 1.849/2.762 secs] [Times: user=0.42 sys=0.00, real=2.76 secs] 
2019-06-25T06:08:09.116+0000: 338109.026: [CMS-concurrent-reset-start]
2019-06-25T06:08:09.118+0000: 338109.027: [CMS-concurrent-reset: 0.001/0.001 secs] [Times: user=0.00 sys=0.00, real=0.00 secs] 
2019-06-25T06:08:09.735+0000: 338109.645: Application time: 1.0001818 seconds
2019-06-25T06:08:13.651+0000: 338113.561: Application time: 3.9157832 seconds
2019-06-25T06:08:20.652+0000: 338120.562: Application time: 7.0009585 seconds
2019-06-25T06:08:36.655+0000: 338136.565: Application time: 16.0021531 seconds
2019-06-25T06:08:38.275+0000: 338138.184: Application time: 1.6196629 seconds
2019-06-25T06:08:38.277+0000: 338138.187: Application time: 0.0017328 seconds
2019-06-25T06:08:38.795+0000: 338138.705: Application time: 0.5179993 seconds
2019-06-25T06:08:50.078+0000: 338149.988: Application time: 11.2831793 seconds
2019-06-25T06:08:50.080+0000: 338149.989: Application time: 0.0005488 seconds
{Heap before GC invocations=4929 (full 141):
 par new generation   total 9792K, used 9671K [0x00000000e1000000, 0x00000000e1aa0000, 0x00000000eb4a0000)
  eden space 8704K, 100% used [0x00000000e1000000, 0x00000000e1880000, 0x00000000e1880000)
  from space 1088K,  88% used [0x00000000e1990000, 0x00000000e1a81f70, 0x00000000e1aa0000)
  to   space 1088K,   0% used [0x00000000e1880000, 0x00000000e1880000, 0x00000000e1990000)
 concurrent mark-sweep generation total 118492K, used 66350K [0x00000000eb4a0000, 0x00000000f2857000, 0x0000000100000000)
 Metaspace       used 95806K, capacity 100005K, committed 100352K, reserved 1136640K
  class space    used 11690K, capacity 12467K, committed 12544K, reserved 1048576K
2019-06-25T06:08:50.080+0000: 338149.990: [GC (Allocation Failure) 2019-06-25T06:08:50.080+0000: 338149.990: [ParNew: 9671K->1088K(9792K), 0.5679480 secs] 76022K->67997K(128284K), 0.5686089 secs] [Times: user=0.02 sys=0.00, real=0.57 secs] 
Heap after GC invocations=4930 (full 141):
 par new generation   total 9792K, used 1088K [0x00000000e1000000, 0x00000000e1aa0000, 0x00000000eb4a0000)
  eden space 8704K,   0% used [0x00000000e1000000, 0x00000000e1000000, 0x00000000e1880000)
  from space 1088K, 100% used [0x00000000e1880000, 0x00000000e1990000, 0x00000000e1990000)
  to   space 1088K,   0% used [0x00000000e1990000, 0x00000000e1990000, 0x00000000e1aa0000)
 concurrent mark-sweep generation total 118492K, used 66909K [0x00000000eb4a0000, 0x00000000f2857000, 0x0000000100000000)
 Metaspace       used 95806K, capacity 100005K, committed 100352K, reserved 1136640K
  class space    used 11690K, capacity 12467K, committed 12544K, reserved 1048576K
}
2019-06-25T06:09:06.137+0000: 338166.046: Application time: 15.4871529 seconds
2019-06-25T06:09:06.564+0000: 338166.474: Application time: 0.4268180 seconds
2019-06-25T06:09:08.446+0000: 338168.356: Application time: 1.8777477 seconds
2019-06-25T06:09:08.447+0000: 338168.357: Application time: 0.0001727 seconds
2019-06-25T06:09:08.448+0000: 338168.358: Application time: 0.0000717 seconds
2019-06-25T06:09:08.448+0000: 338168.358: Application time: 0.0000625 seconds
2019-06-25T06:09:08.448+0000: 338168.358: Application time: 0.0000992 seconds
2019-06-25T06:09:08.450+0000: 338168.360: Application time: 0.0014635 seconds
2019-06-25T06:09:20.588+0000: 338180.498: Application time: 12.1378649 seconds
2019-06-25T06:09:20.653+0000: 338180.563: Application time: 0.0646564 seconds
2019-06-25T06:09:38.655+0000: 338198.565: Application time: 18.0022325 seconds
2019-06-25T06:10:08.287+0000: 338228.197: Application time: 29.6311866 seconds
{Heap before GC invocations=4930 (full 141):
 par new generation   total 9792K, used 9792K [0x00000000e1000000, 0x00000000e1aa0000, 0x00000000eb4a0000)
  eden space 8704K, 100% used [0x00000000e1000000, 0x00000000e1880000, 0x00000000e1880000)
  from space 1088K, 100% used [0x00000000e1880000, 0x00000000e1990000, 0x00000000e1990000)
  to   space 1088K,   0% used [0x00000000e1990000, 0x00000000e1990000, 0x00000000e1aa0000)
 concurrent mark-sweep generation total 118492K, used 66909K [0x00000000eb4a0000, 0x00000000f2857000, 0x0000000100000000)
 Metaspace       used 95808K, capacity 100011K, committed 100352K, reserved 1136640K
  class space    used 11691K, capacity 12468K, committed 12544K, reserved 1048576K
2019-06-25T06:10:08.288+0000: 338228.197: [GC (Allocation Failure) 2019-06-25T06:10:08.288+0000: 338228.198: [ParNew: 9792K->1069K(9792K), 0.1888340 secs] 76701K->68162K(128284K), 0.1895761 secs] [Times: user=0.16 sys=0.00, real=0.19 secs] 
Heap after GC invocations=4931 (full 141):
 par new generation   total 9792K, used 1069K [0x00000000e1000000, 0x00000000e1aa0000, 0x00000000eb4a0000)
  eden space 8704K,   0% used [0x00000000e1000000, 0x00000000e1000000, 0x00000000e1880000)
  from space 1088K,  98% used [0x00000000e1990000, 0x00000000e1a9b640, 0x00000000e1aa0000)
  to   space 1088K,   0% used [0x00000000e1880000, 0x00000000e1880000, 0x00000000e1990000)
 concurrent mark-sweep generation total 118492K, used 67093K [0x00000000eb4a0000, 0x00000000f2857000, 0x0000000100000000)
 Metaspace       used 95808K, capacity 100011K, committed 100352K, reserved 1136640K
  class space    used 11691K, capacity 12468K, committed 12544K, reserved 1048576K
}
2019-06-25T06:10:20.654+0000: 338240.564: Application time: 12.1762251 seconds
2019-06-25T06:10:38.481+0000: 338258.391: Application time: 17.6394538 seconds
2019-06-25T06:11:08.483+0000: 338288.393: Application time: 30.0014079 seconds
2019-06-25T06:11:08.485+0000: 338288.395: Application time: 0.0015723 seconds
2019-06-25T06:11:08.773+0000: 338288.683: Application time: 0.2880590 seconds
2019-06-25T06:11:13.202+0000: 338293.112: Application time: 4.4283531 seconds
2019-06-25T06:11:13.332+0000: 338293.242: Application time: 0.1296794 seconds
2019-06-25T06:11:20.848+0000: 338300.758: Application time: 7.5154818 seconds
{Heap before GC invocations=4931 (full 141):
 par new generation   total 9792K, used 9773K [0x00000000e1000000, 0x00000000e1aa0000, 0x00000000eb4a0000)
  eden space 8704K, 100% used [0x00000000e1000000, 0x00000000e1880000, 0x00000000e1880000)
  from space 1088K,  98% used [0x00000000e1990000, 0x00000000e1a9b640, 0x00000000e1aa0000)
  to   space 1088K,   0% used [0x00000000e1880000, 0x00000000e1880000, 0x00000000e1990000)
 concurrent mark-sweep generation total 118492K, used 67093K [0x00000000eb4a0000, 0x00000000f2857000, 0x0000000100000000)
 Metaspace       used 95808K, capacity 100011K, committed 100352K, reserved 1136640K
  class space    used 11691K, capacity 12468K, committed 12544K, reserved 1048576K
2019-06-25T06:11:20.849+0000: 338300.759: [GC (Allocation Failure) 2019-06-25T06:11:20.849+0000: 338300.759: [ParNew: 9773K->670K(9792K), 0.2082118 secs] 76866K->68105K(128284K), 0.2089759 secs] [Times: user=0.19 sys=0.00, real=0.20 secs] 
Heap after GC invocations=4932 (full 141):
 par new generation   total 9792K, used 670K [0x00000000e1000000, 0x00000000e1aa0000, 0x00000000eb4a0000)
  eden space 8704K,   0% used [0x00000000e1000000, 0x00000000e1000000, 0x00000000e1880000)
  from space 1088K,  61% used [0x00000000e1880000, 0x00000000e1927a10, 0x00000000e1990000)
  to   space 1088K,   0% used [0x00000000e1990000, 0x00000000e1990000, 0x00000000e1aa0000)
 concurrent mark-sweep generation total 118492K, used 67434K [0x00000000eb4a0000, 0x00000000f2857000, 0x0000000100000000)
 Metaspace       used 95808K, capacity 100011K, committed 100352K, reserved 1136640K
  class space    used 11691K, capacity 12468K, committed 12544K, reserved 1048576K
}
2019-06-25T06:12:52.070+0000: 338391.979: Application time: 91.0113194 seconds
2019-06-25T06:13:02.147+0000: 338402.057: Application time: 10.0773831 seconds
{Heap before GC invocations=4932 (full 141):
 par new generation   total 9792K, used 9374K [0x00000000e1000000, 0x00000000e1aa0000, 0x00000000eb4a0000)
  eden space 8704K, 100% used [0x00000000e1000000, 0x00000000e1880000, 0x00000000e1880000)
  from space 1088K,  61% used [0x00000000e1880000, 0x00000000e1927a10, 0x00000000e1990000)
  to   space 1088K,   0% used [0x00000000e1990000, 0x00000000e1990000, 0x00000000e1aa0000)
 concurrent mark-sweep generation total 118492K, used 67434K [0x00000000eb4a0000, 0x00000000f2857000, 0x0000000100000000)
 Metaspace       used 95809K, capacity 100011K, committed 100352K, reserved 1136640K
  class space    used 11691K, capacity 12468K, committed 12544K, reserved 1048576K
2019-06-25T06:13:02.156+0000: 338402.066: [GC (Allocation Failure) 2019-06-25T06:13:02.157+0000: 338402.066: [ParNew: 9374K->791K(9792K), 0.0397357 secs] 76809K->68226K(128284K), 0.0405404 secs] [Times: user=0.08 sys=0.00, real=0.04 secs] 
Heap after GC invocations=4933 (full 141):
 par new generation   total 9792K, used 791K [0x00000000e1000000, 0x00000000e1aa0000, 0x00000000eb4a0000)
  eden space 8704K,   0% used [0x00000000e1000000, 0x00000000e1000000, 0x00000000e1880000)
  from space 1088K,  72% used [0x00000000e1990000, 0x00000000e1a55ec0, 0x00000000e1aa0000)
  to   space 1088K,   0% used [0x00000000e1880000, 0x00000000e1880000, 0x00000000e1990000)
 concurrent mark-sweep generation total 118492K, used 67434K [0x00000000eb4a0000, 0x00000000f2857000, 0x0000000100000000)
 Metaspace       used 95809K, capacity 100011K, committed 100352K, reserved 1136640K
  class space    used 11691K, capacity 12468K, committed 12544K, reserved 1048576K
}
2019-06-25T06:14:09.599+0000: 338469.509: Application time: 67.4018340 seconds
2019-06-25T06:14:39.300+0000: 338499.210: Application time: 29.7004471 seconds
{Heap before GC invocations=4933 (full 141):
 par new generation   total 9792K, used 9495K [0x00000000e1000000, 0x00000000e1aa0000, 0x00000000eb4a0000)
  eden space 8704K, 100% used [0x00000000e1000000, 0x00000000e1880000, 0x00000000e1880000)
  from space 1088K,  72% used [0x00000000e1990000, 0x00000000e1a55ec0, 0x00000000e1aa0000)
  to   space 1088K,   0% used [0x00000000e1880000, 0x00000000e1880000, 0x00000000e1990000)
 concurrent mark-sweep generation total 118492K, used 67434K [0x00000000eb4a0000, 0x00000000f2857000, 0x0000000100000000)
 Metaspace       used 95809K, capacity 100011K, committed 100352K, reserved 1136640K
  class space    used 11691K, capacity 12468K, committed 12544K, reserved 1048576K
2019-06-25T06:14:39.301+0000: 338499.211: [GC (Allocation Failure) 2019-06-25T06:14:39.302+0000: 338499.212: [ParNew: 9495K->795K(9792K), 0.1550892 secs] 76930K->68386K(128284K), 0.1562806 secs] [Times: user=0.10 sys=0.00, real=0.15 secs] 
Heap after GC invocations=4934 (full 141):
 par new generation   total 9792K, used 795K [0x00000000e1000000, 0x00000000e1aa0000, 0x00000000eb4a0000)
  eden space 8704K,   0% used [0x00000000e1000000, 0x00000000e1000000, 0x00000000e1880000)
  from space 1088K,  73% used [0x00000000e1880000, 0x00000000e1946f20, 0x00000000e1990000)
  to   space 1088K,   0% used [0x00000000e1990000, 0x00000000e1990000, 0x00000000e1aa0000)
 concurrent mark-sweep generation total 118492K, used 67590K [0x00000000eb4a0000, 0x00000000f2857000, 0x0000000100000000)
 Metaspace       used 95809K, capacity 100011K, committed 100352K, reserved 1136640K
  class space    used 11691K, capacity 12468K, committed 12544K, reserved 1048576K
}
2019-06-25T06:14:51.460+0000: 338511.370: Application time: 12.0019615 seconds
2019-06-25T06:15:21.083+0000: 338540.993: Application time: 29.6223056 seconds
2019-06-25T06:15:39.086+0000: 338558.996: Application time: 18.0023211 seconds
2019-06-25T06:16:09.090+0000: 338589.000: Application time: 30.0038848 seconds
2019-06-25T06:16:21.091+0000: 338601.001: Application time: 12.0000790 seconds
{Heap before GC invocations=4934 (full 141):
 par new generation   total 9792K, used 9499K [0x00000000e1000000, 0x00000000e1aa0000, 0x00000000eb4a0000)
  eden space 8704K, 100% used [0x00000000e1000000, 0x00000000e1880000, 0x00000000e1880000)
  from space 1088K,  73% used [0x00000000e1880000, 0x00000000e1946f20, 0x00000000e1990000)
  to   space 1088K,   0% used [0x00000000e1990000, 0x00000000e1990000, 0x00000000e1aa0000)
 concurrent mark-sweep generation total 118492K, used 67590K [0x00000000eb4a0000, 0x00000000f2857000, 0x0000000100000000)
 Metaspace       used 95809K, capacity 100011K, committed 100352K, reserved 1136640K
  class space    used 11691K, capacity 12468K, committed 12544K, reserved 1048576K
2019-06-25T06:16:21.105+0000: 338601.015: [GC (Allocation Failure) 2019-06-25T06:16:21.105+0000: 338601.015: [ParNew: 9499K->820K(9792K), 0.0694385 secs] 77090K->68411K(128284K), 0.0706699 secs] [Times: user=0.02 sys=0.00, real=0.07 secs] 
Heap after GC invocations=4935 (full 141):
 par new generation   total 9792K, used 820K [0x00000000e1000000, 0x00000000e1aa0000, 0x00000000eb4a0000)
  eden space 8704K,   0% used [0x00000000e1000000, 0x00000000e1000000, 0x00000000e1880000)
  from space 1088K,  75% used [0x00000000e1990000, 0x00000000e1a5d2c8, 0x00000000e1aa0000)
  to   space 1088K,   0% used [0x00000000e1880000, 0x00000000e1880000, 0x00000000e1990000)
 concurrent mark-sweep generation total 118492K, used 67590K [0x00000000eb4a0000, 0x00000000f2857000, 0x0000000100000000)
 Metaspace       used 95809K, capacity 100011K, committed 100352K, reserved 1136640K
  class space    used 11691K, capacity 12468K, committed 12544K, reserved 1048576K
}
2019-06-25T06:16:39.179+0000: 338619.089: Application time: 18.0025986 seconds
2019-06-25T06:17:23.186+0000: 338663.095: Application time: 44.0044425 seconds
2019-06-25T06:18:05.097+0000: 338705.006: Application time: 41.9107214 seconds
{Heap before GC invocations=4935 (full 141):
 par new generation   total 9792K, used 9524K [0x00000000e1000000, 0x00000000e1aa0000, 0x00000000eb4a0000)
  eden space 8704K, 100% used [0x00000000e1000000, 0x00000000e1880000, 0x00000000e1880000)
  from space 1088K,  75% used [0x00000000e1990000, 0x00000000e1a5d2c8, 0x00000000e1aa0000)
  to   space 1088K,   0% used [0x00000000e1880000, 0x00000000e1880000, 0x00000000e1990000)
 concurrent mark-sweep generation total 118492K, used 67590K [0x00000000eb4a0000, 0x00000000f2857000, 0x0000000100000000)
 Metaspace       used 95809K, capacity 100011K, committed 100352K, reserved 1136640K
  class space    used 11691K, capacity 12468K, committed 12544K, reserved 1048576K
2019-06-25T06:18:05.097+0000: 338705.007: [GC (Allocation Failure) 2019-06-25T06:18:05.098+0000: 338705.007: [ParNew: 9524K->856K(9792K), 0.2336912 secs] 77115K->68633K(128284K), 0.2343836 secs] [Times: user=0.45 sys=0.00, real=0.24 secs] 
Heap after GC invocations=4936 (full 141):
 par new generation   total 9792K, used 856K [0x00000000e1000000, 0x00000000e1aa0000, 0x00000000eb4a0000)
  eden space 8704K,   0% used [0x00000000e1000000, 0x00000000e1000000, 0x00000000e1880000)
  from space 1088K,  78% used [0x00000000e1880000, 0x00000000e1956358, 0x00000000e1990000)
  to   space 1088K,   0% used [0x00000000e1990000, 0x00000000e1990000, 0x00000000e1aa0000)
 concurrent mark-sweep generation total 118492K, used 67776K [0x00000000eb4a0000, 0x00000000f2857000, 0x0000000100000000)
 Metaspace       used 95809K, capacity 100011K, committed 100352K, reserved 1136640K
  class space    used 11691K, capacity 12468K, committed 12544K, reserved 1048576K
}
2019-06-25T06:19:09.627+0000: 338769.536: Application time: 64.2943896 seconds
2019-06-25T06:19:40.077+0000: 338799.987: Application time: 30.4501238 seconds
{Heap before GC invocations=4936 (full 141):
 par new generation   total 9792K, used 9560K [0x00000000e1000000, 0x00000000e1aa0000, 0x00000000eb4a0000)
  eden space 8704K, 100% used [0x00000000e1000000, 0x00000000e1880000, 0x00000000e1880000)
  from space 1088K,  78% used [0x00000000e1880000, 0x00000000e1956358, 0x00000000e1990000)
  to   space 1088K,   0% used [0x00000000e1990000, 0x00000000e1990000, 0x00000000e1aa0000)
 concurrent mark-sweep generation total 118492K, used 67776K [0x00000000eb4a0000, 0x00000000f2857000, 0x0000000100000000)
 Metaspace       used 95809K, capacity 100011K, committed 100352K, reserved 1136640K
  class space    used 11691K, capacity 12468K, committed 12544K, reserved 1048576K
2019-06-25T06:19:40.078+0000: 338799.988: [GC (Allocation Failure) 2019-06-25T06:19:40.078+0000: 338799.988: [ParNew: 9560K->631K(9792K), 0.0031276 secs] 77337K->68408K(128284K), 0.0038653 secs] [Times: user=0.01 sys=0.00, real=0.01 secs] 
Heap after GC invocations=4937 (full 141):
 par new generation   total 9792K, used 631K [0x00000000e1000000, 0x00000000e1aa0000, 0x00000000eb4a0000)
  eden space 8704K,   0% used [0x00000000e1000000, 0x00000000e1000000, 0x00000000e1880000)
  from space 1088K,  58% used [0x00000000e1990000, 0x00000000e1a2df80, 0x00000000e1aa0000)
  to   space 1088K,   0% used [0x00000000e1880000, 0x00000000e1880000, 0x00000000e1990000)
 concurrent mark-sweep generation total 118492K, used 67776K [0x00000000eb4a0000, 0x00000000f2857000, 0x0000000100000000)
 Metaspace       used 95809K, capacity 100011K, committed 100352K, reserved 1136640K
  class space    used 11691K, capacity 12468K, committed 12544K, reserved 1048576K
}
2019-06-25T06:21:09.096+0000: 338889.006: Application time: 89.0140465 seconds
2019-06-25T06:21:21.205+0000: 338901.114: Application time: 12.1079704 seconds
{Heap before GC invocations=4937 (full 141):
 par new generation   total 9792K, used 9335K [0x00000000e1000000, 0x00000000e1aa0000, 0x00000000eb4a0000)
  eden space 8704K, 100% used [0x00000000e1000000, 0x00000000e1880000, 0x00000000e1880000)
  from space 1088K,  58% used [0x00000000e1990000, 0x00000000e1a2df80, 0x00000000e1aa0000)
  to   space 1088K,   0% used [0x00000000e1880000, 0x00000000e1880000, 0x00000000e1990000)
 concurrent mark-sweep generation total 118492K, used 67776K [0x00000000eb4a0000, 0x00000000f2857000, 0x0000000100000000)
 Metaspace       used 95809K, capacity 100011K, committed 100352K, reserved 1136640K
  class space    used 11691K, capacity 12468K, committed 12544K, reserved 1048576K
2019-06-25T06:21:21.205+0000: 338901.115: [GC (Allocation Failure) 2019-06-25T06:21:21.206+0000: 338901.115: [ParNew: 9335K->703K(9792K), 0.0071064 secs] 77112K->68505K(128284K), 0.0079071 secs] [Times: user=0.01 sys=0.00, real=0.01 secs] 
Heap after GC invocations=4938 (full 141):
 par new generation   total 9792K, used 703K [0x00000000e1000000, 0x00000000e1aa0000, 0x00000000eb4a0000)
  eden space 8704K,   0% used [0x00000000e1000000, 0x00000000e1000000, 0x00000000e1880000)
  from space 1088K,  64% used [0x00000000e1880000, 0x00000000e192fe98, 0x00000000e1990000)
  to   space 1088K,   0% used [0x00000000e1990000, 0x00000000e1990000, 0x00000000e1aa0000)
 concurrent mark-sweep generation total 118492K, used 67801K [0x00000000eb4a0000, 0x00000000f2857000, 0x0000000100000000)
 Metaspace       used 95809K, capacity 100011K, committed 100352K, reserved 1136640K
  class space    used 11691K, capacity 12468K, committed 12544K, reserved 1048576K
}
2019-06-25T06:22:22.222+0000: 338962.132: Application time: 61.0079214 seconds
2019-06-25T06:22:39.224+0000: 338979.134: Application time: 17.0022720 seconds
2019-06-25T06:23:05.101+0000: 339005.011: Application time: 25.8767400 seconds
{Heap before GC invocations=4938 (full 141):
 par new generation   total 9792K, used 9407K [0x00000000e1000000, 0x00000000e1aa0000, 0x00000000eb4a0000)
  eden space 8704K, 100% used [0x00000000e1000000, 0x00000000e1880000, 0x00000000e1880000)
  from space 1088K,  64% used [0x00000000e1880000, 0x00000000e192fe98, 0x00000000e1990000)
  to   space 1088K,   0% used [0x00000000e1990000, 0x00000000e1990000, 0x00000000e1aa0000)
 concurrent mark-sweep generation total 118492K, used 67801K [0x00000000eb4a0000, 0x00000000f2857000, 0x0000000100000000)
 Metaspace       used 95809K, capacity 100011K, committed 100352K, reserved 1136640K
  class space    used 11691K, capacity 12468K, committed 12544K, reserved 1048576K
2019-06-25T06:23:05.102+0000: 339005.012: [GC (Allocation Failure) 2019-06-25T06:23:05.103+0000: 339005.012: [ParNew: 9407K->1088K(9792K), 0.0263368 secs] 77209K->68890K(128284K), 0.0272206 secs] [Times: user=0.00 sys=0.01, real=0.03 secs] 
Heap after GC invocations=4939 (full 141):
 par new generation   total 9792K, used 1088K [0x00000000e1000000, 0x00000000e1aa0000, 0x00000000eb4a0000)
  eden space 8704K,   0% used [0x00000000e1000000, 0x00000000e1000000, 0x00000000e1880000)
  from space 1088K, 100% used [0x00000000e1990000, 0x00000000e1aa0000, 0x00000000e1aa0000)
  to   space 1088K,   0% used [0x00000000e1880000, 0x00000000e1880000, 0x00000000e1990000)
 concurrent mark-sweep generation total 118492K, used 67802K [0x00000000eb4a0000, 0x00000000f2857000, 0x0000000100000000)
 Metaspace       used 95809K, capacity 100011K, committed 100352K, reserved 1136640K
  class space    used 11691K, capacity 12468K, committed 12544K, reserved 1048576K
}
2019-06-25T06:23:06.130+0000: 339006.040: Application time: 1.0002690 seconds
2019-06-25T06:23:39.136+0000: 339039.046: Application time: 33.0052603 seconds
2019-06-25T06:24:10.070+0000: 339069.980: Application time: 30.9338354 seconds
2019-06-25T06:24:42.213+0000: 339102.123: Application time: 32.1423130 seconds
{Heap before GC invocations=4939 (full 141):
 par new generation   total 9792K, used 9792K [0x00000000e1000000, 0x00000000e1aa0000, 0x00000000eb4a0000)
  eden space 8704K, 100% used [0x00000000e1000000, 0x00000000e1880000, 0x00000000e1880000)
  from space 1088K, 100% used [0x00000000e1990000, 0x00000000e1aa0000, 0x00000000e1aa0000)
  to   space 1088K,   0% used [0x00000000e1880000, 0x00000000e1880000, 0x00000000e1990000)
 concurrent mark-sweep generation total 118492K, used 67802K [0x00000000eb4a0000, 0x00000000f2857000, 0x0000000100000000)
 Metaspace       used 95809K, capacity 100011K, committed 100352K, reserved 1136640K
  class space    used 11691K, capacity 12468K, committed 12544K, reserved 1048576K
2019-06-25T06:24:42.214+0000: 339102.124: [GC (Allocation Failure) 2019-06-25T06:24:42.214+0000: 339102.124: [ParNew: 9792K->737K(9792K), 0.0216918 secs] 77594K->68607K(128284K), 0.0226307 secs] [Times: user=0.01 sys=0.00, real=0.02 secs] 
Heap after GC invocations=4940 (full 141):
 par new generation   total 9792K, used 737K [0x00000000e1000000, 0x00000000e1aa0000, 0x00000000eb4a0000)
  eden space 8704K,   0% used [0x00000000e1000000, 0x00000000e1000000, 0x00000000e1880000)
  from space 1088K,  67% used [0x00000000e1880000, 0x00000000e1938670, 0x00000000e1990000)
  to   space 1088K,   0% used [0x00000000e1990000, 0x00000000e1990000, 0x00000000e1aa0000)
 concurrent mark-sweep generation total 118492K, used 67870K [0x00000000eb4a0000, 0x00000000f2857000, 0x0000000100000000)
 Metaspace       used 95809K, capacity 100011K, committed 100352K, reserved 1136640K
  class space    used 11691K, capacity 12468K, committed 12544K, reserved 1048576K
}
2019-06-25T06:26:21.751+0000: 339201.661: Application time: 99.5138720 seconds
{Heap before GC invocations=4940 (full 141):
 par new generation   total 9792K, used 9441K [0x00000000e1000000, 0x00000000e1aa0000, 0x00000000eb4a0000)
  eden space 8704K, 100% used [0x00000000e1000000, 0x00000000e1880000, 0x00000000e1880000)
  from space 1088K,  67% used [0x00000000e1880000, 0x00000000e1938670, 0x00000000e1990000)
  to   space 1088K,   0% used [0x00000000e1990000, 0x00000000e1990000, 0x00000000e1aa0000)
 concurrent mark-sweep generation total 118492K, used 67870K [0x00000000eb4a0000, 0x00000000f2857000, 0x0000000100000000)
 Metaspace       used 95809K, capacity 100011K, committed 100352K, reserved 1136640K
  class space    used 11691K, capacity 12468K, committed 12544K, reserved 1048576K
2019-06-25T06:26:21.752+0000: 339201.662: [GC (Allocation Failure) 2019-06-25T06:26:21.752+0000: 339201.662: [ParNew: 9441K->768K(9792K), 0.0306142 secs] 77311K->68639K(128284K), 0.0315999 secs] [Times: user=0.01 sys=0.00, real=0.03 secs] 
Heap after GC invocations=4941 (full 141):
 par new generation   total 9792K, used 768K [0x00000000e1000000, 0x00000000e1aa0000, 0x00000000eb4a0000)
  eden space 8704K,   0% used [0x00000000e1000000, 0x00000000e1000000, 0x00000000e1880000)
  from space 1088K,  70% used [0x00000000e1990000, 0x00000000e1a50308, 0x00000000e1aa0000)
  to   space 1088K,   0% used [0x00000000e1880000, 0x00000000e1880000, 0x00000000e1990000)
 concurrent mark-sweep generation total 118492K, used 67870K [0x00000000eb4a0000, 0x00000000f2857000, 0x0000000100000000)
 Metaspace       used 95809K, capacity 100011K, committed 100352K, reserved 1136640K
  class space    used 11691K, capacity 12468K, committed 12544K, reserved 1048576K
}
2019-06-25T06:26:38.786+0000: 339218.696: Application time: 17.0022722 seconds
2019-06-25T06:27:08.791+0000: 339248.700: Application time: 30.0038573 seconds
2019-06-25T06:28:06.386+0000: 339306.296: Application time: 57.5956445 seconds
{Heap before GC invocations=4941 (full 141):
 par new generation   total 9792K, used 9472K [0x00000000e1000000, 0x00000000e1aa0000, 0x00000000eb4a0000)
  eden space 8704K, 100% used [0x00000000e1000000, 0x00000000e1880000, 0x00000000e1880000)
  from space 1088K,  70% used [0x00000000e1990000, 0x00000000e1a50308, 0x00000000e1aa0000)
  to   space 1088K,   0% used [0x00000000e1880000, 0x00000000e1880000, 0x00000000e1990000)
 concurrent mark-sweep generation total 118492K, used 67870K [0x00000000eb4a0000, 0x00000000f2857000, 0x0000000100000000)
 Metaspace       used 95809K, capacity 100011K, committed 100352K, reserved 1136640K
  class space    used 11691K, capacity 12468K, committed 12544K, reserved 1048576K
2019-06-25T06:28:06.387+0000: 339306.297: [GC (Allocation Failure) 2019-06-25T06:28:06.388+0000: 339306.297: [ParNew: 9472K->796K(9792K), 0.0300236 secs] 77343K->68691K(128284K), 0.0324442 secs] [Times: user=0.06 sys=0.00, real=0.04 secs] 
Heap after GC invocations=4942 (full 141):
 par new generation   total 9792K, used 796K [0x00000000e1000000, 0x00000000e1aa0000, 0x00000000eb4a0000)
  eden space 8704K,   0% used [0x00000000e1000000, 0x00000000e1000000, 0x00000000e1880000)
  from space 1088K,  73% used [0x00000000e1880000, 0x00000000e1947298, 0x00000000e1990000)
  to   space 1088K,   0% used [0x00000000e1990000, 0x00000000e1990000, 0x00000000e1aa0000)
 concurrent mark-sweep generation total 118492K, used 67894K [0x00000000eb4a0000, 0x00000000f2857000, 0x0000000100000000)
 Metaspace       used 95809K, capacity 100011K, committed 100352K, reserved 1136640K
  class space    used 11691K, capacity 12468K, committed 12544K, reserved 1048576K
}
2019-06-25T06:29:09.647+0000: 339369.557: Application time: 63.2263800 seconds
2019-06-25T06:29:41.560+0000: 339401.469: Application time: 31.9118701 seconds
{Heap before GC invocations=4942 (full 141):
 par new generation   total 9792K, used 9500K [0x00000000e1000000, 0x00000000e1aa0000, 0x00000000eb4a0000)
  eden space 8704K, 100% used [0x00000000e1000000, 0x00000000e1880000, 0x00000000e1880000)
  from space 1088K,  73% used [0x00000000e1880000, 0x00000000e1947298, 0x00000000e1990000)
  to   space 1088K,   0% used [0x00000000e1990000, 0x00000000e1990000, 0x00000000e1aa0000)
 concurrent mark-sweep generation total 118492K, used 67894K [0x00000000eb4a0000, 0x00000000f2857000, 0x0000000100000000)
 Metaspace       used 95813K, capacity 100017K, committed 100352K, reserved 1136640K
  class space    used 11691K, capacity 12469K, committed 12544K, reserved 1048576K
2019-06-25T06:29:41.560+0000: 339401.470: [GC (Allocation Failure) 2019-06-25T06:29:41.561+0000: 339401.470: [ParNew: 9500K->861K(9792K), 0.0262480 secs] 77395K->68756K(128284K), 0.0270566 secs] [Times: user=0.05 sys=0.00, real=0.02 secs] 
Heap after GC invocations=4943 (full 141):
 par new generation   total 9792K, used 861K [0x00000000e1000000, 0x00000000e1aa0000, 0x00000000eb4a0000)
  eden space 8704K,   0% used [0x00000000e1000000, 0x00000000e1000000, 0x00000000e1880000)
  from space 1088K,  79% used [0x00000000e1990000, 0x00000000e1a676f0, 0x00000000e1aa0000)
  to   space 1088K,   0% used [0x00000000e1880000, 0x00000000e1880000, 0x00000000e1990000)
 concurrent mark-sweep generation total 118492K, used 67895K [0x00000000eb4a0000, 0x00000000f2857000, 0x0000000100000000)
 Metaspace       used 95813K, capacity 100017K, committed 100352K, reserved 1136640K
  class space    used 11691K, capacity 12469K, committed 12544K, reserved 1048576K
}
2019-06-25T06:31:21.267+0000: 339501.177: Application time: 99.6790153 seconds
{Heap before GC invocations=4943 (full 141):
 par new generation   total 9792K, used 9565K [0x00000000e1000000, 0x00000000e1aa0000, 0x00000000eb4a0000)
  eden space 8704K, 100% used [0x00000000e1000000, 0x00000000e1880000, 0x00000000e1880000)
  from space 1088K,  79% used [0x00000000e1990000, 0x00000000e1a676f0, 0x00000000e1aa0000)
  to   space 1088K,   0% used [0x00000000e1880000, 0x00000000e1880000, 0x00000000e1990000)
 concurrent mark-sweep generation total 118492K, used 67895K [0x00000000eb4a0000, 0x00000000f2857000, 0x0000000100000000)
 Metaspace       used 95813K, capacity 100017K, committed 100352K, reserved 1136640K
  class space    used 11691K, capacity 12469K, committed 12544K, reserved 1048576K
2019-06-25T06:31:21.268+0000: 339501.178: [GC (Allocation Failure) 2019-06-25T06:31:21.268+0000: 339501.178: [ParNew: 9565K->676K(9792K), 0.0032909 secs] 77460K->68571K(128284K), 0.0041520 secs] [Times: user=0.00 sys=0.01, real=0.01 secs] 
Heap after GC invocations=4944 (full 141):
 par new generation   total 9792K, used 676K [0x00000000e1000000, 0x00000000e1aa0000, 0x00000000eb4a0000)
  eden space 8704K,   0% used [0x00000000e1000000, 0x00000000e1000000, 0x00000000e1880000)
  from space 1088K,  62% used [0x00000000e1880000, 0x00000000e1929368, 0x00000000e1990000)
  to   space 1088K,   0% used [0x00000000e1990000, 0x00000000e1990000, 0x00000000e1aa0000)
 concurrent mark-sweep generation total 118492K, used 67895K [0x00000000eb4a0000, 0x00000000f2857000, 0x0000000100000000)
 Metaspace       used 95813K, capacity 100017K, committed 100352K, reserved 1136640K
  class space    used 11691K, capacity 12469K, committed 12544K, reserved 1048576K
}
2019-06-25T06:32:39.283+0000: 339579.193: Application time: 78.0102924 seconds
2019-06-25T06:33:03.223+0000: 339603.132: Application time: 23.9390229 seconds
{Heap before GC invocations=4944 (full 141):
 par new generation   total 9792K, used 9380K [0x00000000e1000000, 0x00000000e1aa0000, 0x00000000eb4a0000)
  eden space 8704K, 100% used [0x00000000e1000000, 0x00000000e1880000, 0x00000000e1880000)
  from space 1088K,  62% used [0x00000000e1880000, 0x00000000e1929368, 0x00000000e1990000)
  to   space 1088K,   0% used [0x00000000e1990000, 0x00000000e1990000, 0x00000000e1aa0000)
 concurrent mark-sweep generation total 118492K, used 67895K [0x00000000eb4a0000, 0x00000000f2857000, 0x0000000100000000)
 Metaspace       used 95813K, capacity 100017K, committed 100352K, reserved 1136640K
  class space    used 11691K, capacity 12469K, committed 12544K, reserved 1048576K
2019-06-25T06:33:03.223+0000: 339603.133: [GC (Allocation Failure) 2019-06-25T06:33:03.224+0000: 339603.133: [ParNew: 9380K->829K(9792K), 0.0032924 secs] 77275K->68725K(128284K), 0.0040987 secs] [Times: user=0.00 sys=0.01, real=0.00 secs] 
Heap after GC invocations=4945 (full 141):
 par new generation   total 9792K, used 829K [0x00000000e1000000, 0x00000000e1aa0000, 0x00000000eb4a0000)
  eden space 8704K,   0% used [0x00000000e1000000, 0x00000000e1000000, 0x00000000e1880000)
  from space 1088K,  76% used [0x00000000e1990000, 0x00000000e1a5f638, 0x00000000e1aa0000)
  to   space 1088K,   0% used [0x00000000e1880000, 0x00000000e1880000, 0x00000000e1990000)
 concurrent mark-sweep generation total 118492K, used 67895K [0x00000000eb4a0000, 0x00000000f2857000, 0x0000000100000000)
 Metaspace       used 95813K, capacity 100017K, committed 100352K, reserved 1136640K
  class space    used 11691K, capacity 12469K, committed 12544K, reserved 1048576K
}
2019-06-25T06:33:09.114+0000: 339609.024: Application time: 5.8859970 seconds
2019-06-25T06:33:09.116+0000: 339609.026: Application time: 0.0015420 seconds
2019-06-25T06:34:09.648+0000: 339669.558: Application time: 60.5320588 seconds
2019-06-25T06:34:16.039+0000: 339675.949: Application time: 6.3909383 seconds
{Heap before GC invocations=4945 (full 141):
 par new generation   total 9792K, used 9533K [0x00000000e1000000, 0x00000000e1aa0000, 0x00000000eb4a0000)
  eden space 8704K, 100% used [0x00000000e1000000, 0x00000000e1880000, 0x00000000e1880000)
  from space 1088K,  76% used [0x00000000e1990000, 0x00000000e1a5f638, 0x00000000e1aa0000)
  to   space 1088K,   0% used [0x00000000e1880000, 0x00000000e1880000, 0x00000000e1990000)
 concurrent mark-sweep generation total 118492K, used 67895K [0x00000000eb4a0000, 0x00000000f2857000, 0x0000000100000000)
 Metaspace       used 95813K, capacity 100017K, committed 100352K, reserved 1136640K
  class space    used 11691K, capacity 12469K, committed 12544K, reserved 1048576K
2019-06-25T06:34:16.040+0000: 339675.950: [GC (Allocation Failure) 2019-06-25T06:34:16.041+0000: 339675.950: [ParNew: 9533K->744K(9792K), 0.0109521 secs] 77429K->68655K(128284K), 0.0117660 secs] [Times: user=0.02 sys=0.00, real=0.01 secs] 
Heap after GC invocations=4946 (full 141):
 par new generation   total 9792K, used 744K [0x00000000e1000000, 0x00000000e1aa0000, 0x00000000eb4a0000)
  eden space 8704K,   0% used [0x00000000e1000000, 0x00000000e1000000, 0x00000000e1880000)
  from space 1088K,  68% used [0x00000000e1880000, 0x00000000e193a2c8, 0x00000000e1990000)
  to   space 1088K,   0% used [0x00000000e1990000, 0x00000000e1990000, 0x00000000e1aa0000)
 concurrent mark-sweep generation total 118492K, used 67910K [0x00000000eb4a0000, 0x00000000f2857000, 0x0000000100000000)
 Metaspace       used 95813K, capacity 100017K, committed 100352K, reserved 1136640K
  class space    used 11691K, capacity 12469K, committed 12544K, reserved 1048576K
}
2019-06-25T06:34:21.003+0000: 339680.913: Application time: 4.9499589 seconds
2019-06-25T06:34:21.065+0000: 339680.975: Application time: 0.0618482 seconds
2019-06-25T06:34:25.586+0000: 339685.496: Application time: 4.5210403 seconds
2019-06-25T06:34:25.589+0000: 339685.499: Application time: 0.0005824 seconds
2019-06-25T06:34:25.603+0000: 339685.513: Application time: 0.0000876 seconds
2019-06-25T06:34:25.604+0000: 339685.513: Application time: 0.0000899 seconds
2019-06-25T06:34:25.604+0000: 339685.514: Application time: 0.0000623 seconds
2019-06-25T06:34:25.604+0000: 339685.514: Application time: 0.0000610 seconds
2019-06-25T06:34:25.604+0000: 339685.514: Application time: 0.0000625 seconds
2019-06-25T06:34:29.686+0000: 339689.596: Application time: 4.0819908 seconds
2019-06-25T06:34:29.692+0000: 339689.602: Application time: 0.0000723 seconds
2019-06-25T06:34:29.708+0000: 339689.618: Application time: 0.0000844 seconds
2019-06-25T06:34:29.709+0000: 339689.618: Application time: 0.0000855 seconds
2019-06-25T06:34:29.709+0000: 339689.619: Application time: 0.0000613 seconds
2019-06-25T06:34:29.709+0000: 339689.619: Application time: 0.0000591 seconds
2019-06-25T06:34:29.709+0000: 339689.619: Application time: 0.0000644 seconds
2019-06-25T06:34:34.710+0000: 339694.620: Application time: 5.0006635 seconds
2019-06-25T06:34:34.745+0000: 339694.655: Application time: 0.0347029 seconds
2019-06-25T06:34:40.562+0000: 339700.471: Application time: 5.8162461 seconds
2019-06-25T06:34:40.562+0000: 339700.472: Application time: 0.0000688 seconds
2019-06-25T06:34:40.563+0000: 339700.472: Application time: 0.0000788 seconds
2019-06-25T06:34:40.563+0000: 339700.473: Application time: 0.0000578 seconds
2019-06-25T06:34:40.563+0000: 339700.473: Application time: 0.0000586 seconds
2019-06-25T06:34:40.563+0000: 339700.473: Application time: 0.0000634 seconds
2019-06-25T06:34:40.566+0000: 339700.476: Application time: 0.0020862 seconds
{Heap before GC invocations=4946 (full 141):
 par new generation   total 9792K, used 9446K [0x00000000e1000000, 0x00000000e1aa0000, 0x00000000eb4a0000)
  eden space 8704K,  99% used [0x00000000e1000000, 0x00000000e187f868, 0x00000000e1880000)
  from space 1088K,  68% used [0x00000000e1880000, 0x00000000e193a2c8, 0x00000000e1990000)
  to   space 1088K,   0% used [0x00000000e1990000, 0x00000000e1990000, 0x00000000e1aa0000)
 concurrent mark-sweep generation total 118492K, used 67910K [0x00000000eb4a0000, 0x00000000f2857000, 0x0000000100000000)
 Metaspace       used 95813K, capacity 100017K, committed 100352K, reserved 1136640K
  class space    used 11691K, capacity 12469K, committed 12544K, reserved 1048576K
2019-06-25T06:34:40.566+0000: 339700.476: [GC (Allocation Failure) 2019-06-25T06:34:40.567+0000: 339700.476: [ParNew: 9446K->1088K(9792K), 0.0255155 secs] 77357K->69172K(128284K), 0.0261846 secs] [Times: user=0.05 sys=0.00, real=0.03 secs] 
Heap after GC invocations=4947 (full 141):
 par new generation   total 9792K, used 1088K [0x00000000e1000000, 0x00000000e1aa0000, 0x00000000eb4a0000)
  eden space 8704K,   0% used [0x00000000e1000000, 0x00000000e1000000, 0x00000000e1880000)
  from space 1088K, 100% used [0x00000000e1990000, 0x00000000e1aa0000, 0x00000000e1aa0000)
  to   space 1088K,   0% used [0x00000000e1880000, 0x00000000e1880000, 0x00000000e1990000)
 concurrent mark-sweep generation total 118492K, used 68084K [0x00000000eb4a0000, 0x00000000f2857000, 0x0000000100000000)
 Metaspace       used 95813K, capacity 100017K, committed 100352K, reserved 1136640K
  class space    used 11691K, capacity 12469K, committed 12544K, reserved 1048576K
}
2019-06-25T06:34:42.769+0000: 339702.679: Application time: 2.1757197 seconds
2019-06-25T06:34:42.769+0000: 339702.679: Application time: 0.0000703 seconds
2019-06-25T06:34:42.770+0000: 339702.679: Application time: 0.0000643 seconds
2019-06-25T06:34:42.770+0000: 339702.680: Application time: 0.0000595 seconds
2019-06-25T06:34:42.771+0000: 339702.681: Application time: 0.0000692 seconds
2019-06-25T06:34:42.771+0000: 339702.681: Application time: 0.0000607 seconds
2019-06-25T06:34:42.771+0000: 339702.681: Application time: 0.0000645 seconds
2019-06-25T06:34:42.771+0000: 339702.681: Application time: 0.0001332 seconds
2019-06-25T06:34:42.772+0000: 339702.681: Application time: 0.0001456 seconds
2019-06-25T06:34:42.776+0000: 339702.686: Application time: 0.0039020 seconds
2019-06-25T06:34:42.776+0000: 339702.686: Application time: 0.0000671 seconds
2019-06-25T06:34:42.776+0000: 339702.686: Application time: 0.0000616 seconds
2019-06-25T06:34:42.776+0000: 339702.686: Application time: 0.0000582 seconds
2019-06-25T06:34:42.777+0000: 339702.686: Application time: 0.0000568 seconds
2019-06-25T06:34:42.777+0000: 339702.687: Application time: 0.0000601 seconds
2019-06-25T06:34:42.777+0000: 339702.687: Application time: 0.0000907 seconds
2019-06-25T06:34:42.777+0000: 339702.687: Application time: 0.0001376 seconds
2019-06-25T06:34:47.122+0000: 339707.032: Application time: 4.3450028 seconds
2019-06-25T06:34:47.148+0000: 339707.057: Application time: 0.0247178 seconds
2019-06-25T06:34:48.036+0000: 339707.946: Application time: 0.8885959 seconds
2019-06-25T06:34:48.037+0000: 339707.947: Application time: 0.0001094 seconds
2019-06-25T06:34:48.786+0000: 339708.696: Application time: 0.7487280 seconds
2019-06-25T06:34:48.787+0000: 339708.697: Application time: 0.0001941 seconds
2019-06-25T06:34:52.790+0000: 339712.699: Application time: 4.0026770 seconds
2019-06-25T06:34:52.790+0000: 339712.700: Application time: 0.0000606 seconds
2019-06-25T06:34:52.790+0000: 339712.700: Application time: 0.0000612 seconds
2019-06-25T06:34:52.790+0000: 339712.700: Application time: 0.0000563 seconds
2019-06-25T06:34:52.791+0000: 339712.700: Application time: 0.0000570 seconds
2019-06-25T06:34:52.791+0000: 339712.701: Application time: 0.0000973 seconds
2019-06-25T06:34:52.791+0000: 339712.701: Application time: 0.0001790 seconds
2019-06-25T06:34:52.792+0000: 339712.701: Application time: 0.0007329 seconds
2019-06-25T06:34:53.038+0000: 339712.948: Application time: 0.2458039 seconds
2019-06-25T06:34:53.064+0000: 339712.974: Application time: 0.0255957 seconds
2019-06-25T06:35:08.840+0000: 339728.749: Application time: 15.7750636 seconds
2019-06-25T06:35:08.906+0000: 339728.816: Application time: 0.0657815 seconds
{Heap before GC invocations=4947 (full 141):
 par new generation   total 9792K, used 9792K [0x00000000e1000000, 0x00000000e1aa0000, 0x00000000eb4a0000)
  eden space 8704K, 100% used [0x00000000e1000000, 0x00000000e1880000, 0x00000000e1880000)
  from space 1088K, 100% used [0x00000000e1990000, 0x00000000e1aa0000, 0x00000000e1aa0000)
  to   space 1088K,   0% used [0x00000000e1880000, 0x00000000e1880000, 0x00000000e1990000)
 concurrent mark-sweep generation total 118492K, used 68084K [0x00000000eb4a0000, 0x00000000f2857000, 0x0000000100000000)
 Metaspace       used 95813K, capacity 100017K, committed 100352K, reserved 1136640K
  class space    used 11691K, capacity 12469K, committed 12544K, reserved 1048576K
2019-06-25T06:35:08.906+0000: 339728.816: [GC (Allocation Failure) 2019-06-25T06:35:08.907+0000: 339728.817: [ParNew: 9792K->1088K(9792K), 0.0270392 secs] 77876K->69541K(128284K), 0.0279584 secs] [Times: user=0.06 sys=0.00, real=0.03 secs] 
Heap after GC invocations=4948 (full 141):
 par new generation   total 9792K, used 1088K [0x00000000e1000000, 0x00000000e1aa0000, 0x00000000eb4a0000)
  eden space 8704K,   0% used [0x00000000e1000000, 0x00000000e1000000, 0x00000000e1880000)
  from space 1088K, 100% used [0x00000000e1880000, 0x00000000e1990000, 0x00000000e1990000)
  to   space 1088K,   0% used [0x00000000e1990000, 0x00000000e1990000, 0x00000000e1aa0000)
 concurrent mark-sweep generation total 118492K, used 68453K [0x00000000eb4a0000, 0x00000000f2857000, 0x0000000100000000)
 Metaspace       used 95813K, capacity 100017K, committed 100352K, reserved 1136640K
  class space    used 11691K, capacity 12469K, committed 12544K, reserved 1048576K
}
2019-06-25T06:35:21.345+0000: 339741.255: Application time: 12.4095904 seconds
2019-06-25T06:35:39.347+0000: 339759.257: Application time: 18.0022558 seconds
2019-06-25T06:36:08.620+0000: 339788.530: Application time: 29.2726508 seconds
2019-06-25T06:36:08.622+0000: 339788.532: Application time: 0.0015340 seconds
2019-06-25T06:36:51.353+0000: 339831.263: Application time: 42.7300788 seconds
{Heap before GC invocations=4948 (full 141):
 par new generation   total 9792K, used 9792K [0x00000000e1000000, 0x00000000e1aa0000, 0x00000000eb4a0000)
  eden space 8704K, 100% used [0x00000000e1000000, 0x00000000e1880000, 0x00000000e1880000)
  from space 1088K, 100% used [0x00000000e1880000, 0x00000000e1990000, 0x00000000e1990000)
  to   space 1088K,   0% used [0x00000000e1990000, 0x00000000e1990000, 0x00000000e1aa0000)
 concurrent mark-sweep generation total 118492K, used 68453K [0x00000000eb4a0000, 0x00000000f2857000, 0x0000000100000000)
 Metaspace       used 95813K, capacity 100017K, committed 100352K, reserved 1136640K
  class space    used 11691K, capacity 12469K, committed 12544K, reserved 1048576K
2019-06-25T06:36:51.353+0000: 339831.263: [GC (Allocation Failure) 2019-06-25T06:36:51.354+0000: 339831.264: [ParNew: 9792K->1059K(9792K), 0.0394040 secs] 78245K->69887K(128284K), 0.0404333 secs] [Times: user=0.08 sys=0.00, real=0.04 secs] 
Heap after GC invocations=4949 (full 141):
 par new generation   total 9792K, used 1059K [0x00000000e1000000, 0x00000000e1aa0000, 0x00000000eb4a0000)
  eden space 8704K,   0% used [0x00000000e1000000, 0x00000000e1000000, 0x00000000e1880000)
  from space 1088K,  97% used [0x00000000e1990000, 0x00000000e1a98e38, 0x00000000e1aa0000)
  to   space 1088K,   0% used [0x00000000e1880000, 0x00000000e1880000, 0x00000000e1990000)
 concurrent mark-sweep generation total 118492K, used 68827K [0x00000000eb4a0000, 0x00000000f2857000, 0x0000000100000000)
 Metaspace       used 95813K, capacity 100017K, committed 100352K, reserved 1136640K
  class space    used 11691K, capacity 12469K, committed 12544K, reserved 1048576K
}
2019-06-25T06:37:22.399+0000: 339862.309: Application time: 31.0046452 seconds
2019-06-25T06:37:38.811+0000: 339878.721: Application time: 16.4113287 seconds
2019-06-25T06:37:38.811+0000: 339878.721: Application time: 0.0000731 seconds
2019-06-25T06:37:38.813+0000: 339878.723: Application time: 0.0013961 seconds
2019-06-25T06:37:43.440+0000: 339883.350: Application time: 4.6264986 seconds
2019-06-25T06:37:43.464+0000: 339883.374: Application time: 0.0239405 seconds
2019-06-25T06:38:08.635+0000: 339908.545: Application time: 25.1705333 seconds
{Heap before GC invocations=4949 (full 141):
 par new generation   total 9792K, used 9758K [0x00000000e1000000, 0x00000000e1aa0000, 0x00000000eb4a0000)
  eden space 8704K,  99% used [0x00000000e1000000, 0x00000000e187ed10, 0x00000000e1880000)
  from space 1088K,  97% used [0x00000000e1990000, 0x00000000e1a98e38, 0x00000000e1aa0000)
  to   space 1088K,   0% used [0x00000000e1880000, 0x00000000e1880000, 0x00000000e1990000)
 concurrent mark-sweep generation total 118492K, used 68827K [0x00000000eb4a0000, 0x00000000f2857000, 0x0000000100000000)
 Metaspace       used 95813K, capacity 100017K, committed 100352K, reserved 1136640K
  class space    used 11691K, capacity 12469K, committed 12544K, reserved 1048576K
2019-06-25T06:38:08.635+0000: 339908.545: [GC (Allocation Failure) 2019-06-25T06:38:08.636+0000: 339908.546: [ParNew: 9758K->595K(9792K), 0.0251440 secs] 78586K->69736K(128284K), 0.0260188 secs] [Times: user=0.04 sys=0.00, real=0.03 secs] 
Heap after GC invocations=4950 (full 141):
 par new generation   total 9792K, used 595K [0x00000000e1000000, 0x00000000e1aa0000, 0x00000000eb4a0000)
  eden space 8704K,   0% used [0x00000000e1000000, 0x00000000e1000000, 0x00000000e1880000)
  from space 1088K,  54% used [0x00000000e1880000, 0x00000000e1914d38, 0x00000000e1990000)
  to   space 1088K,   0% used [0x00000000e1990000, 0x00000000e1990000, 0x00000000e1aa0000)
 concurrent mark-sweep generation total 118492K, used 69140K [0x00000000eb4a0000, 0x00000000f2857000, 0x0000000100000000)
 Metaspace       used 95813K, capacity 100017K, committed 100352K, reserved 1136640K
  class space    used 11691K, capacity 12469K, committed 12544K, reserved 1048576K
}
2019-06-25T06:38:18.018+0000: 339917.928: Application time: 9.3558174 seconds
2019-06-25T06:38:18.018+0000: 339917.928: Application time: 0.0000827 seconds
2019-06-25T06:38:18.018+0000: 339917.928: Application time: 0.0000595 seconds
2019-06-25T06:38:18.019+0000: 339917.928: Application time: 0.0000539 seconds
2019-06-25T06:38:18.020+0000: 339917.929: Application time: 0.0001233 seconds
2019-06-25T06:38:18.020+0000: 339917.930: Application time: 0.0001343 seconds
2019-06-25T06:38:18.020+0000: 339917.930: Application time: 0.0002616 seconds
2019-06-25T06:38:18.021+0000: 339917.930: Application time: 0.0001469 seconds
2019-06-25T06:38:18.041+0000: 339917.951: Application time: 0.0208149 seconds
2019-06-25T06:38:18.042+0000: 339917.952: Application time: 0.0000828 seconds
2019-06-25T06:38:18.043+0000: 339917.953: Application time: 0.0000864 seconds
2019-06-25T06:38:18.043+0000: 339917.953: Application time: 0.0000774 seconds
2019-06-25T06:38:18.044+0000: 339917.953: Application time: 0.0000571 seconds
2019-06-25T06:38:18.044+0000: 339917.954: Application time: 0.0000628 seconds
2019-06-25T06:38:18.045+0000: 339917.954: Application time: 0.0001987 seconds
2019-06-25T06:38:18.045+0000: 339917.955: Application time: 0.0001225 seconds
2019-06-25T06:38:22.857+0000: 339922.766: Application time: 4.8116104 seconds
2019-06-25T06:38:22.892+0000: 339922.802: Application time: 0.0352050 seconds
2019-06-25T06:38:38.819+0000: 339938.729: Application time: 15.9267409 seconds
2019-06-25T06:38:38.820+0000: 339938.729: Application time: 0.0001769 seconds
2019-06-25T06:38:51.407+0000: 339951.317: Application time: 12.5874858 seconds
2019-06-25T06:39:08.869+0000: 339968.779: Application time: 17.4612519 seconds
2019-06-25T06:39:10.178+0000: 339970.088: Application time: 1.3091416 seconds
2019-06-25T06:39:21.411+0000: 339981.320: Application time: 11.2322816 seconds
{Heap before GC invocations=4950 (full 141):
 par new generation   total 9792K, used 9299K [0x00000000e1000000, 0x00000000e1aa0000, 0x00000000eb4a0000)
  eden space 8704K, 100% used [0x00000000e1000000, 0x00000000e1880000, 0x00000000e1880000)
  from space 1088K,  54% used [0x00000000e1880000, 0x00000000e1914d38, 0x00000000e1990000)
  to   space 1088K,   0% used [0x00000000e1990000, 0x00000000e1990000, 0x00000000e1aa0000)
 concurrent mark-sweep generation total 118492K, used 69140K [0x00000000eb4a0000, 0x00000000f2857000, 0x0000000100000000)
 Metaspace       used 95813K, capacity 100017K, committed 100352K, reserved 1136640K
  class space    used 11691K, capacity 12469K, committed 12544K, reserved 1048576K
2019-06-25T06:39:21.412+0000: 339981.321: [GC (Allocation Failure) 2019-06-25T06:39:21.412+0000: 339981.322: [ParNew: 9299K->677K(9792K), 0.0234671 secs] 78440K->69818K(128284K), 0.0241552 secs] [Times: user=0.02 sys=0.01, real=0.02 secs] 
Heap after GC invocations=4951 (full 141):
 par new generation   total 9792K, used 677K [0x00000000e1000000, 0x00000000e1aa0000, 0x00000000eb4a0000)
  eden space 8704K,   0% used [0x00000000e1000000, 0x00000000e1000000, 0x00000000e1880000)
  from space 1088K,  62% used [0x00000000e1990000, 0x00000000e1a39630, 0x00000000e1aa0000)
  to   space 1088K,   0% used [0x00000000e1880000, 0x00000000e1880000, 0x00000000e1990000)
 concurrent mark-sweep generation total 118492K, used 69140K [0x00000000eb4a0000, 0x00000000f2857000, 0x0000000100000000)
 Metaspace       used 95813K, capacity 100017K, committed 100352K, reserved 1136640K
  class space    used 11691K, capacity 12469K, committed 12544K, reserved 1048576K
}
2019-06-25T06:39:39.438+0000: 339999.348: Application time: 18.0022175 seconds
2019-06-25T06:40:09.442+0000: 340029.352: Application time: 30.0036016 seconds
2019-06-25T06:40:58.934+0000: 340078.843: Application time: 49.4909758 seconds
{Heap before GC invocations=4951 (full 141):
 par new generation   total 9792K, used 9381K [0x00000000e1000000, 0x00000000e1aa0000, 0x00000000eb4a0000)
  eden space 8704K,  99% used [0x00000000e1000000, 0x00000000e187fee0, 0x00000000e1880000)
  from space 1088K,  62% used [0x00000000e1990000, 0x00000000e1a39630, 0x00000000e1aa0000)
  to   space 1088K,   0% used [0x00000000e1880000, 0x00000000e1880000, 0x00000000e1990000)
 concurrent mark-sweep generation total 118492K, used 69140K [0x00000000eb4a0000, 0x00000000f2857000, 0x0000000100000000)
 Metaspace       used 95813K, capacity 100017K, committed 100352K, reserved 1136640K
  class space    used 11691K, capacity 12469K, committed 12544K, reserved 1048576K
2019-06-25T06:40:58.934+0000: 340078.844: [GC (Allocation Failure) 2019-06-25T06:40:58.935+0000: 340078.844: [ParNew: 9381K->978K(9792K), 0.0048491 secs] 78522K->70119K(128284K), 0.0057772 secs] [Times: user=0.00 sys=0.00, real=0.01 secs] 
Heap after GC invocations=4952 (full 141):
 par new generation   total 9792K, used 978K [0x00000000e1000000, 0x00000000e1aa0000, 0x00000000eb4a0000)
  eden space 8704K,   0% used [0x00000000e1000000, 0x00000000e1000000, 0x00000000e1880000)
  from space 1088K,  89% used [0x00000000e1880000, 0x00000000e1974a98, 0x00000000e1990000)
  to   space 1088K,   0% used [0x00000000e1990000, 0x00000000e1990000, 0x00000000e1aa0000)
 concurrent mark-sweep generation total 118492K, used 69140K [0x00000000eb4a0000, 0x00000000f2857000, 0x0000000100000000)
 Metaspace       used 95813K, capacity 100017K, committed 100352K, reserved 1136640K
  class space    used 11691K, capacity 12469K, committed 12544K, reserved 1048576K
}
2019-06-25T06:40:59.236+0000: 340079.146: Application time: 0.2952834 seconds
2019-06-25T06:40:59.237+0000: 340079.146: Application time: 0.0002073 seconds
2019-06-25T06:40:59.237+0000: 340079.147: Application time: 0.0001677 seconds
2019-06-25T06:40:59.237+0000: 340079.147: Application time: 0.0001781 seconds
2019-06-25T06:40:59.238+0000: 340079.148: Application time: 0.0000867 seconds
2019-06-25T06:40:59.238+0000: 340079.148: Application time: 0.0000692 seconds
2019-06-25T06:41:03.931+0000: 340083.840: Application time: 4.6920007 seconds
2019-06-25T06:41:03.965+0000: 340083.874: Application time: 0.0336477 seconds
2019-06-25T06:41:08.836+0000: 340088.745: Application time: 4.8705018 seconds
2019-06-25T06:41:08.837+0000: 340088.747: Application time: 0.0014152 seconds
2019-06-25T06:42:20.318+0000: 340160.228: Application time: 71.4804828 seconds
{Heap before GC invocations=4952 (full 141):
 par new generation   total 9792K, used 9682K [0x00000000e1000000, 0x00000000e1aa0000, 0x00000000eb4a0000)
  eden space 8704K, 100% used [0x00000000e1000000, 0x00000000e1880000, 0x00000000e1880000)
  from space 1088K,  89% used [0x00000000e1880000, 0x00000000e1974a98, 0x00000000e1990000)
  to   space 1088K,   0% used [0x00000000e1990000, 0x00000000e1990000, 0x00000000e1aa0000)
 concurrent mark-sweep generation total 118492K, used 69140K [0x00000000eb4a0000, 0x00000000f2857000, 0x0000000100000000)
 Metaspace       used 95813K, capacity 100017K, committed 100352K, reserved 1136640K
  class space    used 11691K, capacity 12469K, committed 12544K, reserved 1048576K
2019-06-25T06:42:20.319+0000: 340160.229: [GC (Allocation Failure) 2019-06-25T06:42:20.319+0000: 340160.229: [ParNew: 9682K->791K(9792K), 0.0224833 secs] 78823K->70239K(128284K), 0.0233963 secs] [Times: user=0.04 sys=0.00, real=0.02 secs] 
Heap after GC invocations=4953 (full 141):
 par new generation   total 9792K, used 791K [0x00000000e1000000, 0x00000000e1aa0000, 0x00000000eb4a0000)
  eden space 8704K,   0% used [0x00000000e1000000, 0x00000000e1000000, 0x00000000e1880000)
  from space 1088K,  72% used [0x00000000e1990000, 0x00000000e1a55e98, 0x00000000e1aa0000)
  to   space 1088K,   0% used [0x00000000e1880000, 0x00000000e1880000, 0x00000000e1990000)
 concurrent mark-sweep generation total 118492K, used 69447K [0x00000000eb4a0000, 0x00000000f2857000, 0x0000000100000000)
 Metaspace       used 95813K, capacity 100017K, committed 100352K, reserved 1136640K
  class space    used 11691K, capacity 12469K, committed 12544K, reserved 1048576K
}
2019-06-25T06:42:21.345+0000: 340161.254: Application time: 1.0014537 seconds
2019-06-25T06:42:21.345+0000: 340161.255: Application time: 0.0002543 seconds
2019-06-25T06:42:21.346+0000: 340161.256: Application time: 0.0002019 seconds
2019-06-25T06:44:03.433+0000: 340263.343: Application time: 102.0866462 seconds
{Heap before GC invocations=4953 (full 141):
 par new generation   total 9792K, used 9495K [0x00000000e1000000, 0x00000000e1aa0000, 0x00000000eb4a0000)
  eden space 8704K, 100% used [0x00000000e1000000, 0x00000000e1880000, 0x00000000e1880000)
  from space 1088K,  72% used [0x00000000e1990000, 0x00000000e1a55e98, 0x00000000e1aa0000)
  to   space 1088K,   0% used [0x00000000e1880000, 0x00000000e1880000, 0x00000000e1990000)
 concurrent mark-sweep generation total 118492K, used 69447K [0x00000000eb4a0000, 0x00000000f2857000, 0x0000000100000000)
 Metaspace       used 95813K, capacity 100017K, committed 100352K, reserved 1136640K
  class space    used 11691K, capacity 12469K, committed 12544K, reserved 1048576K
2019-06-25T06:44:03.451+0000: 340263.361: [GC (Allocation Failure) 2019-06-25T06:44:03.452+0000: 340263.362: [ParNew: 9495K->572K(9792K), 0.0034607 secs] 78943K->70188K(128284K), 0.0044594 secs] [Times: user=0.00 sys=0.01, real=0.00 secs] 
Heap after GC invocations=4954 (full 141):
 par new generation   total 9792K, used 572K [0x00000000e1000000, 0x00000000e1aa0000, 0x00000000eb4a0000)
  eden space 8704K,   0% used [0x00000000e1000000, 0x00000000e1000000, 0x00000000e1880000)
  from space 1088K,  52% used [0x00000000e1880000, 0x00000000e190f1c8, 0x00000000e1990000)
  to   space 1088K,   0% used [0x00000000e1990000, 0x00000000e1990000, 0x00000000e1aa0000)
 concurrent mark-sweep generation total 118492K, used 69615K [0x00000000eb4a0000, 0x00000000f2857000, 0x0000000100000000)
 Metaspace       used 95813K, capacity 100017K, committed 100352K, reserved 1136640K
  class space    used 11691K, capacity 12469K, committed 12544K, reserved 1048576K
}
2019-06-25T06:44:10.205+0000: 340270.115: Application time: 6.7481997 seconds
2019-06-25T06:45:39.212+0000: 340359.121: Application time: 89.0065476 seconds
{Heap before GC invocations=4954 (full 141):
 par new generation   total 9792K, used 9270K [0x00000000e1000000, 0x00000000e1aa0000, 0x00000000eb4a0000)
  eden space 8704K,  99% used [0x00000000e1000000, 0x00000000e187e848, 0x00000000e1880000)
  from space 1088K,  52% used [0x00000000e1880000, 0x00000000e190f1c8, 0x00000000e1990000)
  to   space 1088K,   0% used [0x00000000e1990000, 0x00000000e1990000, 0x00000000e1aa0000)
 concurrent mark-sweep generation total 118492K, used 69615K [0x00000000eb4a0000, 0x00000000f2857000, 0x0000000100000000)
 Metaspace       used 95813K, capacity 100017K, committed 100352K, reserved 1136640K
  class space    used 11691K, capacity 12469K, committed 12544K, reserved 1048576K
2019-06-25T06:45:39.222+0000: 340359.132: [GC (Allocation Failure) 2019-06-25T06:45:39.222+0000: 340359.132: [ParNew: 9270K->635K(9792K), 0.0034706 secs] 78886K->70251K(128284K), 0.0042287 secs] [Times: user=0.00 sys=0.00, real=0.00 secs] 
Heap after GC invocations=4955 (full 141):
 par new generation   total 9792K, used 635K [0x00000000e1000000, 0x00000000e1aa0000, 0x00000000eb4a0000)
  eden space 8704K,   0% used [0x00000000e1000000, 0x00000000e1000000, 0x00000000e1880000)
  from space 1088K,  58% used [0x00000000e1990000, 0x00000000e1a2ef10, 0x00000000e1aa0000)
  to   space 1088K,   0% used [0x00000000e1880000, 0x00000000e1880000, 0x00000000e1990000)
 concurrent mark-sweep generation total 118492K, used 69615K [0x00000000eb4a0000, 0x00000000f2857000, 0x0000000100000000)
 Metaspace       used 95813K, capacity 100017K, committed 100352K, reserved 1136640K
  class space    used 11691K, capacity 12469K, committed 12544K, reserved 1048576K
}
2019-06-25T06:47:21.481+0000: 340461.390: Application time: 102.2536205 seconds
{Heap before GC invocations=4955 (full 141):
 par new generation   total 9792K, used 9339K [0x00000000e1000000, 0x00000000e1aa0000, 0x00000000eb4a0000)
  eden space 8704K, 100% used [0x00000000e1000000, 0x00000000e1880000, 0x00000000e1880000)
  from space 1088K,  58% used [0x00000000e1990000, 0x00000000e1a2ef10, 0x00000000e1aa0000)
  to   space 1088K,   0% used [0x00000000e1880000, 0x00000000e1880000, 0x00000000e1990000)
 concurrent mark-sweep generation total 118492K, used 69615K [0x00000000eb4a0000, 0x00000000f2857000, 0x0000000100000000)
 Metaspace       used 95814K, capacity 100017K, committed 100352K, reserved 1136640K
  class space    used 11691K, capacity 12469K, committed 12544K, reserved 1048576K
2019-06-25T06:47:21.481+0000: 340461.391: [GC (Allocation Failure) 2019-06-25T06:47:21.482+0000: 340461.391: [ParNew: 9339K->623K(9792K), 0.0035382 secs] 78955K->70366K(128284K), 0.0042792 secs] [Times: user=0.00 sys=0.00, real=0.00 secs] 
Heap after GC invocations=4956 (full 141):
 par new generation   total 9792K, used 623K [0x00000000e1000000, 0x00000000e1aa0000, 0x00000000eb4a0000)
  eden space 8704K,   0% used [0x00000000e1000000, 0x00000000e1000000, 0x00000000e1880000)
  from space 1088K,  57% used [0x00000000e1880000, 0x00000000e191bfb0, 0x00000000e1990000)
  to   space 1088K,   0% used [0x00000000e1990000, 0x00000000e1990000, 0x00000000e1aa0000)
 concurrent mark-sweep generation total 118492K, used 69742K [0x00000000eb4a0000, 0x00000000f2857000, 0x0000000100000000)
 Metaspace       used 95814K, capacity 100017K, committed 100352K, reserved 1136640K
  class space    used 11691K, capacity 12469K, committed 12544K, reserved 1048576K
}
2019-06-25T06:49:02.757+0000: 340562.666: Application time: 101.2702032 seconds
{Heap before GC invocations=4956 (full 141):
 par new generation   total 9792K, used 9327K [0x00000000e1000000, 0x00000000e1aa0000, 0x00000000eb4a0000)
  eden space 8704K, 100% used [0x00000000e1000000, 0x00000000e1880000, 0x00000000e1880000)
  from space 1088K,  57% used [0x00000000e1880000, 0x00000000e191bfb0, 0x00000000e1990000)
  to   space 1088K,   0% used [0x00000000e1990000, 0x00000000e1990000, 0x00000000e1aa0000)
 concurrent mark-sweep generation total 118492K, used 69742K [0x00000000eb4a0000, 0x00000000f2857000, 0x0000000100000000)
 Metaspace       used 95814K, capacity 100017K, committed 100352K, reserved 1136640K
  class space    used 11691K, capacity 12469K, committed 12544K, reserved 1048576K
2019-06-25T06:49:02.758+0000: 340562.667: [GC (Allocation Failure) 2019-06-25T06:49:02.758+0000: 340562.668: [ParNew: 9327K->785K(9792K), 0.0079428 secs] 79070K->70528K(128284K), 0.0087513 secs] [Times: user=0.01 sys=0.01, real=0.01 secs] 
Heap after GC invocations=4957 (full 141):
 par new generation   total 9792K, used 785K [0x00000000e1000000, 0x00000000e1aa0000, 0x00000000eb4a0000)
  eden space 8704K,   0% used [0x00000000e1000000, 0x00000000e1000000, 0x00000000e1880000)
  from space 1088K,  72% used [0x00000000e1990000, 0x00000000e1a547d0, 0x00000000e1aa0000)
  to   space 1088K,   0% used [0x00000000e1880000, 0x00000000e1880000, 0x00000000e1990000)
 concurrent mark-sweep generation total 118492K, used 69742K [0x00000000eb4a0000, 0x00000000f2857000, 0x0000000100000000)
 Metaspace       used 95814K, capacity 100017K, committed 100352K, reserved 1136640K
  class space    used 11691K, capacity 12469K, committed 12544K, reserved 1048576K
}
2019-06-25T06:49:09.742+0000: 340569.652: Application time: 6.9752892 seconds
2019-06-25T06:50:08.894+0000: 340628.804: Application time: 59.1516310 seconds
2019-06-25T06:50:08.895+0000: 340628.804: Application time: 0.0000730 seconds
2019-06-25T06:50:08.895+0000: 340628.805: Application time: 0.0000694 seconds
2019-06-25T06:50:08.896+0000: 340628.805: Application time: 0.0000635 seconds
2019-06-25T06:50:08.896+0000: 340628.806: Application time: 0.0000693 seconds
2019-06-25T06:50:08.896+0000: 340628.806: Application time: 0.0000551 seconds
2019-06-25T06:50:08.896+0000: 340628.806: Application time: 0.0000555 seconds
2019-06-25T06:50:08.896+0000: 340628.806: Application time: 0.0000585 seconds
2019-06-25T06:50:08.897+0000: 340628.806: Application time: 0.0001188 seconds
2019-06-25T06:50:41.877+0000: 340661.787: Application time: 32.9802002 seconds
{Heap before GC invocations=4957 (full 141):
 par new generation   total 9792K, used 9489K [0x00000000e1000000, 0x00000000e1aa0000, 0x00000000eb4a0000)
  eden space 8704K, 100% used [0x00000000e1000000, 0x00000000e1880000, 0x00000000e1880000)
  from space 1088K,  72% used [0x00000000e1990000, 0x00000000e1a547d0, 0x00000000e1aa0000)
  to   space 1088K,   0% used [0x00000000e1880000, 0x00000000e1880000, 0x00000000e1990000)
 concurrent mark-sweep generation total 118492K, used 69742K [0x00000000eb4a0000, 0x00000000f2857000, 0x0000000100000000)
 Metaspace       used 95814K, capacity 100017K, committed 100352K, reserved 1136640K
  class space    used 11691K, capacity 12469K, committed 12544K, reserved 1048576K
2019-06-25T06:50:41.878+0000: 340661.788: [GC (Allocation Failure) 2019-06-25T06:50:41.878+0000: 340661.788: [ParNew: 9489K->984K(9792K), 0.0376728 secs] 79232K->70797K(128284K), 0.0386008 secs] [Times: user=0.07 sys=0.00, real=0.04 secs] 
Heap after GC invocations=4958 (full 141):
 par new generation   total 9792K, used 984K [0x00000000e1000000, 0x00000000e1aa0000, 0x00000000eb4a0000)
  eden space 8704K,   0% used [0x00000000e1000000, 0x00000000e1000000, 0x00000000e1880000)
  from space 1088K,  90% used [0x00000000e1880000, 0x00000000e1976380, 0x00000000e1990000)
  to   space 1088K,   0% used [0x00000000e1990000, 0x00000000e1990000, 0x00000000e1aa0000)
 concurrent mark-sweep generation total 118492K, used 69812K [0x00000000eb4a0000, 0x00000000f2857000, 0x0000000100000000)
 Metaspace       used 95814K, capacity 100017K, committed 100352K, reserved 1136640K
  class space    used 11691K, capacity 12469K, committed 12544K, reserved 1048576K
}
2019-06-25T06:52:08.900+0000: 340748.810: Application time: 86.9828663 seconds
2019-06-25T06:52:22.023+0000: 340761.932: Application time: 13.1223855 seconds
{Heap before GC invocations=4958 (full 141):
 par new generation   total 9792K, used 9688K [0x00000000e1000000, 0x00000000e1aa0000, 0x00000000eb4a0000)
  eden space 8704K, 100% used [0x00000000e1000000, 0x00000000e1880000, 0x00000000e1880000)
  from space 1088K,  90% used [0x00000000e1880000, 0x00000000e1976380, 0x00000000e1990000)
  to   space 1088K,   0% used [0x00000000e1990000, 0x00000000e1990000, 0x00000000e1aa0000)
 concurrent mark-sweep generation total 118492K, used 69812K [0x00000000eb4a0000, 0x00000000f2857000, 0x0000000100000000)
 Metaspace       used 95814K, capacity 100017K, committed 100352K, reserved 1136640K
  class space    used 11691K, capacity 12469K, committed 12544K, reserved 1048576K
2019-06-25T06:52:22.024+0000: 340761.933: [GC (Allocation Failure) 2019-06-25T06:52:22.024+0000: 340761.934: [ParNew: 9688K->720K(9792K), 0.0064694 secs] 79501K->70532K(128284K), 0.0080796 secs] [Times: user=0.01 sys=0.00, real=0.01 secs] 
Heap after GC invocations=4959 (full 141):
 par new generation   total 9792K, used 720K [0x00000000e1000000, 0x00000000e1aa0000, 0x00000000eb4a0000)
  eden space 8704K,   0% used [0x00000000e1000000, 0x00000000e1000000, 0x00000000e1880000)
  from space 1088K,  66% used [0x00000000e1990000, 0x00000000e1a440a0, 0x00000000e1aa0000)
  to   space 1088K,   0% used [0x00000000e1880000, 0x00000000e1880000, 0x00000000e1990000)
 concurrent mark-sweep generation total 118492K, used 69812K [0x00000000eb4a0000, 0x00000000f2857000, 0x0000000100000000)
 Metaspace       used 95814K, capacity 100017K, committed 100352K, reserved 1136640K
  class space    used 11691K, capacity 12469K, committed 12544K, reserved 1048576K
}
2019-06-25T06:54:07.104+0000: 340867.014: Application time: 105.0715854 seconds
{Heap before GC invocations=4959 (full 141):
 par new generation   total 9792K, used 9424K [0x00000000e1000000, 0x00000000e1aa0000, 0x00000000eb4a0000)
  eden space 8704K, 100% used [0x00000000e1000000, 0x00000000e1880000, 0x00000000e1880000)
  from space 1088K,  66% used [0x00000000e1990000, 0x00000000e1a440a0, 0x00000000e1aa0000)
  to   space 1088K,   0% used [0x00000000e1880000, 0x00000000e1880000, 0x00000000e1990000)
 concurrent mark-sweep generation total 118492K, used 69812K [0x00000000eb4a0000, 0x00000000f2857000, 0x0000000100000000)
 Metaspace       used 95815K, capacity 100017K, committed 100352K, reserved 1136640K
  class space    used 11691K, capacity 12469K, committed 12544K, reserved 1048576K
2019-06-25T06:54:07.105+0000: 340867.015: [GC (Allocation Failure) 2019-06-25T06:54:07.106+0000: 340867.016: [ParNew: 9424K->614K(9792K), 0.0036645 secs] 79236K->70431K(128284K), 0.0045946 secs] [Times: user=0.01 sys=0.00, real=0.01 secs] 
Heap after GC invocations=4960 (full 141):
 par new generation   total 9792K, used 614K [0x00000000e1000000, 0x00000000e1aa0000, 0x00000000eb4a0000)
  eden space 8704K,   0% used [0x00000000e1000000, 0x00000000e1000000, 0x00000000e1880000)
  from space 1088K,  56% used [0x00000000e1880000, 0x00000000e1919a80, 0x00000000e1990000)
  to   space 1088K,   0% used [0x00000000e1990000, 0x00000000e1990000, 0x00000000e1aa0000)
 concurrent mark-sweep generation total 118492K, used 69816K [0x00000000eb4a0000, 0x00000000f2857000, 0x0000000100000000)
 Metaspace       used 95815K, capacity 100017K, committed 100352K, reserved 1136640K
  class space    used 11691K, capacity 12469K, committed 12544K, reserved 1048576K
}
2019-06-25T06:54:10.258+0000: 340870.168: Application time: 3.1471821 seconds
2019-06-25T06:55:44.230+0000: 340964.140: Application time: 93.9715033 seconds
{Heap before GC invocations=4960 (full 141):
 par new generation   total 9792K, used 9318K [0x00000000e1000000, 0x00000000e1aa0000, 0x00000000eb4a0000)
  eden space 8704K, 100% used [0x00000000e1000000, 0x00000000e1880000, 0x00000000e1880000)
  from space 1088K,  56% used [0x00000000e1880000, 0x00000000e1919a80, 0x00000000e1990000)
  to   space 1088K,   0% used [0x00000000e1990000, 0x00000000e1990000, 0x00000000e1aa0000)
 concurrent mark-sweep generation total 118492K, used 69816K [0x00000000eb4a0000, 0x00000000f2857000, 0x0000000100000000)
 Metaspace       used 95815K, capacity 100017K, committed 100352K, reserved 1136640K
  class space    used 11691K, capacity 12469K, committed 12544K, reserved 1048576K
2019-06-25T06:55:44.231+0000: 340964.141: [GC (Allocation Failure) 2019-06-25T06:55:44.231+0000: 340964.141: [ParNew: 9318K->709K(9792K), 0.0032431 secs] 79135K->70526K(128284K), 0.0043201 secs] [Times: user=0.00 sys=0.00, real=0.00 secs] 
Heap after GC invocations=4961 (full 141):
 par new generation   total 9792K, used 709K [0x00000000e1000000, 0x00000000e1aa0000, 0x00000000eb4a0000)
  eden space 8704K,   0% used [0x00000000e1000000, 0x00000000e1000000, 0x00000000e1880000)
  from space 1088K,  65% used [0x00000000e1990000, 0x00000000e1a416a0, 0x00000000e1aa0000)
  to   space 1088K,   0% used [0x00000000e1880000, 0x00000000e1880000, 0x00000000e1990000)
 concurrent mark-sweep generation total 118492K, used 69816K [0x00000000eb4a0000, 0x00000000f2857000, 0x0000000100000000)
 Metaspace       used 95815K, capacity 100017K, committed 100352K, reserved 1136640K
  class space    used 11691K, capacity 12469K, committed 12544K, reserved 1048576K
}
2019-06-25T06:57:22.051+0000: 341061.961: Application time: 97.8149501 seconds
{Heap before GC invocations=4961 (full 141):
 par new generation   total 9792K, used 9405K [0x00000000e1000000, 0x00000000e1aa0000, 0x00000000eb4a0000)
  eden space 8704K,  99% used [0x00000000e1000000, 0x00000000e187e150, 0x00000000e1880000)
  from space 1088K,  65% used [0x00000000e1990000, 0x00000000e1a416a0, 0x00000000e1aa0000)
  to   space 1088K,   0% used [0x00000000e1880000, 0x00000000e1880000, 0x00000000e1990000)
 concurrent mark-sweep generation total 118492K, used 69816K [0x00000000eb4a0000, 0x00000000f2857000, 0x0000000100000000)
 Metaspace       used 95815K, capacity 100017K, committed 100352K, reserved 1136640K
  class space    used 11691K, capacity 12469K, committed 12544K, reserved 1048576K
2019-06-25T06:57:22.054+0000: 341061.963: [GC (Allocation Failure) 2019-06-25T06:57:22.054+0000: 341061.964: [ParNew: 9405K->993K(9792K), 0.0122349 secs] 79222K->70809K(128284K), 0.0135238 secs] [Times: user=0.02 sys=0.00, real=0.01 secs] 
Heap after GC invocations=4962 (full 141):
 par new generation   total 9792K, used 993K [0x00000000e1000000, 0x00000000e1aa0000, 0x00000000eb4a0000)
  eden space 8704K,   0% used [0x00000000e1000000, 0x00000000e1000000, 0x00000000e1880000)
  from space 1088K,  91% used [0x00000000e1880000, 0x00000000e1978458, 0x00000000e1990000)
  to   space 1088K,   0% used [0x00000000e1990000, 0x00000000e1990000, 0x00000000e1aa0000)
 concurrent mark-sweep generation total 118492K, used 69816K [0x00000000eb4a0000, 0x00000000f2857000, 0x0000000100000000)
 Metaspace       used 95815K, capacity 100017K, committed 100352K, reserved 1136640K
  class space    used 11691K, capacity 12469K, committed 12544K, reserved 1048576K
}
2019-06-25T06:58:09.277+0000: 341109.187: Application time: 47.2088721 seconds
2019-06-25T06:58:09.279+0000: 341109.188: Application time: 0.0014690 seconds
2019-06-25T06:59:06.359+0000: 341166.269: Application time: 57.0802158 seconds
{Heap before GC invocations=4962 (full 141):
 par new generation   total 9792K, used 9697K [0x00000000e1000000, 0x00000000e1aa0000, 0x00000000eb4a0000)
  eden space 8704K, 100% used [0x00000000e1000000, 0x00000000e1880000, 0x00000000e1880000)
  from space 1088K,  91% used [0x00000000e1880000, 0x00000000e1978458, 0x00000000e1990000)
  to   space 1088K,   0% used [0x00000000e1990000, 0x00000000e1990000, 0x00000000e1aa0000)
 concurrent mark-sweep generation total 118492K, used 69816K [0x00000000eb4a0000, 0x00000000f2857000, 0x0000000100000000)
 Metaspace       used 95815K, capacity 100017K, committed 100352K, reserved 1136640K
  class space    used 11691K, capacity 12469K, committed 12544K, reserved 1048576K
2019-06-25T06:59:06.360+0000: 341166.270: [GC (Allocation Failure) 2019-06-25T06:59:06.360+0000: 341166.270: [ParNew: 9697K->633K(9792K), 0.0418228 secs] 79513K->70450K(128284K), 0.0425713 secs] [Times: user=0.08 sys=0.00, real=0.04 secs] 
Heap after GC invocations=4963 (full 141):
 par new generation   total 9792K, used 633K [0x00000000e1000000, 0x00000000e1aa0000, 0x00000000eb4a0000)
  eden space 8704K,   0% used [0x00000000e1000000, 0x00000000e1000000, 0x00000000e1880000)
  from space 1088K,  58% used [0x00000000e1990000, 0x00000000e1a2e638, 0x00000000e1aa0000)
  to   space 1088K,   0% used [0x00000000e1880000, 0x00000000e1880000, 0x00000000e1990000)
 concurrent mark-sweep generation total 118492K, used 69816K [0x00000000eb4a0000, 0x00000000f2857000, 0x0000000100000000)
 Metaspace       used 95815K, capacity 100017K, committed 100352K, reserved 1136640K
  class space    used 11691K, capacity 12469K, committed 12544K, reserved 1048576K
}
2019-06-25T06:59:09.685+0000: 341169.595: Application time: 3.2815618 seconds
2019-06-25T07:00:44.509+0000: 341264.419: Application time: 94.8236876 seconds
{Heap before GC invocations=4963 (full 141):
 par new generation   total 9792K, used 9337K [0x00000000e1000000, 0x00000000e1aa0000, 0x00000000eb4a0000)
  eden space 8704K, 100% used [0x00000000e1000000, 0x00000000e1880000, 0x00000000e1880000)
  from space 1088K,  58% used [0x00000000e1990000, 0x00000000e1a2e638, 0x00000000e1aa0000)
  to   space 1088K,   0% used [0x00000000e1880000, 0x00000000e1880000, 0x00000000e1990000)
 concurrent mark-sweep generation total 118492K, used 69816K [0x00000000eb4a0000, 0x00000000f2857000, 0x0000000100000000)
 Metaspace       used 95815K, capacity 100017K, committed 100352K, reserved 1136640K
  class space    used 11691K, capacity 12469K, committed 12544K, reserved 1048576K
2019-06-25T07:00:44.510+0000: 341264.420: [GC (Allocation Failure) 2019-06-25T07:00:44.511+0000: 341264.420: [ParNew: 9337K->724K(9792K), 0.0034913 secs] 79154K->70540K(128284K), 0.0044615 secs] [Times: user=0.00 sys=0.00, real=0.00 secs] 
Heap after GC invocations=4964 (full 141):
 par new generation   total 9792K, used 724K [0x00000000e1000000, 0x00000000e1aa0000, 0x00000000eb4a0000)
  eden space 8704K,   0% used [0x00000000e1000000, 0x00000000e1000000, 0x00000000e1880000)
  from space 1088K,  66% used [0x00000000e1880000, 0x00000000e19350a0, 0x00000000e1990000)
  to   space 1088K,   0% used [0x00000000e1990000, 0x00000000e1990000, 0x00000000e1aa0000)
 concurrent mark-sweep generation total 118492K, used 69816K [0x00000000eb4a0000, 0x00000000f2857000, 0x0000000100000000)
 Metaspace       used 95815K, capacity 100017K, committed 100352K, reserved 1136640K
  class space    used 11691K, capacity 12469K, committed 12544K, reserved 1048576K
}
2019-06-25T07:01:08.783+0000: 341288.693: Application time: 24.2671711 seconds
2019-06-25T07:01:08.785+0000: 341288.695: Application time: 0.0014740 seconds
2019-06-25T07:01:38.820+0000: 341318.730: Application time: 30.0013282 seconds
2019-06-25T07:01:38.822+0000: 341318.732: Application time: 0.0016359 seconds
2019-06-25T07:02:23.726+0000: 341363.636: Application time: 44.9035323 seconds
{Heap before GC invocations=4964 (full 141):
 par new generation   total 9792K, used 9428K [0x00000000e1000000, 0x00000000e1aa0000, 0x00000000eb4a0000)
  eden space 8704K, 100% used [0x00000000e1000000, 0x00000000e1880000, 0x00000000e1880000)
  from space 1088K,  66% used [0x00000000e1880000, 0x00000000e19350a0, 0x00000000e1990000)
  to   space 1088K,   0% used [0x00000000e1990000, 0x00000000e1990000, 0x00000000e1aa0000)
 concurrent mark-sweep generation total 118492K, used 69816K [0x00000000eb4a0000, 0x00000000f2857000, 0x0000000100000000)
 Metaspace       used 95815K, capacity 100017K, committed 100352K, reserved 1136640K
  class space    used 11691K, capacity 12469K, committed 12544K, reserved 1048576K
2019-06-25T07:02:23.727+0000: 341363.636: [GC (Allocation Failure) 2019-06-25T07:02:23.727+0000: 341363.637: [ParNew: 9428K->887K(9792K), 0.0034228 secs] 79244K->70729K(128284K), 0.0045376 secs] [Times: user=0.01 sys=0.00, real=0.01 secs] 
Heap after GC invocations=4965 (full 141):
 par new generation   total 9792K, used 887K [0x00000000e1000000, 0x00000000e1aa0000, 0x00000000eb4a0000)
  eden space 8704K,   0% used [0x00000000e1000000, 0x00000000e1000000, 0x00000000e1880000)
  from space 1088K,  81% used [0x00000000e1990000, 0x00000000e1a6de58, 0x00000000e1aa0000)
  to   space 1088K,   0% used [0x00000000e1880000, 0x00000000e1880000, 0x00000000e1990000)
 concurrent mark-sweep generation total 118492K, used 69841K [0x00000000eb4a0000, 0x00000000f2857000, 0x0000000100000000)
 Metaspace       used 95815K, capacity 100017K, committed 100352K, reserved 1136640K
  class space    used 11691K, capacity 12469K, committed 12544K, reserved 1048576K
}
2019-06-25T07:03:38.985+0000: 341438.895: Application time: 75.2529956 seconds
2019-06-25T07:03:39.343+0000: 341439.253: Application time: 0.3578033 seconds
{Heap before GC invocations=4965 (full 141):
 par new generation   total 9792K, used 9586K [0x00000000e1000000, 0x00000000e1aa0000, 0x00000000eb4a0000)
  eden space 8704K,  99% used [0x00000000e1000000, 0x00000000e187ed08, 0x00000000e1880000)
  from space 1088K,  81% used [0x00000000e1990000, 0x00000000e1a6de58, 0x00000000e1aa0000)
  to   space 1088K,   0% used [0x00000000e1880000, 0x00000000e1880000, 0x00000000e1990000)
 concurrent mark-sweep generation total 118492K, used 69841K [0x00000000eb4a0000, 0x00000000f2857000, 0x0000000100000000)
 Metaspace       used 95815K, capacity 100017K, committed 100352K, reserved 1136640K
  class space    used 11691K, capacity 12469K, committed 12544K, reserved 1048576K
2019-06-25T07:03:39.344+0000: 341439.254: [GC (Allocation Failure) 2019-06-25T07:03:39.344+0000: 341439.254: [ParNew: 9586K->745K(9792K), 0.0217583 secs] 79428K->70595K(128284K), 0.0224463 secs] [Times: user=0.04 sys=0.00, real=0.02 secs] 
Heap after GC invocations=4966 (full 141):
 par new generation   total 9792K, used 745K [0x00000000e1000000, 0x00000000e1aa0000, 0x00000000eb4a0000)
  eden space 8704K,   0% used [0x00000000e1000000, 0x00000000e1000000, 0x00000000e1880000)
  from space 1088K,  68% used [0x00000000e1880000, 0x00000000e193a7f0, 0x00000000e1990000)
  to   space 1088K,   0% used [0x00000000e1990000, 0x00000000e1990000, 0x00000000e1aa0000)
 concurrent mark-sweep generation total 118492K, used 69849K [0x00000000eb4a0000, 0x00000000f2857000, 0x0000000100000000)
 Metaspace       used 95815K, capacity 100017K, committed 100352K, reserved 1136640K
  class space    used 11691K, capacity 12469K, committed 12544K, reserved 1048576K
}
2019-06-25T07:03:41.008+0000: 341440.918: Application time: 1.6407180 seconds
2019-06-25T07:03:41.039+0000: 341440.949: Application time: 0.0312792 seconds
2019-06-25T07:03:55.831+0000: 341455.741: Application time: 14.7917983 seconds
2019-06-25T07:03:55.832+0000: 341455.742: Application time: 0.0001441 seconds
2019-06-25T07:03:55.833+0000: 341455.743: Application time: 0.0001685 seconds
2019-06-25T07:03:55.833+0000: 341455.743: Application time: 0.0001156 seconds
2019-06-25T07:03:55.833+0000: 341455.743: Application time: 0.0001107 seconds
2019-06-25T07:03:55.834+0000: 341455.743: Application time: 0.0001099 seconds
2019-06-25T07:03:55.834+0000: 341455.744: Application time: 0.0001324 seconds
2019-06-25T07:03:55.834+0000: 341455.744: Application time: 0.0001185 seconds
2019-06-25T07:03:55.835+0000: 341455.745: Application time: 0.0004869 seconds
2019-06-25T07:03:56.637+0000: 341456.547: Application time: 0.8025837 seconds
2019-06-25T07:03:56.736+0000: 341456.646: Application time: 0.0969702 seconds
2019-06-25T07:03:56.835+0000: 341456.745: Application time: 0.0987428 seconds
2019-06-25T07:03:56.836+0000: 341456.746: Application time: 0.0001649 seconds
2019-06-25T07:03:56.836+0000: 341456.746: Application time: 0.0001606 seconds
2019-06-25T07:03:56.836+0000: 341456.746: Application time: 0.0001199 seconds
2019-06-25T07:03:56.837+0000: 341456.747: Application time: 0.0006080 seconds
2019-06-25T07:03:56.837+0000: 341456.747: Application time: 0.0000694 seconds
2019-06-25T07:03:56.838+0000: 341456.747: Application time: 0.0000655 seconds
2019-06-25T07:03:56.838+0000: 341456.748: Application time: 0.0001282 seconds
2019-06-25T07:04:01.640+0000: 341461.550: Application time: 4.8019162 seconds
2019-06-25T07:04:01.707+0000: 341461.617: Application time: 0.0665823 seconds
2019-06-25T07:04:05.538+0000: 341465.448: Application time: 3.8313408 seconds
2019-06-25T07:04:08.931+0000: 341468.841: Application time: 3.3927019 seconds
2019-06-25T07:04:10.347+0000: 341470.257: Application time: 1.4155710 seconds
2019-06-25T07:04:13.332+0000: 341473.241: Application time: 2.9842379 seconds
2019-06-25T07:04:13.332+0000: 341473.242: Application time: 0.0001448 seconds
2019-06-25T07:04:13.357+0000: 341473.267: Application time: 0.0213073 seconds
{Heap before GC invocations=4966 (full 141):
 par new generation   total 9792K, used 9449K [0x00000000e1000000, 0x00000000e1aa0000, 0x00000000eb4a0000)
  eden space 8704K,  99% used [0x00000000e1000000, 0x00000000e187ff30, 0x00000000e1880000)
  from space 1088K,  68% used [0x00000000e1880000, 0x00000000e193a7f0, 0x00000000e1990000)
  to   space 1088K,   0% used [0x00000000e1990000, 0x00000000e1990000, 0x00000000e1aa0000)
 concurrent mark-sweep generation total 118492K, used 69849K [0x00000000eb4a0000, 0x00000000f2857000, 0x0000000100000000)
 Metaspace       used 95815K, capacity 100017K, committed 100352K, reserved 1136640K
  class space    used 11691K, capacity 12469K, committed 12544K, reserved 1048576K
2019-06-25T07:04:13.358+0000: 341473.268: [GC (Allocation Failure) 2019-06-25T07:04:13.358+0000: 341473.268: [ParNew: 9449K->1088K(9792K), 0.0913454 secs] 79299K->71296K(128284K), 0.0920553 secs] [Times: user=0.18 sys=0.00, real=0.10 secs] 
Heap after GC invocations=4967 (full 141):
 par new generation   total 9792K, used 1088K [0x00000000e1000000, 0x00000000e1aa0000, 0x00000000eb4a0000)
  eden space 8704K,   0% used [0x00000000e1000000, 0x00000000e1000000, 0x00000000e1880000)
  from space 1088K, 100% used [0x00000000e1990000, 0x00000000e1aa0000, 0x00000000e1aa0000)
  to   space 1088K,   0% used [0x00000000e1880000, 0x00000000e1880000, 0x00000000e1990000)
 concurrent mark-sweep generation total 118492K, used 70208K [0x00000000eb4a0000, 0x00000000f2857000, 0x0000000100000000)
 Metaspace       used 95815K, capacity 100017K, committed 100352K, reserved 1136640K
  class space    used 11691K, capacity 12469K, committed 12544K, reserved 1048576K
}
2019-06-25T07:04:18.337+0000: 341478.247: Application time: 4.8863651 seconds
2019-06-25T07:04:18.480+0000: 341478.390: Application time: 0.1430750 seconds
2019-06-25T07:04:21.563+0000: 341481.473: Application time: 3.0824188 seconds
2019-06-25T07:04:27.539+0000: 341487.449: Application time: 5.9758753 seconds
2019-06-25T07:04:27.770+0000: 341487.679: Application time: 0.2296728 seconds
2019-06-25T07:04:27.867+0000: 341487.777: Application time: 0.0974390 seconds
2019-06-25T07:04:27.868+0000: 341487.778: Application time: 0.0000830 seconds
2019-06-25T07:04:27.868+0000: 341487.778: Application time: 0.0000930 seconds
2019-06-25T07:04:27.868+0000: 341487.778: Application time: 0.0000609 seconds
2019-06-25T07:04:27.868+0000: 341487.778: Application time: 0.0000556 seconds
2019-06-25T07:04:27.869+0000: 341487.779: Application time: 0.0000968 seconds
2019-06-25T07:04:27.869+0000: 341487.779: Application time: 0.0000636 seconds
2019-06-25T07:04:27.869+0000: 341487.779: Application time: 0.0001928 seconds
2019-06-25T07:04:32.671+0000: 341492.581: Application time: 4.8017317 seconds
2019-06-25T07:04:32.699+0000: 341492.609: Application time: 0.0277949 seconds
2019-06-25T07:04:41.249+0000: 341501.159: Application time: 8.5492986 seconds
2019-06-25T07:04:41.252+0000: 341501.162: Application time: 0.0024030 seconds
{Heap before GC invocations=4967 (full 141):
 par new generation   total 9792K, used 9791K [0x00000000e1000000, 0x00000000e1aa0000, 0x00000000eb4a0000)
  eden space 8704K,  99% used [0x00000000e1000000, 0x00000000e187fc90, 0x00000000e1880000)
  from space 1088K, 100% used [0x00000000e1990000, 0x00000000e1aa0000, 0x00000000e1aa0000)
  to   space 1088K,   0% used [0x00000000e1880000, 0x00000000e1880000, 0x00000000e1990000)
 concurrent mark-sweep generation total 118492K, used 70208K [0x00000000eb4a0000, 0x00000000f2857000, 0x0000000100000000)
 Metaspace       used 95815K, capacity 100017K, committed 100352K, reserved 1136640K
  class space    used 11691K, capacity 12469K, committed 12544K, reserved 1048576K
2019-06-25T07:04:41.252+0000: 341501.162: [GC (Allocation Failure) 2019-06-25T07:04:41.253+0000: 341501.163: [ParNew: 9791K->1088K(9792K), 0.0445508 secs] 79999K->71881K(128284K), 0.0452388 secs] [Times: user=0.06 sys=0.00, real=0.04 secs] 
Heap after GC invocations=4968 (full 141):
 par new generation   total 9792K, used 1088K [0x00000000e1000000, 0x00000000e1aa0000, 0x00000000eb4a0000)
  eden space 8704K,   0% used [0x00000000e1000000, 0x00000000e1000000, 0x00000000e1880000)
  from space 1088K, 100% used [0x00000000e1880000, 0x00000000e1990000, 0x00000000e1990000)
  to   space 1088K,   0% used [0x00000000e1990000, 0x00000000e1990000, 0x00000000e1aa0000)
 concurrent mark-sweep generation total 118492K, used 70793K [0x00000000eb4a0000, 0x00000000f2857000, 0x0000000100000000)
 Metaspace       used 95815K, capacity 100017K, committed 100352K, reserved 1136640K
  class space    used 11691K, capacity 12469K, committed 12544K, reserved 1048576K
}
2019-06-25T07:04:41.804+0000: 341501.714: Application time: 0.5055554 seconds
2019-06-25T07:04:41.804+0000: 341501.714: Application time: 0.0001607 seconds
2019-06-25T07:04:41.883+0000: 341501.793: Application time: 0.0783098 seconds
2019-06-25T07:04:41.883+0000: 341501.793: Application time: 0.0000749 seconds
2019-06-25T07:04:41.884+0000: 341501.794: Application time: 0.0001488 seconds
2019-06-25T07:04:41.884+0000: 341501.794: Application time: 0.0000635 seconds
2019-06-25T07:04:41.884+0000: 341501.794: Application time: 0.0000627 seconds
2019-06-25T07:04:41.885+0000: 341501.794: Application time: 0.0000653 seconds
2019-06-25T07:04:41.885+0000: 341501.795: Application time: 0.0001565 seconds
2019-06-25T07:04:46.250+0000: 341506.160: Application time: 4.3650621 seconds
2019-06-25T07:04:46.322+0000: 341506.232: Application time: 0.0715300 seconds
2019-06-25T07:05:05.538+0000: 341525.448: Application time: 19.2163524 seconds
2019-06-25T07:05:08.934+0000: 341528.844: Application time: 3.3952236 seconds
2019-06-25T07:06:16.974+0000: 341596.884: Application time: 68.0401645 seconds
{Heap before GC invocations=4968 (full 141):
 par new generation   total 9792K, used 9792K [0x00000000e1000000, 0x00000000e1aa0000, 0x00000000eb4a0000)
  eden space 8704K, 100% used [0x00000000e1000000, 0x00000000e1880000, 0x00000000e1880000)
  from space 1088K, 100% used [0x00000000e1880000, 0x00000000e1990000, 0x00000000e1990000)
  to   space 1088K,   0% used [0x00000000e1990000, 0x00000000e1990000, 0x00000000e1aa0000)
 concurrent mark-sweep generation total 118492K, used 70793K [0x00000000eb4a0000, 0x00000000f2857000, 0x0000000100000000)
 Metaspace       used 95815K, capacity 100017K, committed 100352K, reserved 1136640K
  class space    used 11691K, capacity 12469K, committed 12544K, reserved 1048576K
2019-06-25T07:06:16.975+0000: 341596.885: [GC (Allocation Failure) 2019-06-25T07:06:16.976+0000: 341596.885: [ParNew: 9792K->1007K(9792K), 0.0279438 secs] 80585K->72245K(128284K), 0.0287998 secs] [Times: user=0.04 sys=0.00, real=0.03 secs] 
Heap after GC invocations=4969 (full 141):
 par new generation   total 9792K, used 1007K [0x00000000e1000000, 0x00000000e1aa0000, 0x00000000eb4a0000)
  eden space 8704K,   0% used [0x00000000e1000000, 0x00000000e1000000, 0x00000000e1880000)
  from space 1088K,  92% used [0x00000000e1990000, 0x00000000e1a8bd68, 0x00000000e1aa0000)
  to   space 1088K,   0% used [0x00000000e1880000, 0x00000000e1880000, 0x00000000e1990000)
 concurrent mark-sweep generation total 118492K, used 71238K [0x00000000eb4a0000, 0x00000000f2857000, 0x0000000100000000)
 Metaspace       used 95815K, capacity 100017K, committed 100352K, reserved 1136640K
  class space    used 11691K, capacity 12469K, committed 12544K, reserved 1048576K
}
2019-06-25T07:06:17.006+0000: 341596.915: Application time: 0.0006121 seconds
2019-06-25T07:06:17.006+0000: 341596.916: [GC (CMS Initial Mark) [1 CMS-initial-mark: 71238K(118492K)] 72317K(128284K), 0.0032137 secs] [Times: user=0.00 sys=0.01, real=0.01 secs] 
2019-06-25T07:06:17.010+0000: 341596.920: [CMS-concurrent-mark-start]
2019-06-25T07:06:17.112+0000: 341597.022: [CMS-concurrent-mark: 0.102/0.102 secs] [Times: user=0.10 sys=0.00, real=0.10 secs] 
2019-06-25T07:06:17.113+0000: 341597.023: [CMS-concurrent-preclean-start]
2019-06-25T07:06:17.114+0000: 341597.024: [CMS-concurrent-preclean: 0.002/0.002 secs] [Times: user=0.00 sys=0.00, real=0.00 secs] 
2019-06-25T07:06:17.115+0000: 341597.025: Application time: 0.1051459 seconds
2019-06-25T07:06:17.115+0000: 341597.025: [GC (CMS Final Remark) [YG occupancy: 1083 K (9792 K)]2019-06-25T07:06:17.116+0000: 341597.025: [Rescan (parallel) , 0.0031229 secs]2019-06-25T07:06:17.119+0000: 341597.029: [weak refs processing, 0.0030920 secs]2019-06-25T07:06:17.123+0000: 341597.032: [class unloading, 0.0330404 secs]2019-06-25T07:06:17.156+0000: 341597.066: [scrub symbol table, 0.0222898 secs]2019-06-25T07:06:17.179+0000: 341597.089: [scrub string table, 0.0015562 secs][1 CMS-remark: 71238K(118492K)] 72322K(128284K), 0.0794254 secs] [Times: user=0.08 sys=0.00, real=0.08 secs] 
2019-06-25T07:06:17.196+0000: 341597.105: [CMS-concurrent-sweep-start]
2019-06-25T07:06:17.214+0000: 341597.124: Application time: 0.0188593 seconds
2019-06-25T07:06:17.229+0000: 341597.139: [CMS-concurrent-sweep: 0.033/0.033 secs] [Times: user=0.04 sys=0.00, real=0.04 secs] 
2019-06-25T07:06:17.229+0000: 341597.139: [CMS-concurrent-reset-start]
2019-06-25T07:06:17.230+0000: 341597.140: [CMS-concurrent-reset: 0.001/0.001 secs] [Times: user=0.00 sys=0.00, real=0.00 secs] 
2019-06-25T07:06:18.215+0000: 341598.125: Application time: 1.0001780 seconds
2019-06-25T07:06:22.216+0000: 341602.126: Application time: 4.0006251 seconds
2019-06-25T07:06:26.217+0000: 341606.127: Application time: 4.0005726 seconds
2019-06-25T07:06:37.218+0000: 341617.128: Application time: 11.0014051 seconds
2019-06-25T07:06:39.219+0000: 341619.129: Application time: 2.0002820 seconds
2019-06-25T07:06:40.219+0000: 341620.129: Application time: 1.0001845 seconds
2019-06-25T07:07:06.223+0000: 341646.133: Application time: 26.0031375 seconds
2019-06-25T07:07:07.223+0000: 341647.133: Application time: 1.0001765 seconds
2019-06-25T07:07:08.013+0000: 341647.923: Application time: 0.7897869 seconds
2019-06-25T07:07:08.014+0000: 341647.924: Application time: 0.0001727 seconds
2019-06-25T07:07:08.055+0000: 341647.964: Application time: 0.0405211 seconds
2019-06-25T07:07:08.055+0000: 341647.965: Application time: 0.0000710 seconds
2019-06-25T07:07:08.055+0000: 341647.965: Application time: 0.0001275 seconds
2019-06-25T07:07:08.055+0000: 341647.966: Application time: 0.0005191 seconds
2019-06-25T07:07:08.056+0000: 341647.966: Application time: 0.0000625 seconds
2019-06-25T07:07:08.056+0000: 341647.966: Application time: 0.0000661 seconds
2019-06-25T07:07:08.057+0000: 341647.967: Application time: 0.0001440 seconds
2019-06-25T07:07:08.938+0000: 341648.848: Application time: 0.8809726 seconds
2019-06-25T07:07:09.034+0000: 341648.944: Application time: 0.0963634 seconds
2019-06-25T07:07:09.035+0000: 341648.945: Application time: 0.0000728 seconds
2019-06-25T07:07:09.035+0000: 341648.945: Application time: 0.0000626 seconds
2019-06-25T07:07:09.035+0000: 341648.945: Application time: 0.0000678 seconds
2019-06-25T07:07:09.036+0000: 341648.945: Application time: 0.0000558 seconds
2019-06-25T07:07:09.036+0000: 341648.946: Application time: 0.0000544 seconds
2019-06-25T07:07:09.036+0000: 341648.946: Application time: 0.0000600 seconds
2019-06-25T07:07:12.775+0000: 341652.685: Application time: 3.7388191 seconds
2019-06-25T07:07:12.804+0000: 341652.714: Application time: 0.0292068 seconds
2019-06-25T07:07:27.182+0000: 341667.092: Application time: 14.3775082 seconds
{Heap before GC invocations=4969 (full 142):
 par new generation   total 9792K, used 9711K [0x00000000e1000000, 0x00000000e1aa0000, 0x00000000eb4a0000)
  eden space 8704K, 100% used [0x00000000e1000000, 0x00000000e1880000, 0x00000000e1880000)
  from space 1088K,  92% used [0x00000000e1990000, 0x00000000e1a8bd68, 0x00000000e1aa0000)
  to   space 1088K,   0% used [0x00000000e1880000, 0x00000000e1880000, 0x00000000e1990000)
 concurrent mark-sweep generation total 118492K, used 64781K [0x00000000eb4a0000, 0x00000000f2857000, 0x0000000100000000)
 Metaspace       used 95713K, capacity 99837K, committed 100352K, reserved 1136640K
  class space    used 11675K, capacity 12439K, committed 12544K, reserved 1048576K
2019-06-25T07:07:27.183+0000: 341667.092: [GC (Allocation Failure) 2019-06-25T07:07:27.183+0000: 341667.093: [ParNew: 9711K->1088K(9792K), 0.0216512 secs] 74492K->65893K(128284K), 0.0225345 secs] [Times: user=0.04 sys=0.00, real=0.02 secs] 
Heap after GC invocations=4970 (full 142):
 par new generation   total 9792K, used 1088K [0x00000000e1000000, 0x00000000e1aa0000, 0x00000000eb4a0000)
  eden space 8704K,   0% used [0x00000000e1000000, 0x00000000e1000000, 0x00000000e1880000)
  from space 1088K, 100% used [0x00000000e1880000, 0x00000000e1990000, 0x00000000e1990000)
  to   space 1088K,   0% used [0x00000000e1990000, 0x00000000e1990000, 0x00000000e1aa0000)
 concurrent mark-sweep generation total 118492K, used 64805K [0x00000000eb4a0000, 0x00000000f2857000, 0x0000000100000000)
 Metaspace       used 95713K, capacity 99837K, committed 100352K, reserved 1136640K
  class space    used 11675K, capacity 12439K, committed 12544K, reserved 1048576K
}
2019-06-25T07:07:41.071+0000: 341680.981: Application time: 13.8653471 seconds
2019-06-25T07:07:41.072+0000: 341680.982: Application time: 0.0001780 seconds
2019-06-25T07:07:41.072+0000: 341680.982: Application time: 0.0000886 seconds
2019-06-25T07:07:45.423+0000: 341685.333: Application time: 4.3513189 seconds
2019-06-25T07:07:45.461+0000: 341685.371: Application time: 0.0367278 seconds
2019-06-25T07:08:05.540+0000: 341705.449: Application time: 20.0784014 seconds
2019-06-25T07:08:10.541+0000: 341710.450: Application time: 5.0007139 seconds
2019-06-25T07:08:43.883+0000: 341743.793: Application time: 33.3425448 seconds
{Heap before GC invocations=4970 (full 142):
 par new generation   total 9792K, used 9792K [0x00000000e1000000, 0x00000000e1aa0000, 0x00000000eb4a0000)
  eden space 8704K, 100% used [0x00000000e1000000, 0x00000000e1880000, 0x00000000e1880000)
  from space 1088K, 100% used [0x00000000e1880000, 0x00000000e1990000, 0x00000000e1990000)
  to   space 1088K,   0% used [0x00000000e1990000, 0x00000000e1990000, 0x00000000e1aa0000)
 concurrent mark-sweep generation total 118492K, used 64805K [0x00000000eb4a0000, 0x00000000f2857000, 0x0000000100000000)
 Metaspace       used 95720K, capacity 99849K, committed 100352K, reserved 1136640K
  class space    used 11676K, capacity 12441K, committed 12544K, reserved 1048576K
2019-06-25T07:08:43.884+0000: 341743.794: [GC (Allocation Failure) 2019-06-25T07:08:43.885+0000: 341743.795: [ParNew: 9792K->950K(9792K), 0.0277691 secs] 74597K->66213K(128284K), 0.0287778 secs] [Times: user=0.05 sys=0.00, real=0.03 secs] 
Heap after GC invocations=4971 (full 142):
 par new generation   total 9792K, used 950K [0x00000000e1000000, 0x00000000e1aa0000, 0x00000000eb4a0000)
  eden space 8704K,   0% used [0x00000000e1000000, 0x00000000e1000000, 0x00000000e1880000)
  from space 1088K,  87% used [0x00000000e1990000, 0x00000000e1a7da10, 0x00000000e1aa0000)
  to   space 1088K,   0% used [0x00000000e1880000, 0x00000000e1880000, 0x00000000e1990000)
 concurrent mark-sweep generation total 118492K, used 65263K [0x00000000eb4a0000, 0x00000000f2857000, 0x0000000100000000)
 Metaspace       used 95720K, capacity 99849K, committed 100352K, reserved 1136640K
  class space    used 11676K, capacity 12441K, committed 12544K, reserved 1048576K
}
2019-06-25T07:09:05.917+0000: 341765.827: Application time: 22.0030116 seconds
2019-06-25T07:09:10.370+0000: 341770.280: Application time: 4.4531760 seconds
2019-06-25T07:09:12.171+0000: 341772.081: Application time: 1.8001688 seconds
2019-06-25T07:09:12.171+0000: 341772.081: Application time: 0.0000664 seconds
2019-06-25T07:09:12.172+0000: 341772.082: Application time: 0.0000620 seconds
2019-06-25T07:09:12.172+0000: 341772.082: Application time: 0.0000609 seconds
2019-06-25T07:09:12.172+0000: 341772.082: Application time: 0.0000571 seconds
2019-06-25T07:09:12.173+0000: 341772.082: Application time: 0.0000576 seconds
2019-06-25T07:09:12.173+0000: 341772.083: Application time: 0.0000729 seconds
2019-06-25T07:09:12.173+0000: 341772.083: Application time: 0.0000703 seconds
2019-06-25T07:09:12.173+0000: 341772.083: Application time: 0.0001213 seconds
2019-06-25T07:09:12.173+0000: 341772.083: Application time: 0.0001309 seconds
2019-06-25T07:10:23.248+0000: 341843.158: Application time: 71.0741038 seconds
{Heap before GC invocations=4971 (full 142):
 par new generation   total 9792K, used 9654K [0x00000000e1000000, 0x00000000e1aa0000, 0x00000000eb4a0000)
  eden space 8704K, 100% used [0x00000000e1000000, 0x00000000e1880000, 0x00000000e1880000)
  from space 1088K,  87% used [0x00000000e1990000, 0x00000000e1a7da10, 0x00000000e1aa0000)
  to   space 1088K,   0% used [0x00000000e1880000, 0x00000000e1880000, 0x00000000e1990000)
 concurrent mark-sweep generation total 118492K, used 65263K [0x00000000eb4a0000, 0x00000000f2857000, 0x0000000100000000)
 Metaspace       used 95720K, capacity 99849K, committed 100352K, reserved 1136640K
  class space    used 11676K, capacity 12441K, committed 12544K, reserved 1048576K
2019-06-25T07:10:23.249+0000: 341843.158: [GC (Allocation Failure) 2019-06-25T07:10:23.249+0000: 341843.159: [ParNew: 9654K->785K(9792K), 0.0035995 secs] 74917K->66049K(128284K), 0.0043757 secs] [Times: user=0.01 sys=0.00, real=0.00 secs] 
Heap after GC invocations=4972 (full 142):
 par new generation   total 9792K, used 785K [0x00000000e1000000, 0x00000000e1aa0000, 0x00000000eb4a0000)
  eden space 8704K,   0% used [0x00000000e1000000, 0x00000000e1000000, 0x00000000e1880000)
  from space 1088K,  72% used [0x00000000e1880000, 0x00000000e19447e8, 0x00000000e1990000)
  to   space 1088K,   0% used [0x00000000e1990000, 0x00000000e1990000, 0x00000000e1aa0000)
 concurrent mark-sweep generation total 118492K, used 65263K [0x00000000eb4a0000, 0x00000000f2857000, 0x0000000100000000)
 Metaspace       used 95720K, capacity 99849K, committed 100352K, reserved 1136640K
  class space    used 11676K, capacity 12441K, committed 12544K, reserved 1048576K
}
2019-06-25T07:10:59.195+0000: 341879.104: Application time: 35.9410749 seconds
2019-06-25T07:10:59.220+0000: 341879.130: Application time: 0.0252909 seconds
2019-06-25T07:11:08.951+0000: 341888.861: Application time: 9.7302880 seconds
2019-06-25T07:11:39.367+0000: 341919.277: Application time: 30.4158944 seconds
{Heap before GC invocations=4972 (full 142):
 par new generation   total 9792K, used 9489K [0x00000000e1000000, 0x00000000e1aa0000, 0x00000000eb4a0000)
  eden space 8704K, 100% used [0x00000000e1000000, 0x00000000e1880000, 0x00000000e1880000)
  from space 1088K,  72% used [0x00000000e1880000, 0x00000000e19447e8, 0x00000000e1990000)
  to   space 1088K,   0% used [0x00000000e1990000, 0x00000000e1990000, 0x00000000e1aa0000)
 concurrent mark-sweep generation total 118492K, used 65263K [0x00000000eb4a0000, 0x00000000f2857000, 0x0000000100000000)
 Metaspace       used 95720K, capacity 99849K, committed 100352K, reserved 1136640K
  class space    used 11676K, capacity 12441K, committed 12544K, reserved 1048576K
2019-06-25T07:11:39.368+0000: 341919.278: [GC (Allocation Failure) 2019-06-25T07:11:39.368+0000: 341919.278: [ParNew: 9489K->977K(9792K), 0.0200057 secs] 74753K->66497K(128284K), 0.0209695 secs] [Times: user=0.02 sys=0.01, real=0.03 secs] 
Heap after GC invocations=4973 (full 142):
 par new generation   total 9792K, used 977K [0x00000000e1000000, 0x00000000e1aa0000, 0x00000000eb4a0000)
  eden space 8704K,   0% used [0x00000000e1000000, 0x00000000e1000000, 0x00000000e1880000)
  from space 1088K,  89% used [0x00000000e1990000, 0x00000000e1a846e0, 0x00000000e1aa0000)
  to   space 1088K,   0% used [0x00000000e1880000, 0x00000000e1880000, 0x00000000e1990000)
 concurrent mark-sweep generation total 118492K, used 65519K [0x00000000eb4a0000, 0x00000000f2857000, 0x0000000100000000)
 Metaspace       used 95720K, capacity 99849K, committed 100352K, reserved 1136640K
  class space    used 11676K, capacity 12441K, committed 12544K, reserved 1048576K
}
2019-06-25T07:13:09.402+0000: 342009.311: Application time: 90.0121612 seconds
2019-06-25T07:13:19.911+0000: 342019.820: Application time: 10.5086700 seconds
{Heap before GC invocations=4973 (full 142):
 par new generation   total 9792K, used 9681K [0x00000000e1000000, 0x00000000e1aa0000, 0x00000000eb4a0000)
  eden space 8704K, 100% used [0x00000000e1000000, 0x00000000e1880000, 0x00000000e1880000)
  from space 1088K,  89% used [0x00000000e1990000, 0x00000000e1a846e0, 0x00000000e1aa0000)
  to   space 1088K,   0% used [0x00000000e1880000, 0x00000000e1880000, 0x00000000e1990000)
 concurrent mark-sweep generation total 118492K, used 65519K [0x00000000eb4a0000, 0x00000000f2857000, 0x0000000100000000)
 Metaspace       used 95720K, capacity 99849K, committed 100352K, reserved 1136640K
  class space    used 11676K, capacity 12441K, committed 12544K, reserved 1048576K
2019-06-25T07:13:19.911+0000: 342019.821: [GC (Allocation Failure) 2019-06-25T07:13:19.912+0000: 342019.822: [ParNew: 9681K->1045K(9792K), 0.0249427 secs] 75201K->66726K(128284K), 0.0258312 secs] [Times: user=0.03 sys=0.00, real=0.02 secs] 
Heap after GC invocations=4974 (full 142):
 par new generation   total 9792K, used 1045K [0x00000000e1000000, 0x00000000e1aa0000, 0x00000000eb4a0000)
  eden space 8704K,   0% used [0x00000000e1000000, 0x00000000e1000000, 0x00000000e1880000)
  from space 1088K,  96% used [0x00000000e1880000, 0x00000000e1985460, 0x00000000e1990000)
  to   space 1088K,   0% used [0x00000000e1990000, 0x00000000e1990000, 0x00000000e1aa0000)
 concurrent mark-sweep generation total 118492K, used 65681K [0x00000000eb4a0000, 0x00000000f2857000, 0x0000000100000000)
 Metaspace       used 95720K, capacity 99849K, committed 100352K, reserved 1136640K
  class space    used 11676K, capacity 12441K, committed 12544K, reserved 1048576K
}
2019-06-25T07:14:09.896+0000: 342069.806: Application time: 49.9578788 seconds
2019-06-25T07:14:14.897+0000: 342074.807: Application time: 5.0006617 seconds
2019-06-25T07:14:39.900+0000: 342099.810: Application time: 25.0027593 seconds
2019-06-25T07:15:03.581+0000: 342123.491: Application time: 23.6812720 seconds
{Heap before GC invocations=4974 (full 142):
 par new generation   total 9792K, used 9749K [0x00000000e1000000, 0x00000000e1aa0000, 0x00000000eb4a0000)
  eden space 8704K, 100% used [0x00000000e1000000, 0x00000000e1880000, 0x00000000e1880000)
  from space 1088K,  96% used [0x00000000e1880000, 0x00000000e1985460, 0x00000000e1990000)
  to   space 1088K,   0% used [0x00000000e1990000, 0x00000000e1990000, 0x00000000e1aa0000)
 concurrent mark-sweep generation total 118492K, used 65681K [0x00000000eb4a0000, 0x00000000f2857000, 0x0000000100000000)
 Metaspace       used 95725K, capacity 99861K, committed 100352K, reserved 1136640K
  class space    used 11677K, capacity 12443K, committed 12544K, reserved 1048576K
2019-06-25T07:15:03.582+0000: 342123.492: [GC (Allocation Failure) 2019-06-25T07:15:03.590+0000: 342123.500: [ParNew: 9749K->707K(9792K), 0.0046027 secs] 75430K->66388K(128284K), 0.0125059 secs] [Times: user=0.01 sys=0.00, real=0.01 secs] 
Heap after GC invocations=4975 (full 142):
 par new generation   total 9792K, used 707K [0x00000000e1000000, 0x00000000e1aa0000, 0x00000000eb4a0000)
  eden space 8704K,   0% used [0x00000000e1000000, 0x00000000e1000000, 0x00000000e1880000)
  from space 1088K,  65% used [0x00000000e1990000, 0x00000000e1a40db8, 0x00000000e1aa0000)
  to   space 1088K,   0% used [0x00000000e1880000, 0x00000000e1880000, 0x00000000e1990000)
 concurrent mark-sweep generation total 118492K, used 65681K [0x00000000eb4a0000, 0x00000000f2857000, 0x0000000100000000)
 Metaspace       used 95725K, capacity 99861K, committed 100352K, reserved 1136640K
  class space    used 11677K, capacity 12443K, committed 12544K, reserved 1048576K
}
2019-06-25T07:16:41.659+0000: 342221.569: Application time: 98.0634082 seconds
{Heap before GC invocations=4975 (full 142):
 par new generation   total 9792K, used 9411K [0x00000000e1000000, 0x00000000e1aa0000, 0x00000000eb4a0000)
  eden space 8704K, 100% used [0x00000000e1000000, 0x00000000e1880000, 0x00000000e1880000)
  from space 1088K,  65% used [0x00000000e1990000, 0x00000000e1a40db8, 0x00000000e1aa0000)
  to   space 1088K,   0% used [0x00000000e1880000, 0x00000000e1880000, 0x00000000e1990000)
 concurrent mark-sweep generation total 118492K, used 65681K [0x00000000eb4a0000, 0x00000000f2857000, 0x0000000100000000)
 Metaspace       used 95725K, capacity 99861K, committed 100352K, reserved 1136640K
  class space    used 11677K, capacity 12443K, committed 12544K, reserved 1048576K
2019-06-25T07:16:41.660+0000: 342221.570: [GC (Allocation Failure) 2019-06-25T07:16:41.661+0000: 342221.570: [ParNew: 9411K->1035K(9792K), 0.0038200 secs] 75092K->66830K(128284K), 0.0047663 secs] [Times: user=0.01 sys=0.00, real=0.00 secs] 
Heap after GC invocations=4976 (full 142):
 par new generation   total 9792K, used 1035K [0x00000000e1000000, 0x00000000e1aa0000, 0x00000000eb4a0000)
  eden space 8704K,   0% used [0x00000000e1000000, 0x00000000e1000000, 0x00000000e1880000)
  from space 1088K,  95% used [0x00000000e1880000, 0x00000000e1982cb0, 0x00000000e1990000)
  to   space 1088K,   0% used [0x00000000e1990000, 0x00000000e1990000, 0x00000000e1aa0000)
 concurrent mark-sweep generation total 118492K, used 65795K [0x00000000eb4a0000, 0x00000000f2857000, 0x0000000100000000)
 Metaspace       used 95725K, capacity 99861K, committed 100352K, reserved 1136640K
  class space    used 11677K, capacity 12443K, committed 12544K, reserved 1048576K
}
2019-06-25T07:18:22.217+0000: 342322.127: Application time: 100.5508727 seconds
{Heap before GC invocations=4976 (full 142):
 par new generation   total 9792K, used 9739K [0x00000000e1000000, 0x00000000e1aa0000, 0x00000000eb4a0000)
  eden space 8704K, 100% used [0x00000000e1000000, 0x00000000e1880000, 0x00000000e1880000)
  from space 1088K,  95% used [0x00000000e1880000, 0x00000000e1982cb0, 0x00000000e1990000)
  to   space 1088K,   0% used [0x00000000e1990000, 0x00000000e1990000, 0x00000000e1aa0000)
 concurrent mark-sweep generation total 118492K, used 65795K [0x00000000eb4a0000, 0x00000000f2857000, 0x0000000100000000)
 Metaspace       used 95725K, capacity 99861K, committed 100352K, reserved 1136640K
  class space    used 11677K, capacity 12443K, committed 12544K, reserved 1048576K
2019-06-25T07:18:22.223+0000: 342322.133: [GC (Allocation Failure) 2019-06-25T07:18:22.223+0000: 342322.133: [ParNew: 9739K->890K(9792K), 0.0154986 secs] 75534K->66863K(128284K), 0.0163097 secs] [Times: user=0.04 sys=0.00, real=0.02 secs] 
Heap after GC invocations=4977 (full 142):
 par new generation   total 9792K, used 890K [0x00000000e1000000, 0x00000000e1aa0000, 0x00000000eb4a0000)
  eden space 8704K,   0% used [0x00000000e1000000, 0x00000000e1000000, 0x00000000e1880000)
  from space 1088K,  81% used [0x00000000e1990000, 0x00000000e1a6e938, 0x00000000e1aa0000)
  to   space 1088K,   0% used [0x00000000e1880000, 0x00000000e1880000, 0x00000000e1990000)
 concurrent mark-sweep generation total 118492K, used 65973K [0x00000000eb4a0000, 0x00000000f2857000, 0x0000000100000000)
 Metaspace       used 95725K, capacity 99861K, committed 100352K, reserved 1136640K
  class space    used 11677K, capacity 12443K, committed 12544K, reserved 1048576K
}
2019-06-25T07:18:41.796+0000: 342341.706: Application time: 19.5560438 seconds
2019-06-25T07:18:41.797+0000: 342341.706: Application time: 0.0000696 seconds
2019-06-25T07:18:41.797+0000: 342341.707: Application time: 0.0001215 seconds
2019-06-25T07:18:41.797+0000: 342341.707: Application time: 0.0000628 seconds
2019-06-25T07:18:41.798+0000: 342341.708: Application time: 0.0000687 seconds
2019-06-25T07:18:41.798+0000: 342341.708: Application time: 0.0000588 seconds
2019-06-25T07:18:41.798+0000: 342341.708: Application time: 0.0000613 seconds
2019-06-25T07:18:41.799+0000: 342341.708: Application time: 0.0001464 seconds
2019-06-25T07:18:41.799+0000: 342341.709: Application time: 0.0001253 seconds
2019-06-25T07:18:41.799+0000: 342341.709: Application time: 0.0000812 seconds
2019-06-25T07:19:10.425+0000: 342370.335: Application time: 28.6257458 seconds
2019-06-25T07:20:07.108+0000: 342427.018: Application time: 56.6828730 seconds
{Heap before GC invocations=4977 (full 142):
 par new generation   total 9792K, used 9594K [0x00000000e1000000, 0x00000000e1aa0000, 0x00000000eb4a0000)
  eden space 8704K, 100% used [0x00000000e1000000, 0x00000000e1880000, 0x00000000e1880000)
  from space 1088K,  81% used [0x00000000e1990000, 0x00000000e1a6e938, 0x00000000e1aa0000)
  to   space 1088K,   0% used [0x00000000e1880000, 0x00000000e1880000, 0x00000000e1990000)
 concurrent mark-sweep generation total 118492K, used 65973K [0x00000000eb4a0000, 0x00000000f2857000, 0x0000000100000000)
 Metaspace       used 95725K, capacity 99861K, committed 100352K, reserved 1136640K
  class space    used 11677K, capacity 12443K, committed 12544K, reserved 1048576K
2019-06-25T07:20:07.109+0000: 342427.019: [GC (Allocation Failure) 2019-06-25T07:20:07.109+0000: 342427.019: [ParNew: 9594K->589K(9792K), 0.0031768 secs] 75567K->66563K(128284K), 0.0040582 secs] [Times: user=0.00 sys=0.00, real=0.00 secs] 
Heap after GC invocations=4978 (full 142):
 par new generation   total 9792K, used 589K [0x00000000e1000000, 0x00000000e1aa0000, 0x00000000eb4a0000)
  eden space 8704K,   0% used [0x00000000e1000000, 0x00000000e1000000, 0x00000000e1880000)
  from space 1088K,  54% used [0x00000000e1880000, 0x00000000e19137f0, 0x00000000e1990000)
  to   space 1088K,   0% used [0x00000000e1990000, 0x00000000e1990000, 0x00000000e1aa0000)
 concurrent mark-sweep generation total 118492K, used 65973K [0x00000000eb4a0000, 0x00000000f2857000, 0x0000000100000000)
 Metaspace       used 95725K, capacity 99861K, committed 100352K, reserved 1136640K
  class space    used 11677K, capacity 12443K, committed 12544K, reserved 1048576K
}
2019-06-25T07:21:41.151+0000: 342521.060: Application time: 94.0366340 seconds
{Heap before GC invocations=4978 (full 142):
 par new generation   total 9792K, used 9293K [0x00000000e1000000, 0x00000000e1aa0000, 0x00000000eb4a0000)
  eden space 8704K, 100% used [0x00000000e1000000, 0x00000000e1880000, 0x00000000e1880000)
  from space 1088K,  54% used [0x00000000e1880000, 0x00000000e19137f0, 0x00000000e1990000)
  to   space 1088K,   0% used [0x00000000e1990000, 0x00000000e1990000, 0x00000000e1aa0000)
 concurrent mark-sweep generation total 118492K, used 65973K [0x00000000eb4a0000, 0x00000000f2857000, 0x0000000100000000)
 Metaspace       used 95725K, capacity 99861K, committed 100352K, reserved 1136640K
  class space    used 11677K, capacity 12443K, committed 12544K, reserved 1048576K
2019-06-25T07:21:41.151+0000: 342521.061: [GC (Allocation Failure) 2019-06-25T07:21:41.152+0000: 342521.062: [ParNew: 9293K->813K(9792K), 0.0208572 secs] 75267K->66786K(128284K), 0.0222584 secs] [Times: user=0.04 sys=0.00, real=0.02 secs] 
Heap after GC invocations=4979 (full 142):
 par new generation   total 9792K, used 813K [0x00000000e1000000, 0x00000000e1aa0000, 0x00000000eb4a0000)
  eden space 8704K,   0% used [0x00000000e1000000, 0x00000000e1000000, 0x00000000e1880000)
  from space 1088K,  74% used [0x00000000e1990000, 0x00000000e1a5b410, 0x00000000e1aa0000)
  to   space 1088K,   0% used [0x00000000e1880000, 0x00000000e1880000, 0x00000000e1990000)
 concurrent mark-sweep generation total 118492K, used 65973K [0x00000000eb4a0000, 0x00000000f2857000, 0x0000000100000000)
 Metaspace       used 95725K, capacity 99861K, committed 100352K, reserved 1136640K
  class space    used 11677K, capacity 12443K, committed 12544K, reserved 1048576K
}
2019-06-25T07:23:09.442+0000: 342609.352: Application time: 88.2673156 seconds
2019-06-25T07:23:09.444+0000: 342609.354: Application time: 0.0015530 seconds
2019-06-25T07:23:21.736+0000: 342621.645: Application time: 12.2916921 seconds
{Heap before GC invocations=4979 (full 142):
 par new generation   total 9792K, used 9517K [0x00000000e1000000, 0x00000000e1aa0000, 0x00000000eb4a0000)
  eden space 8704K, 100% used [0x00000000e1000000, 0x00000000e1880000, 0x00000000e1880000)
  from space 1088K,  74% used [0x00000000e1990000, 0x00000000e1a5b410, 0x00000000e1aa0000)
  to   space 1088K,   0% used [0x00000000e1880000, 0x00000000e1880000, 0x00000000e1990000)
 concurrent mark-sweep generation total 118492K, used 65973K [0x00000000eb4a0000, 0x00000000f2857000, 0x0000000100000000)
 Metaspace       used 95729K, capacity 99873K, committed 100352K, reserved 1136640K
  class space    used 11678K, capacity 12445K, committed 12544K, reserved 1048576K
2019-06-25T07:23:21.736+0000: 342621.646: [GC (Allocation Failure) 2019-06-25T07:23:21.737+0000: 342621.647: [ParNew: 9517K->605K(9792K), 0.0038187 secs] 75490K->66712K(128284K), 0.0047876 secs] [Times: user=0.01 sys=0.00, real=0.01 secs] 
Heap after GC invocations=4980 (full 142):
 par new generation   total 9792K, used 605K [0x00000000e1000000, 0x00000000e1aa0000, 0x00000000eb4a0000)
  eden space 8704K,   0% used [0x00000000e1000000, 0x00000000e1000000, 0x00000000e1880000)
  from space 1088K,  55% used [0x00000000e1880000, 0x00000000e1917468, 0x00000000e1990000)
  to   space 1088K,   0% used [0x00000000e1990000, 0x00000000e1990000, 0x00000000e1aa0000)
 concurrent mark-sweep generation total 118492K, used 66107K [0x00000000eb4a0000, 0x00000000f2857000, 0x0000000100000000)
 Metaspace       used 95729K, capacity 99873K, committed 100352K, reserved 1136640K
  class space    used 11678K, capacity 12445K, committed 12544K, reserved 1048576K
}
2019-06-25T07:24:09.681+0000: 342669.591: Application time: 47.9391273 seconds
2019-06-25T07:25:05.539+0000: 342725.449: Application time: 55.8575865 seconds
{Heap before GC invocations=4980 (full 142):
 par new generation   total 9792K, used 9309K [0x00000000e1000000, 0x00000000e1aa0000, 0x00000000eb4a0000)
  eden space 8704K, 100% used [0x00000000e1000000, 0x00000000e1880000, 0x00000000e1880000)
  from space 1088K,  55% used [0x00000000e1880000, 0x00000000e1917468, 0x00000000e1990000)
  to   space 1088K,   0% used [0x00000000e1990000, 0x00000000e1990000, 0x00000000e1aa0000)
 concurrent mark-sweep generation total 118492K, used 66107K [0x00000000eb4a0000, 0x00000000f2857000, 0x0000000100000000)
 Metaspace       used 95729K, capacity 99873K, committed 100352K, reserved 1136640K
  class space    used 11678K, capacity 12445K, committed 12544K, reserved 1048576K
2019-06-25T07:25:05.540+0000: 342725.450: [GC (Allocation Failure) 2019-06-25T07:25:05.540+0000: 342725.450: [ParNew: 9309K->793K(9792K), 0.0071855 secs] 75416K->66900K(128284K), 0.0080553 secs] [Times: user=0.02 sys=0.00, real=0.01 secs] 
Heap after GC invocations=4981 (full 142):
 par new generation   total 9792K, used 793K [0x00000000e1000000, 0x00000000e1aa0000, 0x00000000eb4a0000)
  eden space 8704K,   0% used [0x00000000e1000000, 0x00000000e1000000, 0x00000000e1880000)
  from space 1088K,  72% used [0x00000000e1990000, 0x00000000e1a56728, 0x00000000e1aa0000)
  to   space 1088K,   0% used [0x00000000e1880000, 0x00000000e1880000, 0x00000000e1990000)
 concurrent mark-sweep generation total 118492K, used 66107K [0x00000000eb4a0000, 0x00000000f2857000, 0x0000000100000000)
 Metaspace       used 95729K, capacity 99873K, committed 100352K, reserved 1136640K
  class space    used 11678K, capacity 12445K, committed 12544K, reserved 1048576K
}
2019-06-25T07:26:42.311+0000: 342822.221: Application time: 96.7618884 seconds
{Heap before GC invocations=4981 (full 142):
 par new generation   total 9792K, used 9497K [0x00000000e1000000, 0x00000000e1aa0000, 0x00000000eb4a0000)
  eden space 8704K, 100% used [0x00000000e1000000, 0x00000000e1880000, 0x00000000e1880000)
  from space 1088K,  72% used [0x00000000e1990000, 0x00000000e1a56728, 0x00000000e1aa0000)
  to   space 1088K,   0% used [0x00000000e1880000, 0x00000000e1880000, 0x00000000e1990000)
 concurrent mark-sweep generation total 118492K, used 66107K [0x00000000eb4a0000, 0x00000000f2857000, 0x0000000100000000)
 Metaspace       used 95729K, capacity 99873K, committed 100352K, reserved 1136640K
  class space    used 11678K, capacity 12445K, committed 12544K, reserved 1048576K
2019-06-25T07:26:42.311+0000: 342822.221: [GC (Allocation Failure) 2019-06-25T07:26:42.312+0000: 342822.222: [ParNew: 9497K->722K(9792K), 0.0031945 secs] 75604K->66829K(128284K), 0.0039711 secs] [Times: user=0.00 sys=0.01, real=0.00 secs] 
Heap after GC invocations=4982 (full 142):
 par new generation   total 9792K, used 722K [0x00000000e1000000, 0x00000000e1aa0000, 0x00000000eb4a0000)
  eden space 8704K,   0% used [0x00000000e1000000, 0x00000000e1000000, 0x00000000e1880000)
  from space 1088K,  66% used [0x00000000e1880000, 0x00000000e19348f0, 0x00000000e1990000)
  to   space 1088K,   0% used [0x00000000e1990000, 0x00000000e1990000, 0x00000000e1aa0000)
 concurrent mark-sweep generation total 118492K, used 66107K [0x00000000eb4a0000, 0x00000000f2857000, 0x0000000100000000)
 Metaspace       used 95729K, capacity 99873K, committed 100352K, reserved 1136640K
  class space    used 11678K, capacity 12445K, committed 12544K, reserved 1048576K
}
2019-06-25T07:28:21.769+0000: 342921.679: Application time: 99.4530341 seconds
{Heap before GC invocations=4982 (full 142):
 par new generation   total 9792K, used 9426K [0x00000000e1000000, 0x00000000e1aa0000, 0x00000000eb4a0000)
  eden space 8704K, 100% used [0x00000000e1000000, 0x00000000e1880000, 0x00000000e1880000)
  from space 1088K,  66% used [0x00000000e1880000, 0x00000000e19348f0, 0x00000000e1990000)
  to   space 1088K,   0% used [0x00000000e1990000, 0x00000000e1990000, 0x00000000e1aa0000)
 concurrent mark-sweep generation total 118492K, used 66107K [0x00000000eb4a0000, 0x00000000f2857000, 0x0000000100000000)
 Metaspace       used 95729K, capacity 99873K, committed 100352K, reserved 1136640K
  class space    used 11678K, capacity 12445K, committed 12544K, reserved 1048576K
2019-06-25T07:28:21.776+0000: 342921.686: [GC (Allocation Failure) 2019-06-25T07:28:21.777+0000: 342921.687: [ParNew: 9426K->735K(9792K), 0.0037241 secs] 75533K->66844K(128284K), 0.0050469 secs] [Times: user=0.00 sys=0.00, real=0.01 secs] 
Heap after GC invocations=4983 (full 142):
 par new generation   total 9792K, used 735K [0x00000000e1000000, 0x00000000e1aa0000, 0x00000000eb4a0000)
  eden space 8704K,   0% used [0x00000000e1000000, 0x00000000e1000000, 0x00000000e1880000)
  from space 1088K,  67% used [0x00000000e1990000, 0x00000000e1a47d28, 0x00000000e1aa0000)
  to   space 1088K,   0% used [0x00000000e1880000, 0x00000000e1880000, 0x00000000e1990000)
 concurrent mark-sweep generation total 118492K, used 66108K [0x00000000eb4a0000, 0x00000000f2857000, 0x0000000100000000)
 Metaspace       used 95729K, capacity 99873K, committed 100352K, reserved 1136640K
  class space    used 11678K, capacity 12445K, committed 12544K, reserved 1048576K
}
2019-06-25T07:29:09.789+0000: 342969.698: Application time: 48.0063857 seconds
2019-06-25T07:29:10.479+0000: 342970.388: Application time: 0.6896892 seconds
2019-06-25T07:29:21.711+0000: 342981.620: Application time: 11.2313848 seconds
2019-06-25T07:30:06.363+0000: 343026.273: Application time: 44.6526428 seconds
{Heap before GC invocations=4983 (full 142):
 par new generation   total 9792K, used 9439K [0x00000000e1000000, 0x00000000e1aa0000, 0x00000000eb4a0000)
  eden space 8704K, 100% used [0x00000000e1000000, 0x00000000e1880000, 0x00000000e1880000)
  from space 1088K,  67% used [0x00000000e1990000, 0x00000000e1a47d28, 0x00000000e1aa0000)
  to   space 1088K,   0% used [0x00000000e1880000, 0x00000000e1880000, 0x00000000e1990000)
 concurrent mark-sweep generation total 118492K, used 66108K [0x00000000eb4a0000, 0x00000000f2857000, 0x0000000100000000)
 Metaspace       used 95729K, capacity 99873K, committed 100352K, reserved 1136640K
  class space    used 11678K, capacity 12445K, committed 12544K, reserved 1048576K
2019-06-25T07:30:06.364+0000: 343026.274: [GC (Allocation Failure) 2019-06-25T07:30:06.365+0000: 343026.274: [ParNew: 9439K->589K(9792K), 0.0033119 secs] 75548K->66726K(128284K), 0.0041792 secs] [Times: user=0.00 sys=0.00, real=0.01 secs] 
Heap after GC invocations=4984 (full 142):
 par new generation   total 9792K, used 589K [0x00000000e1000000, 0x00000000e1aa0000, 0x00000000eb4a0000)
  eden space 8704K,   0% used [0x00000000e1000000, 0x00000000e1000000, 0x00000000e1880000)
  from space 1088K,  54% used [0x00000000e1880000, 0x00000000e1913768, 0x00000000e1990000)
  to   space 1088K,   0% used [0x00000000e1990000, 0x00000000e1990000, 0x00000000e1aa0000)
 concurrent mark-sweep generation total 118492K, used 66136K [0x00000000eb4a0000, 0x00000000f2857000, 0x0000000100000000)
 Metaspace       used 95729K, capacity 99873K, committed 100352K, reserved 1136640K
  class space    used 11678K, capacity 12445K, committed 12544K, reserved 1048576K
}
2019-06-25T07:31:38.982+0000: 343118.892: Application time: 92.6127077 seconds
2019-06-25T07:31:38.984+0000: 343118.894: Application time: 0.0016162 seconds
2019-06-25T07:31:39.488+0000: 343119.398: Application time: 0.5036885 seconds
{Heap before GC invocations=4984 (full 142):
 par new generation   total 9792K, used 9293K [0x00000000e1000000, 0x00000000e1aa0000, 0x00000000eb4a0000)
  eden space 8704K, 100% used [0x00000000e1000000, 0x00000000e1880000, 0x00000000e1880000)
  from space 1088K,  54% used [0x00000000e1880000, 0x00000000e1913768, 0x00000000e1990000)
  to   space 1088K,   0% used [0x00000000e1990000, 0x00000000e1990000, 0x00000000e1aa0000)
 concurrent mark-sweep generation total 118492K, used 66136K [0x00000000eb4a0000, 0x00000000f2857000, 0x0000000100000000)
 Metaspace       used 95729K, capacity 99873K, committed 100352K, reserved 1136640K
  class space    used 11678K, capacity 12445K, committed 12544K, reserved 1048576K
2019-06-25T07:31:39.489+0000: 343119.399: [GC (Allocation Failure) 2019-06-25T07:31:39.489+0000: 343119.399: [ParNew: 9293K->788K(9792K), 0.0034846 secs] 75430K->66924K(128284K), 0.0042021 secs] [Times: user=0.01 sys=0.00, real=0.00 secs] 
Heap after GC invocations=4985 (full 142):
 par new generation   total 9792K, used 788K [0x00000000e1000000, 0x00000000e1aa0000, 0x00000000eb4a0000)
  eden space 8704K,   0% used [0x00000000e1000000, 0x00000000e1000000, 0x00000000e1880000)
  from space 1088K,  72% used [0x00000000e1990000, 0x00000000e1a550f0, 0x00000000e1aa0000)
  to   space 1088K,   0% used [0x00000000e1880000, 0x00000000e1880000, 0x00000000e1990000)
 concurrent mark-sweep generation total 118492K, used 66136K [0x00000000eb4a0000, 0x00000000f2857000, 0x0000000100000000)
 Metaspace       used 95729K, capacity 99873K, committed 100352K, reserved 1136640K
  class space    used 11678K, capacity 12445K, committed 12544K, reserved 1048576K
}
2019-06-25T07:33:05.044+0000: 343204.954: Application time: 85.5504846 seconds
{Heap before GC invocations=4985 (full 142):
 par new generation   total 9792K, used 9492K [0x00000000e1000000, 0x00000000e1aa0000, 0x00000000eb4a0000)
  eden space 8704K, 100% used [0x00000000e1000000, 0x00000000e1880000, 0x00000000e1880000)
  from space 1088K,  72% used [0x00000000e1990000, 0x00000000e1a550f0, 0x00000000e1aa0000)
  to   space 1088K,   0% used [0x00000000e1880000, 0x00000000e1880000, 0x00000000e1990000)
 concurrent mark-sweep generation total 118492K, used 66136K [0x00000000eb4a0000, 0x00000000f2857000, 0x0000000100000000)
 Metaspace       used 95729K, capacity 99873K, committed 100352K, reserved 1136640K
  class space    used 11678K, capacity 12445K, committed 12544K, reserved 1048576K
2019-06-25T07:33:05.045+0000: 343204.955: [GC (Allocation Failure) 2019-06-25T07:33:05.046+0000: 343204.955: [ParNew: 9492K->1088K(9792K), 0.0211363 secs] 75628K->67382K(128284K), 0.0222234 secs] [Times: user=0.03 sys=0.00, real=0.02 secs] 
Heap after GC invocations=4986 (full 142):
 par new generation   total 9792K, used 1088K [0x00000000e1000000, 0x00000000e1aa0000, 0x00000000eb4a0000)
  eden space 8704K,   0% used [0x00000000e1000000, 0x00000000e1000000, 0x00000000e1880000)
  from space 1088K, 100% used [0x00000000e1880000, 0x00000000e1990000, 0x00000000e1990000)
  to   space 1088K,   0% used [0x00000000e1990000, 0x00000000e1990000, 0x00000000e1aa0000)
 concurrent mark-sweep generation total 118492K, used 66294K [0x00000000eb4a0000, 0x00000000f2857000, 0x0000000100000000)
 Metaspace       used 95729K, capacity 99873K, committed 100352K, reserved 1136640K
  class space    used 11678K, capacity 12445K, committed 12544K, reserved 1048576K
}
2019-06-25T07:33:09.002+0000: 343208.912: Application time: 3.9338477 seconds
2019-06-25T07:33:10.040+0000: 343209.950: Application time: 1.0371743 seconds
2019-06-25T07:33:10.107+0000: 343210.016: Application time: 0.0663865 seconds
2019-06-25T07:33:11.107+0000: 343211.017: Application time: 1.0001751 seconds
2019-06-25T07:33:11.739+0000: 343211.649: Application time: 0.6318486 seconds
2019-06-25T07:33:11.740+0000: 343211.650: Application time: 0.0000704 seconds
2019-06-25T07:33:11.740+0000: 343211.650: Application time: 0.0000599 seconds
2019-06-25T07:33:11.740+0000: 343211.650: Application time: 0.0000637 seconds
2019-06-25T07:33:11.740+0000: 343211.650: Application time: 0.0000618 seconds
2019-06-25T07:33:11.741+0000: 343211.650: Application time: 0.0000635 seconds
2019-06-25T07:33:11.741+0000: 343211.651: Application time: 0.0000682 seconds
2019-06-25T07:33:11.741+0000: 343211.651: Application time: 0.0000617 seconds
2019-06-25T07:33:11.741+0000: 343211.651: Application time: 0.0001507 seconds
2019-06-25T07:33:11.742+0000: 343211.651: Application time: 0.0000834 seconds
2019-06-25T07:33:16.002+0000: 343215.912: Application time: 4.2604694 seconds
2019-06-25T07:33:16.037+0000: 343215.947: Application time: 0.0346944 seconds
2019-06-25T07:33:32.763+0000: 343232.673: Application time: 16.7257840 seconds
2019-06-25T07:33:32.764+0000: 343232.674: Application time: 0.0005332 seconds
2019-06-25T07:33:32.764+0000: 343232.674: Application time: 0.0000671 seconds
2019-06-25T07:33:32.765+0000: 343232.674: Application time: 0.0000622 seconds
2019-06-25T07:33:32.765+0000: 343232.675: Application time: 0.0000874 seconds
2019-06-25T07:33:32.765+0000: 343232.675: Application time: 0.0000566 seconds
2019-06-25T07:33:32.765+0000: 343232.675: Application time: 0.0000555 seconds
2019-06-25T07:33:32.765+0000: 343232.675: Application time: 0.0000601 seconds
2019-06-25T07:33:32.766+0000: 343232.676: Application time: 0.0001407 seconds
2019-06-25T07:33:32.766+0000: 343232.676: Application time: 0.0000885 seconds
2019-06-25T07:33:37.572+0000: 343237.481: Application time: 4.8055575 seconds
2019-06-25T07:33:37.608+0000: 343237.518: Application time: 0.0358258 seconds
2019-06-25T07:33:47.273+0000: 343247.182: Application time: 9.6645765 seconds
{Heap before GC invocations=4986 (full 142):
 par new generation   total 9792K, used 9792K [0x00000000e1000000, 0x00000000e1aa0000, 0x00000000eb4a0000)
  eden space 8704K, 100% used [0x00000000e1000000, 0x00000000e1880000, 0x00000000e1880000)
  from space 1088K, 100% used [0x00000000e1880000, 0x00000000e1990000, 0x00000000e1990000)
  to   space 1088K,   0% used [0x00000000e1990000, 0x00000000e1990000, 0x00000000e1aa0000)
 concurrent mark-sweep generation total 118492K, used 66294K [0x00000000eb4a0000, 0x00000000f2857000, 0x0000000100000000)
 Metaspace       used 95737K, capacity 99885K, committed 100352K, reserved 1136640K
  class space    used 11679K, capacity 12447K, committed 12544K, reserved 1048576K
2019-06-25T07:33:47.273+0000: 343247.183: [GC (Allocation Failure) 2019-06-25T07:33:47.274+0000: 343247.184: [ParNew: 9792K->584K(9792K), 0.0038525 secs] 76086K->67214K(128284K), 0.0046544 secs] [Times: user=0.00 sys=0.01, real=0.01 secs] 
Heap after GC invocations=4987 (full 142):
 par new generation   total 9792K, used 584K [0x00000000e1000000, 0x00000000e1aa0000, 0x00000000eb4a0000)
  eden space 8704K,   0% used [0x00000000e1000000, 0x00000000e1000000, 0x00000000e1880000)
  from space 1088K,  53% used [0x00000000e1990000, 0x00000000e1a22158, 0x00000000e1aa0000)
  to   space 1088K,   0% used [0x00000000e1880000, 0x00000000e1880000, 0x00000000e1990000)
 concurrent mark-sweep generation total 118492K, used 66630K [0x00000000eb4a0000, 0x00000000f2857000, 0x0000000100000000)
 Metaspace       used 95737K, capacity 99885K, committed 100352K, reserved 1136640K
  class space    used 11679K, capacity 12447K, committed 12544K, reserved 1048576K
}
2019-06-25T07:33:58.794+0000: 343258.704: Application time: 11.5150394 seconds
2019-06-25T07:33:58.794+0000: 343258.704: Application time: 0.0000703 seconds
2019-06-25T07:33:58.794+0000: 343258.704: Application time: 0.0000606 seconds
2019-06-25T07:33:58.795+0000: 343258.704: Application time: 0.0000684 seconds
2019-06-25T07:33:58.795+0000: 343258.705: Application time: 0.0000876 seconds
2019-06-25T07:33:58.795+0000: 343258.705: Application time: 0.0000536 seconds
2019-06-25T07:33:58.796+0000: 343258.705: Application time: 0.0000824 seconds
2019-06-25T07:33:58.796+0000: 343258.706: Application time: 0.0000630 seconds
2019-06-25T07:33:58.796+0000: 343258.706: Application time: 0.0001374 seconds
2019-06-25T07:33:58.796+0000: 343258.706: Application time: 0.0001326 seconds
2019-06-25T07:34:03.078+0000: 343262.988: Application time: 4.2813839 seconds
2019-06-25T07:34:03.106+0000: 343263.016: Application time: 0.0280146 seconds
2019-06-25T07:34:09.005+0000: 343268.915: Application time: 5.8989417 seconds
2019-06-25T07:34:09.375+0000: 343269.284: Application time: 0.3690334 seconds
{Heap before GC invocations=4987 (full 142):
 par new generation   total 9792K, used 9287K [0x00000000e1000000, 0x00000000e1aa0000, 0x00000000eb4a0000)
  eden space 8704K,  99% used [0x00000000e1000000, 0x00000000e187fc50, 0x00000000e1880000)
  from space 1088K,  53% used [0x00000000e1990000, 0x00000000e1a22158, 0x00000000e1aa0000)
  to   space 1088K,   0% used [0x00000000e1880000, 0x00000000e1880000, 0x00000000e1990000)
 concurrent mark-sweep generation total 118492K, used 66630K [0x00000000eb4a0000, 0x00000000f2857000, 0x0000000100000000)
 Metaspace       used 95737K, capacity 99885K, committed 100352K, reserved 1136640K
  class space    used 11679K, capacity 12447K, committed 12544K, reserved 1048576K
2019-06-25T07:34:09.375+0000: 343269.285: [GC (Allocation Failure) 2019-06-25T07:34:09.375+0000: 343269.285: [ParNew: 9287K->1088K(9792K), 0.0166973 secs] 75918K->67769K(128284K), 0.0172688 secs] [Times: user=0.02 sys=0.00, real=0.02 secs] 
Heap after GC invocations=4988 (full 142):
 par new generation   total 9792K, used 1088K [0x00000000e1000000, 0x00000000e1aa0000, 0x00000000eb4a0000)
  eden space 8704K,   0% used [0x00000000e1000000, 0x00000000e1000000, 0x00000000e1880000)
  from space 1088K, 100% used [0x00000000e1880000, 0x00000000e1990000, 0x00000000e1990000)
  to   space 1088K,   0% used [0x00000000e1990000, 0x00000000e1990000, 0x00000000e1aa0000)
 concurrent mark-sweep generation total 118492K, used 66681K [0x00000000eb4a0000, 0x00000000f2857000, 0x0000000100000000)
 Metaspace       used 95737K, capacity 99885K, committed 100352K, reserved 1136640K
  class space    used 11679K, capacity 12447K, committed 12544K, reserved 1048576K
}
2019-06-25T07:34:09.810+0000: 343269.720: Application time: 0.4172123 seconds
2019-06-25T07:34:09.810+0000: 343269.720: Application time: 0.0000664 seconds
2019-06-25T07:34:09.811+0000: 343269.721: Application time: 0.0001217 seconds
2019-06-25T07:34:09.811+0000: 343269.721: Application time: 0.0001215 seconds
2019-06-25T07:34:09.812+0000: 343269.722: Application time: 0.0000658 seconds
2019-06-25T07:34:09.812+0000: 343269.722: Application time: 0.0000612 seconds
2019-06-25T07:34:09.812+0000: 343269.722: Application time: 0.0000566 seconds
2019-06-25T07:34:09.812+0000: 343269.722: Application time: 0.0000600 seconds
2019-06-25T07:34:09.813+0000: 343269.722: Application time: 0.0001391 seconds
2019-06-25T07:34:09.813+0000: 343269.723: Application time: 0.0000806 seconds
2019-06-25T07:34:09.831+0000: 343269.741: Application time: 0.0180056 seconds
2019-06-25T07:34:09.840+0000: 343269.750: Application time: 0.0091258 seconds
2019-06-25T07:34:14.373+0000: 343274.283: Application time: 4.5328157 seconds
2019-06-25T07:34:14.419+0000: 343274.329: Application time: 0.0455990 seconds
2019-06-25T07:35:05.540+0000: 343325.450: Application time: 51.1202276 seconds
2019-06-25T07:35:09.208+0000: 343329.118: Application time: 3.6678479 seconds
2019-06-25T07:35:09.208+0000: 343329.118: Application time: 0.0000708 seconds
2019-06-25T07:35:09.209+0000: 343329.119: Application time: 0.0005481 seconds
2019-06-25T07:35:09.210+0000: 343329.119: Application time: 0.0000663 seconds
2019-06-25T07:35:09.210+0000: 343329.120: Application time: 0.0000610 seconds
2019-06-25T07:35:09.210+0000: 343329.120: Application time: 0.0000599 seconds
2019-06-25T07:35:09.210+0000: 343329.120: Application time: 0.0000646 seconds
2019-06-25T07:35:09.211+0000: 343329.120: Application time: 0.0001567 seconds
2019-06-25T07:35:09.211+0000: 343329.121: Application time: 0.0001631 seconds
2019-06-25T07:35:18.899+0000: 343338.809: Application time: 9.6883475 seconds
2019-06-25T07:35:18.900+0000: 343338.810: Application time: 0.0000738 seconds
2019-06-25T07:35:32.912+0000: 343352.821: Application time: 14.0117389 seconds
{Heap before GC invocations=4988 (full 142):
 par new generation   total 9792K, used 9792K [0x00000000e1000000, 0x00000000e1aa0000, 0x00000000eb4a0000)
  eden space 8704K, 100% used [0x00000000e1000000, 0x00000000e1880000, 0x00000000e1880000)
  from space 1088K, 100% used [0x00000000e1880000, 0x00000000e1990000, 0x00000000e1990000)
  to   space 1088K,   0% used [0x00000000e1990000, 0x00000000e1990000, 0x00000000e1aa0000)
 concurrent mark-sweep generation total 118492K, used 66681K [0x00000000eb4a0000, 0x00000000f2857000, 0x0000000100000000)
 Metaspace       used 95737K, capacity 99885K, committed 100352K, reserved 1136640K
  class space    used 11679K, capacity 12447K, committed 12544K, reserved 1048576K
2019-06-25T07:35:32.913+0000: 343352.822: [GC (Allocation Failure) 2019-06-25T07:35:32.913+0000: 343352.823: [ParNew: 9792K->728K(9792K), 0.0266882 secs] 76473K->67868K(128284K), 0.0274586 secs] [Times: user=0.05 sys=0.00, real=0.03 secs] 
Heap after GC invocations=4989 (full 142):
 par new generation   total 9792K, used 728K [0x00000000e1000000, 0x00000000e1aa0000, 0x00000000eb4a0000)
  eden space 8704K,   0% used [0x00000000e1000000, 0x00000000e1000000, 0x00000000e1880000)
  from space 1088K,  66% used [0x00000000e1990000, 0x00000000e1a463a8, 0x00000000e1aa0000)
  to   space 1088K,   0% used [0x00000000e1880000, 0x00000000e1880000, 0x00000000e1990000)
 concurrent mark-sweep generation total 118492K, used 67139K [0x00000000eb4a0000, 0x00000000f2857000, 0x0000000100000000)
 Metaspace       used 95737K, capacity 99885K, committed 100352K, reserved 1136640K
  class space    used 11679K, capacity 12447K, committed 12544K, reserved 1048576K
}
2019-06-25T07:36:05.540+0000: 343385.450: Application time: 32.5992258 seconds
2019-06-25T07:36:32.993+0000: 343412.902: Application time: 27.4523354 seconds
2019-06-25T07:36:32.993+0000: 343412.903: Application time: 0.0000752 seconds
2019-06-25T07:36:32.993+0000: 343412.903: Application time: 0.0000629 seconds
2019-06-25T07:36:32.997+0000: 343412.906: Application time: 0.0001040 seconds
2019-06-25T07:36:32.997+0000: 343412.907: Application time: 0.0000310 seconds
2019-06-25T07:36:32.997+0000: 343412.907: Application time: 0.0000637 seconds
2019-06-25T07:36:32.997+0000: 343412.907: Application time: 0.0001611 seconds
2019-06-25T07:36:32.998+0000: 343412.907: Application time: 0.0000919 seconds
2019-06-25T07:36:37.890+0000: 343417.800: Application time: 4.8920225 seconds
2019-06-25T07:36:37.983+0000: 343417.893: Application time: 0.0929627 seconds
2019-06-25T07:36:48.014+0000: 343427.924: Application time: 10.0310551 seconds
{Heap before GC invocations=4989 (full 142):
 par new generation   total 9792K, used 9432K [0x00000000e1000000, 0x00000000e1aa0000, 0x00000000eb4a0000)
  eden space 8704K, 100% used [0x00000000e1000000, 0x00000000e1880000, 0x00000000e1880000)
  from space 1088K,  66% used [0x00000000e1990000, 0x00000000e1a463a8, 0x00000000e1aa0000)
  to   space 1088K,   0% used [0x00000000e1880000, 0x00000000e1880000, 0x00000000e1990000)
 concurrent mark-sweep generation total 118492K, used 67139K [0x00000000eb4a0000, 0x00000000f2857000, 0x0000000100000000)
 Metaspace       used 95759K, capacity 99921K, committed 100352K, reserved 1136640K
  class space    used 11683K, capacity 12453K, committed 12544K, reserved 1048576K
2019-06-25T07:36:48.015+0000: 343427.925: [GC (Allocation Failure) 2019-06-25T07:36:48.015+0000: 343427.925: [ParNew: 9432K->817K(9792K), 0.0490102 secs] 76572K->68315K(128284K), 0.0496992 secs] [Times: user=0.07 sys=0.00, real=0.05 secs] 
Heap after GC invocations=4990 (full 142):
 par new generation   total 9792K, used 817K [0x00000000e1000000, 0x00000000e1aa0000, 0x00000000eb4a0000)
  eden space 8704K,   0% used [0x00000000e1000000, 0x00000000e1000000, 0x00000000e1880000)
  from space 1088K,  75% used [0x00000000e1880000, 0x00000000e194c700, 0x00000000e1990000)
  to   space 1088K,   0% used [0x00000000e1990000, 0x00000000e1990000, 0x00000000e1aa0000)
 concurrent mark-sweep generation total 118492K, used 67497K [0x00000000eb4a0000, 0x00000000f2857000, 0x0000000100000000)
 Metaspace       used 95759K, capacity 99921K, committed 100352K, reserved 1136640K
  class space    used 11683K, capacity 12453K, committed 12544K, reserved 1048576K
}
2019-06-25T07:37:28.054+0000: 343467.964: Application time: 39.9875337 seconds
2019-06-25T07:37:28.054+0000: 343467.964: Application time: 0.0000692 seconds
2019-06-25T07:37:28.055+0000: 343467.964: Application time: 0.0000634 seconds
2019-06-25T07:37:32.902+0000: 343472.811: Application time: 4.8468001 seconds
2019-06-25T07:37:32.942+0000: 343472.852: Application time: 0.0396784 seconds
2019-06-25T07:38:05.539+0000: 343505.449: Application time: 32.5973735 seconds
2019-06-25T07:38:05.541+0000: 343505.451: Application time: 0.0008528 seconds
{Heap before GC invocations=4990 (full 142):
 par new generation   total 9792K, used 9521K [0x00000000e1000000, 0x00000000e1aa0000, 0x00000000eb4a0000)
  eden space 8704K, 100% used [0x00000000e1000000, 0x00000000e1880000, 0x00000000e1880000)
  from space 1088K,  75% used [0x00000000e1880000, 0x00000000e194c700, 0x00000000e1990000)
  to   space 1088K,   0% used [0x00000000e1990000, 0x00000000e1990000, 0x00000000e1aa0000)
 concurrent mark-sweep generation total 118492K, used 67497K [0x00000000eb4a0000, 0x00000000f2857000, 0x0000000100000000)
 Metaspace       used 95759K, capacity 99921K, committed 100352K, reserved 1136640K
  class space    used 11683K, capacity 12453K, committed 12544K, reserved 1048576K
2019-06-25T07:38:05.541+0000: 343505.451: [GC (Allocation Failure) 2019-06-25T07:38:05.542+0000: 343505.451: [ParNew: 9521K->656K(9792K), 0.0037405 secs] 77019K->68154K(128284K), 0.0048589 secs] [Times: user=0.00 sys=0.01, real=0.00 secs] 
Heap after GC invocations=4991 (full 142):
 par new generation   total 9792K, used 656K [0x00000000e1000000, 0x00000000e1aa0000, 0x00000000eb4a0000)
  eden space 8704K,   0% used [0x00000000e1000000, 0x00000000e1000000, 0x00000000e1880000)
  from space 1088K,  60% used [0x00000000e1990000, 0x00000000e1a34238, 0x00000000e1aa0000)
  to   space 1088K,   0% used [0x00000000e1880000, 0x00000000e1880000, 0x00000000e1990000)
 concurrent mark-sweep generation total 118492K, used 67497K [0x00000000eb4a0000, 0x00000000f2857000, 0x0000000100000000)
 Metaspace       used 95759K, capacity 99921K, committed 100352K, reserved 1136640K
  class space    used 11683K, capacity 12453K, committed 12544K, reserved 1048576K
}
2019-06-25T07:39:10.528+0000: 343570.438: Application time: 64.9816127 seconds
2019-06-25T07:39:44.355+0000: 343604.264: Application time: 33.8258717 seconds
{Heap before GC invocations=4991 (full 142):
 par new generation   total 9792K, used 9360K [0x00000000e1000000, 0x00000000e1aa0000, 0x00000000eb4a0000)
  eden space 8704K, 100% used [0x00000000e1000000, 0x00000000e1880000, 0x00000000e1880000)
  from space 1088K,  60% used [0x00000000e1990000, 0x00000000e1a34238, 0x00000000e1aa0000)
  to   space 1088K,   0% used [0x00000000e1880000, 0x00000000e1880000, 0x00000000e1990000)
 concurrent mark-sweep generation total 118492K, used 67497K [0x00000000eb4a0000, 0x00000000f2857000, 0x0000000100000000)
 Metaspace       used 95759K, capacity 99921K, committed 100352K, reserved 1136640K
  class space    used 11683K, capacity 12453K, committed 12544K, reserved 1048576K
2019-06-25T07:39:44.355+0000: 343604.265: [GC (Allocation Failure) 2019-06-25T07:39:44.356+0000: 343604.266: [ParNew: 9360K->683K(9792K), 0.0033094 secs] 76858K->68314K(128284K), 0.0042544 secs] [Times: user=0.01 sys=0.00, real=0.01 secs] 
Heap after GC invocations=4992 (full 142):
 par new generation   total 9792K, used 683K [0x00000000e1000000, 0x00000000e1aa0000, 0x00000000eb4a0000)
  eden space 8704K,   0% used [0x00000000e1000000, 0x00000000e1000000, 0x00000000e1880000)
  from space 1088K,  62% used [0x00000000e1880000, 0x00000000e192af28, 0x00000000e1990000)
  to   space 1088K,   0% used [0x00000000e1990000, 0x00000000e1990000, 0x00000000e1aa0000)
 concurrent mark-sweep generation total 118492K, used 67630K [0x00000000eb4a0000, 0x00000000f2857000, 0x0000000100000000)
 Metaspace       used 95759K, capacity 99921K, committed 100352K, reserved 1136640K
  class space    used 11683K, capacity 12453K, committed 12544K, reserved 1048576K
}
2019-06-25T07:40:20.248+0000: 343640.157: Application time: 35.8871102 seconds
2019-06-25T07:40:20.248+0000: 343640.158: Application time: 0.0000738 seconds
2019-06-25T07:40:20.248+0000: 343640.158: Application time: 0.0000616 seconds
2019-06-25T07:40:20.248+0000: 343640.158: Application time: 0.0000997 seconds
2019-06-25T07:40:20.249+0000: 343640.159: Application time: 0.0000700 seconds
2019-06-25T07:40:20.249+0000: 343640.159: Application time: 0.0001336 seconds
2019-06-25T07:40:20.250+0000: 343640.159: Application time: 0.0001542 seconds
2019-06-25T07:40:20.256+0000: 343640.166: Application time: 0.0063683 seconds
2019-06-25T07:40:20.257+0000: 343640.166: Application time: 0.0000688 seconds
2019-06-25T07:40:24.383+0000: 343644.293: Application time: 4.1265630 seconds
2019-06-25T07:40:24.418+0000: 343644.327: Application time: 0.0340004 seconds
2019-06-25T07:40:37.269+0000: 343657.179: Application time: 12.8513193 seconds
2019-06-25T07:40:37.270+0000: 343657.179: Application time: 0.0000740 seconds
2019-06-25T07:40:37.270+0000: 343657.180: Application time: 0.0000771 seconds
2019-06-25T07:40:37.270+0000: 343657.180: Application time: 0.0000607 seconds
2019-06-25T07:40:37.270+0000: 343657.180: Application time: 0.0000625 seconds
2019-06-25T07:40:37.271+0000: 343657.180: Application time: 0.0002129 seconds
2019-06-25T07:40:37.271+0000: 343657.181: Application time: 0.0006993 seconds
2019-06-25T07:40:39.244+0000: 343659.154: Application time: 1.9723169 seconds
2019-06-25T07:41:04.044+0000: 343683.954: Application time: 24.8001559 seconds
{Heap before GC invocations=4992 (full 142):
 par new generation   total 9792K, used 9387K [0x00000000e1000000, 0x00000000e1aa0000, 0x00000000eb4a0000)
  eden space 8704K, 100% used [0x00000000e1000000, 0x00000000e1880000, 0x00000000e1880000)
  from space 1088K,  62% used [0x00000000e1880000, 0x00000000e192af28, 0x00000000e1990000)
  to   space 1088K,   0% used [0x00000000e1990000, 0x00000000e1990000, 0x00000000e1aa0000)
 concurrent mark-sweep generation total 118492K, used 67630K [0x00000000eb4a0000, 0x00000000f2857000, 0x0000000100000000)
 Metaspace       used 95759K, capacity 99921K, committed 100352K, reserved 1136640K
  class space    used 11683K, capacity 12453K, committed 12544K, reserved 1048576K
2019-06-25T07:41:04.045+0000: 343683.955: [GC (Allocation Failure) 2019-06-25T07:41:04.045+0000: 343683.955: [ParNew: 9387K->880K(9792K), 0.0033629 secs] 77018K->68511K(128284K), 0.0042746 secs] [Times: user=0.01 sys=0.00, real=0.01 secs] 
Heap after GC invocations=4993 (full 142):
 par new generation   total 9792K, used 880K [0x00000000e1000000, 0x00000000e1aa0000, 0x00000000eb4a0000)
  eden space 8704K,   0% used [0x00000000e1000000, 0x00000000e1000000, 0x00000000e1880000)
  from space 1088K,  80% used [0x00000000e1990000, 0x00000000e1a6c148, 0x00000000e1aa0000)
  to   space 1088K,   0% used [0x00000000e1880000, 0x00000000e1880000, 0x00000000e1990000)
 concurrent mark-sweep generation total 118492K, used 67630K [0x00000000eb4a0000, 0x00000000f2857000, 0x0000000100000000)
 Metaspace       used 95759K, capacity 99921K, committed 100352K, reserved 1136640K
  class space    used 11683K, capacity 12453K, committed 12544K, reserved 1048576K
}
2019-06-25T07:41:05.540+0000: 343685.450: Application time: 1.4899164 seconds
2019-06-25T07:42:41.406+0000: 343781.315: Application time: 95.8656877 seconds
{Heap before GC invocations=4993 (full 142):
 par new generation   total 9792K, used 9584K [0x00000000e1000000, 0x00000000e1aa0000, 0x00000000eb4a0000)
  eden space 8704K, 100% used [0x00000000e1000000, 0x00000000e1880000, 0x00000000e1880000)
  from space 1088K,  80% used [0x00000000e1990000, 0x00000000e1a6c148, 0x00000000e1aa0000)
  to   space 1088K,   0% used [0x00000000e1880000, 0x00000000e1880000, 0x00000000e1990000)
 concurrent mark-sweep generation total 118492K, used 67630K [0x00000000eb4a0000, 0x00000000f2857000, 0x0000000100000000)
 Metaspace       used 95759K, capacity 99921K, committed 100352K, reserved 1136640K
  class space    used 11683K, capacity 12453K, committed 12544K, reserved 1048576K
2019-06-25T07:42:41.406+0000: 343781.316: [GC (Allocation Failure) 2019-06-25T07:42:41.407+0000: 343781.317: [ParNew: 9584K->833K(9792K), 0.0398285 secs] 77215K->68626K(128284K), 0.0406122 secs] [Times: user=0.08 sys=0.00, real=0.04 secs] 
Heap after GC invocations=4994 (full 142):
 par new generation   total 9792K, used 833K [0x00000000e1000000, 0x00000000e1aa0000, 0x00000000eb4a0000)
  eden space 8704K,   0% used [0x00000000e1000000, 0x00000000e1000000, 0x00000000e1880000)
  from space 1088K,  76% used [0x00000000e1880000, 0x00000000e19504c0, 0x00000000e1990000)
  to   space 1088K,   0% used [0x00000000e1990000, 0x00000000e1990000, 0x00000000e1aa0000)
 concurrent mark-sweep generation total 118492K, used 67793K [0x00000000eb4a0000, 0x00000000f2857000, 0x0000000100000000)
 Metaspace       used 95759K, capacity 99921K, committed 100352K, reserved 1136640K
  class space    used 11683K, capacity 12453K, committed 12544K, reserved 1048576K
}
2019-06-25T07:43:39.040+0000: 343838.950: Application time: 57.5925190 seconds
2019-06-25T07:43:39.042+0000: 343838.952: Application time: 0.0016114 seconds
2019-06-25T07:44:10.556+0000: 343870.466: Application time: 31.5135322 seconds
2019-06-25T07:44:21.868+0000: 343881.777: Application time: 11.3112451 seconds
{Heap before GC invocations=4994 (full 142):
 par new generation   total 9792K, used 9537K [0x00000000e1000000, 0x00000000e1aa0000, 0x00000000eb4a0000)
  eden space 8704K, 100% used [0x00000000e1000000, 0x00000000e1880000, 0x00000000e1880000)
  from space 1088K,  76% used [0x00000000e1880000, 0x00000000e19504c0, 0x00000000e1990000)
  to   space 1088K,   0% used [0x00000000e1990000, 0x00000000e1990000, 0x00000000e1aa0000)
 concurrent mark-sweep generation total 118492K, used 67793K [0x00000000eb4a0000, 0x00000000f2857000, 0x0000000100000000)
 Metaspace       used 95759K, capacity 99921K, committed 100352K, reserved 1136640K
  class space    used 11683K, capacity 12453K, committed 12544K, reserved 1048576K
2019-06-25T07:44:21.874+0000: 343881.784: [GC (Allocation Failure) 2019-06-25T07:44:21.874+0000: 343881.784: [ParNew: 9537K->883K(9792K), 0.0319405 secs] 77330K->68832K(128284K), 0.0329057 secs] [Times: user=0.06 sys=0.00, real=0.03 secs] 
Heap after GC invocations=4995 (full 142):
 par new generation   total 9792K, used 883K [0x00000000e1000000, 0x00000000e1aa0000, 0x00000000eb4a0000)
  eden space 8704K,   0% used [0x00000000e1000000, 0x00000000e1000000, 0x00000000e1880000)
  from space 1088K,  81% used [0x00000000e1990000, 0x00000000e1a6cca8, 0x00000000e1aa0000)
  to   space 1088K,   0% used [0x00000000e1880000, 0x00000000e1880000, 0x00000000e1990000)
 concurrent mark-sweep generation total 118492K, used 67948K [0x00000000eb4a0000, 0x00000000f2857000, 0x0000000100000000)
 Metaspace       used 95759K, capacity 99921K, committed 100352K, reserved 1136640K
  class space    used 11683K, capacity 12453K, committed 12544K, reserved 1048576K
}
2019-06-25T07:46:06.541+0000: 343986.451: Application time: 104.6335025 seconds
{Heap before GC invocations=4995 (full 142):
 par new generation   total 9792K, used 9587K [0x00000000e1000000, 0x00000000e1aa0000, 0x00000000eb4a0000)
  eden space 8704K, 100% used [0x00000000e1000000, 0x00000000e1880000, 0x00000000e1880000)
  from space 1088K,  81% used [0x00000000e1990000, 0x00000000e1a6cca8, 0x00000000e1aa0000)
  to   space 1088K,   0% used [0x00000000e1880000, 0x00000000e1880000, 0x00000000e1990000)
 concurrent mark-sweep generation total 118492K, used 67948K [0x00000000eb4a0000, 0x00000000f2857000, 0x0000000100000000)
 Metaspace       used 95759K, capacity 99921K, committed 100352K, reserved 1136640K
  class space    used 11683K, capacity 12453K, committed 12544K, reserved 1048576K
2019-06-25T07:46:06.542+0000: 343986.452: [GC (Allocation Failure) 2019-06-25T07:46:06.543+0000: 343986.452: [ParNew: 9587K->661K(9792K), 0.0033688 secs] 77536K->68609K(128284K), 0.0044678 secs] [Times: user=0.01 sys=0.00, real=0.00 secs] 
Heap after GC invocations=4996 (full 142):
 par new generation   total 9792K, used 661K [0x00000000e1000000, 0x00000000e1aa0000, 0x00000000eb4a0000)
  eden space 8704K,   0% used [0x00000000e1000000, 0x00000000e1000000, 0x00000000e1880000)
  from space 1088K,  60% used [0x00000000e1880000, 0x00000000e1925428, 0x00000000e1990000)
  to   space 1088K,   0% used [0x00000000e1990000, 0x00000000e1990000, 0x00000000e1aa0000)
 concurrent mark-sweep generation total 118492K, used 67948K [0x00000000eb4a0000, 0x00000000f2857000, 0x0000000100000000)
 Metaspace       used 95759K, capacity 99921K, committed 100352K, reserved 1136640K
  class space    used 11683K, capacity 12453K, committed 12544K, reserved 1048576K
}
2019-06-25T07:47:42.288+0000: 344082.197: Application time: 95.7402824 seconds
{Heap before GC invocations=4996 (full 142):
 par new generation   total 9792K, used 9365K [0x00000000e1000000, 0x00000000e1aa0000, 0x00000000eb4a0000)
  eden space 8704K, 100% used [0x00000000e1000000, 0x00000000e1880000, 0x00000000e1880000)
  from space 1088K,  60% used [0x00000000e1880000, 0x00000000e1925428, 0x00000000e1990000)
  to   space 1088K,   0% used [0x00000000e1990000, 0x00000000e1990000, 0x00000000e1aa0000)
 concurrent mark-sweep generation total 118492K, used 67948K [0x00000000eb4a0000, 0x00000000f2857000, 0x0000000100000000)
 Metaspace       used 95759K, capacity 99921K, committed 100352K, reserved 1136640K
  class space    used 11683K, capacity 12453K, committed 12544K, reserved 1048576K
2019-06-25T07:47:42.288+0000: 344082.198: [GC (Allocation Failure) 2019-06-25T07:47:42.289+0000: 344082.199: [ParNew: 9365K->616K(9792K), 0.0036068 secs] 77313K->68577K(128284K), 0.0043865 secs] [Times: user=0.00 sys=0.00, real=0.00 secs] 
Heap after GC invocations=4997 (full 142):
 par new generation   total 9792K, used 616K [0x00000000e1000000, 0x00000000e1aa0000, 0x00000000eb4a0000)
  eden space 8704K,   0% used [0x00000000e1000000, 0x00000000e1000000, 0x00000000e1880000)
  from space 1088K,  56% used [0x00000000e1990000, 0x00000000e1a2a3d8, 0x00000000e1aa0000)
  to   space 1088K,   0% used [0x00000000e1880000, 0x00000000e1880000, 0x00000000e1990000)
 concurrent mark-sweep generation total 118492K, used 67960K [0x00000000eb4a0000, 0x00000000f2857000, 0x0000000100000000)
 Metaspace       used 95759K, capacity 99921K, committed 100352K, reserved 1136640K
  class space    used 11683K, capacity 12453K, committed 12544K, reserved 1048576K
}
2019-06-25T07:48:09.573+0000: 344109.483: Application time: 27.2795055 seconds
2019-06-25T07:48:09.575+0000: 344109.485: Application time: 0.0015070 seconds
2019-06-25T07:49:10.070+0000: 344169.980: Application time: 60.4954377 seconds
2019-06-25T07:49:21.937+0000: 344181.847: Application time: 11.8665522 seconds
{Heap before GC invocations=4997 (full 142):
 par new generation   total 9792K, used 9320K [0x00000000e1000000, 0x00000000e1aa0000, 0x00000000eb4a0000)
  eden space 8704K, 100% used [0x00000000e1000000, 0x00000000e1880000, 0x00000000e1880000)
  from space 1088K,  56% used [0x00000000e1990000, 0x00000000e1a2a3d8, 0x00000000e1aa0000)
  to   space 1088K,   0% used [0x00000000e1880000, 0x00000000e1880000, 0x00000000e1990000)
 concurrent mark-sweep generation total 118492K, used 67960K [0x00000000eb4a0000, 0x00000000f2857000, 0x0000000100000000)
 Metaspace       used 95759K, capacity 99921K, committed 100352K, reserved 1136640K
  class space    used 11683K, capacity 12453K, committed 12544K, reserved 1048576K
2019-06-25T07:49:21.938+0000: 344181.848: [GC (Allocation Failure) 2019-06-25T07:49:21.938+0000: 344181.848: [ParNew: 9320K->846K(9792K), 0.0272605 secs] 77281K->68907K(128284K), 0.0282296 secs] [Times: user=0.05 sys=0.00, real=0.03 secs] 
Heap after GC invocations=4998 (full 142):
 par new generation   total 9792K, used 846K [0x00000000e1000000, 0x00000000e1aa0000, 0x00000000eb4a0000)
  eden space 8704K,   0% used [0x00000000e1000000, 0x00000000e1000000, 0x00000000e1880000)
  from space 1088K,  77% used [0x00000000e1880000, 0x00000000e1953848, 0x00000000e1990000)
  to   space 1088K,   0% used [0x00000000e1990000, 0x00000000e1990000, 0x00000000e1aa0000)
 concurrent mark-sweep generation total 118492K, used 68061K [0x00000000eb4a0000, 0x00000000f2857000, 0x0000000100000000)
 Metaspace       used 95759K, capacity 99921K, committed 100352K, reserved 1136640K
  class space    used 11683K, capacity 12453K, committed 12544K, reserved 1048576K
}
2019-06-25T07:51:05.915+0000: 344285.825: Application time: 103.9482440 seconds
{Heap before GC invocations=4998 (full 142):
 par new generation   total 9792K, used 9550K [0x00000000e1000000, 0x00000000e1aa0000, 0x00000000eb4a0000)
  eden space 8704K, 100% used [0x00000000e1000000, 0x00000000e1880000, 0x00000000e1880000)
  from space 1088K,  77% used [0x00000000e1880000, 0x00000000e1953848, 0x00000000e1990000)
  to   space 1088K,   0% used [0x00000000e1990000, 0x00000000e1990000, 0x00000000e1aa0000)
 concurrent mark-sweep generation total 118492K, used 68061K [0x00000000eb4a0000, 0x00000000f2857000, 0x0000000100000000)
 Metaspace       used 95759K, capacity 99921K, committed 100352K, reserved 1136640K
  class space    used 11683K, capacity 12453K, committed 12544K, reserved 1048576K
2019-06-25T07:51:05.916+0000: 344285.826: [GC (Allocation Failure) 2019-06-25T07:51:05.916+0000: 344285.826: [ParNew: 9550K->660K(9792K), 0.0033776 secs] 77611K->68721K(128284K), 0.0041437 secs] [Times: user=0.00 sys=0.00, real=0.01 secs] 
Heap after GC invocations=4999 (full 142):
 par new generation   total 9792K, used 660K [0x00000000e1000000, 0x00000000e1aa0000, 0x00000000eb4a0000)
  eden space 8704K,   0% used [0x00000000e1000000, 0x00000000e1000000, 0x00000000e1880000)
  from space 1088K,  60% used [0x00000000e1990000, 0x00000000e1a351f0, 0x00000000e1aa0000)
  to   space 1088K,   0% used [0x00000000e1880000, 0x00000000e1880000, 0x00000000e1990000)
 concurrent mark-sweep generation total 118492K, used 68061K [0x00000000eb4a0000, 0x00000000f2857000, 0x0000000100000000)
 Metaspace       used 95759K, capacity 99921K, committed 100352K, reserved 1136640K
  class space    used 11683K, capacity 12453K, committed 12544K, reserved 1048576K
}
2019-06-25T07:52:43.473+0000: 344383.383: Application time: 97.5518191 seconds
{Heap before GC invocations=4999 (full 142):
 par new generation   total 9792K, used 9364K [0x00000000e1000000, 0x00000000e1aa0000, 0x00000000eb4a0000)
  eden space 8704K, 100% used [0x00000000e1000000, 0x00000000e1880000, 0x00000000e1880000)
  from space 1088K,  60% used [0x00000000e1990000, 0x00000000e1a351f0, 0x00000000e1aa0000)
  to   space 1088K,   0% used [0x00000000e1880000, 0x00000000e1880000, 0x00000000e1990000)
 concurrent mark-sweep generation total 118492K, used 68061K [0x00000000eb4a0000, 0x00000000f2857000, 0x0000000100000000)
 Metaspace       used 95759K, capacity 99921K, committed 100352K, reserved 1136640K
  class space    used 11683K, capacity 12453K, committed 12544K, reserved 1048576K
2019-06-25T07:52:43.474+0000: 344383.383: [GC (Allocation Failure) 2019-06-25T07:52:43.474+0000: 344383.384: [ParNew: 9364K->696K(9792K), 0.0032100 secs] 77425K->68785K(128284K), 0.0040324 secs] [Times: user=0.01 sys=0.00, real=0.00 secs] 
Heap after GC invocations=5000 (full 142):
 par new generation   total 9792K, used 696K [0x00000000e1000000, 0x00000000e1aa0000, 0x00000000eb4a0000)
  eden space 8704K,   0% used [0x00000000e1000000, 0x00000000e1000000, 0x00000000e1880000)
  from space 1088K,  63% used [0x00000000e1880000, 0x00000000e192e018, 0x00000000e1990000)
  to   space 1088K,   0% used [0x00000000e1990000, 0x00000000e1990000, 0x00000000e1aa0000)
 concurrent mark-sweep generation total 118492K, used 68089K [0x00000000eb4a0000, 0x00000000f2857000, 0x0000000100000000)
 Metaspace       used 95759K, capacity 99921K, committed 100352K, reserved 1136640K
  class space    used 11683K, capacity 12453K, committed 12544K, reserved 1048576K
}
2019-06-25T07:54:10.606+0000: 344470.516: Application time: 87.1277233 seconds
2019-06-25T07:54:21.841+0000: 344481.750: Application time: 11.2341766 seconds
2019-06-25T07:54:22.001+0000: 344481.911: Application time: 0.1604667 seconds
2019-06-25T07:54:22.512+0000: 344482.422: Application time: 0.5103678 seconds
{Heap before GC invocations=5000 (full 142):
 par new generation   total 9792K, used 9400K [0x00000000e1000000, 0x00000000e1aa0000, 0x00000000eb4a0000)
  eden space 8704K, 100% used [0x00000000e1000000, 0x00000000e1880000, 0x00000000e1880000)
  from space 1088K,  63% used [0x00000000e1880000, 0x00000000e192e018, 0x00000000e1990000)
  to   space 1088K,   0% used [0x00000000e1990000, 0x00000000e1990000, 0x00000000e1aa0000)
 concurrent mark-sweep generation total 118492K, used 68089K [0x00000000eb4a0000, 0x00000000f2857000, 0x0000000100000000)
 Metaspace       used 95759K, capacity 99921K, committed 100352K, reserved 1136640K
  class space    used 11683K, capacity 12453K, committed 12544K, reserved 1048576K
2019-06-25T07:54:22.520+0000: 344482.429: [GC (Allocation Failure) 2019-06-25T07:54:22.520+0000: 344482.430: [ParNew: 9400K->653K(9792K), 0.0087351 secs] 77489K->68743K(128284K), 0.0099845 secs] [Times: user=0.02 sys=0.00, real=0.01 secs] 
Heap after GC invocations=5001 (full 142):
 par new generation   total 9792K, used 653K [0x00000000e1000000, 0x00000000e1aa0000, 0x00000000eb4a0000)
  eden space 8704K,   0% used [0x00000000e1000000, 0x00000000e1000000, 0x00000000e1880000)
  from space 1088K,  60% used [0x00000000e1990000, 0x00000000e1a33760, 0x00000000e1aa0000)
  to   space 1088K,   0% used [0x00000000e1880000, 0x00000000e1880000, 0x00000000e1990000)
 concurrent mark-sweep generation total 118492K, used 68089K [0x00000000eb4a0000, 0x00000000f2857000, 0x0000000100000000)
 Metaspace       used 95759K, capacity 99921K, committed 100352K, reserved 1136640K
  class space    used 11683K, capacity 12453K, committed 12544K, reserved 1048576K
}
2019-06-25T07:56:07.359+0000: 344587.269: Application time: 104.8283325 seconds
{Heap before GC invocations=5001 (full 142):
 par new generation   total 9792K, used 9357K [0x00000000e1000000, 0x00000000e1aa0000, 0x00000000eb4a0000)
  eden space 8704K, 100% used [0x00000000e1000000, 0x00000000e1880000, 0x00000000e1880000)
  from space 1088K,  60% used [0x00000000e1990000, 0x00000000e1a33760, 0x00000000e1aa0000)
  to   space 1088K,   0% used [0x00000000e1880000, 0x00000000e1880000, 0x00000000e1990000)
 concurrent mark-sweep generation total 118492K, used 68089K [0x00000000eb4a0000, 0x00000000f2857000, 0x0000000100000000)
 Metaspace       used 95759K, capacity 99921K, committed 100352K, reserved 1136640K
  class space    used 11683K, capacity 12453K, committed 12544K, reserved 1048576K
2019-06-25T07:56:07.361+0000: 344587.271: [GC (Allocation Failure) 2019-06-25T07:56:07.361+0000: 344587.271: [ParNew: 9357K->707K(9792K), 0.0039001 secs] 77447K->68796K(128284K), 0.0046762 secs] [Times: user=0.00 sys=0.00, real=0.00 secs] 
Heap after GC invocations=5002 (full 142):
 par new generation   total 9792K, used 707K [0x00000000e1000000, 0x00000000e1aa0000, 0x00000000eb4a0000)
  eden space 8704K,   0% used [0x00000000e1000000, 0x00000000e1000000, 0x00000000e1880000)
  from space 1088K,  65% used [0x00000000e1880000, 0x00000000e1930d78, 0x00000000e1990000)
  to   space 1088K,   0% used [0x00000000e1990000, 0x00000000e1990000, 0x00000000e1aa0000)
 concurrent mark-sweep generation total 118492K, used 68089K [0x00000000eb4a0000, 0x00000000f2857000, 0x0000000100000000)
 Metaspace       used 95759K, capacity 99921K, committed 100352K, reserved 1136640K
  class space    used 11683K, capacity 12453K, committed 12544K, reserved 1048576K
}
2019-06-25T07:57:46.350+0000: 344686.260: Application time: 98.9835924 seconds
{Heap before GC invocations=5002 (full 142):
 par new generation   total 9792K, used 9411K [0x00000000e1000000, 0x00000000e1aa0000, 0x00000000eb4a0000)
  eden space 8704K, 100% used [0x00000000e1000000, 0x00000000e1880000, 0x00000000e1880000)
  from space 1088K,  65% used [0x00000000e1880000, 0x00000000e1930d78, 0x00000000e1990000)
  to   space 1088K,   0% used [0x00000000e1990000, 0x00000000e1990000, 0x00000000e1aa0000)
 concurrent mark-sweep generation total 118492K, used 68089K [0x00000000eb4a0000, 0x00000000f2857000, 0x0000000100000000)
 Metaspace       used 95759K, capacity 99921K, committed 100352K, reserved 1136640K
  class space    used 11683K, capacity 12453K, committed 12544K, reserved 1048576K
2019-06-25T07:57:46.351+0000: 344686.261: [GC (Allocation Failure) 2019-06-25T07:57:46.351+0000: 344686.261: [ParNew: 9411K->628K(9792K), 0.0033918 secs] 77500K->68718K(128284K), 0.0044647 secs] [Times: user=0.01 sys=0.00, real=0.00 secs] 
Heap after GC invocations=5003 (full 142):
 par new generation   total 9792K, used 628K [0x00000000e1000000, 0x00000000e1aa0000, 0x00000000eb4a0000)
  eden space 8704K,   0% used [0x00000000e1000000, 0x00000000e1000000, 0x00000000e1880000)
  from space 1088K,  57% used [0x00000000e1990000, 0x00000000e1a2d330, 0x00000000e1aa0000)
  to   space 1088K,   0% used [0x00000000e1880000, 0x00000000e1880000, 0x00000000e1990000)
 concurrent mark-sweep generation total 118492K, used 68089K [0x00000000eb4a0000, 0x00000000f2857000, 0x0000000100000000)
 Metaspace       used 95759K, capacity 99921K, committed 100352K, reserved 1136640K
  class space    used 11683K, capacity 12453K, committed 12544K, reserved 1048576K
}
2019-06-25T07:59:10.629+0000: 344770.539: Application time: 84.2731841 seconds
2019-06-25T07:59:26.436+0000: 344786.346: Application time: 15.8067517 seconds
{Heap before GC invocations=5003 (full 142):
 par new generation   total 9792K, used 9332K [0x00000000e1000000, 0x00000000e1aa0000, 0x00000000eb4a0000)
  eden space 8704K, 100% used [0x00000000e1000000, 0x00000000e1880000, 0x00000000e1880000)
  from space 1088K,  57% used [0x00000000e1990000, 0x00000000e1a2d330, 0x00000000e1aa0000)
  to   space 1088K,   0% used [0x00000000e1880000, 0x00000000e1880000, 0x00000000e1990000)
 concurrent mark-sweep generation total 118492K, used 68089K [0x00000000eb4a0000, 0x00000000f2857000, 0x0000000100000000)
 Metaspace       used 95759K, capacity 99921K, committed 100352K, reserved 1136640K
  class space    used 11683K, capacity 12453K, committed 12544K, reserved 1048576K
2019-06-25T07:59:26.437+0000: 344786.347: [GC (Allocation Failure) 2019-06-25T07:59:26.438+0000: 344786.347: [ParNew: 9332K->663K(9792K), 0.0035028 secs] 77422K->68753K(128284K), 0.0044188 secs] [Times: user=0.01 sys=0.00, real=0.01 secs] 
Heap after GC invocations=5004 (full 142):
 par new generation   total 9792K, used 663K [0x00000000e1000000, 0x00000000e1aa0000, 0x00000000eb4a0000)
  eden space 8704K,   0% used [0x00000000e1000000, 0x00000000e1000000, 0x00000000e1880000)
  from space 1088K,  61% used [0x00000000e1880000, 0x00000000e1925f60, 0x00000000e1990000)
  to   space 1088K,   0% used [0x00000000e1990000, 0x00000000e1990000, 0x00000000e1aa0000)
 concurrent mark-sweep generation total 118492K, used 68089K [0x00000000eb4a0000, 0x00000000f2857000, 0x0000000100000000)
 Metaspace       used 95759K, capacity 99921K, committed 100352K, reserved 1136640K
  class space    used 11683K, capacity 12453K, committed 12544K, reserved 1048576K
}
2019-06-25T08:01:09.071+0000: 344888.981: Application time: 102.6284802 seconds
{Heap before GC invocations=5004 (full 142):
 par new generation   total 9792K, used 9367K [0x00000000e1000000, 0x00000000e1aa0000, 0x00000000eb4a0000)
  eden space 8704K, 100% used [0x00000000e1000000, 0x00000000e1880000, 0x00000000e1880000)
  from space 1088K,  61% used [0x00000000e1880000, 0x00000000e1925f60, 0x00000000e1990000)
  to   space 1088K,   0% used [0x00000000e1990000, 0x00000000e1990000, 0x00000000e1aa0000)
 concurrent mark-sweep generation total 118492K, used 68089K [0x00000000eb4a0000, 0x00000000f2857000, 0x0000000100000000)
 Metaspace       used 95759K, capacity 99921K, committed 100352K, reserved 1136640K
  class space    used 11683K, capacity 12453K, committed 12544K, reserved 1048576K
2019-06-25T08:01:09.072+0000: 344888.982: [GC (Allocation Failure) 2019-06-25T08:01:09.072+0000: 344888.982: [ParNew: 9367K->739K(9792K), 0.0033368 secs] 77457K->68828K(128284K), 0.0041756 secs] [Times: user=0.00 sys=0.01, real=0.00 secs] 
Heap after GC invocations=5005 (full 142):
 par new generation   total 9792K, used 739K [0x00000000e1000000, 0x00000000e1aa0000, 0x00000000eb4a0000)
  eden space 8704K,   0% used [0x00000000e1000000, 0x00000000e1000000, 0x00000000e1880000)
  from space 1088K,  67% used [0x00000000e1990000, 0x00000000e1a48d38, 0x00000000e1aa0000)
  to   space 1088K,   0% used [0x00000000e1880000, 0x00000000e1880000, 0x00000000e1990000)
 concurrent mark-sweep generation total 118492K, used 68089K [0x00000000eb4a0000, 0x00000000f2857000, 0x0000000100000000)
 Metaspace       used 95759K, capacity 99921K, committed 100352K, reserved 1136640K
  class space    used 11683K, capacity 12453K, committed 12544K, reserved 1048576K
}
2019-06-25T08:02:48.414+0000: 344988.324: Application time: 99.3376197 seconds
{Heap before GC invocations=5005 (full 142):
 par new generation   total 9792K, used 9443K [0x00000000e1000000, 0x00000000e1aa0000, 0x00000000eb4a0000)
  eden space 8704K, 100% used [0x00000000e1000000, 0x00000000e1880000, 0x00000000e1880000)
  from space 1088K,  67% used [0x00000000e1990000, 0x00000000e1a48d38, 0x00000000e1aa0000)
  to   space 1088K,   0% used [0x00000000e1880000, 0x00000000e1880000, 0x00000000e1990000)
 concurrent mark-sweep generation total 118492K, used 68089K [0x00000000eb4a0000, 0x00000000f2857000, 0x0000000100000000)
 Metaspace       used 95759K, capacity 99921K, committed 100352K, reserved 1136640K
  class space    used 11683K, capacity 12453K, committed 12544K, reserved 1048576K
2019-06-25T08:02:48.419+0000: 344988.329: [GC (Allocation Failure) 2019-06-25T08:02:48.419+0000: 344988.329: [ParNew: 9443K->673K(9792K), 0.0035515 secs] 77532K->68790K(128284K), 0.0042745 secs] [Times: user=0.00 sys=0.01, real=0.00 secs] 
Heap after GC invocations=5006 (full 142):
 par new generation   total 9792K, used 673K [0x00000000e1000000, 0x00000000e1aa0000, 0x00000000eb4a0000)
  eden space 8704K,   0% used [0x00000000e1000000, 0x00000000e1000000, 0x00000000e1880000)
  from space 1088K,  61% used [0x00000000e1880000, 0x00000000e1928528, 0x00000000e1990000)
  to   space 1088K,   0% used [0x00000000e1990000, 0x00000000e1990000, 0x00000000e1aa0000)
 concurrent mark-sweep generation total 118492K, used 68117K [0x00000000eb4a0000, 0x00000000f2857000, 0x0000000100000000)
 Metaspace       used 95759K, capacity 99921K, committed 100352K, reserved 1136640K
  class space    used 11683K, capacity 12453K, committed 12544K, reserved 1048576K
}
2019-06-25T08:02:48.819+0000: 344988.729: Application time: 0.3951883 seconds
2019-06-25T08:02:48.819+0000: 344988.729: Application time: 0.0000749 seconds
2019-06-25T08:02:53.425+0000: 344993.334: Application time: 4.6049708 seconds
2019-06-25T08:02:53.459+0000: 344993.368: Application time: 0.0337681 seconds
2019-06-25T08:03:00.032+0000: 344999.942: Application time: 6.5727825 seconds
2019-06-25T08:03:00.694+0000: 345000.603: Application time: 0.6610027 seconds
2019-06-25T08:03:00.694+0000: 345000.604: Application time: 0.0001985 seconds
2019-06-25T08:03:00.694+0000: 345000.604: Application time: 0.0001607 seconds
2019-06-25T08:03:00.695+0000: 345000.605: Application time: 0.0001883 seconds
2019-06-25T08:03:00.695+0000: 345000.605: Application time: 0.0001459 seconds
2019-06-25T08:03:00.696+0000: 345000.605: Application time: 0.0002700 seconds
2019-06-25T08:03:00.696+0000: 345000.606: Application time: 0.0003397 seconds
2019-06-25T08:03:00.831+0000: 345000.741: Application time: 0.1344555 seconds
2019-06-25T08:03:00.831+0000: 345000.741: Application time: 0.0000700 seconds
2019-06-25T08:03:05.033+0000: 345004.943: Application time: 4.2018940 seconds
2019-06-25T08:03:05.058+0000: 345004.968: Application time: 0.0248448 seconds
2019-06-25T08:03:05.538+0000: 345005.448: Application time: 0.4799233 seconds
2019-06-25T08:03:09.082+0000: 345008.993: Application time: 3.5440119 seconds
2019-06-25T08:03:15.325+0000: 345015.235: Application time: 6.2422159 seconds
{Heap before GC invocations=5006 (full 142):
 par new generation   total 9792K, used 9377K [0x00000000e1000000, 0x00000000e1aa0000, 0x00000000eb4a0000)
  eden space 8704K, 100% used [0x00000000e1000000, 0x00000000e1880000, 0x00000000e1880000)
  from space 1088K,  61% used [0x00000000e1880000, 0x00000000e1928528, 0x00000000e1990000)
  to   space 1088K,   0% used [0x00000000e1990000, 0x00000000e1990000, 0x00000000e1aa0000)
 concurrent mark-sweep generation total 118492K, used 68117K [0x00000000eb4a0000, 0x00000000f2857000, 0x0000000100000000)
 Metaspace       used 95759K, capacity 99921K, committed 100352K, reserved 1136640K
  class space    used 11683K, capacity 12453K, committed 12544K, reserved 1048576K
2019-06-25T08:03:15.326+0000: 345015.235: [GC (Allocation Failure) 2019-06-25T08:03:15.326+0000: 345015.236: [ParNew: 9377K->1088K(9792K), 0.0045060 secs] 77494K->69205K(128284K), 0.0053964 secs] [Times: user=0.01 sys=0.00, real=0.01 secs] 
Heap after GC invocations=5007 (full 142):
 par new generation   total 9792K, used 1088K [0x00000000e1000000, 0x00000000e1aa0000, 0x00000000eb4a0000)
  eden space 8704K,   0% used [0x00000000e1000000, 0x00000000e1000000, 0x00000000e1880000)
  from space 1088K, 100% used [0x00000000e1990000, 0x00000000e1aa0000, 0x00000000e1aa0000)
  to   space 1088K,   0% used [0x00000000e1880000, 0x00000000e1880000, 0x00000000e1990000)
 concurrent mark-sweep generation total 118492K, used 68117K [0x00000000eb4a0000, 0x00000000f2857000, 0x0000000100000000)
 Metaspace       used 95759K, capacity 99921K, committed 100352K, reserved 1136640K
  class space    used 11683K, capacity 12453K, committed 12544K, reserved 1048576K
}
2019-06-25T08:03:15.712+0000: 345015.622: Application time: 0.3801534 seconds
2019-06-25T08:03:15.713+0000: 345015.623: Application time: 0.0000850 seconds
2019-06-25T08:03:15.713+0000: 345015.623: Application time: 0.0000620 seconds
2019-06-25T08:03:15.713+0000: 345015.623: Application time: 0.0000638 seconds
2019-06-25T08:03:15.718+0000: 345015.627: Application time: 0.0001055 seconds
2019-06-25T08:03:15.718+0000: 345015.628: Application time: 0.0001473 seconds
2019-06-25T08:03:15.718+0000: 345015.628: Application time: 0.0000707 seconds
2019-06-25T08:03:15.847+0000: 345015.757: Application time: 0.1288953 seconds
2019-06-25T08:03:15.848+0000: 345015.758: Application time: 0.0001819 seconds
2019-06-25T08:03:15.848+0000: 345015.758: Application time: 0.0001436 seconds
2019-06-25T08:03:15.848+0000: 345015.758: Application time: 0.0001373 seconds
2019-06-25T08:03:15.849+0000: 345015.758: Application time: 0.0000795 seconds
2019-06-25T08:03:15.849+0000: 345015.759: Application time: 0.0000878 seconds
2019-06-25T08:03:20.323+0000: 345020.232: Application time: 4.4734904 seconds
2019-06-25T08:03:20.355+0000: 345020.265: Application time: 0.0321079 seconds
2019-06-25T08:03:24.847+0000: 345024.757: Application time: 4.4921682 seconds
2019-06-25T08:03:24.858+0000: 345024.767: Application time: 0.0096737 seconds
2019-06-25T08:03:24.858+0000: 345024.768: Application time: 0.0005897 seconds
2019-06-25T08:03:24.859+0000: 345024.769: Application time: 0.0000642 seconds
2019-06-25T08:03:25.729+0000: 345025.639: Application time: 0.8696060 seconds
2019-06-25T08:03:25.729+0000: 345025.639: Application time: 0.0000878 seconds
2019-06-25T08:03:25.730+0000: 345025.639: Application time: 0.0000601 seconds
2019-06-25T08:03:25.730+0000: 345025.640: Application time: 0.0000614 seconds
2019-06-25T08:03:25.730+0000: 345025.640: Application time: 0.0000584 seconds
2019-06-25T08:03:25.730+0000: 345025.640: Application time: 0.0000573 seconds
2019-06-25T08:03:25.731+0000: 345025.640: Application time: 0.0000806 seconds
2019-06-25T08:03:25.731+0000: 345025.641: Application time: 0.0000646 seconds
2019-06-25T08:03:25.731+0000: 345025.641: Application time: 0.0001457 seconds
2019-06-25T08:03:25.731+0000: 345025.641: Application time: 0.0000774 seconds
2019-06-25T08:03:29.848+0000: 345029.758: Application time: 4.1170799 seconds
2019-06-25T08:03:29.874+0000: 345029.784: Application time: 0.0256960 seconds
2019-06-25T08:03:35.801+0000: 345035.711: Application time: 5.9265624 seconds
2019-06-25T08:03:35.825+0000: 345035.735: Application time: 0.0232081 seconds
2019-06-25T08:03:41.396+0000: 345041.306: Application time: 5.5708281 seconds
{Heap before GC invocations=5007 (full 142):
 par new generation   total 9792K, used 9789K [0x00000000e1000000, 0x00000000e1aa0000, 0x00000000eb4a0000)
  eden space 8704K,  99% used [0x00000000e1000000, 0x00000000e187f420, 0x00000000e1880000)
  from space 1088K, 100% used [0x00000000e1990000, 0x00000000e1aa0000, 0x00000000e1aa0000)
  to   space 1088K,   0% used [0x00000000e1880000, 0x00000000e1880000, 0x00000000e1990000)
 concurrent mark-sweep generation total 118492K, used 68117K [0x00000000eb4a0000, 0x00000000f2857000, 0x0000000100000000)
 Metaspace       used 95778K, capacity 99951K, committed 100352K, reserved 1136640K
  class space    used 11685K, capacity 12458K, committed 12544K, reserved 1048576K
2019-06-25T08:03:41.396+0000: 345041.306: [GC (Allocation Failure) 2019-06-25T08:03:41.397+0000: 345041.307: [ParNew: 9789K->1088K(9792K), 0.0155375 secs] 77906K->69492K(128284K), 0.0167572 secs] [Times: user=0.03 sys=0.00, real=0.02 secs] 
Heap after GC invocations=5008 (full 142):
 par new generation   total 9792K, used 1088K [0x00000000e1000000, 0x00000000e1aa0000, 0x00000000eb4a0000)
  eden space 8704K,   0% used [0x00000000e1000000, 0x00000000e1000000, 0x00000000e1880000)
  from space 1088K, 100% used [0x00000000e1880000, 0x00000000e1990000, 0x00000000e1990000)
  to   space 1088K,   0% used [0x00000000e1990000, 0x00000000e1990000, 0x00000000e1aa0000)
 concurrent mark-sweep generation total 118492K, used 68404K [0x00000000eb4a0000, 0x00000000f2857000, 0x0000000100000000)
 Metaspace       used 95778K, capacity 99951K, committed 100352K, reserved 1136640K
  class space    used 11685K, capacity 12458K, committed 12544K, reserved 1048576K
}
2019-06-25T08:03:41.875+0000: 345041.785: Application time: 0.4614324 seconds
2019-06-25T08:03:41.876+0000: 345041.786: Application time: 0.0000751 seconds
2019-06-25T08:03:41.876+0000: 345041.786: Application time: 0.0001398 seconds
2019-06-25T08:03:41.876+0000: 345041.786: Application time: 0.0000646 seconds
2019-06-25T08:03:41.877+0000: 345041.787: Application time: 0.0000634 seconds
2019-06-25T08:03:41.877+0000: 345041.787: Application time: 0.0000590 seconds
2019-06-25T08:03:41.877+0000: 345041.787: Application time: 0.0000589 seconds
2019-06-25T08:03:41.878+0000: 345041.787: Application time: 0.0000660 seconds
2019-06-25T08:03:41.878+0000: 345041.788: Application time: 0.0001315 seconds
2019-06-25T08:03:43.273+0000: 345043.183: Application time: 1.3948161 seconds
2019-06-25T08:03:43.764+0000: 345043.674: Application time: 0.4895728 seconds
2019-06-25T08:03:43.765+0000: 345043.674: Application time: 0.0000861 seconds
2019-06-25T08:03:43.880+0000: 345043.790: Application time: 0.1149968 seconds
2019-06-25T08:03:43.880+0000: 345043.790: Application time: 0.0001733 seconds
2019-06-25T08:03:43.881+0000: 345043.790: Application time: 0.0001927 seconds
2019-06-25T08:03:43.881+0000: 345043.791: Application time: 0.0001648 seconds
2019-06-25T08:03:43.881+0000: 345043.791: Application time: 0.0001491 seconds
2019-06-25T08:03:43.882+0000: 345043.792: Application time: 0.0007185 seconds
2019-06-25T08:03:43.882+0000: 345043.792: Application time: 0.0000808 seconds
2019-06-25T08:03:43.883+0000: 345043.793: Application time: 0.0001649 seconds
2019-06-25T08:03:48.275+0000: 345048.185: Application time: 4.3925105 seconds
2019-06-25T08:03:48.300+0000: 345048.210: Application time: 0.0241695 seconds
2019-06-25T08:04:09.086+0000: 345068.995: Application time: 20.7855213 seconds
2019-06-25T08:04:10.145+0000: 345070.055: Application time: 1.0589457 seconds
2019-06-25T08:04:54.949+0000: 345114.858: Application time: 44.8036384 seconds
{Heap before GC invocations=5008 (full 142):
 par new generation   total 9792K, used 9792K [0x00000000e1000000, 0x00000000e1aa0000, 0x00000000eb4a0000)
  eden space 8704K, 100% used [0x00000000e1000000, 0x00000000e1880000, 0x00000000e1880000)
  from space 1088K, 100% used [0x00000000e1880000, 0x00000000e1990000, 0x00000000e1990000)
  to   space 1088K,   0% used [0x00000000e1990000, 0x00000000e1990000, 0x00000000e1aa0000)
 concurrent mark-sweep generation total 118492K, used 68404K [0x00000000eb4a0000, 0x00000000f2857000, 0x0000000100000000)
 Metaspace       used 95800K, capacity 99987K, committed 100352K, reserved 1136640K
  class space    used 11688K, capacity 12464K, committed 12544K, reserved 1048576K
2019-06-25T08:04:54.950+0000: 345114.859: [GC (Allocation Failure) 2019-06-25T08:04:54.950+0000: 345114.860: [ParNew: 9792K->961K(9792K), 0.0394209 secs] 78196K->69764K(128284K), 0.0402736 secs] [Times: user=0.06 sys=0.00, real=0.04 secs] 
Heap after GC invocations=5009 (full 142):
 par new generation   total 9792K, used 961K [0x00000000e1000000, 0x00000000e1aa0000, 0x00000000eb4a0000)
  eden space 8704K,   0% used [0x00000000e1000000, 0x00000000e1000000, 0x00000000e1880000)
  from space 1088K,  88% used [0x00000000e1990000, 0x00000000e1a80538, 0x00000000e1aa0000)
  to   space 1088K,   0% used [0x00000000e1880000, 0x00000000e1880000, 0x00000000e1990000)
 concurrent mark-sweep generation total 118492K, used 68803K [0x00000000eb4a0000, 0x00000000f2857000, 0x0000000100000000)
 Metaspace       used 95800K, capacity 99987K, committed 100352K, reserved 1136640K
  class space    used 11688K, capacity 12464K, committed 12544K, reserved 1048576K
}
2019-06-25T08:06:24.539+0000: 345204.449: Application time: 89.5485630 seconds
{Heap before GC invocations=5009 (full 142):
 par new generation   total 9792K, used 9663K [0x00000000e1000000, 0x00000000e1aa0000, 0x00000000eb4a0000)
  eden space 8704K,  99% used [0x00000000e1000000, 0x00000000e187faa8, 0x00000000e1880000)
  from space 1088K,  88% used [0x00000000e1990000, 0x00000000e1a80538, 0x00000000e1aa0000)
  to   space 1088K,   0% used [0x00000000e1880000, 0x00000000e1880000, 0x00000000e1990000)
 concurrent mark-sweep generation total 118492K, used 68803K [0x00000000eb4a0000, 0x00000000f2857000, 0x0000000100000000)
 Metaspace       used 95800K, capacity 99987K, committed 100352K, reserved 1136640K
  class space    used 11688K, capacity 12464K, committed 12544K, reserved 1048576K
2019-06-25T08:06:24.540+0000: 345204.450: [GC (Allocation Failure) 2019-06-25T08:06:24.540+0000: 345204.450: [ParNew: 9663K->918K(9792K), 0.0383720 secs] 78467K->70051K(128284K), 0.0391198 secs] [Times: user=0.03 sys=0.01, real=0.04 secs] 
Heap after GC invocations=5010 (full 142):
 par new generation   total 9792K, used 918K [0x00000000e1000000, 0x00000000e1aa0000, 0x00000000eb4a0000)
  eden space 8704K,   0% used [0x00000000e1000000, 0x00000000e1000000, 0x00000000e1880000)
  from space 1088K,  84% used [0x00000000e1880000, 0x00000000e1965960, 0x00000000e1990000)
  to   space 1088K,   0% used [0x00000000e1990000, 0x00000000e1990000, 0x00000000e1aa0000)
 concurrent mark-sweep generation total 118492K, used 69133K [0x00000000eb4a0000, 0x00000000f2857000, 0x0000000100000000)
 Metaspace       used 95800K, capacity 99987K, committed 100352K, reserved 1136640K
  class space    used 11688K, capacity 12464K, committed 12544K, reserved 1048576K
}
2019-06-25T08:06:24.935+0000: 345204.845: Application time: 0.3556555 seconds
2019-06-25T08:06:24.936+0000: 345204.846: Application time: 0.0000694 seconds
2019-06-25T08:06:24.936+0000: 345204.846: Application time: 0.0000654 seconds
2019-06-25T08:06:25.077+0000: 345204.987: Application time: 0.1407814 seconds
2019-06-25T08:06:25.078+0000: 345204.988: Application time: 0.0000809 seconds
2019-06-25T08:06:25.078+0000: 345204.988: Application time: 0.0001162 seconds
2019-06-25T08:06:25.078+0000: 345204.988: Application time: 0.0000605 seconds
2019-06-25T08:06:25.079+0000: 345204.988: Application time: 0.0000586 seconds
2019-06-25T08:06:25.079+0000: 345204.989: Application time: 0.0000662 seconds
2019-06-25T08:06:25.079+0000: 345204.989: Application time: 0.0002011 seconds
2019-06-25T08:06:29.537+0000: 345209.447: Application time: 4.4574485 seconds
2019-06-25T08:06:29.603+0000: 345209.513: Application time: 0.0660650 seconds
2019-06-25T08:06:52.966+0000: 345232.876: Application time: 23.3627817 seconds
2019-06-25T08:06:52.967+0000: 345232.876: Application time: 0.0001276 seconds
2019-06-25T08:06:52.967+0000: 345232.877: Application time: 0.0001314 seconds
2019-06-25T08:06:53.111+0000: 345233.021: Application time: 0.1440670 seconds
2019-06-25T08:06:53.111+0000: 345233.021: Application time: 0.0000738 seconds
2019-06-25T08:06:53.112+0000: 345233.022: Application time: 0.0005637 seconds
2019-06-25T08:06:53.112+0000: 345233.022: Application time: 0.0000683 seconds
2019-06-25T08:06:53.113+0000: 345233.022: Application time: 0.0000600 seconds
2019-06-25T08:06:53.113+0000: 345233.023: Application time: 0.0000707 seconds
2019-06-25T08:06:53.113+0000: 345233.023: Application time: 0.0001456 seconds
2019-06-25T08:06:57.310+0000: 345237.219: Application time: 4.1963746 seconds
2019-06-25T08:06:57.335+0000: 345237.245: Application time: 0.0251503 seconds
2019-06-25T08:07:09.093+0000: 345249.003: Application time: 11.7578142 seconds
2019-06-25T08:07:09.407+0000: 345249.317: Application time: 0.3133838 seconds
2019-06-25T08:07:29.074+0000: 345268.984: Application time: 19.6670388 seconds
{Heap before GC invocations=5010 (full 142):
 par new generation   total 9792K, used 9622K [0x00000000e1000000, 0x00000000e1aa0000, 0x00000000eb4a0000)
  eden space 8704K, 100% used [0x00000000e1000000, 0x00000000e1880000, 0x00000000e1880000)
  from space 1088K,  84% used [0x00000000e1880000, 0x00000000e1965960, 0x00000000e1990000)
  to   space 1088K,   0% used [0x00000000e1990000, 0x00000000e1990000, 0x00000000e1aa0000)
 concurrent mark-sweep generation total 118492K, used 69133K [0x00000000eb4a0000, 0x00000000f2857000, 0x0000000100000000)
 Metaspace       used 95808K, capacity 99999K, committed 100352K, reserved 1136640K
  class space    used 11690K, capacity 12466K, committed 12544K, reserved 1048576K
2019-06-25T08:07:29.075+0000: 345268.985: [GC (Allocation Failure) 2019-06-25T08:07:29.076+0000: 345268.985: [ParNew: 9622K->699K(9792K), 0.0033616 secs] 78755K->69832K(128284K), 0.0043600 secs] [Times: user=0.01 sys=0.00, real=0.01 secs] 
Heap after GC invocations=5011 (full 142):
 par new generation   total 9792K, used 699K [0x00000000e1000000, 0x00000000e1aa0000, 0x00000000eb4a0000)
  eden space 8704K,   0% used [0x00000000e1000000, 0x00000000e1000000, 0x00000000e1880000)
  from space 1088K,  64% used [0x00000000e1990000, 0x00000000e1a3ecb0, 0x00000000e1aa0000)
  to   space 1088K,   0% used [0x00000000e1880000, 0x00000000e1880000, 0x00000000e1990000)
 concurrent mark-sweep generation total 118492K, used 69133K [0x00000000eb4a0000, 0x00000000f2857000, 0x0000000100000000)
 Metaspace       used 95808K, capacity 99999K, committed 100352K, reserved 1136640K
  class space    used 11690K, capacity 12466K, committed 12544K, reserved 1048576K
}
2019-06-25T08:09:09.312+0000: 345369.222: Application time: 100.2313222 seconds
{Heap before GC invocations=5011 (full 142):
 par new generation   total 9792K, used 9402K [0x00000000e1000000, 0x00000000e1aa0000, 0x00000000eb4a0000)
  eden space 8704K,  99% used [0x00000000e1000000, 0x00000000e187fed8, 0x00000000e1880000)
  from space 1088K,  64% used [0x00000000e1990000, 0x00000000e1a3ecb0, 0x00000000e1aa0000)
  to   space 1088K,   0% used [0x00000000e1880000, 0x00000000e1880000, 0x00000000e1990000)
 concurrent mark-sweep generation total 118492K, used 69133K [0x00000000eb4a0000, 0x00000000f2857000, 0x0000000100000000)
 Metaspace       used 95808K, capacity 99999K, committed 100352K, reserved 1136640K
  class space    used 11690K, capacity 12466K, committed 12544K, reserved 1048576K
2019-06-25T08:09:09.313+0000: 345369.223: [GC (Allocation Failure) 2019-06-25T08:09:09.313+0000: 345369.223: [ParNew: 9402K->658K(9792K), 0.0276610 secs] 78535K->69983K(128284K), 0.0287607 secs] [Times: user=0.02 sys=0.00, real=0.03 secs] 
Heap after GC invocations=5012 (full 142):
 par new generation   total 9792K, used 658K [0x00000000e1000000, 0x00000000e1aa0000, 0x00000000eb4a0000)
  eden space 8704K,   0% used [0x00000000e1000000, 0x00000000e1000000, 0x00000000e1880000)
  from space 1088K,  60% used [0x00000000e1880000, 0x00000000e1924b10, 0x00000000e1990000)
  to   space 1088K,   0% used [0x00000000e1990000, 0x00000000e1990000, 0x00000000e1aa0000)
 concurrent mark-sweep generation total 118492K, used 69324K [0x00000000eb4a0000, 0x00000000f2857000, 0x0000000100000000)
 Metaspace       used 95808K, capacity 99999K, committed 100352K, reserved 1136640K
  class space    used 11690K, capacity 12466K, committed 12544K, reserved 1048576K
}
2019-06-25T08:09:10.671+0000: 345370.581: Application time: 1.3279384 seconds
2019-06-25T08:10:18.183+0000: 345438.093: Application time: 67.5123672 seconds
2019-06-25T08:10:18.184+0000: 345438.094: Application time: 0.0000651 seconds
2019-06-25T08:10:18.184+0000: 345438.094: Application time: 0.0000619 seconds
2019-06-25T08:10:18.309+0000: 345438.218: Application time: 0.1239377 seconds
2019-06-25T08:10:18.309+0000: 345438.219: Application time: 0.0000760 seconds
2019-06-25T08:10:18.309+0000: 345438.219: Application time: 0.0001322 seconds
2019-06-25T08:10:18.310+0000: 345438.219: Application time: 0.0000618 seconds
2019-06-25T08:10:18.310+0000: 345438.220: Application time: 0.0000677 seconds
2019-06-25T08:10:18.310+0000: 345438.220: Application time: 0.0000631 seconds
2019-06-25T08:10:18.310+0000: 345438.220: Application time: 0.0001539 seconds
2019-06-25T08:10:22.654+0000: 345442.564: Application time: 4.3437302 seconds
2019-06-25T08:10:22.699+0000: 345442.609: Application time: 0.0442297 seconds
2019-06-25T08:10:25.316+0000: 345445.226: Application time: 2.6173339 seconds
{Heap before GC invocations=5012 (full 142):
 par new generation   total 9792K, used 9362K [0x00000000e1000000, 0x00000000e1aa0000, 0x00000000eb4a0000)
  eden space 8704K, 100% used [0x00000000e1000000, 0x00000000e1880000, 0x00000000e1880000)
  from space 1088K,  60% used [0x00000000e1880000, 0x00000000e1924b10, 0x00000000e1990000)
  to   space 1088K,   0% used [0x00000000e1990000, 0x00000000e1990000, 0x00000000e1aa0000)
 concurrent mark-sweep generation total 118492K, used 69324K [0x00000000eb4a0000, 0x00000000f2857000, 0x0000000100000000)
 Metaspace       used 95808K, capacity 99999K, committed 100352K, reserved 1136640K
  class space    used 11690K, capacity 12466K, committed 12544K, reserved 1048576K
2019-06-25T08:10:25.317+0000: 345445.227: [GC (Allocation Failure) 2019-06-25T08:10:25.318+0000: 345445.227: [ParNew: 9362K->839K(9792K), 0.0034043 secs] 78687K->70163K(128284K), 0.0042458 secs] [Times: user=0.00 sys=0.00, real=0.01 secs] 
Heap after GC invocations=5013 (full 142):
 par new generation   total 9792K, used 839K [0x00000000e1000000, 0x00000000e1aa0000, 0x00000000eb4a0000)
  eden space 8704K,   0% used [0x00000000e1000000, 0x00000000e1000000, 0x00000000e1880000)
  from space 1088K,  77% used [0x00000000e1990000, 0x00000000e1a61d40, 0x00000000e1aa0000)
  to   space 1088K,   0% used [0x00000000e1880000, 0x00000000e1880000, 0x00000000e1990000)
 concurrent mark-sweep generation total 118492K, used 69324K [0x00000000eb4a0000, 0x00000000f2857000, 0x0000000100000000)
 Metaspace       used 95808K, capacity 99999K, committed 100352K, reserved 1136640K
  class space    used 11690K, capacity 12466K, committed 12544K, reserved 1048576K
}
2019-06-25T08:10:39.173+0000: 345459.083: Application time: 13.8508468 seconds
2019-06-25T08:10:39.175+0000: 345459.085: Application time: 0.0014513 seconds
2019-06-25T08:11:05.540+0000: 345485.449: Application time: 26.3645697 seconds
2019-06-25T08:12:09.182+0000: 345549.092: Application time: 63.6423834 seconds
{Heap before GC invocations=5013 (full 142):
 par new generation   total 9792K, used 9543K [0x00000000e1000000, 0x00000000e1aa0000, 0x00000000eb4a0000)
  eden space 8704K, 100% used [0x00000000e1000000, 0x00000000e1880000, 0x00000000e1880000)
  from space 1088K,  77% used [0x00000000e1990000, 0x00000000e1a61d40, 0x00000000e1aa0000)
  to   space 1088K,   0% used [0x00000000e1880000, 0x00000000e1880000, 0x00000000e1990000)
 concurrent mark-sweep generation total 118492K, used 69324K [0x00000000eb4a0000, 0x00000000f2857000, 0x0000000100000000)
 Metaspace       used 95808K, capacity 99999K, committed 100352K, reserved 1136640K
  class space    used 11690K, capacity 12466K, committed 12544K, reserved 1048576K
2019-06-25T08:12:09.183+0000: 345549.093: [GC (Allocation Failure) 2019-06-25T08:12:09.184+0000: 345549.094: [ParNew: 9543K->833K(9792K), 0.0038691 secs] 78867K->70256K(128284K), 0.0048134 secs] [Times: user=0.01 sys=0.00, real=0.01 secs] 
Heap after GC invocations=5014 (full 142):
 par new generation   total 9792K, used 833K [0x00000000e1000000, 0x00000000e1aa0000, 0x00000000eb4a0000)
  eden space 8704K,   0% used [0x00000000e1000000, 0x00000000e1000000, 0x00000000e1880000)
  from space 1088K,  76% used [0x00000000e1880000, 0x00000000e19507d8, 0x00000000e1990000)
  to   space 1088K,   0% used [0x00000000e1990000, 0x00000000e1990000, 0x00000000e1aa0000)
 concurrent mark-sweep generation total 118492K, used 69422K [0x00000000eb4a0000, 0x00000000f2857000, 0x0000000100000000)
 Metaspace       used 95808K, capacity 99999K, committed 100352K, reserved 1136640K
  class space    used 11690K, capacity 12466K, committed 12544K, reserved 1048576K
}
2019-06-25T08:13:09.702+0000: 345609.612: Application time: 60.5128798 seconds
2019-06-25T08:13:09.704+0000: 345609.614: Application time: 0.0015002 seconds
2019-06-25T08:13:50.578+0000: 345650.487: Application time: 40.8735354 seconds
{Heap before GC invocations=5014 (full 142):
 par new generation   total 9792K, used 9537K [0x00000000e1000000, 0x00000000e1aa0000, 0x00000000eb4a0000)
  eden space 8704K, 100% used [0x00000000e1000000, 0x00000000e1880000, 0x00000000e1880000)
  from space 1088K,  76% used [0x00000000e1880000, 0x00000000e19507d8, 0x00000000e1990000)
  to   space 1088K,   0% used [0x00000000e1990000, 0x00000000e1990000, 0x00000000e1aa0000)
 concurrent mark-sweep generation total 118492K, used 69422K [0x00000000eb4a0000, 0x00000000f2857000, 0x0000000100000000)
 Metaspace       used 95808K, capacity 99999K, committed 100352K, reserved 1136640K
  class space    used 11690K, capacity 12466K, committed 12544K, reserved 1048576K
2019-06-25T08:13:50.578+0000: 345650.488: [GC (Allocation Failure) 2019-06-25T08:13:50.579+0000: 345650.488: [ParNew: 9537K->1084K(9792K), 0.0287932 secs] 78960K->70724K(128284K), 0.0295447 secs] [Times: user=0.04 sys=0.00, real=0.03 secs] 
Heap after GC invocations=5015 (full 142):
 par new generation   total 9792K, used 1084K [0x00000000e1000000, 0x00000000e1aa0000, 0x00000000eb4a0000)
  eden space 8704K,   0% used [0x00000000e1000000, 0x00000000e1000000, 0x00000000e1880000)
  from space 1088K,  99% used [0x00000000e1990000, 0x00000000e1a9f378, 0x00000000e1aa0000)
  to   space 1088K,   0% used [0x00000000e1880000, 0x00000000e1880000, 0x00000000e1990000)
 concurrent mark-sweep generation total 118492K, used 69639K [0x00000000eb4a0000, 0x00000000f2857000, 0x0000000100000000)
 Metaspace       used 95808K, capacity 99999K, committed 100352K, reserved 1136640K
  class space    used 11690K, capacity 12466K, committed 12544K, reserved 1048576K
}
2019-06-25T08:14:09.450+0000: 345669.360: Application time: 18.8414433 seconds
2019-06-25T08:14:09.451+0000: 345669.360: Application time: 0.0000681 seconds
2019-06-25T08:14:09.451+0000: 345669.361: Application time: 0.0000667 seconds
2019-06-25T08:14:10.200+0000: 345670.110: Application time: 0.7487322 seconds
2019-06-25T08:15:32.371+0000: 345752.281: Application time: 82.1702188 seconds
{Heap before GC invocations=5015 (full 142):
 par new generation   total 9792K, used 9788K [0x00000000e1000000, 0x00000000e1aa0000, 0x00000000eb4a0000)
  eden space 8704K, 100% used [0x00000000e1000000, 0x00000000e1880000, 0x00000000e1880000)
  from space 1088K,  99% used [0x00000000e1990000, 0x00000000e1a9f378, 0x00000000e1aa0000)
  to   space 1088K,   0% used [0x00000000e1880000, 0x00000000e1880000, 0x00000000e1990000)
 concurrent mark-sweep generation total 118492K, used 69639K [0x00000000eb4a0000, 0x00000000f2857000, 0x0000000100000000)
 Metaspace       used 95808K, capacity 99999K, committed 100352K, reserved 1136640K
  class space    used 11690K, capacity 12466K, committed 12544K, reserved 1048576K
2019-06-25T08:15:32.371+0000: 345752.281: [GC (Allocation Failure) 2019-06-25T08:15:32.372+0000: 345752.282: [ParNew: 9788K->666K(9792K), 0.0032631 secs] 79428K->70305K(128284K), 0.0041645 secs] [Times: user=0.00 sys=0.01, real=0.00 secs] 
Heap after GC invocations=5016 (full 142):
 par new generation   total 9792K, used 666K [0x00000000e1000000, 0x00000000e1aa0000, 0x00000000eb4a0000)
  eden space 8704K,   0% used [0x00000000e1000000, 0x00000000e1000000, 0x00000000e1880000)
  from space 1088K,  61% used [0x00000000e1880000, 0x00000000e19268e0, 0x00000000e1990000)
  to   space 1088K,   0% used [0x00000000e1990000, 0x00000000e1990000, 0x00000000e1aa0000)
 concurrent mark-sweep generation total 118492K, used 69639K [0x00000000eb4a0000, 0x00000000f2857000, 0x0000000100000000)
 Metaspace       used 95808K, capacity 99999K, committed 100352K, reserved 1136640K
  class space    used 11690K, capacity 12466K, committed 12544K, reserved 1048576K
}
2019-06-25T08:17:09.725+0000: 345849.635: Application time: 97.3490237 seconds
{Heap before GC invocations=5016 (full 142):
 par new generation   total 9792K, used 9370K [0x00000000e1000000, 0x00000000e1aa0000, 0x00000000eb4a0000)
  eden space 8704K, 100% used [0x00000000e1000000, 0x00000000e1880000, 0x00000000e1880000)
  from space 1088K,  61% used [0x00000000e1880000, 0x00000000e19268e0, 0x00000000e1990000)
  to   space 1088K,   0% used [0x00000000e1990000, 0x00000000e1990000, 0x00000000e1aa0000)
 concurrent mark-sweep generation total 118492K, used 69639K [0x00000000eb4a0000, 0x00000000f2857000, 0x0000000100000000)
 Metaspace       used 95808K, capacity 99999K, committed 100352K, reserved 1136640K
  class space    used 11690K, capacity 12466K, committed 12544K, reserved 1048576K
2019-06-25T08:17:09.737+0000: 345849.647: [GC (Allocation Failure) 2019-06-25T08:17:09.738+0000: 345849.647: [ParNew: 9370K->796K(9792K), 0.0035669 secs] 79009K->70450K(128284K), 0.0043849 secs] [Times: user=0.00 sys=0.00, real=0.01 secs] 
Heap after GC invocations=5017 (full 142):
 par new generation   total 9792K, used 796K [0x00000000e1000000, 0x00000000e1aa0000, 0x00000000eb4a0000)
  eden space 8704K,   0% used [0x00000000e1000000, 0x00000000e1000000, 0x00000000e1880000)
  from space 1088K,  73% used [0x00000000e1990000, 0x00000000e1a57090, 0x00000000e1aa0000)
  to   space 1088K,   0% used [0x00000000e1880000, 0x00000000e1880000, 0x00000000e1990000)
 concurrent mark-sweep generation total 118492K, used 69654K [0x00000000eb4a0000, 0x00000000f2857000, 0x0000000100000000)
 Metaspace       used 95808K, capacity 99999K, committed 100352K, reserved 1136640K
  class space    used 11690K, capacity 12466K, committed 12544K, reserved 1048576K
}
2019-06-25T08:18:52.131+0000: 345952.041: Application time: 102.3891037 seconds
{Heap before GC invocations=5017 (full 142):
 par new generation   total 9792K, used 9500K [0x00000000e1000000, 0x00000000e1aa0000, 0x00000000eb4a0000)
  eden space 8704K, 100% used [0x00000000e1000000, 0x00000000e1880000, 0x00000000e1880000)
  from space 1088K,  73% used [0x00000000e1990000, 0x00000000e1a57090, 0x00000000e1aa0000)
  to   space 1088K,   0% used [0x00000000e1880000, 0x00000000e1880000, 0x00000000e1990000)
 concurrent mark-sweep generation total 118492K, used 69654K [0x00000000eb4a0000, 0x00000000f2857000, 0x0000000100000000)
 Metaspace       used 95808K, capacity 99999K, committed 100352K, reserved 1136640K
  class space    used 11690K, capacity 12466K, committed 12544K, reserved 1048576K
2019-06-25T08:18:52.132+0000: 345952.042: [GC (Allocation Failure) 2019-06-25T08:18:52.133+0000: 345952.042: [ParNew: 9500K->565K(9792K), 0.0038886 secs] 79154K->70346K(128284K), 0.0047690 secs] [Times: user=0.00 sys=0.00, real=0.00 secs] 
Heap after GC invocations=5018 (full 142):
 par new generation   total 9792K, used 565K [0x00000000e1000000, 0x00000000e1aa0000, 0x00000000eb4a0000)
  eden space 8704K,   0% used [0x00000000e1000000, 0x00000000e1000000, 0x00000000e1880000)
  from space 1088K,  51% used [0x00000000e1880000, 0x00000000e190d448, 0x00000000e1990000)
  to   space 1088K,   0% used [0x00000000e1990000, 0x00000000e1990000, 0x00000000e1aa0000)
 concurrent mark-sweep generation total 118492K, used 69781K [0x00000000eb4a0000, 0x00000000f2857000, 0x0000000100000000)
 Metaspace       used 95808K, capacity 99999K, committed 100352K, reserved 1136640K
  class space    used 11690K, capacity 12466K, committed 12544K, reserved 1048576K
}
2019-06-25T08:19:09.733+0000: 345969.643: Application time: 17.5952338 seconds
2019-06-25T08:19:21.975+0000: 345981.884: Application time: 12.2409902 seconds
2019-06-25T08:20:34.753+0000: 346054.663: Application time: 72.7782085 seconds
{Heap before GC invocations=5018 (full 142):
 par new generation   total 9792K, used 9269K [0x00000000e1000000, 0x00000000e1aa0000, 0x00000000eb4a0000)
  eden space 8704K, 100% used [0x00000000e1000000, 0x00000000e1880000, 0x00000000e1880000)
  from space 1088K,  51% used [0x00000000e1880000, 0x00000000e190d448, 0x00000000e1990000)
  to   space 1088K,   0% used [0x00000000e1990000, 0x00000000e1990000, 0x00000000e1aa0000)
 concurrent mark-sweep generation total 118492K, used 69781K [0x00000000eb4a0000, 0x00000000f2857000, 0x0000000100000000)
 Metaspace       used 95808K, capacity 99999K, committed 100352K, reserved 1136640K
  class space    used 11690K, capacity 12466K, committed 12544K, reserved 1048576K
2019-06-25T08:20:34.754+0000: 346054.664: [GC (Allocation Failure) 2019-06-25T08:20:34.754+0000: 346054.664: [ParNew: 9269K->611K(9792K), 0.0033548 secs] 79050K->70393K(128284K), 0.0042630 secs] [Times: user=0.01 sys=0.00, real=0.01 secs] 
Heap after GC invocations=5019 (full 142):
 par new generation   total 9792K, used 611K [0x00000000e1000000, 0x00000000e1aa0000, 0x00000000eb4a0000)
  eden space 8704K,   0% used [0x00000000e1000000, 0x00000000e1000000, 0x00000000e1880000)
  from space 1088K,  56% used [0x00000000e1990000, 0x00000000e1a28f18, 0x00000000e1aa0000)
  to   space 1088K,   0% used [0x00000000e1880000, 0x00000000e1880000, 0x00000000e1990000)
 concurrent mark-sweep generation total 118492K, used 69781K [0x00000000eb4a0000, 0x00000000f2857000, 0x0000000100000000)
 Metaspace       used 95808K, capacity 99999K, committed 100352K, reserved 1136640K
  class space    used 11690K, capacity 12466K, committed 12544K, reserved 1048576K
}
2019-06-25T08:22:12.671+0000: 346152.581: Application time: 97.9119007 seconds
{Heap before GC invocations=5019 (full 142):
 par new generation   total 9792K, used 9315K [0x00000000e1000000, 0x00000000e1aa0000, 0x00000000eb4a0000)
  eden space 8704K, 100% used [0x00000000e1000000, 0x00000000e1880000, 0x00000000e1880000)
  from space 1088K,  56% used [0x00000000e1990000, 0x00000000e1a28f18, 0x00000000e1aa0000)
  to   space 1088K,   0% used [0x00000000e1880000, 0x00000000e1880000, 0x00000000e1990000)
 concurrent mark-sweep generation total 118492K, used 69781K [0x00000000eb4a0000, 0x00000000f2857000, 0x0000000100000000)
 Metaspace       used 95808K, capacity 99999K, committed 100352K, reserved 1136640K
  class space    used 11690K, capacity 12466K, committed 12544K, reserved 1048576K
2019-06-25T08:22:12.672+0000: 346152.582: [GC (Allocation Failure) 2019-06-25T08:22:12.672+0000: 346152.582: [ParNew: 9315K->590K(9792K), 0.0033408 secs] 79097K->70372K(128284K), 0.0040600 secs] [Times: user=0.00 sys=0.00, real=0.00 secs] 
Heap after GC invocations=5020 (full 142):
 par new generation   total 9792K, used 590K [0x00000000e1000000, 0x00000000e1aa0000, 0x00000000eb4a0000)
  eden space 8704K,   0% used [0x00000000e1000000, 0x00000000e1000000, 0x00000000e1880000)
  from space 1088K,  54% used [0x00000000e1880000, 0x00000000e1913a10, 0x00000000e1990000)
  to   space 1088K,   0% used [0x00000000e1990000, 0x00000000e1990000, 0x00000000e1aa0000)
 concurrent mark-sweep generation total 118492K, used 69781K [0x00000000eb4a0000, 0x00000000f2857000, 0x0000000100000000)
 Metaspace       used 95808K, capacity 99999K, committed 100352K, reserved 1136640K
  class space    used 11690K, capacity 12466K, committed 12544K, reserved 1048576K
}
2019-06-25T08:23:54.446+0000: 346254.356: Application time: 101.7689895 seconds
{Heap before GC invocations=5020 (full 142):
 par new generation   total 9792K, used 9294K [0x00000000e1000000, 0x00000000e1aa0000, 0x00000000eb4a0000)
  eden space 8704K, 100% used [0x00000000e1000000, 0x00000000e1880000, 0x00000000e1880000)
  from space 1088K,  54% used [0x00000000e1880000, 0x00000000e1913a10, 0x00000000e1990000)
  to   space 1088K,   0% used [0x00000000e1990000, 0x00000000e1990000, 0x00000000e1aa0000)
 concurrent mark-sweep generation total 118492K, used 69781K [0x00000000eb4a0000, 0x00000000f2857000, 0x0000000100000000)
 Metaspace       used 95808K, capacity 99999K, committed 100352K, reserved 1136640K
  class space    used 11690K, capacity 12466K, committed 12544K, reserved 1048576K
2019-06-25T08:23:54.447+0000: 346254.356: [GC (Allocation Failure) 2019-06-25T08:23:54.447+0000: 346254.357: [ParNew: 9294K->596K(9792K), 0.0033621 secs] 79076K->70378K(128284K), 0.0042499 secs] [Times: user=0.00 sys=0.00, real=0.01 secs] 
Heap after GC invocations=5021 (full 142):
 par new generation   total 9792K, used 596K [0x00000000e1000000, 0x00000000e1aa0000, 0x00000000eb4a0000)
  eden space 8704K,   0% used [0x00000000e1000000, 0x00000000e1000000, 0x00000000e1880000)
  from space 1088K,  54% used [0x00000000e1990000, 0x00000000e1a25138, 0x00000000e1aa0000)
  to   space 1088K,   0% used [0x00000000e1880000, 0x00000000e1880000, 0x00000000e1990000)
 concurrent mark-sweep generation total 118492K, used 69781K [0x00000000eb4a0000, 0x00000000f2857000, 0x0000000100000000)
 Metaspace       used 95808K, capacity 99999K, committed 100352K, reserved 1136640K
  class space    used 11690K, capacity 12466K, committed 12544K, reserved 1048576K
}
2019-06-25T08:24:09.759+0000: 346269.669: Application time: 15.3070837 seconds
2019-06-25T08:25:38.559+0000: 346358.468: Application time: 88.7994648 seconds
{Heap before GC invocations=5021 (full 142):
 par new generation   total 9792K, used 9300K [0x00000000e1000000, 0x00000000e1aa0000, 0x00000000eb4a0000)
  eden space 8704K, 100% used [0x00000000e1000000, 0x00000000e1880000, 0x00000000e1880000)
  from space 1088K,  54% used [0x00000000e1990000, 0x00000000e1a25138, 0x00000000e1aa0000)
  to   space 1088K,   0% used [0x00000000e1880000, 0x00000000e1880000, 0x00000000e1990000)
 concurrent mark-sweep generation total 118492K, used 69781K [0x00000000eb4a0000, 0x00000000f2857000, 0x0000000100000000)
 Metaspace       used 95808K, capacity 99999K, committed 100352K, reserved 1136640K
  class space    used 11690K, capacity 12466K, committed 12544K, reserved 1048576K
2019-06-25T08:25:38.559+0000: 346358.469: [GC (Allocation Failure) 2019-06-25T08:25:38.560+0000: 346358.470: [ParNew: 9300K->676K(9792K), 0.0131678 secs] 79082K->70458K(128284K), 0.0140544 secs] [Times: user=0.02 sys=0.00, real=0.01 secs] 
Heap after GC invocations=5022 (full 142):
 par new generation   total 9792K, used 676K [0x00000000e1000000, 0x00000000e1aa0000, 0x00000000eb4a0000)
  eden space 8704K,   0% used [0x00000000e1000000, 0x00000000e1000000, 0x00000000e1880000)
  from space 1088K,  62% used [0x00000000e1880000, 0x00000000e1929118, 0x00000000e1990000)
  to   space 1088K,   0% used [0x00000000e1990000, 0x00000000e1990000, 0x00000000e1aa0000)
 concurrent mark-sweep generation total 118492K, used 69781K [0x00000000eb4a0000, 0x00000000f2857000, 0x0000000100000000)
 Metaspace       used 95808K, capacity 99999K, committed 100352K, reserved 1136640K
  class space    used 11690K, capacity 12466K, committed 12544K, reserved 1048576K
}
2019-06-25T08:27:14.156+0000: 346454.066: Application time: 95.5815517 seconds
{Heap before GC invocations=5022 (full 142):
 par new generation   total 9792K, used 9380K [0x00000000e1000000, 0x00000000e1aa0000, 0x00000000eb4a0000)
  eden space 8704K, 100% used [0x00000000e1000000, 0x00000000e1880000, 0x00000000e1880000)
  from space 1088K,  62% used [0x00000000e1880000, 0x00000000e1929118, 0x00000000e1990000)
  to   space 1088K,   0% used [0x00000000e1990000, 0x00000000e1990000, 0x00000000e1aa0000)
 concurrent mark-sweep generation total 118492K, used 69781K [0x00000000eb4a0000, 0x00000000f2857000, 0x0000000100000000)
 Metaspace       used 95808K, capacity 99999K, committed 100352K, reserved 1136640K
  class space    used 11690K, capacity 12466K, committed 12544K, reserved 1048576K
2019-06-25T08:27:14.157+0000: 346454.066: [GC (Allocation Failure) 2019-06-25T08:27:14.157+0000: 346454.067: [ParNew: 9380K->694K(9792K), 0.0035129 secs] 79162K->70476K(128284K), 0.0043018 secs] [Times: user=0.01 sys=0.00, real=0.01 secs] 
Heap after GC invocations=5023 (full 142):
 par new generation   total 9792K, used 694K [0x00000000e1000000, 0x00000000e1aa0000, 0x00000000eb4a0000)
  eden space 8704K,   0% used [0x00000000e1000000, 0x00000000e1000000, 0x00000000e1880000)
  from space 1088K,  63% used [0x00000000e1990000, 0x00000000e1a3d980, 0x00000000e1aa0000)
  to   space 1088K,   0% used [0x00000000e1880000, 0x00000000e1880000, 0x00000000e1990000)
 concurrent mark-sweep generation total 118492K, used 69781K [0x00000000eb4a0000, 0x00000000f2857000, 0x0000000100000000)
 Metaspace       used 95808K, capacity 99999K, committed 100352K, reserved 1136640K
  class space    used 11690K, capacity 12466K, committed 12544K, reserved 1048576K
}
2019-06-25T08:28:57.296+0000: 346557.206: Application time: 103.1342139 seconds
{Heap before GC invocations=5023 (full 142):
 par new generation   total 9792K, used 9398K [0x00000000e1000000, 0x00000000e1aa0000, 0x00000000eb4a0000)
  eden space 8704K, 100% used [0x00000000e1000000, 0x00000000e1880000, 0x00000000e1880000)
  from space 1088K,  63% used [0x00000000e1990000, 0x00000000e1a3d980, 0x00000000e1aa0000)
  to   space 1088K,   0% used [0x00000000e1880000, 0x00000000e1880000, 0x00000000e1990000)
 concurrent mark-sweep generation total 118492K, used 69781K [0x00000000eb4a0000, 0x00000000f2857000, 0x0000000100000000)
 Metaspace       used 95808K, capacity 99999K, committed 100352K, reserved 1136640K
  class space    used 11690K, capacity 12466K, committed 12544K, reserved 1048576K
2019-06-25T08:28:57.297+0000: 346557.206: [GC (Allocation Failure) 2019-06-25T08:28:57.297+0000: 346557.207: [ParNew: 9398K->631K(9792K), 0.0032110 secs] 79180K->70440K(128284K), 0.0039260 secs] [Times: user=0.01 sys=0.00, real=0.01 secs] 
Heap after GC invocations=5024 (full 142):
 par new generation   total 9792K, used 631K [0x00000000e1000000, 0x00000000e1aa0000, 0x00000000eb4a0000)
  eden space 8704K,   0% used [0x00000000e1000000, 0x00000000e1000000, 0x00000000e1880000)
  from space 1088K,  58% used [0x00000000e1880000, 0x00000000e191dce8, 0x00000000e1990000)
  to   space 1088K,   0% used [0x00000000e1990000, 0x00000000e1990000, 0x00000000e1aa0000)
 concurrent mark-sweep generation total 118492K, used 69809K [0x00000000eb4a0000, 0x00000000f2857000, 0x0000000100000000)
 Metaspace       used 95808K, capacity 99999K, committed 100352K, reserved 1136640K
  class space    used 11690K, capacity 12466K, committed 12544K, reserved 1048576K
}
2019-06-25T08:29:10.274+0000: 346570.184: Application time: 12.9728406 seconds
2019-06-25T08:29:15.275+0000: 346575.185: Application time: 5.0008729 seconds
2019-06-25T08:30:39.279+0000: 346659.189: Application time: 84.0038253 seconds
{Heap before GC invocations=5024 (full 142):
 par new generation   total 9792K, used 9335K [0x00000000e1000000, 0x00000000e1aa0000, 0x00000000eb4a0000)
  eden space 8704K, 100% used [0x00000000e1000000, 0x00000000e1880000, 0x00000000e1880000)
  from space 1088K,  58% used [0x00000000e1880000, 0x00000000e191dce8, 0x00000000e1990000)
  to   space 1088K,   0% used [0x00000000e1990000, 0x00000000e1990000, 0x00000000e1aa0000)
 concurrent mark-sweep generation total 118492K, used 69809K [0x00000000eb4a0000, 0x00000000f2857000, 0x0000000100000000)
 Metaspace       used 95808K, capacity 99999K, committed 100352K, reserved 1136640K
  class space    used 11690K, capacity 12466K, committed 12544K, reserved 1048576K
2019-06-25T08:30:39.281+0000: 346659.190: [GC (Allocation Failure) 2019-06-25T08:30:39.281+0000: 346659.191: [ParNew: 9335K->582K(9792K), 0.0040878 secs] 79144K->70393K(128284K), 0.0051020 secs] [Times: user=0.00 sys=0.00, real=0.00 secs] 
Heap after GC invocations=5025 (full 142):
 par new generation   total 9792K, used 582K [0x00000000e1000000, 0x00000000e1aa0000, 0x00000000eb4a0000)
  eden space 8704K,   0% used [0x00000000e1000000, 0x00000000e1000000, 0x00000000e1880000)
  from space 1088K,  53% used [0x00000000e1990000, 0x00000000e1a21b78, 0x00000000e1aa0000)
  to   space 1088K,   0% used [0x00000000e1880000, 0x00000000e1880000, 0x00000000e1990000)
 concurrent mark-sweep generation total 118492K, used 69810K [0x00000000eb4a0000, 0x00000000f2857000, 0x0000000100000000)
 Metaspace       used 95808K, capacity 99999K, committed 100352K, reserved 1136640K
  class space    used 11690K, capacity 12466K, committed 12544K, reserved 1048576K
}
2019-06-25T08:32:11.766+0000: 346751.676: Application time: 92.4800546 seconds
2019-06-25T08:32:11.767+0000: 346751.677: Application time: 0.0001408 seconds
2019-06-25T08:32:11.767+0000: 346751.677: Application time: 0.0001972 seconds
2019-06-25T08:32:11.768+0000: 346751.678: Application time: 0.0001711 seconds
2019-06-25T08:32:11.769+0000: 346751.678: Application time: 0.0001847 seconds
2019-06-25T08:32:11.769+0000: 346751.679: Application time: 0.0001365 seconds
2019-06-25T08:32:11.770+0000: 346751.679: Application time: 0.0005330 seconds
2019-06-25T08:32:11.777+0000: 346751.686: Application time: 0.0068396 seconds
{Heap before GC invocations=5025 (full 142):
 par new generation   total 9792K, used 9284K [0x00000000e1000000, 0x00000000e1aa0000, 0x00000000eb4a0000)
  eden space 8704K,  99% used [0x00000000e1000000, 0x00000000e187f808, 0x00000000e1880000)
  from space 1088K,  53% used [0x00000000e1990000, 0x00000000e1a21b78, 0x00000000e1aa0000)
  to   space 1088K,   0% used [0x00000000e1880000, 0x00000000e1880000, 0x00000000e1990000)
 concurrent mark-sweep generation total 118492K, used 69810K [0x00000000eb4a0000, 0x00000000f2857000, 0x0000000100000000)
 Metaspace       used 95808K, capacity 99999K, committed 100352K, reserved 1136640K
  class space    used 11690K, capacity 12466K, committed 12544K, reserved 1048576K
2019-06-25T08:32:11.778+0000: 346751.688: [GC (Allocation Failure) 2019-06-25T08:32:11.779+0000: 346751.689: [ParNew: 9284K->627K(9792K), 0.0034840 secs] 79095K->70437K(128284K), 0.0043461 secs] [Times: user=0.00 sys=0.00, real=0.00 secs] 
Heap after GC invocations=5026 (full 142):
 par new generation   total 9792K, used 627K [0x00000000e1000000, 0x00000000e1aa0000, 0x00000000eb4a0000)
  eden space 8704K,   0% used [0x00000000e1000000, 0x00000000e1000000, 0x00000000e1880000)
  from space 1088K,  57% used [0x00000000e1880000, 0x00000000e191cc00, 0x00000000e1990000)
  to   space 1088K,   0% used [0x00000000e1990000, 0x00000000e1990000, 0x00000000e1aa0000)
 concurrent mark-sweep generation total 118492K, used 69810K [0x00000000eb4a0000, 0x00000000f2857000, 0x0000000100000000)
 Metaspace       used 95808K, capacity 99999K, committed 100352K, reserved 1136640K
  class space    used 11690K, capacity 12466K, committed 12544K, reserved 1048576K
}
2019-06-25T08:32:16.760+0000: 346756.670: Application time: 4.9767338 seconds
2019-06-25T08:32:16.812+0000: 346756.722: Application time: 0.0513797 seconds
2019-06-25T08:32:39.796+0000: 346779.706: Application time: 22.9838675 seconds
2019-06-25T08:32:39.797+0000: 346779.706: Application time: 0.0000814 seconds
2019-06-25T08:32:39.798+0000: 346779.707: Application time: 0.0002111 seconds
2019-06-25T08:32:40.640+0000: 346780.550: Application time: 0.8426691 seconds
2019-06-25T08:32:40.641+0000: 346780.550: Application time: 0.0000700 seconds
2019-06-25T08:32:40.641+0000: 346780.551: Application time: 0.0000578 seconds
2019-06-25T08:32:40.641+0000: 346780.551: Application time: 0.0000608 seconds
2019-06-25T08:32:40.641+0000: 346780.551: Application time: 0.0000564 seconds
2019-06-25T08:32:40.641+0000: 346780.551: Application time: 0.0000563 seconds
2019-06-25T08:32:40.642+0000: 346780.551: Application time: 0.0000562 seconds
2019-06-25T08:32:40.642+0000: 346780.552: Application time: 0.0001059 seconds
2019-06-25T08:32:40.642+0000: 346780.552: Application time: 0.0001613 seconds
2019-06-25T08:32:40.642+0000: 346780.552: Application time: 0.0001341 seconds
2019-06-25T08:32:41.637+0000: 346781.547: Application time: 0.9947617 seconds
{Heap before GC invocations=5026 (full 142):
 par new generation   total 9792K, used 9331K [0x00000000e1000000, 0x00000000e1aa0000, 0x00000000eb4a0000)
  eden space 8704K, 100% used [0x00000000e1000000, 0x00000000e1880000, 0x00000000e1880000)
  from space 1088K,  57% used [0x00000000e1880000, 0x00000000e191cc00, 0x00000000e1990000)
  to   space 1088K,   0% used [0x00000000e1990000, 0x00000000e1990000, 0x00000000e1aa0000)
 concurrent mark-sweep generation total 118492K, used 69810K [0x00000000eb4a0000, 0x00000000f2857000, 0x0000000100000000)
 Metaspace       used 95808K, capacity 99999K, committed 100352K, reserved 1136640K
  class space    used 11690K, capacity 12466K, committed 12544K, reserved 1048576K
2019-06-25T08:32:41.638+0000: 346781.548: [GC (Allocation Failure) 2019-06-25T08:32:41.638+0000: 346781.548: [ParNew: 9331K->941K(9792K), 0.0042425 secs] 79141K->70802K(128284K), 0.0051668 secs] [Times: user=0.01 sys=0.00, real=0.01 secs] 
Heap after GC invocations=5027 (full 142):
 par new generation   total 9792K, used 941K [0x00000000e1000000, 0x00000000e1aa0000, 0x00000000eb4a0000)
  eden space 8704K,   0% used [0x00000000e1000000, 0x00000000e1000000, 0x00000000e1880000)
  from space 1088K,  86% used [0x00000000e1990000, 0x00000000e1a7b528, 0x00000000e1aa0000)
  to   space 1088K,   0% used [0x00000000e1880000, 0x00000000e1880000, 0x00000000e1990000)
 concurrent mark-sweep generation total 118492K, used 69861K [0x00000000eb4a0000, 0x00000000f2857000, 0x0000000100000000)
 Metaspace       used 95808K, capacity 99999K, committed 100352K, reserved 1136640K
  class space    used 11690K, capacity 12466K, committed 12544K, reserved 1048576K
}
2019-06-25T08:32:41.645+0000: 346781.554: Application time: 0.0006033 seconds
2019-06-25T08:32:41.645+0000: 346781.555: Application time: 0.0001841 seconds
2019-06-25T08:32:41.646+0000: 346781.555: Application time: 0.0001363 seconds
2019-06-25T08:32:41.646+0000: 346781.556: Application time: 0.0001462 seconds
2019-06-25T08:32:41.647+0000: 346781.557: Application time: 0.0001391 seconds
2019-06-25T08:32:41.669+0000: 346781.579: Application time: 0.0000943 seconds
2019-06-25T08:32:41.669+0000: 346781.579: Application time: 0.0000728 seconds
2019-06-25T08:32:41.670+0000: 346781.579: Application time: 0.0000738 seconds
2019-06-25T08:32:41.670+0000: 346781.580: Application time: 0.0002299 seconds
2019-06-25T08:32:41.677+0000: 346781.587: Application time: 0.0001356 seconds
2019-06-25T08:32:46.635+0000: 346786.545: Application time: 4.9581090 seconds
2019-06-25T08:32:46.700+0000: 346786.609: Application time: 0.0638241 seconds
2019-06-25T08:33:09.157+0000: 346809.066: Application time: 22.4567914 seconds
2019-06-25T08:33:11.711+0000: 346811.621: Application time: 2.5541103 seconds
2019-06-25T08:33:11.711+0000: 346811.621: Application time: 0.0000745 seconds
2019-06-25T08:33:11.712+0000: 346811.621: Application time: 0.0000619 seconds
2019-06-25T08:33:11.712+0000: 346811.622: Application time: 0.0000671 seconds
2019-06-25T08:33:11.713+0000: 346811.623: Application time: 0.0006631 seconds
2019-06-25T08:33:11.713+0000: 346811.623: Application time: 0.0000646 seconds
2019-06-25T08:33:11.714+0000: 346811.623: Application time: 0.0000582 seconds
2019-06-25T08:33:11.714+0000: 346811.624: Application time: 0.0000618 seconds
2019-06-25T08:33:11.714+0000: 346811.624: Application time: 0.0001406 seconds
2019-06-25T08:33:11.714+0000: 346811.624: Application time: 0.0000898 seconds
2019-06-25T08:33:16.379+0000: 346816.288: Application time: 4.6642062 seconds
2019-06-25T08:33:16.409+0000: 346816.318: Application time: 0.0296604 seconds
2019-06-25T08:33:36.935+0000: 346836.845: Application time: 20.5265521 seconds
2019-06-25T08:33:36.936+0000: 346836.846: Application time: 0.0005685 seconds
{Heap before GC invocations=5027 (full 142):
 par new generation   total 9792K, used 9634K [0x00000000e1000000, 0x00000000e1aa0000, 0x00000000eb4a0000)
  eden space 8704K,  99% used [0x00000000e1000000, 0x00000000e187d2e0, 0x00000000e1880000)
  from space 1088K,  86% used [0x00000000e1990000, 0x00000000e1a7b528, 0x00000000e1aa0000)
  to   space 1088K,   0% used [0x00000000e1880000, 0x00000000e1880000, 0x00000000e1990000)
 concurrent mark-sweep generation total 118492K, used 69861K [0x00000000eb4a0000, 0x00000000f2857000, 0x0000000100000000)
 Metaspace       used 95808K, capacity 99999K, committed 100352K, reserved 1136640K
  class space    used 11690K, capacity 12466K, committed 12544K, reserved 1048576K
2019-06-25T08:33:37.092+0000: 346837.002: [GC (Allocation Failure) 2019-06-25T08:33:37.093+0000: 346837.003: [ParNew: 9634K->1088K(9792K), 0.0209001 secs] 79495K->71182K(128284K), 0.0217352 secs] [Times: user=0.04 sys=0.00, real=0.02 secs] 
Heap after GC invocations=5028 (full 142):
 par new generation   total 9792K, used 1088K [0x00000000e1000000, 0x00000000e1aa0000, 0x00000000eb4a0000)
  eden space 8704K,   0% used [0x00000000e1000000, 0x00000000e1000000, 0x00000000e1880000)
  from space 1088K, 100% used [0x00000000e1880000, 0x00000000e1990000, 0x00000000e1990000)
  to   space 1088K,   0% used [0x00000000e1990000, 0x00000000e1990000, 0x00000000e1aa0000)
 concurrent mark-sweep generation total 118492K, used 70094K [0x00000000eb4a0000, 0x00000000f2857000, 0x0000000100000000)
 Metaspace       used 95808K, capacity 99999K, committed 100352K, reserved 1136640K
  class space    used 11690K, capacity 12466K, committed 12544K, reserved 1048576K
}
2019-06-25T08:33:37.742+0000: 346837.652: Application time: 0.6269966 seconds
2019-06-25T08:33:37.742+0000: 346837.652: Application time: 0.0000716 seconds
2019-06-25T08:33:37.742+0000: 346837.652: Application time: 0.0000629 seconds
2019-06-25T08:33:37.743+0000: 346837.652: Application time: 0.0000585 seconds
2019-06-25T08:33:37.743+0000: 346837.653: Application time: 0.0000658 seconds
2019-06-25T08:33:37.744+0000: 346837.653: Application time: 0.0000584 seconds
2019-06-25T08:33:37.744+0000: 346837.654: Application time: 0.0000607 seconds
2019-06-25T08:33:37.744+0000: 346837.654: Application time: 0.0001519 seconds
2019-06-25T08:33:37.744+0000: 346837.654: Application time: 0.0001238 seconds
2019-06-25T08:33:38.621+0000: 346838.531: Application time: 0.8765286 seconds
2019-06-25T08:33:38.745+0000: 346838.655: Application time: 0.1240285 seconds
2019-06-25T08:33:38.746+0000: 346838.656: Application time: 0.0001758 seconds
2019-06-25T08:33:38.746+0000: 346838.656: Application time: 0.0000842 seconds
2019-06-25T08:33:38.747+0000: 346838.656: Application time: 0.0000613 seconds
2019-06-25T08:33:38.747+0000: 346838.657: Application time: 0.0000654 seconds
2019-06-25T08:33:38.747+0000: 346838.657: Application time: 0.0000559 seconds
2019-06-25T08:33:38.747+0000: 346838.657: Application time: 0.0000605 seconds
2019-06-25T08:33:38.747+0000: 346838.658: Application time: 0.0008545 seconds
2019-06-25T08:33:38.748+0000: 346838.658: Application time: 0.0001915 seconds
2019-06-25T08:33:38.857+0000: 346838.766: Application time: 0.1079817 seconds
2019-06-25T08:33:39.301+0000: 346839.211: Application time: 0.4440049 seconds
2019-06-25T08:33:39.569+0000: 346839.479: Application time: 0.2675924 seconds
2019-06-25T08:33:43.622+0000: 346843.532: Application time: 4.0525953 seconds
2019-06-25T08:33:43.648+0000: 346843.558: Application time: 0.0258357 seconds
2019-06-25T08:34:05.540+0000: 346865.450: Application time: 21.8918437 seconds
2019-06-25T08:34:09.302+0000: 346869.212: Application time: 3.7613199 seconds
2019-06-25T08:34:10.305+0000: 346870.215: Application time: 1.0032673 seconds
2019-06-25T08:34:27.827+0000: 346887.737: Application time: 17.5214699 seconds
{Heap before GC invocations=5028 (full 142):
 par new generation   total 9792K, used 9792K [0x00000000e1000000, 0x00000000e1aa0000, 0x00000000eb4a0000)
  eden space 8704K, 100% used [0x00000000e1000000, 0x00000000e1880000, 0x00000000e1880000)
  from space 1088K, 100% used [0x00000000e1880000, 0x00000000e1990000, 0x00000000e1990000)
  to   space 1088K,   0% used [0x00000000e1990000, 0x00000000e1990000, 0x00000000e1aa0000)
 concurrent mark-sweep generation total 118492K, used 70094K [0x00000000eb4a0000, 0x00000000f2857000, 0x0000000100000000)
 Metaspace       used 95808K, capacity 99999K, committed 100352K, reserved 1136640K
  class space    used 11690K, capacity 12466K, committed 12544K, reserved 1048576K
2019-06-25T08:34:27.829+0000: 346887.739: [GC (Allocation Failure) 2019-06-25T08:34:27.829+0000: 346887.739: [ParNew: 9792K->914K(9792K), 0.0679133 secs] 79886K->71464K(128284K), 0.0687677 secs] [Times: user=0.05 sys=0.00, real=0.07 secs] 
Heap after GC invocations=5029 (full 142):
 par new generation   total 9792K, used 914K [0x00000000e1000000, 0x00000000e1aa0000, 0x00000000eb4a0000)
  eden space 8704K,   0% used [0x00000000e1000000, 0x00000000e1000000, 0x00000000e1880000)
  from space 1088K,  84% used [0x00000000e1990000, 0x00000000e1a74960, 0x00000000e1aa0000)
  to   space 1088K,   0% used [0x00000000e1880000, 0x00000000e1880000, 0x00000000e1990000)
 concurrent mark-sweep generation total 118492K, used 70550K [0x00000000eb4a0000, 0x00000000f2857000, 0x0000000100000000)
 Metaspace       used 95808K, capacity 99999K, committed 100352K, reserved 1136640K
  class space    used 11690K, capacity 12466K, committed 12544K, reserved 1048576K
}
2019-06-25T08:35:47.985+0000: 346967.895: Application time: 80.0865584 seconds
2019-06-25T08:35:47.986+0000: 346967.895: Application time: 0.0000767 seconds
2019-06-25T08:35:47.986+0000: 346967.896: Application time: 0.0000588 seconds
2019-06-25T08:35:47.986+0000: 346967.896: Application time: 0.0000577 seconds
2019-06-25T08:35:47.987+0000: 346967.897: Application time: 0.0000788 seconds
2019-06-25T08:35:47.987+0000: 346967.897: Application time: 0.0000706 seconds
2019-06-25T08:35:47.988+0000: 346967.897: Application time: 0.0002118 seconds
2019-06-25T08:35:47.988+0000: 346967.898: Application time: 0.0001391 seconds
2019-06-25T08:36:09.587+0000: 346989.497: Application time: 21.5986881 seconds
{Heap before GC invocations=5029 (full 142):
 par new generation   total 9792K, used 9618K [0x00000000e1000000, 0x00000000e1aa0000, 0x00000000eb4a0000)
  eden space 8704K, 100% used [0x00000000e1000000, 0x00000000e1880000, 0x00000000e1880000)
  from space 1088K,  84% used [0x00000000e1990000, 0x00000000e1a74960, 0x00000000e1aa0000)
  to   space 1088K,   0% used [0x00000000e1880000, 0x00000000e1880000, 0x00000000e1990000)
 concurrent mark-sweep generation total 118492K, used 70550K [0x00000000eb4a0000, 0x00000000f2857000, 0x0000000100000000)
 Metaspace       used 95808K, capacity 99999K, committed 100352K, reserved 1136640K
  class space    used 11690K, capacity 12466K, committed 12544K, reserved 1048576K
2019-06-25T08:36:09.608+0000: 346989.518: [GC (Allocation Failure) 2019-06-25T08:36:09.608+0000: 346989.518: [ParNew: 9618K->994K(9792K), 0.0219342 secs] 80168K->71544K(128284K), 0.0226471 secs] [Times: user=0.03 sys=0.01, real=0.03 secs] 
Heap after GC invocations=5030 (full 142):
 par new generation   total 9792K, used 994K [0x00000000e1000000, 0x00000000e1aa0000, 0x00000000eb4a0000)
  eden space 8704K,   0% used [0x00000000e1000000, 0x00000000e1000000, 0x00000000e1880000)
  from space 1088K,  91% used [0x00000000e1880000, 0x00000000e19789e0, 0x00000000e1990000)
  to   space 1088K,   0% used [0x00000000e1990000, 0x00000000e1990000, 0x00000000e1aa0000)
 concurrent mark-sweep generation total 118492K, used 70550K [0x00000000eb4a0000, 0x00000000f2857000, 0x0000000100000000)
 Metaspace       used 95808K, capacity 99999K, committed 100352K, reserved 1136640K
  class space    used 11690K, capacity 12466K, committed 12544K, reserved 1048576K
}
2019-06-25T08:36:17.015+0000: 346996.925: Application time: 7.3835889 seconds
2019-06-25T08:36:17.015+0000: 346996.925: Application time: 0.0000697 seconds
2019-06-25T08:36:17.015+0000: 346996.925: Application time: 0.0000636 seconds
2019-06-25T08:36:17.016+0000: 346996.926: Application time: 0.0000778 seconds
2019-06-25T08:36:17.017+0000: 346996.927: Application time: 0.0000711 seconds
2019-06-25T08:36:17.017+0000: 346996.927: Application time: 0.0000732 seconds
2019-06-25T08:36:17.017+0000: 346996.927: Application time: 0.0001187 seconds
2019-06-25T08:36:17.018+0000: 346996.927: Application time: 0.0001377 seconds
2019-06-25T08:36:20.642+0000: 347000.552: Application time: 3.6240435 seconds
2019-06-25T08:36:20.642+0000: 347000.552: Application time: 0.0001354 seconds
2019-06-25T08:36:21.021+0000: 347000.931: Application time: 0.3782685 seconds
2019-06-25T08:36:21.022+0000: 347000.931: Application time: 0.0000719 seconds
2019-06-25T08:36:21.022+0000: 347000.932: Application time: 0.0000659 seconds
2019-06-25T08:36:21.022+0000: 347000.932: Application time: 0.0000650 seconds
2019-06-25T08:36:21.022+0000: 347000.932: Application time: 0.0000675 seconds
2019-06-25T08:36:21.022+0000: 347000.932: Application time: 0.0001661 seconds
2019-06-25T08:36:21.023+0000: 347000.932: Application time: 0.0000700 seconds
2019-06-25T08:36:25.643+0000: 347005.554: Application time: 4.6208688 seconds
2019-06-25T08:36:25.668+0000: 347005.577: Application time: 0.0234770 seconds
2019-06-25T08:36:39.634+0000: 347019.543: Application time: 13.9655934 seconds
2019-06-25T08:36:39.634+0000: 347019.544: Application time: 0.0001431 seconds
2019-06-25T08:36:39.634+0000: 347019.544: Application time: 0.0001266 seconds
2019-06-25T08:37:05.062+0000: 347044.972: Application time: 25.4278106 seconds
{Heap before GC invocations=5030 (full 142):
 par new generation   total 9792K, used 9698K [0x00000000e1000000, 0x00000000e1aa0000, 0x00000000eb4a0000)
  eden space 8704K, 100% used [0x00000000e1000000, 0x00000000e1880000, 0x00000000e1880000)
  from space 1088K,  91% used [0x00000000e1880000, 0x00000000e19789e0, 0x00000000e1990000)
  to   space 1088K,   0% used [0x00000000e1990000, 0x00000000e1990000, 0x00000000e1aa0000)
 concurrent mark-sweep generation total 118492K, used 70550K [0x00000000eb4a0000, 0x00000000f2857000, 0x0000000100000000)
 Metaspace       used 95808K, capacity 99999K, committed 100352K, reserved 1136640K
  class space    used 11690K, capacity 12466K, committed 12544K, reserved 1048576K
2019-06-25T08:37:05.063+0000: 347044.973: [GC (Allocation Failure) 2019-06-25T08:37:05.064+0000: 347044.974: [ParNew: 9698K->984K(9792K), 0.0266202 secs] 80248K->71799K(128284K), 0.0274814 secs] [Times: user=0.03 sys=0.00, real=0.03 secs] 
Heap after GC invocations=5031 (full 142):
 par new generation   total 9792K, used 984K [0x00000000e1000000, 0x00000000e1aa0000, 0x00000000eb4a0000)
  eden space 8704K,   0% used [0x00000000e1000000, 0x00000000e1000000, 0x00000000e1880000)
  from space 1088K,  90% used [0x00000000e1990000, 0x00000000e1a86180, 0x00000000e1aa0000)
  to   space 1088K,   0% used [0x00000000e1880000, 0x00000000e1880000, 0x00000000e1990000)
 concurrent mark-sweep generation total 118492K, used 70814K [0x00000000eb4a0000, 0x00000000f2857000, 0x0000000100000000)
 Metaspace       used 95808K, capacity 99999K, committed 100352K, reserved 1136640K
  class space    used 11690K, capacity 12466K, committed 12544K, reserved 1048576K
}
2019-06-25T08:37:09.167+0000: 347049.077: Application time: 4.0753075 seconds
2019-06-25T08:38:09.833+0000: 347109.743: Application time: 60.6659472 seconds
2019-06-25T08:38:09.835+0000: 347109.745: Application time: 0.0015669 seconds
2019-06-25T08:38:41.543+0000: 347141.453: Application time: 31.7080589 seconds
{Heap before GC invocations=5031 (full 142):
 par new generation   total 9792K, used 9688K [0x00000000e1000000, 0x00000000e1aa0000, 0x00000000eb4a0000)
  eden space 8704K, 100% used [0x00000000e1000000, 0x00000000e1880000, 0x00000000e1880000)
  from space 1088K,  90% used [0x00000000e1990000, 0x00000000e1a86180, 0x00000000e1aa0000)
  to   space 1088K,   0% used [0x00000000e1880000, 0x00000000e1880000, 0x00000000e1990000)
 concurrent mark-sweep generation total 118492K, used 70814K [0x00000000eb4a0000, 0x00000000f2857000, 0x0000000100000000)
 Metaspace       used 95808K, capacity 99999K, committed 100352K, reserved 1136640K
  class space    used 11690K, capacity 12466K, committed 12544K, reserved 1048576K
2019-06-25T08:38:41.544+0000: 347141.454: [GC (Allocation Failure) 2019-06-25T08:38:41.544+0000: 347141.454: [ParNew: 9688K->654K(9792K), 0.0237055 secs] 80503K->71685K(128284K), 0.0245359 secs] [Times: user=0.04 sys=0.00, real=0.03 secs] 
Heap after GC invocations=5032 (full 142):
 par new generation   total 9792K, used 654K [0x00000000e1000000, 0x00000000e1aa0000, 0x00000000eb4a0000)
  eden space 8704K,   0% used [0x00000000e1000000, 0x00000000e1000000, 0x00000000e1880000)
  from space 1088K,  60% used [0x00000000e1880000, 0x00000000e19239e0, 0x00000000e1990000)
  to   space 1088K,   0% used [0x00000000e1990000, 0x00000000e1990000, 0x00000000e1aa0000)
 concurrent mark-sweep generation total 118492K, used 71031K [0x00000000eb4a0000, 0x00000000f2857000, 0x0000000100000000)
 Metaspace       used 95808K, capacity 99999K, committed 100352K, reserved 1136640K
  class space    used 11690K, capacity 12466K, committed 12544K, reserved 1048576K
}
2019-06-25T08:39:10.331+0000: 347170.241: Application time: 28.7616607 seconds
2019-06-25T08:40:11.646+0000: 347231.556: Application time: 61.3152667 seconds
{Heap before GC invocations=5032 (full 142):
 par new generation   total 9792K, used 9358K [0x00000000e1000000, 0x00000000e1aa0000, 0x00000000eb4a0000)
  eden space 8704K, 100% used [0x00000000e1000000, 0x00000000e1880000, 0x00000000e1880000)
  from space 1088K,  60% used [0x00000000e1880000, 0x00000000e19239e0, 0x00000000e1990000)
  to   space 1088K,   0% used [0x00000000e1990000, 0x00000000e1990000, 0x00000000e1aa0000)
 concurrent mark-sweep generation total 118492K, used 71031K [0x00000000eb4a0000, 0x00000000f2857000, 0x0000000100000000)
 Metaspace       used 95808K, capacity 99999K, committed 100352K, reserved 1136640K
  class space    used 11690K, capacity 12466K, committed 12544K, reserved 1048576K
2019-06-25T08:40:11.647+0000: 347231.557: [GC (Allocation Failure) 2019-06-25T08:40:11.648+0000: 347231.557: [ParNew: 9358K->834K(9792K), 0.0042748 secs] 80389K->71865K(128284K), 0.0055458 secs] [Times: user=0.01 sys=0.00, real=0.01 secs] 
Heap after GC invocations=5033 (full 142):
 par new generation   total 9792K, used 834K [0x00000000e1000000, 0x00000000e1aa0000, 0x00000000eb4a0000)
  eden space 8704K,   0% used [0x00000000e1000000, 0x00000000e1000000, 0x00000000e1880000)
  from space 1088K,  76% used [0x00000000e1990000, 0x00000000e1a608f8, 0x00000000e1aa0000)
  to   space 1088K,   0% used [0x00000000e1880000, 0x00000000e1880000, 0x00000000e1990000)
 concurrent mark-sweep generation total 118492K, used 71031K [0x00000000eb4a0000, 0x00000000f2857000, 0x0000000100000000)
 Metaspace       used 95808K, capacity 99999K, committed 100352K, reserved 1136640K
  class space    used 11690K, capacity 12466K, committed 12544K, reserved 1048576K
}
2019-06-25T08:40:12.290+0000: 347232.199: Application time: 0.6362817 seconds
2019-06-25T08:40:12.290+0000: 347232.200: Application time: 0.0001647 seconds
2019-06-25T08:40:16.623+0000: 347236.533: Application time: 4.3330816 seconds
2019-06-25T08:40:16.677+0000: 347236.587: Application time: 0.0532722 seconds
2019-06-25T08:40:39.660+0000: 347259.570: Application time: 22.9828232 seconds
2019-06-25T08:41:09.177+0000: 347289.086: Application time: 29.5157707 seconds
2019-06-25T08:41:14.340+0000: 347294.250: Application time: 5.1635765 seconds
2019-06-25T08:41:14.345+0000: 347294.255: Application time: 0.0001090 seconds
2019-06-25T08:41:14.345+0000: 347294.255: Application time: 0.0000676 seconds
2019-06-25T08:41:14.345+0000: 347294.255: Application time: 0.0000730 seconds
2019-06-25T08:41:14.346+0000: 347294.255: Application time: 0.0000782 seconds
2019-06-25T08:41:14.346+0000: 347294.256: Application time: 0.0001684 seconds
2019-06-25T08:41:14.346+0000: 347294.256: Application time: 0.0000779 seconds
2019-06-25T08:41:39.851+0000: 347319.761: Application time: 25.5048764 seconds
{Heap before GC invocations=5033 (full 142):
 par new generation   total 9792K, used 9538K [0x00000000e1000000, 0x00000000e1aa0000, 0x00000000eb4a0000)
  eden space 8704K, 100% used [0x00000000e1000000, 0x00000000e1880000, 0x00000000e1880000)
  from space 1088K,  76% used [0x00000000e1990000, 0x00000000e1a608f8, 0x00000000e1aa0000)
  to   space 1088K,   0% used [0x00000000e1880000, 0x00000000e1880000, 0x00000000e1990000)
 concurrent mark-sweep generation total 118492K, used 71031K [0x00000000eb4a0000, 0x00000000f2857000, 0x0000000100000000)
 Metaspace       used 95808K, capacity 99999K, committed 100352K, reserved 1136640K
  class space    used 11690K, capacity 12466K, committed 12544K, reserved 1048576K
2019-06-25T08:41:39.852+0000: 347319.762: [GC (Allocation Failure) 2019-06-25T08:41:39.852+0000: 347319.762: [ParNew: 9538K->876K(9792K), 0.0292054 secs] 80569K->72222K(128284K), 0.0300618 secs] [Times: user=0.03 sys=0.00, real=0.03 secs] 
Heap after GC invocations=5034 (full 142):
 par new generation   total 9792K, used 876K [0x00000000e1000000, 0x00000000e1aa0000, 0x00000000eb4a0000)
  eden space 8704K,   0% used [0x00000000e1000000, 0x00000000e1000000, 0x00000000e1880000)
  from space 1088K,  80% used [0x00000000e1880000, 0x00000000e195b360, 0x00000000e1990000)
  to   space 1088K,   0% used [0x00000000e1990000, 0x00000000e1990000, 0x00000000e1aa0000)
 concurrent mark-sweep generation total 118492K, used 71345K [0x00000000eb4a0000, 0x00000000f2857000, 0x0000000100000000)
 Metaspace       used 95808K, capacity 99999K, committed 100352K, reserved 1136640K
  class space    used 11690K, capacity 12466K, committed 12544K, reserved 1048576K
}
2019-06-25T08:41:39.884+0000: 347319.794: Application time: 0.0010494 seconds
2019-06-25T08:41:39.884+0000: 347319.794: [GC (CMS Initial Mark) [1 CMS-initial-mark: 71345K(118492K)] 72360K(128284K), 0.0034826 secs] [Times: user=0.00 sys=0.00, real=0.01 secs] 
2019-06-25T08:41:39.889+0000: 347319.799: [CMS-concurrent-mark-start]
2019-06-25T08:41:39.994+0000: 347319.904: [CMS-concurrent-mark: 0.105/0.105 secs] [Times: user=0.11 sys=0.00, real=0.10 secs] 
2019-06-25T08:41:39.995+0000: 347319.905: [CMS-concurrent-preclean-start]
2019-06-25T08:41:39.997+0000: 347319.907: [CMS-concurrent-preclean: 0.002/0.002 secs] [Times: user=0.00 sys=0.00, real=0.00 secs] 
2019-06-25T08:41:39.998+0000: 347319.908: Application time: 0.1089932 seconds
2019-06-25T08:41:39.998+0000: 347319.908: [GC (CMS Final Remark) [YG occupancy: 1023 K (9792 K)]2019-06-25T08:41:39.998+0000: 347319.908: [Rescan (parallel) , 0.0033442 secs]2019-06-25T08:41:40.002+0000: 347319.912: [weak refs processing, 0.0032614 secs]2019-06-25T08:41:40.006+0000: 347319.916: [class unloading, 0.0345010 secs]2019-06-25T08:41:40.041+0000: 347319.951: [scrub symbol table, 0.0215100 secs]2019-06-25T08:41:40.063+0000: 347319.973: [scrub string table, 0.0015962 secs][1 CMS-remark: 71345K(118492K)] 72368K(128284K), 0.0804484 secs] [Times: user=0.08 sys=0.00, real=0.09 secs] 
2019-06-25T08:41:40.080+0000: 347319.990: [CMS-concurrent-sweep-start]
2019-06-25T08:41:40.135+0000: 347320.045: [CMS-concurrent-sweep: 0.055/0.055 secs] [Times: user=0.04 sys=0.00, real=0.05 secs] 
2019-06-25T08:41:40.136+0000: 347320.046: [CMS-concurrent-reset-start]
2019-06-25T08:41:40.136+0000: 347320.046: [CMS-concurrent-reset: 0.000/0.000 secs] [Times: user=0.00 sys=0.00, real=0.00 secs] 
2019-06-25T08:41:41.080+0000: 347320.989: Application time: 1.0001723 seconds
2019-06-25T08:41:49.081+0000: 347328.991: Application time: 8.0011359 seconds
2019-06-25T08:41:53.082+0000: 347332.992: Application time: 4.0005810 seconds
2019-06-25T08:42:06.084+0000: 347345.994: Application time: 13.0019902 seconds
2019-06-25T08:42:07.085+0000: 347346.995: Application time: 1.0002498 seconds
2019-06-25T08:42:10.086+0000: 347349.996: Application time: 3.0006748 seconds
2019-06-25T08:42:37.090+0000: 347376.999: Application time: 27.0034531 seconds
2019-06-25T08:43:10.094+0000: 347410.004: Application time: 33.0045410 seconds
2019-06-25T08:43:12.818+0000: 347412.728: Application time: 2.7231579 seconds
{Heap before GC invocations=5034 (full 143):
 par new generation   total 9792K, used 9580K [0x00000000e1000000, 0x00000000e1aa0000, 0x00000000eb4a0000)
  eden space 8704K, 100% used [0x00000000e1000000, 0x00000000e1880000, 0x00000000e1880000)
  from space 1088K,  80% used [0x00000000e1880000, 0x00000000e195b360, 0x00000000e1990000)
  to   space 1088K,   0% used [0x00000000e1990000, 0x00000000e1990000, 0x00000000e1aa0000)
 concurrent mark-sweep generation total 118492K, used 65459K [0x00000000eb4a0000, 0x00000000f2857000, 0x0000000100000000)
 Metaspace       used 95713K, capacity 99837K, committed 100352K, reserved 1136640K
  class space    used 11675K, capacity 12439K, committed 12544K, reserved 1048576K
2019-06-25T08:43:12.819+0000: 347412.729: [GC (Allocation Failure) 2019-06-25T08:43:12.820+0000: 347412.729: [ParNew: 9580K->895K(9792K), 0.0230034 secs] 75040K->66354K(128284K), 0.0240253 secs] [Times: user=0.04 sys=0.00, real=0.02 secs] 
Heap after GC invocations=5035 (full 143):
 par new generation   total 9792K, used 895K [0x00000000e1000000, 0x00000000e1aa0000, 0x00000000eb4a0000)
  eden space 8704K,   0% used [0x00000000e1000000, 0x00000000e1000000, 0x00000000e1880000)
  from space 1088K,  82% used [0x00000000e1990000, 0x00000000e1a6fca8, 0x00000000e1aa0000)
  to   space 1088K,   0% used [0x00000000e1880000, 0x00000000e1880000, 0x00000000e1990000)
 concurrent mark-sweep generation total 118492K, used 65459K [0x00000000eb4a0000, 0x00000000f2857000, 0x0000000100000000)
 Metaspace       used 95713K, capacity 99837K, committed 100352K, reserved 1136640K
  class space    used 11675K, capacity 12439K, committed 12544K, reserved 1048576K
}
2019-06-25T08:44:09.855+0000: 347469.765: Application time: 57.0087576 seconds
2019-06-25T08:44:09.865+0000: 347469.774: Application time: 0.0090080 seconds
2019-06-25T08:44:15.866+0000: 347475.776: Application time: 6.0009664 seconds
2019-06-25T08:44:22.111+0000: 347482.021: Application time: 6.2447182 seconds
2019-06-25T08:44:56.104+0000: 347516.014: Application time: 33.9921917 seconds
{Heap before GC invocations=5035 (full 143):
 par new generation   total 9792K, used 9599K [0x00000000e1000000, 0x00000000e1aa0000, 0x00000000eb4a0000)
  eden space 8704K, 100% used [0x00000000e1000000, 0x00000000e1880000, 0x00000000e1880000)
  from space 1088K,  82% used [0x00000000e1990000, 0x00000000e1a6fca8, 0x00000000e1aa0000)
  to   space 1088K,   0% used [0x00000000e1880000, 0x00000000e1880000, 0x00000000e1990000)
 concurrent mark-sweep generation total 118492K, used 65459K [0x00000000eb4a0000, 0x00000000f2857000, 0x0000000100000000)
 Metaspace       used 95716K, capacity 99843K, committed 100352K, reserved 1136640K
  class space    used 11676K, capacity 12440K, committed 12544K, reserved 1048576K
2019-06-25T08:44:56.104+0000: 347516.014: [GC (Allocation Failure) 2019-06-25T08:44:56.105+0000: 347516.015: [ParNew: 9599K->672K(9792K), 0.0037989 secs] 75058K->66341K(128284K), 0.0048483 secs] [Times: user=0.01 sys=0.00, real=0.01 secs] 
Heap after GC invocations=5036 (full 143):
 par new generation   total 9792K, used 672K [0x00000000e1000000, 0x00000000e1aa0000, 0x00000000eb4a0000)
  eden space 8704K,   0% used [0x00000000e1000000, 0x00000000e1000000, 0x00000000e1880000)
  from space 1088K,  61% used [0x00000000e1880000, 0x00000000e1928378, 0x00000000e1990000)
  to   space 1088K,   0% used [0x00000000e1990000, 0x00000000e1990000, 0x00000000e1aa0000)
 concurrent mark-sweep generation total 118492K, used 65668K [0x00000000eb4a0000, 0x00000000f2857000, 0x0000000100000000)
 Metaspace       used 95716K, capacity 99843K, committed 100352K, reserved 1136640K
  class space    used 11676K, capacity 12440K, committed 12544K, reserved 1048576K
}
2019-06-25T08:46:38.716+0000: 347618.625: Application time: 102.6058095 seconds
{Heap before GC invocations=5036 (full 143):
 par new generation   total 9792K, used 9376K [0x00000000e1000000, 0x00000000e1aa0000, 0x00000000eb4a0000)
  eden space 8704K, 100% used [0x00000000e1000000, 0x00000000e1880000, 0x00000000e1880000)
  from space 1088K,  61% used [0x00000000e1880000, 0x00000000e1928378, 0x00000000e1990000)
  to   space 1088K,   0% used [0x00000000e1990000, 0x00000000e1990000, 0x00000000e1aa0000)
 concurrent mark-sweep generation total 118492K, used 65668K [0x00000000eb4a0000, 0x00000000f2857000, 0x0000000100000000)
 Metaspace       used 95716K, capacity 99843K, committed 100352K, reserved 1136640K
  class space    used 11676K, capacity 12440K, committed 12544K, reserved 1048576K
2019-06-25T08:46:38.717+0000: 347618.626: [GC (Allocation Failure) 2019-06-25T08:46:38.717+0000: 347618.627: [ParNew: 9376K->768K(9792K), 0.0033009 secs] 75045K->66437K(128284K), 0.0040793 secs] [Times: user=0.01 sys=0.00, real=0.01 secs] 
Heap after GC invocations=5037 (full 143):
 par new generation   total 9792K, used 768K [0x00000000e1000000, 0x00000000e1aa0000, 0x00000000eb4a0000)
  eden space 8704K,   0% used [0x00000000e1000000, 0x00000000e1000000, 0x00000000e1880000)
  from space 1088K,  70% used [0x00000000e1990000, 0x00000000e1a50238, 0x00000000e1aa0000)
  to   space 1088K,   0% used [0x00000000e1880000, 0x00000000e1880000, 0x00000000e1990000)
 concurrent mark-sweep generation total 118492K, used 65668K [0x00000000eb4a0000, 0x00000000f2857000, 0x0000000100000000)
 Metaspace       used 95716K, capacity 99843K, committed 100352K, reserved 1136640K
  class space    used 11676K, capacity 12440K, committed 12544K, reserved 1048576K
}
2019-06-25T08:47:09.726+0000: 347649.636: Application time: 31.0045086 seconds
2019-06-25T08:48:12.804+0000: 347712.713: Application time: 63.0772441 seconds
{Heap before GC invocations=5037 (full 143):
 par new generation   total 9792K, used 9472K [0x00000000e1000000, 0x00000000e1aa0000, 0x00000000eb4a0000)
  eden space 8704K, 100% used [0x00000000e1000000, 0x00000000e1880000, 0x00000000e1880000)
  from space 1088K,  70% used [0x00000000e1990000, 0x00000000e1a50238, 0x00000000e1aa0000)
  to   space 1088K,   0% used [0x00000000e1880000, 0x00000000e1880000, 0x00000000e1990000)
 concurrent mark-sweep generation total 118492K, used 65668K [0x00000000eb4a0000, 0x00000000f2857000, 0x0000000100000000)
 Metaspace       used 95716K, capacity 99843K, committed 100352K, reserved 1136640K
  class space    used 11676K, capacity 12440K, committed 12544K, reserved 1048576K
2019-06-25T08:48:12.805+0000: 347712.714: [GC (Allocation Failure) 2019-06-25T08:48:12.805+0000: 347712.715: [ParNew: 9472K->890K(9792K), 0.0358710 secs] 75141K->66693K(128284K), 0.0366665 secs] [Times: user=0.07 sys=0.00, real=0.04 secs] 
Heap after GC invocations=5038 (full 143):
 par new generation   total 9792K, used 890K [0x00000000e1000000, 0x00000000e1aa0000, 0x00000000eb4a0000)
  eden space 8704K,   0% used [0x00000000e1000000, 0x00000000e1000000, 0x00000000e1880000)
  from space 1088K,  81% used [0x00000000e1880000, 0x00000000e195e9b0, 0x00000000e1990000)
  to   space 1088K,   0% used [0x00000000e1990000, 0x00000000e1990000, 0x00000000e1aa0000)
 concurrent mark-sweep generation total 118492K, used 65802K [0x00000000eb4a0000, 0x00000000f2857000, 0x0000000100000000)
 Metaspace       used 95716K, capacity 99843K, committed 100352K, reserved 1136640K
  class space    used 11676K, capacity 12440K, committed 12544K, reserved 1048576K
}
2019-06-25T08:49:09.891+0000: 347769.800: Application time: 57.0486406 seconds
2019-06-25T08:49:54.932+0000: 347814.842: Application time: 45.0413365 seconds
{Heap before GC invocations=5038 (full 143):
 par new generation   total 9792K, used 9594K [0x00000000e1000000, 0x00000000e1aa0000, 0x00000000eb4a0000)
  eden space 8704K, 100% used [0x00000000e1000000, 0x00000000e1880000, 0x00000000e1880000)
  from space 1088K,  81% used [0x00000000e1880000, 0x00000000e195e9b0, 0x00000000e1990000)
  to   space 1088K,   0% used [0x00000000e1990000, 0x00000000e1990000, 0x00000000e1aa0000)
 concurrent mark-sweep generation total 118492K, used 65802K [0x00000000eb4a0000, 0x00000000f2857000, 0x0000000100000000)
 Metaspace       used 95722K, capacity 99855K, committed 100352K, reserved 1136640K
  class space    used 11677K, capacity 12442K, committed 12544K, reserved 1048576K
2019-06-25T08:49:54.933+0000: 347814.843: [GC (Allocation Failure) 2019-06-25T08:49:54.933+0000: 347814.843: [ParNew: 9594K->728K(9792K), 0.0037870 secs] 75397K->66623K(128284K), 0.0045737 secs] [Times: user=0.01 sys=0.00, real=0.00 secs] 
Heap after GC invocations=5039 (full 143):
 par new generation   total 9792K, used 728K [0x00000000e1000000, 0x00000000e1aa0000, 0x00000000eb4a0000)
  eden space 8704K,   0% used [0x00000000e1000000, 0x00000000e1000000, 0x00000000e1880000)
  from space 1088K,  66% used [0x00000000e1990000, 0x00000000e1a461d0, 0x00000000e1aa0000)
  to   space 1088K,   0% used [0x00000000e1880000, 0x00000000e1880000, 0x00000000e1990000)
 concurrent mark-sweep generation total 118492K, used 65895K [0x00000000eb4a0000, 0x00000000f2857000, 0x0000000100000000)
 Metaspace       used 95722K, capacity 99855K, committed 100352K, reserved 1136640K
  class space    used 11677K, capacity 12442K, committed 12544K, reserved 1048576K
}
2019-06-25T08:50:09.940+0000: 347829.850: Application time: 15.0018665 seconds
2019-06-25T08:51:38.471+0000: 347918.381: Application time: 88.5310554 seconds
{Heap before GC invocations=5039 (full 143):
 par new generation   total 9792K, used 9432K [0x00000000e1000000, 0x00000000e1aa0000, 0x00000000eb4a0000)
  eden space 8704K, 100% used [0x00000000e1000000, 0x00000000e1880000, 0x00000000e1880000)
  from space 1088K,  66% used [0x00000000e1990000, 0x00000000e1a461d0, 0x00000000e1aa0000)
  to   space 1088K,   0% used [0x00000000e1880000, 0x00000000e1880000, 0x00000000e1990000)
 concurrent mark-sweep generation total 118492K, used 65895K [0x00000000eb4a0000, 0x00000000f2857000, 0x0000000100000000)
 Metaspace       used 95722K, capacity 99855K, committed 100352K, reserved 1136640K
  class space    used 11677K, capacity 12442K, committed 12544K, reserved 1048576K
2019-06-25T08:51:38.476+0000: 347918.386: [GC (Allocation Failure) 2019-06-25T08:51:38.477+0000: 347918.387: [ParNew: 9432K->674K(9792K), 0.0036586 secs] 75327K->66569K(128284K), 0.0048603 secs] [Times: user=0.01 sys=0.00, real=0.01 secs] 
Heap after GC invocations=5040 (full 143):
 par new generation   total 9792K, used 674K [0x00000000e1000000, 0x00000000e1aa0000, 0x00000000eb4a0000)
  eden space 8704K,   0% used [0x00000000e1000000, 0x00000000e1000000, 0x00000000e1880000)
  from space 1088K,  62% used [0x00000000e1880000, 0x00000000e1928a80, 0x00000000e1990000)
  to   space 1088K,   0% used [0x00000000e1990000, 0x00000000e1990000, 0x00000000e1aa0000)
 concurrent mark-sweep generation total 118492K, used 65895K [0x00000000eb4a0000, 0x00000000f2857000, 0x0000000100000000)
 Metaspace       used 95722K, capacity 99855K, committed 100352K, reserved 1136640K
  class space    used 11677K, capacity 12442K, committed 12544K, reserved 1048576K
}
2019-06-25T08:53:12.694+0000: 348012.603: Application time: 94.2114373 seconds
{Heap before GC invocations=5040 (full 143):
 par new generation   total 9792K, used 9378K [0x00000000e1000000, 0x00000000e1aa0000, 0x00000000eb4a0000)
  eden space 8704K, 100% used [0x00000000e1000000, 0x00000000e1880000, 0x00000000e1880000)
  from space 1088K,  62% used [0x00000000e1880000, 0x00000000e1928a80, 0x00000000e1990000)
  to   space 1088K,   0% used [0x00000000e1990000, 0x00000000e1990000, 0x00000000e1aa0000)
 concurrent mark-sweep generation total 118492K, used 65895K [0x00000000eb4a0000, 0x00000000f2857000, 0x0000000100000000)
 Metaspace       used 95722K, capacity 99855K, committed 100352K, reserved 1136640K
  class space    used 11677K, capacity 12442K, committed 12544K, reserved 1048576K
2019-06-25T08:53:12.696+0000: 348012.606: [GC (Allocation Failure) 2019-06-25T08:53:12.697+0000: 348012.606: [ParNew: 9378K->878K(9792K), 0.0080376 secs] 75273K->66800K(128284K), 0.0092386 secs] [Times: user=0.02 sys=0.00, real=0.01 secs] 
Heap after GC invocations=5041 (full 143):
 par new generation   total 9792K, used 878K [0x00000000e1000000, 0x00000000e1aa0000, 0x00000000eb4a0000)
  eden space 8704K,   0% used [0x00000000e1000000, 0x00000000e1000000, 0x00000000e1880000)
  from space 1088K,  80% used [0x00000000e1990000, 0x00000000e1a6bb00, 0x00000000e1aa0000)
  to   space 1088K,   0% used [0x00000000e1880000, 0x00000000e1880000, 0x00000000e1990000)
 concurrent mark-sweep generation total 118492K, used 65921K [0x00000000eb4a0000, 0x00000000f2857000, 0x0000000100000000)
 Metaspace       used 95722K, capacity 99855K, committed 100352K, reserved 1136640K
  class space    used 11677K, capacity 12442K, committed 12544K, reserved 1048576K
}
2019-06-25T08:54:10.404+0000: 348070.314: Application time: 57.6984481 seconds
2019-06-25T08:54:56.195+0000: 348116.105: Application time: 45.7899390 seconds
{Heap before GC invocations=5041 (full 143):
 par new generation   total 9792K, used 9582K [0x00000000e1000000, 0x00000000e1aa0000, 0x00000000eb4a0000)
  eden space 8704K, 100% used [0x00000000e1000000, 0x00000000e1880000, 0x00000000e1880000)
  from space 1088K,  80% used [0x00000000e1990000, 0x00000000e1a6bb00, 0x00000000e1aa0000)
  to   space 1088K,   0% used [0x00000000e1880000, 0x00000000e1880000, 0x00000000e1990000)
 concurrent mark-sweep generation total 118492K, used 65921K [0x00000000eb4a0000, 0x00000000f2857000, 0x0000000100000000)
 Metaspace       used 95722K, capacity 99855K, committed 100352K, reserved 1136640K
  class space    used 11677K, capacity 12442K, committed 12544K, reserved 1048576K
2019-06-25T08:54:56.195+0000: 348116.105: [GC (Allocation Failure) 2019-06-25T08:54:56.196+0000: 348116.106: [ParNew: 9582K->748K(9792K), 0.0035341 secs] 75504K->66702K(128284K), 0.0043490 secs] [Times: user=0.00 sys=0.00, real=0.01 secs] 
Heap after GC invocations=5042 (full 143):
 par new generation   total 9792K, used 748K [0x00000000e1000000, 0x00000000e1aa0000, 0x00000000eb4a0000)
  eden space 8704K,   0% used [0x00000000e1000000, 0x00000000e1000000, 0x00000000e1880000)
  from space 1088K,  68% used [0x00000000e1880000, 0x00000000e193b040, 0x00000000e1990000)
  to   space 1088K,   0% used [0x00000000e1990000, 0x00000000e1990000, 0x00000000e1aa0000)
 concurrent mark-sweep generation total 118492K, used 65954K [0x00000000eb4a0000, 0x00000000f2857000, 0x0000000100000000)
 Metaspace       used 95722K, capacity 99855K, committed 100352K, reserved 1136640K
  class space    used 11677K, capacity 12442K, committed 12544K, reserved 1048576K
}
2019-06-25T08:55:09.211+0000: 348129.121: Application time: 13.0108747 seconds
2019-06-25T08:55:09.212+0000: 348129.122: Application time: 0.0003011 seconds
2019-06-25T08:55:09.212+0000: 348129.122: Application time: 0.0000638 seconds
2019-06-25T08:55:09.212+0000: 348129.122: Application time: 0.0000598 seconds
2019-06-25T08:55:09.213+0000: 348129.123: Application time: 0.0000778 seconds
2019-06-25T08:55:09.214+0000: 348129.124: Application time: 0.0001370 seconds
2019-06-25T08:55:09.214+0000: 348129.124: Application time: 0.0001465 seconds
2019-06-25T08:56:39.288+0000: 348219.198: Application time: 90.0734871 seconds
{Heap before GC invocations=5042 (full 143):
 par new generation   total 9792K, used 9452K [0x00000000e1000000, 0x00000000e1aa0000, 0x00000000eb4a0000)
  eden space 8704K, 100% used [0x00000000e1000000, 0x00000000e1880000, 0x00000000e1880000)
  from space 1088K,  68% used [0x00000000e1880000, 0x00000000e193b040, 0x00000000e1990000)
  to   space 1088K,   0% used [0x00000000e1990000, 0x00000000e1990000, 0x00000000e1aa0000)
 concurrent mark-sweep generation total 118492K, used 65954K [0x00000000eb4a0000, 0x00000000f2857000, 0x0000000100000000)
 Metaspace       used 95722K, capacity 99855K, committed 100352K, reserved 1136640K
  class space    used 11677K, capacity 12442K, committed 12544K, reserved 1048576K
2019-06-25T08:56:39.289+0000: 348219.198: [GC (Allocation Failure) 2019-06-25T08:56:39.289+0000: 348219.199: [ParNew: 9452K->844K(9792K), 0.0149924 secs] 75406K->66804K(128284K), 0.0156831 secs] [Times: user=0.01 sys=0.00, real=0.01 secs] 
Heap after GC invocations=5043 (full 143):
 par new generation   total 9792K, used 844K [0x00000000e1000000, 0x00000000e1aa0000, 0x00000000eb4a0000)
  eden space 8704K,   0% used [0x00000000e1000000, 0x00000000e1000000, 0x00000000e1880000)
  from space 1088K,  77% used [0x00000000e1990000, 0x00000000e1a630b8, 0x00000000e1aa0000)
  to   space 1088K,   0% used [0x00000000e1880000, 0x00000000e1880000, 0x00000000e1990000)
 concurrent mark-sweep generation total 118492K, used 65960K [0x00000000eb4a0000, 0x00000000f2857000, 0x0000000100000000)
 Metaspace       used 95722K, capacity 99855K, committed 100352K, reserved 1136640K
  class space    used 11677K, capacity 12442K, committed 12544K, reserved 1048576K
}
2019-06-25T08:58:06.315+0000: 348306.225: Application time: 87.0102409 seconds
2019-06-25T08:58:14.401+0000: 348314.311: Application time: 8.0858939 seconds
{Heap before GC invocations=5043 (full 143):
 par new generation   total 9792K, used 9548K [0x00000000e1000000, 0x00000000e1aa0000, 0x00000000eb4a0000)
  eden space 8704K, 100% used [0x00000000e1000000, 0x00000000e1880000, 0x00000000e1880000)
  from space 1088K,  77% used [0x00000000e1990000, 0x00000000e1a630b8, 0x00000000e1aa0000)
  to   space 1088K,   0% used [0x00000000e1880000, 0x00000000e1880000, 0x00000000e1990000)
 concurrent mark-sweep generation total 118492K, used 65960K [0x00000000eb4a0000, 0x00000000f2857000, 0x0000000100000000)
 Metaspace       used 95725K, capacity 99867K, committed 100352K, reserved 1136640K
  class space    used 11678K, capacity 12444K, committed 12544K, reserved 1048576K
2019-06-25T08:58:14.402+0000: 348314.312: [GC (Allocation Failure) 2019-06-25T08:58:14.403+0000: 348314.313: [ParNew: 9548K->715K(9792K), 0.0035282 secs] 75508K->66681K(128284K), 0.0043182 secs] [Times: user=0.00 sys=0.00, real=0.00 secs] 
Heap after GC invocations=5044 (full 143):
 par new generation   total 9792K, used 715K [0x00000000e1000000, 0x00000000e1aa0000, 0x00000000eb4a0000)
  eden space 8704K,   0% used [0x00000000e1000000, 0x00000000e1000000, 0x00000000e1880000)
  from space 1088K,  65% used [0x00000000e1880000, 0x00000000e1932c08, 0x00000000e1990000)
  to   space 1088K,   0% used [0x00000000e1990000, 0x00000000e1990000, 0x00000000e1aa0000)
 concurrent mark-sweep generation total 118492K, used 65966K [0x00000000eb4a0000, 0x00000000f2857000, 0x0000000100000000)
 Metaspace       used 95725K, capacity 99867K, committed 100352K, reserved 1136640K
  class space    used 11678K, capacity 12444K, committed 12544K, reserved 1048576K
}
2019-06-25T08:59:09.933+0000: 348369.843: Application time: 55.5257004 seconds
2019-06-25T08:59:54.537+0000: 348414.447: Application time: 44.6038774 seconds
{Heap before GC invocations=5044 (full 143):
 par new generation   total 9792K, used 9419K [0x00000000e1000000, 0x00000000e1aa0000, 0x00000000eb4a0000)
  eden space 8704K, 100% used [0x00000000e1000000, 0x00000000e1880000, 0x00000000e1880000)
  from space 1088K,  65% used [0x00000000e1880000, 0x00000000e1932c08, 0x00000000e1990000)
  to   space 1088K,   0% used [0x00000000e1990000, 0x00000000e1990000, 0x00000000e1aa0000)
 concurrent mark-sweep generation total 118492K, used 65966K [0x00000000eb4a0000, 0x00000000f2857000, 0x0000000100000000)
 Metaspace       used 95725K, capacity 99867K, committed 100352K, reserved 1136640K
  class space    used 11678K, capacity 12444K, committed 12544K, reserved 1048576K
2019-06-25T08:59:54.538+0000: 348414.448: [GC (Allocation Failure) 2019-06-25T08:59:54.539+0000: 348414.449: [ParNew: 9419K->676K(9792K), 0.0036932 secs] 75385K->66643K(128284K), 0.0046134 secs] [Times: user=0.00 sys=0.00, real=0.00 secs] 
Heap after GC invocations=5045 (full 143):
 par new generation   total 9792K, used 676K [0x00000000e1000000, 0x00000000e1aa0000, 0x00000000eb4a0000)
  eden space 8704K,   0% used [0x00000000e1000000, 0x00000000e1000000, 0x00000000e1880000)
  from space 1088K,  62% used [0x00000000e1990000, 0x00000000e1a392f0, 0x00000000e1aa0000)
  to   space 1088K,   0% used [0x00000000e1880000, 0x00000000e1880000, 0x00000000e1990000)
 concurrent mark-sweep generation total 118492K, used 65966K [0x00000000eb4a0000, 0x00000000f2857000, 0x0000000100000000)
 Metaspace       used 95725K, capacity 99867K, committed 100352K, reserved 1136640K
  class space    used 11678K, capacity 12444K, committed 12544K, reserved 1048576K
}
2019-06-25T09:00:09.546+0000: 348429.456: Application time: 15.0017585 seconds
2019-06-25T09:00:39.432+0000: 348459.342: Application time: 29.8863217 seconds
2019-06-25T09:00:39.434+0000: 348459.344: Application time: 0.0014121 seconds
2019-06-25T09:01:09.435+0000: 348489.345: Application time: 30.0008656 seconds
2019-06-25T09:01:37.662+0000: 348517.572: Application time: 28.2263479 seconds
{Heap before GC invocations=5045 (full 143):
 par new generation   total 9792K, used 9380K [0x00000000e1000000, 0x00000000e1aa0000, 0x00000000eb4a0000)
  eden space 8704K, 100% used [0x00000000e1000000, 0x00000000e1880000, 0x00000000e1880000)
  from space 1088K,  62% used [0x00000000e1990000, 0x00000000e1a392f0, 0x00000000e1aa0000)
  to   space 1088K,   0% used [0x00000000e1880000, 0x00000000e1880000, 0x00000000e1990000)
 concurrent mark-sweep generation total 118492K, used 65966K [0x00000000eb4a0000, 0x00000000f2857000, 0x0000000100000000)
 Metaspace       used 95725K, capacity 99867K, committed 100352K, reserved 1136640K
  class space    used 11678K, capacity 12444K, committed 12544K, reserved 1048576K
2019-06-25T09:01:37.663+0000: 348517.573: [GC (Allocation Failure) 2019-06-25T09:01:37.663+0000: 348517.573: [ParNew: 9380K->689K(9792K), 0.0033168 secs] 75347K->66659K(128284K), 0.0042411 secs] [Times: user=0.00 sys=0.01, real=0.00 secs] 
Heap after GC invocations=5046 (full 143):
 par new generation   total 9792K, used 689K [0x00000000e1000000, 0x00000000e1aa0000, 0x00000000eb4a0000)
  eden space 8704K,   0% used [0x00000000e1000000, 0x00000000e1000000, 0x00000000e1880000)
  from space 1088K,  63% used [0x00000000e1880000, 0x00000000e192c658, 0x00000000e1990000)
  to   space 1088K,   0% used [0x00000000e1990000, 0x00000000e1990000, 0x00000000e1aa0000)
 concurrent mark-sweep generation total 118492K, used 65969K [0x00000000eb4a0000, 0x00000000f2857000, 0x0000000100000000)
 Metaspace       used 95725K, capacity 99867K, committed 100352K, reserved 1136640K
  class space    used 11678K, capacity 12444K, committed 12544K, reserved 1048576K
}
2019-06-25T09:01:54.670+0000: 348534.580: Application time: 17.0023438 seconds
2019-06-25T09:01:54.688+0000: 348534.598: Application time: 0.0175228 seconds
2019-06-25T09:01:54.688+0000: 348534.598: Application time: 0.0000751 seconds
2019-06-25T09:01:59.092+0000: 348539.001: Application time: 4.4030990 seconds
2019-06-25T09:01:59.127+0000: 348539.037: Application time: 0.0344794 seconds
2019-06-25T09:02:05.538+0000: 348545.448: Application time: 6.4109927 seconds
2019-06-25T09:02:09.795+0000: 348549.705: Application time: 4.2561629 seconds
2019-06-25T09:02:19.670+0000: 348559.580: Application time: 9.8751441 seconds
2019-06-25T09:02:19.671+0000: 348559.581: Application time: 0.0000711 seconds
2019-06-25T09:02:19.671+0000: 348559.581: Application time: 0.0000665 seconds
2019-06-25T09:02:22.516+0000: 348562.426: Application time: 2.8454246 seconds
2019-06-25T09:02:22.517+0000: 348562.427: Application time: 0.0000955 seconds
2019-06-25T09:02:22.518+0000: 348562.427: Application time: 0.0000654 seconds
2019-06-25T09:02:22.518+0000: 348562.428: Application time: 0.0000685 seconds
2019-06-25T09:02:22.520+0000: 348562.429: Application time: 0.0017106 seconds
{Heap before GC invocations=5046 (full 143):
 par new generation   total 9792K, used 9393K [0x00000000e1000000, 0x00000000e1aa0000, 0x00000000eb4a0000)
  eden space 8704K,  99% used [0x00000000e1000000, 0x00000000e187ff68, 0x00000000e1880000)
  from space 1088K,  63% used [0x00000000e1880000, 0x00000000e192c658, 0x00000000e1990000)
  to   space 1088K,   0% used [0x00000000e1990000, 0x00000000e1990000, 0x00000000e1aa0000)
 concurrent mark-sweep generation total 118492K, used 65969K [0x00000000eb4a0000, 0x00000000f2857000, 0x0000000100000000)
 Metaspace       used 95729K, capacity 99873K, committed 100352K, reserved 1136640K
  class space    used 11678K, capacity 12445K, committed 12544K, reserved 1048576K
2019-06-25T09:02:22.520+0000: 348562.430: [GC (Allocation Failure) 2019-06-25T09:02:22.520+0000: 348562.430: [ParNew: 9393K->989K(9792K), 0.0063541 secs] 75363K->66997K(128284K), 0.0069116 secs] [Times: user=0.00 sys=0.00, real=0.00 secs] 
Heap after GC invocations=5047 (full 143):
 par new generation   total 9792K, used 989K [0x00000000e1000000, 0x00000000e1aa0000, 0x00000000eb4a0000)
  eden space 8704K,   0% used [0x00000000e1000000, 0x00000000e1000000, 0x00000000e1880000)
  from space 1088K,  90% used [0x00000000e1990000, 0x00000000e1a87410, 0x00000000e1aa0000)
  to   space 1088K,   0% used [0x00000000e1880000, 0x00000000e1880000, 0x00000000e1990000)
 concurrent mark-sweep generation total 118492K, used 66008K [0x00000000eb4a0000, 0x00000000f2857000, 0x0000000100000000)
 Metaspace       used 95729K, capacity 99873K, committed 100352K, reserved 1136640K
  class space    used 11678K, capacity 12445K, committed 12544K, reserved 1048576K
}
2019-06-25T09:02:27.518+0000: 348567.428: Application time: 4.9909021 seconds
2019-06-25T09:02:27.550+0000: 348567.460: Application time: 0.0313943 seconds
2019-06-25T09:02:31.684+0000: 348571.594: Application time: 4.1335229 seconds
2019-06-25T09:02:31.685+0000: 348571.594: Application time: 0.0000997 seconds
2019-06-25T09:02:31.686+0000: 348571.595: Application time: 0.0000573 seconds
2019-06-25T09:02:31.686+0000: 348571.596: Application time: 0.0000413 seconds
2019-06-25T09:02:31.686+0000: 348571.596: Application time: 0.0000466 seconds
2019-06-25T09:02:31.686+0000: 348571.596: Application time: 0.0001395 seconds
2019-06-25T09:02:31.686+0000: 348571.596: Application time: 0.0000582 seconds
2019-06-25T09:02:31.723+0000: 348571.633: Application time: 0.0361343 seconds
2019-06-25T09:02:31.748+0000: 348571.658: Application time: 0.0000977 seconds
2019-06-25T09:02:34.952+0000: 348574.861: Application time: 3.2033917 seconds
2019-06-25T09:02:35.691+0000: 348575.601: Application time: 0.7386842 seconds
2019-06-25T09:02:35.691+0000: 348575.601: Application time: 0.0002068 seconds
2019-06-25T09:02:35.692+0000: 348575.601: Application time: 0.0001535 seconds
2019-06-25T09:02:35.692+0000: 348575.602: Application time: 0.0001339 seconds
2019-06-25T09:02:35.692+0000: 348575.602: Application time: 0.0001472 seconds
2019-06-25T09:02:35.692+0000: 348575.603: Application time: 0.0007418 seconds
2019-06-25T09:02:35.693+0000: 348575.603: Application time: 0.0001770 seconds
2019-06-25T09:02:35.694+0000: 348575.604: Application time: 0.0001994 seconds
2019-06-25T09:02:35.752+0000: 348575.662: Application time: 0.0578101 seconds
2019-06-25T09:02:35.752+0000: 348575.662: Application time: 0.0000704 seconds
2019-06-25T09:02:39.953+0000: 348579.862: Application time: 4.2002441 seconds
2019-06-25T09:02:39.996+0000: 348579.906: Application time: 0.0434589 seconds
2019-06-25T09:02:52.925+0000: 348592.834: Application time: 12.9279943 seconds
{Heap before GC invocations=5047 (full 143):
 par new generation   total 9792K, used 9690K [0x00000000e1000000, 0x00000000e1aa0000, 0x00000000eb4a0000)
  eden space 8704K,  99% used [0x00000000e1000000, 0x00000000e187f420, 0x00000000e1880000)
  from space 1088K,  90% used [0x00000000e1990000, 0x00000000e1a87410, 0x00000000e1aa0000)
  to   space 1088K,   0% used [0x00000000e1880000, 0x00000000e1880000, 0x00000000e1990000)
 concurrent mark-sweep generation total 118492K, used 66008K [0x00000000eb4a0000, 0x00000000f2857000, 0x0000000100000000)
 Metaspace       used 95733K, capacity 99879K, committed 100352K, reserved 1136640K
  class space    used 11679K, capacity 12446K, committed 12544K, reserved 1048576K
2019-06-25T09:02:52.925+0000: 348592.835: [GC (Allocation Failure) 2019-06-25T09:02:52.926+0000: 348592.835: [ParNew: 9690K->1088K(9792K), 0.0351495 secs] 75698K->67437K(128284K), 0.0358849 secs] [Times: user=0.07 sys=0.00, real=0.04 secs] 
Heap after GC invocations=5048 (full 143):
 par new generation   total 9792K, used 1088K [0x00000000e1000000, 0x00000000e1aa0000, 0x00000000eb4a0000)
  eden space 8704K,   0% used [0x00000000e1000000, 0x00000000e1000000, 0x00000000e1880000)
  from space 1088K, 100% used [0x00000000e1880000, 0x00000000e1990000, 0x00000000e1990000)
  to   space 1088K,   0% used [0x00000000e1990000, 0x00000000e1990000, 0x00000000e1aa0000)
 concurrent mark-sweep generation total 118492K, used 66349K [0x00000000eb4a0000, 0x00000000f2857000, 0x0000000100000000)
 Metaspace       used 95733K, capacity 99879K, committed 100352K, reserved 1136640K
  class space    used 11679K, capacity 12446K, committed 12544K, reserved 1048576K
}
2019-06-25T09:02:56.717+0000: 348596.627: Application time: 3.7551631 seconds
2019-06-25T09:02:56.718+0000: 348596.628: Application time: 0.0000683 seconds
2019-06-25T09:02:56.718+0000: 348596.628: Application time: 0.0000602 seconds
2019-06-25T09:02:56.718+0000: 348596.628: Application time: 0.0000558 seconds
2019-06-25T09:02:56.719+0000: 348596.629: Application time: 0.0000726 seconds
2019-06-25T09:02:56.720+0000: 348596.630: Application time: 0.0000832 seconds
2019-06-25T09:02:56.720+0000: 348596.630: Application time: 0.0001690 seconds
2019-06-25T09:02:56.720+0000: 348596.630: Application time: 0.0001246 seconds
2019-06-25T09:02:56.773+0000: 348596.682: Application time: 0.0519676 seconds
2019-06-25T09:02:56.773+0000: 348596.683: Application time: 0.0000890 seconds
2019-06-25T09:02:56.773+0000: 348596.683: Application time: 0.0000305 seconds
2019-06-25T09:02:56.773+0000: 348596.683: Application time: 0.0000363 seconds
2019-06-25T09:02:56.774+0000: 348596.683: Application time: 0.0000486 seconds
2019-06-25T09:02:56.774+0000: 348596.684: Application time: 0.0000541 seconds
2019-06-25T09:03:01.624+0000: 348601.533: Application time: 4.8496897 seconds
2019-06-25T09:03:01.659+0000: 348601.568: Application time: 0.0348554 seconds
2019-06-25T09:03:05.660+0000: 348605.569: Application time: 4.0006738 seconds
2019-06-25T09:03:06.731+0000: 348606.642: Application time: 1.0719821 seconds
2019-06-25T09:03:06.732+0000: 348606.642: Application time: 0.0000865 seconds
2019-06-25T09:03:06.732+0000: 348606.642: Application time: 0.0000858 seconds
2019-06-25T09:03:06.733+0000: 348606.643: Application time: 0.0001534 seconds
2019-06-25T09:03:06.733+0000: 348606.643: Application time: 0.0001334 seconds
2019-06-25T09:03:06.783+0000: 348606.693: Application time: 0.0499059 seconds
2019-06-25T09:03:06.783+0000: 348606.693: Application time: 0.0001791 seconds
2019-06-25T09:03:06.784+0000: 348606.694: Application time: 0.0001230 seconds
2019-06-25T09:03:06.784+0000: 348606.694: Application time: 0.0001141 seconds
2019-06-25T09:03:06.784+0000: 348606.694: Application time: 0.0001176 seconds
2019-06-25T09:03:09.802+0000: 348609.711: Application time: 3.0171924 seconds
2019-06-25T09:03:09.955+0000: 348609.865: Application time: 0.1526398 seconds
2019-06-25T09:03:09.957+0000: 348609.866: Application time: 0.0015387 seconds
2019-06-25T09:03:11.169+0000: 348611.078: Application time: 1.2130296 seconds
2019-06-25T09:03:11.194+0000: 348611.103: Application time: 0.0234618 seconds
2019-06-25T09:03:43.390+0000: 348643.300: Application time: 32.1963091 seconds
{Heap before GC invocations=5048 (full 143):
 par new generation   total 9792K, used 9792K [0x00000000e1000000, 0x00000000e1aa0000, 0x00000000eb4a0000)
  eden space 8704K, 100% used [0x00000000e1000000, 0x00000000e1880000, 0x00000000e1880000)
  from space 1088K, 100% used [0x00000000e1880000, 0x00000000e1990000, 0x00000000e1990000)
  to   space 1088K,   0% used [0x00000000e1990000, 0x00000000e1990000, 0x00000000e1aa0000)
 concurrent mark-sweep generation total 118492K, used 66349K [0x00000000eb4a0000, 0x00000000f2857000, 0x0000000100000000)
 Metaspace       used 95733K, capacity 99879K, committed 100352K, reserved 1136640K
  class space    used 11679K, capacity 12446K, committed 12544K, reserved 1048576K
2019-06-25T09:03:43.391+0000: 348643.301: [GC (Allocation Failure) 2019-06-25T09:03:43.403+0000: 348643.313: [ParNew: 9792K->865K(9792K), 0.0778104 secs] 76141K->67493K(128284K), 0.0917080 secs] [Times: user=0.03 sys=0.00, real=0.09 secs] 
Heap after GC invocations=5049 (full 143):
 par new generation   total 9792K, used 865K [0x00000000e1000000, 0x00000000e1aa0000, 0x00000000eb4a0000)
  eden space 8704K,   0% used [0x00000000e1000000, 0x00000000e1000000, 0x00000000e1880000)
  from space 1088K,  79% used [0x00000000e1990000, 0x00000000e1a68560, 0x00000000e1aa0000)
  to   space 1088K,   0% used [0x00000000e1880000, 0x00000000e1880000, 0x00000000e1990000)
 concurrent mark-sweep generation total 118492K, used 66628K [0x00000000eb4a0000, 0x00000000f2857000, 0x0000000100000000)
 Metaspace       used 95733K, capacity 99879K, committed 100352K, reserved 1136640K
  class space    used 11679K, capacity 12446K, committed 12544K, reserved 1048576K
}
2019-06-25T09:04:10.452+0000: 348670.362: Application time: 26.9681226 seconds
2019-06-25T09:05:23.883+0000: 348743.793: Application time: 73.4303286 seconds
{Heap before GC invocations=5049 (full 143):
 par new generation   total 9792K, used 9569K [0x00000000e1000000, 0x00000000e1aa0000, 0x00000000eb4a0000)
  eden space 8704K, 100% used [0x00000000e1000000, 0x00000000e1880000, 0x00000000e1880000)
  from space 1088K,  79% used [0x00000000e1990000, 0x00000000e1a68560, 0x00000000e1aa0000)
  to   space 1088K,   0% used [0x00000000e1880000, 0x00000000e1880000, 0x00000000e1990000)
 concurrent mark-sweep generation total 118492K, used 66628K [0x00000000eb4a0000, 0x00000000f2857000, 0x0000000100000000)
 Metaspace       used 95733K, capacity 99879K, committed 100352K, reserved 1136640K
  class space    used 11679K, capacity 12446K, committed 12544K, reserved 1048576K
2019-06-25T09:05:23.884+0000: 348743.794: [GC (Allocation Failure) 2019-06-25T09:05:23.884+0000: 348743.794: [ParNew: 9569K->892K(9792K), 0.0530498 secs] 76197K->67863K(128284K), 0.0538967 secs] [Times: user=0.07 sys=0.00, real=0.05 secs] 
Heap after GC invocations=5050 (full 143):
 par new generation   total 9792K, used 892K [0x00000000e1000000, 0x00000000e1aa0000, 0x00000000eb4a0000)
  eden space 8704K,   0% used [0x00000000e1000000, 0x00000000e1000000, 0x00000000e1880000)
  from space 1088K,  82% used [0x00000000e1880000, 0x00000000e195f388, 0x00000000e1990000)
  to   space 1088K,   0% used [0x00000000e1990000, 0x00000000e1990000, 0x00000000e1aa0000)
 concurrent mark-sweep generation total 118492K, used 66970K [0x00000000eb4a0000, 0x00000000f2857000, 0x0000000100000000)
 Metaspace       used 95733K, capacity 99879K, committed 100352K, reserved 1136640K
  class space    used 11679K, capacity 12446K, committed 12544K, reserved 1048576K
}
2019-06-25T09:05:23.939+0000: 348743.849: Application time: 0.0007863 seconds
2019-06-25T09:05:23.939+0000: 348743.849: Application time: 0.0000432 seconds
2019-06-25T09:05:23.940+0000: 348743.849: Application time: 0.0000650 seconds
2019-06-25T09:05:23.940+0000: 348743.850: Application time: 0.0000708 seconds
2019-06-25T09:05:23.940+0000: 348743.850: Application time: 0.0000894 seconds
2019-06-25T09:05:23.941+0000: 348743.851: Application time: 0.0001604 seconds
2019-06-25T09:05:41.342+0000: 348761.252: Application time: 17.4010751 seconds
2019-06-25T09:05:41.343+0000: 348761.252: Application time: 0.0001415 seconds
2019-06-25T09:05:41.343+0000: 348761.253: Application time: 0.0001047 seconds
2019-06-25T09:05:41.344+0000: 348761.254: Application time: 0.0007747 seconds
2019-06-25T09:05:46.345+0000: 348766.255: Application time: 5.0008550 seconds
2019-06-25T09:05:46.380+0000: 348766.289: Application time: 0.0341198 seconds
2019-06-25T09:06:16.513+0000: 348796.423: Application time: 30.1333635 seconds
{Heap before GC invocations=5050 (full 143):
 par new generation   total 9792K, used 9595K [0x00000000e1000000, 0x00000000e1aa0000, 0x00000000eb4a0000)
  eden space 8704K,  99% used [0x00000000e1000000, 0x00000000e187fb90, 0x00000000e1880000)
  from space 1088K,  82% used [0x00000000e1880000, 0x00000000e195f388, 0x00000000e1990000)
  to   space 1088K,   0% used [0x00000000e1990000, 0x00000000e1990000, 0x00000000e1aa0000)
 concurrent mark-sweep generation total 118492K, used 66970K [0x00000000eb4a0000, 0x00000000f2857000, 0x0000000100000000)
 Metaspace       used 95755K, capacity 99915K, committed 100352K, reserved 1136640K
  class space    used 11682K, capacity 12452K, committed 12544K, reserved 1048576K
2019-06-25T09:06:16.514+0000: 348796.424: [GC (Allocation Failure) 2019-06-25T09:06:16.514+0000: 348796.424: [ParNew: 9595K->808K(9792K), 0.0145573 secs] 76566K->67779K(128284K), 0.0167063 secs] [Times: user=0.03 sys=0.00, real=0.02 secs] 
Heap after GC invocations=5051 (full 143):
 par new generation   total 9792K, used 808K [0x00000000e1000000, 0x00000000e1aa0000, 0x00000000eb4a0000)
  eden space 8704K,   0% used [0x00000000e1000000, 0x00000000e1000000, 0x00000000e1880000)
  from space 1088K,  74% used [0x00000000e1990000, 0x00000000e1a5a210, 0x00000000e1aa0000)
  to   space 1088K,   0% used [0x00000000e1880000, 0x00000000e1880000, 0x00000000e1990000)
 concurrent mark-sweep generation total 118492K, used 66970K [0x00000000eb4a0000, 0x00000000f2857000, 0x0000000100000000)
 Metaspace       used 95755K, capacity 99915K, committed 100352K, reserved 1136640K
  class space    used 11682K, capacity 12452K, committed 12544K, reserved 1048576K
}
2019-06-25T09:06:16.996+0000: 348796.906: Application time: 0.4651239 seconds
2019-06-25T09:06:16.997+0000: 348796.907: Application time: 0.0002096 seconds
2019-06-25T09:06:16.997+0000: 348796.907: Application time: 0.0001395 seconds
2019-06-25T09:06:16.998+0000: 348796.908: Application time: 0.0000778 seconds
2019-06-25T09:06:16.999+0000: 348796.908: Application time: 0.0001563 seconds
2019-06-25T09:06:16.999+0000: 348796.909: Application time: 0.0000966 seconds
2019-06-25T09:06:17.003+0000: 348796.913: Application time: 0.0034217 seconds
2019-06-25T09:06:17.003+0000: 348796.913: Application time: 0.0000716 seconds
2019-06-25T09:06:17.003+0000: 348796.913: Application time: 0.0000875 seconds
2019-06-25T09:06:17.004+0000: 348796.913: Application time: 0.0000648 seconds
2019-06-25T09:06:17.004+0000: 348796.914: Application time: 0.0000635 seconds
2019-06-25T09:06:17.004+0000: 348796.914: Application time: 0.0000695 seconds
2019-06-25T09:06:17.004+0000: 348796.914: Application time: 0.0001517 seconds
2019-06-25T09:06:21.488+0000: 348801.398: Application time: 4.4836471 seconds
2019-06-25T09:06:21.533+0000: 348801.443: Application time: 0.0447602 seconds
2019-06-25T09:06:33.016+0000: 348812.926: Application time: 11.4824529 seconds
2019-06-25T09:06:33.016+0000: 348812.926: Application time: 0.0000288 seconds
2019-06-25T09:06:33.017+0000: 348812.927: Application time: 0.0011112 seconds
2019-06-25T09:07:09.245+0000: 348849.155: Application time: 36.2276597 seconds
2019-06-25T09:07:58.231+0000: 348898.141: Application time: 48.9854840 seconds
{Heap before GC invocations=5051 (full 143):
 par new generation   total 9792K, used 9512K [0x00000000e1000000, 0x00000000e1aa0000, 0x00000000eb4a0000)
  eden space 8704K, 100% used [0x00000000e1000000, 0x00000000e1880000, 0x00000000e1880000)
  from space 1088K,  74% used [0x00000000e1990000, 0x00000000e1a5a210, 0x00000000e1aa0000)
  to   space 1088K,   0% used [0x00000000e1880000, 0x00000000e1880000, 0x00000000e1990000)
 concurrent mark-sweep generation total 118492K, used 66970K [0x00000000eb4a0000, 0x00000000f2857000, 0x0000000100000000)
 Metaspace       used 95755K, capacity 99915K, committed 100352K, reserved 1136640K
  class space    used 11682K, capacity 12452K, committed 12544K, reserved 1048576K
2019-06-25T09:07:58.231+0000: 348898.141: [GC (Allocation Failure) 2019-06-25T09:07:58.232+0000: 348898.142: [ParNew: 9512K->967K(9792K), 0.0207279 secs] 76483K->68230K(128284K), 0.0216441 secs] [Times: user=0.04 sys=0.00, real=0.02 secs] 
Heap after GC invocations=5052 (full 143):
 par new generation   total 9792K, used 967K [0x00000000e1000000, 0x00000000e1aa0000, 0x00000000eb4a0000)
  eden space 8704K,   0% used [0x00000000e1000000, 0x00000000e1000000, 0x00000000e1880000)
  from space 1088K,  88% used [0x00000000e1880000, 0x00000000e1971ff0, 0x00000000e1990000)
  to   space 1088K,   0% used [0x00000000e1990000, 0x00000000e1990000, 0x00000000e1aa0000)
 concurrent mark-sweep generation total 118492K, used 67262K [0x00000000eb4a0000, 0x00000000f2857000, 0x0000000100000000)
 Metaspace       used 95755K, capacity 99915K, committed 100352K, reserved 1136640K
  class space    used 11682K, capacity 12452K, committed 12544K, reserved 1048576K
}
2019-06-25T09:09:09.987+0000: 348969.896: Application time: 71.7328481 seconds
2019-06-25T09:09:22.242+0000: 348982.152: Application time: 12.2550076 seconds
2019-06-25T09:09:31.874+0000: 348991.784: Application time: 9.6319581 seconds
{Heap before GC invocations=5052 (full 143):
 par new generation   total 9792K, used 9671K [0x00000000e1000000, 0x00000000e1aa0000, 0x00000000eb4a0000)
  eden space 8704K,  99% used [0x00000000e1000000, 0x00000000e187ff18, 0x00000000e1880000)
  from space 1088K,  88% used [0x00000000e1880000, 0x00000000e1971ff0, 0x00000000e1990000)
  to   space 1088K,   0% used [0x00000000e1990000, 0x00000000e1990000, 0x00000000e1aa0000)
 concurrent mark-sweep generation total 118492K, used 67262K [0x00000000eb4a0000, 0x00000000f2857000, 0x0000000100000000)
 Metaspace       used 95755K, capacity 99915K, committed 100352K, reserved 1136640K
  class space    used 11682K, capacity 12452K, committed 12544K, reserved 1048576K
2019-06-25T09:09:31.875+0000: 348991.785: [GC (Allocation Failure) 2019-06-25T09:09:31.875+0000: 348991.785: [ParNew: 9671K->876K(9792K), 0.0039283 secs] 76934K->68139K(128284K), 0.0048013 secs] [Times: user=0.00 sys=0.00, real=0.01 secs] 
Heap after GC invocations=5053 (full 143):
 par new generation   total 9792K, used 876K [0x00000000e1000000, 0x00000000e1aa0000, 0x00000000eb4a0000)
  eden space 8704K,   0% used [0x00000000e1000000, 0x00000000e1000000, 0x00000000e1880000)
  from space 1088K,  80% used [0x00000000e1990000, 0x00000000e1a6b308, 0x00000000e1aa0000)
  to   space 1088K,   0% used [0x00000000e1880000, 0x00000000e1880000, 0x00000000e1990000)
 concurrent mark-sweep generation total 118492K, used 67262K [0x00000000eb4a0000, 0x00000000f2857000, 0x0000000100000000)
 Metaspace       used 95755K, capacity 99915K, committed 100352K, reserved 1136640K
  class space    used 11682K, capacity 12452K, committed 12544K, reserved 1048576K
}
2019-06-25T09:09:32.208+0000: 348992.118: Application time: 0.3273532 seconds
2019-06-25T09:09:32.208+0000: 348992.118: Application time: 0.0000745 seconds
2019-06-25T09:09:32.209+0000: 348992.118: Application time: 0.0000614 seconds
2019-06-25T09:09:32.209+0000: 348992.119: Application time: 0.0000595 seconds
2019-06-25T09:09:32.210+0000: 348992.119: Application time: 0.0000731 seconds
2019-06-25T09:09:32.210+0000: 348992.120: Application time: 0.0001427 seconds
2019-06-25T09:09:32.210+0000: 348992.120: Application time: 0.0000870 seconds
2019-06-25T09:09:36.873+0000: 348996.782: Application time: 4.6623816 seconds
2019-06-25T09:09:36.904+0000: 348996.814: Application time: 0.0310060 seconds
2019-06-25T09:09:39.841+0000: 348999.751: Application time: 2.9372873 seconds
2019-06-25T09:10:52.971+0000: 349072.881: Application time: 73.1290877 seconds
{Heap before GC invocations=5053 (full 143):
 par new generation   total 9792K, used 9580K [0x00000000e1000000, 0x00000000e1aa0000, 0x00000000eb4a0000)
  eden space 8704K, 100% used [0x00000000e1000000, 0x00000000e1880000, 0x00000000e1880000)
  from space 1088K,  80% used [0x00000000e1990000, 0x00000000e1a6b308, 0x00000000e1aa0000)
  to   space 1088K,   0% used [0x00000000e1880000, 0x00000000e1880000, 0x00000000e1990000)
 concurrent mark-sweep generation total 118492K, used 67262K [0x00000000eb4a0000, 0x00000000f2857000, 0x0000000100000000)
 Metaspace       used 95755K, capacity 99915K, committed 100352K, reserved 1136640K
  class space    used 11682K, capacity 12452K, committed 12544K, reserved 1048576K
2019-06-25T09:10:52.972+0000: 349072.881: [GC (Allocation Failure) 2019-06-25T09:10:52.972+0000: 349072.882: [ParNew: 9580K->692K(9792K), 0.0140993 secs] 76843K->68294K(128284K), 0.0149382 secs] [Times: user=0.03 sys=0.00, real=0.01 secs] 
Heap after GC invocations=5054 (full 143):
 par new generation   total 9792K, used 692K [0x00000000e1000000, 0x00000000e1aa0000, 0x00000000eb4a0000)
  eden space 8704K,   0% used [0x00000000e1000000, 0x00000000e1000000, 0x00000000e1880000)
  from space 1088K,  63% used [0x00000000e1880000, 0x00000000e192d0f0, 0x00000000e1990000)
  to   space 1088K,   0% used [0x00000000e1990000, 0x00000000e1990000, 0x00000000e1aa0000)
 concurrent mark-sweep generation total 118492K, used 67601K [0x00000000eb4a0000, 0x00000000f2857000, 0x0000000100000000)
 Metaspace       used 95755K, capacity 99915K, committed 100352K, reserved 1136640K
  class space    used 11682K, capacity 12452K, committed 12544K, reserved 1048576K
}
2019-06-25T09:12:37.409+0000: 349177.319: Application time: 104.4214192 seconds
{Heap before GC invocations=5054 (full 143):
 par new generation   total 9792K, used 9396K [0x00000000e1000000, 0x00000000e1aa0000, 0x00000000eb4a0000)
  eden space 8704K, 100% used [0x00000000e1000000, 0x00000000e1880000, 0x00000000e1880000)
  from space 1088K,  63% used [0x00000000e1880000, 0x00000000e192d0f0, 0x00000000e1990000)
  to   space 1088K,   0% used [0x00000000e1990000, 0x00000000e1990000, 0x00000000e1aa0000)
 concurrent mark-sweep generation total 118492K, used 67601K [0x00000000eb4a0000, 0x00000000f2857000, 0x0000000100000000)
 Metaspace       used 95755K, capacity 99915K, committed 100352K, reserved 1136640K
  class space    used 11682K, capacity 12452K, committed 12544K, reserved 1048576K
2019-06-25T09:12:37.409+0000: 349177.319: [GC (Allocation Failure) 2019-06-25T09:12:37.410+0000: 349177.320: [ParNew: 9396K->881K(9792K), 0.0316756 secs] 76998K->68483K(128284K), 0.0324397 secs] [Times: user=0.06 sys=0.00, real=0.03 secs] 
Heap after GC invocations=5055 (full 143):
 par new generation   total 9792K, used 881K [0x00000000e1000000, 0x00000000e1aa0000, 0x00000000eb4a0000)
  eden space 8704K,   0% used [0x00000000e1000000, 0x00000000e1000000, 0x00000000e1880000)
  from space 1088K,  80% used [0x00000000e1990000, 0x00000000e1a6c500, 0x00000000e1aa0000)
  to   space 1088K,   0% used [0x00000000e1880000, 0x00000000e1880000, 0x00000000e1990000)
 concurrent mark-sweep generation total 118492K, used 67601K [0x00000000eb4a0000, 0x00000000f2857000, 0x0000000100000000)
 Metaspace       used 95755K, capacity 99915K, committed 100352K, reserved 1136640K
  class space    used 11682K, capacity 12452K, committed 12544K, reserved 1048576K
}
2019-06-25T09:12:37.444+0000: 349177.354: Application time: 0.0010092 seconds
2019-06-25T09:12:37.444+0000: 349177.354: Application time: 0.0001492 seconds
2019-06-25T09:12:37.445+0000: 349177.355: Application time: 0.0002555 seconds
2019-06-25T09:14:10.011+0000: 349269.920: Application time: 92.5654693 seconds
2019-06-25T09:14:14.867+0000: 349274.777: Application time: 4.8557101 seconds
{Heap before GC invocations=5055 (full 143):
 par new generation   total 9792K, used 9585K [0x00000000e1000000, 0x00000000e1aa0000, 0x00000000eb4a0000)
  eden space 8704K, 100% used [0x00000000e1000000, 0x00000000e1880000, 0x00000000e1880000)
  from space 1088K,  80% used [0x00000000e1990000, 0x00000000e1a6c500, 0x00000000e1aa0000)
  to   space 1088K,   0% used [0x00000000e1880000, 0x00000000e1880000, 0x00000000e1990000)
 concurrent mark-sweep generation total 118492K, used 67601K [0x00000000eb4a0000, 0x00000000f2857000, 0x0000000100000000)
 Metaspace       used 95755K, capacity 99915K, committed 100352K, reserved 1136640K
  class space    used 11682K, capacity 12452K, committed 12544K, reserved 1048576K
2019-06-25T09:14:14.875+0000: 349274.785: [GC (Allocation Failure) 2019-06-25T09:14:14.876+0000: 349274.786: [ParNew: 9585K->698K(9792K), 0.0055341 secs] 77187K->68410K(128284K), 0.0064707 secs] [Times: user=0.01 sys=0.00, real=0.01 secs] 
Heap after GC invocations=5056 (full 143):
 par new generation   total 9792K, used 698K [0x00000000e1000000, 0x00000000e1aa0000, 0x00000000eb4a0000)
  eden space 8704K,   0% used [0x00000000e1000000, 0x00000000e1000000, 0x00000000e1880000)
  from space 1088K,  64% used [0x00000000e1880000, 0x00000000e192ebf8, 0x00000000e1990000)
  to   space 1088K,   0% used [0x00000000e1990000, 0x00000000e1990000, 0x00000000e1aa0000)
 concurrent mark-sweep generation total 118492K, used 67711K [0x00000000eb4a0000, 0x00000000f2857000, 0x0000000100000000)
 Metaspace       used 95755K, capacity 99915K, committed 100352K, reserved 1136640K
  class space    used 11682K, capacity 12452K, committed 12544K, reserved 1048576K
}
2019-06-25T09:15:56.558+0000: 349376.468: Application time: 101.6753362 seconds
{Heap before GC invocations=5056 (full 143):
 par new generation   total 9792K, used 9402K [0x00000000e1000000, 0x00000000e1aa0000, 0x00000000eb4a0000)
  eden space 8704K, 100% used [0x00000000e1000000, 0x00000000e1880000, 0x00000000e1880000)
  from space 1088K,  64% used [0x00000000e1880000, 0x00000000e192ebf8, 0x00000000e1990000)
  to   space 1088K,   0% used [0x00000000e1990000, 0x00000000e1990000, 0x00000000e1aa0000)
 concurrent mark-sweep generation total 118492K, used 67711K [0x00000000eb4a0000, 0x00000000f2857000, 0x0000000100000000)
 Metaspace       used 95755K, capacity 99915K, committed 100352K, reserved 1136640K
  class space    used 11682K, capacity 12452K, committed 12544K, reserved 1048576K
2019-06-25T09:15:56.567+0000: 349376.477: [GC (Allocation Failure) 2019-06-25T09:15:56.567+0000: 349376.477: [ParNew: 9402K->701K(9792K), 0.0034127 secs] 77114K->68413K(128284K), 0.0043487 secs] [Times: user=0.01 sys=0.00, real=0.01 secs] 
Heap after GC invocations=5057 (full 143):
 par new generation   total 9792K, used 701K [0x00000000e1000000, 0x00000000e1aa0000, 0x00000000eb4a0000)
  eden space 8704K,   0% used [0x00000000e1000000, 0x00000000e1000000, 0x00000000e1880000)
  from space 1088K,  64% used [0x00000000e1990000, 0x00000000e1a3f658, 0x00000000e1aa0000)
  to   space 1088K,   0% used [0x00000000e1880000, 0x00000000e1880000, 0x00000000e1990000)
 concurrent mark-sweep generation total 118492K, used 67711K [0x00000000eb4a0000, 0x00000000f2857000, 0x0000000100000000)
 Metaspace       used 95755K, capacity 99915K, committed 100352K, reserved 1136640K
  class space    used 11682K, capacity 12452K, committed 12544K, reserved 1048576K
}
2019-06-25T09:17:39.518+0000: 349479.428: Application time: 102.9465307 seconds
{Heap before GC invocations=5057 (full 143):
 par new generation   total 9792K, used 9405K [0x00000000e1000000, 0x00000000e1aa0000, 0x00000000eb4a0000)
  eden space 8704K, 100% used [0x00000000e1000000, 0x00000000e1880000, 0x00000000e1880000)
  from space 1088K,  64% used [0x00000000e1990000, 0x00000000e1a3f658, 0x00000000e1aa0000)
  to   space 1088K,   0% used [0x00000000e1880000, 0x00000000e1880000, 0x00000000e1990000)
 concurrent mark-sweep generation total 118492K, used 67711K [0x00000000eb4a0000, 0x00000000f2857000, 0x0000000100000000)
 Metaspace       used 95755K, capacity 99915K, committed 100352K, reserved 1136640K
  class space    used 11682K, capacity 12452K, committed 12544K, reserved 1048576K
2019-06-25T09:17:39.519+0000: 349479.429: [GC (Allocation Failure) 2019-06-25T09:17:39.520+0000: 349479.429: [ParNew: 9405K->734K(9792K), 0.0037250 secs] 77117K->68488K(128284K), 0.0045343 secs] [Times: user=0.01 sys=0.00, real=0.00 secs] 
Heap after GC invocations=5058 (full 143):
 par new generation   total 9792K, used 734K [0x00000000e1000000, 0x00000000e1aa0000, 0x00000000eb4a0000)
  eden space 8704K,   0% used [0x00000000e1000000, 0x00000000e1000000, 0x00000000e1880000)
  from space 1088K,  67% used [0x00000000e1880000, 0x00000000e1937800, 0x00000000e1990000)
  to   space 1088K,   0% used [0x00000000e1990000, 0x00000000e1990000, 0x00000000e1aa0000)
 concurrent mark-sweep generation total 118492K, used 67754K [0x00000000eb4a0000, 0x00000000f2857000, 0x0000000100000000)
 Metaspace       used 95755K, capacity 99915K, committed 100352K, reserved 1136640K
  class space    used 11682K, capacity 12452K, committed 12544K, reserved 1048576K
}
2019-06-25T09:19:10.534+0000: 349570.444: Application time: 91.0094666 seconds
2019-06-25T09:19:17.713+0000: 349577.623: Application time: 7.1782966 seconds
{Heap before GC invocations=5058 (full 143):
 par new generation   total 9792K, used 9438K [0x00000000e1000000, 0x00000000e1aa0000, 0x00000000eb4a0000)
  eden space 8704K, 100% used [0x00000000e1000000, 0x00000000e1880000, 0x00000000e1880000)
  from space 1088K,  67% used [0x00000000e1880000, 0x00000000e1937800, 0x00000000e1990000)
  to   space 1088K,   0% used [0x00000000e1990000, 0x00000000e1990000, 0x00000000e1aa0000)
 concurrent mark-sweep generation total 118492K, used 67754K [0x00000000eb4a0000, 0x00000000f2857000, 0x0000000100000000)
 Metaspace       used 95755K, capacity 99915K, committed 100352K, reserved 1136640K
  class space    used 11682K, capacity 12452K, committed 12544K, reserved 1048576K
2019-06-25T09:19:17.713+0000: 349577.623: [GC (Allocation Failure) 2019-06-25T09:19:17.714+0000: 349577.624: [ParNew: 9438K->556K(9792K), 0.0266037 secs] 77192K->68382K(128284K), 0.0274170 secs] [Times: user=0.05 sys=0.00, real=0.03 secs] 
Heap after GC invocations=5059 (full 143):
 par new generation   total 9792K, used 556K [0x00000000e1000000, 0x00000000e1aa0000, 0x00000000eb4a0000)
  eden space 8704K,   0% used [0x00000000e1000000, 0x00000000e1000000, 0x00000000e1880000)
  from space 1088K,  51% used [0x00000000e1990000, 0x00000000e1a1b0c0, 0x00000000e1aa0000)
  to   space 1088K,   0% used [0x00000000e1880000, 0x00000000e1880000, 0x00000000e1990000)
 concurrent mark-sweep generation total 118492K, used 67826K [0x00000000eb4a0000, 0x00000000f2857000, 0x0000000100000000)
 Metaspace       used 95755K, capacity 99915K, committed 100352K, reserved 1136640K
  class space    used 11682K, capacity 12452K, committed 12544K, reserved 1048576K
}
2019-06-25T09:20:59.875+0000: 349679.784: Application time: 102.1329462 seconds
{Heap before GC invocations=5059 (full 143):
 par new generation   total 9792K, used 9260K [0x00000000e1000000, 0x00000000e1aa0000, 0x00000000eb4a0000)
  eden space 8704K, 100% used [0x00000000e1000000, 0x00000000e1880000, 0x00000000e1880000)
  from space 1088K,  51% used [0x00000000e1990000, 0x00000000e1a1b0c0, 0x00000000e1aa0000)
  to   space 1088K,   0% used [0x00000000e1880000, 0x00000000e1880000, 0x00000000e1990000)
 concurrent mark-sweep generation total 118492K, used 67826K [0x00000000eb4a0000, 0x00000000f2857000, 0x0000000100000000)
 Metaspace       used 95756K, capacity 99915K, committed 100352K, reserved 1136640K
  class space    used 11682K, capacity 12452K, committed 12544K, reserved 1048576K
2019-06-25T09:20:59.875+0000: 349679.785: [GC (Allocation Failure) 2019-06-25T09:20:59.876+0000: 349679.786: [ParNew: 9260K->618K(9792K), 0.0032859 secs] 77086K->68444K(128284K), 0.0040740 secs] [Times: user=0.01 sys=0.00, real=0.01 secs] 
Heap after GC invocations=5060 (full 143):
 par new generation   total 9792K, used 618K [0x00000000e1000000, 0x00000000e1aa0000, 0x00000000eb4a0000)
  eden space 8704K,   0% used [0x00000000e1000000, 0x00000000e1000000, 0x00000000e1880000)
  from space 1088K,  56% used [0x00000000e1880000, 0x00000000e191a890, 0x00000000e1990000)
  to   space 1088K,   0% used [0x00000000e1990000, 0x00000000e1990000, 0x00000000e1aa0000)
 concurrent mark-sweep generation total 118492K, used 67826K [0x00000000eb4a0000, 0x00000000f2857000, 0x0000000100000000)
 Metaspace       used 95756K, capacity 99915K, committed 100352K, reserved 1136640K
  class space    used 11682K, capacity 12452K, committed 12544K, reserved 1048576K
}
2019-06-25T09:22:39.923+0000: 349779.832: Application time: 100.0426066 seconds
{Heap before GC invocations=5060 (full 143):
 par new generation   total 9792K, used 9322K [0x00000000e1000000, 0x00000000e1aa0000, 0x00000000eb4a0000)
  eden space 8704K, 100% used [0x00000000e1000000, 0x00000000e1880000, 0x00000000e1880000)
  from space 1088K,  56% used [0x00000000e1880000, 0x00000000e191a890, 0x00000000e1990000)
  to   space 1088K,   0% used [0x00000000e1990000, 0x00000000e1990000, 0x00000000e1aa0000)
 concurrent mark-sweep generation total 118492K, used 67826K [0x00000000eb4a0000, 0x00000000f2857000, 0x0000000100000000)
 Metaspace       used 95756K, capacity 99915K, committed 100352K, reserved 1136640K
  class space    used 11682K, capacity 12452K, committed 12544K, reserved 1048576K
2019-06-25T09:22:39.923+0000: 349779.833: [GC (Allocation Failure) 2019-06-25T09:22:39.924+0000: 349779.834: [ParNew: 9322K->610K(9792K), 0.0032406 secs] 77148K->68437K(128284K), 0.0039380 secs] [Times: user=0.00 sys=0.00, real=0.00 secs] 
Heap after GC invocations=5061 (full 143):
 par new generation   total 9792K, used 610K [0x00000000e1000000, 0x00000000e1aa0000, 0x00000000eb4a0000)
  eden space 8704K,   0% used [0x00000000e1000000, 0x00000000e1000000, 0x00000000e1880000)
  from space 1088K,  56% used [0x00000000e1990000, 0x00000000e1a28bf0, 0x00000000e1aa0000)
  to   space 1088K,   0% used [0x00000000e1880000, 0x00000000e1880000, 0x00000000e1990000)
 concurrent mark-sweep generation total 118492K, used 67826K [0x00000000eb4a0000, 0x00000000f2857000, 0x0000000100000000)
 Metaspace       used 95756K, capacity 99915K, committed 100352K, reserved 1136640K
  class space    used 11682K, capacity 12452K, committed 12544K, reserved 1048576K
}
2019-06-25T09:23:39.553+0000: 349839.463: Application time: 59.6248789 seconds
2019-06-25T09:23:39.555+0000: 349839.465: Application time: 0.0016732 seconds
2019-06-25T09:24:10.559+0000: 349870.469: Application time: 31.0040789 seconds
2019-06-25T09:24:19.440+0000: 349879.350: Application time: 8.8803661 seconds
{Heap before GC invocations=5061 (full 143):
 par new generation   total 9792K, used 9314K [0x00000000e1000000, 0x00000000e1aa0000, 0x00000000eb4a0000)
  eden space 8704K, 100% used [0x00000000e1000000, 0x00000000e1880000, 0x00000000e1880000)
  from space 1088K,  56% used [0x00000000e1990000, 0x00000000e1a28bf0, 0x00000000e1aa0000)
  to   space 1088K,   0% used [0x00000000e1880000, 0x00000000e1880000, 0x00000000e1990000)
 concurrent mark-sweep generation total 118492K, used 67826K [0x00000000eb4a0000, 0x00000000f2857000, 0x0000000100000000)
 Metaspace       used 95756K, capacity 99915K, committed 100352K, reserved 1136640K
  class space    used 11682K, capacity 12452K, committed 12544K, reserved 1048576K
2019-06-25T09:24:19.441+0000: 349879.351: [GC (Allocation Failure) 2019-06-25T09:24:19.441+0000: 349879.351: [ParNew: 9314K->622K(9792K), 0.0031641 secs] 77141K->68448K(128284K), 0.0040150 secs] [Times: user=0.00 sys=0.00, real=0.00 secs] 
Heap after GC invocations=5062 (full 143):
 par new generation   total 9792K, used 622K [0x00000000e1000000, 0x00000000e1aa0000, 0x00000000eb4a0000)
  eden space 8704K,   0% used [0x00000000e1000000, 0x00000000e1000000, 0x00000000e1880000)
  from space 1088K,  57% used [0x00000000e1880000, 0x00000000e191b8a8, 0x00000000e1990000)
  to   space 1088K,   0% used [0x00000000e1990000, 0x00000000e1990000, 0x00000000e1aa0000)
 concurrent mark-sweep generation total 118492K, used 67826K [0x00000000eb4a0000, 0x00000000f2857000, 0x0000000100000000)
 Metaspace       used 95756K, capacity 99915K, committed 100352K, reserved 1136640K
  class space    used 11682K, capacity 12452K, committed 12544K, reserved 1048576K
}
2019-06-25T09:26:03.177+0000: 349983.087: Application time: 103.7317303 seconds
{Heap before GC invocations=5062 (full 143):
 par new generation   total 9792K, used 9326K [0x00000000e1000000, 0x00000000e1aa0000, 0x00000000eb4a0000)
  eden space 8704K, 100% used [0x00000000e1000000, 0x00000000e1880000, 0x00000000e1880000)
  from space 1088K,  57% used [0x00000000e1880000, 0x00000000e191b8a8, 0x00000000e1990000)
  to   space 1088K,   0% used [0x00000000e1990000, 0x00000000e1990000, 0x00000000e1aa0000)
 concurrent mark-sweep generation total 118492K, used 67826K [0x00000000eb4a0000, 0x00000000f2857000, 0x0000000100000000)
 Metaspace       used 95756K, capacity 99915K, committed 100352K, reserved 1136640K
  class space    used 11682K, capacity 12452K, committed 12544K, reserved 1048576K
2019-06-25T09:26:03.178+0000: 349983.088: [GC (Allocation Failure) 2019-06-25T09:26:03.179+0000: 349983.088: [ParNew: 9326K->617K(9792K), 0.0034221 secs] 77152K->68444K(128284K), 0.0043581 secs] [Times: user=0.00 sys=0.00, real=0.00 secs] 
Heap after GC invocations=5063 (full 143):
 par new generation   total 9792K, used 617K [0x00000000e1000000, 0x00000000e1aa0000, 0x00000000eb4a0000)
  eden space 8704K,   0% used [0x00000000e1000000, 0x00000000e1000000, 0x00000000e1880000)
  from space 1088K,  56% used [0x00000000e1990000, 0x00000000e1a2a660, 0x00000000e1aa0000)
  to   space 1088K,   0% used [0x00000000e1880000, 0x00000000e1880000, 0x00000000e1990000)
 concurrent mark-sweep generation total 118492K, used 67826K [0x00000000eb4a0000, 0x00000000f2857000, 0x0000000100000000)
 Metaspace       used 95756K, capacity 99915K, committed 100352K, reserved 1136640K
  class space    used 11682K, capacity 12452K, committed 12544K, reserved 1048576K
}
2019-06-25T09:27:40.235+0000: 350080.144: Application time: 97.0512700 seconds
{Heap before GC invocations=5063 (full 143):
 par new generation   total 9792K, used 9321K [0x00000000e1000000, 0x00000000e1aa0000, 0x00000000eb4a0000)
  eden space 8704K, 100% used [0x00000000e1000000, 0x00000000e1880000, 0x00000000e1880000)
  from space 1088K,  56% used [0x00000000e1990000, 0x00000000e1a2a660, 0x00000000e1aa0000)
  to   space 1088K,   0% used [0x00000000e1880000, 0x00000000e1880000, 0x00000000e1990000)
 concurrent mark-sweep generation total 118492K, used 67826K [0x00000000eb4a0000, 0x00000000f2857000, 0x0000000100000000)
 Metaspace       used 95756K, capacity 99915K, committed 100352K, reserved 1136640K
  class space    used 11682K, capacity 12452K, committed 12544K, reserved 1048576K
2019-06-25T09:27:40.235+0000: 350080.145: [GC (Allocation Failure) 2019-06-25T09:27:40.236+0000: 350080.145: [ParNew: 9321K->604K(9792K), 0.0069048 secs] 77148K->68430K(128284K), 0.0076033 secs] [Times: user=0.02 sys=0.00, real=0.01 secs] 
Heap after GC invocations=5064 (full 143):
 par new generation   total 9792K, used 604K [0x00000000e1000000, 0x00000000e1aa0000, 0x00000000eb4a0000)
  eden space 8704K,   0% used [0x00000000e1000000, 0x00000000e1000000, 0x00000000e1880000)
  from space 1088K,  55% used [0x00000000e1880000, 0x00000000e1917048, 0x00000000e1990000)
  to   space 1088K,   0% used [0x00000000e1990000, 0x00000000e1990000, 0x00000000e1aa0000)
 concurrent mark-sweep generation total 118492K, used 67826K [0x00000000eb4a0000, 0x00000000f2857000, 0x0000000100000000)
 Metaspace       used 95756K, capacity 99915K, committed 100352K, reserved 1136640K
  class space    used 11682K, capacity 12452K, committed 12544K, reserved 1048576K
}
2019-06-25T09:28:10.085+0000: 350109.995: Application time: 29.8412615 seconds
2019-06-25T09:28:10.087+0000: 350109.997: Application time: 0.0017292 seconds
2019-06-25T09:29:10.583+0000: 350170.493: Application time: 60.4961456 seconds
2019-06-25T09:29:22.348+0000: 350182.257: Application time: 11.7638822 seconds
{Heap before GC invocations=5064 (full 143):
 par new generation   total 9792K, used 9308K [0x00000000e1000000, 0x00000000e1aa0000, 0x00000000eb4a0000)
  eden space 8704K, 100% used [0x00000000e1000000, 0x00000000e1880000, 0x00000000e1880000)
  from space 1088K,  55% used [0x00000000e1880000, 0x00000000e1917048, 0x00000000e1990000)
  to   space 1088K,   0% used [0x00000000e1990000, 0x00000000e1990000, 0x00000000e1aa0000)
 concurrent mark-sweep generation total 118492K, used 67826K [0x00000000eb4a0000, 0x00000000f2857000, 0x0000000100000000)
 Metaspace       used 95756K, capacity 99915K, committed 100352K, reserved 1136640K
  class space    used 11682K, capacity 12452K, committed 12544K, reserved 1048576K
2019-06-25T09:29:22.358+0000: 350182.268: [GC (Allocation Failure) 2019-06-25T09:29:22.358+0000: 350182.268: [ParNew: 9308K->649K(9792K), 0.0034716 secs] 77134K->68476K(128284K), 0.0045005 secs] [Times: user=0.00 sys=0.01, real=0.01 secs] 
Heap after GC invocations=5065 (full 143):
 par new generation   total 9792K, used 649K [0x00000000e1000000, 0x00000000e1aa0000, 0x00000000eb4a0000)
  eden space 8704K,   0% used [0x00000000e1000000, 0x00000000e1000000, 0x00000000e1880000)
  from space 1088K,  59% used [0x00000000e1990000, 0x00000000e1a324f0, 0x00000000e1aa0000)
  to   space 1088K,   0% used [0x00000000e1880000, 0x00000000e1880000, 0x00000000e1990000)
 concurrent mark-sweep generation total 118492K, used 67827K [0x00000000eb4a0000, 0x00000000f2857000, 0x0000000100000000)
 Metaspace       used 95756K, capacity 99915K, committed 100352K, reserved 1136640K
  class space    used 11682K, capacity 12452K, committed 12544K, reserved 1048576K
}
2019-06-25T09:31:05.421+0000: 350285.331: Application time: 103.0574723 seconds
{Heap before GC invocations=5065 (full 143):
 par new generation   total 9792K, used 9353K [0x00000000e1000000, 0x00000000e1aa0000, 0x00000000eb4a0000)
  eden space 8704K, 100% used [0x00000000e1000000, 0x00000000e1880000, 0x00000000e1880000)
  from space 1088K,  59% used [0x00000000e1990000, 0x00000000e1a324f0, 0x00000000e1aa0000)
  to   space 1088K,   0% used [0x00000000e1880000, 0x00000000e1880000, 0x00000000e1990000)
 concurrent mark-sweep generation total 118492K, used 67827K [0x00000000eb4a0000, 0x00000000f2857000, 0x0000000100000000)
 Metaspace       used 95756K, capacity 99915K, committed 100352K, reserved 1136640K
  class space    used 11682K, capacity 12452K, committed 12544K, reserved 1048576K
2019-06-25T09:31:05.421+0000: 350285.331: [GC (Allocation Failure) 2019-06-25T09:31:05.422+0000: 350285.332: [ParNew: 9353K->636K(9792K), 0.0056219 secs] 77180K->68464K(128284K), 0.0063834 secs] [Times: user=0.00 sys=0.01, real=0.01 secs] 
Heap after GC invocations=5066 (full 143):
 par new generation   total 9792K, used 636K [0x00000000e1000000, 0x00000000e1aa0000, 0x00000000eb4a0000)
  eden space 8704K,   0% used [0x00000000e1000000, 0x00000000e1000000, 0x00000000e1880000)
  from space 1088K,  58% used [0x00000000e1880000, 0x00000000e191f340, 0x00000000e1990000)
  to   space 1088K,   0% used [0x00000000e1990000, 0x00000000e1990000, 0x00000000e1aa0000)
 concurrent mark-sweep generation total 118492K, used 67827K [0x00000000eb4a0000, 0x00000000f2857000, 0x0000000100000000)
 Metaspace       used 95756K, capacity 99915K, committed 100352K, reserved 1136640K
  class space    used 11682K, capacity 12452K, committed 12544K, reserved 1048576K
}
2019-06-25T09:31:34.452+0000: 350314.362: Application time: 29.0237775 seconds
2019-06-25T09:31:34.453+0000: 350314.363: Application time: 0.0001147 seconds
2019-06-25T09:31:39.063+0000: 350318.973: Application time: 4.6097513 seconds
2019-06-25T09:31:39.098+0000: 350319.008: Application time: 0.0350169 seconds
2019-06-25T09:31:39.983+0000: 350319.892: Application time: 0.8837829 seconds
2019-06-25T09:31:39.983+0000: 350319.893: Application time: 0.0001470 seconds
2019-06-25T09:31:39.983+0000: 350319.893: Application time: 0.0001423 seconds
2019-06-25T09:31:39.984+0000: 350319.893: Application time: 0.0001443 seconds
2019-06-25T09:31:39.984+0000: 350319.894: Application time: 0.0001093 seconds
2019-06-25T09:31:39.984+0000: 350319.894: Application time: 0.0001118 seconds
2019-06-25T09:31:39.985+0000: 350319.894: Application time: 0.0003180 seconds
2019-06-25T09:31:39.985+0000: 350319.895: Application time: 0.0001596 seconds
2019-06-25T09:31:39.986+0000: 350319.896: Application time: 0.0010056 seconds
2019-06-25T09:31:49.466+0000: 350329.376: Application time: 9.4800464 seconds
2019-06-25T09:31:49.467+0000: 350329.377: Application time: 0.0001281 seconds
2019-06-25T09:31:53.471+0000: 350333.381: Application time: 4.0042253 seconds
{Heap before GC invocations=5066 (full 143):
 par new generation   total 9792K, used 9340K [0x00000000e1000000, 0x00000000e1aa0000, 0x00000000eb4a0000)
  eden space 8704K, 100% used [0x00000000e1000000, 0x00000000e1880000, 0x00000000e1880000)
  from space 1088K,  58% used [0x00000000e1880000, 0x00000000e191f340, 0x00000000e1990000)
  to   space 1088K,   0% used [0x00000000e1990000, 0x00000000e1990000, 0x00000000e1aa0000)
 concurrent mark-sweep generation total 118492K, used 67827K [0x00000000eb4a0000, 0x00000000f2857000, 0x0000000100000000)
 Metaspace       used 95756K, capacity 99915K, committed 100352K, reserved 1136640K
  class space    used 11682K, capacity 12452K, committed 12544K, reserved 1048576K
2019-06-25T09:31:53.474+0000: 350333.383: [GC (Allocation Failure) 2019-06-25T09:31:53.474+0000: 350333.384: [ParNew: 9340K->834K(9792K), 0.0145467 secs] 77168K->68718K(128284K), 0.0158353 secs] [Times: user=0.03 sys=0.00, real=0.02 secs] 
Heap after GC invocations=5067 (full 143):
 par new generation   total 9792K, used 834K [0x00000000e1000000, 0x00000000e1aa0000, 0x00000000eb4a0000)
  eden space 8704K,   0% used [0x00000000e1000000, 0x00000000e1000000, 0x00000000e1880000)
  from space 1088K,  76% used [0x00000000e1990000, 0x00000000e1a60ab0, 0x00000000e1aa0000)
  to   space 1088K,   0% used [0x00000000e1880000, 0x00000000e1880000, 0x00000000e1990000)
 concurrent mark-sweep generation total 118492K, used 67883K [0x00000000eb4a0000, 0x00000000f2857000, 0x0000000100000000)
 Metaspace       used 95756K, capacity 99915K, committed 100352K, reserved 1136640K
  class space    used 11682K, capacity 12452K, committed 12544K, reserved 1048576K
}
2019-06-25T09:31:53.553+0000: 350333.463: Application time: 0.0630963 seconds
2019-06-25T09:31:53.577+0000: 350333.487: Application time: 0.0233761 seconds
2019-06-25T09:32:06.183+0000: 350346.093: Application time: 12.6065001 seconds
2019-06-25T09:32:06.184+0000: 350346.094: Application time: 0.0001167 seconds
2019-06-25T09:32:06.188+0000: 350346.098: Application time: 0.0024533 seconds
2019-06-25T09:32:06.189+0000: 350346.099: Application time: 0.0011951 seconds
2019-06-25T09:32:06.189+0000: 350346.099: Application time: 0.0000509 seconds
2019-06-25T09:32:06.484+0000: 350346.394: Application time: 0.2946475 seconds
2019-06-25T09:32:06.485+0000: 350346.394: Application time: 0.0000402 seconds
2019-06-25T09:32:06.485+0000: 350346.394: Application time: 0.0000322 seconds
2019-06-25T09:32:06.485+0000: 350346.395: Application time: 0.0000291 seconds
2019-06-25T09:32:06.485+0000: 350346.395: Application time: 0.0000257 seconds
2019-06-25T09:32:06.485+0000: 350346.395: Application time: 0.0000312 seconds
2019-06-25T09:32:06.485+0000: 350346.395: Application time: 0.0001147 seconds
2019-06-25T09:32:06.485+0000: 350346.395: Application time: 0.0000626 seconds
2019-06-25T09:32:09.309+0000: 350349.218: Application time: 2.8230957 seconds
2019-06-25T09:32:11.190+0000: 350351.100: Application time: 1.8810843 seconds
2019-06-25T09:32:11.213+0000: 350351.123: Application time: 0.0227819 seconds
2019-06-25T09:32:12.491+0000: 350352.401: Application time: 1.2774058 seconds
2019-06-25T09:32:12.491+0000: 350352.401: Application time: 0.0001913 seconds
2019-06-25T09:32:12.509+0000: 350352.419: Application time: 0.0177794 seconds
2019-06-25T09:32:12.510+0000: 350352.420: Application time: 0.0000714 seconds
2019-06-25T09:32:12.510+0000: 350352.420: Application time: 0.0001339 seconds
2019-06-25T09:32:12.510+0000: 350352.420: Application time: 0.0000665 seconds
2019-06-25T09:32:12.510+0000: 350352.420: Application time: 0.0000611 seconds
2019-06-25T09:32:12.511+0000: 350352.421: Application time: 0.0000669 seconds
2019-06-25T09:32:12.511+0000: 350352.421: Application time: 0.0001600 seconds
2019-06-25T09:32:16.700+0000: 350356.610: Application time: 4.1889890 seconds
2019-06-25T09:32:16.726+0000: 350356.636: Application time: 0.0260075 seconds
2019-06-25T09:32:24.287+0000: 350364.196: Application time: 7.5598604 seconds
2019-06-25T09:32:24.290+0000: 350364.200: Application time: 0.0029061 seconds
{Heap before GC invocations=5067 (full 143):
 par new generation   total 9792K, used 9538K [0x00000000e1000000, 0x00000000e1aa0000, 0x00000000eb4a0000)
  eden space 8704K, 100% used [0x00000000e1000000, 0x00000000e1880000, 0x00000000e1880000)
  from space 1088K,  76% used [0x00000000e1990000, 0x00000000e1a60ab0, 0x00000000e1aa0000)
  to   space 1088K,   0% used [0x00000000e1880000, 0x00000000e1880000, 0x00000000e1990000)
 concurrent mark-sweep generation total 118492K, used 67883K [0x00000000eb4a0000, 0x00000000f2857000, 0x0000000100000000)
 Metaspace       used 95756K, capacity 99915K, committed 100352K, reserved 1136640K
  class space    used 11682K, capacity 12452K, committed 12544K, reserved 1048576K
2019-06-25T09:32:24.302+0000: 350364.212: [GC (Allocation Failure) 2019-06-25T09:32:24.302+0000: 350364.212: [ParNew: 9538K->964K(9792K), 0.0037384 secs] 77422K->69007K(128284K), 0.0045624 secs] [Times: user=0.01 sys=0.00, real=0.00 secs] 
Heap after GC invocations=5068 (full 143):
 par new generation   total 9792K, used 964K [0x00000000e1000000, 0x00000000e1aa0000, 0x00000000eb4a0000)
  eden space 8704K,   0% used [0x00000000e1000000, 0x00000000e1000000, 0x00000000e1880000)
  from space 1088K,  88% used [0x00000000e1880000, 0x00000000e1971040, 0x00000000e1990000)
  to   space 1088K,   0% used [0x00000000e1990000, 0x00000000e1990000, 0x00000000e1aa0000)
 concurrent mark-sweep generation total 118492K, used 68043K [0x00000000eb4a0000, 0x00000000f2857000, 0x0000000100000000)
 Metaspace       used 95756K, capacity 99915K, committed 100352K, reserved 1136640K
  class space    used 11682K, capacity 12452K, committed 12544K, reserved 1048576K
}
2019-06-25T09:32:24.504+0000: 350364.414: Application time: 0.1976706 seconds
2019-06-25T09:32:24.505+0000: 350364.415: Application time: 0.0000749 seconds
2019-06-25T09:32:24.522+0000: 350364.432: Application time: 0.0171991 seconds
2019-06-25T09:32:24.523+0000: 350364.432: Application time: 0.0000732 seconds
2019-06-25T09:32:24.523+0000: 350364.433: Application time: 0.0001457 seconds
2019-06-25T09:32:24.524+0000: 350364.433: Application time: 0.0000655 seconds
2019-06-25T09:32:24.524+0000: 350364.434: Application time: 0.0000597 seconds
2019-06-25T09:32:24.524+0000: 350364.434: Application time: 0.0000664 seconds
2019-06-25T09:32:24.524+0000: 350364.434: Application time: 0.0001441 seconds
2019-06-25T09:32:26.761+0000: 350366.670: Application time: 2.2362464 seconds
2019-06-25T09:32:27.508+0000: 350367.418: Application time: 0.7459183 seconds
2019-06-25T09:32:27.509+0000: 350367.419: Application time: 0.0000718 seconds
2019-06-25T09:32:27.509+0000: 350367.419: Application time: 0.0000638 seconds
2019-06-25T09:32:27.509+0000: 350367.419: Application time: 0.0000586 seconds
2019-06-25T09:32:27.509+0000: 350367.419: Application time: 0.0000553 seconds
2019-06-25T09:32:27.510+0000: 350367.419: Application time: 0.0000597 seconds
2019-06-25T09:32:27.527+0000: 350367.437: Application time: 0.0170432 seconds
2019-06-25T09:32:27.527+0000: 350367.437: Application time: 0.0005497 seconds
2019-06-25T09:32:27.528+0000: 350367.438: Application time: 0.0006041 seconds
2019-06-25T09:32:31.763+0000: 350371.673: Application time: 4.2343595 seconds
2019-06-25T09:32:31.788+0000: 350371.698: Application time: 0.0250246 seconds
2019-06-25T09:32:59.994+0000: 350399.904: Application time: 28.2050722 seconds
2019-06-25T09:33:00.545+0000: 350400.455: Application time: 0.5508846 seconds
2019-06-25T09:33:00.546+0000: 350400.455: Application time: 0.0000723 seconds
2019-06-25T09:33:00.546+0000: 350400.456: Application time: 0.0000691 seconds
2019-06-25T09:33:00.546+0000: 350400.456: Application time: 0.0000603 seconds
2019-06-25T09:33:00.547+0000: 350400.456: Application time: 0.0000599 seconds
2019-06-25T09:33:00.547+0000: 350400.457: Application time: 0.0000619 seconds
2019-06-25T09:33:00.559+0000: 350400.469: Application time: 0.0119619 seconds
2019-06-25T09:33:00.559+0000: 350400.469: Application time: 0.0001413 seconds
2019-06-25T09:33:00.560+0000: 350400.469: Application time: 0.0005229 seconds
2019-06-25T09:33:00.560+0000: 350400.470: Application time: 0.0001782 seconds
2019-06-25T09:33:04.995+0000: 350404.905: Application time: 4.4344368 seconds
2019-06-25T09:33:05.027+0000: 350404.937: Application time: 0.0320516 seconds
2019-06-25T09:33:05.538+0000: 350405.448: Application time: 0.5107928 seconds
2019-06-25T09:33:09.312+0000: 350409.221: Application time: 3.7730280 seconds
2019-06-25T09:33:10.111+0000: 350410.021: Application time: 0.7990596 seconds
{Heap before GC invocations=5068 (full 143):
 par new generation   total 9792K, used 9668K [0x00000000e1000000, 0x00000000e1aa0000, 0x00000000eb4a0000)
  eden space 8704K, 100% used [0x00000000e1000000, 0x00000000e1880000, 0x00000000e1880000)
  from space 1088K,  88% used [0x00000000e1880000, 0x00000000e1971040, 0x00000000e1990000)
  to   space 1088K,   0% used [0x00000000e1990000, 0x00000000e1990000, 0x00000000e1aa0000)
 concurrent mark-sweep generation total 118492K, used 68043K [0x00000000eb4a0000, 0x00000000f2857000, 0x0000000100000000)
 Metaspace       used 95797K, capacity 99981K, committed 100352K, reserved 1136640K
  class space    used 11688K, capacity 12463K, committed 12544K, reserved 1048576K
2019-06-25T09:33:10.112+0000: 350410.021: [GC (Allocation Failure) 2019-06-25T09:33:10.112+0000: 350410.022: [ParNew: 9668K->1088K(9792K), 0.0198614 secs] 77711K->69561K(128284K), 0.0206745 secs] [Times: user=0.04 sys=0.00, real=0.02 secs] 
Heap after GC invocations=5069 (full 143):
 par new generation   total 9792K, used 1088K [0x00000000e1000000, 0x00000000e1aa0000, 0x00000000eb4a0000)
  eden space 8704K,   0% used [0x00000000e1000000, 0x00000000e1000000, 0x00000000e1880000)
  from space 1088K, 100% used [0x00000000e1990000, 0x00000000e1aa0000, 0x00000000e1aa0000)
  to   space 1088K,   0% used [0x00000000e1880000, 0x00000000e1880000, 0x00000000e1990000)
 concurrent mark-sweep generation total 118492K, used 68473K [0x00000000eb4a0000, 0x00000000f2857000, 0x0000000100000000)
 Metaspace       used 95797K, capacity 99981K, committed 100352K, reserved 1136640K
  class space    used 11688K, capacity 12463K, committed 12544K, reserved 1048576K
}
2019-06-25T09:34:02.613+0000: 350462.523: Application time: 52.4796112 seconds
2019-06-25T09:34:02.613+0000: 350462.523: Application time: 0.0000704 seconds
2019-06-25T09:34:02.613+0000: 350462.523: Application time: 0.0000598 seconds
2019-06-25T09:34:02.614+0000: 350462.523: Application time: 0.0000583 seconds
2019-06-25T09:34:02.614+0000: 350462.524: Application time: 0.0000660 seconds
2019-06-25T09:34:11.118+0000: 350471.028: Application time: 8.5037033 seconds
2019-06-25T09:34:22.390+0000: 350482.299: Application time: 11.2712258 seconds
2019-06-25T09:34:53.123+0000: 350513.032: Application time: 30.7326837 seconds
{Heap before GC invocations=5069 (full 143):
 par new generation   total 9792K, used 9792K [0x00000000e1000000, 0x00000000e1aa0000, 0x00000000eb4a0000)
  eden space 8704K, 100% used [0x00000000e1000000, 0x00000000e1880000, 0x00000000e1880000)
  from space 1088K, 100% used [0x00000000e1990000, 0x00000000e1aa0000, 0x00000000e1aa0000)
  to   space 1088K,   0% used [0x00000000e1880000, 0x00000000e1880000, 0x00000000e1990000)
 concurrent mark-sweep generation total 118492K, used 68473K [0x00000000eb4a0000, 0x00000000f2857000, 0x0000000100000000)
 Metaspace       used 95797K, capacity 99981K, committed 100352K, reserved 1136640K
  class space    used 11688K, capacity 12463K, committed 12544K, reserved 1048576K
2019-06-25T09:34:53.123+0000: 350513.033: [GC (Allocation Failure) 2019-06-25T09:34:53.124+0000: 350513.034: [ParNew: 9792K->742K(9792K), 0.0655426 secs] 78265K->69508K(128284K), 0.0664920 secs] [Times: user=0.07 sys=0.00, real=0.07 secs] 
Heap after GC invocations=5070 (full 143):
 par new generation   total 9792K, used 742K [0x00000000e1000000, 0x00000000e1aa0000, 0x00000000eb4a0000)
  eden space 8704K,   0% used [0x00000000e1000000, 0x00000000e1000000, 0x00000000e1880000)
  from space 1088K,  68% used [0x00000000e1880000, 0x00000000e1939ba0, 0x00000000e1990000)
  to   space 1088K,   0% used [0x00000000e1990000, 0x00000000e1990000, 0x00000000e1aa0000)
 concurrent mark-sweep generation total 118492K, used 68765K [0x00000000eb4a0000, 0x00000000f2857000, 0x0000000100000000)
 Metaspace       used 95797K, capacity 99981K, committed 100352K, reserved 1136640K
  class space    used 11688K, capacity 12463K, committed 12544K, reserved 1048576K
}
2019-06-25T09:35:33.695+0000: 350553.605: Application time: 40.5043672 seconds
2019-06-25T09:35:33.697+0000: 350553.607: Application time: 0.0000942 seconds
2019-06-25T09:35:33.697+0000: 350553.607: Application time: 0.0000378 seconds
2019-06-25T09:35:33.698+0000: 350553.608: Application time: 0.0000749 seconds
2019-06-25T09:35:33.699+0000: 350553.608: Application time: 0.0001216 seconds
2019-06-25T09:35:33.699+0000: 350553.609: Application time: 0.0000733 seconds
2019-06-25T09:35:33.699+0000: 350553.609: Application time: 0.0001993 seconds
2019-06-25T09:35:33.699+0000: 350553.609: Application time: 0.0000539 seconds
2019-06-25T09:35:35.772+0000: 350555.682: Application time: 2.0727512 seconds
2019-06-25T09:35:35.773+0000: 350555.683: Application time: 0.0000697 seconds
2019-06-25T09:35:36.702+0000: 350556.611: Application time: 0.9285962 seconds
2019-06-25T09:35:36.702+0000: 350556.612: Application time: 0.0001747 seconds
2019-06-25T09:35:36.702+0000: 350556.612: Application time: 0.0002650 seconds
2019-06-25T09:35:36.703+0000: 350556.613: Application time: 0.0001164 seconds
2019-06-25T09:35:36.703+0000: 350556.613: Application time: 0.0001718 seconds
2019-06-25T09:35:36.704+0000: 350556.614: Application time: 0.0001499 seconds
2019-06-25T09:35:36.704+0000: 350556.614: Application time: 0.0001584 seconds
2019-06-25T09:35:36.704+0000: 350556.615: Application time: 0.0006825 seconds
2019-06-25T09:35:36.705+0000: 350556.615: Application time: 0.0001875 seconds
2019-06-25T09:35:40.010+0000: 350559.919: Application time: 3.3041333 seconds
2019-06-25T09:35:40.774+0000: 350560.684: Application time: 0.7638272 seconds
2019-06-25T09:35:40.799+0000: 350560.708: Application time: 0.0246538 seconds
2019-06-25T09:35:45.732+0000: 350565.641: Application time: 4.9326676 seconds
{Heap before GC invocations=5070 (full 143):
 par new generation   total 9792K, used 9446K [0x00000000e1000000, 0x00000000e1aa0000, 0x00000000eb4a0000)
  eden space 8704K, 100% used [0x00000000e1000000, 0x00000000e1880000, 0x00000000e1880000)
  from space 1088K,  68% used [0x00000000e1880000, 0x00000000e1939ba0, 0x00000000e1990000)
  to   space 1088K,   0% used [0x00000000e1990000, 0x00000000e1990000, 0x00000000e1aa0000)
 concurrent mark-sweep generation total 118492K, used 68765K [0x00000000eb4a0000, 0x00000000f2857000, 0x0000000100000000)
 Metaspace       used 95797K, capacity 99981K, committed 100352K, reserved 1136640K
  class space    used 11688K, capacity 12463K, committed 12544K, reserved 1048576K
2019-06-25T09:35:45.733+0000: 350565.642: [GC (Allocation Failure) 2019-06-25T09:35:45.733+0000: 350565.643: [ParNew: 9446K->738K(9792K), 0.0298177 secs] 78212K->69504K(128284K), 0.0395499 secs] [Times: user=0.04 sys=0.02, real=0.04 secs] 
Heap after GC invocations=5071 (full 143):
 par new generation   total 9792K, used 738K [0x00000000e1000000, 0x00000000e1aa0000, 0x00000000eb4a0000)
  eden space 8704K,   0% used [0x00000000e1000000, 0x00000000e1000000, 0x00000000e1880000)
  from space 1088K,  67% used [0x00000000e1990000, 0x00000000e1a48ba8, 0x00000000e1aa0000)
  to   space 1088K,   0% used [0x00000000e1880000, 0x00000000e1880000, 0x00000000e1990000)
 concurrent mark-sweep generation total 118492K, used 68765K [0x00000000eb4a0000, 0x00000000f2857000, 0x0000000100000000)
 Metaspace       used 95797K, capacity 99981K, committed 100352K, reserved 1136640K
  class space    used 11688K, capacity 12463K, committed 12544K, reserved 1048576K
}
2019-06-25T09:36:09.319+0000: 350589.229: Application time: 23.5467029 seconds
2019-06-25T09:36:09.321+0000: 350589.231: Application time: 0.0015384 seconds
2019-06-25T09:37:24.820+0000: 350664.730: Application time: 75.4988954 seconds
{Heap before GC invocations=5071 (full 143):
 par new generation   total 9792K, used 9442K [0x00000000e1000000, 0x00000000e1aa0000, 0x00000000eb4a0000)
  eden space 8704K, 100% used [0x00000000e1000000, 0x00000000e1880000, 0x00000000e1880000)
  from space 1088K,  67% used [0x00000000e1990000, 0x00000000e1a48ba8, 0x00000000e1aa0000)
  to   space 1088K,   0% used [0x00000000e1880000, 0x00000000e1880000, 0x00000000e1990000)
 concurrent mark-sweep generation total 118492K, used 68765K [0x00000000eb4a0000, 0x00000000f2857000, 0x0000000100000000)
 Metaspace       used 95797K, capacity 99981K, committed 100352K, reserved 1136640K
  class space    used 11688K, capacity 12463K, committed 12544K, reserved 1048576K
2019-06-25T09:37:24.821+0000: 350664.731: [GC (Allocation Failure) 2019-06-25T09:37:24.821+0000: 350664.731: [ParNew: 9442K->811K(9792K), 0.0493835 secs] 78208K->69853K(128284K), 0.0500695 secs] [Times: user=0.06 sys=0.00, real=0.05 secs] 
Heap after GC invocations=5072 (full 143):
 par new generation   total 9792K, used 811K [0x00000000e1000000, 0x00000000e1aa0000, 0x00000000eb4a0000)
  eden space 8704K,   0% used [0x00000000e1000000, 0x00000000e1000000, 0x00000000e1880000)
  from space 1088K,  74% used [0x00000000e1880000, 0x00000000e194ac28, 0x00000000e1990000)
  to   space 1088K,   0% used [0x00000000e1990000, 0x00000000e1990000, 0x00000000e1aa0000)
 concurrent mark-sweep generation total 118492K, used 69041K [0x00000000eb4a0000, 0x00000000f2857000, 0x0000000100000000)
 Metaspace       used 95797K, capacity 99981K, committed 100352K, reserved 1136640K
  class space    used 11688K, capacity 12463K, committed 12544K, reserved 1048576K
}
2019-06-25T09:38:53.990+0000: 350753.900: Application time: 89.1185841 seconds
{Heap before GC invocations=5072 (full 143):
 par new generation   total 9792K, used 9514K [0x00000000e1000000, 0x00000000e1aa0000, 0x00000000eb4a0000)
  eden space 8704K,  99% used [0x00000000e1000000, 0x00000000e187fd18, 0x00000000e1880000)
  from space 1088K,  74% used [0x00000000e1880000, 0x00000000e194ac28, 0x00000000e1990000)
  to   space 1088K,   0% used [0x00000000e1990000, 0x00000000e1990000, 0x00000000e1aa0000)
 concurrent mark-sweep generation total 118492K, used 69041K [0x00000000eb4a0000, 0x00000000f2857000, 0x0000000100000000)
 Metaspace       used 95797K, capacity 99981K, committed 100352K, reserved 1136640K
  class space    used 11688K, capacity 12463K, committed 12544K, reserved 1048576K
2019-06-25T09:38:53.991+0000: 350753.901: [GC (Allocation Failure) 2019-06-25T09:38:53.991+0000: 350753.901: [ParNew: 9514K->848K(9792K), 0.0046522 secs] 78556K->69974K(128284K), 0.0055582 secs] [Times: user=0.00 sys=0.00, real=0.00 secs] 
Heap after GC invocations=5073 (full 143):
 par new generation   total 9792K, used 848K [0x00000000e1000000, 0x00000000e1aa0000, 0x00000000eb4a0000)
  eden space 8704K,   0% used [0x00000000e1000000, 0x00000000e1000000, 0x00000000e1880000)
  from space 1088K,  78% used [0x00000000e1990000, 0x00000000e1a642f0, 0x00000000e1aa0000)
  to   space 1088K,   0% used [0x00000000e1880000, 0x00000000e1880000, 0x00000000e1990000)
 concurrent mark-sweep generation total 118492K, used 69125K [0x00000000eb4a0000, 0x00000000f2857000, 0x0000000100000000)
 Metaspace       used 95797K, capacity 99981K, committed 100352K, reserved 1136640K
  class space    used 11688K, capacity 12463K, committed 12544K, reserved 1048576K
}
2019-06-25T09:38:54.968+0000: 350754.878: Application time: 0.9709174 seconds
2019-06-25T09:38:54.968+0000: 350754.878: Application time: 0.0001008 seconds
2019-06-25T09:38:58.988+0000: 350758.897: Application time: 4.0189363 seconds
2019-06-25T09:38:59.019+0000: 350758.929: Application time: 0.0312643 seconds
2019-06-25T09:39:09.330+0000: 350769.240: Application time: 10.3098990 seconds
2019-06-25T09:39:11.143+0000: 350771.053: Application time: 1.8085482 seconds
2019-06-25T09:40:22.423+0000: 350842.333: Application time: 71.2797135 seconds
{Heap before GC invocations=5073 (full 143):
 par new generation   total 9792K, used 9552K [0x00000000e1000000, 0x00000000e1aa0000, 0x00000000eb4a0000)
  eden space 8704K, 100% used [0x00000000e1000000, 0x00000000e1880000, 0x00000000e1880000)
  from space 1088K,  78% used [0x00000000e1990000, 0x00000000e1a642f0, 0x00000000e1aa0000)
  to   space 1088K,   0% used [0x00000000e1880000, 0x00000000e1880000, 0x00000000e1990000)
 concurrent mark-sweep generation total 118492K, used 69125K [0x00000000eb4a0000, 0x00000000f2857000, 0x0000000100000000)
 Metaspace       used 95797K, capacity 99981K, committed 100352K, reserved 1136640K
  class space    used 11688K, capacity 12463K, committed 12544K, reserved 1048576K
2019-06-25T09:40:22.423+0000: 350842.333: [GC (Allocation Failure) 2019-06-25T09:40:22.424+0000: 350842.333: [ParNew: 9552K->653K(9792K), 0.0876581 secs] 78678K->70038K(128284K), 0.0899211 secs] [Times: user=0.13 sys=0.00, real=0.09 secs] 
Heap after GC invocations=5074 (full 143):
 par new generation   total 9792K, used 653K [0x00000000e1000000, 0x00000000e1aa0000, 0x00000000eb4a0000)
  eden space 8704K,   0% used [0x00000000e1000000, 0x00000000e1000000, 0x00000000e1880000)
  from space 1088K,  60% used [0x00000000e1880000, 0x00000000e1923708, 0x00000000e1990000)
  to   space 1088K,   0% used [0x00000000e1990000, 0x00000000e1990000, 0x00000000e1aa0000)
 concurrent mark-sweep generation total 118492K, used 69384K [0x00000000eb4a0000, 0x00000000f2857000, 0x0000000100000000)
 Metaspace       used 95797K, capacity 99981K, committed 100352K, reserved 1136640K
  class space    used 11688K, capacity 12463K, committed 12544K, reserved 1048576K
}
2019-06-25T09:40:38.079+0000: 350857.989: Application time: 15.5647318 seconds
2019-06-25T09:40:38.080+0000: 350857.990: Application time: 0.0000717 seconds
2019-06-25T09:40:38.080+0000: 350857.990: Application time: 0.0000640 seconds
2019-06-25T09:40:38.080+0000: 350857.990: Application time: 0.0000609 seconds
2019-06-25T09:40:38.081+0000: 350857.991: Application time: 0.0000634 seconds
2019-06-25T09:40:38.081+0000: 350857.991: Application time: 0.0000319 seconds
2019-06-25T09:40:38.081+0000: 350857.991: Application time: 0.0001286 seconds
2019-06-25T09:40:38.081+0000: 350857.991: Application time: 0.0001311 seconds
2019-06-25T09:42:05.601+0000: 350945.511: Application time: 87.5198743 seconds
{Heap before GC invocations=5074 (full 143):
 par new generation   total 9792K, used 9357K [0x00000000e1000000, 0x00000000e1aa0000, 0x00000000eb4a0000)
  eden space 8704K, 100% used [0x00000000e1000000, 0x00000000e1880000, 0x00000000e1880000)
  from space 1088K,  60% used [0x00000000e1880000, 0x00000000e1923708, 0x00000000e1990000)
  to   space 1088K,   0% used [0x00000000e1990000, 0x00000000e1990000, 0x00000000e1aa0000)
 concurrent mark-sweep generation total 118492K, used 69384K [0x00000000eb4a0000, 0x00000000f2857000, 0x0000000100000000)
 Metaspace       used 95797K, capacity 99981K, committed 100352K, reserved 1136640K
  class space    used 11688K, capacity 12463K, committed 12544K, reserved 1048576K
2019-06-25T09:42:05.602+0000: 350945.512: [GC (Allocation Failure) 2019-06-25T09:42:05.603+0000: 350945.512: [ParNew: 9357K->601K(9792K), 0.0249351 secs] 78742K->69985K(128284K), 0.0256641 secs] [Times: user=0.05 sys=0.00, real=0.03 secs] 
Heap after GC invocations=5075 (full 143):
 par new generation   total 9792K, used 601K [0x00000000e1000000, 0x00000000e1aa0000, 0x00000000eb4a0000)
  eden space 8704K,   0% used [0x00000000e1000000, 0x00000000e1000000, 0x00000000e1880000)
  from space 1088K,  55% used [0x00000000e1990000, 0x00000000e1a26518, 0x00000000e1aa0000)
  to   space 1088K,   0% used [0x00000000e1880000, 0x00000000e1880000, 0x00000000e1990000)
 concurrent mark-sweep generation total 118492K, used 69384K [0x00000000eb4a0000, 0x00000000f2857000, 0x0000000100000000)
 Metaspace       used 95797K, capacity 99981K, committed 100352K, reserved 1136640K
  class space    used 11688K, capacity 12463K, committed 12544K, reserved 1048576K
}
2019-06-25T09:43:42.242+0000: 351042.152: Application time: 96.6131720 seconds
{Heap before GC invocations=5075 (full 143):
 par new generation   total 9792K, used 9305K [0x00000000e1000000, 0x00000000e1aa0000, 0x00000000eb4a0000)
  eden space 8704K, 100% used [0x00000000e1000000, 0x00000000e1880000, 0x00000000e1880000)
  from space 1088K,  55% used [0x00000000e1990000, 0x00000000e1a26518, 0x00000000e1aa0000)
  to   space 1088K,   0% used [0x00000000e1880000, 0x00000000e1880000, 0x00000000e1990000)
 concurrent mark-sweep generation total 118492K, used 69384K [0x00000000eb4a0000, 0x00000000f2857000, 0x0000000100000000)
 Metaspace       used 95797K, capacity 99981K, committed 100352K, reserved 1136640K
  class space    used 11688K, capacity 12463K, committed 12544K, reserved 1048576K
2019-06-25T09:43:42.250+0000: 351042.160: [GC (Allocation Failure) 2019-06-25T09:43:42.251+0000: 351042.160: [ParNew: 9305K->696K(9792K), 0.0033202 secs] 78689K->70081K(128284K), 0.0041201 secs] [Times: user=0.00 sys=0.01, real=0.00 secs] 
Heap after GC invocations=5076 (full 143):
 par new generation   total 9792K, used 696K [0x00000000e1000000, 0x00000000e1aa0000, 0x00000000eb4a0000)
  eden space 8704K,   0% used [0x00000000e1000000, 0x00000000e1000000, 0x00000000e1880000)
  from space 1088K,  64% used [0x00000000e1880000, 0x00000000e192e2a0, 0x00000000e1990000)
  to   space 1088K,   0% used [0x00000000e1990000, 0x00000000e1990000, 0x00000000e1aa0000)
 concurrent mark-sweep generation total 118492K, used 69384K [0x00000000eb4a0000, 0x00000000f2857000, 0x0000000100000000)
 Metaspace       used 95797K, capacity 99981K, committed 100352K, reserved 1136640K
  class space    used 11688K, capacity 12463K, committed 12544K, reserved 1048576K
}
2019-06-25T09:44:10.682+0000: 351070.592: Application time: 28.4263671 seconds
2019-06-25T09:45:23.180+0000: 351143.089: Application time: 72.4975961 seconds
{Heap before GC invocations=5076 (full 143):
 par new generation   total 9792K, used 9400K [0x00000000e1000000, 0x00000000e1aa0000, 0x00000000eb4a0000)
  eden space 8704K, 100% used [0x00000000e1000000, 0x00000000e1880000, 0x00000000e1880000)
  from space 1088K,  64% used [0x00000000e1880000, 0x00000000e192e2a0, 0x00000000e1990000)
  to   space 1088K,   0% used [0x00000000e1990000, 0x00000000e1990000, 0x00000000e1aa0000)
 concurrent mark-sweep generation total 118492K, used 69384K [0x00000000eb4a0000, 0x00000000f2857000, 0x0000000100000000)
 Metaspace       used 95797K, capacity 99981K, committed 100352K, reserved 1136640K
  class space    used 11688K, capacity 12463K, committed 12544K, reserved 1048576K
2019-06-25T09:45:23.180+0000: 351143.090: [GC (Allocation Failure) 2019-06-25T09:45:23.181+0000: 351143.091: [ParNew: 9400K->613K(9792K), 0.0036951 secs] 78785K->69998K(128284K), 0.0045334 secs] [Times: user=0.01 sys=0.00, real=0.00 secs] 
Heap after GC invocations=5077 (full 143):
 par new generation   total 9792K, used 613K [0x00000000e1000000, 0x00000000e1aa0000, 0x00000000eb4a0000)
  eden space 8704K,   0% used [0x00000000e1000000, 0x00000000e1000000, 0x00000000e1880000)
  from space 1088K,  56% used [0x00000000e1990000, 0x00000000e1a296e8, 0x00000000e1aa0000)
  to   space 1088K,   0% used [0x00000000e1880000, 0x00000000e1880000, 0x00000000e1990000)
 concurrent mark-sweep generation total 118492K, used 69384K [0x00000000eb4a0000, 0x00000000f2857000, 0x0000000100000000)
 Metaspace       used 95797K, capacity 99981K, committed 100352K, reserved 1136640K
  class space    used 11688K, capacity 12463K, committed 12544K, reserved 1048576K
}
2019-06-25T09:47:06.763+0000: 351246.673: Application time: 103.5771208 seconds
{Heap before GC invocations=5077 (full 143):
 par new generation   total 9792K, used 9317K [0x00000000e1000000, 0x00000000e1aa0000, 0x00000000eb4a0000)
  eden space 8704K, 100% used [0x00000000e1000000, 0x00000000e1880000, 0x00000000e1880000)
  from space 1088K,  56% used [0x00000000e1990000, 0x00000000e1a296e8, 0x00000000e1aa0000)
  to   space 1088K,   0% used [0x00000000e1880000, 0x00000000e1880000, 0x00000000e1990000)
 concurrent mark-sweep generation total 118492K, used 69384K [0x00000000eb4a0000, 0x00000000f2857000, 0x0000000100000000)
 Metaspace       used 95797K, capacity 99981K, committed 100352K, reserved 1136640K
  class space    used 11688K, capacity 12463K, committed 12544K, reserved 1048576K
2019-06-25T09:47:06.764+0000: 351246.673: [GC (Allocation Failure) 2019-06-25T09:47:06.764+0000: 351246.674: [ParNew: 9317K->694K(9792K), 0.0037279 secs] 78702K->70124K(128284K), 0.0043855 secs] [Times: user=0.01 sys=0.00, real=0.01 secs] 
Heap after GC invocations=5078 (full 143):
 par new generation   total 9792K, used 694K [0x00000000e1000000, 0x00000000e1aa0000, 0x00000000eb4a0000)
  eden space 8704K,   0% used [0x00000000e1000000, 0x00000000e1000000, 0x00000000e1880000)
  from space 1088K,  63% used [0x00000000e1880000, 0x00000000e192db20, 0x00000000e1990000)
  to   space 1088K,   0% used [0x00000000e1990000, 0x00000000e1990000, 0x00000000e1aa0000)
 concurrent mark-sweep generation total 118492K, used 69430K [0x00000000eb4a0000, 0x00000000f2857000, 0x0000000100000000)
 Metaspace       used 95797K, capacity 99981K, committed 100352K, reserved 1136640K
  class space    used 11688K, capacity 12463K, committed 12544K, reserved 1048576K
}
2019-06-25T09:48:45.520+0000: 351345.429: Application time: 98.7509620 seconds
{Heap before GC invocations=5078 (full 143):
 par new generation   total 9792K, used 9398K [0x00000000e1000000, 0x00000000e1aa0000, 0x00000000eb4a0000)
  eden space 8704K, 100% used [0x00000000e1000000, 0x00000000e1880000, 0x00000000e1880000)
  from space 1088K,  63% used [0x00000000e1880000, 0x00000000e192db20, 0x00000000e1990000)
  to   space 1088K,   0% used [0x00000000e1990000, 0x00000000e1990000, 0x00000000e1aa0000)
 concurrent mark-sweep generation total 118492K, used 69430K [0x00000000eb4a0000, 0x00000000f2857000, 0x0000000100000000)
 Metaspace       used 95797K, capacity 99981K, committed 100352K, reserved 1136640K
  class space    used 11688K, capacity 12463K, committed 12544K, reserved 1048576K
2019-06-25T09:48:45.520+0000: 351345.430: [GC (Allocation Failure) 2019-06-25T09:48:45.521+0000: 351345.431: [ParNew: 9398K->660K(9792K), 0.0033796 secs] 78828K->70091K(128284K), 0.0041388 secs] [Times: user=0.01 sys=0.00, real=0.00 secs] 
Heap after GC invocations=5079 (full 143):
 par new generation   total 9792K, used 660K [0x00000000e1000000, 0x00000000e1aa0000, 0x00000000eb4a0000)
  eden space 8704K,   0% used [0x00000000e1000000, 0x00000000e1000000, 0x00000000e1880000)
  from space 1088K,  60% used [0x00000000e1990000, 0x00000000e1a35378, 0x00000000e1aa0000)
  to   space 1088K,   0% used [0x00000000e1880000, 0x00000000e1880000, 0x00000000e1990000)
 concurrent mark-sweep generation total 118492K, used 69430K [0x00000000eb4a0000, 0x00000000f2857000, 0x0000000100000000)
 Metaspace       used 95797K, capacity 99981K, committed 100352K, reserved 1136640K
  class space    used 11688K, capacity 12463K, committed 12544K, reserved 1048576K
}
2019-06-25T09:49:11.187+0000: 351371.097: Application time: 25.6622528 seconds
2019-06-25T09:50:25.610+0000: 351445.519: Application time: 74.4217217 seconds
{Heap before GC invocations=5079 (full 143):
 par new generation   total 9792K, used 9364K [0x00000000e1000000, 0x00000000e1aa0000, 0x00000000eb4a0000)
  eden space 8704K, 100% used [0x00000000e1000000, 0x00000000e1880000, 0x00000000e1880000)
  from space 1088K,  60% used [0x00000000e1990000, 0x00000000e1a35378, 0x00000000e1aa0000)
  to   space 1088K,   0% used [0x00000000e1880000, 0x00000000e1880000, 0x00000000e1990000)
 concurrent mark-sweep generation total 118492K, used 69430K [0x00000000eb4a0000, 0x00000000f2857000, 0x0000000100000000)
 Metaspace       used 95797K, capacity 99981K, committed 100352K, reserved 1136640K
  class space    used 11688K, capacity 12463K, committed 12544K, reserved 1048576K
2019-06-25T09:50:25.611+0000: 351445.520: [GC (Allocation Failure) 2019-06-25T09:50:25.611+0000: 351445.521: [ParNew: 9364K->682K(9792K), 0.0353916 secs] 78795K->70184K(128284K), 0.0362179 secs] [Times: user=0.07 sys=0.00, real=0.03 secs] 
Heap after GC invocations=5080 (full 143):
 par new generation   total 9792K, used 682K [0x00000000e1000000, 0x00000000e1aa0000, 0x00000000eb4a0000)
  eden space 8704K,   0% used [0x00000000e1000000, 0x00000000e1000000, 0x00000000e1880000)
  from space 1088K,  62% used [0x00000000e1880000, 0x00000000e192ab00, 0x00000000e1990000)
  to   space 1088K,   0% used [0x00000000e1990000, 0x00000000e1990000, 0x00000000e1aa0000)
 concurrent mark-sweep generation total 118492K, used 69501K [0x00000000eb4a0000, 0x00000000f2857000, 0x0000000100000000)
 Metaspace       used 95797K, capacity 99981K, committed 100352K, reserved 1136640K
  class space    used 11688K, capacity 12463K, committed 12544K, reserved 1048576K
}
2019-06-25T09:51:10.655+0000: 351490.564: Application time: 45.0071089 seconds
2019-06-25T09:52:09.556+0000: 351549.466: Application time: 58.9008921 seconds
{Heap before GC invocations=5080 (full 143):
 par new generation   total 9792K, used 9386K [0x00000000e1000000, 0x00000000e1aa0000, 0x00000000eb4a0000)
  eden space 8704K, 100% used [0x00000000e1000000, 0x00000000e1880000, 0x00000000e1880000)
  from space 1088K,  62% used [0x00000000e1880000, 0x00000000e192ab00, 0x00000000e1990000)
  to   space 1088K,   0% used [0x00000000e1990000, 0x00000000e1990000, 0x00000000e1aa0000)
 concurrent mark-sweep generation total 118492K, used 69501K [0x00000000eb4a0000, 0x00000000f2857000, 0x0000000100000000)
 Metaspace       used 95797K, capacity 99981K, committed 100352K, reserved 1136640K
  class space    used 11688K, capacity 12463K, committed 12544K, reserved 1048576K
2019-06-25T09:52:09.557+0000: 351549.466: [GC (Allocation Failure) 2019-06-25T09:52:09.557+0000: 351549.467: [ParNew: 9386K->853K(9792K), 0.0032972 secs] 78888K->70355K(128284K), 0.0040690 secs] [Times: user=0.01 sys=0.00, real=0.01 secs] 
Heap after GC invocations=5081 (full 143):
 par new generation   total 9792K, used 853K [0x00000000e1000000, 0x00000000e1aa0000, 0x00000000eb4a0000)
  eden space 8704K,   0% used [0x00000000e1000000, 0x00000000e1000000, 0x00000000e1880000)
  from space 1088K,  78% used [0x00000000e1990000, 0x00000000e1a65558, 0x00000000e1aa0000)
  to   space 1088K,   0% used [0x00000000e1880000, 0x00000000e1880000, 0x00000000e1990000)
 concurrent mark-sweep generation total 118492K, used 69501K [0x00000000eb4a0000, 0x00000000f2857000, 0x0000000100000000)
 Metaspace       used 95797K, capacity 99981K, committed 100352K, reserved 1136640K
  class space    used 11688K, capacity 12463K, committed 12544K, reserved 1048576K
}
2019-06-25T09:53:10.213+0000: 351610.122: Application time: 60.6512475 seconds
2019-06-25T09:53:10.214+0000: 351610.124: Application time: 0.0015491 seconds
2019-06-25T09:53:47.822+0000: 351647.732: Application time: 37.6074591 seconds
{Heap before GC invocations=5081 (full 143):
 par new generation   total 9792K, used 9557K [0x00000000e1000000, 0x00000000e1aa0000, 0x00000000eb4a0000)
  eden space 8704K, 100% used [0x00000000e1000000, 0x00000000e1880000, 0x00000000e1880000)
  from space 1088K,  78% used [0x00000000e1990000, 0x00000000e1a65558, 0x00000000e1aa0000)
  to   space 1088K,   0% used [0x00000000e1880000, 0x00000000e1880000, 0x00000000e1990000)
 concurrent mark-sweep generation total 118492K, used 69501K [0x00000000eb4a0000, 0x00000000f2857000, 0x0000000100000000)
 Metaspace       used 95797K, capacity 99981K, committed 100352K, reserved 1136640K
  class space    used 11688K, capacity 12463K, committed 12544K, reserved 1048576K
2019-06-25T09:53:47.823+0000: 351647.733: [GC (Allocation Failure) 2019-06-25T09:53:47.823+0000: 351647.733: [ParNew: 9557K->650K(9792K), 0.0034957 secs] 79059K->70152K(128284K), 0.0043572 secs] [Times: user=0.00 sys=0.01, real=0.00 secs] 
Heap after GC invocations=5082 (full 143):
 par new generation   total 9792K, used 650K [0x00000000e1000000, 0x00000000e1aa0000, 0x00000000eb4a0000)
  eden space 8704K,   0% used [0x00000000e1000000, 0x00000000e1000000, 0x00000000e1880000)
  from space 1088K,  59% used [0x00000000e1880000, 0x00000000e1922998, 0x00000000e1990000)
  to   space 1088K,   0% used [0x00000000e1990000, 0x00000000e1990000, 0x00000000e1aa0000)
 concurrent mark-sweep generation total 118492K, used 69501K [0x00000000eb4a0000, 0x00000000f2857000, 0x0000000100000000)
 Metaspace       used 95797K, capacity 99981K, committed 100352K, reserved 1136640K
  class space    used 11688K, capacity 12463K, committed 12544K, reserved 1048576K
}
2019-06-25T09:54:10.743+0000: 351670.653: Application time: 22.9150726 seconds
2019-06-25T09:55:09.746+0000: 351729.655: Application time: 59.0018174 seconds
2019-06-25T09:55:09.747+0000: 351729.657: Application time: 0.0014809 seconds
2019-06-25T09:55:27.526+0000: 351747.436: Application time: 17.7787809 seconds
{Heap before GC invocations=5082 (full 143):
 par new generation   total 9792K, used 9354K [0x00000000e1000000, 0x00000000e1aa0000, 0x00000000eb4a0000)
  eden space 8704K, 100% used [0x00000000e1000000, 0x00000000e1880000, 0x00000000e1880000)
  from space 1088K,  59% used [0x00000000e1880000, 0x00000000e1922998, 0x00000000e1990000)
  to   space 1088K,   0% used [0x00000000e1990000, 0x00000000e1990000, 0x00000000e1aa0000)
 concurrent mark-sweep generation total 118492K, used 69501K [0x00000000eb4a0000, 0x00000000f2857000, 0x0000000100000000)
 Metaspace       used 95797K, capacity 99981K, committed 100352K, reserved 1136640K
  class space    used 11688K, capacity 12463K, committed 12544K, reserved 1048576K
2019-06-25T09:55:27.527+0000: 351747.437: [GC (Allocation Failure) 2019-06-25T09:55:27.527+0000: 351747.437: [ParNew: 9354K->586K(9792K), 0.0033719 secs] 78856K->70088K(128284K), 0.0043261 secs] [Times: user=0.01 sys=0.00, real=0.01 secs] 
Heap after GC invocations=5083 (full 143):
 par new generation   total 9792K, used 586K [0x00000000e1000000, 0x00000000e1aa0000, 0x00000000eb4a0000)
  eden space 8704K,   0% used [0x00000000e1000000, 0x00000000e1000000, 0x00000000e1880000)
  from space 1088K,  53% used [0x00000000e1990000, 0x00000000e1a22aa0, 0x00000000e1aa0000)
  to   space 1088K,   0% used [0x00000000e1880000, 0x00000000e1880000, 0x00000000e1990000)
 concurrent mark-sweep generation total 118492K, used 69501K [0x00000000eb4a0000, 0x00000000f2857000, 0x0000000100000000)
 Metaspace       used 95797K, capacity 99981K, committed 100352K, reserved 1136640K
  class space    used 11688K, capacity 12463K, committed 12544K, reserved 1048576K
}
2019-06-25T09:57:09.724+0000: 351849.634: Application time: 102.1916311 seconds
{Heap before GC invocations=5083 (full 143):
 par new generation   total 9792K, used 9290K [0x00000000e1000000, 0x00000000e1aa0000, 0x00000000eb4a0000)
  eden space 8704K, 100% used [0x00000000e1000000, 0x00000000e1880000, 0x00000000e1880000)
  from space 1088K,  53% used [0x00000000e1990000, 0x00000000e1a22aa0, 0x00000000e1aa0000)
  to   space 1088K,   0% used [0x00000000e1880000, 0x00000000e1880000, 0x00000000e1990000)
 concurrent mark-sweep generation total 118492K, used 69501K [0x00000000eb4a0000, 0x00000000f2857000, 0x0000000100000000)
 Metaspace       used 95797K, capacity 99981K, committed 100352K, reserved 1136640K
  class space    used 11688K, capacity 12463K, committed 12544K, reserved 1048576K
2019-06-25T09:57:09.725+0000: 351849.635: [GC (Allocation Failure) 2019-06-25T09:57:09.725+0000: 351849.635: [ParNew: 9290K->771K(9792K), 0.0215245 secs] 78792K->70274K(128284K), 0.0226459 secs] [Times: user=0.04 sys=0.00, real=0.03 secs] 
Heap after GC invocations=5084 (full 143):
 par new generation   total 9792K, used 771K [0x00000000e1000000, 0x00000000e1aa0000, 0x00000000eb4a0000)
  eden space 8704K,   0% used [0x00000000e1000000, 0x00000000e1000000, 0x00000000e1880000)
  from space 1088K,  70% used [0x00000000e1880000, 0x00000000e1940d18, 0x00000000e1990000)
  to   space 1088K,   0% used [0x00000000e1990000, 0x00000000e1990000, 0x00000000e1aa0000)
 concurrent mark-sweep generation total 118492K, used 69502K [0x00000000eb4a0000, 0x00000000f2857000, 0x0000000100000000)
 Metaspace       used 95797K, capacity 99981K, committed 100352K, reserved 1136640K
  class space    used 11688K, capacity 12463K, committed 12544K, reserved 1048576K
}
2019-06-25T09:58:48.088+0000: 351947.998: Application time: 98.3395147 seconds
{Heap before GC invocations=5084 (full 143):
 par new generation   total 9792K, used 9475K [0x00000000e1000000, 0x00000000e1aa0000, 0x00000000eb4a0000)
  eden space 8704K, 100% used [0x00000000e1000000, 0x00000000e1880000, 0x00000000e1880000)
  from space 1088K,  70% used [0x00000000e1880000, 0x00000000e1940d18, 0x00000000e1990000)
  to   space 1088K,   0% used [0x00000000e1990000, 0x00000000e1990000, 0x00000000e1aa0000)
 concurrent mark-sweep generation total 118492K, used 69502K [0x00000000eb4a0000, 0x00000000f2857000, 0x0000000100000000)
 Metaspace       used 95797K, capacity 99981K, committed 100352K, reserved 1136640K
  class space    used 11688K, capacity 12463K, committed 12544K, reserved 1048576K
2019-06-25T09:58:48.089+0000: 351947.999: [GC (Allocation Failure) 2019-06-25T09:58:48.090+0000: 351948.000: [ParNew: 9475K->761K(9792K), 0.0036612 secs] 78978K->70264K(128284K), 0.0047022 secs] [Times: user=0.01 sys=0.00, real=0.00 secs] 
Heap after GC invocations=5085 (full 143):
 par new generation   total 9792K, used 761K [0x00000000e1000000, 0x00000000e1aa0000, 0x00000000eb4a0000)
  eden space 8704K,   0% used [0x00000000e1000000, 0x00000000e1000000, 0x00000000e1880000)
  from space 1088K,  70% used [0x00000000e1990000, 0x00000000e1a4e790, 0x00000000e1aa0000)
  to   space 1088K,   0% used [0x00000000e1880000, 0x00000000e1880000, 0x00000000e1990000)
 concurrent mark-sweep generation total 118492K, used 69502K [0x00000000eb4a0000, 0x00000000f2857000, 0x0000000100000000)
 Metaspace       used 95797K, capacity 99981K, committed 100352K, reserved 1136640K
  class space    used 11688K, capacity 12463K, committed 12544K, reserved 1048576K
}
2019-06-25T09:59:09.782+0000: 351969.692: Application time: 21.6874725 seconds
2019-06-25T09:59:22.742+0000: 351982.652: Application time: 12.9596216 seconds
2019-06-25T10:00:10.166+0000: 352030.075: Application time: 47.4230931 seconds
2019-06-25T10:00:10.166+0000: 352030.076: Application time: 0.0000775 seconds
2019-06-25T10:00:10.167+0000: 352030.077: Application time: 0.0004848 seconds
2019-06-25T10:00:10.168+0000: 352030.077: Application time: 0.0000590 seconds
2019-06-25T10:00:10.168+0000: 352030.078: Application time: 0.0000599 seconds
2019-06-25T10:00:10.168+0000: 352030.078: Application time: 0.0000823 seconds
2019-06-25T10:00:10.169+0000: 352030.078: Application time: 0.0001430 seconds
2019-06-25T10:00:10.169+0000: 352030.079: Application time: 0.0000794 seconds
2019-06-25T10:00:29.184+0000: 352049.094: Application time: 19.0151979 seconds
{Heap before GC invocations=5085 (full 143):
 par new generation   total 9792K, used 9465K [0x00000000e1000000, 0x00000000e1aa0000, 0x00000000eb4a0000)
  eden space 8704K, 100% used [0x00000000e1000000, 0x00000000e1880000, 0x00000000e1880000)
  from space 1088K,  70% used [0x00000000e1990000, 0x00000000e1a4e790, 0x00000000e1aa0000)
  to   space 1088K,   0% used [0x00000000e1880000, 0x00000000e1880000, 0x00000000e1990000)
 concurrent mark-sweep generation total 118492K, used 69502K [0x00000000eb4a0000, 0x00000000f2857000, 0x0000000100000000)
 Metaspace       used 95797K, capacity 99981K, committed 100352K, reserved 1136640K
  class space    used 11688K, capacity 12463K, committed 12544K, reserved 1048576K
2019-06-25T10:00:29.185+0000: 352049.095: [GC (Allocation Failure) 2019-06-25T10:00:29.185+0000: 352049.095: [ParNew: 9465K->712K(9792K), 0.0032510 secs] 78968K->70218K(128284K), 0.0040005 secs] [Times: user=0.00 sys=0.00, real=0.01 secs] 
Heap after GC invocations=5086 (full 143):
 par new generation   total 9792K, used 712K [0x00000000e1000000, 0x00000000e1aa0000, 0x00000000eb4a0000)
  eden space 8704K,   0% used [0x00000000e1000000, 0x00000000e1000000, 0x00000000e1880000)
  from space 1088K,  65% used [0x00000000e1880000, 0x00000000e1932008, 0x00000000e1990000)
  to   space 1088K,   0% used [0x00000000e1990000, 0x00000000e1990000, 0x00000000e1aa0000)
 concurrent mark-sweep generation total 118492K, used 69506K [0x00000000eb4a0000, 0x00000000f2857000, 0x0000000100000000)
 Metaspace       used 95797K, capacity 99981K, committed 100352K, reserved 1136640K
  class space    used 11688K, capacity 12463K, committed 12544K, reserved 1048576K
}
2019-06-25T10:01:17.348+0000: 352097.258: Application time: 48.1582151 seconds
2019-06-25T10:01:17.372+0000: 352097.282: Application time: 0.0242466 seconds
2019-06-25T10:01:21.235+0000: 352101.144: Application time: 3.8619591 seconds
2019-06-25T10:01:21.235+0000: 352101.145: Application time: 0.0000615 seconds
2019-06-25T10:01:21.236+0000: 352101.145: Application time: 0.0000638 seconds
2019-06-25T10:01:21.236+0000: 352101.146: Application time: 0.0000578 seconds
2019-06-25T10:01:21.236+0000: 352101.146: Application time: 0.0000428 seconds
2019-06-25T10:01:21.236+0000: 352101.146: Application time: 0.0000622 seconds
2019-06-25T10:01:21.237+0000: 352101.146: Application time: 0.0001087 seconds
2019-06-25T10:01:21.237+0000: 352101.147: Application time: 0.0000813 seconds
2019-06-25T10:01:22.624+0000: 352102.534: Application time: 1.3867267 seconds
{Heap before GC invocations=5086 (full 143):
 par new generation   total 9792K, used 9416K [0x00000000e1000000, 0x00000000e1aa0000, 0x00000000eb4a0000)
  eden space 8704K, 100% used [0x00000000e1000000, 0x00000000e1880000, 0x00000000e1880000)
  from space 1088K,  65% used [0x00000000e1880000, 0x00000000e1932008, 0x00000000e1990000)
  to   space 1088K,   0% used [0x00000000e1990000, 0x00000000e1990000, 0x00000000e1aa0000)
 concurrent mark-sweep generation total 118492K, used 69506K [0x00000000eb4a0000, 0x00000000f2857000, 0x0000000100000000)
 Metaspace       used 95797K, capacity 99981K, committed 100352K, reserved 1136640K
  class space    used 11688K, capacity 12463K, committed 12544K, reserved 1048576K
2019-06-25T10:01:22.625+0000: 352102.534: [GC (Allocation Failure) 2019-06-25T10:01:22.625+0000: 352102.535: [ParNew: 9416K->855K(9792K), 0.0037840 secs] 78922K->70423K(128284K), 0.0044356 secs] [Times: user=0.01 sys=0.00, real=0.01 secs] 
Heap after GC invocations=5087 (full 143):
 par new generation   total 9792K, used 855K [0x00000000e1000000, 0x00000000e1aa0000, 0x00000000eb4a0000)
  eden space 8704K,   0% used [0x00000000e1000000, 0x00000000e1000000, 0x00000000e1880000)
  from space 1088K,  78% used [0x00000000e1990000, 0x00000000e1a65e90, 0x00000000e1aa0000)
  to   space 1088K,   0% used [0x00000000e1880000, 0x00000000e1880000, 0x00000000e1990000)
 concurrent mark-sweep generation total 118492K, used 69568K [0x00000000eb4a0000, 0x00000000f2857000, 0x0000000100000000)
 Metaspace       used 95797K, capacity 99981K, committed 100352K, reserved 1136640K
  class space    used 11688K, capacity 12463K, committed 12544K, reserved 1048576K
}
2019-06-25T10:01:22.758+0000: 352102.667: Application time: 0.1279803 seconds
2019-06-25T10:01:22.761+0000: 352102.671: Application time: 0.0015256 seconds
2019-06-25T10:01:23.239+0000: 352103.149: Application time: 0.4768191 seconds
2019-06-25T10:01:23.239+0000: 352103.149: Application time: 0.0000660 seconds
2019-06-25T10:01:23.240+0000: 352103.150: Application time: 0.0000723 seconds
2019-06-25T10:01:23.240+0000: 352103.150: Application time: 0.0000733 seconds
2019-06-25T10:01:23.241+0000: 352103.150: Application time: 0.0000647 seconds
2019-06-25T10:01:23.241+0000: 352103.151: Application time: 0.0000701 seconds
2019-06-25T10:01:23.241+0000: 352103.151: Application time: 0.0001000 seconds
2019-06-25T10:01:23.241+0000: 352103.151: Application time: 0.0001365 seconds
2019-06-25T10:01:27.762+0000: 352107.672: Application time: 4.5208651 seconds
2019-06-25T10:01:27.786+0000: 352107.696: Application time: 0.0237851 seconds
2019-06-25T10:01:29.957+0000: 352109.867: Application time: 2.1701928 seconds
2019-06-25T10:01:29.959+0000: 352109.868: Application time: 0.0001741 seconds
2019-06-25T10:01:30.248+0000: 352110.158: Application time: 0.2887494 seconds
2019-06-25T10:01:30.250+0000: 352110.159: Application time: 0.0000668 seconds
2019-06-25T10:01:30.250+0000: 352110.160: Application time: 0.0000630 seconds
2019-06-25T10:01:30.250+0000: 352110.160: Application time: 0.0004347 seconds
2019-06-25T10:01:30.251+0000: 352110.161: Application time: 0.0000644 seconds
2019-06-25T10:01:30.251+0000: 352110.161: Application time: 0.0000902 seconds
2019-06-25T10:01:30.251+0000: 352110.161: Application time: 0.0001804 seconds
2019-06-25T10:01:30.251+0000: 352110.161: Application time: 0.0000429 seconds
2019-06-25T10:01:34.959+0000: 352114.869: Application time: 4.7079238 seconds
2019-06-25T10:01:34.984+0000: 352114.893: Application time: 0.0238636 seconds
2019-06-25T10:01:40.175+0000: 352120.085: Application time: 5.1912339 seconds
2019-06-25T10:01:40.176+0000: 352120.085: Application time: 0.0000739 seconds
2019-06-25T10:01:49.974+0000: 352129.884: Application time: 9.7986940 seconds
2019-06-25T10:01:49.975+0000: 352129.885: Application time: 0.0001998 seconds
2019-06-25T10:01:49.999+0000: 352129.909: Application time: 0.0206823 seconds
{Heap before GC invocations=5087 (full 143):
 par new generation   total 9792K, used 9559K [0x00000000e1000000, 0x00000000e1aa0000, 0x00000000eb4a0000)
  eden space 8704K, 100% used [0x00000000e1000000, 0x00000000e1880000, 0x00000000e1880000)
  from space 1088K,  78% used [0x00000000e1990000, 0x00000000e1a65e90, 0x00000000e1aa0000)
  to   space 1088K,   0% used [0x00000000e1880000, 0x00000000e1880000, 0x00000000e1990000)
 concurrent mark-sweep generation total 118492K, used 69568K [0x00000000eb4a0000, 0x00000000f2857000, 0x0000000100000000)
 Metaspace       used 95797K, capacity 99981K, committed 100352K, reserved 1136640K
  class space    used 11688K, capacity 12463K, committed 12544K, reserved 1048576K
2019-06-25T10:01:50.000+0000: 352129.909: [GC (Allocation Failure) 2019-06-25T10:01:50.000+0000: 352129.910: [ParNew: 9559K->1070K(9792K), 0.0071800 secs] 79127K->70747K(128284K), 0.0080632 secs] [Times: user=0.01 sys=0.01, real=0.00 secs] 
Heap after GC invocations=5088 (full 143):
 par new generation   total 9792K, used 1070K [0x00000000e1000000, 0x00000000e1aa0000, 0x00000000eb4a0000)
  eden space 8704K,   0% used [0x00000000e1000000, 0x00000000e1000000, 0x00000000e1880000)
  from space 1088K,  98% used [0x00000000e1880000, 0x00000000e198bb90, 0x00000000e1990000)
  to   space 1088K,   0% used [0x00000000e1990000, 0x00000000e1990000, 0x00000000e1aa0000)
 concurrent mark-sweep generation total 118492K, used 69676K [0x00000000eb4a0000, 0x00000000f2857000, 0x0000000100000000)
 Metaspace       used 95797K, capacity 99981K, committed 100352K, reserved 1136640K
  class space    used 11688K, capacity 12463K, committed 12544K, reserved 1048576K
}
2019-06-25T10:01:50.269+0000: 352130.178: Application time: 0.2599672 seconds
2019-06-25T10:01:50.269+0000: 352130.179: Application time: 0.0000634 seconds
2019-06-25T10:01:50.269+0000: 352130.179: Application time: 0.0000675 seconds
2019-06-25T10:01:50.270+0000: 352130.180: Application time: 0.0000678 seconds
2019-06-25T10:01:50.271+0000: 352130.180: Application time: 0.0000702 seconds
2019-06-25T10:01:50.271+0000: 352130.181: Application time: 0.0000674 seconds
2019-06-25T10:01:50.271+0000: 352130.181: Application time: 0.0005149 seconds
2019-06-25T10:01:50.272+0000: 352130.182: Application time: 0.0000864 seconds
2019-06-25T10:01:52.273+0000: 352132.183: Application time: 2.0014358 seconds
2019-06-25T10:01:52.274+0000: 352132.184: Application time: 0.0000816 seconds
2019-06-25T10:01:52.274+0000: 352132.184: Application time: 0.0000730 seconds
2019-06-25T10:01:52.275+0000: 352132.184: Application time: 0.0000819 seconds
2019-06-25T10:01:52.275+0000: 352132.185: Application time: 0.0000582 seconds
2019-06-25T10:01:52.276+0000: 352132.186: Application time: 0.0000749 seconds
2019-06-25T10:01:52.276+0000: 352132.186: Application time: 0.0001173 seconds
2019-06-25T10:01:52.277+0000: 352132.187: Application time: 0.0000759 seconds
2019-06-25T10:01:56.499+0000: 352136.409: Application time: 4.2217510 seconds
2019-06-25T10:01:56.524+0000: 352136.434: Application time: 0.0252948 seconds
2019-06-25T10:02:09.391+0000: 352149.301: Application time: 12.8667174 seconds
2019-06-25T10:02:09.392+0000: 352149.302: Application time: 0.0001620 seconds
2019-06-25T10:02:10.179+0000: 352150.089: Application time: 0.7866014 seconds
2019-06-25T10:02:10.181+0000: 352150.091: Application time: 0.0015268 seconds
2019-06-25T10:02:53.494+0000: 352193.403: Application time: 43.3122759 seconds
{Heap before GC invocations=5088 (full 143):
 par new generation   total 9792K, used 9774K [0x00000000e1000000, 0x00000000e1aa0000, 0x00000000eb4a0000)
  eden space 8704K,  99% used [0x00000000e1000000, 0x00000000e187ff48, 0x00000000e1880000)
  from space 1088K,  98% used [0x00000000e1880000, 0x00000000e198bb90, 0x00000000e1990000)
  to   space 1088K,   0% used [0x00000000e1990000, 0x00000000e1990000, 0x00000000e1aa0000)
 concurrent mark-sweep generation total 118492K, used 69676K [0x00000000eb4a0000, 0x00000000f2857000, 0x0000000100000000)
 Metaspace       used 95797K, capacity 99981K, committed 100352K, reserved 1136640K
  class space    used 11688K, capacity 12463K, committed 12544K, reserved 1048576K
2019-06-25T10:02:53.495+0000: 352193.405: [GC (Allocation Failure) 2019-06-25T10:02:53.496+0000: 352193.405: [ParNew: 9774K->1088K(9792K), 0.0618435 secs] 79451K->71389K(128284K), 0.0628372 secs] [Times: user=0.10 sys=0.00, real=0.07 secs] 
Heap after GC invocations=5089 (full 143):
 par new generation   total 9792K, used 1088K [0x00000000e1000000, 0x00000000e1aa0000, 0x00000000eb4a0000)
  eden space 8704K,   0% used [0x00000000e1000000, 0x00000000e1000000, 0x00000000e1880000)
  from space 1088K, 100% used [0x00000000e1990000, 0x00000000e1aa0000, 0x00000000e1aa0000)
  to   space 1088K,   0% used [0x00000000e1880000, 0x00000000e1880000, 0x00000000e1990000)
 concurrent mark-sweep generation total 118492K, used 70301K [0x00000000eb4a0000, 0x00000000f2857000, 0x0000000100000000)
 Metaspace       used 95797K, capacity 99981K, committed 100352K, reserved 1136640K
  class space    used 11688K, capacity 12463K, committed 12544K, reserved 1048576K
}
2019-06-25T10:02:54.329+0000: 352194.239: Application time: 0.7701910 seconds
2019-06-25T10:02:54.329+0000: 352194.239: Application time: 0.0000735 seconds
2019-06-25T10:02:54.330+0000: 352194.240: Application time: 0.0001792 seconds
2019-06-25T10:02:54.330+0000: 352194.240: Application time: 0.0000501 seconds
2019-06-25T10:02:58.489+0000: 352198.399: Application time: 4.1584741 seconds
2019-06-25T10:02:58.580+0000: 352198.490: Application time: 0.0909078 seconds
2019-06-25T10:03:09.398+0000: 352209.307: Application time: 10.8169717 seconds
2019-06-25T10:03:09.398+0000: 352209.308: Application time: 0.0001535 seconds
2019-06-25T10:03:09.398+0000: 352209.308: Application time: 0.0001641 seconds
2019-06-25T10:03:09.399+0000: 352209.308: Application time: 0.0001459 seconds
2019-06-25T10:03:09.399+0000: 352209.309: Application time: 0.0001543 seconds
2019-06-25T10:03:09.400+0000: 352209.310: Application time: 0.0012012 seconds
2019-06-25T10:03:10.187+0000: 352210.096: Application time: 0.7860944 seconds
2019-06-25T10:04:09.782+0000: 352269.692: Application time: 59.5951830 seconds
2019-06-25T10:04:21.409+0000: 352281.318: Application time: 11.6262139 seconds
{Heap before GC invocations=5089 (full 143):
 par new generation   total 9792K, used 9792K [0x00000000e1000000, 0x00000000e1aa0000, 0x00000000eb4a0000)
  eden space 8704K, 100% used [0x00000000e1000000, 0x00000000e1880000, 0x00000000e1880000)
  from space 1088K, 100% used [0x00000000e1990000, 0x00000000e1aa0000, 0x00000000e1aa0000)
  to   space 1088K,   0% used [0x00000000e1880000, 0x00000000e1880000, 0x00000000e1990000)
 concurrent mark-sweep generation total 118492K, used 70301K [0x00000000eb4a0000, 0x00000000f2857000, 0x0000000100000000)
 Metaspace       used 95797K, capacity 99981K, committed 100352K, reserved 1136640K
  class space    used 11688K, capacity 12463K, committed 12544K, reserved 1048576K
2019-06-25T10:04:21.410+0000: 352281.319: [GC (Allocation Failure) 2019-06-25T10:04:21.410+0000: 352281.320: [ParNew: 9792K->527K(9792K), 0.4280540 secs] 80093K->71127K(128284K), 0.4289923 secs] [Times: user=0.03 sys=0.01, real=0.43 secs] 
Heap after GC invocations=5090 (full 143):
 par new generation   total 9792K, used 527K [0x00000000e1000000, 0x00000000e1aa0000, 0x00000000eb4a0000)
  eden space 8704K,   0% used [0x00000000e1000000, 0x00000000e1000000, 0x00000000e1880000)
  from space 1088K,  48% used [0x00000000e1880000, 0x00000000e1903c28, 0x00000000e1990000)
  to   space 1088K,   0% used [0x00000000e1990000, 0x00000000e1990000, 0x00000000e1aa0000)
 concurrent mark-sweep generation total 118492K, used 70600K [0x00000000eb4a0000, 0x00000000f2857000, 0x0000000100000000)
 Metaspace       used 95797K, capacity 99981K, committed 100352K, reserved 1136640K
  class space    used 11688K, capacity 12463K, committed 12544K, reserved 1048576K
}
2019-06-25T10:04:57.882+0000: 352317.792: Application time: 36.0427153 seconds
2019-06-25T10:04:57.884+0000: 352317.794: Application time: 0.0001103 seconds
2019-06-25T10:04:57.886+0000: 352317.796: Application time: 0.0001723 seconds
2019-06-25T10:04:57.887+0000: 352317.797: Application time: 0.0005091 seconds
2019-06-25T10:04:57.889+0000: 352317.799: Application time: 0.0005144 seconds
2019-06-25T10:04:57.898+0000: 352317.808: Application time: 0.0013944 seconds
2019-06-25T10:05:02.899+0000: 352322.809: Application time: 5.0007329 seconds
2019-06-25T10:05:02.926+0000: 352322.835: Application time: 0.0262181 seconds
2019-06-25T10:05:17.062+0000: 352336.972: Application time: 14.1363042 seconds
{Heap before GC invocations=5090 (full 143):
 par new generation   total 9792K, used 9231K [0x00000000e1000000, 0x00000000e1aa0000, 0x00000000eb4a0000)
  eden space 8704K, 100% used [0x00000000e1000000, 0x00000000e1880000, 0x00000000e1880000)
  from space 1088K,  48% used [0x00000000e1880000, 0x00000000e1903c28, 0x00000000e1990000)
  to   space 1088K,   0% used [0x00000000e1990000, 0x00000000e1990000, 0x00000000e1aa0000)
 concurrent mark-sweep generation total 118492K, used 70600K [0x00000000eb4a0000, 0x00000000f2857000, 0x0000000100000000)
 Metaspace       used 95797K, capacity 99981K, committed 100352K, reserved 1136640K
  class space    used 11688K, capacity 12463K, committed 12544K, reserved 1048576K
2019-06-25T10:05:17.063+0000: 352336.973: [GC (Allocation Failure) 2019-06-25T10:05:17.063+0000: 352336.973: [ParNew: 9231K->1060K(9792K), 0.0270064 secs] 79831K->71661K(128284K), 0.0280777 secs] [Times: user=0.03 sys=0.00, real=0.03 secs] 
Heap after GC invocations=5091 (full 143):
 par new generation   total 9792K, used 1060K [0x00000000e1000000, 0x00000000e1aa0000, 0x00000000eb4a0000)
  eden space 8704K,   0% used [0x00000000e1000000, 0x00000000e1000000, 0x00000000e1880000)
  from space 1088K,  97% used [0x00000000e1990000, 0x00000000e1a993b8, 0x00000000e1aa0000)
  to   space 1088K,   0% used [0x00000000e1880000, 0x00000000e1880000, 0x00000000e1990000)
 concurrent mark-sweep generation total 118492K, used 70600K [0x00000000eb4a0000, 0x00000000f2857000, 0x0000000100000000)
 Metaspace       used 95797K, capacity 99981K, committed 100352K, reserved 1136640K
  class space    used 11688K, capacity 12463K, committed 12544K, reserved 1048576K
}
2019-06-25T10:05:17.474+0000: 352337.384: Application time: 0.3823005 seconds
2019-06-25T10:05:17.474+0000: 352337.384: Application time: 0.0000683 seconds
2019-06-25T10:05:17.475+0000: 352337.384: Application time: 0.0000652 seconds
2019-06-25T10:05:17.475+0000: 352337.385: Application time: 0.0001549 seconds
2019-06-25T10:05:17.476+0000: 352337.385: Application time: 0.0001345 seconds
2019-06-25T10:05:17.895+0000: 352337.805: Application time: 0.4188702 seconds
2019-06-25T10:05:17.895+0000: 352337.805: Application time: 0.0001037 seconds
2019-06-25T10:05:17.895+0000: 352337.805: Application time: 0.0000614 seconds
2019-06-25T10:05:17.896+0000: 352337.805: Application time: 0.0000649 seconds
2019-06-25T10:05:22.060+0000: 352341.970: Application time: 4.1646455 seconds
2019-06-25T10:05:22.114+0000: 352342.024: Application time: 0.0535286 seconds
2019-06-25T10:06:05.539+0000: 352385.449: Application time: 43.4247563 seconds
2019-06-25T10:06:53.294+0000: 352433.204: Application time: 47.7541973 seconds
{Heap before GC invocations=5091 (full 143):
 par new generation   total 9792K, used 9764K [0x00000000e1000000, 0x00000000e1aa0000, 0x00000000eb4a0000)
  eden space 8704K, 100% used [0x00000000e1000000, 0x00000000e1880000, 0x00000000e1880000)
  from space 1088K,  97% used [0x00000000e1990000, 0x00000000e1a993b8, 0x00000000e1aa0000)
  to   space 1088K,   0% used [0x00000000e1880000, 0x00000000e1880000, 0x00000000e1990000)
 concurrent mark-sweep generation total 118492K, used 70600K [0x00000000eb4a0000, 0x00000000f2857000, 0x0000000100000000)
 Metaspace       used 95797K, capacity 99981K, committed 100352K, reserved 1136640K
  class space    used 11688K, capacity 12463K, committed 12544K, reserved 1048576K
2019-06-25T10:06:53.295+0000: 352433.205: [GC (Allocation Failure) 2019-06-25T10:06:53.295+0000: 352433.205: [ParNew: 9764K->730K(9792K), 0.0565716 secs] 80365K->71675K(128284K), 0.0575721 secs] [Times: user=0.05 sys=0.00, real=0.06 secs] 
Heap after GC invocations=5092 (full 143):
 par new generation   total 9792K, used 730K [0x00000000e1000000, 0x00000000e1aa0000, 0x00000000eb4a0000)
  eden space 8704K,   0% used [0x00000000e1000000, 0x00000000e1000000, 0x00000000e1880000)
  from space 1088K,  67% used [0x00000000e1880000, 0x00000000e1936980, 0x00000000e1990000)
  to   space 1088K,   0% used [0x00000000e1990000, 0x00000000e1990000, 0x00000000e1aa0000)
 concurrent mark-sweep generation total 118492K, used 70945K [0x00000000eb4a0000, 0x00000000f2857000, 0x0000000100000000)
 Metaspace       used 95797K, capacity 99981K, committed 100352K, reserved 1136640K
  class space    used 11688K, capacity 12463K, committed 12544K, reserved 1048576K
}
2019-06-25T10:08:37.160+0000: 352537.069: Application time: 103.8066925 seconds
{Heap before GC invocations=5092 (full 143):
 par new generation   total 9792K, used 9434K [0x00000000e1000000, 0x00000000e1aa0000, 0x00000000eb4a0000)
  eden space 8704K, 100% used [0x00000000e1000000, 0x00000000e1880000, 0x00000000e1880000)
  from space 1088K,  67% used [0x00000000e1880000, 0x00000000e1936980, 0x00000000e1990000)
  to   space 1088K,   0% used [0x00000000e1990000, 0x00000000e1990000, 0x00000000e1aa0000)
 concurrent mark-sweep generation total 118492K, used 70945K [0x00000000eb4a0000, 0x00000000f2857000, 0x0000000100000000)
 Metaspace       used 95797K, capacity 99981K, committed 100352K, reserved 1136640K
  class space    used 11688K, capacity 12463K, committed 12544K, reserved 1048576K
2019-06-25T10:08:37.160+0000: 352537.070: [GC (Allocation Failure) 2019-06-25T10:08:37.161+0000: 352537.071: [ParNew: 9434K->552K(9792K), 0.0032089 secs] 80379K->71497K(128284K), 0.0041038 secs] [Times: user=0.00 sys=0.01, real=0.00 secs] 
Heap after GC invocations=5093 (full 143):
 par new generation   total 9792K, used 552K [0x00000000e1000000, 0x00000000e1aa0000, 0x00000000eb4a0000)
  eden space 8704K,   0% used [0x00000000e1000000, 0x00000000e1000000, 0x00000000e1880000)
  from space 1088K,  50% used [0x00000000e1990000, 0x00000000e1a1a0a0, 0x00000000e1aa0000)
  to   space 1088K,   0% used [0x00000000e1880000, 0x00000000e1880000, 0x00000000e1990000)
 concurrent mark-sweep generation total 118492K, used 70945K [0x00000000eb4a0000, 0x00000000f2857000, 0x0000000100000000)
 Metaspace       used 95797K, capacity 99981K, committed 100352K, reserved 1136640K
  class space    used 11688K, capacity 12463K, committed 12544K, reserved 1048576K
}
2019-06-25T10:08:43.882+0000: 352543.792: Application time: 6.7164496 seconds
2019-06-25T10:08:44.083+0000: 352543.993: Application time: 0.2006471 seconds
2019-06-25T10:08:44.084+0000: 352543.993: Application time: 0.0001506 seconds
2019-06-25T10:08:44.084+0000: 352543.994: Application time: 0.0001063 seconds
2019-06-25T10:08:44.085+0000: 352543.994: Application time: 0.0001830 seconds
2019-06-25T10:08:44.085+0000: 352543.995: Application time: 0.0001514 seconds
2019-06-25T10:08:44.714+0000: 352544.624: Application time: 0.6287269 seconds
2019-06-25T10:08:44.714+0000: 352544.624: Application time: 0.0000714 seconds
2019-06-25T10:08:44.714+0000: 352544.624: Application time: 0.0000644 seconds
2019-06-25T10:08:44.714+0000: 352544.624: Application time: 0.0000594 seconds
2019-06-25T10:08:44.715+0000: 352544.625: Application time: 0.0000917 seconds
2019-06-25T10:08:48.883+0000: 352548.793: Application time: 4.1678337 seconds
2019-06-25T10:08:48.909+0000: 352548.819: Application time: 0.0259848 seconds
2019-06-25T10:09:09.416+0000: 352569.325: Application time: 20.5058796 seconds
2019-06-25T10:09:10.323+0000: 352570.232: Application time: 0.9068175 seconds
2019-06-25T10:09:52.806+0000: 352612.716: Application time: 42.4589877 seconds
{Heap before GC invocations=5093 (full 143):
 par new generation   total 9792K, used 9256K [0x00000000e1000000, 0x00000000e1aa0000, 0x00000000eb4a0000)
  eden space 8704K, 100% used [0x00000000e1000000, 0x00000000e1880000, 0x00000000e1880000)
  from space 1088K,  50% used [0x00000000e1990000, 0x00000000e1a1a0a0, 0x00000000e1aa0000)
  to   space 1088K,   0% used [0x00000000e1880000, 0x00000000e1880000, 0x00000000e1990000)
 concurrent mark-sweep generation total 118492K, used 70945K [0x00000000eb4a0000, 0x00000000f2857000, 0x0000000100000000)
 Metaspace       used 95797K, capacity 99981K, committed 100352K, reserved 1136640K
  class space    used 11688K, capacity 12463K, committed 12544K, reserved 1048576K
2019-06-25T10:09:52.807+0000: 352612.717: [GC (Allocation Failure) 2019-06-25T10:09:52.807+0000: 352612.717: [ParNew: 9256K->657K(9792K), 0.0044563 secs] 80201K->71603K(128284K), 0.0054905 secs] [Times: user=0.01 sys=0.00, real=0.01 secs] 
Heap after GC invocations=5094 (full 143):
 par new generation   total 9792K, used 657K [0x00000000e1000000, 0x00000000e1aa0000, 0x00000000eb4a0000)
  eden space 8704K,   0% used [0x00000000e1000000, 0x00000000e1000000, 0x00000000e1880000)
  from space 1088K,  60% used [0x00000000e1880000, 0x00000000e19247f0, 0x00000000e1990000)
  to   space 1088K,   0% used [0x00000000e1990000, 0x00000000e1990000, 0x00000000e1aa0000)
 concurrent mark-sweep generation total 118492K, used 70945K [0x00000000eb4a0000, 0x00000000f2857000, 0x0000000100000000)
 Metaspace       used 95797K, capacity 99981K, committed 100352K, reserved 1136640K
  class space    used 11688K, capacity 12463K, committed 12544K, reserved 1048576K
}
2019-06-25T10:11:34.933+0000: 352714.843: Application time: 102.1183035 seconds
{Heap before GC invocations=5094 (full 143):
 par new generation   total 9792K, used 9361K [0x00000000e1000000, 0x00000000e1aa0000, 0x00000000eb4a0000)
  eden space 8704K, 100% used [0x00000000e1000000, 0x00000000e1880000, 0x00000000e1880000)
  from space 1088K,  60% used [0x00000000e1880000, 0x00000000e19247f0, 0x00000000e1990000)
  to   space 1088K,   0% used [0x00000000e1990000, 0x00000000e1990000, 0x00000000e1aa0000)
 concurrent mark-sweep generation total 118492K, used 70945K [0x00000000eb4a0000, 0x00000000f2857000, 0x0000000100000000)
 Metaspace       used 95797K, capacity 99981K, committed 100352K, reserved 1136640K
  class space    used 11688K, capacity 12463K, committed 12544K, reserved 1048576K
2019-06-25T10:11:34.934+0000: 352714.844: [GC (Allocation Failure) 2019-06-25T10:11:34.934+0000: 352714.844: [ParNew: 9361K->847K(9792K), 0.0352157 secs] 80307K->71966K(128284K), 0.0361594 secs] [Times: user=0.03 sys=0.00, real=0.04 secs] 
Heap after GC invocations=5095 (full 143):
 par new generation   total 9792K, used 847K [0x00000000e1000000, 0x00000000e1aa0000, 0x00000000eb4a0000)
  eden space 8704K,   0% used [0x00000000e1000000, 0x00000000e1000000, 0x00000000e1880000)
  from space 1088K,  77% used [0x00000000e1990000, 0x00000000e1a63ca8, 0x00000000e1aa0000)
  to   space 1088K,   0% used [0x00000000e1880000, 0x00000000e1880000, 0x00000000e1990000)
 concurrent mark-sweep generation total 118492K, used 71119K [0x00000000eb4a0000, 0x00000000f2857000, 0x0000000100000000)
 Metaspace       used 95797K, capacity 99981K, committed 100352K, reserved 1136640K
  class space    used 11688K, capacity 12463K, committed 12544K, reserved 1048576K
}
2019-06-25T10:11:34.971+0000: 352714.881: Application time: 0.0002096 seconds
2019-06-25T10:11:34.994+0000: 352714.904: [GC (CMS Initial Mark) [1 CMS-initial-mark: 71119K(118492K)] 72039K(128284K), 0.0032725 secs] [Times: user=0.01 sys=0.00, real=0.00 secs] 
2019-06-25T10:11:34.998+0000: 352714.908: [CMS-concurrent-mark-start]
2019-06-25T10:11:35.102+0000: 352715.012: [CMS-concurrent-mark: 0.104/0.104 secs] [Times: user=0.10 sys=0.00, real=0.11 secs] 
2019-06-25T10:11:35.103+0000: 352715.013: [CMS-concurrent-preclean-start]
2019-06-25T10:11:35.105+0000: 352715.014: [CMS-concurrent-preclean: 0.002/0.002 secs] [Times: user=0.00 sys=0.00, real=0.00 secs] 
2019-06-25T10:11:35.105+0000: 352715.015: Application time: 0.1072600 seconds
2019-06-25T10:11:35.106+0000: 352715.015: [GC (CMS Final Remark) [YG occupancy: 935 K (9792 K)]2019-06-25T10:11:35.106+0000: 352715.016: [Rescan (parallel) , 0.0028142 secs]2019-06-25T10:11:35.109+0000: 352715.019: [weak refs processing, 0.0031239 secs]2019-06-25T10:11:35.113+0000: 352715.022: [class unloading, 0.0358997 secs]2019-06-25T10:11:35.149+0000: 352715.059: [scrub symbol table, 0.0253064 secs]2019-06-25T10:11:35.175+0000: 352715.085: [scrub string table, 0.0016053 secs][1 CMS-remark: 71119K(118492K)] 72054K(128284K), 0.0861184 secs] [Times: user=0.08 sys=0.00, real=0.09 secs] 
2019-06-25T10:11:35.193+0000: 352715.102: [CMS-concurrent-sweep-start]
2019-06-25T10:11:35.224+0000: 352715.134: [CMS-concurrent-sweep: 0.032/0.032 secs] [Times: user=0.03 sys=0.00, real=0.03 secs] 
2019-06-25T10:11:35.225+0000: 352715.135: [CMS-concurrent-reset-start]
2019-06-25T10:11:35.225+0000: 352715.135: [CMS-concurrent-reset: 0.000/0.000 secs] [Times: user=0.00 sys=0.00, real=0.00 secs] 
2019-06-25T10:11:36.193+0000: 352716.102: Application time: 1.0001549 seconds
2019-06-25T10:11:37.193+0000: 352717.103: Application time: 1.0001342 seconds
2019-06-25T10:11:40.194+0000: 352720.104: Application time: 3.0005294 seconds
2019-06-25T10:11:40.241+0000: 352720.151: Application time: 0.0471462 seconds
2019-06-25T10:11:40.242+0000: 352720.151: Application time: 0.0000658 seconds
2019-06-25T10:11:40.267+0000: 352720.177: Application time: 0.0000775 seconds
2019-06-25T10:11:40.268+0000: 352720.178: Application time: 0.0002580 seconds
2019-06-25T10:11:40.269+0000: 352720.179: Application time: 0.0001057 seconds
2019-06-25T10:11:41.290+0000: 352721.200: Application time: 1.0006997 seconds
2019-06-25T10:11:44.291+0000: 352724.200: Application time: 3.0005708 seconds
2019-06-25T10:11:54.292+0000: 352734.202: Application time: 10.0013306 seconds
2019-06-25T10:12:06.294+0000: 352746.204: Application time: 12.0015575 seconds
2019-06-25T10:12:07.295+0000: 352747.204: Application time: 1.0001861 seconds
2019-06-25T10:12:40.299+0000: 352780.210: Application time: 33.0048913 seconds
2019-06-25T10:13:07.303+0000: 352807.213: Application time: 27.0032343 seconds
2019-06-25T10:13:09.834+0000: 352809.744: Application time: 2.5302064 seconds
{Heap before GC invocations=5095 (full 144):
 par new generation   total 9792K, used 9551K [0x00000000e1000000, 0x00000000e1aa0000, 0x00000000eb4a0000)
  eden space 8704K, 100% used [0x00000000e1000000, 0x00000000e1880000, 0x00000000e1880000)
  from space 1088K,  77% used [0x00000000e1990000, 0x00000000e1a63ca8, 0x00000000e1aa0000)
  to   space 1088K,   0% used [0x00000000e1880000, 0x00000000e1880000, 0x00000000e1990000)
 concurrent mark-sweep generation total 118492K, used 65418K [0x00000000eb4a0000, 0x00000000f2857000, 0x0000000100000000)
 Metaspace       used 95715K, capacity 99837K, committed 100352K, reserved 1136640K
  class space    used 11675K, capacity 12439K, committed 12544K, reserved 1048576K
2019-06-25T10:13:09.834+0000: 352809.744: [GC (Allocation Failure) 2019-06-25T10:13:09.835+0000: 352809.744: [ParNew: 9551K->1009K(9792K), 0.0258319 secs] 74969K->66576K(128284K), 0.0265888 secs] [Times: user=0.06 sys=0.00, real=0.03 secs] 
Heap after GC invocations=5096 (full 144):
 par new generation   total 9792K, used 1009K [0x00000000e1000000, 0x00000000e1aa0000, 0x00000000eb4a0000)
  eden space 8704K,   0% used [0x00000000e1000000, 0x00000000e1000000, 0x00000000e1880000)
  from space 1088K,  92% used [0x00000000e1880000, 0x00000000e197c7e8, 0x00000000e1990000)
  to   space 1088K,   0% used [0x00000000e1990000, 0x00000000e1990000, 0x00000000e1aa0000)
 concurrent mark-sweep generation total 118492K, used 65566K [0x00000000eb4a0000, 0x00000000f2857000, 0x0000000100000000)
 Metaspace       used 95715K, capacity 99837K, committed 100352K, reserved 1136640K
  class space    used 11675K, capacity 12439K, committed 12544K, reserved 1048576K
}
2019-06-25T10:13:36.865+0000: 352836.775: Application time: 27.0034453 seconds
2019-06-25T10:13:39.866+0000: 352839.775: Application time: 3.0004211 seconds
2019-06-25T10:14:05.870+0000: 352865.780: Application time: 26.0041631 seconds
2019-06-25T10:14:09.794+0000: 352869.704: Application time: 3.9232893 seconds
2019-06-25T10:14:09.866+0000: 352869.775: Application time: 0.0711884 seconds
2019-06-25T10:14:09.867+0000: 352869.777: Application time: 0.0014058 seconds
2019-06-25T10:14:15.869+0000: 352875.778: Application time: 6.0011623 seconds
2019-06-25T10:14:46.489+0000: 352906.399: Application time: 30.6203669 seconds
{Heap before GC invocations=5096 (full 144):
 par new generation   total 9792K, used 9713K [0x00000000e1000000, 0x00000000e1aa0000, 0x00000000eb4a0000)
  eden space 8704K, 100% used [0x00000000e1000000, 0x00000000e1880000, 0x00000000e1880000)
  from space 1088K,  92% used [0x00000000e1880000, 0x00000000e197c7e8, 0x00000000e1990000)
  to   space 1088K,   0% used [0x00000000e1990000, 0x00000000e1990000, 0x00000000e1aa0000)
 concurrent mark-sweep generation total 118492K, used 65566K [0x00000000eb4a0000, 0x00000000f2857000, 0x0000000100000000)
 Metaspace       used 95717K, capacity 99843K, committed 100352K, reserved 1136640K
  class space    used 11676K, capacity 12440K, committed 12544K, reserved 1048576K
2019-06-25T10:14:46.490+0000: 352906.400: [GC (Allocation Failure) 2019-06-25T10:14:46.491+0000: 352906.401: [ParNew: 9713K->695K(9792K), 0.0042875 secs] 75280K->66495K(128284K), 0.0054238 secs] [Times: user=0.01 sys=0.00, real=0.00 secs] 
Heap after GC invocations=5097 (full 144):
 par new generation   total 9792K, used 695K [0x00000000e1000000, 0x00000000e1aa0000, 0x00000000eb4a0000)
  eden space 8704K,   0% used [0x00000000e1000000, 0x00000000e1000000, 0x00000000e1880000)
  from space 1088K,  63% used [0x00000000e1990000, 0x00000000e1a3dfc0, 0x00000000e1aa0000)
  to   space 1088K,   0% used [0x00000000e1880000, 0x00000000e1880000, 0x00000000e1990000)
 concurrent mark-sweep generation total 118492K, used 65799K [0x00000000eb4a0000, 0x00000000f2857000, 0x0000000100000000)
 Metaspace       used 95717K, capacity 99843K, committed 100352K, reserved 1136640K
  class space    used 11676K, capacity 12440K, committed 12544K, reserved 1048576K
}
2019-06-25T10:15:40.503+0000: 352960.413: Application time: 54.0068467 seconds
2019-06-25T10:16:25.078+0000: 353004.988: Application time: 44.5746347 seconds
{Heap before GC invocations=5097 (full 144):
 par new generation   total 9792K, used 9399K [0x00000000e1000000, 0x00000000e1aa0000, 0x00000000eb4a0000)
  eden space 8704K, 100% used [0x00000000e1000000, 0x00000000e1880000, 0x00000000e1880000)
  from space 1088K,  63% used [0x00000000e1990000, 0x00000000e1a3dfc0, 0x00000000e1aa0000)
  to   space 1088K,   0% used [0x00000000e1880000, 0x00000000e1880000, 0x00000000e1990000)
 concurrent mark-sweep generation total 118492K, used 65799K [0x00000000eb4a0000, 0x00000000f2857000, 0x0000000100000000)
 Metaspace       used 95717K, capacity 99843K, committed 100352K, reserved 1136640K
  class space    used 11676K, capacity 12440K, committed 12544K, reserved 1048576K
2019-06-25T10:16:25.079+0000: 353004.989: [GC (Allocation Failure) 2019-06-25T10:16:25.079+0000: 353004.989: [ParNew: 9399K->746K(9792K), 0.0034035 secs] 75199K->66669K(128284K), 0.0042025 secs] [Times: user=0.00 sys=0.00, real=0.00 secs] 
Heap after GC invocations=5098 (full 144):
 par new generation   total 9792K, used 746K [0x00000000e1000000, 0x00000000e1aa0000, 0x00000000eb4a0000)
  eden space 8704K,   0% used [0x00000000e1000000, 0x00000000e1000000, 0x00000000e1880000)
  from space 1088K,  68% used [0x00000000e1880000, 0x00000000e193a898, 0x00000000e1990000)
  to   space 1088K,   0% used [0x00000000e1990000, 0x00000000e1990000, 0x00000000e1aa0000)
 concurrent mark-sweep generation total 118492K, used 65923K [0x00000000eb4a0000, 0x00000000f2857000, 0x0000000100000000)
 Metaspace       used 95717K, capacity 99843K, committed 100352K, reserved 1136640K
  class space    used 11676K, capacity 12440K, committed 12544K, reserved 1048576K
}
2019-06-25T10:18:09.433+0000: 353109.343: Application time: 104.3495076 seconds
{Heap before GC invocations=5098 (full 144):
 par new generation   total 9792K, used 9450K [0x00000000e1000000, 0x00000000e1aa0000, 0x00000000eb4a0000)
  eden space 8704K, 100% used [0x00000000e1000000, 0x00000000e1880000, 0x00000000e1880000)
  from space 1088K,  68% used [0x00000000e1880000, 0x00000000e193a898, 0x00000000e1990000)
  to   space 1088K,   0% used [0x00000000e1990000, 0x00000000e1990000, 0x00000000e1aa0000)
 concurrent mark-sweep generation total 118492K, used 65923K [0x00000000eb4a0000, 0x00000000f2857000, 0x0000000100000000)
 Metaspace       used 95717K, capacity 99843K, committed 100352K, reserved 1136640K
  class space    used 11676K, capacity 12440K, committed 12544K, reserved 1048576K
2019-06-25T10:18:09.434+0000: 353109.344: [GC (Allocation Failure) 2019-06-25T10:18:09.435+0000: 353109.344: [ParNew: 9450K->617K(9792K), 0.0038580 secs] 75373K->66714K(128284K), 0.0046628 secs] [Times: user=0.00 sys=0.00, real=0.01 secs] 
Heap after GC invocations=5099 (full 144):
 par new generation   total 9792K, used 617K [0x00000000e1000000, 0x00000000e1aa0000, 0x00000000eb4a0000)
  eden space 8704K,   0% used [0x00000000e1000000, 0x00000000e1000000, 0x00000000e1880000)
  from space 1088K,  56% used [0x00000000e1990000, 0x00000000e1a2a5d8, 0x00000000e1aa0000)
  to   space 1088K,   0% used [0x00000000e1880000, 0x00000000e1880000, 0x00000000e1990000)
 concurrent mark-sweep generation total 118492K, used 66097K [0x00000000eb4a0000, 0x00000000f2857000, 0x0000000100000000)
 Metaspace       used 95717K, capacity 99843K, committed 100352K, reserved 1136640K
  class space    used 11676K, capacity 12440K, committed 12544K, reserved 1048576K
}
2019-06-25T10:18:10.396+0000: 353110.306: Application time: 0.9565523 seconds
2019-06-25T10:18:10.398+0000: 353110.308: Application time: 0.0017446 seconds
2019-06-25T10:19:09.879+0000: 353169.789: Application time: 59.4805069 seconds
2019-06-25T10:19:09.892+0000: 353169.802: Application time: 0.0125285 seconds
2019-06-25T10:19:09.894+0000: 353169.804: Application time: 0.0014822 seconds
2019-06-25T10:19:40.899+0000: 353200.809: Application time: 31.0048186 seconds
2019-06-25T10:19:46.550+0000: 353206.460: Application time: 5.6501939 seconds
{Heap before GC invocations=5099 (full 144):
 par new generation   total 9792K, used 9321K [0x00000000e1000000, 0x00000000e1aa0000, 0x00000000eb4a0000)
  eden space 8704K, 100% used [0x00000000e1000000, 0x00000000e1880000, 0x00000000e1880000)
  from space 1088K,  56% used [0x00000000e1990000, 0x00000000e1a2a5d8, 0x00000000e1aa0000)
  to   space 1088K,   0% used [0x00000000e1880000, 0x00000000e1880000, 0x00000000e1990000)
 concurrent mark-sweep generation total 118492K, used 66097K [0x00000000eb4a0000, 0x00000000f2857000, 0x0000000100000000)
 Metaspace       used 95723K, capacity 99855K, committed 100352K, reserved 1136640K
  class space    used 11677K, capacity 12442K, committed 12544K, reserved 1048576K
2019-06-25T10:19:46.550+0000: 353206.460: [GC (Allocation Failure) 2019-06-25T10:19:46.551+0000: 353206.460: [ParNew: 9321K->647K(9792K), 0.0034355 secs] 75418K->66744K(128284K), 0.0044903 secs] [Times: user=0.01 sys=0.00, real=0.00 secs] 
Heap after GC invocations=5100 (full 144):
 par new generation   total 9792K, used 647K [0x00000000e1000000, 0x00000000e1aa0000, 0x00000000eb4a0000)
  eden space 8704K,   0% used [0x00000000e1000000, 0x00000000e1000000, 0x00000000e1880000)
  from space 1088K,  59% used [0x00000000e1880000, 0x00000000e1921ca0, 0x00000000e1990000)
  to   space 1088K,   0% used [0x00000000e1990000, 0x00000000e1990000, 0x00000000e1aa0000)
 concurrent mark-sweep generation total 118492K, used 66097K [0x00000000eb4a0000, 0x00000000f2857000, 0x0000000100000000)
 Metaspace       used 95723K, capacity 99855K, committed 100352K, reserved 1136640K
  class space    used 11677K, capacity 12442K, committed 12544K, reserved 1048576K
}
2019-06-25T10:21:24.148+0000: 353304.058: Application time: 97.5932450 seconds
{Heap before GC invocations=5100 (full 144):
 par new generation   total 9792K, used 9351K [0x00000000e1000000, 0x00000000e1aa0000, 0x00000000eb4a0000)
  eden space 8704K, 100% used [0x00000000e1000000, 0x00000000e1880000, 0x00000000e1880000)
  from space 1088K,  59% used [0x00000000e1880000, 0x00000000e1921ca0, 0x00000000e1990000)
  to   space 1088K,   0% used [0x00000000e1990000, 0x00000000e1990000, 0x00000000e1aa0000)
 concurrent mark-sweep generation total 118492K, used 66097K [0x00000000eb4a0000, 0x00000000f2857000, 0x0000000100000000)
 Metaspace       used 95723K, capacity 99855K, committed 100352K, reserved 1136640K
  class space    used 11677K, capacity 12442K, committed 12544K, reserved 1048576K
2019-06-25T10:21:24.149+0000: 353304.059: [GC (Allocation Failure) 2019-06-25T10:21:24.150+0000: 353304.059: [ParNew: 9351K->696K(9792K), 0.0339303 secs] 75448K->66920K(128284K), 0.0346596 secs] [Times: user=0.07 sys=0.00, real=0.03 secs] 
Heap after GC invocations=5101 (full 144):
 par new generation   total 9792K, used 696K [0x00000000e1000000, 0x00000000e1aa0000, 0x00000000eb4a0000)
  eden space 8704K,   0% used [0x00000000e1000000, 0x00000000e1000000, 0x00000000e1880000)
  from space 1088K,  63% used [0x00000000e1990000, 0x00000000e1a3e0e8, 0x00000000e1aa0000)
  to   space 1088K,   0% used [0x00000000e1880000, 0x00000000e1880000, 0x00000000e1990000)
 concurrent mark-sweep generation total 118492K, used 66224K [0x00000000eb4a0000, 0x00000000f2857000, 0x0000000100000000)
 Metaspace       used 95723K, capacity 99855K, committed 100352K, reserved 1136640K
  class space    used 11677K, capacity 12442K, committed 12544K, reserved 1048576K
}
2019-06-25T10:23:09.455+0000: 353409.365: Application time: 105.2705251 seconds
{Heap before GC invocations=5101 (full 144):
 par new generation   total 9792K, used 9400K [0x00000000e1000000, 0x00000000e1aa0000, 0x00000000eb4a0000)
  eden space 8704K, 100% used [0x00000000e1000000, 0x00000000e1880000, 0x00000000e1880000)
  from space 1088K,  63% used [0x00000000e1990000, 0x00000000e1a3e0e8, 0x00000000e1aa0000)
  to   space 1088K,   0% used [0x00000000e1880000, 0x00000000e1880000, 0x00000000e1990000)
 concurrent mark-sweep generation total 118492K, used 66224K [0x00000000eb4a0000, 0x00000000f2857000, 0x0000000100000000)
 Metaspace       used 95723K, capacity 99855K, committed 100352K, reserved 1136640K
  class space    used 11677K, capacity 12442K, committed 12544K, reserved 1048576K
2019-06-25T10:23:09.456+0000: 353409.366: [GC (Allocation Failure) 2019-06-25T10:23:09.457+0000: 353409.366: [ParNew: 9400K->874K(9792K), 0.0044240 secs] 75624K->67178K(128284K), 0.0054699 secs] [Times: user=0.00 sys=0.00, real=0.01 secs] 
Heap after GC invocations=5102 (full 144):
 par new generation   total 9792K, used 874K [0x00000000e1000000, 0x00000000e1aa0000, 0x00000000eb4a0000)
  eden space 8704K,   0% used [0x00000000e1000000, 0x00000000e1000000, 0x00000000e1880000)
  from space 1088K,  80% used [0x00000000e1880000, 0x00000000e195aac8, 0x00000000e1990000)
  to   space 1088K,   0% used [0x00000000e1990000, 0x00000000e1990000, 0x00000000e1aa0000)
 concurrent mark-sweep generation total 118492K, used 66303K [0x00000000eb4a0000, 0x00000000f2857000, 0x0000000100000000)
 Metaspace       used 95723K, capacity 99855K, committed 100352K, reserved 1136640K
  class space    used 11677K, capacity 12442K, committed 12544K, reserved 1048576K
}
2019-06-25T10:24:09.764+0000: 353469.674: Application time: 60.3011964 seconds
2019-06-25T10:24:22.752+0000: 353482.662: Application time: 12.9879876 seconds
2019-06-25T10:24:47.642+0000: 353507.552: Application time: 24.8897661 seconds
{Heap before GC invocations=5102 (full 144):
 par new generation   total 9792K, used 9578K [0x00000000e1000000, 0x00000000e1aa0000, 0x00000000eb4a0000)
  eden space 8704K, 100% used [0x00000000e1000000, 0x00000000e1880000, 0x00000000e1880000)
  from space 1088K,  80% used [0x00000000e1880000, 0x00000000e195aac8, 0x00000000e1990000)
  to   space 1088K,   0% used [0x00000000e1990000, 0x00000000e1990000, 0x00000000e1aa0000)
 concurrent mark-sweep generation total 118492K, used 66303K [0x00000000eb4a0000, 0x00000000f2857000, 0x0000000100000000)
 Metaspace       used 95723K, capacity 99855K, committed 100352K, reserved 1136640K
  class space    used 11677K, capacity 12442K, committed 12544K, reserved 1048576K
2019-06-25T10:24:47.643+0000: 353507.553: [GC (Allocation Failure) 2019-06-25T10:24:47.643+0000: 353507.553: [ParNew: 9578K->703K(9792K), 0.0033812 secs] 75882K->67108K(128284K), 0.0042489 secs] [Times: user=0.00 sys=0.00, real=0.00 secs] 
Heap after GC invocations=5103 (full 144):
 par new generation   total 9792K, used 703K [0x00000000e1000000, 0x00000000e1aa0000, 0x00000000eb4a0000)
  eden space 8704K,   0% used [0x00000000e1000000, 0x00000000e1000000, 0x00000000e1880000)
  from space 1088K,  64% used [0x00000000e1990000, 0x00000000e1a3ff80, 0x00000000e1aa0000)
  to   space 1088K,   0% used [0x00000000e1880000, 0x00000000e1880000, 0x00000000e1990000)
 concurrent mark-sweep generation total 118492K, used 66404K [0x00000000eb4a0000, 0x00000000f2857000, 0x0000000100000000)
 Metaspace       used 95723K, capacity 99855K, committed 100352K, reserved 1136640K
  class space    used 11677K, capacity 12442K, committed 12544K, reserved 1048576K
}
2019-06-25T10:26:25.345+0000: 353605.255: Application time: 97.6971861 seconds
{Heap before GC invocations=5103 (full 144):
 par new generation   total 9792K, used 9407K [0x00000000e1000000, 0x00000000e1aa0000, 0x00000000eb4a0000)
  eden space 8704K, 100% used [0x00000000e1000000, 0x00000000e1880000, 0x00000000e1880000)
  from space 1088K,  64% used [0x00000000e1990000, 0x00000000e1a3ff80, 0x00000000e1aa0000)
  to   space 1088K,   0% used [0x00000000e1880000, 0x00000000e1880000, 0x00000000e1990000)
 concurrent mark-sweep generation total 118492K, used 66404K [0x00000000eb4a0000, 0x00000000f2857000, 0x0000000100000000)
 Metaspace       used 95723K, capacity 99855K, committed 100352K, reserved 1136640K
  class space    used 11677K, capacity 12442K, committed 12544K, reserved 1048576K
2019-06-25T10:26:25.346+0000: 353605.256: [GC (Allocation Failure) 2019-06-25T10:26:25.346+0000: 353605.256: [ParNew: 9407K->950K(9792K), 0.0046203 secs] 75812K->67355K(128284K), 0.0053317 secs] [Times: user=0.01 sys=0.00, real=0.01 secs] 
Heap after GC invocations=5104 (full 144):
 par new generation   total 9792K, used 950K [0x00000000e1000000, 0x00000000e1aa0000, 0x00000000eb4a0000)
  eden space 8704K,   0% used [0x00000000e1000000, 0x00000000e1000000, 0x00000000e1880000)
  from space 1088K,  87% used [0x00000000e1880000, 0x00000000e196d8c0, 0x00000000e1990000)
  to   space 1088K,   0% used [0x00000000e1990000, 0x00000000e1990000, 0x00000000e1aa0000)
 concurrent mark-sweep generation total 118492K, used 66404K [0x00000000eb4a0000, 0x00000000f2857000, 0x0000000100000000)
 Metaspace       used 95723K, capacity 99855K, committed 100352K, reserved 1136640K
  class space    used 11677K, capacity 12442K, committed 12544K, reserved 1048576K
}
2019-06-25T10:28:09.475+0000: 353709.385: Application time: 104.1233525 seconds
{Heap before GC invocations=5104 (full 144):
 par new generation   total 9792K, used 9654K [0x00000000e1000000, 0x00000000e1aa0000, 0x00000000eb4a0000)
  eden space 8704K, 100% used [0x00000000e1000000, 0x00000000e1880000, 0x00000000e1880000)
  from space 1088K,  87% used [0x00000000e1880000, 0x00000000e196d8c0, 0x00000000e1990000)
  to   space 1088K,   0% used [0x00000000e1990000, 0x00000000e1990000, 0x00000000e1aa0000)
 concurrent mark-sweep generation total 118492K, used 66404K [0x00000000eb4a0000, 0x00000000f2857000, 0x0000000100000000)
 Metaspace       used 95726K, capacity 99867K, committed 100352K, reserved 1136640K
  class space    used 11678K, capacity 12444K, committed 12544K, reserved 1048576K
2019-06-25T10:28:09.476+0000: 353709.386: [GC (Allocation Failure) 2019-06-25T10:28:09.477+0000: 353709.386: [ParNew: 9654K->800K(9792K), 0.0041268 secs] 76059K->67318K(128284K), 0.0051244 secs] [Times: user=0.01 sys=0.00, real=0.01 secs] 
Heap after GC invocations=5105 (full 144):
 par new generation   total 9792K, used 800K [0x00000000e1000000, 0x00000000e1aa0000, 0x00000000eb4a0000)
  eden space 8704K,   0% used [0x00000000e1000000, 0x00000000e1000000, 0x00000000e1880000)
  from space 1088K,  73% used [0x00000000e1990000, 0x00000000e1a581f0, 0x00000000e1aa0000)
  to   space 1088K,   0% used [0x00000000e1880000, 0x00000000e1880000, 0x00000000e1990000)
 concurrent mark-sweep generation total 118492K, used 66518K [0x00000000eb4a0000, 0x00000000f2857000, 0x0000000100000000)
 Metaspace       used 95726K, capacity 99867K, committed 100352K, reserved 1136640K
  class space    used 11678K, capacity 12444K, committed 12544K, reserved 1048576K
}
2019-06-25T10:29:10.945+0000: 353770.855: Application time: 61.4629838 seconds
2019-06-25T10:29:46.096+0000: 353806.005: Application time: 35.1500861 seconds
{Heap before GC invocations=5105 (full 144):
 par new generation   total 9792K, used 9504K [0x00000000e1000000, 0x00000000e1aa0000, 0x00000000eb4a0000)
  eden space 8704K, 100% used [0x00000000e1000000, 0x00000000e1880000, 0x00000000e1880000)
  from space 1088K,  73% used [0x00000000e1990000, 0x00000000e1a581f0, 0x00000000e1aa0000)
  to   space 1088K,   0% used [0x00000000e1880000, 0x00000000e1880000, 0x00000000e1990000)
 concurrent mark-sweep generation total 118492K, used 66518K [0x00000000eb4a0000, 0x00000000f2857000, 0x0000000100000000)
 Metaspace       used 95726K, capacity 99867K, committed 100352K, reserved 1136640K
  class space    used 11678K, capacity 12444K, committed 12544K, reserved 1048576K
2019-06-25T10:29:46.097+0000: 353806.007: [GC (Allocation Failure) 2019-06-25T10:29:46.098+0000: 353806.008: [ParNew: 9504K->833K(9792K), 0.0063291 secs] 76022K->67351K(128284K), 0.0079804 secs] [Times: user=0.00 sys=0.01, real=0.01 secs] 
Heap after GC invocations=5106 (full 144):
 par new generation   total 9792K, used 833K [0x00000000e1000000, 0x00000000e1aa0000, 0x00000000eb4a0000)
  eden space 8704K,   0% used [0x00000000e1000000, 0x00000000e1000000, 0x00000000e1880000)
  from space 1088K,  76% used [0x00000000e1880000, 0x00000000e1950440, 0x00000000e1990000)
  to   space 1088K,   0% used [0x00000000e1990000, 0x00000000e1990000, 0x00000000e1aa0000)
 concurrent mark-sweep generation total 118492K, used 66518K [0x00000000eb4a0000, 0x00000000f2857000, 0x0000000100000000)
 Metaspace       used 95726K, capacity 99867K, committed 100352K, reserved 1136640K
  class space    used 11678K, capacity 12444K, committed 12544K, reserved 1048576K
}
2019-06-25T10:30:50.401+0000: 353870.311: Application time: 64.2938487 seconds
2019-06-25T10:30:50.401+0000: 353870.311: Application time: 0.0001776 seconds
2019-06-25T10:30:51.402+0000: 353871.312: Application time: 1.0002426 seconds
2019-06-25T10:30:55.403+0000: 353875.312: Application time: 4.0000848 seconds
2019-06-25T10:30:55.428+0000: 353875.338: Application time: 0.0244401 seconds
2019-06-25T10:31:01.925+0000: 353881.835: Application time: 6.4973523 seconds
{Heap before GC invocations=5106 (full 144):
 par new generation   total 9792K, used 9537K [0x00000000e1000000, 0x00000000e1aa0000, 0x00000000eb4a0000)
  eden space 8704K, 100% used [0x00000000e1000000, 0x00000000e1880000, 0x00000000e1880000)
  from space 1088K,  76% used [0x00000000e1880000, 0x00000000e1950440, 0x00000000e1990000)
  to   space 1088K,   0% used [0x00000000e1990000, 0x00000000e1990000, 0x00000000e1aa0000)
 concurrent mark-sweep generation total 118492K, used 66518K [0x00000000eb4a0000, 0x00000000f2857000, 0x0000000100000000)
 Metaspace       used 95726K, capacity 99867K, committed 100352K, reserved 1136640K
  class space    used 11678K, capacity 12444K, committed 12544K, reserved 1048576K
2019-06-25T10:31:01.926+0000: 353881.836: [GC (Allocation Failure) 2019-06-25T10:31:01.926+0000: 353881.836: [ParNew: 9537K->890K(9792K), 0.0037006 secs] 76055K->67417K(128284K), 0.0049299 secs] [Times: user=0.01 sys=0.00, real=0.01 secs] 
Heap after GC invocations=5107 (full 144):
 par new generation   total 9792K, used 890K [0x00000000e1000000, 0x00000000e1aa0000, 0x00000000eb4a0000)
  eden space 8704K,   0% used [0x00000000e1000000, 0x00000000e1000000, 0x00000000e1880000)
  from space 1088K,  81% used [0x00000000e1990000, 0x00000000e1a6eae8, 0x00000000e1aa0000)
  to   space 1088K,   0% used [0x00000000e1880000, 0x00000000e1880000, 0x00000000e1990000)
 concurrent mark-sweep generation total 118492K, used 66526K [0x00000000eb4a0000, 0x00000000f2857000, 0x0000000100000000)
 Metaspace       used 95726K, capacity 99867K, committed 100352K, reserved 1136640K
  class space    used 11678K, capacity 12444K, committed 12544K, reserved 1048576K
}
2019-06-25T10:31:02.932+0000: 353882.842: Application time: 1.0001683 seconds
2019-06-25T10:31:03.328+0000: 353883.238: Application time: 0.3963730 seconds
2019-06-25T10:31:03.329+0000: 353883.239: Application time: 0.0000682 seconds
2019-06-25T10:31:03.329+0000: 353883.239: Application time: 0.0000654 seconds
2019-06-25T10:31:03.330+0000: 353883.240: Application time: 0.0000673 seconds
2019-06-25T10:31:03.330+0000: 353883.240: Application time: 0.0000588 seconds
2019-06-25T10:31:03.330+0000: 353883.240: Application time: 0.0000628 seconds
2019-06-25T10:31:03.331+0000: 353883.240: Application time: 0.0001380 seconds
2019-06-25T10:31:03.331+0000: 353883.241: Application time: 0.0001323 seconds
2019-06-25T10:31:06.334+0000: 353886.244: Application time: 3.0030573 seconds
2019-06-25T10:31:06.335+0000: 353886.244: Application time: 0.0001754 seconds
2019-06-25T10:31:06.548+0000: 353886.458: Application time: 0.2134950 seconds
2019-06-25T10:31:06.549+0000: 353886.458: Application time: 0.0000714 seconds
2019-06-25T10:31:06.549+0000: 353886.459: Application time: 0.0001270 seconds
2019-06-25T10:31:06.549+0000: 353886.459: Application time: 0.0000745 seconds
2019-06-25T10:31:06.549+0000: 353886.459: Application time: 0.0000576 seconds
2019-06-25T10:31:06.549+0000: 353886.459: Application time: 0.0000713 seconds
2019-06-25T10:31:06.550+0000: 353886.460: Application time: 0.0005038 seconds
2019-06-25T10:31:10.410+0000: 353890.320: Application time: 3.8599540 seconds
2019-06-25T10:31:10.788+0000: 353890.698: Application time: 0.3775580 seconds
2019-06-25T10:31:10.813+0000: 353890.723: Application time: 0.0248151 seconds
2019-06-25T10:31:17.148+0000: 353897.058: Application time: 6.3345158 seconds
2019-06-25T10:31:17.152+0000: 353897.062: Application time: 0.0000844 seconds
2019-06-25T10:31:17.153+0000: 353897.063: Application time: 0.0000919 seconds
2019-06-25T10:31:22.154+0000: 353902.063: Application time: 5.0005552 seconds
2019-06-25T10:31:22.182+0000: 353902.092: Application time: 0.0286235 seconds
2019-06-25T10:31:22.395+0000: 353902.305: Application time: 0.2120049 seconds
2019-06-25T10:31:22.401+0000: 353902.311: Application time: 0.0024247 seconds
{Heap before GC invocations=5107 (full 144):
 par new generation   total 9792K, used 9594K [0x00000000e1000000, 0x00000000e1aa0000, 0x00000000eb4a0000)
  eden space 8704K,  99% used [0x00000000e1000000, 0x00000000e187ff78, 0x00000000e1880000)
  from space 1088K,  81% used [0x00000000e1990000, 0x00000000e1a6eae8, 0x00000000e1aa0000)
  to   space 1088K,   0% used [0x00000000e1880000, 0x00000000e1880000, 0x00000000e1990000)
 concurrent mark-sweep generation total 118492K, used 66526K [0x00000000eb4a0000, 0x00000000f2857000, 0x0000000100000000)
 Metaspace       used 95734K, capacity 99879K, committed 100352K, reserved 1136640K
  class space    used 11679K, capacity 12446K, committed 12544K, reserved 1048576K
2019-06-25T10:31:22.403+0000: 353902.313: [GC (Allocation Failure) 2019-06-25T10:31:22.403+0000: 353902.313: [ParNew: 9594K->1088K(9792K), 0.0049171 secs] 76121K->67845K(128284K), 0.0059212 secs] [Times: user=0.00 sys=0.00, real=0.01 secs] 
Heap after GC invocations=5108 (full 144):
 par new generation   total 9792K, used 1088K [0x00000000e1000000, 0x00000000e1aa0000, 0x00000000eb4a0000)
  eden space 8704K,   0% used [0x00000000e1000000, 0x00000000e1000000, 0x00000000e1880000)
  from space 1088K, 100% used [0x00000000e1880000, 0x00000000e1990000, 0x00000000e1990000)
  to   space 1088K,   0% used [0x00000000e1990000, 0x00000000e1990000, 0x00000000e1aa0000)
 concurrent mark-sweep generation total 118492K, used 66757K [0x00000000eb4a0000, 0x00000000f2857000, 0x0000000100000000)
 Metaspace       used 95734K, capacity 99879K, committed 100352K, reserved 1136640K
  class space    used 11679K, capacity 12446K, committed 12544K, reserved 1048576K
}
2019-06-25T10:31:22.563+0000: 353902.473: Application time: 0.1534967 seconds
2019-06-25T10:31:22.564+0000: 353902.473: Application time: 0.0000745 seconds
2019-06-25T10:31:23.354+0000: 353903.264: Application time: 0.7904658 seconds
2019-06-25T10:31:23.355+0000: 353903.264: Application time: 0.0000694 seconds
2019-06-25T10:31:23.355+0000: 353903.265: Application time: 0.0000791 seconds
2019-06-25T10:31:23.356+0000: 353903.265: Application time: 0.0000582 seconds
2019-06-25T10:31:23.356+0000: 353903.266: Application time: 0.0000567 seconds
2019-06-25T10:31:23.356+0000: 353903.266: Application time: 0.0000600 seconds
2019-06-25T10:31:23.356+0000: 353903.266: Application time: 0.0001572 seconds
2019-06-25T10:31:23.356+0000: 353903.266: Application time: 0.0000546 seconds
2019-06-25T10:31:27.400+0000: 353907.310: Application time: 4.0431334 seconds
2019-06-25T10:31:27.433+0000: 353907.343: Application time: 0.0330790 seconds
2019-06-25T10:31:36.371+0000: 353916.281: Application time: 8.9374135 seconds
2019-06-25T10:31:36.371+0000: 353916.281: Application time: 0.0000672 seconds
2019-06-25T10:31:36.371+0000: 353916.281: Application time: 0.0000574 seconds
2019-06-25T10:31:36.372+0000: 353916.281: Application time: 0.0000610 seconds
2019-06-25T10:31:36.372+0000: 353916.282: Application time: 0.0000562 seconds
2019-06-25T10:31:36.372+0000: 353916.282: Application time: 0.0005120 seconds
2019-06-25T10:31:36.373+0000: 353916.282: Application time: 0.0000777 seconds
2019-06-25T10:31:36.577+0000: 353916.487: Application time: 0.2038241 seconds
2019-06-25T10:31:36.577+0000: 353916.487: Application time: 0.0000988 seconds
2019-06-25T10:31:36.577+0000: 353916.487: Application time: 0.0001735 seconds
2019-06-25T10:31:40.811+0000: 353920.721: Application time: 4.2332822 seconds
2019-06-25T10:31:40.835+0000: 353920.744: Application time: 0.0233688 seconds
2019-06-25T10:32:05.540+0000: 353945.449: Application time: 24.7047937 seconds
2019-06-25T10:32:09.494+0000: 353949.403: Application time: 3.9532675 seconds
2019-06-25T10:32:10.416+0000: 353950.325: Application time: 0.9216208 seconds
2019-06-25T10:32:10.416+0000: 353950.326: Application time: 0.0002121 seconds
2019-06-25T10:32:10.417+0000: 353950.326: Application time: 0.0000991 seconds
2019-06-25T10:32:10.417+0000: 353950.327: Application time: 0.0000862 seconds
2019-06-25T10:32:10.417+0000: 353950.327: Application time: 0.0006465 seconds
2019-06-25T10:32:10.418+0000: 353950.328: Application time: 0.0001866 seconds
2019-06-25T10:32:10.419+0000: 353950.328: Application time: 0.0001853 seconds
2019-06-25T10:32:18.510+0000: 353958.420: Application time: 8.0915033 seconds
{Heap before GC invocations=5108 (full 144):
 par new generation   total 9792K, used 9792K [0x00000000e1000000, 0x00000000e1aa0000, 0x00000000eb4a0000)
  eden space 8704K, 100% used [0x00000000e1000000, 0x00000000e1880000, 0x00000000e1880000)
  from space 1088K, 100% used [0x00000000e1880000, 0x00000000e1990000, 0x00000000e1990000)
  to   space 1088K,   0% used [0x00000000e1990000, 0x00000000e1990000, 0x00000000e1aa0000)
 concurrent mark-sweep generation total 118492K, used 66757K [0x00000000eb4a0000, 0x00000000f2857000, 0x0000000100000000)
 Metaspace       used 95734K, capacity 99879K, committed 100352K, reserved 1136640K
  class space    used 11679K, capacity 12446K, committed 12544K, reserved 1048576K
2019-06-25T10:32:18.511+0000: 353958.420: [GC (Allocation Failure) 2019-06-25T10:32:18.511+0000: 353958.421: [ParNew: 9792K->1088K(9792K), 0.0248151 secs] 76549K->68164K(128284K), 0.0260909 secs] [Times: user=0.05 sys=0.00, real=0.02 secs] 
Heap after GC invocations=5109 (full 144):
 par new generation   total 9792K, used 1088K [0x00000000e1000000, 0x00000000e1aa0000, 0x00000000eb4a0000)
  eden space 8704K,   0% used [0x00000000e1000000, 0x00000000e1000000, 0x00000000e1880000)
  from space 1088K, 100% used [0x00000000e1990000, 0x00000000e1aa0000, 0x00000000e1aa0000)
  to   space 1088K,   0% used [0x00000000e1880000, 0x00000000e1880000, 0x00000000e1990000)
 concurrent mark-sweep generation total 118492K, used 67076K [0x00000000eb4a0000, 0x00000000f2857000, 0x0000000100000000)
 Metaspace       used 95734K, capacity 99879K, committed 100352K, reserved 1136640K
  class space    used 11679K, capacity 12446K, committed 12544K, reserved 1048576K
}
2019-06-25T10:32:30.437+0000: 353970.347: Application time: 11.8996226 seconds
2019-06-25T10:32:30.438+0000: 353970.347: Application time: 0.0000752 seconds
2019-06-25T10:32:30.438+0000: 353970.348: Application time: 0.0001703 seconds
2019-06-25T10:32:30.438+0000: 353970.348: Application time: 0.0001884 seconds
2019-06-25T10:32:34.776+0000: 353974.686: Application time: 4.3371038 seconds
2019-06-25T10:32:34.804+0000: 353974.714: Application time: 0.0276512 seconds
2019-06-25T10:33:05.540+0000: 354005.449: Application time: 30.7354358 seconds
2019-06-25T10:33:36.454+0000: 354036.364: Application time: 30.9141407 seconds
{Heap before GC invocations=5109 (full 144):
 par new generation   total 9792K, used 9792K [0x00000000e1000000, 0x00000000e1aa0000, 0x00000000eb4a0000)
  eden space 8704K, 100% used [0x00000000e1000000, 0x00000000e1880000, 0x00000000e1880000)
  from space 1088K, 100% used [0x00000000e1990000, 0x00000000e1aa0000, 0x00000000e1aa0000)
  to   space 1088K,   0% used [0x00000000e1880000, 0x00000000e1880000, 0x00000000e1990000)
 concurrent mark-sweep generation total 118492K, used 67076K [0x00000000eb4a0000, 0x00000000f2857000, 0x0000000100000000)
 Metaspace       used 95734K, capacity 99879K, committed 100352K, reserved 1136640K
  class space    used 11679K, capacity 12446K, committed 12544K, reserved 1048576K
2019-06-25T10:33:36.492+0000: 354036.402: [GC (Allocation Failure) 2019-06-25T10:33:36.493+0000: 354036.402: [ParNew: 9792K->859K(9792K), 0.0261296 secs] 76868K->68275K(128284K), 0.0270441 secs] [Times: user=0.05 sys=0.00, real=0.03 secs] 
Heap after GC invocations=5110 (full 144):
 par new generation   total 9792K, used 859K [0x00000000e1000000, 0x00000000e1aa0000, 0x00000000eb4a0000)
  eden space 8704K,   0% used [0x00000000e1000000, 0x00000000e1000000, 0x00000000e1880000)
  from space 1088K,  79% used [0x00000000e1880000, 0x00000000e1956f20, 0x00000000e1990000)
  to   space 1088K,   0% used [0x00000000e1990000, 0x00000000e1990000, 0x00000000e1aa0000)
 concurrent mark-sweep generation total 118492K, used 67415K [0x00000000eb4a0000, 0x00000000f2857000, 0x0000000100000000)
 Metaspace       used 95734K, capacity 99879K, committed 100352K, reserved 1136640K
  class space    used 11679K, capacity 12446K, committed 12544K, reserved 1048576K
}
2019-06-25T10:34:10.478+0000: 354070.388: Application time: 33.9581831 seconds
2019-06-25T10:34:21.572+0000: 354081.482: Application time: 11.0925293 seconds
2019-06-25T10:34:21.572+0000: 354081.482: Application time: 0.0000730 seconds
2019-06-25T10:34:21.572+0000: 354081.482: Application time: 0.0000741 seconds
2019-06-25T10:34:21.573+0000: 354081.483: Application time: 0.0000657 seconds
2019-06-25T10:34:21.573+0000: 354081.483: Application time: 0.0000595 seconds
2019-06-25T10:34:21.573+0000: 354081.483: Application time: 0.0000722 seconds
2019-06-25T10:34:21.724+0000: 354081.634: Application time: 0.1503350 seconds
2019-06-25T10:34:21.724+0000: 354081.634: Application time: 0.0000988 seconds
2019-06-25T10:34:21.725+0000: 354081.634: Application time: 0.0000605 seconds
2019-06-25T10:34:21.725+0000: 354081.635: Application time: 0.0001661 seconds
2019-06-25T10:34:26.240+0000: 354086.149: Application time: 4.5146417 seconds
2019-06-25T10:34:26.269+0000: 354086.179: Application time: 0.0289433 seconds
2019-06-25T10:34:45.805+0000: 354105.715: Application time: 19.5357422 seconds
{Heap before GC invocations=5110 (full 144):
 par new generation   total 9792K, used 9563K [0x00000000e1000000, 0x00000000e1aa0000, 0x00000000eb4a0000)
  eden space 8704K, 100% used [0x00000000e1000000, 0x00000000e1880000, 0x00000000e1880000)
  from space 1088K,  79% used [0x00000000e1880000, 0x00000000e1956f20, 0x00000000e1990000)
  to   space 1088K,   0% used [0x00000000e1990000, 0x00000000e1990000, 0x00000000e1aa0000)
 concurrent mark-sweep generation total 118492K, used 67415K [0x00000000eb4a0000, 0x00000000f2857000, 0x0000000100000000)
 Metaspace       used 95756K, capacity 99915K, committed 100352K, reserved 1136640K
  class space    used 11682K, capacity 12452K, committed 12544K, reserved 1048576K
2019-06-25T10:34:45.806+0000: 354105.715: [GC (Allocation Failure) 2019-06-25T10:34:45.806+0000: 354105.716: [ParNew: 9563K->877K(9792K), 0.0037256 secs] 76979K->68293K(128284K), 0.0050059 secs] [Times: user=0.00 sys=0.00, real=0.01 secs] 
Heap after GC invocations=5111 (full 144):
 par new generation   total 9792K, used 877K [0x00000000e1000000, 0x00000000e1aa0000, 0x00000000eb4a0000)
  eden space 8704K,   0% used [0x00000000e1000000, 0x00000000e1000000, 0x00000000e1880000)
  from space 1088K,  80% used [0x00000000e1990000, 0x00000000e1a6b630, 0x00000000e1aa0000)
  to   space 1088K,   0% used [0x00000000e1880000, 0x00000000e1880000, 0x00000000e1990000)
 concurrent mark-sweep generation total 118492K, used 67415K [0x00000000eb4a0000, 0x00000000f2857000, 0x0000000100000000)
 Metaspace       used 95756K, capacity 99915K, committed 100352K, reserved 1136640K
  class space    used 11682K, capacity 12452K, committed 12544K, reserved 1048576K
}
2019-06-25T10:34:46.604+0000: 354106.513: Application time: 0.7925102 seconds
2019-06-25T10:34:46.604+0000: 354106.514: Application time: 0.0000689 seconds
2019-06-25T10:34:46.604+0000: 354106.514: Application time: 0.0000660 seconds
2019-06-25T10:34:46.605+0000: 354106.515: Application time: 0.0000757 seconds
2019-06-25T10:34:46.606+0000: 354106.515: Application time: 0.0000378 seconds
2019-06-25T10:34:46.606+0000: 354106.516: Application time: 0.0000620 seconds
2019-06-25T10:34:46.746+0000: 354106.656: Application time: 0.1402428 seconds
2019-06-25T10:34:46.747+0000: 354106.656: Application time: 0.0000987 seconds
2019-06-25T10:34:46.747+0000: 354106.657: Application time: 0.0000571 seconds
2019-06-25T10:34:46.747+0000: 354106.657: Application time: 0.0000544 seconds
2019-06-25T10:34:46.747+0000: 354106.657: Application time: 0.0001798 seconds
2019-06-25T10:34:50.803+0000: 354110.713: Application time: 4.0553151 seconds
2019-06-25T10:34:50.834+0000: 354110.744: Application time: 0.0306665 seconds
2019-06-25T10:35:09.502+0000: 354129.412: Application time: 18.6678014 seconds
2019-06-25T10:36:09.607+0000: 354189.517: Application time: 60.1050637 seconds
{Heap before GC invocations=5111 (full 144):
 par new generation   total 9792K, used 9581K [0x00000000e1000000, 0x00000000e1aa0000, 0x00000000eb4a0000)
  eden space 8704K, 100% used [0x00000000e1000000, 0x00000000e1880000, 0x00000000e1880000)
  from space 1088K,  80% used [0x00000000e1990000, 0x00000000e1a6b630, 0x00000000e1aa0000)
  to   space 1088K,   0% used [0x00000000e1880000, 0x00000000e1880000, 0x00000000e1990000)
 concurrent mark-sweep generation total 118492K, used 67415K [0x00000000eb4a0000, 0x00000000f2857000, 0x0000000100000000)
 Metaspace       used 95756K, capacity 99915K, committed 100352K, reserved 1136640K
  class space    used 11682K, capacity 12452K, committed 12544K, reserved 1048576K
2019-06-25T10:36:09.608+0000: 354189.518: [GC (Allocation Failure) 2019-06-25T10:36:09.608+0000: 354189.518: [ParNew: 9581K->1037K(9792K), 0.0286800 secs] 76997K->68694K(128284K), 0.0294582 secs] [Times: user=0.06 sys=0.00, real=0.02 secs] 
Heap after GC invocations=5112 (full 144):
 par new generation   total 9792K, used 1037K [0x00000000e1000000, 0x00000000e1aa0000, 0x00000000eb4a0000)
  eden space 8704K,   0% used [0x00000000e1000000, 0x00000000e1000000, 0x00000000e1880000)
  from space 1088K,  95% used [0x00000000e1880000, 0x00000000e1983708, 0x00000000e1990000)
  to   space 1088K,   0% used [0x00000000e1990000, 0x00000000e1990000, 0x00000000e1aa0000)
 concurrent mark-sweep generation total 118492K, used 67656K [0x00000000eb4a0000, 0x00000000f2857000, 0x0000000100000000)
 Metaspace       used 95756K, capacity 99915K, committed 100352K, reserved 1136640K
  class space    used 11682K, capacity 12452K, committed 12544K, reserved 1048576K
}
2019-06-25T10:37:06.644+0000: 354246.554: Application time: 57.0059942 seconds
2019-06-25T10:37:48.910+0000: 354288.820: Application time: 42.2655728 seconds
{Heap before GC invocations=5112 (full 144):
 par new generation   total 9792K, used 9741K [0x00000000e1000000, 0x00000000e1aa0000, 0x00000000eb4a0000)
  eden space 8704K, 100% used [0x00000000e1000000, 0x00000000e1880000, 0x00000000e1880000)
  from space 1088K,  95% used [0x00000000e1880000, 0x00000000e1983708, 0x00000000e1990000)
  to   space 1088K,   0% used [0x00000000e1990000, 0x00000000e1990000, 0x00000000e1aa0000)
 concurrent mark-sweep generation total 118492K, used 67656K [0x00000000eb4a0000, 0x00000000f2857000, 0x0000000100000000)
 Metaspace       used 95756K, capacity 99915K, committed 100352K, reserved 1136640K
  class space    used 11682K, capacity 12452K, committed 12544K, reserved 1048576K
2019-06-25T10:37:48.911+0000: 354288.821: [GC (Allocation Failure) 2019-06-25T10:37:48.911+0000: 354288.821: [ParNew: 9741K->824K(9792K), 0.0246850 secs] 77398K->68640K(128284K), 0.0257562 secs] [Times: user=0.04 sys=0.01, real=0.02 secs] 
Heap after GC invocations=5113 (full 144):
 par new generation   total 9792K, used 824K [0x00000000e1000000, 0x00000000e1aa0000, 0x00000000eb4a0000)
  eden space 8704K,   0% used [0x00000000e1000000, 0x00000000e1000000, 0x00000000e1880000)
  from space 1088K,  75% used [0x00000000e1990000, 0x00000000e1a5e170, 0x00000000e1aa0000)
  to   space 1088K,   0% used [0x00000000e1880000, 0x00000000e1880000, 0x00000000e1990000)
 concurrent mark-sweep generation total 118492K, used 67816K [0x00000000eb4a0000, 0x00000000f2857000, 0x0000000100000000)
 Metaspace       used 95756K, capacity 99915K, committed 100352K, reserved 1136640K
  class space    used 11682K, capacity 12452K, committed 12544K, reserved 1048576K
}
2019-06-25T10:38:23.850+0000: 354323.760: Application time: 34.9124589 seconds
2019-06-25T10:38:23.851+0000: 354323.760: Application time: 0.0001667 seconds
2019-06-25T10:38:23.851+0000: 354323.761: Application time: 0.0001666 seconds
2019-06-25T10:38:23.851+0000: 354323.761: Application time: 0.0001630 seconds
2019-06-25T10:38:23.852+0000: 354323.762: Application time: 0.0000726 seconds
2019-06-25T10:38:23.852+0000: 354323.762: Application time: 0.0000663 seconds
2019-06-25T10:38:23.853+0000: 354323.762: Application time: 0.0001656 seconds
2019-06-25T10:38:23.853+0000: 354323.763: Application time: 0.0001353 seconds
2019-06-25T10:38:23.969+0000: 354323.879: Application time: 0.1160891 seconds
2019-06-25T10:38:23.970+0000: 354323.879: Application time: 0.0000702 seconds
2019-06-25T10:38:28.030+0000: 354327.940: Application time: 4.0607406 seconds
2019-06-25T10:38:28.057+0000: 354327.967: Application time: 0.0259750 seconds
2019-06-25T10:39:05.540+0000: 354365.449: Application time: 37.4823839 seconds
2019-06-25T10:39:06.848+0000: 354366.758: Application time: 1.3079175 seconds
{Heap before GC invocations=5113 (full 144):
 par new generation   total 9792K, used 9528K [0x00000000e1000000, 0x00000000e1aa0000, 0x00000000eb4a0000)
  eden space 8704K, 100% used [0x00000000e1000000, 0x00000000e1880000, 0x00000000e1880000)
  from space 1088K,  75% used [0x00000000e1990000, 0x00000000e1a5e170, 0x00000000e1aa0000)
  to   space 1088K,   0% used [0x00000000e1880000, 0x00000000e1880000, 0x00000000e1990000)
 concurrent mark-sweep generation total 118492K, used 67816K [0x00000000eb4a0000, 0x00000000f2857000, 0x0000000100000000)
 Metaspace       used 95756K, capacity 99915K, committed 100352K, reserved 1136640K
  class space    used 11682K, capacity 12452K, committed 12544K, reserved 1048576K
2019-06-25T10:39:06.849+0000: 354366.758: [GC (Allocation Failure) 2019-06-25T10:39:06.849+0000: 354366.759: [ParNew: 9528K->674K(9792K), 0.0157055 secs] 77344K->68707K(128284K), 0.0165191 secs] [Times: user=0.03 sys=0.00, real=0.01 secs] 
Heap after GC invocations=5114 (full 144):
 par new generation   total 9792K, used 674K [0x00000000e1000000, 0x00000000e1aa0000, 0x00000000eb4a0000)
  eden space 8704K,   0% used [0x00000000e1000000, 0x00000000e1000000, 0x00000000e1880000)
  from space 1088K,  61% used [0x00000000e1880000, 0x00000000e1928940, 0x00000000e1990000)
  to   space 1088K,   0% used [0x00000000e1990000, 0x00000000e1990000, 0x00000000e1aa0000)
 concurrent mark-sweep generation total 118492K, used 68033K [0x00000000eb4a0000, 0x00000000f2857000, 0x0000000100000000)
 Metaspace       used 95756K, capacity 99915K, committed 100352K, reserved 1136640K
  class space    used 11682K, capacity 12452K, committed 12544K, reserved 1048576K
}
2019-06-25T10:39:10.993+0000: 354370.903: Application time: 4.1273139 seconds
2019-06-25T10:39:53.053+0000: 354412.963: Application time: 42.0598468 seconds
2019-06-25T10:39:53.054+0000: 354412.964: Application time: 0.0001444 seconds
2019-06-25T10:39:53.054+0000: 354412.964: Application time: 0.0000358 seconds
2019-06-25T10:39:53.055+0000: 354412.965: Application time: 0.0000770 seconds
2019-06-25T10:39:53.055+0000: 354412.965: Application time: 0.0000599 seconds
2019-06-25T10:39:53.055+0000: 354412.965: Application time: 0.0000627 seconds
2019-06-25T10:39:53.056+0000: 354412.965: Application time: 0.0001742 seconds
2019-06-25T10:39:53.056+0000: 354412.966: Application time: 0.0001345 seconds
2019-06-25T10:40:46.101+0000: 354466.011: Application time: 53.0448898 seconds
{Heap before GC invocations=5114 (full 144):
 par new generation   total 9792K, used 9378K [0x00000000e1000000, 0x00000000e1aa0000, 0x00000000eb4a0000)
  eden space 8704K, 100% used [0x00000000e1000000, 0x00000000e1880000, 0x00000000e1880000)
  from space 1088K,  61% used [0x00000000e1880000, 0x00000000e1928940, 0x00000000e1990000)
  to   space 1088K,   0% used [0x00000000e1990000, 0x00000000e1990000, 0x00000000e1aa0000)
 concurrent mark-sweep generation total 118492K, used 68033K [0x00000000eb4a0000, 0x00000000f2857000, 0x0000000100000000)
 Metaspace       used 95756K, capacity 99915K, committed 100352K, reserved 1136640K
  class space    used 11682K, capacity 12452K, committed 12544K, reserved 1048576K
2019-06-25T10:40:46.102+0000: 354466.012: [GC (Allocation Failure) 2019-06-25T10:40:46.102+0000: 354466.012: [ParNew: 9378K->743K(9792K), 0.0248732 secs] 77411K->68777K(128284K), 0.0256187 secs] [Times: user=0.05 sys=0.00, real=0.02 secs] 
Heap after GC invocations=5115 (full 144):
 par new generation   total 9792K, used 743K [0x00000000e1000000, 0x00000000e1aa0000, 0x00000000eb4a0000)
  eden space 8704K,   0% used [0x00000000e1000000, 0x00000000e1000000, 0x00000000e1880000)
  from space 1088K,  68% used [0x00000000e1990000, 0x00000000e1a49fe0, 0x00000000e1aa0000)
  to   space 1088K,   0% used [0x00000000e1880000, 0x00000000e1880000, 0x00000000e1990000)
 concurrent mark-sweep generation total 118492K, used 68033K [0x00000000eb4a0000, 0x00000000f2857000, 0x0000000100000000)
 Metaspace       used 95756K, capacity 99915K, committed 100352K, reserved 1136640K
  class space    used 11682K, capacity 12452K, committed 12544K, reserved 1048576K
}
2019-06-25T10:42:23.496+0000: 354563.405: Application time: 97.3674583 seconds
{Heap before GC invocations=5115 (full 144):
 par new generation   total 9792K, used 9447K [0x00000000e1000000, 0x00000000e1aa0000, 0x00000000eb4a0000)
  eden space 8704K,  99% used [0x00000000e1000000, 0x00000000e187fff0, 0x00000000e1880000)
  from space 1088K,  68% used [0x00000000e1990000, 0x00000000e1a49fe0, 0x00000000e1aa0000)
  to   space 1088K,   0% used [0x00000000e1880000, 0x00000000e1880000, 0x00000000e1990000)
 concurrent mark-sweep generation total 118492K, used 68033K [0x00000000eb4a0000, 0x00000000f2857000, 0x0000000100000000)
 Metaspace       used 95756K, capacity 99915K, committed 100352K, reserved 1136640K
  class space    used 11682K, capacity 12452K, committed 12544K, reserved 1048576K
2019-06-25T10:42:23.496+0000: 354563.406: [GC (Allocation Failure) 2019-06-25T10:42:23.497+0000: 354563.407: [ParNew: 9447K->984K(9792K), 0.0284978 secs] 77481K->69168K(128284K), 0.0297150 secs] [Times: user=0.06 sys=0.00, real=0.03 secs] 
Heap after GC invocations=5116 (full 144):
 par new generation   total 9792K, used 984K [0x00000000e1000000, 0x00000000e1aa0000, 0x00000000eb4a0000)
  eden space 8704K,   0% used [0x00000000e1000000, 0x00000000e1000000, 0x00000000e1880000)
  from space 1088K,  90% used [0x00000000e1880000, 0x00000000e1976098, 0x00000000e1990000)
  to   space 1088K,   0% used [0x00000000e1990000, 0x00000000e1990000, 0x00000000e1aa0000)
 concurrent mark-sweep generation total 118492K, used 68184K [0x00000000eb4a0000, 0x00000000f2857000, 0x0000000100000000)
 Metaspace       used 95756K, capacity 99915K, committed 100352K, reserved 1136640K
  class space    used 11682K, capacity 12452K, committed 12544K, reserved 1048576K
}
2019-06-25T10:43:10.520+0000: 354610.430: Application time: 46.9933128 seconds
2019-06-25T10:43:10.522+0000: 354610.432: Application time: 0.0016042 seconds
2019-06-25T10:44:06.847+0000: 354666.757: Application time: 56.3252443 seconds
{Heap before GC invocations=5116 (full 144):
 par new generation   total 9792K, used 9688K [0x00000000e1000000, 0x00000000e1aa0000, 0x00000000eb4a0000)
  eden space 8704K, 100% used [0x00000000e1000000, 0x00000000e1880000, 0x00000000e1880000)
  from space 1088K,  90% used [0x00000000e1880000, 0x00000000e1976098, 0x00000000e1990000)
  to   space 1088K,   0% used [0x00000000e1990000, 0x00000000e1990000, 0x00000000e1aa0000)
 concurrent mark-sweep generation total 118492K, used 68184K [0x00000000eb4a0000, 0x00000000f2857000, 0x0000000100000000)
 Metaspace       used 95756K, capacity 99915K, committed 100352K, reserved 1136640K
  class space    used 11682K, capacity 12452K, committed 12544K, reserved 1048576K
2019-06-25T10:44:06.848+0000: 354666.758: [GC (Allocation Failure) 2019-06-25T10:44:06.849+0000: 354666.758: [ParNew: 9688K->718K(9792K), 0.0035870 secs] 77872K->68982K(128284K), 0.0044673 secs] [Times: user=0.01 sys=0.00, real=0.00 secs] 
Heap after GC invocations=5117 (full 144):
 par new generation   total 9792K, used 718K [0x00000000e1000000, 0x00000000e1aa0000, 0x00000000eb4a0000)
  eden space 8704K,   0% used [0x00000000e1000000, 0x00000000e1000000, 0x00000000e1880000)
  from space 1088K,  65% used [0x00000000e1990000, 0x00000000e1a43838, 0x00000000e1aa0000)
  to   space 1088K,   0% used [0x00000000e1880000, 0x00000000e1880000, 0x00000000e1990000)
 concurrent mark-sweep generation total 118492K, used 68264K [0x00000000eb4a0000, 0x00000000f2857000, 0x0000000100000000)
 Metaspace       used 95756K, capacity 99915K, committed 100352K, reserved 1136640K
  class space    used 11682K, capacity 12452K, committed 12544K, reserved 1048576K
}
2019-06-25T10:44:11.018+0000: 354670.928: Application time: 4.1645018 seconds
2019-06-25T10:45:44.459+0000: 354764.368: Application time: 93.4403457 seconds
{Heap before GC invocations=5117 (full 144):
 par new generation   total 9792K, used 9422K [0x00000000e1000000, 0x00000000e1aa0000, 0x00000000eb4a0000)
  eden space 8704K, 100% used [0x00000000e1000000, 0x00000000e1880000, 0x00000000e1880000)
  from space 1088K,  65% used [0x00000000e1990000, 0x00000000e1a43838, 0x00000000e1aa0000)
  to   space 1088K,   0% used [0x00000000e1880000, 0x00000000e1880000, 0x00000000e1990000)
 concurrent mark-sweep generation total 118492K, used 68264K [0x00000000eb4a0000, 0x00000000f2857000, 0x0000000100000000)
 Metaspace       used 95756K, capacity 99915K, committed 100352K, reserved 1136640K
  class space    used 11682K, capacity 12452K, committed 12544K, reserved 1048576K
2019-06-25T10:45:44.459+0000: 354764.369: [GC (Allocation Failure) 2019-06-25T10:45:44.460+0000: 354764.370: [ParNew: 9422K->969K(9792K), 0.0206284 secs] 77686K->69233K(128284K), 0.0215839 secs] [Times: user=0.05 sys=0.00, real=0.02 secs] 
Heap after GC invocations=5118 (full 144):
 par new generation   total 9792K, used 969K [0x00000000e1000000, 0x00000000e1aa0000, 0x00000000eb4a0000)
  eden space 8704K,   0% used [0x00000000e1000000, 0x00000000e1000000, 0x00000000e1880000)
  from space 1088K,  89% used [0x00000000e1880000, 0x00000000e19724e0, 0x00000000e1990000)
  to   space 1088K,   0% used [0x00000000e1990000, 0x00000000e1990000, 0x00000000e1aa0000)
 concurrent mark-sweep generation total 118492K, used 68264K [0x00000000eb4a0000, 0x00000000f2857000, 0x0000000100000000)
 Metaspace       used 95756K, capacity 99915K, committed 100352K, reserved 1136640K
  class space    used 11682K, capacity 12452K, committed 12544K, reserved 1048576K
}
2019-06-25T10:47:23.541+0000: 354863.451: Application time: 99.0589268 seconds
{Heap before GC invocations=5118 (full 144):
 par new generation   total 9792K, used 9673K [0x00000000e1000000, 0x00000000e1aa0000, 0x00000000eb4a0000)
  eden space 8704K, 100% used [0x00000000e1000000, 0x00000000e1880000, 0x00000000e1880000)
  from space 1088K,  89% used [0x00000000e1880000, 0x00000000e19724e0, 0x00000000e1990000)
  to   space 1088K,   0% used [0x00000000e1990000, 0x00000000e1990000, 0x00000000e1aa0000)
 concurrent mark-sweep generation total 118492K, used 68264K [0x00000000eb4a0000, 0x00000000f2857000, 0x0000000100000000)
 Metaspace       used 95756K, capacity 99915K, committed 100352K, reserved 1136640K
  class space    used 11682K, capacity 12452K, committed 12544K, reserved 1048576K
2019-06-25T10:47:23.542+0000: 354863.452: [GC (Allocation Failure) 2019-06-25T10:47:23.542+0000: 354863.452: [ParNew: 9673K->751K(9792K), 0.0038268 secs] 77937K->69116K(128284K), 0.0048348 secs] [Times: user=0.01 sys=0.00, real=0.00 secs] 
Heap after GC invocations=5119 (full 144):
 par new generation   total 9792K, used 751K [0x00000000e1000000, 0x00000000e1aa0000, 0x00000000eb4a0000)
  eden space 8704K,   0% used [0x00000000e1000000, 0x00000000e1000000, 0x00000000e1880000)
  from space 1088K,  69% used [0x00000000e1990000, 0x00000000e1a4bfe0, 0x00000000e1aa0000)
  to   space 1088K,   0% used [0x00000000e1880000, 0x00000000e1880000, 0x00000000e1990000)
 concurrent mark-sweep generation total 118492K, used 68364K [0x00000000eb4a0000, 0x00000000f2857000, 0x0000000100000000)
 Metaspace       used 95756K, capacity 99915K, committed 100352K, reserved 1136640K
  class space    used 11682K, capacity 12452K, committed 12544K, reserved 1048576K
}
2019-06-25T10:49:09.536+0000: 354969.446: Application time: 105.9885220 seconds
{Heap before GC invocations=5119 (full 144):
 par new generation   total 9792K, used 9455K [0x00000000e1000000, 0x00000000e1aa0000, 0x00000000eb4a0000)
  eden space 8704K, 100% used [0x00000000e1000000, 0x00000000e1880000, 0x00000000e1880000)
  from space 1088K,  69% used [0x00000000e1990000, 0x00000000e1a4bfe0, 0x00000000e1aa0000)
  to   space 1088K,   0% used [0x00000000e1880000, 0x00000000e1880000, 0x00000000e1990000)
 concurrent mark-sweep generation total 118492K, used 68364K [0x00000000eb4a0000, 0x00000000f2857000, 0x0000000100000000)
 Metaspace       used 95756K, capacity 99915K, committed 100352K, reserved 1136640K
  class space    used 11682K, capacity 12452K, committed 12544K, reserved 1048576K
2019-06-25T10:49:09.537+0000: 354969.447: [GC (Allocation Failure) 2019-06-25T10:49:09.537+0000: 354969.447: [ParNew: 9455K->1007K(9792K), 0.0043697 secs] 77820K->69372K(128284K), 0.0054765 secs] [Times: user=0.01 sys=0.00, real=0.01 secs] 
Heap after GC invocations=5120 (full 144):
 par new generation   total 9792K, used 1007K [0x00000000e1000000, 0x00000000e1aa0000, 0x00000000eb4a0000)
  eden space 8704K,   0% used [0x00000000e1000000, 0x00000000e1000000, 0x00000000e1880000)
  from space 1088K,  92% used [0x00000000e1880000, 0x00000000e197bd00, 0x00000000e1990000)
  to   space 1088K,   0% used [0x00000000e1990000, 0x00000000e1990000, 0x00000000e1aa0000)
 concurrent mark-sweep generation total 118492K, used 68365K [0x00000000eb4a0000, 0x00000000f2857000, 0x0000000100000000)
 Metaspace       used 95756K, capacity 99915K, committed 100352K, reserved 1136640K
  class space    used 11682K, capacity 12452K, committed 12544K, reserved 1048576K
}
2019-06-25T10:49:11.553+0000: 354971.462: Application time: 2.0092109 seconds
2019-06-25T10:49:22.885+0000: 354982.795: Application time: 11.3322028 seconds
2019-06-25T10:50:47.473+0000: 355067.382: Application time: 84.5874377 seconds
{Heap before GC invocations=5120 (full 144):
 par new generation   total 9792K, used 9711K [0x00000000e1000000, 0x00000000e1aa0000, 0x00000000eb4a0000)
  eden space 8704K, 100% used [0x00000000e1000000, 0x00000000e1880000, 0x00000000e1880000)
  from space 1088K,  92% used [0x00000000e1880000, 0x00000000e197bd00, 0x00000000e1990000)
  to   space 1088K,   0% used [0x00000000e1990000, 0x00000000e1990000, 0x00000000e1aa0000)
 concurrent mark-sweep generation total 118492K, used 68365K [0x00000000eb4a0000, 0x00000000f2857000, 0x0000000100000000)
 Metaspace       used 95757K, capacity 99915K, committed 100352K, reserved 1136640K
  class space    used 11682K, capacity 12452K, committed 12544K, reserved 1048576K
2019-06-25T10:50:47.477+0000: 355067.387: [GC (Allocation Failure) 2019-06-25T10:50:47.478+0000: 355067.388: [ParNew: 9711K->730K(9792K), 0.0080626 secs] 78076K->69095K(128284K), 0.0092614 secs] [Times: user=0.01 sys=0.00, real=0.01 secs] 
Heap after GC invocations=5121 (full 144):
 par new generation   total 9792K, used 730K [0x00000000e1000000, 0x00000000e1aa0000, 0x00000000eb4a0000)
  eden space 8704K,   0% used [0x00000000e1000000, 0x00000000e1000000, 0x00000000e1880000)
  from space 1088K,  67% used [0x00000000e1990000, 0x00000000e1a468d0, 0x00000000e1aa0000)
  to   space 1088K,   0% used [0x00000000e1880000, 0x00000000e1880000, 0x00000000e1990000)
 concurrent mark-sweep generation total 118492K, used 68365K [0x00000000eb4a0000, 0x00000000f2857000, 0x0000000100000000)
 Metaspace       used 95757K, capacity 99915K, committed 100352K, reserved 1136640K
  class space    used 11682K, capacity 12452K, committed 12544K, reserved 1048576K
}
2019-06-25T10:52:27.404+0000: 355167.313: Application time: 99.9161539 seconds
{Heap before GC invocations=5121 (full 144):
 par new generation   total 9792K, used 9434K [0x00000000e1000000, 0x00000000e1aa0000, 0x00000000eb4a0000)
  eden space 8704K, 100% used [0x00000000e1000000, 0x00000000e1880000, 0x00000000e1880000)
  from space 1088K,  67% used [0x00000000e1990000, 0x00000000e1a468d0, 0x00000000e1aa0000)
  to   space 1088K,   0% used [0x00000000e1880000, 0x00000000e1880000, 0x00000000e1990000)
 concurrent mark-sweep generation total 118492K, used 68365K [0x00000000eb4a0000, 0x00000000f2857000, 0x0000000100000000)
 Metaspace       used 95757K, capacity 99915K, committed 100352K, reserved 1136640K
  class space    used 11682K, capacity 12452K, committed 12544K, reserved 1048576K
2019-06-25T10:52:27.404+0000: 355167.314: [GC (Allocation Failure) 2019-06-25T10:52:27.405+0000: 355167.315: [ParNew: 9434K->728K(9792K), 0.0033012 secs] 77799K->69093K(128284K), 0.0040506 secs] [Times: user=0.00 sys=0.00, real=0.01 secs] 
Heap after GC invocations=5122 (full 144):
 par new generation   total 9792K, used 728K [0x00000000e1000000, 0x00000000e1aa0000, 0x00000000eb4a0000)
  eden space 8704K,   0% used [0x00000000e1000000, 0x00000000e1000000, 0x00000000e1880000)
  from space 1088K,  66% used [0x00000000e1880000, 0x00000000e19362b8, 0x00000000e1990000)
  to   space 1088K,   0% used [0x00000000e1990000, 0x00000000e1990000, 0x00000000e1aa0000)
 concurrent mark-sweep generation total 118492K, used 68365K [0x00000000eb4a0000, 0x00000000f2857000, 0x0000000100000000)
 Metaspace       used 95757K, capacity 99915K, committed 100352K, reserved 1136640K
  class space    used 11682K, capacity 12452K, committed 12544K, reserved 1048576K
}
2019-06-25T10:53:10.416+0000: 355210.326: Application time: 43.0071657 seconds
2019-06-25T10:54:10.064+0000: 355269.974: Application time: 59.6472578 seconds
{Heap before GC invocations=5122 (full 144):
 par new generation   total 9792K, used 9432K [0x00000000e1000000, 0x00000000e1aa0000, 0x00000000eb4a0000)
  eden space 8704K, 100% used [0x00000000e1000000, 0x00000000e1880000, 0x00000000e1880000)
  from space 1088K,  66% used [0x00000000e1880000, 0x00000000e19362b8, 0x00000000e1990000)
  to   space 1088K,   0% used [0x00000000e1990000, 0x00000000e1990000, 0x00000000e1aa0000)
 concurrent mark-sweep generation total 118492K, used 68365K [0x00000000eb4a0000, 0x00000000f2857000, 0x0000000100000000)
 Metaspace       used 95757K, capacity 99915K, committed 100352K, reserved 1136640K
  class space    used 11682K, capacity 12452K, committed 12544K, reserved 1048576K
2019-06-25T10:54:10.065+0000: 355269.975: [GC (Allocation Failure) 2019-06-25T10:54:10.065+0000: 355269.975: [ParNew: 9432K->803K(9792K), 0.0038451 secs] 77797K->69199K(128284K), 0.0047689 secs] [Times: user=0.01 sys=0.00, real=0.01 secs] 
Heap after GC invocations=5123 (full 144):
 par new generation   total 9792K, used 803K [0x00000000e1000000, 0x00000000e1aa0000, 0x00000000eb4a0000)
  eden space 8704K,   0% used [0x00000000e1000000, 0x00000000e1000000, 0x00000000e1880000)
  from space 1088K,  73% used [0x00000000e1990000, 0x00000000e1a58df8, 0x00000000e1aa0000)
  to   space 1088K,   0% used [0x00000000e1880000, 0x00000000e1880000, 0x00000000e1990000)
 concurrent mark-sweep generation total 118492K, used 68396K [0x00000000eb4a0000, 0x00000000f2857000, 0x0000000100000000)
 Metaspace       used 95757K, capacity 99915K, committed 100352K, reserved 1136640K
  class space    used 11682K, capacity 12452K, committed 12544K, reserved 1048576K
}
2019-06-25T10:54:11.583+0000: 355271.493: Application time: 1.5128682 seconds
2019-06-25T10:55:52.443+0000: 355372.353: Application time: 100.8596072 seconds
{Heap before GC invocations=5123 (full 144):
 par new generation   total 9792K, used 9507K [0x00000000e1000000, 0x00000000e1aa0000, 0x00000000eb4a0000)
  eden space 8704K, 100% used [0x00000000e1000000, 0x00000000e1880000, 0x00000000e1880000)
  from space 1088K,  73% used [0x00000000e1990000, 0x00000000e1a58df8, 0x00000000e1aa0000)
  to   space 1088K,   0% used [0x00000000e1880000, 0x00000000e1880000, 0x00000000e1990000)
 concurrent mark-sweep generation total 118492K, used 68396K [0x00000000eb4a0000, 0x00000000f2857000, 0x0000000100000000)
 Metaspace       used 95757K, capacity 99915K, committed 100352K, reserved 1136640K
  class space    used 11682K, capacity 12452K, committed 12544K, reserved 1048576K
2019-06-25T10:55:52.445+0000: 355372.355: [GC (Allocation Failure) 2019-06-25T10:55:52.446+0000: 355372.355: [ParNew: 9507K->752K(9792K), 0.0064278 secs] 77903K->69148K(128284K), 0.0390334 secs] [Times: user=0.01 sys=0.00, real=0.04 secs] 
Heap after GC invocations=5124 (full 144):
 par new generation   total 9792K, used 752K [0x00000000e1000000, 0x00000000e1aa0000, 0x00000000eb4a0000)
  eden space 8704K,   0% used [0x00000000e1000000, 0x00000000e1000000, 0x00000000e1880000)
  from space 1088K,  69% used [0x00000000e1880000, 0x00000000e193c000, 0x00000000e1990000)
  to   space 1088K,   0% used [0x00000000e1990000, 0x00000000e1990000, 0x00000000e1aa0000)
 concurrent mark-sweep generation total 118492K, used 68396K [0x00000000eb4a0000, 0x00000000f2857000, 0x0000000100000000)
 Metaspace       used 95757K, capacity 99915K, committed 100352K, reserved 1136640K
  class space    used 11682K, capacity 12452K, committed 12544K, reserved 1048576K
}
2019-06-25T10:57:31.000+0000: 355470.910: Application time: 98.5126528 seconds
{Heap before GC invocations=5124 (full 144):
 par new generation   total 9792K, used 9456K [0x00000000e1000000, 0x00000000e1aa0000, 0x00000000eb4a0000)
  eden space 8704K, 100% used [0x00000000e1000000, 0x00000000e1880000, 0x00000000e1880000)
  from space 1088K,  69% used [0x00000000e1880000, 0x00000000e193c000, 0x00000000e1990000)
  to   space 1088K,   0% used [0x00000000e1990000, 0x00000000e1990000, 0x00000000e1aa0000)
 concurrent mark-sweep generation total 118492K, used 68396K [0x00000000eb4a0000, 0x00000000f2857000, 0x0000000100000000)
 Metaspace       used 95757K, capacity 99915K, committed 100352K, reserved 1136640K
  class space    used 11682K, capacity 12452K, committed 12544K, reserved 1048576K
2019-06-25T10:57:31.001+0000: 355470.911: [GC (Allocation Failure) 2019-06-25T10:57:31.002+0000: 355470.911: [ParNew: 9456K->599K(9792K), 0.0034617 secs] 77852K->68996K(128284K), 0.0042217 secs] [Times: user=0.01 sys=0.00, real=0.00 secs] 
Heap after GC invocations=5125 (full 144):
 par new generation   total 9792K, used 599K [0x00000000e1000000, 0x00000000e1aa0000, 0x00000000eb4a0000)
  eden space 8704K,   0% used [0x00000000e1000000, 0x00000000e1000000, 0x00000000e1880000)
  from space 1088K,  55% used [0x00000000e1990000, 0x00000000e1a25fc0, 0x00000000e1aa0000)
  to   space 1088K,   0% used [0x00000000e1880000, 0x00000000e1880000, 0x00000000e1990000)
 concurrent mark-sweep generation total 118492K, used 68396K [0x00000000eb4a0000, 0x00000000f2857000, 0x0000000100000000)
 Metaspace       used 95757K, capacity 99915K, committed 100352K, reserved 1136640K
  class space    used 11682K, capacity 12452K, committed 12544K, reserved 1048576K
}
2019-06-25T10:59:10.097+0000: 355570.007: Application time: 99.0905576 seconds
{Heap before GC invocations=5125 (full 144):
 par new generation   total 9792K, used 9303K [0x00000000e1000000, 0x00000000e1aa0000, 0x00000000eb4a0000)
  eden space 8704K, 100% used [0x00000000e1000000, 0x00000000e1880000, 0x00000000e1880000)
  from space 1088K,  55% used [0x00000000e1990000, 0x00000000e1a25fc0, 0x00000000e1aa0000)
  to   space 1088K,   0% used [0x00000000e1880000, 0x00000000e1880000, 0x00000000e1990000)
 concurrent mark-sweep generation total 118492K, used 68396K [0x00000000eb4a0000, 0x00000000f2857000, 0x0000000100000000)
 Metaspace       used 95757K, capacity 99915K, committed 100352K, reserved 1136640K
  class space    used 11682K, capacity 12452K, committed 12544K, reserved 1048576K
2019-06-25T10:59:10.112+0000: 355570.022: [GC (Allocation Failure) 2019-06-25T10:59:10.113+0000: 355570.023: [ParNew: 9303K->666K(9792K), 0.0035806 secs] 77700K->69065K(128284K), 0.0043658 secs] [Times: user=0.00 sys=0.01, real=0.00 secs] 
Heap after GC invocations=5126 (full 144):
 par new generation   total 9792K, used 666K [0x00000000e1000000, 0x00000000e1aa0000, 0x00000000eb4a0000)
  eden space 8704K,   0% used [0x00000000e1000000, 0x00000000e1000000, 0x00000000e1880000)
  from space 1088K,  61% used [0x00000000e1880000, 0x00000000e1926960, 0x00000000e1990000)
  to   space 1088K,   0% used [0x00000000e1990000, 0x00000000e1990000, 0x00000000e1aa0000)
 concurrent mark-sweep generation total 118492K, used 68399K [0x00000000eb4a0000, 0x00000000f2857000, 0x0000000100000000)
 Metaspace       used 95757K, capacity 99915K, committed 100352K, reserved 1136640K
  class space    used 11682K, capacity 12452K, committed 12544K, reserved 1048576K
}
2019-06-25T10:59:10.118+0000: 355570.028: Application time: 0.0008245 seconds
2019-06-25T11:00:38.784+0000: 355658.694: Application time: 88.6651906 seconds
{Heap before GC invocations=5126 (full 144):
 par new generation   total 9792K, used 9285K [0x00000000e1000000, 0x00000000e1aa0000, 0x00000000eb4a0000)
  eden space 8704K,  99% used [0x00000000e1000000, 0x00000000e186ae28, 0x00000000e1880000)
  from space 1088K,  61% used [0x00000000e1880000, 0x00000000e1926960, 0x00000000e1990000)
  to   space 1088K,   0% used [0x00000000e1990000, 0x00000000e1990000, 0x00000000e1aa0000)
 concurrent mark-sweep generation total 118492K, used 68399K [0x00000000eb4a0000, 0x00000000f2857000, 0x0000000100000000)
 Metaspace       used 95757K, capacity 99915K, committed 100352K, reserved 1136640K
  class space    used 11682K, capacity 12452K, committed 12544K, reserved 1048576K
2019-06-25T11:00:38.784+0000: 355658.694: [GC (Allocation Failure) 2019-06-25T11:00:38.785+0000: 355658.695: [ParNew: 9285K->1002K(9792K), 0.0335883 secs] 77685K->69402K(128284K), 0.0342897 secs] [Times: user=0.03 sys=0.01, real=0.04 secs] 
Heap after GC invocations=5127 (full 144):
 par new generation   total 9792K, used 1002K [0x00000000e1000000, 0x00000000e1aa0000, 0x00000000eb4a0000)
  eden space 8704K,   0% used [0x00000000e1000000, 0x00000000e1000000, 0x00000000e1880000)
  from space 1088K,  92% used [0x00000000e1990000, 0x00000000e1a8ab60, 0x00000000e1aa0000)
  to   space 1088K,   0% used [0x00000000e1880000, 0x00000000e1880000, 0x00000000e1990000)
 concurrent mark-sweep generation total 118492K, used 68399K [0x00000000eb4a0000, 0x00000000f2857000, 0x0000000100000000)
 Metaspace       used 95757K, capacity 99915K, committed 100352K, reserved 1136640K
  class space    used 11682K, capacity 12452K, committed 12544K, reserved 1048576K
}
2019-06-25T11:00:39.171+0000: 355659.081: Application time: 0.3520679 seconds
2019-06-25T11:00:39.172+0000: 355659.082: Application time: 0.0000706 seconds
2019-06-25T11:00:39.172+0000: 355659.082: Application time: 0.0000688 seconds
2019-06-25T11:00:39.172+0000: 355659.082: Application time: 0.0000653 seconds
2019-06-25T11:00:39.173+0000: 355659.083: Application time: 0.0000791 seconds
2019-06-25T11:00:39.174+0000: 355659.083: Application time: 0.0000769 seconds
2019-06-25T11:00:39.174+0000: 355659.084: Application time: 0.0001204 seconds
2019-06-25T11:00:39.174+0000: 355659.084: Application time: 0.0000541 seconds
2019-06-25T11:00:40.601+0000: 355660.511: Application time: 1.4272955 seconds
2019-06-25T11:00:40.602+0000: 355660.512: Application time: 0.0001536 seconds
2019-06-25T11:00:42.725+0000: 355662.635: Application time: 2.1232797 seconds
2019-06-25T11:00:42.726+0000: 355662.636: Application time: 0.0000848 seconds
2019-06-25T11:00:43.178+0000: 355663.088: Application time: 0.4517721 seconds
2019-06-25T11:00:43.178+0000: 355663.088: Application time: 0.0000668 seconds
2019-06-25T11:00:43.179+0000: 355663.089: Application time: 0.0000619 seconds
2019-06-25T11:00:43.179+0000: 355663.089: Application time: 0.0000563 seconds
2019-06-25T11:00:43.179+0000: 355663.089: Application time: 0.0000553 seconds
2019-06-25T11:00:43.179+0000: 355663.090: Application time: 0.0005336 seconds
2019-06-25T11:00:43.180+0000: 355663.090: Application time: 0.0001747 seconds
2019-06-25T11:00:43.180+0000: 355663.090: Application time: 0.0000494 seconds
2019-06-25T11:00:43.783+0000: 355663.693: Application time: 0.6029933 seconds
2019-06-25T11:00:43.785+0000: 355663.695: Application time: 0.0001473 seconds
2019-06-25T11:00:43.786+0000: 355663.696: Application time: 0.0002024 seconds
2019-06-25T11:00:44.181+0000: 355664.091: Application time: 0.3949916 seconds
2019-06-25T11:00:44.182+0000: 355664.091: Application time: 0.0000418 seconds
2019-06-25T11:00:44.182+0000: 355664.092: Application time: 0.0000618 seconds
2019-06-25T11:00:44.182+0000: 355664.092: Application time: 0.0000646 seconds
2019-06-25T11:00:44.183+0000: 355664.092: Application time: 0.0001190 seconds
2019-06-25T11:00:44.183+0000: 355664.093: Application time: 0.0002188 seconds
2019-06-25T11:00:44.183+0000: 355664.093: Application time: 0.0001437 seconds
2019-06-25T11:00:49.187+0000: 355669.097: Application time: 5.0038803 seconds
2019-06-25T11:00:49.188+0000: 355669.098: Application time: 0.0000831 seconds
2019-06-25T11:00:49.188+0000: 355669.098: Application time: 0.0000649 seconds
2019-06-25T11:00:49.188+0000: 355669.098: Application time: 0.0001583 seconds
2019-06-25T11:00:49.189+0000: 355669.098: Application time: 0.0000597 seconds
2019-06-25T11:00:49.189+0000: 355669.099: Application time: 0.0001667 seconds
2019-06-25T11:00:49.189+0000: 355669.099: Application time: 0.0000440 seconds
2019-06-25T11:00:52.951+0000: 355672.861: Application time: 3.7621331 seconds
{Heap before GC invocations=5127 (full 144):
 par new generation   total 9792K, used 9706K [0x00000000e1000000, 0x00000000e1aa0000, 0x00000000eb4a0000)
  eden space 8704K, 100% used [0x00000000e1000000, 0x00000000e1880000, 0x00000000e1880000)
  from space 1088K,  92% used [0x00000000e1990000, 0x00000000e1a8ab60, 0x00000000e1aa0000)
  to   space 1088K,   0% used [0x00000000e1880000, 0x00000000e1880000, 0x00000000e1990000)
 concurrent mark-sweep generation total 118492K, used 68399K [0x00000000eb4a0000, 0x00000000f2857000, 0x0000000100000000)
 Metaspace       used 95757K, capacity 99915K, committed 100352K, reserved 1136640K
  class space    used 11682K, capacity 12452K, committed 12544K, reserved 1048576K
2019-06-25T11:00:52.953+0000: 355672.863: [GC (Allocation Failure) 2019-06-25T11:00:52.953+0000: 355672.863: [ParNew: 9706K->756K(9792K), 0.0039717 secs] 78106K->69384K(128284K), 0.0047452 secs] [Times: user=0.01 sys=0.00, real=0.00 secs] 
Heap after GC invocations=5128 (full 144):
 par new generation   total 9792K, used 756K [0x00000000e1000000, 0x00000000e1aa0000, 0x00000000eb4a0000)
  eden space 8704K,   0% used [0x00000000e1000000, 0x00000000e1000000, 0x00000000e1880000)
  from space 1088K,  69% used [0x00000000e1880000, 0x00000000e193d370, 0x00000000e1990000)
  to   space 1088K,   0% used [0x00000000e1990000, 0x00000000e1990000, 0x00000000e1aa0000)
 concurrent mark-sweep generation total 118492K, used 68627K [0x00000000eb4a0000, 0x00000000f2857000, 0x0000000100000000)
 Metaspace       used 95757K, capacity 99915K, committed 100352K, reserved 1136640K
  class space    used 11682K, capacity 12452K, committed 12544K, reserved 1048576K
}
2019-06-25T11:00:53.374+0000: 355673.283: Application time: 0.4153218 seconds
2019-06-25T11:00:53.397+0000: 355673.307: Application time: 0.0234931 seconds
2019-06-25T11:01:03.425+0000: 355683.335: Application time: 10.0271216 seconds
2019-06-25T11:01:03.425+0000: 355683.335: Application time: 0.0000678 seconds
2019-06-25T11:01:03.427+0000: 355683.337: Application time: 0.0001694 seconds
2019-06-25T11:01:04.204+0000: 355684.114: Application time: 0.7771909 seconds
2019-06-25T11:01:04.205+0000: 355684.115: Application time: 0.0000646 seconds
2019-06-25T11:01:04.205+0000: 355684.115: Application time: 0.0000660 seconds
2019-06-25T11:01:04.205+0000: 355684.115: Application time: 0.0000622 seconds
2019-06-25T11:01:04.206+0000: 355684.115: Application time: 0.0000621 seconds
2019-06-25T11:01:04.206+0000: 355684.116: Application time: 0.0000589 seconds
2019-06-25T11:01:04.206+0000: 355684.116: Application time: 0.0001633 seconds
2019-06-25T11:01:04.206+0000: 355684.116: Application time: 0.0000599 seconds
2019-06-25T11:01:07.209+0000: 355687.118: Application time: 3.0023123 seconds
2019-06-25T11:01:07.209+0000: 355687.119: Application time: 0.0000695 seconds
2019-06-25T11:01:07.209+0000: 355687.119: Application time: 0.0000683 seconds
2019-06-25T11:01:07.209+0000: 355687.119: Application time: 0.0000669 seconds
2019-06-25T11:01:07.210+0000: 355687.120: Application time: 0.0004243 seconds
2019-06-25T11:01:07.210+0000: 355687.120: Application time: 0.0000728 seconds
2019-06-25T11:01:07.211+0000: 355687.121: Application time: 0.0001125 seconds
2019-06-25T11:01:07.211+0000: 355687.121: Application time: 0.0001234 seconds
2019-06-25T11:01:09.575+0000: 355689.485: Application time: 2.3635579 seconds
2019-06-25T11:01:09.576+0000: 355689.486: Application time: 0.0012449 seconds
2019-06-25T11:01:11.915+0000: 355691.825: Application time: 2.3381572 seconds
2019-06-25T11:01:11.940+0000: 355691.850: Application time: 0.0249111 seconds
2019-06-25T11:01:40.128+0000: 355720.038: Application time: 28.1882544 seconds
2019-06-25T11:01:40.130+0000: 355720.040: Application time: 0.0015289 seconds
2019-06-25T11:01:40.641+0000: 355720.551: Application time: 0.5106705 seconds
{Heap before GC invocations=5128 (full 144):
 par new generation   total 9792K, used 9454K [0x00000000e1000000, 0x00000000e1aa0000, 0x00000000eb4a0000)
  eden space 8704K,  99% used [0x00000000e1000000, 0x00000000e187e830, 0x00000000e1880000)
  from space 1088K,  69% used [0x00000000e1880000, 0x00000000e193d370, 0x00000000e1990000)
  to   space 1088K,   0% used [0x00000000e1990000, 0x00000000e1990000, 0x00000000e1aa0000)
 concurrent mark-sweep generation total 118492K, used 68627K [0x00000000eb4a0000, 0x00000000f2857000, 0x0000000100000000)
 Metaspace       used 95797K, capacity 99981K, committed 100352K, reserved 1136640K
  class space    used 11688K, capacity 12463K, committed 12544K, reserved 1048576K
2019-06-25T11:01:40.642+0000: 355720.552: [GC (Allocation Failure) 2019-06-25T11:01:40.642+0000: 355720.552: [ParNew: 9454K->804K(9792K), 0.0045656 secs] 78082K->69636K(128284K), 0.0053794 secs] [Times: user=0.00 sys=0.01, real=0.00 secs] 
Heap after GC invocations=5129 (full 144):
 par new generation   total 9792K, used 804K [0x00000000e1000000, 0x00000000e1aa0000, 0x00000000eb4a0000)
  eden space 8704K,   0% used [0x00000000e1000000, 0x00000000e1000000, 0x00000000e1880000)
  from space 1088K,  73% used [0x00000000e1990000, 0x00000000e1a59320, 0x00000000e1aa0000)
  to   space 1088K,   0% used [0x00000000e1880000, 0x00000000e1880000, 0x00000000e1990000)
 concurrent mark-sweep generation total 118492K, used 68832K [0x00000000eb4a0000, 0x00000000f2857000, 0x0000000100000000)
 Metaspace       used 95797K, capacity 99981K, committed 100352K, reserved 1136640K
  class space    used 11688K, capacity 12463K, committed 12544K, reserved 1048576K
}
2019-06-25T11:02:17.860+0000: 355757.770: Application time: 37.2120192 seconds
2019-06-25T11:02:18.272+0000: 355758.181: Application time: 0.4070850 seconds
2019-06-25T11:02:18.272+0000: 355758.182: Application time: 0.0000621 seconds
2019-06-25T11:02:18.273+0000: 355758.182: Application time: 0.0000791 seconds
2019-06-25T11:02:18.273+0000: 355758.183: Application time: 0.0000751 seconds
2019-06-25T11:02:18.274+0000: 355758.184: Application time: 0.0000681 seconds
2019-06-25T11:02:18.275+0000: 355758.184: Application time: 0.0000707 seconds
2019-06-25T11:02:18.275+0000: 355758.185: Application time: 0.0001058 seconds
2019-06-25T11:02:18.275+0000: 355758.185: Application time: 0.0000896 seconds
2019-06-25T11:02:22.865+0000: 355762.775: Application time: 4.5895924 seconds
2019-06-25T11:02:22.890+0000: 355762.800: Application time: 0.0246442 seconds
2019-06-25T11:02:40.615+0000: 355780.525: Application time: 17.7243767 seconds
2019-06-25T11:02:56.689+0000: 355796.599: Application time: 16.0738750 seconds
{Heap before GC invocations=5129 (full 144):
 par new generation   total 9792K, used 9508K [0x00000000e1000000, 0x00000000e1aa0000, 0x00000000eb4a0000)
  eden space 8704K, 100% used [0x00000000e1000000, 0x00000000e1880000, 0x00000000e1880000)
  from space 1088K,  73% used [0x00000000e1990000, 0x00000000e1a59320, 0x00000000e1aa0000)
  to   space 1088K,   0% used [0x00000000e1880000, 0x00000000e1880000, 0x00000000e1990000)
 concurrent mark-sweep generation total 118492K, used 68832K [0x00000000eb4a0000, 0x00000000f2857000, 0x0000000100000000)
 Metaspace       used 95798K, capacity 99981K, committed 100352K, reserved 1136640K
  class space    used 11688K, capacity 12463K, committed 12544K, reserved 1048576K
2019-06-25T11:02:56.690+0000: 355796.599: [GC (Allocation Failure) 2019-06-25T11:02:56.690+0000: 355796.600: [ParNew: 9508K->814K(9792K), 0.0035334 secs] 78340K->70031K(128284K), 0.0042280 secs] [Times: user=0.01 sys=0.00, real=0.00 secs] 
Heap after GC invocations=5130 (full 144):
 par new generation   total 9792K, used 814K [0x00000000e1000000, 0x00000000e1aa0000, 0x00000000eb4a0000)
  eden space 8704K,   0% used [0x00000000e1000000, 0x00000000e1000000, 0x00000000e1880000)
  from space 1088K,  74% used [0x00000000e1880000, 0x00000000e194b8c8, 0x00000000e1990000)
  to   space 1088K,   0% used [0x00000000e1990000, 0x00000000e1990000, 0x00000000e1aa0000)
 concurrent mark-sweep generation total 118492K, used 69217K [0x00000000eb4a0000, 0x00000000f2857000, 0x0000000100000000)
 Metaspace       used 95798K, capacity 99981K, committed 100352K, reserved 1136640K
  class space    used 11688K, capacity 12463K, committed 12544K, reserved 1048576K
}
2019-06-25T11:03:09.582+0000: 355809.492: Application time: 12.8872049 seconds
2019-06-25T11:04:07.423+0000: 355867.333: Application time: 57.8410136 seconds
2019-06-25T11:04:08.371+0000: 355868.281: Application time: 0.9454020 seconds
2019-06-25T11:04:08.371+0000: 355868.281: Application time: 0.0000435 seconds
2019-06-25T11:04:08.372+0000: 355868.282: Application time: 0.0000656 seconds
2019-06-25T11:04:08.372+0000: 355868.282: Application time: 0.0001025 seconds
2019-06-25T11:04:08.373+0000: 355868.282: Application time: 0.0001334 seconds
2019-06-25T11:04:09.584+0000: 355869.493: Application time: 1.2107547 seconds
2019-06-25T11:04:09.584+0000: 355869.494: Application time: 0.0001780 seconds
2019-06-25T11:04:09.584+0000: 355869.494: Application time: 0.0001462 seconds
2019-06-25T11:04:09.585+0000: 355869.495: Application time: 0.0001394 seconds
2019-06-25T11:04:09.585+0000: 355869.495: Application time: 0.0001437 seconds
2019-06-25T11:04:09.586+0000: 355869.496: Application time: 0.0012264 seconds
2019-06-25T11:04:10.132+0000: 355870.042: Application time: 0.5457034 seconds
2019-06-25T11:04:10.653+0000: 355870.563: Application time: 0.5199197 seconds
{Heap before GC invocations=5130 (full 144):
 par new generation   total 9792K, used 9518K [0x00000000e1000000, 0x00000000e1aa0000, 0x00000000eb4a0000)
  eden space 8704K, 100% used [0x00000000e1000000, 0x00000000e1880000, 0x00000000e1880000)
  from space 1088K,  74% used [0x00000000e1880000, 0x00000000e194b8c8, 0x00000000e1990000)
  to   space 1088K,   0% used [0x00000000e1990000, 0x00000000e1990000, 0x00000000e1aa0000)
 concurrent mark-sweep generation total 118492K, used 69217K [0x00000000eb4a0000, 0x00000000f2857000, 0x0000000100000000)
 Metaspace       used 95798K, capacity 99981K, committed 100352K, reserved 1136640K
  class space    used 11688K, capacity 12463K, committed 12544K, reserved 1048576K
2019-06-25T11:04:10.654+0000: 355870.563: [GC (Allocation Failure) 2019-06-25T11:04:10.654+0000: 355870.564: [ParNew: 9518K->616K(9792K), 0.0249056 secs] 78735K->70113K(128284K), 0.0258785 secs] [Times: user=0.04 sys=0.00, real=0.03 secs] 
Heap after GC invocations=5131 (full 144):
 par new generation   total 9792K, used 616K [0x00000000e1000000, 0x00000000e1aa0000, 0x00000000eb4a0000)
  eden space 8704K,   0% used [0x00000000e1000000, 0x00000000e1000000, 0x00000000e1880000)
  from space 1088K,  56% used [0x00000000e1990000, 0x00000000e1a2a3d0, 0x00000000e1aa0000)
  to   space 1088K,   0% used [0x00000000e1880000, 0x00000000e1880000, 0x00000000e1990000)
 concurrent mark-sweep generation total 118492K, used 69496K [0x00000000eb4a0000, 0x00000000f2857000, 0x0000000100000000)
 Metaspace       used 95798K, capacity 99981K, committed 100352K, reserved 1136640K
  class space    used 11688K, capacity 12463K, committed 12544K, reserved 1048576K
}
2019-06-25T11:04:12.426+0000: 355872.336: Application time: 1.7350848 seconds
2019-06-25T11:04:12.451+0000: 355872.360: Application time: 0.0241767 seconds
2019-06-25T11:04:28.082+0000: 355887.992: Application time: 15.6311069 seconds
2019-06-25T11:04:28.389+0000: 355888.299: Application time: 0.3065951 seconds
2019-06-25T11:04:28.390+0000: 355888.300: Application time: 0.0000808 seconds
2019-06-25T11:04:28.390+0000: 355888.300: Application time: 0.0000667 seconds
2019-06-25T11:04:28.391+0000: 355888.300: Application time: 0.0001300 seconds
2019-06-25T11:04:28.391+0000: 355888.301: Application time: 0.0001393 seconds
2019-06-25T11:04:33.083+0000: 355892.993: Application time: 4.6917781 seconds
2019-06-25T11:04:33.107+0000: 355893.017: Application time: 0.0238833 seconds
2019-06-25T11:04:40.627+0000: 355900.536: Application time: 7.5193307 seconds
2019-06-25T11:04:40.627+0000: 355900.537: Application time: 0.0000758 seconds
2019-06-25T11:04:40.627+0000: 355900.537: Application time: 0.0000775 seconds
2019-06-25T11:04:40.627+0000: 355900.537: Application time: 0.0000637 seconds
2019-06-25T11:05:09.589+0000: 355929.499: Application time: 28.9618769 seconds
2019-06-25T11:05:27.607+0000: 355947.517: Application time: 18.0176579 seconds
{Heap before GC invocations=5131 (full 144):
 par new generation   total 9792K, used 9320K [0x00000000e1000000, 0x00000000e1aa0000, 0x00000000eb4a0000)
  eden space 8704K, 100% used [0x00000000e1000000, 0x00000000e1880000, 0x00000000e1880000)
  from space 1088K,  56% used [0x00000000e1990000, 0x00000000e1a2a3d0, 0x00000000e1aa0000)
  to   space 1088K,   0% used [0x00000000e1880000, 0x00000000e1880000, 0x00000000e1990000)
 concurrent mark-sweep generation total 118492K, used 69496K [0x00000000eb4a0000, 0x00000000f2857000, 0x0000000100000000)
 Metaspace       used 95798K, capacity 99981K, committed 100352K, reserved 1136640K
  class space    used 11688K, capacity 12463K, committed 12544K, reserved 1048576K
2019-06-25T11:05:27.608+0000: 355947.518: [GC (Allocation Failure) 2019-06-25T11:05:27.609+0000: 355947.519: [ParNew: 9320K->946K(9792K), 0.0032947 secs] 78817K->70442K(128284K), 0.0040802 secs] [Times: user=0.01 sys=0.00, real=0.00 secs] 
Heap after GC invocations=5132 (full 144):
 par new generation   total 9792K, used 946K [0x00000000e1000000, 0x00000000e1aa0000, 0x00000000eb4a0000)
  eden space 8704K,   0% used [0x00000000e1000000, 0x00000000e1000000, 0x00000000e1880000)
  from space 1088K,  86% used [0x00000000e1880000, 0x00000000e196c9b8, 0x00000000e1990000)
  to   space 1088K,   0% used [0x00000000e1990000, 0x00000000e1990000, 0x00000000e1aa0000)
 concurrent mark-sweep generation total 118492K, used 69496K [0x00000000eb4a0000, 0x00000000f2857000, 0x0000000100000000)
 Metaspace       used 95798K, capacity 99981K, committed 100352K, reserved 1136640K
  class space    used 11688K, capacity 12463K, committed 12544K, reserved 1048576K
}
2019-06-25T11:07:10.159+0000: 356050.069: Application time: 102.5455301 seconds
{Heap before GC invocations=5132 (full 144):
 par new generation   total 9792K, used 9650K [0x00000000e1000000, 0x00000000e1aa0000, 0x00000000eb4a0000)
  eden space 8704K, 100% used [0x00000000e1000000, 0x00000000e1880000, 0x00000000e1880000)
  from space 1088K,  86% used [0x00000000e1880000, 0x00000000e196c9b8, 0x00000000e1990000)
  to   space 1088K,   0% used [0x00000000e1990000, 0x00000000e1990000, 0x00000000e1aa0000)
 concurrent mark-sweep generation total 118492K, used 69496K [0x00000000eb4a0000, 0x00000000f2857000, 0x0000000100000000)
 Metaspace       used 95798K, capacity 99981K, committed 100352K, reserved 1136640K
  class space    used 11688K, capacity 12463K, committed 12544K, reserved 1048576K
2019-06-25T11:07:10.160+0000: 356050.069: [GC (Allocation Failure) 2019-06-25T11:07:10.160+0000: 356050.070: [ParNew: 9650K->816K(9792K), 0.0226121 secs] 79146K->70541K(128284K), 0.0236119 secs] [Times: user=0.03 sys=0.01, real=0.02 secs] 
Heap after GC invocations=5133 (full 144):
 par new generation   total 9792K, used 816K [0x00000000e1000000, 0x00000000e1aa0000, 0x00000000eb4a0000)
  eden space 8704K,   0% used [0x00000000e1000000, 0x00000000e1000000, 0x00000000e1880000)
  from space 1088K,  75% used [0x00000000e1990000, 0x00000000e1a5c158, 0x00000000e1aa0000)
  to   space 1088K,   0% used [0x00000000e1880000, 0x00000000e1880000, 0x00000000e1990000)
 concurrent mark-sweep generation total 118492K, used 69725K [0x00000000eb4a0000, 0x00000000f2857000, 0x0000000100000000)
 Metaspace       used 95798K, capacity 99981K, committed 100352K, reserved 1136640K
  class space    used 11688K, capacity 12463K, committed 12544K, reserved 1048576K
}
2019-06-25T11:07:51.665+0000: 356091.575: Application time: 41.4812547 seconds
2019-06-25T11:07:52.568+0000: 356092.477: Application time: 0.9017003 seconds
2019-06-25T11:07:52.568+0000: 356092.478: Application time: 0.0000733 seconds
2019-06-25T11:07:52.568+0000: 356092.478: Application time: 0.0000650 seconds
2019-06-25T11:07:52.569+0000: 356092.479: Application time: 0.0002107 seconds
2019-06-25T11:07:52.570+0000: 356092.480: Application time: 0.0001652 seconds
2019-06-25T11:07:56.666+0000: 356096.576: Application time: 4.0965962 seconds
2019-06-25T11:07:56.692+0000: 356096.601: Application time: 0.0247953 seconds
2019-06-25T11:08:09.596+0000: 356109.506: Application time: 12.9040065 seconds
2019-06-25T11:08:09.596+0000: 356109.506: Application time: 0.0002017 seconds
2019-06-25T11:08:09.597+0000: 356109.506: Application time: 0.0001309 seconds
2019-06-25T11:08:09.597+0000: 356109.507: Application time: 0.0001405 seconds
2019-06-25T11:08:09.598+0000: 356109.508: Application time: 0.0011706 seconds
2019-06-25T11:08:10.696+0000: 356110.605: Application time: 1.0972989 seconds
2019-06-25T11:08:10.697+0000: 356110.607: Application time: 0.0015944 seconds
2019-06-25T11:08:23.139+0000: 356123.049: Application time: 12.4416175 seconds
{Heap before GC invocations=5133 (full 144):
 par new generation   total 9792K, used 9520K [0x00000000e1000000, 0x00000000e1aa0000, 0x00000000eb4a0000)
  eden space 8704K, 100% used [0x00000000e1000000, 0x00000000e1880000, 0x00000000e1880000)
  from space 1088K,  75% used [0x00000000e1990000, 0x00000000e1a5c158, 0x00000000e1aa0000)
  to   space 1088K,   0% used [0x00000000e1880000, 0x00000000e1880000, 0x00000000e1990000)
 concurrent mark-sweep generation total 118492K, used 69725K [0x00000000eb4a0000, 0x00000000f2857000, 0x0000000100000000)
 Metaspace       used 95798K, capacity 99981K, committed 100352K, reserved 1136640K
  class space    used 11688K, capacity 12463K, committed 12544K, reserved 1048576K
2019-06-25T11:08:23.140+0000: 356123.050: [GC (Allocation Failure) 2019-06-25T11:08:23.140+0000: 356123.050: [ParNew: 9520K->791K(9792K), 0.0122816 secs] 79245K->70516K(128284K), 0.0130574 secs] [Times: user=0.02 sys=0.01, real=0.01 secs] 
Heap after GC invocations=5134 (full 144):
 par new generation   total 9792K, used 791K [0x00000000e1000000, 0x00000000e1aa0000, 0x00000000eb4a0000)
  eden space 8704K,   0% used [0x00000000e1000000, 0x00000000e1000000, 0x00000000e1880000)
  from space 1088K,  72% used [0x00000000e1880000, 0x00000000e1945d50, 0x00000000e1990000)
  to   space 1088K,   0% used [0x00000000e1990000, 0x00000000e1990000, 0x00000000e1aa0000)
 concurrent mark-sweep generation total 118492K, used 69725K [0x00000000eb4a0000, 0x00000000f2857000, 0x0000000100000000)
 Metaspace       used 95798K, capacity 99981K, committed 100352K, reserved 1136640K
  class space    used 11688K, capacity 12463K, committed 12544K, reserved 1048576K
}
2019-06-25T11:09:09.600+0000: 356169.510: Application time: 46.4458320 seconds
2019-06-25T11:09:10.171+0000: 356170.081: Application time: 0.5708586 seconds
2019-06-25T11:09:10.192+0000: 356170.101: Application time: 0.0203573 seconds
2019-06-25T11:09:10.193+0000: 356170.103: Application time: 0.0015497 seconds
2019-06-25T11:10:06.891+0000: 356226.801: Application time: 56.6972513 seconds
{Heap before GC invocations=5134 (full 144):
 par new generation   total 9792K, used 9495K [0x00000000e1000000, 0x00000000e1aa0000, 0x00000000eb4a0000)
  eden space 8704K, 100% used [0x00000000e1000000, 0x00000000e1880000, 0x00000000e1880000)
  from space 1088K,  72% used [0x00000000e1880000, 0x00000000e1945d50, 0x00000000e1990000)
  to   space 1088K,   0% used [0x00000000e1990000, 0x00000000e1990000, 0x00000000e1aa0000)
 concurrent mark-sweep generation total 118492K, used 69725K [0x00000000eb4a0000, 0x00000000f2857000, 0x0000000100000000)
 Metaspace       used 95798K, capacity 99981K, committed 100352K, reserved 1136640K
  class space    used 11688K, capacity 12463K, committed 12544K, reserved 1048576K
2019-06-25T11:10:06.892+0000: 356226.802: [GC (Allocation Failure) 2019-06-25T11:10:06.892+0000: 356226.802: [ParNew: 9495K->928K(9792K), 0.0160114 secs] 79220K->70809K(128284K), 0.0169372 secs] [Times: user=0.00 sys=0.01, real=0.02 secs] 
Heap after GC invocations=5135 (full 144):
 par new generation   total 9792K, used 928K [0x00000000e1000000, 0x00000000e1aa0000, 0x00000000eb4a0000)
  eden space 8704K,   0% used [0x00000000e1000000, 0x00000000e1000000, 0x00000000e1880000)
  from space 1088K,  85% used [0x00000000e1990000, 0x00000000e1a780e8, 0x00000000e1aa0000)
  to   space 1088K,   0% used [0x00000000e1880000, 0x00000000e1880000, 0x00000000e1990000)
 concurrent mark-sweep generation total 118492K, used 69881K [0x00000000eb4a0000, 0x00000000f2857000, 0x0000000100000000)
 Metaspace       used 95798K, capacity 99981K, committed 100352K, reserved 1136640K
  class space    used 11688K, capacity 12463K, committed 12544K, reserved 1048576K
}
2019-06-25T11:11:45.765+0000: 356325.675: Application time: 98.8560130 seconds
{Heap before GC invocations=5135 (full 144):
 par new generation   total 9792K, used 9632K [0x00000000e1000000, 0x00000000e1aa0000, 0x00000000eb4a0000)
  eden space 8704K, 100% used [0x00000000e1000000, 0x00000000e1880000, 0x00000000e1880000)
  from space 1088K,  85% used [0x00000000e1990000, 0x00000000e1a780e8, 0x00000000e1aa0000)
  to   space 1088K,   0% used [0x00000000e1880000, 0x00000000e1880000, 0x00000000e1990000)
 concurrent mark-sweep generation total 118492K, used 69881K [0x00000000eb4a0000, 0x00000000f2857000, 0x0000000100000000)
 Metaspace       used 95798K, capacity 99981K, committed 100352K, reserved 1136640K
  class space    used 11688K, capacity 12463K, committed 12544K, reserved 1048576K
2019-06-25T11:11:45.766+0000: 356325.676: [GC (Allocation Failure) 2019-06-25T11:11:45.767+0000: 356325.676: [ParNew: 9632K->777K(9792K), 0.0149115 secs] 79513K->70818K(128284K), 0.0159656 secs] [Times: user=0.02 sys=0.00, real=0.02 secs] 
Heap after GC invocations=5136 (full 144):
 par new generation   total 9792K, used 777K [0x00000000e1000000, 0x00000000e1aa0000, 0x00000000eb4a0000)
  eden space 8704K,   0% used [0x00000000e1000000, 0x00000000e1000000, 0x00000000e1880000)
  from space 1088K,  71% used [0x00000000e1880000, 0x00000000e1942440, 0x00000000e1990000)
  to   space 1088K,   0% used [0x00000000e1990000, 0x00000000e1990000, 0x00000000e1aa0000)
 concurrent mark-sweep generation total 118492K, used 70041K [0x00000000eb4a0000, 0x00000000f2857000, 0x0000000100000000)
 Metaspace       used 95798K, capacity 99981K, committed 100352K, reserved 1136640K
  class space    used 11688K, capacity 12463K, committed 12544K, reserved 1048576K
}
2019-06-25T11:13:24.714+0000: 356424.624: Application time: 98.9312137 seconds
{Heap before GC invocations=5136 (full 144):
 par new generation   total 9792K, used 9481K [0x00000000e1000000, 0x00000000e1aa0000, 0x00000000eb4a0000)
  eden space 8704K, 100% used [0x00000000e1000000, 0x00000000e1880000, 0x00000000e1880000)
  from space 1088K,  71% used [0x00000000e1880000, 0x00000000e1942440, 0x00000000e1990000)
  to   space 1088K,   0% used [0x00000000e1990000, 0x00000000e1990000, 0x00000000e1aa0000)
 concurrent mark-sweep generation total 118492K, used 70041K [0x00000000eb4a0000, 0x00000000f2857000, 0x0000000100000000)
 Metaspace       used 95798K, capacity 99981K, committed 100352K, reserved 1136640K
  class space    used 11688K, capacity 12463K, committed 12544K, reserved 1048576K
2019-06-25T11:13:24.715+0000: 356424.625: [GC (Allocation Failure) 2019-06-25T11:13:24.715+0000: 356424.625: [ParNew: 9481K->816K(9792K), 0.0162082 secs] 79522K->70929K(128284K), 0.0171649 secs] [Times: user=0.03 sys=0.00, real=0.02 secs] 
Heap after GC invocations=5137 (full 144):
 par new generation   total 9792K, used 816K [0x00000000e1000000, 0x00000000e1aa0000, 0x00000000eb4a0000)
  eden space 8704K,   0% used [0x00000000e1000000, 0x00000000e1000000, 0x00000000e1880000)
  from space 1088K,  75% used [0x00000000e1990000, 0x00000000e1a5c0c8, 0x00000000e1aa0000)
  to   space 1088K,   0% used [0x00000000e1880000, 0x00000000e1880000, 0x00000000e1990000)
 concurrent mark-sweep generation total 118492K, used 70113K [0x00000000eb4a0000, 0x00000000f2857000, 0x0000000100000000)
 Metaspace       used 95798K, capacity 99981K, committed 100352K, reserved 1136640K
  class space    used 11688K, capacity 12463K, committed 12544K, reserved 1048576K
}
2019-06-25T11:14:10.043+0000: 356469.953: Application time: 45.3102328 seconds
2019-06-25T11:14:23.030+0000: 356482.940: Application time: 12.9864179 seconds
2019-06-25T11:15:09.676+0000: 356529.585: Application time: 46.6453067 seconds
{Heap before GC invocations=5137 (full 144):
 par new generation   total 9792K, used 9520K [0x00000000e1000000, 0x00000000e1aa0000, 0x00000000eb4a0000)
  eden space 8704K, 100% used [0x00000000e1000000, 0x00000000e1880000, 0x00000000e1880000)
  from space 1088K,  75% used [0x00000000e1990000, 0x00000000e1a5c0c8, 0x00000000e1aa0000)
  to   space 1088K,   0% used [0x00000000e1880000, 0x00000000e1880000, 0x00000000e1990000)
 concurrent mark-sweep generation total 118492K, used 70113K [0x00000000eb4a0000, 0x00000000f2857000, 0x0000000100000000)
 Metaspace       used 95798K, capacity 99981K, committed 100352K, reserved 1136640K
  class space    used 11688K, capacity 12463K, committed 12544K, reserved 1048576K
2019-06-25T11:15:09.676+0000: 356529.586: [GC (Allocation Failure) 2019-06-25T11:15:09.677+0000: 356529.587: [ParNew: 9520K->424K(9792K), 0.0035884 secs] 79633K->70754K(128284K), 0.0050091 secs] [Times: user=0.00 sys=0.00, real=0.01 secs] 
Heap after GC invocations=5138 (full 144):
 par new generation   total 9792K, used 424K [0x00000000e1000000, 0x00000000e1aa0000, 0x00000000eb4a0000)
  eden space 8704K,   0% used [0x00000000e1000000, 0x00000000e1000000, 0x00000000e1880000)
  from space 1088K,  39% used [0x00000000e1880000, 0x00000000e18ea1f0, 0x00000000e1990000)
  to   space 1088K,   0% used [0x00000000e1990000, 0x00000000e1990000, 0x00000000e1aa0000)
 concurrent mark-sweep generation total 118492K, used 70329K [0x00000000eb4a0000, 0x00000000f2857000, 0x0000000100000000)
 Metaspace       used 95798K, capacity 99981K, committed 100352K, reserved 1136640K
  class space    used 11688K, capacity 12463K, committed 12544K, reserved 1048576K
}
2019-06-25T11:16:49.245+0000: 356629.155: Application time: 99.5629814 seconds
{Heap before GC invocations=5138 (full 144):
 par new generation   total 9792K, used 9128K [0x00000000e1000000, 0x00000000e1aa0000, 0x00000000eb4a0000)
  eden space 8704K, 100% used [0x00000000e1000000, 0x00000000e1880000, 0x00000000e1880000)
  from space 1088K,  39% used [0x00000000e1880000, 0x00000000e18ea1f0, 0x00000000e1990000)
  to   space 1088K,   0% used [0x00000000e1990000, 0x00000000e1990000, 0x00000000e1aa0000)
 concurrent mark-sweep generation total 118492K, used 70329K [0x00000000eb4a0000, 0x00000000f2857000, 0x0000000100000000)
 Metaspace       used 95798K, capacity 99981K, committed 100352K, reserved 1136640K
  class space    used 11688K, capacity 12463K, committed 12544K, reserved 1048576K
2019-06-25T11:16:49.246+0000: 356629.156: [GC (Allocation Failure) 2019-06-25T11:16:49.247+0000: 356629.157: [ParNew: 9128K->654K(9792K), 0.0032301 secs] 79458K->70983K(128284K), 0.0040643 secs] [Times: user=0.00 sys=0.00, real=0.01 secs] 
Heap after GC invocations=5139 (full 144):
 par new generation   total 9792K, used 654K [0x00000000e1000000, 0x00000000e1aa0000, 0x00000000eb4a0000)
  eden space 8704K,   0% used [0x00000000e1000000, 0x00000000e1000000, 0x00000000e1880000)
  from space 1088K,  60% used [0x00000000e1990000, 0x00000000e1a33880, 0x00000000e1aa0000)
  to   space 1088K,   0% used [0x00000000e1880000, 0x00000000e1880000, 0x00000000e1990000)
 concurrent mark-sweep generation total 118492K, used 70329K [0x00000000eb4a0000, 0x00000000f2857000, 0x0000000100000000)
 Metaspace       used 95798K, capacity 99981K, committed 100352K, reserved 1136640K
  class space    used 11688K, capacity 12463K, committed 12544K, reserved 1048576K
}
2019-06-25T11:18:27.579+0000: 356727.489: Application time: 98.3279065 seconds
{Heap before GC invocations=5139 (full 144):
 par new generation   total 9792K, used 9358K [0x00000000e1000000, 0x00000000e1aa0000, 0x00000000eb4a0000)
  eden space 8704K, 100% used [0x00000000e1000000, 0x00000000e1880000, 0x00000000e1880000)
  from space 1088K,  60% used [0x00000000e1990000, 0x00000000e1a33880, 0x00000000e1aa0000)
  to   space 1088K,   0% used [0x00000000e1880000, 0x00000000e1880000, 0x00000000e1990000)
 concurrent mark-sweep generation total 118492K, used 70329K [0x00000000eb4a0000, 0x00000000f2857000, 0x0000000100000000)
 Metaspace       used 95798K, capacity 99981K, committed 100352K, reserved 1136640K
  class space    used 11688K, capacity 12463K, committed 12544K, reserved 1048576K
2019-06-25T11:18:27.580+0000: 356727.490: [GC (Allocation Failure) 2019-06-25T11:18:27.581+0000: 356727.490: [ParNew: 9358K->626K(9792K), 0.0032322 secs] 79687K->70956K(128284K), 0.0041186 secs] [Times: user=0.00 sys=0.00, real=0.00 secs] 
Heap after GC invocations=5140 (full 144):
 par new generation   total 9792K, used 626K [0x00000000e1000000, 0x00000000e1aa0000, 0x00000000eb4a0000)
  eden space 8704K,   0% used [0x00000000e1000000, 0x00000000e1000000, 0x00000000e1880000)
  from space 1088K,  57% used [0x00000000e1880000, 0x00000000e191cb90, 0x00000000e1990000)
  to   space 1088K,   0% used [0x00000000e1990000, 0x00000000e1990000, 0x00000000e1aa0000)
 concurrent mark-sweep generation total 118492K, used 70329K [0x00000000eb4a0000, 0x00000000f2857000, 0x0000000100000000)
 Metaspace       used 95798K, capacity 99981K, committed 100352K, reserved 1136640K
  class space    used 11688K, capacity 12463K, committed 12544K, reserved 1048576K
}
2019-06-25T11:19:09.828+0000: 356769.738: Application time: 42.2430986 seconds
2019-06-25T11:20:10.247+0000: 356830.157: Application time: 60.4188202 seconds
{Heap before GC invocations=5140 (full 144):
 par new generation   total 9792K, used 9330K [0x00000000e1000000, 0x00000000e1aa0000, 0x00000000eb4a0000)
  eden space 8704K, 100% used [0x00000000e1000000, 0x00000000e1880000, 0x00000000e1880000)
  from space 1088K,  57% used [0x00000000e1880000, 0x00000000e191cb90, 0x00000000e1990000)
  to   space 1088K,   0% used [0x00000000e1990000, 0x00000000e1990000, 0x00000000e1aa0000)
 concurrent mark-sweep generation total 118492K, used 70329K [0x00000000eb4a0000, 0x00000000f2857000, 0x0000000100000000)
 Metaspace       used 95798K, capacity 99981K, committed 100352K, reserved 1136640K
  class space    used 11688K, capacity 12463K, committed 12544K, reserved 1048576K
2019-06-25T11:20:10.248+0000: 356830.158: [GC (Allocation Failure) 2019-06-25T11:20:10.249+0000: 356830.158: [ParNew: 9330K->613K(9792K), 0.0074828 secs] 79660K->70942K(128284K), 0.0082962 secs] [Times: user=0.01 sys=0.01, real=0.00 secs] 
Heap after GC invocations=5141 (full 144):
 par new generation   total 9792K, used 613K [0x00000000e1000000, 0x00000000e1aa0000, 0x00000000eb4a0000)
  eden space 8704K,   0% used [0x00000000e1000000, 0x00000000e1000000, 0x00000000e1880000)
  from space 1088K,  56% used [0x00000000e1990000, 0x00000000e1a29580, 0x00000000e1aa0000)
  to   space 1088K,   0% used [0x00000000e1880000, 0x00000000e1880000, 0x00000000e1990000)
 concurrent mark-sweep generation total 118492K, used 70329K [0x00000000eb4a0000, 0x00000000f2857000, 0x0000000100000000)
 Metaspace       used 95798K, capacity 99981K, committed 100352K, reserved 1136640K
  class space    used 11688K, capacity 12463K, committed 12544K, reserved 1048576K
}
2019-06-25T11:21:52.523+0000: 356932.432: Application time: 102.2650881 seconds
{Heap before GC invocations=5141 (full 144):
 par new generation   total 9792K, used 9317K [0x00000000e1000000, 0x00000000e1aa0000, 0x00000000eb4a0000)
  eden space 8704K, 100% used [0x00000000e1000000, 0x00000000e1880000, 0x00000000e1880000)
  from space 1088K,  56% used [0x00000000e1990000, 0x00000000e1a29580, 0x00000000e1aa0000)
  to   space 1088K,   0% used [0x00000000e1880000, 0x00000000e1880000, 0x00000000e1990000)
 concurrent mark-sweep generation total 118492K, used 70329K [0x00000000eb4a0000, 0x00000000f2857000, 0x0000000100000000)
 Metaspace       used 95798K, capacity 99981K, committed 100352K, reserved 1136640K
  class space    used 11688K, capacity 12463K, committed 12544K, reserved 1048576K
2019-06-25T11:21:52.523+0000: 356932.433: [GC (Allocation Failure) 2019-06-25T11:21:52.524+0000: 356932.434: [ParNew: 9317K->618K(9792K), 0.0036225 secs] 79646K->70947K(128284K), 0.0045282 secs] [Times: user=0.01 sys=0.00, real=0.01 secs] 
Heap after GC invocations=5142 (full 144):
 par new generation   total 9792K, used 618K [0x00000000e1000000, 0x00000000e1aa0000, 0x00000000eb4a0000)
  eden space 8704K,   0% used [0x00000000e1000000, 0x00000000e1000000, 0x00000000e1880000)
  from space 1088K,  56% used [0x00000000e1880000, 0x00000000e191a928, 0x00000000e1990000)
  to   space 1088K,   0% used [0x00000000e1990000, 0x00000000e1990000, 0x00000000e1aa0000)
 concurrent mark-sweep generation total 118492K, used 70329K [0x00000000eb4a0000, 0x00000000f2857000, 0x0000000100000000)
 Metaspace       used 95798K, capacity 99981K, committed 100352K, reserved 1136640K
  class space    used 11688K, capacity 12463K, committed 12544K, reserved 1048576K
}
2019-06-25T11:23:30.989+0000: 357030.899: Application time: 98.4605732 seconds
{Heap before GC invocations=5142 (full 144):
 par new generation   total 9792K, used 9322K [0x00000000e1000000, 0x00000000e1aa0000, 0x00000000eb4a0000)
  eden space 8704K, 100% used [0x00000000e1000000, 0x00000000e1880000, 0x00000000e1880000)
  from space 1088K,  56% used [0x00000000e1880000, 0x00000000e191a928, 0x00000000e1990000)
  to   space 1088K,   0% used [0x00000000e1990000, 0x00000000e1990000, 0x00000000e1aa0000)
 concurrent mark-sweep generation total 118492K, used 70329K [0x00000000eb4a0000, 0x00000000f2857000, 0x0000000100000000)
 Metaspace       used 95798K, capacity 99981K, committed 100352K, reserved 1136640K
  class space    used 11688K, capacity 12463K, committed 12544K, reserved 1048576K
2019-06-25T11:23:30.990+0000: 357030.900: [GC (Allocation Failure) 2019-06-25T11:23:30.991+0000: 357030.900: [ParNew: 9322K->610K(9792K), 0.0031385 secs] 79651K->70940K(128284K), 0.0040558 secs] [Times: user=0.00 sys=0.00, real=0.00 secs] 
Heap after GC invocations=5143 (full 144):
 par new generation   total 9792K, used 610K [0x00000000e1000000, 0x00000000e1aa0000, 0x00000000eb4a0000)
  eden space 8704K,   0% used [0x00000000e1000000, 0x00000000e1000000, 0x00000000e1880000)
  from space 1088K,  56% used [0x00000000e1990000, 0x00000000e1a28bf8, 0x00000000e1aa0000)
  to   space 1088K,   0% used [0x00000000e1880000, 0x00000000e1880000, 0x00000000e1990000)
 concurrent mark-sweep generation total 118492K, used 70329K [0x00000000eb4a0000, 0x00000000f2857000, 0x0000000100000000)
 Metaspace       used 95798K, capacity 99981K, committed 100352K, reserved 1136640K
  class space    used 11688K, capacity 12463K, committed 12544K, reserved 1048576K
}
2019-06-25T11:24:10.789+0000: 357070.698: Application time: 39.7934273 seconds
2019-06-25T11:25:10.485+0000: 357130.395: Application time: 59.6957921 seconds
{Heap before GC invocations=5143 (full 144):
 par new generation   total 9792K, used 9294K [0x00000000e1000000, 0x00000000e1aa0000, 0x00000000eb4a0000)
  eden space 8704K,  99% used [0x00000000e1000000, 0x00000000e187aea8, 0x00000000e1880000)
  from space 1088K,  56% used [0x00000000e1990000, 0x00000000e1a28bf8, 0x00000000e1aa0000)
  to   space 1088K,   0% used [0x00000000e1880000, 0x00000000e1880000, 0x00000000e1990000)
 concurrent mark-sweep generation total 118492K, used 70329K [0x00000000eb4a0000, 0x00000000f2857000, 0x0000000100000000)
 Metaspace       used 95798K, capacity 99981K, committed 100352K, reserved 1136640K
  class space    used 11688K, capacity 12463K, committed 12544K, reserved 1048576K
2019-06-25T11:25:10.486+0000: 357130.396: [GC (Allocation Failure) 2019-06-25T11:25:10.486+0000: 357130.396: [ParNew: 9294K->609K(9792K), 0.0084886 secs] 79624K->70966K(128284K), 0.0093941 secs] [Times: user=0.02 sys=0.00, real=0.01 secs] 
Heap after GC invocations=5144 (full 144):
 par new generation   total 9792K, used 609K [0x00000000e1000000, 0x00000000e1aa0000, 0x00000000eb4a0000)
  eden space 8704K,   0% used [0x00000000e1000000, 0x00000000e1000000, 0x00000000e1880000)
  from space 1088K,  55% used [0x00000000e1880000, 0x00000000e1918448, 0x00000000e1990000)
  to   space 1088K,   0% used [0x00000000e1990000, 0x00000000e1990000, 0x00000000e1aa0000)
 concurrent mark-sweep generation total 118492K, used 70357K [0x00000000eb4a0000, 0x00000000f2857000, 0x0000000100000000)
 Metaspace       used 95798K, capacity 99981K, committed 100352K, reserved 1136640K
  class space    used 11688K, capacity 12463K, committed 12544K, reserved 1048576K
}
2019-06-25T11:26:53.254+0000: 357233.164: Application time: 102.7578010 seconds
{Heap before GC invocations=5144 (full 144):
 par new generation   total 9792K, used 9313K [0x00000000e1000000, 0x00000000e1aa0000, 0x00000000eb4a0000)
  eden space 8704K, 100% used [0x00000000e1000000, 0x00000000e1880000, 0x00000000e1880000)
  from space 1088K,  55% used [0x00000000e1880000, 0x00000000e1918448, 0x00000000e1990000)
  to   space 1088K,   0% used [0x00000000e1990000, 0x00000000e1990000, 0x00000000e1aa0000)
 concurrent mark-sweep generation total 118492K, used 70357K [0x00000000eb4a0000, 0x00000000f2857000, 0x0000000100000000)
 Metaspace       used 95798K, capacity 99981K, committed 100352K, reserved 1136640K
  class space    used 11688K, capacity 12463K, committed 12544K, reserved 1048576K
2019-06-25T11:26:53.255+0000: 357233.164: [GC (Allocation Failure) 2019-06-25T11:26:53.255+0000: 357233.165: [ParNew: 9313K->579K(9792K), 0.0268976 secs] 79670K->70936K(128284K), 0.0278927 secs] [Times: user=0.05 sys=0.00, real=0.03 secs] 
Heap after GC invocations=5145 (full 144):
 par new generation   total 9792K, used 579K [0x00000000e1000000, 0x00000000e1aa0000, 0x00000000eb4a0000)
  eden space 8704K,   0% used [0x00000000e1000000, 0x00000000e1000000, 0x00000000e1880000)
  from space 1088K,  53% used [0x00000000e1990000, 0x00000000e1a20c50, 0x00000000e1aa0000)
  to   space 1088K,   0% used [0x00000000e1880000, 0x00000000e1880000, 0x00000000e1990000)
 concurrent mark-sweep generation total 118492K, used 70357K [0x00000000eb4a0000, 0x00000000f2857000, 0x0000000100000000)
 Metaspace       used 95798K, capacity 99981K, committed 100352K, reserved 1136640K
  class space    used 11688K, capacity 12463K, committed 12544K, reserved 1048576K
}
2019-06-25T11:28:34.798+0000: 357334.708: Application time: 101.5151892 seconds
{Heap before GC invocations=5145 (full 144):
 par new generation   total 9792K, used 9283K [0x00000000e1000000, 0x00000000e1aa0000, 0x00000000eb4a0000)
  eden space 8704K, 100% used [0x00000000e1000000, 0x00000000e1880000, 0x00000000e1880000)
  from space 1088K,  53% used [0x00000000e1990000, 0x00000000e1a20c50, 0x00000000e1aa0000)
  to   space 1088K,   0% used [0x00000000e1880000, 0x00000000e1880000, 0x00000000e1990000)
 concurrent mark-sweep generation total 118492K, used 70357K [0x00000000eb4a0000, 0x00000000f2857000, 0x0000000100000000)
 Metaspace       used 95798K, capacity 99981K, committed 100352K, reserved 1136640K
  class space    used 11688K, capacity 12463K, committed 12544K, reserved 1048576K
2019-06-25T11:28:34.800+0000: 357334.710: [GC (Allocation Failure) 2019-06-25T11:28:34.802+0000: 357334.712: [ParNew: 9283K->606K(9792K), 0.0064271 secs] 79640K->70964K(128284K), 0.0090620 secs] [Times: user=0.00 sys=0.01, real=0.01 secs] 
Heap after GC invocations=5146 (full 144):
 par new generation   total 9792K, used 606K [0x00000000e1000000, 0x00000000e1aa0000, 0x00000000eb4a0000)
  eden space 8704K,   0% used [0x00000000e1000000, 0x00000000e1000000, 0x00000000e1880000)
  from space 1088K,  55% used [0x00000000e1880000, 0x00000000e1917ac8, 0x00000000e1990000)
  to   space 1088K,   0% used [0x00000000e1990000, 0x00000000e1990000, 0x00000000e1aa0000)
 concurrent mark-sweep generation total 118492K, used 70357K [0x00000000eb4a0000, 0x00000000f2857000, 0x0000000100000000)
 Metaspace       used 95798K, capacity 99981K, committed 100352K, reserved 1136640K
  class space    used 11688K, capacity 12463K, committed 12544K, reserved 1048576K
}
2019-06-25T11:29:09.839+0000: 357369.749: Application time: 35.0290846 seconds
2019-06-25T11:30:01.046+0000: 357420.955: Application time: 51.2060612 seconds
2019-06-25T11:30:01.046+0000: 357420.956: Application time: 0.0001638 seconds
2019-06-25T11:30:01.047+0000: 357420.957: Application time: 0.0001164 seconds
2019-06-25T11:30:01.048+0000: 357420.958: Application time: 0.0002117 seconds
2019-06-25T11:30:01.048+0000: 357420.958: Application time: 0.0000668 seconds
2019-06-25T11:30:01.052+0000: 357420.962: Application time: 0.0017755 seconds
{Heap before GC invocations=5146 (full 144):
 par new generation   total 9792K, used 9310K [0x00000000e1000000, 0x00000000e1aa0000, 0x00000000eb4a0000)
  eden space 8704K,  99% used [0x00000000e1000000, 0x00000000e187fd98, 0x00000000e1880000)
  from space 1088K,  55% used [0x00000000e1880000, 0x00000000e1917ac8, 0x00000000e1990000)
  to   space 1088K,   0% used [0x00000000e1990000, 0x00000000e1990000, 0x00000000e1aa0000)
 concurrent mark-sweep generation total 118492K, used 70357K [0x00000000eb4a0000, 0x00000000f2857000, 0x0000000100000000)
 Metaspace       used 95798K, capacity 99981K, committed 100352K, reserved 1136640K
  class space    used 11688K, capacity 12463K, committed 12544K, reserved 1048576K
2019-06-25T11:30:01.053+0000: 357420.963: [GC (Allocation Failure) 2019-06-25T11:30:01.053+0000: 357420.963: [ParNew: 9310K->1011K(9792K), 0.0052987 secs] 79667K->71370K(128284K), 0.0060459 secs] [Times: user=0.01 sys=0.00, real=0.01 secs] 
Heap after GC invocations=5147 (full 144):
 par new generation   total 9792K, used 1011K [0x00000000e1000000, 0x00000000e1aa0000, 0x00000000eb4a0000)
  eden space 8704K,   0% used [0x00000000e1000000, 0x00000000e1000000, 0x00000000e1880000)
  from space 1088K,  92% used [0x00000000e1990000, 0x00000000e1a8cf48, 0x00000000e1aa0000)
  to   space 1088K,   0% used [0x00000000e1880000, 0x00000000e1880000, 0x00000000e1990000)
 concurrent mark-sweep generation total 118492K, used 70358K [0x00000000eb4a0000, 0x00000000f2857000, 0x0000000100000000)
 Metaspace       used 95798K, capacity 99981K, committed 100352K, reserved 1136640K
  class space    used 11688K, capacity 12463K, committed 12544K, reserved 1048576K
}
2019-06-25T11:30:01.751+0000: 357421.661: Application time: 0.6915253 seconds
2019-06-25T11:30:01.751+0000: 357421.661: Application time: 0.0000663 seconds
2019-06-25T11:30:01.751+0000: 357421.661: Application time: 0.0000605 seconds
2019-06-25T11:30:01.752+0000: 357421.662: Application time: 0.0000735 seconds
2019-06-25T11:30:01.753+0000: 357421.663: Application time: 0.0001515 seconds
2019-06-25T11:30:01.753+0000: 357421.663: Application time: 0.0000979 seconds
2019-06-25T11:30:03.047+0000: 357422.957: Application time: 1.2937290 seconds
2019-06-25T11:30:03.048+0000: 357422.958: Application time: 0.0001274 seconds
2019-06-25T11:30:03.048+0000: 357422.958: Application time: 0.0000396 seconds
2019-06-25T11:30:03.049+0000: 357422.959: Application time: 0.0001204 seconds
2019-06-25T11:30:03.756+0000: 357423.666: Application time: 0.6719874 seconds
2019-06-25T11:30:03.757+0000: 357423.666: Application time: 0.0001913 seconds
2019-06-25T11:30:03.757+0000: 357423.667: Application time: 0.0002568 seconds
2019-06-25T11:30:06.759+0000: 357426.669: Application time: 3.0022665 seconds
2019-06-25T11:30:06.760+0000: 357426.670: Application time: 0.0002194 seconds
2019-06-25T11:30:06.760+0000: 357426.670: Application time: 0.0001352 seconds
2019-06-25T11:30:06.761+0000: 357426.671: Application time: 0.0000794 seconds
2019-06-25T11:30:06.761+0000: 357426.672: Application time: 0.0007933 seconds
2019-06-25T11:30:06.762+0000: 357426.672: Application time: 0.0000945 seconds
2019-06-25T11:30:06.763+0000: 357426.672: Application time: 0.0002001 seconds
2019-06-25T11:30:09.659+0000: 357429.569: Application time: 2.8960214 seconds
2019-06-25T11:30:11.524+0000: 357431.434: Application time: 1.8649562 seconds
2019-06-25T11:30:11.548+0000: 357431.458: Application time: 0.0235901 seconds
2019-06-25T11:30:34.230+0000: 357454.139: Application time: 22.6814906 seconds
2019-06-25T11:30:34.230+0000: 357454.140: Application time: 0.0001788 seconds
2019-06-25T11:30:34.231+0000: 357454.141: Application time: 0.0002761 seconds
2019-06-25T11:30:34.237+0000: 357454.147: Application time: 0.0029567 seconds
{Heap before GC invocations=5147 (full 144):
 par new generation   total 9792K, used 9714K [0x00000000e1000000, 0x00000000e1aa0000, 0x00000000eb4a0000)
  eden space 8704K,  99% used [0x00000000e1000000, 0x00000000e187fc38, 0x00000000e1880000)
  from space 1088K,  92% used [0x00000000e1990000, 0x00000000e1a8cf48, 0x00000000e1aa0000)
  to   space 1088K,   0% used [0x00000000e1880000, 0x00000000e1880000, 0x00000000e1990000)
 concurrent mark-sweep generation total 118492K, used 70358K [0x00000000eb4a0000, 0x00000000f2857000, 0x0000000100000000)
 Metaspace       used 95798K, capacity 99981K, committed 100352K, reserved 1136640K
  class space    used 11688K, capacity 12463K, committed 12544K, reserved 1048576K
2019-06-25T11:30:34.238+0000: 357454.148: [GC (Allocation Failure) 2019-06-25T11:30:34.238+0000: 357454.148: [ParNew: 9714K->976K(9792K), 0.0211281 secs] 80073K->71470K(128284K), 0.0219398 secs] [Times: user=0.04 sys=0.00, real=0.03 secs] 
Heap after GC invocations=5148 (full 144):
 par new generation   total 9792K, used 976K [0x00000000e1000000, 0x00000000e1aa0000, 0x00000000eb4a0000)
  eden space 8704K,   0% used [0x00000000e1000000, 0x00000000e1000000, 0x00000000e1880000)
  from space 1088K,  89% used [0x00000000e1880000, 0x00000000e1974378, 0x00000000e1990000)
  to   space 1088K,   0% used [0x00000000e1990000, 0x00000000e1990000, 0x00000000e1aa0000)
 concurrent mark-sweep generation total 118492K, used 70494K [0x00000000eb4a0000, 0x00000000f2857000, 0x0000000100000000)
 Metaspace       used 95798K, capacity 99981K, committed 100352K, reserved 1136640K
  class space    used 11688K, capacity 12463K, committed 12544K, reserved 1048576K
}
2019-06-25T11:30:39.235+0000: 357459.145: Application time: 4.9743921 seconds
2019-06-25T11:30:39.283+0000: 357459.193: Application time: 0.0477020 seconds
2019-06-25T11:30:43.794+0000: 357463.704: Application time: 4.5110115 seconds
2019-06-25T11:30:43.796+0000: 357463.706: Application time: 0.0000671 seconds
2019-06-25T11:30:43.797+0000: 357463.707: Application time: 0.0000801 seconds
2019-06-25T11:30:47.842+0000: 357467.752: Application time: 4.0451767 seconds
2019-06-25T11:30:47.866+0000: 357467.776: Application time: 0.0239125 seconds
2019-06-25T11:30:52.919+0000: 357472.829: Application time: 5.0521616 seconds
2019-06-25T11:30:52.923+0000: 357472.833: Application time: 0.0000961 seconds
2019-06-25T11:30:52.924+0000: 357472.834: Application time: 0.0001037 seconds
2019-06-25T11:30:52.924+0000: 357472.834: Application time: 0.0001129 seconds
2019-06-25T11:30:53.807+0000: 357473.717: Application time: 0.8821134 seconds
2019-06-25T11:30:53.807+0000: 357473.717: Application time: 0.0000719 seconds
2019-06-25T11:30:53.808+0000: 357473.718: Application time: 0.0000740 seconds
2019-06-25T11:30:53.808+0000: 357473.718: Application time: 0.0000670 seconds
2019-06-25T11:30:53.808+0000: 357473.718: Application time: 0.0000623 seconds
2019-06-25T11:30:53.808+0000: 357473.718: Application time: 0.0000277 seconds
2019-06-25T11:30:53.809+0000: 357473.719: Application time: 0.0004661 seconds
2019-06-25T11:30:57.925+0000: 357477.835: Application time: 4.1160928 seconds
2019-06-25T11:30:57.950+0000: 357477.860: Application time: 0.0243113 seconds
2019-06-25T11:31:09.660+0000: 357489.570: Application time: 11.7099047 seconds
2019-06-25T11:31:09.661+0000: 357489.571: Application time: 0.0001665 seconds
2019-06-25T11:31:09.661+0000: 357489.571: Application time: 0.0001894 seconds
2019-06-25T11:31:09.662+0000: 357489.571: Application time: 0.0001854 seconds
2019-06-25T11:31:09.662+0000: 357489.572: Application time: 0.0001503 seconds
2019-06-25T11:31:09.662+0000: 357489.572: Application time: 0.0003027 seconds
2019-06-25T11:31:09.663+0000: 357489.572: Application time: 0.0001938 seconds
2019-06-25T11:31:09.664+0000: 357489.574: Application time: 0.0012399 seconds
{Heap before GC invocations=5148 (full 144):
 par new generation   total 9792K, used 9680K [0x00000000e1000000, 0x00000000e1aa0000, 0x00000000eb4a0000)
  eden space 8704K, 100% used [0x00000000e1000000, 0x00000000e1880000, 0x00000000e1880000)
  from space 1088K,  89% used [0x00000000e1880000, 0x00000000e1974378, 0x00000000e1990000)
  to   space 1088K,   0% used [0x00000000e1990000, 0x00000000e1990000, 0x00000000e1aa0000)
 concurrent mark-sweep generation total 118492K, used 70494K [0x00000000eb4a0000, 0x00000000f2857000, 0x0000000100000000)
 Metaspace       used 95798K, capacity 99981K, committed 100352K, reserved 1136640K
  class space    used 11688K, capacity 12463K, committed 12544K, reserved 1048576K
2019-06-25T11:31:09.665+0000: 357489.575: [GC (Allocation Failure) 2019-06-25T11:31:09.665+0000: 357489.575: [ParNew: 9680K->868K(9792K), 0.0040327 secs] 80174K->71626K(128284K), 0.0047866 secs] [Times: user=0.00 sys=0.00, real=0.01 secs] 
Heap after GC invocations=5149 (full 144):
 par new generation   total 9792K, used 868K [0x00000000e1000000, 0x00000000e1aa0000, 0x00000000eb4a0000)
  eden space 8704K,   0% used [0x00000000e1000000, 0x00000000e1000000, 0x00000000e1880000)
  from space 1088K,  79% used [0x00000000e1990000, 0x00000000e1a690c0, 0x00000000e1aa0000)
  to   space 1088K,   0% used [0x00000000e1880000, 0x00000000e1880000, 0x00000000e1990000)
 concurrent mark-sweep generation total 118492K, used 70758K [0x00000000eb4a0000, 0x00000000f2857000, 0x0000000100000000)
 Metaspace       used 95798K, capacity 99981K, committed 100352K, reserved 1136640K
  class space    used 11688K, capacity 12463K, committed 12544K, reserved 1048576K
}
2019-06-25T11:31:10.793+0000: 357490.703: Application time: 1.1227653 seconds
2019-06-25T11:32:12.877+0000: 357552.786: Application time: 62.0833220 seconds
2019-06-25T11:32:12.878+0000: 357552.788: Application time: 0.0000638 seconds
2019-06-25T11:32:12.878+0000: 357552.788: Application time: 0.0000605 seconds
2019-06-25T11:32:12.879+0000: 357552.789: Application time: 0.0000632 seconds
2019-06-25T11:32:12.879+0000: 357552.789: Application time: 0.0000576 seconds
2019-06-25T11:32:12.880+0000: 357552.789: Application time: 0.0000599 seconds
2019-06-25T11:32:17.333+0000: 357557.242: Application time: 4.4528744 seconds
2019-06-25T11:32:17.359+0000: 357557.268: Application time: 0.0256711 seconds
2019-06-25T11:32:23.312+0000: 357563.222: Application time: 5.9529747 seconds
{Heap before GC invocations=5149 (full 144):
 par new generation   total 9792K, used 9572K [0x00000000e1000000, 0x00000000e1aa0000, 0x00000000eb4a0000)
  eden space 8704K, 100% used [0x00000000e1000000, 0x00000000e1880000, 0x00000000e1880000)
  from space 1088K,  79% used [0x00000000e1990000, 0x00000000e1a690c0, 0x00000000e1aa0000)
  to   space 1088K,   0% used [0x00000000e1880000, 0x00000000e1880000, 0x00000000e1990000)
 concurrent mark-sweep generation total 118492K, used 70758K [0x00000000eb4a0000, 0x00000000f2857000, 0x0000000100000000)
 Metaspace       used 95798K, capacity 99981K, committed 100352K, reserved 1136640K
  class space    used 11688K, capacity 12463K, committed 12544K, reserved 1048576K
2019-06-25T11:32:23.313+0000: 357563.222: [GC (Allocation Failure) 2019-06-25T11:32:23.313+0000: 357563.223: [ParNew: 9572K->803K(9792K), 0.0435008 secs] 80330K->71883K(128284K), 0.0445080 secs] [Times: user=0.05 sys=0.00, real=0.04 secs] 
Heap after GC invocations=5150 (full 144):
 par new generation   total 9792K, used 803K [0x00000000e1000000, 0x00000000e1aa0000, 0x00000000eb4a0000)
  eden space 8704K,   0% used [0x00000000e1000000, 0x00000000e1000000, 0x00000000e1880000)
  from space 1088K,  73% used [0x00000000e1880000, 0x00000000e1948dc0, 0x00000000e1990000)
  to   space 1088K,   0% used [0x00000000e1990000, 0x00000000e1990000, 0x00000000e1aa0000)
 concurrent mark-sweep generation total 118492K, used 71079K [0x00000000eb4a0000, 0x00000000f2857000, 0x0000000100000000)
 Metaspace       used 95798K, capacity 99981K, committed 100352K, reserved 1136640K
  class space    used 11688K, capacity 12463K, committed 12544K, reserved 1048576K
}
2019-06-25T11:32:40.802+0000: 357580.712: Application time: 17.4437485 seconds
2019-06-25T11:32:40.802+0000: 357580.712: Application time: 0.0000825 seconds
2019-06-25T11:32:40.802+0000: 357580.712: Application time: 0.0002113 seconds
2019-06-25T11:32:40.803+0000: 357580.713: Application time: 0.0001370 seconds
2019-06-25T11:32:40.805+0000: 357580.714: Application time: 0.0012458 seconds
2019-06-25T11:33:10.830+0000: 357610.740: Application time: 30.0249862 seconds
2019-06-25T11:33:10.832+0000: 357610.742: Application time: 0.0016744 seconds
2019-06-25T11:33:25.941+0000: 357625.851: Application time: 15.1092215 seconds
2019-06-25T11:33:25.942+0000: 357625.852: Application time: 0.0000641 seconds
2019-06-25T11:33:25.942+0000: 357625.852: Application time: 0.0000649 seconds
2019-06-25T11:33:25.943+0000: 357625.853: Application time: 0.0000575 seconds
2019-06-25T11:33:25.943+0000: 357625.853: Application time: 0.0000582 seconds
2019-06-25T11:33:25.943+0000: 357625.853: Application time: 0.0000631 seconds
2019-06-25T11:33:30.308+0000: 357630.218: Application time: 4.3647646 seconds
2019-06-25T11:33:30.340+0000: 357630.250: Application time: 0.0312061 seconds
2019-06-25T11:33:40.324+0000: 357640.234: Application time: 9.9840368 seconds
{Heap before GC invocations=5150 (full 144):
 par new generation   total 9792K, used 9507K [0x00000000e1000000, 0x00000000e1aa0000, 0x00000000eb4a0000)
  eden space 8704K, 100% used [0x00000000e1000000, 0x00000000e1880000, 0x00000000e1880000)
  from space 1088K,  73% used [0x00000000e1880000, 0x00000000e1948dc0, 0x00000000e1990000)
  to   space 1088K,   0% used [0x00000000e1990000, 0x00000000e1990000, 0x00000000e1aa0000)
 concurrent mark-sweep generation total 118492K, used 71079K [0x00000000eb4a0000, 0x00000000f2857000, 0x0000000100000000)
 Metaspace       used 95798K, capacity 99981K, committed 100352K, reserved 1136640K
  class space    used 11688K, capacity 12463K, committed 12544K, reserved 1048576K
2019-06-25T11:33:40.325+0000: 357640.235: [GC (Allocation Failure) 2019-06-25T11:33:40.326+0000: 357640.235: [ParNew: 9507K->995K(9792K), 0.0193599 secs] 80587K->72075K(128284K), 0.0203114 secs] [Times: user=0.04 sys=0.00, real=0.02 secs] 
Heap after GC invocations=5151 (full 144):
 par new generation   total 9792K, used 995K [0x00000000e1000000, 0x00000000e1aa0000, 0x00000000eb4a0000)
  eden space 8704K,   0% used [0x00000000e1000000, 0x00000000e1000000, 0x00000000e1880000)
  from space 1088K,  91% used [0x00000000e1990000, 0x00000000e1a88ce8, 0x00000000e1aa0000)
  to   space 1088K,   0% used [0x00000000e1880000, 0x00000000e1880000, 0x00000000e1990000)
 concurrent mark-sweep generation total 118492K, used 71079K [0x00000000eb4a0000, 0x00000000f2857000, 0x0000000100000000)
 Metaspace       used 95798K, capacity 99981K, committed 100352K, reserved 1136640K
  class space    used 11688K, capacity 12463K, committed 12544K, reserved 1048576K
}
2019-06-25T11:33:40.810+0000: 357640.720: Application time: 0.4641191 seconds
2019-06-25T11:33:40.811+0000: 357640.720: Application time: 0.0001475 seconds
2019-06-25T11:33:40.811+0000: 357640.721: Application time: 0.0003142 seconds
2019-06-25T11:33:40.811+0000: 357640.721: Application time: 0.0001638 seconds
2019-06-25T11:33:58.972+0000: 357658.882: Application time: 18.1597733 seconds
2019-06-25T11:33:58.972+0000: 357658.882: Application time: 0.0000590 seconds
2019-06-25T11:33:58.973+0000: 357658.882: Application time: 0.0000599 seconds
2019-06-25T11:33:58.973+0000: 357658.883: Application time: 0.0000558 seconds
2019-06-25T11:33:58.973+0000: 357658.883: Application time: 0.0000686 seconds
2019-06-25T11:34:03.884+0000: 357663.793: Application time: 4.9105042 seconds
2019-06-25T11:34:03.910+0000: 357663.820: Application time: 0.0258083 seconds
2019-06-25T11:34:09.676+0000: 357669.586: Application time: 5.7663895 seconds
2019-06-25T11:34:09.677+0000: 357669.587: Application time: 0.0001692 seconds
2019-06-25T11:34:09.677+0000: 357669.587: Application time: 0.0001601 seconds
2019-06-25T11:34:09.678+0000: 357669.587: Application time: 0.0003111 seconds
2019-06-25T11:34:09.678+0000: 357669.588: Application time: 0.0002334 seconds
2019-06-25T11:34:09.679+0000: 357669.589: Application time: 0.0011992 seconds
2019-06-25T11:34:09.838+0000: 357669.748: Application time: 0.1588308 seconds
2019-06-25T11:34:54.021+0000: 357713.931: Application time: 44.1821723 seconds
{Heap before GC invocations=5151 (full 144):
 par new generation   total 9792K, used 9699K [0x00000000e1000000, 0x00000000e1aa0000, 0x00000000eb4a0000)
  eden space 8704K, 100% used [0x00000000e1000000, 0x00000000e1880000, 0x00000000e1880000)
  from space 1088K,  91% used [0x00000000e1990000, 0x00000000e1a88ce8, 0x00000000e1aa0000)
  to   space 1088K,   0% used [0x00000000e1880000, 0x00000000e1880000, 0x00000000e1990000)
 concurrent mark-sweep generation total 118492K, used 71079K [0x00000000eb4a0000, 0x00000000f2857000, 0x0000000100000000)
 Metaspace       used 95798K, capacity 99981K, committed 100352K, reserved 1136640K
  class space    used 11688K, capacity 12463K, committed 12544K, reserved 1048576K
2019-06-25T11:34:54.021+0000: 357713.931: [GC (Allocation Failure) 2019-06-25T11:34:54.022+0000: 357713.932: [ParNew: 9699K->1004K(9792K), 0.0170253 secs] 80779K->72375K(128284K), 0.0181922 secs] [Times: user=0.02 sys=0.00, real=0.02 secs] 
Heap after GC invocations=5152 (full 144):
 par new generation   total 9792K, used 1004K [0x00000000e1000000, 0x00000000e1aa0000, 0x00000000eb4a0000)
  eden space 8704K,   0% used [0x00000000e1000000, 0x00000000e1000000, 0x00000000e1880000)
  from space 1088K,  92% used [0x00000000e1880000, 0x00000000e197b2e0, 0x00000000e1990000)
  to   space 1088K,   0% used [0x00000000e1990000, 0x00000000e1990000, 0x00000000e1aa0000)
 concurrent mark-sweep generation total 118492K, used 71370K [0x00000000eb4a0000, 0x00000000f2857000, 0x0000000100000000)
 Metaspace       used 95798K, capacity 99981K, committed 100352K, reserved 1136640K
  class space    used 11688K, capacity 12463K, committed 12544K, reserved 1048576K
}
2019-06-25T11:34:54.041+0000: 357713.951: Application time: 0.0007729 seconds
2019-06-25T11:34:54.041+0000: 357713.951: [GC (CMS Initial Mark) [1 CMS-initial-mark: 71370K(118492K)] 72479K(128284K), 0.0034772 secs] [Times: user=0.01 sys=0.00, real=0.00 secs] 
2019-06-25T11:34:54.046+0000: 357713.956: [CMS-concurrent-mark-start]
2019-06-25T11:34:54.148+0000: 357714.058: [CMS-concurrent-mark: 0.102/0.102 secs] [Times: user=0.10 sys=0.00, real=0.10 secs] 
2019-06-25T11:34:54.148+0000: 357714.058: [CMS-concurrent-preclean-start]
2019-06-25T11:34:54.150+0000: 357714.060: [CMS-concurrent-preclean: 0.002/0.002 secs] [Times: user=0.00 sys=0.00, real=0.00 secs] 
2019-06-25T11:34:54.151+0000: 357714.060: Application time: 0.1049182 seconds
2019-06-25T11:34:54.151+0000: 357714.061: [GC (CMS Final Remark) [YG occupancy: 1108 K (9792 K)]2019-06-25T11:34:54.151+0000: 357714.061: [Rescan (parallel) , 0.0026095 secs]2019-06-25T11:34:54.155+0000: 357714.064: [weak refs processing, 0.0032218 secs]2019-06-25T11:34:54.158+0000: 357714.068: [class unloading, 0.0394946 secs]2019-06-25T11:34:54.198+0000: 357714.108: [scrub symbol table, 0.0244977 secs]2019-06-25T11:34:54.223+0000: 357714.133: [scrub string table, 0.0014589 secs][1 CMS-remark: 71370K(118492K)] 72479K(128284K), 0.0876171 secs] [Times: user=0.09 sys=0.00, real=0.09 secs] 
2019-06-25T11:34:54.239+0000: 357714.149: [CMS-concurrent-sweep-start]
2019-06-25T11:34:54.274+0000: 357714.184: [CMS-concurrent-sweep: 0.035/0.035 secs] [Times: user=0.04 sys=0.00, real=0.03 secs] 
2019-06-25T11:34:54.275+0000: 357714.184: [CMS-concurrent-reset-start]
2019-06-25T11:34:54.275+0000: 357714.185: [CMS-concurrent-reset: 0.000/0.000 secs] [Times: user=0.00 sys=0.00, real=0.00 secs] 
2019-06-25T11:34:55.239+0000: 357715.149: Application time: 1.0001904 seconds
2019-06-25T11:34:56.240+0000: 357716.150: Application time: 1.0001420 seconds
2019-06-25T11:35:06.243+0000: 357726.153: Application time: 10.0026554 seconds
2019-06-25T11:35:07.244+0000: 357727.154: Application time: 1.0002229 seconds
2019-06-25T11:35:10.245+0000: 357730.155: Application time: 3.0011967 seconds
2019-06-25T11:35:11.246+0000: 357731.156: Application time: 1.0001713 seconds
2019-06-25T11:35:37.249+0000: 357757.159: Application time: 26.0027192 seconds
2019-06-25T11:35:41.250+0000: 357761.160: Application time: 4.0009503 seconds
2019-06-25T11:36:29.123+0000: 357809.033: Application time: 47.8725062 seconds
{Heap before GC invocations=5152 (full 145):
 par new generation   total 9792K, used 9708K [0x00000000e1000000, 0x00000000e1aa0000, 0x00000000eb4a0000)
  eden space 8704K, 100% used [0x00000000e1000000, 0x00000000e1880000, 0x00000000e1880000)
  from space 1088K,  92% used [0x00000000e1880000, 0x00000000e197b2e0, 0x00000000e1990000)
  to   space 1088K,   0% used [0x00000000e1990000, 0x00000000e1990000, 0x00000000e1aa0000)
 concurrent mark-sweep generation total 118492K, used 65158K [0x00000000eb4a0000, 0x00000000f2857000, 0x0000000100000000)
 Metaspace       used 95715K, capacity 99837K, committed 100352K, reserved 1136640K
  class space    used 11675K, capacity 12439K, committed 12544K, reserved 1048576K
2019-06-25T11:36:29.124+0000: 357809.033: [GC (Allocation Failure) 2019-06-25T11:36:29.124+0000: 357809.034: [ParNew: 9708K->947K(9792K), 0.0039417 secs] 74866K->66288K(128284K), 0.0047985 secs] [Times: user=0.00 sys=0.01, real=0.01 secs] 
Heap after GC invocations=5153 (full 145):
 par new generation   total 9792K, used 947K [0x00000000e1000000, 0x00000000e1aa0000, 0x00000000eb4a0000)
  eden space 8704K,   0% used [0x00000000e1000000, 0x00000000e1000000, 0x00000000e1880000)
  from space 1088K,  87% used [0x00000000e1990000, 0x00000000e1a7ce18, 0x00000000e1aa0000)
  to   space 1088K,   0% used [0x00000000e1880000, 0x00000000e1880000, 0x00000000e1990000)
 concurrent mark-sweep generation total 118492K, used 65341K [0x00000000eb4a0000, 0x00000000f2857000, 0x0000000100000000)
 Metaspace       used 95715K, capacity 99837K, committed 100352K, reserved 1136640K
  class space    used 11675K, capacity 12439K, committed 12544K, reserved 1048576K
}
2019-06-25T11:36:37.130+0000: 357817.040: Application time: 8.0011936 seconds
2019-06-25T11:36:41.131+0000: 357821.041: Application time: 4.0007721 seconds
2019-06-25T11:37:10.136+0000: 357850.045: Application time: 29.0039450 seconds
2019-06-25T11:37:11.136+0000: 357851.046: Application time: 1.0001800 seconds
2019-06-25T11:37:28.139+0000: 357868.049: Application time: 17.0021538 seconds
2019-06-25T11:37:28.190+0000: 357868.100: Application time: 0.0507884 seconds
2019-06-25T11:37:28.190+0000: 357868.100: Application time: 0.0000888 seconds
2019-06-25T11:37:28.191+0000: 357868.100: Application time: 0.0000611 seconds
2019-06-25T11:37:28.191+0000: 357868.101: Application time: 0.0000596 seconds
2019-06-25T11:37:28.191+0000: 357868.101: Application time: 0.0001000 seconds
2019-06-25T11:37:32.636+0000: 357872.546: Application time: 4.4451003 seconds
2019-06-25T11:37:32.662+0000: 357872.572: Application time: 0.0252894 seconds
2019-06-25T11:37:36.663+0000: 357876.573: Application time: 4.0006509 seconds
2019-06-25T11:37:40.664+0000: 357880.574: Application time: 4.0007099 seconds
2019-06-25T11:37:41.201+0000: 357881.111: Application time: 0.5374755 seconds
2019-06-25T11:37:41.202+0000: 357881.112: Application time: 0.0001500 seconds
2019-06-25T11:37:41.204+0000: 357881.113: Application time: 0.0001982 seconds
2019-06-25T11:37:41.204+0000: 357881.115: Application time: 0.0010320 seconds
2019-06-25T11:37:41.206+0000: 357881.115: Application time: 0.0001672 seconds
2019-06-25T11:37:41.206+0000: 357881.116: Application time: 0.0001589 seconds
2019-06-25T11:37:41.207+0000: 357881.117: Application time: 0.0002598 seconds
2019-06-25T11:37:41.208+0000: 357881.117: Application time: 0.0002035 seconds
2019-06-25T11:37:43.652+0000: 357883.562: Application time: 2.4443224 seconds
{Heap before GC invocations=5153 (full 145):
 par new generation   total 9792K, used 9651K [0x00000000e1000000, 0x00000000e1aa0000, 0x00000000eb4a0000)
  eden space 8704K, 100% used [0x00000000e1000000, 0x00000000e1880000, 0x00000000e1880000)
  from space 1088K,  87% used [0x00000000e1990000, 0x00000000e1a7ce18, 0x00000000e1aa0000)
  to   space 1088K,   0% used [0x00000000e1880000, 0x00000000e1880000, 0x00000000e1990000)
 concurrent mark-sweep generation total 118492K, used 65341K [0x00000000eb4a0000, 0x00000000f2857000, 0x0000000100000000)
 Metaspace       used 95717K, capacity 99843K, committed 100352K, reserved 1136640K
  class space    used 11676K, capacity 12440K, committed 12544K, reserved 1048576K
2019-06-25T11:37:43.653+0000: 357883.563: [GC (Allocation Failure) 2019-06-25T11:37:43.653+0000: 357883.563: [ParNew: 9651K->758K(9792K), 0.0040527 secs] 74992K->66501K(128284K), 0.0049122 secs] [Times: user=0.00 sys=0.00, real=0.01 secs] 
Heap after GC invocations=5154 (full 145):
 par new generation   total 9792K, used 758K [0x00000000e1000000, 0x00000000e1aa0000, 0x00000000eb4a0000)
  eden space 8704K,   0% used [0x00000000e1000000, 0x00000000e1000000, 0x00000000e1880000)
  from space 1088K,  69% used [0x00000000e1880000, 0x00000000e193dbf0, 0x00000000e1990000)
  to   space 1088K,   0% used [0x00000000e1990000, 0x00000000e1990000, 0x00000000e1aa0000)
 concurrent mark-sweep generation total 118492K, used 65742K [0x00000000eb4a0000, 0x00000000f2857000, 0x0000000100000000)
 Metaspace       used 95717K, capacity 99843K, committed 100352K, reserved 1136640K
  class space    used 11676K, capacity 12440K, committed 12544K, reserved 1048576K
}
2019-06-25T11:38:09.690+0000: 357909.600: Application time: 26.0309083 seconds
2019-06-25T11:38:10.690+0000: 357910.600: Application time: 1.0001526 seconds
2019-06-25T11:39:09.916+0000: 357969.826: Application time: 59.2255207 seconds
2019-06-25T11:39:23.162+0000: 357983.072: Application time: 13.2456758 seconds
2019-06-25T11:39:23.394+0000: 357983.303: Application time: 0.2309235 seconds
{Heap before GC invocations=5154 (full 145):
 par new generation   total 9792K, used 9462K [0x00000000e1000000, 0x00000000e1aa0000, 0x00000000eb4a0000)
  eden space 8704K, 100% used [0x00000000e1000000, 0x00000000e1880000, 0x00000000e1880000)
  from space 1088K,  69% used [0x00000000e1880000, 0x00000000e193dbf0, 0x00000000e1990000)
  to   space 1088K,   0% used [0x00000000e1990000, 0x00000000e1990000, 0x00000000e1aa0000)
 concurrent mark-sweep generation total 118492K, used 65742K [0x00000000eb4a0000, 0x00000000f2857000, 0x0000000100000000)
 Metaspace       used 95717K, capacity 99843K, committed 100352K, reserved 1136640K
  class space    used 11676K, capacity 12440K, committed 12544K, reserved 1048576K
2019-06-25T11:39:23.394+0000: 357983.304: [GC (Allocation Failure) 2019-06-25T11:39:23.394+0000: 357983.304: [ParNew: 9462K->616K(9792K), 0.0034966 secs] 75205K->66359K(128284K), 0.0045672 secs] [Times: user=0.00 sys=0.01, real=0.01 secs] 
Heap after GC invocations=5155 (full 145):
 par new generation   total 9792K, used 616K [0x00000000e1000000, 0x00000000e1aa0000, 0x00000000eb4a0000)
  eden space 8704K,   0% used [0x00000000e1000000, 0x00000000e1000000, 0x00000000e1880000)
  from space 1088K,  56% used [0x00000000e1990000, 0x00000000e1a2a1a8, 0x00000000e1aa0000)
  to   space 1088K,   0% used [0x00000000e1880000, 0x00000000e1880000, 0x00000000e1990000)
 concurrent mark-sweep generation total 118492K, used 65742K [0x00000000eb4a0000, 0x00000000f2857000, 0x0000000100000000)
 Metaspace       used 95717K, capacity 99843K, committed 100352K, reserved 1136640K
  class space    used 11676K, capacity 12440K, committed 12544K, reserved 1048576K
}
2019-06-25T11:40:40.381+0000: 358060.291: Application time: 76.9817555 seconds
2019-06-25T11:40:40.383+0000: 358060.293: Application time: 0.0014849 seconds
2019-06-25T11:41:05.539+0000: 358085.449: Application time: 25.1560108 seconds
{Heap before GC invocations=5155 (full 145):
 par new generation   total 9792K, used 9320K [0x00000000e1000000, 0x00000000e1aa0000, 0x00000000eb4a0000)
  eden space 8704K, 100% used [0x00000000e1000000, 0x00000000e1880000, 0x00000000e1880000)
  from space 1088K,  56% used [0x00000000e1990000, 0x00000000e1a2a1a8, 0x00000000e1aa0000)
  to   space 1088K,   0% used [0x00000000e1880000, 0x00000000e1880000, 0x00000000e1990000)
 concurrent mark-sweep generation total 118492K, used 65742K [0x00000000eb4a0000, 0x00000000f2857000, 0x0000000100000000)
 Metaspace       used 95717K, capacity 99843K, committed 100352K, reserved 1136640K
  class space    used 11676K, capacity 12440K, committed 12544K, reserved 1048576K
2019-06-25T11:41:05.540+0000: 358085.450: [GC (Allocation Failure) 2019-06-25T11:41:05.540+0000: 358085.450: [ParNew: 9320K->709K(9792K), 0.0038757 secs] 75063K->66648K(128284K), 0.0048311 secs] [Times: user=0.01 sys=0.00, real=0.00 secs] 
Heap after GC invocations=5156 (full 145):
 par new generation   total 9792K, used 709K [0x00000000e1000000, 0x00000000e1aa0000, 0x00000000eb4a0000)
  eden space 8704K,   0% used [0x00000000e1000000, 0x00000000e1000000, 0x00000000e1880000)
  from space 1088K,  65% used [0x00000000e1880000, 0x00000000e1931400, 0x00000000e1990000)
  to   space 1088K,   0% used [0x00000000e1990000, 0x00000000e1990000, 0x00000000e1aa0000)
 concurrent mark-sweep generation total 118492K, used 65939K [0x00000000eb4a0000, 0x00000000f2857000, 0x0000000100000000)
 Metaspace       used 95717K, capacity 99843K, committed 100352K, reserved 1136640K
  class space    used 11676K, capacity 12440K, committed 12544K, reserved 1048576K
}
2019-06-25T11:42:42.481+0000: 358182.390: Application time: 96.9347778 seconds
{Heap before GC invocations=5156 (full 145):
 par new generation   total 9792K, used 9413K [0x00000000e1000000, 0x00000000e1aa0000, 0x00000000eb4a0000)
  eden space 8704K, 100% used [0x00000000e1000000, 0x00000000e1880000, 0x00000000e1880000)
  from space 1088K,  65% used [0x00000000e1880000, 0x00000000e1931400, 0x00000000e1990000)
  to   space 1088K,   0% used [0x00000000e1990000, 0x00000000e1990000, 0x00000000e1aa0000)
 concurrent mark-sweep generation total 118492K, used 65939K [0x00000000eb4a0000, 0x00000000f2857000, 0x0000000100000000)
 Metaspace       used 95723K, capacity 99855K, committed 100352K, reserved 1136640K
  class space    used 11677K, capacity 12442K, committed 12544K, reserved 1048576K
2019-06-25T11:42:42.481+0000: 358182.391: [GC (Allocation Failure) 2019-06-25T11:42:42.482+0000: 358182.392: [ParNew: 9413K->574K(9792K), 0.0046950 secs] 75352K->66700K(128284K), 0.0057447 secs] [Times: user=0.00 sys=0.00, real=0.00 secs] 
Heap after GC invocations=5157 (full 145):
 par new generation   total 9792K, used 574K [0x00000000e1000000, 0x00000000e1aa0000, 0x00000000eb4a0000)
  eden space 8704K,   0% used [0x00000000e1000000, 0x00000000e1000000, 0x00000000e1880000)
  from space 1088K,  52% used [0x00000000e1990000, 0x00000000e1a1f870, 0x00000000e1aa0000)
  to   space 1088K,   0% used [0x00000000e1880000, 0x00000000e1880000, 0x00000000e1990000)
 concurrent mark-sweep generation total 118492K, used 66126K [0x00000000eb4a0000, 0x00000000f2857000, 0x0000000100000000)
 Metaspace       used 95723K, capacity 99855K, committed 100352K, reserved 1136640K
  class space    used 11677K, capacity 12442K, committed 12544K, reserved 1048576K
}
2019-06-25T11:43:11.492+0000: 358211.402: Application time: 29.0042937 seconds
2019-06-25T11:44:10.441+0000: 358270.351: Application time: 58.9487127 seconds
2019-06-25T11:44:15.443+0000: 358275.352: Application time: 5.0009060 seconds
2019-06-25T11:44:23.622+0000: 358283.532: Application time: 8.1789116 seconds
{Heap before GC invocations=5157 (full 145):
 par new generation   total 9792K, used 9278K [0x00000000e1000000, 0x00000000e1aa0000, 0x00000000eb4a0000)
  eden space 8704K, 100% used [0x00000000e1000000, 0x00000000e1880000, 0x00000000e1880000)
  from space 1088K,  52% used [0x00000000e1990000, 0x00000000e1a1f870, 0x00000000e1aa0000)
  to   space 1088K,   0% used [0x00000000e1880000, 0x00000000e1880000, 0x00000000e1990000)
 concurrent mark-sweep generation total 118492K, used 66126K [0x00000000eb4a0000, 0x00000000f2857000, 0x0000000100000000)
 Metaspace       used 95723K, capacity 99855K, committed 100352K, reserved 1136640K
  class space    used 11677K, capacity 12442K, committed 12544K, reserved 1048576K
2019-06-25T11:44:23.622+0000: 358283.532: [GC (Allocation Failure) 2019-06-25T11:44:23.623+0000: 358283.533: [ParNew: 9278K->611K(9792K), 0.0031563 secs] 75404K->66738K(128284K), 0.0038746 secs] [Times: user=0.00 sys=0.01, real=0.00 secs] 
Heap after GC invocations=5158 (full 145):
 par new generation   total 9792K, used 611K [0x00000000e1000000, 0x00000000e1aa0000, 0x00000000eb4a0000)
  eden space 8704K,   0% used [0x00000000e1000000, 0x00000000e1000000, 0x00000000e1880000)
  from space 1088K,  56% used [0x00000000e1880000, 0x00000000e1918ce8, 0x00000000e1990000)
  to   space 1088K,   0% used [0x00000000e1990000, 0x00000000e1990000, 0x00000000e1aa0000)
 concurrent mark-sweep generation total 118492K, used 66126K [0x00000000eb4a0000, 0x00000000f2857000, 0x0000000100000000)
 Metaspace       used 95723K, capacity 99855K, committed 100352K, reserved 1136640K
  class space    used 11677K, capacity 12442K, committed 12544K, reserved 1048576K
}
2019-06-25T11:46:06.488+0000: 358386.398: Application time: 102.8605935 seconds
{Heap before GC invocations=5158 (full 145):
 par new generation   total 9792K, used 9315K [0x00000000e1000000, 0x00000000e1aa0000, 0x00000000eb4a0000)
  eden space 8704K, 100% used [0x00000000e1000000, 0x00000000e1880000, 0x00000000e1880000)
  from space 1088K,  56% used [0x00000000e1880000, 0x00000000e1918ce8, 0x00000000e1990000)
  to   space 1088K,   0% used [0x00000000e1990000, 0x00000000e1990000, 0x00000000e1aa0000)
 concurrent mark-sweep generation total 118492K, used 66126K [0x00000000eb4a0000, 0x00000000f2857000, 0x0000000100000000)
 Metaspace       used 95723K, capacity 99855K, committed 100352K, reserved 1136640K
  class space    used 11677K, capacity 12442K, committed 12544K, reserved 1048576K
2019-06-25T11:46:06.489+0000: 358386.398: [GC (Allocation Failure) 2019-06-25T11:46:06.489+0000: 358386.399: [ParNew: 9315K->760K(9792K), 0.0031979 secs] 75442K->66887K(128284K), 0.0039810 secs] [Times: user=0.00 sys=0.00, real=0.00 secs] 
Heap after GC invocations=5159 (full 145):
 par new generation   total 9792K, used 760K [0x00000000e1000000, 0x00000000e1aa0000, 0x00000000eb4a0000)
  eden space 8704K,   0% used [0x00000000e1000000, 0x00000000e1000000, 0x00000000e1880000)
  from space 1088K,  69% used [0x00000000e1990000, 0x00000000e1a4e298, 0x00000000e1aa0000)
  to   space 1088K,   0% used [0x00000000e1880000, 0x00000000e1880000, 0x00000000e1990000)
 concurrent mark-sweep generation total 118492K, used 66126K [0x00000000eb4a0000, 0x00000000f2857000, 0x0000000100000000)
 Metaspace       used 95723K, capacity 99855K, committed 100352K, reserved 1136640K
  class space    used 11677K, capacity 12442K, committed 12544K, reserved 1048576K
}
2019-06-25T11:47:09.712+0000: 358449.622: Application time: 63.2188965 seconds
2019-06-25T11:47:09.713+0000: 358449.623: Application time: 0.0000743 seconds
2019-06-25T11:47:09.713+0000: 358449.623: Application time: 0.0000940 seconds
2019-06-25T11:47:44.761+0000: 358484.671: Application time: 35.0475106 seconds
{Heap before GC invocations=5159 (full 145):
 par new generation   total 9792K, used 9464K [0x00000000e1000000, 0x00000000e1aa0000, 0x00000000eb4a0000)
  eden space 8704K, 100% used [0x00000000e1000000, 0x00000000e1880000, 0x00000000e1880000)
  from space 1088K,  69% used [0x00000000e1990000, 0x00000000e1a4e298, 0x00000000e1aa0000)
  to   space 1088K,   0% used [0x00000000e1880000, 0x00000000e1880000, 0x00000000e1990000)
 concurrent mark-sweep generation total 118492K, used 66126K [0x00000000eb4a0000, 0x00000000f2857000, 0x0000000100000000)
 Metaspace       used 95723K, capacity 99855K, committed 100352K, reserved 1136640K
  class space    used 11677K, capacity 12442K, committed 12544K, reserved 1048576K
2019-06-25T11:47:44.762+0000: 358484.672: [GC (Allocation Failure) 2019-06-25T11:47:44.763+0000: 358484.672: [ParNew: 9464K->885K(9792K), 0.0032925 secs] 75591K->67043K(128284K), 0.0041876 secs] [Times: user=0.00 sys=0.00, real=0.00 secs] 
Heap after GC invocations=5160 (full 145):
 par new generation   total 9792K, used 885K [0x00000000e1000000, 0x00000000e1aa0000, 0x00000000eb4a0000)
  eden space 8704K,   0% used [0x00000000e1000000, 0x00000000e1000000, 0x00000000e1880000)
  from space 1088K,  81% used [0x00000000e1880000, 0x00000000e195d710, 0x00000000e1990000)
  to   space 1088K,   0% used [0x00000000e1990000, 0x00000000e1990000, 0x00000000e1aa0000)
 concurrent mark-sweep generation total 118492K, used 66157K [0x00000000eb4a0000, 0x00000000f2857000, 0x0000000100000000)
 Metaspace       used 95723K, capacity 99855K, committed 100352K, reserved 1136640K
  class space    used 11677K, capacity 12442K, committed 12544K, reserved 1048576K
}
2019-06-25T11:49:09.977+0000: 358569.887: Application time: 85.2099314 seconds
2019-06-25T11:49:24.857+0000: 358584.767: Application time: 14.8796758 seconds
{Heap before GC invocations=5160 (full 145):
 par new generation   total 9792K, used 9589K [0x00000000e1000000, 0x00000000e1aa0000, 0x00000000eb4a0000)
  eden space 8704K, 100% used [0x00000000e1000000, 0x00000000e1880000, 0x00000000e1880000)
  from space 1088K,  81% used [0x00000000e1880000, 0x00000000e195d710, 0x00000000e1990000)
  to   space 1088K,   0% used [0x00000000e1990000, 0x00000000e1990000, 0x00000000e1aa0000)
 concurrent mark-sweep generation total 118492K, used 66157K [0x00000000eb4a0000, 0x00000000f2857000, 0x0000000100000000)
 Metaspace       used 95723K, capacity 99855K, committed 100352K, reserved 1136640K
  class space    used 11677K, capacity 12442K, committed 12544K, reserved 1048576K
2019-06-25T11:49:24.858+0000: 358584.768: [GC (Allocation Failure) 2019-06-25T11:49:24.859+0000: 358584.769: [ParNew: 9589K->633K(9792K), 0.0036964 secs] 75747K->66845K(128284K), 0.0047517 secs] [Times: user=0.00 sys=0.00, real=0.00 secs] 
Heap after GC invocations=5161 (full 145):
 par new generation   total 9792K, used 633K [0x00000000e1000000, 0x00000000e1aa0000, 0x00000000eb4a0000)
  eden space 8704K,   0% used [0x00000000e1000000, 0x00000000e1000000, 0x00000000e1880000)
  from space 1088K,  58% used [0x00000000e1990000, 0x00000000e1a2e5d8, 0x00000000e1aa0000)
  to   space 1088K,   0% used [0x00000000e1880000, 0x00000000e1880000, 0x00000000e1990000)
 concurrent mark-sweep generation total 118492K, used 66212K [0x00000000eb4a0000, 0x00000000f2857000, 0x0000000100000000)
 Metaspace       used 95723K, capacity 99855K, committed 100352K, reserved 1136640K
  class space    used 11677K, capacity 12442K, committed 12544K, reserved 1048576K
}
2019-06-25T11:50:10.429+0000: 358630.339: Application time: 45.5655419 seconds
2019-06-25T11:50:10.431+0000: 358630.341: Application time: 0.0015659 seconds
2019-06-25T11:51:07.956+0000: 358687.866: Application time: 57.5243547 seconds
{Heap before GC invocations=5161 (full 145):
 par new generation   total 9792K, used 9287K [0x00000000e1000000, 0x00000000e1aa0000, 0x00000000eb4a0000)
  eden space 8704K,  99% used [0x00000000e1000000, 0x00000000e1873828, 0x00000000e1880000)
  from space 1088K,  58% used [0x00000000e1990000, 0x00000000e1a2e5d8, 0x00000000e1aa0000)
  to   space 1088K,   0% used [0x00000000e1880000, 0x00000000e1880000, 0x00000000e1990000)
 concurrent mark-sweep generation total 118492K, used 66212K [0x00000000eb4a0000, 0x00000000f2857000, 0x0000000100000000)
 Metaspace       used 95726K, capacity 99867K, committed 100352K, reserved 1136640K
  class space    used 11678K, capacity 12444K, committed 12544K, reserved 1048576K
2019-06-25T11:51:07.957+0000: 358687.867: [GC (Allocation Failure) 2019-06-25T11:51:07.957+0000: 358687.867: [ParNew: 9287K->676K(9792K), 0.0035512 secs] 75499K->66888K(128284K), 0.0043395 secs] [Times: user=0.01 sys=0.00, real=0.01 secs] 
Heap after GC invocations=5162 (full 145):
 par new generation   total 9792K, used 676K [0x00000000e1000000, 0x00000000e1aa0000, 0x00000000eb4a0000)
  eden space 8704K,   0% used [0x00000000e1000000, 0x00000000e1000000, 0x00000000e1880000)
  from space 1088K,  62% used [0x00000000e1880000, 0x00000000e1929200, 0x00000000e1990000)
  to   space 1088K,   0% used [0x00000000e1990000, 0x00000000e1990000, 0x00000000e1aa0000)
 concurrent mark-sweep generation total 118492K, used 66212K [0x00000000eb4a0000, 0x00000000f2857000, 0x0000000100000000)
 Metaspace       used 95726K, capacity 99867K, committed 100352K, reserved 1136640K
  class space    used 11678K, capacity 12444K, committed 12544K, reserved 1048576K
}
2019-06-25T11:52:48.054+0000: 358787.964: Application time: 100.0919976 seconds
{Heap before GC invocations=5162 (full 145):
 par new generation   total 9792K, used 9380K [0x00000000e1000000, 0x00000000e1aa0000, 0x00000000eb4a0000)
  eden space 8704K, 100% used [0x00000000e1000000, 0x00000000e1880000, 0x00000000e1880000)
  from space 1088K,  62% used [0x00000000e1880000, 0x00000000e1929200, 0x00000000e1990000)
  to   space 1088K,   0% used [0x00000000e1990000, 0x00000000e1990000, 0x00000000e1aa0000)
 concurrent mark-sweep generation total 118492K, used 66212K [0x00000000eb4a0000, 0x00000000f2857000, 0x0000000100000000)
 Metaspace       used 95726K, capacity 99867K, committed 100352K, reserved 1136640K
  class space    used 11678K, capacity 12444K, committed 12544K, reserved 1048576K
2019-06-25T11:52:48.055+0000: 358787.965: [GC (Allocation Failure) 2019-06-25T11:52:48.055+0000: 358787.965: [ParNew: 9380K->730K(9792K), 0.0033876 secs] 75592K->66944K(128284K), 0.0042600 secs] [Times: user=0.01 sys=0.00, real=0.01 secs] 
Heap after GC invocations=5163 (full 145):
 par new generation   total 9792K, used 730K [0x00000000e1000000, 0x00000000e1aa0000, 0x00000000eb4a0000)
  eden space 8704K,   0% used [0x00000000e1000000, 0x00000000e1000000, 0x00000000e1880000)
  from space 1088K,  67% used [0x00000000e1990000, 0x00000000e1a46880, 0x00000000e1aa0000)
  to   space 1088K,   0% used [0x00000000e1880000, 0x00000000e1880000, 0x00000000e1990000)
 concurrent mark-sweep generation total 118492K, used 66214K [0x00000000eb4a0000, 0x00000000f2857000, 0x0000000100000000)
 Metaspace       used 95726K, capacity 99867K, committed 100352K, reserved 1136640K
  class space    used 11678K, capacity 12444K, committed 12544K, reserved 1048576K
}
2019-06-25T11:54:10.005+0000: 358869.915: Application time: 81.9448989 seconds
2019-06-25T11:54:26.150+0000: 358886.059: Application time: 16.1444794 seconds
{Heap before GC invocations=5163 (full 145):
 par new generation   total 9792K, used 9434K [0x00000000e1000000, 0x00000000e1aa0000, 0x00000000eb4a0000)
  eden space 8704K, 100% used [0x00000000e1000000, 0x00000000e1880000, 0x00000000e1880000)
  from space 1088K,  67% used [0x00000000e1990000, 0x00000000e1a46880, 0x00000000e1aa0000)
  to   space 1088K,   0% used [0x00000000e1880000, 0x00000000e1880000, 0x00000000e1990000)
 concurrent mark-sweep generation total 118492K, used 66214K [0x00000000eb4a0000, 0x00000000f2857000, 0x0000000100000000)
 Metaspace       used 95726K, capacity 99867K, committed 100352K, reserved 1136640K
  class space    used 11678K, capacity 12444K, committed 12544K, reserved 1048576K
2019-06-25T11:54:26.150+0000: 358886.060: [GC (Allocation Failure) 2019-06-25T11:54:26.151+0000: 358886.061: [ParNew: 9434K->701K(9792K), 0.0036707 secs] 75648K->66939K(128284K), 0.0046032 secs] [Times: user=0.00 sys=0.00, real=0.00 secs] 
Heap after GC invocations=5164 (full 145):
 par new generation   total 9792K, used 701K [0x00000000e1000000, 0x00000000e1aa0000, 0x00000000eb4a0000)
  eden space 8704K,   0% used [0x00000000e1000000, 0x00000000e1000000, 0x00000000e1880000)
  from space 1088K,  64% used [0x00000000e1880000, 0x00000000e192f650, 0x00000000e1990000)
  to   space 1088K,   0% used [0x00000000e1990000, 0x00000000e1990000, 0x00000000e1aa0000)
 concurrent mark-sweep generation total 118492K, used 66238K [0x00000000eb4a0000, 0x00000000f2857000, 0x0000000100000000)
 Metaspace       used 95726K, capacity 99867K, committed 100352K, reserved 1136640K
  class space    used 11678K, capacity 12444K, committed 12544K, reserved 1048576K
}
2019-06-25T11:56:10.460+0000: 358990.370: Application time: 104.3043195 seconds
{Heap before GC invocations=5164 (full 145):
 par new generation   total 9792K, used 9405K [0x00000000e1000000, 0x00000000e1aa0000, 0x00000000eb4a0000)
  eden space 8704K, 100% used [0x00000000e1000000, 0x00000000e1880000, 0x00000000e1880000)
  from space 1088K,  64% used [0x00000000e1880000, 0x00000000e192f650, 0x00000000e1990000)
  to   space 1088K,   0% used [0x00000000e1990000, 0x00000000e1990000, 0x00000000e1aa0000)
 concurrent mark-sweep generation total 118492K, used 66238K [0x00000000eb4a0000, 0x00000000f2857000, 0x0000000100000000)
 Metaspace       used 95726K, capacity 99867K, committed 100352K, reserved 1136640K
  class space    used 11678K, capacity 12444K, committed 12544K, reserved 1048576K
2019-06-25T11:56:10.482+0000: 358990.392: [GC (Allocation Failure) 2019-06-25T11:56:10.483+0000: 358990.392: [ParNew: 9405K->643K(9792K), 0.0033746 secs] 75643K->66882K(128284K), 0.0043499 secs] [Times: user=0.00 sys=0.01, real=0.00 secs] 
Heap after GC invocations=5165 (full 145):
 par new generation   total 9792K, used 643K [0x00000000e1000000, 0x00000000e1aa0000, 0x00000000eb4a0000)
  eden space 8704K,   0% used [0x00000000e1000000, 0x00000000e1000000, 0x00000000e1880000)
  from space 1088K,  59% used [0x00000000e1990000, 0x00000000e1a30f38, 0x00000000e1aa0000)
  to   space 1088K,   0% used [0x00000000e1880000, 0x00000000e1880000, 0x00000000e1990000)
 concurrent mark-sweep generation total 118492K, used 66238K [0x00000000eb4a0000, 0x00000000f2857000, 0x0000000100000000)
 Metaspace       used 95726K, capacity 99867K, committed 100352K, reserved 1136640K
  class space    used 11678K, capacity 12444K, committed 12544K, reserved 1048576K
}
2019-06-25T11:57:49.711+0000: 359089.621: Application time: 99.2241070 seconds
{Heap before GC invocations=5165 (full 145):
 par new generation   total 9792K, used 9347K [0x00000000e1000000, 0x00000000e1aa0000, 0x00000000eb4a0000)
  eden space 8704K, 100% used [0x00000000e1000000, 0x00000000e1880000, 0x00000000e1880000)
  from space 1088K,  59% used [0x00000000e1990000, 0x00000000e1a30f38, 0x00000000e1aa0000)
  to   space 1088K,   0% used [0x00000000e1880000, 0x00000000e1880000, 0x00000000e1990000)
 concurrent mark-sweep generation total 118492K, used 66238K [0x00000000eb4a0000, 0x00000000f2857000, 0x0000000100000000)
 Metaspace       used 95726K, capacity 99867K, committed 100352K, reserved 1136640K
  class space    used 11678K, capacity 12444K, committed 12544K, reserved 1048576K
2019-06-25T11:57:49.712+0000: 359089.622: [GC (Allocation Failure) 2019-06-25T11:57:49.713+0000: 359089.623: [ParNew: 9347K->766K(9792K), 0.0075639 secs] 75586K->67004K(128284K), 0.0085800 secs] [Times: user=0.02 sys=0.00, real=0.01 secs] 
Heap after GC invocations=5166 (full 145):
 par new generation   total 9792K, used 766K [0x00000000e1000000, 0x00000000e1aa0000, 0x00000000eb4a0000)
  eden space 8704K,   0% used [0x00000000e1000000, 0x00000000e1000000, 0x00000000e1880000)
  from space 1088K,  70% used [0x00000000e1880000, 0x00000000e193f990, 0x00000000e1990000)
  to   space 1088K,   0% used [0x00000000e1990000, 0x00000000e1990000, 0x00000000e1aa0000)
 concurrent mark-sweep generation total 118492K, used 66238K [0x00000000eb4a0000, 0x00000000f2857000, 0x0000000100000000)
 Metaspace       used 95726K, capacity 99867K, committed 100352K, reserved 1136640K
  class space    used 11678K, capacity 12444K, committed 12544K, reserved 1048576K
}
2019-06-25T11:58:11.006+0000: 359110.916: Application time: 21.2846393 seconds
2019-06-25T11:58:11.008+0000: 359110.918: Application time: 0.0016672 seconds
2019-06-25T11:59:11.504+0000: 359171.414: Application time: 60.4953060 seconds
2019-06-25T11:59:25.690+0000: 359185.600: Application time: 14.1860493 seconds
{Heap before GC invocations=5166 (full 145):
 par new generation   total 9792K, used 9470K [0x00000000e1000000, 0x00000000e1aa0000, 0x00000000eb4a0000)
  eden space 8704K, 100% used [0x00000000e1000000, 0x00000000e1880000, 0x00000000e1880000)
  from space 1088K,  70% used [0x00000000e1880000, 0x00000000e193f990, 0x00000000e1990000)
  to   space 1088K,   0% used [0x00000000e1990000, 0x00000000e1990000, 0x00000000e1aa0000)
 concurrent mark-sweep generation total 118492K, used 66238K [0x00000000eb4a0000, 0x00000000f2857000, 0x0000000100000000)
 Metaspace       used 95726K, capacity 99867K, committed 100352K, reserved 1136640K
  class space    used 11678K, capacity 12444K, committed 12544K, reserved 1048576K
2019-06-25T11:59:25.691+0000: 359185.601: [GC (Allocation Failure) 2019-06-25T11:59:25.692+0000: 359185.601: [ParNew: 9470K->709K(9792K), 0.0036135 secs] 75708K->66979K(128284K), 0.0044072 secs] [Times: user=0.01 sys=0.00, real=0.00 secs] 
Heap after GC invocations=5167 (full 145):
 par new generation   total 9792K, used 709K [0x00000000e1000000, 0x00000000e1aa0000, 0x00000000eb4a0000)
  eden space 8704K,   0% used [0x00000000e1000000, 0x00000000e1000000, 0x00000000e1880000)
  from space 1088K,  65% used [0x00000000e1990000, 0x00000000e1a41590, 0x00000000e1aa0000)
  to   space 1088K,   0% used [0x00000000e1880000, 0x00000000e1880000, 0x00000000e1990000)
 concurrent mark-sweep generation total 118492K, used 66270K [0x00000000eb4a0000, 0x00000000f2857000, 0x0000000100000000)
 Metaspace       used 95726K, capacity 99867K, committed 100352K, reserved 1136640K
  class space    used 11678K, capacity 12444K, committed 12544K, reserved 1048576K
}
2019-06-25T11:59:26.424+0000: 359186.334: Application time: 0.7280486 seconds
2019-06-25T11:59:26.425+0000: 359186.335: Application time: 0.0000739 seconds
2019-06-25T11:59:26.425+0000: 359186.335: Application time: 0.0000669 seconds
2019-06-25T11:59:26.425+0000: 359186.335: Application time: 0.0000654 seconds
2019-06-25T11:59:26.426+0000: 359186.336: Application time: 0.0000667 seconds
2019-06-25T11:59:26.426+0000: 359186.336: Application time: 0.0001265 seconds
2019-06-25T11:59:26.427+0000: 359186.336: Application time: 0.0001277 seconds
2019-06-25T11:59:30.688+0000: 359190.598: Application time: 4.2616467 seconds
2019-06-25T11:59:30.721+0000: 359190.631: Application time: 0.0326206 seconds
2019-06-25T11:59:42.675+0000: 359202.585: Application time: 11.9536418 seconds
2019-06-25T11:59:42.676+0000: 359202.585: Application time: 0.0001319 seconds
2019-06-25T11:59:42.676+0000: 359202.586: Application time: 0.0001367 seconds
2019-06-25T11:59:43.440+0000: 359203.350: Application time: 0.7634637 seconds
2019-06-25T11:59:43.442+0000: 359203.352: Application time: 0.0000657 seconds
2019-06-25T11:59:43.442+0000: 359203.352: Application time: 0.0000640 seconds
2019-06-25T11:59:43.443+0000: 359203.352: Application time: 0.0001105 seconds
2019-06-25T11:59:43.443+0000: 359203.353: Application time: 0.0000627 seconds
2019-06-25T11:59:43.443+0000: 359203.353: Application time: 0.0006297 seconds
2019-06-25T11:59:43.444+0000: 359203.354: Application time: 0.0000896 seconds
2019-06-25T11:59:47.677+0000: 359207.587: Application time: 4.2331132 seconds
2019-06-25T11:59:47.701+0000: 359207.611: Application time: 0.0234406 seconds
2019-06-25T11:59:49.449+0000: 359209.359: Application time: 1.7477145 seconds
2019-06-25T11:59:49.450+0000: 359209.359: Application time: 0.0003089 seconds
2019-06-25T11:59:49.450+0000: 359209.360: Application time: 0.0001489 seconds
2019-06-25T11:59:49.450+0000: 359209.360: Application time: 0.0001763 seconds
2019-06-25T11:59:49.451+0000: 359209.361: Application time: 0.0001194 seconds
2019-06-25T11:59:49.451+0000: 359209.361: Application time: 0.0002295 seconds
2019-06-25T11:59:49.452+0000: 359209.361: Application time: 0.0000580 seconds
2019-06-25T11:59:53.669+0000: 359213.578: Application time: 4.2168112 seconds
2019-06-25T11:59:53.697+0000: 359213.607: Application time: 0.0283245 seconds
2019-06-25T11:59:54.021+0000: 359213.931: Application time: 0.3260762 seconds
{Heap before GC invocations=5167 (full 145):
 par new generation   total 9792K, used 9413K [0x00000000e1000000, 0x00000000e1aa0000, 0x00000000eb4a0000)
  eden space 8704K, 100% used [0x00000000e1000000, 0x00000000e1880000, 0x00000000e1880000)
  from space 1088K,  65% used [0x00000000e1990000, 0x00000000e1a41590, 0x00000000e1aa0000)
  to   space 1088K,   0% used [0x00000000e1880000, 0x00000000e1880000, 0x00000000e1990000)
 concurrent mark-sweep generation total 118492K, used 66270K [0x00000000eb4a0000, 0x00000000f2857000, 0x0000000100000000)
 Metaspace       used 95734K, capacity 99879K, committed 100352K, reserved 1136640K
  class space    used 11679K, capacity 12446K, committed 12544K, reserved 1048576K
2019-06-25T11:59:54.024+0000: 359213.934: [GC (Allocation Failure) 2019-06-25T11:59:54.024+0000: 359213.934: [ParNew: 9413K->1088K(9792K), 0.0127381 secs] 75683K->67474K(128284K), 0.0136074 secs] [Times: user=0.01 sys=0.00, real=0.01 secs] 
Heap after GC invocations=5168 (full 145):
 par new generation   total 9792K, used 1088K [0x00000000e1000000, 0x00000000e1aa0000, 0x00000000eb4a0000)
  eden space 8704K,   0% used [0x00000000e1000000, 0x00000000e1000000, 0x00000000e1880000)
  from space 1088K, 100% used [0x00000000e1880000, 0x00000000e1990000, 0x00000000e1990000)
  to   space 1088K,   0% used [0x00000000e1990000, 0x00000000e1990000, 0x00000000e1aa0000)
 concurrent mark-sweep generation total 118492K, used 66386K [0x00000000eb4a0000, 0x00000000f2857000, 0x0000000100000000)
 Metaspace       used 95734K, capacity 99879K, committed 100352K, reserved 1136640K
  class space    used 11679K, capacity 12446K, committed 12544K, reserved 1048576K
}
2019-06-25T12:00:08.469+0000: 359228.378: Application time: 14.4302904 seconds
2019-06-25T12:00:08.469+0000: 359228.379: Application time: 0.0000837 seconds
2019-06-25T12:00:08.469+0000: 359228.379: Application time: 0.0000738 seconds
2019-06-25T12:00:08.470+0000: 359228.379: Application time: 0.0000800 seconds
2019-06-25T12:00:08.470+0000: 359228.380: Application time: 0.0000858 seconds
2019-06-25T12:00:08.471+0000: 359228.381: Application time: 0.0001973 seconds
2019-06-25T12:00:08.471+0000: 359228.381: Application time: 0.0000552 seconds
2019-06-25T12:00:09.728+0000: 359229.638: Application time: 1.2567435 seconds
2019-06-25T12:00:09.728+0000: 359229.638: Application time: 0.0001661 seconds
2019-06-25T12:00:09.746+0000: 359229.656: Application time: 0.0172337 seconds
2019-06-25T12:00:10.980+0000: 359230.890: Application time: 1.2340323 seconds
2019-06-25T12:00:12.763+0000: 359232.672: Application time: 1.7820976 seconds
2019-06-25T12:00:12.787+0000: 359232.697: Application time: 0.0244521 seconds
2019-06-25T12:00:33.109+0000: 359253.019: Application time: 20.3215757 seconds
2019-06-25T12:00:33.110+0000: 359253.019: Application time: 0.0001156 seconds
2019-06-25T12:00:33.110+0000: 359253.020: Application time: 0.0001537 seconds
2019-06-25T12:00:33.493+0000: 359253.403: Application time: 0.3827180 seconds
2019-06-25T12:00:33.495+0000: 359253.405: Application time: 0.0006587 seconds
2019-06-25T12:00:33.496+0000: 359253.406: Application time: 0.0000581 seconds
2019-06-25T12:00:33.496+0000: 359253.406: Application time: 0.0000688 seconds
2019-06-25T12:00:33.497+0000: 359253.406: Application time: 0.0000337 seconds
2019-06-25T12:00:33.497+0000: 359253.407: Application time: 0.0000652 seconds
2019-06-25T12:00:33.497+0000: 359253.407: Application time: 0.0001298 seconds
2019-06-25T12:00:33.497+0000: 359253.407: Application time: 0.0000967 seconds
2019-06-25T12:00:35.029+0000: 359254.939: Application time: 1.5317634 seconds
{Heap before GC invocations=5168 (full 145):
 par new generation   total 9792K, used 9790K [0x00000000e1000000, 0x00000000e1aa0000, 0x00000000eb4a0000)
  eden space 8704K,  99% used [0x00000000e1000000, 0x00000000e187fba0, 0x00000000e1880000)
  from space 1088K, 100% used [0x00000000e1880000, 0x00000000e1990000, 0x00000000e1990000)
  to   space 1088K,   0% used [0x00000000e1990000, 0x00000000e1990000, 0x00000000e1aa0000)
 concurrent mark-sweep generation total 118492K, used 66386K [0x00000000eb4a0000, 0x00000000f2857000, 0x0000000100000000)
 Metaspace       used 95734K, capacity 99879K, committed 100352K, reserved 1136640K
  class space    used 11679K, capacity 12446K, committed 12544K, reserved 1048576K
2019-06-25T12:00:35.030+0000: 359254.940: [GC (Allocation Failure) 2019-06-25T12:00:35.030+0000: 359254.940: [ParNew: 9790K->990K(9792K), 0.0319790 secs] 76177K->67712K(128284K), 0.0326317 secs] [Times: user=0.06 sys=0.00, real=0.03 secs] 
Heap after GC invocations=5169 (full 145):
 par new generation   total 9792K, used 990K [0x00000000e1000000, 0x00000000e1aa0000, 0x00000000eb4a0000)
  eden space 8704K,   0% used [0x00000000e1000000, 0x00000000e1000000, 0x00000000e1880000)
  from space 1088K,  91% used [0x00000000e1990000, 0x00000000e1a87a28, 0x00000000e1aa0000)
  to   space 1088K,   0% used [0x00000000e1880000, 0x00000000e1880000, 0x00000000e1990000)
 concurrent mark-sweep generation total 118492K, used 66722K [0x00000000eb4a0000, 0x00000000f2857000, 0x0000000100000000)
 Metaspace       used 95734K, capacity 99879K, committed 100352K, reserved 1136640K
  class space    used 11679K, capacity 12446K, committed 12544K, reserved 1048576K
}
2019-06-25T12:00:35.498+0000: 359255.408: Application time: 0.4348275 seconds
2019-06-25T12:00:35.498+0000: 359255.408: Application time: 0.0001802 seconds
2019-06-25T12:00:35.499+0000: 359255.409: Application time: 0.0004206 seconds
2019-06-25T12:00:35.500+0000: 359255.409: Application time: 0.0004696 seconds
2019-06-25T12:00:35.500+0000: 359255.410: Application time: 0.0000742 seconds
2019-06-25T12:00:35.501+0000: 359255.410: Application time: 0.0000666 seconds
2019-06-25T12:00:35.501+0000: 359255.411: Application time: 0.0000643 seconds
2019-06-25T12:00:35.501+0000: 359255.411: Application time: 0.0000691 seconds
2019-06-25T12:00:35.501+0000: 359255.411: Application time: 0.0001796 seconds
2019-06-25T12:00:35.501+0000: 359255.411: Application time: 0.0001020 seconds
2019-06-25T12:00:40.028+0000: 359259.938: Application time: 4.5261430 seconds
2019-06-25T12:00:40.086+0000: 359259.995: Application time: 0.0575366 seconds
2019-06-25T12:01:05.540+0000: 359285.449: Application time: 25.4536452 seconds
2019-06-25T12:02:02.577+0000: 359342.487: Application time: 57.0371450 seconds
{Heap before GC invocations=5169 (full 145):
 par new generation   total 9792K, used 9694K [0x00000000e1000000, 0x00000000e1aa0000, 0x00000000eb4a0000)
  eden space 8704K, 100% used [0x00000000e1000000, 0x00000000e1880000, 0x00000000e1880000)
  from space 1088K,  91% used [0x00000000e1990000, 0x00000000e1a87a28, 0x00000000e1aa0000)
  to   space 1088K,   0% used [0x00000000e1880000, 0x00000000e1880000, 0x00000000e1990000)
 concurrent mark-sweep generation total 118492K, used 66722K [0x00000000eb4a0000, 0x00000000f2857000, 0x0000000100000000)
 Metaspace       used 95734K, capacity 99879K, committed 100352K, reserved 1136640K
  class space    used 11679K, capacity 12446K, committed 12544K, reserved 1048576K
2019-06-25T12:02:02.578+0000: 359342.488: [GC (Allocation Failure) 2019-06-25T12:02:02.578+0000: 359342.488: [ParNew: 9694K->754K(9792K), 0.0040802 secs] 76416K->67942K(128284K), 0.0048475 secs] [Times: user=0.01 sys=0.00, real=0.01 secs] 
Heap after GC invocations=5170 (full 145):
 par new generation   total 9792K, used 754K [0x00000000e1000000, 0x00000000e1aa0000, 0x00000000eb4a0000)
  eden space 8704K,   0% used [0x00000000e1000000, 0x00000000e1000000, 0x00000000e1880000)
  from space 1088K,  69% used [0x00000000e1880000, 0x00000000e193cb80, 0x00000000e1990000)
  to   space 1088K,   0% used [0x00000000e1990000, 0x00000000e1990000, 0x00000000e1aa0000)
 concurrent mark-sweep generation total 118492K, used 67187K [0x00000000eb4a0000, 0x00000000f2857000, 0x0000000100000000)
 Metaspace       used 95734K, capacity 99879K, committed 100352K, reserved 1136640K
  class space    used 11679K, capacity 12446K, committed 12544K, reserved 1048576K
}
2019-06-25T12:02:06.588+0000: 359346.497: Application time: 4.0042752 seconds
2019-06-25T12:02:06.589+0000: 359346.498: Application time: 0.0000690 seconds
2019-06-25T12:02:06.589+0000: 359346.499: Application time: 0.0000630 seconds
2019-06-25T12:02:06.589+0000: 359346.499: Application time: 0.0000591 seconds
2019-06-25T12:02:06.590+0000: 359346.499: Application time: 0.0000760 seconds
2019-06-25T12:02:06.590+0000: 359346.500: Application time: 0.0000781 seconds
2019-06-25T12:02:06.591+0000: 359346.501: Application time: 0.0000764 seconds
2019-06-25T12:02:06.592+0000: 359346.501: Application time: 0.0001308 seconds
2019-06-25T12:02:06.592+0000: 359346.502: Application time: 0.0001378 seconds
2019-06-25T12:02:09.731+0000: 359349.640: Application time: 3.1385699 seconds
2019-06-25T12:02:10.603+0000: 359350.512: Application time: 0.8717222 seconds
2019-06-25T12:02:10.628+0000: 359350.538: Application time: 0.0249011 seconds
2019-06-25T12:02:10.994+0000: 359350.903: Application time: 0.3653026 seconds
2019-06-25T12:03:13.648+0000: 359413.558: Application time: 62.6543925 seconds
{Heap before GC invocations=5170 (full 145):
 par new generation   total 9792K, used 9458K [0x00000000e1000000, 0x00000000e1aa0000, 0x00000000eb4a0000)
  eden space 8704K, 100% used [0x00000000e1000000, 0x00000000e1880000, 0x00000000e1880000)
  from space 1088K,  69% used [0x00000000e1880000, 0x00000000e193cb80, 0x00000000e1990000)
  to   space 1088K,   0% used [0x00000000e1990000, 0x00000000e1990000, 0x00000000e1aa0000)
 concurrent mark-sweep generation total 118492K, used 67187K [0x00000000eb4a0000, 0x00000000f2857000, 0x0000000100000000)
 Metaspace       used 95734K, capacity 99879K, committed 100352K, reserved 1136640K
  class space    used 11679K, capacity 12446K, committed 12544K, reserved 1048576K
2019-06-25T12:03:13.649+0000: 359413.559: [GC (Allocation Failure) 2019-06-25T12:03:13.650+0000: 359413.560: [ParNew: 9458K->765K(9792K), 0.0041361 secs] 76646K->67953K(128284K), 0.0051428 secs] [Times: user=0.00 sys=0.01, real=0.00 secs] 
Heap after GC invocations=5171 (full 145):
 par new generation   total 9792K, used 765K [0x00000000e1000000, 0x00000000e1aa0000, 0x00000000eb4a0000)
  eden space 8704K,   0% used [0x00000000e1000000, 0x00000000e1000000, 0x00000000e1880000)
  from space 1088K,  70% used [0x00000000e1990000, 0x00000000e1a4f6c8, 0x00000000e1aa0000)
  to   space 1088K,   0% used [0x00000000e1880000, 0x00000000e1880000, 0x00000000e1990000)
 concurrent mark-sweep generation total 118492K, used 67187K [0x00000000eb4a0000, 0x00000000f2857000, 0x0000000100000000)
 Metaspace       used 95734K, capacity 99879K, committed 100352K, reserved 1136640K
  class space    used 11679K, capacity 12446K, committed 12544K, reserved 1048576K
}
2019-06-25T12:03:23.403+0000: 359423.313: Application time: 9.7475335 seconds
2019-06-25T12:03:23.403+0000: 359423.313: Application time: 0.0001109 seconds
2019-06-25T12:03:23.406+0000: 359423.316: Application time: 0.0003238 seconds
2019-06-25T12:03:23.407+0000: 359423.317: Application time: 0.0007093 seconds
2019-06-25T12:03:23.409+0000: 359423.319: Application time: 0.0001909 seconds
2019-06-25T12:03:23.665+0000: 359423.575: Application time: 0.2555224 seconds
2019-06-25T12:03:23.665+0000: 359423.575: Application time: 0.0000647 seconds
2019-06-25T12:03:23.665+0000: 359423.575: Application time: 0.0000604 seconds
2019-06-25T12:03:23.666+0000: 359423.575: Application time: 0.0002046 seconds
2019-06-25T12:03:23.666+0000: 359423.576: Application time: 0.0000721 seconds
2019-06-25T12:03:23.682+0000: 359423.592: Application time: 0.0156306 seconds
2019-06-25T12:03:24.667+0000: 359424.577: Application time: 0.9845525 seconds
2019-06-25T12:03:24.667+0000: 359424.577: Application time: 0.0000686 seconds
2019-06-25T12:03:24.667+0000: 359424.577: Application time: 0.0000681 seconds
2019-06-25T12:03:24.668+0000: 359424.578: Application time: 0.0000591 seconds
2019-06-25T12:03:24.668+0000: 359424.578: Application time: 0.0000604 seconds
2019-06-25T12:03:24.668+0000: 359424.578: Application time: 0.0003488 seconds
2019-06-25T12:03:24.669+0000: 359424.579: Application time: 0.0006469 seconds
2019-06-25T12:03:24.670+0000: 359424.579: Application time: 0.0000844 seconds
2019-06-25T12:03:24.670+0000: 359424.580: Application time: 0.0000578 seconds
2019-06-25T12:03:24.670+0000: 359424.580: Application time: 0.0000942 seconds
2019-06-25T12:03:24.670+0000: 359424.580: Application time: 0.0000773 seconds
2019-06-25T12:03:28.683+0000: 359428.593: Application time: 4.0124033 seconds
2019-06-25T12:03:28.713+0000: 359428.623: Application time: 0.0298720 seconds
2019-06-25T12:04:09.733+0000: 359469.643: Application time: 41.0202099 seconds
{Heap before GC invocations=5171 (full 145):
 par new generation   total 9792K, used 9469K [0x00000000e1000000, 0x00000000e1aa0000, 0x00000000eb4a0000)
  eden space 8704K, 100% used [0x00000000e1000000, 0x00000000e1880000, 0x00000000e1880000)
  from space 1088K,  70% used [0x00000000e1990000, 0x00000000e1a4f6c8, 0x00000000e1aa0000)
  to   space 1088K,   0% used [0x00000000e1880000, 0x00000000e1880000, 0x00000000e1990000)
 concurrent mark-sweep generation total 118492K, used 67187K [0x00000000eb4a0000, 0x00000000f2857000, 0x0000000100000000)
 Metaspace       used 95756K, capacity 99915K, committed 100352K, reserved 1136640K
  class space    used 11682K, capacity 12452K, committed 12544K, reserved 1048576K
2019-06-25T12:04:09.734+0000: 359469.644: [GC (Allocation Failure) 2019-06-25T12:04:09.735+0000: 359469.645: [ParNew: 9469K->1088K(9792K), 0.0049328 secs] 76657K->68531K(128284K), 0.0058114 secs] [Times: user=0.01 sys=0.00, real=0.01 secs] 
Heap after GC invocations=5172 (full 145):
 par new generation   total 9792K, used 1088K [0x00000000e1000000, 0x00000000e1aa0000, 0x00000000eb4a0000)
  eden space 8704K,   0% used [0x00000000e1000000, 0x00000000e1000000, 0x00000000e1880000)
  from space 1088K, 100% used [0x00000000e1880000, 0x00000000e1990000, 0x00000000e1990000)
  to   space 1088K,   0% used [0x00000000e1990000, 0x00000000e1990000, 0x00000000e1aa0000)
 concurrent mark-sweep generation total 118492K, used 67443K [0x00000000eb4a0000, 0x00000000f2857000, 0x0000000100000000)
 Metaspace       used 95756K, capacity 99915K, committed 100352K, reserved 1136640K
  class space    used 11682K, capacity 12452K, committed 12544K, reserved 1048576K
}
2019-06-25T12:04:09.757+0000: 359469.666: Application time: 0.0155470 seconds
2019-06-25T12:04:10.055+0000: 359469.965: Application time: 0.2982699 seconds
2019-06-25T12:04:23.533+0000: 359483.443: Application time: 13.4777770 seconds
2019-06-25T12:05:49.856+0000: 359569.766: Application time: 86.3222430 seconds
{Heap before GC invocations=5172 (full 145):
 par new generation   total 9792K, used 9792K [0x00000000e1000000, 0x00000000e1aa0000, 0x00000000eb4a0000)
  eden space 8704K, 100% used [0x00000000e1000000, 0x00000000e1880000, 0x00000000e1880000)
  from space 1088K, 100% used [0x00000000e1880000, 0x00000000e1990000, 0x00000000e1990000)
  to   space 1088K,   0% used [0x00000000e1990000, 0x00000000e1990000, 0x00000000e1aa0000)
 concurrent mark-sweep generation total 118492K, used 67443K [0x00000000eb4a0000, 0x00000000f2857000, 0x0000000100000000)
 Metaspace       used 95756K, capacity 99915K, committed 100352K, reserved 1136640K
  class space    used 11682K, capacity 12452K, committed 12544K, reserved 1048576K
2019-06-25T12:05:49.857+0000: 359569.767: [GC (Allocation Failure) 2019-06-25T12:05:49.857+0000: 359569.767: [ParNew: 9792K->783K(9792K), 0.0152675 secs] 77235K->68365K(128284K), 0.0160632 secs] [Times: user=0.03 sys=0.00, real=0.02 secs] 
Heap after GC invocations=5173 (full 145):
 par new generation   total 9792K, used 783K [0x00000000e1000000, 0x00000000e1aa0000, 0x00000000eb4a0000)
  eden space 8704K,   0% used [0x00000000e1000000, 0x00000000e1000000, 0x00000000e1880000)
  from space 1088K,  71% used [0x00000000e1990000, 0x00000000e1a53d00, 0x00000000e1aa0000)
  to   space 1088K,   0% used [0x00000000e1880000, 0x00000000e1880000, 0x00000000e1990000)
 concurrent mark-sweep generation total 118492K, used 67582K [0x00000000eb4a0000, 0x00000000f2857000, 0x0000000100000000)
 Metaspace       used 95756K, capacity 99915K, committed 100352K, reserved 1136640K
  class space    used 11682K, capacity 12452K, committed 12544K, reserved 1048576K
}
2019-06-25T12:07:20.526+0000: 359660.436: Application time: 90.6530361 seconds
{Heap before GC invocations=5173 (full 145):
 par new generation   total 9792K, used 9419K [0x00000000e1000000, 0x00000000e1aa0000, 0x00000000eb4a0000)
  eden space 8704K,  99% used [0x00000000e1000000, 0x00000000e186ef18, 0x00000000e1880000)
  from space 1088K,  71% used [0x00000000e1990000, 0x00000000e1a53d00, 0x00000000e1aa0000)
  to   space 1088K,   0% used [0x00000000e1880000, 0x00000000e1880000, 0x00000000e1990000)
 concurrent mark-sweep generation total 118492K, used 67582K [0x00000000eb4a0000, 0x00000000f2857000, 0x0000000100000000)
 Metaspace       used 95756K, capacity 99915K, committed 100352K, reserved 1136640K
  class space    used 11682K, capacity 12452K, committed 12544K, reserved 1048576K
2019-06-25T12:07:20.527+0000: 359660.437: [GC (Allocation Failure) 2019-06-25T12:07:20.528+0000: 359660.438: [ParNew: 9419K->837K(9792K), 0.0041185 secs] 77001K->68605K(128284K), 0.0049975 secs] [Times: user=0.01 sys=0.00, real=0.01 secs] 
Heap after GC invocations=5174 (full 145):
 par new generation   total 9792K, used 837K [0x00000000e1000000, 0x00000000e1aa0000, 0x00000000eb4a0000)
  eden space 8704K,   0% used [0x00000000e1000000, 0x00000000e1000000, 0x00000000e1880000)
  from space 1088K,  76% used [0x00000000e1880000, 0x00000000e19515c8, 0x00000000e1990000)
  to   space 1088K,   0% used [0x00000000e1990000, 0x00000000e1990000, 0x00000000e1aa0000)
 concurrent mark-sweep generation total 118492K, used 67768K [0x00000000eb4a0000, 0x00000000f2857000, 0x0000000100000000)
 Metaspace       used 95756K, capacity 99915K, committed 100352K, reserved 1136640K
  class space    used 11682K, capacity 12452K, committed 12544K, reserved 1048576K
}
2019-06-25T12:07:20.926+0000: 359660.836: Application time: 0.3931603 seconds
2019-06-25T12:07:20.927+0000: 359660.837: Application time: 0.0000753 seconds
2019-06-25T12:07:20.927+0000: 359660.837: Application time: 0.0000598 seconds
2019-06-25T12:07:20.927+0000: 359660.837: Application time: 0.0000624 seconds
2019-06-25T12:07:25.523+0000: 359665.432: Application time: 4.5946976 seconds
2019-06-25T12:07:25.557+0000: 359665.466: Application time: 0.0337168 seconds
2019-06-25T12:07:41.027+0000: 359680.936: Application time: 15.4697994 seconds
2019-06-25T12:08:43.054+0000: 359742.964: Application time: 62.0271719 seconds
{Heap before GC invocations=5174 (full 145):
 par new generation   total 9792K, used 9541K [0x00000000e1000000, 0x00000000e1aa0000, 0x00000000eb4a0000)
  eden space 8704K, 100% used [0x00000000e1000000, 0x00000000e1880000, 0x00000000e1880000)
  from space 1088K,  76% used [0x00000000e1880000, 0x00000000e19515c8, 0x00000000e1990000)
  to   space 1088K,   0% used [0x00000000e1990000, 0x00000000e1990000, 0x00000000e1aa0000)
 concurrent mark-sweep generation total 118492K, used 67768K [0x00000000eb4a0000, 0x00000000f2857000, 0x0000000100000000)
 Metaspace       used 95756K, capacity 99915K, committed 100352K, reserved 1136640K
  class space    used 11682K, capacity 12452K, committed 12544K, reserved 1048576K
2019-06-25T12:08:43.055+0000: 359742.965: [GC (Allocation Failure) 2019-06-25T12:08:43.055+0000: 359742.965: [ParNew: 9541K->445K(9792K), 0.0040886 secs] 77309K->68478K(128284K), 0.0048230 secs] [Times: user=0.01 sys=0.00, real=0.01 secs] 
Heap after GC invocations=5175 (full 145):
 par new generation   total 9792K, used 445K [0x00000000e1000000, 0x00000000e1aa0000, 0x00000000eb4a0000)
  eden space 8704K,   0% used [0x00000000e1000000, 0x00000000e1000000, 0x00000000e1880000)
  from space 1088K,  40% used [0x00000000e1990000, 0x00000000e19ff660, 0x00000000e1aa0000)
  to   space 1088K,   0% used [0x00000000e1880000, 0x00000000e1880000, 0x00000000e1990000)
 concurrent mark-sweep generation total 118492K, used 68032K [0x00000000eb4a0000, 0x00000000f2857000, 0x0000000100000000)
 Metaspace       used 95756K, capacity 99915K, committed 100352K, reserved 1136640K
  class space    used 11682K, capacity 12452K, committed 12544K, reserved 1048576K
}
2019-06-25T12:09:10.081+0000: 359769.991: Application time: 27.0209736 seconds
2019-06-25T12:10:24.076+0000: 359843.986: Application time: 73.9947086 seconds
{Heap before GC invocations=5175 (full 145):
 par new generation   total 9792K, used 9149K [0x00000000e1000000, 0x00000000e1aa0000, 0x00000000eb4a0000)
  eden space 8704K, 100% used [0x00000000e1000000, 0x00000000e1880000, 0x00000000e1880000)
  from space 1088K,  40% used [0x00000000e1990000, 0x00000000e19ff660, 0x00000000e1aa0000)
  to   space 1088K,   0% used [0x00000000e1880000, 0x00000000e1880000, 0x00000000e1990000)
 concurrent mark-sweep generation total 118492K, used 68032K [0x00000000eb4a0000, 0x00000000f2857000, 0x0000000100000000)
 Metaspace       used 95756K, capacity 99915K, committed 100352K, reserved 1136640K
  class space    used 11682K, capacity 12452K, committed 12544K, reserved 1048576K
2019-06-25T12:10:24.077+0000: 359843.987: [GC (Allocation Failure) 2019-06-25T12:10:24.078+0000: 359843.988: [ParNew: 9149K->656K(9792K), 0.0033402 secs] 77182K->68689K(128284K), 0.0043152 secs] [Times: user=0.00 sys=0.01, real=0.01 secs] 
Heap after GC invocations=5176 (full 145):
 par new generation   total 9792K, used 656K [0x00000000e1000000, 0x00000000e1aa0000, 0x00000000eb4a0000)
  eden space 8704K,   0% used [0x00000000e1000000, 0x00000000e1000000, 0x00000000e1880000)
  from space 1088K,  60% used [0x00000000e1880000, 0x00000000e1924218, 0x00000000e1990000)
  to   space 1088K,   0% used [0x00000000e1990000, 0x00000000e1990000, 0x00000000e1aa0000)
 concurrent mark-sweep generation total 118492K, used 68032K [0x00000000eb4a0000, 0x00000000f2857000, 0x0000000100000000)
 Metaspace       used 95756K, capacity 99915K, committed 100352K, reserved 1136640K
  class space    used 11682K, capacity 12452K, committed 12544K, reserved 1048576K
}
2019-06-25T12:12:10.566+0000: 359950.476: Application time: 106.4840906 seconds
{Heap before GC invocations=5176 (full 145):
 par new generation   total 9792K, used 9360K [0x00000000e1000000, 0x00000000e1aa0000, 0x00000000eb4a0000)
  eden space 8704K, 100% used [0x00000000e1000000, 0x00000000e1880000, 0x00000000e1880000)
  from space 1088K,  60% used [0x00000000e1880000, 0x00000000e1924218, 0x00000000e1990000)
  to   space 1088K,   0% used [0x00000000e1990000, 0x00000000e1990000, 0x00000000e1aa0000)
 concurrent mark-sweep generation total 118492K, used 68032K [0x00000000eb4a0000, 0x00000000f2857000, 0x0000000100000000)
 Metaspace       used 95756K, capacity 99915K, committed 100352K, reserved 1136640K
  class space    used 11682K, capacity 12452K, committed 12544K, reserved 1048576K
2019-06-25T12:12:10.568+0000: 359950.477: [GC (Allocation Failure) 2019-06-25T12:12:10.568+0000: 359950.478: [ParNew: 9360K->620K(9792K), 0.0036554 secs] 77393K->68653K(128284K), 0.0045200 secs] [Times: user=0.01 sys=0.00, real=0.01 secs] 
Heap after GC invocations=5177 (full 145):
 par new generation   total 9792K, used 620K [0x00000000e1000000, 0x00000000e1aa0000, 0x00000000eb4a0000)
  eden space 8704K,   0% used [0x00000000e1000000, 0x00000000e1000000, 0x00000000e1880000)
  from space 1088K,  57% used [0x00000000e1990000, 0x00000000e1a2b1a0, 0x00000000e1aa0000)
  to   space 1088K,   0% used [0x00000000e1880000, 0x00000000e1880000, 0x00000000e1990000)
 concurrent mark-sweep generation total 118492K, used 68032K [0x00000000eb4a0000, 0x00000000f2857000, 0x0000000100000000)
 Metaspace       used 95756K, capacity 99915K, committed 100352K, reserved 1136640K
  class space    used 11682K, capacity 12452K, committed 12544K, reserved 1048576K
}
2019-06-25T12:13:24.318+0000: 360024.228: Application time: 73.7451024 seconds
2019-06-25T12:13:24.319+0000: 360024.228: Application time: 0.0000740 seconds
2019-06-25T12:13:24.319+0000: 360024.229: Application time: 0.0000673 seconds
2019-06-25T12:13:24.319+0000: 360024.229: Application time: 0.0000575 seconds
2019-06-25T12:13:24.320+0000: 360024.230: Application time: 0.0000982 seconds
2019-06-25T12:13:24.320+0000: 360024.230: Application time: 0.0001223 seconds
2019-06-25T12:13:49.548+0000: 360049.457: Application time: 25.2273416 seconds
{Heap before GC invocations=5177 (full 145):
 par new generation   total 9792K, used 9324K [0x00000000e1000000, 0x00000000e1aa0000, 0x00000000eb4a0000)
  eden space 8704K, 100% used [0x00000000e1000000, 0x00000000e1880000, 0x00000000e1880000)
  from space 1088K,  57% used [0x00000000e1990000, 0x00000000e1a2b1a0, 0x00000000e1aa0000)
  to   space 1088K,   0% used [0x00000000e1880000, 0x00000000e1880000, 0x00000000e1990000)
 concurrent mark-sweep generation total 118492K, used 68032K [0x00000000eb4a0000, 0x00000000f2857000, 0x0000000100000000)
 Metaspace       used 95757K, capacity 99915K, committed 100352K, reserved 1136640K
  class space    used 11682K, capacity 12452K, committed 12544K, reserved 1048576K
2019-06-25T12:13:49.548+0000: 360049.458: [GC (Allocation Failure) 2019-06-25T12:13:49.548+0000: 360049.458: [ParNew: 9324K->635K(9792K), 0.0032489 secs] 77357K->68667K(128284K), 0.0041271 secs] [Times: user=0.00 sys=0.00, real=0.01 secs] 
Heap after GC invocations=5178 (full 145):
 par new generation   total 9792K, used 635K [0x00000000e1000000, 0x00000000e1aa0000, 0x00000000eb4a0000)
  eden space 8704K,   0% used [0x00000000e1000000, 0x00000000e1000000, 0x00000000e1880000)
  from space 1088K,  58% used [0x00000000e1880000, 0x00000000e191eca8, 0x00000000e1990000)
  to   space 1088K,   0% used [0x00000000e1990000, 0x00000000e1990000, 0x00000000e1aa0000)
 concurrent mark-sweep generation total 118492K, used 68032K [0x00000000eb4a0000, 0x00000000f2857000, 0x0000000100000000)
 Metaspace       used 95757K, capacity 99915K, committed 100352K, reserved 1136640K
  class space    used 11682K, capacity 12452K, committed 12544K, reserved 1048576K
}
2019-06-25T12:14:11.587+0000: 360071.497: Application time: 22.0340986 seconds
2019-06-25T12:15:29.611+0000: 360149.521: Application time: 78.0238395 seconds
{Heap before GC invocations=5178 (full 145):
 par new generation   total 9792K, used 9339K [0x00000000e1000000, 0x00000000e1aa0000, 0x00000000eb4a0000)
  eden space 8704K, 100% used [0x00000000e1000000, 0x00000000e1880000, 0x00000000e1880000)
  from space 1088K,  58% used [0x00000000e1880000, 0x00000000e191eca8, 0x00000000e1990000)
  to   space 1088K,   0% used [0x00000000e1990000, 0x00000000e1990000, 0x00000000e1aa0000)
 concurrent mark-sweep generation total 118492K, used 68032K [0x00000000eb4a0000, 0x00000000f2857000, 0x0000000100000000)
 Metaspace       used 95757K, capacity 99915K, committed 100352K, reserved 1136640K
  class space    used 11682K, capacity 12452K, committed 12544K, reserved 1048576K
2019-06-25T12:15:29.612+0000: 360149.522: [GC (Allocation Failure) 2019-06-25T12:15:29.612+0000: 360149.522: [ParNew: 9339K->682K(9792K), 0.0033843 secs] 77371K->68747K(128284K), 0.0042853 secs] [Times: user=0.00 sys=0.00, real=0.00 secs] 
Heap after GC invocations=5179 (full 145):
 par new generation   total 9792K, used 682K [0x00000000e1000000, 0x00000000e1aa0000, 0x00000000eb4a0000)
  eden space 8704K,   0% used [0x00000000e1000000, 0x00000000e1000000, 0x00000000e1880000)
  from space 1088K,  62% used [0x00000000e1990000, 0x00000000e1a3aab0, 0x00000000e1aa0000)
  to   space 1088K,   0% used [0x00000000e1880000, 0x00000000e1880000, 0x00000000e1990000)
 concurrent mark-sweep generation total 118492K, used 68065K [0x00000000eb4a0000, 0x00000000f2857000, 0x0000000100000000)
 Metaspace       used 95757K, capacity 99915K, committed 100352K, reserved 1136640K
  class space    used 11682K, capacity 12452K, committed 12544K, reserved 1048576K
}
2019-06-25T12:17:10.599+0000: 360250.509: Application time: 100.9826044 seconds
{Heap before GC invocations=5179 (full 145):
 par new generation   total 9792K, used 9386K [0x00000000e1000000, 0x00000000e1aa0000, 0x00000000eb4a0000)
  eden space 8704K, 100% used [0x00000000e1000000, 0x00000000e1880000, 0x00000000e1880000)
  from space 1088K,  62% used [0x00000000e1990000, 0x00000000e1a3aab0, 0x00000000e1aa0000)
  to   space 1088K,   0% used [0x00000000e1880000, 0x00000000e1880000, 0x00000000e1990000)
 concurrent mark-sweep generation total 118492K, used 68065K [0x00000000eb4a0000, 0x00000000f2857000, 0x0000000100000000)
 Metaspace       used 95757K, capacity 99915K, committed 100352K, reserved 1136640K
  class space    used 11682K, capacity 12452K, committed 12544K, reserved 1048576K
2019-06-25T12:17:10.600+0000: 360250.510: [GC (Allocation Failure) 2019-06-25T12:17:10.601+0000: 360250.510: [ParNew: 9386K->828K(9792K), 0.0040488 secs] 77451K->68893K(128284K), 0.0049045 secs] [Times: user=0.00 sys=0.00, real=0.00 secs] 
Heap after GC invocations=5180 (full 145):
 par new generation   total 9792K, used 828K [0x00000000e1000000, 0x00000000e1aa0000, 0x00000000eb4a0000)
  eden space 8704K,   0% used [0x00000000e1000000, 0x00000000e1000000, 0x00000000e1880000)
  from space 1088K,  76% used [0x00000000e1880000, 0x00000000e194f0f8, 0x00000000e1990000)
  to   space 1088K,   0% used [0x00000000e1990000, 0x00000000e1990000, 0x00000000e1aa0000)
 concurrent mark-sweep generation total 118492K, used 68065K [0x00000000eb4a0000, 0x00000000f2857000, 0x0000000100000000)
 Metaspace       used 95757K, capacity 99915K, committed 100352K, reserved 1136640K
  class space    used 11682K, capacity 12452K, committed 12544K, reserved 1048576K
}
2019-06-25T12:18:53.351+0000: 360353.261: Application time: 102.7450265 seconds
{Heap before GC invocations=5180 (full 145):
 par new generation   total 9792K, used 9532K [0x00000000e1000000, 0x00000000e1aa0000, 0x00000000eb4a0000)
  eden space 8704K, 100% used [0x00000000e1000000, 0x00000000e1880000, 0x00000000e1880000)
  from space 1088K,  76% used [0x00000000e1880000, 0x00000000e194f0f8, 0x00000000e1990000)
  to   space 1088K,   0% used [0x00000000e1990000, 0x00000000e1990000, 0x00000000e1aa0000)
 concurrent mark-sweep generation total 118492K, used 68065K [0x00000000eb4a0000, 0x00000000f2857000, 0x0000000100000000)
 Metaspace       used 95757K, capacity 99915K, committed 100352K, reserved 1136640K
  class space    used 11682K, capacity 12452K, committed 12544K, reserved 1048576K
2019-06-25T12:18:53.352+0000: 360353.262: [GC (Allocation Failure) 2019-06-25T12:18:53.352+0000: 360353.262: [ParNew: 9532K->705K(9792K), 0.0039514 secs] 77597K->68839K(128284K), 0.0047532 secs] [Times: user=0.00 sys=0.01, real=0.00 secs] 
Heap after GC invocations=5181 (full 145):
 par new generation   total 9792K, used 705K [0x00000000e1000000, 0x00000000e1aa0000, 0x00000000eb4a0000)
  eden space 8704K,   0% used [0x00000000e1000000, 0x00000000e1000000, 0x00000000e1880000)
  from space 1088K,  64% used [0x00000000e1990000, 0x00000000e1a404f8, 0x00000000e1aa0000)
  to   space 1088K,   0% used [0x00000000e1880000, 0x00000000e1880000, 0x00000000e1990000)
 concurrent mark-sweep generation total 118492K, used 68134K [0x00000000eb4a0000, 0x00000000f2857000, 0x0000000100000000)
 Metaspace       used 95757K, capacity 99915K, committed 100352K, reserved 1136640K
  class space    used 11682K, capacity 12452K, committed 12544K, reserved 1048576K
}
2019-06-25T12:19:10.135+0000: 360370.045: Application time: 16.7770098 seconds
2019-06-25T12:20:32.685+0000: 360452.595: Application time: 82.5499321 seconds
{Heap before GC invocations=5181 (full 145):
 par new generation   total 9792K, used 9409K [0x00000000e1000000, 0x00000000e1aa0000, 0x00000000eb4a0000)
  eden space 8704K, 100% used [0x00000000e1000000, 0x00000000e1880000, 0x00000000e1880000)
  from space 1088K,  64% used [0x00000000e1990000, 0x00000000e1a404f8, 0x00000000e1aa0000)
  to   space 1088K,   0% used [0x00000000e1880000, 0x00000000e1880000, 0x00000000e1990000)
 concurrent mark-sweep generation total 118492K, used 68134K [0x00000000eb4a0000, 0x00000000f2857000, 0x0000000100000000)
 Metaspace       used 95757K, capacity 99915K, committed 100352K, reserved 1136640K
  class space    used 11682K, capacity 12452K, committed 12544K, reserved 1048576K
2019-06-25T12:20:32.686+0000: 360452.596: [GC (Allocation Failure) 2019-06-25T12:20:32.687+0000: 360452.596: [ParNew: 9409K->641K(9792K), 0.0035054 secs] 77543K->68775K(128284K), 0.0045213 secs] [Times: user=0.01 sys=0.00, real=0.01 secs] 
Heap after GC invocations=5182 (full 145):
 par new generation   total 9792K, used 641K [0x00000000e1000000, 0x00000000e1aa0000, 0x00000000eb4a0000)
  eden space 8704K,   0% used [0x00000000e1000000, 0x00000000e1000000, 0x00000000e1880000)
  from space 1088K,  58% used [0x00000000e1880000, 0x00000000e1920420, 0x00000000e1990000)
  to   space 1088K,   0% used [0x00000000e1990000, 0x00000000e1990000, 0x00000000e1aa0000)
 concurrent mark-sweep generation total 118492K, used 68134K [0x00000000eb4a0000, 0x00000000f2857000, 0x0000000100000000)
 Metaspace       used 95757K, capacity 99915K, committed 100352K, reserved 1136640K
  class space    used 11682K, capacity 12452K, committed 12544K, reserved 1048576K
}
2019-06-25T12:22:11.141+0000: 360551.050: Application time: 98.4489180 seconds
{Heap before GC invocations=5182 (full 145):
 par new generation   total 9792K, used 9345K [0x00000000e1000000, 0x00000000e1aa0000, 0x00000000eb4a0000)
  eden space 8704K, 100% used [0x00000000e1000000, 0x00000000e1880000, 0x00000000e1880000)
  from space 1088K,  58% used [0x00000000e1880000, 0x00000000e1920420, 0x00000000e1990000)
  to   space 1088K,   0% used [0x00000000e1990000, 0x00000000e1990000, 0x00000000e1aa0000)
 concurrent mark-sweep generation total 118492K, used 68134K [0x00000000eb4a0000, 0x00000000f2857000, 0x0000000100000000)
 Metaspace       used 95757K, capacity 99915K, committed 100352K, reserved 1136640K
  class space    used 11682K, capacity 12452K, committed 12544K, reserved 1048576K
2019-06-25T12:22:11.141+0000: 360551.051: [GC (Allocation Failure) 2019-06-25T12:22:11.142+0000: 360551.051: [ParNew: 9345K->651K(9792K), 0.0033255 secs] 77479K->68785K(128284K), 0.0041711 secs] [Times: user=0.00 sys=0.01, real=0.00 secs] 
Heap after GC invocations=5183 (full 145):
 par new generation   total 9792K, used 651K [0x00000000e1000000, 0x00000000e1aa0000, 0x00000000eb4a0000)
  eden space 8704K,   0% used [0x00000000e1000000, 0x00000000e1000000, 0x00000000e1880000)
  from space 1088K,  59% used [0x00000000e1990000, 0x00000000e1a32cb8, 0x00000000e1aa0000)
  to   space 1088K,   0% used [0x00000000e1880000, 0x00000000e1880000, 0x00000000e1990000)
 concurrent mark-sweep generation total 118492K, used 68134K [0x00000000eb4a0000, 0x00000000f2857000, 0x0000000100000000)
 Metaspace       used 95757K, capacity 99915K, committed 100352K, reserved 1136640K
  class space    used 11682K, capacity 12452K, committed 12544K, reserved 1048576K
}
2019-06-25T12:23:11.145+0000: 360611.055: Application time: 59.9990707 seconds
2019-06-25T12:23:53.864+0000: 360653.773: Application time: 42.7179739 seconds
{Heap before GC invocations=5183 (full 145):
 par new generation   total 9792K, used 9355K [0x00000000e1000000, 0x00000000e1aa0000, 0x00000000eb4a0000)
  eden space 8704K, 100% used [0x00000000e1000000, 0x00000000e1880000, 0x00000000e1880000)
  from space 1088K,  59% used [0x00000000e1990000, 0x00000000e1a32cb8, 0x00000000e1aa0000)
  to   space 1088K,   0% used [0x00000000e1880000, 0x00000000e1880000, 0x00000000e1990000)
 concurrent mark-sweep generation total 118492K, used 68134K [0x00000000eb4a0000, 0x00000000f2857000, 0x0000000100000000)
 Metaspace       used 95757K, capacity 99915K, committed 100352K, reserved 1136640K
  class space    used 11682K, capacity 12452K, committed 12544K, reserved 1048576K
2019-06-25T12:23:53.865+0000: 360653.775: [GC (Allocation Failure) 2019-06-25T12:23:53.865+0000: 360653.775: [ParNew: 9355K->664K(9792K), 0.0045187 secs] 77489K->68799K(128284K), 0.0057405 secs] [Times: user=0.01 sys=0.00, real=0.01 secs] 
Heap after GC invocations=5184 (full 145):
 par new generation   total 9792K, used 664K [0x00000000e1000000, 0x00000000e1aa0000, 0x00000000eb4a0000)
  eden space 8704K,   0% used [0x00000000e1000000, 0x00000000e1000000, 0x00000000e1880000)
  from space 1088K,  61% used [0x00000000e1880000, 0x00000000e1926258, 0x00000000e1990000)
  to   space 1088K,   0% used [0x00000000e1990000, 0x00000000e1990000, 0x00000000e1aa0000)
 concurrent mark-sweep generation total 118492K, used 68134K [0x00000000eb4a0000, 0x00000000f2857000, 0x0000000100000000)
 Metaspace       used 95757K, capacity 99915K, committed 100352K, reserved 1136640K
  class space    used 11682K, capacity 12452K, committed 12544K, reserved 1048576K
}
2019-06-25T12:24:11.642+0000: 360671.552: Application time: 17.7705675 seconds
2019-06-25T12:25:36.006+0000: 360755.916: Application time: 84.3638666 seconds
{Heap before GC invocations=5184 (full 145):
 par new generation   total 9792K, used 9368K [0x00000000e1000000, 0x00000000e1aa0000, 0x00000000eb4a0000)
  eden space 8704K, 100% used [0x00000000e1000000, 0x00000000e1880000, 0x00000000e1880000)
  from space 1088K,  61% used [0x00000000e1880000, 0x00000000e1926258, 0x00000000e1990000)
  to   space 1088K,   0% used [0x00000000e1990000, 0x00000000e1990000, 0x00000000e1aa0000)
 concurrent mark-sweep generation total 118492K, used 68134K [0x00000000eb4a0000, 0x00000000f2857000, 0x0000000100000000)
 Metaspace       used 95757K, capacity 99915K, committed 100352K, reserved 1136640K
  class space    used 11682K, capacity 12452K, committed 12544K, reserved 1048576K
2019-06-25T12:25:36.007+0000: 360755.917: [GC (Allocation Failure) 2019-06-25T12:25:36.007+0000: 360755.917: [ParNew: 9368K->653K(9792K), 0.0035767 secs] 77503K->68787K(128284K), 0.0044916 secs] [Times: user=0.01 sys=0.00, real=0.01 secs] 
Heap after GC invocations=5185 (full 145):
 par new generation   total 9792K, used 653K [0x00000000e1000000, 0x00000000e1aa0000, 0x00000000eb4a0000)
  eden space 8704K,   0% used [0x00000000e1000000, 0x00000000e1000000, 0x00000000e1880000)
  from space 1088K,  60% used [0x00000000e1990000, 0x00000000e1a33530, 0x00000000e1aa0000)
  to   space 1088K,   0% used [0x00000000e1880000, 0x00000000e1880000, 0x00000000e1990000)
 concurrent mark-sweep generation total 118492K, used 68134K [0x00000000eb4a0000, 0x00000000f2857000, 0x0000000100000000)
 Metaspace       used 95757K, capacity 99915K, committed 100352K, reserved 1136640K
  class space    used 11682K, capacity 12452K, committed 12544K, reserved 1048576K
}
2019-06-25T12:26:54.164+0000: 360834.074: Application time: 78.1522164 seconds
2019-06-25T12:27:12.670+0000: 360852.580: Application time: 18.5054584 seconds
{Heap before GC invocations=5185 (full 145):
 par new generation   total 9792K, used 9357K [0x00000000e1000000, 0x00000000e1aa0000, 0x00000000eb4a0000)
  eden space 8704K, 100% used [0x00000000e1000000, 0x00000000e1880000, 0x00000000e1880000)
  from space 1088K,  60% used [0x00000000e1990000, 0x00000000e1a33530, 0x00000000e1aa0000)
  to   space 1088K,   0% used [0x00000000e1880000, 0x00000000e1880000, 0x00000000e1990000)
 concurrent mark-sweep generation total 118492K, used 68134K [0x00000000eb4a0000, 0x00000000f2857000, 0x0000000100000000)
 Metaspace       used 95757K, capacity 99915K, committed 100352K, reserved 1136640K
  class space    used 11682K, capacity 12452K, committed 12544K, reserved 1048576K
2019-06-25T12:27:12.671+0000: 360852.581: [GC (Allocation Failure) 2019-06-25T12:27:12.671+0000: 360852.581: [ParNew: 9357K->731K(9792K), 0.0054922 secs] 77491K->68866K(128284K), 0.0064417 secs] [Times: user=0.00 sys=0.01, real=0.00 secs] 
Heap after GC invocations=5186 (full 145):
 par new generation   total 9792K, used 731K [0x00000000e1000000, 0x00000000e1aa0000, 0x00000000eb4a0000)
  eden space 8704K,   0% used [0x00000000e1000000, 0x00000000e1000000, 0x00000000e1880000)
  from space 1088K,  67% used [0x00000000e1880000, 0x00000000e1936ea0, 0x00000000e1990000)
  to   space 1088K,   0% used [0x00000000e1990000, 0x00000000e1990000, 0x00000000e1aa0000)
 concurrent mark-sweep generation total 118492K, used 68134K [0x00000000eb4a0000, 0x00000000f2857000, 0x0000000100000000)
 Metaspace       used 95757K, capacity 99915K, committed 100352K, reserved 1136640K
  class space    used 11682K, capacity 12452K, committed 12544K, reserved 1048576K
}
2019-06-25T12:28:54.173+0000: 360954.083: Application time: 101.4949919 seconds
{Heap before GC invocations=5186 (full 145):
 par new generation   total 9792K, used 9428K [0x00000000e1000000, 0x00000000e1aa0000, 0x00000000eb4a0000)
  eden space 8704K,  99% used [0x00000000e1000000, 0x00000000e187e4c8, 0x00000000e1880000)
  from space 1088K,  67% used [0x00000000e1880000, 0x00000000e1936ea0, 0x00000000e1990000)
  to   space 1088K,   0% used [0x00000000e1990000, 0x00000000e1990000, 0x00000000e1aa0000)
 concurrent mark-sweep generation total 118492K, used 68134K [0x00000000eb4a0000, 0x00000000f2857000, 0x0000000100000000)
 Metaspace       used 95757K, capacity 99915K, committed 100352K, reserved 1136640K
  class space    used 11682K, capacity 12452K, committed 12544K, reserved 1048576K
2019-06-25T12:28:54.174+0000: 360954.084: [GC (Allocation Failure) 2019-06-25T12:28:54.175+0000: 360954.085: [ParNew: 9428K->815K(9792K), 0.0149553 secs] 77563K->68975K(128284K), 0.0158617 secs] [Times: user=0.03 sys=0.00, real=0.02 secs] 
Heap after GC invocations=5187 (full 145):
 par new generation   total 9792K, used 815K [0x00000000e1000000, 0x00000000e1aa0000, 0x00000000eb4a0000)
  eden space 8704K,   0% used [0x00000000e1000000, 0x00000000e1000000, 0x00000000e1880000)
  from space 1088K,  74% used [0x00000000e1990000, 0x00000000e1a5bd68, 0x00000000e1aa0000)
  to   space 1088K,   0% used [0x00000000e1880000, 0x00000000e1880000, 0x00000000e1990000)
 concurrent mark-sweep generation total 118492K, used 68160K [0x00000000eb4a0000, 0x00000000f2857000, 0x0000000100000000)
 Metaspace       used 95757K, capacity 99915K, committed 100352K, reserved 1136640K
  class space    used 11682K, capacity 12452K, committed 12544K, reserved 1048576K
}
2019-06-25T12:28:57.132+0000: 360957.042: Application time: 2.9405370 seconds
2019-06-25T12:28:57.134+0000: 360957.043: Application time: 0.0001140 seconds
2019-06-25T12:28:57.134+0000: 360957.044: Application time: 0.0001044 seconds
2019-06-25T12:28:57.134+0000: 360957.044: Application time: 0.0000732 seconds
2019-06-25T12:28:57.135+0000: 360957.045: Application time: 0.0001506 seconds
2019-06-25T12:28:57.136+0000: 360957.045: Application time: 0.0000846 seconds
2019-06-25T12:29:01.688+0000: 360961.598: Application time: 4.5524485 seconds
2019-06-25T12:29:01.714+0000: 360961.624: Application time: 0.0254243 seconds
2019-06-25T12:29:06.057+0000: 360965.967: Application time: 4.3429550 seconds
2019-06-25T12:29:06.058+0000: 360965.967: Application time: 0.0000965 seconds
2019-06-25T12:29:06.058+0000: 360965.968: Application time: 0.0001521 seconds
2019-06-25T12:29:06.062+0000: 360965.972: Application time: 0.0001584 seconds
2019-06-25T12:29:06.143+0000: 360966.052: Application time: 0.0803138 seconds
2019-06-25T12:29:06.143+0000: 360966.053: Application time: 0.0000643 seconds
2019-06-25T12:29:06.143+0000: 360966.053: Application time: 0.0000656 seconds
2019-06-25T12:29:06.143+0000: 360966.053: Application time: 0.0000614 seconds
2019-06-25T12:29:06.144+0000: 360966.053: Application time: 0.0001053 seconds
2019-06-25T12:29:06.144+0000: 360966.054: Application time: 0.0003977 seconds
2019-06-25T12:29:09.767+0000: 360969.677: Application time: 3.6228172 seconds
2019-06-25T12:29:09.768+0000: 360969.677: Application time: 0.0000752 seconds
2019-06-25T12:29:09.768+0000: 360969.678: Application time: 0.0000666 seconds
2019-06-25T12:29:09.768+0000: 360969.678: Application time: 0.0001045 seconds
2019-06-25T12:29:10.208+0000: 360970.118: Application time: 0.4396824 seconds
2019-06-25T12:29:11.063+0000: 360970.972: Application time: 0.8541196 seconds
2019-06-25T12:29:11.086+0000: 360970.996: Application time: 0.0232113 seconds
2019-06-25T12:29:11.163+0000: 360971.073: Application time: 0.0766120 seconds
2019-06-25T12:29:23.427+0000: 360983.336: Application time: 12.2631406 seconds
2019-06-25T12:29:23.499+0000: 360983.408: Application time: 0.0718124 seconds
2019-06-25T12:29:23.501+0000: 360983.411: Application time: 0.0000975 seconds
2019-06-25T12:29:23.502+0000: 360983.412: Application time: 0.0006239 seconds
2019-06-25T12:29:23.503+0000: 360983.413: Application time: 0.0007782 seconds
2019-06-25T12:29:23.505+0000: 360983.414: Application time: 0.0010860 seconds
{Heap before GC invocations=5187 (full 145):
 par new generation   total 9792K, used 9517K [0x00000000e1000000, 0x00000000e1aa0000, 0x00000000eb4a0000)
  eden space 8704K,  99% used [0x00000000e1000000, 0x00000000e187f700, 0x00000000e1880000)
  from space 1088K,  74% used [0x00000000e1990000, 0x00000000e1a5bd68, 0x00000000e1aa0000)
  to   space 1088K,   0% used [0x00000000e1880000, 0x00000000e1880000, 0x00000000e1990000)
 concurrent mark-sweep generation total 118492K, used 68160K [0x00000000eb4a0000, 0x00000000f2857000, 0x0000000100000000)
 Metaspace       used 95757K, capacity 99915K, committed 100352K, reserved 1136640K
  class space    used 11682K, capacity 12452K, committed 12544K, reserved 1048576K
2019-06-25T12:29:23.505+0000: 360983.415: [GC (Allocation Failure) 2019-06-25T12:29:23.505+0000: 360983.415: [ParNew: 9517K->918K(9792K), 0.0035605 secs] 77677K->69078K(128284K), 0.0042747 secs] [Times: user=0.00 sys=0.00, real=0.01 secs] 
Heap after GC invocations=5188 (full 145):
 par new generation   total 9792K, used 918K [0x00000000e1000000, 0x00000000e1aa0000, 0x00000000eb4a0000)
  eden space 8704K,   0% used [0x00000000e1000000, 0x00000000e1000000, 0x00000000e1880000)
  from space 1088K,  84% used [0x00000000e1880000, 0x00000000e1965910, 0x00000000e1990000)
  to   space 1088K,   0% used [0x00000000e1990000, 0x00000000e1990000, 0x00000000e1aa0000)
 concurrent mark-sweep generation total 118492K, used 68160K [0x00000000eb4a0000, 0x00000000f2857000, 0x0000000100000000)
 Metaspace       used 95757K, capacity 99915K, committed 100352K, reserved 1136640K
  class space    used 11682K, capacity 12452K, committed 12544K, reserved 1048576K
}
2019-06-25T12:29:24.160+0000: 360984.070: Application time: 0.6506762 seconds
2019-06-25T12:29:24.162+0000: 360984.072: Application time: 0.0000676 seconds
2019-06-25T12:29:24.162+0000: 360984.072: Application time: 0.0000655 seconds
2019-06-25T12:29:24.163+0000: 360984.072: Application time: 0.0000648 seconds
2019-06-25T12:29:24.163+0000: 360984.073: Application time: 0.0001057 seconds
2019-06-25T12:29:24.163+0000: 360984.073: Application time: 0.0000817 seconds
2019-06-25T12:29:28.510+0000: 360988.420: Application time: 4.3468057 seconds
2019-06-25T12:29:28.531+0000: 360988.441: Application time: 0.0205611 seconds
2019-06-25T12:29:31.169+0000: 360991.079: Application time: 2.6376582 seconds
2019-06-25T12:29:31.170+0000: 360991.079: Application time: 0.0000605 seconds
2019-06-25T12:29:31.170+0000: 360991.080: Application time: 0.0000623 seconds
2019-06-25T12:29:31.170+0000: 360991.080: Application time: 0.0000615 seconds
2019-06-25T12:29:31.171+0000: 360991.080: Application time: 0.0001003 seconds
2019-06-25T12:29:31.171+0000: 360991.081: Application time: 0.0000492 seconds
2019-06-25T12:29:35.621+0000: 360995.531: Application time: 4.4492434 seconds
2019-06-25T12:29:35.647+0000: 360995.557: Application time: 0.0262473 seconds
2019-06-25T12:29:41.166+0000: 361001.075: Application time: 5.5179999 seconds
2019-06-25T12:29:41.166+0000: 361001.076: Application time: 0.0006307 seconds
2019-06-25T12:29:41.167+0000: 361001.077: Application time: 0.0000725 seconds
2019-06-25T12:29:41.167+0000: 361001.077: Application time: 0.0000653 seconds
2019-06-25T12:29:59.548+0000: 361019.458: Application time: 18.3808440 seconds
2019-06-25T12:29:59.548+0000: 361019.458: Application time: 0.0001528 seconds
2019-06-25T12:29:59.549+0000: 361019.459: Application time: 0.0001080 seconds
2019-06-25T12:29:59.549+0000: 361019.459: Application time: 0.0001064 seconds
2019-06-25T12:30:00.194+0000: 361020.104: Application time: 0.6447371 seconds
2019-06-25T12:30:00.195+0000: 361020.105: Application time: 0.0000698 seconds
2019-06-25T12:30:00.196+0000: 361020.105: Application time: 0.0000598 seconds
2019-06-25T12:30:04.550+0000: 361024.460: Application time: 4.3542279 seconds
2019-06-25T12:30:04.573+0000: 361024.483: Application time: 0.0224485 seconds
2019-06-25T12:30:09.818+0000: 361029.728: Application time: 5.2446561 seconds
2019-06-25T12:30:10.669+0000: 361030.579: Application time: 0.8511486 seconds
{Heap before GC invocations=5188 (full 145):
 par new generation   total 9792K, used 9615K [0x00000000e1000000, 0x00000000e1aa0000, 0x00000000eb4a0000)
  eden space 8704K,  99% used [0x00000000e1000000, 0x00000000e187e640, 0x00000000e1880000)
  from space 1088K,  84% used [0x00000000e1880000, 0x00000000e1965910, 0x00000000e1990000)
  to   space 1088K,   0% used [0x00000000e1990000, 0x00000000e1990000, 0x00000000e1aa0000)
 concurrent mark-sweep generation total 118492K, used 68160K [0x00000000eb4a0000, 0x00000000f2857000, 0x0000000100000000)
 Metaspace       used 95757K, capacity 99915K, committed 100352K, reserved 1136640K
  class space    used 11682K, capacity 12452K, committed 12544K, reserved 1048576K
2019-06-25T12:30:10.670+0000: 361030.580: [GC (Allocation Failure) 2019-06-25T12:30:10.670+0000: 361030.580: [ParNew: 9615K->949K(9792K), 0.0043104 secs] 77775K->69383K(128284K), 0.0051604 secs] [Times: user=0.00 sys=0.00, real=0.00 secs] 
Heap after GC invocations=5189 (full 145):
 par new generation   total 9792K, used 949K [0x00000000e1000000, 0x00000000e1aa0000, 0x00000000eb4a0000)
  eden space 8704K,   0% used [0x00000000e1000000, 0x00000000e1000000, 0x00000000e1880000)
  from space 1088K,  87% used [0x00000000e1990000, 0x00000000e1a7d790, 0x00000000e1aa0000)
  to   space 1088K,   0% used [0x00000000e1880000, 0x00000000e1880000, 0x00000000e1990000)
 concurrent mark-sweep generation total 118492K, used 68433K [0x00000000eb4a0000, 0x00000000f2857000, 0x0000000100000000)
 Metaspace       used 95757K, capacity 99915K, committed 100352K, reserved 1136640K
  class space    used 11682K, capacity 12452K, committed 12544K, reserved 1048576K
}
2019-06-25T12:30:11.172+0000: 361031.081: Application time: 0.4955422 seconds
2019-06-25T12:30:13.206+0000: 361033.116: Application time: 2.0344706 seconds
2019-06-25T12:30:13.207+0000: 361033.117: Application time: 0.0000713 seconds
2019-06-25T12:30:13.207+0000: 361033.117: Application time: 0.0000658 seconds
2019-06-25T12:30:13.208+0000: 361033.118: Application time: 0.0000740 seconds
2019-06-25T12:30:13.208+0000: 361033.118: Application time: 0.0000703 seconds
2019-06-25T12:30:17.410+0000: 361037.320: Application time: 4.2020175 seconds
2019-06-25T12:30:17.436+0000: 361037.346: Application time: 0.0259361 seconds
2019-06-25T12:30:41.174+0000: 361061.084: Application time: 23.7371558 seconds
2019-06-25T12:30:41.174+0000: 361061.084: Application time: 0.0001951 seconds
2019-06-25T12:30:41.175+0000: 361061.085: Application time: 0.0001749 seconds
2019-06-25T12:30:41.175+0000: 361061.085: Application time: 0.0001875 seconds
2019-06-25T12:30:41.176+0000: 361061.085: Application time: 0.0001977 seconds
2019-06-25T12:30:41.176+0000: 361061.086: Application time: 0.0001620 seconds
2019-06-25T12:30:41.176+0000: 361061.086: Application time: 0.0001789 seconds
2019-06-25T12:30:41.177+0000: 361061.087: Application time: 0.0002621 seconds
2019-06-25T12:30:41.177+0000: 361061.087: Application time: 0.0002409 seconds
2019-06-25T12:31:05.540+0000: 361085.450: Application time: 24.3626173 seconds
2019-06-25T12:31:12.191+0000: 361092.101: Application time: 6.6508420 seconds
2019-06-25T12:31:24.273+0000: 361104.183: Application time: 12.0818625 seconds
{Heap before GC invocations=5189 (full 145):
 par new generation   total 9792K, used 9652K [0x00000000e1000000, 0x00000000e1aa0000, 0x00000000eb4a0000)
  eden space 8704K,  99% used [0x00000000e1000000, 0x00000000e187fb50, 0x00000000e1880000)
  from space 1088K,  87% used [0x00000000e1990000, 0x00000000e1a7d790, 0x00000000e1aa0000)
  to   space 1088K,   0% used [0x00000000e1880000, 0x00000000e1880000, 0x00000000e1990000)
 concurrent mark-sweep generation total 118492K, used 68433K [0x00000000eb4a0000, 0x00000000f2857000, 0x0000000100000000)
 Metaspace       used 95797K, capacity 99981K, committed 100352K, reserved 1136640K
  class space    used 11688K, capacity 12463K, committed 12544K, reserved 1048576K
2019-06-25T12:31:24.274+0000: 361104.184: [GC (Allocation Failure) 2019-06-25T12:31:24.274+0000: 361104.184: [ParNew: 9652K->747K(9792K), 0.0069522 secs] 78085K->69607K(128284K), 0.0079180 secs] [Times: user=0.01 sys=0.00, real=0.01 secs] 
Heap after GC invocations=5190 (full 145):
 par new generation   total 9792K, used 747K [0x00000000e1000000, 0x00000000e1aa0000, 0x00000000eb4a0000)
  eden space 8704K,   0% used [0x00000000e1000000, 0x00000000e1000000, 0x00000000e1880000)
  from space 1088K,  68% used [0x00000000e1880000, 0x00000000e193aea8, 0x00000000e1990000)
  to   space 1088K,   0% used [0x00000000e1990000, 0x00000000e1990000, 0x00000000e1aa0000)
 concurrent mark-sweep generation total 118492K, used 68860K [0x00000000eb4a0000, 0x00000000f2857000, 0x0000000100000000)
 Metaspace       used 95797K, capacity 99981K, committed 100352K, reserved 1136640K
  class space    used 11688K, capacity 12463K, committed 12544K, reserved 1048576K
}
2019-06-25T12:31:44.300+0000: 361124.210: Application time: 20.0176688 seconds
2019-06-25T12:31:44.301+0000: 361124.210: Application time: 0.0000819 seconds
2019-06-25T12:31:44.301+0000: 361124.211: Application time: 0.0000683 seconds
2019-06-25T12:31:44.301+0000: 361124.211: Application time: 0.0000644 seconds
2019-06-25T12:31:44.302+0000: 361124.212: Application time: 0.0000749 seconds
2019-06-25T12:31:48.427+0000: 361128.337: Application time: 4.1253298 seconds
2019-06-25T12:31:48.452+0000: 361128.362: Application time: 0.0245805 seconds
2019-06-25T12:32:09.772+0000: 361149.682: Application time: 21.3196743 seconds
2019-06-25T12:32:09.773+0000: 361149.683: Application time: 0.0002048 seconds
2019-06-25T12:32:09.773+0000: 361149.683: Application time: 0.0001641 seconds
2019-06-25T12:32:09.773+0000: 361149.683: Application time: 0.0002356 seconds
2019-06-25T12:32:11.187+0000: 361151.097: Application time: 1.4139276 seconds
2019-06-25T12:32:11.189+0000: 361151.099: Application time: 0.0013421 seconds
2019-06-25T12:32:41.198+0000: 361181.108: Application time: 30.0087189 seconds
{Heap before GC invocations=5190 (full 145):
 par new generation   total 9792K, used 9451K [0x00000000e1000000, 0x00000000e1aa0000, 0x00000000eb4a0000)
  eden space 8704K, 100% used [0x00000000e1000000, 0x00000000e1880000, 0x00000000e1880000)
  from space 1088K,  68% used [0x00000000e1880000, 0x00000000e193aea8, 0x00000000e1990000)
  to   space 1088K,   0% used [0x00000000e1990000, 0x00000000e1990000, 0x00000000e1aa0000)
 concurrent mark-sweep generation total 118492K, used 68860K [0x00000000eb4a0000, 0x00000000f2857000, 0x0000000100000000)
 Metaspace       used 95798K, capacity 99981K, committed 100352K, reserved 1136640K
  class space    used 11688K, capacity 12463K, committed 12544K, reserved 1048576K
2019-06-25T12:32:41.209+0000: 361181.119: [GC (Allocation Failure) 2019-06-25T12:32:41.209+0000: 361181.119: [ParNew: 9451K->605K(9792K), 0.0041394 secs] 78311K->69758K(128284K), 0.0050251 secs] [Times: user=0.01 sys=0.00, real=0.00 secs] 
Heap after GC invocations=5191 (full 145):
 par new generation   total 9792K, used 605K [0x00000000e1000000, 0x00000000e1aa0000, 0x00000000eb4a0000)
  eden space 8704K,   0% used [0x00000000e1000000, 0x00000000e1000000, 0x00000000e1880000)
  from space 1088K,  55% used [0x00000000e1990000, 0x00000000e1a274d0, 0x00000000e1aa0000)
  to   space 1088K,   0% used [0x00000000e1880000, 0x00000000e1880000, 0x00000000e1990000)
 concurrent mark-sweep generation total 118492K, used 69153K [0x00000000eb4a0000, 0x00000000f2857000, 0x0000000100000000)
 Metaspace       used 95798K, capacity 99981K, committed 100352K, reserved 1136640K
  class space    used 11688K, capacity 12463K, committed 12544K, reserved 1048576K
}
2019-06-25T12:32:47.092+0000: 361187.002: Application time: 5.8771696 seconds
2019-06-25T12:32:47.093+0000: 361187.002: Application time: 0.0000643 seconds
2019-06-25T12:32:47.093+0000: 361187.003: Application time: 0.0001393 seconds
2019-06-25T12:32:47.357+0000: 361187.266: Application time: 0.2633111 seconds
2019-06-25T12:32:47.357+0000: 361187.267: Application time: 0.0001278 seconds
2019-06-25T12:32:47.358+0000: 361187.268: Application time: 0.0001190 seconds
2019-06-25T12:32:47.358+0000: 361187.268: Application time: 0.0001443 seconds
2019-06-25T12:32:51.361+0000: 361191.271: Application time: 4.0031950 seconds
2019-06-25T12:32:51.362+0000: 361191.272: Application time: 0.0000690 seconds
2019-06-25T12:32:51.362+0000: 361191.272: Application time: 0.0000627 seconds
2019-06-25T12:32:51.362+0000: 361191.272: Application time: 0.0000649 seconds
2019-06-25T12:32:55.365+0000: 361195.275: Application time: 4.0026493 seconds
2019-06-25T12:32:55.389+0000: 361195.299: Application time: 0.0239086 seconds
2019-06-25T12:33:09.774+0000: 361209.684: Application time: 14.3844232 seconds
2019-06-25T12:33:09.775+0000: 361209.685: Application time: 0.0001901 seconds
2019-06-25T12:33:09.775+0000: 361209.685: Application time: 0.0001839 seconds
2019-06-25T12:33:09.775+0000: 361209.685: Application time: 0.0001826 seconds
2019-06-25T12:33:09.776+0000: 361209.686: Application time: 0.0010141 seconds
2019-06-25T12:33:09.826+0000: 361209.736: Application time: 0.0491833 seconds
2019-06-25T12:33:11.195+0000: 361211.105: Application time: 1.3684530 seconds
2019-06-25T12:33:35.255+0000: 361235.164: Application time: 24.0595454 seconds
{Heap before GC invocations=5191 (full 145):
 par new generation   total 9792K, used 9309K [0x00000000e1000000, 0x00000000e1aa0000, 0x00000000eb4a0000)
  eden space 8704K, 100% used [0x00000000e1000000, 0x00000000e1880000, 0x00000000e1880000)
  from space 1088K,  55% used [0x00000000e1990000, 0x00000000e1a274d0, 0x00000000e1aa0000)
  to   space 1088K,   0% used [0x00000000e1880000, 0x00000000e1880000, 0x00000000e1990000)
 concurrent mark-sweep generation total 118492K, used 69153K [0x00000000eb4a0000, 0x00000000f2857000, 0x0000000100000000)
 Metaspace       used 95798K, capacity 99981K, committed 100352K, reserved 1136640K
  class space    used 11688K, capacity 12463K, committed 12544K, reserved 1048576K
2019-06-25T12:33:35.255+0000: 361235.165: [GC (Allocation Failure) 2019-06-25T12:33:35.256+0000: 361235.165: [ParNew: 9309K->829K(9792K), 0.0068186 secs] 78462K->69983K(128284K), 0.0081438 secs] [Times: user=0.01 sys=0.00, real=0.01 secs] 
Heap after GC invocations=5192 (full 145):
 par new generation   total 9792K, used 829K [0x00000000e1000000, 0x00000000e1aa0000, 0x00000000eb4a0000)
  eden space 8704K,   0% used [0x00000000e1000000, 0x00000000e1000000, 0x00000000e1880000)
  from space 1088K,  76% used [0x00000000e1880000, 0x00000000e194f6b0, 0x00000000e1990000)
  to   space 1088K,   0% used [0x00000000e1990000, 0x00000000e1990000, 0x00000000e1aa0000)
 concurrent mark-sweep generation total 118492K, used 69153K [0x00000000eb4a0000, 0x00000000f2857000, 0x0000000100000000)
 Metaspace       used 95798K, capacity 99981K, committed 100352K, reserved 1136640K
  class space    used 11688K, capacity 12463K, committed 12544K, reserved 1048576K
}
2019-06-25T12:34:11.698+0000: 361271.608: Application time: 36.4344112 seconds
2019-06-25T12:35:10.701+0000: 361330.610: Application time: 59.0019648 seconds
2019-06-25T12:35:10.702+0000: 361330.612: Application time: 0.0015362 seconds
2019-06-25T12:35:13.518+0000: 361333.428: Application time: 2.8152362 seconds
{Heap before GC invocations=5192 (full 145):
 par new generation   total 9792K, used 9533K [0x00000000e1000000, 0x00000000e1aa0000, 0x00000000eb4a0000)
  eden space 8704K, 100% used [0x00000000e1000000, 0x00000000e1880000, 0x00000000e1880000)
  from space 1088K,  76% used [0x00000000e1880000, 0x00000000e194f6b0, 0x00000000e1990000)
  to   space 1088K,   0% used [0x00000000e1990000, 0x00000000e1990000, 0x00000000e1aa0000)
 concurrent mark-sweep generation total 118492K, used 69153K [0x00000000eb4a0000, 0x00000000f2857000, 0x0000000100000000)
 Metaspace       used 95798K, capacity 99981K, committed 100352K, reserved 1136640K
  class space    used 11688K, capacity 12463K, committed 12544K, reserved 1048576K
2019-06-25T12:35:13.519+0000: 361333.429: [GC (Allocation Failure) 2019-06-25T12:35:13.519+0000: 361333.429: [ParNew: 9533K->696K(9792K), 0.0037124 secs] 78687K->70022K(128284K), 0.0046382 secs] [Times: user=0.01 sys=0.00, real=0.00 secs] 
Heap after GC invocations=5193 (full 145):
 par new generation   total 9792K, used 696K [0x00000000e1000000, 0x00000000e1aa0000, 0x00000000eb4a0000)
  eden space 8704K,   0% used [0x00000000e1000000, 0x00000000e1000000, 0x00000000e1880000)
  from space 1088K,  64% used [0x00000000e1990000, 0x00000000e1a3e248, 0x00000000e1aa0000)
  to   space 1088K,   0% used [0x00000000e1880000, 0x00000000e1880000, 0x00000000e1990000)
 concurrent mark-sweep generation total 118492K, used 69325K [0x00000000eb4a0000, 0x00000000f2857000, 0x0000000100000000)
 Metaspace       used 95798K, capacity 99981K, committed 100352K, reserved 1136640K
  class space    used 11688K, capacity 12463K, committed 12544K, reserved 1048576K
}
2019-06-25T12:36:35.656+0000: 361415.566: Application time: 82.1314472 seconds
{Heap before GC invocations=5193 (full 145):
 par new generation   total 9792K, used 9395K [0x00000000e1000000, 0x00000000e1aa0000, 0x00000000eb4a0000)
  eden space 8704K,  99% used [0x00000000e1000000, 0x00000000e187ec08, 0x00000000e1880000)
  from space 1088K,  64% used [0x00000000e1990000, 0x00000000e1a3e248, 0x00000000e1aa0000)
  to   space 1088K,   0% used [0x00000000e1880000, 0x00000000e1880000, 0x00000000e1990000)
 concurrent mark-sweep generation total 118492K, used 69325K [0x00000000eb4a0000, 0x00000000f2857000, 0x0000000100000000)
 Metaspace       used 95798K, capacity 99981K, committed 100352K, reserved 1136640K
  class space    used 11688K, capacity 12463K, committed 12544K, reserved 1048576K
2019-06-25T12:36:35.657+0000: 361415.566: [GC (Allocation Failure) 2019-06-25T12:36:35.657+0000: 361415.567: [ParNew: 9395K->972K(9792K), 0.0038748 secs] 78721K->70454K(128284K), 0.0048876 secs] [Times: user=0.01 sys=0.00, real=0.01 secs] 
Heap after GC invocations=5194 (full 145):
 par new generation   total 9792K, used 972K [0x00000000e1000000, 0x00000000e1aa0000, 0x00000000eb4a0000)
  eden space 8704K,   0% used [0x00000000e1000000, 0x00000000e1000000, 0x00000000e1880000)
  from space 1088K,  89% used [0x00000000e1880000, 0x00000000e1973248, 0x00000000e1990000)
  to   space 1088K,   0% used [0x00000000e1990000, 0x00000000e1990000, 0x00000000e1aa0000)
 concurrent mark-sweep generation total 118492K, used 69481K [0x00000000eb4a0000, 0x00000000f2857000, 0x0000000100000000)
 Metaspace       used 95798K, capacity 99981K, committed 100352K, reserved 1136640K
  class space    used 11688K, capacity 12463K, committed 12544K, reserved 1048576K
}
2019-06-25T12:36:36.599+0000: 361416.509: Application time: 0.9371462 seconds
2019-06-25T12:36:36.600+0000: 361416.509: Application time: 0.0000690 seconds
2019-06-25T12:36:36.600+0000: 361416.510: Application time: 0.0000619 seconds
2019-06-25T12:36:36.600+0000: 361416.510: Application time: 0.0000643 seconds
2019-06-25T12:36:40.653+0000: 361420.562: Application time: 4.0519766 seconds
2019-06-25T12:36:40.686+0000: 361420.596: Application time: 0.0329152 seconds
2019-06-25T12:36:41.217+0000: 361421.127: Application time: 0.5311896 seconds
2019-06-25T12:36:41.218+0000: 361421.128: Application time: 0.0000698 seconds
2019-06-25T12:36:41.218+0000: 361421.128: Application time: 0.0000647 seconds
2019-06-25T12:36:41.218+0000: 361421.128: Application time: 0.0001800 seconds
2019-06-25T12:36:41.219+0000: 361421.128: Application time: 0.0001842 seconds
2019-06-25T12:36:41.219+0000: 361421.129: Application time: 0.0001381 seconds
2019-06-25T12:37:09.836+0000: 361449.746: Application time: 28.6167891 seconds
2019-06-25T12:38:10.719+0000: 361510.629: Application time: 60.8829401 seconds
{Heap before GC invocations=5194 (full 145):
 par new generation   total 9792K, used 9670K [0x00000000e1000000, 0x00000000e1aa0000, 0x00000000eb4a0000)
  eden space 8704K,  99% used [0x00000000e1000000, 0x00000000e187e658, 0x00000000e1880000)
  from space 1088K,  89% used [0x00000000e1880000, 0x00000000e1973248, 0x00000000e1990000)
  to   space 1088K,   0% used [0x00000000e1990000, 0x00000000e1990000, 0x00000000e1aa0000)
 concurrent mark-sweep generation total 118492K, used 69481K [0x00000000eb4a0000, 0x00000000f2857000, 0x0000000100000000)
 Metaspace       used 95798K, capacity 99981K, committed 100352K, reserved 1136640K
  class space    used 11688K, capacity 12463K, committed 12544K, reserved 1048576K
2019-06-25T12:38:10.720+0000: 361510.630: [GC (Allocation Failure) 2019-06-25T12:38:10.720+0000: 361510.630: [ParNew: 9670K->782K(9792K), 0.0186739 secs] 79151K->70525K(128284K), 0.0194724 secs] [Times: user=0.01 sys=0.00, real=0.02 secs] 
Heap after GC invocations=5195 (full 145):
 par new generation   total 9792K, used 782K [0x00000000e1000000, 0x00000000e1aa0000, 0x00000000eb4a0000)
  eden space 8704K,   0% used [0x00000000e1000000, 0x00000000e1000000, 0x00000000e1880000)
  from space 1088K,  71% used [0x00000000e1990000, 0x00000000e1a538f0, 0x00000000e1aa0000)
  to   space 1088K,   0% used [0x00000000e1880000, 0x00000000e1880000, 0x00000000e1990000)
 concurrent mark-sweep generation total 118492K, used 69743K [0x00000000eb4a0000, 0x00000000f2857000, 0x0000000100000000)
 Metaspace       used 95798K, capacity 99981K, committed 100352K, reserved 1136640K
  class space    used 11688K, capacity 12463K, committed 12544K, reserved 1048576K
}
2019-06-25T12:39:10.733+0000: 361570.643: Application time: 59.9927129 seconds
2019-06-25T12:39:11.733+0000: 361571.643: Application time: 1.0002360 seconds
2019-06-25T12:39:53.721+0000: 361613.631: Application time: 41.9873098 seconds
{Heap before GC invocations=5195 (full 145):
 par new generation   total 9792K, used 9486K [0x00000000e1000000, 0x00000000e1aa0000, 0x00000000eb4a0000)
  eden space 8704K, 100% used [0x00000000e1000000, 0x00000000e1880000, 0x00000000e1880000)
  from space 1088K,  71% used [0x00000000e1990000, 0x00000000e1a538f0, 0x00000000e1aa0000)
  to   space 1088K,   0% used [0x00000000e1880000, 0x00000000e1880000, 0x00000000e1990000)
 concurrent mark-sweep generation total 118492K, used 69743K [0x00000000eb4a0000, 0x00000000f2857000, 0x0000000100000000)
 Metaspace       used 95798K, capacity 99981K, committed 100352K, reserved 1136640K
  class space    used 11688K, capacity 12463K, committed 12544K, reserved 1048576K
2019-06-25T12:39:53.722+0000: 361613.632: [GC (Allocation Failure) 2019-06-25T12:39:53.722+0000: 361613.632: [ParNew: 9486K->651K(9792K), 0.0238603 secs] 79229K->70394K(128284K), 0.0246291 secs] [Times: user=0.05 sys=0.00, real=0.02 secs] 
Heap after GC invocations=5196 (full 145):
 par new generation   total 9792K, used 651K [0x00000000e1000000, 0x00000000e1aa0000, 0x00000000eb4a0000)
  eden space 8704K,   0% used [0x00000000e1000000, 0x00000000e1000000, 0x00000000e1880000)
  from space 1088K,  59% used [0x00000000e1880000, 0x00000000e1922e08, 0x00000000e1990000)
  to   space 1088K,   0% used [0x00000000e1990000, 0x00000000e1990000, 0x00000000e1aa0000)
 concurrent mark-sweep generation total 118492K, used 69743K [0x00000000eb4a0000, 0x00000000f2857000, 0x0000000100000000)
 Metaspace       used 95798K, capacity 99981K, committed 100352K, reserved 1136640K
  class space    used 11688K, capacity 12463K, committed 12544K, reserved 1048576K
}
2019-06-25T12:41:35.545+0000: 361715.455: Application time: 101.7982483 seconds
{Heap before GC invocations=5196 (full 145):
 par new generation   total 9792K, used 9355K [0x00000000e1000000, 0x00000000e1aa0000, 0x00000000eb4a0000)
  eden space 8704K, 100% used [0x00000000e1000000, 0x00000000e1880000, 0x00000000e1880000)
  from space 1088K,  59% used [0x00000000e1880000, 0x00000000e1922e08, 0x00000000e1990000)
  to   space 1088K,   0% used [0x00000000e1990000, 0x00000000e1990000, 0x00000000e1aa0000)
 concurrent mark-sweep generation total 118492K, used 69743K [0x00000000eb4a0000, 0x00000000f2857000, 0x0000000100000000)
 Metaspace       used 95798K, capacity 99981K, committed 100352K, reserved 1136640K
  class space    used 11688K, capacity 12463K, committed 12544K, reserved 1048576K
2019-06-25T12:41:35.546+0000: 361715.456: [GC (Allocation Failure) 2019-06-25T12:41:35.547+0000: 361715.457: [ParNew: 9355K->722K(9792K), 0.0298762 secs] 79098K->70465K(128284K), 0.0311043 secs] [Times: user=0.06 sys=0.00, real=0.03 secs] 
Heap after GC invocations=5197 (full 145):
 par new generation   total 9792K, used 722K [0x00000000e1000000, 0x00000000e1aa0000, 0x00000000eb4a0000)
  eden space 8704K,   0% used [0x00000000e1000000, 0x00000000e1000000, 0x00000000e1880000)
  from space 1088K,  66% used [0x00000000e1990000, 0x00000000e1a44b48, 0x00000000e1aa0000)
  to   space 1088K,   0% used [0x00000000e1880000, 0x00000000e1880000, 0x00000000e1990000)
 concurrent mark-sweep generation total 118492K, used 69743K [0x00000000eb4a0000, 0x00000000f2857000, 0x0000000100000000)
 Metaspace       used 95798K, capacity 99981K, committed 100352K, reserved 1136640K
  class space    used 11688K, capacity 12463K, committed 12544K, reserved 1048576K
}
2019-06-25T12:43:11.276+0000: 361811.186: Application time: 95.6979391 seconds
{Heap before GC invocations=5197 (full 145):
 par new generation   total 9792K, used 9426K [0x00000000e1000000, 0x00000000e1aa0000, 0x00000000eb4a0000)
  eden space 8704K, 100% used [0x00000000e1000000, 0x00000000e1880000, 0x00000000e1880000)
  from space 1088K,  66% used [0x00000000e1990000, 0x00000000e1a44b48, 0x00000000e1aa0000)
  to   space 1088K,   0% used [0x00000000e1880000, 0x00000000e1880000, 0x00000000e1990000)
 concurrent mark-sweep generation total 118492K, used 69743K [0x00000000eb4a0000, 0x00000000f2857000, 0x0000000100000000)
 Metaspace       used 95798K, capacity 99981K, committed 100352K, reserved 1136640K
  class space    used 11688K, capacity 12463K, committed 12544K, reserved 1048576K
2019-06-25T12:43:11.277+0000: 361811.187: [GC (Allocation Failure) 2019-06-25T12:43:11.277+0000: 361811.187: [ParNew: 9426K->757K(9792K), 0.0211202 secs] 79169K->70500K(128284K), 0.0219028 secs] [Times: user=0.04 sys=0.00, real=0.03 secs] 
Heap after GC invocations=5198 (full 145):
 par new generation   total 9792K, used 757K [0x00000000e1000000, 0x00000000e1aa0000, 0x00000000eb4a0000)
  eden space 8704K,   0% used [0x00000000e1000000, 0x00000000e1000000, 0x00000000e1880000)
  from space 1088K,  69% used [0x00000000e1880000, 0x00000000e193d4d0, 0x00000000e1990000)
  to   space 1088K,   0% used [0x00000000e1990000, 0x00000000e1990000, 0x00000000e1aa0000)
 concurrent mark-sweep generation total 118492K, used 69743K [0x00000000eb4a0000, 0x00000000f2857000, 0x0000000100000000)
 Metaspace       used 95798K, capacity 99981K, committed 100352K, reserved 1136640K
  class space    used 11688K, capacity 12463K, committed 12544K, reserved 1048576K
}
2019-06-25T12:44:10.293+0000: 361870.203: Application time: 58.9932824 seconds
2019-06-25T12:44:55.391+0000: 361915.300: Application time: 45.0976004 seconds
{Heap before GC invocations=5198 (full 145):
 par new generation   total 9792K, used 9461K [0x00000000e1000000, 0x00000000e1aa0000, 0x00000000eb4a0000)
  eden space 8704K, 100% used [0x00000000e1000000, 0x00000000e1880000, 0x00000000e1880000)
  from space 1088K,  69% used [0x00000000e1880000, 0x00000000e193d4d0, 0x00000000e1990000)
  to   space 1088K,   0% used [0x00000000e1990000, 0x00000000e1990000, 0x00000000e1aa0000)
 concurrent mark-sweep generation total 118492K, used 69743K [0x00000000eb4a0000, 0x00000000f2857000, 0x0000000100000000)
 Metaspace       used 95798K, capacity 99981K, committed 100352K, reserved 1136640K
  class space    used 11688K, capacity 12463K, committed 12544K, reserved 1048576K
2019-06-25T12:44:55.392+0000: 361915.301: [GC (Allocation Failure) 2019-06-25T12:44:55.392+0000: 361915.302: [ParNew: 9461K->595K(9792K), 0.0034450 secs] 79204K->70436K(128284K), 0.0042369 secs] [Times: user=0.01 sys=0.00, real=0.00 secs] 
Heap after GC invocations=5199 (full 145):
 par new generation   total 9792K, used 595K [0x00000000e1000000, 0x00000000e1aa0000, 0x00000000eb4a0000)
  eden space 8704K,   0% used [0x00000000e1000000, 0x00000000e1000000, 0x00000000e1880000)
  from space 1088K,  54% used [0x00000000e1990000, 0x00000000e1a24c68, 0x00000000e1aa0000)
  to   space 1088K,   0% used [0x00000000e1880000, 0x00000000e1880000, 0x00000000e1990000)
 concurrent mark-sweep generation total 118492K, used 69841K [0x00000000eb4a0000, 0x00000000f2857000, 0x0000000100000000)
 Metaspace       used 95798K, capacity 99981K, committed 100352K, reserved 1136640K
  class space    used 11688K, capacity 12463K, committed 12544K, reserved 1048576K
}
2019-06-25T12:46:39.122+0000: 362019.032: Application time: 103.7258122 seconds
{Heap before GC invocations=5199 (full 145):
 par new generation   total 9792K, used 9299K [0x00000000e1000000, 0x00000000e1aa0000, 0x00000000eb4a0000)
  eden space 8704K, 100% used [0x00000000e1000000, 0x00000000e1880000, 0x00000000e1880000)
  from space 1088K,  54% used [0x00000000e1990000, 0x00000000e1a24c68, 0x00000000e1aa0000)
  to   space 1088K,   0% used [0x00000000e1880000, 0x00000000e1880000, 0x00000000e1990000)
 concurrent mark-sweep generation total 118492K, used 69841K [0x00000000eb4a0000, 0x00000000f2857000, 0x0000000100000000)
 Metaspace       used 95798K, capacity 99981K, committed 100352K, reserved 1136640K
  class space    used 11688K, capacity 12463K, committed 12544K, reserved 1048576K
2019-06-25T12:46:39.123+0000: 362019.033: [GC (Allocation Failure) 2019-06-25T12:46:39.123+0000: 362019.033: [ParNew: 9299K->727K(9792K), 0.0035390 secs] 79140K->70569K(128284K), 0.0042397 secs] [Times: user=0.01 sys=0.00, real=0.00 secs] 
Heap after GC invocations=5200 (full 145):
 par new generation   total 9792K, used 727K [0x00000000e1000000, 0x00000000e1aa0000, 0x00000000eb4a0000)
  eden space 8704K,   0% used [0x00000000e1000000, 0x00000000e1000000, 0x00000000e1880000)
  from space 1088K,  66% used [0x00000000e1880000, 0x00000000e1935df8, 0x00000000e1990000)
  to   space 1088K,   0% used [0x00000000e1990000, 0x00000000e1990000, 0x00000000e1aa0000)
 concurrent mark-sweep generation total 118492K, used 69841K [0x00000000eb4a0000, 0x00000000f2857000, 0x0000000100000000)
 Metaspace       used 95798K, capacity 99981K, committed 100352K, reserved 1136640K
  class space    used 11688K, capacity 12463K, committed 12544K, reserved 1048576K
}
2019-06-25T12:48:11.302+0000: 362111.212: Application time: 92.1743231 seconds
2019-06-25T12:48:13.217+0000: 362113.127: Application time: 1.9141664 seconds
{Heap before GC invocations=5200 (full 145):
 par new generation   total 9792K, used 9431K [0x00000000e1000000, 0x00000000e1aa0000, 0x00000000eb4a0000)
  eden space 8704K, 100% used [0x00000000e1000000, 0x00000000e1880000, 0x00000000e1880000)
  from space 1088K,  66% used [0x00000000e1880000, 0x00000000e1935df8, 0x00000000e1990000)
  to   space 1088K,   0% used [0x00000000e1990000, 0x00000000e1990000, 0x00000000e1aa0000)
 concurrent mark-sweep generation total 118492K, used 69841K [0x00000000eb4a0000, 0x00000000f2857000, 0x0000000100000000)
 Metaspace       used 95798K, capacity 99981K, committed 100352K, reserved 1136640K
  class space    used 11688K, capacity 12463K, committed 12544K, reserved 1048576K
2019-06-25T12:48:13.218+0000: 362113.127: [GC (Allocation Failure) 2019-06-25T12:48:13.218+0000: 362113.128: [ParNew: 9431K->615K(9792K), 0.0036785 secs] 79273K->70457K(128284K), 0.0044283 secs] [Times: user=0.00 sys=0.00, real=0.01 secs] 
Heap after GC invocations=5201 (full 145):
 par new generation   total 9792K, used 615K [0x00000000e1000000, 0x00000000e1aa0000, 0x00000000eb4a0000)
  eden space 8704K,   0% used [0x00000000e1000000, 0x00000000e1000000, 0x00000000e1880000)
  from space 1088K,  56% used [0x00000000e1990000, 0x00000000e1a29fc8, 0x00000000e1aa0000)
  to   space 1088K,   0% used [0x00000000e1880000, 0x00000000e1880000, 0x00000000e1990000)
 concurrent mark-sweep generation total 118492K, used 69841K [0x00000000eb4a0000, 0x00000000f2857000, 0x0000000100000000)
 Metaspace       used 95798K, capacity 99981K, committed 100352K, reserved 1136640K
  class space    used 11688K, capacity 12463K, committed 12544K, reserved 1048576K
}
2019-06-25T12:49:11.799+0000: 362171.709: Application time: 58.5759682 seconds
2019-06-25T12:49:24.300+0000: 362184.210: Application time: 12.5006193 seconds
2019-06-25T12:49:41.299+0000: 362201.209: Application time: 16.9991051 seconds
2019-06-25T12:49:41.300+0000: 362201.210: Application time: 0.0000954 seconds
2019-06-25T12:49:41.301+0000: 362201.211: Application time: 0.0000665 seconds
2019-06-25T12:49:41.301+0000: 362201.211: Application time: 0.0000642 seconds
2019-06-25T12:49:41.302+0000: 362201.212: Application time: 0.0005950 seconds
2019-06-25T12:49:41.302+0000: 362201.212: Application time: 0.0000741 seconds
2019-06-25T12:49:56.759+0000: 362216.669: Application time: 15.4566470 seconds
{Heap before GC invocations=5201 (full 145):
 par new generation   total 9792K, used 9319K [0x00000000e1000000, 0x00000000e1aa0000, 0x00000000eb4a0000)
  eden space 8704K, 100% used [0x00000000e1000000, 0x00000000e1880000, 0x00000000e1880000)
  from space 1088K,  56% used [0x00000000e1990000, 0x00000000e1a29fc8, 0x00000000e1aa0000)
  to   space 1088K,   0% used [0x00000000e1880000, 0x00000000e1880000, 0x00000000e1990000)
 concurrent mark-sweep generation total 118492K, used 69841K [0x00000000eb4a0000, 0x00000000f2857000, 0x0000000100000000)
 Metaspace       used 95798K, capacity 99981K, committed 100352K, reserved 1136640K
  class space    used 11688K, capacity 12463K, committed 12544K, reserved 1048576K
2019-06-25T12:49:56.760+0000: 362216.670: [GC (Allocation Failure) 2019-06-25T12:49:56.761+0000: 362216.670: [ParNew: 9319K->626K(9792K), 0.0036584 secs] 79161K->70468K(128284K), 0.0045512 secs] [Times: user=0.00 sys=0.01, real=0.00 secs] 
Heap after GC invocations=5202 (full 145):
 par new generation   total 9792K, used 626K [0x00000000e1000000, 0x00000000e1aa0000, 0x00000000eb4a0000)
  eden space 8704K,   0% used [0x00000000e1000000, 0x00000000e1000000, 0x00000000e1880000)
  from space 1088K,  57% used [0x00000000e1880000, 0x00000000e191cb40, 0x00000000e1990000)
  to   space 1088K,   0% used [0x00000000e1990000, 0x00000000e1990000, 0x00000000e1aa0000)
 concurrent mark-sweep generation total 118492K, used 69841K [0x00000000eb4a0000, 0x00000000f2857000, 0x0000000100000000)
 Metaspace       used 95798K, capacity 99981K, committed 100352K, reserved 1136640K
  class space    used 11688K, capacity 12463K, committed 12544K, reserved 1048576K
}
2019-06-25T12:51:40.411+0000: 362320.321: Application time: 103.6452287 seconds
{Heap before GC invocations=5202 (full 145):
 par new generation   total 9792K, used 9330K [0x00000000e1000000, 0x00000000e1aa0000, 0x00000000eb4a0000)
  eden space 8704K, 100% used [0x00000000e1000000, 0x00000000e1880000, 0x00000000e1880000)
  from space 1088K,  57% used [0x00000000e1880000, 0x00000000e191cb40, 0x00000000e1990000)
  to   space 1088K,   0% used [0x00000000e1990000, 0x00000000e1990000, 0x00000000e1aa0000)
 concurrent mark-sweep generation total 118492K, used 69841K [0x00000000eb4a0000, 0x00000000f2857000, 0x0000000100000000)
 Metaspace       used 95798K, capacity 99981K, committed 100352K, reserved 1136640K
  class space    used 11688K, capacity 12463K, committed 12544K, reserved 1048576K
2019-06-25T12:51:40.412+0000: 362320.321: [GC (Allocation Failure) 2019-06-25T12:51:40.412+0000: 362320.322: [ParNew: 9330K->632K(9792K), 0.0076343 secs] 79172K->70473K(128284K), 0.0085584 secs] [Times: user=0.00 sys=0.01, real=0.01 secs] 
Heap after GC invocations=5203 (full 145):
 par new generation   total 9792K, used 632K [0x00000000e1000000, 0x00000000e1aa0000, 0x00000000eb4a0000)
  eden space 8704K,   0% used [0x00000000e1000000, 0x00000000e1000000, 0x00000000e1880000)
  from space 1088K,  58% used [0x00000000e1990000, 0x00000000e1a2e0d0, 0x00000000e1aa0000)
  to   space 1088K,   0% used [0x00000000e1880000, 0x00000000e1880000, 0x00000000e1990000)
 concurrent mark-sweep generation total 118492K, used 69841K [0x00000000eb4a0000, 0x00000000f2857000, 0x0000000100000000)
 Metaspace       used 95798K, capacity 99981K, committed 100352K, reserved 1136640K
  class space    used 11688K, capacity 12463K, committed 12544K, reserved 1048576K
}
2019-06-25T12:53:17.625+0000: 362417.535: Application time: 97.2037348 seconds
{Heap before GC invocations=5203 (full 145):
 par new generation   total 9792K, used 9336K [0x00000000e1000000, 0x00000000e1aa0000, 0x00000000eb4a0000)
  eden space 8704K, 100% used [0x00000000e1000000, 0x00000000e1880000, 0x00000000e1880000)
  from space 1088K,  58% used [0x00000000e1990000, 0x00000000e1a2e0d0, 0x00000000e1aa0000)
  to   space 1088K,   0% used [0x00000000e1880000, 0x00000000e1880000, 0x00000000e1990000)
 concurrent mark-sweep generation total 118492K, used 69841K [0x00000000eb4a0000, 0x00000000f2857000, 0x0000000100000000)
 Metaspace       used 95798K, capacity 99981K, committed 100352K, reserved 1136640K
  class space    used 11688K, capacity 12463K, committed 12544K, reserved 1048576K
2019-06-25T12:53:17.626+0000: 362417.535: [GC (Allocation Failure) 2019-06-25T12:53:17.626+0000: 362417.536: [ParNew: 9336K->679K(9792K), 0.0033871 secs] 79177K->70549K(128284K), 0.0042127 secs] [Times: user=0.01 sys=0.00, real=0.01 secs] 
Heap after GC invocations=5204 (full 145):
 par new generation   total 9792K, used 679K [0x00000000e1000000, 0x00000000e1aa0000, 0x00000000eb4a0000)
  eden space 8704K,   0% used [0x00000000e1000000, 0x00000000e1000000, 0x00000000e1880000)
  from space 1088K,  62% used [0x00000000e1880000, 0x00000000e1929d88, 0x00000000e1990000)
  to   space 1088K,   0% used [0x00000000e1990000, 0x00000000e1990000, 0x00000000e1aa0000)
 concurrent mark-sweep generation total 118492K, used 69870K [0x00000000eb4a0000, 0x00000000f2857000, 0x0000000100000000)
 Metaspace       used 95798K, capacity 99981K, committed 100352K, reserved 1136640K
  class space    used 11688K, capacity 12463K, committed 12544K, reserved 1048576K
}
2019-06-25T12:54:10.348+0000: 362470.258: Application time: 52.7175060 seconds
2019-06-25T12:54:23.565+0000: 362483.475: Application time: 13.2168415 seconds
2019-06-25T12:54:59.815+0000: 362519.725: Application time: 36.2494446 seconds
{Heap before GC invocations=5204 (full 145):
 par new generation   total 9792K, used 9383K [0x00000000e1000000, 0x00000000e1aa0000, 0x00000000eb4a0000)
  eden space 8704K, 100% used [0x00000000e1000000, 0x00000000e1880000, 0x00000000e1880000)
  from space 1088K,  62% used [0x00000000e1880000, 0x00000000e1929d88, 0x00000000e1990000)
  to   space 1088K,   0% used [0x00000000e1990000, 0x00000000e1990000, 0x00000000e1aa0000)
 concurrent mark-sweep generation total 118492K, used 69870K [0x00000000eb4a0000, 0x00000000f2857000, 0x0000000100000000)
 Metaspace       used 95798K, capacity 99981K, committed 100352K, reserved 1136640K
  class space    used 11688K, capacity 12463K, committed 12544K, reserved 1048576K
2019-06-25T12:54:59.816+0000: 362519.726: [GC (Allocation Failure) 2019-06-25T12:54:59.816+0000: 362519.726: [ParNew: 9383K->640K(9792K), 0.0032265 secs] 79253K->70511K(128284K), 0.0042007 secs] [Times: user=0.01 sys=0.00, real=0.01 secs] 
Heap after GC invocations=5205 (full 145):
 par new generation   total 9792K, used 640K [0x00000000e1000000, 0x00000000e1aa0000, 0x00000000eb4a0000)
  eden space 8704K,   0% used [0x00000000e1000000, 0x00000000e1000000, 0x00000000e1880000)
  from space 1088K,  58% used [0x00000000e1990000, 0x00000000e1a30240, 0x00000000e1aa0000)
  to   space 1088K,   0% used [0x00000000e1880000, 0x00000000e1880000, 0x00000000e1990000)
 concurrent mark-sweep generation total 118492K, used 69870K [0x00000000eb4a0000, 0x00000000f2857000, 0x0000000100000000)
 Metaspace       used 95798K, capacity 99981K, committed 100352K, reserved 1136640K
  class space    used 11688K, capacity 12463K, committed 12544K, reserved 1048576K
}
2019-06-25T12:56:40.837+0000: 362620.747: Application time: 101.0158328 seconds
{Heap before GC invocations=5205 (full 145):
 par new generation   total 9792K, used 9343K [0x00000000e1000000, 0x00000000e1aa0000, 0x00000000eb4a0000)
  eden space 8704K,  99% used [0x00000000e1000000, 0x00000000e187fb78, 0x00000000e1880000)
  from space 1088K,  58% used [0x00000000e1990000, 0x00000000e1a30240, 0x00000000e1aa0000)
  to   space 1088K,   0% used [0x00000000e1880000, 0x00000000e1880000, 0x00000000e1990000)
 concurrent mark-sweep generation total 118492K, used 69870K [0x00000000eb4a0000, 0x00000000f2857000, 0x0000000100000000)
 Metaspace       used 95798K, capacity 99981K, committed 100352K, reserved 1136640K
  class space    used 11688K, capacity 12463K, committed 12544K, reserved 1048576K
2019-06-25T12:56:40.838+0000: 362620.748: [GC (Allocation Failure) 2019-06-25T12:56:40.838+0000: 362620.748: [ParNew: 9343K->643K(9792K), 0.0034846 secs] 79214K->70513K(128284K), 0.0045235 secs] [Times: user=0.01 sys=0.00, real=0.01 secs] 
Heap after GC invocations=5206 (full 145):
 par new generation   total 9792K, used 643K [0x00000000e1000000, 0x00000000e1aa0000, 0x00000000eb4a0000)
  eden space 8704K,   0% used [0x00000000e1000000, 0x00000000e1000000, 0x00000000e1880000)
  from space 1088K,  59% used [0x00000000e1880000, 0x00000000e1920d78, 0x00000000e1990000)
  to   space 1088K,   0% used [0x00000000e1990000, 0x00000000e1990000, 0x00000000e1aa0000)
 concurrent mark-sweep generation total 118492K, used 69870K [0x00000000eb4a0000, 0x00000000f2857000, 0x0000000100000000)
 Metaspace       used 95798K, capacity 99981K, committed 100352K, reserved 1136640K
  class space    used 11688K, capacity 12463K, committed 12544K, reserved 1048576K
}
2019-06-25T12:57:53.853+0000: 362693.763: Application time: 73.0100755 seconds
2019-06-25T12:58:13.962+0000: 362713.872: Application time: 20.1090102 seconds
{Heap before GC invocations=5206 (full 145):
 par new generation   total 9792K, used 9347K [0x00000000e1000000, 0x00000000e1aa0000, 0x00000000eb4a0000)
  eden space 8704K, 100% used [0x00000000e1000000, 0x00000000e1880000, 0x00000000e1880000)
  from space 1088K,  59% used [0x00000000e1880000, 0x00000000e1920d78, 0x00000000e1990000)
  to   space 1088K,   0% used [0x00000000e1990000, 0x00000000e1990000, 0x00000000e1aa0000)
 concurrent mark-sweep generation total 118492K, used 69870K [0x00000000eb4a0000, 0x00000000f2857000, 0x0000000100000000)
 Metaspace       used 95798K, capacity 99981K, committed 100352K, reserved 1136640K
  class space    used 11688K, capacity 12463K, committed 12544K, reserved 1048576K
2019-06-25T12:58:13.963+0000: 362713.873: [GC (Allocation Failure) 2019-06-25T12:58:13.964+0000: 362713.874: [ParNew: 9347K->827K(9792K), 0.0278307 secs] 79217K->70698K(128284K), 0.0288503 secs] [Times: user=0.02 sys=0.01, real=0.03 secs] 
Heap after GC invocations=5207 (full 145):
 par new generation   total 9792K, used 827K [0x00000000e1000000, 0x00000000e1aa0000, 0x00000000eb4a0000)
  eden space 8704K,   0% used [0x00000000e1000000, 0x00000000e1000000, 0x00000000e1880000)
  from space 1088K,  76% used [0x00000000e1990000, 0x00000000e1a5eea0, 0x00000000e1aa0000)
  to   space 1088K,   0% used [0x00000000e1880000, 0x00000000e1880000, 0x00000000e1990000)
 concurrent mark-sweep generation total 118492K, used 69870K [0x00000000eb4a0000, 0x00000000f2857000, 0x0000000100000000)
 Metaspace       used 95798K, capacity 99981K, committed 100352K, reserved 1136640K
  class space    used 11688K, capacity 12463K, committed 12544K, reserved 1048576K
}
2019-06-25T12:58:18.960+0000: 362718.870: Application time: 4.9669777 seconds
2019-06-25T12:58:19.016+0000: 362718.925: Application time: 0.0555056 seconds
2019-06-25T12:58:41.360+0000: 362741.269: Application time: 22.3437385 seconds
2019-06-25T12:58:47.785+0000: 362747.695: Application time: 6.4253890 seconds
2019-06-25T12:58:47.786+0000: 362747.696: Application time: 0.0000770 seconds
2019-06-25T12:58:47.787+0000: 362747.697: Application time: 0.0000617 seconds
2019-06-25T12:58:47.787+0000: 362747.697: Application time: 0.0000630 seconds
2019-06-25T12:58:52.351+0000: 362752.260: Application time: 4.5634657 seconds
2019-06-25T12:58:52.376+0000: 362752.286: Application time: 0.0253588 seconds
2019-06-25T12:58:55.033+0000: 362754.943: Application time: 2.6569810 seconds
2019-06-25T12:58:55.035+0000: 362754.944: Application time: 0.0007673 seconds
2019-06-25T12:58:55.035+0000: 362754.945: Application time: 0.0001288 seconds
2019-06-25T12:58:55.037+0000: 362754.947: Application time: 0.0019284 seconds
{Heap before GC invocations=5207 (full 145):
 par new generation   total 9792K, used 9366K [0x00000000e1000000, 0x00000000e1aa0000, 0x00000000eb4a0000)
  eden space 8704K,  98% used [0x00000000e1000000, 0x00000000e1856a70, 0x00000000e1880000)
  from space 1088K,  76% used [0x00000000e1990000, 0x00000000e1a5eea0, 0x00000000e1aa0000)
  to   space 1088K,   0% used [0x00000000e1880000, 0x00000000e1880000, 0x00000000e1990000)
 concurrent mark-sweep generation total 118492K, used 69870K [0x00000000eb4a0000, 0x00000000f2857000, 0x0000000100000000)
 Metaspace       used 95798K, capacity 99981K, committed 100352K, reserved 1136640K
  class space    used 11688K, capacity 12463K, committed 12544K, reserved 1048576K
2019-06-25T12:58:55.038+0000: 362754.948: [GC (Allocation Failure) 2019-06-25T12:58:55.038+0000: 362754.948: [ParNew: 9366K->919K(9792K), 0.0038157 secs] 79236K->70853K(128284K), 0.0046688 secs] [Times: user=0.01 sys=0.00, real=0.01 secs] 
Heap after GC invocations=5208 (full 145):
 par new generation   total 9792K, used 919K [0x00000000e1000000, 0x00000000e1aa0000, 0x00000000eb4a0000)
  eden space 8704K,   0% used [0x00000000e1000000, 0x00000000e1000000, 0x00000000e1880000)
  from space 1088K,  84% used [0x00000000e1880000, 0x00000000e1965d08, 0x00000000e1990000)
  to   space 1088K,   0% used [0x00000000e1990000, 0x00000000e1990000, 0x00000000e1aa0000)
 concurrent mark-sweep generation total 118492K, used 69933K [0x00000000eb4a0000, 0x00000000f2857000, 0x0000000100000000)
 Metaspace       used 95798K, capacity 99981K, committed 100352K, reserved 1136640K
  class space    used 11688K, capacity 12463K, committed 12544K, reserved 1048576K
}
2019-06-25T12:58:55.794+0000: 362755.704: Application time: 0.7505453 seconds
2019-06-25T12:58:55.794+0000: 362755.704: Application time: 0.0001558 seconds
2019-06-25T12:58:55.795+0000: 362755.705: Application time: 0.0001611 seconds
2019-06-25T12:58:55.795+0000: 362755.705: Application time: 0.0002446 seconds
2019-06-25T12:58:55.796+0000: 362755.706: Application time: 0.0000744 seconds
2019-06-25T12:58:55.796+0000: 362755.706: Application time: 0.0002537 seconds
2019-06-25T12:58:55.797+0000: 362755.706: Application time: 0.0001979 seconds
2019-06-25T12:59:00.036+0000: 362759.946: Application time: 4.2393301 seconds
2019-06-25T12:59:00.065+0000: 362759.975: Application time: 0.0284263 seconds
2019-06-25T12:59:03.249+0000: 362763.158: Application time: 3.1834800 seconds
2019-06-25T12:59:03.250+0000: 362763.160: Application time: 0.0007691 seconds
2019-06-25T12:59:03.251+0000: 362763.160: Application time: 0.0001795 seconds
2019-06-25T12:59:03.803+0000: 362763.713: Application time: 0.5520404 seconds
2019-06-25T12:59:03.803+0000: 362763.713: Application time: 0.0000706 seconds
2019-06-25T12:59:03.803+0000: 362763.713: Application time: 0.0000698 seconds
2019-06-25T12:59:03.804+0000: 362763.714: Application time: 0.0004686 seconds
2019-06-25T12:59:03.804+0000: 362763.714: Application time: 0.0000309 seconds
2019-06-25T12:59:03.804+0000: 362763.715: Application time: 0.0004291 seconds
2019-06-25T12:59:03.805+0000: 362763.715: Application time: 0.0000705 seconds
2019-06-25T12:59:03.805+0000: 362763.715: Application time: 0.0000615 seconds
2019-06-25T12:59:03.806+0000: 362763.715: Application time: 0.0000584 seconds
2019-06-25T12:59:03.806+0000: 362763.716: Application time: 0.0000611 seconds
2019-06-25T12:59:03.806+0000: 362763.716: Application time: 0.0001034 seconds
2019-06-25T12:59:03.806+0000: 362763.716: Application time: 0.0000836 seconds
2019-06-25T12:59:08.251+0000: 362768.161: Application time: 4.4448121 seconds
2019-06-25T12:59:08.274+0000: 362768.184: Application time: 0.0222425 seconds
2019-06-25T12:59:10.375+0000: 362770.285: Application time: 2.1008525 seconds
2019-06-25T12:59:11.363+0000: 362771.273: Application time: 0.9880353 seconds
2019-06-25T12:59:22.823+0000: 362782.733: Application time: 11.4600027 seconds
2019-06-25T12:59:22.824+0000: 362782.734: Application time: 0.0000883 seconds
2019-06-25T12:59:22.824+0000: 362782.734: Application time: 0.0007500 seconds
2019-06-25T12:59:22.825+0000: 362782.735: Application time: 0.0000980 seconds
2019-06-25T12:59:22.826+0000: 362782.735: Application time: 0.0000846 seconds
2019-06-25T12:59:22.826+0000: 362782.736: Application time: 0.0000838 seconds
2019-06-25T12:59:22.826+0000: 362782.736: Application time: 0.0000875 seconds
2019-06-25T12:59:22.826+0000: 362782.736: Application time: 0.0001313 seconds
2019-06-25T12:59:22.827+0000: 362782.736: Application time: 0.0001359 seconds
2019-06-25T12:59:27.325+0000: 362787.235: Application time: 4.4979249 seconds
2019-06-25T12:59:27.362+0000: 362787.272: Application time: 0.0366534 seconds
2019-06-25T12:59:39.420+0000: 362799.330: Application time: 12.0583192 seconds
{Heap before GC invocations=5208 (full 145):
 par new generation   total 9792K, used 9623K [0x00000000e1000000, 0x00000000e1aa0000, 0x00000000eb4a0000)
  eden space 8704K, 100% used [0x00000000e1000000, 0x00000000e1880000, 0x00000000e1880000)
  from space 1088K,  84% used [0x00000000e1880000, 0x00000000e1965d08, 0x00000000e1990000)
  to   space 1088K,   0% used [0x00000000e1990000, 0x00000000e1990000, 0x00000000e1aa0000)
 concurrent mark-sweep generation total 118492K, used 69933K [0x00000000eb4a0000, 0x00000000f2857000, 0x0000000100000000)
 Metaspace       used 95798K, capacity 99981K, committed 100352K, reserved 1136640K
  class space    used 11688K, capacity 12463K, committed 12544K, reserved 1048576K
2019-06-25T12:59:39.421+0000: 362799.331: [GC (Allocation Failure) 2019-06-25T12:59:39.422+0000: 362799.331: [ParNew: 9623K->1065K(9792K), 0.0643905 secs] 79557K->71376K(128284K), 0.0661546 secs] [Times: user=0.07 sys=0.00, real=0.06 secs] 
Heap after GC invocations=5209 (full 145):
 par new generation   total 9792K, used 1065K [0x00000000e1000000, 0x00000000e1aa0000, 0x00000000eb4a0000)
  eden space 8704K,   0% used [0x00000000e1000000, 0x00000000e1000000, 0x00000000e1880000)
  from space 1088K,  97% used [0x00000000e1990000, 0x00000000e1a9a4b0, 0x00000000e1aa0000)
  to   space 1088K,   0% used [0x00000000e1880000, 0x00000000e1880000, 0x00000000e1990000)
 concurrent mark-sweep generation total 118492K, used 70311K [0x00000000eb4a0000, 0x00000000f2857000, 0x0000000100000000)
 Metaspace       used 95798K, capacity 99981K, committed 100352K, reserved 1136640K
  class space    used 11688K, capacity 12463K, committed 12544K, reserved 1048576K
}
2019-06-25T12:59:39.626+0000: 362799.535: Application time: 0.1374694 seconds
2019-06-25T12:59:39.842+0000: 362799.752: Application time: 0.2162783 seconds
2019-06-25T12:59:39.843+0000: 362799.753: Application time: 0.0000722 seconds
2019-06-25T12:59:39.843+0000: 362799.753: Application time: 0.0000646 seconds
2019-06-25T12:59:39.844+0000: 362799.754: Application time: 0.0000662 seconds
2019-06-25T12:59:39.844+0000: 362799.754: Application time: 0.0000603 seconds
2019-06-25T12:59:39.845+0000: 362799.755: Application time: 0.0001036 seconds
2019-06-25T12:59:39.845+0000: 362799.755: Application time: 0.0000796 seconds
2019-06-25T12:59:39.846+0000: 362799.756: Application time: 0.0000637 seconds
2019-06-25T12:59:39.846+0000: 362799.756: Application time: 0.0001163 seconds
2019-06-25T12:59:39.847+0000: 362799.756: Application time: 0.0001127 seconds
2019-06-25T12:59:41.366+0000: 362801.276: Application time: 1.5189977 seconds
2019-06-25T12:59:44.627+0000: 362804.537: Application time: 3.2607672 seconds
2019-06-25T12:59:44.651+0000: 362804.561: Application time: 0.0240994 seconds
2019-06-25T13:00:09.893+0000: 362829.802: Application time: 25.2410963 seconds
2019-06-25T13:00:10.860+0000: 362830.770: Application time: 0.9672824 seconds
2019-06-25T13:00:10.862+0000: 362830.772: Application time: 0.0015365 seconds
2019-06-25T13:00:53.600+0000: 362873.510: Application time: 42.7383828 seconds
{Heap before GC invocations=5209 (full 145):
 par new generation   total 9792K, used 9769K [0x00000000e1000000, 0x00000000e1aa0000, 0x00000000eb4a0000)
  eden space 8704K, 100% used [0x00000000e1000000, 0x00000000e1880000, 0x00000000e1880000)
  from space 1088K,  97% used [0x00000000e1990000, 0x00000000e1a9a4b0, 0x00000000e1aa0000)
  to   space 1088K,   0% used [0x00000000e1880000, 0x00000000e1880000, 0x00000000e1990000)
 concurrent mark-sweep generation total 118492K, used 70311K [0x00000000eb4a0000, 0x00000000f2857000, 0x0000000100000000)
 Metaspace       used 95798K, capacity 99981K, committed 100352K, reserved 1136640K
  class space    used 11688K, capacity 12463K, committed 12544K, reserved 1048576K
2019-06-25T13:00:53.601+0000: 362873.511: [GC (Allocation Failure) 2019-06-25T13:00:53.601+0000: 362873.511: [ParNew: 9769K->853K(9792K), 0.0034841 secs] 80080K->71164K(128284K), 0.0043001 secs] [Times: user=0.01 sys=0.00, real=0.00 secs] 
Heap after GC invocations=5210 (full 145):
 par new generation   total 9792K, used 853K [0x00000000e1000000, 0x00000000e1aa0000, 0x00000000eb4a0000)
  eden space 8704K,   0% used [0x00000000e1000000, 0x00000000e1000000, 0x00000000e1880000)
  from space 1088K,  78% used [0x00000000e1880000, 0x00000000e1955550, 0x00000000e1990000)
  to   space 1088K,   0% used [0x00000000e1990000, 0x00000000e1990000, 0x00000000e1aa0000)
 concurrent mark-sweep generation total 118492K, used 70311K [0x00000000eb4a0000, 0x00000000f2857000, 0x0000000100000000)
 Metaspace       used 95798K, capacity 99981K, committed 100352K, reserved 1136640K
  class space    used 11688K, capacity 12463K, committed 12544K, reserved 1048576K
}
2019-06-25T13:01:03.925+0000: 362883.835: Application time: 10.3190579 seconds
2019-06-25T13:01:03.926+0000: 362883.835: Application time: 0.0000587 seconds
2019-06-25T13:01:03.926+0000: 362883.836: Application time: 0.0000602 seconds
2019-06-25T13:01:03.926+0000: 362883.836: Application time: 0.0000559 seconds
2019-06-25T13:01:03.927+0000: 362883.837: Application time: 0.0001133 seconds
2019-06-25T13:01:03.927+0000: 362883.837: Application time: 0.0001086 seconds
2019-06-25T13:01:08.454+0000: 362888.364: Application time: 4.5268540 seconds
2019-06-25T13:01:08.479+0000: 362888.389: Application time: 0.0251236 seconds
2019-06-25T13:01:09.808+0000: 362889.718: Application time: 1.3286830 seconds
2019-06-25T13:01:09.809+0000: 362889.719: Application time: 0.0000742 seconds
2019-06-25T13:01:09.809+0000: 362889.719: Application time: 0.0000579 seconds
2019-06-25T13:01:09.809+0000: 362889.719: Application time: 0.0000621 seconds
2019-06-25T13:01:09.896+0000: 362889.806: Application time: 0.0865052 seconds
2019-06-25T13:02:02.977+0000: 362942.887: Application time: 53.0809697 seconds
2019-06-25T13:02:02.978+0000: 362942.888: Application time: 0.0005352 seconds
{Heap before GC invocations=5210 (full 145):
 par new generation   total 9792K, used 9542K [0x00000000e1000000, 0x00000000e1aa0000, 0x00000000eb4a0000)
  eden space 8704K,  99% used [0x00000000e1000000, 0x00000000e187c320, 0x00000000e1880000)
  from space 1088K,  78% used [0x00000000e1880000, 0x00000000e1955550, 0x00000000e1990000)
  to   space 1088K,   0% used [0x00000000e1990000, 0x00000000e1990000, 0x00000000e1aa0000)
 concurrent mark-sweep generation total 118492K, used 70311K [0x00000000eb4a0000, 0x00000000f2857000, 0x0000000100000000)
 Metaspace       used 95800K, capacity 99981K, committed 100352K, reserved 1136640K
  class space    used 11688K, capacity 12463K, committed 12544K, reserved 1048576K
2019-06-25T13:02:02.979+0000: 362942.889: [GC (Allocation Failure) 2019-06-25T13:02:02.980+0000: 362942.889: [ParNew: 9542K->674K(9792K), 0.0080386 secs] 79853K->71510K(128284K), 0.0091762 secs] [Times: user=0.00 sys=0.01, real=0.01 secs] 
Heap after GC invocations=5211 (full 145):
 par new generation   total 9792K, used 674K [0x00000000e1000000, 0x00000000e1aa0000, 0x00000000eb4a0000)
  eden space 8704K,   0% used [0x00000000e1000000, 0x00000000e1000000, 0x00000000e1880000)
  from space 1088K,  62% used [0x00000000e1990000, 0x00000000e1a38af8, 0x00000000e1aa0000)
  to   space 1088K,   0% used [0x00000000e1880000, 0x00000000e1880000, 0x00000000e1990000)
 concurrent mark-sweep generation total 118492K, used 70836K [0x00000000eb4a0000, 0x00000000f2857000, 0x0000000100000000)
 Metaspace       used 95800K, capacity 99981K, committed 100352K, reserved 1136640K
  class space    used 11688K, capacity 12463K, committed 12544K, reserved 1048576K
}
2019-06-25T13:02:02.990+0000: 362942.899: Application time: 0.0006788 seconds
2019-06-25T13:02:02.990+0000: 362942.900: Application time: 0.0001283 seconds
2019-06-25T13:02:02.990+0000: 362942.900: Application time: 0.0001176 seconds
2019-06-25T13:02:02.992+0000: 362942.902: Application time: 0.0002507 seconds
2019-06-25T13:02:02.993+0000: 362942.903: Application time: 0.0001955 seconds
2019-06-25T13:02:07.975+0000: 362947.885: Application time: 4.9700487 seconds
2019-06-25T13:02:08.027+0000: 362947.937: Application time: 0.0515253 seconds
2019-06-25T13:02:09.810+0000: 362949.720: Application time: 1.7828959 seconds
2019-06-25T13:02:09.811+0000: 362949.721: Application time: 0.0001793 seconds
2019-06-25T13:02:09.811+0000: 362949.721: Application time: 0.0001519 seconds
2019-06-25T13:02:09.812+0000: 362949.721: Application time: 0.0001452 seconds
2019-06-25T13:02:11.386+0000: 362951.296: Application time: 1.5712971 seconds
2019-06-25T13:02:51.041+0000: 362990.951: Application time: 39.6542521 seconds
2019-06-25T13:02:51.041+0000: 362990.951: Application time: 0.0000746 seconds
2019-06-25T13:02:51.041+0000: 362990.951: Application time: 0.0000609 seconds
2019-06-25T13:02:51.041+0000: 362990.951: Application time: 0.0000276 seconds
2019-06-25T13:02:55.193+0000: 362995.103: Application time: 4.1516582 seconds
2019-06-25T13:02:55.218+0000: 362995.128: Application time: 0.0249406 seconds
2019-06-25T13:03:03.055+0000: 363002.964: Application time: 7.8355415 seconds
{Heap before GC invocations=5211 (full 145):
 par new generation   total 9792K, used 9378K [0x00000000e1000000, 0x00000000e1aa0000, 0x00000000eb4a0000)
  eden space 8704K, 100% used [0x00000000e1000000, 0x00000000e1880000, 0x00000000e1880000)
  from space 1088K,  62% used [0x00000000e1990000, 0x00000000e1a38af8, 0x00000000e1aa0000)
  to   space 1088K,   0% used [0x00000000e1880000, 0x00000000e1880000, 0x00000000e1990000)
 concurrent mark-sweep generation total 118492K, used 70836K [0x00000000eb4a0000, 0x00000000f2857000, 0x0000000100000000)
 Metaspace       used 95800K, capacity 99981K, committed 100352K, reserved 1136640K
  class space    used 11688K, capacity 12463K, committed 12544K, reserved 1048576K
2019-06-25T13:03:03.055+0000: 363002.965: [GC (Allocation Failure) 2019-06-25T13:03:03.055+0000: 363002.965: [ParNew: 9378K->768K(9792K), 0.0035237 secs] 80214K->71604K(128284K), 0.0045491 secs] [Times: user=0.01 sys=0.00, real=0.01 secs] 
Heap after GC invocations=5212 (full 145):
 par new generation   total 9792K, used 768K [0x00000000e1000000, 0x00000000e1aa0000, 0x00000000eb4a0000)
  eden space 8704K,   0% used [0x00000000e1000000, 0x00000000e1000000, 0x00000000e1880000)
  from space 1088K,  70% used [0x00000000e1880000, 0x00000000e19402b0, 0x00000000e1990000)
  to   space 1088K,   0% used [0x00000000e1990000, 0x00000000e1990000, 0x00000000e1aa0000)
 concurrent mark-sweep generation total 118492K, used 70836K [0x00000000eb4a0000, 0x00000000f2857000, 0x0000000100000000)
 Metaspace       used 95800K, capacity 99981K, committed 100352K, reserved 1136640K
  class space    used 11688K, capacity 12463K, committed 12544K, reserved 1048576K
}
2019-06-25T13:03:09.901+0000: 363009.811: Application time: 6.8410216 seconds
2019-06-25T13:03:40.101+0000: 363040.011: Application time: 30.1992765 seconds
2019-06-25T13:03:40.101+0000: 363040.011: Application time: 0.0000601 seconds
2019-06-25T13:03:40.101+0000: 363040.011: Application time: 0.0000570 seconds
2019-06-25T13:03:40.102+0000: 363040.012: Application time: 0.0000926 seconds
2019-06-25T13:03:40.102+0000: 363040.012: Application time: 0.0001560 seconds
2019-06-25T13:03:40.102+0000: 363040.012: Application time: 0.0000801 seconds
2019-06-25T13:04:10.400+0000: 363070.310: Application time: 30.2977637 seconds
2019-06-25T13:04:41.396+0000: 363101.306: Application time: 30.9956873 seconds
{Heap before GC invocations=5212 (full 145):
 par new generation   total 9792K, used 9472K [0x00000000e1000000, 0x00000000e1aa0000, 0x00000000eb4a0000)
  eden space 8704K, 100% used [0x00000000e1000000, 0x00000000e1880000, 0x00000000e1880000)
  from space 1088K,  70% used [0x00000000e1880000, 0x00000000e19402b0, 0x00000000e1990000)
  to   space 1088K,   0% used [0x00000000e1990000, 0x00000000e1990000, 0x00000000e1aa0000)
 concurrent mark-sweep generation total 118492K, used 70836K [0x00000000eb4a0000, 0x00000000f2857000, 0x0000000100000000)
 Metaspace       used 95800K, capacity 99981K, committed 100352K, reserved 1136640K
  class space    used 11688K, capacity 12463K, committed 12544K, reserved 1048576K
2019-06-25T13:04:41.397+0000: 363101.307: [GC (Allocation Failure) 2019-06-25T13:04:41.398+0000: 363101.307: [ParNew: 9472K->892K(9792K), 0.0037785 secs] 80308K->71912K(128284K), 0.0046669 secs] [Times: user=0.01 sys=0.00, real=0.01 secs] 
Heap after GC invocations=5213 (full 145):
 par new generation   total 9792K, used 892K [0x00000000e1000000, 0x00000000e1aa0000, 0x00000000eb4a0000)
  eden space 8704K,   0% used [0x00000000e1000000, 0x00000000e1000000, 0x00000000e1880000)
  from space 1088K,  82% used [0x00000000e1990000, 0x00000000e1a6f240, 0x00000000e1aa0000)
  to   space 1088K,   0% used [0x00000000e1880000, 0x00000000e1880000, 0x00000000e1990000)
 concurrent mark-sweep generation total 118492K, used 71020K [0x00000000eb4a0000, 0x00000000f2857000, 0x0000000100000000)
 Metaspace       used 95800K, capacity 99981K, committed 100352K, reserved 1136640K
  class space    used 11688K, capacity 12463K, committed 12544K, reserved 1048576K
}
2019-06-25T13:05:11.406+0000: 363131.316: Application time: 30.0039642 seconds
2019-06-25T13:05:41.411+0000: 363161.320: Application time: 30.0037571 seconds
2019-06-25T13:05:54.413+0000: 363174.323: Application time: 13.0020555 seconds
2019-06-25T13:05:57.248+0000: 363177.158: Application time: 2.8346154 seconds
2019-06-25T13:05:57.249+0000: 363177.159: Application time: 0.0000763 seconds
2019-06-25T13:05:57.249+0000: 363177.159: Application time: 0.0000619 seconds
2019-06-25T13:05:57.249+0000: 363177.159: Application time: 0.0000642 seconds
2019-06-25T13:05:58.725+0000: 363178.635: Application time: 1.4753744 seconds
{Heap before GC invocations=5213 (full 145):
 par new generation   total 9792K, used 9596K [0x00000000e1000000, 0x00000000e1aa0000, 0x00000000eb4a0000)
  eden space 8704K, 100% used [0x00000000e1000000, 0x00000000e1880000, 0x00000000e1880000)
  from space 1088K,  82% used [0x00000000e1990000, 0x00000000e1a6f240, 0x00000000e1aa0000)
  to   space 1088K,   0% used [0x00000000e1880000, 0x00000000e1880000, 0x00000000e1990000)
 concurrent mark-sweep generation total 118492K, used 71020K [0x00000000eb4a0000, 0x00000000f2857000, 0x0000000100000000)
 Metaspace       used 95800K, capacity 99981K, committed 100352K, reserved 1136640K
  class space    used 11688K, capacity 12463K, committed 12544K, reserved 1048576K
2019-06-25T13:05:58.726+0000: 363178.635: [GC (Allocation Failure) 2019-06-25T13:05:58.726+0000: 363178.636: [ParNew: 9596K->698K(9792K), 0.0249808 secs] 80616K->71904K(128284K), 0.0258596 secs] [Times: user=0.05 sys=0.00, real=0.03 secs] 
Heap after GC invocations=5214 (full 145):
 par new generation   total 9792K, used 698K [0x00000000e1000000, 0x00000000e1aa0000, 0x00000000eb4a0000)
  eden space 8704K,   0% used [0x00000000e1000000, 0x00000000e1000000, 0x00000000e1880000)
  from space 1088K,  64% used [0x00000000e1880000, 0x00000000e192e908, 0x00000000e1990000)
  to   space 1088K,   0% used [0x00000000e1990000, 0x00000000e1990000, 0x00000000e1aa0000)
 concurrent mark-sweep generation total 118492K, used 71206K [0x00000000eb4a0000, 0x00000000f2857000, 0x0000000100000000)
 Metaspace       used 95800K, capacity 99981K, committed 100352K, reserved 1136640K
  class space    used 11688K, capacity 12463K, committed 12544K, reserved 1048576K
}
2019-06-25T13:05:58.752+0000: 363178.662: Application time: 0.0000927 seconds
2019-06-25T13:05:58.753+0000: 363178.663: [GC (CMS Initial Mark) [1 CMS-initial-mark: 71206K(118492K)] 71906K(128284K), 0.0030381 secs] [Times: user=0.01 sys=0.00, real=0.00 secs] 
2019-06-25T13:05:58.757+0000: 363178.667: [CMS-concurrent-mark-start]
2019-06-25T13:05:58.862+0000: 363178.772: [CMS-concurrent-mark: 0.105/0.105 secs] [Times: user=0.10 sys=0.00, real=0.11 secs] 
2019-06-25T13:05:58.862+0000: 363178.772: [CMS-concurrent-preclean-start]
2019-06-25T13:05:58.864+0000: 363178.774: [CMS-concurrent-preclean: 0.002/0.002 secs] [Times: user=0.00 sys=0.00, real=0.00 secs] 
2019-06-25T13:05:58.865+0000: 363178.774: Application time: 0.1078730 seconds
2019-06-25T13:05:58.865+0000: 363178.775: [GC (CMS Final Remark) [YG occupancy: 734 K (9792 K)]2019-06-25T13:05:58.865+0000: 363178.775: [Rescan (parallel) , 0.0031268 secs]2019-06-25T13:05:58.869+0000: 363178.779: [weak refs processing, 0.0033247 secs]2019-06-25T13:05:58.873+0000: 363178.782: [class unloading, 0.0323351 secs]2019-06-25T13:05:58.906+0000: 363178.815: [scrub symbol table, 0.0239981 secs]2019-06-25T13:05:58.930+0000: 363178.840: [scrub string table, 0.0016522 secs][1 CMS-remark: 71206K(118492K)] 71940K(128284K), 0.0804554 secs] [Times: user=0.09 sys=0.00, real=0.08 secs] 
2019-06-25T13:05:58.947+0000: 363178.856: [CMS-concurrent-sweep-start]
2019-06-25T13:05:58.979+0000: 363178.889: [CMS-concurrent-sweep: 0.032/0.032 secs] [Times: user=0.03 sys=0.00, real=0.04 secs] 
2019-06-25T13:05:58.980+0000: 363178.889: [CMS-concurrent-reset-start]
2019-06-25T13:05:58.980+0000: 363178.890: [CMS-concurrent-reset: 0.000/0.000 secs] [Times: user=0.00 sys=0.00, real=0.00 secs] 
2019-06-25T13:05:59.946+0000: 363179.856: Application time: 1.0001527 seconds
2019-06-25T13:06:02.221+0000: 363182.130: Application time: 2.2737544 seconds
2019-06-25T13:06:02.245+0000: 363182.155: Application time: 0.0246286 seconds
2019-06-25T13:06:06.246+0000: 363186.156: Application time: 4.0006652 seconds
2019-06-25T13:06:07.247+0000: 363187.157: Application time: 1.0001755 seconds
2019-06-25T13:06:08.247+0000: 363188.157: Application time: 1.0001916 seconds
2019-06-25T13:06:09.908+0000: 363189.818: Application time: 1.6606162 seconds
2019-06-25T13:06:10.909+0000: 363190.818: Application time: 1.0002118 seconds
2019-06-25T13:06:11.909+0000: 363191.819: Application time: 1.0002033 seconds
2019-06-25T13:06:55.313+0000: 363235.223: Application time: 43.4034964 seconds
2019-06-25T13:06:55.313+0000: 363235.223: Application time: 0.0000626 seconds
2019-06-25T13:06:55.314+0000: 363235.224: Application time: 0.0001053 seconds
2019-06-25T13:06:55.314+0000: 363235.224: Application time: 0.0000592 seconds
2019-06-25T13:06:55.314+0000: 363235.225: Application time: 0.0006596 seconds
2019-06-25T13:06:55.315+0000: 363235.225: Application time: 0.0001944 seconds
2019-06-25T13:07:07.318+0000: 363247.227: Application time: 12.0023371 seconds
2019-06-25T13:07:34.348+0000: 363274.258: Application time: 27.0300220 seconds
{Heap before GC invocations=5214 (full 146):
 par new generation   total 9792K, used 9402K [0x00000000e1000000, 0x00000000e1aa0000, 0x00000000eb4a0000)
  eden space 8704K, 100% used [0x00000000e1000000, 0x00000000e1880000, 0x00000000e1880000)
  from space 1088K,  64% used [0x00000000e1880000, 0x00000000e192e908, 0x00000000e1990000)
  to   space 1088K,   0% used [0x00000000e1990000, 0x00000000e1990000, 0x00000000e1aa0000)
 concurrent mark-sweep generation total 118492K, used 65328K [0x00000000eb4a0000, 0x00000000f2857000, 0x0000000100000000)
 Metaspace       used 95716K, capacity 99837K, committed 100352K, reserved 1136640K
  class space    used 11675K, capacity 12439K, committed 12544K, reserved 1048576K
2019-06-25T13:07:34.348+0000: 363274.258: [GC (Allocation Failure) 2019-06-25T13:07:34.349+0000: 363274.259: [ParNew: 9402K->1059K(9792K), 0.0038429 secs] 74730K->66387K(128284K), 0.0051885 secs] [Times: user=0.01 sys=0.00, real=0.00 secs] 
Heap after GC invocations=5215 (full 146):
 par new generation   total 9792K, used 1059K [0x00000000e1000000, 0x00000000e1aa0000, 0x00000000eb4a0000)
  eden space 8704K,   0% used [0x00000000e1000000, 0x00000000e1000000, 0x00000000e1880000)
  from space 1088K,  97% used [0x00000000e1990000, 0x00000000e1a98e68, 0x00000000e1aa0000)
  to   space 1088K,   0% used [0x00000000e1880000, 0x00000000e1880000, 0x00000000e1990000)
 concurrent mark-sweep generation total 118492K, used 65328K [0x00000000eb4a0000, 0x00000000f2857000, 0x0000000100000000)
 Metaspace       used 95716K, capacity 99837K, committed 100352K, reserved 1136640K
  class space    used 11675K, capacity 12439K, committed 12544K, reserved 1048576K
}
2019-06-25T13:08:10.359+0000: 363310.269: Application time: 36.0048848 seconds
2019-06-25T13:09:09.918+0000: 363369.828: Application time: 59.5592039 seconds
2019-06-25T13:09:11.432+0000: 363371.342: Application time: 1.5130212 seconds
{Heap before GC invocations=5215 (full 146):
 par new generation   total 9792K, used 9763K [0x00000000e1000000, 0x00000000e1aa0000, 0x00000000eb4a0000)
  eden space 8704K, 100% used [0x00000000e1000000, 0x00000000e1880000, 0x00000000e1880000)
  from space 1088K,  97% used [0x00000000e1990000, 0x00000000e1a98e68, 0x00000000e1aa0000)
  to   space 1088K,   0% used [0x00000000e1880000, 0x00000000e1880000, 0x00000000e1990000)
 concurrent mark-sweep generation total 118492K, used 65328K [0x00000000eb4a0000, 0x00000000f2857000, 0x0000000100000000)
 Metaspace       used 95719K, capacity 99843K, committed 100352K, reserved 1136640K
  class space    used 11676K, capacity 12440K, committed 12544K, reserved 1048576K
2019-06-25T13:09:11.433+0000: 363371.343: [GC (Allocation Failure) 2019-06-25T13:09:11.433+0000: 363371.343: [ParNew: 9763K->631K(9792K), 0.0090299 secs] 75091K->66436K(128284K), 0.0101387 secs] [Times: user=0.02 sys=0.00, real=0.01 secs] 
Heap after GC invocations=5216 (full 146):
 par new generation   total 9792K, used 631K [0x00000000e1000000, 0x00000000e1aa0000, 0x00000000eb4a0000)
  eden space 8704K,   0% used [0x00000000e1000000, 0x00000000e1000000, 0x00000000e1880000)
  from space 1088K,  57% used [0x00000000e1880000, 0x00000000e191dc28, 0x00000000e1990000)
  to   space 1088K,   0% used [0x00000000e1990000, 0x00000000e1990000, 0x00000000e1aa0000)
 concurrent mark-sweep generation total 118492K, used 65805K [0x00000000eb4a0000, 0x00000000f2857000, 0x0000000100000000)
 Metaspace       used 95719K, capacity 99843K, committed 100352K, reserved 1136640K
  class space    used 11676K, capacity 12440K, committed 12544K, reserved 1048576K
}
2019-06-25T13:09:11.445+0000: 363371.355: Application time: 0.0011433 seconds
2019-06-25T13:09:11.446+0000: 363371.355: Application time: 0.0004675 seconds
2019-06-25T13:09:11.446+0000: 363371.356: Application time: 0.0002158 seconds
2019-06-25T13:09:11.447+0000: 363371.356: Application time: 0.0001530 seconds
2019-06-25T13:09:11.448+0000: 363371.357: Application time: 0.0003937 seconds
2019-06-25T13:09:11.448+0000: 363371.358: Application time: 0.0001504 seconds
2019-06-25T13:10:41.460+0000: 363461.370: Application time: 90.0121376 seconds
2019-06-25T13:10:53.658+0000: 363473.568: Application time: 12.1975052 seconds
{Heap before GC invocations=5216 (full 146):
 par new generation   total 9792K, used 9335K [0x00000000e1000000, 0x00000000e1aa0000, 0x00000000eb4a0000)
  eden space 8704K,  99% used [0x00000000e1000000, 0x00000000e187fff0, 0x00000000e1880000)
  from space 1088K,  57% used [0x00000000e1880000, 0x00000000e191dc28, 0x00000000e1990000)
  to   space 1088K,   0% used [0x00000000e1990000, 0x00000000e1990000, 0x00000000e1aa0000)
 concurrent mark-sweep generation total 118492K, used 65805K [0x00000000eb4a0000, 0x00000000f2857000, 0x0000000100000000)
 Metaspace       used 95719K, capacity 99843K, committed 100352K, reserved 1136640K
  class space    used 11676K, capacity 12440K, committed 12544K, reserved 1048576K
2019-06-25T13:10:53.659+0000: 363473.568: [GC (Allocation Failure) 2019-06-25T13:10:53.659+0000: 363473.569: [ParNew: 9335K->674K(9792K), 0.0032682 secs] 75140K->66479K(128284K), 0.0040783 secs] [Times: user=0.00 sys=0.01, real=0.00 secs] 
Heap after GC invocations=5217 (full 146):
 par new generation   total 9792K, used 674K [0x00000000e1000000, 0x00000000e1aa0000, 0x00000000eb4a0000)
  eden space 8704K,   0% used [0x00000000e1000000, 0x00000000e1000000, 0x00000000e1880000)
  from space 1088K,  61% used [0x00000000e1990000, 0x00000000e1a38968, 0x00000000e1aa0000)
  to   space 1088K,   0% used [0x00000000e1880000, 0x00000000e1880000, 0x00000000e1990000)
 concurrent mark-sweep generation total 118492K, used 65805K [0x00000000eb4a0000, 0x00000000f2857000, 0x0000000100000000)
 Metaspace       used 95719K, capacity 99843K, committed 100352K, reserved 1136640K
  class space    used 11676K, capacity 12440K, committed 12544K, reserved 1048576K
}
2019-06-25T13:12:33.962+0000: 363573.872: Application time: 100.2982337 seconds
{Heap before GC invocations=5217 (full 146):
 par new generation   total 9792K, used 9378K [0x00000000e1000000, 0x00000000e1aa0000, 0x00000000eb4a0000)
  eden space 8704K, 100% used [0x00000000e1000000, 0x00000000e1880000, 0x00000000e1880000)
  from space 1088K,  61% used [0x00000000e1990000, 0x00000000e1a38968, 0x00000000e1aa0000)
  to   space 1088K,   0% used [0x00000000e1880000, 0x00000000e1880000, 0x00000000e1990000)
 concurrent mark-sweep generation total 118492K, used 65805K [0x00000000eb4a0000, 0x00000000f2857000, 0x0000000100000000)
 Metaspace       used 95719K, capacity 99843K, committed 100352K, reserved 1136640K
  class space    used 11676K, capacity 12440K, committed 12544K, reserved 1048576K
2019-06-25T13:12:33.963+0000: 363573.872: [GC (Allocation Failure) 2019-06-25T13:12:33.963+0000: 363573.873: [ParNew: 9378K->547K(9792K), 0.0036430 secs] 75183K->66554K(128284K), 0.0044848 secs] [Times: user=0.00 sys=0.00, real=0.00 secs] 
Heap after GC invocations=5218 (full 146):
 par new generation   total 9792K, used 547K [0x00000000e1000000, 0x00000000e1aa0000, 0x00000000eb4a0000)
  eden space 8704K,   0% used [0x00000000e1000000, 0x00000000e1000000, 0x00000000e1880000)
  from space 1088K,  50% used [0x00000000e1880000, 0x00000000e1908d28, 0x00000000e1990000)
  to   space 1088K,   0% used [0x00000000e1990000, 0x00000000e1990000, 0x00000000e1aa0000)
 concurrent mark-sweep generation total 118492K, used 66007K [0x00000000eb4a0000, 0x00000000f2857000, 0x0000000100000000)
 Metaspace       used 95719K, capacity 99843K, committed 100352K, reserved 1136640K
  class space    used 11676K, capacity 12440K, committed 12544K, reserved 1048576K
}
2019-06-25T13:12:54.971+0000: 363594.881: Application time: 21.0028205 seconds
2019-06-25T13:13:11.440+0000: 363611.350: Application time: 16.4692413 seconds
2019-06-25T13:13:11.442+0000: 363611.352: Application time: 0.0015291 seconds
2019-06-25T13:14:09.944+0000: 363669.853: Application time: 58.5011511 seconds
2019-06-25T13:14:10.939+0000: 363670.848: Application time: 0.9943371 seconds
{Heap before GC invocations=5218 (full 146):
 par new generation   total 9792K, used 9251K [0x00000000e1000000, 0x00000000e1aa0000, 0x00000000eb4a0000)
  eden space 8704K, 100% used [0x00000000e1000000, 0x00000000e1880000, 0x00000000e1880000)
  from space 1088K,  50% used [0x00000000e1880000, 0x00000000e1908d28, 0x00000000e1990000)
  to   space 1088K,   0% used [0x00000000e1990000, 0x00000000e1990000, 0x00000000e1aa0000)
 concurrent mark-sweep generation total 118492K, used 66007K [0x00000000eb4a0000, 0x00000000f2857000, 0x0000000100000000)
 Metaspace       used 95725K, capacity 99855K, committed 100352K, reserved 1136640K
  class space    used 11677K, capacity 12442K, committed 12544K, reserved 1048576K
2019-06-25T13:14:10.939+0000: 363670.849: [GC (Allocation Failure) 2019-06-25T13:14:10.940+0000: 363670.850: [ParNew: 9251K->661K(9792K), 0.0064020 secs] 75258K->66668K(128284K), 0.0079193 secs] [Times: user=0.01 sys=0.00, real=0.00 secs] 
Heap after GC invocations=5219 (full 146):
 par new generation   total 9792K, used 661K [0x00000000e1000000, 0x00000000e1aa0000, 0x00000000eb4a0000)
  eden space 8704K,   0% used [0x00000000e1000000, 0x00000000e1000000, 0x00000000e1880000)
  from space 1088K,  60% used [0x00000000e1990000, 0x00000000e1a35470, 0x00000000e1aa0000)
  to   space 1088K,   0% used [0x00000000e1880000, 0x00000000e1880000, 0x00000000e1990000)
 concurrent mark-sweep generation total 118492K, used 66007K [0x00000000eb4a0000, 0x00000000f2857000, 0x0000000100000000)
 Metaspace       used 95725K, capacity 99855K, committed 100352K, reserved 1136640K
  class space    used 11677K, capacity 12442K, committed 12544K, reserved 1048576K
}
2019-06-25T13:14:11.949+0000: 363671.859: Application time: 1.0003035 seconds
2019-06-25T13:14:14.950+0000: 363674.860: Application time: 3.0004434 seconds
2019-06-25T13:15:53.692+0000: 363773.602: Application time: 98.7419779 seconds
{Heap before GC invocations=5219 (full 146):
 par new generation   total 9792K, used 9365K [0x00000000e1000000, 0x00000000e1aa0000, 0x00000000eb4a0000)
  eden space 8704K, 100% used [0x00000000e1000000, 0x00000000e1880000, 0x00000000e1880000)
  from space 1088K,  60% used [0x00000000e1990000, 0x00000000e1a35470, 0x00000000e1aa0000)
  to   space 1088K,   0% used [0x00000000e1880000, 0x00000000e1880000, 0x00000000e1990000)
 concurrent mark-sweep generation total 118492K, used 66007K [0x00000000eb4a0000, 0x00000000f2857000, 0x0000000100000000)
 Metaspace       used 95725K, capacity 99855K, committed 100352K, reserved 1136640K
  class space    used 11677K, capacity 12442K, committed 12544K, reserved 1048576K
2019-06-25T13:15:53.693+0000: 363773.603: [GC (Allocation Failure) 2019-06-25T13:15:53.693+0000: 363773.603: [ParNew: 9365K->739K(9792K), 0.0032714 secs] 75372K->66746K(128284K), 0.0041003 secs] [Times: user=0.00 sys=0.01, real=0.00 secs] 
Heap after GC invocations=5220 (full 146):
 par new generation   total 9792K, used 739K [0x00000000e1000000, 0x00000000e1aa0000, 0x00000000eb4a0000)
  eden space 8704K,   0% used [0x00000000e1000000, 0x00000000e1000000, 0x00000000e1880000)
  from space 1088K,  67% used [0x00000000e1880000, 0x00000000e1938d78, 0x00000000e1990000)
  to   space 1088K,   0% used [0x00000000e1990000, 0x00000000e1990000, 0x00000000e1aa0000)
 concurrent mark-sweep generation total 118492K, used 66007K [0x00000000eb4a0000, 0x00000000f2857000, 0x0000000100000000)
 Metaspace       used 95725K, capacity 99855K, committed 100352K, reserved 1136640K
  class space    used 11677K, capacity 12442K, committed 12544K, reserved 1048576K
}
2019-06-25T13:17:32.393+0000: 363872.302: Application time: 98.6947926 seconds
{Heap before GC invocations=5220 (full 146):
 par new generation   total 9792K, used 9443K [0x00000000e1000000, 0x00000000e1aa0000, 0x00000000eb4a0000)
  eden space 8704K, 100% used [0x00000000e1000000, 0x00000000e1880000, 0x00000000e1880000)
  from space 1088K,  67% used [0x00000000e1880000, 0x00000000e1938d78, 0x00000000e1990000)
  to   space 1088K,   0% used [0x00000000e1990000, 0x00000000e1990000, 0x00000000e1aa0000)
 concurrent mark-sweep generation total 118492K, used 66007K [0x00000000eb4a0000, 0x00000000f2857000, 0x0000000100000000)
 Metaspace       used 95725K, capacity 99855K, committed 100352K, reserved 1136640K
  class space    used 11677K, capacity 12442K, committed 12544K, reserved 1048576K
2019-06-25T13:17:32.394+0000: 363872.303: [GC (Allocation Failure) 2019-06-25T13:17:32.394+0000: 363872.304: [ParNew: 9443K->745K(9792K), 0.0041908 secs] 75450K->66833K(128284K), 0.0052059 secs] [Times: user=0.01 sys=0.00, real=0.01 secs] 
Heap after GC invocations=5221 (full 146):
 par new generation   total 9792K, used 745K [0x00000000e1000000, 0x00000000e1aa0000, 0x00000000eb4a0000)
  eden space 8704K,   0% used [0x00000000e1000000, 0x00000000e1000000, 0x00000000e1880000)
  from space 1088K,  68% used [0x00000000e1990000, 0x00000000e1a4a618, 0x00000000e1aa0000)
  to   space 1088K,   0% used [0x00000000e1880000, 0x00000000e1880000, 0x00000000e1990000)
 concurrent mark-sweep generation total 118492K, used 66088K [0x00000000eb4a0000, 0x00000000f2857000, 0x0000000100000000)
 Metaspace       used 95725K, capacity 99855K, committed 100352K, reserved 1136640K
  class space    used 11677K, capacity 12442K, committed 12544K, reserved 1048576K
}
2019-06-25T13:19:10.477+0000: 363970.387: Application time: 98.0775300 seconds
2019-06-25T13:19:10.977+0000: 363970.886: Application time: 0.4987788 seconds
{Heap before GC invocations=5221 (full 146):
 par new generation   total 9792K, used 9449K [0x00000000e1000000, 0x00000000e1aa0000, 0x00000000eb4a0000)
  eden space 8704K, 100% used [0x00000000e1000000, 0x00000000e1880000, 0x00000000e1880000)
  from space 1088K,  68% used [0x00000000e1990000, 0x00000000e1a4a618, 0x00000000e1aa0000)
  to   space 1088K,   0% used [0x00000000e1880000, 0x00000000e1880000, 0x00000000e1990000)
 concurrent mark-sweep generation total 118492K, used 66088K [0x00000000eb4a0000, 0x00000000f2857000, 0x0000000100000000)
 Metaspace       used 95725K, capacity 99855K, committed 100352K, reserved 1136640K
  class space    used 11677K, capacity 12442K, committed 12544K, reserved 1048576K
2019-06-25T13:19:10.977+0000: 363970.887: [GC (Allocation Failure) 2019-06-25T13:19:10.978+0000: 363970.887: [ParNew: 9449K->735K(9792K), 0.0037437 secs] 75537K->66895K(128284K), 0.0046161 secs] [Times: user=0.01 sys=0.00, real=0.01 secs] 
Heap after GC invocations=5222 (full 146):
 par new generation   total 9792K, used 735K [0x00000000e1000000, 0x00000000e1aa0000, 0x00000000eb4a0000)
  eden space 8704K,   0% used [0x00000000e1000000, 0x00000000e1000000, 0x00000000e1880000)
  from space 1088K,  67% used [0x00000000e1880000, 0x00000000e1937ca8, 0x00000000e1990000)
  to   space 1088K,   0% used [0x00000000e1990000, 0x00000000e1990000, 0x00000000e1aa0000)
 concurrent mark-sweep generation total 118492K, used 66160K [0x00000000eb4a0000, 0x00000000f2857000, 0x0000000100000000)
 Metaspace       used 95725K, capacity 99855K, committed 100352K, reserved 1136640K
  class space    used 11677K, capacity 12442K, committed 12544K, reserved 1048576K
}
2019-06-25T13:19:23.717+0000: 363983.626: Application time: 12.7339955 seconds
2019-06-25T13:20:52.058+0000: 364071.968: Application time: 88.3412999 seconds
{Heap before GC invocations=5222 (full 146):
 par new generation   total 9792K, used 9439K [0x00000000e1000000, 0x00000000e1aa0000, 0x00000000eb4a0000)
  eden space 8704K, 100% used [0x00000000e1000000, 0x00000000e1880000, 0x00000000e1880000)
  from space 1088K,  67% used [0x00000000e1880000, 0x00000000e1937ca8, 0x00000000e1990000)
  to   space 1088K,   0% used [0x00000000e1990000, 0x00000000e1990000, 0x00000000e1aa0000)
 concurrent mark-sweep generation total 118492K, used 66160K [0x00000000eb4a0000, 0x00000000f2857000, 0x0000000100000000)
 Metaspace       used 95725K, capacity 99855K, committed 100352K, reserved 1136640K
  class space    used 11677K, capacity 12442K, committed 12544K, reserved 1048576K
2019-06-25T13:20:52.059+0000: 364071.969: [GC (Allocation Failure) 2019-06-25T13:20:52.059+0000: 364071.969: [ParNew: 9439K->875K(9792K), 0.0208502 secs] 75599K->67035K(128284K), 0.0216330 secs] [Times: user=0.04 sys=0.00, real=0.02 secs] 
Heap after GC invocations=5223 (full 146):
 par new generation   total 9792K, used 875K [0x00000000e1000000, 0x00000000e1aa0000, 0x00000000eb4a0000)
  eden space 8704K,   0% used [0x00000000e1000000, 0x00000000e1000000, 0x00000000e1880000)
  from space 1088K,  80% used [0x00000000e1990000, 0x00000000e1a6ac28, 0x00000000e1aa0000)
  to   space 1088K,   0% used [0x00000000e1880000, 0x00000000e1880000, 0x00000000e1990000)
 concurrent mark-sweep generation total 118492K, used 66160K [0x00000000eb4a0000, 0x00000000f2857000, 0x0000000100000000)
 Metaspace       used 95725K, capacity 99855K, committed 100352K, reserved 1136640K
  class space    used 11677K, capacity 12442K, committed 12544K, reserved 1048576K
}
2019-06-25T13:22:31.922+0000: 364171.832: Application time: 99.8408319 seconds
{Heap before GC invocations=5223 (full 146):
 par new generation   total 9792K, used 9579K [0x00000000e1000000, 0x00000000e1aa0000, 0x00000000eb4a0000)
  eden space 8704K, 100% used [0x00000000e1000000, 0x00000000e1880000, 0x00000000e1880000)
  from space 1088K,  80% used [0x00000000e1990000, 0x00000000e1a6ac28, 0x00000000e1aa0000)
  to   space 1088K,   0% used [0x00000000e1880000, 0x00000000e1880000, 0x00000000e1990000)
 concurrent mark-sweep generation total 118492K, used 66160K [0x00000000eb4a0000, 0x00000000f2857000, 0x0000000100000000)
 Metaspace       used 95728K, capacity 99867K, committed 100352K, reserved 1136640K
  class space    used 11678K, capacity 12444K, committed 12544K, reserved 1048576K
2019-06-25T13:22:31.923+0000: 364171.833: [GC (Allocation Failure) 2019-06-25T13:22:31.923+0000: 364171.833: [ParNew: 9579K->612K(9792K), 0.0031264 secs] 75739K->66895K(128284K), 0.0038078 secs] [Times: user=0.00 sys=0.00, real=0.00 secs] 
Heap after GC invocations=5224 (full 146):
 par new generation   total 9792K, used 612K [0x00000000e1000000, 0x00000000e1aa0000, 0x00000000eb4a0000)
  eden space 8704K,   0% used [0x00000000e1000000, 0x00000000e1000000, 0x00000000e1880000)
  from space 1088K,  56% used [0x00000000e1880000, 0x00000000e19190b8, 0x00000000e1990000)
  to   space 1088K,   0% used [0x00000000e1990000, 0x00000000e1990000, 0x00000000e1aa0000)
 concurrent mark-sweep generation total 118492K, used 66282K [0x00000000eb4a0000, 0x00000000f2857000, 0x0000000100000000)
 Metaspace       used 95728K, capacity 99867K, committed 100352K, reserved 1136640K
  class space    used 11678K, capacity 12444K, committed 12544K, reserved 1048576K
}
2019-06-25T13:24:10.507+0000: 364270.416: Application time: 98.5787648 seconds
2019-06-25T13:24:10.971+0000: 364270.880: Application time: 0.4637401 seconds
{Heap before GC invocations=5224 (full 146):
 par new generation   total 9792K, used 9313K [0x00000000e1000000, 0x00000000e1aa0000, 0x00000000eb4a0000)
  eden space 8704K,  99% used [0x00000000e1000000, 0x00000000e187f4f0, 0x00000000e1880000)
  from space 1088K,  56% used [0x00000000e1880000, 0x00000000e19190b8, 0x00000000e1990000)
  to   space 1088K,   0% used [0x00000000e1990000, 0x00000000e1990000, 0x00000000e1aa0000)
 concurrent mark-sweep generation total 118492K, used 66282K [0x00000000eb4a0000, 0x00000000f2857000, 0x0000000100000000)
 Metaspace       used 95728K, capacity 99867K, committed 100352K, reserved 1136640K
  class space    used 11678K, capacity 12444K, committed 12544K, reserved 1048576K
2019-06-25T13:24:10.972+0000: 364270.881: [GC (Allocation Failure) 2019-06-25T13:24:10.972+0000: 364270.882: [ParNew: 9313K->641K(9792K), 0.0033404 secs] 75596K->66923K(128284K), 0.0041855 secs] [Times: user=0.01 sys=0.00, real=0.00 secs] 
Heap after GC invocations=5225 (full 146):
 par new generation   total 9792K, used 641K [0x00000000e1000000, 0x00000000e1aa0000, 0x00000000eb4a0000)
  eden space 8704K,   0% used [0x00000000e1000000, 0x00000000e1000000, 0x00000000e1880000)
  from space 1088K,  58% used [0x00000000e1990000, 0x00000000e1a30470, 0x00000000e1aa0000)
  to   space 1088K,   0% used [0x00000000e1880000, 0x00000000e1880000, 0x00000000e1990000)
 concurrent mark-sweep generation total 118492K, used 66282K [0x00000000eb4a0000, 0x00000000f2857000, 0x0000000100000000)
 Metaspace       used 95728K, capacity 99867K, committed 100352K, reserved 1136640K
  class space    used 11678K, capacity 12444K, committed 12544K, reserved 1048576K
}
2019-06-25T13:25:11.012+0000: 364330.921: Application time: 60.0349748 seconds
2019-06-25T13:25:11.013+0000: 364330.923: Application time: 0.0015429 seconds
2019-06-25T13:25:52.125+0000: 364372.035: Application time: 41.1113163 seconds
{Heap before GC invocations=5225 (full 146):
 par new generation   total 9792K, used 9345K [0x00000000e1000000, 0x00000000e1aa0000, 0x00000000eb4a0000)
  eden space 8704K, 100% used [0x00000000e1000000, 0x00000000e1880000, 0x00000000e1880000)
  from space 1088K,  58% used [0x00000000e1990000, 0x00000000e1a30470, 0x00000000e1aa0000)
  to   space 1088K,   0% used [0x00000000e1880000, 0x00000000e1880000, 0x00000000e1990000)
 concurrent mark-sweep generation total 118492K, used 66282K [0x00000000eb4a0000, 0x00000000f2857000, 0x0000000100000000)
 Metaspace       used 95728K, capacity 99867K, committed 100352K, reserved 1136640K
  class space    used 11678K, capacity 12444K, committed 12544K, reserved 1048576K
2019-06-25T13:25:52.126+0000: 364372.036: [GC (Allocation Failure) 2019-06-25T13:25:52.126+0000: 364372.036: [ParNew: 9345K->788K(9792K), 0.0043332 secs] 75627K->67071K(128284K), 0.0051304 secs] [Times: user=0.01 sys=0.00, real=0.01 secs] 
Heap after GC invocations=5226 (full 146):
 par new generation   total 9792K, used 788K [0x00000000e1000000, 0x00000000e1aa0000, 0x00000000eb4a0000)
  eden space 8704K,   0% used [0x00000000e1000000, 0x00000000e1000000, 0x00000000e1880000)
  from space 1088K,  72% used [0x00000000e1880000, 0x00000000e1945250, 0x00000000e1990000)
  to   space 1088K,   0% used [0x00000000e1990000, 0x00000000e1990000, 0x00000000e1aa0000)
 concurrent mark-sweep generation total 118492K, used 66282K [0x00000000eb4a0000, 0x00000000f2857000, 0x0000000100000000)
 Metaspace       used 95728K, capacity 99867K, committed 100352K, reserved 1136640K
  class space    used 11678K, capacity 12444K, committed 12544K, reserved 1048576K
}
2019-06-25T13:27:30.435+0000: 364470.345: Application time: 98.3028674 seconds
{Heap before GC invocations=5226 (full 146):
 par new generation   total 9792K, used 9492K [0x00000000e1000000, 0x00000000e1aa0000, 0x00000000eb4a0000)
  eden space 8704K, 100% used [0x00000000e1000000, 0x00000000e1880000, 0x00000000e1880000)
  from space 1088K,  72% used [0x00000000e1880000, 0x00000000e1945250, 0x00000000e1990000)
  to   space 1088K,   0% used [0x00000000e1990000, 0x00000000e1990000, 0x00000000e1aa0000)
 concurrent mark-sweep generation total 118492K, used 66282K [0x00000000eb4a0000, 0x00000000f2857000, 0x0000000100000000)
 Metaspace       used 95728K, capacity 99867K, committed 100352K, reserved 1136640K
  class space    used 11678K, capacity 12444K, committed 12544K, reserved 1048576K
2019-06-25T13:27:30.436+0000: 364470.346: [GC (Allocation Failure) 2019-06-25T13:27:30.436+0000: 364470.346: [ParNew: 9492K->847K(9792K), 0.0036156 secs] 75775K->67135K(128284K), 0.0044101 secs] [Times: user=0.01 sys=0.00, real=0.01 secs] 
Heap after GC invocations=5227 (full 146):
 par new generation   total 9792K, used 847K [0x00000000e1000000, 0x00000000e1aa0000, 0x00000000eb4a0000)
  eden space 8704K,   0% used [0x00000000e1000000, 0x00000000e1000000, 0x00000000e1880000)
  from space 1088K,  77% used [0x00000000e1990000, 0x00000000e1a63dc8, 0x00000000e1aa0000)
  to   space 1088K,   0% used [0x00000000e1880000, 0x00000000e1880000, 0x00000000e1990000)
 concurrent mark-sweep generation total 118492K, used 66287K [0x00000000eb4a0000, 0x00000000f2857000, 0x0000000100000000)
 Metaspace       used 95728K, capacity 99867K, committed 100352K, reserved 1136640K
  class space    used 11678K, capacity 12444K, committed 12544K, reserved 1048576K
}
2019-06-25T13:27:51.445+0000: 364491.354: Application time: 21.0035994 seconds
2019-06-25T13:27:56.383+0000: 364496.292: Application time: 4.9376656 seconds
2019-06-25T13:27:56.408+0000: 364496.318: Application time: 0.0255432 seconds
2019-06-25T13:28:09.846+0000: 364509.756: Application time: 13.4372776 seconds
2019-06-25T13:28:09.847+0000: 364509.757: Application time: 0.0001645 seconds
2019-06-25T13:28:09.847+0000: 364509.757: Application time: 0.0000686 seconds
2019-06-25T13:28:09.847+0000: 364509.757: Application time: 0.0000689 seconds
2019-06-25T13:28:09.964+0000: 364509.874: Application time: 0.1165754 seconds
2019-06-25T13:28:12.477+0000: 364512.387: Application time: 2.5131232 seconds
2019-06-25T13:28:12.478+0000: 364512.388: Application time: 0.0000767 seconds
2019-06-25T13:28:12.478+0000: 364512.388: Application time: 0.0000703 seconds
2019-06-25T13:28:12.479+0000: 364512.388: Application time: 0.0001091 seconds
2019-06-25T13:28:12.479+0000: 364512.389: Application time: 0.0000855 seconds
2019-06-25T13:28:17.074+0000: 364516.984: Application time: 4.5951427 seconds
2019-06-25T13:28:17.099+0000: 364517.009: Application time: 0.0244010 seconds
2019-06-25T13:28:20.485+0000: 364520.395: Application time: 3.3859483 seconds
{Heap before GC invocations=5227 (full 146):
 par new generation   total 9792K, used 9551K [0x00000000e1000000, 0x00000000e1aa0000, 0x00000000eb4a0000)
  eden space 8704K, 100% used [0x00000000e1000000, 0x00000000e1880000, 0x00000000e1880000)
  from space 1088K,  77% used [0x00000000e1990000, 0x00000000e1a63dc8, 0x00000000e1aa0000)
  to   space 1088K,   0% used [0x00000000e1880000, 0x00000000e1880000, 0x00000000e1990000)
 concurrent mark-sweep generation total 118492K, used 66287K [0x00000000eb4a0000, 0x00000000f2857000, 0x0000000100000000)
 Metaspace       used 95732K, capacity 99873K, committed 100352K, reserved 1136640K
  class space    used 11678K, capacity 12445K, committed 12544K, reserved 1048576K
2019-06-25T13:28:20.486+0000: 364520.396: [GC (Allocation Failure) 2019-06-25T13:28:20.486+0000: 364520.396: [ParNew: 9551K->773K(9792K), 0.0037878 secs] 75839K->67173K(128284K), 0.0045810 secs] [Times: user=0.01 sys=0.00, real=0.01 secs] 
Heap after GC invocations=5228 (full 146):
 par new generation   total 9792K, used 773K [0x00000000e1000000, 0x00000000e1aa0000, 0x00000000eb4a0000)
  eden space 8704K,   0% used [0x00000000e1000000, 0x00000000e1000000, 0x00000000e1880000)
  from space 1088K,  71% used [0x00000000e1880000, 0x00000000e1941550, 0x00000000e1990000)
  to   space 1088K,   0% used [0x00000000e1990000, 0x00000000e1990000, 0x00000000e1aa0000)
 concurrent mark-sweep generation total 118492K, used 66400K [0x00000000eb4a0000, 0x00000000f2857000, 0x0000000100000000)
 Metaspace       used 95732K, capacity 99873K, committed 100352K, reserved 1136640K
  class space    used 11678K, capacity 12445K, committed 12544K, reserved 1048576K
}
2019-06-25T13:28:34.197+0000: 364534.107: Application time: 13.7062036 seconds
2019-06-25T13:28:34.198+0000: 364534.108: Application time: 0.0001690 seconds
2019-06-25T13:28:34.199+0000: 364534.108: Application time: 0.0001914 seconds
2019-06-25T13:28:34.199+0000: 364534.109: Application time: 0.0000859 seconds
2019-06-25T13:28:34.200+0000: 364534.110: Application time: 0.0000910 seconds
2019-06-25T13:28:34.504+0000: 364534.414: Application time: 0.3033597 seconds
2019-06-25T13:28:34.504+0000: 364534.414: Application time: 0.0000726 seconds
2019-06-25T13:28:34.505+0000: 364534.414: Application time: 0.0000656 seconds
2019-06-25T13:28:34.505+0000: 364534.415: Application time: 0.0001234 seconds
2019-06-25T13:28:34.505+0000: 364534.415: Application time: 0.0000831 seconds
2019-06-25T13:28:39.201+0000: 364539.111: Application time: 4.6957659 seconds
2019-06-25T13:28:39.226+0000: 364539.135: Application time: 0.0241565 seconds
2019-06-25T13:28:41.571+0000: 364541.481: Application time: 2.3448382 seconds
2019-06-25T13:28:41.571+0000: 364541.481: Application time: 0.0001739 seconds
2019-06-25T13:28:41.572+0000: 364541.481: Application time: 0.0001601 seconds
2019-06-25T13:28:41.572+0000: 364541.482: Application time: 0.0001658 seconds
2019-06-25T13:28:47.374+0000: 364547.284: Application time: 5.8019301 seconds
2019-06-25T13:28:47.516+0000: 364547.427: Application time: 0.1421716 seconds
2019-06-25T13:28:47.518+0000: 364547.427: Application time: 0.0000840 seconds
2019-06-25T13:28:47.518+0000: 364547.428: Application time: 0.0000675 seconds
2019-06-25T13:28:47.518+0000: 364547.428: Application time: 0.0000929 seconds
2019-06-25T13:28:47.518+0000: 364547.428: Application time: 0.0001402 seconds
2019-06-25T13:28:52.375+0000: 364552.285: Application time: 4.8568901 seconds
2019-06-25T13:28:52.399+0000: 364552.309: Application time: 0.0235061 seconds
2019-06-25T13:29:06.921+0000: 364566.831: Application time: 14.5215940 seconds
2019-06-25T13:29:06.922+0000: 364566.831: Application time: 0.0001303 seconds
2019-06-25T13:29:06.922+0000: 364566.832: Application time: 0.0001460 seconds
2019-06-25T13:29:06.923+0000: 364566.832: Application time: 0.0001309 seconds
2019-06-25T13:29:06.929+0000: 364566.838: Application time: 0.0000816 seconds
2019-06-25T13:29:06.931+0000: 364566.841: Application time: 0.0026454 seconds
{Heap before GC invocations=5228 (full 146):
 par new generation   total 9792K, used 9463K [0x00000000e1000000, 0x00000000e1aa0000, 0x00000000eb4a0000)
  eden space 8704K,  99% used [0x00000000e1000000, 0x00000000e187ca18, 0x00000000e1880000)
  from space 1088K,  71% used [0x00000000e1880000, 0x00000000e1941550, 0x00000000e1990000)
  to   space 1088K,   0% used [0x00000000e1990000, 0x00000000e1990000, 0x00000000e1aa0000)
 concurrent mark-sweep generation total 118492K, used 66400K [0x00000000eb4a0000, 0x00000000f2857000, 0x0000000100000000)
 Metaspace       used 95736K, capacity 99879K, committed 100352K, reserved 1136640K
  class space    used 11679K, capacity 12446K, committed 12544K, reserved 1048576K
2019-06-25T13:29:06.932+0000: 364566.842: [GC (Allocation Failure) 2019-06-25T13:29:06.933+0000: 364566.843: [ParNew: 9463K->818K(9792K), 0.0045069 secs] 75864K->67425K(128284K), 0.0056455 secs] [Times: user=0.01 sys=0.00, real=0.01 secs] 
Heap after GC invocations=5229 (full 146):
 par new generation   total 9792K, used 818K [0x00000000e1000000, 0x00000000e1aa0000, 0x00000000eb4a0000)
  eden space 8704K,   0% used [0x00000000e1000000, 0x00000000e1000000, 0x00000000e1880000)
  from space 1088K,  75% used [0x00000000e1990000, 0x00000000e1a5cbb8, 0x00000000e1aa0000)
  to   space 1088K,   0% used [0x00000000e1880000, 0x00000000e1880000, 0x00000000e1990000)
 concurrent mark-sweep generation total 118492K, used 66606K [0x00000000eb4a0000, 0x00000000f2857000, 0x0000000100000000)
 Metaspace       used 95736K, capacity 99879K, committed 100352K, reserved 1136640K
  class space    used 11679K, capacity 12446K, committed 12544K, reserved 1048576K
}
2019-06-25T13:29:07.536+0000: 364567.446: Application time: 0.5974589 seconds
2019-06-25T13:29:07.537+0000: 364567.446: Application time: 0.0001528 seconds
2019-06-25T13:29:07.537+0000: 364567.447: Application time: 0.0001243 seconds
2019-06-25T13:29:07.537+0000: 364567.447: Application time: 0.0001279 seconds
2019-06-25T13:29:07.538+0000: 364567.448: Application time: 0.0000679 seconds
2019-06-25T13:29:10.534+0000: 364570.444: Application time: 2.9962211 seconds
2019-06-25T13:29:11.577+0000: 364571.486: Application time: 1.0421785 seconds
2019-06-25T13:29:11.930+0000: 364571.839: Application time: 0.3528517 seconds
2019-06-25T13:29:11.961+0000: 364571.871: Application time: 0.0312222 seconds
2019-06-25T13:29:13.542+0000: 364573.452: Application time: 1.5804344 seconds
2019-06-25T13:29:13.542+0000: 364573.452: Application time: 0.0000756 seconds
2019-06-25T13:29:13.543+0000: 364573.452: Application time: 0.0000616 seconds
2019-06-25T13:29:13.543+0000: 364573.453: Application time: 0.0000668 seconds
2019-06-25T13:29:13.543+0000: 364573.453: Application time: 0.0000617 seconds
2019-06-25T13:29:13.544+0000: 364573.453: Application time: 0.0000682 seconds
2019-06-25T13:29:13.544+0000: 364573.454: Application time: 0.0001328 seconds
2019-06-25T13:29:13.544+0000: 364573.454: Application time: 0.0001245 seconds
2019-06-25T13:29:32.810+0000: 364592.720: Application time: 19.2660323 seconds
2019-06-25T13:29:33.560+0000: 364593.470: Application time: 0.7498985 seconds
2019-06-25T13:29:33.561+0000: 364593.471: Application time: 0.0000681 seconds
2019-06-25T13:29:33.561+0000: 364593.471: Application time: 0.0000629 seconds
2019-06-25T13:29:33.562+0000: 364593.471: Application time: 0.0000627 seconds
2019-06-25T13:29:33.562+0000: 364593.472: Application time: 0.0000609 seconds
2019-06-25T13:29:33.562+0000: 364593.472: Application time: 0.0000270 seconds
2019-06-25T13:29:33.562+0000: 364593.472: Application time: 0.0000723 seconds
2019-06-25T13:29:33.562+0000: 364593.472: Application time: 0.0000813 seconds
2019-06-25T13:29:37.811+0000: 364597.721: Application time: 4.2486921 seconds
2019-06-25T13:29:37.835+0000: 364597.744: Application time: 0.0232844 seconds
2019-06-25T13:29:41.579+0000: 364601.489: Application time: 3.7440877 seconds
2019-06-25T13:30:05.540+0000: 364625.450: Application time: 23.9605811 seconds
2019-06-25T13:30:05.591+0000: 364625.501: Application time: 0.0516686 seconds
{Heap before GC invocations=5229 (full 146):
 par new generation   total 9792K, used 9522K [0x00000000e1000000, 0x00000000e1aa0000, 0x00000000eb4a0000)
  eden space 8704K, 100% used [0x00000000e1000000, 0x00000000e1880000, 0x00000000e1880000)
  from space 1088K,  75% used [0x00000000e1990000, 0x00000000e1a5cbb8, 0x00000000e1aa0000)
  to   space 1088K,   0% used [0x00000000e1880000, 0x00000000e1880000, 0x00000000e1990000)
 concurrent mark-sweep generation total 118492K, used 66606K [0x00000000eb4a0000, 0x00000000f2857000, 0x0000000100000000)
 Metaspace       used 95736K, capacity 99879K, committed 100352K, reserved 1136640K
  class space    used 11679K, capacity 12446K, committed 12544K, reserved 1048576K
2019-06-25T13:30:05.604+0000: 364625.514: [GC (Allocation Failure) 2019-06-25T13:30:05.605+0000: 364625.515: [ParNew: 9522K->689K(9792K), 0.0076170 secs] 76129K->67671K(128284K), 0.0093676 secs] [Times: user=0.02 sys=0.00, real=0.01 secs] 
Heap after GC invocations=5230 (full 146):
 par new generation   total 9792K, used 689K [0x00000000e1000000, 0x00000000e1aa0000, 0x00000000eb4a0000)
  eden space 8704K,   0% used [0x00000000e1000000, 0x00000000e1000000, 0x00000000e1880000)
  from space 1088K,  63% used [0x00000000e1880000, 0x00000000e192c660, 0x00000000e1990000)
  to   space 1088K,   0% used [0x00000000e1990000, 0x00000000e1990000, 0x00000000e1aa0000)
 concurrent mark-sweep generation total 118492K, used 66982K [0x00000000eb4a0000, 0x00000000f2857000, 0x0000000100000000)
 Metaspace       used 95736K, capacity 99879K, committed 100352K, reserved 1136640K
  class space    used 11679K, capacity 12446K, committed 12544K, reserved 1048576K
}
2019-06-25T13:30:11.582+0000: 364631.492: Application time: 5.9672604 seconds
2019-06-25T13:30:54.658+0000: 364674.568: Application time: 43.0752292 seconds
2019-06-25T13:30:54.658+0000: 364674.568: Application time: 0.0000715 seconds
2019-06-25T13:30:54.659+0000: 364674.569: Application time: 0.0000851 seconds
2019-06-25T13:30:54.660+0000: 364674.570: Application time: 0.0000771 seconds
2019-06-25T13:30:54.660+0000: 364674.570: Application time: 0.0000730 seconds
2019-06-25T13:30:54.660+0000: 364674.570: Application time: 0.0001018 seconds
2019-06-25T13:30:54.661+0000: 364674.571: Application time: 0.0000934 seconds
2019-06-25T13:30:58.793+0000: 364678.703: Application time: 4.1320139 seconds
2019-06-25T13:30:58.817+0000: 364678.727: Application time: 0.0238516 seconds
2019-06-25T13:31:09.850+0000: 364689.760: Application time: 11.0328355 seconds
2019-06-25T13:31:09.851+0000: 364689.761: Application time: 0.0001521 seconds
2019-06-25T13:31:11.591+0000: 364691.500: Application time: 1.7394107 seconds
2019-06-25T13:31:11.592+0000: 364691.502: Application time: 0.0013242 seconds
2019-06-25T13:31:19.567+0000: 364699.477: Application time: 7.9749026 seconds
{Heap before GC invocations=5230 (full 146):
 par new generation   total 9792K, used 9393K [0x00000000e1000000, 0x00000000e1aa0000, 0x00000000eb4a0000)
  eden space 8704K, 100% used [0x00000000e1000000, 0x00000000e1880000, 0x00000000e1880000)
  from space 1088K,  63% used [0x00000000e1880000, 0x00000000e192c660, 0x00000000e1990000)
  to   space 1088K,   0% used [0x00000000e1990000, 0x00000000e1990000, 0x00000000e1aa0000)
 concurrent mark-sweep generation total 118492K, used 66982K [0x00000000eb4a0000, 0x00000000f2857000, 0x0000000100000000)
 Metaspace       used 95736K, capacity 99879K, committed 100352K, reserved 1136640K
  class space    used 11679K, capacity 12446K, committed 12544K, reserved 1048576K
2019-06-25T13:31:19.568+0000: 364699.478: [GC (Allocation Failure) 2019-06-25T13:31:19.568+0000: 364699.478: [ParNew: 9393K->820K(9792K), 0.0031956 secs] 76375K->67802K(128284K), 0.0040236 secs] [Times: user=0.01 sys=0.00, real=0.01 secs] 
Heap after GC invocations=5231 (full 146):
 par new generation   total 9792K, used 820K [0x00000000e1000000, 0x00000000e1aa0000, 0x00000000eb4a0000)
  eden space 8704K,   0% used [0x00000000e1000000, 0x00000000e1000000, 0x00000000e1880000)
  from space 1088K,  75% used [0x00000000e1990000, 0x00000000e1a5d108, 0x00000000e1aa0000)
  to   space 1088K,   0% used [0x00000000e1880000, 0x00000000e1880000, 0x00000000e1990000)
 concurrent mark-sweep generation total 118492K, used 66982K [0x00000000eb4a0000, 0x00000000f2857000, 0x0000000100000000)
 Metaspace       used 95736K, capacity 99879K, committed 100352K, reserved 1136640K
  class space    used 11679K, capacity 12446K, committed 12544K, reserved 1048576K
}
2019-06-25T13:32:00.717+0000: 364740.627: Application time: 41.1442588 seconds
2019-06-25T13:32:00.718+0000: 364740.628: Application time: 0.0000771 seconds
2019-06-25T13:32:00.718+0000: 364740.628: Application time: 0.0001194 seconds
2019-06-25T13:32:00.718+0000: 364740.628: Application time: 0.0000641 seconds
2019-06-25T13:32:05.322+0000: 364745.232: Application time: 4.6030393 seconds
2019-06-25T13:32:05.376+0000: 364745.286: Application time: 0.0540138 seconds
2019-06-25T13:32:09.852+0000: 364749.762: Application time: 4.4756683 seconds
2019-06-25T13:32:09.853+0000: 364749.762: Application time: 0.0001946 seconds
2019-06-25T13:32:09.853+0000: 364749.763: Application time: 0.0001357 seconds
2019-06-25T13:32:09.853+0000: 364749.763: Application time: 0.0001170 seconds
2019-06-25T13:32:09.854+0000: 364749.764: Application time: 0.0005617 seconds
2019-06-25T13:32:09.974+0000: 364749.884: Application time: 0.1198606 seconds
2019-06-25T13:32:11.597+0000: 364751.507: Application time: 1.6230073 seconds
2019-06-25T13:32:36.012+0000: 364775.922: Application time: 24.4142550 seconds
{Heap before GC invocations=5231 (full 146):
 par new generation   total 9792K, used 9517K [0x00000000e1000000, 0x00000000e1aa0000, 0x00000000eb4a0000)
  eden space 8704K,  99% used [0x00000000e1000000, 0x00000000e187e6a8, 0x00000000e1880000)
  from space 1088K,  75% used [0x00000000e1990000, 0x00000000e1a5d108, 0x00000000e1aa0000)
  to   space 1088K,   0% used [0x00000000e1880000, 0x00000000e1880000, 0x00000000e1990000)
 concurrent mark-sweep generation total 118492K, used 66982K [0x00000000eb4a0000, 0x00000000f2857000, 0x0000000100000000)
 Metaspace       used 95758K, capacity 99915K, committed 100352K, reserved 1136640K
  class space    used 11682K, capacity 12452K, committed 12544K, reserved 1048576K
2019-06-25T13:32:36.012+0000: 364775.922: [GC (Allocation Failure) 2019-06-25T13:32:36.013+0000: 364775.922: [ParNew: 9517K->811K(9792K), 0.0039876 secs] 76500K->68057K(128284K), 0.0049904 secs] [Times: user=0.00 sys=0.00, real=0.00 secs] 
Heap after GC invocations=5232 (full 146):
 par new generation   total 9792K, used 811K [0x00000000e1000000, 0x00000000e1aa0000, 0x00000000eb4a0000)
  eden space 8704K,   0% used [0x00000000e1000000, 0x00000000e1000000, 0x00000000e1880000)
  from space 1088K,  74% used [0x00000000e1880000, 0x00000000e194ad38, 0x00000000e1990000)
  to   space 1088K,   0% used [0x00000000e1990000, 0x00000000e1990000, 0x00000000e1aa0000)
 concurrent mark-sweep generation total 118492K, used 67245K [0x00000000eb4a0000, 0x00000000f2857000, 0x0000000100000000)
 Metaspace       used 95758K, capacity 99915K, committed 100352K, reserved 1136640K
  class space    used 11682K, capacity 12452K, committed 12544K, reserved 1048576K
}
2019-06-25T13:32:36.750+0000: 364776.660: Application time: 0.7316280 seconds
2019-06-25T13:32:36.750+0000: 364776.660: Application time: 0.0000643 seconds
2019-06-25T13:32:36.751+0000: 364776.660: Application time: 0.0000653 seconds
2019-06-25T13:32:36.751+0000: 364776.661: Application time: 0.0000616 seconds
2019-06-25T13:32:36.751+0000: 364776.661: Application time: 0.0000768 seconds
2019-06-25T13:32:41.010+0000: 364780.920: Application time: 4.2581276 seconds
2019-06-25T13:32:41.041+0000: 364780.951: Application time: 0.0307385 seconds
2019-06-25T13:32:41.600+0000: 364781.510: Application time: 0.5590485 seconds
2019-06-25T13:32:41.601+0000: 364781.511: Application time: 0.0001672 seconds
2019-06-25T13:32:41.601+0000: 364781.511: Application time: 0.0001623 seconds
2019-06-25T13:32:41.602+0000: 364781.511: Application time: 0.0001727 seconds
2019-06-25T13:32:41.602+0000: 364781.512: Application time: 0.0002200 seconds
2019-06-25T13:32:41.602+0000: 364781.512: Application time: 0.0001883 seconds
2019-06-25T13:33:09.977+0000: 364809.887: Application time: 28.3744803 seconds
2019-06-25T13:33:51.638+0000: 364851.548: Application time: 41.6608794 seconds
{Heap before GC invocations=5232 (full 146):
 par new generation   total 9792K, used 9515K [0x00000000e1000000, 0x00000000e1aa0000, 0x00000000eb4a0000)
  eden space 8704K, 100% used [0x00000000e1000000, 0x00000000e1880000, 0x00000000e1880000)
  from space 1088K,  74% used [0x00000000e1880000, 0x00000000e194ad38, 0x00000000e1990000)
  to   space 1088K,   0% used [0x00000000e1990000, 0x00000000e1990000, 0x00000000e1aa0000)
 concurrent mark-sweep generation total 118492K, used 67245K [0x00000000eb4a0000, 0x00000000f2857000, 0x0000000100000000)
 Metaspace       used 95758K, capacity 99915K, committed 100352K, reserved 1136640K
  class space    used 11682K, capacity 12452K, committed 12544K, reserved 1048576K
2019-06-25T13:33:51.639+0000: 364851.549: [GC (Allocation Failure) 2019-06-25T13:33:51.639+0000: 364851.549: [ParNew: 9515K->835K(9792K), 0.0034167 secs] 76761K->68296K(128284K), 0.0041602 secs] [Times: user=0.00 sys=0.00, real=0.00 secs] 
Heap after GC invocations=5233 (full 146):
 par new generation   total 9792K, used 835K [0x00000000e1000000, 0x00000000e1aa0000, 0x00000000eb4a0000)
  eden space 8704K,   0% used [0x00000000e1000000, 0x00000000e1000000, 0x00000000e1880000)
  from space 1088K,  76% used [0x00000000e1990000, 0x00000000e1a60c10, 0x00000000e1aa0000)
  to   space 1088K,   0% used [0x00000000e1880000, 0x00000000e1880000, 0x00000000e1990000)
 concurrent mark-sweep generation total 118492K, used 67461K [0x00000000eb4a0000, 0x00000000f2857000, 0x0000000100000000)
 Metaspace       used 95758K, capacity 99915K, committed 100352K, reserved 1136640K
  class space    used 11682K, capacity 12452K, committed 12544K, reserved 1048576K
}
2019-06-25T13:34:10.048+0000: 364869.958: Application time: 18.4038947 seconds
2019-06-25T13:35:16.979+0000: 364936.889: Application time: 66.9311031 seconds
{Heap before GC invocations=5233 (full 146):
 par new generation   total 9792K, used 9538K [0x00000000e1000000, 0x00000000e1aa0000, 0x00000000eb4a0000)
  eden space 8704K,  99% used [0x00000000e1000000, 0x00000000e187ffd8, 0x00000000e1880000)
  from space 1088K,  76% used [0x00000000e1990000, 0x00000000e1a60c10, 0x00000000e1aa0000)
  to   space 1088K,   0% used [0x00000000e1880000, 0x00000000e1880000, 0x00000000e1990000)
 concurrent mark-sweep generation total 118492K, used 67461K [0x00000000eb4a0000, 0x00000000f2857000, 0x0000000100000000)
 Metaspace       used 95758K, capacity 99915K, committed 100352K, reserved 1136640K
  class space    used 11682K, capacity 12452K, committed 12544K, reserved 1048576K
2019-06-25T13:35:16.980+0000: 364936.890: [GC (Allocation Failure) 2019-06-25T13:35:16.981+0000: 364936.891: [ParNew: 9538K->984K(9792K), 0.0212860 secs] 77000K->68603K(128284K), 0.0222549 secs] [Times: user=0.03 sys=0.00, real=0.02 secs] 
Heap after GC invocations=5234 (full 146):
 par new generation   total 9792K, used 984K [0x00000000e1000000, 0x00000000e1aa0000, 0x00000000eb4a0000)
  eden space 8704K,   0% used [0x00000000e1000000, 0x00000000e1000000, 0x00000000e1880000)
  from space 1088K,  90% used [0x00000000e1880000, 0x00000000e1976318, 0x00000000e1990000)
  to   space 1088K,   0% used [0x00000000e1990000, 0x00000000e1990000, 0x00000000e1aa0000)
 concurrent mark-sweep generation total 118492K, used 67618K [0x00000000eb4a0000, 0x00000000f2857000, 0x0000000100000000)
 Metaspace       used 95758K, capacity 99915K, committed 100352K, reserved 1136640K
  class space    used 11682K, capacity 12452K, committed 12544K, reserved 1048576K
}
2019-06-25T13:35:17.889+0000: 364937.799: Application time: 0.8861158 seconds
2019-06-25T13:35:17.890+0000: 364937.800: Application time: 0.0000681 seconds
2019-06-25T13:35:17.890+0000: 364937.800: Application time: 0.0000685 seconds
2019-06-25T13:35:17.890+0000: 364937.800: Application time: 0.0000589 seconds
2019-06-25T13:35:17.891+0000: 364937.801: Application time: 0.0000949 seconds
2019-06-25T13:35:21.974+0000: 364941.884: Application time: 4.0830196 seconds
2019-06-25T13:35:22.026+0000: 364941.936: Application time: 0.0514556 seconds
2019-06-25T13:35:41.620+0000: 364961.530: Application time: 19.5941460 seconds
2019-06-25T13:35:41.621+0000: 364961.531: Application time: 0.0000692 seconds
2019-06-25T13:35:41.621+0000: 364961.531: Application time: 0.0000577 seconds
2019-06-25T13:35:41.621+0000: 364961.531: Application time: 0.0001586 seconds
2019-06-25T13:35:41.621+0000: 364961.531: Application time: 0.0001001 seconds
2019-06-25T13:35:41.623+0000: 364961.532: Application time: 0.0010343 seconds
2019-06-25T13:36:46.969+0000: 365026.879: Application time: 65.3465603 seconds
{Heap before GC invocations=5234 (full 146):
 par new generation   total 9792K, used 9688K [0x00000000e1000000, 0x00000000e1aa0000, 0x00000000eb4a0000)
  eden space 8704K, 100% used [0x00000000e1000000, 0x00000000e1880000, 0x00000000e1880000)
  from space 1088K,  90% used [0x00000000e1880000, 0x00000000e1976318, 0x00000000e1990000)
  to   space 1088K,   0% used [0x00000000e1990000, 0x00000000e1990000, 0x00000000e1aa0000)
 concurrent mark-sweep generation total 118492K, used 67618K [0x00000000eb4a0000, 0x00000000f2857000, 0x0000000100000000)
 Metaspace       used 95758K, capacity 99915K, committed 100352K, reserved 1136640K
  class space    used 11682K, capacity 12452K, committed 12544K, reserved 1048576K
2019-06-25T13:36:46.970+0000: 365026.880: [GC (Allocation Failure) 2019-06-25T13:36:46.971+0000: 365026.880: [ParNew: 9688K->752K(9792K), 0.0081993 secs] 77307K->68742K(128284K), 0.0090776 secs] [Times: user=0.02 sys=0.00, real=0.01 secs] 
Heap after GC invocations=5235 (full 146):
 par new generation   total 9792K, used 752K [0x00000000e1000000, 0x00000000e1aa0000, 0x00000000eb4a0000)
  eden space 8704K,   0% used [0x00000000e1000000, 0x00000000e1000000, 0x00000000e1880000)
  from space 1088K,  69% used [0x00000000e1990000, 0x00000000e1a4c1e0, 0x00000000e1aa0000)
  to   space 1088K,   0% used [0x00000000e1880000, 0x00000000e1880000, 0x00000000e1990000)
 concurrent mark-sweep generation total 118492K, used 67990K [0x00000000eb4a0000, 0x00000000f2857000, 0x0000000100000000)
 Metaspace       used 95758K, capacity 99915K, committed 100352K, reserved 1136640K
  class space    used 11682K, capacity 12452K, committed 12544K, reserved 1048576K
}
2019-06-25T13:38:11.582+0000: 365111.492: Application time: 84.6019251 seconds
2019-06-25T13:38:11.584+0000: 365111.494: Application time: 0.0016911 seconds
2019-06-25T13:38:25.404+0000: 365125.314: Application time: 13.8200569 seconds
{Heap before GC invocations=5235 (full 146):
 par new generation   total 9792K, used 9456K [0x00000000e1000000, 0x00000000e1aa0000, 0x00000000eb4a0000)
  eden space 8704K, 100% used [0x00000000e1000000, 0x00000000e1880000, 0x00000000e1880000)
  from space 1088K,  69% used [0x00000000e1990000, 0x00000000e1a4c1e0, 0x00000000e1aa0000)
  to   space 1088K,   0% used [0x00000000e1880000, 0x00000000e1880000, 0x00000000e1990000)
 concurrent mark-sweep generation total 118492K, used 67990K [0x00000000eb4a0000, 0x00000000f2857000, 0x0000000100000000)
 Metaspace       used 95758K, capacity 99915K, committed 100352K, reserved 1136640K
  class space    used 11682K, capacity 12452K, committed 12544K, reserved 1048576K
2019-06-25T13:38:25.405+0000: 365125.315: [GC (Allocation Failure) 2019-06-25T13:38:25.405+0000: 365125.315: [ParNew: 9456K->542K(9792K), 0.0029522 secs] 77446K->68532K(128284K), 0.0036300 secs] [Times: user=0.01 sys=0.00, real=0.01 secs] 
Heap after GC invocations=5236 (full 146):
 par new generation   total 9792K, used 542K [0x00000000e1000000, 0x00000000e1aa0000, 0x00000000eb4a0000)
  eden space 8704K,   0% used [0x00000000e1000000, 0x00000000e1000000, 0x00000000e1880000)
  from space 1088K,  49% used [0x00000000e1880000, 0x00000000e1907a40, 0x00000000e1990000)
  to   space 1088K,   0% used [0x00000000e1990000, 0x00000000e1990000, 0x00000000e1aa0000)
 concurrent mark-sweep generation total 118492K, used 67990K [0x00000000eb4a0000, 0x00000000f2857000, 0x0000000100000000)
 Metaspace       used 95758K, capacity 99915K, committed 100352K, reserved 1136640K
  class space    used 11682K, capacity 12452K, committed 12544K, reserved 1048576K
}
2019-06-25T13:39:10.072+0000: 365169.982: Application time: 44.6630458 seconds
2019-06-25T13:40:10.155+0000: 365230.065: Application time: 60.0825598 seconds
{Heap before GC invocations=5236 (full 146):
 par new generation   total 9792K, used 9246K [0x00000000e1000000, 0x00000000e1aa0000, 0x00000000eb4a0000)
  eden space 8704K, 100% used [0x00000000e1000000, 0x00000000e1880000, 0x00000000e1880000)
  from space 1088K,  49% used [0x00000000e1880000, 0x00000000e1907a40, 0x00000000e1990000)
  to   space 1088K,   0% used [0x00000000e1990000, 0x00000000e1990000, 0x00000000e1aa0000)
 concurrent mark-sweep generation total 118492K, used 67990K [0x00000000eb4a0000, 0x00000000f2857000, 0x0000000100000000)
 Metaspace       used 95758K, capacity 99915K, committed 100352K, reserved 1136640K
  class space    used 11682K, capacity 12452K, committed 12544K, reserved 1048576K
2019-06-25T13:40:10.157+0000: 365230.067: [GC (Allocation Failure) 2019-06-25T13:40:10.158+0000: 365230.067: [ParNew: 9246K->584K(9792K), 0.0074691 secs] 77236K->68574K(128284K), 0.0084809 secs] [Times: user=0.01 sys=0.00, real=0.01 secs] 
Heap after GC invocations=5237 (full 146):
 par new generation   total 9792K, used 584K [0x00000000e1000000, 0x00000000e1aa0000, 0x00000000eb4a0000)
  eden space 8704K,   0% used [0x00000000e1000000, 0x00000000e1000000, 0x00000000e1880000)
  from space 1088K,  53% used [0x00000000e1990000, 0x00000000e1a220d8, 0x00000000e1aa0000)
  to   space 1088K,   0% used [0x00000000e1880000, 0x00000000e1880000, 0x00000000e1990000)
 concurrent mark-sweep generation total 118492K, used 67990K [0x00000000eb4a0000, 0x00000000f2857000, 0x0000000100000000)
 Metaspace       used 95758K, capacity 99915K, committed 100352K, reserved 1136640K
  class space    used 11682K, capacity 12452K, committed 12544K, reserved 1048576K
}
2019-06-25T13:41:50.662+0000: 365330.572: Application time: 100.4960436 seconds
{Heap before GC invocations=5237 (full 146):
 par new generation   total 9792K, used 9288K [0x00000000e1000000, 0x00000000e1aa0000, 0x00000000eb4a0000)
  eden space 8704K, 100% used [0x00000000e1000000, 0x00000000e1880000, 0x00000000e1880000)
  from space 1088K,  53% used [0x00000000e1990000, 0x00000000e1a220d8, 0x00000000e1aa0000)
  to   space 1088K,   0% used [0x00000000e1880000, 0x00000000e1880000, 0x00000000e1990000)
 concurrent mark-sweep generation total 118492K, used 67990K [0x00000000eb4a0000, 0x00000000f2857000, 0x0000000100000000)
 Metaspace       used 95758K, capacity 99915K, committed 100352K, reserved 1136640K
  class space    used 11682K, capacity 12452K, committed 12544K, reserved 1048576K
2019-06-25T13:41:50.663+0000: 365330.573: [GC (Allocation Failure) 2019-06-25T13:41:50.663+0000: 365330.573: [ParNew: 9288K->669K(9792K), 0.0037176 secs] 77278K->68659K(128284K), 0.0048017 secs] [Times: user=0.00 sys=0.00, real=0.00 secs] 
Heap after GC invocations=5238 (full 146):
 par new generation   total 9792K, used 669K [0x00000000e1000000, 0x00000000e1aa0000, 0x00000000eb4a0000)
  eden space 8704K,   0% used [0x00000000e1000000, 0x00000000e1000000, 0x00000000e1880000)
  from space 1088K,  61% used [0x00000000e1880000, 0x00000000e1927560, 0x00000000e1990000)
  to   space 1088K,   0% used [0x00000000e1990000, 0x00000000e1990000, 0x00000000e1aa0000)
 concurrent mark-sweep generation total 118492K, used 67990K [0x00000000eb4a0000, 0x00000000f2857000, 0x0000000100000000)
 Metaspace       used 95758K, capacity 99915K, committed 100352K, reserved 1136640K
  class space    used 11682K, capacity 12452K, committed 12544K, reserved 1048576K
}
2019-06-25T13:42:37.674+0000: 365377.584: Application time: 47.0057705 seconds
2019-06-25T13:43:30.696+0000: 365430.606: Application time: 53.0214970 seconds
{Heap before GC invocations=5238 (full 146):
 par new generation   total 9792K, used 9373K [0x00000000e1000000, 0x00000000e1aa0000, 0x00000000eb4a0000)
  eden space 8704K, 100% used [0x00000000e1000000, 0x00000000e1880000, 0x00000000e1880000)
  from space 1088K,  61% used [0x00000000e1880000, 0x00000000e1927560, 0x00000000e1990000)
  to   space 1088K,   0% used [0x00000000e1990000, 0x00000000e1990000, 0x00000000e1aa0000)
 concurrent mark-sweep generation total 118492K, used 67990K [0x00000000eb4a0000, 0x00000000f2857000, 0x0000000100000000)
 Metaspace       used 95758K, capacity 99915K, committed 100352K, reserved 1136640K
  class space    used 11682K, capacity 12452K, committed 12544K, reserved 1048576K
2019-06-25T13:43:30.697+0000: 365430.607: [GC (Allocation Failure) 2019-06-25T13:43:30.697+0000: 365430.607: [ParNew: 9373K->721K(9792K), 0.0067860 secs] 77363K->68742K(128284K), 0.0076726 secs] [Times: user=0.02 sys=0.00, real=0.01 secs] 
Heap after GC invocations=5239 (full 146):
 par new generation   total 9792K, used 721K [0x00000000e1000000, 0x00000000e1aa0000, 0x00000000eb4a0000)
  eden space 8704K,   0% used [0x00000000e1000000, 0x00000000e1000000, 0x00000000e1880000)
  from space 1088K,  66% used [0x00000000e1990000, 0x00000000e1a447b8, 0x00000000e1aa0000)
  to   space 1088K,   0% used [0x00000000e1880000, 0x00000000e1880000, 0x00000000e1990000)
 concurrent mark-sweep generation total 118492K, used 68020K [0x00000000eb4a0000, 0x00000000f2857000, 0x0000000100000000)
 Metaspace       used 95758K, capacity 99915K, committed 100352K, reserved 1136640K
  class space    used 11682K, capacity 12452K, committed 12544K, reserved 1048576K
}
2019-06-25T13:44:10.607+0000: 365470.516: Application time: 39.9013862 seconds
2019-06-25T13:44:23.847+0000: 365483.757: Application time: 13.2398579 seconds
2019-06-25T13:45:11.119+0000: 365531.028: Application time: 47.2714310 seconds
{Heap before GC invocations=5239 (full 146):
 par new generation   total 9792K, used 9425K [0x00000000e1000000, 0x00000000e1aa0000, 0x00000000eb4a0000)
  eden space 8704K, 100% used [0x00000000e1000000, 0x00000000e1880000, 0x00000000e1880000)
  from space 1088K,  66% used [0x00000000e1990000, 0x00000000e1a447b8, 0x00000000e1aa0000)
  to   space 1088K,   0% used [0x00000000e1880000, 0x00000000e1880000, 0x00000000e1990000)
 concurrent mark-sweep generation total 118492K, used 68020K [0x00000000eb4a0000, 0x00000000f2857000, 0x0000000100000000)
 Metaspace       used 95759K, capacity 99915K, committed 100352K, reserved 1136640K
  class space    used 11682K, capacity 12452K, committed 12544K, reserved 1048576K
2019-06-25T13:45:11.119+0000: 365531.029: [GC (Allocation Failure) 2019-06-25T13:45:11.120+0000: 365531.030: [ParNew: 9425K->665K(9792K), 0.0036488 secs] 77446K->68686K(128284K), 0.0044943 secs] [Times: user=0.00 sys=0.00, real=0.00 secs] 
Heap after GC invocations=5240 (full 146):
 par new generation   total 9792K, used 665K [0x00000000e1000000, 0x00000000e1aa0000, 0x00000000eb4a0000)
  eden space 8704K,   0% used [0x00000000e1000000, 0x00000000e1000000, 0x00000000e1880000)
  from space 1088K,  61% used [0x00000000e1880000, 0x00000000e1926660, 0x00000000e1990000)
  to   space 1088K,   0% used [0x00000000e1990000, 0x00000000e1990000, 0x00000000e1aa0000)
 concurrent mark-sweep generation total 118492K, used 68020K [0x00000000eb4a0000, 0x00000000f2857000, 0x0000000100000000)
 Metaspace       used 95759K, capacity 99915K, committed 100352K, reserved 1136640K
  class space    used 11682K, capacity 12452K, committed 12544K, reserved 1048576K
}
2019-06-25T13:46:53.860+0000: 365633.770: Application time: 102.7358257 seconds
{Heap before GC invocations=5240 (full 146):
 par new generation   total 9792K, used 9369K [0x00000000e1000000, 0x00000000e1aa0000, 0x00000000eb4a0000)
  eden space 8704K, 100% used [0x00000000e1000000, 0x00000000e1880000, 0x00000000e1880000)
  from space 1088K,  61% used [0x00000000e1880000, 0x00000000e1926660, 0x00000000e1990000)
  to   space 1088K,   0% used [0x00000000e1990000, 0x00000000e1990000, 0x00000000e1aa0000)
 concurrent mark-sweep generation total 118492K, used 68020K [0x00000000eb4a0000, 0x00000000f2857000, 0x0000000100000000)
 Metaspace       used 95759K, capacity 99915K, committed 100352K, reserved 1136640K
  class space    used 11682K, capacity 12452K, committed 12544K, reserved 1048576K
2019-06-25T13:46:53.861+0000: 365633.771: [GC (Allocation Failure) 2019-06-25T13:46:53.862+0000: 365633.772: [ParNew: 9369K->805K(9792K), 0.0036879 secs] 77390K->68825K(128284K), 0.0045403 secs] [Times: user=0.00 sys=0.01, real=0.00 secs] 
Heap after GC invocations=5241 (full 146):
 par new generation   total 9792K, used 805K [0x00000000e1000000, 0x00000000e1aa0000, 0x00000000eb4a0000)
  eden space 8704K,   0% used [0x00000000e1000000, 0x00000000e1000000, 0x00000000e1880000)
  from space 1088K,  73% used [0x00000000e1990000, 0x00000000e1a59408, 0x00000000e1aa0000)
  to   space 1088K,   0% used [0x00000000e1880000, 0x00000000e1880000, 0x00000000e1990000)
 concurrent mark-sweep generation total 118492K, used 68020K [0x00000000eb4a0000, 0x00000000f2857000, 0x0000000100000000)
 Metaspace       used 95759K, capacity 99915K, committed 100352K, reserved 1136640K
  class space    used 11682K, capacity 12452K, committed 12544K, reserved 1048576K
}
2019-06-25T13:48:31.603+0000: 365731.512: Application time: 97.7355697 seconds
{Heap before GC invocations=5241 (full 146):
 par new generation   total 9792K, used 9509K [0x00000000e1000000, 0x00000000e1aa0000, 0x00000000eb4a0000)
  eden space 8704K, 100% used [0x00000000e1000000, 0x00000000e1880000, 0x00000000e1880000)
  from space 1088K,  73% used [0x00000000e1990000, 0x00000000e1a59408, 0x00000000e1aa0000)
  to   space 1088K,   0% used [0x00000000e1880000, 0x00000000e1880000, 0x00000000e1990000)
 concurrent mark-sweep generation total 118492K, used 68020K [0x00000000eb4a0000, 0x00000000f2857000, 0x0000000100000000)
 Metaspace       used 95759K, capacity 99915K, committed 100352K, reserved 1136640K
  class space    used 11682K, capacity 12452K, committed 12544K, reserved 1048576K
2019-06-25T13:48:31.603+0000: 365731.513: [GC (Allocation Failure) 2019-06-25T13:48:31.604+0000: 365731.513: [ParNew: 9509K->700K(9792K), 0.0035871 secs] 77529K->68791K(128284K), 0.0043892 secs] [Times: user=0.01 sys=0.00, real=0.00 secs] 
Heap after GC invocations=5242 (full 146):
 par new generation   total 9792K, used 700K [0x00000000e1000000, 0x00000000e1aa0000, 0x00000000eb4a0000)
  eden space 8704K,   0% used [0x00000000e1000000, 0x00000000e1000000, 0x00000000e1880000)
  from space 1088K,  64% used [0x00000000e1880000, 0x00000000e192f1a0, 0x00000000e1990000)
  to   space 1088K,   0% used [0x00000000e1990000, 0x00000000e1990000, 0x00000000e1aa0000)
 concurrent mark-sweep generation total 118492K, used 68090K [0x00000000eb4a0000, 0x00000000f2857000, 0x0000000100000000)
 Metaspace       used 95759K, capacity 99915K, committed 100352K, reserved 1136640K
  class space    used 11682K, capacity 12452K, committed 12544K, reserved 1048576K
}
2019-06-25T13:49:10.632+0000: 365770.542: Application time: 39.0233269 seconds
2019-06-25T13:50:11.149+0000: 365831.059: Application time: 60.5168060 seconds
2019-06-25T13:50:11.151+0000: 365831.061: Application time: 0.0016454 seconds
2019-06-25T13:50:11.661+0000: 365831.571: Application time: 0.5101153 seconds
{Heap before GC invocations=5242 (full 146):
 par new generation   total 9792K, used 9404K [0x00000000e1000000, 0x00000000e1aa0000, 0x00000000eb4a0000)
  eden space 8704K, 100% used [0x00000000e1000000, 0x00000000e1880000, 0x00000000e1880000)
  from space 1088K,  64% used [0x00000000e1880000, 0x00000000e192f1a0, 0x00000000e1990000)
  to   space 1088K,   0% used [0x00000000e1990000, 0x00000000e1990000, 0x00000000e1aa0000)
 concurrent mark-sweep generation total 118492K, used 68090K [0x00000000eb4a0000, 0x00000000f2857000, 0x0000000100000000)
 Metaspace       used 95759K, capacity 99915K, committed 100352K, reserved 1136640K
  class space    used 11682K, capacity 12452K, committed 12544K, reserved 1048576K
2019-06-25T13:50:11.662+0000: 365831.572: [GC (Allocation Failure) 2019-06-25T13:50:11.662+0000: 365831.572: [ParNew: 9404K->672K(9792K), 0.0034922 secs] 77495K->68763K(128284K), 0.0048682 secs] [Times: user=0.01 sys=0.00, real=0.00 secs] 
Heap after GC invocations=5243 (full 146):
 par new generation   total 9792K, used 672K [0x00000000e1000000, 0x00000000e1aa0000, 0x00000000eb4a0000)
  eden space 8704K,   0% used [0x00000000e1000000, 0x00000000e1000000, 0x00000000e1880000)
  from space 1088K,  61% used [0x00000000e1990000, 0x00000000e1a38078, 0x00000000e1aa0000)
  to   space 1088K,   0% used [0x00000000e1880000, 0x00000000e1880000, 0x00000000e1990000)
 concurrent mark-sweep generation total 118492K, used 68090K [0x00000000eb4a0000, 0x00000000f2857000, 0x0000000100000000)
 Metaspace       used 95759K, capacity 99915K, committed 100352K, reserved 1136640K
  class space    used 11682K, capacity 12452K, committed 12544K, reserved 1048576K
}
2019-06-25T13:51:53.892+0000: 365933.802: Application time: 102.2247383 seconds
{Heap before GC invocations=5243 (full 146):
 par new generation   total 9792K, used 9376K [0x00000000e1000000, 0x00000000e1aa0000, 0x00000000eb4a0000)
  eden space 8704K, 100% used [0x00000000e1000000, 0x00000000e1880000, 0x00000000e1880000)
  from space 1088K,  61% used [0x00000000e1990000, 0x00000000e1a38078, 0x00000000e1aa0000)
  to   space 1088K,   0% used [0x00000000e1880000, 0x00000000e1880000, 0x00000000e1990000)
 concurrent mark-sweep generation total 118492K, used 68090K [0x00000000eb4a0000, 0x00000000f2857000, 0x0000000100000000)
 Metaspace       used 95759K, capacity 99915K, committed 100352K, reserved 1136640K
  class space    used 11682K, capacity 12452K, committed 12544K, reserved 1048576K
2019-06-25T13:51:53.893+0000: 365933.803: [GC (Allocation Failure) 2019-06-25T13:51:53.894+0000: 365933.803: [ParNew: 9376K->820K(9792K), 0.0264885 secs] 77467K->68939K(128284K), 0.0274156 secs] [Times: user=0.06 sys=0.00, real=0.03 secs] 
Heap after GC invocations=5244 (full 146):
 par new generation   total 9792K, used 820K [0x00000000e1000000, 0x00000000e1aa0000, 0x00000000eb4a0000)
  eden space 8704K,   0% used [0x00000000e1000000, 0x00000000e1000000, 0x00000000e1880000)
  from space 1088K,  75% used [0x00000000e1880000, 0x00000000e194d1f8, 0x00000000e1990000)
  to   space 1088K,   0% used [0x00000000e1990000, 0x00000000e1990000, 0x00000000e1aa0000)
 concurrent mark-sweep generation total 118492K, used 68118K [0x00000000eb4a0000, 0x00000000f2857000, 0x0000000100000000)
 Metaspace       used 95759K, capacity 99915K, committed 100352K, reserved 1136640K
  class space    used 11682K, capacity 12452K, committed 12544K, reserved 1048576K
}
2019-06-25T13:53:33.680+0000: 366033.590: Application time: 99.7583422 seconds
{Heap before GC invocations=5244 (full 146):
 par new generation   total 9792K, used 9524K [0x00000000e1000000, 0x00000000e1aa0000, 0x00000000eb4a0000)
  eden space 8704K, 100% used [0x00000000e1000000, 0x00000000e1880000, 0x00000000e1880000)
  from space 1088K,  75% used [0x00000000e1880000, 0x00000000e194d1f8, 0x00000000e1990000)
  to   space 1088K,   0% used [0x00000000e1990000, 0x00000000e1990000, 0x00000000e1aa0000)
 concurrent mark-sweep generation total 118492K, used 68118K [0x00000000eb4a0000, 0x00000000f2857000, 0x0000000100000000)
 Metaspace       used 95759K, capacity 99915K, committed 100352K, reserved 1136640K
  class space    used 11682K, capacity 12452K, committed 12544K, reserved 1048576K
2019-06-25T13:53:33.681+0000: 366033.590: [GC (Allocation Failure) 2019-06-25T13:53:33.681+0000: 366033.591: [ParNew: 9524K->678K(9792K), 0.0037147 secs] 77643K->68797K(128284K), 0.0047478 secs] [Times: user=0.00 sys=0.00, real=0.00 secs] 
Heap after GC invocations=5245 (full 146):
 par new generation   total 9792K, used 678K [0x00000000e1000000, 0x00000000e1aa0000, 0x00000000eb4a0000)
  eden space 8704K,   0% used [0x00000000e1000000, 0x00000000e1000000, 0x00000000e1880000)
  from space 1088K,  62% used [0x00000000e1990000, 0x00000000e1a39a20, 0x00000000e1aa0000)
  to   space 1088K,   0% used [0x00000000e1880000, 0x00000000e1880000, 0x00000000e1990000)
 concurrent mark-sweep generation total 118492K, used 68118K [0x00000000eb4a0000, 0x00000000f2857000, 0x0000000100000000)
 Metaspace       used 95759K, capacity 99915K, committed 100352K, reserved 1136640K
  class space    used 11682K, capacity 12452K, committed 12544K, reserved 1048576K
}
2019-06-25T13:54:10.658+0000: 366070.568: Application time: 36.9714163 seconds
2019-06-25T13:55:11.687+0000: 366131.597: Application time: 61.0287789 seconds
{Heap before GC invocations=5245 (full 146):
 par new generation   total 9792K, used 9382K [0x00000000e1000000, 0x00000000e1aa0000, 0x00000000eb4a0000)
  eden space 8704K, 100% used [0x00000000e1000000, 0x00000000e1880000, 0x00000000e1880000)
  from space 1088K,  62% used [0x00000000e1990000, 0x00000000e1a39a20, 0x00000000e1aa0000)
  to   space 1088K,   0% used [0x00000000e1880000, 0x00000000e1880000, 0x00000000e1990000)
 concurrent mark-sweep generation total 118492K, used 68118K [0x00000000eb4a0000, 0x00000000f2857000, 0x0000000100000000)
 Metaspace       used 95759K, capacity 99915K, committed 100352K, reserved 1136640K
  class space    used 11682K, capacity 12452K, committed 12544K, reserved 1048576K
2019-06-25T13:55:11.688+0000: 366131.598: [GC (Allocation Failure) 2019-06-25T13:55:11.688+0000: 366131.598: [ParNew: 9382K->642K(9792K), 0.0034446 secs] 77501K->68760K(128284K), 0.0044661 secs] [Times: user=0.00 sys=0.00, real=0.01 secs] 
Heap after GC invocations=5246 (full 146):
 par new generation   total 9792K, used 642K [0x00000000e1000000, 0x00000000e1aa0000, 0x00000000eb4a0000)
  eden space 8704K,   0% used [0x00000000e1000000, 0x00000000e1000000, 0x00000000e1880000)
  from space 1088K,  59% used [0x00000000e1880000, 0x00000000e19208f0, 0x00000000e1990000)
  to   space 1088K,   0% used [0x00000000e1990000, 0x00000000e1990000, 0x00000000e1aa0000)
 concurrent mark-sweep generation total 118492K, used 68118K [0x00000000eb4a0000, 0x00000000f2857000, 0x0000000100000000)
 Metaspace       used 95759K, capacity 99915K, committed 100352K, reserved 1136640K
  class space    used 11682K, capacity 12452K, committed 12544K, reserved 1048576K
}
2019-06-25T13:56:54.658+0000: 366234.568: Application time: 102.9648063 seconds
{Heap before GC invocations=5246 (full 146):
 par new generation   total 9792K, used 9346K [0x00000000e1000000, 0x00000000e1aa0000, 0x00000000eb4a0000)
  eden space 8704K, 100% used [0x00000000e1000000, 0x00000000e1880000, 0x00000000e1880000)
  from space 1088K,  59% used [0x00000000e1880000, 0x00000000e19208f0, 0x00000000e1990000)
  to   space 1088K,   0% used [0x00000000e1990000, 0x00000000e1990000, 0x00000000e1aa0000)
 concurrent mark-sweep generation total 118492K, used 68118K [0x00000000eb4a0000, 0x00000000f2857000, 0x0000000100000000)
 Metaspace       used 95759K, capacity 99915K, committed 100352K, reserved 1136640K
  class space    used 11682K, capacity 12452K, committed 12544K, reserved 1048576K
2019-06-25T13:56:54.659+0000: 366234.568: [GC (Allocation Failure) 2019-06-25T13:56:54.659+0000: 366234.569: [ParNew: 9346K->629K(9792K), 0.0033285 secs] 77464K->68748K(128284K), 0.0040741 secs] [Times: user=0.01 sys=0.00, real=0.00 secs] 
Heap after GC invocations=5247 (full 146):
 par new generation   total 9792K, used 629K [0x00000000e1000000, 0x00000000e1aa0000, 0x00000000eb4a0000)
  eden space 8704K,   0% used [0x00000000e1000000, 0x00000000e1000000, 0x00000000e1880000)
  from space 1088K,  57% used [0x00000000e1990000, 0x00000000e1a2d518, 0x00000000e1aa0000)
  to   space 1088K,   0% used [0x00000000e1880000, 0x00000000e1880000, 0x00000000e1990000)
 concurrent mark-sweep generation total 118492K, used 68118K [0x00000000eb4a0000, 0x00000000f2857000, 0x0000000100000000)
 Metaspace       used 95759K, capacity 99915K, committed 100352K, reserved 1136640K
  class space    used 11682K, capacity 12452K, committed 12544K, reserved 1048576K
}
2019-06-25T13:57:09.069+0000: 366248.979: Application time: 14.4054107 seconds
2019-06-25T13:57:09.069+0000: 366248.979: Application time: 0.0000697 seconds
2019-06-25T13:57:09.070+0000: 366248.979: Application time: 0.0000653 seconds
2019-06-25T13:57:09.070+0000: 366248.980: Application time: 0.0001022 seconds
2019-06-25T13:57:09.071+0000: 366248.981: Application time: 0.0001457 seconds
2019-06-25T13:57:11.755+0000: 366251.665: Application time: 2.6840356 seconds
2019-06-25T13:57:14.049+0000: 366253.959: Application time: 2.2935453 seconds
2019-06-25T13:57:14.076+0000: 366253.986: Application time: 0.0267809 seconds
2019-06-25T13:57:45.747+0000: 366285.657: Application time: 31.6702432 seconds
{Heap before GC invocations=5247 (full 146):
 par new generation   total 9792K, used 9333K [0x00000000e1000000, 0x00000000e1aa0000, 0x00000000eb4a0000)
  eden space 8704K, 100% used [0x00000000e1000000, 0x00000000e1880000, 0x00000000e1880000)
  from space 1088K,  57% used [0x00000000e1990000, 0x00000000e1a2d518, 0x00000000e1aa0000)
  to   space 1088K,   0% used [0x00000000e1880000, 0x00000000e1880000, 0x00000000e1990000)
 concurrent mark-sweep generation total 118492K, used 68118K [0x00000000eb4a0000, 0x00000000f2857000, 0x0000000100000000)
 Metaspace       used 95759K, capacity 99915K, committed 100352K, reserved 1136640K
  class space    used 11682K, capacity 12452K, committed 12544K, reserved 1048576K
2019-06-25T13:57:45.748+0000: 366285.657: [GC (Allocation Failure) 2019-06-25T13:57:45.748+0000: 366285.658: [ParNew: 9333K->1019K(9792K), 0.0209021 secs] 77452K->69138K(128284K), 0.0216976 secs] [Times: user=0.05 sys=0.00, real=0.03 secs] 
Heap after GC invocations=5248 (full 146):
 par new generation   total 9792K, used 1019K [0x00000000e1000000, 0x00000000e1aa0000, 0x00000000eb4a0000)
  eden space 8704K,   0% used [0x00000000e1000000, 0x00000000e1000000, 0x00000000e1880000)
  from space 1088K,  93% used [0x00000000e1880000, 0x00000000e197ee38, 0x00000000e1990000)
  to   space 1088K,   0% used [0x00000000e1990000, 0x00000000e1990000, 0x00000000e1aa0000)
 concurrent mark-sweep generation total 118492K, used 68118K [0x00000000eb4a0000, 0x00000000f2857000, 0x0000000100000000)
 Metaspace       used 95759K, capacity 99915K, committed 100352K, reserved 1136640K
  class space    used 11682K, capacity 12452K, committed 12544K, reserved 1048576K
}
2019-06-25T13:57:46.106+0000: 366286.015: Application time: 0.3356742 seconds
2019-06-25T13:57:46.106+0000: 366286.016: Application time: 0.0000618 seconds
2019-06-25T13:57:46.106+0000: 366286.016: Application time: 0.0000632 seconds
2019-06-25T13:57:46.107+0000: 366286.017: Application time: 0.0000618 seconds
2019-06-25T13:57:46.108+0000: 366286.017: Application time: 0.0000751 seconds
2019-06-25T13:57:50.726+0000: 366290.636: Application time: 4.6187824 seconds
2019-06-25T13:57:50.773+0000: 366290.683: Application time: 0.0465237 seconds
2019-06-25T13:58:04.966+0000: 366304.876: Application time: 14.1924019 seconds
2019-06-25T13:58:04.967+0000: 366304.876: Application time: 0.0000883 seconds
2019-06-25T13:58:05.124+0000: 366305.034: Application time: 0.1573113 seconds
2019-06-25T13:58:05.125+0000: 366305.035: Application time: 0.0000703 seconds
2019-06-25T13:58:05.125+0000: 366305.035: Application time: 0.0000655 seconds
2019-06-25T13:58:05.126+0000: 366305.035: Application time: 0.0000797 seconds
2019-06-25T13:58:05.126+0000: 366305.036: Application time: 0.0000696 seconds
2019-06-25T13:58:05.126+0000: 366305.036: Application time: 0.0000727 seconds
2019-06-25T13:58:09.881+0000: 366309.791: Application time: 4.7549129 seconds
2019-06-25T13:58:09.882+0000: 366309.791: Application time: 0.0000808 seconds
2019-06-25T13:58:09.882+0000: 366309.797: Application time: 0.0059395 seconds
2019-06-25T13:58:09.888+0000: 366309.798: Application time: 0.0001615 seconds
2019-06-25T13:58:09.888+0000: 366309.798: Application time: 0.0001594 seconds
2019-06-25T13:58:09.968+0000: 366309.877: Application time: 0.0791316 seconds
2019-06-25T13:58:09.991+0000: 366309.901: Application time: 0.0231053 seconds
2019-06-25T13:58:10.038+0000: 366309.948: Application time: 0.0469691 seconds
2019-06-25T13:58:11.762+0000: 366311.672: Application time: 1.7234357 seconds
2019-06-25T13:58:14.134+0000: 366314.044: Application time: 2.3714355 seconds
2019-06-25T13:58:14.135+0000: 366314.044: Application time: 0.0000704 seconds
2019-06-25T13:58:14.135+0000: 366314.045: Application time: 0.0001146 seconds
2019-06-25T13:58:14.135+0000: 366314.045: Application time: 0.0000797 seconds
2019-06-25T13:58:14.135+0000: 366314.045: Application time: 0.0000606 seconds
2019-06-25T13:58:14.136+0000: 366314.046: Application time: 0.0001013 seconds
2019-06-25T13:58:19.082+0000: 366318.992: Application time: 4.9466023 seconds
2019-06-25T13:58:19.105+0000: 366319.015: Application time: 0.0225115 seconds
2019-06-25T13:58:38.821+0000: 366338.731: Application time: 19.7151010 seconds
{Heap before GC invocations=5248 (full 146):
 par new generation   total 9792K, used 9723K [0x00000000e1000000, 0x00000000e1aa0000, 0x00000000eb4a0000)
  eden space 8704K, 100% used [0x00000000e1000000, 0x00000000e1880000, 0x00000000e1880000)
  from space 1088K,  93% used [0x00000000e1880000, 0x00000000e197ee38, 0x00000000e1990000)
  to   space 1088K,   0% used [0x00000000e1990000, 0x00000000e1990000, 0x00000000e1aa0000)
 concurrent mark-sweep generation total 118492K, used 68118K [0x00000000eb4a0000, 0x00000000f2857000, 0x0000000100000000)
 Metaspace       used 95759K, capacity 99915K, committed 100352K, reserved 1136640K
  class space    used 11682K, capacity 12452K, committed 12544K, reserved 1048576K
2019-06-25T13:58:38.821+0000: 366338.731: [GC (Allocation Failure) 2019-06-25T13:58:38.822+0000: 366338.731: [ParNew: 9723K->880K(9792K), 0.0038232 secs] 77842K->69204K(128284K), 0.0049553 secs] [Times: user=0.00 sys=0.01, real=0.00 secs] 
Heap after GC invocations=5249 (full 146):
 par new generation   total 9792K, used 880K [0x00000000e1000000, 0x00000000e1aa0000, 0x00000000eb4a0000)
  eden space 8704K,   0% used [0x00000000e1000000, 0x00000000e1000000, 0x00000000e1880000)
  from space 1088K,  80% used [0x00000000e1990000, 0x00000000e1a6c080, 0x00000000e1aa0000)
  to   space 1088K,   0% used [0x00000000e1880000, 0x00000000e1880000, 0x00000000e1990000)
 concurrent mark-sweep generation total 118492K, used 68324K [0x00000000eb4a0000, 0x00000000f2857000, 0x0000000100000000)
 Metaspace       used 95759K, capacity 99915K, committed 100352K, reserved 1136640K
  class space    used 11682K, capacity 12452K, committed 12544K, reserved 1048576K
}
2019-06-25T13:58:41.765+0000: 366341.674: Application time: 2.9374743 seconds
2019-06-25T13:58:41.765+0000: 366341.675: Application time: 0.0001271 seconds
2019-06-25T13:58:41.765+0000: 366341.675: Application time: 0.0001836 seconds
2019-06-25T13:58:41.766+0000: 366341.675: Application time: 0.0001347 seconds
2019-06-25T13:58:58.181+0000: 366358.091: Application time: 16.4147536 seconds
2019-06-25T13:58:58.182+0000: 366358.091: Application time: 0.0000590 seconds
2019-06-25T13:58:58.182+0000: 366358.092: Application time: 0.0002792 seconds
2019-06-25T13:58:58.183+0000: 366358.092: Application time: 0.0000987 seconds
2019-06-25T13:58:58.183+0000: 366358.093: Application time: 0.0004468 seconds
2019-06-25T13:58:58.184+0000: 366358.093: Application time: 0.0000394 seconds
2019-06-25T13:58:58.184+0000: 366358.094: Application time: 0.0000602 seconds
2019-06-25T13:59:03.169+0000: 366363.079: Application time: 4.9845765 seconds
2019-06-25T13:59:03.196+0000: 366363.106: Application time: 0.0266911 seconds
2019-06-25T13:59:10.175+0000: 366370.084: Application time: 6.9783591 seconds
2019-06-25T13:59:11.770+0000: 366371.680: Application time: 1.5954236 seconds
2019-06-25T13:59:22.204+0000: 366382.114: Application time: 10.4336891 seconds
2019-06-25T13:59:22.205+0000: 366382.115: Application time: 0.0000695 seconds
2019-06-25T13:59:22.205+0000: 366382.116: Application time: 0.0005679 seconds
2019-06-25T13:59:22.206+0000: 366382.116: Application time: 0.0000645 seconds
2019-06-25T13:59:22.207+0000: 366382.116: Application time: 0.0001358 seconds
2019-06-25T13:59:22.207+0000: 366382.117: Application time: 0.0000880 seconds
2019-06-25T13:59:25.210+0000: 366385.119: Application time: 3.0024195 seconds
{Heap before GC invocations=5249 (full 146):
 par new generation   total 9792K, used 9584K [0x00000000e1000000, 0x00000000e1aa0000, 0x00000000eb4a0000)
  eden space 8704K, 100% used [0x00000000e1000000, 0x00000000e1880000, 0x00000000e1880000)
  from space 1088K,  80% used [0x00000000e1990000, 0x00000000e1a6c080, 0x00000000e1aa0000)
  to   space 1088K,   0% used [0x00000000e1880000, 0x00000000e1880000, 0x00000000e1990000)
 concurrent mark-sweep generation total 118492K, used 68324K [0x00000000eb4a0000, 0x00000000f2857000, 0x0000000100000000)
 Metaspace       used 95799K, capacity 99981K, committed 100352K, reserved 1136640K
  class space    used 11688K, capacity 12463K, committed 12544K, reserved 1048576K
2019-06-25T13:59:25.210+0000: 366385.120: [GC (Allocation Failure) 2019-06-25T13:59:25.210+0000: 366385.120: [ParNew: 9584K->965K(9792K), 0.0090804 secs] 77908K->69446K(128284K), 0.0097374 secs] [Times: user=0.02 sys=0.00, real=0.01 secs] 
Heap after GC invocations=5250 (full 146):
 par new generation   total 9792K, used 965K [0x00000000e1000000, 0x00000000e1aa0000, 0x00000000eb4a0000)
  eden space 8704K,   0% used [0x00000000e1000000, 0x00000000e1000000, 0x00000000e1880000)
  from space 1088K,  88% used [0x00000000e1880000, 0x00000000e1971710, 0x00000000e1990000)
  to   space 1088K,   0% used [0x00000000e1990000, 0x00000000e1990000, 0x00000000e1aa0000)
 concurrent mark-sweep generation total 118492K, used 68480K [0x00000000eb4a0000, 0x00000000f2857000, 0x0000000100000000)
 Metaspace       used 95799K, capacity 99981K, committed 100352K, reserved 1136640K
  class space    used 11688K, capacity 12463K, committed 12544K, reserved 1048576K
}
2019-06-25T13:59:26.217+0000: 366386.127: Application time: 0.9966171 seconds
2019-06-25T13:59:26.243+0000: 366386.153: Application time: 0.0252537 seconds
2019-06-25T13:59:41.772+0000: 366401.682: Application time: 15.5294688 seconds
2019-06-25T13:59:41.773+0000: 366401.683: Application time: 0.0000751 seconds
2019-06-25T13:59:41.774+0000: 366401.683: Application time: 0.0000674 seconds
2019-06-25T13:59:41.774+0000: 366401.684: Application time: 0.0000612 seconds
2019-06-25T13:59:41.774+0000: 366401.684: Application time: 0.0000758 seconds
2019-06-25T13:59:41.774+0000: 366401.684: Application time: 0.0001491 seconds
2019-06-25T13:59:41.775+0000: 366401.684: Application time: 0.0001559 seconds
2019-06-25T13:59:41.776+0000: 366401.686: Application time: 0.0010988 seconds
2019-06-25T14:00:37.285+0000: 366457.195: Application time: 55.5093084 seconds
2019-06-25T14:00:37.286+0000: 366457.196: Application time: 0.0000670 seconds
2019-06-25T14:00:37.286+0000: 366457.196: Application time: 0.0000910 seconds
2019-06-25T14:00:37.286+0000: 366457.196: Application time: 0.0001234 seconds
2019-06-25T14:00:37.287+0000: 366457.196: Application time: 0.0000863 seconds
2019-06-25T14:00:41.425+0000: 366461.335: Application time: 4.1384971 seconds
2019-06-25T14:00:41.452+0000: 366461.361: Application time: 0.0261279 seconds
2019-06-25T14:00:41.782+0000: 366461.692: Application time: 0.3305023 seconds
2019-06-25T14:00:41.783+0000: 366461.693: Application time: 0.0000723 seconds
2019-06-25T14:00:41.783+0000: 366461.693: Application time: 0.0000571 seconds
2019-06-25T14:00:41.783+0000: 366461.693: Application time: 0.0000608 seconds
2019-06-25T14:00:42.291+0000: 366462.200: Application time: 0.5071572 seconds
{Heap before GC invocations=5250 (full 146):
 par new generation   total 9792K, used 9669K [0x00000000e1000000, 0x00000000e1aa0000, 0x00000000eb4a0000)
  eden space 8704K, 100% used [0x00000000e1000000, 0x00000000e1880000, 0x00000000e1880000)
  from space 1088K,  88% used [0x00000000e1880000, 0x00000000e1971710, 0x00000000e1990000)
  to   space 1088K,   0% used [0x00000000e1990000, 0x00000000e1990000, 0x00000000e1aa0000)
 concurrent mark-sweep generation total 118492K, used 68480K [0x00000000eb4a0000, 0x00000000f2857000, 0x0000000100000000)
 Metaspace       used 95800K, capacity 99981K, committed 100352K, reserved 1136640K
  class space    used 11688K, capacity 12463K, committed 12544K, reserved 1048576K
2019-06-25T14:00:42.291+0000: 366462.201: [GC (Allocation Failure) 2019-06-25T14:00:42.292+0000: 366462.201: [ParNew: 9669K->691K(9792K), 0.0037107 secs] 78150K->69652K(128284K), 0.0044148 secs] [Times: user=0.00 sys=0.01, real=0.00 secs] 
Heap after GC invocations=5251 (full 146):
 par new generation   total 9792K, used 691K [0x00000000e1000000, 0x00000000e1aa0000, 0x00000000eb4a0000)
  eden space 8704K,   0% used [0x00000000e1000000, 0x00000000e1000000, 0x00000000e1880000)
  from space 1088K,  63% used [0x00000000e1990000, 0x00000000e1a3cdb0, 0x00000000e1aa0000)
  to   space 1088K,   0% used [0x00000000e1880000, 0x00000000e1880000, 0x00000000e1990000)
 concurrent mark-sweep generation total 118492K, used 68960K [0x00000000eb4a0000, 0x00000000f2857000, 0x0000000100000000)
 Metaspace       used 95800K, capacity 99981K, committed 100352K, reserved 1136640K
  class space    used 11688K, capacity 12463K, committed 12544K, reserved 1048576K
}
2019-06-25T14:01:09.892+0000: 366489.802: Application time: 27.5953694 seconds
2019-06-25T14:01:10.046+0000: 366489.956: Application time: 0.1541664 seconds
2019-06-25T14:01:23.332+0000: 366503.242: Application time: 13.2854622 seconds
2019-06-25T14:01:23.333+0000: 366503.242: Application time: 0.0000666 seconds
2019-06-25T14:01:23.333+0000: 366503.243: Application time: 0.0000732 seconds
2019-06-25T14:01:23.334+0000: 366503.243: Application time: 0.0001788 seconds
2019-06-25T14:01:23.334+0000: 366503.244: Application time: 0.0000604 seconds
2019-06-25T14:01:27.423+0000: 366507.333: Application time: 4.0894548 seconds
2019-06-25T14:01:27.455+0000: 366507.365: Application time: 0.0318574 seconds
2019-06-25T14:01:41.789+0000: 366521.699: Application time: 14.3336090 seconds
2019-06-25T14:01:41.790+0000: 366521.700: Application time: 0.0001462 seconds
2019-06-25T14:01:41.790+0000: 366521.700: Application time: 0.0001250 seconds
2019-06-25T14:01:41.791+0000: 366521.700: Application time: 0.0001217 seconds
2019-06-25T14:01:41.792+0000: 366521.702: Application time: 0.0012858 seconds
2019-06-25T14:02:00.565+0000: 366540.474: Application time: 18.7723789 seconds
{Heap before GC invocations=5251 (full 146):
 par new generation   total 9792K, used 9395K [0x00000000e1000000, 0x00000000e1aa0000, 0x00000000eb4a0000)
  eden space 8704K, 100% used [0x00000000e1000000, 0x00000000e1880000, 0x00000000e1880000)
  from space 1088K,  63% used [0x00000000e1990000, 0x00000000e1a3cdb0, 0x00000000e1aa0000)
  to   space 1088K,   0% used [0x00000000e1880000, 0x00000000e1880000, 0x00000000e1990000)
 concurrent mark-sweep generation total 118492K, used 68960K [0x00000000eb4a0000, 0x00000000f2857000, 0x0000000100000000)
 Metaspace       used 95800K, capacity 99981K, committed 100352K, reserved 1136640K
  class space    used 11688K, capacity 12463K, committed 12544K, reserved 1048576K
2019-06-25T14:02:00.565+0000: 366540.475: [GC (Allocation Failure) 2019-06-25T14:02:00.566+0000: 366540.476: [ParNew: 9395K->722K(9792K), 0.0033361 secs] 78356K->69683K(128284K), 0.0041089 secs] [Times: user=0.00 sys=0.00, real=0.01 secs] 
Heap after GC invocations=5252 (full 146):
 par new generation   total 9792K, used 722K [0x00000000e1000000, 0x00000000e1aa0000, 0x00000000eb4a0000)
  eden space 8704K,   0% used [0x00000000e1000000, 0x00000000e1000000, 0x00000000e1880000)
  from space 1088K,  66% used [0x00000000e1880000, 0x00000000e19349d8, 0x00000000e1990000)
  to   space 1088K,   0% used [0x00000000e1990000, 0x00000000e1990000, 0x00000000e1aa0000)
 concurrent mark-sweep generation total 118492K, used 68960K [0x00000000eb4a0000, 0x00000000f2857000, 0x0000000100000000)
 Metaspace       used 95800K, capacity 99981K, committed 100352K, reserved 1136640K
  class space    used 11688K, capacity 12463K, committed 12544K, reserved 1048576K
}
2019-06-25T14:02:09.894+0000: 366549.803: Application time: 9.3232173 seconds
2019-06-25T14:02:24.385+0000: 366564.295: Application time: 14.4911454 seconds
2019-06-25T14:02:24.385+0000: 366564.295: Application time: 0.0000740 seconds
2019-06-25T14:02:24.386+0000: 366564.295: Application time: 0.0000665 seconds
2019-06-25T14:02:24.387+0000: 366564.297: Application time: 0.0001666 seconds
2019-06-25T14:02:24.387+0000: 366564.297: Application time: 0.0001592 seconds
2019-06-25T14:02:28.835+0000: 366568.744: Application time: 4.4474286 seconds
2019-06-25T14:02:28.860+0000: 366568.769: Application time: 0.0246433 seconds
2019-06-25T14:02:41.797+0000: 366581.707: Application time: 12.9370718 seconds
2019-06-25T14:02:41.798+0000: 366581.707: Application time: 0.0001818 seconds
2019-06-25T14:02:41.798+0000: 366581.708: Application time: 0.0001250 seconds
2019-06-25T14:02:41.798+0000: 366581.708: Application time: 0.0001683 seconds
2019-06-25T14:03:10.052+0000: 366609.961: Application time: 28.2533615 seconds
2019-06-25T14:03:11.725+0000: 366611.634: Application time: 1.6726650 seconds
2019-06-25T14:03:11.726+0000: 366611.636: Application time: 0.0015271 seconds
2019-06-25T14:03:12.428+0000: 366612.337: Application time: 0.7010183 seconds
{Heap before GC invocations=5252 (full 146):
 par new generation   total 9792K, used 9426K [0x00000000e1000000, 0x00000000e1aa0000, 0x00000000eb4a0000)
  eden space 8704K, 100% used [0x00000000e1000000, 0x00000000e1880000, 0x00000000e1880000)
  from space 1088K,  66% used [0x00000000e1880000, 0x00000000e19349d8, 0x00000000e1990000)
  to   space 1088K,   0% used [0x00000000e1990000, 0x00000000e1990000, 0x00000000e1aa0000)
 concurrent mark-sweep generation total 118492K, used 68960K [0x00000000eb4a0000, 0x00000000f2857000, 0x0000000100000000)
 Metaspace       used 95800K, capacity 99981K, committed 100352K, reserved 1136640K
  class space    used 11688K, capacity 12463K, committed 12544K, reserved 1048576K
2019-06-25T14:03:12.428+0000: 366612.338: [GC (Allocation Failure) 2019-06-25T14:03:12.429+0000: 366612.339: [ParNew: 9426K->755K(9792K), 0.0037656 secs] 78387K->69972K(128284K), 0.0045343 secs] [Times: user=0.00 sys=0.00, real=0.00 secs] 
Heap after GC invocations=5253 (full 146):
 par new generation   total 9792K, used 755K [0x00000000e1000000, 0x00000000e1aa0000, 0x00000000eb4a0000)
  eden space 8704K,   0% used [0x00000000e1000000, 0x00000000e1000000, 0x00000000e1880000)
  from space 1088K,  69% used [0x00000000e1990000, 0x00000000e1a4cf40, 0x00000000e1aa0000)
  to   space 1088K,   0% used [0x00000000e1880000, 0x00000000e1880000, 0x00000000e1990000)
 concurrent mark-sweep generation total 118492K, used 69217K [0x00000000eb4a0000, 0x00000000f2857000, 0x0000000100000000)
 Metaspace       used 95800K, capacity 99981K, committed 100352K, reserved 1136640K
  class space    used 11688K, capacity 12463K, committed 12544K, reserved 1048576K
}
2019-06-25T14:04:10.201+0000: 366670.110: Application time: 57.7669128 seconds
2019-06-25T14:04:33.594+0000: 366693.504: Application time: 23.3933178 seconds
2019-06-25T14:04:33.611+0000: 366693.521: Application time: 0.0164552 seconds
{Heap before GC invocations=5253 (full 146):
 par new generation   total 9792K, used 9459K [0x00000000e1000000, 0x00000000e1aa0000, 0x00000000eb4a0000)
  eden space 8704K,  99% used [0x00000000e1000000, 0x00000000e187ff28, 0x00000000e1880000)
  from space 1088K,  69% used [0x00000000e1990000, 0x00000000e1a4cf40, 0x00000000e1aa0000)
  to   space 1088K,   0% used [0x00000000e1880000, 0x00000000e1880000, 0x00000000e1990000)
 concurrent mark-sweep generation total 118492K, used 69217K [0x00000000eb4a0000, 0x00000000f2857000, 0x0000000100000000)
 Metaspace       used 95800K, capacity 99981K, committed 100352K, reserved 1136640K
  class space    used 11688K, capacity 12463K, committed 12544K, reserved 1048576K
2019-06-25T14:04:33.612+0000: 366693.522: [GC (Allocation Failure) 2019-06-25T14:04:33.613+0000: 366693.522: [ParNew: 9459K->1002K(9792K), 0.0038158 secs] 78676K->70376K(128284K), 0.0047345 secs] [Times: user=0.01 sys=0.00, real=0.00 secs] 
Heap after GC invocations=5254 (full 146):
 par new generation   total 9792K, used 1002K [0x00000000e1000000, 0x00000000e1aa0000, 0x00000000eb4a0000)
  eden space 8704K,   0% used [0x00000000e1000000, 0x00000000e1000000, 0x00000000e1880000)
  from space 1088K,  92% used [0x00000000e1880000, 0x00000000e197a968, 0x00000000e1990000)
  to   space 1088K,   0% used [0x00000000e1990000, 0x00000000e1990000, 0x00000000e1aa0000)
 concurrent mark-sweep generation total 118492K, used 69373K [0x00000000eb4a0000, 0x00000000f2857000, 0x0000000100000000)
 Metaspace       used 95800K, capacity 99981K, committed 100352K, reserved 1136640K
  class space    used 11688K, capacity 12463K, committed 12544K, reserved 1048576K
}
2019-06-25T14:04:34.502+0000: 366694.412: Application time: 0.8843593 seconds
2019-06-25T14:04:34.503+0000: 366694.412: Application time: 0.0000721 seconds
2019-06-25T14:04:34.503+0000: 366694.413: Application time: 0.0000666 seconds
2019-06-25T14:04:34.503+0000: 366694.413: Application time: 0.0001196 seconds
2019-06-25T14:04:34.504+0000: 366694.414: Application time: 0.0000958 seconds
2019-06-25T14:04:38.595+0000: 366698.505: Application time: 4.0910756 seconds
2019-06-25T14:04:38.628+0000: 366698.538: Application time: 0.0325958 seconds
2019-06-25T14:04:41.810+0000: 366701.720: Application time: 3.1811718 seconds
2019-06-25T14:04:41.810+0000: 366701.720: Application time: 0.0000749 seconds
2019-06-25T14:04:41.810+0000: 366701.720: Application time: 0.0000557 seconds
2019-06-25T14:04:41.811+0000: 366701.720: Application time: 0.0000618 seconds
2019-06-25T14:04:41.812+0000: 366701.722: Application time: 0.0011027 seconds
2019-06-25T14:06:11.234+0000: 366791.144: Application time: 89.4220074 seconds
{Heap before GC invocations=5254 (full 146):
 par new generation   total 9792K, used 9698K [0x00000000e1000000, 0x00000000e1aa0000, 0x00000000eb4a0000)
  eden space 8704K,  99% used [0x00000000e1000000, 0x00000000e187e018, 0x00000000e1880000)
  from space 1088K,  92% used [0x00000000e1880000, 0x00000000e197a968, 0x00000000e1990000)
  to   space 1088K,   0% used [0x00000000e1990000, 0x00000000e1990000, 0x00000000e1aa0000)
 concurrent mark-sweep generation total 118492K, used 69373K [0x00000000eb4a0000, 0x00000000f2857000, 0x0000000100000000)
 Metaspace       used 95800K, capacity 99981K, committed 100352K, reserved 1136640K
  class space    used 11688K, capacity 12463K, committed 12544K, reserved 1048576K
2019-06-25T14:06:11.235+0000: 366791.145: [GC (Allocation Failure) 2019-06-25T14:06:11.235+0000: 366791.145: [ParNew: 9698K->610K(9792K), 0.0036045 secs] 79072K->70140K(128284K), 0.0043571 secs] [Times: user=0.00 sys=0.00, real=0.01 secs] 
Heap after GC invocations=5255 (full 146):
 par new generation   total 9792K, used 610K [0x00000000e1000000, 0x00000000e1aa0000, 0x00000000eb4a0000)
  eden space 8704K,   0% used [0x00000000e1000000, 0x00000000e1000000, 0x00000000e1880000)
  from space 1088K,  56% used [0x00000000e1990000, 0x00000000e1a288e0, 0x00000000e1aa0000)
  to   space 1088K,   0% used [0x00000000e1880000, 0x00000000e1880000, 0x00000000e1990000)
 concurrent mark-sweep generation total 118492K, used 69530K [0x00000000eb4a0000, 0x00000000f2857000, 0x0000000100000000)
 Metaspace       used 95800K, capacity 99981K, committed 100352K, reserved 1136640K
  class space    used 11688K, capacity 12463K, committed 12544K, reserved 1048576K
}
2019-06-25T14:07:54.010+0000: 366893.920: Application time: 102.7701554 seconds
{Heap before GC invocations=5255 (full 146):
 par new generation   total 9792K, used 9314K [0x00000000e1000000, 0x00000000e1aa0000, 0x00000000eb4a0000)
  eden space 8704K, 100% used [0x00000000e1000000, 0x00000000e1880000, 0x00000000e1880000)
  from space 1088K,  56% used [0x00000000e1990000, 0x00000000e1a288e0, 0x00000000e1aa0000)
  to   space 1088K,   0% used [0x00000000e1880000, 0x00000000e1880000, 0x00000000e1990000)
 concurrent mark-sweep generation total 118492K, used 69530K [0x00000000eb4a0000, 0x00000000f2857000, 0x0000000100000000)
 Metaspace       used 95800K, capacity 99981K, committed 100352K, reserved 1136640K
  class space    used 11688K, capacity 12463K, committed 12544K, reserved 1048576K
2019-06-25T14:07:54.011+0000: 366893.921: [GC (Allocation Failure) 2019-06-25T14:07:54.011+0000: 366893.921: [ParNew: 9314K->796K(9792K), 0.0031945 secs] 78844K->70326K(128284K), 0.0040184 secs] [Times: user=0.01 sys=0.00, real=0.00 secs] 
Heap after GC invocations=5256 (full 146):
 par new generation   total 9792K, used 796K [0x00000000e1000000, 0x00000000e1aa0000, 0x00000000eb4a0000)
  eden space 8704K,   0% used [0x00000000e1000000, 0x00000000e1000000, 0x00000000e1880000)
  from space 1088K,  73% used [0x00000000e1880000, 0x00000000e1947198, 0x00000000e1990000)
  to   space 1088K,   0% used [0x00000000e1990000, 0x00000000e1990000, 0x00000000e1aa0000)
 concurrent mark-sweep generation total 118492K, used 69530K [0x00000000eb4a0000, 0x00000000f2857000, 0x0000000100000000)
 Metaspace       used 95800K, capacity 99981K, committed 100352K, reserved 1136640K
  class space    used 11688K, capacity 12463K, committed 12544K, reserved 1048576K
}
2019-06-25T14:09:10.735+0000: 366970.644: Application time: 76.7188182 seconds
2019-06-25T14:09:24.024+0000: 366983.934: Application time: 13.2891350 seconds
2019-06-25T14:09:24.212+0000: 366984.122: Application time: 0.1877674 seconds
2019-06-25T14:09:34.675+0000: 366994.584: Application time: 10.4618853 seconds
{Heap before GC invocations=5256 (full 146):
 par new generation   total 9792K, used 9500K [0x00000000e1000000, 0x00000000e1aa0000, 0x00000000eb4a0000)
  eden space 8704K, 100% used [0x00000000e1000000, 0x00000000e1880000, 0x00000000e1880000)
  from space 1088K,  73% used [0x00000000e1880000, 0x00000000e1947198, 0x00000000e1990000)
  to   space 1088K,   0% used [0x00000000e1990000, 0x00000000e1990000, 0x00000000e1aa0000)
 concurrent mark-sweep generation total 118492K, used 69530K [0x00000000eb4a0000, 0x00000000f2857000, 0x0000000100000000)
 Metaspace       used 95800K, capacity 99981K, committed 100352K, reserved 1136640K
  class space    used 11688K, capacity 12463K, committed 12544K, reserved 1048576K
2019-06-25T14:09:34.675+0000: 366994.585: [GC (Allocation Failure) 2019-06-25T14:09:34.676+0000: 366994.585: [ParNew: 9500K->729K(9792K), 0.0037963 secs] 79030K->70447K(128284K), 0.0046499 secs] [Times: user=0.01 sys=0.00, real=0.01 secs] 
Heap after GC invocations=5257 (full 146):
 par new generation   total 9792K, used 729K [0x00000000e1000000, 0x00000000e1aa0000, 0x00000000eb4a0000)
  eden space 8704K,   0% used [0x00000000e1000000, 0x00000000e1000000, 0x00000000e1880000)
  from space 1088K,  67% used [0x00000000e1990000, 0x00000000e1a46608, 0x00000000e1aa0000)
  to   space 1088K,   0% used [0x00000000e1880000, 0x00000000e1880000, 0x00000000e1990000)
 concurrent mark-sweep generation total 118492K, used 69717K [0x00000000eb4a0000, 0x00000000f2857000, 0x0000000100000000)
 Metaspace       used 95800K, capacity 99981K, committed 100352K, reserved 1136640K
  class space    used 11688K, capacity 12463K, committed 12544K, reserved 1048576K
}
2019-06-25T14:11:11.852+0000: 367091.762: Application time: 97.1716497 seconds
2019-06-25T14:11:11.853+0000: 367091.763: Application time: 0.0009897 seconds
{Heap before GC invocations=5257 (full 146):
 par new generation   total 9792K, used 9433K [0x00000000e1000000, 0x00000000e1aa0000, 0x00000000eb4a0000)
  eden space 8704K, 100% used [0x00000000e1000000, 0x00000000e1880000, 0x00000000e1880000)
  from space 1088K,  67% used [0x00000000e1990000, 0x00000000e1a46608, 0x00000000e1aa0000)
  to   space 1088K,   0% used [0x00000000e1880000, 0x00000000e1880000, 0x00000000e1990000)
 concurrent mark-sweep generation total 118492K, used 69717K [0x00000000eb4a0000, 0x00000000f2857000, 0x0000000100000000)
 Metaspace       used 95800K, capacity 99981K, committed 100352K, reserved 1136640K
  class space    used 11688K, capacity 12463K, committed 12544K, reserved 1048576K
2019-06-25T14:11:11.854+0000: 367091.764: [GC (Allocation Failure) 2019-06-25T14:11:11.855+0000: 367091.764: [ParNew: 9433K->733K(9792K), 0.0037695 secs] 79151K->70451K(128284K), 0.0045660 secs] [Times: user=0.00 sys=0.00, real=0.01 secs] 
Heap after GC invocations=5258 (full 146):
 par new generation   total 9792K, used 733K [0x00000000e1000000, 0x00000000e1aa0000, 0x00000000eb4a0000)
  eden space 8704K,   0% used [0x00000000e1000000, 0x00000000e1000000, 0x00000000e1880000)
  from space 1088K,  67% used [0x00000000e1880000, 0x00000000e19377a0, 0x00000000e1990000)
  to   space 1088K,   0% used [0x00000000e1990000, 0x00000000e1990000, 0x00000000e1aa0000)
 concurrent mark-sweep generation total 118492K, used 69717K [0x00000000eb4a0000, 0x00000000f2857000, 0x0000000100000000)
 Metaspace       used 95800K, capacity 99981K, committed 100352K, reserved 1136640K
  class space    used 11688K, capacity 12463K, committed 12544K, reserved 1048576K
}
2019-06-25T14:12:54.741+0000: 367194.651: Application time: 102.8815383 seconds
{Heap before GC invocations=5258 (full 146):
 par new generation   total 9792K, used 9437K [0x00000000e1000000, 0x00000000e1aa0000, 0x00000000eb4a0000)
  eden space 8704K, 100% used [0x00000000e1000000, 0x00000000e1880000, 0x00000000e1880000)
  from space 1088K,  67% used [0x00000000e1880000, 0x00000000e19377a0, 0x00000000e1990000)
  to   space 1088K,   0% used [0x00000000e1990000, 0x00000000e1990000, 0x00000000e1aa0000)
 concurrent mark-sweep generation total 118492K, used 69717K [0x00000000eb4a0000, 0x00000000f2857000, 0x0000000100000000)
 Metaspace       used 95800K, capacity 99981K, committed 100352K, reserved 1136640K
  class space    used 11688K, capacity 12463K, committed 12544K, reserved 1048576K
2019-06-25T14:12:54.742+0000: 367194.652: [GC (Allocation Failure) 2019-06-25T14:12:54.742+0000: 367194.652: [ParNew: 9437K->718K(9792K), 0.0038959 secs] 79155K->70511K(128284K), 0.0047529 secs] [Times: user=0.00 sys=0.01, real=0.00 secs] 
Heap after GC invocations=5259 (full 146):
 par new generation   total 9792K, used 718K [0x00000000e1000000, 0x00000000e1aa0000, 0x00000000eb4a0000)
  eden space 8704K,   0% used [0x00000000e1000000, 0x00000000e1000000, 0x00000000e1880000)
  from space 1088K,  66% used [0x00000000e1990000, 0x00000000e1a43868, 0x00000000e1aa0000)
  to   space 1088K,   0% used [0x00000000e1880000, 0x00000000e1880000, 0x00000000e1990000)
 concurrent mark-sweep generation total 118492K, used 69793K [0x00000000eb4a0000, 0x00000000f2857000, 0x0000000100000000)
 Metaspace       used 95800K, capacity 99981K, committed 100352K, reserved 1136640K
  class space    used 11688K, capacity 12463K, committed 12544K, reserved 1048576K
}
2019-06-25T14:14:10.760+0000: 367270.670: Application time: 76.0124162 seconds
2019-06-25T14:14:37.792+0000: 367297.702: Application time: 27.0316265 seconds
{Heap before GC invocations=5259 (full 146):
 par new generation   total 9792K, used 9422K [0x00000000e1000000, 0x00000000e1aa0000, 0x00000000eb4a0000)
  eden space 8704K, 100% used [0x00000000e1000000, 0x00000000e1880000, 0x00000000e1880000)
  from space 1088K,  66% used [0x00000000e1990000, 0x00000000e1a43868, 0x00000000e1aa0000)
  to   space 1088K,   0% used [0x00000000e1880000, 0x00000000e1880000, 0x00000000e1990000)
 concurrent mark-sweep generation total 118492K, used 69793K [0x00000000eb4a0000, 0x00000000f2857000, 0x0000000100000000)
 Metaspace       used 95800K, capacity 99981K, committed 100352K, reserved 1136640K
  class space    used 11688K, capacity 12463K, committed 12544K, reserved 1048576K
2019-06-25T14:14:37.793+0000: 367297.702: [GC (Allocation Failure) 2019-06-25T14:14:37.793+0000: 367297.703: [ParNew: 9422K->650K(9792K), 0.0030593 secs] 79215K->70444K(128284K), 0.0038560 secs] [Times: user=0.01 sys=0.00, real=0.00 secs] 
Heap after GC invocations=5260 (full 146):
 par new generation   total 9792K, used 650K [0x00000000e1000000, 0x00000000e1aa0000, 0x00000000eb4a0000)
  eden space 8704K,   0% used [0x00000000e1000000, 0x00000000e1000000, 0x00000000e1880000)
  from space 1088K,  59% used [0x00000000e1880000, 0x00000000e1922a68, 0x00000000e1990000)
  to   space 1088K,   0% used [0x00000000e1990000, 0x00000000e1990000, 0x00000000e1aa0000)
 concurrent mark-sweep generation total 118492K, used 69793K [0x00000000eb4a0000, 0x00000000f2857000, 0x0000000100000000)
 Metaspace       used 95800K, capacity 99981K, committed 100352K, reserved 1136640K
  class space    used 11688K, capacity 12463K, committed 12544K, reserved 1048576K
}
2019-06-25T14:15:11.285+0000: 367331.195: Application time: 33.4874397 seconds
2019-06-25T14:15:11.287+0000: 367331.196: Application time: 0.0014799 seconds
2019-06-25T14:16:15.129+0000: 367395.039: Application time: 63.8426064 seconds
{Heap before GC invocations=5260 (full 146):
 par new generation   total 9792K, used 9354K [0x00000000e1000000, 0x00000000e1aa0000, 0x00000000eb4a0000)
  eden space 8704K, 100% used [0x00000000e1000000, 0x00000000e1880000, 0x00000000e1880000)
  from space 1088K,  59% used [0x00000000e1880000, 0x00000000e1922a68, 0x00000000e1990000)
  to   space 1088K,   0% used [0x00000000e1990000, 0x00000000e1990000, 0x00000000e1aa0000)
 concurrent mark-sweep generation total 118492K, used 69793K [0x00000000eb4a0000, 0x00000000f2857000, 0x0000000100000000)
 Metaspace       used 95802K, capacity 99981K, committed 100352K, reserved 1136640K
  class space    used 11688K, capacity 12463K, committed 12544K, reserved 1048576K
2019-06-25T14:16:15.130+0000: 367395.040: [GC (Allocation Failure) 2019-06-25T14:16:15.130+0000: 367395.040: [ParNew: 9354K->641K(9792K), 0.0036899 secs] 79148K->70434K(128284K), 0.0043990 secs] [Times: user=0.01 sys=0.00, real=0.00 secs] 
Heap after GC invocations=5261 (full 146):
 par new generation   total 9792K, used 641K [0x00000000e1000000, 0x00000000e1aa0000, 0x00000000eb4a0000)
  eden space 8704K,   0% used [0x00000000e1000000, 0x00000000e1000000, 0x00000000e1880000)
  from space 1088K,  58% used [0x00000000e1990000, 0x00000000e1a30530, 0x00000000e1aa0000)
  to   space 1088K,   0% used [0x00000000e1880000, 0x00000000e1880000, 0x00000000e1990000)
 concurrent mark-sweep generation total 118492K, used 69793K [0x00000000eb4a0000, 0x00000000f2857000, 0x0000000100000000)
 Metaspace       used 95802K, capacity 99981K, committed 100352K, reserved 1136640K
  class space    used 11688K, capacity 12463K, committed 12544K, reserved 1048576K
}
2019-06-25T14:17:54.767+0000: 367494.677: Application time: 99.6316625 seconds
{Heap before GC invocations=5261 (full 146):
 par new generation   total 9792K, used 9345K [0x00000000e1000000, 0x00000000e1aa0000, 0x00000000eb4a0000)
  eden space 8704K, 100% used [0x00000000e1000000, 0x00000000e1880000, 0x00000000e1880000)
  from space 1088K,  58% used [0x00000000e1990000, 0x00000000e1a30530, 0x00000000e1aa0000)
  to   space 1088K,   0% used [0x00000000e1880000, 0x00000000e1880000, 0x00000000e1990000)
 concurrent mark-sweep generation total 118492K, used 69793K [0x00000000eb4a0000, 0x00000000f2857000, 0x0000000100000000)
 Metaspace       used 95802K, capacity 99981K, committed 100352K, reserved 1136640K
  class space    used 11688K, capacity 12463K, committed 12544K, reserved 1048576K
2019-06-25T14:17:54.768+0000: 367494.677: [GC (Allocation Failure) 2019-06-25T14:17:54.768+0000: 367494.678: [ParNew: 9345K->769K(9792K), 0.0034603 secs] 79138K->70563K(128284K), 0.0042357 secs] [Times: user=0.00 sys=0.00, real=0.01 secs] 
Heap after GC invocations=5262 (full 146):
 par new generation   total 9792K, used 769K [0x00000000e1000000, 0x00000000e1aa0000, 0x00000000eb4a0000)
  eden space 8704K,   0% used [0x00000000e1000000, 0x00000000e1000000, 0x00000000e1880000)
  from space 1088K,  70% used [0x00000000e1880000, 0x00000000e1940788, 0x00000000e1990000)
  to   space 1088K,   0% used [0x00000000e1990000, 0x00000000e1990000, 0x00000000e1aa0000)
 concurrent mark-sweep generation total 118492K, used 69793K [0x00000000eb4a0000, 0x00000000f2857000, 0x0000000100000000)
 Metaspace       used 95802K, capacity 99981K, committed 100352K, reserved 1136640K
  class space    used 11688K, capacity 12463K, committed 12544K, reserved 1048576K
}
2019-06-25T14:19:10.785+0000: 367570.695: Application time: 76.0122324 seconds
2019-06-25T14:19:39.307+0000: 367599.217: Application time: 28.5218042 seconds
{Heap before GC invocations=5262 (full 146):
 par new generation   total 9792K, used 9473K [0x00000000e1000000, 0x00000000e1aa0000, 0x00000000eb4a0000)
  eden space 8704K, 100% used [0x00000000e1000000, 0x00000000e1880000, 0x00000000e1880000)
  from space 1088K,  70% used [0x00000000e1880000, 0x00000000e1940788, 0x00000000e1990000)
  to   space 1088K,   0% used [0x00000000e1990000, 0x00000000e1990000, 0x00000000e1aa0000)
 concurrent mark-sweep generation total 118492K, used 69793K [0x00000000eb4a0000, 0x00000000f2857000, 0x0000000100000000)
 Metaspace       used 95802K, capacity 99981K, committed 100352K, reserved 1136640K
  class space    used 11688K, capacity 12463K, committed 12544K, reserved 1048576K
2019-06-25T14:19:39.308+0000: 367599.218: [GC (Allocation Failure) 2019-06-25T14:19:39.308+0000: 367599.218: [ParNew: 9473K->718K(9792K), 0.0035255 secs] 79267K->70541K(128284K), 0.0043788 secs] [Times: user=0.00 sys=0.01, real=0.01 secs] 
Heap after GC invocations=5263 (full 146):
 par new generation   total 9792K, used 718K [0x00000000e1000000, 0x00000000e1aa0000, 0x00000000eb4a0000)
  eden space 8704K,   0% used [0x00000000e1000000, 0x00000000e1000000, 0x00000000e1880000)
  from space 1088K,  65% used [0x00000000e1990000, 0x00000000e1a43818, 0x00000000e1aa0000)
  to   space 1088K,   0% used [0x00000000e1880000, 0x00000000e1880000, 0x00000000e1990000)
 concurrent mark-sweep generation total 118492K, used 69823K [0x00000000eb4a0000, 0x00000000f2857000, 0x0000000100000000)
 Metaspace       used 95802K, capacity 99981K, committed 100352K, reserved 1136640K
  class space    used 11688K, capacity 12463K, committed 12544K, reserved 1048576K
}
2019-06-25T14:21:14.402+0000: 367694.312: Application time: 95.0893067 seconds
{Heap before GC invocations=5263 (full 146):
 par new generation   total 9792K, used 9422K [0x00000000e1000000, 0x00000000e1aa0000, 0x00000000eb4a0000)
  eden space 8704K, 100% used [0x00000000e1000000, 0x00000000e1880000, 0x00000000e1880000)
  from space 1088K,  65% used [0x00000000e1990000, 0x00000000e1a43818, 0x00000000e1aa0000)
  to   space 1088K,   0% used [0x00000000e1880000, 0x00000000e1880000, 0x00000000e1990000)
 concurrent mark-sweep generation total 118492K, used 69823K [0x00000000eb4a0000, 0x00000000f2857000, 0x0000000100000000)
 Metaspace       used 95802K, capacity 99981K, committed 100352K, reserved 1136640K
  class space    used 11688K, capacity 12463K, committed 12544K, reserved 1048576K
2019-06-25T14:21:14.403+0000: 367694.313: [GC (Allocation Failure) 2019-06-25T14:21:14.403+0000: 367694.313: [ParNew: 9422K->738K(9792K), 0.0033732 secs] 79245K->70561K(128284K), 0.0042243 secs] [Times: user=0.00 sys=0.00, real=0.00 secs] 
Heap after GC invocations=5264 (full 146):
 par new generation   total 9792K, used 738K [0x00000000e1000000, 0x00000000e1aa0000, 0x00000000eb4a0000)
  eden space 8704K,   0% used [0x00000000e1000000, 0x00000000e1000000, 0x00000000e1880000)
  from space 1088K,  67% used [0x00000000e1880000, 0x00000000e1938840, 0x00000000e1990000)
  to   space 1088K,   0% used [0x00000000e1990000, 0x00000000e1990000, 0x00000000e1aa0000)
 concurrent mark-sweep generation total 118492K, used 69823K [0x00000000eb4a0000, 0x00000000f2857000, 0x0000000100000000)
 Metaspace       used 95802K, capacity 99981K, committed 100352K, reserved 1136640K
  class space    used 11688K, capacity 12463K, committed 12544K, reserved 1048576K
}
2019-06-25T14:22:59.119+0000: 367799.029: Application time: 104.7113187 seconds
{Heap before GC invocations=5264 (full 146):
 par new generation   total 9792K, used 9442K [0x00000000e1000000, 0x00000000e1aa0000, 0x00000000eb4a0000)
  eden space 8704K, 100% used [0x00000000e1000000, 0x00000000e1880000, 0x00000000e1880000)
  from space 1088K,  67% used [0x00000000e1880000, 0x00000000e1938840, 0x00000000e1990000)
  to   space 1088K,   0% used [0x00000000e1990000, 0x00000000e1990000, 0x00000000e1aa0000)
 concurrent mark-sweep generation total 118492K, used 69823K [0x00000000eb4a0000, 0x00000000f2857000, 0x0000000100000000)
 Metaspace       used 95802K, capacity 99981K, committed 100352K, reserved 1136640K
  class space    used 11688K, capacity 12463K, committed 12544K, reserved 1048576K
2019-06-25T14:22:59.120+0000: 367799.030: [GC (Allocation Failure) 2019-06-25T14:22:59.121+0000: 367799.031: [ParNew: 9442K->680K(9792K), 0.0033875 secs] 79265K->70503K(128284K), 0.0041158 secs] [Times: user=0.01 sys=0.00, real=0.00 secs] 
Heap after GC invocations=5265 (full 146):
 par new generation   total 9792K, used 680K [0x00000000e1000000, 0x00000000e1aa0000, 0x00000000eb4a0000)
  eden space 8704K,   0% used [0x00000000e1000000, 0x00000000e1000000, 0x00000000e1880000)
  from space 1088K,  62% used [0x00000000e1990000, 0x00000000e1a3a100, 0x00000000e1aa0000)
  to   space 1088K,   0% used [0x00000000e1880000, 0x00000000e1880000, 0x00000000e1990000)
 concurrent mark-sweep generation total 118492K, used 69823K [0x00000000eb4a0000, 0x00000000f2857000, 0x0000000100000000)
 Metaspace       used 95802K, capacity 99981K, committed 100352K, reserved 1136640K
  class space    used 11688K, capacity 12463K, committed 12544K, reserved 1048576K
}
2019-06-25T14:24:10.304+0000: 367870.214: Application time: 71.1784182 seconds
2019-06-25T14:24:41.284+0000: 367901.194: Application time: 30.9798014 seconds
{Heap before GC invocations=5265 (full 146):
 par new generation   total 9792K, used 9384K [0x00000000e1000000, 0x00000000e1aa0000, 0x00000000eb4a0000)
  eden space 8704K, 100% used [0x00000000e1000000, 0x00000000e1880000, 0x00000000e1880000)
  from space 1088K,  62% used [0x00000000e1990000, 0x00000000e1a3a100, 0x00000000e1aa0000)
  to   space 1088K,   0% used [0x00000000e1880000, 0x00000000e1880000, 0x00000000e1990000)
 concurrent mark-sweep generation total 118492K, used 69823K [0x00000000eb4a0000, 0x00000000f2857000, 0x0000000100000000)
 Metaspace       used 95802K, capacity 99981K, committed 100352K, reserved 1136640K
  class space    used 11688K, capacity 12463K, committed 12544K, reserved 1048576K
2019-06-25T14:24:41.285+0000: 367901.195: [GC (Allocation Failure) 2019-06-25T14:24:41.285+0000: 367901.195: [ParNew: 9384K->640K(9792K), 0.0033294 secs] 79207K->70463K(128284K), 0.0041223 secs] [Times: user=0.00 sys=0.01, real=0.01 secs] 
Heap after GC invocations=5266 (full 146):
 par new generation   total 9792K, used 640K [0x00000000e1000000, 0x00000000e1aa0000, 0x00000000eb4a0000)
  eden space 8704K,   0% used [0x00000000e1000000, 0x00000000e1000000, 0x00000000e1880000)
  from space 1088K,  58% used [0x00000000e1880000, 0x00000000e19200d8, 0x00000000e1990000)
  to   space 1088K,   0% used [0x00000000e1990000, 0x00000000e1990000, 0x00000000e1aa0000)
 concurrent mark-sweep generation total 118492K, used 69823K [0x00000000eb4a0000, 0x00000000f2857000, 0x0000000100000000)
 Metaspace       used 95802K, capacity 99981K, committed 100352K, reserved 1136640K
  class space    used 11688K, capacity 12463K, committed 12544K, reserved 1048576K
}
2019-06-25T14:26:17.681+0000: 367997.591: Application time: 96.3916352 seconds
{Heap before GC invocations=5266 (full 146):
 par new generation   total 9792K, used 9287K [0x00000000e1000000, 0x00000000e1aa0000, 0x00000000eb4a0000)
  eden space 8704K,  99% used [0x00000000e1000000, 0x00000000e1871b68, 0x00000000e1880000)
  from space 1088K,  58% used [0x00000000e1880000, 0x00000000e19200d8, 0x00000000e1990000)
  to   space 1088K,   0% used [0x00000000e1990000, 0x00000000e1990000, 0x00000000e1aa0000)
 concurrent mark-sweep generation total 118492K, used 69823K [0x00000000eb4a0000, 0x00000000f2857000, 0x0000000100000000)
 Metaspace       used 95802K, capacity 99981K, committed 100352K, reserved 1136640K
  class space    used 11688K, capacity 12463K, committed 12544K, reserved 1048576K
2019-06-25T14:26:17.692+0000: 367997.602: [GC (Allocation Failure) 2019-06-25T14:26:17.692+0000: 367997.602: [ParNew: 9287K->665K(9792K), 0.0034571 secs] 79110K->70489K(128284K), 0.0043693 secs] [Times: user=0.00 sys=0.00, real=0.00 secs] 
Heap after GC invocations=5267 (full 146):
 par new generation   total 9792K, used 665K [0x00000000e1000000, 0x00000000e1aa0000, 0x00000000eb4a0000)
  eden space 8704K,   0% used [0x00000000e1000000, 0x00000000e1000000, 0x00000000e1880000)
  from space 1088K,  61% used [0x00000000e1990000, 0x00000000e1a366d8, 0x00000000e1aa0000)
  to   space 1088K,   0% used [0x00000000e1880000, 0x00000000e1880000, 0x00000000e1990000)
 concurrent mark-sweep generation total 118492K, used 69823K [0x00000000eb4a0000, 0x00000000f2857000, 0x0000000100000000)
 Metaspace       used 95802K, capacity 99981K, committed 100352K, reserved 1136640K
  class space    used 11688K, capacity 12463K, committed 12544K, reserved 1048576K
}
2019-06-25T14:26:38.720+0000: 368018.630: Application time: 21.0230723 seconds
2019-06-25T14:26:38.721+0000: 368018.631: Application time: 0.0001852 seconds
2019-06-25T14:26:38.721+0000: 368018.631: Application time: 0.0000726 seconds
2019-06-25T14:26:38.721+0000: 368018.631: Application time: 0.0000719 seconds
2019-06-25T14:26:43.189+0000: 368023.099: Application time: 4.4667705 seconds
2019-06-25T14:26:43.214+0000: 368023.124: Application time: 0.0250908 seconds
2019-06-25T14:27:05.198+0000: 368045.107: Application time: 21.9833032 seconds
2019-06-25T14:27:05.538+0000: 368045.448: Application time: 0.3362379 seconds
2019-06-25T14:27:05.539+0000: 368045.449: Application time: 0.0000799 seconds
2019-06-25T14:27:05.539+0000: 368045.449: Application time: 0.0000663 seconds
2019-06-25T14:27:05.539+0000: 368045.449: Application time: 0.0001861 seconds
2019-06-25T14:27:05.539+0000: 368045.449: Application time: 0.0000746 seconds
2019-06-25T14:27:05.731+0000: 368045.641: Application time: 0.1918876 seconds
2019-06-25T14:27:05.732+0000: 368045.642: Application time: 0.0001015 seconds
2019-06-25T14:27:05.732+0000: 368045.642: Application time: 0.0000579 seconds
2019-06-25T14:27:05.732+0000: 368045.642: Application time: 0.0000627 seconds
2019-06-25T14:27:06.733+0000: 368046.643: Application time: 1.0009073 seconds
2019-06-25T14:27:10.109+0000: 368050.019: Application time: 3.3759805 seconds
2019-06-25T14:27:10.203+0000: 368050.113: Application time: 0.0928950 seconds
2019-06-25T14:27:10.227+0000: 368050.137: Application time: 0.0243932 seconds
2019-06-25T14:27:11.349+0000: 368051.258: Application time: 1.1209422 seconds
{Heap before GC invocations=5267 (full 146):
 par new generation   total 9792K, used 9369K [0x00000000e1000000, 0x00000000e1aa0000, 0x00000000eb4a0000)
  eden space 8704K, 100% used [0x00000000e1000000, 0x00000000e1880000, 0x00000000e1880000)
  from space 1088K,  61% used [0x00000000e1990000, 0x00000000e1a366d8, 0x00000000e1aa0000)
  to   space 1088K,   0% used [0x00000000e1880000, 0x00000000e1880000, 0x00000000e1990000)
 concurrent mark-sweep generation total 118492K, used 69823K [0x00000000eb4a0000, 0x00000000f2857000, 0x0000000100000000)
 Metaspace       used 95802K, capacity 99981K, committed 100352K, reserved 1136640K
  class space    used 11688K, capacity 12463K, committed 12544K, reserved 1048576K
2019-06-25T14:27:11.349+0000: 368051.259: [GC (Allocation Failure) 2019-06-25T14:27:11.350+0000: 368051.259: [ParNew: 9369K->801K(9792K), 0.0036275 secs] 79193K->70625K(128284K), 0.0048949 secs] [Times: user=0.00 sys=0.00, real=0.00 secs] 
Heap after GC invocations=5268 (full 146):
 par new generation   total 9792K, used 801K [0x00000000e1000000, 0x00000000e1aa0000, 0x00000000eb4a0000)
  eden space 8704K,   0% used [0x00000000e1000000, 0x00000000e1000000, 0x00000000e1880000)
  from space 1088K,  73% used [0x00000000e1880000, 0x00000000e19487d0, 0x00000000e1990000)
  to   space 1088K,   0% used [0x00000000e1990000, 0x00000000e1990000, 0x00000000e1aa0000)
 concurrent mark-sweep generation total 118492K, used 69823K [0x00000000eb4a0000, 0x00000000f2857000, 0x0000000100000000)
 Metaspace       used 95802K, capacity 99981K, committed 100352K, reserved 1136640K
  class space    used 11688K, capacity 12463K, committed 12544K, reserved 1048576K
}
2019-06-25T14:27:39.769+0000: 368079.679: Application time: 28.4141368 seconds
2019-06-25T14:27:39.769+0000: 368079.679: Application time: 0.0000730 seconds
2019-06-25T14:27:39.769+0000: 368079.679: Application time: 0.0000610 seconds
2019-06-25T14:27:39.770+0000: 368079.679: Application time: 0.0001634 seconds
2019-06-25T14:27:39.770+0000: 368079.680: Application time: 0.0000978 seconds
2019-06-25T14:27:39.777+0000: 368079.687: Application time: 0.0064074 seconds
2019-06-25T14:27:39.777+0000: 368079.687: Application time: 0.0001049 seconds
2019-06-25T14:27:39.778+0000: 368079.687: Application time: 0.0000638 seconds
2019-06-25T14:27:39.778+0000: 368079.688: Application time: 0.0000693 seconds
2019-06-25T14:27:44.206+0000: 368084.116: Application time: 4.4277636 seconds
2019-06-25T14:27:44.246+0000: 368084.156: Application time: 0.0399169 seconds
2019-06-25T14:27:55.248+0000: 368095.158: Application time: 11.0017868 seconds
2019-06-25T14:28:05.538+0000: 368105.448: Application time: 10.2900836 seconds
2019-06-25T14:28:05.540+0000: 368105.450: Application time: 0.0016050 seconds
2019-06-25T14:28:09.027+0000: 368108.937: Application time: 3.4865417 seconds
{Heap before GC invocations=5268 (full 146):
 par new generation   total 9792K, used 9505K [0x00000000e1000000, 0x00000000e1aa0000, 0x00000000eb4a0000)
  eden space 8704K,  99% used [0x00000000e1000000, 0x00000000e187fe98, 0x00000000e1880000)
  from space 1088K,  73% used [0x00000000e1880000, 0x00000000e19487d0, 0x00000000e1990000)
  to   space 1088K,   0% used [0x00000000e1990000, 0x00000000e1990000, 0x00000000e1aa0000)
 concurrent mark-sweep generation total 118492K, used 69823K [0x00000000eb4a0000, 0x00000000f2857000, 0x0000000100000000)
 Metaspace       used 95802K, capacity 99981K, committed 100352K, reserved 1136640K
  class space    used 11688K, capacity 12463K, committed 12544K, reserved 1048576K
2019-06-25T14:28:09.028+0000: 368108.938: [GC (Allocation Failure) 2019-06-25T14:28:09.028+0000: 368108.938: [ParNew: 9505K->1088K(9792K), 0.1282420 secs] 79328K->71294K(128284K), 0.1290366 secs] [Times: user=0.25 sys=0.00, real=0.13 secs] 
Heap after GC invocations=5269 (full 146):
 par new generation   total 9792K, used 1088K [0x00000000e1000000, 0x00000000e1aa0000, 0x00000000eb4a0000)
  eden space 8704K,   0% used [0x00000000e1000000, 0x00000000e1000000, 0x00000000e1880000)
  from space 1088K, 100% used [0x00000000e1990000, 0x00000000e1aa0000, 0x00000000e1aa0000)
  to   space 1088K,   0% used [0x00000000e1880000, 0x00000000e1880000, 0x00000000e1990000)
 concurrent mark-sweep generation total 118492K, used 70206K [0x00000000eb4a0000, 0x00000000f2857000, 0x0000000100000000)
 Metaspace       used 95802K, capacity 99981K, committed 100352K, reserved 1136640K
  class space    used 11688K, capacity 12463K, committed 12544K, reserved 1048576K
}
2019-06-25T14:28:09.803+0000: 368109.713: Application time: 0.6453796 seconds
2019-06-25T14:28:09.803+0000: 368109.713: Application time: 0.0000714 seconds
2019-06-25T14:28:09.803+0000: 368109.713: Application time: 0.0000634 seconds
2019-06-25T14:28:09.804+0000: 368109.713: Application time: 0.0000585 seconds
2019-06-25T14:28:09.804+0000: 368109.714: Application time: 0.0000691 seconds
2019-06-25T14:28:09.805+0000: 368109.715: Application time: 0.0000844 seconds
2019-06-25T14:28:09.805+0000: 368109.715: Application time: 0.0000695 seconds
2019-06-25T14:28:09.805+0000: 368109.715: Application time: 0.0001498 seconds
2019-06-25T14:28:09.806+0000: 368109.715: Application time: 0.0001462 seconds
2019-06-25T14:28:09.806+0000: 368109.716: Application time: 0.0001315 seconds
2019-06-25T14:28:09.806+0000: 368109.716: Application time: 0.0000527 seconds
2019-06-25T14:28:09.806+0000: 368109.716: Application time: 0.0001675 seconds
2019-06-25T14:28:11.861+0000: 368111.771: Application time: 2.0544245 seconds
2019-06-25T14:28:11.863+0000: 368111.773: Application time: 0.0015422 seconds
2019-06-25T14:28:11.968+0000: 368111.878: Application time: 0.1044802 seconds
2019-06-25T14:28:14.025+0000: 368113.935: Application time: 2.0571887 seconds
2019-06-25T14:28:14.178+0000: 368114.088: Application time: 0.1527251 seconds
2019-06-25T14:28:31.682+0000: 368131.592: Application time: 17.5040451 seconds
2019-06-25T14:28:31.827+0000: 368131.737: Application time: 0.1401525 seconds
2019-06-25T14:28:31.828+0000: 368131.737: Application time: 0.0000640 seconds
2019-06-25T14:28:31.828+0000: 368131.738: Application time: 0.0000645 seconds
2019-06-25T14:28:31.828+0000: 368131.738: Application time: 0.0000620 seconds
2019-06-25T14:28:31.828+0000: 368131.738: Application time: 0.0000574 seconds
2019-06-25T14:28:31.829+0000: 368131.738: Application time: 0.0000553 seconds
2019-06-25T14:28:31.829+0000: 368131.739: Application time: 0.0000934 seconds
2019-06-25T14:28:31.829+0000: 368131.739: Application time: 0.0001413 seconds
2019-06-25T14:28:31.829+0000: 368131.739: Application time: 0.0000498 seconds
2019-06-25T14:28:36.687+0000: 368136.597: Application time: 4.8579971 seconds
2019-06-25T14:28:36.715+0000: 368136.625: Application time: 0.0270697 seconds
2019-06-25T14:28:40.582+0000: 368140.492: Application time: 3.8671267 seconds
2019-06-25T14:28:40.582+0000: 368140.492: Application time: 0.0004854 seconds
2019-06-25T14:28:40.837+0000: 368140.746: Application time: 0.2534730 seconds
2019-06-25T14:28:40.837+0000: 368140.747: Application time: 0.0000693 seconds
2019-06-25T14:28:40.837+0000: 368140.747: Application time: 0.0000678 seconds
2019-06-25T14:28:40.837+0000: 368140.747: Application time: 0.0000802 seconds
2019-06-25T14:28:40.838+0000: 368140.747: Application time: 0.0000635 seconds
2019-06-25T14:28:40.838+0000: 368140.748: Application time: 0.0000668 seconds
2019-06-25T14:28:40.838+0000: 368140.748: Application time: 0.0001020 seconds
2019-06-25T14:28:40.838+0000: 368140.748: Application time: 0.0000783 seconds
2019-06-25T14:28:41.970+0000: 368141.880: Application time: 1.1319662 seconds
2019-06-25T14:28:41.971+0000: 368141.881: Application time: 0.0001523 seconds
2019-06-25T14:28:45.584+0000: 368145.493: Application time: 3.6126406 seconds
2019-06-25T14:28:45.608+0000: 368145.517: Application time: 0.0235881 seconds
2019-06-25T14:28:53.849+0000: 368153.759: Application time: 8.2412298 seconds
{Heap before GC invocations=5269 (full 146):
 par new generation   total 9792K, used 9792K [0x00000000e1000000, 0x00000000e1aa0000, 0x00000000eb4a0000)
  eden space 8704K, 100% used [0x00000000e1000000, 0x00000000e1880000, 0x00000000e1880000)
  from space 1088K, 100% used [0x00000000e1990000, 0x00000000e1aa0000, 0x00000000e1aa0000)
  to   space 1088K,   0% used [0x00000000e1880000, 0x00000000e1880000, 0x00000000e1990000)
 concurrent mark-sweep generation total 118492K, used 70206K [0x00000000eb4a0000, 0x00000000f2857000, 0x0000000100000000)
 Metaspace       used 95802K, capacity 99981K, committed 100352K, reserved 1136640K
  class space    used 11688K, capacity 12463K, committed 12544K, reserved 1048576K
2019-06-25T14:28:53.850+0000: 368153.759: [GC (Allocation Failure) 2019-06-25T14:28:53.850+0000: 368153.760: [ParNew: 9792K->970K(9792K), 0.0081283 secs] 79998K->71644K(128284K), 0.0089814 secs] [Times: user=0.00 sys=0.02, real=0.01 secs] 
Heap after GC invocations=5270 (full 146):
 par new generation   total 9792K, used 970K [0x00000000e1000000, 0x00000000e1aa0000, 0x00000000eb4a0000)
  eden space 8704K,   0% used [0x00000000e1000000, 0x00000000e1000000, 0x00000000e1880000)
  from space 1088K,  89% used [0x00000000e1880000, 0x00000000e1972918, 0x00000000e1990000)
  to   space 1088K,   0% used [0x00000000e1990000, 0x00000000e1990000, 0x00000000e1aa0000)
 concurrent mark-sweep generation total 118492K, used 70674K [0x00000000eb4a0000, 0x00000000f2857000, 0x0000000100000000)
 Metaspace       used 95802K, capacity 99981K, committed 100352K, reserved 1136640K
  class space    used 11688K, capacity 12463K, committed 12544K, reserved 1048576K
}
2019-06-25T14:29:10.114+0000: 368170.024: Application time: 16.2548816 seconds
2019-06-25T14:29:10.330+0000: 368170.240: Application time: 0.2154986 seconds
2019-06-25T14:30:30.036+0000: 368249.946: Application time: 79.7056159 seconds
{Heap before GC invocations=5270 (full 146):
 par new generation   total 9792K, used 9673K [0x00000000e1000000, 0x00000000e1aa0000, 0x00000000eb4a0000)
  eden space 8704K,  99% used [0x00000000e1000000, 0x00000000e187fc50, 0x00000000e1880000)
  from space 1088K,  89% used [0x00000000e1880000, 0x00000000e1972918, 0x00000000e1990000)
  to   space 1088K,   0% used [0x00000000e1990000, 0x00000000e1990000, 0x00000000e1aa0000)
 concurrent mark-sweep generation total 118492K, used 70674K [0x00000000eb4a0000, 0x00000000f2857000, 0x0000000100000000)
 Metaspace       used 95802K, capacity 99981K, committed 100352K, reserved 1136640K
  class space    used 11688K, capacity 12463K, committed 12544K, reserved 1048576K
2019-06-25T14:30:30.037+0000: 368249.946: [GC (Allocation Failure) 2019-06-25T14:30:30.037+0000: 368249.947: [ParNew: 9673K->821K(9792K), 0.0259608 secs] 80347K->71771K(128284K), 0.0266929 secs] [Times: user=0.05 sys=0.00, real=0.03 secs] 
Heap after GC invocations=5271 (full 146):
 par new generation   total 9792K, used 821K [0x00000000e1000000, 0x00000000e1aa0000, 0x00000000eb4a0000)
  eden space 8704K,   0% used [0x00000000e1000000, 0x00000000e1000000, 0x00000000e1880000)
  from space 1088K,  75% used [0x00000000e1990000, 0x00000000e1a5d678, 0x00000000e1aa0000)
  to   space 1088K,   0% used [0x00000000e1880000, 0x00000000e1880000, 0x00000000e1990000)
 concurrent mark-sweep generation total 118492K, used 70950K [0x00000000eb4a0000, 0x00000000f2857000, 0x0000000100000000)
 Metaspace       used 95802K, capacity 99981K, committed 100352K, reserved 1136640K
  class space    used 11688K, capacity 12463K, committed 12544K, reserved 1048576K
}
2019-06-25T14:30:30.945+0000: 368250.855: Application time: 0.8807345 seconds
2019-06-25T14:30:30.945+0000: 368250.855: Application time: 0.0000686 seconds
2019-06-25T14:30:30.946+0000: 368250.855: Application time: 0.0000676 seconds
2019-06-25T14:30:30.946+0000: 368250.856: Application time: 0.0001078 seconds
2019-06-25T14:30:30.947+0000: 368250.857: Application time: 0.0000635 seconds
2019-06-25T14:30:30.947+0000: 368250.857: Application time: 0.0000583 seconds
2019-06-25T14:30:30.947+0000: 368250.857: Application time: 0.0001793 seconds
2019-06-25T14:30:30.948+0000: 368250.858: Application time: 0.0000914 seconds
2019-06-25T14:30:35.034+0000: 368254.944: Application time: 4.0858459 seconds
2019-06-25T14:30:35.086+0000: 368254.996: Application time: 0.0516748 seconds
2019-06-25T14:30:38.869+0000: 368258.779: Application time: 3.7823002 seconds
2019-06-25T14:30:38.870+0000: 368258.780: Application time: 0.0002563 seconds
2019-06-25T14:30:38.955+0000: 368258.865: Application time: 0.0819881 seconds
2019-06-25T14:30:38.956+0000: 368258.866: Application time: 0.0000686 seconds
2019-06-25T14:30:38.956+0000: 368258.866: Application time: 0.0000861 seconds
2019-06-25T14:30:38.956+0000: 368258.866: Application time: 0.0000637 seconds
2019-06-25T14:30:38.956+0000: 368258.866: Application time: 0.0000682 seconds
2019-06-25T14:30:41.983+0000: 368261.893: Application time: 3.0269621 seconds
2019-06-25T14:30:41.984+0000: 368261.894: Application time: 0.0000780 seconds
2019-06-25T14:30:41.984+0000: 368261.894: Application time: 0.0000583 seconds
2019-06-25T14:30:41.984+0000: 368261.894: Application time: 0.0000575 seconds
2019-06-25T14:30:41.985+0000: 368261.894: Application time: 0.0001478 seconds
2019-06-25T14:30:43.874+0000: 368263.784: Application time: 1.8891644 seconds
2019-06-25T14:30:43.898+0000: 368263.808: Application time: 0.0237492 seconds
2019-06-25T14:31:10.120+0000: 368290.030: Application time: 26.2220648 seconds
2019-06-25T14:31:24.328+0000: 368304.237: Application time: 14.2066658 seconds
{Heap before GC invocations=5271 (full 146):
 par new generation   total 9792K, used 9525K [0x00000000e1000000, 0x00000000e1aa0000, 0x00000000eb4a0000)
  eden space 8704K, 100% used [0x00000000e1000000, 0x00000000e1880000, 0x00000000e1880000)
  from space 1088K,  75% used [0x00000000e1990000, 0x00000000e1a5d678, 0x00000000e1aa0000)
  to   space 1088K,   0% used [0x00000000e1880000, 0x00000000e1880000, 0x00000000e1990000)
 concurrent mark-sweep generation total 118492K, used 70950K [0x00000000eb4a0000, 0x00000000f2857000, 0x0000000100000000)
 Metaspace       used 95802K, capacity 99981K, committed 100352K, reserved 1136640K
  class space    used 11688K, capacity 12463K, committed 12544K, reserved 1048576K
2019-06-25T14:31:24.328+0000: 368304.238: [GC (Allocation Failure) 2019-06-25T14:31:24.329+0000: 368304.239: [ParNew: 9525K->1031K(9792K), 0.0049034 secs] 80475K->71981K(128284K), 0.0057854 secs] [Times: user=0.01 sys=0.00, real=0.00 secs] 
Heap after GC invocations=5272 (full 146):
 par new generation   total 9792K, used 1031K [0x00000000e1000000, 0x00000000e1aa0000, 0x00000000eb4a0000)
  eden space 8704K,   0% used [0x00000000e1000000, 0x00000000e1000000, 0x00000000e1880000)
  from space 1088K,  94% used [0x00000000e1880000, 0x00000000e1981cd0, 0x00000000e1990000)
  to   space 1088K,   0% used [0x00000000e1990000, 0x00000000e1990000, 0x00000000e1aa0000)
 concurrent mark-sweep generation total 118492K, used 70950K [0x00000000eb4a0000, 0x00000000f2857000, 0x0000000100000000)
 Metaspace       used 95802K, capacity 99981K, committed 100352K, reserved 1136640K
  class space    used 11688K, capacity 12463K, committed 12544K, reserved 1048576K
}
2019-06-25T14:32:00.025+0000: 368339.935: Application time: 35.6902456 seconds
2019-06-25T14:32:00.025+0000: 368339.935: Application time: 0.0000683 seconds
2019-06-25T14:32:00.026+0000: 368339.935: Application time: 0.0000634 seconds
2019-06-25T14:32:00.026+0000: 368339.936: Application time: 0.0000616 seconds
2019-06-25T14:32:00.027+0000: 368339.937: Application time: 0.0000875 seconds
2019-06-25T14:32:04.423+0000: 368344.333: Application time: 4.3963446 seconds
2019-06-25T14:32:04.448+0000: 368344.358: Application time: 0.0242911 seconds
2019-06-25T14:32:09.926+0000: 368349.836: Application time: 5.4772897 seconds
2019-06-25T14:32:09.926+0000: 368349.836: Application time: 0.0001729 seconds
2019-06-25T14:32:09.927+0000: 368349.836: Application time: 0.0001629 seconds
2019-06-25T14:32:09.927+0000: 368349.837: Application time: 0.0002246 seconds
2019-06-25T14:32:09.927+0000: 368349.837: Application time: 0.0001965 seconds
2019-06-25T14:32:10.123+0000: 368350.033: Application time: 0.1959160 seconds
2019-06-25T14:32:41.894+0000: 368381.804: Application time: 31.7705736 seconds
{Heap before GC invocations=5272 (full 146):
 par new generation   total 9792K, used 9735K [0x00000000e1000000, 0x00000000e1aa0000, 0x00000000eb4a0000)
  eden space 8704K, 100% used [0x00000000e1000000, 0x00000000e1880000, 0x00000000e1880000)
  from space 1088K,  94% used [0x00000000e1880000, 0x00000000e1981cd0, 0x00000000e1990000)
  to   space 1088K,   0% used [0x00000000e1990000, 0x00000000e1990000, 0x00000000e1aa0000)
 concurrent mark-sweep generation total 118492K, used 70950K [0x00000000eb4a0000, 0x00000000f2857000, 0x0000000100000000)
 Metaspace       used 95802K, capacity 99981K, committed 100352K, reserved 1136640K
  class space    used 11688K, capacity 12463K, committed 12544K, reserved 1048576K
2019-06-25T14:32:41.895+0000: 368381.805: [GC (Allocation Failure) 2019-06-25T14:32:41.896+0000: 368381.805: [ParNew: 9735K->922K(9792K), 0.0150194 secs] 80685K->72185K(128284K), 0.0159181 secs] [Times: user=0.01 sys=0.00, real=0.02 secs] 
Heap after GC invocations=5273 (full 146):
 par new generation   total 9792K, used 922K [0x00000000e1000000, 0x00000000e1aa0000, 0x00000000eb4a0000)
  eden space 8704K,   0% used [0x00000000e1000000, 0x00000000e1000000, 0x00000000e1880000)
  from space 1088K,  84% used [0x00000000e1990000, 0x00000000e1a76a70, 0x00000000e1aa0000)
  to   space 1088K,   0% used [0x00000000e1880000, 0x00000000e1880000, 0x00000000e1990000)
 concurrent mark-sweep generation total 118492K, used 71262K [0x00000000eb4a0000, 0x00000000f2857000, 0x0000000100000000)
 Metaspace       used 95802K, capacity 99981K, committed 100352K, reserved 1136640K
  class space    used 11688K, capacity 12463K, committed 12544K, reserved 1048576K
}
2019-06-25T14:32:41.912+0000: 368381.822: Application time: 0.0003809 seconds
2019-06-25T14:32:41.913+0000: 368381.823: [GC (CMS Initial Mark) [1 CMS-initial-mark: 71262K(118492K)] 72223K(128284K), 0.0031370 secs] [Times: user=0.01 sys=0.00, real=0.00 secs] 
2019-06-25T14:32:41.917+0000: 368381.827: [CMS-concurrent-mark-start]
2019-06-25T14:32:42.022+0000: 368381.932: [CMS-concurrent-mark: 0.105/0.105 secs] [Times: user=0.11 sys=0.00, real=0.11 secs] 
2019-06-25T14:32:42.022+0000: 368381.932: [CMS-concurrent-preclean-start]
2019-06-25T14:32:42.024+0000: 368381.934: [CMS-concurrent-preclean: 0.002/0.002 secs] [Times: user=0.00 sys=0.00, real=0.00 secs] 
2019-06-25T14:32:42.025+0000: 368381.935: Application time: 0.1078276 seconds
2019-06-25T14:32:42.025+0000: 368381.935: [GC (CMS Final Remark) [YG occupancy: 1065 K (9792 K)]2019-06-25T14:32:42.026+0000: 368381.935: [Rescan (parallel) , 0.0030220 secs]2019-06-25T14:32:42.029+0000: 368381.939: [weak refs processing, 0.0033098 secs]2019-06-25T14:32:42.033+0000: 368381.943: [class unloading, 0.0347346 secs]2019-06-25T14:32:42.068+0000: 368381.978: [scrub symbol table, 0.0220514 secs]2019-06-25T14:32:42.091+0000: 368382.000: [scrub string table, 0.0015998 secs][1 CMS-remark: 71262K(118492K)] 72328K(128284K), 0.0806003 secs] [Times: user=0.08 sys=0.00, real=0.08 secs] 
2019-06-25T14:32:42.107+0000: 368382.017: [CMS-concurrent-sweep-start]
2019-06-25T14:32:42.140+0000: 368382.049: [CMS-concurrent-sweep: 0.033/0.033 secs] [Times: user=0.03 sys=0.00, real=0.04 secs] 
2019-06-25T14:32:42.140+0000: 368382.050: [CMS-concurrent-reset-start]
2019-06-25T14:32:42.140+0000: 368382.050: [CMS-concurrent-reset: 0.000/0.000 secs] [Times: user=0.00 sys=0.00, real=0.00 secs] 
2019-06-25T14:32:43.107+0000: 368383.017: Application time: 1.0001915 seconds
2019-06-25T14:32:51.108+0000: 368391.018: Application time: 8.0011465 seconds
2019-06-25T14:32:55.109+0000: 368395.019: Application time: 4.0005515 seconds
2019-06-25T14:33:06.111+0000: 368406.021: Application time: 11.0014837 seconds
2019-06-25T14:33:07.111+0000: 368407.021: Application time: 1.0002726 seconds
2019-06-25T14:33:10.112+0000: 368410.022: Application time: 3.0005034 seconds
2019-06-25T14:33:11.113+0000: 368411.023: Application time: 1.0002525 seconds
2019-06-25T14:33:12.114+0000: 368412.023: Application time: 1.0002293 seconds
2019-06-25T14:34:07.124+0000: 368467.034: Application time: 55.0087847 seconds
2019-06-25T14:34:10.876+0000: 368470.786: Application time: 3.7513788 seconds
2019-06-25T14:34:14.691+0000: 368474.601: Application time: 3.8149245 seconds
{Heap before GC invocations=5273 (full 147):
 par new generation   total 9792K, used 9626K [0x00000000e1000000, 0x00000000e1aa0000, 0x00000000eb4a0000)
  eden space 8704K, 100% used [0x00000000e1000000, 0x00000000e1880000, 0x00000000e1880000)
  from space 1088K,  84% used [0x00000000e1990000, 0x00000000e1a76a70, 0x00000000e1aa0000)
  to   space 1088K,   0% used [0x00000000e1880000, 0x00000000e1880000, 0x00000000e1990000)
 concurrent mark-sweep generation total 118492K, used 65283K [0x00000000eb4a0000, 0x00000000f2857000, 0x0000000100000000)
 Metaspace       used 95727K, capacity 99855K, committed 100352K, reserved 1136640K
  class space    used 11677K, capacity 12442K, committed 12544K, reserved 1048576K
2019-06-25T14:34:14.692+0000: 368474.602: [GC (Allocation Failure) 2019-06-25T14:34:14.692+0000: 368474.602: [ParNew: 9626K->965K(9792K), 0.0034808 secs] 74909K->66249K(128284K), 0.0041575 secs] [Times: user=0.00 sys=0.00, real=0.00 secs] 
Heap after GC invocations=5274 (full 147):
 par new generation   total 9792K, used 965K [0x00000000e1000000, 0x00000000e1aa0000, 0x00000000eb4a0000)
  eden space 8704K,   0% used [0x00000000e1000000, 0x00000000e1000000, 0x00000000e1880000)
  from space 1088K,  88% used [0x00000000e1880000, 0x00000000e19717a0, 0x00000000e1990000)
  to   space 1088K,   0% used [0x00000000e1990000, 0x00000000e1990000, 0x00000000e1aa0000)
 concurrent mark-sweep generation total 118492K, used 65283K [0x00000000eb4a0000, 0x00000000f2857000, 0x0000000100000000)
 Metaspace       used 95727K, capacity 99855K, committed 100352K, reserved 1136640K
  class space    used 11677K, capacity 12442K, committed 12544K, reserved 1048576K
}
2019-06-25T14:34:24.156+0000: 368484.065: Application time: 9.4588736 seconds
2019-06-25T14:34:33.157+0000: 368493.067: Application time: 9.0011957 seconds
2019-06-25T14:34:33.201+0000: 368493.111: Application time: 0.0434938 seconds
2019-06-25T14:34:33.201+0000: 368493.111: Application time: 0.0001549 seconds
2019-06-25T14:34:33.202+0000: 368493.112: Application time: 0.0000783 seconds
2019-06-25T14:34:33.202+0000: 368493.112: Application time: 0.0000609 seconds
2019-06-25T14:34:33.202+0000: 368493.112: Application time: 0.0000628 seconds
2019-06-25T14:34:37.329+0000: 368497.239: Application time: 4.1265019 seconds
2019-06-25T14:34:37.354+0000: 368497.263: Application time: 0.0242751 seconds
2019-06-25T14:34:42.008+0000: 368501.918: Application time: 4.6543978 seconds
2019-06-25T14:34:42.009+0000: 368501.919: Application time: 0.0001687 seconds
2019-06-25T14:34:42.009+0000: 368501.919: Application time: 0.0001606 seconds
2019-06-25T14:34:42.010+0000: 368501.919: Application time: 0.0003101 seconds
2019-06-25T14:34:42.010+0000: 368501.920: Application time: 0.0002251 seconds
2019-06-25T14:35:10.131+0000: 368530.041: Application time: 28.1209560 seconds
2019-06-25T14:35:33.836+0000: 368553.746: Application time: 23.7043766 seconds
{Heap before GC invocations=5274 (full 147):
 par new generation   total 9792K, used 9669K [0x00000000e1000000, 0x00000000e1aa0000, 0x00000000eb4a0000)
  eden space 8704K, 100% used [0x00000000e1000000, 0x00000000e1880000, 0x00000000e1880000)
  from space 1088K,  88% used [0x00000000e1880000, 0x00000000e19717a0, 0x00000000e1990000)
  to   space 1088K,   0% used [0x00000000e1990000, 0x00000000e1990000, 0x00000000e1aa0000)
 concurrent mark-sweep generation total 118492K, used 65283K [0x00000000eb4a0000, 0x00000000f2857000, 0x0000000100000000)
 Metaspace       used 95727K, capacity 99855K, committed 100352K, reserved 1136640K
  class space    used 11677K, capacity 12442K, committed 12544K, reserved 1048576K
2019-06-25T14:35:33.837+0000: 368553.747: [GC (Allocation Failure) 2019-06-25T14:35:33.837+0000: 368553.747: [ParNew: 9669K->729K(9792K), 0.0044819 secs] 74953K->66491K(128284K), 0.0054470 secs] [Times: user=0.00 sys=0.00, real=0.01 secs] 
Heap after GC invocations=5275 (full 147):
 par new generation   total 9792K, used 729K [0x00000000e1000000, 0x00000000e1aa0000, 0x00000000eb4a0000)
  eden space 8704K,   0% used [0x00000000e1000000, 0x00000000e1000000, 0x00000000e1880000)
  from space 1088K,  67% used [0x00000000e1990000, 0x00000000e1a46438, 0x00000000e1aa0000)
  to   space 1088K,   0% used [0x00000000e1880000, 0x00000000e1880000, 0x00000000e1990000)
 concurrent mark-sweep generation total 118492K, used 65762K [0x00000000eb4a0000, 0x00000000f2857000, 0x0000000100000000)
 Metaspace       used 95727K, capacity 99855K, committed 100352K, reserved 1136640K
  class space    used 11677K, capacity 12442K, committed 12544K, reserved 1048576K
}
2019-06-25T14:37:11.918+0000: 368651.828: Application time: 98.0747037 seconds
{Heap before GC invocations=5275 (full 147):
 par new generation   total 9792K, used 9433K [0x00000000e1000000, 0x00000000e1aa0000, 0x00000000eb4a0000)
  eden space 8704K, 100% used [0x00000000e1000000, 0x00000000e1880000, 0x00000000e1880000)
  from space 1088K,  67% used [0x00000000e1990000, 0x00000000e1a46438, 0x00000000e1aa0000)
  to   space 1088K,   0% used [0x00000000e1880000, 0x00000000e1880000, 0x00000000e1990000)
 concurrent mark-sweep generation total 118492K, used 65762K [0x00000000eb4a0000, 0x00000000f2857000, 0x0000000100000000)
 Metaspace       used 95727K, capacity 99855K, committed 100352K, reserved 1136640K
  class space    used 11677K, capacity 12442K, committed 12544K, reserved 1048576K
2019-06-25T14:37:11.919+0000: 368651.828: [GC (Allocation Failure) 2019-06-25T14:37:11.919+0000: 368651.829: [ParNew: 9433K->899K(9792K), 0.0060122 secs] 75195K->66661K(128284K), 0.0069901 secs] [Times: user=0.01 sys=0.00, real=0.00 secs] 
Heap after GC invocations=5276 (full 147):
 par new generation   total 9792K, used 899K [0x00000000e1000000, 0x00000000e1aa0000, 0x00000000eb4a0000)
  eden space 8704K,   0% used [0x00000000e1000000, 0x00000000e1000000, 0x00000000e1880000)
  from space 1088K,  82% used [0x00000000e1880000, 0x00000000e1960c40, 0x00000000e1990000)
  to   space 1088K,   0% used [0x00000000e1990000, 0x00000000e1990000, 0x00000000e1aa0000)
 concurrent mark-sweep generation total 118492K, used 65762K [0x00000000eb4a0000, 0x00000000f2857000, 0x0000000100000000)
 Metaspace       used 95727K, capacity 99855K, committed 100352K, reserved 1136640K
  class space    used 11677K, capacity 12442K, committed 12544K, reserved 1048576K
}
2019-06-25T14:37:41.931+0000: 368681.841: Application time: 30.0047283 seconds
2019-06-25T14:38:41.939+0000: 368741.849: Application time: 60.0071678 seconds
2019-06-25T14:38:53.598+0000: 368753.508: Application time: 11.6593821 seconds
{Heap before GC invocations=5276 (full 147):
 par new generation   total 9792K, used 9603K [0x00000000e1000000, 0x00000000e1aa0000, 0x00000000eb4a0000)
  eden space 8704K, 100% used [0x00000000e1000000, 0x00000000e1880000, 0x00000000e1880000)
  from space 1088K,  82% used [0x00000000e1880000, 0x00000000e1960c40, 0x00000000e1990000)
  to   space 1088K,   0% used [0x00000000e1990000, 0x00000000e1990000, 0x00000000e1aa0000)
 concurrent mark-sweep generation total 118492K, used 65762K [0x00000000eb4a0000, 0x00000000f2857000, 0x0000000100000000)
 Metaspace       used 95727K, capacity 99855K, committed 100352K, reserved 1136640K
  class space    used 11677K, capacity 12442K, committed 12544K, reserved 1048576K
2019-06-25T14:38:53.599+0000: 368753.509: [GC (Allocation Failure) 2019-06-25T14:38:53.600+0000: 368753.509: [ParNew: 9603K->808K(9792K), 0.0036406 secs] 75365K->66771K(128284K), 0.0046122 secs] [Times: user=0.01 sys=0.00, real=0.00 secs] 
Heap after GC invocations=5277 (full 147):
 par new generation   total 9792K, used 808K [0x00000000e1000000, 0x00000000e1aa0000, 0x00000000eb4a0000)
  eden space 8704K,   0% used [0x00000000e1000000, 0x00000000e1000000, 0x00000000e1880000)
  from space 1088K,  74% used [0x00000000e1990000, 0x00000000e1a5a338, 0x00000000e1aa0000)
  to   space 1088K,   0% used [0x00000000e1880000, 0x00000000e1880000, 0x00000000e1990000)
 concurrent mark-sweep generation total 118492K, used 65962K [0x00000000eb4a0000, 0x00000000f2857000, 0x0000000100000000)
 Metaspace       used 95727K, capacity 99855K, committed 100352K, reserved 1136640K
  class space    used 11677K, capacity 12442K, committed 12544K, reserved 1048576K
}
2019-06-25T14:39:09.924+0000: 368769.833: Application time: 16.3189512 seconds
2019-06-25T14:40:11.423+0000: 368831.332: Application time: 61.4986469 seconds
2019-06-25T14:40:11.425+0000: 368831.334: Application time: 0.0016792 seconds
2019-06-25T14:40:30.658+0000: 368850.568: Application time: 19.2334142 seconds
{Heap before GC invocations=5277 (full 147):
 par new generation   total 9792K, used 9512K [0x00000000e1000000, 0x00000000e1aa0000, 0x00000000eb4a0000)
  eden space 8704K, 100% used [0x00000000e1000000, 0x00000000e1880000, 0x00000000e1880000)
  from space 1088K,  74% used [0x00000000e1990000, 0x00000000e1a5a338, 0x00000000e1aa0000)
  to   space 1088K,   0% used [0x00000000e1880000, 0x00000000e1880000, 0x00000000e1990000)
 concurrent mark-sweep generation total 118492K, used 65962K [0x00000000eb4a0000, 0x00000000f2857000, 0x0000000100000000)
 Metaspace       used 95729K, capacity 99855K, committed 100352K, reserved 1136640K
  class space    used 11677K, capacity 12442K, committed 12544K, reserved 1048576K
2019-06-25T14:40:30.659+0000: 368850.569: [GC (Allocation Failure) 2019-06-25T14:40:30.659+0000: 368850.569: [ParNew: 9512K->676K(9792K), 0.0031220 secs] 75475K->66639K(128284K), 0.0039565 secs] [Times: user=0.00 sys=0.00, real=0.00 secs] 
Heap after GC invocations=5278 (full 147):
 par new generation   total 9792K, used 676K [0x00000000e1000000, 0x00000000e1aa0000, 0x00000000eb4a0000)
  eden space 8704K,   0% used [0x00000000e1000000, 0x00000000e1000000, 0x00000000e1880000)
  from space 1088K,  62% used [0x00000000e1880000, 0x00000000e1929218, 0x00000000e1990000)
  to   space 1088K,   0% used [0x00000000e1990000, 0x00000000e1990000, 0x00000000e1aa0000)
 concurrent mark-sweep generation total 118492K, used 65962K [0x00000000eb4a0000, 0x00000000f2857000, 0x0000000100000000)
 Metaspace       used 95729K, capacity 99855K, committed 100352K, reserved 1136640K
  class space    used 11677K, capacity 12442K, committed 12544K, reserved 1048576K
}
2019-06-25T14:42:11.598+0000: 368951.507: Application time: 100.9337558 seconds
{Heap before GC invocations=5278 (full 147):
 par new generation   total 9792K, used 9380K [0x00000000e1000000, 0x00000000e1aa0000, 0x00000000eb4a0000)
  eden space 8704K, 100% used [0x00000000e1000000, 0x00000000e1880000, 0x00000000e1880000)
  from space 1088K,  62% used [0x00000000e1880000, 0x00000000e1929218, 0x00000000e1990000)
  to   space 1088K,   0% used [0x00000000e1990000, 0x00000000e1990000, 0x00000000e1aa0000)
 concurrent mark-sweep generation total 118492K, used 65962K [0x00000000eb4a0000, 0x00000000f2857000, 0x0000000100000000)
 Metaspace       used 95729K, capacity 99855K, committed 100352K, reserved 1136640K
  class space    used 11677K, capacity 12442K, committed 12544K, reserved 1048576K
2019-06-25T14:42:11.598+0000: 368951.508: [GC (Allocation Failure) 2019-06-25T14:42:11.599+0000: 368951.508: [ParNew: 9380K->735K(9792K), 0.0036008 secs] 75343K->66856K(128284K), 0.0044048 secs] [Times: user=0.01 sys=0.00, real=0.00 secs] 
Heap after GC invocations=5279 (full 147):
 par new generation   total 9792K, used 735K [0x00000000e1000000, 0x00000000e1aa0000, 0x00000000eb4a0000)
  eden space 8704K,   0% used [0x00000000e1000000, 0x00000000e1000000, 0x00000000e1880000)
  from space 1088K,  67% used [0x00000000e1990000, 0x00000000e1a47ef0, 0x00000000e1aa0000)
  to   space 1088K,   0% used [0x00000000e1880000, 0x00000000e1880000, 0x00000000e1990000)
 concurrent mark-sweep generation total 118492K, used 66120K [0x00000000eb4a0000, 0x00000000f2857000, 0x0000000100000000)
 Metaspace       used 95729K, capacity 99855K, committed 100352K, reserved 1136640K
  class space    used 11677K, capacity 12442K, committed 12544K, reserved 1048576K
}
2019-06-25T14:43:52.978+0000: 369052.887: Application time: 101.3741428 seconds
{Heap before GC invocations=5279 (full 147):
 par new generation   total 9792K, used 9439K [0x00000000e1000000, 0x00000000e1aa0000, 0x00000000eb4a0000)
  eden space 8704K, 100% used [0x00000000e1000000, 0x00000000e1880000, 0x00000000e1880000)
  from space 1088K,  67% used [0x00000000e1990000, 0x00000000e1a47ef0, 0x00000000e1aa0000)
  to   space 1088K,   0% used [0x00000000e1880000, 0x00000000e1880000, 0x00000000e1990000)
 concurrent mark-sweep generation total 118492K, used 66120K [0x00000000eb4a0000, 0x00000000f2857000, 0x0000000100000000)
 Metaspace       used 95729K, capacity 99855K, committed 100352K, reserved 1136640K
  class space    used 11677K, capacity 12442K, committed 12544K, reserved 1048576K
2019-06-25T14:43:52.979+0000: 369052.888: [GC (Allocation Failure) 2019-06-25T14:43:52.979+0000: 369052.889: [ParNew: 9439K->778K(9792K), 0.0080257 secs] 75560K->66899K(128284K), 0.0089200 secs] [Times: user=0.01 sys=0.01, real=0.00 secs] 
Heap after GC invocations=5280 (full 147):
 par new generation   total 9792K, used 778K [0x00000000e1000000, 0x00000000e1aa0000, 0x00000000eb4a0000)
  eden space 8704K,   0% used [0x00000000e1000000, 0x00000000e1000000, 0x00000000e1880000)
  from space 1088K,  71% used [0x00000000e1880000, 0x00000000e1942b88, 0x00000000e1990000)
  to   space 1088K,   0% used [0x00000000e1990000, 0x00000000e1990000, 0x00000000e1aa0000)
 concurrent mark-sweep generation total 118492K, used 66120K [0x00000000eb4a0000, 0x00000000f2857000, 0x0000000100000000)
 Metaspace       used 95729K, capacity 99855K, committed 100352K, reserved 1136640K
  class space    used 11677K, capacity 12442K, committed 12544K, reserved 1048576K
}
2019-06-25T14:44:09.956+0000: 369069.866: Application time: 16.9679410 seconds
2019-06-25T14:44:14.957+0000: 369074.867: Application time: 5.0006519 seconds
2019-06-25T14:45:33.092+0000: 369153.002: Application time: 78.1343162 seconds
{Heap before GC invocations=5280 (full 147):
 par new generation   total 9792K, used 9482K [0x00000000e1000000, 0x00000000e1aa0000, 0x00000000eb4a0000)
  eden space 8704K, 100% used [0x00000000e1000000, 0x00000000e1880000, 0x00000000e1880000)
  from space 1088K,  71% used [0x00000000e1880000, 0x00000000e1942b88, 0x00000000e1990000)
  to   space 1088K,   0% used [0x00000000e1990000, 0x00000000e1990000, 0x00000000e1aa0000)
 concurrent mark-sweep generation total 118492K, used 66120K [0x00000000eb4a0000, 0x00000000f2857000, 0x0000000100000000)
 Metaspace       used 95729K, capacity 99855K, committed 100352K, reserved 1136640K
  class space    used 11677K, capacity 12442K, committed 12544K, reserved 1048576K
2019-06-25T14:45:33.093+0000: 369153.002: [GC (Allocation Failure) 2019-06-25T14:45:33.093+0000: 369153.003: [ParNew: 9482K->701K(9792K), 0.0032210 secs] 75603K->66822K(128284K), 0.0040575 secs] [Times: user=0.00 sys=0.00, real=0.00 secs] 
Heap after GC invocations=5281 (full 147):
 par new generation   total 9792K, used 701K [0x00000000e1000000, 0x00000000e1aa0000, 0x00000000eb4a0000)
  eden space 8704K,   0% used [0x00000000e1000000, 0x00000000e1000000, 0x00000000e1880000)
  from space 1088K,  64% used [0x00000000e1990000, 0x00000000e1a3f538, 0x00000000e1aa0000)
  to   space 1088K,   0% used [0x00000000e1880000, 0x00000000e1880000, 0x00000000e1990000)
 concurrent mark-sweep generation total 118492K, used 66121K [0x00000000eb4a0000, 0x00000000f2857000, 0x0000000100000000)
 Metaspace       used 95729K, capacity 99855K, committed 100352K, reserved 1136640K
  class space    used 11677K, capacity 12442K, committed 12544K, reserved 1048576K
}
2019-06-25T14:47:11.463+0000: 369251.372: Application time: 98.3650902 seconds
{Heap before GC invocations=5281 (full 147):
 par new generation   total 9792K, used 9405K [0x00000000e1000000, 0x00000000e1aa0000, 0x00000000eb4a0000)
  eden space 8704K, 100% used [0x00000000e1000000, 0x00000000e1880000, 0x00000000e1880000)
  from space 1088K,  64% used [0x00000000e1990000, 0x00000000e1a3f538, 0x00000000e1aa0000)
  to   space 1088K,   0% used [0x00000000e1880000, 0x00000000e1880000, 0x00000000e1990000)
 concurrent mark-sweep generation total 118492K, used 66121K [0x00000000eb4a0000, 0x00000000f2857000, 0x0000000100000000)
 Metaspace       used 95729K, capacity 99855K, committed 100352K, reserved 1136640K
  class space    used 11677K, capacity 12442K, committed 12544K, reserved 1048576K
2019-06-25T14:47:11.463+0000: 369251.373: [GC (Allocation Failure) 2019-06-25T14:47:11.464+0000: 369251.374: [ParNew: 9405K->817K(9792K), 0.0035336 secs] 75526K->66938K(128284K), 0.0044033 secs] [Times: user=0.00 sys=0.01, real=0.00 secs] 
Heap after GC invocations=5282 (full 147):
 par new generation   total 9792K, used 817K [0x00000000e1000000, 0x00000000e1aa0000, 0x00000000eb4a0000)
  eden space 8704K,   0% used [0x00000000e1000000, 0x00000000e1000000, 0x00000000e1880000)
  from space 1088K,  75% used [0x00000000e1880000, 0x00000000e194c500, 0x00000000e1990000)
  to   space 1088K,   0% used [0x00000000e1990000, 0x00000000e1990000, 0x00000000e1aa0000)
 concurrent mark-sweep generation total 118492K, used 66121K [0x00000000eb4a0000, 0x00000000f2857000, 0x0000000100000000)
 Metaspace       used 95729K, capacity 99855K, committed 100352K, reserved 1136640K
  class space    used 11677K, capacity 12442K, committed 12544K, reserved 1048576K
}
2019-06-25T14:48:54.230+0000: 369354.140: Application time: 102.7621042 seconds
{Heap before GC invocations=5282 (full 147):
 par new generation   total 9792K, used 9521K [0x00000000e1000000, 0x00000000e1aa0000, 0x00000000eb4a0000)
  eden space 8704K, 100% used [0x00000000e1000000, 0x00000000e1880000, 0x00000000e1880000)
  from space 1088K,  75% used [0x00000000e1880000, 0x00000000e194c500, 0x00000000e1990000)
  to   space 1088K,   0% used [0x00000000e1990000, 0x00000000e1990000, 0x00000000e1aa0000)
 concurrent mark-sweep generation total 118492K, used 66121K [0x00000000eb4a0000, 0x00000000f2857000, 0x0000000100000000)
 Metaspace       used 95733K, capacity 99867K, committed 100352K, reserved 1136640K
  class space    used 11678K, capacity 12444K, committed 12544K, reserved 1048576K
2019-06-25T14:48:54.231+0000: 369354.141: [GC (Allocation Failure) 2019-06-25T14:48:54.232+0000: 369354.141: [ParNew: 9521K->762K(9792K), 0.0034212 secs] 75642K->66924K(128284K), 0.0042279 secs] [Times: user=0.00 sys=0.00, real=0.00 secs] 
Heap after GC invocations=5283 (full 147):
 par new generation   total 9792K, used 762K [0x00000000e1000000, 0x00000000e1aa0000, 0x00000000eb4a0000)
  eden space 8704K,   0% used [0x00000000e1000000, 0x00000000e1000000, 0x00000000e1880000)
  from space 1088K,  70% used [0x00000000e1990000, 0x00000000e1a4e998, 0x00000000e1aa0000)
  to   space 1088K,   0% used [0x00000000e1880000, 0x00000000e1880000, 0x00000000e1990000)
 concurrent mark-sweep generation total 118492K, used 66162K [0x00000000eb4a0000, 0x00000000f2857000, 0x0000000100000000)
 Metaspace       used 95733K, capacity 99867K, committed 100352K, reserved 1136640K
  class space    used 11678K, capacity 12444K, committed 12544K, reserved 1048576K
}
2019-06-25T14:49:10.469+0000: 369370.379: Application time: 16.2328104 seconds
2019-06-25T14:50:32.397+0000: 369452.307: Application time: 81.9274486 seconds
{Heap before GC invocations=5283 (full 147):
 par new generation   total 9792K, used 9466K [0x00000000e1000000, 0x00000000e1aa0000, 0x00000000eb4a0000)
  eden space 8704K, 100% used [0x00000000e1000000, 0x00000000e1880000, 0x00000000e1880000)
  from space 1088K,  70% used [0x00000000e1990000, 0x00000000e1a4e998, 0x00000000e1aa0000)
  to   space 1088K,   0% used [0x00000000e1880000, 0x00000000e1880000, 0x00000000e1990000)
 concurrent mark-sweep generation total 118492K, used 66162K [0x00000000eb4a0000, 0x00000000f2857000, 0x0000000100000000)
 Metaspace       used 95733K, capacity 99867K, committed 100352K, reserved 1136640K
  class space    used 11678K, capacity 12444K, committed 12544K, reserved 1048576K
2019-06-25T14:50:32.398+0000: 369452.308: [GC (Allocation Failure) 2019-06-25T14:50:32.399+0000: 369452.308: [ParNew: 9466K->763K(9792K), 0.0035266 secs] 75628K->66926K(128284K), 0.0045226 secs] [Times: user=0.01 sys=0.00, real=0.01 secs] 
Heap after GC invocations=5284 (full 147):
 par new generation   total 9792K, used 763K [0x00000000e1000000, 0x00000000e1aa0000, 0x00000000eb4a0000)
  eden space 8704K,   0% used [0x00000000e1000000, 0x00000000e1000000, 0x00000000e1880000)
  from space 1088K,  70% used [0x00000000e1880000, 0x00000000e193efb8, 0x00000000e1990000)
  to   space 1088K,   0% used [0x00000000e1990000, 0x00000000e1990000, 0x00000000e1aa0000)
 concurrent mark-sweep generation total 118492K, used 66162K [0x00000000eb4a0000, 0x00000000f2857000, 0x0000000100000000)
 Metaspace       used 95733K, capacity 99867K, committed 100352K, reserved 1136640K
  class space    used 11678K, capacity 12444K, committed 12544K, reserved 1048576K
}
2019-06-25T14:52:12.122+0000: 369552.032: Application time: 99.7187759 seconds
{Heap before GC invocations=5284 (full 147):
 par new generation   total 9792K, used 9467K [0x00000000e1000000, 0x00000000e1aa0000, 0x00000000eb4a0000)
  eden space 8704K,  99% used [0x00000000e1000000, 0x00000000e187fff8, 0x00000000e1880000)
  from space 1088K,  70% used [0x00000000e1880000, 0x00000000e193efb8, 0x00000000e1990000)
  to   space 1088K,   0% used [0x00000000e1990000, 0x00000000e1990000, 0x00000000e1aa0000)
 concurrent mark-sweep generation total 118492K, used 66162K [0x00000000eb4a0000, 0x00000000f2857000, 0x0000000100000000)
 Metaspace       used 95733K, capacity 99867K, committed 100352K, reserved 1136640K
  class space    used 11678K, capacity 12444K, committed 12544K, reserved 1048576K
2019-06-25T14:52:12.123+0000: 369552.033: [GC (Allocation Failure) 2019-06-25T14:52:12.123+0000: 369552.033: [ParNew: 9467K->730K(9792K), 0.0032907 secs] 75630K->66897K(128284K), 0.0041060 secs] [Times: user=0.00 sys=0.00, real=0.00 secs] 
Heap after GC invocations=5285 (full 147):
 par new generation   total 9792K, used 730K [0x00000000e1000000, 0x00000000e1aa0000, 0x00000000eb4a0000)
  eden space 8704K,   0% used [0x00000000e1000000, 0x00000000e1000000, 0x00000000e1880000)
  from space 1088K,  67% used [0x00000000e1990000, 0x00000000e1a46998, 0x00000000e1aa0000)
  to   space 1088K,   0% used [0x00000000e1880000, 0x00000000e1880000, 0x00000000e1990000)
 concurrent mark-sweep generation total 118492K, used 66167K [0x00000000eb4a0000, 0x00000000f2857000, 0x0000000100000000)
 Metaspace       used 95733K, capacity 99867K, committed 100352K, reserved 1136640K
  class space    used 11678K, capacity 12444K, committed 12544K, reserved 1048576K
}
2019-06-25T14:52:12.129+0000: 369552.039: Application time: 0.0011709 seconds
2019-06-25T14:52:12.130+0000: 369552.039: Application time: 0.0001469 seconds
2019-06-25T14:52:12.130+0000: 369552.040: Application time: 0.0001514 seconds
2019-06-25T14:52:12.130+0000: 369552.040: Application time: 0.0001330 seconds
2019-06-25T14:52:12.131+0000: 369552.041: Application time: 0.0002087 seconds
2019-06-25T14:53:12.007+0000: 369611.917: Application time: 59.8754867 seconds
2019-06-25T14:53:12.009+0000: 369611.919: Application time: 0.0015669 seconds
2019-06-25T14:53:54.262+0000: 369654.172: Application time: 42.2526074 seconds
{Heap before GC invocations=5285 (full 147):
 par new generation   total 9792K, used 9434K [0x00000000e1000000, 0x00000000e1aa0000, 0x00000000eb4a0000)
  eden space 8704K, 100% used [0x00000000e1000000, 0x00000000e1880000, 0x00000000e1880000)
  from space 1088K,  67% used [0x00000000e1990000, 0x00000000e1a46998, 0x00000000e1aa0000)
  to   space 1088K,   0% used [0x00000000e1880000, 0x00000000e1880000, 0x00000000e1990000)
 concurrent mark-sweep generation total 118492K, used 66167K [0x00000000eb4a0000, 0x00000000f2857000, 0x0000000100000000)
 Metaspace       used 95743K, capacity 99931K, committed 100352K, reserved 1136640K
  class space    used 11678K, capacity 12444K, committed 12544K, reserved 1048576K
2019-06-25T14:53:54.263+0000: 369654.172: [GC (Allocation Failure) 2019-06-25T14:53:54.263+0000: 369654.173: [ParNew: 9434K->719K(9792K), 0.0032411 secs] 75601K->66886K(128284K), 0.0039728 secs] [Times: user=0.01 sys=0.00, real=0.00 secs] 
Heap after GC invocations=5286 (full 147):
 par new generation   total 9792K, used 719K [0x00000000e1000000, 0x00000000e1aa0000, 0x00000000eb4a0000)
  eden space 8704K,   0% used [0x00000000e1000000, 0x00000000e1000000, 0x00000000e1880000)
  from space 1088K,  66% used [0x00000000e1880000, 0x00000000e1933cc8, 0x00000000e1990000)
  to   space 1088K,   0% used [0x00000000e1990000, 0x00000000e1990000, 0x00000000e1aa0000)
 concurrent mark-sweep generation total 118492K, used 66167K [0x00000000eb4a0000, 0x00000000f2857000, 0x0000000100000000)
 Metaspace       used 95743K, capacity 99931K, committed 100352K, reserved 1136640K
  class space    used 11678K, capacity 12444K, committed 12544K, reserved 1048576K
}
2019-06-25T14:54:10.497+0000: 369670.406: Application time: 16.2293320 seconds
2019-06-25T14:55:35.336+0000: 369755.246: Application time: 84.8388980 seconds
{Heap before GC invocations=5286 (full 147):
 par new generation   total 9792K, used 9423K [0x00000000e1000000, 0x00000000e1aa0000, 0x00000000eb4a0000)
  eden space 8704K, 100% used [0x00000000e1000000, 0x00000000e1880000, 0x00000000e1880000)
  from space 1088K,  66% used [0x00000000e1880000, 0x00000000e1933cc8, 0x00000000e1990000)
  to   space 1088K,   0% used [0x00000000e1990000, 0x00000000e1990000, 0x00000000e1aa0000)
 concurrent mark-sweep generation total 118492K, used 66167K [0x00000000eb4a0000, 0x00000000f2857000, 0x0000000100000000)
 Metaspace       used 95743K, capacity 99931K, committed 100352K, reserved 1136640K
  class space    used 11678K, capacity 12444K, committed 12544K, reserved 1048576K
2019-06-25T14:55:35.358+0000: 369755.268: [GC (Allocation Failure) 2019-06-25T14:55:35.358+0000: 369755.268: [ParNew: 9423K->705K(9792K), 0.0032591 secs] 75590K->66897K(128284K), 0.0040568 secs] [Times: user=0.00 sys=0.00, real=0.01 secs] 
Heap after GC invocations=5287 (full 147):
 par new generation   total 9792K, used 705K [0x00000000e1000000, 0x00000000e1aa0000, 0x00000000eb4a0000)
  eden space 8704K,   0% used [0x00000000e1000000, 0x00000000e1000000, 0x00000000e1880000)
  from space 1088K,  64% used [0x00000000e1990000, 0x00000000e1a406b8, 0x00000000e1aa0000)
  to   space 1088K,   0% used [0x00000000e1880000, 0x00000000e1880000, 0x00000000e1990000)
 concurrent mark-sweep generation total 118492K, used 66192K [0x00000000eb4a0000, 0x00000000f2857000, 0x0000000100000000)
 Metaspace       used 95743K, capacity 99931K, committed 100352K, reserved 1136640K
  class space    used 11678K, capacity 12444K, committed 12544K, reserved 1048576K
}
2019-06-25T14:56:40.836+0000: 369820.746: Application time: 65.4728890 seconds
2019-06-25T14:56:40.862+0000: 369820.772: Application time: 0.0262106 seconds
2019-06-25T14:56:42.160+0000: 369822.069: Application time: 1.2970144 seconds
2019-06-25T14:56:42.160+0000: 369822.070: Application time: 0.0000743 seconds
2019-06-25T14:56:42.160+0000: 369822.070: Application time: 0.0000672 seconds
2019-06-25T14:56:42.161+0000: 369822.071: Application time: 0.0001524 seconds
2019-06-25T14:56:42.161+0000: 369822.071: Application time: 0.0001353 seconds
2019-06-25T14:56:42.162+0000: 369822.072: Application time: 0.0010248 seconds
2019-06-25T14:56:48.427+0000: 369828.337: Application time: 6.2643968 seconds
{Heap before GC invocations=5287 (full 147):
 par new generation   total 9792K, used 9409K [0x00000000e1000000, 0x00000000e1aa0000, 0x00000000eb4a0000)
  eden space 8704K, 100% used [0x00000000e1000000, 0x00000000e1880000, 0x00000000e1880000)
  from space 1088K,  64% used [0x00000000e1990000, 0x00000000e1a406b8, 0x00000000e1aa0000)
  to   space 1088K,   0% used [0x00000000e1880000, 0x00000000e1880000, 0x00000000e1990000)
 concurrent mark-sweep generation total 118492K, used 66192K [0x00000000eb4a0000, 0x00000000f2857000, 0x0000000100000000)
 Metaspace       used 95743K, capacity 99931K, committed 100352K, reserved 1136640K
  class space    used 11678K, capacity 12444K, committed 12544K, reserved 1048576K
2019-06-25T14:56:48.428+0000: 369828.338: [GC (Allocation Failure) 2019-06-25T14:56:48.429+0000: 369828.339: [ParNew: 9409K->1032K(9792K), 0.0189224 secs] 75601K->67238K(128284K), 0.0205591 secs] [Times: user=0.03 sys=0.01, real=0.02 secs] 
Heap after GC invocations=5288 (full 147):
 par new generation   total 9792K, used 1032K [0x00000000e1000000, 0x00000000e1aa0000, 0x00000000eb4a0000)
  eden space 8704K,   0% used [0x00000000e1000000, 0x00000000e1000000, 0x00000000e1880000)
  from space 1088K,  94% used [0x00000000e1880000, 0x00000000e1982288, 0x00000000e1990000)
  to   space 1088K,   0% used [0x00000000e1990000, 0x00000000e1990000, 0x00000000e1aa0000)
 concurrent mark-sweep generation total 118492K, used 66205K [0x00000000eb4a0000, 0x00000000f2857000, 0x0000000100000000)
 Metaspace       used 95743K, capacity 99931K, committed 100352K, reserved 1136640K
  class space    used 11678K, capacity 12444K, committed 12544K, reserved 1048576K
}
2019-06-25T14:57:04.453+0000: 369844.363: Application time: 16.0024022 seconds
2019-06-25T14:57:04.469+0000: 369844.379: Application time: 0.0155851 seconds
2019-06-25T14:57:04.469+0000: 369844.379: Application time: 0.0001429 seconds
2019-06-25T14:57:04.469+0000: 369844.379: Application time: 0.0000654 seconds
2019-06-25T14:57:04.470+0000: 369844.380: Application time: 0.0000662 seconds
2019-06-25T14:57:04.470+0000: 369844.380: Application time: 0.0001599 seconds
2019-06-25T14:57:06.977+0000: 369846.887: Application time: 2.5065033 seconds
2019-06-25T14:57:07.447+0000: 369847.357: Application time: 0.4693340 seconds
2019-06-25T14:57:07.447+0000: 369847.357: Application time: 0.0000773 seconds
2019-06-25T14:57:07.447+0000: 369847.357: Application time: 0.0000631 seconds
2019-06-25T14:57:07.448+0000: 369847.357: Application time: 0.0000662 seconds
2019-06-25T14:57:07.473+0000: 369847.383: Application time: 0.0251604 seconds
2019-06-25T14:57:07.473+0000: 369847.383: Application time: 0.0001634 seconds
2019-06-25T14:57:07.474+0000: 369847.384: Application time: 0.0001202 seconds
2019-06-25T14:57:07.474+0000: 369847.384: Application time: 0.0001243 seconds
2019-06-25T14:57:07.474+0000: 369847.384: Application time: 0.0002013 seconds
2019-06-25T14:57:11.978+0000: 369851.888: Application time: 4.5036680 seconds
2019-06-25T14:57:12.004+0000: 369851.914: Application time: 0.0260463 seconds
2019-06-25T14:57:12.164+0000: 369852.074: Application time: 0.1595229 seconds
2019-06-25T14:57:12.166+0000: 369852.076: Application time: 0.0015801 seconds
2019-06-25T14:57:41.519+0000: 369881.429: Application time: 29.3529195 seconds
{Heap before GC invocations=5288 (full 147):
 par new generation   total 9792K, used 9736K [0x00000000e1000000, 0x00000000e1aa0000, 0x00000000eb4a0000)
  eden space 8704K, 100% used [0x00000000e1000000, 0x00000000e1880000, 0x00000000e1880000)
  from space 1088K,  94% used [0x00000000e1880000, 0x00000000e1982288, 0x00000000e1990000)
  to   space 1088K,   0% used [0x00000000e1990000, 0x00000000e1990000, 0x00000000e1aa0000)
 concurrent mark-sweep generation total 118492K, used 66205K [0x00000000eb4a0000, 0x00000000f2857000, 0x0000000100000000)
 Metaspace       used 95750K, capacity 99943K, committed 100352K, reserved 1136640K
  class space    used 11679K, capacity 12446K, committed 12544K, reserved 1048576K
2019-06-25T14:57:41.520+0000: 369881.430: [GC (Allocation Failure) 2019-06-25T14:57:41.521+0000: 369881.430: [ParNew: 9736K->1088K(9792K), 0.0234725 secs] 75942K->67452K(128284K), 0.0249088 secs] [Times: user=0.04 sys=0.00, real=0.02 secs] 
Heap after GC invocations=5289 (full 147):
 par new generation   total 9792K, used 1088K [0x00000000e1000000, 0x00000000e1aa0000, 0x00000000eb4a0000)
  eden space 8704K,   0% used [0x00000000e1000000, 0x00000000e1000000, 0x00000000e1880000)
  from space 1088K, 100% used [0x00000000e1990000, 0x00000000e1aa0000, 0x00000000e1aa0000)
  to   space 1088K,   0% used [0x00000000e1880000, 0x00000000e1880000, 0x00000000e1990000)
 concurrent mark-sweep generation total 118492K, used 66364K [0x00000000eb4a0000, 0x00000000f2857000, 0x0000000100000000)
 Metaspace       used 95750K, capacity 99943K, committed 100352K, reserved 1136640K
  class space    used 11679K, capacity 12446K, committed 12544K, reserved 1048576K
}
2019-06-25T14:57:44.487+0000: 369884.397: Application time: 2.9416698 seconds
2019-06-25T14:57:44.487+0000: 369884.397: Application time: 0.0000706 seconds
2019-06-25T14:57:44.488+0000: 369884.397: Application time: 0.0000651 seconds
2019-06-25T14:57:44.488+0000: 369884.398: Application time: 0.0000591 seconds
2019-06-25T14:57:44.489+0000: 369884.398: Application time: 0.0000675 seconds
2019-06-25T14:57:44.508+0000: 369884.418: Application time: 0.0197548 seconds
2019-06-25T14:57:44.509+0000: 369884.419: Application time: 0.0004168 seconds
2019-06-25T14:57:44.509+0000: 369884.419: Application time: 0.0000689 seconds
2019-06-25T14:57:44.510+0000: 369884.419: Application time: 0.0001492 seconds
2019-06-25T14:57:48.534+0000: 369888.444: Application time: 4.0242545 seconds
2019-06-25T14:57:48.559+0000: 369888.469: Application time: 0.0245562 seconds
2019-06-25T14:58:09.787+0000: 369909.697: Application time: 21.2277935 seconds
2019-06-25T14:58:09.956+0000: 369909.866: Application time: 0.1684328 seconds
2019-06-25T14:58:09.957+0000: 369909.866: Application time: 0.0000760 seconds
2019-06-25T14:58:09.957+0000: 369909.867: Application time: 0.0000660 seconds
2019-06-25T14:58:09.957+0000: 369909.867: Application time: 0.0000547 seconds
2019-06-25T14:58:09.957+0000: 369909.867: Application time: 0.0000650 seconds
2019-06-25T14:58:09.958+0000: 369909.868: Application time: 0.0006210 seconds
2019-06-25T14:58:10.187+0000: 369910.097: Application time: 0.2281948 seconds
2019-06-25T14:58:10.187+0000: 369910.097: Application time: 0.0000713 seconds
2019-06-25T14:58:10.187+0000: 369910.097: Application time: 0.0000657 seconds
2019-06-25T14:58:10.188+0000: 369910.097: Application time: 0.0000603 seconds
2019-06-25T14:58:10.188+0000: 369910.098: Application time: 0.0000589 seconds
2019-06-25T14:58:10.188+0000: 369910.098: Application time: 0.0000824 seconds
2019-06-25T14:58:10.188+0000: 369910.098: Application time: 0.0003371 seconds
2019-06-25T14:58:11.518+0000: 369911.428: Application time: 1.3294620 seconds
2019-06-25T14:58:12.173+0000: 369912.082: Application time: 0.6542700 seconds
2019-06-25T14:58:14.788+0000: 369914.698: Application time: 2.6152553 seconds
2019-06-25T14:58:14.812+0000: 369914.722: Application time: 0.0235157 seconds
2019-06-25T14:58:28.600+0000: 369928.510: Application time: 13.7880227 seconds
{Heap before GC invocations=5289 (full 147):
 par new generation   total 9792K, used 9792K [0x00000000e1000000, 0x00000000e1aa0000, 0x00000000eb4a0000)
  eden space 8704K, 100% used [0x00000000e1000000, 0x00000000e1880000, 0x00000000e1880000)
  from space 1088K, 100% used [0x00000000e1990000, 0x00000000e1aa0000, 0x00000000e1aa0000)
  to   space 1088K,   0% used [0x00000000e1880000, 0x00000000e1880000, 0x00000000e1990000)
 concurrent mark-sweep generation total 118492K, used 66364K [0x00000000eb4a0000, 0x00000000f2857000, 0x0000000100000000)
 Metaspace       used 95750K, capacity 99943K, committed 100352K, reserved 1136640K
  class space    used 11679K, capacity 12446K, committed 12544K, reserved 1048576K
2019-06-25T14:58:28.601+0000: 369928.511: [GC (Allocation Failure) 2019-06-25T14:58:28.602+0000: 369928.511: [ParNew: 9792K->996K(9792K), 0.0048616 secs] 76156K->67541K(128284K), 0.0058491 secs] [Times: user=0.01 sys=0.00, real=0.00 secs] 
Heap after GC invocations=5290 (full 147):
 par new generation   total 9792K, used 996K [0x00000000e1000000, 0x00000000e1aa0000, 0x00000000eb4a0000)
  eden space 8704K,   0% used [0x00000000e1000000, 0x00000000e1000000, 0x00000000e1880000)
  from space 1088K,  91% used [0x00000000e1880000, 0x00000000e1979188, 0x00000000e1990000)
  to   space 1088K,   0% used [0x00000000e1990000, 0x00000000e1990000, 0x00000000e1aa0000)
 concurrent mark-sweep generation total 118492K, used 66544K [0x00000000eb4a0000, 0x00000000f2857000, 0x0000000100000000)
 Metaspace       used 95750K, capacity 99943K, committed 100352K, reserved 1136640K
  class space    used 11679K, capacity 12446K, committed 12544K, reserved 1048576K
}
2019-06-25T14:58:30.541+0000: 369930.451: Application time: 1.9327572 seconds
2019-06-25T14:58:30.541+0000: 369930.451: Application time: 0.0000726 seconds
2019-06-25T14:58:30.553+0000: 369930.463: Application time: 0.0120664 seconds
2019-06-25T14:58:30.554+0000: 369930.464: Application time: 0.0000730 seconds
2019-06-25T14:58:30.554+0000: 369930.464: Application time: 0.0000942 seconds
2019-06-25T14:58:30.555+0000: 369930.464: Application time: 0.0000615 seconds
2019-06-25T14:58:30.555+0000: 369930.465: Application time: 0.0000901 seconds
2019-06-25T14:58:30.555+0000: 369930.465: Application time: 0.0000729 seconds
2019-06-25T14:58:30.555+0000: 369930.465: Application time: 0.0001411 seconds
2019-06-25T14:58:35.432+0000: 369935.341: Application time: 4.8760393 seconds
2019-06-25T14:58:35.456+0000: 369935.366: Application time: 0.0243952 seconds
2019-06-25T14:58:42.175+0000: 369942.085: Application time: 6.7183143 seconds
2019-06-25T14:59:05.540+0000: 369965.450: Application time: 23.3651641 seconds
2019-06-25T14:59:10.028+0000: 369969.937: Application time: 4.4870317 seconds
2019-06-25T14:59:24.297+0000: 369984.207: Application time: 14.2695583 seconds
2019-06-25T14:59:35.611+0000: 369995.521: Application time: 11.3135973 seconds
2019-06-25T14:59:35.612+0000: 369995.521: Application time: 0.0000679 seconds
2019-06-25T14:59:35.612+0000: 369995.522: Application time: 0.0005120 seconds
2019-06-25T14:59:35.613+0000: 369995.523: Application time: 0.0001369 seconds
2019-06-25T14:59:35.613+0000: 369995.523: Application time: 0.0001286 seconds
2019-06-25T14:59:46.963+0000: 370006.872: Application time: 11.3495139 seconds
{Heap before GC invocations=5290 (full 147):
 par new generation   total 9792K, used 9700K [0x00000000e1000000, 0x00000000e1aa0000, 0x00000000eb4a0000)
  eden space 8704K, 100% used [0x00000000e1000000, 0x00000000e1880000, 0x00000000e1880000)
  from space 1088K,  91% used [0x00000000e1880000, 0x00000000e1979188, 0x00000000e1990000)
  to   space 1088K,   0% used [0x00000000e1990000, 0x00000000e1990000, 0x00000000e1aa0000)
 concurrent mark-sweep generation total 118492K, used 66544K [0x00000000eb4a0000, 0x00000000f2857000, 0x0000000100000000)
 Metaspace       used 95750K, capacity 99943K, committed 100352K, reserved 1136640K
  class space    used 11679K, capacity 12446K, committed 12544K, reserved 1048576K
2019-06-25T14:59:46.963+0000: 370006.873: [GC (Allocation Failure) 2019-06-25T14:59:46.964+0000: 370006.873: [ParNew: 9700K->864K(9792K), 0.0037368 secs] 76245K->67579K(128284K), 0.0048682 secs] [Times: user=0.01 sys=0.00, real=0.00 secs] 
Heap after GC invocations=5291 (full 147):
 par new generation   total 9792K, used 864K [0x00000000e1000000, 0x00000000e1aa0000, 0x00000000eb4a0000)
  eden space 8704K,   0% used [0x00000000e1000000, 0x00000000e1000000, 0x00000000e1880000)
  from space 1088K,  79% used [0x00000000e1990000, 0x00000000e1a68368, 0x00000000e1aa0000)
  to   space 1088K,   0% used [0x00000000e1880000, 0x00000000e1880000, 0x00000000e1990000)
 concurrent mark-sweep generation total 118492K, used 66714K [0x00000000eb4a0000, 0x00000000f2857000, 0x0000000100000000)
 Metaspace       used 95750K, capacity 99943K, committed 100352K, reserved 1136640K
  class space    used 11679K, capacity 12446K, committed 12544K, reserved 1048576K
}
2019-06-25T14:59:59.056+0000: 370018.966: Application time: 12.0876202 seconds
2019-06-25T14:59:59.057+0000: 370018.966: Application time: 0.0001487 seconds
2019-06-25T14:59:59.057+0000: 370018.967: Application time: 0.0002159 seconds
2019-06-25T14:59:59.057+0000: 370018.967: Application time: 0.0001853 seconds
2019-06-25T14:59:59.062+0000: 370018.971: Application time: 0.0000804 seconds
2019-06-25T14:59:59.636+0000: 370019.546: Application time: 0.5740694 seconds
2019-06-25T14:59:59.636+0000: 370019.546: Application time: 0.0000780 seconds
2019-06-25T14:59:59.637+0000: 370019.546: Application time: 0.0000624 seconds
2019-06-25T14:59:59.637+0000: 370019.547: Application time: 0.0002857 seconds
2019-06-25T14:59:59.637+0000: 370019.547: Application time: 0.0001318 seconds
2019-06-25T15:00:04.062+0000: 370023.972: Application time: 4.4249626 seconds
2019-06-25T15:00:04.636+0000: 370024.546: Application time: 0.5733587 seconds
2019-06-25T15:00:09.961+0000: 370029.871: Application time: 5.3245493 seconds
2019-06-25T15:00:09.961+0000: 370029.871: Application time: 0.0002087 seconds
2019-06-25T15:00:09.962+0000: 370029.872: Application time: 0.0001655 seconds
2019-06-25T15:00:09.962+0000: 370029.872: Application time: 0.0001724 seconds
2019-06-25T15:00:10.194+0000: 370030.104: Application time: 0.2319409 seconds
2019-06-25T15:00:12.185+0000: 370032.095: Application time: 1.9910361 seconds
2019-06-25T15:00:39.672+0000: 370059.582: Application time: 27.4862292 seconds
{Heap before GC invocations=5291 (full 147):
 par new generation   total 9792K, used 9568K [0x00000000e1000000, 0x00000000e1aa0000, 0x00000000eb4a0000)
  eden space 8704K, 100% used [0x00000000e1000000, 0x00000000e1880000, 0x00000000e1880000)
  from space 1088K,  79% used [0x00000000e1990000, 0x00000000e1a68368, 0x00000000e1aa0000)
  to   space 1088K,   0% used [0x00000000e1880000, 0x00000000e1880000, 0x00000000e1990000)
 concurrent mark-sweep generation total 118492K, used 66714K [0x00000000eb4a0000, 0x00000000f2857000, 0x0000000100000000)
 Metaspace       used 95772K, capacity 99979K, committed 100352K, reserved 1136640K
  class space    used 11682K, capacity 12452K, committed 12544K, reserved 1048576K
2019-06-25T15:00:39.672+0000: 370059.582: [GC (Allocation Failure) 2019-06-25T15:00:39.673+0000: 370059.583: [ParNew: 9568K->855K(9792K), 0.0039256 secs] 76283K->67808K(128284K), 0.0051066 secs] [Times: user=0.00 sys=0.01, real=0.00 secs] 
Heap after GC invocations=5292 (full 147):
 par new generation   total 9792K, used 855K [0x00000000e1000000, 0x00000000e1aa0000, 0x00000000eb4a0000)
  eden space 8704K,   0% used [0x00000000e1000000, 0x00000000e1000000, 0x00000000e1880000)
  from space 1088K,  78% used [0x00000000e1880000, 0x00000000e1955e18, 0x00000000e1990000)
  to   space 1088K,   0% used [0x00000000e1990000, 0x00000000e1990000, 0x00000000e1aa0000)
 concurrent mark-sweep generation total 118492K, used 66952K [0x00000000eb4a0000, 0x00000000f2857000, 0x0000000100000000)
 Metaspace       used 95772K, capacity 99979K, committed 100352K, reserved 1136640K
  class space    used 11682K, capacity 12452K, committed 12544K, reserved 1048576K
}
2019-06-25T15:01:38.687+0000: 370118.597: Application time: 59.0083839 seconds
2019-06-25T15:01:38.733+0000: 370118.643: Application time: 0.0461116 seconds
2019-06-25T15:01:38.734+0000: 370118.643: Application time: 0.0000683 seconds
2019-06-25T15:01:38.734+0000: 370118.644: Application time: 0.0000622 seconds
2019-06-25T15:01:38.735+0000: 370118.644: Application time: 0.0000705 seconds
2019-06-25T15:01:38.735+0000: 370118.645: Application time: 0.0000983 seconds
2019-06-25T15:01:38.735+0000: 370118.645: Application time: 0.0000902 seconds
2019-06-25T15:01:42.195+0000: 370122.105: Application time: 3.4598025 seconds
2019-06-25T15:01:42.196+0000: 370122.105: Application time: 0.0000769 seconds
2019-06-25T15:01:42.196+0000: 370122.106: Application time: 0.0000602 seconds
2019-06-25T15:01:42.196+0000: 370122.106: Application time: 0.0000641 seconds
2019-06-25T15:01:42.830+0000: 370122.739: Application time: 0.6335035 seconds
2019-06-25T15:01:42.855+0000: 370122.764: Application time: 0.0247950 seconds
2019-06-25T15:01:54.521+0000: 370134.431: Application time: 11.6659412 seconds
{Heap before GC invocations=5292 (full 147):
 par new generation   total 9792K, used 9559K [0x00000000e1000000, 0x00000000e1aa0000, 0x00000000eb4a0000)
  eden space 8704K, 100% used [0x00000000e1000000, 0x00000000e1880000, 0x00000000e1880000)
  from space 1088K,  78% used [0x00000000e1880000, 0x00000000e1955e18, 0x00000000e1990000)
  to   space 1088K,   0% used [0x00000000e1990000, 0x00000000e1990000, 0x00000000e1aa0000)
 concurrent mark-sweep generation total 118492K, used 66952K [0x00000000eb4a0000, 0x00000000f2857000, 0x0000000100000000)
 Metaspace       used 95772K, capacity 99979K, committed 100352K, reserved 1136640K
  class space    used 11682K, capacity 12452K, committed 12544K, reserved 1048576K
2019-06-25T15:01:54.522+0000: 370134.431: [GC (Allocation Failure) 2019-06-25T15:01:54.522+0000: 370134.432: [ParNew: 9559K->738K(9792K), 0.0035127 secs] 76512K->67942K(128284K), 0.0043311 secs] [Times: user=0.01 sys=0.00, real=0.00 secs] 
Heap after GC invocations=5293 (full 147):
 par new generation   total 9792K, used 738K [0x00000000e1000000, 0x00000000e1aa0000, 0x00000000eb4a0000)
  eden space 8704K,   0% used [0x00000000e1000000, 0x00000000e1000000, 0x00000000e1880000)
  from space 1088K,  67% used [0x00000000e1990000, 0x00000000e1a48a40, 0x00000000e1aa0000)
  to   space 1088K,   0% used [0x00000000e1880000, 0x00000000e1880000, 0x00000000e1990000)
 concurrent mark-sweep generation total 118492K, used 67203K [0x00000000eb4a0000, 0x00000000f2857000, 0x0000000100000000)
 Metaspace       used 95772K, capacity 99979K, committed 100352K, reserved 1136640K
  class space    used 11682K, capacity 12452K, committed 12544K, reserved 1048576K
}
2019-06-25T15:02:10.200+0000: 370150.109: Application time: 15.6727729 seconds
2019-06-25T15:03:34.089+0000: 370233.999: Application time: 83.8894340 seconds
{Heap before GC invocations=5293 (full 147):
 par new generation   total 9792K, used 9442K [0x00000000e1000000, 0x00000000e1aa0000, 0x00000000eb4a0000)
  eden space 8704K, 100% used [0x00000000e1000000, 0x00000000e1880000, 0x00000000e1880000)
  from space 1088K,  67% used [0x00000000e1990000, 0x00000000e1a48a40, 0x00000000e1aa0000)
  to   space 1088K,   0% used [0x00000000e1880000, 0x00000000e1880000, 0x00000000e1990000)
 concurrent mark-sweep generation total 118492K, used 67203K [0x00000000eb4a0000, 0x00000000f2857000, 0x0000000100000000)
 Metaspace       used 95772K, capacity 99979K, committed 100352K, reserved 1136640K
  class space    used 11682K, capacity 12452K, committed 12544K, reserved 1048576K
2019-06-25T15:03:34.090+0000: 370234.000: [GC (Allocation Failure) 2019-06-25T15:03:34.091+0000: 370234.001: [ParNew: 9442K->1031K(9792K), 0.0036191 secs] 76646K->68394K(128284K), 0.0045399 secs] [Times: user=0.01 sys=0.00, real=0.00 secs] 
Heap after GC invocations=5294 (full 147):
 par new generation   total 9792K, used 1031K [0x00000000e1000000, 0x00000000e1aa0000, 0x00000000eb4a0000)
  eden space 8704K,   0% used [0x00000000e1000000, 0x00000000e1000000, 0x00000000e1880000)
  from space 1088K,  94% used [0x00000000e1880000, 0x00000000e1981f28, 0x00000000e1990000)
  to   space 1088K,   0% used [0x00000000e1990000, 0x00000000e1990000, 0x00000000e1aa0000)
 concurrent mark-sweep generation total 118492K, used 67362K [0x00000000eb4a0000, 0x00000000f2857000, 0x0000000100000000)
 Metaspace       used 95772K, capacity 99979K, committed 100352K, reserved 1136640K
  class space    used 11682K, capacity 12452K, committed 12544K, reserved 1048576K
}
2019-06-25T15:04:10.062+0000: 370269.972: Application time: 35.9665178 seconds
2019-06-25T15:04:13.313+0000: 370273.223: Application time: 3.2505427 seconds
2019-06-25T15:04:13.868+0000: 370273.778: Application time: 0.5507378 seconds
2019-06-25T15:04:13.869+0000: 370273.778: Application time: 0.0000743 seconds
2019-06-25T15:04:13.869+0000: 370273.779: Application time: 0.0000793 seconds
2019-06-25T15:04:13.870+0000: 370273.780: Application time: 0.0000704 seconds
2019-06-25T15:04:13.870+0000: 370273.780: Application time: 0.0002499 seconds
2019-06-25T15:04:13.871+0000: 370273.780: Application time: 0.0000539 seconds
2019-06-25T15:04:18.318+0000: 370278.228: Application time: 4.4473554 seconds
2019-06-25T15:04:18.343+0000: 370278.253: Application time: 0.0244296 seconds
2019-06-25T15:04:42.215+0000: 370302.125: Application time: 23.8717714 seconds
2019-06-25T15:04:42.215+0000: 370302.125: Application time: 0.0000758 seconds
2019-06-25T15:04:42.215+0000: 370302.125: Application time: 0.0000608 seconds
2019-06-25T15:04:42.216+0000: 370302.125: Application time: 0.0000724 seconds
2019-06-25T15:04:42.217+0000: 370302.127: Application time: 0.0011413 seconds
2019-06-25T15:04:49.903+0000: 370309.812: Application time: 7.6852001 seconds
{Heap before GC invocations=5294 (full 147):
 par new generation   total 9792K, used 9735K [0x00000000e1000000, 0x00000000e1aa0000, 0x00000000eb4a0000)
  eden space 8704K, 100% used [0x00000000e1000000, 0x00000000e1880000, 0x00000000e1880000)
  from space 1088K,  94% used [0x00000000e1880000, 0x00000000e1981f28, 0x00000000e1990000)
  to   space 1088K,   0% used [0x00000000e1990000, 0x00000000e1990000, 0x00000000e1aa0000)
 concurrent mark-sweep generation total 118492K, used 67362K [0x00000000eb4a0000, 0x00000000f2857000, 0x0000000100000000)
 Metaspace       used 95772K, capacity 99979K, committed 100352K, reserved 1136640K
  class space    used 11682K, capacity 12452K, committed 12544K, reserved 1048576K
2019-06-25T15:04:49.903+0000: 370309.813: [GC (Allocation Failure) 2019-06-25T15:04:49.903+0000: 370309.813: [ParNew: 9735K->623K(9792K), 0.0035475 secs] 77098K->68225K(128284K), 0.0042081 secs] [Times: user=0.00 sys=0.01, real=0.00 secs] 
Heap after GC invocations=5295 (full 147):
 par new generation   total 9792K, used 623K [0x00000000e1000000, 0x00000000e1aa0000, 0x00000000eb4a0000)
  eden space 8704K,   0% used [0x00000000e1000000, 0x00000000e1000000, 0x00000000e1880000)
  from space 1088K,  57% used [0x00000000e1990000, 0x00000000e1a2bc80, 0x00000000e1aa0000)
  to   space 1088K,   0% used [0x00000000e1880000, 0x00000000e1880000, 0x00000000e1990000)
 concurrent mark-sweep generation total 118492K, used 67602K [0x00000000eb4a0000, 0x00000000f2857000, 0x0000000100000000)
 Metaspace       used 95772K, capacity 99979K, committed 100352K, reserved 1136640K
  class space    used 11682K, capacity 12452K, committed 12544K, reserved 1048576K
}
2019-06-25T15:05:05.540+0000: 370325.450: Application time: 15.6319017 seconds
2019-06-25T15:05:11.585+0000: 370331.495: Application time: 6.0446117 seconds
2019-06-25T15:05:11.587+0000: 370331.497: Application time: 0.0017476 seconds
2019-06-25T15:06:29.511+0000: 370409.421: Application time: 77.9235674 seconds
{Heap before GC invocations=5295 (full 147):
 par new generation   total 9792K, used 9327K [0x00000000e1000000, 0x00000000e1aa0000, 0x00000000eb4a0000)
  eden space 8704K, 100% used [0x00000000e1000000, 0x00000000e1880000, 0x00000000e1880000)
  from space 1088K,  57% used [0x00000000e1990000, 0x00000000e1a2bc80, 0x00000000e1aa0000)
  to   space 1088K,   0% used [0x00000000e1880000, 0x00000000e1880000, 0x00000000e1990000)
 concurrent mark-sweep generation total 118492K, used 67602K [0x00000000eb4a0000, 0x00000000f2857000, 0x0000000100000000)
 Metaspace       used 95772K, capacity 99979K, committed 100352K, reserved 1136640K
  class space    used 11682K, capacity 12452K, committed 12544K, reserved 1048576K
2019-06-25T15:06:29.512+0000: 370409.421: [GC (Allocation Failure) 2019-06-25T15:06:29.512+0000: 370409.422: [ParNew: 9327K->702K(9792K), 0.0031338 secs] 76929K->68304K(128284K), 0.0038732 secs] [Times: user=0.01 sys=0.00, real=0.00 secs] 
Heap after GC invocations=5296 (full 147):
 par new generation   total 9792K, used 702K [0x00000000e1000000, 0x00000000e1aa0000, 0x00000000eb4a0000)
  eden space 8704K,   0% used [0x00000000e1000000, 0x00000000e1000000, 0x00000000e1880000)
  from space 1088K,  64% used [0x00000000e1880000, 0x00000000e192f838, 0x00000000e1990000)
  to   space 1088K,   0% used [0x00000000e1990000, 0x00000000e1990000, 0x00000000e1aa0000)
 concurrent mark-sweep generation total 118492K, used 67602K [0x00000000eb4a0000, 0x00000000f2857000, 0x0000000100000000)
 Metaspace       used 95772K, capacity 99979K, committed 100352K, reserved 1136640K
  class space    used 11682K, capacity 12452K, committed 12544K, reserved 1048576K
}
2019-06-25T15:08:11.516+0000: 370511.426: Application time: 102.0001760 seconds
{Heap before GC invocations=5296 (full 147):
 par new generation   total 9792K, used 9406K [0x00000000e1000000, 0x00000000e1aa0000, 0x00000000eb4a0000)
  eden space 8704K, 100% used [0x00000000e1000000, 0x00000000e1880000, 0x00000000e1880000)
  from space 1088K,  64% used [0x00000000e1880000, 0x00000000e192f838, 0x00000000e1990000)
  to   space 1088K,   0% used [0x00000000e1990000, 0x00000000e1990000, 0x00000000e1aa0000)
 concurrent mark-sweep generation total 118492K, used 67602K [0x00000000eb4a0000, 0x00000000f2857000, 0x0000000100000000)
 Metaspace       used 95772K, capacity 99979K, committed 100352K, reserved 1136640K
  class space    used 11682K, capacity 12452K, committed 12544K, reserved 1048576K
2019-06-25T15:08:11.517+0000: 370511.427: [GC (Allocation Failure) 2019-06-25T15:08:11.517+0000: 370511.427: [ParNew: 9406K->729K(9792K), 0.0035651 secs] 77008K->68491K(128284K), 0.0043608 secs] [Times: user=0.00 sys=0.00, real=0.01 secs] 
Heap after GC invocations=5297 (full 147):
 par new generation   total 9792K, used 729K [0x00000000e1000000, 0x00000000e1aa0000, 0x00000000eb4a0000)
  eden space 8704K,   0% used [0x00000000e1000000, 0x00000000e1000000, 0x00000000e1880000)
  from space 1088K,  67% used [0x00000000e1990000, 0x00000000e1a464a0, 0x00000000e1aa0000)
  to   space 1088K,   0% used [0x00000000e1880000, 0x00000000e1880000, 0x00000000e1990000)
 concurrent mark-sweep generation total 118492K, used 67762K [0x00000000eb4a0000, 0x00000000f2857000, 0x0000000100000000)
 Metaspace       used 95772K, capacity 99979K, committed 100352K, reserved 1136640K
  class space    used 11682K, capacity 12452K, committed 12544K, reserved 1048576K
}
2019-06-25T15:09:10.088+0000: 370569.998: Application time: 58.5664024 seconds
2019-06-25T15:09:53.905+0000: 370613.815: Application time: 43.8160840 seconds
{Heap before GC invocations=5297 (full 147):
 par new generation   total 9792K, used 9433K [0x00000000e1000000, 0x00000000e1aa0000, 0x00000000eb4a0000)
  eden space 8704K, 100% used [0x00000000e1000000, 0x00000000e1880000, 0x00000000e1880000)
  from space 1088K,  67% used [0x00000000e1990000, 0x00000000e1a464a0, 0x00000000e1aa0000)
  to   space 1088K,   0% used [0x00000000e1880000, 0x00000000e1880000, 0x00000000e1990000)
 concurrent mark-sweep generation total 118492K, used 67762K [0x00000000eb4a0000, 0x00000000f2857000, 0x0000000100000000)
 Metaspace       used 95772K, capacity 99979K, committed 100352K, reserved 1136640K
  class space    used 11682K, capacity 12452K, committed 12544K, reserved 1048576K
2019-06-25T15:09:53.906+0000: 370613.815: [GC (Allocation Failure) 2019-06-25T15:09:53.906+0000: 370613.816: [ParNew: 9433K->593K(9792K), 0.0032153 secs] 77195K->68434K(128284K), 0.0041365 secs] [Times: user=0.01 sys=0.00, real=0.01 secs] 
Heap after GC invocations=5298 (full 147):
 par new generation   total 9792K, used 593K [0x00000000e1000000, 0x00000000e1aa0000, 0x00000000eb4a0000)
  eden space 8704K,   0% used [0x00000000e1000000, 0x00000000e1000000, 0x00000000e1880000)
  from space 1088K,  54% used [0x00000000e1880000, 0x00000000e1914490, 0x00000000e1990000)
  to   space 1088K,   0% used [0x00000000e1990000, 0x00000000e1990000, 0x00000000e1aa0000)
 concurrent mark-sweep generation total 118492K, used 67841K [0x00000000eb4a0000, 0x00000000f2857000, 0x0000000100000000)
 Metaspace       used 95772K, capacity 99979K, committed 100352K, reserved 1136640K
  class space    used 11682K, capacity 12452K, committed 12544K, reserved 1048576K
}
2019-06-25T15:11:31.570+0000: 370711.479: Application time: 97.6589954 seconds
{Heap before GC invocations=5298 (full 147):
 par new generation   total 9792K, used 9297K [0x00000000e1000000, 0x00000000e1aa0000, 0x00000000eb4a0000)
  eden space 8704K, 100% used [0x00000000e1000000, 0x00000000e1880000, 0x00000000e1880000)
  from space 1088K,  54% used [0x00000000e1880000, 0x00000000e1914490, 0x00000000e1990000)
  to   space 1088K,   0% used [0x00000000e1990000, 0x00000000e1990000, 0x00000000e1aa0000)
 concurrent mark-sweep generation total 118492K, used 67841K [0x00000000eb4a0000, 0x00000000f2857000, 0x0000000100000000)
 Metaspace       used 95772K, capacity 99979K, committed 100352K, reserved 1136640K
  class space    used 11682K, capacity 12452K, committed 12544K, reserved 1048576K
2019-06-25T15:11:31.571+0000: 370711.480: [GC (Allocation Failure) 2019-06-25T15:11:31.571+0000: 370711.481: [ParNew: 9297K->806K(9792K), 0.0033301 secs] 77138K->68648K(128284K), 0.0041758 secs] [Times: user=0.00 sys=0.01, real=0.00 secs] 
Heap after GC invocations=5299 (full 147):
 par new generation   total 9792K, used 806K [0x00000000e1000000, 0x00000000e1aa0000, 0x00000000eb4a0000)
  eden space 8704K,   0% used [0x00000000e1000000, 0x00000000e1000000, 0x00000000e1880000)
  from space 1088K,  74% used [0x00000000e1990000, 0x00000000e1a59b08, 0x00000000e1aa0000)
  to   space 1088K,   0% used [0x00000000e1880000, 0x00000000e1880000, 0x00000000e1990000)
 concurrent mark-sweep generation total 118492K, used 67841K [0x00000000eb4a0000, 0x00000000f2857000, 0x0000000100000000)
 Metaspace       used 95772K, capacity 99979K, committed 100352K, reserved 1136640K
  class space    used 11682K, capacity 12452K, committed 12544K, reserved 1048576K
}
2019-06-25T15:13:11.630+0000: 370811.540: Application time: 100.0544548 seconds
{Heap before GC invocations=5299 (full 147):
 par new generation   total 9792K, used 9510K [0x00000000e1000000, 0x00000000e1aa0000, 0x00000000eb4a0000)
  eden space 8704K, 100% used [0x00000000e1000000, 0x00000000e1880000, 0x00000000e1880000)
  from space 1088K,  74% used [0x00000000e1990000, 0x00000000e1a59b08, 0x00000000e1aa0000)
  to   space 1088K,   0% used [0x00000000e1880000, 0x00000000e1880000, 0x00000000e1990000)
 concurrent mark-sweep generation total 118492K, used 67841K [0x00000000eb4a0000, 0x00000000f2857000, 0x0000000100000000)
 Metaspace       used 95772K, capacity 99979K, committed 100352K, reserved 1136640K
  class space    used 11682K, capacity 12452K, committed 12544K, reserved 1048576K
2019-06-25T15:13:11.631+0000: 370811.540: [GC (Allocation Failure) 2019-06-25T15:13:11.631+0000: 370811.541: [ParNew: 9510K->778K(9792K), 0.0087355 secs] 77352K->68720K(128284K), 0.0095248 secs] [Times: user=0.02 sys=0.00, real=0.01 secs] 
Heap after GC invocations=5300 (full 147):
 par new generation   total 9792K, used 778K [0x00000000e1000000, 0x00000000e1aa0000, 0x00000000eb4a0000)
  eden space 8704K,   0% used [0x00000000e1000000, 0x00000000e1000000, 0x00000000e1880000)
  from space 1088K,  71% used [0x00000000e1880000, 0x00000000e19429a0, 0x00000000e1990000)
  to   space 1088K,   0% used [0x00000000e1990000, 0x00000000e1990000, 0x00000000e1aa0000)
 concurrent mark-sweep generation total 118492K, used 67941K [0x00000000eb4a0000, 0x00000000f2857000, 0x0000000100000000)
 Metaspace       used 95772K, capacity 99979K, committed 100352K, reserved 1136640K
  class space    used 11682K, capacity 12452K, committed 12544K, reserved 1048576K
}
2019-06-25T15:14:10.607+0000: 370870.517: Application time: 58.9665532 seconds
2019-06-25T15:14:54.380+0000: 370914.290: Application time: 43.7723410 seconds
{Heap before GC invocations=5300 (full 147):
 par new generation   total 9792K, used 9482K [0x00000000e1000000, 0x00000000e1aa0000, 0x00000000eb4a0000)
  eden space 8704K, 100% used [0x00000000e1000000, 0x00000000e1880000, 0x00000000e1880000)
  from space 1088K,  71% used [0x00000000e1880000, 0x00000000e19429a0, 0x00000000e1990000)
  to   space 1088K,   0% used [0x00000000e1990000, 0x00000000e1990000, 0x00000000e1aa0000)
 concurrent mark-sweep generation total 118492K, used 67941K [0x00000000eb4a0000, 0x00000000f2857000, 0x0000000100000000)
 Metaspace       used 95772K, capacity 99979K, committed 100352K, reserved 1136640K
  class space    used 11682K, capacity 12452K, committed 12544K, reserved 1048576K
2019-06-25T15:14:54.381+0000: 370914.291: [GC (Allocation Failure) 2019-06-25T15:14:54.381+0000: 370914.291: [ParNew: 9482K->688K(9792K), 0.0036017 secs] 77424K->68630K(128284K), 0.0043985 secs] [Times: user=0.00 sys=0.00, real=0.00 secs] 
Heap after GC invocations=5301 (full 147):
 par new generation   total 9792K, used 688K [0x00000000e1000000, 0x00000000e1aa0000, 0x00000000eb4a0000)
  eden space 8704K,   0% used [0x00000000e1000000, 0x00000000e1000000, 0x00000000e1880000)
  from space 1088K,  63% used [0x00000000e1990000, 0x00000000e1a3c248, 0x00000000e1aa0000)
  to   space 1088K,   0% used [0x00000000e1880000, 0x00000000e1880000, 0x00000000e1990000)
 concurrent mark-sweep generation total 118492K, used 67941K [0x00000000eb4a0000, 0x00000000f2857000, 0x0000000100000000)
 Metaspace       used 95772K, capacity 99979K, committed 100352K, reserved 1136640K
  class space    used 11682K, capacity 12452K, committed 12544K, reserved 1048576K
}
2019-06-25T15:16:31.602+0000: 371011.512: Application time: 97.2161230 seconds
{Heap before GC invocations=5301 (full 147):
 par new generation   total 9792K, used 9392K [0x00000000e1000000, 0x00000000e1aa0000, 0x00000000eb4a0000)
  eden space 8704K, 100% used [0x00000000e1000000, 0x00000000e1880000, 0x00000000e1880000)
  from space 1088K,  63% used [0x00000000e1990000, 0x00000000e1a3c248, 0x00000000e1aa0000)
  to   space 1088K,   0% used [0x00000000e1880000, 0x00000000e1880000, 0x00000000e1990000)
 concurrent mark-sweep generation total 118492K, used 67941K [0x00000000eb4a0000, 0x00000000f2857000, 0x0000000100000000)
 Metaspace       used 95772K, capacity 99979K, committed 100352K, reserved 1136640K
  class space    used 11682K, capacity 12452K, committed 12544K, reserved 1048576K
2019-06-25T15:16:31.603+0000: 371011.513: [GC (Allocation Failure) 2019-06-25T15:16:31.603+0000: 371011.513: [ParNew: 9392K->649K(9792K), 0.0033101 secs] 77334K->68591K(128284K), 0.0042977 secs] [Times: user=0.00 sys=0.00, real=0.00 secs] 
Heap after GC invocations=5302 (full 147):
 par new generation   total 9792K, used 649K [0x00000000e1000000, 0x00000000e1aa0000, 0x00000000eb4a0000)
  eden space 8704K,   0% used [0x00000000e1000000, 0x00000000e1000000, 0x00000000e1880000)
  from space 1088K,  59% used [0x00000000e1880000, 0x00000000e19227c0, 0x00000000e1990000)
  to   space 1088K,   0% used [0x00000000e1990000, 0x00000000e1990000, 0x00000000e1aa0000)
 concurrent mark-sweep generation total 118492K, used 67941K [0x00000000eb4a0000, 0x00000000f2857000, 0x0000000100000000)
 Metaspace       used 95772K, capacity 99979K, committed 100352K, reserved 1136640K
  class space    used 11682K, capacity 12452K, committed 12544K, reserved 1048576K
}
2019-06-25T15:18:11.666+0000: 371111.576: Application time: 100.0578429 seconds
{Heap before GC invocations=5302 (full 147):
 par new generation   total 9792K, used 9353K [0x00000000e1000000, 0x00000000e1aa0000, 0x00000000eb4a0000)
  eden space 8704K, 100% used [0x00000000e1000000, 0x00000000e1880000, 0x00000000e1880000)
  from space 1088K,  59% used [0x00000000e1880000, 0x00000000e19227c0, 0x00000000e1990000)
  to   space 1088K,   0% used [0x00000000e1990000, 0x00000000e1990000, 0x00000000e1aa0000)
 concurrent mark-sweep generation total 118492K, used 67941K [0x00000000eb4a0000, 0x00000000f2857000, 0x0000000100000000)
 Metaspace       used 95772K, capacity 99979K, committed 100352K, reserved 1136640K
  class space    used 11682K, capacity 12452K, committed 12544K, reserved 1048576K
2019-06-25T15:18:11.667+0000: 371111.577: [GC (Allocation Failure) 2019-06-25T15:18:11.667+0000: 371111.577: [ParNew: 9353K->684K(9792K), 0.0033915 secs] 77295K->68653K(128284K), 0.0044500 secs] [Times: user=0.01 sys=0.00, real=0.01 secs] 
Heap after GC invocations=5303 (full 147):
 par new generation   total 9792K, used 684K [0x00000000e1000000, 0x00000000e1aa0000, 0x00000000eb4a0000)
  eden space 8704K,   0% used [0x00000000e1000000, 0x00000000e1000000, 0x00000000e1880000)
  from space 1088K,  62% used [0x00000000e1990000, 0x00000000e1a3b188, 0x00000000e1aa0000)
  to   space 1088K,   0% used [0x00000000e1880000, 0x00000000e1880000, 0x00000000e1990000)
 concurrent mark-sweep generation total 118492K, used 67969K [0x00000000eb4a0000, 0x00000000f2857000, 0x0000000100000000)
 Metaspace       used 95772K, capacity 99979K, committed 100352K, reserved 1136640K
  class space    used 11682K, capacity 12452K, committed 12544K, reserved 1048576K
}
2019-06-25T15:18:12.181+0000: 371112.090: Application time: 0.5082034 seconds
2019-06-25T15:18:12.183+0000: 371112.093: Application time: 0.0023076 seconds
2019-06-25T15:19:10.633+0000: 371170.543: Application time: 58.4499647 seconds
2019-06-25T15:19:54.412+0000: 371214.322: Application time: 43.7784986 seconds
{Heap before GC invocations=5303 (full 147):
 par new generation   total 9792K, used 9388K [0x00000000e1000000, 0x00000000e1aa0000, 0x00000000eb4a0000)
  eden space 8704K, 100% used [0x00000000e1000000, 0x00000000e1880000, 0x00000000e1880000)
  from space 1088K,  62% used [0x00000000e1990000, 0x00000000e1a3b188, 0x00000000e1aa0000)
  to   space 1088K,   0% used [0x00000000e1880000, 0x00000000e1880000, 0x00000000e1990000)
 concurrent mark-sweep generation total 118492K, used 67969K [0x00000000eb4a0000, 0x00000000f2857000, 0x0000000100000000)
 Metaspace       used 95772K, capacity 99979K, committed 100352K, reserved 1136640K
  class space    used 11682K, capacity 12452K, committed 12544K, reserved 1048576K
2019-06-25T15:19:54.413+0000: 371214.323: [GC (Allocation Failure) 2019-06-25T15:19:54.413+0000: 371214.323: [ParNew: 9388K->720K(9792K), 0.0031865 secs] 77357K->68690K(128284K), 0.0041129 secs] [Times: user=0.01 sys=0.00, real=0.00 secs] 
Heap after GC invocations=5304 (full 147):
 par new generation   total 9792K, used 720K [0x00000000e1000000, 0x00000000e1aa0000, 0x00000000eb4a0000)
  eden space 8704K,   0% used [0x00000000e1000000, 0x00000000e1000000, 0x00000000e1880000)
  from space 1088K,  66% used [0x00000000e1880000, 0x00000000e19343d0, 0x00000000e1990000)
  to   space 1088K,   0% used [0x00000000e1990000, 0x00000000e1990000, 0x00000000e1aa0000)
 concurrent mark-sweep generation total 118492K, used 67970K [0x00000000eb4a0000, 0x00000000f2857000, 0x0000000100000000)
 Metaspace       used 95772K, capacity 99979K, committed 100352K, reserved 1136640K
  class space    used 11682K, capacity 12452K, committed 12544K, reserved 1048576K
}
2019-06-25T15:21:33.777+0000: 371313.687: Application time: 99.3593820 seconds
{Heap before GC invocations=5304 (full 147):
 par new generation   total 9792K, used 9424K [0x00000000e1000000, 0x00000000e1aa0000, 0x00000000eb4a0000)
  eden space 8704K, 100% used [0x00000000e1000000, 0x00000000e1880000, 0x00000000e1880000)
  from space 1088K,  66% used [0x00000000e1880000, 0x00000000e19343d0, 0x00000000e1990000)
  to   space 1088K,   0% used [0x00000000e1990000, 0x00000000e1990000, 0x00000000e1aa0000)
 concurrent mark-sweep generation total 118492K, used 67970K [0x00000000eb4a0000, 0x00000000f2857000, 0x0000000100000000)
 Metaspace       used 95772K, capacity 99979K, committed 100352K, reserved 1136640K
  class space    used 11682K, capacity 12452K, committed 12544K, reserved 1048576K
2019-06-25T15:21:33.778+0000: 371313.688: [GC (Allocation Failure) 2019-06-25T15:21:33.779+0000: 371313.688: [ParNew: 9424K->678K(9792K), 0.0035446 secs] 77394K->68648K(128284K), 0.0043616 secs] [Times: user=0.01 sys=0.00, real=0.00 secs] 
Heap after GC invocations=5305 (full 147):
 par new generation   total 9792K, used 678K [0x00000000e1000000, 0x00000000e1aa0000, 0x00000000eb4a0000)
  eden space 8704K,   0% used [0x00000000e1000000, 0x00000000e1000000, 0x00000000e1880000)
  from space 1088K,  62% used [0x00000000e1990000, 0x00000000e1a399d0, 0x00000000e1aa0000)
  to   space 1088K,   0% used [0x00000000e1880000, 0x00000000e1880000, 0x00000000e1990000)
 concurrent mark-sweep generation total 118492K, used 67970K [0x00000000eb4a0000, 0x00000000f2857000, 0x0000000100000000)
 Metaspace       used 95772K, capacity 99979K, committed 100352K, reserved 1136640K
  class space    used 11682K, capacity 12452K, committed 12544K, reserved 1048576K
}
2019-06-25T15:23:11.867+0000: 371411.777: Application time: 98.0841113 seconds
{Heap before GC invocations=5305 (full 147):
 par new generation   total 9792K, used 9382K [0x00000000e1000000, 0x00000000e1aa0000, 0x00000000eb4a0000)
  eden space 8704K, 100% used [0x00000000e1000000, 0x00000000e1880000, 0x00000000e1880000)
  from space 1088K,  62% used [0x00000000e1990000, 0x00000000e1a399d0, 0x00000000e1aa0000)
  to   space 1088K,   0% used [0x00000000e1880000, 0x00000000e1880000, 0x00000000e1990000)
 concurrent mark-sweep generation total 118492K, used 67970K [0x00000000eb4a0000, 0x00000000f2857000, 0x0000000100000000)
 Metaspace       used 95774K, capacity 99979K, committed 100352K, reserved 1136640K
  class space    used 11682K, capacity 12452K, committed 12544K, reserved 1048576K
2019-06-25T15:23:11.868+0000: 371411.778: [GC (Allocation Failure) 2019-06-25T15:23:11.869+0000: 371411.778: [ParNew: 9382K->704K(9792K), 0.0035409 secs] 77352K->68675K(128284K), 0.0044315 secs] [Times: user=0.01 sys=0.00, real=0.00 secs] 
Heap after GC invocations=5306 (full 147):
 par new generation   total 9792K, used 704K [0x00000000e1000000, 0x00000000e1aa0000, 0x00000000eb4a0000)
  eden space 8704K,   0% used [0x00000000e1000000, 0x00000000e1000000, 0x00000000e1880000)
  from space 1088K,  64% used [0x00000000e1880000, 0x00000000e1930390, 0x00000000e1990000)
  to   space 1088K,   0% used [0x00000000e1990000, 0x00000000e1990000, 0x00000000e1aa0000)
 concurrent mark-sweep generation total 118492K, used 67970K [0x00000000eb4a0000, 0x00000000f2857000, 0x0000000100000000)
 Metaspace       used 95774K, capacity 99979K, committed 100352K, reserved 1136640K
  class space    used 11682K, capacity 12452K, committed 12544K, reserved 1048576K
}
2019-06-25T15:24:10.168+0000: 371470.078: Application time: 58.2949515 seconds
2019-06-25T15:24:24.441+0000: 371484.351: Application time: 14.2724114 seconds
2019-06-25T15:24:54.647+0000: 371514.557: Application time: 30.2060190 seconds
{Heap before GC invocations=5306 (full 147):
 par new generation   total 9792K, used 9408K [0x00000000e1000000, 0x00000000e1aa0000, 0x00000000eb4a0000)
  eden space 8704K, 100% used [0x00000000e1000000, 0x00000000e1880000, 0x00000000e1880000)
  from space 1088K,  64% used [0x00000000e1880000, 0x00000000e1930390, 0x00000000e1990000)
  to   space 1088K,   0% used [0x00000000e1990000, 0x00000000e1990000, 0x00000000e1aa0000)
 concurrent mark-sweep generation total 118492K, used 67970K [0x00000000eb4a0000, 0x00000000f2857000, 0x0000000100000000)
 Metaspace       used 95774K, capacity 99979K, committed 100352K, reserved 1136640K
  class space    used 11682K, capacity 12452K, committed 12544K, reserved 1048576K
2019-06-25T15:24:54.648+0000: 371514.558: [GC (Allocation Failure) 2019-06-25T15:24:54.649+0000: 371514.559: [ParNew: 9408K->688K(9792K), 0.0034899 secs] 77379K->68662K(128284K), 0.0044570 secs] [Times: user=0.00 sys=0.01, real=0.00 secs] 
Heap after GC invocations=5307 (full 147):
 par new generation   total 9792K, used 688K [0x00000000e1000000, 0x00000000e1aa0000, 0x00000000eb4a0000)
  eden space 8704K,   0% used [0x00000000e1000000, 0x00000000e1000000, 0x00000000e1880000)
  from space 1088K,  63% used [0x00000000e1990000, 0x00000000e1a3c1f8, 0x00000000e1aa0000)
  to   space 1088K,   0% used [0x00000000e1880000, 0x00000000e1880000, 0x00000000e1990000)
 concurrent mark-sweep generation total 118492K, used 67973K [0x00000000eb4a0000, 0x00000000f2857000, 0x0000000100000000)
 Metaspace       used 95774K, capacity 99979K, committed 100352K, reserved 1136640K
  class space    used 11682K, capacity 12452K, committed 12544K, reserved 1048576K
}
2019-06-25T15:26:34.229+0000: 371614.139: Application time: 99.5759946 seconds
{Heap before GC invocations=5307 (full 147):
 par new generation   total 9792K, used 9392K [0x00000000e1000000, 0x00000000e1aa0000, 0x00000000eb4a0000)
  eden space 8704K, 100% used [0x00000000e1000000, 0x00000000e1880000, 0x00000000e1880000)
  from space 1088K,  63% used [0x00000000e1990000, 0x00000000e1a3c1f8, 0x00000000e1aa0000)
  to   space 1088K,   0% used [0x00000000e1880000, 0x00000000e1880000, 0x00000000e1990000)
 concurrent mark-sweep generation total 118492K, used 67973K [0x00000000eb4a0000, 0x00000000f2857000, 0x0000000100000000)
 Metaspace       used 95774K, capacity 99979K, committed 100352K, reserved 1136640K
  class space    used 11682K, capacity 12452K, committed 12544K, reserved 1048576K
2019-06-25T15:26:34.230+0000: 371614.140: [GC (Allocation Failure) 2019-06-25T15:26:34.231+0000: 371614.140: [ParNew: 9392K->757K(9792K), 0.0032150 secs] 77366K->68731K(128284K), 0.0041650 secs] [Times: user=0.00 sys=0.00, real=0.00 secs] 
Heap after GC invocations=5308 (full 147):
 par new generation   total 9792K, used 757K [0x00000000e1000000, 0x00000000e1aa0000, 0x00000000eb4a0000)
  eden space 8704K,   0% used [0x00000000e1000000, 0x00000000e1000000, 0x00000000e1880000)
  from space 1088K,  69% used [0x00000000e1880000, 0x00000000e193d758, 0x00000000e1990000)
  to   space 1088K,   0% used [0x00000000e1990000, 0x00000000e1990000, 0x00000000e1aa0000)
 concurrent mark-sweep generation total 118492K, used 67973K [0x00000000eb4a0000, 0x00000000f2857000, 0x0000000100000000)
 Metaspace       used 95774K, capacity 99979K, committed 100352K, reserved 1136640K
  class space    used 11682K, capacity 12452K, committed 12544K, reserved 1048576K
}
2019-06-25T15:26:35.710+0000: 371615.620: Application time: 1.4751740 seconds
2019-06-25T15:26:35.711+0000: 371615.621: Application time: 0.0000895 seconds
2019-06-25T15:26:35.711+0000: 371615.621: Application time: 0.0000638 seconds
2019-06-25T15:26:35.712+0000: 371615.621: Application time: 0.0000700 seconds
2019-06-25T15:26:36.052+0000: 371615.962: Application time: 0.3395392 seconds
2019-06-25T15:26:36.053+0000: 371615.963: Application time: 0.0000732 seconds
2019-06-25T15:26:36.053+0000: 371615.963: Application time: 0.0000693 seconds
2019-06-25T15:26:36.053+0000: 371615.963: Application time: 0.0000642 seconds
2019-06-25T15:26:36.053+0000: 371615.963: Application time: 0.0001845 seconds
2019-06-25T15:26:36.054+0000: 371615.963: Application time: 0.0000705 seconds
2019-06-25T15:26:40.713+0000: 371620.623: Application time: 4.6596756 seconds
2019-06-25T15:26:41.053+0000: 371620.962: Application time: 0.3387562 seconds
2019-06-25T15:26:42.353+0000: 371622.263: Application time: 1.2998871 seconds
2019-06-25T15:26:42.353+0000: 371622.263: Application time: 0.0002183 seconds
2019-06-25T15:26:42.354+0000: 371622.264: Application time: 0.0001546 seconds
2019-06-25T15:26:42.354+0000: 371622.264: Application time: 0.0001800 seconds
2019-06-25T15:26:45.061+0000: 371624.971: Application time: 2.7067683 seconds
2019-06-25T15:26:45.062+0000: 371624.972: Application time: 0.0005740 seconds
2019-06-25T15:26:45.063+0000: 371624.972: Application time: 0.0000544 seconds
2019-06-25T15:26:45.063+0000: 371624.973: Application time: 0.0000658 seconds
2019-06-25T15:26:45.063+0000: 371624.973: Application time: 0.0002001 seconds
2019-06-25T15:26:45.063+0000: 371624.973: Application time: 0.0000499 seconds
2019-06-25T15:26:49.074+0000: 371628.984: Application time: 4.0104423 seconds
2019-06-25T15:26:49.098+0000: 371629.008: Application time: 0.0239004 seconds
2019-06-25T15:27:02.079+0000: 371641.989: Application time: 12.9804553 seconds
{Heap before GC invocations=5308 (full 147):
 par new generation   total 9792K, used 9461K [0x00000000e1000000, 0x00000000e1aa0000, 0x00000000eb4a0000)
  eden space 8704K, 100% used [0x00000000e1000000, 0x00000000e1880000, 0x00000000e1880000)
  from space 1088K,  69% used [0x00000000e1880000, 0x00000000e193d758, 0x00000000e1990000)
  to   space 1088K,   0% used [0x00000000e1990000, 0x00000000e1990000, 0x00000000e1aa0000)
 concurrent mark-sweep generation total 118492K, used 67973K [0x00000000eb4a0000, 0x00000000f2857000, 0x0000000100000000)
 Metaspace       used 95774K, capacity 99979K, committed 100352K, reserved 1136640K
  class space    used 11682K, capacity 12452K, committed 12544K, reserved 1048576K
2019-06-25T15:27:02.080+0000: 371641.989: [GC (Allocation Failure) 2019-06-25T15:27:02.080+0000: 371641.990: [ParNew: 9461K->892K(9792K), 0.0036062 secs] 77435K->68942K(128284K), 0.0044255 secs] [Times: user=0.00 sys=0.01, real=0.00 secs] 
Heap after GC invocations=5309 (full 147):
 par new generation   total 9792K, used 892K [0x00000000e1000000, 0x00000000e1aa0000, 0x00000000eb4a0000)
  eden space 8704K,   0% used [0x00000000e1000000, 0x00000000e1000000, 0x00000000e1880000)
  from space 1088K,  82% used [0x00000000e1990000, 0x00000000e1a6f2b0, 0x00000000e1aa0000)
  to   space 1088K,   0% used [0x00000000e1880000, 0x00000000e1880000, 0x00000000e1990000)
 concurrent mark-sweep generation total 118492K, used 68049K [0x00000000eb4a0000, 0x00000000f2857000, 0x0000000100000000)
 Metaspace       used 95774K, capacity 99979K, committed 100352K, reserved 1136640K
  class space    used 11682K, capacity 12452K, committed 12544K, reserved 1048576K
}
2019-06-25T15:27:09.990+0000: 371649.900: Application time: 7.9050730 seconds
2019-06-25T15:27:09.990+0000: 371649.900: Application time: 0.0001705 seconds
2019-06-25T15:27:09.991+0000: 371649.901: Application time: 0.0001646 seconds
2019-06-25T15:27:09.991+0000: 371649.901: Application time: 0.0001393 seconds
2019-06-25T15:27:10.259+0000: 371650.169: Application time: 0.2675101 seconds
2019-06-25T15:27:26.104+0000: 371666.014: Application time: 15.8443430 seconds
2019-06-25T15:27:26.104+0000: 371666.014: Application time: 0.0000721 seconds
2019-06-25T15:27:26.105+0000: 371666.015: Application time: 0.0000938 seconds
2019-06-25T15:27:26.105+0000: 371666.015: Application time: 0.0000667 seconds
2019-06-25T15:27:26.105+0000: 371666.015: Application time: 0.0000646 seconds
2019-06-25T15:27:26.105+0000: 371666.015: Application time: 0.0000625 seconds
2019-06-25T15:27:26.106+0000: 371666.015: Application time: 0.0000642 seconds
2019-06-25T15:27:26.106+0000: 371666.016: Application time: 0.0000779 seconds
2019-06-25T15:27:26.106+0000: 371666.016: Application time: 0.0000481 seconds
2019-06-25T15:27:30.224+0000: 371670.134: Application time: 4.1178934 seconds
2019-06-25T15:27:30.249+0000: 371670.159: Application time: 0.0245751 seconds
2019-06-25T15:27:42.361+0000: 371682.270: Application time: 12.1113974 seconds
2019-06-25T15:27:42.361+0000: 371682.271: Application time: 0.0005169 seconds
2019-06-25T15:27:42.362+0000: 371682.271: Application time: 0.0001482 seconds
2019-06-25T15:27:42.362+0000: 371682.272: Application time: 0.0000615 seconds
2019-06-25T15:27:42.362+0000: 371682.272: Application time: 0.0001988 seconds
2019-06-25T15:28:03.724+0000: 371703.634: Application time: 21.3616122 seconds
{Heap before GC invocations=5309 (full 147):
 par new generation   total 9792K, used 9541K [0x00000000e1000000, 0x00000000e1aa0000, 0x00000000eb4a0000)
  eden space 8704K,  99% used [0x00000000e1000000, 0x00000000e1872468, 0x00000000e1880000)
  from space 1088K,  82% used [0x00000000e1990000, 0x00000000e1a6f2b0, 0x00000000e1aa0000)
  to   space 1088K,   0% used [0x00000000e1880000, 0x00000000e1880000, 0x00000000e1990000)
 concurrent mark-sweep generation total 118492K, used 68049K [0x00000000eb4a0000, 0x00000000f2857000, 0x0000000100000000)
 Metaspace       used 95774K, capacity 99979K, committed 100352K, reserved 1136640K
  class space    used 11682K, capacity 12452K, committed 12544K, reserved 1048576K
2019-06-25T15:28:03.725+0000: 371703.635: [GC (Allocation Failure) 2019-06-25T15:28:03.726+0000: 371703.635: [ParNew: 9541K->1088K(9792K), 0.0045397 secs] 77591K->69297K(128284K), 0.0055204 secs] [Times: user=0.01 sys=0.00, real=0.01 secs] 
Heap after GC invocations=5310 (full 147):
 par new generation   total 9792K, used 1088K [0x00000000e1000000, 0x00000000e1aa0000, 0x00000000eb4a0000)
  eden space 8704K,   0% used [0x00000000e1000000, 0x00000000e1000000, 0x00000000e1880000)
  from space 1088K, 100% used [0x00000000e1880000, 0x00000000e1990000, 0x00000000e1990000)
  to   space 1088K,   0% used [0x00000000e1990000, 0x00000000e1990000, 0x00000000e1aa0000)
 concurrent mark-sweep generation total 118492K, used 68209K [0x00000000eb4a0000, 0x00000000f2857000, 0x0000000100000000)
 Metaspace       used 95774K, capacity 99979K, committed 100352K, reserved 1136640K
  class space    used 11682K, capacity 12452K, committed 12544K, reserved 1048576K
}
2019-06-25T15:28:04.138+0000: 371704.048: Application time: 0.4064391 seconds
2019-06-25T15:28:04.139+0000: 371704.049: Application time: 0.0001593 seconds
2019-06-25T15:28:04.139+0000: 371704.049: Application time: 0.0001570 seconds
2019-06-25T15:28:04.140+0000: 371704.049: Application time: 0.0001120 seconds
2019-06-25T15:28:04.142+0000: 371704.052: Application time: 0.0002295 seconds
2019-06-25T15:28:04.143+0000: 371704.053: Application time: 0.0001329 seconds
2019-06-25T15:28:04.143+0000: 371704.053: Application time: 0.0001982 seconds
2019-06-25T15:28:04.144+0000: 371704.054: Application time: 0.0002165 seconds
2019-06-25T15:28:04.144+0000: 371704.054: Application time: 0.0001850 seconds
2019-06-25T15:28:06.723+0000: 371706.633: Application time: 2.5787524 seconds
2019-06-25T15:28:07.143+0000: 371707.053: Application time: 0.4191935 seconds
2019-06-25T15:28:07.143+0000: 371707.053: Application time: 0.0001568 seconds
2019-06-25T15:28:11.725+0000: 371711.634: Application time: 4.5810839 seconds
2019-06-25T15:28:11.750+0000: 371711.660: Application time: 0.0246410 seconds
2019-06-25T15:28:12.367+0000: 371712.277: Application time: 0.6166419 seconds
2019-06-25T15:28:15.153+0000: 371715.063: Application time: 2.7859651 seconds
2019-06-25T15:28:15.153+0000: 371715.063: Application time: 0.0000890 seconds
2019-06-25T15:28:15.154+0000: 371715.064: Application time: 0.0004777 seconds
2019-06-25T15:28:15.154+0000: 371715.064: Application time: 0.0000669 seconds
2019-06-25T15:28:15.155+0000: 371715.065: Application time: 0.0000635 seconds
2019-06-25T15:28:15.155+0000: 371715.065: Application time: 0.0000647 seconds
2019-06-25T15:28:15.155+0000: 371715.065: Application time: 0.0001258 seconds
2019-06-25T15:28:15.155+0000: 371715.065: Application time: 0.0001840 seconds
2019-06-25T15:29:07.369+0000: 371767.279: Application time: 52.2137076 seconds
{Heap before GC invocations=5310 (full 147):
 par new generation   total 9792K, used 9792K [0x00000000e1000000, 0x00000000e1aa0000, 0x00000000eb4a0000)
  eden space 8704K, 100% used [0x00000000e1000000, 0x00000000e1880000, 0x00000000e1880000)
  from space 1088K, 100% used [0x00000000e1880000, 0x00000000e1990000, 0x00000000e1990000)
  to   space 1088K,   0% used [0x00000000e1990000, 0x00000000e1990000, 0x00000000e1aa0000)
 concurrent mark-sweep generation total 118492K, used 68209K [0x00000000eb4a0000, 0x00000000f2857000, 0x0000000100000000)
 Metaspace       used 95814K, capacity 100045K, committed 100352K, reserved 1136640K
  class space    used 11688K, capacity 12463K, committed 12544K, reserved 1048576K
2019-06-25T15:29:07.370+0000: 371767.280: [GC (Allocation Failure) 2019-06-25T15:29:07.371+0000: 371767.280: [ParNew: 9792K->835K(9792K), 0.0039294 secs] 78001K->69521K(128284K), 0.0048102 secs] [Times: user=0.00 sys=0.00, real=0.00 secs] 
Heap after GC invocations=5311 (full 147):
 par new generation   total 9792K, used 835K [0x00000000e1000000, 0x00000000e1aa0000, 0x00000000eb4a0000)
  eden space 8704K,   0% used [0x00000000e1000000, 0x00000000e1000000, 0x00000000e1880000)
  from space 1088K,  76% used [0x00000000e1990000, 0x00000000e1a60d30, 0x00000000e1aa0000)
  to   space 1088K,   0% used [0x00000000e1880000, 0x00000000e1880000, 0x00000000e1990000)
 concurrent mark-sweep generation total 118492K, used 68685K [0x00000000eb4a0000, 0x00000000f2857000, 0x0000000100000000)
 Metaspace       used 95814K, capacity 100045K, committed 100352K, reserved 1136640K
  class space    used 11688K, capacity 12463K, committed 12544K, reserved 1048576K
}
2019-06-25T15:29:10.201+0000: 371770.110: Application time: 2.8247059 seconds
2019-06-25T15:29:20.961+0000: 371780.871: Application time: 10.7605515 seconds
2019-06-25T15:29:20.963+0000: 371780.872: Application time: 0.0002886 seconds
2019-06-25T15:29:21.212+0000: 371781.122: Application time: 0.2462083 seconds
2019-06-25T15:29:21.213+0000: 371781.123: Application time: 0.0000398 seconds
2019-06-25T15:29:21.214+0000: 371781.123: Application time: 0.0000755 seconds
2019-06-25T15:29:21.214+0000: 371781.124: Application time: 0.0000662 seconds
2019-06-25T15:29:21.214+0000: 371781.124: Application time: 0.0000618 seconds
2019-06-25T15:29:21.215+0000: 371781.124: Application time: 0.0000657 seconds
2019-06-25T15:29:21.215+0000: 371781.125: Application time: 0.0001916 seconds
2019-06-25T15:29:21.215+0000: 371781.125: Application time: 0.0000930 seconds
2019-06-25T15:29:25.966+0000: 371785.876: Application time: 4.7506095 seconds
2019-06-25T15:29:25.991+0000: 371785.901: Application time: 0.0242461 seconds
2019-06-25T15:29:46.237+0000: 371806.147: Application time: 20.2455903 seconds
2019-06-25T15:29:46.237+0000: 371806.147: Application time: 0.0000737 seconds
2019-06-25T15:29:46.238+0000: 371806.147: Application time: 0.0000660 seconds
2019-06-25T15:29:46.238+0000: 371806.148: Application time: 0.0000694 seconds
2019-06-25T15:29:51.070+0000: 371810.980: Application time: 4.8325176 seconds
2019-06-25T15:29:51.103+0000: 371811.013: Application time: 0.0326546 seconds
2019-06-25T15:29:57.858+0000: 371817.768: Application time: 6.7541866 seconds
{Heap before GC invocations=5311 (full 147):
 par new generation   total 9792K, used 9539K [0x00000000e1000000, 0x00000000e1aa0000, 0x00000000eb4a0000)
  eden space 8704K, 100% used [0x00000000e1000000, 0x00000000e1880000, 0x00000000e1880000)
  from space 1088K,  76% used [0x00000000e1990000, 0x00000000e1a60d30, 0x00000000e1aa0000)
  to   space 1088K,   0% used [0x00000000e1880000, 0x00000000e1880000, 0x00000000e1990000)
 concurrent mark-sweep generation total 118492K, used 68685K [0x00000000eb4a0000, 0x00000000f2857000, 0x0000000100000000)
 Metaspace       used 95814K, capacity 100045K, committed 100352K, reserved 1136640K
  class space    used 11688K, capacity 12463K, committed 12544K, reserved 1048576K
2019-06-25T15:29:57.858+0000: 371817.768: [GC (Allocation Failure) 2019-06-25T15:29:57.859+0000: 371817.768: [ParNew: 9539K->993K(9792K), 0.0273172 secs] 78225K->69679K(128284K), 0.0282316 secs] [Times: user=0.05 sys=0.00, real=0.02 secs] 
Heap after GC invocations=5312 (full 147):
 par new generation   total 9792K, used 993K [0x00000000e1000000, 0x00000000e1aa0000, 0x00000000eb4a0000)
  eden space 8704K,   0% used [0x00000000e1000000, 0x00000000e1000000, 0x00000000e1880000)
  from space 1088K,  91% used [0x00000000e1880000, 0x00000000e19786a0, 0x00000000e1990000)
  to   space 1088K,   0% used [0x00000000e1990000, 0x00000000e1990000, 0x00000000e1aa0000)
 concurrent mark-sweep generation total 118492K, used 68685K [0x00000000eb4a0000, 0x00000000f2857000, 0x0000000100000000)
 Metaspace       used 95814K, capacity 100045K, committed 100352K, reserved 1136640K
  class space    used 11688K, capacity 12463K, committed 12544K, reserved 1048576K
}
2019-06-25T15:30:09.995+0000: 371829.905: Application time: 12.1083802 seconds
2019-06-25T15:30:09.996+0000: 371829.906: Application time: 0.0000697 seconds
2019-06-25T15:30:09.996+0000: 371829.906: Application time: 0.0000630 seconds
2019-06-25T15:30:09.996+0000: 371829.906: Application time: 0.0000569 seconds
2019-06-25T15:30:09.997+0000: 371829.907: Application time: 0.0001915 seconds
2019-06-25T15:30:09.997+0000: 371829.907: Application time: 0.0002310 seconds
2019-06-25T15:30:11.735+0000: 371831.645: Application time: 1.7372289 seconds
2019-06-25T15:30:11.737+0000: 371831.647: Application time: 0.0015681 seconds
2019-06-25T15:30:12.379+0000: 371832.289: Application time: 0.6421811 seconds
2019-06-25T15:31:06.311+0000: 371886.221: Application time: 53.9318111 seconds
2019-06-25T15:31:06.313+0000: 371886.223: Application time: 0.0001285 seconds
2019-06-25T15:31:06.313+0000: 371886.223: Application time: 0.0000582 seconds
2019-06-25T15:31:06.313+0000: 371886.223: Application time: 0.0000643 seconds
2019-06-25T15:31:09.999+0000: 371889.909: Application time: 3.6852972 seconds
2019-06-25T15:31:09.999+0000: 371889.909: Application time: 0.0001311 seconds
2019-06-25T15:31:10.000+0000: 371889.909: Application time: 0.0001225 seconds
2019-06-25T15:31:10.000+0000: 371889.910: Application time: 0.0001172 seconds
2019-06-25T15:31:10.000+0000: 371889.910: Application time: 0.0006855 seconds
2019-06-25T15:31:10.001+0000: 371889.911: Application time: 0.0001420 seconds
2019-06-25T15:31:10.268+0000: 371890.178: Application time: 0.2671797 seconds
2019-06-25T15:31:10.655+0000: 371890.564: Application time: 0.3858222 seconds
2019-06-25T15:31:10.680+0000: 371890.589: Application time: 0.0246707 seconds
2019-06-25T15:31:12.251+0000: 371892.161: Application time: 1.5712470 seconds
{Heap before GC invocations=5312 (full 147):
 par new generation   total 9792K, used 9697K [0x00000000e1000000, 0x00000000e1aa0000, 0x00000000eb4a0000)
  eden space 8704K, 100% used [0x00000000e1000000, 0x00000000e1880000, 0x00000000e1880000)
  from space 1088K,  91% used [0x00000000e1880000, 0x00000000e19786a0, 0x00000000e1990000)
  to   space 1088K,   0% used [0x00000000e1990000, 0x00000000e1990000, 0x00000000e1aa0000)
 concurrent mark-sweep generation total 118492K, used 68685K [0x00000000eb4a0000, 0x00000000f2857000, 0x0000000100000000)
 Metaspace       used 95814K, capacity 100045K, committed 100352K, reserved 1136640K
  class space    used 11688K, capacity 12463K, committed 12544K, reserved 1048576K
2019-06-25T15:31:12.252+0000: 371892.162: [GC (Allocation Failure) 2019-06-25T15:31:12.252+0000: 371892.162: [ParNew: 9697K->807K(9792K), 0.0038664 secs] 78383K->69717K(128284K), 0.0046764 secs] [Times: user=0.01 sys=0.00, real=0.00 secs] 
Heap after GC invocations=5313 (full 147):
 par new generation   total 9792K, used 807K [0x00000000e1000000, 0x00000000e1aa0000, 0x00000000eb4a0000)
  eden space 8704K,   0% used [0x00000000e1000000, 0x00000000e1000000, 0x00000000e1880000)
  from space 1088K,  74% used [0x00000000e1990000, 0x00000000e1a59fc0, 0x00000000e1aa0000)
  to   space 1088K,   0% used [0x00000000e1880000, 0x00000000e1880000, 0x00000000e1990000)
 concurrent mark-sweep generation total 118492K, used 68909K [0x00000000eb4a0000, 0x00000000f2857000, 0x0000000100000000)
 Metaspace       used 95814K, capacity 100045K, committed 100352K, reserved 1136640K
  class space    used 11688K, capacity 12463K, committed 12544K, reserved 1048576K
}
2019-06-25T15:32:42.395+0000: 371982.304: Application time: 90.1373361 seconds
2019-06-25T15:32:42.395+0000: 371982.305: Application time: 0.0000737 seconds
2019-06-25T15:32:42.395+0000: 371982.305: Application time: 0.0000673 seconds
2019-06-25T15:32:42.395+0000: 371982.305: Application time: 0.0000692 seconds
2019-06-25T15:32:54.696+0000: 371994.606: Application time: 12.3001724 seconds
{Heap before GC invocations=5313 (full 147):
 par new generation   total 9792K, used 9511K [0x00000000e1000000, 0x00000000e1aa0000, 0x00000000eb4a0000)
  eden space 8704K, 100% used [0x00000000e1000000, 0x00000000e1880000, 0x00000000e1880000)
  from space 1088K,  74% used [0x00000000e1990000, 0x00000000e1a59fc0, 0x00000000e1aa0000)
  to   space 1088K,   0% used [0x00000000e1880000, 0x00000000e1880000, 0x00000000e1990000)
 concurrent mark-sweep generation total 118492K, used 68909K [0x00000000eb4a0000, 0x00000000f2857000, 0x0000000100000000)
 Metaspace       used 95814K, capacity 100045K, committed 100352K, reserved 1136640K
  class space    used 11688K, capacity 12463K, committed 12544K, reserved 1048576K
2019-06-25T15:32:54.697+0000: 371994.606: [GC (Allocation Failure) 2019-06-25T15:32:54.697+0000: 371994.607: [ParNew: 9511K->897K(9792K), 0.0037525 secs] 78421K->70037K(128284K), 0.0049459 secs] [Times: user=0.00 sys=0.00, real=0.01 secs] 
Heap after GC invocations=5314 (full 147):
 par new generation   total 9792K, used 897K [0x00000000e1000000, 0x00000000e1aa0000, 0x00000000eb4a0000)
  eden space 8704K,   0% used [0x00000000e1000000, 0x00000000e1000000, 0x00000000e1880000)
  from space 1088K,  82% used [0x00000000e1880000, 0x00000000e1960430, 0x00000000e1990000)
  to   space 1088K,   0% used [0x00000000e1990000, 0x00000000e1990000, 0x00000000e1aa0000)
 concurrent mark-sweep generation total 118492K, used 69139K [0x00000000eb4a0000, 0x00000000f2857000, 0x0000000100000000)
 Metaspace       used 95814K, capacity 100045K, committed 100352K, reserved 1136640K
  class space    used 11688K, capacity 12463K, committed 12544K, reserved 1048576K
}
2019-06-25T15:34:07.113+0000: 372067.022: Application time: 72.4100005 seconds
2019-06-25T15:34:07.138+0000: 372067.048: Application time: 0.0252384 seconds
2019-06-25T15:34:10.004+0000: 372069.914: Application time: 2.8660473 seconds
2019-06-25T15:34:10.005+0000: 372069.915: Application time: 0.0000640 seconds
2019-06-25T15:34:10.006+0000: 372069.915: Application time: 0.0000699 seconds
2019-06-25T15:34:10.006+0000: 372069.916: Application time: 0.0000556 seconds
2019-06-25T15:34:10.006+0000: 372069.916: Application time: 0.0001390 seconds
2019-06-25T15:34:10.006+0000: 372069.916: Application time: 0.0000930 seconds
2019-06-25T15:34:10.232+0000: 372070.142: Application time: 0.2256108 seconds
2019-06-25T15:34:11.470+0000: 372071.379: Application time: 1.2372373 seconds
{Heap before GC invocations=5314 (full 147):
 par new generation   total 9792K, used 9601K [0x00000000e1000000, 0x00000000e1aa0000, 0x00000000eb4a0000)
  eden space 8704K, 100% used [0x00000000e1000000, 0x00000000e1880000, 0x00000000e1880000)
  from space 1088K,  82% used [0x00000000e1880000, 0x00000000e1960430, 0x00000000e1990000)
  to   space 1088K,   0% used [0x00000000e1990000, 0x00000000e1990000, 0x00000000e1aa0000)
 concurrent mark-sweep generation total 118492K, used 69139K [0x00000000eb4a0000, 0x00000000f2857000, 0x0000000100000000)
 Metaspace       used 95814K, capacity 100045K, committed 100352K, reserved 1136640K
  class space    used 11688K, capacity 12463K, committed 12544K, reserved 1048576K
2019-06-25T15:34:11.470+0000: 372071.380: [GC (Allocation Failure) 2019-06-25T15:34:11.471+0000: 372071.380: [ParNew: 9601K->674K(9792K), 0.0034195 secs] 78741K->70059K(128284K), 0.0042694 secs] [Times: user=0.01 sys=0.00, real=0.00 secs] 
Heap after GC invocations=5315 (full 147):
 par new generation   total 9792K, used 674K [0x00000000e1000000, 0x00000000e1aa0000, 0x00000000eb4a0000)
  eden space 8704K,   0% used [0x00000000e1000000, 0x00000000e1000000, 0x00000000e1880000)
  from space 1088K,  61% used [0x00000000e1990000, 0x00000000e1a38a18, 0x00000000e1aa0000)
  to   space 1088K,   0% used [0x00000000e1880000, 0x00000000e1880000, 0x00000000e1990000)
 concurrent mark-sweep generation total 118492K, used 69385K [0x00000000eb4a0000, 0x00000000f2857000, 0x0000000100000000)
 Metaspace       used 95814K, capacity 100045K, committed 100352K, reserved 1136640K
  class space    used 11688K, capacity 12463K, committed 12544K, reserved 1048576K
}
2019-06-25T15:34:12.407+0000: 372072.317: Application time: 0.9319167 seconds
2019-06-25T15:35:50.561+0000: 372170.470: Application time: 98.1528299 seconds
{Heap before GC invocations=5315 (full 147):
 par new generation   total 9792K, used 9378K [0x00000000e1000000, 0x00000000e1aa0000, 0x00000000eb4a0000)
  eden space 8704K, 100% used [0x00000000e1000000, 0x00000000e1880000, 0x00000000e1880000)
  from space 1088K,  61% used [0x00000000e1990000, 0x00000000e1a38a18, 0x00000000e1aa0000)
  to   space 1088K,   0% used [0x00000000e1880000, 0x00000000e1880000, 0x00000000e1990000)
 concurrent mark-sweep generation total 118492K, used 69385K [0x00000000eb4a0000, 0x00000000f2857000, 0x0000000100000000)
 Metaspace       used 95814K, capacity 100045K, committed 100352K, reserved 1136640K
  class space    used 11688K, capacity 12463K, committed 12544K, reserved 1048576K
2019-06-25T15:35:50.561+0000: 372170.471: [GC (Allocation Failure) 2019-06-25T15:35:50.562+0000: 372170.471: [ParNew: 9378K->813K(9792K), 0.0031970 secs] 78763K->70199K(128284K), 0.0039381 secs] [Times: user=0.00 sys=0.00, real=0.00 secs] 
Heap after GC invocations=5316 (full 147):
 par new generation   total 9792K, used 813K [0x00000000e1000000, 0x00000000e1aa0000, 0x00000000eb4a0000)
  eden space 8704K,   0% used [0x00000000e1000000, 0x00000000e1000000, 0x00000000e1880000)
  from space 1088K,  74% used [0x00000000e1880000, 0x00000000e194b780, 0x00000000e1990000)
  to   space 1088K,   0% used [0x00000000e1990000, 0x00000000e1990000, 0x00000000e1aa0000)
 concurrent mark-sweep generation total 118492K, used 69385K [0x00000000eb4a0000, 0x00000000f2857000, 0x0000000100000000)
 Metaspace       used 95814K, capacity 100045K, committed 100352K, reserved 1136640K
  class space    used 11688K, capacity 12463K, committed 12544K, reserved 1048576K
}
2019-06-25T15:37:31.432+0000: 372271.342: Application time: 100.8660592 seconds
{Heap before GC invocations=5316 (full 147):
 par new generation   total 9792K, used 9517K [0x00000000e1000000, 0x00000000e1aa0000, 0x00000000eb4a0000)
  eden space 8704K, 100% used [0x00000000e1000000, 0x00000000e1880000, 0x00000000e1880000)
  from space 1088K,  74% used [0x00000000e1880000, 0x00000000e194b780, 0x00000000e1990000)
  to   space 1088K,   0% used [0x00000000e1990000, 0x00000000e1990000, 0x00000000e1aa0000)
 concurrent mark-sweep generation total 118492K, used 69385K [0x00000000eb4a0000, 0x00000000f2857000, 0x0000000100000000)
 Metaspace       used 95814K, capacity 100045K, committed 100352K, reserved 1136640K
  class space    used 11688K, capacity 12463K, committed 12544K, reserved 1048576K
2019-06-25T15:37:31.433+0000: 372271.343: [GC (Allocation Failure) 2019-06-25T15:37:31.433+0000: 372271.343: [ParNew: 9517K->606K(9792K), 0.0034290 secs] 78903K->70197K(128284K), 0.0043490 secs] [Times: user=0.00 sys=0.00, real=0.00 secs] 
Heap after GC invocations=5317 (full 147):
 par new generation   total 9792K, used 606K [0x00000000e1000000, 0x00000000e1aa0000, 0x00000000eb4a0000)
  eden space 8704K,   0% used [0x00000000e1000000, 0x00000000e1000000, 0x00000000e1880000)
  from space 1088K,  55% used [0x00000000e1990000, 0x00000000e1a27ad8, 0x00000000e1aa0000)
  to   space 1088K,   0% used [0x00000000e1880000, 0x00000000e1880000, 0x00000000e1990000)
 concurrent mark-sweep generation total 118492K, used 69590K [0x00000000eb4a0000, 0x00000000f2857000, 0x0000000100000000)
 Metaspace       used 95814K, capacity 100045K, committed 100352K, reserved 1136640K
  class space    used 11688K, capacity 12463K, committed 12544K, reserved 1048576K
}
2019-06-25T15:39:10.751+0000: 372370.661: Application time: 99.3130106 seconds
2019-06-25T15:39:11.683+0000: 372371.593: Application time: 0.9319375 seconds
{Heap before GC invocations=5317 (full 147):
 par new generation   total 9792K, used 9310K [0x00000000e1000000, 0x00000000e1aa0000, 0x00000000eb4a0000)
  eden space 8704K, 100% used [0x00000000e1000000, 0x00000000e1880000, 0x00000000e1880000)
  from space 1088K,  55% used [0x00000000e1990000, 0x00000000e1a27ad8, 0x00000000e1aa0000)
  to   space 1088K,   0% used [0x00000000e1880000, 0x00000000e1880000, 0x00000000e1990000)
 concurrent mark-sweep generation total 118492K, used 69590K [0x00000000eb4a0000, 0x00000000f2857000, 0x0000000100000000)
 Metaspace       used 95814K, capacity 100045K, committed 100352K, reserved 1136640K
  class space    used 11688K, capacity 12463K, committed 12544K, reserved 1048576K
2019-06-25T15:39:11.684+0000: 372371.594: [GC (Allocation Failure) 2019-06-25T15:39:11.685+0000: 372371.595: [ParNew: 9310K->643K(9792K), 0.0035314 secs] 78901K->70233K(128284K), 0.0045422 secs] [Times: user=0.01 sys=0.00, real=0.01 secs] 
Heap after GC invocations=5318 (full 147):
 par new generation   total 9792K, used 643K [0x00000000e1000000, 0x00000000e1aa0000, 0x00000000eb4a0000)
  eden space 8704K,   0% used [0x00000000e1000000, 0x00000000e1000000, 0x00000000e1880000)
  from space 1088K,  59% used [0x00000000e1880000, 0x00000000e1920cb8, 0x00000000e1990000)
  to   space 1088K,   0% used [0x00000000e1990000, 0x00000000e1990000, 0x00000000e1aa0000)
 concurrent mark-sweep generation total 118492K, used 69590K [0x00000000eb4a0000, 0x00000000f2857000, 0x0000000100000000)
 Metaspace       used 95814K, capacity 100045K, committed 100352K, reserved 1136640K
  class space    used 11688K, capacity 12463K, committed 12544K, reserved 1048576K
}
2019-06-25T15:40:50.821+0000: 372470.731: Application time: 99.1315124 seconds
{Heap before GC invocations=5318 (full 147):
 par new generation   total 9792K, used 9300K [0x00000000e1000000, 0x00000000e1aa0000, 0x00000000eb4a0000)
  eden space 8704K,  99% used [0x00000000e1000000, 0x00000000e1874608, 0x00000000e1880000)
  from space 1088K,  59% used [0x00000000e1880000, 0x00000000e1920cb8, 0x00000000e1990000)
  to   space 1088K,   0% used [0x00000000e1990000, 0x00000000e1990000, 0x00000000e1aa0000)
 concurrent mark-sweep generation total 118492K, used 69590K [0x00000000eb4a0000, 0x00000000f2857000, 0x0000000100000000)
 Metaspace       used 95814K, capacity 100045K, committed 100352K, reserved 1136640K
  class space    used 11688K, capacity 12463K, committed 12544K, reserved 1048576K
2019-06-25T15:40:50.822+0000: 372470.732: [GC (Allocation Failure) 2019-06-25T15:40:50.822+0000: 372470.732: [ParNew: 9300K->814K(9792K), 0.0035031 secs] 78891K->70420K(128284K), 0.0042459 secs] [Times: user=0.00 sys=0.00, real=0.00 secs] 
Heap after GC invocations=5319 (full 147):
 par new generation   total 9792K, used 814K [0x00000000e1000000, 0x00000000e1aa0000, 0x00000000eb4a0000)
  eden space 8704K,   0% used [0x00000000e1000000, 0x00000000e1000000, 0x00000000e1880000)
  from space 1088K,  74% used [0x00000000e1990000, 0x00000000e1a5b8f0, 0x00000000e1aa0000)
  to   space 1088K,   0% used [0x00000000e1880000, 0x00000000e1880000, 0x00000000e1990000)
 concurrent mark-sweep generation total 118492K, used 69606K [0x00000000eb4a0000, 0x00000000f2857000, 0x0000000100000000)
 Metaspace       used 95814K, capacity 100045K, committed 100352K, reserved 1136640K
  class space    used 11688K, capacity 12463K, committed 12544K, reserved 1048576K
}
2019-06-25T15:42:31.911+0000: 372571.821: Application time: 101.0842689 seconds
{Heap before GC invocations=5319 (full 147):
 par new generation   total 9792K, used 9518K [0x00000000e1000000, 0x00000000e1aa0000, 0x00000000eb4a0000)
  eden space 8704K, 100% used [0x00000000e1000000, 0x00000000e1880000, 0x00000000e1880000)
  from space 1088K,  74% used [0x00000000e1990000, 0x00000000e1a5b8f0, 0x00000000e1aa0000)
  to   space 1088K,   0% used [0x00000000e1880000, 0x00000000e1880000, 0x00000000e1990000)
 concurrent mark-sweep generation total 118492K, used 69606K [0x00000000eb4a0000, 0x00000000f2857000, 0x0000000100000000)
 Metaspace       used 95814K, capacity 100045K, committed 100352K, reserved 1136640K
  class space    used 11688K, capacity 12463K, committed 12544K, reserved 1048576K
2019-06-25T15:42:31.912+0000: 372571.822: [GC (Allocation Failure) 2019-06-25T15:42:31.913+0000: 372571.822: [ParNew: 9518K->751K(9792K), 0.0090858 secs] 79124K->70456K(128284K), 0.0103400 secs] [Times: user=0.02 sys=0.00, real=0.01 secs] 
Heap after GC invocations=5320 (full 147):
 par new generation   total 9792K, used 751K [0x00000000e1000000, 0x00000000e1aa0000, 0x00000000eb4a0000)
  eden space 8704K,   0% used [0x00000000e1000000, 0x00000000e1000000, 0x00000000e1880000)
  from space 1088K,  69% used [0x00000000e1880000, 0x00000000e193bcc0, 0x00000000e1990000)
  to   space 1088K,   0% used [0x00000000e1990000, 0x00000000e1990000, 0x00000000e1aa0000)
 concurrent mark-sweep generation total 118492K, used 69705K [0x00000000eb4a0000, 0x00000000f2857000, 0x0000000100000000)
 Metaspace       used 95814K, capacity 100045K, committed 100352K, reserved 1136640K
  class space    used 11688K, capacity 12463K, committed 12544K, reserved 1048576K
}
2019-06-25T15:43:12.313+0000: 372612.223: Application time: 40.3900129 seconds
2019-06-25T15:43:12.315+0000: 372612.225: Application time: 0.0015117 seconds
2019-06-25T15:44:10.778+0000: 372670.688: Application time: 58.4627142 seconds
2019-06-25T15:44:11.717+0000: 372671.627: Application time: 0.9384528 seconds
{Heap before GC invocations=5320 (full 147):
 par new generation   total 9792K, used 9455K [0x00000000e1000000, 0x00000000e1aa0000, 0x00000000eb4a0000)
  eden space 8704K, 100% used [0x00000000e1000000, 0x00000000e1880000, 0x00000000e1880000)
  from space 1088K,  69% used [0x00000000e1880000, 0x00000000e193bcc0, 0x00000000e1990000)
  to   space 1088K,   0% used [0x00000000e1990000, 0x00000000e1990000, 0x00000000e1aa0000)
 concurrent mark-sweep generation total 118492K, used 69705K [0x00000000eb4a0000, 0x00000000f2857000, 0x0000000100000000)
 Metaspace       used 95814K, capacity 100045K, committed 100352K, reserved 1136640K
  class space    used 11688K, capacity 12463K, committed 12544K, reserved 1048576K
2019-06-25T15:44:11.718+0000: 372671.627: [GC (Allocation Failure) 2019-06-25T15:44:11.718+0000: 372671.628: [ParNew: 9455K->645K(9792K), 0.0033926 secs] 79160K->70350K(128284K), 0.0044390 secs] [Times: user=0.01 sys=0.00, real=0.01 secs] 
Heap after GC invocations=5321 (full 147):
 par new generation   total 9792K, used 645K [0x00000000e1000000, 0x00000000e1aa0000, 0x00000000eb4a0000)
  eden space 8704K,   0% used [0x00000000e1000000, 0x00000000e1000000, 0x00000000e1880000)
  from space 1088K,  59% used [0x00000000e1990000, 0x00000000e1a314a8, 0x00000000e1aa0000)
  to   space 1088K,   0% used [0x00000000e1880000, 0x00000000e1880000, 0x00000000e1990000)
 concurrent mark-sweep generation total 118492K, used 69705K [0x00000000eb4a0000, 0x00000000f2857000, 0x0000000100000000)
 Metaspace       used 95814K, capacity 100045K, committed 100352K, reserved 1136640K
  class space    used 11688K, capacity 12463K, committed 12544K, reserved 1048576K
}
2019-06-25T15:45:54.374+0000: 372774.284: Application time: 102.6514491 seconds
{Heap before GC invocations=5321 (full 147):
 par new generation   total 9792K, used 9349K [0x00000000e1000000, 0x00000000e1aa0000, 0x00000000eb4a0000)
  eden space 8704K, 100% used [0x00000000e1000000, 0x00000000e1880000, 0x00000000e1880000)
  from space 1088K,  59% used [0x00000000e1990000, 0x00000000e1a314a8, 0x00000000e1aa0000)
  to   space 1088K,   0% used [0x00000000e1880000, 0x00000000e1880000, 0x00000000e1990000)
 concurrent mark-sweep generation total 118492K, used 69705K [0x00000000eb4a0000, 0x00000000f2857000, 0x0000000100000000)
 Metaspace       used 95814K, capacity 100045K, committed 100352K, reserved 1136640K
  class space    used 11688K, capacity 12463K, committed 12544K, reserved 1048576K
2019-06-25T15:45:54.375+0000: 372774.285: [GC (Allocation Failure) 2019-06-25T15:45:54.375+0000: 372774.285: [ParNew: 9349K->746K(9792K), 0.0212673 secs] 79054K->70452K(128284K), 0.0220517 secs] [Times: user=0.04 sys=0.00, real=0.02 secs] 
Heap after GC invocations=5322 (full 147):
 par new generation   total 9792K, used 746K [0x00000000e1000000, 0x00000000e1aa0000, 0x00000000eb4a0000)
  eden space 8704K,   0% used [0x00000000e1000000, 0x00000000e1000000, 0x00000000e1880000)
  from space 1088K,  68% used [0x00000000e1880000, 0x00000000e193ab88, 0x00000000e1990000)
  to   space 1088K,   0% used [0x00000000e1990000, 0x00000000e1990000, 0x00000000e1aa0000)
 concurrent mark-sweep generation total 118492K, used 69705K [0x00000000eb4a0000, 0x00000000f2857000, 0x0000000100000000)
 Metaspace       used 95814K, capacity 100045K, committed 100352K, reserved 1136640K
  class space    used 11688K, capacity 12463K, committed 12544K, reserved 1048576K
}
2019-06-25T15:47:34.185+0000: 372874.095: Application time: 99.7870027 seconds
{Heap before GC invocations=5322 (full 147):
 par new generation   total 9792K, used 9450K [0x00000000e1000000, 0x00000000e1aa0000, 0x00000000eb4a0000)
  eden space 8704K, 100% used [0x00000000e1000000, 0x00000000e1880000, 0x00000000e1880000)
  from space 1088K,  68% used [0x00000000e1880000, 0x00000000e193ab88, 0x00000000e1990000)
  to   space 1088K,   0% used [0x00000000e1990000, 0x00000000e1990000, 0x00000000e1aa0000)
 concurrent mark-sweep generation total 118492K, used 69705K [0x00000000eb4a0000, 0x00000000f2857000, 0x0000000100000000)
 Metaspace       used 95814K, capacity 100045K, committed 100352K, reserved 1136640K
  class space    used 11688K, capacity 12463K, committed 12544K, reserved 1048576K
2019-06-25T15:47:34.186+0000: 372874.096: [GC (Allocation Failure) 2019-06-25T15:47:34.186+0000: 372874.096: [ParNew: 9450K->780K(9792K), 0.0032889 secs] 79156K->70485K(128284K), 0.0041156 secs] [Times: user=0.01 sys=0.00, real=0.01 secs] 
Heap after GC invocations=5323 (full 147):
 par new generation   total 9792K, used 780K [0x00000000e1000000, 0x00000000e1aa0000, 0x00000000eb4a0000)
  eden space 8704K,   0% used [0x00000000e1000000, 0x00000000e1000000, 0x00000000e1880000)
  from space 1088K,  71% used [0x00000000e1990000, 0x00000000e1a53208, 0x00000000e1aa0000)
  to   space 1088K,   0% used [0x00000000e1880000, 0x00000000e1880000, 0x00000000e1990000)
 concurrent mark-sweep generation total 118492K, used 69705K [0x00000000eb4a0000, 0x00000000f2857000, 0x0000000100000000)
 Metaspace       used 95814K, capacity 100045K, committed 100352K, reserved 1136640K
  class space    used 11688K, capacity 12463K, committed 12544K, reserved 1048576K
}
2019-06-25T15:49:10.312+0000: 372970.221: Application time: 96.1207277 seconds
2019-06-25T15:49:12.501+0000: 372972.411: Application time: 2.1894539 seconds
{Heap before GC invocations=5323 (full 147):
 par new generation   total 9792K, used 9484K [0x00000000e1000000, 0x00000000e1aa0000, 0x00000000eb4a0000)
  eden space 8704K, 100% used [0x00000000e1000000, 0x00000000e1880000, 0x00000000e1880000)
  from space 1088K,  71% used [0x00000000e1990000, 0x00000000e1a53208, 0x00000000e1aa0000)
  to   space 1088K,   0% used [0x00000000e1880000, 0x00000000e1880000, 0x00000000e1990000)
 concurrent mark-sweep generation total 118492K, used 69705K [0x00000000eb4a0000, 0x00000000f2857000, 0x0000000100000000)
 Metaspace       used 95814K, capacity 100045K, committed 100352K, reserved 1136640K
  class space    used 11688K, capacity 12463K, committed 12544K, reserved 1048576K
2019-06-25T15:49:12.502+0000: 372972.412: [GC (Allocation Failure) 2019-06-25T15:49:12.502+0000: 372972.412: [ParNew: 9484K->539K(9792K), 0.0034934 secs] 79189K->70248K(128284K), 0.0043333 secs] [Times: user=0.00 sys=0.00, real=0.00 secs] 
Heap after GC invocations=5324 (full 147):
 par new generation   total 9792K, used 539K [0x00000000e1000000, 0x00000000e1aa0000, 0x00000000eb4a0000)
  eden space 8704K,   0% used [0x00000000e1000000, 0x00000000e1000000, 0x00000000e1880000)
  from space 1088K,  49% used [0x00000000e1880000, 0x00000000e1906f80, 0x00000000e1990000)
  to   space 1088K,   0% used [0x00000000e1990000, 0x00000000e1990000, 0x00000000e1aa0000)
 concurrent mark-sweep generation total 118492K, used 69708K [0x00000000eb4a0000, 0x00000000f2857000, 0x0000000100000000)
 Metaspace       used 95814K, capacity 100045K, committed 100352K, reserved 1136640K
  class space    used 11688K, capacity 12463K, committed 12544K, reserved 1048576K
}
2019-06-25T15:49:24.572+0000: 372984.482: Application time: 12.0646606 seconds
2019-06-25T15:50:55.307+0000: 373075.217: Application time: 90.7352983 seconds
{Heap before GC invocations=5324 (full 147):
 par new generation   total 9792K, used 9243K [0x00000000e1000000, 0x00000000e1aa0000, 0x00000000eb4a0000)
  eden space 8704K,  99% used [0x00000000e1000000, 0x00000000e187ffd8, 0x00000000e1880000)
  from space 1088K,  49% used [0x00000000e1880000, 0x00000000e1906f80, 0x00000000e1990000)
  to   space 1088K,   0% used [0x00000000e1990000, 0x00000000e1990000, 0x00000000e1aa0000)
 concurrent mark-sweep generation total 118492K, used 69708K [0x00000000eb4a0000, 0x00000000f2857000, 0x0000000100000000)
 Metaspace       used 95814K, capacity 100045K, committed 100352K, reserved 1136640K
  class space    used 11688K, capacity 12463K, committed 12544K, reserved 1048576K
2019-06-25T15:50:55.308+0000: 373075.218: [GC (Allocation Failure) 2019-06-25T15:50:55.309+0000: 373075.219: [ParNew: 9243K->739K(9792K), 0.0065790 secs] 78952K->70447K(128284K), 0.0074835 secs] [Times: user=0.01 sys=0.01, real=0.00 secs] 
Heap after GC invocations=5325 (full 147):
 par new generation   total 9792K, used 739K [0x00000000e1000000, 0x00000000e1aa0000, 0x00000000eb4a0000)
  eden space 8704K,   0% used [0x00000000e1000000, 0x00000000e1000000, 0x00000000e1880000)
  from space 1088K,  67% used [0x00000000e1990000, 0x00000000e1a48ee8, 0x00000000e1aa0000)
  to   space 1088K,   0% used [0x00000000e1880000, 0x00000000e1880000, 0x00000000e1990000)
 concurrent mark-sweep generation total 118492K, used 69708K [0x00000000eb4a0000, 0x00000000f2857000, 0x0000000100000000)
 Metaspace       used 95814K, capacity 100045K, committed 100352K, reserved 1136640K
  class space    used 11688K, capacity 12463K, committed 12544K, reserved 1048576K
}
2019-06-25T15:52:39.100+0000: 373179.010: Application time: 103.7836599 seconds
{Heap before GC invocations=5325 (full 147):
 par new generation   total 9792K, used 9443K [0x00000000e1000000, 0x00000000e1aa0000, 0x00000000eb4a0000)
  eden space 8704K, 100% used [0x00000000e1000000, 0x00000000e1880000, 0x00000000e1880000)
  from space 1088K,  67% used [0x00000000e1990000, 0x00000000e1a48ee8, 0x00000000e1aa0000)
  to   space 1088K,   0% used [0x00000000e1880000, 0x00000000e1880000, 0x00000000e1990000)
 concurrent mark-sweep generation total 118492K, used 69708K [0x00000000eb4a0000, 0x00000000f2857000, 0x0000000100000000)
 Metaspace       used 95814K, capacity 100045K, committed 100352K, reserved 1136640K
  class space    used 11688K, capacity 12463K, committed 12544K, reserved 1048576K
2019-06-25T15:52:39.101+0000: 373179.011: [GC (Allocation Failure) 2019-06-25T15:52:39.102+0000: 373179.012: [ParNew: 9443K->641K(9792K), 0.0032758 secs] 79151K->70349K(128284K), 0.0042240 secs] [Times: user=0.01 sys=0.00, real=0.00 secs] 
Heap after GC invocations=5326 (full 147):
 par new generation   total 9792K, used 641K [0x00000000e1000000, 0x00000000e1aa0000, 0x00000000eb4a0000)
  eden space 8704K,   0% used [0x00000000e1000000, 0x00000000e1000000, 0x00000000e1880000)
  from space 1088K,  58% used [0x00000000e1880000, 0x00000000e1920588, 0x00000000e1990000)
  to   space 1088K,   0% used [0x00000000e1990000, 0x00000000e1990000, 0x00000000e1aa0000)
 concurrent mark-sweep generation total 118492K, used 69708K [0x00000000eb4a0000, 0x00000000f2857000, 0x0000000100000000)
 Metaspace       used 95814K, capacity 100045K, committed 100352K, reserved 1136640K
  class space    used 11688K, capacity 12463K, committed 12544K, reserved 1048576K
}
2019-06-25T15:54:10.339+0000: 373270.248: Application time: 91.2321697 seconds
2019-06-25T15:54:14.531+0000: 373274.441: Application time: 4.1920595 seconds
{Heap before GC invocations=5326 (full 147):
 par new generation   total 9792K, used 9345K [0x00000000e1000000, 0x00000000e1aa0000, 0x00000000eb4a0000)
  eden space 8704K, 100% used [0x00000000e1000000, 0x00000000e1880000, 0x00000000e1880000)
  from space 1088K,  58% used [0x00000000e1880000, 0x00000000e1920588, 0x00000000e1990000)
  to   space 1088K,   0% used [0x00000000e1990000, 0x00000000e1990000, 0x00000000e1aa0000)
 concurrent mark-sweep generation total 118492K, used 69708K [0x00000000eb4a0000, 0x00000000f2857000, 0x0000000100000000)
 Metaspace       used 95814K, capacity 100045K, committed 100352K, reserved 1136640K
  class space    used 11688K, capacity 12463K, committed 12544K, reserved 1048576K
2019-06-25T15:54:14.532+0000: 373274.442: [GC (Allocation Failure) 2019-06-25T15:54:14.532+0000: 373274.442: [ParNew: 9345K->652K(9792K), 0.0032685 secs] 79053K->70360K(128284K), 0.0039314 secs] [Times: user=0.01 sys=0.00, real=0.00 secs] 
Heap after GC invocations=5327 (full 147):
 par new generation   total 9792K, used 652K [0x00000000e1000000, 0x00000000e1aa0000, 0x00000000eb4a0000)
  eden space 8704K,   0% used [0x00000000e1000000, 0x00000000e1000000, 0x00000000e1880000)
  from space 1088K,  59% used [0x00000000e1990000, 0x00000000e1a33190, 0x00000000e1aa0000)
  to   space 1088K,   0% used [0x00000000e1880000, 0x00000000e1880000, 0x00000000e1990000)
 concurrent mark-sweep generation total 118492K, used 69708K [0x00000000eb4a0000, 0x00000000f2857000, 0x0000000100000000)
 Metaspace       used 95814K, capacity 100045K, committed 100352K, reserved 1136640K
  class space    used 11688K, capacity 12463K, committed 12544K, reserved 1048576K
}
2019-06-25T15:55:11.864+0000: 373331.774: Application time: 57.3280206 seconds
2019-06-25T15:55:11.866+0000: 373331.776: Application time: 0.0015789 seconds
2019-06-25T15:55:57.032+0000: 373376.942: Application time: 45.1655070 seconds
{Heap before GC invocations=5327 (full 147):
 par new generation   total 9792K, used 9356K [0x00000000e1000000, 0x00000000e1aa0000, 0x00000000eb4a0000)
  eden space 8704K, 100% used [0x00000000e1000000, 0x00000000e1880000, 0x00000000e1880000)
  from space 1088K,  59% used [0x00000000e1990000, 0x00000000e1a33190, 0x00000000e1aa0000)
  to   space 1088K,   0% used [0x00000000e1880000, 0x00000000e1880000, 0x00000000e1990000)
 concurrent mark-sweep generation total 118492K, used 69708K [0x00000000eb4a0000, 0x00000000f2857000, 0x0000000100000000)
 Metaspace       used 95814K, capacity 100045K, committed 100352K, reserved 1136640K
  class space    used 11688K, capacity 12463K, committed 12544K, reserved 1048576K
2019-06-25T15:55:57.033+0000: 373376.942: [GC (Allocation Failure) 2019-06-25T15:55:57.033+0000: 373376.943: [ParNew: 9356K->756K(9792K), 0.0030646 secs] 79064K->70468K(128284K), 0.0037814 secs] [Times: user=0.00 sys=0.00, real=0.00 secs] 
Heap after GC invocations=5328 (full 147):
 par new generation   total 9792K, used 756K [0x00000000e1000000, 0x00000000e1aa0000, 0x00000000eb4a0000)
  eden space 8704K,   0% used [0x00000000e1000000, 0x00000000e1000000, 0x00000000e1880000)
  from space 1088K,  69% used [0x00000000e1880000, 0x00000000e193d308, 0x00000000e1990000)
  to   space 1088K,   0% used [0x00000000e1990000, 0x00000000e1990000, 0x00000000e1aa0000)
 concurrent mark-sweep generation total 118492K, used 69711K [0x00000000eb4a0000, 0x00000000f2857000, 0x0000000100000000)
 Metaspace       used 95814K, capacity 100045K, committed 100352K, reserved 1136640K
  class space    used 11688K, capacity 12463K, committed 12544K, reserved 1048576K
}
2019-06-25T15:56:07.787+0000: 373387.697: Application time: 10.7496956 seconds
2019-06-25T15:56:07.789+0000: 373387.699: Application time: 0.0000733 seconds
2019-06-25T15:56:07.790+0000: 373387.700: Application time: 0.0001942 seconds
2019-06-25T15:56:08.632+0000: 373388.542: Application time: 0.8421161 seconds
2019-06-25T15:56:08.637+0000: 373388.546: Application time: 0.0001053 seconds
2019-06-25T15:56:08.637+0000: 373388.547: Application time: 0.0001188 seconds
2019-06-25T15:56:08.637+0000: 373388.547: Application time: 0.0000553 seconds
2019-06-25T15:56:12.791+0000: 373392.701: Application time: 4.1532865 seconds
2019-06-25T15:56:12.816+0000: 373392.726: Application time: 0.0248744 seconds
2019-06-25T15:56:15.640+0000: 373395.549: Application time: 2.8235523 seconds
2019-06-25T15:56:15.640+0000: 373395.550: Application time: 0.0000738 seconds
2019-06-25T15:56:15.640+0000: 373395.550: Application time: 0.0000252 seconds
2019-06-25T15:56:15.640+0000: 373395.550: Application time: 0.0000192 seconds
2019-06-25T15:56:15.641+0000: 373395.550: Application time: 0.0001905 seconds
2019-06-25T15:56:15.641+0000: 373395.551: Application time: 0.0001174 seconds
2019-06-25T15:56:20.159+0000: 373400.068: Application time: 4.5177755 seconds
2019-06-25T15:56:20.183+0000: 373400.093: Application time: 0.0241990 seconds
2019-06-25T15:56:26.653+0000: 373406.564: Application time: 6.4705451 seconds
2019-06-25T15:56:26.654+0000: 373406.564: Application time: 0.0000697 seconds
2019-06-25T15:56:26.654+0000: 373406.564: Application time: 0.0000762 seconds
2019-06-25T15:56:26.655+0000: 373406.565: Application time: 0.0000642 seconds
2019-06-25T15:56:26.655+0000: 373406.565: Application time: 0.0000662 seconds
2019-06-25T15:56:31.792+0000: 373411.702: Application time: 5.1365779 seconds
{Heap before GC invocations=5328 (full 147):
 par new generation   total 9792K, used 9246K [0x00000000e1000000, 0x00000000e1aa0000, 0x00000000eb4a0000)
  eden space 8704K,  97% used [0x00000000e1000000, 0x00000000e184a550, 0x00000000e1880000)
  from space 1088K,  69% used [0x00000000e1880000, 0x00000000e193d308, 0x00000000e1990000)
  to   space 1088K,   0% used [0x00000000e1990000, 0x00000000e1990000, 0x00000000e1aa0000)
 concurrent mark-sweep generation total 118492K, used 69711K [0x00000000eb4a0000, 0x00000000f2857000, 0x0000000100000000)
 Metaspace       used 95814K, capacity 100045K, committed 100352K, reserved 1136640K
  class space    used 11688K, capacity 12463K, committed 12544K, reserved 1048576K
2019-06-25T15:56:31.792+0000: 373411.702: [GC (Allocation Failure) 2019-06-25T15:56:31.793+0000: 373411.702: [ParNew: 9246K->958K(9792K), 0.0038681 secs] 78957K->70697K(128284K), 0.0045838 secs] [Times: user=0.00 sys=0.00, real=0.00 secs] 
Heap after GC invocations=5329 (full 147):
 par new generation   total 9792K, used 958K [0x00000000e1000000, 0x00000000e1aa0000, 0x00000000eb4a0000)
  eden space 8704K,   0% used [0x00000000e1000000, 0x00000000e1000000, 0x00000000e1880000)
  from space 1088K,  88% used [0x00000000e1990000, 0x00000000e1a7fa00, 0x00000000e1aa0000)
  to   space 1088K,   0% used [0x00000000e1880000, 0x00000000e1880000, 0x00000000e1990000)
 concurrent mark-sweep generation total 118492K, used 69739K [0x00000000eb4a0000, 0x00000000f2857000, 0x0000000100000000)
 Metaspace       used 95814K, capacity 100045K, committed 100352K, reserved 1136640K
  class space    used 11688K, capacity 12463K, committed 12544K, reserved 1048576K
}
2019-06-25T15:56:32.659+0000: 373412.569: Application time: 0.8612801 seconds
2019-06-25T15:56:32.659+0000: 373412.569: Application time: 0.0000712 seconds
2019-06-25T15:56:32.659+0000: 373412.569: Application time: 0.0000582 seconds
2019-06-25T15:56:32.660+0000: 373412.570: Application time: 0.0001571 seconds
2019-06-25T15:56:32.661+0000: 373412.570: Application time: 0.0000954 seconds
2019-06-25T15:56:32.661+0000: 373412.571: Application time: 0.0001535 seconds
2019-06-25T15:56:32.661+0000: 373412.571: Application time: 0.0000216 seconds
2019-06-25T15:56:32.661+0000: 373412.571: Application time: 0.0002530 seconds
2019-06-25T15:56:36.790+0000: 373416.700: Application time: 4.1285171 seconds
2019-06-25T15:56:36.820+0000: 373416.729: Application time: 0.0293473 seconds
2019-06-25T15:57:10.332+0000: 373450.242: Application time: 33.5119662 seconds
2019-06-25T15:57:14.696+0000: 373454.606: Application time: 4.3642764 seconds
2019-06-25T15:57:14.697+0000: 373454.607: Application time: 0.0000701 seconds
2019-06-25T15:57:14.697+0000: 373454.607: Application time: 0.0000711 seconds
2019-06-25T15:57:14.697+0000: 373454.607: Application time: 0.0000636 seconds
2019-06-25T15:57:14.698+0000: 373454.608: Application time: 0.0001107 seconds
2019-06-25T15:57:14.698+0000: 373454.608: Application time: 0.0001427 seconds
2019-06-25T15:57:18.924+0000: 373458.835: Application time: 4.2261857 seconds
2019-06-25T15:57:18.950+0000: 373458.859: Application time: 0.0245554 seconds
2019-06-25T15:57:20.543+0000: 373460.453: Application time: 1.5929429 seconds
2019-06-25T15:57:20.547+0000: 373460.457: Application time: 0.0000695 seconds
2019-06-25T15:57:20.551+0000: 373460.460: Application time: 0.0031336 seconds
{Heap before GC invocations=5329 (full 147):
 par new generation   total 9792K, used 9496K [0x00000000e1000000, 0x00000000e1aa0000, 0x00000000eb4a0000)
  eden space 8704K,  98% used [0x00000000e1000000, 0x00000000e1856638, 0x00000000e1880000)
  from space 1088K,  88% used [0x00000000e1990000, 0x00000000e1a7fa00, 0x00000000e1aa0000)
  to   space 1088K,   0% used [0x00000000e1880000, 0x00000000e1880000, 0x00000000e1990000)
 concurrent mark-sweep generation total 118492K, used 69739K [0x00000000eb4a0000, 0x00000000f2857000, 0x0000000100000000)
 Metaspace       used 95814K, capacity 100045K, committed 100352K, reserved 1136640K
  class space    used 11688K, capacity 12463K, committed 12544K, reserved 1048576K
2019-06-25T15:57:20.552+0000: 373460.461: [GC (Allocation Failure) 2019-06-25T15:57:20.554+0000: 373460.463: [ParNew: 9496K->1019K(9792K), 0.0108018 secs] 79235K->71136K(128284K), 0.0132386 secs] [Times: user=0.01 sys=0.00, real=0.01 secs] 
Heap after GC invocations=5330 (full 147):
 par new generation   total 9792K, used 1019K [0x00000000e1000000, 0x00000000e1aa0000, 0x00000000eb4a0000)
  eden space 8704K,   0% used [0x00000000e1000000, 0x00000000e1000000, 0x00000000e1880000)
  from space 1088K,  93% used [0x00000000e1880000, 0x00000000e197ee00, 0x00000000e1990000)
  to   space 1088K,   0% used [0x00000000e1990000, 0x00000000e1990000, 0x00000000e1aa0000)
 concurrent mark-sweep generation total 118492K, used 70116K [0x00000000eb4a0000, 0x00000000f2857000, 0x0000000100000000)
 Metaspace       used 95814K, capacity 100045K, committed 100352K, reserved 1136640K
  class space    used 11688K, capacity 12463K, committed 12544K, reserved 1048576K
}
2019-06-25T15:57:20.703+0000: 373460.613: Application time: 0.1376176 seconds
2019-06-25T15:57:20.704+0000: 373460.614: Application time: 0.0001025 seconds
2019-06-25T15:57:20.704+0000: 373460.614: Application time: 0.0000655 seconds
2019-06-25T15:57:20.705+0000: 373460.615: Application time: 0.0000541 seconds
2019-06-25T15:57:20.706+0000: 373460.616: Application time: 0.0000816 seconds
2019-06-25T15:57:20.707+0000: 373460.616: Application time: 0.0000842 seconds
2019-06-25T15:57:25.548+0000: 373465.458: Application time: 4.8410824 seconds
2019-06-25T15:57:25.588+0000: 373465.498: Application time: 0.0394954 seconds
2019-06-25T15:57:42.420+0000: 373482.330: Application time: 16.8320299 seconds
2019-06-25T15:57:42.558+0000: 373482.468: Application time: 0.1377698 seconds
2019-06-25T15:57:42.559+0000: 373482.469: Application time: 0.0001469 seconds
2019-06-25T15:57:42.559+0000: 373482.469: Application time: 0.0001272 seconds
2019-06-25T15:57:42.559+0000: 373482.469: Application time: 0.0001426 seconds
2019-06-25T15:57:42.560+0000: 373482.470: Application time: 0.0001300 seconds
2019-06-25T15:57:42.560+0000: 373482.470: Application time: 0.0001228 seconds
2019-06-25T15:57:42.560+0000: 373482.470: Application time: 0.0001631 seconds
2019-06-25T15:57:42.561+0000: 373482.471: Application time: 0.0002405 seconds
2019-06-25T15:57:42.728+0000: 373482.639: Application time: 0.1680039 seconds
2019-06-25T15:57:42.729+0000: 373482.639: Application time: 0.0000746 seconds
2019-06-25T15:57:42.729+0000: 373482.639: Application time: 0.0000630 seconds
2019-06-25T15:57:42.730+0000: 373482.639: Application time: 0.0000588 seconds
2019-06-25T15:57:42.730+0000: 373482.640: Application time: 0.0001325 seconds
2019-06-25T15:57:42.730+0000: 373482.640: Application time: 0.0000833 seconds
2019-06-25T15:57:47.421+0000: 373487.331: Application time: 4.6909022 seconds
2019-06-25T15:57:47.445+0000: 373487.355: Application time: 0.0234314 seconds
2019-06-25T15:58:05.540+0000: 373505.450: Application time: 18.0946654 seconds
2019-06-25T15:58:24.836+0000: 373524.746: Application time: 19.2957952 seconds
{Heap before GC invocations=5330 (full 147):
 par new generation   total 9792K, used 9723K [0x00000000e1000000, 0x00000000e1aa0000, 0x00000000eb4a0000)
  eden space 8704K, 100% used [0x00000000e1000000, 0x00000000e1880000, 0x00000000e1880000)
  from space 1088K,  93% used [0x00000000e1880000, 0x00000000e197ee00, 0x00000000e1990000)
  to   space 1088K,   0% used [0x00000000e1990000, 0x00000000e1990000, 0x00000000e1aa0000)
 concurrent mark-sweep generation total 118492K, used 70116K [0x00000000eb4a0000, 0x00000000f2857000, 0x0000000100000000)
 Metaspace       used 95814K, capacity 100045K, committed 100352K, reserved 1136640K
  class space    used 11688K, capacity 12463K, committed 12544K, reserved 1048576K
2019-06-25T15:58:24.837+0000: 373524.747: [GC (Allocation Failure) 2019-06-25T15:58:24.837+0000: 373524.747: [ParNew: 9723K->951K(9792K), 0.0381683 secs] 79840K->71324K(128284K), 0.0390072 secs] [Times: user=0.07 sys=0.00, real=0.04 secs] 
Heap after GC invocations=5331 (full 147):
 par new generation   total 9792K, used 951K [0x00000000e1000000, 0x00000000e1aa0000, 0x00000000eb4a0000)
  eden space 8704K,   0% used [0x00000000e1000000, 0x00000000e1000000, 0x00000000e1880000)
  from space 1088K,  87% used [0x00000000e1990000, 0x00000000e1a7dc40, 0x00000000e1aa0000)
  to   space 1088K,   0% used [0x00000000e1880000, 0x00000000e1880000, 0x00000000e1990000)
 concurrent mark-sweep generation total 118492K, used 70373K [0x00000000eb4a0000, 0x00000000f2857000, 0x0000000100000000)
 Metaspace       used 95814K, capacity 100045K, committed 100352K, reserved 1136640K
  class space    used 11688K, capacity 12463K, committed 12544K, reserved 1048576K
}
2019-06-25T15:58:47.787+0000: 373547.697: Application time: 22.9107120 seconds
2019-06-25T15:58:47.790+0000: 373547.699: Application time: 0.0019705 seconds
2019-06-25T15:58:47.790+0000: 373547.700: Application time: 0.0002112 seconds
2019-06-25T15:58:47.792+0000: 373547.702: Application time: 0.0020501 seconds
2019-06-25T15:58:47.794+0000: 373547.703: Application time: 0.0002292 seconds
2019-06-25T15:58:47.795+0000: 373547.705: Application time: 0.0010932 seconds
2019-06-25T15:58:52.543+0000: 373552.452: Application time: 4.7476196 seconds
2019-06-25T15:58:52.567+0000: 373552.477: Application time: 0.0243667 seconds
2019-06-25T15:59:10.337+0000: 373570.247: Application time: 17.7695931 seconds
2019-06-25T15:59:10.404+0000: 373570.314: Application time: 0.0664359 seconds
2019-06-25T15:59:25.182+0000: 373585.091: Application time: 14.7774166 seconds
{Heap before GC invocations=5331 (full 147):
 par new generation   total 9792K, used 9440K [0x00000000e1000000, 0x00000000e1aa0000, 0x00000000eb4a0000)
  eden space 8704K,  97% used [0x00000000e1000000, 0x00000000e184a438, 0x00000000e1880000)
  from space 1088K,  87% used [0x00000000e1990000, 0x00000000e1a7dc40, 0x00000000e1aa0000)
  to   space 1088K,   0% used [0x00000000e1880000, 0x00000000e1880000, 0x00000000e1990000)
 concurrent mark-sweep generation total 118492K, used 70373K [0x00000000eb4a0000, 0x00000000f2857000, 0x0000000100000000)
 Metaspace       used 95814K, capacity 100045K, committed 100352K, reserved 1136640K
  class space    used 11688K, capacity 12463K, committed 12544K, reserved 1048576K
2019-06-25T15:59:25.183+0000: 373585.093: [GC (Allocation Failure) 2019-06-25T15:59:25.183+0000: 373585.093: [ParNew: 9440K->964K(9792K), 0.0104686 secs] 79813K->71338K(128284K), 0.0113145 secs] [Times: user=0.02 sys=0.00, real=0.01 secs] 
Heap after GC invocations=5332 (full 147):
 par new generation   total 9792K, used 964K [0x00000000e1000000, 0x00000000e1aa0000, 0x00000000eb4a0000)
  eden space 8704K,   0% used [0x00000000e1000000, 0x00000000e1000000, 0x00000000e1880000)
  from space 1088K,  88% used [0x00000000e1880000, 0x00000000e19713e8, 0x00000000e1990000)
  to   space 1088K,   0% used [0x00000000e1990000, 0x00000000e1990000, 0x00000000e1aa0000)
 concurrent mark-sweep generation total 118492K, used 70373K [0x00000000eb4a0000, 0x00000000f2857000, 0x0000000100000000)
 Metaspace       used 95814K, capacity 100045K, committed 100352K, reserved 1136640K
  class space    used 11688K, capacity 12463K, committed 12544K, reserved 1048576K
}
2019-06-25T15:59:25.829+0000: 373585.739: Application time: 0.6341115 seconds
2019-06-25T15:59:25.829+0000: 373585.739: Application time: 0.0000701 seconds
2019-06-25T15:59:25.830+0000: 373585.739: Application time: 0.0000681 seconds
2019-06-25T15:59:25.830+0000: 373585.740: Application time: 0.0000646 seconds
2019-06-25T15:59:25.830+0000: 373585.740: Application time: 0.0001259 seconds
2019-06-25T15:59:25.831+0000: 373585.740: Application time: 0.0001217 seconds
2019-06-25T15:59:30.178+0000: 373590.088: Application time: 4.3474246 seconds
2019-06-25T15:59:30.219+0000: 373590.129: Application time: 0.0406643 seconds
2019-06-25T15:59:42.573+0000: 373602.483: Application time: 12.3534763 seconds
2019-06-25T15:59:42.574+0000: 373602.484: Application time: 0.0009957 seconds
2019-06-25T15:59:42.575+0000: 373602.484: Application time: 0.0001157 seconds
2019-06-25T15:59:42.575+0000: 373602.485: Application time: 0.0001063 seconds
2019-06-25T16:00:06.471+0000: 373626.380: Application time: 23.8956340 seconds
2019-06-25T16:00:07.305+0000: 373627.215: Application time: 0.8344139 seconds
2019-06-25T16:00:10.340+0000: 373630.250: Application time: 3.0345302 seconds
2019-06-25T16:00:28.885+0000: 373648.795: Application time: 18.5447619 seconds
2019-06-25T16:00:28.886+0000: 373648.795: Application time: 0.0000907 seconds
2019-06-25T16:00:28.886+0000: 373648.796: Application time: 0.0004799 seconds
2019-06-25T16:00:28.886+0000: 373648.796: Application time: 0.0000716 seconds
2019-06-25T16:00:28.887+0000: 373648.796: Application time: 0.0001477 seconds
2019-06-25T16:00:28.887+0000: 373648.797: Application time: 0.0000565 seconds
2019-06-25T16:00:28.887+0000: 373648.797: Application time: 0.0004186 seconds
{Heap before GC invocations=5332 (full 147):
 par new generation   total 9792K, used 9668K [0x00000000e1000000, 0x00000000e1aa0000, 0x00000000eb4a0000)
  eden space 8704K, 100% used [0x00000000e1000000, 0x00000000e1880000, 0x00000000e1880000)
  from space 1088K,  88% used [0x00000000e1880000, 0x00000000e19713e8, 0x00000000e1990000)
  to   space 1088K,   0% used [0x00000000e1990000, 0x00000000e1990000, 0x00000000e1aa0000)
 concurrent mark-sweep generation total 118492K, used 70373K [0x00000000eb4a0000, 0x00000000f2857000, 0x0000000100000000)
 Metaspace       used 95816K, capacity 100045K, committed 100352K, reserved 1136640K
  class space    used 11688K, capacity 12463K, committed 12544K, reserved 1048576K
2019-06-25T16:00:28.888+0000: 373648.798: [GC (Allocation Failure) 2019-06-25T16:00:28.888+0000: 373648.798: [ParNew: 9668K->776K(9792K), 0.0058316 secs] 80042K->71635K(128284K), 0.0066377 secs] [Times: user=0.01 sys=0.00, real=0.01 secs] 
Heap after GC invocations=5333 (full 147):
 par new generation   total 9792K, used 776K [0x00000000e1000000, 0x00000000e1aa0000, 0x00000000eb4a0000)
  eden space 8704K,   0% used [0x00000000e1000000, 0x00000000e1000000, 0x00000000e1880000)
  from space 1088K,  71% used [0x00000000e1990000, 0x00000000e1a523f8, 0x00000000e1aa0000)
  to   space 1088K,   0% used [0x00000000e1880000, 0x00000000e1880000, 0x00000000e1990000)
 concurrent mark-sweep generation total 118492K, used 70858K [0x00000000eb4a0000, 0x00000000f2857000, 0x0000000100000000)
 Metaspace       used 95816K, capacity 100045K, committed 100352K, reserved 1136640K
  class space    used 11688K, capacity 12463K, committed 12544K, reserved 1048576K
}
2019-06-25T16:00:32.892+0000: 373652.802: Application time: 3.9968028 seconds
2019-06-25T16:00:32.917+0000: 373652.826: Application time: 0.0241866 seconds
2019-06-25T16:00:42.581+0000: 373662.491: Application time: 9.6640026 seconds
2019-06-25T16:00:42.581+0000: 373662.491: Application time: 0.0001783 seconds
2019-06-25T16:00:42.582+0000: 373662.492: Application time: 0.0000667 seconds
2019-06-25T16:00:42.582+0000: 373662.492: Application time: 0.0000637 seconds
2019-06-25T16:00:42.584+0000: 373662.494: Application time: 0.0015278 seconds
2019-06-25T16:02:11.903+0000: 373751.813: Application time: 89.3185746 seconds
{Heap before GC invocations=5333 (full 147):
 par new generation   total 9792K, used 9480K [0x00000000e1000000, 0x00000000e1aa0000, 0x00000000eb4a0000)
  eden space 8704K, 100% used [0x00000000e1000000, 0x00000000e1880000, 0x00000000e1880000)
  from space 1088K,  71% used [0x00000000e1990000, 0x00000000e1a523f8, 0x00000000e1aa0000)
  to   space 1088K,   0% used [0x00000000e1880000, 0x00000000e1880000, 0x00000000e1990000)
 concurrent mark-sweep generation total 118492K, used 70858K [0x00000000eb4a0000, 0x00000000f2857000, 0x0000000100000000)
 Metaspace       used 95816K, capacity 100045K, committed 100352K, reserved 1136640K
  class space    used 11688K, capacity 12463K, committed 12544K, reserved 1048576K
2019-06-25T16:02:11.904+0000: 373751.813: [GC (Allocation Failure) 2019-06-25T16:02:11.904+0000: 373751.814: [ParNew: 9480K->784K(9792K), 0.0219102 secs] 80339K->71642K(128284K), 0.0226903 secs] [Times: user=0.04 sys=0.00, real=0.02 secs] 
Heap after GC invocations=5334 (full 147):
 par new generation   total 9792K, used 784K [0x00000000e1000000, 0x00000000e1aa0000, 0x00000000eb4a0000)
  eden space 8704K,   0% used [0x00000000e1000000, 0x00000000e1000000, 0x00000000e1880000)
  from space 1088K,  72% used [0x00000000e1880000, 0x00000000e1944130, 0x00000000e1990000)
  to   space 1088K,   0% used [0x00000000e1990000, 0x00000000e1990000, 0x00000000e1aa0000)
 concurrent mark-sweep generation total 118492K, used 70858K [0x00000000eb4a0000, 0x00000000f2857000, 0x0000000100000000)
 Metaspace       used 95816K, capacity 100045K, committed 100352K, reserved 1136640K
  class space    used 11688K, capacity 12463K, committed 12544K, reserved 1048576K
}
2019-06-25T16:03:40.856+0000: 373840.766: Application time: 88.9290223 seconds
{Heap before GC invocations=5334 (full 147):
 par new generation   total 9792K, used 9487K [0x00000000e1000000, 0x00000000e1aa0000, 0x00000000eb4a0000)
  eden space 8704K,  99% used [0x00000000e1000000, 0x00000000e187fc18, 0x00000000e1880000)
  from space 1088K,  72% used [0x00000000e1880000, 0x00000000e1944130, 0x00000000e1990000)
  to   space 1088K,   0% used [0x00000000e1990000, 0x00000000e1990000, 0x00000000e1aa0000)
 concurrent mark-sweep generation total 118492K, used 70858K [0x00000000eb4a0000, 0x00000000f2857000, 0x0000000100000000)
 Metaspace       used 95816K, capacity 100045K, committed 100352K, reserved 1136640K
  class space    used 11688K, capacity 12463K, committed 12544K, reserved 1048576K
2019-06-25T16:03:40.857+0000: 373840.766: [GC (Allocation Failure) 2019-06-25T16:03:40.857+0000: 373840.767: [ParNew: 9487K->846K(9792K), 0.0035803 secs] 80345K->71883K(128284K), 0.0044274 secs] [Times: user=0.01 sys=0.00, real=0.01 secs] 
Heap after GC invocations=5335 (full 147):
 par new generation   total 9792K, used 846K [0x00000000e1000000, 0x00000000e1aa0000, 0x00000000eb4a0000)
  eden space 8704K,   0% used [0x00000000e1000000, 0x00000000e1000000, 0x00000000e1880000)
  from space 1088K,  77% used [0x00000000e1990000, 0x00000000e1a63b30, 0x00000000e1aa0000)
  to   space 1088K,   0% used [0x00000000e1880000, 0x00000000e1880000, 0x00000000e1990000)
 concurrent mark-sweep generation total 118492K, used 71036K [0x00000000eb4a0000, 0x00000000f2857000, 0x0000000100000000)
 Metaspace       used 95816K, capacity 100045K, committed 100352K, reserved 1136640K
  class space    used 11688K, capacity 12463K, committed 12544K, reserved 1048576K
}
2019-06-25T16:03:41.105+0000: 373841.015: Application time: 0.2431012 seconds
2019-06-25T16:03:41.105+0000: 373841.015: Application time: 0.0001285 seconds
2019-06-25T16:03:41.106+0000: 373841.015: Application time: 0.0001424 seconds
2019-06-25T16:03:41.106+0000: 373841.016: Application time: 0.0001298 seconds
2019-06-25T16:03:45.852+0000: 373845.762: Application time: 4.7454839 seconds
2019-06-25T16:03:45.884+0000: 373845.794: Application time: 0.0319515 seconds
2019-06-25T16:04:05.540+0000: 373865.449: Application time: 19.6549911 seconds
2019-06-25T16:04:10.923+0000: 373870.833: Application time: 5.3831833 seconds
2019-06-25T16:04:33.150+0000: 373893.060: Application time: 22.2265382 seconds
2019-06-25T16:04:33.154+0000: 373893.064: Application time: 0.0000767 seconds
2019-06-25T16:04:33.155+0000: 373893.064: Application time: 0.0000931 seconds
2019-06-25T16:04:33.155+0000: 373893.065: Application time: 0.0000811 seconds
2019-06-25T16:04:33.155+0000: 373893.065: Application time: 0.0001603 seconds
2019-06-25T16:04:33.155+0000: 373893.065: Application time: 0.0000751 seconds
2019-06-25T16:05:09.314+0000: 373929.224: Application time: 36.1585189 seconds
{Heap before GC invocations=5335 (full 147):
 par new generation   total 9792K, used 9550K [0x00000000e1000000, 0x00000000e1aa0000, 0x00000000eb4a0000)
  eden space 8704K, 100% used [0x00000000e1000000, 0x00000000e1880000, 0x00000000e1880000)
  from space 1088K,  77% used [0x00000000e1990000, 0x00000000e1a63b30, 0x00000000e1aa0000)
  to   space 1088K,   0% used [0x00000000e1880000, 0x00000000e1880000, 0x00000000e1990000)
 concurrent mark-sweep generation total 118492K, used 71036K [0x00000000eb4a0000, 0x00000000f2857000, 0x0000000100000000)
 Metaspace       used 95816K, capacity 100045K, committed 100352K, reserved 1136640K
  class space    used 11688K, capacity 12463K, committed 12544K, reserved 1048576K
2019-06-25T16:05:09.315+0000: 373929.225: [GC (Allocation Failure) 2019-06-25T16:05:09.315+0000: 373929.225: [ParNew: 9550K->654K(9792K), 0.0049656 secs] 80587K->71920K(128284K), 0.0059851 secs] [Times: user=0.01 sys=0.00, real=0.01 secs] 
Heap after GC invocations=5336 (full 147):
 par new generation   total 9792K, used 654K [0x00000000e1000000, 0x00000000e1aa0000, 0x00000000eb4a0000)
  eden space 8704K,   0% used [0x00000000e1000000, 0x00000000e1000000, 0x00000000e1880000)
  from space 1088K,  60% used [0x00000000e1880000, 0x00000000e1923938, 0x00000000e1990000)
  to   space 1088K,   0% used [0x00000000e1990000, 0x00000000e1990000, 0x00000000e1aa0000)
 concurrent mark-sweep generation total 118492K, used 71266K [0x00000000eb4a0000, 0x00000000f2857000, 0x0000000100000000)
 Metaspace       used 95816K, capacity 100045K, committed 100352K, reserved 1136640K
  class space    used 11688K, capacity 12463K, committed 12544K, reserved 1048576K
}
2019-06-25T16:05:09.322+0000: 373929.232: Application time: 0.0000855 seconds
2019-06-25T16:05:09.322+0000: 373929.232: [GC (CMS Initial Mark) [1 CMS-initial-mark: 71266K(118492K)] 71922K(128284K), 0.0029784 secs] [Times: user=0.01 sys=0.00, real=0.00 secs] 
2019-06-25T16:05:09.327+0000: 373929.236: [CMS-concurrent-mark-start]
2019-06-25T16:05:09.434+0000: 373929.343: [CMS-concurrent-mark: 0.107/0.107 secs] [Times: user=0.10 sys=0.00, real=0.11 secs] 
2019-06-25T16:05:09.435+0000: 373929.344: [CMS-concurrent-preclean-start]
2019-06-25T16:05:09.436+0000: 373929.346: [CMS-concurrent-preclean: 0.002/0.002 secs] [Times: user=0.01 sys=0.00, real=0.00 secs] 
2019-06-25T16:05:09.437+0000: 373929.347: Application time: 0.1105639 seconds
2019-06-25T16:05:09.437+0000: 373929.347: [GC (CMS Final Remark) [YG occupancy: 709 K (9792 K)]2019-06-25T16:05:09.438+0000: 373929.348: [Rescan (parallel) , 0.0055423 secs]2019-06-25T16:05:09.444+0000: 373929.353: [weak refs processing, 0.0030603 secs]2019-06-25T16:05:09.447+0000: 373929.357: [class unloading, 0.0330824 secs]2019-06-25T16:05:09.480+0000: 373929.390: [scrub symbol table, 0.0229635 secs]2019-06-25T16:05:09.504+0000: 373929.414: [scrub string table, 0.0014634 secs][1 CMS-remark: 71266K(118492K)] 71975K(128284K), 0.0832074 secs] [Times: user=0.08 sys=0.00, real=0.09 secs] 
2019-06-25T16:05:09.522+0000: 373929.432: [CMS-concurrent-sweep-start]
2019-06-25T16:05:09.554+0000: 373929.464: [CMS-concurrent-sweep: 0.033/0.033 secs] [Times: user=0.04 sys=0.00, real=0.03 secs] 
2019-06-25T16:05:09.555+0000: 373929.465: [CMS-concurrent-reset-start]
2019-06-25T16:05:09.555+0000: 373929.465: [CMS-concurrent-reset: 0.000/0.000 secs] [Times: user=0.00 sys=0.00, real=0.00 secs] 
2019-06-25T16:05:10.522+0000: 373930.431: Application time: 1.0001864 seconds
2019-06-25T16:05:12.522+0000: 373932.432: Application time: 2.0003250 seconds
2019-06-25T16:05:13.523+0000: 373933.433: Application time: 1.0002405 seconds
2019-06-25T16:05:18.524+0000: 373938.434: Application time: 5.0008760 seconds
2019-06-25T16:05:25.525+0000: 373945.435: Application time: 7.0011618 seconds
2019-06-25T16:05:37.527+0000: 373957.437: Application time: 12.0014938 seconds
2019-06-25T16:06:06.531+0000: 373986.441: Application time: 29.0034606 seconds
2019-06-25T16:06:41.951+0000: 374021.861: Application time: 35.4202540 seconds
{Heap before GC invocations=5336 (full 148):
 par new generation   total 9792K, used 9358K [0x00000000e1000000, 0x00000000e1aa0000, 0x00000000eb4a0000)
  eden space 8704K, 100% used [0x00000000e1000000, 0x00000000e1880000, 0x00000000e1880000)
  from space 1088K,  60% used [0x00000000e1880000, 0x00000000e1923938, 0x00000000e1990000)
  to   space 1088K,   0% used [0x00000000e1990000, 0x00000000e1990000, 0x00000000e1aa0000)
 concurrent mark-sweep generation total 118492K, used 65472K [0x00000000eb4a0000, 0x00000000f2857000, 0x0000000100000000)
 Metaspace       used 95739K, capacity 99913K, committed 100352K, reserved 1136640K
  class space    used 11676K, capacity 12441K, committed 12544K, reserved 1048576K
2019-06-25T16:06:41.952+0000: 374021.862: [GC (Allocation Failure) 2019-06-25T16:06:41.953+0000: 374021.863: [ParNew: 9358K->969K(9792K), 0.0038559 secs] 74830K->66441K(128284K), 0.0046930 secs] [Times: user=0.00 sys=0.01, real=0.00 secs] 
Heap after GC invocations=5337 (full 148):
 par new generation   total 9792K, used 969K [0x00000000e1000000, 0x00000000e1aa0000, 0x00000000eb4a0000)
  eden space 8704K,   0% used [0x00000000e1000000, 0x00000000e1000000, 0x00000000e1880000)
  from space 1088K,  89% used [0x00000000e1990000, 0x00000000e1a82558, 0x00000000e1aa0000)
  to   space 1088K,   0% used [0x00000000e1880000, 0x00000000e1880000, 0x00000000e1990000)
 concurrent mark-sweep generation total 118492K, used 65472K [0x00000000eb4a0000, 0x00000000f2857000, 0x0000000100000000)
 Metaspace       used 95739K, capacity 99913K, committed 100352K, reserved 1136640K
  class space    used 11676K, capacity 12441K, committed 12544K, reserved 1048576K
}
2019-06-25T16:07:12.963+0000: 374052.873: Application time: 31.0048027 seconds
2019-06-25T16:07:42.967+0000: 374082.877: Application time: 30.0042093 seconds
2019-06-25T16:07:55.969+0000: 374095.879: Application time: 13.0016646 seconds
2019-06-25T16:08:09.971+0000: 374109.881: Application time: 14.0018627 seconds
2019-06-25T16:08:12.474+0000: 374112.384: Application time: 2.5018226 seconds
2019-06-25T16:08:12.476+0000: 374112.386: Application time: 0.0015812 seconds
2019-06-25T16:08:18.657+0000: 374118.567: Application time: 6.1811219 seconds
{Heap before GC invocations=5337 (full 148):
 par new generation   total 9792K, used 9673K [0x00000000e1000000, 0x00000000e1aa0000, 0x00000000eb4a0000)
  eden space 8704K, 100% used [0x00000000e1000000, 0x00000000e1880000, 0x00000000e1880000)
  from space 1088K,  89% used [0x00000000e1990000, 0x00000000e1a82558, 0x00000000e1aa0000)
  to   space 1088K,   0% used [0x00000000e1880000, 0x00000000e1880000, 0x00000000e1990000)
 concurrent mark-sweep generation total 118492K, used 65472K [0x00000000eb4a0000, 0x00000000f2857000, 0x0000000100000000)
 Metaspace       used 95743K, capacity 99919K, committed 100352K, reserved 1136640K
  class space    used 11677K, capacity 12442K, committed 12544K, reserved 1048576K
2019-06-25T16:08:18.658+0000: 374118.568: [GC (Allocation Failure) 2019-06-25T16:08:18.659+0000: 374118.569: [ParNew: 9673K->548K(9792K), 0.0083586 secs] 75145K->66355K(128284K), 0.0102913 secs] [Times: user=0.01 sys=0.01, real=0.02 secs] 
Heap after GC invocations=5338 (full 148):
 par new generation   total 9792K, used 548K [0x00000000e1000000, 0x00000000e1aa0000, 0x00000000eb4a0000)
  eden space 8704K,   0% used [0x00000000e1000000, 0x00000000e1000000, 0x00000000e1880000)
  from space 1088K,  50% used [0x00000000e1880000, 0x00000000e19092a0, 0x00000000e1990000)
  to   space 1088K,   0% used [0x00000000e1990000, 0x00000000e1990000, 0x00000000e1aa0000)
 concurrent mark-sweep generation total 118492K, used 65806K [0x00000000eb4a0000, 0x00000000f2857000, 0x0000000100000000)
 Metaspace       used 95743K, capacity 99919K, committed 100352K, reserved 1136640K
  class space    used 11677K, capacity 12442K, committed 12544K, reserved 1048576K
}
2019-06-25T16:09:10.947+0000: 374170.857: Application time: 52.2780142 seconds
2019-06-25T16:10:00.549+0000: 374220.459: Application time: 49.6015708 seconds
{Heap before GC invocations=5338 (full 148):
 par new generation   total 9792K, used 9252K [0x00000000e1000000, 0x00000000e1aa0000, 0x00000000eb4a0000)
  eden space 8704K, 100% used [0x00000000e1000000, 0x00000000e1880000, 0x00000000e1880000)
  from space 1088K,  50% used [0x00000000e1880000, 0x00000000e19092a0, 0x00000000e1990000)
  to   space 1088K,   0% used [0x00000000e1990000, 0x00000000e1990000, 0x00000000e1aa0000)
 concurrent mark-sweep generation total 118492K, used 65806K [0x00000000eb4a0000, 0x00000000f2857000, 0x0000000100000000)
 Metaspace       used 95743K, capacity 99919K, committed 100352K, reserved 1136640K
  class space    used 11677K, capacity 12442K, committed 12544K, reserved 1048576K
2019-06-25T16:10:00.550+0000: 374220.460: [GC (Allocation Failure) 2019-06-25T16:10:00.550+0000: 374220.460: [ParNew: 9252K->677K(9792K), 0.0031298 secs] 75059K->66484K(128284K), 0.0040062 secs] [Times: user=0.00 sys=0.00, real=0.00 secs] 
Heap after GC invocations=5339 (full 148):
 par new generation   total 9792K, used 677K [0x00000000e1000000, 0x00000000e1aa0000, 0x00000000eb4a0000)
  eden space 8704K,   0% used [0x00000000e1000000, 0x00000000e1000000, 0x00000000e1880000)
  from space 1088K,  62% used [0x00000000e1990000, 0x00000000e1a39700, 0x00000000e1aa0000)
  to   space 1088K,   0% used [0x00000000e1880000, 0x00000000e1880000, 0x00000000e1990000)
 concurrent mark-sweep generation total 118492K, used 65806K [0x00000000eb4a0000, 0x00000000f2857000, 0x0000000100000000)
 Metaspace       used 95743K, capacity 99919K, committed 100352K, reserved 1136640K
  class space    used 11677K, capacity 12442K, committed 12544K, reserved 1048576K
}
2019-06-25T16:11:41.864+0000: 374321.774: Application time: 101.3091494 seconds
{Heap before GC invocations=5339 (full 148):
 par new generation   total 9792K, used 9381K [0x00000000e1000000, 0x00000000e1aa0000, 0x00000000eb4a0000)
  eden space 8704K, 100% used [0x00000000e1000000, 0x00000000e1880000, 0x00000000e1880000)
  from space 1088K,  62% used [0x00000000e1990000, 0x00000000e1a39700, 0x00000000e1aa0000)
  to   space 1088K,   0% used [0x00000000e1880000, 0x00000000e1880000, 0x00000000e1990000)
 concurrent mark-sweep generation total 118492K, used 65806K [0x00000000eb4a0000, 0x00000000f2857000, 0x0000000100000000)
 Metaspace       used 95743K, capacity 99919K, committed 100352K, reserved 1136640K
  class space    used 11677K, capacity 12442K, committed 12544K, reserved 1048576K
2019-06-25T16:11:41.865+0000: 374321.775: [GC (Allocation Failure) 2019-06-25T16:11:41.865+0000: 374321.775: [ParNew: 9381K->766K(9792K), 0.0037380 secs] 75188K->66573K(128284K), 0.0046965 secs] [Times: user=0.01 sys=0.00, real=0.01 secs] 
Heap after GC invocations=5340 (full 148):
 par new generation   total 9792K, used 766K [0x00000000e1000000, 0x00000000e1aa0000, 0x00000000eb4a0000)
  eden space 8704K,   0% used [0x00000000e1000000, 0x00000000e1000000, 0x00000000e1880000)
  from space 1088K,  70% used [0x00000000e1880000, 0x00000000e193fa88, 0x00000000e1990000)
  to   space 1088K,   0% used [0x00000000e1990000, 0x00000000e1990000, 0x00000000e1aa0000)
 concurrent mark-sweep generation total 118492K, used 65806K [0x00000000eb4a0000, 0x00000000f2857000, 0x0000000100000000)
 Metaspace       used 95743K, capacity 99919K, committed 100352K, reserved 1136640K
  class space    used 11677K, capacity 12442K, committed 12544K, reserved 1048576K
}
2019-06-25T16:13:11.882+0000: 374411.791: Application time: 90.0114127 seconds
2019-06-25T16:13:12.882+0000: 374412.792: Application time: 1.0001599 seconds
2019-06-25T16:13:17.470+0000: 374417.380: Application time: 4.5880143 seconds
{Heap before GC invocations=5340 (full 148):
 par new generation   total 9792K, used 9470K [0x00000000e1000000, 0x00000000e1aa0000, 0x00000000eb4a0000)
  eden space 8704K, 100% used [0x00000000e1000000, 0x00000000e1880000, 0x00000000e1880000)
  from space 1088K,  70% used [0x00000000e1880000, 0x00000000e193fa88, 0x00000000e1990000)
  to   space 1088K,   0% used [0x00000000e1990000, 0x00000000e1990000, 0x00000000e1aa0000)
 concurrent mark-sweep generation total 118492K, used 65806K [0x00000000eb4a0000, 0x00000000f2857000, 0x0000000100000000)
 Metaspace       used 95748K, capacity 99931K, committed 100352K, reserved 1136640K
  class space    used 11678K, capacity 12444K, committed 12544K, reserved 1048576K
2019-06-25T16:13:17.471+0000: 374417.381: [GC (Allocation Failure) 2019-06-25T16:13:17.471+0000: 374417.381: [ParNew: 9470K->598K(9792K), 0.0036929 secs] 75277K->66560K(128284K), 0.0045563 secs] [Times: user=0.01 sys=0.00, real=0.00 secs] 
Heap after GC invocations=5341 (full 148):
 par new generation   total 9792K, used 598K [0x00000000e1000000, 0x00000000e1aa0000, 0x00000000eb4a0000)
  eden space 8704K,   0% used [0x00000000e1000000, 0x00000000e1000000, 0x00000000e1880000)
  from space 1088K,  54% used [0x00000000e1990000, 0x00000000e1a25960, 0x00000000e1aa0000)
  to   space 1088K,   0% used [0x00000000e1880000, 0x00000000e1880000, 0x00000000e1990000)
 concurrent mark-sweep generation total 118492K, used 65961K [0x00000000eb4a0000, 0x00000000f2857000, 0x0000000100000000)
 Metaspace       used 95748K, capacity 99931K, committed 100352K, reserved 1136640K
  class space    used 11678K, capacity 12444K, committed 12544K, reserved 1048576K
}
2019-06-25T16:14:10.485+0000: 374470.395: Application time: 53.0084562 seconds
2019-06-25T16:14:15.486+0000: 374475.396: Application time: 5.0006539 seconds
2019-06-25T16:14:24.707+0000: 374484.616: Application time: 9.2206136 seconds
2019-06-25T16:14:24.962+0000: 374484.872: Application time: 0.2552222 seconds
2019-06-25T16:14:59.476+0000: 374519.386: Application time: 34.5134902 seconds
{Heap before GC invocations=5341 (full 148):
 par new generation   total 9792K, used 9302K [0x00000000e1000000, 0x00000000e1aa0000, 0x00000000eb4a0000)
  eden space 8704K, 100% used [0x00000000e1000000, 0x00000000e1880000, 0x00000000e1880000)
  from space 1088K,  54% used [0x00000000e1990000, 0x00000000e1a25960, 0x00000000e1aa0000)
  to   space 1088K,   0% used [0x00000000e1880000, 0x00000000e1880000, 0x00000000e1990000)
 concurrent mark-sweep generation total 118492K, used 65961K [0x00000000eb4a0000, 0x00000000f2857000, 0x0000000100000000)
 Metaspace       used 95748K, capacity 99931K, committed 100352K, reserved 1136640K
  class space    used 11678K, capacity 12444K, committed 12544K, reserved 1048576K
2019-06-25T16:14:59.477+0000: 374519.387: [GC (Allocation Failure) 2019-06-25T16:14:59.477+0000: 374519.387: [ParNew: 9302K->722K(9792K), 0.0035674 secs] 75264K->66781K(128284K), 0.0045881 secs] [Times: user=0.01 sys=0.00, real=0.01 secs] 
Heap after GC invocations=5342 (full 148):
 par new generation   total 9792K, used 722K [0x00000000e1000000, 0x00000000e1aa0000, 0x00000000eb4a0000)
  eden space 8704K,   0% used [0x00000000e1000000, 0x00000000e1000000, 0x00000000e1880000)
  from space 1088K,  66% used [0x00000000e1880000, 0x00000000e1934ba0, 0x00000000e1990000)
  to   space 1088K,   0% used [0x00000000e1990000, 0x00000000e1990000, 0x00000000e1aa0000)
 concurrent mark-sweep generation total 118492K, used 66058K [0x00000000eb4a0000, 0x00000000f2857000, 0x0000000100000000)
 Metaspace       used 95748K, capacity 99931K, committed 100352K, reserved 1136640K
  class space    used 11678K, capacity 12444K, committed 12544K, reserved 1048576K
}
2019-06-25T16:16:39.547+0000: 374619.457: Application time: 100.0646694 seconds
{Heap before GC invocations=5342 (full 148):
 par new generation   total 9792K, used 9426K [0x00000000e1000000, 0x00000000e1aa0000, 0x00000000eb4a0000)
  eden space 8704K, 100% used [0x00000000e1000000, 0x00000000e1880000, 0x00000000e1880000)
  from space 1088K,  66% used [0x00000000e1880000, 0x00000000e1934ba0, 0x00000000e1990000)
  to   space 1088K,   0% used [0x00000000e1990000, 0x00000000e1990000, 0x00000000e1aa0000)
 concurrent mark-sweep generation total 118492K, used 66058K [0x00000000eb4a0000, 0x00000000f2857000, 0x0000000100000000)
 Metaspace       used 95748K, capacity 99931K, committed 100352K, reserved 1136640K
  class space    used 11678K, capacity 12444K, committed 12544K, reserved 1048576K
2019-06-25T16:16:39.548+0000: 374619.458: [GC (Allocation Failure) 2019-06-25T16:16:39.548+0000: 374619.458: [ParNew: 9426K->764K(9792K), 0.0036997 secs] 75485K->66822K(128284K), 0.0044819 secs] [Times: user=0.00 sys=0.00, real=0.01 secs] 
Heap after GC invocations=5343 (full 148):
 par new generation   total 9792K, used 764K [0x00000000e1000000, 0x00000000e1aa0000, 0x00000000eb4a0000)
  eden space 8704K,   0% used [0x00000000e1000000, 0x00000000e1000000, 0x00000000e1880000)
  from space 1088K,  70% used [0x00000000e1990000, 0x00000000e1a4f0d8, 0x00000000e1aa0000)
  to   space 1088K,   0% used [0x00000000e1880000, 0x00000000e1880000, 0x00000000e1990000)
 concurrent mark-sweep generation total 118492K, used 66058K [0x00000000eb4a0000, 0x00000000f2857000, 0x0000000100000000)
 Metaspace       used 95748K, capacity 99931K, committed 100352K, reserved 1136640K
  class space    used 11678K, capacity 12444K, committed 12544K, reserved 1048576K
}
2019-06-25T16:18:13.865+0000: 374713.774: Application time: 94.3117180 seconds
{Heap before GC invocations=5343 (full 148):
 par new generation   total 9792K, used 9468K [0x00000000e1000000, 0x00000000e1aa0000, 0x00000000eb4a0000)
  eden space 8704K, 100% used [0x00000000e1000000, 0x00000000e1880000, 0x00000000e1880000)
  from space 1088K,  70% used [0x00000000e1990000, 0x00000000e1a4f0d8, 0x00000000e1aa0000)
  to   space 1088K,   0% used [0x00000000e1880000, 0x00000000e1880000, 0x00000000e1990000)
 concurrent mark-sweep generation total 118492K, used 66058K [0x00000000eb4a0000, 0x00000000f2857000, 0x0000000100000000)
 Metaspace       used 95748K, capacity 99931K, committed 100352K, reserved 1136640K
  class space    used 11678K, capacity 12444K, committed 12544K, reserved 1048576K
2019-06-25T16:18:13.865+0000: 374713.775: [GC (Allocation Failure) 2019-06-25T16:18:13.866+0000: 374713.776: [ParNew: 9468K->781K(9792K), 0.0036428 secs] 75526K->66912K(128284K), 0.0045999 secs] [Times: user=0.01 sys=0.00, real=0.01 secs] 
Heap after GC invocations=5344 (full 148):
 par new generation   total 9792K, used 781K [0x00000000e1000000, 0x00000000e1aa0000, 0x00000000eb4a0000)
  eden space 8704K,   0% used [0x00000000e1000000, 0x00000000e1000000, 0x00000000e1880000)
  from space 1088K,  71% used [0x00000000e1880000, 0x00000000e1943698, 0x00000000e1990000)
  to   space 1088K,   0% used [0x00000000e1990000, 0x00000000e1990000, 0x00000000e1aa0000)
 concurrent mark-sweep generation total 118492K, used 66131K [0x00000000eb4a0000, 0x00000000f2857000, 0x0000000100000000)
 Metaspace       used 95748K, capacity 99931K, committed 100352K, reserved 1136640K
  class space    used 11678K, capacity 12444K, committed 12544K, reserved 1048576K
}
2019-06-25T16:19:10.511+0000: 374770.421: Application time: 56.6405933 seconds
2019-06-25T16:19:57.961+0000: 374817.871: Application time: 47.4491360 seconds
{Heap before GC invocations=5344 (full 148):
 par new generation   total 9792K, used 9485K [0x00000000e1000000, 0x00000000e1aa0000, 0x00000000eb4a0000)
  eden space 8704K, 100% used [0x00000000e1000000, 0x00000000e1880000, 0x00000000e1880000)
  from space 1088K,  71% used [0x00000000e1880000, 0x00000000e1943698, 0x00000000e1990000)
  to   space 1088K,   0% used [0x00000000e1990000, 0x00000000e1990000, 0x00000000e1aa0000)
 concurrent mark-sweep generation total 118492K, used 66131K [0x00000000eb4a0000, 0x00000000f2857000, 0x0000000100000000)
 Metaspace       used 95748K, capacity 99931K, committed 100352K, reserved 1136640K
  class space    used 11678K, capacity 12444K, committed 12544K, reserved 1048576K
2019-06-25T16:19:57.962+0000: 374817.871: [GC (Allocation Failure) 2019-06-25T16:19:57.962+0000: 374817.872: [ParNew: 9485K->731K(9792K), 0.0144891 secs] 75616K->66938K(128284K), 0.0154025 secs] [Times: user=0.03 sys=0.00, real=0.01 secs] 
Heap after GC invocations=5345 (full 148):
 par new generation   total 9792K, used 731K [0x00000000e1000000, 0x00000000e1aa0000, 0x00000000eb4a0000)
  eden space 8704K,   0% used [0x00000000e1000000, 0x00000000e1000000, 0x00000000e1880000)
  from space 1088K,  67% used [0x00000000e1990000, 0x00000000e1a46f90, 0x00000000e1aa0000)
  to   space 1088K,   0% used [0x00000000e1880000, 0x00000000e1880000, 0x00000000e1990000)
 concurrent mark-sweep generation total 118492K, used 66206K [0x00000000eb4a0000, 0x00000000f2857000, 0x0000000100000000)
 Metaspace       used 95748K, capacity 99931K, committed 100352K, reserved 1136640K
  class space    used 11678K, capacity 12444K, committed 12544K, reserved 1048576K
}
2019-06-25T16:20:12.027+0000: 374831.936: Application time: 14.0487913 seconds
2019-06-25T16:20:12.029+0000: 374831.938: Application time: 0.0016630 seconds
2019-06-25T16:21:37.366+0000: 374917.276: Application time: 85.3368351 seconds
{Heap before GC invocations=5345 (full 148):
 par new generation   total 9792K, used 9435K [0x00000000e1000000, 0x00000000e1aa0000, 0x00000000eb4a0000)
  eden space 8704K, 100% used [0x00000000e1000000, 0x00000000e1880000, 0x00000000e1880000)
  from space 1088K,  67% used [0x00000000e1990000, 0x00000000e1a46f90, 0x00000000e1aa0000)
  to   space 1088K,   0% used [0x00000000e1880000, 0x00000000e1880000, 0x00000000e1990000)
 concurrent mark-sweep generation total 118492K, used 66206K [0x00000000eb4a0000, 0x00000000f2857000, 0x0000000100000000)
 Metaspace       used 95752K, capacity 99943K, committed 100352K, reserved 1136640K
  class space    used 11679K, capacity 12446K, committed 12544K, reserved 1048576K
2019-06-25T16:21:37.367+0000: 374917.276: [GC (Allocation Failure) 2019-06-25T16:21:37.367+0000: 374917.277: [ParNew: 9435K->768K(9792K), 0.0036727 secs] 75642K->66975K(128284K), 0.0046887 secs] [Times: user=0.00 sys=0.00, real=0.01 secs] 
Heap after GC invocations=5346 (full 148):
 par new generation   total 9792K, used 768K [0x00000000e1000000, 0x00000000e1aa0000, 0x00000000eb4a0000)
  eden space 8704K,   0% used [0x00000000e1000000, 0x00000000e1000000, 0x00000000e1880000)
  from space 1088K,  70% used [0x00000000e1880000, 0x00000000e19402c8, 0x00000000e1990000)
  to   space 1088K,   0% used [0x00000000e1990000, 0x00000000e1990000, 0x00000000e1aa0000)
 concurrent mark-sweep generation total 118492K, used 66206K [0x00000000eb4a0000, 0x00000000f2857000, 0x0000000100000000)
 Metaspace       used 95752K, capacity 99943K, committed 100352K, reserved 1136640K
  class space    used 11679K, capacity 12446K, committed 12544K, reserved 1048576K
}
2019-06-25T16:23:12.734+0000: 375012.644: Application time: 95.3617703 seconds
{Heap before GC invocations=5346 (full 148):
 par new generation   total 9792K, used 9472K [0x00000000e1000000, 0x00000000e1aa0000, 0x00000000eb4a0000)
  eden space 8704K, 100% used [0x00000000e1000000, 0x00000000e1880000, 0x00000000e1880000)
  from space 1088K,  70% used [0x00000000e1880000, 0x00000000e19402c8, 0x00000000e1990000)
  to   space 1088K,   0% used [0x00000000e1990000, 0x00000000e1990000, 0x00000000e1aa0000)
 concurrent mark-sweep generation total 118492K, used 66206K [0x00000000eb4a0000, 0x00000000f2857000, 0x0000000100000000)
 Metaspace       used 95752K, capacity 99943K, committed 100352K, reserved 1136640K
  class space    used 11679K, capacity 12446K, committed 12544K, reserved 1048576K
2019-06-25T16:23:12.737+0000: 375012.647: [GC (Allocation Failure) 2019-06-25T16:23:12.740+0000: 375012.650: [ParNew: 9472K->788K(9792K), 0.0105608 secs] 75679K->67110K(128284K), 0.0140515 secs] [Times: user=0.00 sys=0.01, real=0.02 secs] 
Heap after GC invocations=5347 (full 148):
 par new generation   total 9792K, used 788K [0x00000000e1000000, 0x00000000e1aa0000, 0x00000000eb4a0000)
  eden space 8704K,   0% used [0x00000000e1000000, 0x00000000e1000000, 0x00000000e1880000)
  from space 1088K,  72% used [0x00000000e1990000, 0x00000000e1a552e0, 0x00000000e1aa0000)
  to   space 1088K,   0% used [0x00000000e1880000, 0x00000000e1880000, 0x00000000e1990000)
 concurrent mark-sweep generation total 118492K, used 66321K [0x00000000eb4a0000, 0x00000000f2857000, 0x0000000100000000)
 Metaspace       used 95752K, capacity 99943K, committed 100352K, reserved 1136640K
  class space    used 11679K, capacity 12446K, committed 12544K, reserved 1048576K
}
2019-06-25T16:24:10.539+0000: 375070.449: Application time: 57.7869189 seconds
2019-06-25T16:24:55.532+0000: 375115.441: Application time: 44.9923874 seconds
{Heap before GC invocations=5347 (full 148):
 par new generation   total 9792K, used 9486K [0x00000000e1000000, 0x00000000e1aa0000, 0x00000000eb4a0000)
  eden space 8704K,  99% used [0x00000000e1000000, 0x00000000e187e8b8, 0x00000000e1880000)
  from space 1088K,  72% used [0x00000000e1990000, 0x00000000e1a552e0, 0x00000000e1aa0000)
  to   space 1088K,   0% used [0x00000000e1880000, 0x00000000e1880000, 0x00000000e1990000)
 concurrent mark-sweep generation total 118492K, used 66321K [0x00000000eb4a0000, 0x00000000f2857000, 0x0000000100000000)
 Metaspace       used 95752K, capacity 99943K, committed 100352K, reserved 1136640K
  class space    used 11679K, capacity 12446K, committed 12544K, reserved 1048576K
2019-06-25T16:24:55.533+0000: 375115.442: [GC (Allocation Failure) 2019-06-25T16:24:55.533+0000: 375115.443: [ParNew: 9486K->595K(9792K), 0.0045142 secs] 75808K->66988K(128284K), 0.0054812 secs] [Times: user=0.00 sys=0.01, real=0.01 secs] 
Heap after GC invocations=5348 (full 148):
 par new generation   total 9792K, used 595K [0x00000000e1000000, 0x00000000e1aa0000, 0x00000000eb4a0000)
  eden space 8704K,   0% used [0x00000000e1000000, 0x00000000e1000000, 0x00000000e1880000)
  from space 1088K,  54% used [0x00000000e1880000, 0x00000000e1914c28, 0x00000000e1990000)
  to   space 1088K,   0% used [0x00000000e1990000, 0x00000000e1990000, 0x00000000e1aa0000)
 concurrent mark-sweep generation total 118492K, used 66393K [0x00000000eb4a0000, 0x00000000f2857000, 0x0000000100000000)
 Metaspace       used 95752K, capacity 99943K, committed 100352K, reserved 1136640K
  class space    used 11679K, capacity 12446K, committed 12544K, reserved 1048576K
}
2019-06-25T16:25:48.609+0000: 375168.519: Application time: 53.0702914 seconds
2019-06-25T16:25:48.610+0000: 375168.520: Application time: 0.0001245 seconds
2019-06-25T16:25:48.611+0000: 375168.520: Application time: 0.0002002 seconds
2019-06-25T16:25:48.614+0000: 375168.524: Application time: 0.0001286 seconds
2019-06-25T16:25:49.282+0000: 375169.191: Application time: 0.6668864 seconds
2019-06-25T16:25:49.282+0000: 375169.192: Application time: 0.0000717 seconds
2019-06-25T16:25:49.283+0000: 375169.192: Application time: 0.0000710 seconds
2019-06-25T16:25:49.283+0000: 375169.193: Application time: 0.0000614 seconds
2019-06-25T16:25:49.283+0000: 375169.193: Application time: 0.0001084 seconds
2019-06-25T16:25:49.283+0000: 375169.193: Application time: 0.0001388 seconds
2019-06-25T16:25:53.615+0000: 375173.525: Application time: 4.3315041 seconds
2019-06-25T16:25:53.657+0000: 375173.567: Application time: 0.0417833 seconds
2019-06-25T16:25:53.997+0000: 375173.907: Application time: 0.3395334 seconds
{Heap before GC invocations=5348 (full 148):
 par new generation   total 9792K, used 9298K [0x00000000e1000000, 0x00000000e1aa0000, 0x00000000eb4a0000)
  eden space 8704K,  99% used [0x00000000e1000000, 0x00000000e187fd98, 0x00000000e1880000)
  from space 1088K,  54% used [0x00000000e1880000, 0x00000000e1914c28, 0x00000000e1990000)
  to   space 1088K,   0% used [0x00000000e1990000, 0x00000000e1990000, 0x00000000e1aa0000)
 concurrent mark-sweep generation total 118492K, used 66393K [0x00000000eb4a0000, 0x00000000f2857000, 0x0000000100000000)
 Metaspace       used 95752K, capacity 99943K, committed 100352K, reserved 1136640K
  class space    used 11679K, capacity 12446K, committed 12544K, reserved 1048576K
2019-06-25T16:25:53.998+0000: 375173.908: [GC (Allocation Failure) 2019-06-25T16:25:53.998+0000: 375173.908: [ParNew: 9298K->1088K(9792K), 0.0558536 secs] 75691K->67549K(128284K), 0.0565232 secs] [Times: user=0.11 sys=0.00, real=0.06 secs] 
Heap after GC invocations=5349 (full 148):
 par new generation   total 9792K, used 1088K [0x00000000e1000000, 0x00000000e1aa0000, 0x00000000eb4a0000)
  eden space 8704K,   0% used [0x00000000e1000000, 0x00000000e1000000, 0x00000000e1880000)
  from space 1088K, 100% used [0x00000000e1990000, 0x00000000e1aa0000, 0x00000000e1aa0000)
  to   space 1088K,   0% used [0x00000000e1880000, 0x00000000e1880000, 0x00000000e1990000)
 concurrent mark-sweep generation total 118492K, used 66461K [0x00000000eb4a0000, 0x00000000f2857000, 0x0000000100000000)
 Metaspace       used 95752K, capacity 99943K, committed 100352K, reserved 1136640K
  class space    used 11679K, capacity 12446K, committed 12544K, reserved 1048576K
}
2019-06-25T16:25:54.287+0000: 375174.197: Application time: 0.2324362 seconds
2019-06-25T16:25:54.288+0000: 375174.198: Application time: 0.0000706 seconds
2019-06-25T16:25:54.289+0000: 375174.199: Application time: 0.0000597 seconds
2019-06-25T16:25:54.289+0000: 375174.199: Application time: 0.0001336 seconds
2019-06-25T16:25:54.290+0000: 375174.200: Application time: 0.0001714 seconds
2019-06-25T16:25:58.996+0000: 375178.905: Application time: 4.7051850 seconds
2019-06-25T16:25:59.077+0000: 375178.987: Application time: 0.0809277 seconds
2019-06-25T16:25:59.544+0000: 375179.454: Application time: 0.4670767 seconds
2019-06-25T16:25:59.545+0000: 375179.454: Application time: 0.0000738 seconds
2019-06-25T16:25:59.545+0000: 375179.455: Application time: 0.0000899 seconds
2019-06-25T16:25:59.545+0000: 375179.455: Application time: 0.0000523 seconds
2019-06-25T16:25:59.546+0000: 375179.455: Application time: 0.0000577 seconds
2019-06-25T16:26:00.295+0000: 375180.205: Application time: 0.7491283 seconds
2019-06-25T16:26:00.295+0000: 375180.205: Application time: 0.0000637 seconds
2019-06-25T16:26:00.296+0000: 375180.205: Application time: 0.0002110 seconds
2019-06-25T16:26:00.296+0000: 375180.206: Application time: 0.0000416 seconds
2019-06-25T16:26:04.546+0000: 375184.456: Application time: 4.2503952 seconds
2019-06-25T16:26:04.572+0000: 375184.483: Application time: 0.0264869 seconds
2019-06-25T16:26:10.063+0000: 375189.973: Application time: 5.4897144 seconds
2019-06-25T16:26:10.064+0000: 375189.973: Application time: 0.0000733 seconds
2019-06-25T16:26:10.064+0000: 375189.974: Application time: 0.0000605 seconds
2019-06-25T16:26:10.064+0000: 375189.974: Application time: 0.0000649 seconds
2019-06-25T16:26:10.064+0000: 375189.974: Application time: 0.0000593 seconds
2019-06-25T16:26:10.064+0000: 375189.974: Application time: 0.0000646 seconds
2019-06-25T16:26:12.770+0000: 375192.680: Application time: 2.7052722 seconds
2019-06-25T16:26:55.322+0000: 375235.232: Application time: 42.5517668 seconds
{Heap before GC invocations=5349 (full 148):
 par new generation   total 9792K, used 9790K [0x00000000e1000000, 0x00000000e1aa0000, 0x00000000eb4a0000)
  eden space 8704K,  99% used [0x00000000e1000000, 0x00000000e187fa70, 0x00000000e1880000)
  from space 1088K, 100% used [0x00000000e1990000, 0x00000000e1aa0000, 0x00000000e1aa0000)
  to   space 1088K,   0% used [0x00000000e1880000, 0x00000000e1880000, 0x00000000e1990000)
 concurrent mark-sweep generation total 118492K, used 66461K [0x00000000eb4a0000, 0x00000000f2857000, 0x0000000100000000)
 Metaspace       used 95759K, capacity 99955K, committed 100352K, reserved 1136640K
  class space    used 11680K, capacity 12448K, committed 12544K, reserved 1048576K
2019-06-25T16:26:55.323+0000: 375235.233: [GC (Allocation Failure) 2019-06-25T16:26:55.323+0000: 375235.233: [ParNew: 9790K->924K(9792K), 0.0115793 secs] 76252K->67742K(128284K), 0.0125808 secs] [Times: user=0.02 sys=0.00, real=0.01 secs] 
Heap after GC invocations=5350 (full 148):
 par new generation   total 9792K, used 924K [0x00000000e1000000, 0x00000000e1aa0000, 0x00000000eb4a0000)
  eden space 8704K,   0% used [0x00000000e1000000, 0x00000000e1000000, 0x00000000e1880000)
  from space 1088K,  84% used [0x00000000e1880000, 0x00000000e19670a0, 0x00000000e1990000)
  to   space 1088K,   0% used [0x00000000e1990000, 0x00000000e1990000, 0x00000000e1aa0000)
 concurrent mark-sweep generation total 118492K, used 66818K [0x00000000eb4a0000, 0x00000000f2857000, 0x0000000100000000)
 Metaspace       used 95759K, capacity 99955K, committed 100352K, reserved 1136640K
  class space    used 11680K, capacity 12448K, committed 12544K, reserved 1048576K
}
2019-06-25T16:26:55.342+0000: 375235.252: Application time: 0.0052585 seconds
2019-06-25T16:26:55.342+0000: 375235.252: Application time: 0.0000388 seconds
2019-06-25T16:26:55.342+0000: 375235.252: Application time: 0.0000276 seconds
2019-06-25T16:26:55.343+0000: 375235.253: Application time: 0.0000635 seconds
2019-06-25T16:26:55.344+0000: 375235.253: Application time: 0.0000604 seconds
2019-06-25T16:26:55.344+0000: 375235.254: Application time: 0.0000317 seconds
2019-06-25T16:26:55.345+0000: 375235.254: Application time: 0.0005983 seconds
2019-06-25T16:26:55.345+0000: 375235.255: Application time: 0.0000451 seconds
2019-06-25T16:27:00.320+0000: 375240.230: Application time: 4.9749448 seconds
2019-06-25T16:27:00.360+0000: 375240.269: Application time: 0.0395376 seconds
2019-06-25T16:27:04.281+0000: 375244.191: Application time: 3.9213259 seconds
2019-06-25T16:27:04.285+0000: 375244.195: Application time: 0.0000781 seconds
2019-06-25T16:27:04.286+0000: 375244.196: Application time: 0.0000853 seconds
2019-06-25T16:27:04.353+0000: 375244.263: Application time: 0.0673242 seconds
2019-06-25T16:27:04.354+0000: 375244.264: Application time: 0.0000660 seconds
2019-06-25T16:27:04.354+0000: 375244.264: Application time: 0.0000621 seconds
2019-06-25T16:27:04.354+0000: 375244.264: Application time: 0.0000676 seconds
2019-06-25T16:27:04.354+0000: 375244.265: Application time: 0.0005186 seconds
2019-06-25T16:27:04.355+0000: 375244.265: Application time: 0.0001659 seconds
2019-06-25T16:27:04.355+0000: 375244.265: Application time: 0.0000502 seconds
2019-06-25T16:27:09.287+0000: 375249.196: Application time: 4.9310895 seconds
2019-06-25T16:27:09.310+0000: 375249.220: Application time: 0.0232845 seconds
2019-06-25T16:27:10.406+0000: 375250.316: Application time: 1.0952878 seconds
2019-06-25T16:27:14.364+0000: 375254.274: Application time: 3.9577985 seconds
2019-06-25T16:27:14.365+0000: 375254.274: Application time: 0.0000717 seconds
2019-06-25T16:27:14.365+0000: 375254.275: Application time: 0.0000660 seconds
2019-06-25T16:27:14.365+0000: 375254.275: Application time: 0.0000782 seconds
2019-06-25T16:27:14.365+0000: 375254.275: Application time: 0.0000791 seconds
2019-06-25T16:27:14.365+0000: 375254.275: Application time: 0.0001041 seconds
2019-06-25T16:27:14.366+0000: 375254.276: Application time: 0.0000800 seconds
2019-06-25T16:27:18.468+0000: 375258.378: Application time: 4.1024745 seconds
2019-06-25T16:27:18.492+0000: 375258.402: Application time: 0.0231541 seconds
2019-06-25T16:27:27.377+0000: 375267.287: Application time: 8.8850821 seconds
{Heap before GC invocations=5350 (full 148):
 par new generation   total 9792K, used 9628K [0x00000000e1000000, 0x00000000e1aa0000, 0x00000000eb4a0000)
  eden space 8704K, 100% used [0x00000000e1000000, 0x00000000e1880000, 0x00000000e1880000)
  from space 1088K,  84% used [0x00000000e1880000, 0x00000000e19670a0, 0x00000000e1990000)
  to   space 1088K,   0% used [0x00000000e1990000, 0x00000000e1990000, 0x00000000e1aa0000)
 concurrent mark-sweep generation total 118492K, used 66818K [0x00000000eb4a0000, 0x00000000f2857000, 0x0000000100000000)
 Metaspace       used 95759K, capacity 99955K, committed 100352K, reserved 1136640K
  class space    used 11680K, capacity 12448K, committed 12544K, reserved 1048576K
2019-06-25T16:27:27.378+0000: 375267.287: [GC (Allocation Failure) 2019-06-25T16:27:27.378+0000: 375267.288: [ParNew: 9628K->756K(9792K), 0.0038048 secs] 76446K->67713K(128284K), 0.0049061 secs] [Times: user=0.01 sys=0.00, real=0.01 secs] 
Heap after GC invocations=5351 (full 148):
 par new generation   total 9792K, used 756K [0x00000000e1000000, 0x00000000e1aa0000, 0x00000000eb4a0000)
  eden space 8704K,   0% used [0x00000000e1000000, 0x00000000e1000000, 0x00000000e1880000)
  from space 1088K,  69% used [0x00000000e1990000, 0x00000000e1a4d200, 0x00000000e1aa0000)
  to   space 1088K,   0% used [0x00000000e1880000, 0x00000000e1880000, 0x00000000e1990000)
 concurrent mark-sweep generation total 118492K, used 66956K [0x00000000eb4a0000, 0x00000000f2857000, 0x0000000100000000)
 Metaspace       used 95759K, capacity 99955K, committed 100352K, reserved 1136640K
  class space    used 11680K, capacity 12448K, committed 12544K, reserved 1048576K
}
2019-06-25T16:27:42.779+0000: 375282.689: Application time: 15.3958826 seconds
2019-06-25T16:27:42.780+0000: 375282.689: Application time: 0.0001682 seconds
2019-06-25T16:27:42.781+0000: 375282.691: Application time: 0.0012868 seconds
2019-06-25T16:28:10.067+0000: 375309.977: Application time: 27.2852949 seconds
2019-06-25T16:28:43.674+0000: 375343.583: Application time: 33.6057447 seconds
{Heap before GC invocations=5351 (full 148):
 par new generation   total 9792K, used 9460K [0x00000000e1000000, 0x00000000e1aa0000, 0x00000000eb4a0000)
  eden space 8704K,  99% used [0x00000000e1000000, 0x00000000e187ff68, 0x00000000e1880000)
  from space 1088K,  69% used [0x00000000e1990000, 0x00000000e1a4d200, 0x00000000e1aa0000)
  to   space 1088K,   0% used [0x00000000e1880000, 0x00000000e1880000, 0x00000000e1990000)
 concurrent mark-sweep generation total 118492K, used 66956K [0x00000000eb4a0000, 0x00000000f2857000, 0x0000000100000000)
 Metaspace       used 95759K, capacity 99955K, committed 100352K, reserved 1136640K
  class space    used 11680K, capacity 12448K, committed 12544K, reserved 1048576K
2019-06-25T16:28:43.685+0000: 375343.595: [GC (Allocation Failure) 2019-06-25T16:28:43.685+0000: 375343.595: [ParNew: 9460K->800K(9792K), 0.0038997 secs] 76417K->68011K(128284K), 0.0050700 secs] [Times: user=0.00 sys=0.01, real=0.01 secs] 
Heap after GC invocations=5352 (full 148):
 par new generation   total 9792K, used 800K [0x00000000e1000000, 0x00000000e1aa0000, 0x00000000eb4a0000)
  eden space 8704K,   0% used [0x00000000e1000000, 0x00000000e1000000, 0x00000000e1880000)
  from space 1088K,  73% used [0x00000000e1880000, 0x00000000e1948010, 0x00000000e1990000)
  to   space 1088K,   0% used [0x00000000e1990000, 0x00000000e1990000, 0x00000000e1aa0000)
 concurrent mark-sweep generation total 118492K, used 67211K [0x00000000eb4a0000, 0x00000000f2857000, 0x0000000100000000)
 Metaspace       used 95759K, capacity 99955K, committed 100352K, reserved 1136640K
  class space    used 11680K, capacity 12448K, committed 12544K, reserved 1048576K
}
2019-06-25T16:28:44.452+0000: 375344.362: Application time: 0.7616407 seconds
2019-06-25T16:28:44.454+0000: 375344.364: Application time: 0.0000765 seconds
2019-06-25T16:28:44.454+0000: 375344.364: Application time: 0.0000637 seconds
2019-06-25T16:28:44.454+0000: 375344.364: Application time: 0.0000623 seconds
2019-06-25T16:28:44.455+0000: 375344.365: Application time: 0.0001046 seconds
2019-06-25T16:28:44.456+0000: 375344.365: Application time: 0.0001398 seconds
2019-06-25T16:28:44.456+0000: 375344.366: Application time: 0.0000803 seconds
2019-06-25T16:28:48.657+0000: 375348.567: Application time: 4.2011325 seconds
2019-06-25T16:28:48.701+0000: 375348.610: Application time: 0.0433225 seconds
2019-06-25T16:28:51.798+0000: 375351.708: Application time: 3.0975735 seconds
2019-06-25T16:28:51.799+0000: 375351.709: Application time: 0.0002471 seconds
2019-06-25T16:28:51.801+0000: 375351.711: Application time: 0.0001270 seconds
2019-06-25T16:28:52.462+0000: 375352.372: Application time: 0.6599255 seconds
2019-06-25T16:28:52.462+0000: 375352.372: Application time: 0.0000672 seconds
2019-06-25T16:28:52.463+0000: 375352.372: Application time: 0.0000606 seconds
2019-06-25T16:28:52.463+0000: 375352.373: Application time: 0.0000572 seconds
2019-06-25T16:28:52.463+0000: 375352.373: Application time: 0.0000609 seconds
2019-06-25T16:28:52.463+0000: 375352.374: Application time: 0.0009032 seconds
2019-06-25T16:28:52.465+0000: 375352.374: Application time: 0.0001864 seconds
2019-06-25T16:28:56.803+0000: 375356.712: Application time: 4.3377486 seconds
2019-06-25T16:28:56.828+0000: 375356.737: Application time: 0.0247763 seconds
2019-06-25T16:29:10.055+0000: 375369.965: Application time: 13.2271257 seconds
2019-06-25T16:29:10.069+0000: 375369.979: Application time: 0.0140025 seconds
2019-06-25T16:29:10.070+0000: 375369.980: Application time: 0.0001616 seconds
2019-06-25T16:29:10.070+0000: 375369.980: Application time: 0.0001649 seconds
2019-06-25T16:29:10.411+0000: 375370.321: Application time: 0.3406339 seconds
2019-06-25T16:29:58.521+0000: 375418.430: Application time: 48.1093839 seconds
{Heap before GC invocations=5352 (full 148):
 par new generation   total 9792K, used 9504K [0x00000000e1000000, 0x00000000e1aa0000, 0x00000000eb4a0000)
  eden space 8704K, 100% used [0x00000000e1000000, 0x00000000e1880000, 0x00000000e1880000)
  from space 1088K,  73% used [0x00000000e1880000, 0x00000000e1948010, 0x00000000e1990000)
  to   space 1088K,   0% used [0x00000000e1990000, 0x00000000e1990000, 0x00000000e1aa0000)
 concurrent mark-sweep generation total 118492K, used 67211K [0x00000000eb4a0000, 0x00000000f2857000, 0x0000000100000000)
 Metaspace       used 95782K, capacity 99991K, committed 100352K, reserved 1136640K
  class space    used 11683K, capacity 12454K, committed 12544K, reserved 1048576K
2019-06-25T16:29:58.521+0000: 375418.431: [GC (Allocation Failure) 2019-06-25T16:29:58.522+0000: 375418.432: [ParNew: 9504K->570K(9792K), 0.0039226 secs] 76715K->68101K(128284K), 0.0046453 secs] [Times: user=0.00 sys=0.00, real=0.00 secs] 
Heap after GC invocations=5353 (full 148):
 par new generation   total 9792K, used 570K [0x00000000e1000000, 0x00000000e1aa0000, 0x00000000eb4a0000)
  eden space 8704K,   0% used [0x00000000e1000000, 0x00000000e1000000, 0x00000000e1880000)
  from space 1088K,  52% used [0x00000000e1990000, 0x00000000e1a1e978, 0x00000000e1aa0000)
  to   space 1088K,   0% used [0x00000000e1880000, 0x00000000e1880000, 0x00000000e1990000)
 concurrent mark-sweep generation total 118492K, used 67531K [0x00000000eb4a0000, 0x00000000f2857000, 0x0000000100000000)
 Metaspace       used 95782K, capacity 99991K, committed 100352K, reserved 1136640K
  class space    used 11683K, capacity 12454K, committed 12544K, reserved 1048576K
}
2019-06-25T16:30:28.530+0000: 375448.440: Application time: 30.0038042 seconds
2019-06-25T16:30:28.553+0000: 375448.463: Application time: 0.0227141 seconds
2019-06-25T16:30:28.555+0000: 375448.465: Application time: 0.0000723 seconds
2019-06-25T16:30:28.556+0000: 375448.466: Application time: 0.0000700 seconds
2019-06-25T16:30:28.557+0000: 375448.467: Application time: 0.0000947 seconds
2019-06-25T16:30:28.557+0000: 375448.467: Application time: 0.0000770 seconds
2019-06-25T16:30:28.558+0000: 375448.468: Application time: 0.0001512 seconds
2019-06-25T16:30:28.558+0000: 375448.468: Application time: 0.0000908 seconds
2019-06-25T16:30:32.827+0000: 375452.737: Application time: 4.2687565 seconds
2019-06-25T16:30:32.856+0000: 375452.766: Application time: 0.0280805 seconds
2019-06-25T16:30:42.798+0000: 375462.708: Application time: 9.9422729 seconds
2019-06-25T16:30:42.799+0000: 375462.708: Application time: 0.0000707 seconds
2019-06-25T16:31:10.417+0000: 375490.327: Application time: 27.6181099 seconds
2019-06-25T16:31:12.597+0000: 375492.507: Application time: 2.1800628 seconds
{Heap before GC invocations=5353 (full 148):
 par new generation   total 9792K, used 9274K [0x00000000e1000000, 0x00000000e1aa0000, 0x00000000eb4a0000)
  eden space 8704K, 100% used [0x00000000e1000000, 0x00000000e1880000, 0x00000000e1880000)
  from space 1088K,  52% used [0x00000000e1990000, 0x00000000e1a1e978, 0x00000000e1aa0000)
  to   space 1088K,   0% used [0x00000000e1880000, 0x00000000e1880000, 0x00000000e1990000)
 concurrent mark-sweep generation total 118492K, used 67531K [0x00000000eb4a0000, 0x00000000f2857000, 0x0000000100000000)
 Metaspace       used 95782K, capacity 99991K, committed 100352K, reserved 1136640K
  class space    used 11683K, capacity 12454K, committed 12544K, reserved 1048576K
2019-06-25T16:31:12.598+0000: 375492.508: [GC (Allocation Failure) 2019-06-25T16:31:12.598+0000: 375492.508: [ParNew: 9274K->855K(9792K), 0.0256573 secs] 76805K->68386K(128284K), 0.0262987 secs] [Times: user=0.05 sys=0.00, real=0.03 secs] 
Heap after GC invocations=5354 (full 148):
 par new generation   total 9792K, used 855K [0x00000000e1000000, 0x00000000e1aa0000, 0x00000000eb4a0000)
  eden space 8704K,   0% used [0x00000000e1000000, 0x00000000e1000000, 0x00000000e1880000)
  from space 1088K,  78% used [0x00000000e1880000, 0x00000000e1955e40, 0x00000000e1990000)
  to   space 1088K,   0% used [0x00000000e1990000, 0x00000000e1990000, 0x00000000e1aa0000)
 concurrent mark-sweep generation total 118492K, used 67531K [0x00000000eb4a0000, 0x00000000f2857000, 0x0000000100000000)
 Metaspace       used 95782K, capacity 99991K, committed 100352K, reserved 1136640K
  class space    used 11683K, capacity 12454K, committed 12544K, reserved 1048576K
}
2019-06-25T16:32:54.825+0000: 375594.735: Application time: 102.2002064 seconds
{Heap before GC invocations=5354 (full 148):
 par new generation   total 9792K, used 9559K [0x00000000e1000000, 0x00000000e1aa0000, 0x00000000eb4a0000)
  eden space 8704K, 100% used [0x00000000e1000000, 0x00000000e1880000, 0x00000000e1880000)
  from space 1088K,  78% used [0x00000000e1880000, 0x00000000e1955e40, 0x00000000e1990000)
  to   space 1088K,   0% used [0x00000000e1990000, 0x00000000e1990000, 0x00000000e1aa0000)
 concurrent mark-sweep generation total 118492K, used 67531K [0x00000000eb4a0000, 0x00000000f2857000, 0x0000000100000000)
 Metaspace       used 95782K, capacity 99991K, committed 100352K, reserved 1136640K
  class space    used 11683K, capacity 12454K, committed 12544K, reserved 1048576K
2019-06-25T16:32:54.826+0000: 375594.736: [GC (Allocation Failure) 2019-06-25T16:32:54.826+0000: 375594.736: [ParNew: 9559K->930K(9792K), 0.0037058 secs] 77090K->68620K(128284K), 0.0046376 secs] [Times: user=0.00 sys=0.00, real=0.01 secs] 
Heap after GC invocations=5355 (full 148):
 par new generation   total 9792K, used 930K [0x00000000e1000000, 0x00000000e1aa0000, 0x00000000eb4a0000)
  eden space 8704K,   0% used [0x00000000e1000000, 0x00000000e1000000, 0x00000000e1880000)
  from space 1088K,  85% used [0x00000000e1990000, 0x00000000e1a78b88, 0x00000000e1aa0000)
  to   space 1088K,   0% used [0x00000000e1880000, 0x00000000e1880000, 0x00000000e1990000)
 concurrent mark-sweep generation total 118492K, used 67689K [0x00000000eb4a0000, 0x00000000f2857000, 0x0000000100000000)
 Metaspace       used 95782K, capacity 99991K, committed 100352K, reserved 1136640K
  class space    used 11683K, capacity 12454K, committed 12544K, reserved 1048576K
}
2019-06-25T16:33:09.490+0000: 375609.400: Application time: 14.6581116 seconds
2019-06-25T16:33:09.728+0000: 375609.637: Application time: 0.2370659 seconds
2019-06-25T16:33:09.728+0000: 375609.638: Application time: 0.0000635 seconds
2019-06-25T16:33:09.728+0000: 375609.638: Application time: 0.0000856 seconds
2019-06-25T16:33:09.729+0000: 375609.639: Application time: 0.0000741 seconds
2019-06-25T16:33:09.729+0000: 375609.639: Application time: 0.0000697 seconds
2019-06-25T16:33:10.075+0000: 375609.985: Application time: 0.3454679 seconds
2019-06-25T16:33:10.075+0000: 375609.985: Application time: 0.0001029 seconds
2019-06-25T16:33:10.075+0000: 375609.985: Application time: 0.0000602 seconds
2019-06-25T16:33:10.076+0000: 375609.986: Application time: 0.0000582 seconds
2019-06-25T16:33:10.076+0000: 375609.986: Application time: 0.0001588 seconds
2019-06-25T16:33:10.422+0000: 375610.332: Application time: 0.3463347 seconds
2019-06-25T16:33:12.605+0000: 375612.515: Application time: 2.1826971 seconds
2019-06-25T16:33:12.607+0000: 375612.517: Application time: 0.0015682 seconds
2019-06-25T16:33:14.492+0000: 375614.402: Application time: 1.8842551 seconds
2019-06-25T16:33:14.516+0000: 375614.426: Application time: 0.0239705 seconds
2019-06-25T16:34:10.083+0000: 375669.993: Application time: 55.5667944 seconds
2019-06-25T16:34:11.780+0000: 375671.691: Application time: 1.6974532 seconds
{Heap before GC invocations=5355 (full 148):
 par new generation   total 9792K, used 9634K [0x00000000e1000000, 0x00000000e1aa0000, 0x00000000eb4a0000)
  eden space 8704K, 100% used [0x00000000e1000000, 0x00000000e1880000, 0x00000000e1880000)
  from space 1088K,  85% used [0x00000000e1990000, 0x00000000e1a78b88, 0x00000000e1aa0000)
  to   space 1088K,   0% used [0x00000000e1880000, 0x00000000e1880000, 0x00000000e1990000)
 concurrent mark-sweep generation total 118492K, used 67689K [0x00000000eb4a0000, 0x00000000f2857000, 0x0000000100000000)
 Metaspace       used 95782K, capacity 99991K, committed 100352K, reserved 1136640K
  class space    used 11683K, capacity 12454K, committed 12544K, reserved 1048576K
2019-06-25T16:34:11.781+0000: 375671.691: [GC (Allocation Failure) 2019-06-25T16:34:11.781+0000: 375671.691: [ParNew: 9634K->752K(9792K), 0.0037415 secs] 77324K->68631K(128284K), 0.0045728 secs] [Times: user=0.00 sys=0.00, real=0.00 secs] 
Heap after GC invocations=5356 (full 148):
 par new generation   total 9792K, used 752K [0x00000000e1000000, 0x00000000e1aa0000, 0x00000000eb4a0000)
  eden space 8704K,   0% used [0x00000000e1000000, 0x00000000e1000000, 0x00000000e1880000)
  from space 1088K,  69% used [0x00000000e1880000, 0x00000000e193c198, 0x00000000e1990000)
  to   space 1088K,   0% used [0x00000000e1990000, 0x00000000e1990000, 0x00000000e1aa0000)
 concurrent mark-sweep generation total 118492K, used 67879K [0x00000000eb4a0000, 0x00000000f2857000, 0x0000000100000000)
 Metaspace       used 95782K, capacity 99991K, committed 100352K, reserved 1136640K
  class space    used 11683K, capacity 12454K, committed 12544K, reserved 1048576K
}
2019-06-25T16:35:12.827+0000: 375732.737: Application time: 61.0405046 seconds
2019-06-25T16:35:49.869+0000: 375769.779: Application time: 37.0415091 seconds
{Heap before GC invocations=5356 (full 148):
 par new generation   total 9792K, used 9456K [0x00000000e1000000, 0x00000000e1aa0000, 0x00000000eb4a0000)
  eden space 8704K, 100% used [0x00000000e1000000, 0x00000000e1880000, 0x00000000e1880000)
  from space 1088K,  69% used [0x00000000e1880000, 0x00000000e193c198, 0x00000000e1990000)
  to   space 1088K,   0% used [0x00000000e1990000, 0x00000000e1990000, 0x00000000e1aa0000)
 concurrent mark-sweep generation total 118492K, used 67879K [0x00000000eb4a0000, 0x00000000f2857000, 0x0000000100000000)
 Metaspace       used 95782K, capacity 99991K, committed 100352K, reserved 1136640K
  class space    used 11683K, capacity 12454K, committed 12544K, reserved 1048576K
2019-06-25T16:35:49.870+0000: 375769.779: [GC (Allocation Failure) 2019-06-25T16:35:49.870+0000: 375769.780: [ParNew: 9456K->582K(9792K), 0.0037893 secs] 77335K->68666K(128284K), 0.0046612 secs] [Times: user=0.00 sys=0.00, real=0.00 secs] 
Heap after GC invocations=5357 (full 148):
 par new generation   total 9792K, used 582K [0x00000000e1000000, 0x00000000e1aa0000, 0x00000000eb4a0000)
  eden space 8704K,   0% used [0x00000000e1000000, 0x00000000e1000000, 0x00000000e1880000)
  from space 1088K,  53% used [0x00000000e1990000, 0x00000000e1a219e0, 0x00000000e1aa0000)
  to   space 1088K,   0% used [0x00000000e1880000, 0x00000000e1880000, 0x00000000e1990000)
 concurrent mark-sweep generation total 118492K, used 68084K [0x00000000eb4a0000, 0x00000000f2857000, 0x0000000100000000)
 Metaspace       used 95782K, capacity 99991K, committed 100352K, reserved 1136640K
  class space    used 11683K, capacity 12454K, committed 12544K, reserved 1048576K
}
2019-06-25T16:37:29.963+0000: 375869.873: Application time: 100.0883325 seconds
{Heap before GC invocations=5357 (full 148):
 par new generation   total 9792K, used 9286K [0x00000000e1000000, 0x00000000e1aa0000, 0x00000000eb4a0000)
  eden space 8704K, 100% used [0x00000000e1000000, 0x00000000e1880000, 0x00000000e1880000)
  from space 1088K,  53% used [0x00000000e1990000, 0x00000000e1a219e0, 0x00000000e1aa0000)
  to   space 1088K,   0% used [0x00000000e1880000, 0x00000000e1880000, 0x00000000e1990000)
 concurrent mark-sweep generation total 118492K, used 68084K [0x00000000eb4a0000, 0x00000000f2857000, 0x0000000100000000)
 Metaspace       used 95782K, capacity 99991K, committed 100352K, reserved 1136640K
  class space    used 11683K, capacity 12454K, committed 12544K, reserved 1048576K
2019-06-25T16:37:29.965+0000: 375869.874: [GC (Allocation Failure) 2019-06-25T16:37:29.965+0000: 375869.875: [ParNew: 9286K->811K(9792K), 0.0082233 secs] 77370K->68895K(128284K), 0.0093968 secs] [Times: user=0.02 sys=0.00, real=0.01 secs] 
Heap after GC invocations=5358 (full 148):
 par new generation   total 9792K, used 811K [0x00000000e1000000, 0x00000000e1aa0000, 0x00000000eb4a0000)
  eden space 8704K,   0% used [0x00000000e1000000, 0x00000000e1000000, 0x00000000e1880000)
  from space 1088K,  74% used [0x00000000e1880000, 0x00000000e194acf8, 0x00000000e1990000)
  to   space 1088K,   0% used [0x00000000e1990000, 0x00000000e1990000, 0x00000000e1aa0000)
 concurrent mark-sweep generation total 118492K, used 68084K [0x00000000eb4a0000, 0x00000000f2857000, 0x0000000100000000)
 Metaspace       used 95782K, capacity 99991K, committed 100352K, reserved 1136640K
  class space    used 11683K, capacity 12454K, committed 12544K, reserved 1048576K
}
2019-06-25T16:39:10.618+0000: 375970.527: Application time: 100.6426307 seconds
2019-06-25T16:39:12.011+0000: 375971.920: Application time: 1.3927273 seconds
{Heap before GC invocations=5358 (full 148):
 par new generation   total 9792K, used 9515K [0x00000000e1000000, 0x00000000e1aa0000, 0x00000000eb4a0000)
  eden space 8704K, 100% used [0x00000000e1000000, 0x00000000e1880000, 0x00000000e1880000)
  from space 1088K,  74% used [0x00000000e1880000, 0x00000000e194acf8, 0x00000000e1990000)
  to   space 1088K,   0% used [0x00000000e1990000, 0x00000000e1990000, 0x00000000e1aa0000)
 concurrent mark-sweep generation total 118492K, used 68084K [0x00000000eb4a0000, 0x00000000f2857000, 0x0000000100000000)
 Metaspace       used 95782K, capacity 99991K, committed 100352K, reserved 1136640K
  class space    used 11683K, capacity 12454K, committed 12544K, reserved 1048576K
2019-06-25T16:39:12.011+0000: 375971.921: [GC (Allocation Failure) 2019-06-25T16:39:12.012+0000: 375971.921: [ParNew: 9515K->747K(9792K), 0.0033944 secs] 77599K->68927K(128284K), 0.0041359 secs] [Times: user=0.01 sys=0.00, real=0.00 secs] 
Heap after GC invocations=5359 (full 148):
 par new generation   total 9792K, used 747K [0x00000000e1000000, 0x00000000e1aa0000, 0x00000000eb4a0000)
  eden space 8704K,   0% used [0x00000000e1000000, 0x00000000e1000000, 0x00000000e1880000)
  from space 1088K,  68% used [0x00000000e1990000, 0x00000000e1a4aca8, 0x00000000e1aa0000)
  to   space 1088K,   0% used [0x00000000e1880000, 0x00000000e1880000, 0x00000000e1990000)
 concurrent mark-sweep generation total 118492K, used 68180K [0x00000000eb4a0000, 0x00000000f2857000, 0x0000000100000000)
 Metaspace       used 95782K, capacity 99991K, committed 100352K, reserved 1136640K
  class space    used 11683K, capacity 12454K, committed 12544K, reserved 1048576K
}
2019-06-25T16:39:24.865+0000: 375984.775: Application time: 12.8484080 seconds
2019-06-25T16:40:52.960+0000: 376072.870: Application time: 88.0947040 seconds
{Heap before GC invocations=5359 (full 148):
 par new generation   total 9792K, used 9451K [0x00000000e1000000, 0x00000000e1aa0000, 0x00000000eb4a0000)
  eden space 8704K, 100% used [0x00000000e1000000, 0x00000000e1880000, 0x00000000e1880000)
  from space 1088K,  68% used [0x00000000e1990000, 0x00000000e1a4aca8, 0x00000000e1aa0000)
  to   space 1088K,   0% used [0x00000000e1880000, 0x00000000e1880000, 0x00000000e1990000)
 concurrent mark-sweep generation total 118492K, used 68180K [0x00000000eb4a0000, 0x00000000f2857000, 0x0000000100000000)
 Metaspace       used 95782K, capacity 99991K, committed 100352K, reserved 1136640K
  class space    used 11683K, capacity 12454K, committed 12544K, reserved 1048576K
2019-06-25T16:40:52.961+0000: 376072.870: [GC (Allocation Failure) 2019-06-25T16:40:52.961+0000: 376072.871: [ParNew: 9451K->819K(9792K), 0.0036246 secs] 77631K->68999K(128284K), 0.0046360 secs] [Times: user=0.00 sys=0.01, real=0.00 secs] 
Heap after GC invocations=5360 (full 148):
 par new generation   total 9792K, used 819K [0x00000000e1000000, 0x00000000e1aa0000, 0x00000000eb4a0000)
  eden space 8704K,   0% used [0x00000000e1000000, 0x00000000e1000000, 0x00000000e1880000)
  from space 1088K,  75% used [0x00000000e1880000, 0x00000000e194cc30, 0x00000000e1990000)
  to   space 1088K,   0% used [0x00000000e1990000, 0x00000000e1990000, 0x00000000e1aa0000)
 concurrent mark-sweep generation total 118492K, used 68180K [0x00000000eb4a0000, 0x00000000f2857000, 0x0000000100000000)
 Metaspace       used 95782K, capacity 99991K, committed 100352K, reserved 1136640K
  class space    used 11683K, capacity 12454K, committed 12544K, reserved 1048576K
}
2019-06-25T16:42:30.234+0000: 376170.144: Application time: 97.2680632 seconds
{Heap before GC invocations=5360 (full 148):
 par new generation   total 9792K, used 9523K [0x00000000e1000000, 0x00000000e1aa0000, 0x00000000eb4a0000)
  eden space 8704K, 100% used [0x00000000e1000000, 0x00000000e1880000, 0x00000000e1880000)
  from space 1088K,  75% used [0x00000000e1880000, 0x00000000e194cc30, 0x00000000e1990000)
  to   space 1088K,   0% used [0x00000000e1990000, 0x00000000e1990000, 0x00000000e1aa0000)
 concurrent mark-sweep generation total 118492K, used 68180K [0x00000000eb4a0000, 0x00000000f2857000, 0x0000000100000000)
 Metaspace       used 95782K, capacity 99991K, committed 100352K, reserved 1136640K
  class space    used 11683K, capacity 12454K, committed 12544K, reserved 1048576K
2019-06-25T16:42:30.235+0000: 376170.145: [GC (Allocation Failure) 2019-06-25T16:42:30.235+0000: 376170.145: [ParNew: 9523K->766K(9792K), 0.0070764 secs] 77703K->69075K(128284K), 0.0079804 secs] [Times: user=0.02 sys=0.00, real=0.01 secs] 
Heap after GC invocations=5361 (full 148):
 par new generation   total 9792K, used 766K [0x00000000e1000000, 0x00000000e1aa0000, 0x00000000eb4a0000)
  eden space 8704K,   0% used [0x00000000e1000000, 0x00000000e1000000, 0x00000000e1880000)
  from space 1088K,  70% used [0x00000000e1990000, 0x00000000e1a4fb68, 0x00000000e1aa0000)
  to   space 1088K,   0% used [0x00000000e1880000, 0x00000000e1880000, 0x00000000e1990000)
 concurrent mark-sweep generation total 118492K, used 68308K [0x00000000eb4a0000, 0x00000000f2857000, 0x0000000100000000)
 Metaspace       used 95782K, capacity 99991K, committed 100352K, reserved 1136640K
  class space    used 11683K, capacity 12454K, committed 12544K, reserved 1048576K
}
2019-06-25T16:44:10.640+0000: 376270.550: Application time: 100.3968502 seconds
2019-06-25T16:44:12.043+0000: 376271.953: Application time: 1.4025828 seconds
{Heap before GC invocations=5361 (full 148):
 par new generation   total 9792K, used 9470K [0x00000000e1000000, 0x00000000e1aa0000, 0x00000000eb4a0000)
  eden space 8704K, 100% used [0x00000000e1000000, 0x00000000e1880000, 0x00000000e1880000)
  from space 1088K,  70% used [0x00000000e1990000, 0x00000000e1a4fb68, 0x00000000e1aa0000)
  to   space 1088K,   0% used [0x00000000e1880000, 0x00000000e1880000, 0x00000000e1990000)
 concurrent mark-sweep generation total 118492K, used 68308K [0x00000000eb4a0000, 0x00000000f2857000, 0x0000000100000000)
 Metaspace       used 95782K, capacity 99991K, committed 100352K, reserved 1136640K
  class space    used 11683K, capacity 12454K, committed 12544K, reserved 1048576K
2019-06-25T16:44:12.044+0000: 376271.954: [GC (Allocation Failure) 2019-06-25T16:44:12.044+0000: 376271.954: [ParNew: 9470K->733K(9792K), 0.0031753 secs] 77779K->69044K(128284K), 0.0039572 secs] [Times: user=0.01 sys=0.00, real=0.01 secs] 
Heap after GC invocations=5362 (full 148):
 par new generation   total 9792K, used 733K [0x00000000e1000000, 0x00000000e1aa0000, 0x00000000eb4a0000)
  eden space 8704K,   0% used [0x00000000e1000000, 0x00000000e1000000, 0x00000000e1880000)
  from space 1088K,  67% used [0x00000000e1880000, 0x00000000e19374b8, 0x00000000e1990000)
  to   space 1088K,   0% used [0x00000000e1990000, 0x00000000e1990000, 0x00000000e1aa0000)
 concurrent mark-sweep generation total 118492K, used 68311K [0x00000000eb4a0000, 0x00000000f2857000, 0x0000000100000000)
 Metaspace       used 95782K, capacity 99991K, committed 100352K, reserved 1136640K
  class space    used 11683K, capacity 12454K, committed 12544K, reserved 1048576K
}
2019-06-25T16:45:12.159+0000: 376332.068: Application time: 60.1098333 seconds
2019-06-25T16:45:12.161+0000: 376332.071: Application time: 0.0017325 seconds
2019-06-25T16:45:52.421+0000: 376372.331: Application time: 40.2597651 seconds
{Heap before GC invocations=5362 (full 148):
 par new generation   total 9792K, used 9437K [0x00000000e1000000, 0x00000000e1aa0000, 0x00000000eb4a0000)
  eden space 8704K, 100% used [0x00000000e1000000, 0x00000000e1880000, 0x00000000e1880000)
  from space 1088K,  67% used [0x00000000e1880000, 0x00000000e19374b8, 0x00000000e1990000)
  to   space 1088K,   0% used [0x00000000e1990000, 0x00000000e1990000, 0x00000000e1aa0000)
 concurrent mark-sweep generation total 118492K, used 68311K [0x00000000eb4a0000, 0x00000000f2857000, 0x0000000100000000)
 Metaspace       used 95782K, capacity 99991K, committed 100352K, reserved 1136640K
  class space    used 11683K, capacity 12454K, committed 12544K, reserved 1048576K
2019-06-25T16:45:52.422+0000: 376372.331: [GC (Allocation Failure) 2019-06-25T16:45:52.422+0000: 376372.332: [ParNew: 9437K->895K(9792K), 0.0037120 secs] 77748K->69207K(128284K), 0.0044110 secs] [Times: user=0.00 sys=0.00, real=0.00 secs] 
Heap after GC invocations=5363 (full 148):
 par new generation   total 9792K, used 895K [0x00000000e1000000, 0x00000000e1aa0000, 0x00000000eb4a0000)
  eden space 8704K,   0% used [0x00000000e1000000, 0x00000000e1000000, 0x00000000e1880000)
  from space 1088K,  82% used [0x00000000e1990000, 0x00000000e1a6ff08, 0x00000000e1aa0000)
  to   space 1088K,   0% used [0x00000000e1880000, 0x00000000e1880000, 0x00000000e1990000)
 concurrent mark-sweep generation total 118492K, used 68311K [0x00000000eb4a0000, 0x00000000f2857000, 0x0000000100000000)
 Metaspace       used 95782K, capacity 99991K, committed 100352K, reserved 1136640K
  class space    used 11683K, capacity 12454K, committed 12544K, reserved 1048576K
}
2019-06-25T16:47:33.512+0000: 376473.422: Application time: 101.0853848 seconds
{Heap before GC invocations=5363 (full 148):
 par new generation   total 9792K, used 9599K [0x00000000e1000000, 0x00000000e1aa0000, 0x00000000eb4a0000)
  eden space 8704K, 100% used [0x00000000e1000000, 0x00000000e1880000, 0x00000000e1880000)
  from space 1088K,  82% used [0x00000000e1990000, 0x00000000e1a6ff08, 0x00000000e1aa0000)
  to   space 1088K,   0% used [0x00000000e1880000, 0x00000000e1880000, 0x00000000e1990000)
 concurrent mark-sweep generation total 118492K, used 68311K [0x00000000eb4a0000, 0x00000000f2857000, 0x0000000100000000)
 Metaspace       used 95782K, capacity 99991K, committed 100352K, reserved 1136640K
  class space    used 11683K, capacity 12454K, committed 12544K, reserved 1048576K
2019-06-25T16:47:33.513+0000: 376473.423: [GC (Allocation Failure) 2019-06-25T16:47:33.513+0000: 376473.423: [ParNew: 9599K->718K(9792K), 0.0032159 secs] 77911K->69032K(128284K), 0.0040507 secs] [Times: user=0.01 sys=0.00, real=0.00 secs] 
Heap after GC invocations=5364 (full 148):
 par new generation   total 9792K, used 718K [0x00000000e1000000, 0x00000000e1aa0000, 0x00000000eb4a0000)
  eden space 8704K,   0% used [0x00000000e1000000, 0x00000000e1000000, 0x00000000e1880000)
  from space 1088K,  66% used [0x00000000e1880000, 0x00000000e1933bd8, 0x00000000e1990000)
  to   space 1088K,   0% used [0x00000000e1990000, 0x00000000e1990000, 0x00000000e1aa0000)
 concurrent mark-sweep generation total 118492K, used 68313K [0x00000000eb4a0000, 0x00000000f2857000, 0x0000000100000000)
 Metaspace       used 95782K, capacity 99991K, committed 100352K, reserved 1136640K
  class space    used 11683K, capacity 12454K, committed 12544K, reserved 1048576K
}
2019-06-25T16:49:10.672+0000: 376570.582: Application time: 97.1543339 seconds
2019-06-25T16:49:12.182+0000: 376572.092: Application time: 1.5095128 seconds
{Heap before GC invocations=5364 (full 148):
 par new generation   total 9792K, used 9422K [0x00000000e1000000, 0x00000000e1aa0000, 0x00000000eb4a0000)
  eden space 8704K, 100% used [0x00000000e1000000, 0x00000000e1880000, 0x00000000e1880000)
  from space 1088K,  66% used [0x00000000e1880000, 0x00000000e1933bd8, 0x00000000e1990000)
  to   space 1088K,   0% used [0x00000000e1990000, 0x00000000e1990000, 0x00000000e1aa0000)
 concurrent mark-sweep generation total 118492K, used 68313K [0x00000000eb4a0000, 0x00000000f2857000, 0x0000000100000000)
 Metaspace       used 95782K, capacity 99991K, committed 100352K, reserved 1136640K
  class space    used 11683K, capacity 12454K, committed 12544K, reserved 1048576K
2019-06-25T16:49:12.183+0000: 376572.093: [GC (Allocation Failure) 2019-06-25T16:49:12.183+0000: 376572.093: [ParNew: 9422K->702K(9792K), 0.0032810 secs] 77736K->69016K(128284K), 0.0040595 secs] [Times: user=0.00 sys=0.00, real=0.00 secs] 
Heap after GC invocations=5365 (full 148):
 par new generation   total 9792K, used 702K [0x00000000e1000000, 0x00000000e1aa0000, 0x00000000eb4a0000)
  eden space 8704K,   0% used [0x00000000e1000000, 0x00000000e1000000, 0x00000000e1880000)
  from space 1088K,  64% used [0x00000000e1990000, 0x00000000e1a3fbe8, 0x00000000e1aa0000)
  to   space 1088K,   0% used [0x00000000e1880000, 0x00000000e1880000, 0x00000000e1990000)
 concurrent mark-sweep generation total 118492K, used 68313K [0x00000000eb4a0000, 0x00000000f2857000, 0x0000000100000000)
 Metaspace       used 95782K, capacity 99991K, committed 100352K, reserved 1136640K
  class space    used 11683K, capacity 12454K, committed 12544K, reserved 1048576K
}
2019-06-25T16:50:54.935+0000: 376674.845: Application time: 102.7478903 seconds
{Heap before GC invocations=5365 (full 148):
 par new generation   total 9792K, used 9406K [0x00000000e1000000, 0x00000000e1aa0000, 0x00000000eb4a0000)
  eden space 8704K, 100% used [0x00000000e1000000, 0x00000000e1880000, 0x00000000e1880000)
  from space 1088K,  64% used [0x00000000e1990000, 0x00000000e1a3fbe8, 0x00000000e1aa0000)
  to   space 1088K,   0% used [0x00000000e1880000, 0x00000000e1880000, 0x00000000e1990000)
 concurrent mark-sweep generation total 118492K, used 68313K [0x00000000eb4a0000, 0x00000000f2857000, 0x0000000100000000)
 Metaspace       used 95782K, capacity 99991K, committed 100352K, reserved 1136640K
  class space    used 11683K, capacity 12454K, committed 12544K, reserved 1048576K
2019-06-25T16:50:54.936+0000: 376674.846: [GC (Allocation Failure) 2019-06-25T16:50:54.936+0000: 376674.846: [ParNew: 9406K->686K(9792K), 0.0031962 secs] 77720K->69002K(128284K), 0.0039767 secs] [Times: user=0.01 sys=0.00, real=0.01 secs] 
Heap after GC invocations=5366 (full 148):
 par new generation   total 9792K, used 686K [0x00000000e1000000, 0x00000000e1aa0000, 0x00000000eb4a0000)
  eden space 8704K,   0% used [0x00000000e1000000, 0x00000000e1000000, 0x00000000e1880000)
  from space 1088K,  63% used [0x00000000e1880000, 0x00000000e192b988, 0x00000000e1990000)
  to   space 1088K,   0% used [0x00000000e1990000, 0x00000000e1990000, 0x00000000e1aa0000)
 concurrent mark-sweep generation total 118492K, used 68316K [0x00000000eb4a0000, 0x00000000f2857000, 0x0000000100000000)
 Metaspace       used 95782K, capacity 99991K, committed 100352K, reserved 1136640K
  class space    used 11683K, capacity 12454K, committed 12544K, reserved 1048576K
}
2019-06-25T16:50:55.941+0000: 376675.851: Application time: 1.0001530 seconds
2019-06-25T16:51:06.943+0000: 376686.853: Application time: 11.0019503 seconds
2019-06-25T16:51:12.944+0000: 376692.854: Application time: 6.0010260 seconds
2019-06-25T16:52:34.778+0000: 376774.688: Application time: 81.8332324 seconds
{Heap before GC invocations=5366 (full 148):
 par new generation   total 9792K, used 9390K [0x00000000e1000000, 0x00000000e1aa0000, 0x00000000eb4a0000)
  eden space 8704K, 100% used [0x00000000e1000000, 0x00000000e1880000, 0x00000000e1880000)
  from space 1088K,  63% used [0x00000000e1880000, 0x00000000e192b988, 0x00000000e1990000)
  to   space 1088K,   0% used [0x00000000e1990000, 0x00000000e1990000, 0x00000000e1aa0000)
 concurrent mark-sweep generation total 118492K, used 68316K [0x00000000eb4a0000, 0x00000000f2857000, 0x0000000100000000)
 Metaspace       used 95782K, capacity 99991K, committed 100352K, reserved 1136640K
  class space    used 11683K, capacity 12454K, committed 12544K, reserved 1048576K
2019-06-25T16:52:34.780+0000: 376774.689: [GC (Allocation Failure) 2019-06-25T16:52:34.780+0000: 376774.690: [ParNew: 9390K->845K(9792K), 0.0058866 secs] 77706K->69162K(128284K), 0.0069882 secs] [Times: user=0.01 sys=0.00, real=0.00 secs] 
Heap after GC invocations=5367 (full 148):
 par new generation   total 9792K, used 845K [0x00000000e1000000, 0x00000000e1aa0000, 0x00000000eb4a0000)
  eden space 8704K,   0% used [0x00000000e1000000, 0x00000000e1000000, 0x00000000e1880000)
  from space 1088K,  77% used [0x00000000e1990000, 0x00000000e1a63658, 0x00000000e1aa0000)
  to   space 1088K,   0% used [0x00000000e1880000, 0x00000000e1880000, 0x00000000e1990000)
 concurrent mark-sweep generation total 118492K, used 68316K [0x00000000eb4a0000, 0x00000000f2857000, 0x0000000100000000)
 Metaspace       used 95782K, capacity 99991K, committed 100352K, reserved 1136640K
  class space    used 11683K, capacity 12454K, committed 12544K, reserved 1048576K
}
2019-06-25T16:54:10.190+0000: 376870.100: Application time: 95.4031385 seconds
2019-06-25T16:54:12.723+0000: 376872.633: Application time: 2.5321836 seconds
{Heap before GC invocations=5367 (full 148):
 par new generation   total 9792K, used 9549K [0x00000000e1000000, 0x00000000e1aa0000, 0x00000000eb4a0000)
  eden space 8704K, 100% used [0x00000000e1000000, 0x00000000e1880000, 0x00000000e1880000)
  from space 1088K,  77% used [0x00000000e1990000, 0x00000000e1a63658, 0x00000000e1aa0000)
  to   space 1088K,   0% used [0x00000000e1880000, 0x00000000e1880000, 0x00000000e1990000)
 concurrent mark-sweep generation total 118492K, used 68316K [0x00000000eb4a0000, 0x00000000f2857000, 0x0000000100000000)
 Metaspace       used 95782K, capacity 99991K, committed 100352K, reserved 1136640K
  class space    used 11683K, capacity 12454K, committed 12544K, reserved 1048576K
2019-06-25T16:54:12.738+0000: 376872.648: [GC (Allocation Failure) 2019-06-25T16:54:12.738+0000: 376872.648: [ParNew: 9549K->709K(9792K), 0.0209115 secs] 77866K->69054K(128284K), 0.0217490 secs] [Times: user=0.04 sys=0.01, real=0.03 secs] 
Heap after GC invocations=5368 (full 148):
 par new generation   total 9792K, used 709K [0x00000000e1000000, 0x00000000e1aa0000, 0x00000000eb4a0000)
  eden space 8704K,   0% used [0x00000000e1000000, 0x00000000e1000000, 0x00000000e1880000)
  from space 1088K,  65% used [0x00000000e1880000, 0x00000000e1931650, 0x00000000e1990000)
  to   space 1088K,   0% used [0x00000000e1990000, 0x00000000e1990000, 0x00000000e1aa0000)
 concurrent mark-sweep generation total 118492K, used 68344K [0x00000000eb4a0000, 0x00000000f2857000, 0x0000000100000000)
 Metaspace       used 95782K, capacity 99991K, committed 100352K, reserved 1136640K
  class space    used 11683K, capacity 12454K, committed 12544K, reserved 1048576K
}
2019-06-25T16:55:26.976+0000: 376946.886: Application time: 74.2153578 seconds
2019-06-25T16:55:26.976+0000: 376946.886: Application time: 0.0001002 seconds
2019-06-25T16:55:26.976+0000: 376946.886: Application time: 0.0000606 seconds
2019-06-25T16:55:26.976+0000: 376946.886: Application time: 0.0000585 seconds
2019-06-25T16:55:26.977+0000: 376946.887: Application time: 0.0001714 seconds
2019-06-25T16:55:28.069+0000: 376947.979: Application time: 1.0914305 seconds
{Heap before GC invocations=5368 (full 148):
 par new generation   total 9792K, used 9413K [0x00000000e1000000, 0x00000000e1aa0000, 0x00000000eb4a0000)
  eden space 8704K, 100% used [0x00000000e1000000, 0x00000000e1880000, 0x00000000e1880000)
  from space 1088K,  65% used [0x00000000e1880000, 0x00000000e1931650, 0x00000000e1990000)
  to   space 1088K,   0% used [0x00000000e1990000, 0x00000000e1990000, 0x00000000e1aa0000)
 concurrent mark-sweep generation total 118492K, used 68344K [0x00000000eb4a0000, 0x00000000f2857000, 0x0000000100000000)
 Metaspace       used 95782K, capacity 99991K, committed 100352K, reserved 1136640K
  class space    used 11683K, capacity 12454K, committed 12544K, reserved 1048576K
2019-06-25T16:55:28.069+0000: 376947.979: [GC (Allocation Failure) 2019-06-25T16:55:28.070+0000: 376947.980: [ParNew: 9413K->789K(9792K), 0.0033838 secs] 77758K->69133K(128284K), 0.0043950 secs] [Times: user=0.01 sys=0.00, real=0.00 secs] 
Heap after GC invocations=5369 (full 148):
 par new generation   total 9792K, used 789K [0x00000000e1000000, 0x00000000e1aa0000, 0x00000000eb4a0000)
  eden space 8704K,   0% used [0x00000000e1000000, 0x00000000e1000000, 0x00000000e1880000)
  from space 1088K,  72% used [0x00000000e1990000, 0x00000000e1a555f8, 0x00000000e1aa0000)
  to   space 1088K,   0% used [0x00000000e1880000, 0x00000000e1880000, 0x00000000e1990000)
 concurrent mark-sweep generation total 118492K, used 68344K [0x00000000eb4a0000, 0x00000000f2857000, 0x0000000100000000)
 Metaspace       used 95782K, capacity 99991K, committed 100352K, reserved 1136640K
  class space    used 11683K, capacity 12454K, committed 12544K, reserved 1048576K
}
2019-06-25T16:55:31.309+0000: 376951.218: Application time: 3.2342683 seconds
2019-06-25T16:55:31.333+0000: 376951.243: Application time: 0.0240637 seconds
2019-06-25T16:55:43.978+0000: 376963.888: Application time: 12.6450833 seconds
2019-06-25T16:55:43.979+0000: 376963.889: Application time: 0.0000703 seconds
2019-06-25T16:55:43.979+0000: 376963.889: Application time: 0.0000692 seconds
2019-06-25T16:55:43.980+0000: 376963.889: Application time: 0.0000632 seconds
2019-06-25T16:55:43.980+0000: 376963.890: Application time: 0.0000577 seconds
2019-06-25T16:55:43.980+0000: 376963.890: Application time: 0.0000794 seconds
2019-06-25T16:55:43.993+0000: 376963.903: Application time: 0.0126557 seconds
2019-06-25T16:55:43.993+0000: 376963.903: Application time: 0.0001007 seconds
2019-06-25T16:55:43.993+0000: 376963.903: Application time: 0.0000797 seconds
2019-06-25T16:55:43.994+0000: 376963.904: Application time: 0.0001815 seconds
2019-06-25T16:55:48.717+0000: 376968.627: Application time: 4.7234303 seconds
2019-06-25T16:55:48.742+0000: 376968.652: Application time: 0.0246889 seconds
2019-06-25T16:55:57.995+0000: 376977.905: Application time: 9.2524675 seconds
2019-06-25T16:55:57.995+0000: 376977.905: Application time: 0.0000360 seconds
2019-06-25T16:55:57.995+0000: 376977.905: Application time: 0.0000228 seconds
2019-06-25T16:55:57.996+0000: 376977.906: Application time: 0.0005772 seconds
2019-06-25T16:55:57.996+0000: 376977.906: Application time: 0.0000437 seconds
2019-06-25T16:55:57.996+0000: 376977.906: Application time: 0.0000458 seconds
2019-06-25T16:55:57.997+0000: 376977.906: Application time: 0.0000461 seconds
2019-06-25T16:55:58.006+0000: 376977.916: Application time: 0.0095685 seconds
2019-06-25T16:55:58.007+0000: 376977.917: Application time: 0.0001580 seconds
2019-06-25T16:55:58.007+0000: 376977.917: Application time: 0.0004685 seconds
2019-06-25T16:56:02.984+0000: 376982.894: Application time: 4.9684712 seconds
2019-06-25T16:56:03.017+0000: 376982.927: Application time: 0.0328349 seconds
2019-06-25T16:56:10.479+0000: 376990.389: Application time: 7.4611785 seconds
2019-06-25T16:56:22.022+0000: 377001.931: Application time: 11.5424726 seconds
{Heap before GC invocations=5369 (full 148):
 par new generation   total 9792K, used 9493K [0x00000000e1000000, 0x00000000e1aa0000, 0x00000000eb4a0000)
  eden space 8704K, 100% used [0x00000000e1000000, 0x00000000e1880000, 0x00000000e1880000)
  from space 1088K,  72% used [0x00000000e1990000, 0x00000000e1a555f8, 0x00000000e1aa0000)
  to   space 1088K,   0% used [0x00000000e1880000, 0x00000000e1880000, 0x00000000e1990000)
 concurrent mark-sweep generation total 118492K, used 68344K [0x00000000eb4a0000, 0x00000000f2857000, 0x0000000100000000)
 Metaspace       used 95782K, capacity 99991K, committed 100352K, reserved 1136640K
  class space    used 11683K, capacity 12454K, committed 12544K, reserved 1048576K
2019-06-25T16:56:22.022+0000: 377001.932: [GC (Allocation Failure) 2019-06-25T16:56:22.023+0000: 377001.933: [ParNew: 9493K->793K(9792K), 0.0036213 secs] 77837K->69263K(128284K), 0.0045624 secs] [Times: user=0.01 sys=0.00, real=0.00 secs] 
Heap after GC invocations=5370 (full 148):
 par new generation   total 9792K, used 793K [0x00000000e1000000, 0x00000000e1aa0000, 0x00000000eb4a0000)
  eden space 8704K,   0% used [0x00000000e1000000, 0x00000000e1000000, 0x00000000e1880000)
  from space 1088K,  72% used [0x00000000e1880000, 0x00000000e1946668, 0x00000000e1990000)
  to   space 1088K,   0% used [0x00000000e1990000, 0x00000000e1990000, 0x00000000e1aa0000)
 concurrent mark-sweep generation total 118492K, used 68469K [0x00000000eb4a0000, 0x00000000f2857000, 0x0000000100000000)
 Metaspace       used 95782K, capacity 99991K, committed 100352K, reserved 1136640K
  class space    used 11683K, capacity 12454K, committed 12544K, reserved 1048576K
}
2019-06-25T16:56:31.037+0000: 377010.947: Application time: 9.0096468 seconds
2019-06-25T16:56:31.038+0000: 377010.948: Application time: 0.0001762 seconds
2019-06-25T16:56:31.038+0000: 377010.948: Application time: 0.0001659 seconds
2019-06-25T16:56:31.039+0000: 377010.948: Application time: 0.0000779 seconds
2019-06-25T16:56:31.039+0000: 377010.949: Application time: 0.0000600 seconds
2019-06-25T16:56:31.039+0000: 377010.949: Application time: 0.0000549 seconds
2019-06-25T16:56:31.040+0000: 377010.949: Application time: 0.0000721 seconds
2019-06-25T16:56:31.045+0000: 377010.955: Application time: 0.0053761 seconds
2019-06-25T16:56:31.045+0000: 377010.955: Application time: 0.0001127 seconds
2019-06-25T16:56:31.046+0000: 377010.956: Application time: 0.0001603 seconds
2019-06-25T16:56:35.708+0000: 377015.618: Application time: 4.6623677 seconds
2019-06-25T16:56:35.735+0000: 377015.645: Application time: 0.0266799 seconds
2019-06-25T16:56:39.672+0000: 377019.581: Application time: 3.9360964 seconds
2019-06-25T16:56:39.672+0000: 377019.582: Application time: 0.0000688 seconds
2019-06-25T16:56:39.672+0000: 377019.582: Application time: 0.0000429 seconds
2019-06-25T16:56:39.673+0000: 377019.582: Application time: 0.0001342 seconds
2019-06-25T16:56:39.673+0000: 377019.583: Application time: 0.0000811 seconds
2019-06-25T16:56:39.673+0000: 377019.584: Application time: 0.0007930 seconds
2019-06-25T16:56:39.674+0000: 377019.584: Application time: 0.0000480 seconds
2019-06-25T16:56:40.049+0000: 377019.959: Application time: 0.3747873 seconds
2019-06-25T16:56:40.050+0000: 377019.960: Application time: 0.0000730 seconds
2019-06-25T16:56:40.050+0000: 377019.960: Application time: 0.0000594 seconds
2019-06-25T16:56:40.050+0000: 377019.960: Application time: 0.0000635 seconds
2019-06-25T16:56:40.050+0000: 377019.960: Application time: 0.0000581 seconds
2019-06-25T16:56:40.051+0000: 377019.961: Application time: 0.0000556 seconds
2019-06-25T16:56:40.051+0000: 377019.961: Application time: 0.0000603 seconds
2019-06-25T16:56:40.054+0000: 377019.964: Application time: 0.0021993 seconds
2019-06-25T16:56:40.054+0000: 377019.964: Application time: 0.0000924 seconds
2019-06-25T16:56:40.054+0000: 377019.964: Application time: 0.0000813 seconds
2019-06-25T16:56:40.054+0000: 377019.964: Application time: 0.0000597 seconds
2019-06-25T16:56:40.055+0000: 377019.965: Application time: 0.0005014 seconds
2019-06-25T16:56:40.055+0000: 377019.965: Application time: 0.0000587 seconds
2019-06-25T16:56:40.056+0000: 377019.965: Application time: 0.0000821 seconds
2019-06-25T16:56:44.677+0000: 377024.586: Application time: 4.6208850 seconds
2019-06-25T16:56:44.700+0000: 377024.609: Application time: 0.0227351 seconds
2019-06-25T16:56:48.060+0000: 377027.970: Application time: 3.3605099 seconds
{Heap before GC invocations=5370 (full 148):
 par new generation   total 9792K, used 9497K [0x00000000e1000000, 0x00000000e1aa0000, 0x00000000eb4a0000)
  eden space 8704K, 100% used [0x00000000e1000000, 0x00000000e1880000, 0x00000000e1880000)
  from space 1088K,  72% used [0x00000000e1880000, 0x00000000e1946668, 0x00000000e1990000)
  to   space 1088K,   0% used [0x00000000e1990000, 0x00000000e1990000, 0x00000000e1aa0000)
 concurrent mark-sweep generation total 118492K, used 68469K [0x00000000eb4a0000, 0x00000000f2857000, 0x0000000100000000)
 Metaspace       used 95823K, capacity 100057K, committed 100352K, reserved 1136640K
  class space    used 11689K, capacity 12465K, committed 12544K, reserved 1048576K
2019-06-25T16:56:48.061+0000: 377027.971: [GC (Allocation Failure) 2019-06-25T16:56:48.062+0000: 377027.971: [ParNew: 9497K->803K(9792K), 0.0040882 secs] 77967K->69460K(128284K), 0.0048445 secs] [Times: user=0.01 sys=0.00, real=0.00 secs] 
Heap after GC invocations=5371 (full 148):
 par new generation   total 9792K, used 803K [0x00000000e1000000, 0x00000000e1aa0000, 0x00000000eb4a0000)
  eden space 8704K,   0% used [0x00000000e1000000, 0x00000000e1000000, 0x00000000e1880000)
  from space 1088K,  73% used [0x00000000e1990000, 0x00000000e1a58da0, 0x00000000e1aa0000)
  to   space 1088K,   0% used [0x00000000e1880000, 0x00000000e1880000, 0x00000000e1990000)
 concurrent mark-sweep generation total 118492K, used 68657K [0x00000000eb4a0000, 0x00000000f2857000, 0x0000000100000000)
 Metaspace       used 95823K, capacity 100057K, committed 100352K, reserved 1136640K
  class space    used 11689K, capacity 12465K, committed 12544K, reserved 1048576K
}
2019-06-25T16:56:48.067+0000: 377027.977: Application time: 0.0004405 seconds
2019-06-25T16:56:48.068+0000: 377027.977: Application time: 0.0000287 seconds
2019-06-25T16:56:48.068+0000: 377027.978: Application time: 0.0000670 seconds
2019-06-25T16:57:10.482+0000: 377050.392: Application time: 22.4134887 seconds
2019-06-25T16:58:12.527+0000: 377112.437: Application time: 62.0441983 seconds
{Heap before GC invocations=5371 (full 148):
 par new generation   total 9792K, used 9507K [0x00000000e1000000, 0x00000000e1aa0000, 0x00000000eb4a0000)
  eden space 8704K, 100% used [0x00000000e1000000, 0x00000000e1880000, 0x00000000e1880000)
  from space 1088K,  73% used [0x00000000e1990000, 0x00000000e1a58da0, 0x00000000e1aa0000)
  to   space 1088K,   0% used [0x00000000e1880000, 0x00000000e1880000, 0x00000000e1990000)
 concurrent mark-sweep generation total 118492K, used 68657K [0x00000000eb4a0000, 0x00000000f2857000, 0x0000000100000000)
 Metaspace       used 95823K, capacity 100057K, committed 100352K, reserved 1136640K
  class space    used 11689K, capacity 12465K, committed 12544K, reserved 1048576K
2019-06-25T16:58:12.527+0000: 377112.437: [GC (Allocation Failure) 2019-06-25T16:58:12.528+0000: 377112.437: [ParNew: 9507K->1088K(9792K), 0.0062776 secs] 78164K->70184K(128284K), 0.0074434 secs] [Times: user=0.00 sys=0.01, real=0.01 secs] 
Heap after GC invocations=5372 (full 148):
 par new generation   total 9792K, used 1088K [0x00000000e1000000, 0x00000000e1aa0000, 0x00000000eb4a0000)
  eden space 8704K,   0% used [0x00000000e1000000, 0x00000000e1000000, 0x00000000e1880000)
  from space 1088K, 100% used [0x00000000e1880000, 0x00000000e1990000, 0x00000000e1990000)
  to   space 1088K,   0% used [0x00000000e1990000, 0x00000000e1990000, 0x00000000e1aa0000)
 concurrent mark-sweep generation total 118492K, used 69096K [0x00000000eb4a0000, 0x00000000f2857000, 0x0000000100000000)
 Metaspace       used 95823K, capacity 100057K, committed 100352K, reserved 1136640K
  class space    used 11689K, capacity 12465K, committed 12544K, reserved 1048576K
}
2019-06-25T16:58:12.742+0000: 377112.651: Application time: 0.2063815 seconds
2019-06-25T16:58:12.744+0000: 377112.653: Application time: 0.0016814 seconds
2019-06-25T16:58:12.972+0000: 377112.882: Application time: 0.2285042 seconds
2019-06-25T16:58:12.973+0000: 377112.883: Application time: 0.0000897 seconds
2019-06-25T16:58:12.973+0000: 377112.883: Application time: 0.0000714 seconds
2019-06-25T16:58:12.974+0000: 377112.884: Application time: 0.0000578 seconds
2019-06-25T16:58:12.974+0000: 377112.884: Application time: 0.0000616 seconds
2019-06-25T16:58:12.974+0000: 377112.884: Application time: 0.0001476 seconds
2019-06-25T16:58:12.974+0000: 377112.884: Application time: 0.0000942 seconds
2019-06-25T16:58:12.976+0000: 377112.886: Application time: 0.0012260 seconds
2019-06-25T16:58:13.140+0000: 377113.050: Application time: 0.1639517 seconds
2019-06-25T16:58:13.141+0000: 377113.050: Application time: 0.0000859 seconds
2019-06-25T16:58:13.141+0000: 377113.051: Application time: 0.0000295 seconds
2019-06-25T16:58:17.524+0000: 377117.434: Application time: 4.3835097 seconds
2019-06-25T16:58:17.560+0000: 377117.469: Application time: 0.0349238 seconds
2019-06-25T16:58:24.151+0000: 377124.061: Application time: 6.5910190 seconds
2019-06-25T16:58:24.152+0000: 377124.061: Application time: 0.0000619 seconds
2019-06-25T16:58:24.152+0000: 377124.062: Application time: 0.0005450 seconds
2019-06-25T16:58:24.153+0000: 377124.062: Application time: 0.0000613 seconds
2019-06-25T16:58:24.153+0000: 377124.063: Application time: 0.0001120 seconds
2019-06-25T16:58:24.153+0000: 377124.063: Application time: 0.0000844 seconds
2019-06-25T16:58:28.609+0000: 377128.519: Application time: 4.4559949 seconds
2019-06-25T16:58:28.634+0000: 377128.543: Application time: 0.0239693 seconds
2019-06-25T16:58:42.978+0000: 377142.888: Application time: 14.3444560 seconds
2019-06-25T16:58:42.979+0000: 377142.889: Application time: 0.0001582 seconds
2019-06-25T16:58:42.979+0000: 377142.889: Application time: 0.0001255 seconds
2019-06-25T16:58:42.979+0000: 377142.889: Application time: 0.0001461 seconds
2019-06-25T16:58:42.980+0000: 377142.890: Application time: 0.0001443 seconds
2019-06-25T16:58:42.980+0000: 377142.890: Application time: 0.0002916 seconds
2019-06-25T16:58:42.980+0000: 377142.890: Application time: 0.0001606 seconds
2019-06-25T16:59:10.216+0000: 377170.126: Application time: 27.2363482 seconds
2019-06-25T16:59:10.487+0000: 377170.397: Application time: 0.2698620 seconds
2019-06-25T16:59:17.203+0000: 377177.113: Application time: 6.7155784 seconds
{Heap before GC invocations=5372 (full 148):
 par new generation   total 9792K, used 9792K [0x00000000e1000000, 0x00000000e1aa0000, 0x00000000eb4a0000)
  eden space 8704K, 100% used [0x00000000e1000000, 0x00000000e1880000, 0x00000000e1880000)
  from space 1088K, 100% used [0x00000000e1880000, 0x00000000e1990000, 0x00000000e1990000)
  to   space 1088K,   0% used [0x00000000e1990000, 0x00000000e1990000, 0x00000000e1aa0000)
 concurrent mark-sweep generation total 118492K, used 69096K [0x00000000eb4a0000, 0x00000000f2857000, 0x0000000100000000)
 Metaspace       used 95823K, capacity 100057K, committed 100352K, reserved 1136640K
  class space    used 11689K, capacity 12465K, committed 12544K, reserved 1048576K
2019-06-25T16:59:17.203+0000: 377177.113: [GC (Allocation Failure) 2019-06-25T16:59:17.204+0000: 377177.114: [ParNew: 9792K->721K(9792K), 0.0090011 secs] 78888K->70126K(128284K), 0.0101814 secs] [Times: user=0.01 sys=0.00, real=0.01 secs] 
Heap after GC invocations=5373 (full 148):
 par new generation   total 9792K, used 721K [0x00000000e1000000, 0x00000000e1aa0000, 0x00000000eb4a0000)
  eden space 8704K,   0% used [0x00000000e1000000, 0x00000000e1000000, 0x00000000e1880000)
  from space 1088K,  66% used [0x00000000e1990000, 0x00000000e1a44770, 0x00000000e1aa0000)
  to   space 1088K,   0% used [0x00000000e1880000, 0x00000000e1880000, 0x00000000e1990000)
 concurrent mark-sweep generation total 118492K, used 69404K [0x00000000eb4a0000, 0x00000000f2857000, 0x0000000100000000)
 Metaspace       used 95823K, capacity 100057K, committed 100352K, reserved 1136640K
  class space    used 11689K, capacity 12465K, committed 12544K, reserved 1048576K
}
2019-06-25T16:59:45.224+0000: 377205.134: Application time: 28.0096570 seconds
2019-06-25T16:59:45.225+0000: 377205.135: Application time: 0.0000644 seconds
2019-06-25T16:59:45.225+0000: 377205.135: Application time: 0.0000641 seconds
2019-06-25T16:59:45.225+0000: 377205.135: Application time: 0.0000602 seconds
2019-06-25T16:59:45.226+0000: 377205.136: Application time: 0.0001175 seconds
2019-06-25T16:59:45.226+0000: 377205.136: Application time: 0.0001099 seconds
2019-06-25T16:59:49.907+0000: 377209.817: Application time: 4.6805784 seconds
2019-06-25T16:59:49.932+0000: 377209.842: Application time: 0.0247317 seconds
2019-06-25T17:00:10.104+0000: 377230.014: Application time: 20.1719496 seconds
2019-06-25T17:00:10.105+0000: 377230.015: Application time: 0.0000764 seconds
2019-06-25T17:00:10.105+0000: 377230.015: Application time: 0.0000662 seconds
2019-06-25T17:00:10.105+0000: 377230.015: Application time: 0.0000646 seconds
2019-06-25T17:00:10.490+0000: 377230.400: Application time: 0.3849612 seconds
2019-06-25T17:00:35.268+0000: 377255.178: Application time: 24.7777593 seconds
{Heap before GC invocations=5373 (full 148):
 par new generation   total 9792K, used 9425K [0x00000000e1000000, 0x00000000e1aa0000, 0x00000000eb4a0000)
  eden space 8704K, 100% used [0x00000000e1000000, 0x00000000e1880000, 0x00000000e1880000)
  from space 1088K,  66% used [0x00000000e1990000, 0x00000000e1a44770, 0x00000000e1aa0000)
  to   space 1088K,   0% used [0x00000000e1880000, 0x00000000e1880000, 0x00000000e1990000)
 concurrent mark-sweep generation total 118492K, used 69404K [0x00000000eb4a0000, 0x00000000f2857000, 0x0000000100000000)
 Metaspace       used 95823K, capacity 100057K, committed 100352K, reserved 1136640K
  class space    used 11689K, capacity 12465K, committed 12544K, reserved 1048576K
2019-06-25T17:00:35.269+0000: 377255.179: [GC (Allocation Failure) 2019-06-25T17:00:35.269+0000: 377255.179: [ParNew: 9425K->666K(9792K), 0.0035718 secs] 78830K->70071K(128284K), 0.0044206 secs] [Times: user=0.01 sys=0.00, real=0.00 secs] 
Heap after GC invocations=5374 (full 148):
 par new generation   total 9792K, used 666K [0x00000000e1000000, 0x00000000e1aa0000, 0x00000000eb4a0000)
  eden space 8704K,   0% used [0x00000000e1000000, 0x00000000e1000000, 0x00000000e1880000)
  from space 1088K,  61% used [0x00000000e1880000, 0x00000000e1926ac0, 0x00000000e1990000)
  to   space 1088K,   0% used [0x00000000e1990000, 0x00000000e1990000, 0x00000000e1aa0000)
 concurrent mark-sweep generation total 118492K, used 69404K [0x00000000eb4a0000, 0x00000000f2857000, 0x0000000100000000)
 Metaspace       used 95823K, capacity 100057K, committed 100352K, reserved 1136640K
  class space    used 11689K, capacity 12465K, committed 12544K, reserved 1048576K
}
2019-06-25T17:02:12.764+0000: 377352.674: Application time: 97.4896297 seconds
{Heap before GC invocations=5374 (full 148):
 par new generation   total 9792K, used 9370K [0x00000000e1000000, 0x00000000e1aa0000, 0x00000000eb4a0000)
  eden space 8704K, 100% used [0x00000000e1000000, 0x00000000e1880000, 0x00000000e1880000)
  from space 1088K,  61% used [0x00000000e1880000, 0x00000000e1926ac0, 0x00000000e1990000)
  to   space 1088K,   0% used [0x00000000e1990000, 0x00000000e1990000, 0x00000000e1aa0000)
 concurrent mark-sweep generation total 118492K, used 69404K [0x00000000eb4a0000, 0x00000000f2857000, 0x0000000100000000)
 Metaspace       used 95823K, capacity 100057K, committed 100352K, reserved 1136640K
  class space    used 11689K, capacity 12465K, committed 12544K, reserved 1048576K
2019-06-25T17:02:12.765+0000: 377352.675: [GC (Allocation Failure) 2019-06-25T17:02:12.765+0000: 377352.675: [ParNew: 9370K->891K(9792K), 0.0085691 secs] 78775K->70422K(128284K), 0.0095260 secs] [Times: user=0.01 sys=0.00, real=0.01 secs] 
Heap after GC invocations=5375 (full 148):
 par new generation   total 9792K, used 891K [0x00000000e1000000, 0x00000000e1aa0000, 0x00000000eb4a0000)
  eden space 8704K,   0% used [0x00000000e1000000, 0x00000000e1000000, 0x00000000e1880000)
  from space 1088K,  81% used [0x00000000e1990000, 0x00000000e1a6ef28, 0x00000000e1aa0000)
  to   space 1088K,   0% used [0x00000000e1880000, 0x00000000e1880000, 0x00000000e1990000)
 concurrent mark-sweep generation total 118492K, used 69531K [0x00000000eb4a0000, 0x00000000f2857000, 0x0000000100000000)
 Metaspace       used 95823K, capacity 100057K, committed 100352K, reserved 1136640K
  class space    used 11689K, capacity 12465K, committed 12544K, reserved 1048576K
}
2019-06-25T17:02:37.401+0000: 377377.311: Application time: 24.6262137 seconds
2019-06-25T17:02:37.402+0000: 377377.311: Application time: 0.0000856 seconds
2019-06-25T17:02:37.402+0000: 377377.312: Application time: 0.0000602 seconds
2019-06-25T17:02:37.402+0000: 377377.312: Application time: 0.0000639 seconds
2019-06-25T17:02:42.227+0000: 377382.136: Application time: 4.8235805 seconds
2019-06-25T17:02:42.252+0000: 377382.161: Application time: 0.0247438 seconds
2019-06-25T17:02:43.006+0000: 377382.916: Application time: 0.7542439 seconds
2019-06-25T17:02:44.408+0000: 377384.318: Application time: 1.4013477 seconds
2019-06-25T17:02:44.409+0000: 377384.319: Application time: 0.0005718 seconds
2019-06-25T17:02:44.409+0000: 377384.319: Application time: 0.0001239 seconds
2019-06-25T17:02:44.410+0000: 377384.319: Application time: 0.0001909 seconds
2019-06-25T17:02:44.410+0000: 377384.320: Application time: 0.0001815 seconds
2019-06-25T17:03:10.498+0000: 377410.408: Application time: 26.0879017 seconds
2019-06-25T17:03:29.311+0000: 377429.221: Application time: 18.8126385 seconds
{Heap before GC invocations=5375 (full 148):
 par new generation   total 9792K, used 9595K [0x00000000e1000000, 0x00000000e1aa0000, 0x00000000eb4a0000)
  eden space 8704K, 100% used [0x00000000e1000000, 0x00000000e1880000, 0x00000000e1880000)
  from space 1088K,  81% used [0x00000000e1990000, 0x00000000e1a6ef28, 0x00000000e1aa0000)
  to   space 1088K,   0% used [0x00000000e1880000, 0x00000000e1880000, 0x00000000e1990000)
 concurrent mark-sweep generation total 118492K, used 69531K [0x00000000eb4a0000, 0x00000000f2857000, 0x0000000100000000)
 Metaspace       used 95823K, capacity 100057K, committed 100352K, reserved 1136640K
  class space    used 11689K, capacity 12465K, committed 12544K, reserved 1048576K
2019-06-25T17:03:29.312+0000: 377429.221: [GC (Allocation Failure) 2019-06-25T17:03:29.312+0000: 377429.222: [ParNew: 9595K->962K(9792K), 0.0034581 secs] 79126K->70737K(128284K), 0.0041793 secs] [Times: user=0.00 sys=0.00, real=0.00 secs] 
Heap after GC invocations=5376 (full 148):
 par new generation   total 9792K, used 962K [0x00000000e1000000, 0x00000000e1aa0000, 0x00000000eb4a0000)
  eden space 8704K,   0% used [0x00000000e1000000, 0x00000000e1000000, 0x00000000e1880000)
  from space 1088K,  88% used [0x00000000e1880000, 0x00000000e1970ad0, 0x00000000e1990000)
  to   space 1088K,   0% used [0x00000000e1990000, 0x00000000e1990000, 0x00000000e1aa0000)
 concurrent mark-sweep generation total 118492K, used 69775K [0x00000000eb4a0000, 0x00000000f2857000, 0x0000000100000000)
 Metaspace       used 95823K, capacity 100057K, committed 100352K, reserved 1136640K
  class space    used 11689K, capacity 12465K, committed 12544K, reserved 1048576K
}
2019-06-25T17:04:10.747+0000: 377470.656: Application time: 41.4300098 seconds
2019-06-25T17:04:25.010+0000: 377484.920: Application time: 14.2631383 seconds
2019-06-25T17:05:12.164+0000: 377532.074: Application time: 47.1535670 seconds
{Heap before GC invocations=5376 (full 148):
 par new generation   total 9792K, used 9666K [0x00000000e1000000, 0x00000000e1aa0000, 0x00000000eb4a0000)
  eden space 8704K, 100% used [0x00000000e1000000, 0x00000000e1880000, 0x00000000e1880000)
  from space 1088K,  88% used [0x00000000e1880000, 0x00000000e1970ad0, 0x00000000e1990000)
  to   space 1088K,   0% used [0x00000000e1990000, 0x00000000e1990000, 0x00000000e1aa0000)
 concurrent mark-sweep generation total 118492K, used 69775K [0x00000000eb4a0000, 0x00000000f2857000, 0x0000000100000000)
 Metaspace       used 95823K, capacity 100057K, committed 100352K, reserved 1136640K
  class space    used 11689K, capacity 12465K, committed 12544K, reserved 1048576K
2019-06-25T17:05:12.165+0000: 377532.075: [GC (Allocation Failure) 2019-06-25T17:05:12.165+0000: 377532.075: [ParNew: 9666K->750K(9792K), 0.0080339 secs] 79441K->70525K(128284K), 0.0089379 secs] [Times: user=0.02 sys=0.00, real=0.01 secs] 
Heap after GC invocations=5377 (full 148):
 par new generation   total 9792K, used 750K [0x00000000e1000000, 0x00000000e1aa0000, 0x00000000eb4a0000)
  eden space 8704K,   0% used [0x00000000e1000000, 0x00000000e1000000, 0x00000000e1880000)
  from space 1088K,  68% used [0x00000000e1990000, 0x00000000e1a4baa8, 0x00000000e1aa0000)
  to   space 1088K,   0% used [0x00000000e1880000, 0x00000000e1880000, 0x00000000e1990000)
 concurrent mark-sweep generation total 118492K, used 69775K [0x00000000eb4a0000, 0x00000000f2857000, 0x0000000100000000)
 Metaspace       used 95823K, capacity 100057K, committed 100352K, reserved 1136640K
  class space    used 11689K, capacity 12465K, committed 12544K, reserved 1048576K
}
2019-06-25T17:06:53.627+0000: 377633.537: Application time: 101.4523447 seconds
{Heap before GC invocations=5377 (full 148):
 par new generation   total 9792K, used 9454K [0x00000000e1000000, 0x00000000e1aa0000, 0x00000000eb4a0000)
  eden space 8704K, 100% used [0x00000000e1000000, 0x00000000e1880000, 0x00000000e1880000)
  from space 1088K,  68% used [0x00000000e1990000, 0x00000000e1a4baa8, 0x00000000e1aa0000)
  to   space 1088K,   0% used [0x00000000e1880000, 0x00000000e1880000, 0x00000000e1990000)
 concurrent mark-sweep generation total 118492K, used 69775K [0x00000000eb4a0000, 0x00000000f2857000, 0x0000000100000000)
 Metaspace       used 95823K, capacity 100057K, committed 100352K, reserved 1136640K
  class space    used 11689K, capacity 12465K, committed 12544K, reserved 1048576K
2019-06-25T17:06:53.628+0000: 377633.538: [GC (Allocation Failure) 2019-06-25T17:06:53.628+0000: 377633.538: [ParNew: 9454K->610K(9792K), 0.0035665 secs] 79229K->70545K(128284K), 0.0044929 secs] [Times: user=0.00 sys=0.00, real=0.01 secs] 
Heap after GC invocations=5378 (full 148):
 par new generation   total 9792K, used 610K [0x00000000e1000000, 0x00000000e1aa0000, 0x00000000eb4a0000)
  eden space 8704K,   0% used [0x00000000e1000000, 0x00000000e1000000, 0x00000000e1880000)
  from space 1088K,  56% used [0x00000000e1880000, 0x00000000e19188a8, 0x00000000e1990000)
  to   space 1088K,   0% used [0x00000000e1990000, 0x00000000e1990000, 0x00000000e1aa0000)
 concurrent mark-sweep generation total 118492K, used 69934K [0x00000000eb4a0000, 0x00000000f2857000, 0x0000000100000000)
 Metaspace       used 95823K, capacity 100057K, committed 100352K, reserved 1136640K
  class space    used 11689K, capacity 12465K, committed 12544K, reserved 1048576K
}
2019-06-25T17:08:30.716+0000: 377730.626: Application time: 97.0825611 seconds
{Heap before GC invocations=5378 (full 148):
 par new generation   total 9792K, used 9314K [0x00000000e1000000, 0x00000000e1aa0000, 0x00000000eb4a0000)
  eden space 8704K, 100% used [0x00000000e1000000, 0x00000000e1880000, 0x00000000e1880000)
  from space 1088K,  56% used [0x00000000e1880000, 0x00000000e19188a8, 0x00000000e1990000)
  to   space 1088K,   0% used [0x00000000e1990000, 0x00000000e1990000, 0x00000000e1aa0000)
 concurrent mark-sweep generation total 118492K, used 69934K [0x00000000eb4a0000, 0x00000000f2857000, 0x0000000100000000)
 Metaspace       used 95823K, capacity 100057K, committed 100352K, reserved 1136640K
  class space    used 11689K, capacity 12465K, committed 12544K, reserved 1048576K
2019-06-25T17:08:30.717+0000: 377730.627: [GC (Allocation Failure) 2019-06-25T17:08:30.717+0000: 377730.627: [ParNew: 9314K->735K(9792K), 0.0035281 secs] 79249K->70670K(128284K), 0.0044504 secs] [Times: user=0.00 sys=0.00, real=0.01 secs] 
Heap after GC invocations=5379 (full 148):
 par new generation   total 9792K, used 735K [0x00000000e1000000, 0x00000000e1aa0000, 0x00000000eb4a0000)
  eden space 8704K,   0% used [0x00000000e1000000, 0x00000000e1000000, 0x00000000e1880000)
  from space 1088K,  67% used [0x00000000e1990000, 0x00000000e1a47ce8, 0x00000000e1aa0000)
  to   space 1088K,   0% used [0x00000000e1880000, 0x00000000e1880000, 0x00000000e1990000)
 concurrent mark-sweep generation total 118492K, used 69934K [0x00000000eb4a0000, 0x00000000f2857000, 0x0000000100000000)
 Metaspace       used 95823K, capacity 100057K, committed 100352K, reserved 1136640K
  class space    used 11689K, capacity 12465K, committed 12544K, reserved 1048576K
}
2019-06-25T17:09:10.774+0000: 377770.683: Application time: 40.0515754 seconds
2019-06-25T17:10:12.295+0000: 377832.204: Application time: 61.5207260 seconds
2019-06-25T17:10:12.297+0000: 377832.206: Application time: 0.0015988 seconds
2019-06-25T17:10:12.297+0000: 377832.207: Application time: 0.0005452 seconds
{Heap before GC invocations=5379 (full 148):
 par new generation   total 9792K, used 9439K [0x00000000e1000000, 0x00000000e1aa0000, 0x00000000eb4a0000)
  eden space 8704K, 100% used [0x00000000e1000000, 0x00000000e1880000, 0x00000000e1880000)
  from space 1088K,  67% used [0x00000000e1990000, 0x00000000e1a47ce8, 0x00000000e1aa0000)
  to   space 1088K,   0% used [0x00000000e1880000, 0x00000000e1880000, 0x00000000e1990000)
 concurrent mark-sweep generation total 118492K, used 69934K [0x00000000eb4a0000, 0x00000000f2857000, 0x0000000100000000)
 Metaspace       used 95823K, capacity 100057K, committed 100352K, reserved 1136640K
  class space    used 11689K, capacity 12465K, committed 12544K, reserved 1048576K
2019-06-25T17:10:12.298+0000: 377832.208: [GC (Allocation Failure) 2019-06-25T17:10:12.298+0000: 377832.208: [ParNew: 9439K->733K(9792K), 0.0039145 secs] 79374K->70683K(128284K), 0.0048567 secs] [Times: user=0.00 sys=0.00, real=0.01 secs] 
Heap after GC invocations=5380 (full 148):
 par new generation   total 9792K, used 733K [0x00000000e1000000, 0x00000000e1aa0000, 0x00000000eb4a0000)
  eden space 8704K,   0% used [0x00000000e1000000, 0x00000000e1000000, 0x00000000e1880000)
  from space 1088K,  67% used [0x00000000e1880000, 0x00000000e1937500, 0x00000000e1990000)
  to   space 1088K,   0% used [0x00000000e1990000, 0x00000000e1990000, 0x00000000e1aa0000)
 concurrent mark-sweep generation total 118492K, used 69949K [0x00000000eb4a0000, 0x00000000f2857000, 0x0000000100000000)
 Metaspace       used 95823K, capacity 100057K, committed 100352K, reserved 1136640K
  class space    used 11689K, capacity 12465K, committed 12544K, reserved 1048576K
}
2019-06-25T17:11:54.896+0000: 377934.805: Application time: 102.5920115 seconds
{Heap before GC invocations=5380 (full 148):
 par new generation   total 9792K, used 9437K [0x00000000e1000000, 0x00000000e1aa0000, 0x00000000eb4a0000)
  eden space 8704K, 100% used [0x00000000e1000000, 0x00000000e1880000, 0x00000000e1880000)
  from space 1088K,  67% used [0x00000000e1880000, 0x00000000e1937500, 0x00000000e1990000)
  to   space 1088K,   0% used [0x00000000e1990000, 0x00000000e1990000, 0x00000000e1aa0000)
 concurrent mark-sweep generation total 118492K, used 69949K [0x00000000eb4a0000, 0x00000000f2857000, 0x0000000100000000)
 Metaspace       used 95823K, capacity 100057K, committed 100352K, reserved 1136640K
  class space    used 11689K, capacity 12465K, committed 12544K, reserved 1048576K
2019-06-25T17:11:54.896+0000: 377934.806: [GC (Allocation Failure) 2019-06-25T17:11:54.897+0000: 377934.807: [ParNew: 9437K->729K(9792K), 0.0035481 secs] 79387K->70780K(128284K), 0.0044773 secs] [Times: user=0.01 sys=0.00, real=0.01 secs] 
Heap after GC invocations=5381 (full 148):
 par new generation   total 9792K, used 729K [0x00000000e1000000, 0x00000000e1aa0000, 0x00000000eb4a0000)
  eden space 8704K,   0% used [0x00000000e1000000, 0x00000000e1000000, 0x00000000e1880000)
  from space 1088K,  67% used [0x00000000e1990000, 0x00000000e1a467e8, 0x00000000e1aa0000)
  to   space 1088K,   0% used [0x00000000e1880000, 0x00000000e1880000, 0x00000000e1990000)
 concurrent mark-sweep generation total 118492K, used 70050K [0x00000000eb4a0000, 0x00000000f2857000, 0x0000000100000000)
 Metaspace       used 95823K, capacity 100057K, committed 100352K, reserved 1136640K
  class space    used 11689K, capacity 12465K, committed 12544K, reserved 1048576K
}
2019-06-25T17:13:34.986+0000: 378034.895: Application time: 100.0836969 seconds
{Heap before GC invocations=5381 (full 148):
 par new generation   total 9792K, used 9433K [0x00000000e1000000, 0x00000000e1aa0000, 0x00000000eb4a0000)
  eden space 8704K, 100% used [0x00000000e1000000, 0x00000000e1880000, 0x00000000e1880000)
  from space 1088K,  67% used [0x00000000e1990000, 0x00000000e1a467e8, 0x00000000e1aa0000)
  to   space 1088K,   0% used [0x00000000e1880000, 0x00000000e1880000, 0x00000000e1990000)
 concurrent mark-sweep generation total 118492K, used 70050K [0x00000000eb4a0000, 0x00000000f2857000, 0x0000000100000000)
 Metaspace       used 95823K, capacity 100057K, committed 100352K, reserved 1136640K
  class space    used 11689K, capacity 12465K, committed 12544K, reserved 1048576K
2019-06-25T17:13:34.986+0000: 378034.896: [GC (Allocation Failure) 2019-06-25T17:13:34.987+0000: 378034.897: [ParNew: 9433K->717K(9792K), 0.0034097 secs] 79484K->70769K(128284K), 0.0041392 secs] [Times: user=0.01 sys=0.00, real=0.01 secs] 
Heap after GC invocations=5382 (full 148):
 par new generation   total 9792K, used 717K [0x00000000e1000000, 0x00000000e1aa0000, 0x00000000eb4a0000)
  eden space 8704K,   0% used [0x00000000e1000000, 0x00000000e1000000, 0x00000000e1880000)
  from space 1088K,  65% used [0x00000000e1880000, 0x00000000e1933480, 0x00000000e1990000)
  to   space 1088K,   0% used [0x00000000e1990000, 0x00000000e1990000, 0x00000000e1aa0000)
 concurrent mark-sweep generation total 118492K, used 70052K [0x00000000eb4a0000, 0x00000000f2857000, 0x0000000100000000)
 Metaspace       used 95823K, capacity 100057K, committed 100352K, reserved 1136640K
  class space    used 11689K, capacity 12465K, committed 12544K, reserved 1048576K
}
2019-06-25T17:14:10.800+0000: 378070.710: Application time: 35.8085920 seconds
2019-06-25T17:15:12.839+0000: 378132.749: Application time: 62.0393613 seconds
{Heap before GC invocations=5382 (full 148):
 par new generation   total 9792K, used 9421K [0x00000000e1000000, 0x00000000e1aa0000, 0x00000000eb4a0000)
  eden space 8704K, 100% used [0x00000000e1000000, 0x00000000e1880000, 0x00000000e1880000)
  from space 1088K,  65% used [0x00000000e1880000, 0x00000000e1933480, 0x00000000e1990000)
  to   space 1088K,   0% used [0x00000000e1990000, 0x00000000e1990000, 0x00000000e1aa0000)
 concurrent mark-sweep generation total 118492K, used 70052K [0x00000000eb4a0000, 0x00000000f2857000, 0x0000000100000000)
 Metaspace       used 95823K, capacity 100057K, committed 100352K, reserved 1136640K
  class space    used 11689K, capacity 12465K, committed 12544K, reserved 1048576K
2019-06-25T17:15:12.840+0000: 378132.750: [GC (Allocation Failure) 2019-06-25T17:15:12.841+0000: 378132.750: [ParNew: 9421K->637K(9792K), 0.0034063 secs] 79473K->70689K(128284K), 0.0042464 secs] [Times: user=0.01 sys=0.00, real=0.00 secs] 
Heap after GC invocations=5383 (full 148):
 par new generation   total 9792K, used 637K [0x00000000e1000000, 0x00000000e1aa0000, 0x00000000eb4a0000)
  eden space 8704K,   0% used [0x00000000e1000000, 0x00000000e1000000, 0x00000000e1880000)
  from space 1088K,  58% used [0x00000000e1990000, 0x00000000e1a2f680, 0x00000000e1aa0000)
  to   space 1088K,   0% used [0x00000000e1880000, 0x00000000e1880000, 0x00000000e1990000)
 concurrent mark-sweep generation total 118492K, used 70052K [0x00000000eb4a0000, 0x00000000f2857000, 0x0000000100000000)
 Metaspace       used 95823K, capacity 100057K, committed 100352K, reserved 1136640K
  class space    used 11689K, capacity 12465K, committed 12544K, reserved 1048576K
}
2019-06-25T17:16:10.122+0000: 378190.032: Application time: 57.2766449 seconds
2019-06-25T17:16:10.122+0000: 378190.032: Application time: 0.0000712 seconds
2019-06-25T17:16:10.123+0000: 378190.033: Application time: 0.0000668 seconds
2019-06-25T17:16:10.123+0000: 378190.033: Application time: 0.0001863 seconds
2019-06-25T17:16:10.124+0000: 378190.034: Application time: 0.0001009 seconds
2019-06-25T17:16:55.292+0000: 378235.202: Application time: 45.1681885 seconds
{Heap before GC invocations=5383 (full 148):
 par new generation   total 9792K, used 9341K [0x00000000e1000000, 0x00000000e1aa0000, 0x00000000eb4a0000)
  eden space 8704K, 100% used [0x00000000e1000000, 0x00000000e1880000, 0x00000000e1880000)
  from space 1088K,  58% used [0x00000000e1990000, 0x00000000e1a2f680, 0x00000000e1aa0000)
  to   space 1088K,   0% used [0x00000000e1880000, 0x00000000e1880000, 0x00000000e1990000)
 concurrent mark-sweep generation total 118492K, used 70052K [0x00000000eb4a0000, 0x00000000f2857000, 0x0000000100000000)
 Metaspace       used 95823K, capacity 100057K, committed 100352K, reserved 1136640K
  class space    used 11689K, capacity 12465K, committed 12544K, reserved 1048576K
2019-06-25T17:16:55.293+0000: 378235.202: [GC (Allocation Failure) 2019-06-25T17:16:55.293+0000: 378235.203: [ParNew: 9341K->642K(9792K), 0.0035696 secs] 79393K->70694K(128284K), 0.0046271 secs] [Times: user=0.01 sys=0.00, real=0.00 secs] 
Heap after GC invocations=5384 (full 148):
 par new generation   total 9792K, used 642K [0x00000000e1000000, 0x00000000e1aa0000, 0x00000000eb4a0000)
  eden space 8704K,   0% used [0x00000000e1000000, 0x00000000e1000000, 0x00000000e1880000)
  from space 1088K,  59% used [0x00000000e1880000, 0x00000000e19208a8, 0x00000000e1990000)
  to   space 1088K,   0% used [0x00000000e1990000, 0x00000000e1990000, 0x00000000e1aa0000)
 concurrent mark-sweep generation total 118492K, used 70052K [0x00000000eb4a0000, 0x00000000f2857000, 0x0000000100000000)
 Metaspace       used 95823K, capacity 100057K, committed 100352K, reserved 1136640K
  class space    used 11689K, capacity 12465K, committed 12544K, reserved 1048576K
}
2019-06-25T17:18:36.247+0000: 378336.157: Application time: 100.9492001 seconds
{Heap before GC invocations=5384 (full 148):
 par new generation   total 9792K, used 9346K [0x00000000e1000000, 0x00000000e1aa0000, 0x00000000eb4a0000)
  eden space 8704K, 100% used [0x00000000e1000000, 0x00000000e1880000, 0x00000000e1880000)
  from space 1088K,  59% used [0x00000000e1880000, 0x00000000e19208a8, 0x00000000e1990000)
  to   space 1088K,   0% used [0x00000000e1990000, 0x00000000e1990000, 0x00000000e1aa0000)
 concurrent mark-sweep generation total 118492K, used 70052K [0x00000000eb4a0000, 0x00000000f2857000, 0x0000000100000000)
 Metaspace       used 95823K, capacity 100057K, committed 100352K, reserved 1136640K
  class space    used 11689K, capacity 12465K, committed 12544K, reserved 1048576K
2019-06-25T17:18:36.248+0000: 378336.158: [GC (Allocation Failure) 2019-06-25T17:18:36.248+0000: 378336.158: [ParNew: 9346K->798K(9792K), 0.0179475 secs] 79398K->70850K(128284K), 0.0187764 secs] [Times: user=0.04 sys=0.00, real=0.02 secs] 
Heap after GC invocations=5385 (full 148):
 par new generation   total 9792K, used 798K [0x00000000e1000000, 0x00000000e1aa0000, 0x00000000eb4a0000)
  eden space 8704K,   0% used [0x00000000e1000000, 0x00000000e1000000, 0x00000000e1880000)
  from space 1088K,  73% used [0x00000000e1990000, 0x00000000e1a57b38, 0x00000000e1aa0000)
  to   space 1088K,   0% used [0x00000000e1880000, 0x00000000e1880000, 0x00000000e1990000)
 concurrent mark-sweep generation total 118492K, used 70052K [0x00000000eb4a0000, 0x00000000f2857000, 0x0000000100000000)
 Metaspace       used 95823K, capacity 100057K, committed 100352K, reserved 1136640K
  class space    used 11689K, capacity 12465K, committed 12544K, reserved 1048576K
}
2019-06-25T17:19:10.323+0000: 378370.233: Application time: 34.0560035 seconds
2019-06-25T17:20:13.125+0000: 378433.034: Application time: 62.8006417 seconds
{Heap before GC invocations=5385 (full 148):
 par new generation   total 9792K, used 9502K [0x00000000e1000000, 0x00000000e1aa0000, 0x00000000eb4a0000)
  eden space 8704K, 100% used [0x00000000e1000000, 0x00000000e1880000, 0x00000000e1880000)
  from space 1088K,  73% used [0x00000000e1990000, 0x00000000e1a57b38, 0x00000000e1aa0000)
  to   space 1088K,   0% used [0x00000000e1880000, 0x00000000e1880000, 0x00000000e1990000)
 concurrent mark-sweep generation total 118492K, used 70052K [0x00000000eb4a0000, 0x00000000f2857000, 0x0000000100000000)
 Metaspace       used 95823K, capacity 100057K, committed 100352K, reserved 1136640K
  class space    used 11689K, capacity 12465K, committed 12544K, reserved 1048576K
2019-06-25T17:20:13.125+0000: 378433.035: [GC (Allocation Failure) 2019-06-25T17:20:13.126+0000: 378433.036: [ParNew: 9502K->664K(9792K), 0.0033878 secs] 79554K->70716K(128284K), 0.0043023 secs] [Times: user=0.00 sys=0.00, real=0.01 secs] 
Heap after GC invocations=5386 (full 148):
 par new generation   total 9792K, used 664K [0x00000000e1000000, 0x00000000e1aa0000, 0x00000000eb4a0000)
  eden space 8704K,   0% used [0x00000000e1000000, 0x00000000e1000000, 0x00000000e1880000)
  from space 1088K,  61% used [0x00000000e1880000, 0x00000000e1926070, 0x00000000e1990000)
  to   space 1088K,   0% used [0x00000000e1990000, 0x00000000e1990000, 0x00000000e1aa0000)
 concurrent mark-sweep generation total 118492K, used 70052K [0x00000000eb4a0000, 0x00000000f2857000, 0x0000000100000000)
 Metaspace       used 95823K, capacity 100057K, committed 100352K, reserved 1136640K
  class space    used 11689K, capacity 12465K, committed 12544K, reserved 1048576K
}
2019-06-25T17:21:55.835+0000: 378535.745: Application time: 102.7043113 seconds
{Heap before GC invocations=5386 (full 148):
 par new generation   total 9792K, used 9368K [0x00000000e1000000, 0x00000000e1aa0000, 0x00000000eb4a0000)
  eden space 8704K, 100% used [0x00000000e1000000, 0x00000000e1880000, 0x00000000e1880000)
  from space 1088K,  61% used [0x00000000e1880000, 0x00000000e1926070, 0x00000000e1990000)
  to   space 1088K,   0% used [0x00000000e1990000, 0x00000000e1990000, 0x00000000e1aa0000)
 concurrent mark-sweep generation total 118492K, used 70052K [0x00000000eb4a0000, 0x00000000f2857000, 0x0000000100000000)
 Metaspace       used 95823K, capacity 100057K, committed 100352K, reserved 1136640K
  class space    used 11689K, capacity 12465K, committed 12544K, reserved 1048576K
2019-06-25T17:21:55.836+0000: 378535.746: [GC (Allocation Failure) 2019-06-25T17:21:55.836+0000: 378535.746: [ParNew: 9368K->675K(9792K), 0.0047052 secs] 79420K->70731K(128284K), 0.0055833 secs] [Times: user=0.01 sys=0.00, real=0.01 secs] 
Heap after GC invocations=5387 (full 148):
 par new generation   total 9792K, used 675K [0x00000000e1000000, 0x00000000e1aa0000, 0x00000000eb4a0000)
  eden space 8704K,   0% used [0x00000000e1000000, 0x00000000e1000000, 0x00000000e1880000)
  from space 1088K,  62% used [0x00000000e1990000, 0x00000000e1a38fd0, 0x00000000e1aa0000)
  to   space 1088K,   0% used [0x00000000e1880000, 0x00000000e1880000, 0x00000000e1990000)
 concurrent mark-sweep generation total 118492K, used 70055K [0x00000000eb4a0000, 0x00000000f2857000, 0x0000000100000000)
 Metaspace       used 95823K, capacity 100057K, committed 100352K, reserved 1136640K
  class space    used 11689K, capacity 12465K, committed 12544K, reserved 1048576K
}
2019-06-25T17:23:12.878+0000: 378612.788: Application time: 77.0363310 seconds
2019-06-25T17:23:12.880+0000: 378612.790: Application time: 0.0017643 seconds
2019-06-25T17:23:37.136+0000: 378637.046: Application time: 24.2550886 seconds
{Heap before GC invocations=5387 (full 148):
 par new generation   total 9792K, used 9379K [0x00000000e1000000, 0x00000000e1aa0000, 0x00000000eb4a0000)
  eden space 8704K, 100% used [0x00000000e1000000, 0x00000000e1880000, 0x00000000e1880000)
  from space 1088K,  62% used [0x00000000e1990000, 0x00000000e1a38fd0, 0x00000000e1aa0000)
  to   space 1088K,   0% used [0x00000000e1880000, 0x00000000e1880000, 0x00000000e1990000)
 concurrent mark-sweep generation total 118492K, used 70055K [0x00000000eb4a0000, 0x00000000f2857000, 0x0000000100000000)
 Metaspace       used 95823K, capacity 100057K, committed 100352K, reserved 1136640K
  class space    used 11689K, capacity 12465K, committed 12544K, reserved 1048576K
2019-06-25T17:23:37.137+0000: 378637.046: [GC (Allocation Failure) 2019-06-25T17:23:37.137+0000: 378637.047: [ParNew: 9379K->805K(9792K), 0.0037159 secs] 79435K->70860K(128284K), 0.0045285 secs] [Times: user=0.01 sys=0.00, real=0.01 secs] 
Heap after GC invocations=5388 (full 148):
 par new generation   total 9792K, used 805K [0x00000000e1000000, 0x00000000e1aa0000, 0x00000000eb4a0000)
  eden space 8704K,   0% used [0x00000000e1000000, 0x00000000e1000000, 0x00000000e1880000)
  from space 1088K,  73% used [0x00000000e1880000, 0x00000000e1949448, 0x00000000e1990000)
  to   space 1088K,   0% used [0x00000000e1990000, 0x00000000e1990000, 0x00000000e1aa0000)
 concurrent mark-sweep generation total 118492K, used 70055K [0x00000000eb4a0000, 0x00000000f2857000, 0x0000000100000000)
 Metaspace       used 95823K, capacity 100057K, committed 100352K, reserved 1136640K
  class space    used 11689K, capacity 12465K, committed 12544K, reserved 1048576K
}
2019-06-25T17:24:10.350+0000: 378670.260: Application time: 33.2087044 seconds
2019-06-25T17:25:13.163+0000: 378733.073: Application time: 62.8123327 seconds
{Heap before GC invocations=5388 (full 148):
 par new generation   total 9792K, used 9509K [0x00000000e1000000, 0x00000000e1aa0000, 0x00000000eb4a0000)
  eden space 8704K, 100% used [0x00000000e1000000, 0x00000000e1880000, 0x00000000e1880000)
  from space 1088K,  73% used [0x00000000e1880000, 0x00000000e1949448, 0x00000000e1990000)
  to   space 1088K,   0% used [0x00000000e1990000, 0x00000000e1990000, 0x00000000e1aa0000)
 concurrent mark-sweep generation total 118492K, used 70055K [0x00000000eb4a0000, 0x00000000f2857000, 0x0000000100000000)
 Metaspace       used 95823K, capacity 100057K, committed 100352K, reserved 1136640K
  class space    used 11689K, capacity 12465K, committed 12544K, reserved 1048576K
2019-06-25T17:25:13.164+0000: 378733.074: [GC (Allocation Failure) 2019-06-25T17:25:13.164+0000: 378733.074: [ParNew: 9509K->671K(9792K), 0.0033052 secs] 79564K->70753K(128284K), 0.0043393 secs] [Times: user=0.01 sys=0.00, real=0.01 secs] 
Heap after GC invocations=5389 (full 148):
 par new generation   total 9792K, used 671K [0x00000000e1000000, 0x00000000e1aa0000, 0x00000000eb4a0000)
  eden space 8704K,   0% used [0x00000000e1000000, 0x00000000e1000000, 0x00000000e1880000)
  from space 1088K,  61% used [0x00000000e1990000, 0x00000000e1a37c40, 0x00000000e1aa0000)
  to   space 1088K,   0% used [0x00000000e1880000, 0x00000000e1880000, 0x00000000e1990000)
 concurrent mark-sweep generation total 118492K, used 70082K [0x00000000eb4a0000, 0x00000000f2857000, 0x0000000100000000)
 Metaspace       used 95823K, capacity 100057K, committed 100352K, reserved 1136640K
  class space    used 11689K, capacity 12465K, committed 12544K, reserved 1048576K
}
2019-06-25T17:25:22.314+0000: 378742.224: Application time: 9.1443477 seconds
2019-06-25T17:25:22.339+0000: 378742.249: Application time: 0.0249053 seconds
2019-06-25T17:25:23.652+0000: 378743.562: Application time: 1.3126519 seconds
2019-06-25T17:25:23.653+0000: 378743.563: Application time: 0.0002070 seconds
2019-06-25T17:25:23.653+0000: 378743.563: Application time: 0.0000648 seconds
2019-06-25T17:25:23.654+0000: 378743.564: Application time: 0.0002167 seconds
2019-06-25T17:25:23.654+0000: 378743.564: Application time: 0.0001591 seconds
2019-06-25T17:25:28.461+0000: 378748.371: Application time: 4.8066676 seconds
2019-06-25T17:25:28.487+0000: 378748.397: Application time: 0.0254624 seconds
2019-06-25T17:25:43.170+0000: 378763.080: Application time: 14.6829942 seconds
2019-06-25T17:25:43.170+0000: 378763.080: Application time: 0.0001461 seconds
2019-06-25T17:25:43.171+0000: 378763.081: Application time: 0.0001146 seconds
2019-06-25T17:25:43.171+0000: 378763.081: Application time: 0.0001159 seconds
2019-06-25T17:25:43.172+0000: 378763.082: Application time: 0.0010866 seconds
2019-06-25T17:25:53.984+0000: 378773.894: Application time: 10.8113860 seconds
2019-06-25T17:25:53.988+0000: 378773.897: Application time: 0.0030912 seconds
{Heap before GC invocations=5389 (full 148):
 par new generation   total 9792K, used 9310K [0x00000000e1000000, 0x00000000e1aa0000, 0x00000000eb4a0000)
  eden space 8704K,  99% used [0x00000000e1000000, 0x00000000e186fdd8, 0x00000000e1880000)
  from space 1088K,  61% used [0x00000000e1990000, 0x00000000e1a37c40, 0x00000000e1aa0000)
  to   space 1088K,   0% used [0x00000000e1880000, 0x00000000e1880000, 0x00000000e1990000)
 concurrent mark-sweep generation total 118492K, used 70082K [0x00000000eb4a0000, 0x00000000f2857000, 0x0000000100000000)
 Metaspace       used 95823K, capacity 100057K, committed 100352K, reserved 1136640K
  class space    used 11689K, capacity 12465K, committed 12544K, reserved 1048576K
2019-06-25T17:25:53.988+0000: 378773.898: [GC (Allocation Failure) 2019-06-25T17:25:53.989+0000: 378773.898: [ParNew: 9310K->1088K(9792K), 0.0043840 secs] 79393K->71171K(128284K), 0.0050608 secs] [Times: user=0.01 sys=0.00, real=0.00 secs] 
Heap after GC invocations=5390 (full 148):
 par new generation   total 9792K, used 1088K [0x00000000e1000000, 0x00000000e1aa0000, 0x00000000eb4a0000)
  eden space 8704K,   0% used [0x00000000e1000000, 0x00000000e1000000, 0x00000000e1880000)
  from space 1088K, 100% used [0x00000000e1880000, 0x00000000e1990000, 0x00000000e1990000)
  to   space 1088K,   0% used [0x00000000e1990000, 0x00000000e1990000, 0x00000000e1aa0000)
 concurrent mark-sweep generation total 118492K, used 70083K [0x00000000eb4a0000, 0x00000000f2857000, 0x0000000100000000)
 Metaspace       used 95823K, capacity 100057K, committed 100352K, reserved 1136640K
  class space    used 11689K, capacity 12465K, committed 12544K, reserved 1048576K
}
2019-06-25T17:25:54.680+0000: 378774.590: Application time: 0.6865197 seconds
2019-06-25T17:25:54.681+0000: 378774.591: Application time: 0.0000724 seconds
2019-06-25T17:25:54.681+0000: 378774.591: Application time: 0.0002051 seconds
2019-06-25T17:25:54.681+0000: 378774.591: Application time: 0.0000524 seconds
2019-06-25T17:25:58.985+0000: 378778.895: Application time: 4.3019487 seconds
2019-06-25T17:25:59.016+0000: 378778.926: Application time: 0.0309456 seconds
2019-06-25T17:26:02.981+0000: 378782.890: Application time: 3.9642593 seconds
2019-06-25T17:26:02.985+0000: 378782.895: Application time: 0.0000721 seconds
2019-06-25T17:26:02.985+0000: 378782.895: Application time: 0.0000615 seconds
2019-06-25T17:26:02.986+0000: 378782.896: Application time: 0.0000827 seconds
2019-06-25T17:26:02.986+0000: 378782.896: Application time: 0.0000605 seconds
2019-06-25T17:26:02.986+0000: 378782.896: Application time: 0.0000875 seconds
2019-06-25T17:26:03.691+0000: 378783.601: Application time: 0.7047114 seconds
2019-06-25T17:26:03.691+0000: 378783.601: Application time: 0.0000887 seconds
2019-06-25T17:26:03.692+0000: 378783.601: Application time: 0.0000543 seconds
2019-06-25T17:26:03.692+0000: 378783.602: Application time: 0.0000570 seconds
2019-06-25T17:26:03.692+0000: 378783.602: Application time: 0.0000554 seconds
2019-06-25T17:26:03.692+0000: 378783.602: Application time: 0.0004965 seconds
2019-06-25T17:26:03.693+0000: 378783.603: Application time: 0.0003849 seconds
2019-06-25T17:26:03.694+0000: 378783.603: Application time: 0.0001883 seconds
2019-06-25T17:26:03.694+0000: 378783.604: Application time: 0.0002199 seconds
2019-06-25T17:26:03.694+0000: 378783.604: Application time: 0.0001788 seconds
2019-06-25T17:26:07.987+0000: 378787.896: Application time: 4.2920187 seconds
2019-06-25T17:26:08.011+0000: 378787.921: Application time: 0.0240200 seconds
2019-06-25T17:26:10.754+0000: 378790.664: Application time: 2.7428928 seconds
2019-06-25T17:26:10.754+0000: 378790.664: Application time: 0.0000754 seconds
2019-06-25T17:26:10.755+0000: 378790.665: Application time: 0.0001875 seconds
2019-06-25T17:26:10.756+0000: 378790.666: Application time: 0.0002906 seconds
2019-06-25T17:26:10.759+0000: 378790.669: Application time: 0.0001420 seconds
2019-06-25T17:26:10.760+0000: 378790.670: Application time: 0.0007333 seconds
2019-06-25T17:26:10.761+0000: 378790.671: Application time: 0.0008331 seconds
2019-06-25T17:26:11.701+0000: 378791.611: Application time: 0.9392370 seconds
2019-06-25T17:26:11.701+0000: 378791.611: Application time: 0.0000654 seconds
2019-06-25T17:26:11.702+0000: 378791.611: Application time: 0.0000619 seconds
2019-06-25T17:26:11.702+0000: 378791.612: Application time: 0.0000598 seconds
2019-06-25T17:26:11.702+0000: 378791.612: Application time: 0.0000618 seconds
2019-06-25T17:26:11.702+0000: 378791.612: Application time: 0.0001116 seconds
2019-06-25T17:26:11.703+0000: 378791.612: Application time: 0.0000854 seconds
2019-06-25T17:26:13.175+0000: 378793.085: Application time: 1.4725891 seconds
2019-06-25T17:26:15.645+0000: 378795.555: Application time: 2.4689806 seconds
{Heap before GC invocations=5390 (full 148):
 par new generation   total 9792K, used 9672K [0x00000000e1000000, 0x00000000e1aa0000, 0x00000000eb4a0000)
  eden space 8704K,  98% used [0x00000000e1000000, 0x00000000e1862260, 0x00000000e1880000)
  from space 1088K, 100% used [0x00000000e1880000, 0x00000000e1990000, 0x00000000e1990000)
  to   space 1088K,   0% used [0x00000000e1990000, 0x00000000e1990000, 0x00000000e1aa0000)
 concurrent mark-sweep generation total 118492K, used 70083K [0x00000000eb4a0000, 0x00000000f2857000, 0x0000000100000000)
 Metaspace       used 95823K, capacity 100057K, committed 100352K, reserved 1136640K
  class space    used 11689K, capacity 12465K, committed 12544K, reserved 1048576K
2019-06-25T17:26:15.645+0000: 378795.555: [GC (Allocation Failure) 2019-06-25T17:26:15.645+0000: 378795.555: [ParNew: 9672K->1088K(9792K), 0.0425745 secs] 79756K->71541K(128284K), 0.0434022 secs] [Times: user=0.09 sys=0.00, real=0.05 secs] 
Heap after GC invocations=5391 (full 148):
 par new generation   total 9792K, used 1088K [0x00000000e1000000, 0x00000000e1aa0000, 0x00000000eb4a0000)
  eden space 8704K,   0% used [0x00000000e1000000, 0x00000000e1000000, 0x00000000e1880000)
  from space 1088K, 100% used [0x00000000e1990000, 0x00000000e1aa0000, 0x00000000e1aa0000)
  to   space 1088K,   0% used [0x00000000e1880000, 0x00000000e1880000, 0x00000000e1990000)
 concurrent mark-sweep generation total 118492K, used 70453K [0x00000000eb4a0000, 0x00000000f2857000, 0x0000000100000000)
 Metaspace       used 95823K, capacity 100057K, committed 100352K, reserved 1136640K
  class space    used 11689K, capacity 12465K, committed 12544K, reserved 1048576K
}
2019-06-25T17:26:15.706+0000: 378795.616: Application time: 0.0168654 seconds
2019-06-25T17:26:15.707+0000: 378795.617: Application time: 0.0000661 seconds
2019-06-25T17:26:15.707+0000: 378795.617: Application time: 0.0000586 seconds
2019-06-25T17:26:15.708+0000: 378795.617: Application time: 0.0000576 seconds
2019-06-25T17:26:15.708+0000: 378795.618: Application time: 0.0002462 seconds
2019-06-25T17:26:15.709+0000: 378795.619: Application time: 0.0001339 seconds
2019-06-25T17:26:15.709+0000: 378795.619: Application time: 0.0000756 seconds
2019-06-25T17:26:20.643+0000: 378800.553: Application time: 4.9340724 seconds
2019-06-25T17:26:20.714+0000: 378800.623: Application time: 0.0701620 seconds
2019-06-25T17:26:43.178+0000: 378823.088: Application time: 22.4641099 seconds
2019-06-25T17:26:43.178+0000: 378823.088: Application time: 0.0000686 seconds
2019-06-25T17:27:05.540+0000: 378845.450: Application time: 22.3612841 seconds
2019-06-25T17:27:37.722+0000: 378877.632: Application time: 32.1819014 seconds
2019-06-25T17:27:37.726+0000: 378877.636: Application time: 0.0033743 seconds
{Heap before GC invocations=5391 (full 148):
 par new generation   total 9792K, used 9791K [0x00000000e1000000, 0x00000000e1aa0000, 0x00000000eb4a0000)
  eden space 8704K,  99% used [0x00000000e1000000, 0x00000000e187fc68, 0x00000000e1880000)
  from space 1088K, 100% used [0x00000000e1990000, 0x00000000e1aa0000, 0x00000000e1aa0000)
  to   space 1088K,   0% used [0x00000000e1880000, 0x00000000e1880000, 0x00000000e1990000)
 concurrent mark-sweep generation total 118492K, used 70453K [0x00000000eb4a0000, 0x00000000f2857000, 0x0000000100000000)
 Metaspace       used 95823K, capacity 100057K, committed 100352K, reserved 1136640K
  class space    used 11689K, capacity 12465K, committed 12544K, reserved 1048576K
2019-06-25T17:27:37.726+0000: 378877.636: [GC (Allocation Failure) 2019-06-25T17:27:37.727+0000: 378877.636: [ParNew: 9791K->1088K(9792K), 0.0161549 secs] 80244K->72191K(128284K), 0.0168939 secs] [Times: user=0.02 sys=0.00, real=0.02 secs] 
Heap after GC invocations=5392 (full 148):
 par new generation   total 9792K, used 1088K [0x00000000e1000000, 0x00000000e1aa0000, 0x00000000eb4a0000)
  eden space 8704K,   0% used [0x00000000e1000000, 0x00000000e1000000, 0x00000000e1880000)
  from space 1088K, 100% used [0x00000000e1880000, 0x00000000e1990000, 0x00000000e1990000)
  to   space 1088K,   0% used [0x00000000e1990000, 0x00000000e1990000, 0x00000000e1aa0000)
 concurrent mark-sweep generation total 118492K, used 71103K [0x00000000eb4a0000, 0x00000000f2857000, 0x0000000100000000)
 Metaspace       used 95823K, capacity 100057K, committed 100352K, reserved 1136640K
  class space    used 11689K, capacity 12465K, committed 12544K, reserved 1048576K
}
2019-06-25T17:27:37.744+0000: 378877.654: Application time: 0.0002027 seconds
2019-06-25T17:27:37.754+0000: 378877.664: [GC (CMS Initial Mark) [1 CMS-initial-mark: 71103K(118492K)] 72211K(128284K), 0.0031512 secs] [Times: user=0.01 sys=0.00, real=0.00 secs] 
2019-06-25T17:27:37.758+0000: 378877.668: [CMS-concurrent-mark-start]
2019-06-25T17:27:37.780+0000: 378877.690: Application time: 0.0221398 seconds
2019-06-25T17:27:37.801+0000: 378877.711: Application time: 0.0000836 seconds
2019-06-25T17:27:37.887+0000: 378877.797: [CMS-concurrent-mark: 0.108/0.129 secs] [Times: user=0.12 sys=0.00, real=0.13 secs] 
2019-06-25T17:27:37.888+0000: 378877.798: [CMS-concurrent-preclean-start]
2019-06-25T17:27:37.889+0000: 378877.799: [CMS-concurrent-preclean: 0.002/0.002 secs] [Times: user=0.00 sys=0.00, real=0.01 secs] 
2019-06-25T17:27:37.890+0000: 378877.800: Application time: 0.0885354 seconds
2019-06-25T17:27:37.890+0000: 378877.800: [GC (CMS Final Remark) [YG occupancy: 2333 K (9792 K)]2019-06-25T17:27:37.890+0000: 378877.800: [Rescan (parallel) , 0.0023397 secs]2019-06-25T17:27:37.893+0000: 378877.803: [weak refs processing, 0.0029759 secs]2019-06-25T17:27:37.896+0000: 378877.806: [class unloading, 0.0402481 secs]2019-06-25T17:27:37.937+0000: 378877.847: [scrub symbol table, 0.0217209 secs]2019-06-25T17:27:37.959+0000: 378877.869: [scrub string table, 0.0015480 secs][1 CMS-remark: 71103K(118492K)] 73436K(128284K), 0.0843027 secs] [Times: user=0.08 sys=0.00, real=0.08 secs] 
2019-06-25T17:27:37.975+0000: 378877.885: [CMS-concurrent-sweep-start]
2019-06-25T17:27:38.008+0000: 378877.918: [CMS-concurrent-sweep: 0.033/0.033 secs] [Times: user=0.04 sys=0.00, real=0.04 secs] 
2019-06-25T17:27:38.009+0000: 378877.919: [CMS-concurrent-reset-start]
2019-06-25T17:27:38.009+0000: 378877.919: [CMS-concurrent-reset: 0.000/0.000 secs] [Times: user=0.00 sys=0.00, real=0.00 secs] 
2019-06-25T17:27:38.975+0000: 378878.885: Application time: 1.0003020 seconds
2019-06-25T17:27:42.723+0000: 378882.633: Application time: 3.7471345 seconds
2019-06-25T17:27:42.804+0000: 378882.714: Application time: 0.0807587 seconds
2019-06-25T17:27:43.805+0000: 378883.714: Application time: 1.0002458 seconds
2019-06-25T17:27:56.807+0000: 378896.716: Application time: 13.0016459 seconds
2019-06-25T17:28:05.538+0000: 378905.448: Application time: 8.7314883 seconds
2019-06-25T17:28:05.540+0000: 378905.450: Application time: 0.0018585 seconds
2019-06-25T17:28:06.541+0000: 378906.451: Application time: 1.0001626 seconds
2019-06-25T17:28:08.811+0000: 378908.721: Application time: 2.2696419 seconds
2019-06-25T17:28:08.811+0000: 378908.721: Application time: 0.0001338 seconds
2019-06-25T17:28:08.811+0000: 378908.721: Application time: 0.0001340 seconds
2019-06-25T17:28:08.812+0000: 378908.722: Application time: 0.0001163 seconds
2019-06-25T17:28:08.812+0000: 378908.722: Application time: 0.0001201 seconds
2019-06-25T17:28:08.812+0000: 378908.723: Application time: 0.0005855 seconds
2019-06-25T17:28:08.813+0000: 378908.723: Application time: 0.0001269 seconds
2019-06-25T17:28:08.830+0000: 378908.740: Application time: 0.0170644 seconds
2019-06-25T17:28:08.831+0000: 378908.741: Application time: 0.0001665 seconds
2019-06-25T17:28:10.831+0000: 378910.741: Application time: 2.0003013 seconds
2019-06-25T17:28:12.832+0000: 378912.741: Application time: 2.0002724 seconds
2019-06-25T17:28:13.189+0000: 378913.099: Application time: 0.3572787 seconds
2019-06-25T17:28:13.759+0000: 378913.669: Application time: 0.5699114 seconds
2019-06-25T17:28:13.786+0000: 378913.696: Application time: 0.0268076 seconds
2019-06-25T17:28:32.866+0000: 378932.776: Application time: 19.0796425 seconds
{Heap before GC invocations=5392 (full 149):
 par new generation   total 9792K, used 9792K [0x00000000e1000000, 0x00000000e1aa0000, 0x00000000eb4a0000)
  eden space 8704K, 100% used [0x00000000e1000000, 0x00000000e1880000, 0x00000000e1880000)
  from space 1088K, 100% used [0x00000000e1880000, 0x00000000e1990000, 0x00000000e1990000)
  to   space 1088K,   0% used [0x00000000e1990000, 0x00000000e1990000, 0x00000000e1aa0000)
 concurrent mark-sweep generation total 118492K, used 65304K [0x00000000eb4a0000, 0x00000000f2857000, 0x0000000100000000)
 Metaspace       used 95790K, capacity 99991K, committed 100352K, reserved 1136640K
  class space    used 11683K, capacity 12454K, committed 12544K, reserved 1048576K
2019-06-25T17:28:32.867+0000: 378932.777: [GC (Allocation Failure) 2019-06-25T17:28:32.868+0000: 378932.777: [ParNew: 9792K->725K(9792K), 0.0036244 secs] 75096K->66029K(128284K), 0.0047423 secs] [Times: user=0.00 sys=0.01, real=0.01 secs] 
Heap after GC invocations=5393 (full 149):
 par new generation   total 9792K, used 725K [0x00000000e1000000, 0x00000000e1aa0000, 0x00000000eb4a0000)
  eden space 8704K,   0% used [0x00000000e1000000, 0x00000000e1000000, 0x00000000e1880000)
  from space 1088K,  66% used [0x00000000e1990000, 0x00000000e1a454a0, 0x00000000e1aa0000)
  to   space 1088K,   0% used [0x00000000e1880000, 0x00000000e1880000, 0x00000000e1990000)
 concurrent mark-sweep generation total 118492K, used 65304K [0x00000000eb4a0000, 0x00000000f2857000, 0x0000000100000000)
 Metaspace       used 95790K, capacity 99991K, committed 100352K, reserved 1136640K
  class space    used 11683K, capacity 12454K, committed 12544K, reserved 1048576K
}
2019-06-25T17:28:33.873+0000: 378933.783: Application time: 1.0002582 seconds
2019-06-25T17:28:36.874+0000: 378936.784: Application time: 3.0003592 seconds
2019-06-25T17:29:05.538+0000: 378965.448: Application time: 28.6642999 seconds
2019-06-25T17:29:10.885+0000: 378970.794: Application time: 5.3459237 seconds
2019-06-25T17:29:14.886+0000: 378974.796: Application time: 4.0005061 seconds
2019-06-25T17:29:25.141+0000: 378985.051: Application time: 10.2552010 seconds
2019-06-25T17:29:33.903+0000: 378993.813: Application time: 8.7611491 seconds
2019-06-25T17:29:33.903+0000: 378993.813: Application time: 0.0000729 seconds
2019-06-25T17:29:33.903+0000: 378993.813: Application time: 0.0000654 seconds
2019-06-25T17:29:33.904+0000: 378993.813: Application time: 0.0000603 seconds
2019-06-25T17:29:33.904+0000: 378993.814: Application time: 0.0000684 seconds
2019-06-25T17:29:33.904+0000: 378993.814: Application time: 0.0000605 seconds
2019-06-25T17:29:33.904+0000: 378993.814: Application time: 0.0001539 seconds
2019-06-25T17:29:33.904+0000: 378993.814: Application time: 0.0001278 seconds
2019-06-25T17:29:33.905+0000: 378993.815: Application time: 0.0002961 seconds
2019-06-25T17:29:33.905+0000: 378993.815: Application time: 0.0000302 seconds
2019-06-25T17:29:33.906+0000: 378993.815: Application time: 0.0000676 seconds
2019-06-25T17:29:33.906+0000: 378993.817: Application time: 0.0005259 seconds
2019-06-25T17:29:33.907+0000: 378993.817: Application time: 0.0000612 seconds
2019-06-25T17:29:33.907+0000: 378993.817: Application time: 0.0000595 seconds
2019-06-25T17:29:33.907+0000: 378993.817: Application time: 0.0001179 seconds
2019-06-25T17:29:33.908+0000: 378993.818: Application time: 0.0000828 seconds
2019-06-25T17:29:36.909+0000: 378996.818: Application time: 3.0004647 seconds
2019-06-25T17:29:38.470+0000: 378998.380: Application time: 1.5611299 seconds
2019-06-25T17:29:38.494+0000: 378998.404: Application time: 0.0236703 seconds
2019-06-25T17:29:43.198+0000: 379003.107: Application time: 4.7030460 seconds
2019-06-25T17:29:43.198+0000: 379003.108: Application time: 0.0000695 seconds
2019-06-25T17:29:48.922+0000: 379008.832: Application time: 5.7236827 seconds
{Heap before GC invocations=5393 (full 149):
 par new generation   total 9792K, used 9429K [0x00000000e1000000, 0x00000000e1aa0000, 0x00000000eb4a0000)
  eden space 8704K, 100% used [0x00000000e1000000, 0x00000000e1880000, 0x00000000e1880000)
  from space 1088K,  66% used [0x00000000e1990000, 0x00000000e1a454a0, 0x00000000e1aa0000)
  to   space 1088K,   0% used [0x00000000e1880000, 0x00000000e1880000, 0x00000000e1990000)
 concurrent mark-sweep generation total 118492K, used 65304K [0x00000000eb4a0000, 0x00000000f2857000, 0x0000000100000000)
 Metaspace       used 95792K, capacity 99997K, committed 100352K, reserved 1136640K
  class space    used 11684K, capacity 12455K, committed 12544K, reserved 1048576K
2019-06-25T17:29:48.923+0000: 379008.832: [GC (Allocation Failure) 2019-06-25T17:29:48.923+0000: 379008.833: [ParNew: 9429K->845K(9792K), 0.0034579 secs] 74733K->66331K(128284K), 0.0043158 secs] [Times: user=0.00 sys=0.01, real=0.00 secs] 
Heap after GC invocations=5394 (full 149):
 par new generation   total 9792K, used 845K [0x00000000e1000000, 0x00000000e1aa0000, 0x00000000eb4a0000)
  eden space 8704K,   0% used [0x00000000e1000000, 0x00000000e1000000, 0x00000000e1880000)
  from space 1088K,  77% used [0x00000000e1880000, 0x00000000e1953620, 0x00000000e1990000)
  to   space 1088K,   0% used [0x00000000e1990000, 0x00000000e1990000, 0x00000000e1aa0000)
 concurrent mark-sweep generation total 118492K, used 65485K [0x00000000eb4a0000, 0x00000000f2857000, 0x0000000100000000)
 Metaspace       used 95792K, capacity 99997K, committed 100352K, reserved 1136640K
  class space    used 11684K, capacity 12455K, committed 12544K, reserved 1048576K
}
2019-06-25T17:30:05.931+0000: 379025.840: Application time: 17.0029052 seconds
2019-06-25T17:30:10.563+0000: 379030.473: Application time: 4.6325244 seconds
2019-06-25T17:31:27.630+0000: 379107.540: Application time: 77.0660529 seconds
{Heap before GC invocations=5394 (full 149):
 par new generation   total 9792K, used 9549K [0x00000000e1000000, 0x00000000e1aa0000, 0x00000000eb4a0000)
  eden space 8704K, 100% used [0x00000000e1000000, 0x00000000e1880000, 0x00000000e1880000)
  from space 1088K,  77% used [0x00000000e1880000, 0x00000000e1953620, 0x00000000e1990000)
  to   space 1088K,   0% used [0x00000000e1990000, 0x00000000e1990000, 0x00000000e1aa0000)
 concurrent mark-sweep generation total 118492K, used 65485K [0x00000000eb4a0000, 0x00000000f2857000, 0x0000000100000000)
 Metaspace       used 95792K, capacity 99997K, committed 100352K, reserved 1136640K
  class space    used 11684K, capacity 12455K, committed 12544K, reserved 1048576K
2019-06-25T17:31:27.631+0000: 379107.541: [GC (Allocation Failure) 2019-06-25T17:31:27.631+0000: 379107.541: [ParNew: 9549K->670K(9792K), 0.0043355 secs] 75035K->66574K(128284K), 0.0051473 secs] [Times: user=0.01 sys=0.00, real=0.00 secs] 
Heap after GC invocations=5395 (full 149):
 par new generation   total 9792K, used 670K [0x00000000e1000000, 0x00000000e1aa0000, 0x00000000eb4a0000)
  eden space 8704K,   0% used [0x00000000e1000000, 0x00000000e1000000, 0x00000000e1880000)
  from space 1088K,  61% used [0x00000000e1990000, 0x00000000e1a379f0, 0x00000000e1aa0000)
  to   space 1088K,   0% used [0x00000000e1880000, 0x00000000e1880000, 0x00000000e1990000)
 concurrent mark-sweep generation total 118492K, used 65903K [0x00000000eb4a0000, 0x00000000f2857000, 0x0000000100000000)
 Metaspace       used 95792K, capacity 99997K, committed 100352K, reserved 1136640K
  class space    used 11684K, capacity 12455K, committed 12544K, reserved 1048576K
}
2019-06-25T17:32:03.074+0000: 379142.984: Application time: 35.4374834 seconds
2019-06-25T17:32:03.074+0000: 379142.984: Application time: 0.0000716 seconds
2019-06-25T17:32:03.075+0000: 379142.985: Application time: 0.0000951 seconds
2019-06-25T17:32:03.075+0000: 379142.985: Application time: 0.0001656 seconds
2019-06-25T17:32:03.076+0000: 379142.986: Application time: 0.0002431 seconds
2019-06-25T17:32:07.692+0000: 379147.601: Application time: 4.6153058 seconds
2019-06-25T17:32:07.718+0000: 379147.628: Application time: 0.0262669 seconds
2019-06-25T17:32:10.569+0000: 379150.479: Application time: 2.8508489 seconds
2019-06-25T17:32:17.092+0000: 379157.002: Application time: 6.5223530 seconds
2019-06-25T17:32:17.092+0000: 379157.002: Application time: 0.0000342 seconds
2019-06-25T17:32:17.092+0000: 379157.002: Application time: 0.0000794 seconds
2019-06-25T17:32:17.093+0000: 379157.003: Application time: 0.0000604 seconds
2019-06-25T17:32:17.093+0000: 379157.003: Application time: 0.0000612 seconds
2019-06-25T17:32:43.216+0000: 379183.125: Application time: 26.1223917 seconds
{Heap before GC invocations=5395 (full 149):
 par new generation   total 9792K, used 9374K [0x00000000e1000000, 0x00000000e1aa0000, 0x00000000eb4a0000)
  eden space 8704K, 100% used [0x00000000e1000000, 0x00000000e1880000, 0x00000000e1880000)
  from space 1088K,  61% used [0x00000000e1990000, 0x00000000e1a379f0, 0x00000000e1aa0000)
  to   space 1088K,   0% used [0x00000000e1880000, 0x00000000e1880000, 0x00000000e1990000)
 concurrent mark-sweep generation total 118492K, used 65903K [0x00000000eb4a0000, 0x00000000f2857000, 0x0000000100000000)
 Metaspace       used 95792K, capacity 99997K, committed 100352K, reserved 1136640K
  class space    used 11684K, capacity 12455K, committed 12544K, reserved 1048576K
2019-06-25T17:32:43.217+0000: 379183.126: [GC (Allocation Failure) 2019-06-25T17:32:43.217+0000: 379183.127: [ParNew: 9374K->565K(9792K), 0.0033544 secs] 75278K->66469K(128284K), 0.0042854 secs] [Times: user=0.00 sys=0.00, real=0.01 secs] 
Heap after GC invocations=5396 (full 149):
 par new generation   total 9792K, used 565K [0x00000000e1000000, 0x00000000e1aa0000, 0x00000000eb4a0000)
  eden space 8704K,   0% used [0x00000000e1000000, 0x00000000e1000000, 0x00000000e1880000)
  from space 1088K,  52% used [0x00000000e1880000, 0x00000000e190d7f0, 0x00000000e1990000)
  to   space 1088K,   0% used [0x00000000e1990000, 0x00000000e1990000, 0x00000000e1aa0000)
 concurrent mark-sweep generation total 118492K, used 65903K [0x00000000eb4a0000, 0x00000000f2857000, 0x0000000100000000)
 Metaspace       used 95792K, capacity 99997K, committed 100352K, reserved 1136640K
  class space    used 11684K, capacity 12455K, committed 12544K, reserved 1048576K
}
2019-06-25T17:34:10.908+0000: 379270.818: Application time: 87.6860820 seconds
2019-06-25T17:34:25.204+0000: 379285.114: Application time: 14.2964761 seconds
{Heap before GC invocations=5396 (full 149):
 par new generation   total 9792K, used 9269K [0x00000000e1000000, 0x00000000e1aa0000, 0x00000000eb4a0000)
  eden space 8704K, 100% used [0x00000000e1000000, 0x00000000e1880000, 0x00000000e1880000)
  from space 1088K,  52% used [0x00000000e1880000, 0x00000000e190d7f0, 0x00000000e1990000)
  to   space 1088K,   0% used [0x00000000e1990000, 0x00000000e1990000, 0x00000000e1aa0000)
 concurrent mark-sweep generation total 118492K, used 65903K [0x00000000eb4a0000, 0x00000000f2857000, 0x0000000100000000)
 Metaspace       used 95792K, capacity 99997K, committed 100352K, reserved 1136640K
  class space    used 11684K, capacity 12455K, committed 12544K, reserved 1048576K
2019-06-25T17:34:25.205+0000: 379285.115: [GC (Allocation Failure) 2019-06-25T17:34:25.205+0000: 379285.115: [ParNew: 9269K->786K(9792K), 0.0034426 secs] 75173K->66689K(128284K), 0.0043211 secs] [Times: user=0.01 sys=0.00, real=0.01 secs] 
Heap after GC invocations=5397 (full 149):
 par new generation   total 9792K, used 786K [0x00000000e1000000, 0x00000000e1aa0000, 0x00000000eb4a0000)
  eden space 8704K,   0% used [0x00000000e1000000, 0x00000000e1000000, 0x00000000e1880000)
  from space 1088K,  72% used [0x00000000e1990000, 0x00000000e1a54898, 0x00000000e1aa0000)
  to   space 1088K,   0% used [0x00000000e1880000, 0x00000000e1880000, 0x00000000e1990000)
 concurrent mark-sweep generation total 118492K, used 65903K [0x00000000eb4a0000, 0x00000000f2857000, 0x0000000100000000)
 Metaspace       used 95792K, capacity 99997K, committed 100352K, reserved 1136640K
  class space    used 11684K, capacity 12455K, committed 12544K, reserved 1048576K
}
2019-06-25T17:35:12.432+0000: 379332.342: Application time: 47.2216062 seconds
2019-06-25T17:35:12.434+0000: 379332.344: Application time: 0.0015140 seconds
2019-06-25T17:35:43.438+0000: 379363.347: Application time: 31.0036261 seconds
2019-06-25T17:36:07.097+0000: 379387.007: Application time: 23.6591595 seconds
{Heap before GC invocations=5397 (full 149):
 par new generation   total 9792K, used 9490K [0x00000000e1000000, 0x00000000e1aa0000, 0x00000000eb4a0000)
  eden space 8704K, 100% used [0x00000000e1000000, 0x00000000e1880000, 0x00000000e1880000)
  from space 1088K,  72% used [0x00000000e1990000, 0x00000000e1a54898, 0x00000000e1aa0000)
  to   space 1088K,   0% used [0x00000000e1880000, 0x00000000e1880000, 0x00000000e1990000)
 concurrent mark-sweep generation total 118492K, used 65903K [0x00000000eb4a0000, 0x00000000f2857000, 0x0000000100000000)
 Metaspace       used 95798K, capacity 100009K, committed 100352K, reserved 1136640K
  class space    used 11685K, capacity 12457K, committed 12544K, reserved 1048576K
2019-06-25T17:36:07.098+0000: 379387.008: [GC (Allocation Failure) 2019-06-25T17:36:07.098+0000: 379387.008: [ParNew: 9490K->728K(9792K), 0.0197340 secs] 75393K->66792K(128284K), 0.0204221 secs] [Times: user=0.02 sys=0.02, real=0.03 secs] 
Heap after GC invocations=5398 (full 149):
 par new generation   total 9792K, used 728K [0x00000000e1000000, 0x00000000e1aa0000, 0x00000000eb4a0000)
  eden space 8704K,   0% used [0x00000000e1000000, 0x00000000e1000000, 0x00000000e1880000)
  from space 1088K,  66% used [0x00000000e1880000, 0x00000000e19360e0, 0x00000000e1990000)
  to   space 1088K,   0% used [0x00000000e1990000, 0x00000000e1990000, 0x00000000e1aa0000)
 concurrent mark-sweep generation total 118492K, used 66064K [0x00000000eb4a0000, 0x00000000f2857000, 0x0000000100000000)
 Metaspace       used 95798K, capacity 100009K, committed 100352K, reserved 1136640K
  class space    used 11685K, capacity 12457K, committed 12544K, reserved 1048576K
}
2019-06-25T17:37:45.420+0000: 379485.329: Application time: 98.3007903 seconds
{Heap before GC invocations=5398 (full 149):
 par new generation   total 9792K, used 9432K [0x00000000e1000000, 0x00000000e1aa0000, 0x00000000eb4a0000)
  eden space 8704K, 100% used [0x00000000e1000000, 0x00000000e1880000, 0x00000000e1880000)
  from space 1088K,  66% used [0x00000000e1880000, 0x00000000e19360e0, 0x00000000e1990000)
  to   space 1088K,   0% used [0x00000000e1990000, 0x00000000e1990000, 0x00000000e1aa0000)
 concurrent mark-sweep generation total 118492K, used 66064K [0x00000000eb4a0000, 0x00000000f2857000, 0x0000000100000000)
 Metaspace       used 95798K, capacity 100009K, committed 100352K, reserved 1136640K
  class space    used 11685K, capacity 12457K, committed 12544K, reserved 1048576K
2019-06-25T17:37:45.420+0000: 379485.330: [GC (Allocation Failure) 2019-06-25T17:37:45.421+0000: 379485.330: [ParNew: 9432K->869K(9792K), 0.0032667 secs] 75496K->67014K(128284K), 0.0040417 secs] [Times: user=0.00 sys=0.01, real=0.00 secs] 
Heap after GC invocations=5399 (full 149):
 par new generation   total 9792K, used 869K [0x00000000e1000000, 0x00000000e1aa0000, 0x00000000eb4a0000)
  eden space 8704K,   0% used [0x00000000e1000000, 0x00000000e1000000, 0x00000000e1880000)
  from space 1088K,  79% used [0x00000000e1990000, 0x00000000e1a69740, 0x00000000e1aa0000)
  to   space 1088K,   0% used [0x00000000e1880000, 0x00000000e1880000, 0x00000000e1990000)
 concurrent mark-sweep generation total 118492K, used 66144K [0x00000000eb4a0000, 0x00000000f2857000, 0x0000000100000000)
 Metaspace       used 95798K, capacity 100009K, committed 100352K, reserved 1136640K
  class space    used 11685K, capacity 12457K, committed 12544K, reserved 1048576K
}
2019-06-25T17:39:10.937+0000: 379570.847: Application time: 85.5116911 seconds
2019-06-25T17:39:25.415+0000: 379585.325: Application time: 14.4779509 seconds
{Heap before GC invocations=5399 (full 149):
 par new generation   total 9792K, used 9573K [0x00000000e1000000, 0x00000000e1aa0000, 0x00000000eb4a0000)
  eden space 8704K, 100% used [0x00000000e1000000, 0x00000000e1880000, 0x00000000e1880000)
  from space 1088K,  79% used [0x00000000e1990000, 0x00000000e1a69740, 0x00000000e1aa0000)
  to   space 1088K,   0% used [0x00000000e1880000, 0x00000000e1880000, 0x00000000e1990000)
 concurrent mark-sweep generation total 118492K, used 66144K [0x00000000eb4a0000, 0x00000000f2857000, 0x0000000100000000)
 Metaspace       used 95798K, capacity 100009K, committed 100352K, reserved 1136640K
  class space    used 11685K, capacity 12457K, committed 12544K, reserved 1048576K
2019-06-25T17:39:25.416+0000: 379585.326: [GC (Allocation Failure) 2019-06-25T17:39:25.416+0000: 379585.326: [ParNew: 9573K->617K(9792K), 0.0038178 secs] 75718K->66918K(128284K), 0.0045335 secs] [Times: user=0.01 sys=0.00, real=0.01 secs] 
Heap after GC invocations=5400 (full 149):
 par new generation   total 9792K, used 617K [0x00000000e1000000, 0x00000000e1aa0000, 0x00000000eb4a0000)
  eden space 8704K,   0% used [0x00000000e1000000, 0x00000000e1000000, 0x00000000e1880000)
  from space 1088K,  56% used [0x00000000e1880000, 0x00000000e191a4f8, 0x00000000e1990000)
  to   space 1088K,   0% used [0x00000000e1990000, 0x00000000e1990000, 0x00000000e1aa0000)
 concurrent mark-sweep generation total 118492K, used 66300K [0x00000000eb4a0000, 0x00000000f2857000, 0x0000000100000000)
 Metaspace       used 95798K, capacity 100009K, committed 100352K, reserved 1136640K
  class space    used 11685K, capacity 12457K, committed 12544K, reserved 1048576K
}
2019-06-25T17:41:06.645+0000: 379686.554: Application time: 101.2235347 seconds
{Heap before GC invocations=5400 (full 149):
 par new generation   total 9792K, used 9321K [0x00000000e1000000, 0x00000000e1aa0000, 0x00000000eb4a0000)
  eden space 8704K, 100% used [0x00000000e1000000, 0x00000000e1880000, 0x00000000e1880000)
  from space 1088K,  56% used [0x00000000e1880000, 0x00000000e191a4f8, 0x00000000e1990000)
  to   space 1088K,   0% used [0x00000000e1990000, 0x00000000e1990000, 0x00000000e1aa0000)
 concurrent mark-sweep generation total 118492K, used 66300K [0x00000000eb4a0000, 0x00000000f2857000, 0x0000000100000000)
 Metaspace       used 95798K, capacity 100009K, committed 100352K, reserved 1136640K
  class space    used 11685K, capacity 12457K, committed 12544K, reserved 1048576K
2019-06-25T17:41:06.645+0000: 379686.555: [GC (Allocation Failure) 2019-06-25T17:41:06.646+0000: 379686.555: [ParNew: 9321K->753K(9792K), 0.0033030 secs] 75622K->67054K(128284K), 0.0040810 secs] [Times: user=0.01 sys=0.00, real=0.01 secs] 
Heap after GC invocations=5401 (full 149):
 par new generation   total 9792K, used 753K [0x00000000e1000000, 0x00000000e1aa0000, 0x00000000eb4a0000)
  eden space 8704K,   0% used [0x00000000e1000000, 0x00000000e1000000, 0x00000000e1880000)
  from space 1088K,  69% used [0x00000000e1990000, 0x00000000e1a4c7c8, 0x00000000e1aa0000)
  to   space 1088K,   0% used [0x00000000e1880000, 0x00000000e1880000, 0x00000000e1990000)
 concurrent mark-sweep generation total 118492K, used 66300K [0x00000000eb4a0000, 0x00000000f2857000, 0x0000000100000000)
 Metaspace       used 95798K, capacity 100009K, committed 100352K, reserved 1136640K
  class space    used 11685K, capacity 12457K, committed 12544K, reserved 1048576K
}
2019-06-25T17:42:45.738+0000: 379785.648: Application time: 99.0877681 seconds
{Heap before GC invocations=5401 (full 149):
 par new generation   total 9792K, used 9457K [0x00000000e1000000, 0x00000000e1aa0000, 0x00000000eb4a0000)
  eden space 8704K, 100% used [0x00000000e1000000, 0x00000000e1880000, 0x00000000e1880000)
  from space 1088K,  69% used [0x00000000e1990000, 0x00000000e1a4c7c8, 0x00000000e1aa0000)
  to   space 1088K,   0% used [0x00000000e1880000, 0x00000000e1880000, 0x00000000e1990000)
 concurrent mark-sweep generation total 118492K, used 66300K [0x00000000eb4a0000, 0x00000000f2857000, 0x0000000100000000)
 Metaspace       used 95798K, capacity 100009K, committed 100352K, reserved 1136640K
  class space    used 11685K, capacity 12457K, committed 12544K, reserved 1048576K
2019-06-25T17:42:45.739+0000: 379785.649: [GC (Allocation Failure) 2019-06-25T17:42:45.739+0000: 379785.649: [ParNew: 9457K->880K(9792K), 0.0032890 secs] 75758K->67182K(128284K), 0.0041489 secs] [Times: user=0.00 sys=0.00, real=0.00 secs] 
Heap after GC invocations=5402 (full 149):
 par new generation   total 9792K, used 880K [0x00000000e1000000, 0x00000000e1aa0000, 0x00000000eb4a0000)
  eden space 8704K,   0% used [0x00000000e1000000, 0x00000000e1000000, 0x00000000e1880000)
  from space 1088K,  80% used [0x00000000e1880000, 0x00000000e195c2b0, 0x00000000e1990000)
  to   space 1088K,   0% used [0x00000000e1990000, 0x00000000e1990000, 0x00000000e1aa0000)
 concurrent mark-sweep generation total 118492K, used 66301K [0x00000000eb4a0000, 0x00000000f2857000, 0x0000000100000000)
 Metaspace       used 95798K, capacity 100009K, committed 100352K, reserved 1136640K
  class space    used 11685K, capacity 12457K, committed 12544K, reserved 1048576K
}
2019-06-25T17:44:10.460+0000: 379870.370: Application time: 84.7163021 seconds
2019-06-25T17:44:25.955+0000: 379885.865: Application time: 15.4944014 seconds
{Heap before GC invocations=5402 (full 149):
 par new generation   total 9792K, used 9584K [0x00000000e1000000, 0x00000000e1aa0000, 0x00000000eb4a0000)
  eden space 8704K, 100% used [0x00000000e1000000, 0x00000000e1880000, 0x00000000e1880000)
  from space 1088K,  80% used [0x00000000e1880000, 0x00000000e195c2b0, 0x00000000e1990000)
  to   space 1088K,   0% used [0x00000000e1990000, 0x00000000e1990000, 0x00000000e1aa0000)
 concurrent mark-sweep generation total 118492K, used 66301K [0x00000000eb4a0000, 0x00000000f2857000, 0x0000000100000000)
 Metaspace       used 95801K, capacity 100021K, committed 100352K, reserved 1136640K
  class space    used 11686K, capacity 12459K, committed 12544K, reserved 1048576K
2019-06-25T17:44:25.956+0000: 379885.866: [GC (Allocation Failure) 2019-06-25T17:44:25.956+0000: 379885.866: [ParNew: 9584K->717K(9792K), 0.0032833 secs] 75886K->67049K(128284K), 0.0040057 secs] [Times: user=0.01 sys=0.00, real=0.01 secs] 
Heap after GC invocations=5403 (full 149):
 par new generation   total 9792K, used 717K [0x00000000e1000000, 0x00000000e1aa0000, 0x00000000eb4a0000)
  eden space 8704K,   0% used [0x00000000e1000000, 0x00000000e1000000, 0x00000000e1880000)
  from space 1088K,  65% used [0x00000000e1990000, 0x00000000e1a43778, 0x00000000e1aa0000)
  to   space 1088K,   0% used [0x00000000e1880000, 0x00000000e1880000, 0x00000000e1990000)
 concurrent mark-sweep generation total 118492K, used 66331K [0x00000000eb4a0000, 0x00000000f2857000, 0x0000000100000000)
 Metaspace       used 95801K, capacity 100021K, committed 100352K, reserved 1136640K
  class space    used 11686K, capacity 12459K, committed 12544K, reserved 1048576K
}
2019-06-25T17:46:08.014+0000: 379987.924: Application time: 102.0536121 seconds
{Heap before GC invocations=5403 (full 149):
 par new generation   total 9792K, used 9421K [0x00000000e1000000, 0x00000000e1aa0000, 0x00000000eb4a0000)
  eden space 8704K, 100% used [0x00000000e1000000, 0x00000000e1880000, 0x00000000e1880000)
  from space 1088K,  65% used [0x00000000e1990000, 0x00000000e1a43778, 0x00000000e1aa0000)
  to   space 1088K,   0% used [0x00000000e1880000, 0x00000000e1880000, 0x00000000e1990000)
 concurrent mark-sweep generation total 118492K, used 66331K [0x00000000eb4a0000, 0x00000000f2857000, 0x0000000100000000)
 Metaspace       used 95801K, capacity 100021K, committed 100352K, reserved 1136640K
  class space    used 11686K, capacity 12459K, committed 12544K, reserved 1048576K
2019-06-25T17:46:08.015+0000: 379987.925: [GC (Allocation Failure) 2019-06-25T17:46:08.015+0000: 379987.925: [ParNew: 9421K->776K(9792K), 0.0031570 secs] 75753K->67107K(128284K), 0.0040256 secs] [Times: user=0.01 sys=0.00, real=0.01 secs] 
Heap after GC invocations=5404 (full 149):
 par new generation   total 9792K, used 776K [0x00000000e1000000, 0x00000000e1aa0000, 0x00000000eb4a0000)
  eden space 8704K,   0% used [0x00000000e1000000, 0x00000000e1000000, 0x00000000e1880000)
  from space 1088K,  71% used [0x00000000e1880000, 0x00000000e19421e8, 0x00000000e1990000)
  to   space 1088K,   0% used [0x00000000e1990000, 0x00000000e1990000, 0x00000000e1aa0000)
 concurrent mark-sweep generation total 118492K, used 66331K [0x00000000eb4a0000, 0x00000000f2857000, 0x0000000100000000)
 Metaspace       used 95801K, capacity 100021K, committed 100352K, reserved 1136640K
  class space    used 11686K, capacity 12459K, committed 12544K, reserved 1048576K
}
2019-06-25T17:47:48.207+0000: 380088.117: Application time: 100.1871250 seconds
{Heap before GC invocations=5404 (full 149):
 par new generation   total 9792K, used 9480K [0x00000000e1000000, 0x00000000e1aa0000, 0x00000000eb4a0000)
  eden space 8704K, 100% used [0x00000000e1000000, 0x00000000e1880000, 0x00000000e1880000)
  from space 1088K,  71% used [0x00000000e1880000, 0x00000000e19421e8, 0x00000000e1990000)
  to   space 1088K,   0% used [0x00000000e1990000, 0x00000000e1990000, 0x00000000e1aa0000)
 concurrent mark-sweep generation total 118492K, used 66331K [0x00000000eb4a0000, 0x00000000f2857000, 0x0000000100000000)
 Metaspace       used 95801K, capacity 100021K, committed 100352K, reserved 1136640K
  class space    used 11686K, capacity 12459K, committed 12544K, reserved 1048576K
2019-06-25T17:47:48.208+0000: 380088.118: [GC (Allocation Failure) 2019-06-25T17:47:48.208+0000: 380088.118: [ParNew: 9480K->718K(9792K), 0.0031929 secs] 75811K->67074K(128284K), 0.0041794 secs] [Times: user=0.00 sys=0.01, real=0.01 secs] 
Heap after GC invocations=5405 (full 149):
 par new generation   total 9792K, used 718K [0x00000000e1000000, 0x00000000e1aa0000, 0x00000000eb4a0000)
  eden space 8704K,   0% used [0x00000000e1000000, 0x00000000e1000000, 0x00000000e1880000)
  from space 1088K,  66% used [0x00000000e1990000, 0x00000000e1a438d8, 0x00000000e1aa0000)
  to   space 1088K,   0% used [0x00000000e1880000, 0x00000000e1880000, 0x00000000e1990000)
 concurrent mark-sweep generation total 118492K, used 66355K [0x00000000eb4a0000, 0x00000000f2857000, 0x0000000100000000)
 Metaspace       used 95801K, capacity 100021K, committed 100352K, reserved 1136640K
  class space    used 11686K, capacity 12459K, committed 12544K, reserved 1048576K
}
2019-06-25T17:48:13.012+0000: 380112.922: Application time: 24.7990412 seconds
2019-06-25T17:48:13.014+0000: 380112.923: Application time: 0.0014847 seconds
2019-06-25T17:49:10.485+0000: 380170.395: Application time: 57.4709523 seconds
2019-06-25T17:49:25.982+0000: 380185.892: Application time: 15.4969195 seconds
{Heap before GC invocations=5405 (full 149):
 par new generation   total 9792K, used 9422K [0x00000000e1000000, 0x00000000e1aa0000, 0x00000000eb4a0000)
  eden space 8704K, 100% used [0x00000000e1000000, 0x00000000e1880000, 0x00000000e1880000)
  from space 1088K,  66% used [0x00000000e1990000, 0x00000000e1a438d8, 0x00000000e1aa0000)
  to   space 1088K,   0% used [0x00000000e1880000, 0x00000000e1880000, 0x00000000e1990000)
 concurrent mark-sweep generation total 118492K, used 66355K [0x00000000eb4a0000, 0x00000000f2857000, 0x0000000100000000)
 Metaspace       used 95801K, capacity 100021K, committed 100352K, reserved 1136640K
  class space    used 11686K, capacity 12459K, committed 12544K, reserved 1048576K
2019-06-25T17:49:25.983+0000: 380185.893: [GC (Allocation Failure) 2019-06-25T17:49:25.983+0000: 380185.893: [ParNew: 9422K->802K(9792K), 0.0036416 secs] 75778K->67158K(128284K), 0.0044730 secs] [Times: user=0.00 sys=0.01, real=0.00 secs] 
Heap after GC invocations=5406 (full 149):
 par new generation   total 9792K, used 802K [0x00000000e1000000, 0x00000000e1aa0000, 0x00000000eb4a0000)
  eden space 8704K,   0% used [0x00000000e1000000, 0x00000000e1000000, 0x00000000e1880000)
  from space 1088K,  73% used [0x00000000e1880000, 0x00000000e19488d8, 0x00000000e1990000)
  to   space 1088K,   0% used [0x00000000e1990000, 0x00000000e1990000, 0x00000000e1aa0000)
 concurrent mark-sweep generation total 118492K, used 66355K [0x00000000eb4a0000, 0x00000000f2857000, 0x0000000100000000)
 Metaspace       used 95801K, capacity 100021K, committed 100352K, reserved 1136640K
  class space    used 11686K, capacity 12459K, committed 12544K, reserved 1048576K
}
2019-06-25T17:51:10.325+0000: 380290.235: Application time: 104.3373446 seconds
{Heap before GC invocations=5406 (full 149):
 par new generation   total 9792K, used 9506K [0x00000000e1000000, 0x00000000e1aa0000, 0x00000000eb4a0000)
  eden space 8704K, 100% used [0x00000000e1000000, 0x00000000e1880000, 0x00000000e1880000)
  from space 1088K,  73% used [0x00000000e1880000, 0x00000000e19488d8, 0x00000000e1990000)
  to   space 1088K,   0% used [0x00000000e1990000, 0x00000000e1990000, 0x00000000e1aa0000)
 concurrent mark-sweep generation total 118492K, used 66355K [0x00000000eb4a0000, 0x00000000f2857000, 0x0000000100000000)
 Metaspace       used 95801K, capacity 100021K, committed 100352K, reserved 1136640K
  class space    used 11686K, capacity 12459K, committed 12544K, reserved 1048576K
2019-06-25T17:51:10.326+0000: 380290.236: [GC (Allocation Failure) 2019-06-25T17:51:10.327+0000: 380290.236: [ParNew: 9506K->866K(9792K), 0.0035572 secs] 75862K->67225K(128284K), 0.0044142 secs] [Times: user=0.01 sys=0.00, real=0.01 secs] 
Heap after GC invocations=5407 (full 149):
 par new generation   total 9792K, used 866K [0x00000000e1000000, 0x00000000e1aa0000, 0x00000000eb4a0000)
  eden space 8704K,   0% used [0x00000000e1000000, 0x00000000e1000000, 0x00000000e1880000)
  from space 1088K,  79% used [0x00000000e1990000, 0x00000000e1a689f8, 0x00000000e1aa0000)
  to   space 1088K,   0% used [0x00000000e1880000, 0x00000000e1880000, 0x00000000e1990000)
 concurrent mark-sweep generation total 118492K, used 66359K [0x00000000eb4a0000, 0x00000000f2857000, 0x0000000100000000)
 Metaspace       used 95801K, capacity 100021K, committed 100352K, reserved 1136640K
  class space    used 11686K, capacity 12459K, committed 12544K, reserved 1048576K
}
2019-06-25T17:52:49.745+0000: 380389.655: Application time: 99.4139614 seconds
{Heap before GC invocations=5407 (full 149):
 par new generation   total 9792K, used 9570K [0x00000000e1000000, 0x00000000e1aa0000, 0x00000000eb4a0000)
  eden space 8704K, 100% used [0x00000000e1000000, 0x00000000e1880000, 0x00000000e1880000)
  from space 1088K,  79% used [0x00000000e1990000, 0x00000000e1a689f8, 0x00000000e1aa0000)
  to   space 1088K,   0% used [0x00000000e1880000, 0x00000000e1880000, 0x00000000e1990000)
 concurrent mark-sweep generation total 118492K, used 66359K [0x00000000eb4a0000, 0x00000000f2857000, 0x0000000100000000)
 Metaspace       used 95801K, capacity 100021K, committed 100352K, reserved 1136640K
  class space    used 11686K, capacity 12459K, committed 12544K, reserved 1048576K
2019-06-25T17:52:49.746+0000: 380389.656: [GC (Allocation Failure) 2019-06-25T17:52:49.747+0000: 380389.657: [ParNew: 9570K->723K(9792K), 0.0032520 secs] 75929K->67085K(128284K), 0.0041662 secs] [Times: user=0.00 sys=0.00, real=0.01 secs] 
Heap after GC invocations=5408 (full 149):
 par new generation   total 9792K, used 723K [0x00000000e1000000, 0x00000000e1aa0000, 0x00000000eb4a0000)
  eden space 8704K,   0% used [0x00000000e1000000, 0x00000000e1000000, 0x00000000e1880000)
  from space 1088K,  66% used [0x00000000e1880000, 0x00000000e1934d00, 0x00000000e1990000)
  to   space 1088K,   0% used [0x00000000e1990000, 0x00000000e1990000, 0x00000000e1aa0000)
 concurrent mark-sweep generation total 118492K, used 66361K [0x00000000eb4a0000, 0x00000000f2857000, 0x0000000100000000)
 Metaspace       used 95801K, capacity 100021K, committed 100352K, reserved 1136640K
  class space    used 11686K, capacity 12459K, committed 12544K, reserved 1048576K
}
2019-06-25T17:54:11.018+0000: 380470.928: Application time: 81.2667233 seconds
2019-06-25T17:54:25.269+0000: 380485.179: Application time: 14.2508328 seconds
2019-06-25T17:54:28.393+0000: 380488.303: Application time: 3.1235359 seconds
{Heap before GC invocations=5408 (full 149):
 par new generation   total 9792K, used 9427K [0x00000000e1000000, 0x00000000e1aa0000, 0x00000000eb4a0000)
  eden space 8704K, 100% used [0x00000000e1000000, 0x00000000e1880000, 0x00000000e1880000)
  from space 1088K,  66% used [0x00000000e1880000, 0x00000000e1934d00, 0x00000000e1990000)
  to   space 1088K,   0% used [0x00000000e1990000, 0x00000000e1990000, 0x00000000e1aa0000)
 concurrent mark-sweep generation total 118492K, used 66361K [0x00000000eb4a0000, 0x00000000f2857000, 0x0000000100000000)
 Metaspace       used 95801K, capacity 100021K, committed 100352K, reserved 1136640K
  class space    used 11686K, capacity 12459K, committed 12544K, reserved 1048576K
2019-06-25T17:54:28.394+0000: 380488.304: [GC (Allocation Failure) 2019-06-25T17:54:28.394+0000: 380488.304: [ParNew: 9427K->725K(9792K), 0.0034243 secs] 75789K->67087K(128284K), 0.0041877 secs] [Times: user=0.00 sys=0.00, real=0.01 secs] 
Heap after GC invocations=5409 (full 149):
 par new generation   total 9792K, used 725K [0x00000000e1000000, 0x00000000e1aa0000, 0x00000000eb4a0000)
  eden space 8704K,   0% used [0x00000000e1000000, 0x00000000e1000000, 0x00000000e1880000)
  from space 1088K,  66% used [0x00000000e1990000, 0x00000000e1a45758, 0x00000000e1aa0000)
  to   space 1088K,   0% used [0x00000000e1880000, 0x00000000e1880000, 0x00000000e1990000)
 concurrent mark-sweep generation total 118492K, used 66362K [0x00000000eb4a0000, 0x00000000f2857000, 0x0000000100000000)
 Metaspace       used 95801K, capacity 100021K, committed 100352K, reserved 1136640K
  class space    used 11686K, capacity 12459K, committed 12544K, reserved 1048576K
}
2019-06-25T17:55:02.529+0000: 380522.439: Application time: 34.1307628 seconds
2019-06-25T17:55:02.530+0000: 380522.440: Application time: 0.0000717 seconds
2019-06-25T17:55:02.530+0000: 380522.440: Application time: 0.0000590 seconds
2019-06-25T17:55:02.530+0000: 380522.440: Application time: 0.0001748 seconds
2019-06-25T17:55:02.531+0000: 380522.441: Application time: 0.0001366 seconds
2019-06-25T17:55:07.536+0000: 380527.446: Application time: 5.0048326 seconds
2019-06-25T17:55:07.536+0000: 380527.446: Application time: 0.0001489 seconds
2019-06-25T17:55:07.537+0000: 380527.446: Application time: 0.0001373 seconds
2019-06-25T17:55:07.537+0000: 380527.447: Application time: 0.0001421 seconds
2019-06-25T17:55:07.537+0000: 380527.447: Application time: 0.0001356 seconds
2019-06-25T17:55:07.537+0000: 380527.447: Application time: 0.0001396 seconds
2019-06-25T17:55:07.597+0000: 380527.507: Application time: 0.0595273 seconds
2019-06-25T17:55:07.597+0000: 380527.507: Application time: 0.0001105 seconds
2019-06-25T17:55:07.598+0000: 380527.508: Application time: 0.0000655 seconds
2019-06-25T17:55:07.598+0000: 380527.508: Application time: 0.0001711 seconds
2019-06-25T17:55:09.950+0000: 380529.860: Application time: 2.3521708 seconds
{Heap before GC invocations=5409 (full 149):
 par new generation   total 9792K, used 9428K [0x00000000e1000000, 0x00000000e1aa0000, 0x00000000eb4a0000)
  eden space 8704K,  99% used [0x00000000e1000000, 0x00000000e187f9e8, 0x00000000e1880000)
  from space 1088K,  66% used [0x00000000e1990000, 0x00000000e1a45758, 0x00000000e1aa0000)
  to   space 1088K,   0% used [0x00000000e1880000, 0x00000000e1880000, 0x00000000e1990000)
 concurrent mark-sweep generation total 118492K, used 66362K [0x00000000eb4a0000, 0x00000000f2857000, 0x0000000100000000)
 Metaspace       used 95801K, capacity 100021K, committed 100352K, reserved 1136640K
  class space    used 11686K, capacity 12459K, committed 12544K, reserved 1048576K
2019-06-25T17:55:09.951+0000: 380529.861: [GC (Allocation Failure) 2019-06-25T17:55:09.951+0000: 380529.861: [ParNew: 9428K->1036K(9792K), 0.0031303 secs] 75790K->67398K(128284K), 0.0037180 secs] [Times: user=0.00 sys=0.00, real=0.00 secs] 
Heap after GC invocations=5410 (full 149):
 par new generation   total 9792K, used 1036K [0x00000000e1000000, 0x00000000e1aa0000, 0x00000000eb4a0000)
  eden space 8704K,   0% used [0x00000000e1000000, 0x00000000e1000000, 0x00000000e1880000)
  from space 1088K,  95% used [0x00000000e1880000, 0x00000000e19830a0, 0x00000000e1990000)
  to   space 1088K,   0% used [0x00000000e1990000, 0x00000000e1990000, 0x00000000e1aa0000)
 concurrent mark-sweep generation total 118492K, used 66362K [0x00000000eb4a0000, 0x00000000f2857000, 0x0000000100000000)
 Metaspace       used 95801K, capacity 100021K, committed 100352K, reserved 1136640K
  class space    used 11686K, capacity 12459K, committed 12544K, reserved 1048576K
}
2019-06-25T17:55:10.164+0000: 380530.074: Application time: 0.2092279 seconds
2019-06-25T17:55:10.165+0000: 380530.075: Application time: 0.0000688 seconds
2019-06-25T17:55:10.165+0000: 380530.075: Application time: 0.0000592 seconds
2019-06-25T17:55:10.165+0000: 380530.075: Application time: 0.0000621 seconds
2019-06-25T17:55:10.166+0000: 380530.076: Application time: 0.0000763 seconds
2019-06-25T17:55:10.166+0000: 380530.076: Application time: 0.0000842 seconds
2019-06-25T17:55:10.541+0000: 380530.451: Application time: 0.3741327 seconds
2019-06-25T17:55:10.541+0000: 380530.451: Application time: 0.0001480 seconds
2019-06-25T17:55:10.541+0000: 380530.451: Application time: 0.0000661 seconds
2019-06-25T17:55:10.542+0000: 380530.452: Application time: 0.0001620 seconds
2019-06-25T17:55:13.360+0000: 380533.270: Application time: 2.8184606 seconds
2019-06-25T17:55:14.949+0000: 380534.859: Application time: 1.5884459 seconds
2019-06-25T17:55:14.978+0000: 380534.888: Application time: 0.0290835 seconds
2019-06-25T17:55:28.560+0000: 380548.469: Application time: 13.5807603 seconds
2019-06-25T17:55:28.560+0000: 380548.470: Application time: 0.0001353 seconds
2019-06-25T17:55:28.560+0000: 380548.470: Application time: 0.0001358 seconds
2019-06-25T17:55:28.561+0000: 380548.470: Application time: 0.0001214 seconds
2019-06-25T17:55:28.561+0000: 380548.471: Application time: 0.0005358 seconds
2019-06-25T17:55:28.561+0000: 380548.471: Application time: 0.0000698 seconds
2019-06-25T17:55:28.562+0000: 380548.472: Application time: 0.0000635 seconds
2019-06-25T17:55:28.618+0000: 380548.528: Application time: 0.0558598 seconds
2019-06-25T17:55:28.618+0000: 380548.528: Application time: 0.0001037 seconds
2019-06-25T17:55:28.618+0000: 380548.528: Application time: 0.0001873 seconds
2019-06-25T17:55:32.779+0000: 380552.689: Application time: 4.1602744 seconds
2019-06-25T17:55:32.803+0000: 380552.713: Application time: 0.0238032 seconds
2019-06-25T17:55:48.779+0000: 380568.689: Application time: 15.9757300 seconds
2019-06-25T17:55:48.779+0000: 380568.689: Application time: 0.0000782 seconds
2019-06-25T17:55:48.780+0000: 380568.689: Application time: 0.0000423 seconds
2019-06-25T17:55:48.793+0000: 380568.703: Application time: 0.0001227 seconds
2019-06-25T17:55:48.793+0000: 380568.703: Application time: 0.0000665 seconds
2019-06-25T17:55:48.793+0000: 380568.703: Application time: 0.0007533 seconds
2019-06-25T17:55:48.794+0000: 380568.704: Application time: 0.0000974 seconds
2019-06-25T17:55:48.816+0000: 380568.725: Application time: 0.0210482 seconds
{Heap before GC invocations=5410 (full 149):
 par new generation   total 9792K, used 9740K [0x00000000e1000000, 0x00000000e1aa0000, 0x00000000eb4a0000)
  eden space 8704K, 100% used [0x00000000e1000000, 0x00000000e1880000, 0x00000000e1880000)
  from space 1088K,  95% used [0x00000000e1880000, 0x00000000e19830a0, 0x00000000e1990000)
  to   space 1088K,   0% used [0x00000000e1990000, 0x00000000e1990000, 0x00000000e1aa0000)
 concurrent mark-sweep generation total 118492K, used 66362K [0x00000000eb4a0000, 0x00000000f2857000, 0x0000000100000000)
 Metaspace       used 95805K, capacity 100027K, committed 100352K, reserved 1136640K
  class space    used 11686K, capacity 12460K, committed 12544K, reserved 1048576K
2019-06-25T17:55:48.818+0000: 380568.728: [GC (Allocation Failure) 2019-06-25T17:55:48.819+0000: 380568.729: [ParNew: 9740K->1057K(9792K), 0.0082262 secs] 76102K->67814K(128284K), 0.0092523 secs] [Times: user=0.01 sys=0.01, real=0.00 secs] 
Heap after GC invocations=5411 (full 149):
 par new generation   total 9792K, used 1057K [0x00000000e1000000, 0x00000000e1aa0000, 0x00000000eb4a0000)
  eden space 8704K,   0% used [0x00000000e1000000, 0x00000000e1000000, 0x00000000e1880000)
  from space 1088K,  97% used [0x00000000e1990000, 0x00000000e1a987f8, 0x00000000e1aa0000)
  to   space 1088K,   0% used [0x00000000e1880000, 0x00000000e1880000, 0x00000000e1990000)
 concurrent mark-sweep generation total 118492K, used 66756K [0x00000000eb4a0000, 0x00000000f2857000, 0x0000000100000000)
 Metaspace       used 95805K, capacity 100027K, committed 100352K, reserved 1136640K
  class space    used 11686K, capacity 12460K, committed 12544K, reserved 1048576K
}
2019-06-25T17:55:53.795+0000: 380573.705: Application time: 4.9665595 seconds
2019-06-25T17:55:53.835+0000: 380573.745: Application time: 0.0396775 seconds
2019-06-25T17:56:05.540+0000: 380585.450: Application time: 11.7044646 seconds
2019-06-25T17:56:10.168+0000: 380590.078: Application time: 4.6278521 seconds
2019-06-25T17:56:10.169+0000: 380590.079: Application time: 0.0000826 seconds
2019-06-25T17:56:10.169+0000: 380590.079: Application time: 0.0000704 seconds
2019-06-25T17:56:10.169+0000: 380590.079: Application time: 0.0000640 seconds
2019-06-25T17:56:10.170+0000: 380590.080: Application time: 0.0000660 seconds
2019-06-25T17:56:10.170+0000: 380590.080: Application time: 0.0000782 seconds
2019-06-25T17:56:10.607+0000: 380590.517: Application time: 0.4361820 seconds
2019-06-25T17:56:10.607+0000: 380590.517: Application time: 0.0000718 seconds
2019-06-25T17:56:10.608+0000: 380590.517: Application time: 0.0000955 seconds
2019-06-25T17:56:10.608+0000: 380590.518: Application time: 0.0000585 seconds
2019-06-25T17:56:10.608+0000: 380590.518: Application time: 0.0000575 seconds
2019-06-25T17:56:10.608+0000: 380590.518: Application time: 0.0000611 seconds
2019-06-25T17:56:10.608+0000: 380590.518: Application time: 0.0001795 seconds
2019-06-25T17:56:11.609+0000: 380591.519: Application time: 1.0006471 seconds
2019-06-25T17:56:13.367+0000: 380593.277: Application time: 1.7581119 seconds
2019-06-25T17:56:14.677+0000: 380594.587: Application time: 1.3088551 seconds
2019-06-25T17:56:14.706+0000: 380594.616: Application time: 0.0291621 seconds
2019-06-25T17:57:05.552+0000: 380645.461: Application time: 50.8452153 seconds
{Heap before GC invocations=5411 (full 149):
 par new generation   total 9792K, used 9761K [0x00000000e1000000, 0x00000000e1aa0000, 0x00000000eb4a0000)
  eden space 8704K, 100% used [0x00000000e1000000, 0x00000000e1880000, 0x00000000e1880000)
  from space 1088K,  97% used [0x00000000e1990000, 0x00000000e1a987f8, 0x00000000e1aa0000)
  to   space 1088K,   0% used [0x00000000e1880000, 0x00000000e1880000, 0x00000000e1990000)
 concurrent mark-sweep generation total 118492K, used 66756K [0x00000000eb4a0000, 0x00000000f2857000, 0x0000000100000000)
 Metaspace       used 95805K, capacity 100027K, committed 100352K, reserved 1136640K
  class space    used 11686K, capacity 12460K, committed 12544K, reserved 1048576K
2019-06-25T17:57:05.552+0000: 380645.462: [GC (Allocation Failure) 2019-06-25T17:57:05.553+0000: 380645.463: [ParNew: 9761K->698K(9792K), 0.0037941 secs] 76518K->67706K(128284K), 0.0050439 secs] [Times: user=0.00 sys=0.00, real=0.00 secs] 
Heap after GC invocations=5412 (full 149):
 par new generation   total 9792K, used 698K [0x00000000e1000000, 0x00000000e1aa0000, 0x00000000eb4a0000)
  eden space 8704K,   0% used [0x00000000e1000000, 0x00000000e1000000, 0x00000000e1880000)
  from space 1088K,  64% used [0x00000000e1880000, 0x00000000e192eb38, 0x00000000e1990000)
  to   space 1088K,   0% used [0x00000000e1990000, 0x00000000e1990000, 0x00000000e1aa0000)
 concurrent mark-sweep generation total 118492K, used 67007K [0x00000000eb4a0000, 0x00000000f2857000, 0x0000000100000000)
 Metaspace       used 95805K, capacity 100027K, committed 100352K, reserved 1136640K
  class space    used 11686K, capacity 12460K, committed 12544K, reserved 1048576K
}
2019-06-25T17:57:31.694+0000: 380671.604: Application time: 26.1365591 seconds
2019-06-25T17:57:31.695+0000: 380671.604: Application time: 0.0000715 seconds
2019-06-25T17:57:31.735+0000: 380671.645: Application time: 0.0404386 seconds
2019-06-25T17:57:31.736+0000: 380671.645: Application time: 0.0000735 seconds
2019-06-25T17:57:31.736+0000: 380671.646: Application time: 0.0001401 seconds
2019-06-25T17:57:31.737+0000: 380671.646: Application time: 0.0000647 seconds
2019-06-25T17:57:31.737+0000: 380671.647: Application time: 0.0000606 seconds
2019-06-25T17:57:31.737+0000: 380671.647: Application time: 0.0000676 seconds
2019-06-25T17:57:31.737+0000: 380671.647: Application time: 0.0001459 seconds
2019-06-25T17:57:36.109+0000: 380676.019: Application time: 4.3716719 seconds
2019-06-25T17:57:36.139+0000: 380676.048: Application time: 0.0291670 seconds
2019-06-25T17:57:43.376+0000: 380683.286: Application time: 7.2371720 seconds
2019-06-25T17:58:01.765+0000: 380701.675: Application time: 18.3884128 seconds
2019-06-25T17:58:01.769+0000: 380701.679: Application time: 0.0000727 seconds
2019-06-25T17:58:01.773+0000: 380701.683: Application time: 0.0036658 seconds
{Heap before GC invocations=5412 (full 149):
 par new generation   total 9792K, used 9400K [0x00000000e1000000, 0x00000000e1aa0000, 0x00000000eb4a0000)
  eden space 8704K,  99% used [0x00000000e1000000, 0x00000000e187f8a8, 0x00000000e1880000)
  from space 1088K,  64% used [0x00000000e1880000, 0x00000000e192eb38, 0x00000000e1990000)
  to   space 1088K,   0% used [0x00000000e1990000, 0x00000000e1990000, 0x00000000e1aa0000)
 concurrent mark-sweep generation total 118492K, used 67007K [0x00000000eb4a0000, 0x00000000f2857000, 0x0000000100000000)
 Metaspace       used 95805K, capacity 100027K, committed 100352K, reserved 1136640K
  class space    used 11686K, capacity 12460K, committed 12544K, reserved 1048576K
2019-06-25T17:58:01.774+0000: 380701.684: [GC (Allocation Failure) 2019-06-25T17:58:01.774+0000: 380701.684: [ParNew: 9400K->1088K(9792K), 0.0047160 secs] 76408K->68302K(128284K), 0.0057653 secs] [Times: user=0.01 sys=0.00, real=0.01 secs] 
Heap after GC invocations=5413 (full 149):
 par new generation   total 9792K, used 1088K [0x00000000e1000000, 0x00000000e1aa0000, 0x00000000eb4a0000)
  eden space 8704K,   0% used [0x00000000e1000000, 0x00000000e1000000, 0x00000000e1880000)
  from space 1088K, 100% used [0x00000000e1990000, 0x00000000e1aa0000, 0x00000000e1aa0000)
  to   space 1088K,   0% used [0x00000000e1880000, 0x00000000e1880000, 0x00000000e1990000)
 concurrent mark-sweep generation total 118492K, used 67214K [0x00000000eb4a0000, 0x00000000f2857000, 0x0000000100000000)
 Metaspace       used 95805K, capacity 100027K, committed 100352K, reserved 1136640K
  class space    used 11686K, capacity 12460K, committed 12544K, reserved 1048576K
}
2019-06-25T17:58:02.729+0000: 380702.638: Application time: 0.9476937 seconds
2019-06-25T17:58:02.729+0000: 380702.639: Application time: 0.0000697 seconds
2019-06-25T17:58:02.729+0000: 380702.639: Application time: 0.0000710 seconds
2019-06-25T17:58:02.729+0000: 380702.639: Application time: 0.0000581 seconds
2019-06-25T17:58:02.730+0000: 380702.640: Application time: 0.0000750 seconds
2019-06-25T17:58:02.730+0000: 380702.640: Application time: 0.0000748 seconds
2019-06-25T17:58:02.731+0000: 380702.640: Application time: 0.0001341 seconds
2019-06-25T17:58:02.731+0000: 380702.641: Application time: 0.0001725 seconds
2019-06-25T17:58:06.770+0000: 380706.680: Application time: 4.0393413 seconds
2019-06-25T17:58:06.803+0000: 380706.712: Application time: 0.0320785 seconds
2019-06-25T17:58:10.632+0000: 380710.542: Application time: 3.8291718 seconds
2019-06-25T17:59:10.042+0000: 380769.952: Application time: 59.4095330 seconds
2019-06-25T17:59:17.707+0000: 380777.616: Application time: 7.6644185 seconds
{Heap before GC invocations=5413 (full 149):
 par new generation   total 9792K, used 9546K [0x00000000e1000000, 0x00000000e1aa0000, 0x00000000eb4a0000)
  eden space 8704K,  97% used [0x00000000e1000000, 0x00000000e1842a30, 0x00000000e1880000)
  from space 1088K, 100% used [0x00000000e1990000, 0x00000000e1aa0000, 0x00000000e1aa0000)
  to   space 1088K,   0% used [0x00000000e1880000, 0x00000000e1880000, 0x00000000e1990000)
 concurrent mark-sweep generation total 118492K, used 67214K [0x00000000eb4a0000, 0x00000000f2857000, 0x0000000100000000)
 Metaspace       used 95805K, capacity 100027K, committed 100352K, reserved 1136640K
  class space    used 11686K, capacity 12460K, committed 12544K, reserved 1048576K
2019-06-25T17:59:17.708+0000: 380777.617: [GC (Allocation Failure) 2019-06-25T17:59:17.708+0000: 380777.618: [ParNew: 9546K->577K(9792K), 0.0040822 secs] 76760K->68312K(128284K), 0.0051030 secs] [Times: user=0.01 sys=0.00, real=0.01 secs] 
Heap after GC invocations=5414 (full 149):
 par new generation   total 9792K, used 577K [0x00000000e1000000, 0x00000000e1aa0000, 0x00000000eb4a0000)
  eden space 8704K,   0% used [0x00000000e1000000, 0x00000000e1000000, 0x00000000e1880000)
  from space 1088K,  53% used [0x00000000e1880000, 0x00000000e1910728, 0x00000000e1990000)
  to   space 1088K,   0% used [0x00000000e1990000, 0x00000000e1990000, 0x00000000e1aa0000)
 concurrent mark-sweep generation total 118492K, used 67734K [0x00000000eb4a0000, 0x00000000f2857000, 0x0000000100000000)
 Metaspace       used 95805K, capacity 100027K, committed 100352K, reserved 1136640K
  class space    used 11686K, capacity 12460K, committed 12544K, reserved 1048576K
}
2019-06-25T17:59:17.809+0000: 380777.719: Application time: 0.0953287 seconds
2019-06-25T17:59:17.809+0000: 380777.719: Application time: 0.0000728 seconds
2019-06-25T17:59:17.810+0000: 380777.719: Application time: 0.0000692 seconds
2019-06-25T17:59:17.810+0000: 380777.720: Application time: 0.0001671 seconds
2019-06-25T17:59:17.811+0000: 380777.720: Application time: 0.0001485 seconds
2019-06-25T17:59:17.840+0000: 380777.750: Application time: 0.0289587 seconds
2019-06-25T17:59:17.840+0000: 380777.750: Application time: 0.0001488 seconds
2019-06-25T17:59:17.840+0000: 380777.750: Application time: 0.0000644 seconds
2019-06-25T17:59:17.841+0000: 380777.750: Application time: 0.0000685 seconds
2019-06-25T17:59:22.704+0000: 380782.614: Application time: 4.8630443 seconds
2019-06-25T17:59:22.736+0000: 380782.646: Application time: 0.0320687 seconds
2019-06-25T17:59:43.389+0000: 380803.299: Application time: 20.6529142 seconds
2019-06-25T18:00:05.540+0000: 380825.450: Application time: 22.1505613 seconds
2019-06-25T18:00:12.562+0000: 380832.471: Application time: 7.0211640 seconds
2019-06-25T18:00:12.563+0000: 380832.473: Application time: 0.0015591 seconds
2019-06-25T18:00:42.914+0000: 380862.824: Application time: 30.3501686 seconds
2019-06-25T18:00:42.914+0000: 380862.824: Application time: 0.0000762 seconds
2019-06-25T18:00:42.914+0000: 380862.825: Application time: 0.0006122 seconds
2019-06-25T18:00:42.915+0000: 380862.825: Application time: 0.0002511 seconds
2019-06-25T18:00:42.916+0000: 380862.826: Application time: 0.0001680 seconds
2019-06-25T18:00:49.923+0000: 380869.832: Application time: 7.0066560 seconds
{Heap before GC invocations=5414 (full 149):
 par new generation   total 9792K, used 9281K [0x00000000e1000000, 0x00000000e1aa0000, 0x00000000eb4a0000)
  eden space 8704K, 100% used [0x00000000e1000000, 0x00000000e1880000, 0x00000000e1880000)
  from space 1088K,  53% used [0x00000000e1880000, 0x00000000e1910728, 0x00000000e1990000)
  to   space 1088K,   0% used [0x00000000e1990000, 0x00000000e1990000, 0x00000000e1aa0000)
 concurrent mark-sweep generation total 118492K, used 67734K [0x00000000eb4a0000, 0x00000000f2857000, 0x0000000100000000)
 Metaspace       used 95805K, capacity 100027K, committed 100352K, reserved 1136640K
  class space    used 11686K, capacity 12460K, committed 12544K, reserved 1048576K
2019-06-25T18:00:49.923+0000: 380869.833: [GC (Allocation Failure) 2019-06-25T18:00:49.924+0000: 380869.834: [ParNew: 9281K->589K(9792K), 0.0033490 secs] 77016K->68324K(128284K), 0.0047359 secs] [Times: user=0.00 sys=0.00, real=0.01 secs] 
Heap after GC invocations=5415 (full 149):
 par new generation   total 9792K, used 589K [0x00000000e1000000, 0x00000000e1aa0000, 0x00000000eb4a0000)
  eden space 8704K,   0% used [0x00000000e1000000, 0x00000000e1000000, 0x00000000e1880000)
  from space 1088K,  54% used [0x00000000e1990000, 0x00000000e1a23700, 0x00000000e1aa0000)
  to   space 1088K,   0% used [0x00000000e1880000, 0x00000000e1880000, 0x00000000e1990000)
 concurrent mark-sweep generation total 118492K, used 67734K [0x00000000eb4a0000, 0x00000000f2857000, 0x0000000100000000)
 Metaspace       used 95805K, capacity 100027K, committed 100352K, reserved 1136640K
  class space    used 11686K, capacity 12460K, committed 12544K, reserved 1048576K
}
2019-06-25T18:01:44.982+0000: 380924.891: Application time: 55.0530064 seconds
2019-06-25T18:01:44.982+0000: 380924.892: Application time: 0.0001703 seconds
2019-06-25T18:01:44.982+0000: 380924.892: Application time: 0.0001781 seconds
2019-06-25T18:01:44.983+0000: 380924.893: Application time: 0.0001915 seconds
2019-06-25T18:01:44.984+0000: 380924.894: Application time: 0.0000699 seconds
2019-06-25T18:01:48.998+0000: 380928.907: Application time: 4.0136684 seconds
2019-06-25T18:01:49.023+0000: 380928.933: Application time: 0.0253730 seconds
2019-06-25T18:01:50.991+0000: 380930.901: Application time: 1.9671726 seconds
2019-06-25T18:01:50.991+0000: 380930.901: Application time: 0.0000380 seconds
2019-06-25T18:01:50.991+0000: 380930.901: Application time: 0.0000795 seconds
2019-06-25T18:01:50.992+0000: 380930.901: Application time: 0.0001216 seconds
2019-06-25T18:01:50.992+0000: 380930.902: Application time: 0.0000908 seconds
2019-06-25T18:02:08.452+0000: 380948.362: Application time: 17.4604624 seconds
{Heap before GC invocations=5415 (full 149):
 par new generation   total 9792K, used 9293K [0x00000000e1000000, 0x00000000e1aa0000, 0x00000000eb4a0000)
  eden space 8704K, 100% used [0x00000000e1000000, 0x00000000e1880000, 0x00000000e1880000)
  from space 1088K,  54% used [0x00000000e1990000, 0x00000000e1a23700, 0x00000000e1aa0000)
  to   space 1088K,   0% used [0x00000000e1880000, 0x00000000e1880000, 0x00000000e1990000)
 concurrent mark-sweep generation total 118492K, used 67734K [0x00000000eb4a0000, 0x00000000f2857000, 0x0000000100000000)
 Metaspace       used 95805K, capacity 100027K, committed 100352K, reserved 1136640K
  class space    used 11686K, capacity 12460K, committed 12544K, reserved 1048576K
2019-06-25T18:02:08.453+0000: 380948.363: [GC (Allocation Failure) 2019-06-25T18:02:08.454+0000: 380948.364: [ParNew: 9293K->764K(9792K), 0.0042912 secs] 77028K->68499K(128284K), 0.0051659 secs] [Times: user=0.01 sys=0.00, real=0.01 secs] 
Heap after GC invocations=5416 (full 149):
 par new generation   total 9792K, used 764K [0x00000000e1000000, 0x00000000e1aa0000, 0x00000000eb4a0000)
  eden space 8704K,   0% used [0x00000000e1000000, 0x00000000e1000000, 0x00000000e1880000)
  from space 1088K,  70% used [0x00000000e1880000, 0x00000000e193f108, 0x00000000e1990000)
  to   space 1088K,   0% used [0x00000000e1990000, 0x00000000e1990000, 0x00000000e1aa0000)
 concurrent mark-sweep generation total 118492K, used 67734K [0x00000000eb4a0000, 0x00000000f2857000, 0x0000000100000000)
 Metaspace       used 95805K, capacity 100027K, committed 100352K, reserved 1136640K
  class space    used 11686K, capacity 12460K, committed 12544K, reserved 1048576K
}
2019-06-25T18:02:10.642+0000: 380950.552: Application time: 2.1826702 seconds
2019-06-25T18:03:46.091+0000: 381046.001: Application time: 95.4487802 seconds
{Heap before GC invocations=5416 (full 149):
 par new generation   total 9792K, used 9468K [0x00000000e1000000, 0x00000000e1aa0000, 0x00000000eb4a0000)
  eden space 8704K, 100% used [0x00000000e1000000, 0x00000000e1880000, 0x00000000e1880000)
  from space 1088K,  70% used [0x00000000e1880000, 0x00000000e193f108, 0x00000000e1990000)
  to   space 1088K,   0% used [0x00000000e1990000, 0x00000000e1990000, 0x00000000e1aa0000)
 concurrent mark-sweep generation total 118492K, used 67734K [0x00000000eb4a0000, 0x00000000f2857000, 0x0000000100000000)
 Metaspace       used 95805K, capacity 100027K, committed 100352K, reserved 1136640K
  class space    used 11686K, capacity 12460K, committed 12544K, reserved 1048576K
2019-06-25T18:03:46.092+0000: 381046.002: [GC (Allocation Failure) 2019-06-25T18:03:46.092+0000: 381046.002: [ParNew: 9468K->709K(9792K), 0.0032777 secs] 77203K->68444K(128284K), 0.0040890 secs] [Times: user=0.01 sys=0.00, real=0.00 secs] 
Heap after GC invocations=5417 (full 149):
 par new generation   total 9792K, used 709K [0x00000000e1000000, 0x00000000e1aa0000, 0x00000000eb4a0000)
  eden space 8704K,   0% used [0x00000000e1000000, 0x00000000e1000000, 0x00000000e1880000)
  from space 1088K,  65% used [0x00000000e1990000, 0x00000000e1a416f0, 0x00000000e1aa0000)
  to   space 1088K,   0% used [0x00000000e1880000, 0x00000000e1880000, 0x00000000e1990000)
 concurrent mark-sweep generation total 118492K, used 67734K [0x00000000eb4a0000, 0x00000000f2857000, 0x0000000100000000)
 Metaspace       used 95805K, capacity 100027K, committed 100352K, reserved 1136640K
  class space    used 11686K, capacity 12460K, committed 12544K, reserved 1048576K
}
2019-06-25T18:04:10.073+0000: 381069.983: Application time: 23.9767293 seconds
2019-06-25T18:05:27.187+0000: 381147.097: Application time: 77.1129389 seconds
{Heap before GC invocations=5417 (full 149):
 par new generation   total 9792K, used 9413K [0x00000000e1000000, 0x00000000e1aa0000, 0x00000000eb4a0000)
  eden space 8704K, 100% used [0x00000000e1000000, 0x00000000e1880000, 0x00000000e1880000)
  from space 1088K,  65% used [0x00000000e1990000, 0x00000000e1a416f0, 0x00000000e1aa0000)
  to   space 1088K,   0% used [0x00000000e1880000, 0x00000000e1880000, 0x00000000e1990000)
 concurrent mark-sweep generation total 118492K, used 67734K [0x00000000eb4a0000, 0x00000000f2857000, 0x0000000100000000)
 Metaspace       used 95805K, capacity 100027K, committed 100352K, reserved 1136640K
  class space    used 11686K, capacity 12460K, committed 12544K, reserved 1048576K
2019-06-25T18:05:27.188+0000: 381147.097: [GC (Allocation Failure) 2019-06-25T18:05:27.188+0000: 381147.098: [ParNew: 9413K->696K(9792K), 0.0037846 secs] 77148K->68593K(128284K), 0.0045647 secs] [Times: user=0.01 sys=0.00, real=0.01 secs] 
Heap after GC invocations=5418 (full 149):
 par new generation   total 9792K, used 696K [0x00000000e1000000, 0x00000000e1aa0000, 0x00000000eb4a0000)
  eden space 8704K,   0% used [0x00000000e1000000, 0x00000000e1000000, 0x00000000e1880000)
  from space 1088K,  63% used [0x00000000e1880000, 0x00000000e192e020, 0x00000000e1990000)
  to   space 1088K,   0% used [0x00000000e1990000, 0x00000000e1990000, 0x00000000e1aa0000)
 concurrent mark-sweep generation total 118492K, used 67897K [0x00000000eb4a0000, 0x00000000f2857000, 0x0000000100000000)
 Metaspace       used 95805K, capacity 100027K, committed 100352K, reserved 1136640K
  class space    used 11686K, capacity 12460K, committed 12544K, reserved 1048576K
}
2019-06-25T18:07:12.498+0000: 381252.407: Application time: 105.3046792 seconds
{Heap before GC invocations=5418 (full 149):
 par new generation   total 9792K, used 9400K [0x00000000e1000000, 0x00000000e1aa0000, 0x00000000eb4a0000)
  eden space 8704K, 100% used [0x00000000e1000000, 0x00000000e1880000, 0x00000000e1880000)
  from space 1088K,  63% used [0x00000000e1880000, 0x00000000e192e020, 0x00000000e1990000)
  to   space 1088K,   0% used [0x00000000e1990000, 0x00000000e1990000, 0x00000000e1aa0000)
 concurrent mark-sweep generation total 118492K, used 67897K [0x00000000eb4a0000, 0x00000000f2857000, 0x0000000100000000)
 Metaspace       used 95806K, capacity 100027K, committed 100352K, reserved 1136640K
  class space    used 11686K, capacity 12460K, committed 12544K, reserved 1048576K
2019-06-25T18:07:12.498+0000: 381252.408: [GC (Allocation Failure) 2019-06-25T18:07:12.499+0000: 381252.409: [ParNew: 9400K->563K(9792K), 0.0035257 secs] 77297K->68627K(128284K), 0.0042967 secs] [Times: user=0.01 sys=0.00, real=0.00 secs] 
Heap after GC invocations=5419 (full 149):
 par new generation   total 9792K, used 563K [0x00000000e1000000, 0x00000000e1aa0000, 0x00000000eb4a0000)
  eden space 8704K,   0% used [0x00000000e1000000, 0x00000000e1000000, 0x00000000e1880000)
  from space 1088K,  51% used [0x00000000e1990000, 0x00000000e1a1cdf8, 0x00000000e1aa0000)
  to   space 1088K,   0% used [0x00000000e1880000, 0x00000000e1880000, 0x00000000e1990000)
 concurrent mark-sweep generation total 118492K, used 68063K [0x00000000eb4a0000, 0x00000000f2857000, 0x0000000100000000)
 Metaspace       used 95806K, capacity 100027K, committed 100352K, reserved 1136640K
  class space    used 11686K, capacity 12460K, committed 12544K, reserved 1048576K
}
2019-06-25T18:08:52.369+0000: 381352.279: Application time: 99.8652245 seconds
{Heap before GC invocations=5419 (full 149):
 par new generation   total 9792K, used 9267K [0x00000000e1000000, 0x00000000e1aa0000, 0x00000000eb4a0000)
  eden space 8704K, 100% used [0x00000000e1000000, 0x00000000e1880000, 0x00000000e1880000)
  from space 1088K,  51% used [0x00000000e1990000, 0x00000000e1a1cdf8, 0x00000000e1aa0000)
  to   space 1088K,   0% used [0x00000000e1880000, 0x00000000e1880000, 0x00000000e1990000)
 concurrent mark-sweep generation total 118492K, used 68063K [0x00000000eb4a0000, 0x00000000f2857000, 0x0000000100000000)
 Metaspace       used 95806K, capacity 100027K, committed 100352K, reserved 1136640K
  class space    used 11686K, capacity 12460K, committed 12544K, reserved 1048576K
2019-06-25T18:08:52.370+0000: 381352.279: [GC (Allocation Failure) 2019-06-25T18:08:52.370+0000: 381352.280: [ParNew: 9267K->802K(9792K), 0.0070404 secs] 77331K->68865K(128284K), 0.0078781 secs] [Times: user=0.01 sys=0.01, real=0.00 secs] 
Heap after GC invocations=5420 (full 149):
 par new generation   total 9792K, used 802K [0x00000000e1000000, 0x00000000e1aa0000, 0x00000000eb4a0000)
  eden space 8704K,   0% used [0x00000000e1000000, 0x00000000e1000000, 0x00000000e1880000)
  from space 1088K,  73% used [0x00000000e1880000, 0x00000000e1948830, 0x00000000e1990000)
  to   space 1088K,   0% used [0x00000000e1990000, 0x00000000e1990000, 0x00000000e1aa0000)
 concurrent mark-sweep generation total 118492K, used 68063K [0x00000000eb4a0000, 0x00000000f2857000, 0x0000000100000000)
 Metaspace       used 95806K, capacity 100027K, committed 100352K, reserved 1136640K
  class space    used 11686K, capacity 12460K, committed 12544K, reserved 1048576K
}
2019-06-25T18:09:10.589+0000: 381370.499: Application time: 18.2109526 seconds
2019-06-25T18:10:32.136+0000: 381452.046: Application time: 81.5464022 seconds
{Heap before GC invocations=5420 (full 149):
 par new generation   total 9792K, used 9506K [0x00000000e1000000, 0x00000000e1aa0000, 0x00000000eb4a0000)
  eden space 8704K, 100% used [0x00000000e1000000, 0x00000000e1880000, 0x00000000e1880000)
  from space 1088K,  73% used [0x00000000e1880000, 0x00000000e1948830, 0x00000000e1990000)
  to   space 1088K,   0% used [0x00000000e1990000, 0x00000000e1990000, 0x00000000e1aa0000)
 concurrent mark-sweep generation total 118492K, used 68063K [0x00000000eb4a0000, 0x00000000f2857000, 0x0000000100000000)
 Metaspace       used 95806K, capacity 100027K, committed 100352K, reserved 1136640K
  class space    used 11686K, capacity 12460K, committed 12544K, reserved 1048576K
2019-06-25T18:10:32.137+0000: 381452.047: [GC (Allocation Failure) 2019-06-25T18:10:32.137+0000: 381452.047: [ParNew: 9506K->957K(9792K), 0.0063040 secs] 77569K->69121K(128284K), 0.0071399 secs] [Times: user=0.01 sys=0.00, real=0.01 secs] 
Heap after GC invocations=5421 (full 149):
 par new generation   total 9792K, used 957K [0x00000000e1000000, 0x00000000e1aa0000, 0x00000000eb4a0000)
  eden space 8704K,   0% used [0x00000000e1000000, 0x00000000e1000000, 0x00000000e1880000)
  from space 1088K,  87% used [0x00000000e1990000, 0x00000000e1a7f4c0, 0x00000000e1aa0000)
  to   space 1088K,   0% used [0x00000000e1880000, 0x00000000e1880000, 0x00000000e1990000)
 concurrent mark-sweep generation total 118492K, used 68164K [0x00000000eb4a0000, 0x00000000f2857000, 0x0000000100000000)
 Metaspace       used 95806K, capacity 100027K, committed 100352K, reserved 1136640K
  class space    used 11686K, capacity 12460K, committed 12544K, reserved 1048576K
}
2019-06-25T18:12:12.626+0000: 381552.536: Application time: 100.4819314 seconds
{Heap before GC invocations=5421 (full 149):
 par new generation   total 9792K, used 9654K [0x00000000e1000000, 0x00000000e1aa0000, 0x00000000eb4a0000)
  eden space 8704K,  99% used [0x00000000e1000000, 0x00000000e187e620, 0x00000000e1880000)
  from space 1088K,  87% used [0x00000000e1990000, 0x00000000e1a7f4c0, 0x00000000e1aa0000)
  to   space 1088K,   0% used [0x00000000e1880000, 0x00000000e1880000, 0x00000000e1990000)
 concurrent mark-sweep generation total 118492K, used 68164K [0x00000000eb4a0000, 0x00000000f2857000, 0x0000000100000000)
 Metaspace       used 95806K, capacity 100027K, committed 100352K, reserved 1136640K
  class space    used 11686K, capacity 12460K, committed 12544K, reserved 1048576K
2019-06-25T18:12:12.628+0000: 381552.538: [GC (Allocation Failure) 2019-06-25T18:12:12.628+0000: 381552.538: [ParNew: 9654K->653K(9792K), 0.0069703 secs] 77818K->68817K(128284K), 0.0093189 secs] [Times: user=0.01 sys=0.00, real=0.01 secs] 
Heap after GC invocations=5422 (full 149):
 par new generation   total 9792K, used 653K [0x00000000e1000000, 0x00000000e1aa0000, 0x00000000eb4a0000)
  eden space 8704K,   0% used [0x00000000e1000000, 0x00000000e1000000, 0x00000000e1880000)
  from space 1088K,  60% used [0x00000000e1880000, 0x00000000e1923540, 0x00000000e1990000)
  to   space 1088K,   0% used [0x00000000e1990000, 0x00000000e1990000, 0x00000000e1aa0000)
 concurrent mark-sweep generation total 118492K, used 68164K [0x00000000eb4a0000, 0x00000000f2857000, 0x0000000100000000)
 Metaspace       used 95806K, capacity 100027K, committed 100352K, reserved 1136640K
  class space    used 11686K, capacity 12460K, committed 12544K, reserved 1048576K
}
2019-06-25T18:13:13.151+0000: 381613.061: Application time: 60.5127922 seconds
2019-06-25T18:13:13.153+0000: 381613.063: Application time: 0.0016224 seconds
2019-06-25T18:13:55.371+0000: 381655.281: Application time: 42.2180330 seconds
{Heap before GC invocations=5422 (full 149):
 par new generation   total 9792K, used 9357K [0x00000000e1000000, 0x00000000e1aa0000, 0x00000000eb4a0000)
  eden space 8704K, 100% used [0x00000000e1000000, 0x00000000e1880000, 0x00000000e1880000)
  from space 1088K,  60% used [0x00000000e1880000, 0x00000000e1923540, 0x00000000e1990000)
  to   space 1088K,   0% used [0x00000000e1990000, 0x00000000e1990000, 0x00000000e1aa0000)
 concurrent mark-sweep generation total 118492K, used 68164K [0x00000000eb4a0000, 0x00000000f2857000, 0x0000000100000000)
 Metaspace       used 95806K, capacity 100027K, committed 100352K, reserved 1136640K
  class space    used 11686K, capacity 12460K, committed 12544K, reserved 1048576K
2019-06-25T18:13:55.372+0000: 381655.282: [GC (Allocation Failure) 2019-06-25T18:13:55.372+0000: 381655.282: [ParNew: 9357K->779K(9792K), 0.0258506 secs] 77521K->68943K(128284K), 0.0265656 secs] [Times: user=0.05 sys=0.00, real=0.03 secs] 
Heap after GC invocations=5423 (full 149):
 par new generation   total 9792K, used 779K [0x00000000e1000000, 0x00000000e1aa0000, 0x00000000eb4a0000)
  eden space 8704K,   0% used [0x00000000e1000000, 0x00000000e1000000, 0x00000000e1880000)
  from space 1088K,  71% used [0x00000000e1990000, 0x00000000e1a52c78, 0x00000000e1aa0000)
  to   space 1088K,   0% used [0x00000000e1880000, 0x00000000e1880000, 0x00000000e1990000)
 concurrent mark-sweep generation total 118492K, used 68164K [0x00000000eb4a0000, 0x00000000f2857000, 0x0000000100000000)
 Metaspace       used 95806K, capacity 100027K, committed 100352K, reserved 1136640K
  class space    used 11686K, capacity 12460K, committed 12544K, reserved 1048576K
}
2019-06-25T18:14:10.615+0000: 381670.525: Application time: 15.2158527 seconds
2019-06-25T18:15:36.721+0000: 381756.631: Application time: 86.1056445 seconds
{Heap before GC invocations=5423 (full 149):
 par new generation   total 9792K, used 9483K [0x00000000e1000000, 0x00000000e1aa0000, 0x00000000eb4a0000)
  eden space 8704K, 100% used [0x00000000e1000000, 0x00000000e1880000, 0x00000000e1880000)
  from space 1088K,  71% used [0x00000000e1990000, 0x00000000e1a52c78, 0x00000000e1aa0000)
  to   space 1088K,   0% used [0x00000000e1880000, 0x00000000e1880000, 0x00000000e1990000)
 concurrent mark-sweep generation total 118492K, used 68164K [0x00000000eb4a0000, 0x00000000f2857000, 0x0000000100000000)
 Metaspace       used 95806K, capacity 100027K, committed 100352K, reserved 1136640K
  class space    used 11686K, capacity 12460K, committed 12544K, reserved 1048576K
2019-06-25T18:15:36.722+0000: 381756.631: [GC (Allocation Failure) 2019-06-25T18:15:36.722+0000: 381756.632: [ParNew: 9483K->631K(9792K), 0.0031183 secs] 77647K->68795K(128284K), 0.0038221 secs] [Times: user=0.00 sys=0.00, real=0.00 secs] 
Heap after GC invocations=5424 (full 149):
 par new generation   total 9792K, used 631K [0x00000000e1000000, 0x00000000e1aa0000, 0x00000000eb4a0000)
  eden space 8704K,   0% used [0x00000000e1000000, 0x00000000e1000000, 0x00000000e1880000)
  from space 1088K,  58% used [0x00000000e1880000, 0x00000000e191de78, 0x00000000e1990000)
  to   space 1088K,   0% used [0x00000000e1990000, 0x00000000e1990000, 0x00000000e1aa0000)
 concurrent mark-sweep generation total 118492K, used 68164K [0x00000000eb4a0000, 0x00000000f2857000, 0x0000000100000000)
 Metaspace       used 95806K, capacity 100027K, committed 100352K, reserved 1136640K
  class space    used 11686K, capacity 12460K, committed 12544K, reserved 1048576K
}
2019-06-25T18:17:15.162+0000: 381855.072: Application time: 98.4356466 seconds
{Heap before GC invocations=5424 (full 149):
 par new generation   total 9792K, used 9335K [0x00000000e1000000, 0x00000000e1aa0000, 0x00000000eb4a0000)
  eden space 8704K, 100% used [0x00000000e1000000, 0x00000000e1880000, 0x00000000e1880000)
  from space 1088K,  58% used [0x00000000e1880000, 0x00000000e191de78, 0x00000000e1990000)
  to   space 1088K,   0% used [0x00000000e1990000, 0x00000000e1990000, 0x00000000e1aa0000)
 concurrent mark-sweep generation total 118492K, used 68164K [0x00000000eb4a0000, 0x00000000f2857000, 0x0000000100000000)
 Metaspace       used 95806K, capacity 100027K, committed 100352K, reserved 1136640K
  class space    used 11686K, capacity 12460K, committed 12544K, reserved 1048576K
2019-06-25T18:17:15.163+0000: 381855.072: [GC (Allocation Failure) 2019-06-25T18:17:15.163+0000: 381855.073: [ParNew: 9335K->654K(9792K), 0.0031000 secs] 77499K->68818K(128284K), 0.0039092 secs] [Times: user=0.01 sys=0.00, real=0.00 secs] 
Heap after GC invocations=5425 (full 149):
 par new generation   total 9792K, used 654K [0x00000000e1000000, 0x00000000e1aa0000, 0x00000000eb4a0000)
  eden space 8704K,   0% used [0x00000000e1000000, 0x00000000e1000000, 0x00000000e1880000)
  from space 1088K,  60% used [0x00000000e1990000, 0x00000000e1a33820, 0x00000000e1aa0000)
  to   space 1088K,   0% used [0x00000000e1880000, 0x00000000e1880000, 0x00000000e1990000)
 concurrent mark-sweep generation total 118492K, used 68164K [0x00000000eb4a0000, 0x00000000f2857000, 0x0000000100000000)
 Metaspace       used 95806K, capacity 100027K, committed 100352K, reserved 1136640K
  class space    used 11686K, capacity 12460K, committed 12544K, reserved 1048576K
}
2019-06-25T18:18:57.209+0000: 381957.118: Application time: 102.0412609 seconds
{Heap before GC invocations=5425 (full 149):
 par new generation   total 9792K, used 9358K [0x00000000e1000000, 0x00000000e1aa0000, 0x00000000eb4a0000)
  eden space 8704K, 100% used [0x00000000e1000000, 0x00000000e1880000, 0x00000000e1880000)
  from space 1088K,  60% used [0x00000000e1990000, 0x00000000e1a33820, 0x00000000e1aa0000)
  to   space 1088K,   0% used [0x00000000e1880000, 0x00000000e1880000, 0x00000000e1990000)
 concurrent mark-sweep generation total 118492K, used 68164K [0x00000000eb4a0000, 0x00000000f2857000, 0x0000000100000000)
 Metaspace       used 95806K, capacity 100027K, committed 100352K, reserved 1136640K
  class space    used 11686K, capacity 12460K, committed 12544K, reserved 1048576K
2019-06-25T18:18:57.209+0000: 381957.119: [GC (Allocation Failure) 2019-06-25T18:18:57.210+0000: 381957.120: [ParNew: 9358K->541K(9792K), 0.0033255 secs] 77522K->68729K(128284K), 0.0044998 secs] [Times: user=0.01 sys=0.00, real=0.00 secs] 
Heap after GC invocations=5426 (full 149):
 par new generation   total 9792K, used 541K [0x00000000e1000000, 0x00000000e1aa0000, 0x00000000eb4a0000)
  eden space 8704K,   0% used [0x00000000e1000000, 0x00000000e1000000, 0x00000000e1880000)
  from space 1088K,  49% used [0x00000000e1880000, 0x00000000e1907478, 0x00000000e1990000)
  to   space 1088K,   0% used [0x00000000e1990000, 0x00000000e1990000, 0x00000000e1aa0000)
 concurrent mark-sweep generation total 118492K, used 68188K [0x00000000eb4a0000, 0x00000000f2857000, 0x0000000100000000)
 Metaspace       used 95806K, capacity 100027K, committed 100352K, reserved 1136640K
  class space    used 11686K, capacity 12460K, committed 12544K, reserved 1048576K
}
2019-06-25T18:19:10.147+0000: 381970.057: Application time: 12.9323610 seconds
2019-06-25T18:19:25.428+0000: 381985.338: Application time: 15.2802668 seconds
2019-06-25T18:19:25.626+0000: 381985.535: Application time: 0.1971707 seconds
2019-06-25T18:20:42.448+0000: 382062.358: Application time: 76.8223731 seconds
{Heap before GC invocations=5426 (full 149):
 par new generation   total 9792K, used 9245K [0x00000000e1000000, 0x00000000e1aa0000, 0x00000000eb4a0000)
  eden space 8704K, 100% used [0x00000000e1000000, 0x00000000e1880000, 0x00000000e1880000)
  from space 1088K,  49% used [0x00000000e1880000, 0x00000000e1907478, 0x00000000e1990000)
  to   space 1088K,   0% used [0x00000000e1990000, 0x00000000e1990000, 0x00000000e1aa0000)
 concurrent mark-sweep generation total 118492K, used 68188K [0x00000000eb4a0000, 0x00000000f2857000, 0x0000000100000000)
 Metaspace       used 95806K, capacity 100027K, committed 100352K, reserved 1136640K
  class space    used 11686K, capacity 12460K, committed 12544K, reserved 1048576K
2019-06-25T18:20:42.449+0000: 382062.359: [GC (Allocation Failure) 2019-06-25T18:20:42.449+0000: 382062.359: [ParNew: 9245K->614K(9792K), 0.0034517 secs] 77433K->68803K(128284K), 0.0049684 secs] [Times: user=0.01 sys=0.00, real=0.00 secs] 
Heap after GC invocations=5427 (full 149):
 par new generation   total 9792K, used 614K [0x00000000e1000000, 0x00000000e1aa0000, 0x00000000eb4a0000)
  eden space 8704K,   0% used [0x00000000e1000000, 0x00000000e1000000, 0x00000000e1880000)
  from space 1088K,  56% used [0x00000000e1990000, 0x00000000e1a29be8, 0x00000000e1aa0000)
  to   space 1088K,   0% used [0x00000000e1880000, 0x00000000e1880000, 0x00000000e1990000)
 concurrent mark-sweep generation total 118492K, used 68188K [0x00000000eb4a0000, 0x00000000f2857000, 0x0000000100000000)
 Metaspace       used 95806K, capacity 100027K, committed 100352K, reserved 1136640K
  class space    used 11686K, capacity 12460K, committed 12544K, reserved 1048576K
}
2019-06-25T18:22:20.076+0000: 382159.986: Application time: 97.6212015 seconds
{Heap before GC invocations=5427 (full 149):
 par new generation   total 9792K, used 9318K [0x00000000e1000000, 0x00000000e1aa0000, 0x00000000eb4a0000)
  eden space 8704K, 100% used [0x00000000e1000000, 0x00000000e1880000, 0x00000000e1880000)
  from space 1088K,  56% used [0x00000000e1990000, 0x00000000e1a29be8, 0x00000000e1aa0000)
  to   space 1088K,   0% used [0x00000000e1880000, 0x00000000e1880000, 0x00000000e1990000)
 concurrent mark-sweep generation total 118492K, used 68188K [0x00000000eb4a0000, 0x00000000f2857000, 0x0000000100000000)
 Metaspace       used 95806K, capacity 100027K, committed 100352K, reserved 1136640K
  class space    used 11686K, capacity 12460K, committed 12544K, reserved 1048576K
2019-06-25T18:22:20.077+0000: 382159.987: [GC (Allocation Failure) 2019-06-25T18:22:20.077+0000: 382159.987: [ParNew: 9318K->556K(9792K), 0.0033173 secs] 77507K->68745K(128284K), 0.0041718 secs] [Times: user=0.00 sys=0.00, real=0.01 secs] 
Heap after GC invocations=5428 (full 149):
 par new generation   total 9792K, used 556K [0x00000000e1000000, 0x00000000e1aa0000, 0x00000000eb4a0000)
  eden space 8704K,   0% used [0x00000000e1000000, 0x00000000e1000000, 0x00000000e1880000)
  from space 1088K,  51% used [0x00000000e1880000, 0x00000000e190b360, 0x00000000e1990000)
  to   space 1088K,   0% used [0x00000000e1990000, 0x00000000e1990000, 0x00000000e1aa0000)
 concurrent mark-sweep generation total 118492K, used 68188K [0x00000000eb4a0000, 0x00000000f2857000, 0x0000000100000000)
 Metaspace       used 95806K, capacity 100027K, committed 100352K, reserved 1136640K
  class space    used 11686K, capacity 12460K, committed 12544K, reserved 1048576K
}
2019-06-25T18:24:02.962+0000: 382262.872: Application time: 102.8804202 seconds
{Heap before GC invocations=5428 (full 149):
 par new generation   total 9792K, used 9260K [0x00000000e1000000, 0x00000000e1aa0000, 0x00000000eb4a0000)
  eden space 8704K, 100% used [0x00000000e1000000, 0x00000000e1880000, 0x00000000e1880000)
  from space 1088K,  51% used [0x00000000e1880000, 0x00000000e190b360, 0x00000000e1990000)
  to   space 1088K,   0% used [0x00000000e1990000, 0x00000000e1990000, 0x00000000e1aa0000)
 concurrent mark-sweep generation total 118492K, used 68188K [0x00000000eb4a0000, 0x00000000f2857000, 0x0000000100000000)
 Metaspace       used 95806K, capacity 100027K, committed 100352K, reserved 1136640K
  class space    used 11686K, capacity 12460K, committed 12544K, reserved 1048576K
2019-06-25T18:24:02.964+0000: 382262.874: [GC (Allocation Failure) 2019-06-25T18:24:02.964+0000: 382262.874: [ParNew: 9260K->644K(9792K), 0.0032999 secs] 77449K->68833K(128284K), 0.0041535 secs] [Times: user=0.00 sys=0.01, real=0.01 secs] 
Heap after GC invocations=5429 (full 149):
 par new generation   total 9792K, used 644K [0x00000000e1000000, 0x00000000e1aa0000, 0x00000000eb4a0000)
  eden space 8704K,   0% used [0x00000000e1000000, 0x00000000e1000000, 0x00000000e1880000)
  from space 1088K,  59% used [0x00000000e1990000, 0x00000000e1a31398, 0x00000000e1aa0000)
  to   space 1088K,   0% used [0x00000000e1880000, 0x00000000e1880000, 0x00000000e1990000)
 concurrent mark-sweep generation total 118492K, used 68188K [0x00000000eb4a0000, 0x00000000f2857000, 0x0000000100000000)
 Metaspace       used 95806K, capacity 100027K, committed 100352K, reserved 1136640K
  class space    used 11686K, capacity 12460K, committed 12544K, reserved 1048576K
}
2019-06-25T18:24:10.172+0000: 382270.081: Application time: 7.2026918 seconds
2019-06-25T18:24:29.362+0000: 382289.272: Application time: 19.1900933 seconds
2019-06-25T18:24:33.197+0000: 382293.107: Application time: 3.8165880 seconds
2019-06-25T18:24:33.198+0000: 382293.107: Application time: 0.0001331 seconds
2019-06-25T18:24:33.198+0000: 382293.108: Application time: 0.0000437 seconds
2019-06-25T18:24:33.198+0000: 382293.108: Application time: 0.0000494 seconds
2019-06-25T18:24:37.582+0000: 382297.492: Application time: 4.3839050 seconds
2019-06-25T18:24:37.605+0000: 382297.515: Application time: 0.0226649 seconds
2019-06-25T18:24:40.203+0000: 382300.113: Application time: 2.5970135 seconds
2019-06-25T18:24:40.203+0000: 382300.113: Application time: 0.0000681 seconds
2019-06-25T18:24:40.204+0000: 382300.113: Application time: 0.0001827 seconds
2019-06-25T18:24:40.204+0000: 382300.114: Application time: 0.0000483 seconds
2019-06-25T18:24:43.545+0000: 382303.455: Application time: 3.3411830 seconds
2019-06-25T18:24:49.738+0000: 382309.648: Application time: 6.1928123 seconds
2019-06-25T18:24:49.740+0000: 382309.649: Application time: 0.0007352 seconds
2019-06-25T18:24:49.744+0000: 382309.654: Application time: 0.0001383 seconds
2019-06-25T18:24:49.744+0000: 382309.654: Application time: 0.0001498 seconds
2019-06-25T18:24:49.744+0000: 382309.655: Application time: 0.0008749 seconds
2019-06-25T18:24:49.745+0000: 382309.655: Application time: 0.0000782 seconds
2019-06-25T18:24:49.749+0000: 382309.658: Application time: 0.0028062 seconds
{Heap before GC invocations=5429 (full 149):
 par new generation   total 9792K, used 9348K [0x00000000e1000000, 0x00000000e1aa0000, 0x00000000eb4a0000)
  eden space 8704K,  99% used [0x00000000e1000000, 0x00000000e187fd10, 0x00000000e1880000)
  from space 1088K,  59% used [0x00000000e1990000, 0x00000000e1a31398, 0x00000000e1aa0000)
  to   space 1088K,   0% used [0x00000000e1880000, 0x00000000e1880000, 0x00000000e1990000)
 concurrent mark-sweep generation total 118492K, used 68188K [0x00000000eb4a0000, 0x00000000f2857000, 0x0000000100000000)
 Metaspace       used 95817K, capacity 100045K, committed 100352K, reserved 1136640K
  class space    used 11688K, capacity 12463K, committed 12544K, reserved 1048576K
2019-06-25T18:24:49.749+0000: 382309.659: [GC (Allocation Failure) 2019-06-25T18:24:49.749+0000: 382309.659: [ParNew: 9348K->884K(9792K), 0.0117417 secs] 77536K->69075K(128284K), 0.0126409 secs] [Times: user=0.02 sys=0.00, real=0.01 secs] 
Heap after GC invocations=5430 (full 149):
 par new generation   total 9792K, used 884K [0x00000000e1000000, 0x00000000e1aa0000, 0x00000000eb4a0000)
  eden space 8704K,   0% used [0x00000000e1000000, 0x00000000e1000000, 0x00000000e1880000)
  from space 1088K,  81% used [0x00000000e1880000, 0x00000000e195d1b0, 0x00000000e1990000)
  to   space 1088K,   0% used [0x00000000e1990000, 0x00000000e1990000, 0x00000000e1aa0000)
 concurrent mark-sweep generation total 118492K, used 68191K [0x00000000eb4a0000, 0x00000000f2857000, 0x0000000100000000)
 Metaspace       used 95817K, capacity 100045K, committed 100352K, reserved 1136640K
  class space    used 11688K, capacity 12463K, committed 12544K, reserved 1048576K
}
2019-06-25T18:24:50.212+0000: 382310.122: Application time: 0.4494684 seconds
2019-06-25T18:24:50.212+0000: 382310.122: Application time: 0.0000734 seconds
2019-06-25T18:24:50.213+0000: 382310.122: Application time: 0.0000666 seconds
2019-06-25T18:24:50.213+0000: 382310.123: Application time: 0.0001080 seconds
2019-06-25T18:24:50.214+0000: 382310.124: Application time: 0.0001954 seconds
2019-06-25T18:24:54.746+0000: 382314.656: Application time: 4.5321922 seconds
2019-06-25T18:24:54.785+0000: 382314.694: Application time: 0.0380590 seconds
2019-06-25T18:25:00.497+0000: 382320.407: Application time: 5.7124958 seconds
2019-06-25T18:25:01.223+0000: 382321.133: Application time: 0.7251247 seconds
2019-06-25T18:25:01.225+0000: 382321.134: Application time: 0.0000630 seconds
2019-06-25T18:25:01.225+0000: 382321.135: Application time: 0.0000556 seconds
2019-06-25T18:25:01.225+0000: 382321.135: Application time: 0.0000944 seconds
2019-06-25T18:25:01.225+0000: 382321.135: Application time: 0.0000805 seconds
2019-06-25T18:25:05.498+0000: 382325.408: Application time: 4.2727856 seconds
2019-06-25T18:25:05.523+0000: 382325.433: Application time: 0.0241991 seconds
2019-06-25T18:25:10.201+0000: 382330.111: Application time: 4.6776023 seconds
2019-06-25T18:25:10.201+0000: 382330.111: Application time: 0.0000642 seconds
2019-06-25T18:25:10.201+0000: 382330.112: Application time: 0.0005297 seconds
2019-06-25T18:25:10.202+0000: 382330.112: Application time: 0.0000591 seconds
2019-06-25T18:25:10.202+0000: 382330.112: Application time: 0.0000612 seconds
2019-06-25T18:25:12.234+0000: 382332.144: Application time: 2.0316295 seconds
2019-06-25T18:25:12.234+0000: 382332.144: Application time: 0.0000703 seconds
2019-06-25T18:25:12.235+0000: 382332.145: Application time: 0.0000687 seconds
2019-06-25T18:25:12.235+0000: 382332.145: Application time: 0.0000737 seconds
2019-06-25T18:25:12.235+0000: 382332.145: Application time: 0.0000720 seconds
2019-06-25T18:25:12.236+0000: 382332.146: Application time: 0.0000702 seconds
2019-06-25T18:25:12.236+0000: 382332.146: Application time: 0.0000998 seconds
2019-06-25T18:25:12.236+0000: 382332.146: Application time: 0.0000609 seconds
2019-06-25T18:25:12.236+0000: 382332.146: Application time: 0.0001636 seconds
2019-06-25T18:25:12.702+0000: 382332.612: Application time: 0.4656221 seconds
2019-06-25T18:25:12.704+0000: 382332.614: Application time: 0.0020762 seconds
2019-06-25T18:25:13.548+0000: 382333.457: Application time: 0.8428725 seconds
2019-06-25T18:25:13.548+0000: 382333.458: Application time: 0.0001296 seconds
2019-06-25T18:25:13.548+0000: 382333.458: Application time: 0.0001416 seconds
2019-06-25T18:25:13.549+0000: 382333.458: Application time: 0.0001404 seconds
2019-06-25T18:25:13.549+0000: 382333.459: Application time: 0.0001856 seconds
2019-06-25T18:25:13.550+0000: 382333.460: Application time: 0.0011812 seconds
2019-06-25T18:25:16.322+0000: 382336.232: Application time: 2.7716356 seconds
2019-06-25T18:25:16.346+0000: 382336.256: Application time: 0.0239218 seconds
2019-06-25T18:25:19.242+0000: 382339.152: Application time: 2.8956496 seconds
{Heap before GC invocations=5430 (full 149):
 par new generation   total 9792K, used 9588K [0x00000000e1000000, 0x00000000e1aa0000, 0x00000000eb4a0000)
  eden space 8704K, 100% used [0x00000000e1000000, 0x00000000e1880000, 0x00000000e1880000)
  from space 1088K,  81% used [0x00000000e1880000, 0x00000000e195d1b0, 0x00000000e1990000)
  to   space 1088K,   0% used [0x00000000e1990000, 0x00000000e1990000, 0x00000000e1aa0000)
 concurrent mark-sweep generation total 118492K, used 68191K [0x00000000eb4a0000, 0x00000000f2857000, 0x0000000100000000)
 Metaspace       used 95817K, capacity 100045K, committed 100352K, reserved 1136640K
  class space    used 11688K, capacity 12463K, committed 12544K, reserved 1048576K
2019-06-25T18:25:19.243+0000: 382339.153: [GC (Allocation Failure) 2019-06-25T18:25:19.243+0000: 382339.153: [ParNew: 9588K->994K(9792K), 0.0043891 secs] 77779K->69374K(128284K), 0.0053759 secs] [Times: user=0.01 sys=0.00, real=0.01 secs] 
Heap after GC invocations=5431 (full 149):
 par new generation   total 9792K, used 994K [0x00000000e1000000, 0x00000000e1aa0000, 0x00000000eb4a0000)
  eden space 8704K,   0% used [0x00000000e1000000, 0x00000000e1000000, 0x00000000e1880000)
  from space 1088K,  91% used [0x00000000e1990000, 0x00000000e1a888e0, 0x00000000e1aa0000)
  to   space 1088K,   0% used [0x00000000e1880000, 0x00000000e1880000, 0x00000000e1990000)
 concurrent mark-sweep generation total 118492K, used 68379K [0x00000000eb4a0000, 0x00000000f2857000, 0x0000000100000000)
 Metaspace       used 95817K, capacity 100045K, committed 100352K, reserved 1136640K
  class space    used 11688K, capacity 12463K, committed 12544K, reserved 1048576K
}
2019-06-25T18:25:32.261+0000: 382352.171: Application time: 13.0122625 seconds
2019-06-25T18:25:32.263+0000: 382352.173: Application time: 0.0000645 seconds
2019-06-25T18:25:32.263+0000: 382352.173: Application time: 0.0000614 seconds
2019-06-25T18:25:32.263+0000: 382352.173: Application time: 0.0000580 seconds
2019-06-25T18:25:32.264+0000: 382352.174: Application time: 0.0000808 seconds
2019-06-25T18:25:32.264+0000: 382352.174: Application time: 0.0000611 seconds
2019-06-25T18:25:32.265+0000: 382352.175: Application time: 0.0000911 seconds
2019-06-25T18:25:32.265+0000: 382352.175: Application time: 0.0000861 seconds
2019-06-25T18:25:36.418+0000: 382356.328: Application time: 4.1529576 seconds
2019-06-25T18:25:36.444+0000: 382356.354: Application time: 0.0258067 seconds
2019-06-25T18:25:43.553+0000: 382363.462: Application time: 7.1082908 seconds
2019-06-25T18:25:43.553+0000: 382363.463: Application time: 0.0001676 seconds
2019-06-25T18:26:10.701+0000: 382390.611: Application time: 27.1476473 seconds
2019-06-25T18:26:39.131+0000: 382419.040: Application time: 28.4292991 seconds
{Heap before GC invocations=5431 (full 149):
 par new generation   total 9792K, used 9698K [0x00000000e1000000, 0x00000000e1aa0000, 0x00000000eb4a0000)
  eden space 8704K, 100% used [0x00000000e1000000, 0x00000000e1880000, 0x00000000e1880000)
  from space 1088K,  91% used [0x00000000e1990000, 0x00000000e1a888e0, 0x00000000e1aa0000)
  to   space 1088K,   0% used [0x00000000e1880000, 0x00000000e1880000, 0x00000000e1990000)
 concurrent mark-sweep generation total 118492K, used 68379K [0x00000000eb4a0000, 0x00000000f2857000, 0x0000000100000000)
 Metaspace       used 95817K, capacity 100045K, committed 100352K, reserved 1136640K
  class space    used 11688K, capacity 12463K, committed 12544K, reserved 1048576K
2019-06-25T18:26:39.131+0000: 382419.041: [GC (Allocation Failure) 2019-06-25T18:26:39.132+0000: 382419.041: [ParNew: 9698K->781K(9792K), 0.0038740 secs] 78078K->69590K(128284K), 0.0046792 secs] [Times: user=0.01 sys=0.00, real=0.00 secs] 
Heap after GC invocations=5432 (full 149):
 par new generation   total 9792K, used 781K [0x00000000e1000000, 0x00000000e1aa0000, 0x00000000eb4a0000)
  eden space 8704K,   0% used [0x00000000e1000000, 0x00000000e1000000, 0x00000000e1880000)
  from space 1088K,  71% used [0x00000000e1880000, 0x00000000e19435d8, 0x00000000e1990000)
  to   space 1088K,   0% used [0x00000000e1990000, 0x00000000e1990000, 0x00000000e1aa0000)
 concurrent mark-sweep generation total 118492K, used 68809K [0x00000000eb4a0000, 0x00000000f2857000, 0x0000000100000000)
 Metaspace       used 95817K, capacity 100045K, committed 100352K, reserved 1136640K
  class space    used 11688K, capacity 12463K, committed 12544K, reserved 1048576K
}
2019-06-25T18:27:20.358+0000: 382460.268: Application time: 41.2215239 seconds
2019-06-25T18:27:20.359+0000: 382460.268: Application time: 0.0000630 seconds
2019-06-25T18:27:20.359+0000: 382460.269: Application time: 0.0000616 seconds
2019-06-25T18:27:20.359+0000: 382460.269: Application time: 0.0000664 seconds
2019-06-25T18:27:20.360+0000: 382460.270: Application time: 0.0000646 seconds
2019-06-25T18:27:20.360+0000: 382460.270: Application time: 0.0000600 seconds
2019-06-25T18:27:20.361+0000: 382460.270: Application time: 0.0001333 seconds
2019-06-25T18:27:20.361+0000: 382460.271: Application time: 0.0001252 seconds
2019-06-25T18:27:22.581+0000: 382462.491: Application time: 2.2195737 seconds
2019-06-25T18:27:22.581+0000: 382462.491: Application time: 0.0000894 seconds
2019-06-25T18:27:23.364+0000: 382463.274: Application time: 0.7822994 seconds
2019-06-25T18:27:23.366+0000: 382463.276: Application time: 0.0000887 seconds
2019-06-25T18:27:23.366+0000: 382463.276: Application time: 0.0001676 seconds
2019-06-25T18:27:23.367+0000: 382463.276: Application time: 0.0001913 seconds
2019-06-25T18:27:23.367+0000: 382463.277: Application time: 0.0002853 seconds
2019-06-25T18:27:23.367+0000: 382463.277: Application time: 0.0001537 seconds
2019-06-25T18:27:23.368+0000: 382463.277: Application time: 0.0001763 seconds
2019-06-25T18:27:23.368+0000: 382463.279: Application time: 0.0009203 seconds
2019-06-25T18:27:23.369+0000: 382463.279: Application time: 0.0001627 seconds
2019-06-25T18:27:27.372+0000: 382467.281: Application time: 4.0023831 seconds
{Heap before GC invocations=5432 (full 149):
 par new generation   total 9792K, used 9485K [0x00000000e1000000, 0x00000000e1aa0000, 0x00000000eb4a0000)
  eden space 8704K, 100% used [0x00000000e1000000, 0x00000000e1880000, 0x00000000e1880000)
  from space 1088K,  71% used [0x00000000e1880000, 0x00000000e19435d8, 0x00000000e1990000)
  to   space 1088K,   0% used [0x00000000e1990000, 0x00000000e1990000, 0x00000000e1aa0000)
 concurrent mark-sweep generation total 118492K, used 68809K [0x00000000eb4a0000, 0x00000000f2857000, 0x0000000100000000)
 Metaspace       used 95817K, capacity 100045K, committed 100352K, reserved 1136640K
  class space    used 11688K, capacity 12463K, committed 12544K, reserved 1048576K
2019-06-25T18:27:27.372+0000: 382467.282: [GC (Allocation Failure) 2019-06-25T18:27:27.373+0000: 382467.282: [ParNew: 9485K->942K(9792K), 0.0033805 secs] 78294K->69751K(128284K), 0.0045287 secs] [Times: user=0.00 sys=0.00, real=0.00 secs] 
Heap after GC invocations=5433 (full 149):
 par new generation   total 9792K, used 942K [0x00000000e1000000, 0x00000000e1aa0000, 0x00000000eb4a0000)
  eden space 8704K,   0% used [0x00000000e1000000, 0x00000000e1000000, 0x00000000e1880000)
  from space 1088K,  86% used [0x00000000e1990000, 0x00000000e1a7ba40, 0x00000000e1aa0000)
  to   space 1088K,   0% used [0x00000000e1880000, 0x00000000e1880000, 0x00000000e1990000)
 concurrent mark-sweep generation total 118492K, used 68809K [0x00000000eb4a0000, 0x00000000f2857000, 0x0000000100000000)
 Metaspace       used 95817K, capacity 100045K, committed 100352K, reserved 1136640K
  class space    used 11688K, capacity 12463K, committed 12544K, reserved 1048576K
}
2019-06-25T18:27:27.582+0000: 382467.492: Application time: 0.2050984 seconds
2019-06-25T18:27:27.607+0000: 382467.517: Application time: 0.0241786 seconds
2019-06-25T18:28:05.540+0000: 382505.449: Application time: 37.9324987 seconds
2019-06-25T18:28:10.706+0000: 382510.616: Application time: 5.1658765 seconds
2019-06-25T18:29:05.808+0000: 382565.718: Application time: 55.1015278 seconds
{Heap before GC invocations=5433 (full 149):
 par new generation   total 9792K, used 9626K [0x00000000e1000000, 0x00000000e1aa0000, 0x00000000eb4a0000)
  eden space 8704K,  99% used [0x00000000e1000000, 0x00000000e187b0f8, 0x00000000e1880000)
  from space 1088K,  86% used [0x00000000e1990000, 0x00000000e1a7ba40, 0x00000000e1aa0000)
  to   space 1088K,   0% used [0x00000000e1880000, 0x00000000e1880000, 0x00000000e1990000)
 concurrent mark-sweep generation total 118492K, used 68809K [0x00000000eb4a0000, 0x00000000f2857000, 0x0000000100000000)
 Metaspace       used 95817K, capacity 100045K, committed 100352K, reserved 1136640K
  class space    used 11688K, capacity 12463K, committed 12544K, reserved 1048576K
2019-06-25T18:29:05.809+0000: 382565.719: [GC (Allocation Failure) 2019-06-25T18:29:05.809+0000: 382565.719: [ParNew: 9626K->841K(9792K), 0.0045856 secs] 78435K->69970K(128284K), 0.0055335 secs] [Times: user=0.00 sys=0.01, real=0.00 secs] 
Heap after GC invocations=5434 (full 149):
 par new generation   total 9792K, used 841K [0x00000000e1000000, 0x00000000e1aa0000, 0x00000000eb4a0000)
  eden space 8704K,   0% used [0x00000000e1000000, 0x00000000e1000000, 0x00000000e1880000)
  from space 1088K,  77% used [0x00000000e1880000, 0x00000000e19525c8, 0x00000000e1990000)
  to   space 1088K,   0% used [0x00000000e1990000, 0x00000000e1990000, 0x00000000e1aa0000)
 concurrent mark-sweep generation total 118492K, used 69128K [0x00000000eb4a0000, 0x00000000f2857000, 0x0000000100000000)
 Metaspace       used 95817K, capacity 100045K, committed 100352K, reserved 1136640K
  class space    used 11688K, capacity 12463K, committed 12544K, reserved 1048576K
}
2019-06-25T18:29:06.463+0000: 382566.373: Application time: 0.6478818 seconds
2019-06-25T18:29:06.463+0000: 382566.373: Application time: 0.0000589 seconds
2019-06-25T18:29:06.464+0000: 382566.374: Application time: 0.0000661 seconds
2019-06-25T18:29:06.464+0000: 382566.374: Application time: 0.0000598 seconds
2019-06-25T18:29:06.465+0000: 382566.374: Application time: 0.0000586 seconds
2019-06-25T18:29:06.465+0000: 382566.375: Application time: 0.0000581 seconds
2019-06-25T18:29:06.465+0000: 382566.375: Application time: 0.0000607 seconds
2019-06-25T18:29:06.465+0000: 382566.375: Application time: 0.0000923 seconds
2019-06-25T18:29:06.465+0000: 382566.375: Application time: 0.0001723 seconds
2019-06-25T18:29:10.197+0000: 382570.106: Application time: 3.7310476 seconds
2019-06-25T18:29:10.207+0000: 382570.117: Application time: 0.0102943 seconds
2019-06-25T18:29:10.208+0000: 382570.117: Application time: 0.0001544 seconds
2019-06-25T18:29:10.805+0000: 382570.715: Application time: 0.5971339 seconds
2019-06-25T18:29:10.838+0000: 382570.748: Application time: 0.0328416 seconds
2019-06-25T18:29:13.576+0000: 382573.486: Application time: 2.7379060 seconds
2019-06-25T18:30:25.532+0000: 382645.442: Application time: 71.9558116 seconds
{Heap before GC invocations=5434 (full 149):
 par new generation   total 9792K, used 9545K [0x00000000e1000000, 0x00000000e1aa0000, 0x00000000eb4a0000)
  eden space 8704K, 100% used [0x00000000e1000000, 0x00000000e1880000, 0x00000000e1880000)
  from space 1088K,  77% used [0x00000000e1880000, 0x00000000e19525c8, 0x00000000e1990000)
  to   space 1088K,   0% used [0x00000000e1990000, 0x00000000e1990000, 0x00000000e1aa0000)
 concurrent mark-sweep generation total 118492K, used 69128K [0x00000000eb4a0000, 0x00000000f2857000, 0x0000000100000000)
 Metaspace       used 95817K, capacity 100045K, committed 100352K, reserved 1136640K
  class space    used 11688K, capacity 12463K, committed 12544K, reserved 1048576K
2019-06-25T18:30:25.533+0000: 382645.443: [GC (Allocation Failure) 2019-06-25T18:30:25.534+0000: 382645.444: [ParNew: 9545K->834K(9792K), 0.0339760 secs] 78674K->70119K(128284K), 0.0350308 secs] [Times: user=0.07 sys=0.00, real=0.04 secs] 
Heap after GC invocations=5435 (full 149):
 par new generation   total 9792K, used 834K [0x00000000e1000000, 0x00000000e1aa0000, 0x00000000eb4a0000)
  eden space 8704K,   0% used [0x00000000e1000000, 0x00000000e1000000, 0x00000000e1880000)
  from space 1088K,  76% used [0x00000000e1990000, 0x00000000e1a60a80, 0x00000000e1aa0000)
  to   space 1088K,   0% used [0x00000000e1880000, 0x00000000e1880000, 0x00000000e1990000)
 concurrent mark-sweep generation total 118492K, used 69285K [0x00000000eb4a0000, 0x00000000f2857000, 0x0000000100000000)
 Metaspace       used 95817K, capacity 100045K, committed 100352K, reserved 1136640K
  class space    used 11688K, capacity 12463K, committed 12544K, reserved 1048576K
}
2019-06-25T18:30:43.586+0000: 382663.495: Application time: 18.0164266 seconds
2019-06-25T18:30:43.586+0000: 382663.496: Application time: 0.0001126 seconds
2019-06-25T18:30:43.586+0000: 382663.496: Application time: 0.0000569 seconds
2019-06-25T18:30:43.587+0000: 382663.496: Application time: 0.0000457 seconds
2019-06-25T18:30:43.588+0000: 382663.498: Application time: 0.0000750 seconds
2019-06-25T18:30:43.588+0000: 382663.498: Application time: 0.0000606 seconds
2019-06-25T18:30:43.588+0000: 382663.498: Application time: 0.0000705 seconds
2019-06-25T18:30:43.589+0000: 382663.499: Application time: 0.0002118 seconds
2019-06-25T18:30:43.589+0000: 382663.499: Application time: 0.0001102 seconds
2019-06-25T18:31:34.971+0000: 382714.881: Application time: 51.3516226 seconds
2019-06-25T18:31:34.997+0000: 382714.907: Application time: 0.0261066 seconds
2019-06-25T18:31:42.738+0000: 382722.648: Application time: 7.7402470 seconds
{Heap before GC invocations=5435 (full 149):
 par new generation   total 9792K, used 9538K [0x00000000e1000000, 0x00000000e1aa0000, 0x00000000eb4a0000)
  eden space 8704K, 100% used [0x00000000e1000000, 0x00000000e1880000, 0x00000000e1880000)
  from space 1088K,  76% used [0x00000000e1990000, 0x00000000e1a60a80, 0x00000000e1aa0000)
  to   space 1088K,   0% used [0x00000000e1880000, 0x00000000e1880000, 0x00000000e1990000)
 concurrent mark-sweep generation total 118492K, used 69285K [0x00000000eb4a0000, 0x00000000f2857000, 0x0000000100000000)
 Metaspace       used 95817K, capacity 100045K, committed 100352K, reserved 1136640K
  class space    used 11688K, capacity 12463K, committed 12544K, reserved 1048576K
2019-06-25T18:31:42.739+0000: 382722.649: [GC (Allocation Failure) 2019-06-25T18:31:42.739+0000: 382722.649: [ParNew: 9538K->834K(9792K), 0.0036666 secs] 78823K->70119K(128284K), 0.0044026 secs] [Times: user=0.00 sys=0.00, real=0.00 secs] 
Heap after GC invocations=5436 (full 149):
 par new generation   total 9792K, used 834K [0x00000000e1000000, 0x00000000e1aa0000, 0x00000000eb4a0000)
  eden space 8704K,   0% used [0x00000000e1000000, 0x00000000e1000000, 0x00000000e1880000)
  from space 1088K,  76% used [0x00000000e1880000, 0x00000000e1950920, 0x00000000e1990000)
  to   space 1088K,   0% used [0x00000000e1990000, 0x00000000e1990000, 0x00000000e1aa0000)
 concurrent mark-sweep generation total 118492K, used 69285K [0x00000000eb4a0000, 0x00000000f2857000, 0x0000000100000000)
 Metaspace       used 95817K, capacity 100045K, committed 100352K, reserved 1136640K
  class space    used 11688K, capacity 12463K, committed 12544K, reserved 1048576K
}
2019-06-25T18:31:43.624+0000: 382723.534: Application time: 0.8800182 seconds
2019-06-25T18:31:43.626+0000: 382723.535: Application time: 0.0013362 seconds
2019-06-25T18:33:22.476+0000: 382822.386: Application time: 98.8502250 seconds
{Heap before GC invocations=5436 (full 149):
 par new generation   total 9792K, used 9538K [0x00000000e1000000, 0x00000000e1aa0000, 0x00000000eb4a0000)
  eden space 8704K, 100% used [0x00000000e1000000, 0x00000000e1880000, 0x00000000e1880000)
  from space 1088K,  76% used [0x00000000e1880000, 0x00000000e1950920, 0x00000000e1990000)
  to   space 1088K,   0% used [0x00000000e1990000, 0x00000000e1990000, 0x00000000e1aa0000)
 concurrent mark-sweep generation total 118492K, used 69285K [0x00000000eb4a0000, 0x00000000f2857000, 0x0000000100000000)
 Metaspace       used 95817K, capacity 100045K, committed 100352K, reserved 1136640K
  class space    used 11688K, capacity 12463K, committed 12544K, reserved 1048576K
2019-06-25T18:33:22.477+0000: 382822.387: [GC (Allocation Failure) 2019-06-25T18:33:22.477+0000: 382822.387: [ParNew: 9538K->834K(9792K), 0.0190076 secs] 78823K->70364K(128284K), 0.0201022 secs] [Times: user=0.04 sys=0.00, real=0.02 secs] 
Heap after GC invocations=5437 (full 149):
 par new generation   total 9792K, used 834K [0x00000000e1000000, 0x00000000e1aa0000, 0x00000000eb4a0000)
  eden space 8704K,   0% used [0x00000000e1000000, 0x00000000e1000000, 0x00000000e1880000)
  from space 1088K,  76% used [0x00000000e1990000, 0x00000000e1a60a88, 0x00000000e1aa0000)
  to   space 1088K,   0% used [0x00000000e1880000, 0x00000000e1880000, 0x00000000e1990000)
 concurrent mark-sweep generation total 118492K, used 69530K [0x00000000eb4a0000, 0x00000000f2857000, 0x0000000100000000)
 Metaspace       used 95817K, capacity 100045K, committed 100352K, reserved 1136640K
  class space    used 11688K, capacity 12463K, committed 12544K, reserved 1048576K
}
2019-06-25T18:34:10.718+0000: 382870.628: Application time: 48.2203625 seconds
2019-06-25T18:35:05.899+0000: 382925.809: Application time: 55.1805696 seconds
{Heap before GC invocations=5437 (full 149):
 par new generation   total 9792K, used 9538K [0x00000000e1000000, 0x00000000e1aa0000, 0x00000000eb4a0000)
  eden space 8704K, 100% used [0x00000000e1000000, 0x00000000e1880000, 0x00000000e1880000)
  from space 1088K,  76% used [0x00000000e1990000, 0x00000000e1a60a88, 0x00000000e1aa0000)
  to   space 1088K,   0% used [0x00000000e1880000, 0x00000000e1880000, 0x00000000e1990000)
 concurrent mark-sweep generation total 118492K, used 69530K [0x00000000eb4a0000, 0x00000000f2857000, 0x0000000100000000)
 Metaspace       used 95817K, capacity 100045K, committed 100352K, reserved 1136640K
  class space    used 11688K, capacity 12463K, committed 12544K, reserved 1048576K
2019-06-25T18:35:05.900+0000: 382925.810: [GC (Allocation Failure) 2019-06-25T18:35:05.900+0000: 382925.810: [ParNew: 9538K->805K(9792K), 0.0048739 secs] 79068K->70335K(128284K), 0.0057268 secs] [Times: user=0.00 sys=0.01, real=0.00 secs] 
Heap after GC invocations=5438 (full 149):
 par new generation   total 9792K, used 805K [0x00000000e1000000, 0x00000000e1aa0000, 0x00000000eb4a0000)
  eden space 8704K,   0% used [0x00000000e1000000, 0x00000000e1000000, 0x00000000e1880000)
  from space 1088K,  73% used [0x00000000e1880000, 0x00000000e1949468, 0x00000000e1990000)
  to   space 1088K,   0% used [0x00000000e1990000, 0x00000000e1990000, 0x00000000e1aa0000)
 concurrent mark-sweep generation total 118492K, used 69530K [0x00000000eb4a0000, 0x00000000f2857000, 0x0000000100000000)
 Metaspace       used 95817K, capacity 100045K, committed 100352K, reserved 1136640K
  class space    used 11688K, capacity 12463K, committed 12544K, reserved 1048576K
}
2019-06-25T18:36:43.280+0000: 383023.190: Application time: 97.3732729 seconds
{Heap before GC invocations=5438 (full 149):
 par new generation   total 9792K, used 9509K [0x00000000e1000000, 0x00000000e1aa0000, 0x00000000eb4a0000)
  eden space 8704K, 100% used [0x00000000e1000000, 0x00000000e1880000, 0x00000000e1880000)
  from space 1088K,  73% used [0x00000000e1880000, 0x00000000e1949468, 0x00000000e1990000)
  to   space 1088K,   0% used [0x00000000e1990000, 0x00000000e1990000, 0x00000000e1aa0000)
 concurrent mark-sweep generation total 118492K, used 69530K [0x00000000eb4a0000, 0x00000000f2857000, 0x0000000100000000)
 Metaspace       used 95817K, capacity 100045K, committed 100352K, reserved 1136640K
  class space    used 11688K, capacity 12463K, committed 12544K, reserved 1048576K
2019-06-25T18:36:43.281+0000: 383023.191: [GC (Allocation Failure) 2019-06-25T18:36:43.281+0000: 383023.191: [ParNew: 9509K->870K(9792K), 0.0039000 secs] 79039K->70461K(128284K), 0.0048213 secs] [Times: user=0.00 sys=0.01, real=0.00 secs] 
Heap after GC invocations=5439 (full 149):
 par new generation   total 9792K, used 870K [0x00000000e1000000, 0x00000000e1aa0000, 0x00000000eb4a0000)
  eden space 8704K,   0% used [0x00000000e1000000, 0x00000000e1000000, 0x00000000e1880000)
  from space 1088K,  80% used [0x00000000e1990000, 0x00000000e1a69b70, 0x00000000e1aa0000)
  to   space 1088K,   0% used [0x00000000e1880000, 0x00000000e1880000, 0x00000000e1990000)
 concurrent mark-sweep generation total 118492K, used 69590K [0x00000000eb4a0000, 0x00000000f2857000, 0x0000000100000000)
 Metaspace       used 95817K, capacity 100045K, committed 100352K, reserved 1136640K
  class space    used 11688K, capacity 12463K, committed 12544K, reserved 1048576K
}
2019-06-25T18:38:13.287+0000: 383113.197: Application time: 90.0001669 seconds
2019-06-25T18:38:13.289+0000: 383113.198: Application time: 0.0016460 seconds
2019-06-25T18:38:25.529+0000: 383125.438: Application time: 12.2396053 seconds
{Heap before GC invocations=5439 (full 149):
 par new generation   total 9792K, used 9574K [0x00000000e1000000, 0x00000000e1aa0000, 0x00000000eb4a0000)
  eden space 8704K, 100% used [0x00000000e1000000, 0x00000000e1880000, 0x00000000e1880000)
  from space 1088K,  80% used [0x00000000e1990000, 0x00000000e1a69b70, 0x00000000e1aa0000)
  to   space 1088K,   0% used [0x00000000e1880000, 0x00000000e1880000, 0x00000000e1990000)
 concurrent mark-sweep generation total 118492K, used 69590K [0x00000000eb4a0000, 0x00000000f2857000, 0x0000000100000000)
 Metaspace       used 95817K, capacity 100045K, committed 100352K, reserved 1136640K
  class space    used 11688K, capacity 12463K, committed 12544K, reserved 1048576K
2019-06-25T18:38:25.529+0000: 383125.439: [GC (Allocation Failure) 2019-06-25T18:38:25.530+0000: 383125.439: [ParNew: 9574K->805K(9792K), 0.0038922 secs] 79165K->70477K(128284K), 0.0046806 secs] [Times: user=0.00 sys=0.00, real=0.00 secs] 
Heap after GC invocations=5440 (full 149):
 par new generation   total 9792K, used 805K [0x00000000e1000000, 0x00000000e1aa0000, 0x00000000eb4a0000)
  eden space 8704K,   0% used [0x00000000e1000000, 0x00000000e1000000, 0x00000000e1880000)
  from space 1088K,  74% used [0x00000000e1880000, 0x00000000e1949640, 0x00000000e1990000)
  to   space 1088K,   0% used [0x00000000e1990000, 0x00000000e1990000, 0x00000000e1aa0000)
 concurrent mark-sweep generation total 118492K, used 69671K [0x00000000eb4a0000, 0x00000000f2857000, 0x0000000100000000)
 Metaspace       used 95817K, capacity 100045K, committed 100352K, reserved 1136640K
  class space    used 11688K, capacity 12463K, committed 12544K, reserved 1048576K
}
2019-06-25T18:39:10.742+0000: 383170.652: Application time: 45.2077145 seconds
2019-06-25T18:40:08.138+0000: 383228.047: Application time: 57.3948344 seconds
{Heap before GC invocations=5440 (full 149):
 par new generation   total 9792K, used 9509K [0x00000000e1000000, 0x00000000e1aa0000, 0x00000000eb4a0000)
  eden space 8704K, 100% used [0x00000000e1000000, 0x00000000e1880000, 0x00000000e1880000)
  from space 1088K,  74% used [0x00000000e1880000, 0x00000000e1949640, 0x00000000e1990000)
  to   space 1088K,   0% used [0x00000000e1990000, 0x00000000e1990000, 0x00000000e1aa0000)
 concurrent mark-sweep generation total 118492K, used 69671K [0x00000000eb4a0000, 0x00000000f2857000, 0x0000000100000000)
 Metaspace       used 95817K, capacity 100045K, committed 100352K, reserved 1136640K
  class space    used 11688K, capacity 12463K, committed 12544K, reserved 1048576K
2019-06-25T18:40:08.138+0000: 383228.048: [GC (Allocation Failure) 2019-06-25T18:40:08.139+0000: 383228.049: [ParNew: 9509K->587K(9792K), 0.0032018 secs] 79181K->70358K(128284K), 0.0040850 secs] [Times: user=0.00 sys=0.01, real=0.00 secs] 
Heap after GC invocations=5441 (full 149):
 par new generation   total 9792K, used 587K [0x00000000e1000000, 0x00000000e1aa0000, 0x00000000eb4a0000)
  eden space 8704K,   0% used [0x00000000e1000000, 0x00000000e1000000, 0x00000000e1880000)
  from space 1088K,  53% used [0x00000000e1990000, 0x00000000e1a22cb8, 0x00000000e1aa0000)
  to   space 1088K,   0% used [0x00000000e1880000, 0x00000000e1880000, 0x00000000e1990000)
 concurrent mark-sweep generation total 118492K, used 69771K [0x00000000eb4a0000, 0x00000000f2857000, 0x0000000100000000)
 Metaspace       used 95817K, capacity 100045K, committed 100352K, reserved 1136640K
  class space    used 11688K, capacity 12463K, committed 12544K, reserved 1048576K
}
2019-06-25T18:41:48.307+0000: 383328.216: Application time: 100.1633550 seconds
{Heap before GC invocations=5441 (full 149):
 par new generation   total 9792K, used 9291K [0x00000000e1000000, 0x00000000e1aa0000, 0x00000000eb4a0000)
  eden space 8704K, 100% used [0x00000000e1000000, 0x00000000e1880000, 0x00000000e1880000)
  from space 1088K,  53% used [0x00000000e1990000, 0x00000000e1a22cb8, 0x00000000e1aa0000)
  to   space 1088K,   0% used [0x00000000e1880000, 0x00000000e1880000, 0x00000000e1990000)
 concurrent mark-sweep generation total 118492K, used 69771K [0x00000000eb4a0000, 0x00000000f2857000, 0x0000000100000000)
 Metaspace       used 95817K, capacity 100045K, committed 100352K, reserved 1136640K
  class space    used 11688K, capacity 12463K, committed 12544K, reserved 1048576K
2019-06-25T18:41:48.307+0000: 383328.217: [GC (Allocation Failure) 2019-06-25T18:41:48.308+0000: 383328.218: [ParNew: 9291K->650K(9792K), 0.0032334 secs] 79062K->70421K(128284K), 0.0039532 secs] [Times: user=0.01 sys=0.00, real=0.01 secs] 
Heap after GC invocations=5442 (full 149):
 par new generation   total 9792K, used 650K [0x00000000e1000000, 0x00000000e1aa0000, 0x00000000eb4a0000)
  eden space 8704K,   0% used [0x00000000e1000000, 0x00000000e1000000, 0x00000000e1880000)
  from space 1088K,  59% used [0x00000000e1880000, 0x00000000e1922920, 0x00000000e1990000)
  to   space 1088K,   0% used [0x00000000e1990000, 0x00000000e1990000, 0x00000000e1aa0000)
 concurrent mark-sweep generation total 118492K, used 69771K [0x00000000eb4a0000, 0x00000000f2857000, 0x0000000100000000)
 Metaspace       used 95817K, capacity 100045K, committed 100352K, reserved 1136640K
  class space    used 11688K, capacity 12463K, committed 12544K, reserved 1048576K
}
2019-06-25T18:43:27.397+0000: 383427.306: Application time: 99.0842942 seconds
{Heap before GC invocations=5442 (full 149):
 par new generation   total 9792K, used 9354K [0x00000000e1000000, 0x00000000e1aa0000, 0x00000000eb4a0000)
  eden space 8704K, 100% used [0x00000000e1000000, 0x00000000e1880000, 0x00000000e1880000)
  from space 1088K,  59% used [0x00000000e1880000, 0x00000000e1922920, 0x00000000e1990000)
  to   space 1088K,   0% used [0x00000000e1990000, 0x00000000e1990000, 0x00000000e1aa0000)
 concurrent mark-sweep generation total 118492K, used 69771K [0x00000000eb4a0000, 0x00000000f2857000, 0x0000000100000000)
 Metaspace       used 95817K, capacity 100045K, committed 100352K, reserved 1136640K
  class space    used 11688K, capacity 12463K, committed 12544K, reserved 1048576K
2019-06-25T18:43:27.397+0000: 383427.307: [GC (Allocation Failure) 2019-06-25T18:43:27.398+0000: 383427.307: [ParNew: 9354K->595K(9792K), 0.0033471 secs] 79125K->70366K(128284K), 0.0040727 secs] [Times: user=0.01 sys=0.00, real=0.01 secs] 
Heap after GC invocations=5443 (full 149):
 par new generation   total 9792K, used 595K [0x00000000e1000000, 0x00000000e1aa0000, 0x00000000eb4a0000)
  eden space 8704K,   0% used [0x00000000e1000000, 0x00000000e1000000, 0x00000000e1880000)
  from space 1088K,  54% used [0x00000000e1990000, 0x00000000e1a24c88, 0x00000000e1aa0000)
  to   space 1088K,   0% used [0x00000000e1880000, 0x00000000e1880000, 0x00000000e1990000)
 concurrent mark-sweep generation total 118492K, used 69771K [0x00000000eb4a0000, 0x00000000f2857000, 0x0000000100000000)
 Metaspace       used 95817K, capacity 100045K, committed 100352K, reserved 1136640K
  class space    used 11688K, capacity 12463K, committed 12544K, reserved 1048576K
}
2019-06-25T18:44:10.270+0000: 383470.180: Application time: 42.8682206 seconds
2019-06-25T18:44:25.565+0000: 383485.475: Application time: 15.2945526 seconds
2019-06-25T18:45:11.939+0000: 383531.849: Application time: 46.3737382 seconds
{Heap before GC invocations=5443 (full 149):
 par new generation   total 9792K, used 9299K [0x00000000e1000000, 0x00000000e1aa0000, 0x00000000eb4a0000)
  eden space 8704K, 100% used [0x00000000e1000000, 0x00000000e1880000, 0x00000000e1880000)
  from space 1088K,  54% used [0x00000000e1990000, 0x00000000e1a24c88, 0x00000000e1aa0000)
  to   space 1088K,   0% used [0x00000000e1880000, 0x00000000e1880000, 0x00000000e1990000)
 concurrent mark-sweep generation total 118492K, used 69771K [0x00000000eb4a0000, 0x00000000f2857000, 0x0000000100000000)
 Metaspace       used 95817K, capacity 100045K, committed 100352K, reserved 1136640K
  class space    used 11688K, capacity 12463K, committed 12544K, reserved 1048576K
2019-06-25T18:45:11.940+0000: 383531.850: [GC (Allocation Failure) 2019-06-25T18:45:11.940+0000: 383531.850: [ParNew: 9299K->622K(9792K), 0.0031158 secs] 79070K->70393K(128284K), 0.0039364 secs] [Times: user=0.00 sys=0.00, real=0.00 secs] 
Heap after GC invocations=5444 (full 149):
 par new generation   total 9792K, used 622K [0x00000000e1000000, 0x00000000e1aa0000, 0x00000000eb4a0000)
  eden space 8704K,   0% used [0x00000000e1000000, 0x00000000e1000000, 0x00000000e1880000)
  from space 1088K,  57% used [0x00000000e1880000, 0x00000000e191b858, 0x00000000e1990000)
  to   space 1088K,   0% used [0x00000000e1990000, 0x00000000e1990000, 0x00000000e1aa0000)
 concurrent mark-sweep generation total 118492K, used 69771K [0x00000000eb4a0000, 0x00000000f2857000, 0x0000000100000000)
 Metaspace       used 95817K, capacity 100045K, committed 100352K, reserved 1136640K
  class space    used 11688K, capacity 12463K, committed 12544K, reserved 1048576K
}
2019-06-25T18:46:50.576+0000: 383630.486: Application time: 98.6314813 seconds
{Heap before GC invocations=5444 (full 149):
 par new generation   total 9792K, used 9326K [0x00000000e1000000, 0x00000000e1aa0000, 0x00000000eb4a0000)
  eden space 8704K, 100% used [0x00000000e1000000, 0x00000000e1880000, 0x00000000e1880000)
  from space 1088K,  57% used [0x00000000e1880000, 0x00000000e191b858, 0x00000000e1990000)
  to   space 1088K,   0% used [0x00000000e1990000, 0x00000000e1990000, 0x00000000e1aa0000)
 concurrent mark-sweep generation total 118492K, used 69771K [0x00000000eb4a0000, 0x00000000f2857000, 0x0000000100000000)
 Metaspace       used 95817K, capacity 100045K, committed 100352K, reserved 1136640K
  class space    used 11688K, capacity 12463K, committed 12544K, reserved 1048576K
2019-06-25T18:46:50.577+0000: 383630.487: [GC (Allocation Failure) 2019-06-25T18:46:50.578+0000: 383630.487: [ParNew: 9326K->557K(9792K), 0.0034771 secs] 79097K->70329K(128284K), 0.0044468 secs] [Times: user=0.00 sys=0.00, real=0.01 secs] 
Heap after GC invocations=5445 (full 149):
 par new generation   total 9792K, used 557K [0x00000000e1000000, 0x00000000e1aa0000, 0x00000000eb4a0000)
  eden space 8704K,   0% used [0x00000000e1000000, 0x00000000e1000000, 0x00000000e1880000)
  from space 1088K,  51% used [0x00000000e1990000, 0x00000000e1a1b6d0, 0x00000000e1aa0000)
  to   space 1088K,   0% used [0x00000000e1880000, 0x00000000e1880000, 0x00000000e1990000)
 concurrent mark-sweep generation total 118492K, used 69771K [0x00000000eb4a0000, 0x00000000f2857000, 0x0000000100000000)
 Metaspace       used 95817K, capacity 100045K, committed 100352K, reserved 1136640K
  class space    used 11688K, capacity 12463K, committed 12544K, reserved 1048576K
}
2019-06-25T18:48:30.668+0000: 383730.577: Application time: 100.0850592 seconds
{Heap before GC invocations=5445 (full 149):
 par new generation   total 9792K, used 9261K [0x00000000e1000000, 0x00000000e1aa0000, 0x00000000eb4a0000)
  eden space 8704K, 100% used [0x00000000e1000000, 0x00000000e1880000, 0x00000000e1880000)
  from space 1088K,  51% used [0x00000000e1990000, 0x00000000e1a1b6d0, 0x00000000e1aa0000)
  to   space 1088K,   0% used [0x00000000e1880000, 0x00000000e1880000, 0x00000000e1990000)
 concurrent mark-sweep generation total 118492K, used 69771K [0x00000000eb4a0000, 0x00000000f2857000, 0x0000000100000000)
 Metaspace       used 95817K, capacity 100045K, committed 100352K, reserved 1136640K
  class space    used 11688K, capacity 12463K, committed 12544K, reserved 1048576K
2019-06-25T18:48:30.669+0000: 383730.578: [GC (Allocation Failure) 2019-06-25T18:48:30.669+0000: 383730.579: [ParNew: 9261K->628K(9792K), 0.0032229 secs] 79033K->70400K(128284K), 0.0039144 secs] [Times: user=0.01 sys=0.00, real=0.00 secs] 
Heap after GC invocations=5446 (full 149):
 par new generation   total 9792K, used 628K [0x00000000e1000000, 0x00000000e1aa0000, 0x00000000eb4a0000)
  eden space 8704K,   0% used [0x00000000e1000000, 0x00000000e1000000, 0x00000000e1880000)
  from space 1088K,  57% used [0x00000000e1880000, 0x00000000e191d158, 0x00000000e1990000)
  to   space 1088K,   0% used [0x00000000e1990000, 0x00000000e1990000, 0x00000000e1aa0000)
 concurrent mark-sweep generation total 118492K, used 69771K [0x00000000eb4a0000, 0x00000000f2857000, 0x0000000100000000)
 Metaspace       used 95817K, capacity 100045K, committed 100352K, reserved 1136640K
  class space    used 11688K, capacity 12463K, committed 12544K, reserved 1048576K
}
2019-06-25T18:49:10.302+0000: 383770.212: Application time: 39.6289492 seconds
2019-06-25T18:50:10.760+0000: 383830.670: Application time: 60.4580534 seconds
2019-06-25T18:50:10.761+0000: 383830.671: Application time: 0.0001855 seconds
2019-06-25T18:50:10.761+0000: 383830.671: Application time: 0.0000298 seconds
2019-06-25T18:50:10.762+0000: 383830.672: Application time: 0.0000718 seconds
2019-06-25T18:50:10.762+0000: 383830.672: Application time: 0.0000656 seconds
2019-06-25T18:50:10.762+0000: 383830.672: Application time: 0.0000584 seconds
2019-06-25T18:50:12.839+0000: 383832.749: Application time: 2.0767608 seconds
{Heap before GC invocations=5446 (full 149):
 par new generation   total 9792K, used 9332K [0x00000000e1000000, 0x00000000e1aa0000, 0x00000000eb4a0000)
  eden space 8704K, 100% used [0x00000000e1000000, 0x00000000e1880000, 0x00000000e1880000)
  from space 1088K,  57% used [0x00000000e1880000, 0x00000000e191d158, 0x00000000e1990000)
  to   space 1088K,   0% used [0x00000000e1990000, 0x00000000e1990000, 0x00000000e1aa0000)
 concurrent mark-sweep generation total 118492K, used 69771K [0x00000000eb4a0000, 0x00000000f2857000, 0x0000000100000000)
 Metaspace       used 95817K, capacity 100045K, committed 100352K, reserved 1136640K
  class space    used 11688K, capacity 12463K, committed 12544K, reserved 1048576K
2019-06-25T18:50:12.840+0000: 383832.750: [GC (Allocation Failure) 2019-06-25T18:50:12.840+0000: 383832.750: [ParNew: 9332K->690K(9792K), 0.0172645 secs] 79104K->70461K(128284K), 0.0181356 secs] [Times: user=0.02 sys=0.01, real=0.02 secs] 
Heap after GC invocations=5447 (full 149):
 par new generation   total 9792K, used 690K [0x00000000e1000000, 0x00000000e1aa0000, 0x00000000eb4a0000)
  eden space 8704K,   0% used [0x00000000e1000000, 0x00000000e1000000, 0x00000000e1880000)
  from space 1088K,  63% used [0x00000000e1990000, 0x00000000e1a3c830, 0x00000000e1aa0000)
  to   space 1088K,   0% used [0x00000000e1880000, 0x00000000e1880000, 0x00000000e1990000)
 concurrent mark-sweep generation total 118492K, used 69771K [0x00000000eb4a0000, 0x00000000f2857000, 0x0000000100000000)
 Metaspace       used 95817K, capacity 100045K, committed 100352K, reserved 1136640K
  class space    used 11688K, capacity 12463K, committed 12544K, reserved 1048576K
}
2019-06-25T18:50:12.860+0000: 383832.770: Application time: 0.0002196 seconds
2019-06-25T18:50:12.870+0000: 383832.780: Application time: 0.0017441 seconds
2019-06-25T18:50:42.723+0000: 383862.633: Application time: 29.8532433 seconds
2019-06-25T18:51:55.604+0000: 383935.514: Application time: 72.8800116 seconds
{Heap before GC invocations=5447 (full 149):
 par new generation   total 9792K, used 9394K [0x00000000e1000000, 0x00000000e1aa0000, 0x00000000eb4a0000)
  eden space 8704K, 100% used [0x00000000e1000000, 0x00000000e1880000, 0x00000000e1880000)
  from space 1088K,  63% used [0x00000000e1990000, 0x00000000e1a3c830, 0x00000000e1aa0000)
  to   space 1088K,   0% used [0x00000000e1880000, 0x00000000e1880000, 0x00000000e1990000)
 concurrent mark-sweep generation total 118492K, used 69771K [0x00000000eb4a0000, 0x00000000f2857000, 0x0000000100000000)
 Metaspace       used 95817K, capacity 100045K, committed 100352K, reserved 1136640K
  class space    used 11688K, capacity 12463K, committed 12544K, reserved 1048576K
2019-06-25T18:51:55.605+0000: 383935.514: [GC (Allocation Failure) 2019-06-25T18:51:55.605+0000: 383935.515: [ParNew: 9394K->745K(9792K), 0.0085184 secs] 79165K->70520K(128284K), 0.0094995 secs] [Times: user=0.02 sys=0.00, real=0.01 secs] 
Heap after GC invocations=5448 (full 149):
 par new generation   total 9792K, used 745K [0x00000000e1000000, 0x00000000e1aa0000, 0x00000000eb4a0000)
  eden space 8704K,   0% used [0x00000000e1000000, 0x00000000e1000000, 0x00000000e1880000)
  from space 1088K,  68% used [0x00000000e1880000, 0x00000000e193a5c8, 0x00000000e1990000)
  to   space 1088K,   0% used [0x00000000e1990000, 0x00000000e1990000, 0x00000000e1aa0000)
 concurrent mark-sweep generation total 118492K, used 69774K [0x00000000eb4a0000, 0x00000000f2857000, 0x0000000100000000)
 Metaspace       used 95817K, capacity 100045K, committed 100352K, reserved 1136640K
  class space    used 11688K, capacity 12463K, committed 12544K, reserved 1048576K
}
2019-06-25T18:53:34.781+0000: 384034.691: Application time: 99.1659088 seconds
{Heap before GC invocations=5448 (full 149):
 par new generation   total 9792K, used 9449K [0x00000000e1000000, 0x00000000e1aa0000, 0x00000000eb4a0000)
  eden space 8704K, 100% used [0x00000000e1000000, 0x00000000e1880000, 0x00000000e1880000)
  from space 1088K,  68% used [0x00000000e1880000, 0x00000000e193a5c8, 0x00000000e1990000)
  to   space 1088K,   0% used [0x00000000e1990000, 0x00000000e1990000, 0x00000000e1aa0000)
 concurrent mark-sweep generation total 118492K, used 69774K [0x00000000eb4a0000, 0x00000000f2857000, 0x0000000100000000)
 Metaspace       used 95817K, capacity 100045K, committed 100352K, reserved 1136640K
  class space    used 11688K, capacity 12463K, committed 12544K, reserved 1048576K
2019-06-25T18:53:34.782+0000: 384034.692: [GC (Allocation Failure) 2019-06-25T18:53:34.782+0000: 384034.692: [ParNew: 9449K->629K(9792K), 0.0032762 secs] 79224K->70432K(128284K), 0.0040229 secs] [Times: user=0.00 sys=0.01, real=0.00 secs] 
Heap after GC invocations=5449 (full 149):
 par new generation   total 9792K, used 629K [0x00000000e1000000, 0x00000000e1aa0000, 0x00000000eb4a0000)
  eden space 8704K,   0% used [0x00000000e1000000, 0x00000000e1000000, 0x00000000e1880000)
  from space 1088K,  57% used [0x00000000e1990000, 0x00000000e1a2d798, 0x00000000e1aa0000)
  to   space 1088K,   0% used [0x00000000e1880000, 0x00000000e1880000, 0x00000000e1990000)
 concurrent mark-sweep generation total 118492K, used 69802K [0x00000000eb4a0000, 0x00000000f2857000, 0x0000000100000000)
 Metaspace       used 95817K, capacity 100045K, committed 100352K, reserved 1136640K
  class space    used 11688K, capacity 12463K, committed 12544K, reserved 1048576K
}
2019-06-25T18:53:49.946+0000: 384049.856: Application time: 15.1597228 seconds
2019-06-25T18:53:49.947+0000: 384049.856: Application time: 0.0000774 seconds
2019-06-25T18:53:49.947+0000: 384049.857: Application time: 0.0001258 seconds
2019-06-25T18:53:49.947+0000: 384049.857: Application time: 0.0000903 seconds
2019-06-25T18:53:52.463+0000: 384052.373: Application time: 2.5153709 seconds
2019-06-25T18:53:52.950+0000: 384052.860: Application time: 0.4849825 seconds
2019-06-25T18:53:52.950+0000: 384052.860: Application time: 0.0000732 seconds
2019-06-25T18:53:52.951+0000: 384052.861: Application time: 0.0000688 seconds
2019-06-25T18:53:52.951+0000: 384052.861: Application time: 0.0000638 seconds
2019-06-25T18:53:52.951+0000: 384052.861: Application time: 0.0000660 seconds
2019-06-25T18:53:57.466+0000: 384057.375: Application time: 4.5139978 seconds
2019-06-25T18:53:57.518+0000: 384057.428: Application time: 0.0519037 seconds
2019-06-25T18:54:05.540+0000: 384065.450: Application time: 8.0217598 seconds
2019-06-25T18:54:10.344+0000: 384070.254: Application time: 4.8039185 seconds
2019-06-25T18:54:25.508+0000: 384085.417: Application time: 15.1633749 seconds
{Heap before GC invocations=5449 (full 149):
 par new generation   total 9792K, used 9333K [0x00000000e1000000, 0x00000000e1aa0000, 0x00000000eb4a0000)
  eden space 8704K, 100% used [0x00000000e1000000, 0x00000000e1880000, 0x00000000e1880000)
  from space 1088K,  57% used [0x00000000e1990000, 0x00000000e1a2d798, 0x00000000e1aa0000)
  to   space 1088K,   0% used [0x00000000e1880000, 0x00000000e1880000, 0x00000000e1990000)
 concurrent mark-sweep generation total 118492K, used 69802K [0x00000000eb4a0000, 0x00000000f2857000, 0x0000000100000000)
 Metaspace       used 95817K, capacity 100045K, committed 100352K, reserved 1136640K
  class space    used 11688K, capacity 12463K, committed 12544K, reserved 1048576K
2019-06-25T18:54:25.523+0000: 384085.432: [GC (Allocation Failure) 2019-06-25T18:54:25.523+0000: 384085.433: [ParNew: 9333K->976K(9792K), 0.0196014 secs] 79136K->70814K(128284K), 0.0204531 secs] [Times: user=0.04 sys=0.00, real=0.02 secs] 
Heap after GC invocations=5450 (full 149):
 par new generation   total 9792K, used 976K [0x00000000e1000000, 0x00000000e1aa0000, 0x00000000eb4a0000)
  eden space 8704K,   0% used [0x00000000e1000000, 0x00000000e1000000, 0x00000000e1880000)
  from space 1088K,  89% used [0x00000000e1880000, 0x00000000e19741c0, 0x00000000e1990000)
  to   space 1088K,   0% used [0x00000000e1990000, 0x00000000e1990000, 0x00000000e1aa0000)
 concurrent mark-sweep generation total 118492K, used 69838K [0x00000000eb4a0000, 0x00000000f2857000, 0x0000000100000000)
 Metaspace       used 95817K, capacity 100045K, committed 100352K, reserved 1136640K
  class space    used 11688K, capacity 12463K, committed 12544K, reserved 1048576K
}
2019-06-25T18:54:25.979+0000: 384085.888: Application time: 0.4346309 seconds
2019-06-25T18:54:25.979+0000: 384085.889: Application time: 0.0000694 seconds
2019-06-25T18:54:25.979+0000: 384085.889: Application time: 0.0000692 seconds
2019-06-25T18:54:25.979+0000: 384085.889: Application time: 0.0000684 seconds
2019-06-25T18:54:25.980+0000: 384085.890: Application time: 0.0000724 seconds
2019-06-25T18:54:30.506+0000: 384090.415: Application time: 4.5251193 seconds
2019-06-25T18:54:30.567+0000: 384090.477: Application time: 0.0610073 seconds
2019-06-25T18:54:31.802+0000: 384091.712: Application time: 1.2349876 seconds
2019-06-25T18:54:31.806+0000: 384091.716: Application time: 0.0001230 seconds
2019-06-25T18:54:31.985+0000: 384091.895: Application time: 0.1787762 seconds
2019-06-25T18:54:31.986+0000: 384091.895: Application time: 0.0000699 seconds
2019-06-25T18:54:31.986+0000: 384091.896: Application time: 0.0000682 seconds
2019-06-25T18:54:31.986+0000: 384091.896: Application time: 0.0000641 seconds
2019-06-25T18:54:31.986+0000: 384091.896: Application time: 0.0000620 seconds
2019-06-25T18:54:31.986+0000: 384091.896: Application time: 0.0000328 seconds
2019-06-25T18:54:36.807+0000: 384096.717: Application time: 4.8203588 seconds
2019-06-25T18:54:36.831+0000: 384096.741: Application time: 0.0242077 seconds
2019-06-25T18:54:43.772+0000: 384103.682: Application time: 6.9409113 seconds
2019-06-25T18:54:43.773+0000: 384103.683: Application time: 0.0000745 seconds
2019-06-25T18:54:43.773+0000: 384103.683: Application time: 0.0000611 seconds
2019-06-25T18:54:43.773+0000: 384103.683: Application time: 0.0001489 seconds
2019-06-25T18:54:43.774+0000: 384103.683: Application time: 0.0001236 seconds
2019-06-25T18:54:45.998+0000: 384105.908: Application time: 2.2241879 seconds
2019-06-25T18:54:45.999+0000: 384105.909: Application time: 0.0000758 seconds
2019-06-25T18:54:45.999+0000: 384105.909: Application time: 0.0000767 seconds
2019-06-25T18:54:45.999+0000: 384105.909: Application time: 0.0000657 seconds
2019-06-25T18:54:45.999+0000: 384105.909: Application time: 0.0000596 seconds
2019-06-25T18:54:46.000+0000: 384105.909: Application time: 0.0000635 seconds
2019-06-25T18:54:50.802+0000: 384110.712: Application time: 4.8022885 seconds
2019-06-25T18:54:50.827+0000: 384110.737: Application time: 0.0248416 seconds
2019-06-25T18:54:55.007+0000: 384114.917: Application time: 4.1802887 seconds
{Heap before GC invocations=5450 (full 149):
 par new generation   total 9792K, used 9680K [0x00000000e1000000, 0x00000000e1aa0000, 0x00000000eb4a0000)
  eden space 8704K, 100% used [0x00000000e1000000, 0x00000000e1880000, 0x00000000e1880000)
  from space 1088K,  89% used [0x00000000e1880000, 0x00000000e19741c0, 0x00000000e1990000)
  to   space 1088K,   0% used [0x00000000e1990000, 0x00000000e1990000, 0x00000000e1aa0000)
 concurrent mark-sweep generation total 118492K, used 69838K [0x00000000eb4a0000, 0x00000000f2857000, 0x0000000100000000)
 Metaspace       used 95817K, capacity 100045K, committed 100352K, reserved 1136640K
  class space    used 11688K, capacity 12463K, committed 12544K, reserved 1048576K
2019-06-25T18:54:55.008+0000: 384114.918: [GC (Allocation Failure) 2019-06-25T18:54:55.009+0000: 384114.918: [ParNew: 9680K->836K(9792K), 0.0096672 secs] 79518K->70982K(128284K), 0.0105385 secs] [Times: user=0.01 sys=0.00, real=0.01 secs] 
Heap after GC invocations=5451 (full 149):
 par new generation   total 9792K, used 836K [0x00000000e1000000, 0x00000000e1aa0000, 0x00000000eb4a0000)
  eden space 8704K,   0% used [0x00000000e1000000, 0x00000000e1000000, 0x00000000e1880000)
  from space 1088K,  76% used [0x00000000e1990000, 0x00000000e1a61300, 0x00000000e1aa0000)
  to   space 1088K,   0% used [0x00000000e1880000, 0x00000000e1880000, 0x00000000e1990000)
 concurrent mark-sweep generation total 118492K, used 70146K [0x00000000eb4a0000, 0x00000000f2857000, 0x0000000100000000)
 Metaspace       used 95817K, capacity 100045K, committed 100352K, reserved 1136640K
  class space    used 11688K, capacity 12463K, committed 12544K, reserved 1048576K
}
2019-06-25T18:55:09.928+0000: 384129.837: Application time: 14.9080285 seconds
2019-06-25T18:55:10.032+0000: 384129.942: Application time: 0.1041136 seconds
2019-06-25T18:55:10.033+0000: 384129.943: Application time: 0.0000763 seconds
2019-06-25T18:55:10.033+0000: 384129.943: Application time: 0.0000754 seconds
2019-06-25T18:55:10.034+0000: 384129.944: Application time: 0.0000653 seconds
2019-06-25T18:55:10.034+0000: 384129.944: Application time: 0.0000625 seconds
2019-06-25T18:55:10.035+0000: 384129.945: Application time: 0.0000699 seconds
2019-06-25T18:55:10.235+0000: 384130.145: Application time: 0.2004293 seconds
2019-06-25T18:55:10.236+0000: 384130.146: Application time: 0.0001032 seconds
2019-06-25T18:55:10.236+0000: 384130.146: Application time: 0.0001721 seconds
2019-06-25T18:55:10.776+0000: 384130.685: Application time: 0.5393252 seconds
2019-06-25T18:55:10.777+0000: 384130.687: Application time: 0.0015465 seconds
2019-06-25T18:55:14.929+0000: 384134.839: Application time: 4.1510180 seconds
2019-06-25T18:55:14.953+0000: 384134.863: Application time: 0.0238537 seconds
2019-06-25T18:56:12.378+0000: 384192.288: Application time: 57.4252334 seconds
{Heap before GC invocations=5451 (full 149):
 par new generation   total 9792K, used 9540K [0x00000000e1000000, 0x00000000e1aa0000, 0x00000000eb4a0000)
  eden space 8704K, 100% used [0x00000000e1000000, 0x00000000e1880000, 0x00000000e1880000)
  from space 1088K,  76% used [0x00000000e1990000, 0x00000000e1a61300, 0x00000000e1aa0000)
  to   space 1088K,   0% used [0x00000000e1880000, 0x00000000e1880000, 0x00000000e1990000)
 concurrent mark-sweep generation total 118492K, used 70146K [0x00000000eb4a0000, 0x00000000f2857000, 0x0000000100000000)
 Metaspace       used 95817K, capacity 100045K, committed 100352K, reserved 1136640K
  class space    used 11688K, capacity 12463K, committed 12544K, reserved 1048576K
2019-06-25T18:56:12.379+0000: 384192.289: [GC (Allocation Failure) 2019-06-25T18:56:12.380+0000: 384192.289: [ParNew: 9540K->669K(9792K), 0.0036341 secs] 79686K->71192K(128284K), 0.0045040 secs] [Times: user=0.00 sys=0.00, real=0.00 secs] 
Heap after GC invocations=5452 (full 149):
 par new generation   total 9792K, used 669K [0x00000000e1000000, 0x00000000e1aa0000, 0x00000000eb4a0000)
  eden space 8704K,   0% used [0x00000000e1000000, 0x00000000e1000000, 0x00000000e1880000)
  from space 1088K,  61% used [0x00000000e1880000, 0x00000000e19277d8, 0x00000000e1990000)
  to   space 1088K,   0% used [0x00000000e1990000, 0x00000000e1990000, 0x00000000e1aa0000)
 concurrent mark-sweep generation total 118492K, used 70522K [0x00000000eb4a0000, 0x00000000f2857000, 0x0000000100000000)
 Metaspace       used 95817K, capacity 100045K, committed 100352K, reserved 1136640K
  class space    used 11688K, capacity 12463K, committed 12544K, reserved 1048576K
}
2019-06-25T18:56:45.114+0000: 384225.024: Application time: 32.7292311 seconds
2019-06-25T18:56:45.114+0000: 384225.024: Application time: 0.0000889 seconds
2019-06-25T18:56:50.002+0000: 384229.912: Application time: 4.8874829 seconds
2019-06-25T18:56:50.026+0000: 384229.936: Application time: 0.0241347 seconds
2019-06-25T18:57:10.238+0000: 384250.148: Application time: 20.2109784 seconds
2019-06-25T18:57:10.239+0000: 384250.148: Application time: 0.0000784 seconds
2019-06-25T18:57:10.239+0000: 384250.149: Application time: 0.0001411 seconds
2019-06-25T18:57:10.239+0000: 384250.149: Application time: 0.0000670 seconds
2019-06-25T18:57:10.239+0000: 384250.149: Application time: 0.0000580 seconds
2019-06-25T18:57:10.240+0000: 384250.149: Application time: 0.0000820 seconds
2019-06-25T18:57:10.240+0000: 384250.150: Application time: 0.0001522 seconds
2019-06-25T18:57:10.781+0000: 384250.691: Application time: 0.5414559 seconds
2019-06-25T18:57:11.574+0000: 384251.483: Application time: 0.7918465 seconds
{Heap before GC invocations=5452 (full 149):
 par new generation   total 9792K, used 9373K [0x00000000e1000000, 0x00000000e1aa0000, 0x00000000eb4a0000)
  eden space 8704K, 100% used [0x00000000e1000000, 0x00000000e1880000, 0x00000000e1880000)
  from space 1088K,  61% used [0x00000000e1880000, 0x00000000e19277d8, 0x00000000e1990000)
  to   space 1088K,   0% used [0x00000000e1990000, 0x00000000e1990000, 0x00000000e1aa0000)
 concurrent mark-sweep generation total 118492K, used 70522K [0x00000000eb4a0000, 0x00000000f2857000, 0x0000000100000000)
 Metaspace       used 95817K, capacity 100045K, committed 100352K, reserved 1136640K
  class space    used 11688K, capacity 12463K, committed 12544K, reserved 1048576K
2019-06-25T18:57:11.574+0000: 384251.484: [GC (Allocation Failure) 2019-06-25T18:57:11.575+0000: 384251.484: [ParNew: 9373K->1088K(9792K), 0.0379767 secs] 79896K->71611K(128284K), 0.0386979 secs] [Times: user=0.07 sys=0.00, real=0.04 secs] 
Heap after GC invocations=5453 (full 149):
 par new generation   total 9792K, used 1088K [0x00000000e1000000, 0x00000000e1aa0000, 0x00000000eb4a0000)
  eden space 8704K,   0% used [0x00000000e1000000, 0x00000000e1000000, 0x00000000e1880000)
  from space 1088K, 100% used [0x00000000e1990000, 0x00000000e1aa0000, 0x00000000e1aa0000)
  to   space 1088K,   0% used [0x00000000e1880000, 0x00000000e1880000, 0x00000000e1990000)
 concurrent mark-sweep generation total 118492K, used 70523K [0x00000000eb4a0000, 0x00000000f2857000, 0x0000000100000000)
 Metaspace       used 95817K, capacity 100045K, committed 100352K, reserved 1136640K
  class space    used 11688K, capacity 12463K, committed 12544K, reserved 1048576K
}
2019-06-25T18:57:12.137+0000: 384252.047: Application time: 0.5238616 seconds
2019-06-25T18:57:12.138+0000: 384252.048: Application time: 0.0000682 seconds
2019-06-25T18:57:12.138+0000: 384252.048: Application time: 0.0000627 seconds
2019-06-25T18:57:12.138+0000: 384252.048: Application time: 0.0001016 seconds
2019-06-25T18:57:12.139+0000: 384252.049: Application time: 0.0000867 seconds
2019-06-25T18:57:13.790+0000: 384253.700: Application time: 1.6508575 seconds
2019-06-25T18:57:13.790+0000: 384253.700: Application time: 0.0000712 seconds
2019-06-25T18:57:13.791+0000: 384253.700: Application time: 0.0000695 seconds
2019-06-25T18:57:13.791+0000: 384253.701: Application time: 0.0000685 seconds
2019-06-25T18:57:13.791+0000: 384253.701: Application time: 0.0000801 seconds
2019-06-25T18:57:13.791+0000: 384253.701: Application time: 0.0000634 seconds
2019-06-25T18:57:13.792+0000: 384253.702: Application time: 0.0002184 seconds
2019-06-25T18:57:13.792+0000: 384253.702: Application time: 0.0000781 seconds
2019-06-25T18:57:13.793+0000: 384253.703: Application time: 0.0010490 seconds
2019-06-25T18:57:16.572+0000: 384256.482: Application time: 2.7784523 seconds
2019-06-25T18:57:16.635+0000: 384256.545: Application time: 0.0628670 seconds
2019-06-25T18:58:22.808+0000: 384322.717: Application time: 66.1725390 seconds
{Heap before GC invocations=5453 (full 149):
 par new generation   total 9792K, used 9792K [0x00000000e1000000, 0x00000000e1aa0000, 0x00000000eb4a0000)
  eden space 8704K, 100% used [0x00000000e1000000, 0x00000000e1880000, 0x00000000e1880000)
  from space 1088K, 100% used [0x00000000e1990000, 0x00000000e1aa0000, 0x00000000e1aa0000)
  to   space 1088K,   0% used [0x00000000e1880000, 0x00000000e1880000, 0x00000000e1990000)
 concurrent mark-sweep generation total 118492K, used 70523K [0x00000000eb4a0000, 0x00000000f2857000, 0x0000000100000000)
 Metaspace       used 95817K, capacity 100045K, committed 100352K, reserved 1136640K
  class space    used 11688K, capacity 12463K, committed 12544K, reserved 1048576K
2019-06-25T18:58:22.809+0000: 384322.719: [GC (Allocation Failure) 2019-06-25T18:58:22.809+0000: 384322.719: [ParNew: 9792K->503K(9792K), 0.0044945 secs] 80315K->71703K(128284K), 0.0054172 secs] [Times: user=0.01 sys=0.00, real=0.00 secs] 
Heap after GC invocations=5454 (full 149):
 par new generation   total 9792K, used 503K [0x00000000e1000000, 0x00000000e1aa0000, 0x00000000eb4a0000)
  eden space 8704K,   0% used [0x00000000e1000000, 0x00000000e1000000, 0x00000000e1880000)
  from space 1088K,  46% used [0x00000000e1880000, 0x00000000e18fdcf8, 0x00000000e1990000)
  to   space 1088K,   0% used [0x00000000e1990000, 0x00000000e1990000, 0x00000000e1aa0000)
 concurrent mark-sweep generation total 118492K, used 71200K [0x00000000eb4a0000, 0x00000000f2857000, 0x0000000100000000)
 Metaspace       used 95817K, capacity 100045K, committed 100352K, reserved 1136640K
  class space    used 11688K, capacity 12463K, committed 12544K, reserved 1048576K
}
2019-06-25T18:58:22.815+0000: 384322.725: Application time: 0.0001995 seconds
2019-06-25T18:58:22.816+0000: 384322.726: [GC (CMS Initial Mark) [1 CMS-initial-mark: 71200K(118492K)] 71717K(128284K), 0.0044600 secs] [Times: user=0.01 sys=0.00, real=0.01 secs] 
2019-06-25T18:58:22.821+0000: 384322.731: [CMS-concurrent-mark-start]
2019-06-25T18:58:22.931+0000: 384322.841: [CMS-concurrent-mark: 0.110/0.110 secs] [Times: user=0.11 sys=0.00, real=0.11 secs] 
2019-06-25T18:58:22.932+0000: 384322.841: [CMS-concurrent-preclean-start]
2019-06-25T18:58:22.933+0000: 384322.843: [CMS-concurrent-preclean: 0.002/0.002 secs] [Times: user=0.00 sys=0.00, real=0.00 secs] 
2019-06-25T18:58:22.934+0000: 384322.844: Application time: 0.1129743 seconds
2019-06-25T18:58:22.934+0000: 384322.844: [GC (CMS Final Remark) [YG occupancy: 915 K (9792 K)]2019-06-25T18:58:22.935+0000: 384322.844: [Rescan (parallel) , 0.0025053 secs]2019-06-25T18:58:22.938+0000: 384322.848: [weak refs processing, 0.0032989 secs]2019-06-25T18:58:22.941+0000: 384322.851: [class unloading, 0.0321301 secs]2019-06-25T18:58:22.974+0000: 384322.884: [scrub symbol table, 0.0223406 secs]2019-06-25T18:58:22.997+0000: 384322.907: [scrub string table, 0.0017136 secs][1 CMS-remark: 71200K(118492K)] 72115K(128284K), 0.0787441 secs] [Times: user=0.08 sys=0.00, real=0.08 secs] 
2019-06-25T18:58:23.014+0000: 384322.924: [CMS-concurrent-sweep-start]
2019-06-25T18:58:23.045+0000: 384322.955: [CMS-concurrent-sweep: 0.031/0.031 secs] [Times: user=0.03 sys=0.00, real=0.03 secs] 
2019-06-25T18:58:23.046+0000: 384322.955: [CMS-concurrent-reset-start]
2019-06-25T18:58:23.046+0000: 384322.956: [CMS-concurrent-reset: 0.000/0.000 secs] [Times: user=0.00 sys=0.00, real=0.00 secs] 
2019-06-25T18:58:23.219+0000: 384323.129: Application time: 0.2056403 seconds
2019-06-25T18:58:23.220+0000: 384323.130: Application time: 0.0001007 seconds
2019-06-25T18:58:23.220+0000: 384323.130: Application time: 0.0001463 seconds
2019-06-25T18:58:23.220+0000: 384323.130: Application time: 0.0001402 seconds
2019-06-25T18:58:23.221+0000: 384323.131: Application time: 0.0001579 seconds
2019-06-25T18:58:24.221+0000: 384324.131: Application time: 1.0001693 seconds
2019-06-25T18:58:26.222+0000: 384326.131: Application time: 2.0002504 seconds
2019-06-25T18:58:27.222+0000: 384327.132: Application time: 1.0001624 seconds
2019-06-25T18:58:27.226+0000: 384327.136: Application time: 0.0037313 seconds
2019-06-25T18:58:27.226+0000: 384327.136: Application time: 0.0000699 seconds
2019-06-25T18:58:27.227+0000: 384327.136: Application time: 0.0000668 seconds
2019-06-25T18:58:27.227+0000: 384327.137: Application time: 0.0000920 seconds
2019-06-25T18:58:27.227+0000: 384327.137: Application time: 0.0002330 seconds
2019-06-25T18:58:27.228+0000: 384327.138: Application time: 0.0006477 seconds
2019-06-25T18:58:27.805+0000: 384327.715: Application time: 0.5768833 seconds
2019-06-25T18:58:27.847+0000: 384327.757: Application time: 0.0420135 seconds
2019-06-25T18:58:31.848+0000: 384331.758: Application time: 4.0006528 seconds
2019-06-25T18:58:36.849+0000: 384336.759: Application time: 5.0007537 seconds
2019-06-25T18:58:42.851+0000: 384342.761: Application time: 6.0011795 seconds
2019-06-25T18:58:43.851+0000: 384343.761: Application time: 1.0002309 seconds
2019-06-25T18:59:05.540+0000: 384365.450: Application time: 21.6881948 seconds
2019-06-25T18:59:06.540+0000: 384366.450: Application time: 1.0002318 seconds
2019-06-25T18:59:10.863+0000: 384370.772: Application time: 4.3220316 seconds
2019-06-25T18:59:11.863+0000: 384371.773: Application time: 1.0002259 seconds
2019-06-25T18:59:15.864+0000: 384375.774: Application time: 4.0007791 seconds
2019-06-25T18:59:36.869+0000: 384396.779: Application time: 21.0049864 seconds
2019-06-25T18:59:55.657+0000: 384415.567: Application time: 18.7880718 seconds
{Heap before GC invocations=5454 (full 150):
 par new generation   total 9792K, used 9207K [0x00000000e1000000, 0x00000000e1aa0000, 0x00000000eb4a0000)
  eden space 8704K, 100% used [0x00000000e1000000, 0x00000000e1880000, 0x00000000e1880000)
  from space 1088K,  46% used [0x00000000e1880000, 0x00000000e18fdcf8, 0x00000000e1990000)
  to   space 1088K,   0% used [0x00000000e1990000, 0x00000000e1990000, 0x00000000e1aa0000)
 concurrent mark-sweep generation total 118492K, used 65576K [0x00000000eb4a0000, 0x00000000f2857000, 0x0000000100000000)
 Metaspace       used 95782K, capacity 99979K, committed 100352K, reserved 1136640K
  class space    used 11682K, capacity 12452K, committed 12544K, reserved 1048576K
2019-06-25T18:59:55.658+0000: 384415.568: [GC (Allocation Failure) 2019-06-25T18:59:55.659+0000: 384415.569: [ParNew: 9207K->640K(9792K), 0.0035748 secs] 74783K->66216K(128284K), 0.0049060 secs] [Times: user=0.01 sys=0.00, real=0.01 secs] 
Heap after GC invocations=5455 (full 150):
 par new generation   total 9792K, used 640K [0x00000000e1000000, 0x00000000e1aa0000, 0x00000000eb4a0000)
  eden space 8704K,   0% used [0x00000000e1000000, 0x00000000e1000000, 0x00000000e1880000)
  from space 1088K,  58% used [0x00000000e1990000, 0x00000000e1a30208, 0x00000000e1aa0000)
  to   space 1088K,   0% used [0x00000000e1880000, 0x00000000e1880000, 0x00000000e1990000)
 concurrent mark-sweep generation total 118492K, used 65576K [0x00000000eb4a0000, 0x00000000f2857000, 0x0000000100000000)
 Metaspace       used 95782K, capacity 99979K, committed 100352K, reserved 1136640K
  class space    used 11682K, capacity 12452K, committed 12544K, reserved 1048576K
}
2019-06-25T19:00:06.665+0000: 384426.575: Application time: 11.0016131 seconds
2019-06-25T19:01:05.673+0000: 384485.583: Application time: 59.0076309 seconds
2019-06-25T19:01:25.530+0000: 384505.440: Application time: 19.8561331 seconds
{Heap before GC invocations=5455 (full 150):
 par new generation   total 9792K, used 9280K [0x00000000e1000000, 0x00000000e1aa0000, 0x00000000eb4a0000)
  eden space 8704K,  99% used [0x00000000e1000000, 0x00000000e1870050, 0x00000000e1880000)
  from space 1088K,  58% used [0x00000000e1990000, 0x00000000e1a30208, 0x00000000e1aa0000)
  to   space 1088K,   0% used [0x00000000e1880000, 0x00000000e1880000, 0x00000000e1990000)
 concurrent mark-sweep generation total 118492K, used 65576K [0x00000000eb4a0000, 0x00000000f2857000, 0x0000000100000000)
 Metaspace       used 95785K, capacity 99985K, committed 100352K, reserved 1136640K
  class space    used 11683K, capacity 12453K, committed 12544K, reserved 1048576K
2019-06-25T19:01:25.531+0000: 384505.440: [GC (Allocation Failure) 2019-06-25T19:01:25.531+0000: 384505.441: [ParNew: 9280K->856K(9792K), 0.0057498 secs] 74856K->66635K(128284K), 0.0064371 secs] [Times: user=0.00 sys=0.01, real=0.00 secs] 
Heap after GC invocations=5456 (full 150):
 par new generation   total 9792K, used 856K [0x00000000e1000000, 0x00000000e1aa0000, 0x00000000eb4a0000)
  eden space 8704K,   0% used [0x00000000e1000000, 0x00000000e1000000, 0x00000000e1880000)
  from space 1088K,  78% used [0x00000000e1880000, 0x00000000e19560c0, 0x00000000e1990000)
  to   space 1088K,   0% used [0x00000000e1990000, 0x00000000e1990000, 0x00000000e1aa0000)
 concurrent mark-sweep generation total 118492K, used 65778K [0x00000000eb4a0000, 0x00000000f2857000, 0x0000000100000000)
 Metaspace       used 95785K, capacity 99985K, committed 100352K, reserved 1136640K
  class space    used 11683K, capacity 12453K, committed 12544K, reserved 1048576K
}
2019-06-25T19:01:26.389+0000: 384506.299: Application time: 0.8517157 seconds
2019-06-25T19:01:26.390+0000: 384506.300: Application time: 0.0000603 seconds
2019-06-25T19:01:26.390+0000: 384506.300: Application time: 0.0000710 seconds
2019-06-25T19:01:26.390+0000: 384506.300: Application time: 0.0000579 seconds
2019-06-25T19:01:26.391+0000: 384506.301: Application time: 0.0001231 seconds
2019-06-25T19:01:26.408+0000: 384506.318: Application time: 0.0001224 seconds
2019-06-25T19:01:30.527+0000: 384510.437: Application time: 4.1187816 seconds
2019-06-25T19:01:30.563+0000: 384510.472: Application time: 0.0351449 seconds
2019-06-25T19:01:43.821+0000: 384523.731: Application time: 13.2584454 seconds
2019-06-25T19:01:43.822+0000: 384523.731: Application time: 0.0000486 seconds
2019-06-25T19:01:43.822+0000: 384523.732: Application time: 0.0000626 seconds
2019-06-25T19:01:43.822+0000: 384523.732: Application time: 0.0000784 seconds
2019-06-25T19:02:10.796+0000: 384550.705: Application time: 26.9734689 seconds
2019-06-25T19:02:47.479+0000: 384587.389: Application time: 36.6829016 seconds
{Heap before GC invocations=5456 (full 150):
 par new generation   total 9792K, used 9560K [0x00000000e1000000, 0x00000000e1aa0000, 0x00000000eb4a0000)
  eden space 8704K, 100% used [0x00000000e1000000, 0x00000000e1880000, 0x00000000e1880000)
  from space 1088K,  78% used [0x00000000e1880000, 0x00000000e19560c0, 0x00000000e1990000)
  to   space 1088K,   0% used [0x00000000e1990000, 0x00000000e1990000, 0x00000000e1aa0000)
 concurrent mark-sweep generation total 118492K, used 65778K [0x00000000eb4a0000, 0x00000000f2857000, 0x0000000100000000)
 Metaspace       used 95785K, capacity 99985K, committed 100352K, reserved 1136640K
  class space    used 11683K, capacity 12453K, committed 12544K, reserved 1048576K
2019-06-25T19:02:47.480+0000: 384587.389: [GC (Allocation Failure) 2019-06-25T19:02:47.480+0000: 384587.390: [ParNew: 9560K->583K(9792K), 0.0041082 secs] 75339K->66625K(128284K), 0.0052618 secs] [Times: user=0.01 sys=0.00, real=0.00 secs] 
Heap after GC invocations=5457 (full 150):
 par new generation   total 9792K, used 583K [0x00000000e1000000, 0x00000000e1aa0000, 0x00000000eb4a0000)
  eden space 8704K,   0% used [0x00000000e1000000, 0x00000000e1000000, 0x00000000e1880000)
  from space 1088K,  53% used [0x00000000e1990000, 0x00000000e1a21d50, 0x00000000e1aa0000)
  to   space 1088K,   0% used [0x00000000e1880000, 0x00000000e1880000, 0x00000000e1990000)
 concurrent mark-sweep generation total 118492K, used 66042K [0x00000000eb4a0000, 0x00000000f2857000, 0x0000000100000000)
 Metaspace       used 95785K, capacity 99985K, committed 100352K, reserved 1136640K
  class space    used 11683K, capacity 12453K, committed 12544K, reserved 1048576K
}
2019-06-25T19:03:10.489+0000: 384610.399: Application time: 23.0031391 seconds
2019-06-25T19:03:13.446+0000: 384613.356: Application time: 2.9565901 seconds
2019-06-25T19:03:13.448+0000: 384613.358: Application time: 0.0016096 seconds
2019-06-25T19:04:10.890+0000: 384670.799: Application time: 57.4415684 seconds
2019-06-25T19:04:25.877+0000: 384685.787: Application time: 14.9865394 seconds
{Heap before GC invocations=5457 (full 150):
 par new generation   total 9792K, used 9287K [0x00000000e1000000, 0x00000000e1aa0000, 0x00000000eb4a0000)
  eden space 8704K, 100% used [0x00000000e1000000, 0x00000000e1880000, 0x00000000e1880000)
  from space 1088K,  53% used [0x00000000e1990000, 0x00000000e1a21d50, 0x00000000e1aa0000)
  to   space 1088K,   0% used [0x00000000e1880000, 0x00000000e1880000, 0x00000000e1990000)
 concurrent mark-sweep generation total 118492K, used 66042K [0x00000000eb4a0000, 0x00000000f2857000, 0x0000000100000000)
 Metaspace       used 95785K, capacity 99985K, committed 100352K, reserved 1136640K
  class space    used 11683K, capacity 12453K, committed 12544K, reserved 1048576K
2019-06-25T19:04:25.877+0000: 384685.787: [GC (Allocation Failure) 2019-06-25T19:04:25.878+0000: 384685.787: [ParNew: 9287K->571K(9792K), 0.0033754 secs] 75329K->66614K(128284K), 0.0043726 secs] [Times: user=0.00 sys=0.00, real=0.01 secs] 
Heap after GC invocations=5458 (full 150):
 par new generation   total 9792K, used 571K [0x00000000e1000000, 0x00000000e1aa0000, 0x00000000eb4a0000)
  eden space 8704K,   0% used [0x00000000e1000000, 0x00000000e1000000, 0x00000000e1880000)
  from space 1088K,  52% used [0x00000000e1880000, 0x00000000e190ef90, 0x00000000e1990000)
  to   space 1088K,   0% used [0x00000000e1990000, 0x00000000e1990000, 0x00000000e1aa0000)
 concurrent mark-sweep generation total 118492K, used 66042K [0x00000000eb4a0000, 0x00000000f2857000, 0x0000000100000000)
 Metaspace       used 95785K, capacity 99985K, committed 100352K, reserved 1136640K
  class space    used 11683K, capacity 12453K, committed 12544K, reserved 1048576K
}
2019-06-25T19:06:07.660+0000: 384787.569: Application time: 101.7772839 seconds
{Heap before GC invocations=5458 (full 150):
 par new generation   total 9792K, used 9275K [0x00000000e1000000, 0x00000000e1aa0000, 0x00000000eb4a0000)
  eden space 8704K, 100% used [0x00000000e1000000, 0x00000000e1880000, 0x00000000e1880000)
  from space 1088K,  52% used [0x00000000e1880000, 0x00000000e190ef90, 0x00000000e1990000)
  to   space 1088K,   0% used [0x00000000e1990000, 0x00000000e1990000, 0x00000000e1aa0000)
 concurrent mark-sweep generation total 118492K, used 66042K [0x00000000eb4a0000, 0x00000000f2857000, 0x0000000100000000)
 Metaspace       used 95785K, capacity 99985K, committed 100352K, reserved 1136640K
  class space    used 11683K, capacity 12453K, committed 12544K, reserved 1048576K
2019-06-25T19:06:07.660+0000: 384787.570: [GC (Allocation Failure) 2019-06-25T19:06:07.661+0000: 384787.571: [ParNew: 9275K->744K(9792K), 0.0034448 secs] 75318K->66786K(128284K), 0.0041961 secs] [Times: user=0.00 sys=0.01, real=0.00 secs] 
Heap after GC invocations=5459 (full 150):
 par new generation   total 9792K, used 744K [0x00000000e1000000, 0x00000000e1aa0000, 0x00000000eb4a0000)
  eden space 8704K,   0% used [0x00000000e1000000, 0x00000000e1000000, 0x00000000e1880000)
  from space 1088K,  68% used [0x00000000e1990000, 0x00000000e1a4a1d8, 0x00000000e1aa0000)
  to   space 1088K,   0% used [0x00000000e1880000, 0x00000000e1880000, 0x00000000e1990000)
 concurrent mark-sweep generation total 118492K, used 66042K [0x00000000eb4a0000, 0x00000000f2857000, 0x0000000100000000)
 Metaspace       used 95785K, capacity 99985K, committed 100352K, reserved 1136640K
  class space    used 11683K, capacity 12453K, committed 12544K, reserved 1048576K
}
2019-06-25T19:06:44.671+0000: 384824.580: Application time: 37.0052842 seconds
2019-06-25T19:07:43.862+0000: 384883.772: Application time: 59.1913802 seconds
{Heap before GC invocations=5459 (full 150):
 par new generation   total 9792K, used 9448K [0x00000000e1000000, 0x00000000e1aa0000, 0x00000000eb4a0000)
  eden space 8704K, 100% used [0x00000000e1000000, 0x00000000e1880000, 0x00000000e1880000)
  from space 1088K,  68% used [0x00000000e1990000, 0x00000000e1a4a1d8, 0x00000000e1aa0000)
  to   space 1088K,   0% used [0x00000000e1880000, 0x00000000e1880000, 0x00000000e1990000)
 concurrent mark-sweep generation total 118492K, used 66042K [0x00000000eb4a0000, 0x00000000f2857000, 0x0000000100000000)
 Metaspace       used 95791K, capacity 99997K, committed 100352K, reserved 1136640K
  class space    used 11684K, capacity 12455K, committed 12544K, reserved 1048576K
2019-06-25T19:07:43.863+0000: 384883.773: [GC (Allocation Failure) 2019-06-25T19:07:43.863+0000: 384883.773: [ParNew: 9448K->753K(9792K), 0.0144759 secs] 75490K->67035K(128284K), 0.0152949 secs] [Times: user=0.03 sys=0.00, real=0.02 secs] 
Heap after GC invocations=5460 (full 150):
 par new generation   total 9792K, used 753K [0x00000000e1000000, 0x00000000e1aa0000, 0x00000000eb4a0000)
  eden space 8704K,   0% used [0x00000000e1000000, 0x00000000e1000000, 0x00000000e1880000)
  from space 1088K,  69% used [0x00000000e1880000, 0x00000000e193c780, 0x00000000e1990000)
  to   space 1088K,   0% used [0x00000000e1990000, 0x00000000e1990000, 0x00000000e1aa0000)
 concurrent mark-sweep generation total 118492K, used 66281K [0x00000000eb4a0000, 0x00000000f2857000, 0x0000000100000000)
 Metaspace       used 95791K, capacity 99997K, committed 100352K, reserved 1136640K
  class space    used 11684K, capacity 12455K, committed 12544K, reserved 1048576K
}
2019-06-25T19:09:10.432+0000: 384970.341: Application time: 86.5522458 seconds
2019-06-25T19:09:25.714+0000: 384985.624: Application time: 15.2821341 seconds
2019-06-25T19:09:25.834+0000: 384985.743: Application time: 0.1193071 seconds
{Heap before GC invocations=5460 (full 150):
 par new generation   total 9792K, used 9457K [0x00000000e1000000, 0x00000000e1aa0000, 0x00000000eb4a0000)
  eden space 8704K, 100% used [0x00000000e1000000, 0x00000000e1880000, 0x00000000e1880000)
  from space 1088K,  69% used [0x00000000e1880000, 0x00000000e193c780, 0x00000000e1990000)
  to   space 1088K,   0% used [0x00000000e1990000, 0x00000000e1990000, 0x00000000e1aa0000)
 concurrent mark-sweep generation total 118492K, used 66281K [0x00000000eb4a0000, 0x00000000f2857000, 0x0000000100000000)
 Metaspace       used 95791K, capacity 99997K, committed 100352K, reserved 1136640K
  class space    used 11684K, capacity 12455K, committed 12544K, reserved 1048576K
2019-06-25T19:09:25.834+0000: 384985.744: [GC (Allocation Failure) 2019-06-25T19:09:25.835+0000: 384985.745: [ParNew: 9457K->631K(9792K), 0.0037925 secs] 75739K->66912K(128284K), 0.0045903 secs] [Times: user=0.00 sys=0.00, real=0.01 secs] 
Heap after GC invocations=5461 (full 150):
 par new generation   total 9792K, used 631K [0x00000000e1000000, 0x00000000e1aa0000, 0x00000000eb4a0000)
  eden space 8704K,   0% used [0x00000000e1000000, 0x00000000e1000000, 0x00000000e1880000)
  from space 1088K,  58% used [0x00000000e1990000, 0x00000000e1a2de50, 0x00000000e1aa0000)
  to   space 1088K,   0% used [0x00000000e1880000, 0x00000000e1880000, 0x00000000e1990000)
 concurrent mark-sweep generation total 118492K, used 66281K [0x00000000eb4a0000, 0x00000000f2857000, 0x0000000100000000)
 Metaspace       used 95791K, capacity 99997K, committed 100352K, reserved 1136640K
  class space    used 11684K, capacity 12455K, committed 12544K, reserved 1048576K
}
2019-06-25T19:11:06.623+0000: 385086.533: Application time: 100.7830557 seconds
{Heap before GC invocations=5461 (full 150):
 par new generation   total 9792K, used 9335K [0x00000000e1000000, 0x00000000e1aa0000, 0x00000000eb4a0000)
  eden space 8704K,  99% used [0x00000000e1000000, 0x00000000e187ffb0, 0x00000000e1880000)
  from space 1088K,  58% used [0x00000000e1990000, 0x00000000e1a2de50, 0x00000000e1aa0000)
  to   space 1088K,   0% used [0x00000000e1880000, 0x00000000e1880000, 0x00000000e1990000)
 concurrent mark-sweep generation total 118492K, used 66281K [0x00000000eb4a0000, 0x00000000f2857000, 0x0000000100000000)
 Metaspace       used 95791K, capacity 99997K, committed 100352K, reserved 1136640K
  class space    used 11684K, capacity 12455K, committed 12544K, reserved 1048576K
2019-06-25T19:11:06.624+0000: 385086.534: [GC (Allocation Failure) 2019-06-25T19:11:06.624+0000: 385086.534: [ParNew: 9335K->876K(9792K), 0.0037080 secs] 75616K->67157K(128284K), 0.0045378 secs] [Times: user=0.01 sys=0.00, real=0.01 secs] 
Heap after GC invocations=5462 (full 150):
 par new generation   total 9792K, used 876K [0x00000000e1000000, 0x00000000e1aa0000, 0x00000000eb4a0000)
  eden space 8704K,   0% used [0x00000000e1000000, 0x00000000e1000000, 0x00000000e1880000)
  from space 1088K,  80% used [0x00000000e1880000, 0x00000000e195b150, 0x00000000e1990000)
  to   space 1088K,   0% used [0x00000000e1990000, 0x00000000e1990000, 0x00000000e1aa0000)
 concurrent mark-sweep generation total 118492K, used 66281K [0x00000000eb4a0000, 0x00000000f2857000, 0x0000000100000000)
 Metaspace       used 95791K, capacity 99997K, committed 100352K, reserved 1136640K
  class space    used 11684K, capacity 12455K, committed 12544K, reserved 1048576K
}
2019-06-25T19:12:44.724+0000: 385184.634: Application time: 98.0952829 seconds
{Heap before GC invocations=5462 (full 150):
 par new generation   total 9792K, used 9580K [0x00000000e1000000, 0x00000000e1aa0000, 0x00000000eb4a0000)
  eden space 8704K, 100% used [0x00000000e1000000, 0x00000000e1880000, 0x00000000e1880000)
  from space 1088K,  80% used [0x00000000e1880000, 0x00000000e195b150, 0x00000000e1990000)
  to   space 1088K,   0% used [0x00000000e1990000, 0x00000000e1990000, 0x00000000e1aa0000)
 concurrent mark-sweep generation total 118492K, used 66281K [0x00000000eb4a0000, 0x00000000f2857000, 0x0000000100000000)
 Metaspace       used 95791K, capacity 99997K, committed 100352K, reserved 1136640K
  class space    used 11684K, capacity 12455K, committed 12544K, reserved 1048576K
2019-06-25T19:12:44.725+0000: 385184.635: [GC (Allocation Failure) 2019-06-25T19:12:44.725+0000: 385184.635: [ParNew: 9580K->738K(9792K), 0.0033810 secs] 75861K->67057K(128284K), 0.0041604 secs] [Times: user=0.00 sys=0.00, real=0.01 secs] 
Heap after GC invocations=5463 (full 150):
 par new generation   total 9792K, used 738K [0x00000000e1000000, 0x00000000e1aa0000, 0x00000000eb4a0000)
  eden space 8704K,   0% used [0x00000000e1000000, 0x00000000e1000000, 0x00000000e1880000)
  from space 1088K,  67% used [0x00000000e1990000, 0x00000000e1a48888, 0x00000000e1aa0000)
  to   space 1088K,   0% used [0x00000000e1880000, 0x00000000e1880000, 0x00000000e1990000)
 concurrent mark-sweep generation total 118492K, used 66319K [0x00000000eb4a0000, 0x00000000f2857000, 0x0000000100000000)
 Metaspace       used 95791K, capacity 99997K, committed 100352K, reserved 1136640K
  class space    used 11684K, capacity 12455K, committed 12544K, reserved 1048576K
}
2019-06-25T19:14:10.456+0000: 385270.366: Application time: 85.7261978 seconds
2019-06-25T19:14:25.326+0000: 385285.235: Application time: 14.8692150 seconds
{Heap before GC invocations=5463 (full 150):
 par new generation   total 9792K, used 9442K [0x00000000e1000000, 0x00000000e1aa0000, 0x00000000eb4a0000)
  eden space 8704K, 100% used [0x00000000e1000000, 0x00000000e1880000, 0x00000000e1880000)
  from space 1088K,  67% used [0x00000000e1990000, 0x00000000e1a48888, 0x00000000e1aa0000)
  to   space 1088K,   0% used [0x00000000e1880000, 0x00000000e1880000, 0x00000000e1990000)
 concurrent mark-sweep generation total 118492K, used 66319K [0x00000000eb4a0000, 0x00000000f2857000, 0x0000000100000000)
 Metaspace       used 95794K, capacity 100009K, committed 100352K, reserved 1136640K
  class space    used 11685K, capacity 12457K, committed 12544K, reserved 1048576K
2019-06-25T19:14:25.327+0000: 385285.236: [GC (Allocation Failure) 2019-06-25T19:14:25.327+0000: 385285.237: [ParNew: 9442K->720K(9792K), 0.0032342 secs] 75761K->67041K(128284K), 0.0040913 secs] [Times: user=0.00 sys=0.00, real=0.01 secs] 
Heap after GC invocations=5464 (full 150):
 par new generation   total 9792K, used 720K [0x00000000e1000000, 0x00000000e1aa0000, 0x00000000eb4a0000)
  eden space 8704K,   0% used [0x00000000e1000000, 0x00000000e1000000, 0x00000000e1880000)
  from space 1088K,  66% used [0x00000000e1880000, 0x00000000e1934088, 0x00000000e1990000)
  to   space 1088K,   0% used [0x00000000e1990000, 0x00000000e1990000, 0x00000000e1aa0000)
 concurrent mark-sweep generation total 118492K, used 66321K [0x00000000eb4a0000, 0x00000000f2857000, 0x0000000100000000)
 Metaspace       used 95794K, capacity 100009K, committed 100352K, reserved 1136640K
  class space    used 11685K, capacity 12457K, committed 12544K, reserved 1048576K
}
2019-06-25T19:15:12.996+0000: 385332.906: Application time: 47.6647125 seconds
2019-06-25T19:15:12.998+0000: 385332.908: Application time: 0.0015616 seconds
2019-06-25T19:16:06.180+0000: 385386.089: Application time: 53.1811654 seconds
{Heap before GC invocations=5464 (full 150):
 par new generation   total 9792K, used 9424K [0x00000000e1000000, 0x00000000e1aa0000, 0x00000000eb4a0000)
  eden space 8704K, 100% used [0x00000000e1000000, 0x00000000e1880000, 0x00000000e1880000)
  from space 1088K,  66% used [0x00000000e1880000, 0x00000000e1934088, 0x00000000e1990000)
  to   space 1088K,   0% used [0x00000000e1990000, 0x00000000e1990000, 0x00000000e1aa0000)
 concurrent mark-sweep generation total 118492K, used 66321K [0x00000000eb4a0000, 0x00000000f2857000, 0x0000000100000000)
 Metaspace       used 95794K, capacity 100009K, committed 100352K, reserved 1136640K
  class space    used 11685K, capacity 12457K, committed 12544K, reserved 1048576K
2019-06-25T19:16:06.180+0000: 385386.090: [GC (Allocation Failure) 2019-06-25T19:16:06.181+0000: 385386.091: [ParNew: 9424K->820K(9792K), 0.0036929 secs] 75745K->67141K(128284K), 0.0045104 secs] [Times: user=0.00 sys=0.00, real=0.00 secs] 
Heap after GC invocations=5465 (full 150):
 par new generation   total 9792K, used 820K [0x00000000e1000000, 0x00000000e1aa0000, 0x00000000eb4a0000)
  eden space 8704K,   0% used [0x00000000e1000000, 0x00000000e1000000, 0x00000000e1880000)
  from space 1088K,  75% used [0x00000000e1990000, 0x00000000e1a5d028, 0x00000000e1aa0000)
  to   space 1088K,   0% used [0x00000000e1880000, 0x00000000e1880000, 0x00000000e1990000)
 concurrent mark-sweep generation total 118492K, used 66321K [0x00000000eb4a0000, 0x00000000f2857000, 0x0000000100000000)
 Metaspace       used 95794K, capacity 100009K, committed 100352K, reserved 1136640K
  class space    used 11685K, capacity 12457K, committed 12544K, reserved 1048576K
}
2019-06-25T19:17:43.945+0000: 385483.855: Application time: 97.7594485 seconds
{Heap before GC invocations=5465 (full 150):
 par new generation   total 9792K, used 9524K [0x00000000e1000000, 0x00000000e1aa0000, 0x00000000eb4a0000)
  eden space 8704K, 100% used [0x00000000e1000000, 0x00000000e1880000, 0x00000000e1880000)
  from space 1088K,  75% used [0x00000000e1990000, 0x00000000e1a5d028, 0x00000000e1aa0000)
  to   space 1088K,   0% used [0x00000000e1880000, 0x00000000e1880000, 0x00000000e1990000)
 concurrent mark-sweep generation total 118492K, used 66321K [0x00000000eb4a0000, 0x00000000f2857000, 0x0000000100000000)
 Metaspace       used 95794K, capacity 100009K, committed 100352K, reserved 1136640K
  class space    used 11685K, capacity 12457K, committed 12544K, reserved 1048576K
2019-06-25T19:17:43.946+0000: 385483.856: [GC (Allocation Failure) 2019-06-25T19:17:43.946+0000: 385483.856: [ParNew: 9524K->628K(9792K), 0.0064991 secs] 75845K->67021K(128284K), 0.0074201 secs] [Times: user=0.01 sys=0.00, real=0.01 secs] 
Heap after GC invocations=5466 (full 150):
 par new generation   total 9792K, used 628K [0x00000000e1000000, 0x00000000e1aa0000, 0x00000000eb4a0000)
  eden space 8704K,   0% used [0x00000000e1000000, 0x00000000e1000000, 0x00000000e1880000)
  from space 1088K,  57% used [0x00000000e1880000, 0x00000000e191d030, 0x00000000e1990000)
  to   space 1088K,   0% used [0x00000000e1990000, 0x00000000e1990000, 0x00000000e1aa0000)
 concurrent mark-sweep generation total 118492K, used 66393K [0x00000000eb4a0000, 0x00000000f2857000, 0x0000000100000000)
 Metaspace       used 95794K, capacity 100009K, committed 100352K, reserved 1136640K
  class space    used 11685K, capacity 12457K, committed 12544K, reserved 1048576K
}
2019-06-25T19:19:10.483+0000: 385570.393: Application time: 86.5293257 seconds
2019-06-25T19:19:25.768+0000: 385585.678: Application time: 15.2843950 seconds
{Heap before GC invocations=5466 (full 150):
 par new generation   total 9792K, used 9332K [0x00000000e1000000, 0x00000000e1aa0000, 0x00000000eb4a0000)
  eden space 8704K, 100% used [0x00000000e1000000, 0x00000000e1880000, 0x00000000e1880000)
  from space 1088K,  57% used [0x00000000e1880000, 0x00000000e191d030, 0x00000000e1990000)
  to   space 1088K,   0% used [0x00000000e1990000, 0x00000000e1990000, 0x00000000e1aa0000)
 concurrent mark-sweep generation total 118492K, used 66393K [0x00000000eb4a0000, 0x00000000f2857000, 0x0000000100000000)
 Metaspace       used 95794K, capacity 100009K, committed 100352K, reserved 1136640K
  class space    used 11685K, capacity 12457K, committed 12544K, reserved 1048576K
2019-06-25T19:19:25.769+0000: 385585.679: [GC (Allocation Failure) 2019-06-25T19:19:25.769+0000: 385585.679: [ParNew: 9332K->703K(9792K), 0.0032976 secs] 75725K->67097K(128284K), 0.0041003 secs] [Times: user=0.00 sys=0.00, real=0.00 secs] 
Heap after GC invocations=5467 (full 150):
 par new generation   total 9792K, used 703K [0x00000000e1000000, 0x00000000e1aa0000, 0x00000000eb4a0000)
  eden space 8704K,   0% used [0x00000000e1000000, 0x00000000e1000000, 0x00000000e1880000)
  from space 1088K,  64% used [0x00000000e1990000, 0x00000000e1a3fe98, 0x00000000e1aa0000)
  to   space 1088K,   0% used [0x00000000e1880000, 0x00000000e1880000, 0x00000000e1990000)
 concurrent mark-sweep generation total 118492K, used 66393K [0x00000000eb4a0000, 0x00000000f2857000, 0x0000000100000000)
 Metaspace       used 95794K, capacity 100009K, committed 100352K, reserved 1136640K
  class space    used 11685K, capacity 12457K, committed 12544K, reserved 1048576K
}
2019-06-25T19:21:06.599+0000: 385686.508: Application time: 100.8247811 seconds
{Heap before GC invocations=5467 (full 150):
 par new generation   total 9792K, used 9407K [0x00000000e1000000, 0x00000000e1aa0000, 0x00000000eb4a0000)
  eden space 8704K, 100% used [0x00000000e1000000, 0x00000000e1880000, 0x00000000e1880000)
  from space 1088K,  64% used [0x00000000e1990000, 0x00000000e1a3fe98, 0x00000000e1aa0000)
  to   space 1088K,   0% used [0x00000000e1880000, 0x00000000e1880000, 0x00000000e1990000)
 concurrent mark-sweep generation total 118492K, used 66393K [0x00000000eb4a0000, 0x00000000f2857000, 0x0000000100000000)
 Metaspace       used 95794K, capacity 100009K, committed 100352K, reserved 1136640K
  class space    used 11685K, capacity 12457K, committed 12544K, reserved 1048576K
2019-06-25T19:21:06.600+0000: 385686.509: [GC (Allocation Failure) 2019-06-25T19:21:06.600+0000: 385686.510: [ParNew: 9407K->932K(9792K), 0.0034035 secs] 75801K->67326K(128284K), 0.0042245 secs] [Times: user=0.00 sys=0.00, real=0.00 secs] 
Heap after GC invocations=5468 (full 150):
 par new generation   total 9792K, used 932K [0x00000000e1000000, 0x00000000e1aa0000, 0x00000000eb4a0000)
  eden space 8704K,   0% used [0x00000000e1000000, 0x00000000e1000000, 0x00000000e1880000)
  from space 1088K,  85% used [0x00000000e1880000, 0x00000000e1969188, 0x00000000e1990000)
  to   space 1088K,   0% used [0x00000000e1990000, 0x00000000e1990000, 0x00000000e1aa0000)
 concurrent mark-sweep generation total 118492K, used 66393K [0x00000000eb4a0000, 0x00000000f2857000, 0x0000000100000000)
 Metaspace       used 95794K, capacity 100009K, committed 100352K, reserved 1136640K
  class space    used 11685K, capacity 12457K, committed 12544K, reserved 1048576K
}
2019-06-25T19:22:44.767+0000: 385784.677: Application time: 98.1623368 seconds
{Heap before GC invocations=5468 (full 150):
 par new generation   total 9792K, used 9636K [0x00000000e1000000, 0x00000000e1aa0000, 0x00000000eb4a0000)
  eden space 8704K, 100% used [0x00000000e1000000, 0x00000000e1880000, 0x00000000e1880000)
  from space 1088K,  85% used [0x00000000e1880000, 0x00000000e1969188, 0x00000000e1990000)
  to   space 1088K,   0% used [0x00000000e1990000, 0x00000000e1990000, 0x00000000e1aa0000)
 concurrent mark-sweep generation total 118492K, used 66393K [0x00000000eb4a0000, 0x00000000f2857000, 0x0000000100000000)
 Metaspace       used 95794K, capacity 100009K, committed 100352K, reserved 1136640K
  class space    used 11685K, capacity 12457K, committed 12544K, reserved 1048576K
2019-06-25T19:22:44.768+0000: 385784.678: [GC (Allocation Failure) 2019-06-25T19:22:44.768+0000: 385784.678: [ParNew: 9636K->886K(9792K), 0.0593826 secs] 76030K->67281K(128284K), 0.0602109 secs] [Times: user=0.11 sys=0.00, real=0.07 secs] 
Heap after GC invocations=5469 (full 150):
 par new generation   total 9792K, used 886K [0x00000000e1000000, 0x00000000e1aa0000, 0x00000000eb4a0000)
  eden space 8704K,   0% used [0x00000000e1000000, 0x00000000e1000000, 0x00000000e1880000)
  from space 1088K,  81% used [0x00000000e1990000, 0x00000000e1a6d810, 0x00000000e1aa0000)
  to   space 1088K,   0% used [0x00000000e1880000, 0x00000000e1880000, 0x00000000e1990000)
 concurrent mark-sweep generation total 118492K, used 66395K [0x00000000eb4a0000, 0x00000000f2857000, 0x0000000100000000)
 Metaspace       used 95794K, capacity 100009K, committed 100352K, reserved 1136640K
  class space    used 11685K, capacity 12457K, committed 12544K, reserved 1048576K
}
2019-06-25T19:23:24.426+0000: 385824.336: Application time: 39.5971090 seconds
2019-06-25T19:23:24.426+0000: 385824.336: Application time: 0.0000704 seconds
2019-06-25T19:23:24.427+0000: 385824.337: Application time: 0.0000602 seconds
2019-06-25T19:23:24.427+0000: 385824.337: Application time: 0.0000624 seconds
2019-06-25T19:23:29.428+0000: 385829.338: Application time: 5.0006445 seconds
2019-06-25T19:23:29.452+0000: 385829.362: Application time: 0.0235864 seconds
2019-06-25T19:23:34.661+0000: 385834.571: Application time: 5.2087082 seconds
2019-06-25T19:23:34.662+0000: 385834.572: Application time: 0.0000665 seconds
2019-06-25T19:23:34.662+0000: 385834.572: Application time: 0.0000633 seconds
2019-06-25T19:23:34.662+0000: 385834.572: Application time: 0.0000581 seconds
2019-06-25T19:23:34.662+0000: 385834.572: Application time: 0.0001590 seconds
2019-06-25T19:23:34.663+0000: 385834.572: Application time: 0.0001522 seconds
2019-06-25T19:23:34.689+0000: 385834.598: Application time: 0.0257782 seconds
2019-06-25T19:23:34.689+0000: 385834.599: Application time: 0.0002023 seconds
2019-06-25T19:23:34.689+0000: 385834.599: Application time: 0.0000693 seconds
2019-06-25T19:23:34.690+0000: 385834.599: Application time: 0.0000703 seconds
2019-06-25T19:23:37.285+0000: 385837.194: Application time: 2.5948253 seconds
{Heap before GC invocations=5469 (full 150):
 par new generation   total 9792K, used 9590K [0x00000000e1000000, 0x00000000e1aa0000, 0x00000000eb4a0000)
  eden space 8704K, 100% used [0x00000000e1000000, 0x00000000e1880000, 0x00000000e1880000)
  from space 1088K,  81% used [0x00000000e1990000, 0x00000000e1a6d810, 0x00000000e1aa0000)
  to   space 1088K,   0% used [0x00000000e1880000, 0x00000000e1880000, 0x00000000e1990000)
 concurrent mark-sweep generation total 118492K, used 66395K [0x00000000eb4a0000, 0x00000000f2857000, 0x0000000100000000)
 Metaspace       used 95794K, capacity 100009K, committed 100352K, reserved 1136640K
  class space    used 11685K, capacity 12457K, committed 12544K, reserved 1048576K
2019-06-25T19:23:37.285+0000: 385837.195: [GC (Allocation Failure) 2019-06-25T19:23:37.285+0000: 385837.195: [ParNew: 9590K->1068K(9792K), 0.0232714 secs] 75985K->67522K(128284K), 0.0240112 secs] [Times: user=0.04 sys=0.00, real=0.03 secs] 
Heap after GC invocations=5470 (full 150):
 par new generation   total 9792K, used 1068K [0x00000000e1000000, 0x00000000e1aa0000, 0x00000000eb4a0000)
  eden space 8704K,   0% used [0x00000000e1000000, 0x00000000e1000000, 0x00000000e1880000)
  from space 1088K,  98% used [0x00000000e1880000, 0x00000000e198b308, 0x00000000e1990000)
  to   space 1088K,   0% used [0x00000000e1990000, 0x00000000e1990000, 0x00000000e1aa0000)
 concurrent mark-sweep generation total 118492K, used 66454K [0x00000000eb4a0000, 0x00000000f2857000, 0x0000000100000000)
 Metaspace       used 95794K, capacity 100009K, committed 100352K, reserved 1136640K
  class space    used 11685K, capacity 12457K, committed 12544K, reserved 1048576K
}
2019-06-25T19:23:39.194+0000: 385839.104: Application time: 1.8841926 seconds
2019-06-25T19:23:39.218+0000: 385839.128: Application time: 0.0238298 seconds
2019-06-25T19:24:00.690+0000: 385860.600: Application time: 21.4716276 seconds
2019-06-25T19:24:00.691+0000: 385860.601: Application time: 0.0000744 seconds
2019-06-25T19:24:00.692+0000: 385860.602: Application time: 0.0000758 seconds
2019-06-25T19:24:00.692+0000: 385860.602: Application time: 0.0000668 seconds
2019-06-25T19:24:00.692+0000: 385860.602: Application time: 0.0001986 seconds
2019-06-25T19:24:00.692+0000: 385860.602: Application time: 0.0000873 seconds
2019-06-25T19:24:00.714+0000: 385860.624: Application time: 0.0213005 seconds
2019-06-25T19:24:00.714+0000: 385860.624: Application time: 0.0000984 seconds
2019-06-25T19:24:00.715+0000: 385860.624: Application time: 0.0000611 seconds
2019-06-25T19:24:00.715+0000: 385860.625: Application time: 0.0000578 seconds
2019-06-25T19:24:00.715+0000: 385860.625: Application time: 0.0000648 seconds
2019-06-25T19:24:04.820+0000: 385864.729: Application time: 4.1044802 seconds
2019-06-25T19:24:04.845+0000: 385864.755: Application time: 0.0256600 seconds
2019-06-25T19:24:10.850+0000: 385870.760: Application time: 6.0045492 seconds
2019-06-25T19:24:11.001+0000: 385870.911: Application time: 0.1507200 seconds
2019-06-25T19:24:12.705+0000: 385872.616: Application time: 1.7040040 seconds
2019-06-25T19:24:12.706+0000: 385872.616: Application time: 0.0000823 seconds
2019-06-25T19:24:12.706+0000: 385872.616: Application time: 0.0000582 seconds
2019-06-25T19:24:12.707+0000: 385872.617: Application time: 0.0001820 seconds
2019-06-25T19:24:12.707+0000: 385872.617: Application time: 0.0001152 seconds
2019-06-25T19:24:12.727+0000: 385872.637: Application time: 0.0198600 seconds
2019-06-25T19:24:12.727+0000: 385872.637: Application time: 0.0001139 seconds
2019-06-25T19:24:12.728+0000: 385872.638: Application time: 0.0000614 seconds
2019-06-25T19:24:12.728+0000: 385872.638: Application time: 0.0000579 seconds
2019-06-25T19:24:12.728+0000: 385872.638: Application time: 0.0000909 seconds
2019-06-25T19:24:17.187+0000: 385877.097: Application time: 4.4588373 seconds
2019-06-25T19:24:17.214+0000: 385877.124: Application time: 0.0264726 seconds
2019-06-25T19:24:26.742+0000: 385886.652: Application time: 9.5275641 seconds
{Heap before GC invocations=5470 (full 150):
 par new generation   total 9792K, used 9772K [0x00000000e1000000, 0x00000000e1aa0000, 0x00000000eb4a0000)
  eden space 8704K, 100% used [0x00000000e1000000, 0x00000000e1880000, 0x00000000e1880000)
  from space 1088K,  98% used [0x00000000e1880000, 0x00000000e198b308, 0x00000000e1990000)
  to   space 1088K,   0% used [0x00000000e1990000, 0x00000000e1990000, 0x00000000e1aa0000)
 concurrent mark-sweep generation total 118492K, used 66454K [0x00000000eb4a0000, 0x00000000f2857000, 0x0000000100000000)
 Metaspace       used 95794K, capacity 100009K, committed 100352K, reserved 1136640K
  class space    used 11685K, capacity 12457K, committed 12544K, reserved 1048576K
2019-06-25T19:24:26.742+0000: 385886.652: [GC (Allocation Failure) 2019-06-25T19:24:26.743+0000: 385886.653: [ParNew: 9772K->1088K(9792K), 0.0036868 secs] 76226K->67683K(128284K), 0.0044845 secs] [Times: user=0.00 sys=0.01, real=0.00 secs] 
Heap after GC invocations=5471 (full 150):
 par new generation   total 9792K, used 1088K [0x00000000e1000000, 0x00000000e1aa0000, 0x00000000eb4a0000)
  eden space 8704K,   0% used [0x00000000e1000000, 0x00000000e1000000, 0x00000000e1880000)
  from space 1088K, 100% used [0x00000000e1990000, 0x00000000e1aa0000, 0x00000000e1aa0000)
  to   space 1088K,   0% used [0x00000000e1880000, 0x00000000e1880000, 0x00000000e1990000)
 concurrent mark-sweep generation total 118492K, used 66595K [0x00000000eb4a0000, 0x00000000f2857000, 0x0000000100000000)
 Metaspace       used 95794K, capacity 100009K, committed 100352K, reserved 1136640K
  class space    used 11685K, capacity 12457K, committed 12544K, reserved 1048576K
}
2019-06-25T19:24:42.740+0000: 385902.650: Application time: 15.9925477 seconds
2019-06-25T19:24:42.741+0000: 385902.650: Application time: 0.0001479 seconds
2019-06-25T19:24:42.741+0000: 385902.651: Application time: 0.0001604 seconds
2019-06-25T19:24:42.742+0000: 385902.651: Application time: 0.0001774 seconds
2019-06-25T19:24:42.742+0000: 385902.652: Application time: 0.0002030 seconds
2019-06-25T19:24:42.763+0000: 385902.672: Application time: 0.0200987 seconds
2019-06-25T19:24:42.763+0000: 385902.673: Application time: 0.0001029 seconds
2019-06-25T19:24:42.763+0000: 385902.673: Application time: 0.0000613 seconds
2019-06-25T19:24:42.763+0000: 385902.673: Application time: 0.0000594 seconds
2019-06-25T19:24:42.764+0000: 385902.674: Application time: 0.0000591 seconds
2019-06-25T19:24:42.764+0000: 385902.674: Application time: 0.0000620 seconds
2019-06-25T19:24:44.745+0000: 385904.654: Application time: 1.9806615 seconds
2019-06-25T19:24:44.745+0000: 385904.655: Application time: 0.0001618 seconds
2019-06-25T19:24:44.745+0000: 385904.655: Application time: 0.0001386 seconds
2019-06-25T19:24:44.746+0000: 385904.656: Application time: 0.0001331 seconds
2019-06-25T19:24:44.746+0000: 385904.656: Application time: 0.0001494 seconds
2019-06-25T19:24:44.746+0000: 385904.656: Application time: 0.0001294 seconds
2019-06-25T19:24:44.747+0000: 385904.657: Application time: 0.0007766 seconds
2019-06-25T19:24:44.747+0000: 385904.657: Application time: 0.0001651 seconds
2019-06-25T19:24:44.766+0000: 385904.676: Application time: 0.0182530 seconds
2019-06-25T19:24:44.766+0000: 385904.676: Application time: 0.0001608 seconds
2019-06-25T19:24:49.356+0000: 385909.266: Application time: 4.5899016 seconds
2019-06-25T19:24:49.380+0000: 385909.290: Application time: 0.0233778 seconds
2019-06-25T19:25:10.853+0000: 385930.763: Application time: 21.4729561 seconds
2019-06-25T19:25:20.728+0000: 385940.638: Application time: 9.8748716 seconds
{Heap before GC invocations=5471 (full 150):
 par new generation   total 9792K, used 9792K [0x00000000e1000000, 0x00000000e1aa0000, 0x00000000eb4a0000)
  eden space 8704K, 100% used [0x00000000e1000000, 0x00000000e1880000, 0x00000000e1880000)
  from space 1088K, 100% used [0x00000000e1990000, 0x00000000e1aa0000, 0x00000000e1aa0000)
  to   space 1088K,   0% used [0x00000000e1880000, 0x00000000e1880000, 0x00000000e1990000)
 concurrent mark-sweep generation total 118492K, used 66595K [0x00000000eb4a0000, 0x00000000f2857000, 0x0000000100000000)
 Metaspace       used 95794K, capacity 100009K, committed 100352K, reserved 1136640K
  class space    used 11685K, capacity 12457K, committed 12544K, reserved 1048576K
2019-06-25T19:25:20.730+0000: 385940.639: [GC (Allocation Failure) 2019-06-25T19:25:20.730+0000: 385940.640: [ParNew: 9792K->733K(9792K), 0.0049503 secs] 76387K->67804K(128284K), 0.0058019 secs] [Times: user=0.01 sys=0.00, real=0.00 secs] 
Heap after GC invocations=5472 (full 150):
 par new generation   total 9792K, used 733K [0x00000000e1000000, 0x00000000e1aa0000, 0x00000000eb4a0000)
  eden space 8704K,   0% used [0x00000000e1000000, 0x00000000e1000000, 0x00000000e1880000)
  from space 1088K,  67% used [0x00000000e1880000, 0x00000000e1937670, 0x00000000e1990000)
  to   space 1088K,   0% used [0x00000000e1990000, 0x00000000e1990000, 0x00000000e1aa0000)
 concurrent mark-sweep generation total 118492K, used 67070K [0x00000000eb4a0000, 0x00000000f2857000, 0x0000000100000000)
 Metaspace       used 95794K, capacity 100009K, committed 100352K, reserved 1136640K
  class space    used 11685K, capacity 12457K, committed 12544K, reserved 1048576K
}
2019-06-25T19:26:26.858+0000: 386006.768: Application time: 66.1222215 seconds
2019-06-25T19:26:26.859+0000: 386006.769: Application time: 0.0000941 seconds
2019-06-25T19:26:26.859+0000: 386006.769: Application time: 0.0000698 seconds
2019-06-25T19:26:26.859+0000: 386006.769: Application time: 0.0000549 seconds
2019-06-25T19:26:26.860+0000: 386006.770: Application time: 0.0000648 seconds
2019-06-25T19:26:26.860+0000: 386006.770: Application time: 0.0000662 seconds
2019-06-25T19:26:26.861+0000: 386006.770: Application time: 0.0001071 seconds
2019-06-25T19:26:26.861+0000: 386006.771: Application time: 0.0000780 seconds
2019-06-25T19:26:37.870+0000: 386017.780: Application time: 11.0090678 seconds
2019-06-25T19:26:37.870+0000: 386017.780: Application time: 0.0002262 seconds
2019-06-25T19:26:37.871+0000: 386017.781: Application time: 0.0001884 seconds
2019-06-25T19:26:37.871+0000: 386017.781: Application time: 0.0000786 seconds
2019-06-25T19:26:37.871+0000: 386017.781: Application time: 0.0000633 seconds
2019-06-25T19:26:37.872+0000: 386017.781: Application time: 0.0000579 seconds
2019-06-25T19:26:37.872+0000: 386017.782: Application time: 0.0000624 seconds
2019-06-25T19:26:37.872+0000: 386017.782: Application time: 0.0001644 seconds
{Heap before GC invocations=5472 (full 150):
 par new generation   total 9792K, used 9437K [0x00000000e1000000, 0x00000000e1aa0000, 0x00000000eb4a0000)
  eden space 8704K, 100% used [0x00000000e1000000, 0x00000000e1880000, 0x00000000e1880000)
  from space 1088K,  67% used [0x00000000e1880000, 0x00000000e1937670, 0x00000000e1990000)
  to   space 1088K,   0% used [0x00000000e1990000, 0x00000000e1990000, 0x00000000e1aa0000)
 concurrent mark-sweep generation total 118492K, used 67070K [0x00000000eb4a0000, 0x00000000f2857000, 0x0000000100000000)
 Metaspace       used 95794K, capacity 100009K, committed 100352K, reserved 1136640K
  class space    used 11685K, capacity 12457K, committed 12544K, reserved 1048576K
2019-06-25T19:26:37.873+0000: 386017.783: [GC (Allocation Failure) 2019-06-25T19:26:37.873+0000: 386017.783: [ParNew: 9437K->769K(9792K), 0.0076824 secs] 76508K->68109K(128284K), 0.0087130 secs] [Times: user=0.02 sys=0.00, real=0.01 secs] 
Heap after GC invocations=5473 (full 150):
 par new generation   total 9792K, used 769K [0x00000000e1000000, 0x00000000e1aa0000, 0x00000000eb4a0000)
  eden space 8704K,   0% used [0x00000000e1000000, 0x00000000e1000000, 0x00000000e1880000)
  from space 1088K,  70% used [0x00000000e1990000, 0x00000000e1a50748, 0x00000000e1aa0000)
  to   space 1088K,   0% used [0x00000000e1880000, 0x00000000e1880000, 0x00000000e1990000)
 concurrent mark-sweep generation total 118492K, used 67340K [0x00000000eb4a0000, 0x00000000f2857000, 0x0000000100000000)
 Metaspace       used 95794K, capacity 100009K, committed 100352K, reserved 1136640K
  class space    used 11685K, capacity 12457K, committed 12544K, reserved 1048576K
}
2019-06-25T19:26:37.883+0000: 386017.792: Application time: 0.0004396 seconds
2019-06-25T19:26:42.046+0000: 386021.956: Application time: 4.1633683 seconds
2019-06-25T19:26:42.071+0000: 386021.981: Application time: 0.0246577 seconds
2019-06-25T19:26:51.894+0000: 386031.804: Application time: 9.8222395 seconds
2019-06-25T19:26:51.895+0000: 386031.805: Application time: 0.0000602 seconds
2019-06-25T19:26:51.895+0000: 386031.805: Application time: 0.0000821 seconds
2019-06-25T19:26:51.895+0000: 386031.805: Application time: 0.0000579 seconds
2019-06-25T19:26:51.896+0000: 386031.806: Application time: 0.0001366 seconds
2019-06-25T19:26:51.896+0000: 386031.806: Application time: 0.0000576 seconds
2019-06-25T19:26:51.896+0000: 386031.806: Application time: 0.0000829 seconds
2019-06-25T19:26:51.896+0000: 386031.806: Application time: 0.0000773 seconds
2019-06-25T19:26:56.733+0000: 386036.643: Application time: 4.8368942 seconds
2019-06-25T19:26:56.759+0000: 386036.669: Application time: 0.0256195 seconds
2019-06-25T19:27:10.272+0000: 386050.182: Application time: 13.5122396 seconds
2019-06-25T19:27:10.272+0000: 386050.182: Application time: 0.0001760 seconds
2019-06-25T19:27:10.859+0000: 386050.769: Application time: 0.5863305 seconds
2019-06-25T19:27:40.326+0000: 386080.236: Application time: 29.4669395 seconds
{Heap before GC invocations=5473 (full 150):
 par new generation   total 9792K, used 9436K [0x00000000e1000000, 0x00000000e1aa0000, 0x00000000eb4a0000)
  eden space 8704K,  99% used [0x00000000e1000000, 0x00000000e1876ab0, 0x00000000e1880000)
  from space 1088K,  70% used [0x00000000e1990000, 0x00000000e1a50748, 0x00000000e1aa0000)
  to   space 1088K,   0% used [0x00000000e1880000, 0x00000000e1880000, 0x00000000e1990000)
 concurrent mark-sweep generation total 118492K, used 67340K [0x00000000eb4a0000, 0x00000000f2857000, 0x0000000100000000)
 Metaspace       used 95798K, capacity 100015K, committed 100352K, reserved 1136640K
  class space    used 11685K, capacity 12458K, committed 12544K, reserved 1048576K
2019-06-25T19:27:40.327+0000: 386080.237: [GC (Allocation Failure) 2019-06-25T19:27:40.327+0000: 386080.237: [ParNew: 9436K->690K(9792K), 0.0065729 secs] 76776K->68264K(128284K), 0.0072916 secs] [Times: user=0.00 sys=0.00, real=0.01 secs] 
Heap after GC invocations=5474 (full 150):
 par new generation   total 9792K, used 690K [0x00000000e1000000, 0x00000000e1aa0000, 0x00000000eb4a0000)
  eden space 8704K,   0% used [0x00000000e1000000, 0x00000000e1000000, 0x00000000e1880000)
  from space 1088K,  63% used [0x00000000e1880000, 0x00000000e192cbf8, 0x00000000e1990000)
  to   space 1088K,   0% used [0x00000000e1990000, 0x00000000e1990000, 0x00000000e1aa0000)
 concurrent mark-sweep generation total 118492K, used 67573K [0x00000000eb4a0000, 0x00000000f2857000, 0x0000000100000000)
 Metaspace       used 95798K, capacity 100015K, committed 100352K, reserved 1136640K
  class space    used 11685K, capacity 12458K, committed 12544K, reserved 1048576K
}
2019-06-25T19:27:40.938+0000: 386080.848: Application time: 0.6031628 seconds
2019-06-25T19:27:40.938+0000: 386080.848: Application time: 0.0001188 seconds
2019-06-25T19:27:40.939+0000: 386080.849: Application time: 0.0000653 seconds
2019-06-25T19:27:40.939+0000: 386080.849: Application time: 0.0000290 seconds
2019-06-25T19:27:40.940+0000: 386080.849: Application time: 0.0000661 seconds
2019-06-25T19:27:40.940+0000: 386080.850: Application time: 0.0001280 seconds
2019-06-25T19:27:40.940+0000: 386080.850: Application time: 0.0000831 seconds
2019-06-25T19:27:44.014+0000: 386083.923: Application time: 3.0734810 seconds
2019-06-25T19:27:44.014+0000: 386083.924: Application time: 0.0001318 seconds
2019-06-25T19:27:45.323+0000: 386085.233: Application time: 1.3090727 seconds
2019-06-25T19:27:45.356+0000: 386085.266: Application time: 0.0327806 seconds
2019-06-25T19:28:10.860+0000: 386110.770: Application time: 25.5039280 seconds
2019-06-25T19:28:10.862+0000: 386110.772: Application time: 0.0016241 seconds
2019-06-25T19:28:13.574+0000: 386113.484: Application time: 2.7116789 seconds
2019-06-25T19:28:13.576+0000: 386113.486: Application time: 0.0014779 seconds
2019-06-25T19:29:07.317+0000: 386167.227: Application time: 53.7409580 seconds
{Heap before GC invocations=5474 (full 150):
 par new generation   total 9792K, used 9394K [0x00000000e1000000, 0x00000000e1aa0000, 0x00000000eb4a0000)
  eden space 8704K, 100% used [0x00000000e1000000, 0x00000000e1880000, 0x00000000e1880000)
  from space 1088K,  63% used [0x00000000e1880000, 0x00000000e192cbf8, 0x00000000e1990000)
  to   space 1088K,   0% used [0x00000000e1990000, 0x00000000e1990000, 0x00000000e1aa0000)
 concurrent mark-sweep generation total 118492K, used 67573K [0x00000000eb4a0000, 0x00000000f2857000, 0x0000000100000000)
 Metaspace       used 95798K, capacity 100015K, committed 100352K, reserved 1136640K
  class space    used 11685K, capacity 12458K, committed 12544K, reserved 1048576K
2019-06-25T19:29:07.318+0000: 386167.228: [GC (Allocation Failure) 2019-06-25T19:29:07.318+0000: 386167.228: [ParNew: 9394K->564K(9792K), 0.0036916 secs] 76968K->68294K(128284K), 0.0044313 secs] [Times: user=0.00 sys=0.01, real=0.01 secs] 
Heap after GC invocations=5475 (full 150):
 par new generation   total 9792K, used 564K [0x00000000e1000000, 0x00000000e1aa0000, 0x00000000eb4a0000)
  eden space 8704K,   0% used [0x00000000e1000000, 0x00000000e1000000, 0x00000000e1880000)
  from space 1088K,  51% used [0x00000000e1990000, 0x00000000e1a1d250, 0x00000000e1aa0000)
  to   space 1088K,   0% used [0x00000000e1880000, 0x00000000e1880000, 0x00000000e1990000)
 concurrent mark-sweep generation total 118492K, used 67730K [0x00000000eb4a0000, 0x00000000f2857000, 0x0000000100000000)
 Metaspace       used 95798K, capacity 100015K, committed 100352K, reserved 1136640K
  class space    used 11685K, capacity 12458K, committed 12544K, reserved 1048576K
}
2019-06-25T19:29:11.028+0000: 386170.938: Application time: 3.7052011 seconds
2019-06-25T19:30:45.174+0000: 386265.084: Application time: 94.1455477 seconds
{Heap before GC invocations=5475 (full 150):
 par new generation   total 9792K, used 9268K [0x00000000e1000000, 0x00000000e1aa0000, 0x00000000eb4a0000)
  eden space 8704K, 100% used [0x00000000e1000000, 0x00000000e1880000, 0x00000000e1880000)
  from space 1088K,  51% used [0x00000000e1990000, 0x00000000e1a1d250, 0x00000000e1aa0000)
  to   space 1088K,   0% used [0x00000000e1880000, 0x00000000e1880000, 0x00000000e1990000)
 concurrent mark-sweep generation total 118492K, used 67730K [0x00000000eb4a0000, 0x00000000f2857000, 0x0000000100000000)
 Metaspace       used 95798K, capacity 100015K, committed 100352K, reserved 1136640K
  class space    used 11685K, capacity 12458K, committed 12544K, reserved 1048576K
2019-06-25T19:30:45.175+0000: 386265.085: [GC (Allocation Failure) 2019-06-25T19:30:45.175+0000: 386265.085: [ParNew: 9268K->621K(9792K), 0.0082253 secs] 76998K->68352K(128284K), 0.0091330 secs] [Times: user=0.01 sys=0.00, real=0.01 secs] 
Heap after GC invocations=5476 (full 150):
 par new generation   total 9792K, used 621K [0x00000000e1000000, 0x00000000e1aa0000, 0x00000000eb4a0000)
  eden space 8704K,   0% used [0x00000000e1000000, 0x00000000e1000000, 0x00000000e1880000)
  from space 1088K,  57% used [0x00000000e1880000, 0x00000000e191b7d8, 0x00000000e1990000)
  to   space 1088K,   0% used [0x00000000e1990000, 0x00000000e1990000, 0x00000000e1aa0000)
 concurrent mark-sweep generation total 118492K, used 67730K [0x00000000eb4a0000, 0x00000000f2857000, 0x0000000100000000)
 Metaspace       used 95798K, capacity 100015K, committed 100352K, reserved 1136640K
  class space    used 11685K, capacity 12458K, committed 12544K, reserved 1048576K
}
2019-06-25T19:31:09.120+0000: 386289.030: Application time: 23.9355276 seconds
2019-06-25T19:31:09.121+0000: 386289.031: Application time: 0.0000702 seconds
2019-06-25T19:31:09.121+0000: 386289.031: Application time: 0.0000627 seconds
2019-06-25T19:31:09.121+0000: 386289.031: Application time: 0.0000613 seconds
2019-06-25T19:31:09.122+0000: 386289.032: Application time: 0.0000536 seconds
2019-06-25T19:31:09.122+0000: 386289.032: Application time: 0.0002522 seconds
2019-06-25T19:31:09.123+0000: 386289.032: Application time: 0.0001710 seconds
2019-06-25T19:31:10.277+0000: 386290.187: Application time: 1.1540429 seconds
2019-06-25T19:31:10.277+0000: 386290.187: Application time: 0.0000693 seconds
2019-06-25T19:31:10.870+0000: 386290.780: Application time: 0.5926294 seconds
2019-06-25T19:31:10.873+0000: 386290.783: Application time: 0.0030143 seconds
2019-06-25T19:31:13.703+0000: 386293.613: Application time: 2.8296787 seconds
2019-06-25T19:31:13.728+0000: 386293.638: Application time: 0.0245837 seconds
2019-06-25T19:32:05.169+0000: 386345.079: Application time: 51.4407242 seconds
{Heap before GC invocations=5476 (full 150):
 par new generation   total 9792K, used 9325K [0x00000000e1000000, 0x00000000e1aa0000, 0x00000000eb4a0000)
  eden space 8704K, 100% used [0x00000000e1000000, 0x00000000e1880000, 0x00000000e1880000)
  from space 1088K,  57% used [0x00000000e1880000, 0x00000000e191b7d8, 0x00000000e1990000)
  to   space 1088K,   0% used [0x00000000e1990000, 0x00000000e1990000, 0x00000000e1aa0000)
 concurrent mark-sweep generation total 118492K, used 67730K [0x00000000eb4a0000, 0x00000000f2857000, 0x0000000100000000)
 Metaspace       used 95798K, capacity 100015K, committed 100352K, reserved 1136640K
  class space    used 11685K, capacity 12458K, committed 12544K, reserved 1048576K
2019-06-25T19:32:05.170+0000: 386345.080: [GC (Allocation Failure) 2019-06-25T19:32:05.170+0000: 386345.080: [ParNew: 9325K->708K(9792K), 0.0035852 secs] 77056K->68618K(128284K), 0.0044441 secs] [Times: user=0.00 sys=0.00, real=0.00 secs] 
Heap after GC invocations=5477 (full 150):
 par new generation   total 9792K, used 708K [0x00000000e1000000, 0x00000000e1aa0000, 0x00000000eb4a0000)
  eden space 8704K,   0% used [0x00000000e1000000, 0x00000000e1000000, 0x00000000e1880000)
  from space 1088K,  65% used [0x00000000e1990000, 0x00000000e1a41220, 0x00000000e1aa0000)
  to   space 1088K,   0% used [0x00000000e1880000, 0x00000000e1880000, 0x00000000e1990000)
 concurrent mark-sweep generation total 118492K, used 67910K [0x00000000eb4a0000, 0x00000000f2857000, 0x0000000100000000)
 Metaspace       used 95798K, capacity 100015K, committed 100352K, reserved 1136640K
  class space    used 11685K, capacity 12458K, committed 12544K, reserved 1048576K
}
2019-06-25T19:33:43.095+0000: 386443.005: Application time: 97.9196184 seconds
{Heap before GC invocations=5477 (full 150):
 par new generation   total 9792K, used 9412K [0x00000000e1000000, 0x00000000e1aa0000, 0x00000000eb4a0000)
  eden space 8704K,  99% used [0x00000000e1000000, 0x00000000e187fff8, 0x00000000e1880000)
  from space 1088K,  65% used [0x00000000e1990000, 0x00000000e1a41220, 0x00000000e1aa0000)
  to   space 1088K,   0% used [0x00000000e1880000, 0x00000000e1880000, 0x00000000e1990000)
 concurrent mark-sweep generation total 118492K, used 67910K [0x00000000eb4a0000, 0x00000000f2857000, 0x0000000100000000)
 Metaspace       used 95798K, capacity 100015K, committed 100352K, reserved 1136640K
  class space    used 11685K, capacity 12458K, committed 12544K, reserved 1048576K
2019-06-25T19:33:43.096+0000: 386443.006: [GC (Allocation Failure) 2019-06-25T19:33:43.096+0000: 386443.006: [ParNew: 9412K->945K(9792K), 0.0102589 secs] 77322K->68855K(128284K), 0.0109819 secs] [Times: user=0.02 sys=0.00, real=0.01 secs] 
Heap after GC invocations=5478 (full 150):
 par new generation   total 9792K, used 945K [0x00000000e1000000, 0x00000000e1aa0000, 0x00000000eb4a0000)
  eden space 8704K,   0% used [0x00000000e1000000, 0x00000000e1000000, 0x00000000e1880000)
  from space 1088K,  86% used [0x00000000e1880000, 0x00000000e196c780, 0x00000000e1990000)
  to   space 1088K,   0% used [0x00000000e1990000, 0x00000000e1990000, 0x00000000e1aa0000)
 concurrent mark-sweep generation total 118492K, used 67910K [0x00000000eb4a0000, 0x00000000f2857000, 0x0000000100000000)
 Metaspace       used 95798K, capacity 100015K, committed 100352K, reserved 1136640K
  class space    used 11685K, capacity 12458K, committed 12544K, reserved 1048576K
}
2019-06-25T19:34:10.560+0000: 386470.470: Application time: 27.4528180 seconds
2019-06-25T19:34:25.854+0000: 386485.764: Application time: 15.2931633 seconds
2019-06-25T19:35:23.349+0000: 386543.259: Application time: 57.4944571 seconds
{Heap before GC invocations=5478 (full 150):
 par new generation   total 9792K, used 9649K [0x00000000e1000000, 0x00000000e1aa0000, 0x00000000eb4a0000)
  eden space 8704K, 100% used [0x00000000e1000000, 0x00000000e1880000, 0x00000000e1880000)
  from space 1088K,  86% used [0x00000000e1880000, 0x00000000e196c780, 0x00000000e1990000)
  to   space 1088K,   0% used [0x00000000e1990000, 0x00000000e1990000, 0x00000000e1aa0000)
 concurrent mark-sweep generation total 118492K, used 67910K [0x00000000eb4a0000, 0x00000000f2857000, 0x0000000100000000)
 Metaspace       used 95798K, capacity 100015K, committed 100352K, reserved 1136640K
  class space    used 11685K, capacity 12458K, committed 12544K, reserved 1048576K
2019-06-25T19:35:23.350+0000: 386543.260: [GC (Allocation Failure) 2019-06-25T19:35:23.350+0000: 386543.260: [ParNew: 9649K->793K(9792K), 0.0050354 secs] 77559K->68872K(128284K), 0.0058195 secs] [Times: user=0.01 sys=0.00, real=0.00 secs] 
Heap after GC invocations=5479 (full 150):
 par new generation   total 9792K, used 793K [0x00000000e1000000, 0x00000000e1aa0000, 0x00000000eb4a0000)
  eden space 8704K,   0% used [0x00000000e1000000, 0x00000000e1000000, 0x00000000e1880000)
  from space 1088K,  72% used [0x00000000e1990000, 0x00000000e1a56648, 0x00000000e1aa0000)
  to   space 1088K,   0% used [0x00000000e1880000, 0x00000000e1880000, 0x00000000e1990000)
 concurrent mark-sweep generation total 118492K, used 68079K [0x00000000eb4a0000, 0x00000000f2857000, 0x0000000100000000)
 Metaspace       used 95798K, capacity 100015K, committed 100352K, reserved 1136640K
  class space    used 11685K, capacity 12458K, committed 12544K, reserved 1048576K
}
2019-06-25T19:37:05.539+0000: 386645.449: Application time: 102.1830287 seconds
{Heap before GC invocations=5479 (full 150):
 par new generation   total 9792K, used 9497K [0x00000000e1000000, 0x00000000e1aa0000, 0x00000000eb4a0000)
  eden space 8704K, 100% used [0x00000000e1000000, 0x00000000e1880000, 0x00000000e1880000)
  from space 1088K,  72% used [0x00000000e1990000, 0x00000000e1a56648, 0x00000000e1aa0000)
  to   space 1088K,   0% used [0x00000000e1880000, 0x00000000e1880000, 0x00000000e1990000)
 concurrent mark-sweep generation total 118492K, used 68079K [0x00000000eb4a0000, 0x00000000f2857000, 0x0000000100000000)
 Metaspace       used 95798K, capacity 100015K, committed 100352K, reserved 1136640K
  class space    used 11685K, capacity 12458K, committed 12544K, reserved 1048576K
2019-06-25T19:37:05.540+0000: 386645.450: [GC (Allocation Failure) 2019-06-25T19:37:05.541+0000: 386645.450: [ParNew: 9497K->839K(9792K), 0.0038091 secs] 77576K->68918K(128284K), 0.0046193 secs] [Times: user=0.01 sys=0.00, real=0.00 secs] 
Heap after GC invocations=5480 (full 150):
 par new generation   total 9792K, used 839K [0x00000000e1000000, 0x00000000e1aa0000, 0x00000000eb4a0000)
  eden space 8704K,   0% used [0x00000000e1000000, 0x00000000e1000000, 0x00000000e1880000)
  from space 1088K,  77% used [0x00000000e1880000, 0x00000000e1951d38, 0x00000000e1990000)
  to   space 1088K,   0% used [0x00000000e1990000, 0x00000000e1990000, 0x00000000e1aa0000)
 concurrent mark-sweep generation total 118492K, used 68079K [0x00000000eb4a0000, 0x00000000f2857000, 0x0000000100000000)
 Metaspace       used 95798K, capacity 100015K, committed 100352K, reserved 1136640K
  class space    used 11685K, capacity 12458K, committed 12544K, reserved 1048576K
}
2019-06-25T19:38:10.555+0000: 386710.465: Application time: 65.0091459 seconds
2019-06-25T19:38:43.643+0000: 386743.553: Application time: 33.0881602 seconds
{Heap before GC invocations=5480 (full 150):
 par new generation   total 9792K, used 9543K [0x00000000e1000000, 0x00000000e1aa0000, 0x00000000eb4a0000)
  eden space 8704K, 100% used [0x00000000e1000000, 0x00000000e1880000, 0x00000000e1880000)
  from space 1088K,  77% used [0x00000000e1880000, 0x00000000e1951d38, 0x00000000e1990000)
  to   space 1088K,   0% used [0x00000000e1990000, 0x00000000e1990000, 0x00000000e1aa0000)
 concurrent mark-sweep generation total 118492K, used 68079K [0x00000000eb4a0000, 0x00000000f2857000, 0x0000000100000000)
 Metaspace       used 95799K, capacity 100015K, committed 100352K, reserved 1136640K
  class space    used 11685K, capacity 12458K, committed 12544K, reserved 1048576K
2019-06-25T19:38:43.644+0000: 386743.554: [GC (Allocation Failure) 2019-06-25T19:38:43.644+0000: 386743.554: [ParNew: 9543K->492K(9792K), 0.0043341 secs] 77622K->68741K(128284K), 0.0051847 secs] [Times: user=0.00 sys=0.01, real=0.01 secs] 
Heap after GC invocations=5481 (full 150):
 par new generation   total 9792K, used 492K [0x00000000e1000000, 0x00000000e1aa0000, 0x00000000eb4a0000)
  eden space 8704K,   0% used [0x00000000e1000000, 0x00000000e1000000, 0x00000000e1880000)
  from space 1088K,  45% used [0x00000000e1990000, 0x00000000e1a0b380, 0x00000000e1aa0000)
  to   space 1088K,   0% used [0x00000000e1880000, 0x00000000e1880000, 0x00000000e1990000)
 concurrent mark-sweep generation total 118492K, used 68248K [0x00000000eb4a0000, 0x00000000f2857000, 0x0000000100000000)
 Metaspace       used 95799K, capacity 100015K, committed 100352K, reserved 1136640K
  class space    used 11685K, capacity 12458K, committed 12544K, reserved 1048576K
}
2019-06-25T19:39:10.586+0000: 386770.496: Application time: 26.9361209 seconds
2019-06-25T19:40:13.139+0000: 386833.049: Application time: 62.5527835 seconds
2019-06-25T19:40:13.141+0000: 386833.051: Application time: 0.0014539 seconds
2019-06-25T19:40:23.689+0000: 386843.599: Application time: 10.5480972 seconds
{Heap before GC invocations=5481 (full 150):
 par new generation   total 9792K, used 9196K [0x00000000e1000000, 0x00000000e1aa0000, 0x00000000eb4a0000)
  eden space 8704K, 100% used [0x00000000e1000000, 0x00000000e1880000, 0x00000000e1880000)
  from space 1088K,  45% used [0x00000000e1990000, 0x00000000e1a0b380, 0x00000000e1aa0000)
  to   space 1088K,   0% used [0x00000000e1880000, 0x00000000e1880000, 0x00000000e1990000)
 concurrent mark-sweep generation total 118492K, used 68248K [0x00000000eb4a0000, 0x00000000f2857000, 0x0000000100000000)
 Metaspace       used 95799K, capacity 100015K, committed 100352K, reserved 1136640K
  class space    used 11685K, capacity 12458K, committed 12544K, reserved 1048576K
2019-06-25T19:40:23.690+0000: 386843.600: [GC (Allocation Failure) 2019-06-25T19:40:23.691+0000: 386843.601: [ParNew: 9196K->709K(9792K), 0.0032131 secs] 77445K->68957K(128284K), 0.0040930 secs] [Times: user=0.00 sys=0.00, real=0.00 secs] 
Heap after GC invocations=5482 (full 150):
 par new generation   total 9792K, used 709K [0x00000000e1000000, 0x00000000e1aa0000, 0x00000000eb4a0000)
  eden space 8704K,   0% used [0x00000000e1000000, 0x00000000e1000000, 0x00000000e1880000)
  from space 1088K,  65% used [0x00000000e1880000, 0x00000000e1931548, 0x00000000e1990000)
  to   space 1088K,   0% used [0x00000000e1990000, 0x00000000e1990000, 0x00000000e1aa0000)
 concurrent mark-sweep generation total 118492K, used 68248K [0x00000000eb4a0000, 0x00000000f2857000, 0x0000000100000000)
 Metaspace       used 95799K, capacity 100015K, committed 100352K, reserved 1136640K
  class space    used 11685K, capacity 12458K, committed 12544K, reserved 1048576K
}
2019-06-25T19:42:05.698+0000: 386945.608: Application time: 102.0031357 seconds
{Heap before GC invocations=5482 (full 150):
 par new generation   total 9792K, used 9413K [0x00000000e1000000, 0x00000000e1aa0000, 0x00000000eb4a0000)
  eden space 8704K, 100% used [0x00000000e1000000, 0x00000000e1880000, 0x00000000e1880000)
  from space 1088K,  65% used [0x00000000e1880000, 0x00000000e1931548, 0x00000000e1990000)
  to   space 1088K,   0% used [0x00000000e1990000, 0x00000000e1990000, 0x00000000e1aa0000)
 concurrent mark-sweep generation total 118492K, used 68248K [0x00000000eb4a0000, 0x00000000f2857000, 0x0000000100000000)
 Metaspace       used 95799K, capacity 100015K, committed 100352K, reserved 1136640K
  class space    used 11685K, capacity 12458K, committed 12544K, reserved 1048576K
2019-06-25T19:42:05.699+0000: 386945.609: [GC (Allocation Failure) 2019-06-25T19:42:05.700+0000: 386945.609: [ParNew: 9413K->836K(9792K), 0.0035474 secs] 77661K->69108K(128284K), 0.0043922 secs] [Times: user=0.00 sys=0.01, real=0.00 secs] 
Heap after GC invocations=5483 (full 150):
 par new generation   total 9792K, used 836K [0x00000000e1000000, 0x00000000e1aa0000, 0x00000000eb4a0000)
  eden space 8704K,   0% used [0x00000000e1000000, 0x00000000e1000000, 0x00000000e1880000)
  from space 1088K,  76% used [0x00000000e1990000, 0x00000000e1a610a8, 0x00000000e1aa0000)
  to   space 1088K,   0% used [0x00000000e1880000, 0x00000000e1880000, 0x00000000e1990000)
 concurrent mark-sweep generation total 118492K, used 68272K [0x00000000eb4a0000, 0x00000000f2857000, 0x0000000100000000)
 Metaspace       used 95799K, capacity 100015K, committed 100352K, reserved 1136640K
  class space    used 11685K, capacity 12458K, committed 12544K, reserved 1048576K
}
2019-06-25T19:43:44.119+0000: 387044.029: Application time: 98.4144747 seconds
{Heap before GC invocations=5483 (full 150):
 par new generation   total 9792K, used 9540K [0x00000000e1000000, 0x00000000e1aa0000, 0x00000000eb4a0000)
  eden space 8704K, 100% used [0x00000000e1000000, 0x00000000e1880000, 0x00000000e1880000)
  from space 1088K,  76% used [0x00000000e1990000, 0x00000000e1a610a8, 0x00000000e1aa0000)
  to   space 1088K,   0% used [0x00000000e1880000, 0x00000000e1880000, 0x00000000e1990000)
 concurrent mark-sweep generation total 118492K, used 68272K [0x00000000eb4a0000, 0x00000000f2857000, 0x0000000100000000)
 Metaspace       used 95799K, capacity 100015K, committed 100352K, reserved 1136640K
  class space    used 11685K, capacity 12458K, committed 12544K, reserved 1048576K
2019-06-25T19:43:44.120+0000: 387044.030: [GC (Allocation Failure) 2019-06-25T19:43:44.121+0000: 387044.030: [ParNew: 9540K->711K(9792K), 0.0032665 secs] 77812K->68987K(128284K), 0.0042460 secs] [Times: user=0.00 sys=0.01, real=0.00 secs] 
Heap after GC invocations=5484 (full 150):
 par new generation   total 9792K, used 711K [0x00000000e1000000, 0x00000000e1aa0000, 0x00000000eb4a0000)
  eden space 8704K,   0% used [0x00000000e1000000, 0x00000000e1000000, 0x00000000e1880000)
  from space 1088K,  65% used [0x00000000e1880000, 0x00000000e1931c90, 0x00000000e1990000)
  to   space 1088K,   0% used [0x00000000e1990000, 0x00000000e1990000, 0x00000000e1aa0000)
 concurrent mark-sweep generation total 118492K, used 68276K [0x00000000eb4a0000, 0x00000000f2857000, 0x0000000100000000)
 Metaspace       used 95799K, capacity 100015K, committed 100352K, reserved 1136640K
  class space    used 11685K, capacity 12458K, committed 12544K, reserved 1048576K
}
2019-06-25T19:44:10.613+0000: 387070.523: Application time: 26.4876165 seconds
2019-06-25T19:45:25.912+0000: 387145.822: Application time: 75.2990695 seconds
{Heap before GC invocations=5484 (full 150):
 par new generation   total 9792K, used 9415K [0x00000000e1000000, 0x00000000e1aa0000, 0x00000000eb4a0000)
  eden space 8704K, 100% used [0x00000000e1000000, 0x00000000e1880000, 0x00000000e1880000)
  from space 1088K,  65% used [0x00000000e1880000, 0x00000000e1931c90, 0x00000000e1990000)
  to   space 1088K,   0% used [0x00000000e1990000, 0x00000000e1990000, 0x00000000e1aa0000)
 concurrent mark-sweep generation total 118492K, used 68276K [0x00000000eb4a0000, 0x00000000f2857000, 0x0000000100000000)
 Metaspace       used 95799K, capacity 100015K, committed 100352K, reserved 1136640K
  class space    used 11685K, capacity 12458K, committed 12544K, reserved 1048576K
2019-06-25T19:45:25.913+0000: 387145.823: [GC (Allocation Failure) 2019-06-25T19:45:25.913+0000: 387145.823: [ParNew: 9415K->690K(9792K), 0.0033527 secs] 77691K->68966K(128284K), 0.0043296 secs] [Times: user=0.00 sys=0.00, real=0.00 secs] 
Heap after GC invocations=5485 (full 150):
 par new generation   total 9792K, used 690K [0x00000000e1000000, 0x00000000e1aa0000, 0x00000000eb4a0000)
  eden space 8704K,   0% used [0x00000000e1000000, 0x00000000e1000000, 0x00000000e1880000)
  from space 1088K,  63% used [0x00000000e1990000, 0x00000000e1a3c900, 0x00000000e1aa0000)
  to   space 1088K,   0% used [0x00000000e1880000, 0x00000000e1880000, 0x00000000e1990000)
 concurrent mark-sweep generation total 118492K, used 68276K [0x00000000eb4a0000, 0x00000000f2857000, 0x0000000100000000)
 Metaspace       used 95799K, capacity 100015K, committed 100352K, reserved 1136640K
  class space    used 11685K, capacity 12458K, committed 12544K, reserved 1048576K
}
2019-06-25T19:47:07.969+0000: 387247.879: Application time: 102.0511334 seconds
{Heap before GC invocations=5485 (full 150):
 par new generation   total 9792K, used 9394K [0x00000000e1000000, 0x00000000e1aa0000, 0x00000000eb4a0000)
  eden space 8704K, 100% used [0x00000000e1000000, 0x00000000e1880000, 0x00000000e1880000)
  from space 1088K,  63% used [0x00000000e1990000, 0x00000000e1a3c900, 0x00000000e1aa0000)
  to   space 1088K,   0% used [0x00000000e1880000, 0x00000000e1880000, 0x00000000e1990000)
 concurrent mark-sweep generation total 118492K, used 68276K [0x00000000eb4a0000, 0x00000000f2857000, 0x0000000100000000)
 Metaspace       used 95799K, capacity 100015K, committed 100352K, reserved 1136640K
  class space    used 11685K, capacity 12458K, committed 12544K, reserved 1048576K
2019-06-25T19:47:07.970+0000: 387247.880: [GC (Allocation Failure) 2019-06-25T19:47:07.971+0000: 387247.881: [ParNew: 9394K->839K(9792K), 0.0033351 secs] 77670K->69116K(128284K), 0.0043895 secs] [Times: user=0.01 sys=0.00, real=0.00 secs] 
Heap after GC invocations=5486 (full 150):
 par new generation   total 9792K, used 839K [0x00000000e1000000, 0x00000000e1aa0000, 0x00000000eb4a0000)
  eden space 8704K,   0% used [0x00000000e1000000, 0x00000000e1000000, 0x00000000e1880000)
  from space 1088K,  77% used [0x00000000e1880000, 0x00000000e1951c38, 0x00000000e1990000)
  to   space 1088K,   0% used [0x00000000e1990000, 0x00000000e1990000, 0x00000000e1aa0000)
 concurrent mark-sweep generation total 118492K, used 68277K [0x00000000eb4a0000, 0x00000000f2857000, 0x0000000100000000)
 Metaspace       used 95799K, capacity 100015K, committed 100352K, reserved 1136640K
  class space    used 11685K, capacity 12458K, committed 12544K, reserved 1048576K
}
2019-06-25T19:48:45.061+0000: 387344.971: Application time: 97.0859033 seconds
{Heap before GC invocations=5486 (full 150):
 par new generation   total 9792K, used 9543K [0x00000000e1000000, 0x00000000e1aa0000, 0x00000000eb4a0000)
  eden space 8704K, 100% used [0x00000000e1000000, 0x00000000e1880000, 0x00000000e1880000)
  from space 1088K,  77% used [0x00000000e1880000, 0x00000000e1951c38, 0x00000000e1990000)
  to   space 1088K,   0% used [0x00000000e1990000, 0x00000000e1990000, 0x00000000e1aa0000)
 concurrent mark-sweep generation total 118492K, used 68277K [0x00000000eb4a0000, 0x00000000f2857000, 0x0000000100000000)
 Metaspace       used 95799K, capacity 100015K, committed 100352K, reserved 1136640K
  class space    used 11685K, capacity 12458K, committed 12544K, reserved 1048576K
2019-06-25T19:48:45.062+0000: 387344.972: [GC (Allocation Failure) 2019-06-25T19:48:45.062+0000: 387344.972: [ParNew: 9543K->886K(9792K), 0.0045042 secs] 77820K->69218K(128284K), 0.0053850 secs] [Times: user=0.00 sys=0.01, real=0.00 secs] 
Heap after GC invocations=5487 (full 150):
 par new generation   total 9792K, used 886K [0x00000000e1000000, 0x00000000e1aa0000, 0x00000000eb4a0000)
  eden space 8704K,   0% used [0x00000000e1000000, 0x00000000e1000000, 0x00000000e1880000)
  from space 1088K,  81% used [0x00000000e1990000, 0x00000000e1a6da60, 0x00000000e1aa0000)
  to   space 1088K,   0% used [0x00000000e1880000, 0x00000000e1880000, 0x00000000e1990000)
 concurrent mark-sweep generation total 118492K, used 68331K [0x00000000eb4a0000, 0x00000000f2857000, 0x0000000100000000)
 Metaspace       used 95799K, capacity 100015K, committed 100352K, reserved 1136640K
  class space    used 11685K, capacity 12458K, committed 12544K, reserved 1048576K
}
2019-06-25T19:49:10.129+0000: 387370.039: Application time: 25.0605778 seconds
2019-06-25T19:50:26.633+0000: 387446.543: Application time: 76.5040813 seconds
{Heap before GC invocations=5487 (full 150):
 par new generation   total 9792K, used 9590K [0x00000000e1000000, 0x00000000e1aa0000, 0x00000000eb4a0000)
  eden space 8704K, 100% used [0x00000000e1000000, 0x00000000e1880000, 0x00000000e1880000)
  from space 1088K,  81% used [0x00000000e1990000, 0x00000000e1a6da60, 0x00000000e1aa0000)
  to   space 1088K,   0% used [0x00000000e1880000, 0x00000000e1880000, 0x00000000e1990000)
 concurrent mark-sweep generation total 118492K, used 68331K [0x00000000eb4a0000, 0x00000000f2857000, 0x0000000100000000)
 Metaspace       used 95799K, capacity 100015K, committed 100352K, reserved 1136640K
  class space    used 11685K, capacity 12458K, committed 12544K, reserved 1048576K
2019-06-25T19:50:26.634+0000: 387446.544: [GC (Allocation Failure) 2019-06-25T19:50:26.635+0000: 387446.544: [ParNew: 9590K->489K(9792K), 0.0038706 secs] 77922K->68821K(128284K), 0.0048812 secs] [Times: user=0.00 sys=0.00, real=0.01 secs] 
Heap after GC invocations=5488 (full 150):
 par new generation   total 9792K, used 489K [0x00000000e1000000, 0x00000000e1aa0000, 0x00000000eb4a0000)
  eden space 8704K,   0% used [0x00000000e1000000, 0x00000000e1000000, 0x00000000e1880000)
  from space 1088K,  45% used [0x00000000e1880000, 0x00000000e18fa798, 0x00000000e1990000)
  to   space 1088K,   0% used [0x00000000e1990000, 0x00000000e1990000, 0x00000000e1aa0000)
 concurrent mark-sweep generation total 118492K, used 68331K [0x00000000eb4a0000, 0x00000000f2857000, 0x0000000100000000)
 Metaspace       used 95799K, capacity 100015K, committed 100352K, reserved 1136640K
  class space    used 11685K, capacity 12458K, committed 12544K, reserved 1048576K
}
2019-06-25T19:50:44.169+0000: 387464.078: Application time: 17.5288088 seconds
2019-06-25T19:50:44.173+0000: 387464.083: Application time: 0.0001045 seconds
2019-06-25T19:50:44.174+0000: 387464.083: Application time: 0.0000782 seconds
2019-06-25T19:50:44.175+0000: 387464.085: Application time: 0.0005348 seconds
2019-06-25T19:50:44.176+0000: 387464.086: Application time: 0.0001025 seconds
2019-06-25T19:50:44.176+0000: 387464.086: Application time: 0.0001293 seconds
2019-06-25T19:50:44.176+0000: 387464.086: Application time: 0.0000849 seconds
2019-06-25T19:52:08.352+0000: 387548.262: Application time: 84.1752829 seconds
{Heap before GC invocations=5488 (full 150):
 par new generation   total 9792K, used 9193K [0x00000000e1000000, 0x00000000e1aa0000, 0x00000000eb4a0000)
  eden space 8704K, 100% used [0x00000000e1000000, 0x00000000e1880000, 0x00000000e1880000)
  from space 1088K,  45% used [0x00000000e1880000, 0x00000000e18fa798, 0x00000000e1990000)
  to   space 1088K,   0% used [0x00000000e1990000, 0x00000000e1990000, 0x00000000e1aa0000)
 concurrent mark-sweep generation total 118492K, used 68331K [0x00000000eb4a0000, 0x00000000f2857000, 0x0000000100000000)
 Metaspace       used 95799K, capacity 100015K, committed 100352K, reserved 1136640K
  class space    used 11685K, capacity 12458K, committed 12544K, reserved 1048576K
2019-06-25T19:52:08.353+0000: 387548.263: [GC (Allocation Failure) 2019-06-25T19:52:08.353+0000: 387548.263: [ParNew: 9193K->740K(9792K), 0.0044863 secs] 77525K->69072K(128284K), 0.0057675 secs] [Times: user=0.01 sys=0.00, real=0.01 secs] 
Heap after GC invocations=5489 (full 150):
 par new generation   total 9792K, used 740K [0x00000000e1000000, 0x00000000e1aa0000, 0x00000000eb4a0000)
  eden space 8704K,   0% used [0x00000000e1000000, 0x00000000e1000000, 0x00000000e1880000)
  from space 1088K,  68% used [0x00000000e1990000, 0x00000000e1a49240, 0x00000000e1aa0000)
  to   space 1088K,   0% used [0x00000000e1880000, 0x00000000e1880000, 0x00000000e1990000)
 concurrent mark-sweep generation total 118492K, used 68331K [0x00000000eb4a0000, 0x00000000f2857000, 0x0000000100000000)
 Metaspace       used 95799K, capacity 100015K, committed 100352K, reserved 1136640K
  class space    used 11685K, capacity 12458K, committed 12544K, reserved 1048576K
}
2019-06-25T19:53:05.993+0000: 387605.903: Application time: 57.6332539 seconds
2019-06-25T19:53:06.019+0000: 387605.929: Application time: 0.0254120 seconds
2019-06-25T19:53:13.714+0000: 387613.624: Application time: 7.6952355 seconds
2019-06-25T19:53:13.716+0000: 387613.626: Application time: 0.0015431 seconds
2019-06-25T19:53:18.035+0000: 387617.945: Application time: 4.3179414 seconds
{Heap before GC invocations=5489 (full 150):
 par new generation   total 9792K, used 9425K [0x00000000e1000000, 0x00000000e1aa0000, 0x00000000eb4a0000)
  eden space 8704K,  99% used [0x00000000e1000000, 0x00000000e187b358, 0x00000000e1880000)
  from space 1088K,  68% used [0x00000000e1990000, 0x00000000e1a49240, 0x00000000e1aa0000)
  to   space 1088K,   0% used [0x00000000e1880000, 0x00000000e1880000, 0x00000000e1990000)
 concurrent mark-sweep generation total 118492K, used 68331K [0x00000000eb4a0000, 0x00000000f2857000, 0x0000000100000000)
 Metaspace       used 95799K, capacity 100015K, committed 100352K, reserved 1136640K
  class space    used 11685K, capacity 12458K, committed 12544K, reserved 1048576K
2019-06-25T19:53:18.035+0000: 387617.945: [GC (Allocation Failure) 2019-06-25T19:53:18.035+0000: 387617.945: [ParNew: 9425K->825K(9792K), 0.0037087 secs] 77756K->69156K(128284K), 0.0044425 secs] [Times: user=0.01 sys=0.00, real=0.01 secs] 
Heap after GC invocations=5490 (full 150):
 par new generation   total 9792K, used 825K [0x00000000e1000000, 0x00000000e1aa0000, 0x00000000eb4a0000)
  eden space 8704K,   0% used [0x00000000e1000000, 0x00000000e1000000, 0x00000000e1880000)
  from space 1088K,  75% used [0x00000000e1880000, 0x00000000e194e470, 0x00000000e1990000)
  to   space 1088K,   0% used [0x00000000e1990000, 0x00000000e1990000, 0x00000000e1aa0000)
 concurrent mark-sweep generation total 118492K, used 68331K [0x00000000eb4a0000, 0x00000000f2857000, 0x0000000100000000)
 Metaspace       used 95799K, capacity 100015K, committed 100352K, reserved 1136640K
  class space    used 11685K, capacity 12458K, committed 12544K, reserved 1048576K
}
2019-06-25T19:53:18.308+0000: 387618.218: Application time: 0.2679130 seconds
2019-06-25T19:53:18.309+0000: 387618.218: Application time: 0.0000702 seconds
2019-06-25T19:53:18.309+0000: 387618.219: Application time: 0.0001121 seconds
2019-06-25T19:53:18.309+0000: 387618.219: Application time: 0.0000670 seconds
2019-06-25T19:53:18.310+0000: 387618.220: Application time: 0.0000926 seconds
2019-06-25T19:53:18.310+0000: 387618.220: Application time: 0.0000722 seconds
2019-06-25T19:53:18.311+0000: 387618.220: Application time: 0.0001311 seconds
2019-06-25T19:53:18.311+0000: 387618.221: Application time: 0.0000910 seconds
2019-06-25T19:53:23.033+0000: 387622.943: Application time: 4.7216647 seconds
2019-06-25T19:53:23.063+0000: 387622.973: Application time: 0.0295567 seconds
2019-06-25T19:53:23.916+0000: 387623.826: Application time: 0.8525903 seconds
2019-06-25T19:53:23.917+0000: 387623.826: Application time: 0.0001043 seconds
2019-06-25T19:53:23.917+0000: 387623.827: Application time: 0.0000897 seconds
2019-06-25T19:53:24.316+0000: 387624.226: Application time: 0.3987295 seconds
2019-06-25T19:53:24.316+0000: 387624.226: Application time: 0.0000737 seconds
2019-06-25T19:53:24.317+0000: 387624.226: Application time: 0.0000654 seconds
2019-06-25T19:53:24.317+0000: 387624.227: Application time: 0.0001705 seconds
2019-06-25T19:53:24.318+0000: 387624.228: Application time: 0.0005598 seconds
2019-06-25T19:53:24.318+0000: 387624.228: Application time: 0.0000608 seconds
2019-06-25T19:53:24.319+0000: 387624.229: Application time: 0.0001703 seconds
2019-06-25T19:53:24.319+0000: 387624.229: Application time: 0.0000594 seconds
2019-06-25T19:53:24.320+0000: 387624.229: Application time: 0.0000641 seconds
2019-06-25T19:53:28.918+0000: 387628.828: Application time: 4.5980611 seconds
2019-06-25T19:53:28.943+0000: 387628.853: Application time: 0.0244644 seconds
2019-06-25T19:53:48.239+0000: 387648.149: Application time: 19.2955073 seconds
{Heap before GC invocations=5490 (full 150):
 par new generation   total 9792K, used 9529K [0x00000000e1000000, 0x00000000e1aa0000, 0x00000000eb4a0000)
  eden space 8704K, 100% used [0x00000000e1000000, 0x00000000e1880000, 0x00000000e1880000)
  from space 1088K,  75% used [0x00000000e1880000, 0x00000000e194e470, 0x00000000e1990000)
  to   space 1088K,   0% used [0x00000000e1990000, 0x00000000e1990000, 0x00000000e1aa0000)
 concurrent mark-sweep generation total 118492K, used 68331K [0x00000000eb4a0000, 0x00000000f2857000, 0x0000000100000000)
 Metaspace       used 95799K, capacity 100015K, committed 100352K, reserved 1136640K
  class space    used 11685K, capacity 12458K, committed 12544K, reserved 1048576K
2019-06-25T19:53:48.240+0000: 387648.149: [GC (Allocation Failure) 2019-06-25T19:53:48.240+0000: 387648.150: [ParNew: 9529K->951K(9792K), 0.0151017 secs] 77860K->69433K(128284K), 0.0160241 secs] [Times: user=0.02 sys=0.01, real=0.01 secs] 
Heap after GC invocations=5491 (full 150):
 par new generation   total 9792K, used 951K [0x00000000e1000000, 0x00000000e1aa0000, 0x00000000eb4a0000)
  eden space 8704K,   0% used [0x00000000e1000000, 0x00000000e1000000, 0x00000000e1880000)
  from space 1088K,  87% used [0x00000000e1990000, 0x00000000e1a7dc30, 0x00000000e1aa0000)
  to   space 1088K,   0% used [0x00000000e1880000, 0x00000000e1880000, 0x00000000e1990000)
 concurrent mark-sweep generation total 118492K, used 68482K [0x00000000eb4a0000, 0x00000000f2857000, 0x0000000100000000)
 Metaspace       used 95799K, capacity 100015K, committed 100352K, reserved 1136640K
  class space    used 11685K, capacity 12458K, committed 12544K, reserved 1048576K
}
2019-06-25T19:53:48.340+0000: 387648.249: Application time: 0.0834236 seconds
2019-06-25T19:53:48.340+0000: 387648.250: Application time: 0.0001699 seconds
2019-06-25T19:53:48.340+0000: 387648.250: Application time: 0.0001846 seconds
2019-06-25T19:53:48.341+0000: 387648.251: Application time: 0.0003168 seconds
2019-06-25T19:53:48.342+0000: 387648.251: Application time: 0.0000957 seconds
2019-06-25T19:53:48.342+0000: 387648.252: Application time: 0.0000717 seconds
2019-06-25T19:53:48.342+0000: 387648.252: Application time: 0.0000598 seconds
2019-06-25T19:53:48.342+0000: 387648.252: Application time: 0.0000592 seconds
2019-06-25T19:53:48.343+0000: 387648.252: Application time: 0.0000634 seconds
2019-06-25T19:53:53.215+0000: 387653.124: Application time: 4.8719677 seconds
2019-06-25T19:53:53.258+0000: 387653.168: Application time: 0.0432317 seconds
2019-06-25T19:54:06.358+0000: 387666.268: Application time: 13.0992285 seconds
2019-06-25T19:54:06.358+0000: 387666.268: Application time: 0.0000986 seconds
2019-06-25T19:54:06.359+0000: 387666.269: Application time: 0.0000592 seconds
2019-06-25T19:54:06.359+0000: 387666.269: Application time: 0.0000724 seconds
2019-06-25T19:54:06.359+0000: 387666.269: Application time: 0.0000602 seconds
2019-06-25T19:54:06.360+0000: 387666.270: Application time: 0.0000636 seconds
2019-06-25T19:54:10.155+0000: 387670.066: Application time: 3.7955144 seconds
2019-06-25T19:54:10.302+0000: 387670.212: Application time: 0.1456708 seconds
2019-06-25T19:54:10.302+0000: 387670.212: Application time: 0.0000798 seconds
2019-06-25T19:54:10.302+0000: 387670.212: Application time: 0.0001601 seconds
2019-06-25T19:54:10.303+0000: 387670.213: Application time: 0.0001427 seconds
2019-06-25T19:54:10.709+0000: 387670.619: Application time: 0.4065597 seconds
2019-06-25T19:54:10.733+0000: 387670.643: Application time: 0.0235162 seconds
2019-06-25T19:54:10.933+0000: 387670.843: Application time: 0.1998483 seconds
2019-06-25T19:54:19.371+0000: 387679.281: Application time: 8.4371694 seconds
2019-06-25T19:54:19.371+0000: 387679.281: Application time: 0.0000645 seconds
2019-06-25T19:54:24.154+0000: 387684.063: Application time: 4.7821339 seconds
2019-06-25T19:54:24.179+0000: 387684.089: Application time: 0.0253299 seconds
2019-06-25T19:54:42.933+0000: 387702.843: Application time: 18.7538522 seconds
{Heap before GC invocations=5491 (full 150):
 par new generation   total 9792K, used 9655K [0x00000000e1000000, 0x00000000e1aa0000, 0x00000000eb4a0000)
  eden space 8704K, 100% used [0x00000000e1000000, 0x00000000e1880000, 0x00000000e1880000)
  from space 1088K,  87% used [0x00000000e1990000, 0x00000000e1a7dc30, 0x00000000e1aa0000)
  to   space 1088K,   0% used [0x00000000e1880000, 0x00000000e1880000, 0x00000000e1990000)
 concurrent mark-sweep generation total 118492K, used 68482K [0x00000000eb4a0000, 0x00000000f2857000, 0x0000000100000000)
 Metaspace       used 95817K, capacity 100045K, committed 100352K, reserved 1136640K
  class space    used 11688K, capacity 12463K, committed 12544K, reserved 1048576K
2019-06-25T19:54:42.935+0000: 387702.845: [GC (Allocation Failure) 2019-06-25T19:54:42.935+0000: 387702.845: [ParNew: 9655K->977K(9792K), 0.0430128 secs] 78137K->69875K(128284K), 0.0436533 secs] [Times: user=0.09 sys=0.00, real=0.05 secs] 
Heap after GC invocations=5492 (full 150):
 par new generation   total 9792K, used 977K [0x00000000e1000000, 0x00000000e1aa0000, 0x00000000eb4a0000)
  eden space 8704K,   0% used [0x00000000e1000000, 0x00000000e1000000, 0x00000000e1880000)
  from space 1088K,  89% used [0x00000000e1880000, 0x00000000e1974598, 0x00000000e1990000)
  to   space 1088K,   0% used [0x00000000e1990000, 0x00000000e1990000, 0x00000000e1aa0000)
 concurrent mark-sweep generation total 118492K, used 68898K [0x00000000eb4a0000, 0x00000000f2857000, 0x0000000100000000)
 Metaspace       used 95817K, capacity 100045K, committed 100352K, reserved 1136640K
  class space    used 11688K, capacity 12463K, committed 12544K, reserved 1048576K
}
2019-06-25T19:54:44.198+0000: 387704.108: Application time: 1.2188527 seconds
2019-06-25T19:54:44.198+0000: 387704.108: Application time: 0.0000818 seconds
2019-06-25T19:54:44.199+0000: 387704.109: Application time: 0.0000719 seconds
2019-06-25T19:54:44.199+0000: 387704.109: Application time: 0.0000531 seconds
2019-06-25T19:54:44.200+0000: 387704.110: Application time: 0.0000582 seconds
2019-06-25T19:54:44.200+0000: 387704.110: Application time: 0.0000637 seconds
2019-06-25T19:54:44.200+0000: 387704.110: Application time: 0.0001385 seconds
2019-06-25T19:54:44.200+0000: 387704.110: Application time: 0.0000864 seconds
2019-06-25T19:55:10.937+0000: 387730.846: Application time: 26.7358728 seconds
2019-06-25T19:56:20.359+0000: 387800.269: Application time: 69.4224809 seconds
{Heap before GC invocations=5492 (full 150):
 par new generation   total 9792K, used 9681K [0x00000000e1000000, 0x00000000e1aa0000, 0x00000000eb4a0000)
  eden space 8704K, 100% used [0x00000000e1000000, 0x00000000e1880000, 0x00000000e1880000)
  from space 1088K,  89% used [0x00000000e1880000, 0x00000000e1974598, 0x00000000e1990000)
  to   space 1088K,   0% used [0x00000000e1990000, 0x00000000e1990000, 0x00000000e1aa0000)
 concurrent mark-sweep generation total 118492K, used 68898K [0x00000000eb4a0000, 0x00000000f2857000, 0x0000000100000000)
 Metaspace       used 95817K, capacity 100045K, committed 100352K, reserved 1136640K
  class space    used 11688K, capacity 12463K, committed 12544K, reserved 1048576K
2019-06-25T19:56:20.360+0000: 387800.270: [GC (Allocation Failure) 2019-06-25T19:56:20.360+0000: 387800.270: [ParNew: 9681K->674K(9792K), 0.0251110 secs] 78579K->69864K(128284K), 0.0261506 secs] [Times: user=0.05 sys=0.00, real=0.02 secs] 
Heap after GC invocations=5493 (full 150):
 par new generation   total 9792K, used 674K [0x00000000e1000000, 0x00000000e1aa0000, 0x00000000eb4a0000)
  eden space 8704K,   0% used [0x00000000e1000000, 0x00000000e1000000, 0x00000000e1880000)
  from space 1088K,  61% used [0x00000000e1990000, 0x00000000e1a389a8, 0x00000000e1aa0000)
  to   space 1088K,   0% used [0x00000000e1880000, 0x00000000e1880000, 0x00000000e1990000)
 concurrent mark-sweep generation total 118492K, used 69190K [0x00000000eb4a0000, 0x00000000f2857000, 0x0000000100000000)
 Metaspace       used 95817K, capacity 100045K, committed 100352K, reserved 1136640K
  class space    used 11688K, capacity 12463K, committed 12544K, reserved 1048576K
}
2019-06-25T19:56:21.477+0000: 387801.386: Application time: 1.0892799 seconds
2019-06-25T19:56:21.477+0000: 387801.387: Application time: 0.0001611 seconds
2019-06-25T19:56:21.477+0000: 387801.387: Application time: 0.0001710 seconds
2019-06-25T19:56:25.660+0000: 387805.570: Application time: 4.1827368 seconds
2019-06-25T19:56:25.686+0000: 387805.596: Application time: 0.0252634 seconds
2019-06-25T19:56:27.127+0000: 387807.037: Application time: 1.4402405 seconds
2019-06-25T19:56:27.131+0000: 387807.041: Application time: 0.0000784 seconds
2019-06-25T19:56:27.132+0000: 387807.041: Application time: 0.0000867 seconds
2019-06-25T19:56:27.132+0000: 387807.042: Application time: 0.0000653 seconds
2019-06-25T19:56:27.132+0000: 387807.042: Application time: 0.0000685 seconds
2019-06-25T19:56:27.483+0000: 387807.393: Application time: 0.3507378 seconds
2019-06-25T19:56:27.484+0000: 387807.393: Application time: 0.0000654 seconds
2019-06-25T19:56:27.484+0000: 387807.394: Application time: 0.0000798 seconds
2019-06-25T19:56:32.133+0000: 387812.043: Application time: 4.6489958 seconds
2019-06-25T19:56:32.157+0000: 387812.067: Application time: 0.0243287 seconds
2019-06-25T19:56:44.214+0000: 387824.123: Application time: 12.0555096 seconds
2019-06-25T19:56:44.214+0000: 387824.124: Application time: 0.0001558 seconds
2019-06-25T19:56:44.214+0000: 387824.125: Application time: 0.0006751 seconds
2019-06-25T19:56:44.215+0000: 387824.125: Application time: 0.0001078 seconds
2019-06-25T19:56:44.215+0000: 387824.125: Application time: 0.0000631 seconds
2019-06-25T19:56:44.216+0000: 387824.126: Application time: 0.0001657 seconds
2019-06-25T19:56:44.216+0000: 387824.126: Application time: 0.0001111 seconds
2019-06-25T19:56:57.666+0000: 387837.575: Application time: 13.4495007 seconds
2019-06-25T19:57:10.942+0000: 387850.851: Application time: 13.2757876 seconds
2019-06-25T19:57:13.065+0000: 387852.975: Application time: 2.1230808 seconds
{Heap before GC invocations=5493 (full 150):
 par new generation   total 9792K, used 9378K [0x00000000e1000000, 0x00000000e1aa0000, 0x00000000eb4a0000)
  eden space 8704K,  99% used [0x00000000e1000000, 0x00000000e187fff0, 0x00000000e1880000)
  from space 1088K,  61% used [0x00000000e1990000, 0x00000000e1a389a8, 0x00000000e1aa0000)
  to   space 1088K,   0% used [0x00000000e1880000, 0x00000000e1880000, 0x00000000e1990000)
 concurrent mark-sweep generation total 118492K, used 69190K [0x00000000eb4a0000, 0x00000000f2857000, 0x0000000100000000)
 Metaspace       used 95817K, capacity 100045K, committed 100352K, reserved 1136640K
  class space    used 11688K, capacity 12463K, committed 12544K, reserved 1048576K
2019-06-25T19:57:13.066+0000: 387852.976: [GC (Allocation Failure) 2019-06-25T19:57:13.066+0000: 387852.976: [ParNew: 9378K->724K(9792K), 0.0034216 secs] 78568K->69914K(128284K), 0.0042659 secs] [Times: user=0.01 sys=0.00, real=0.01 secs] 
Heap after GC invocations=5494 (full 150):
 par new generation   total 9792K, used 724K [0x00000000e1000000, 0x00000000e1aa0000, 0x00000000eb4a0000)
  eden space 8704K,   0% used [0x00000000e1000000, 0x00000000e1000000, 0x00000000e1880000)
  from space 1088K,  66% used [0x00000000e1880000, 0x00000000e1935150, 0x00000000e1990000)
  to   space 1088K,   0% used [0x00000000e1990000, 0x00000000e1990000, 0x00000000e1aa0000)
 concurrent mark-sweep generation total 118492K, used 69190K [0x00000000eb4a0000, 0x00000000f2857000, 0x0000000100000000)
 Metaspace       used 95817K, capacity 100045K, committed 100352K, reserved 1136640K
  class space    used 11688K, capacity 12463K, committed 12544K, reserved 1048576K
}
2019-06-25T19:57:27.535+0000: 387867.445: Application time: 14.4643833 seconds
2019-06-25T19:57:27.536+0000: 387867.445: Application time: 0.0000618 seconds
2019-06-25T19:57:27.536+0000: 387867.446: Application time: 0.0000477 seconds
2019-06-25T19:57:31.718+0000: 387871.628: Application time: 4.1822721 seconds
2019-06-25T19:57:31.744+0000: 387871.653: Application time: 0.0244694 seconds
2019-06-25T19:57:44.223+0000: 387884.132: Application time: 12.4787968 seconds
2019-06-25T19:57:44.223+0000: 387884.133: Application time: 0.0001997 seconds
2019-06-25T19:57:44.223+0000: 387884.133: Application time: 0.0001408 seconds
2019-06-25T19:57:44.224+0000: 387884.134: Application time: 0.0001640 seconds
2019-06-25T19:57:44.224+0000: 387884.134: Application time: 0.0001551 seconds
2019-06-25T19:57:44.225+0000: 387884.135: Application time: 0.0003316 seconds
2019-06-25T19:57:44.225+0000: 387884.135: Application time: 0.0001896 seconds
2019-06-25T19:57:44.226+0000: 387884.136: Application time: 0.0010896 seconds
2019-06-25T19:58:26.588+0000: 387926.498: Application time: 42.3614084 seconds
{Heap before GC invocations=5494 (full 150):
 par new generation   total 9792K, used 9428K [0x00000000e1000000, 0x00000000e1aa0000, 0x00000000eb4a0000)
  eden space 8704K, 100% used [0x00000000e1000000, 0x00000000e1880000, 0x00000000e1880000)
  from space 1088K,  66% used [0x00000000e1880000, 0x00000000e1935150, 0x00000000e1990000)
  to   space 1088K,   0% used [0x00000000e1990000, 0x00000000e1990000, 0x00000000e1aa0000)
 concurrent mark-sweep generation total 118492K, used 69190K [0x00000000eb4a0000, 0x00000000f2857000, 0x0000000100000000)
 Metaspace       used 95817K, capacity 100045K, committed 100352K, reserved 1136640K
  class space    used 11688K, capacity 12463K, committed 12544K, reserved 1048576K
2019-06-25T19:58:26.589+0000: 387926.499: [GC (Allocation Failure) 2019-06-25T19:58:26.589+0000: 387926.499: [ParNew: 9428K->708K(9792K), 0.0037555 secs] 78618K->70143K(128284K), 0.0047244 secs] [Times: user=0.01 sys=0.00, real=0.00 secs] 
Heap after GC invocations=5495 (full 150):
 par new generation   total 9792K, used 708K [0x00000000e1000000, 0x00000000e1aa0000, 0x00000000eb4a0000)
  eden space 8704K,   0% used [0x00000000e1000000, 0x00000000e1000000, 0x00000000e1880000)
  from space 1088K,  65% used [0x00000000e1990000, 0x00000000e1a41398, 0x00000000e1aa0000)
  to   space 1088K,   0% used [0x00000000e1880000, 0x00000000e1880000, 0x00000000e1990000)
 concurrent mark-sweep generation total 118492K, used 69434K [0x00000000eb4a0000, 0x00000000f2857000, 0x0000000100000000)
 Metaspace       used 95817K, capacity 100045K, committed 100352K, reserved 1136640K
  class space    used 11688K, capacity 12463K, committed 12544K, reserved 1048576K
}
2019-06-25T19:59:10.186+0000: 387970.096: Application time: 43.5918711 seconds
2019-06-25T19:59:26.176+0000: 387986.085: Application time: 15.9889404 seconds
2019-06-25T20:00:09.719+0000: 388029.629: Application time: 43.5435862 seconds
{Heap before GC invocations=5495 (full 150):
 par new generation   total 9792K, used 9412K [0x00000000e1000000, 0x00000000e1aa0000, 0x00000000eb4a0000)
  eden space 8704K, 100% used [0x00000000e1000000, 0x00000000e1880000, 0x00000000e1880000)
  from space 1088K,  65% used [0x00000000e1990000, 0x00000000e1a41398, 0x00000000e1aa0000)
  to   space 1088K,   0% used [0x00000000e1880000, 0x00000000e1880000, 0x00000000e1990000)
 concurrent mark-sweep generation total 118492K, used 69434K [0x00000000eb4a0000, 0x00000000f2857000, 0x0000000100000000)
 Metaspace       used 95817K, capacity 100045K, committed 100352K, reserved 1136640K
  class space    used 11688K, capacity 12463K, committed 12544K, reserved 1048576K
2019-06-25T20:00:09.720+0000: 388029.630: [GC (Allocation Failure) 2019-06-25T20:00:09.721+0000: 388029.631: [ParNew: 9412K->643K(9792K), 0.0063605 secs] 78847K->70158K(128284K), 0.0072230 secs] [Times: user=0.00 sys=0.00, real=0.00 secs] 
Heap after GC invocations=5496 (full 150):
 par new generation   total 9792K, used 643K [0x00000000e1000000, 0x00000000e1aa0000, 0x00000000eb4a0000)
  eden space 8704K,   0% used [0x00000000e1000000, 0x00000000e1000000, 0x00000000e1880000)
  from space 1088K,  59% used [0x00000000e1880000, 0x00000000e1920f08, 0x00000000e1990000)
  to   space 1088K,   0% used [0x00000000e1990000, 0x00000000e1990000, 0x00000000e1aa0000)
 concurrent mark-sweep generation total 118492K, used 69514K [0x00000000eb4a0000, 0x00000000f2857000, 0x0000000100000000)
 Metaspace       used 95817K, capacity 100045K, committed 100352K, reserved 1136640K
  class space    used 11688K, capacity 12463K, committed 12544K, reserved 1048576K
}
2019-06-25T20:00:48.750+0000: 388068.660: Application time: 39.0220273 seconds
2019-06-25T20:00:48.751+0000: 388068.660: Application time: 0.0000711 seconds
2019-06-25T20:00:48.751+0000: 388068.661: Application time: 0.0001778 seconds
2019-06-25T20:00:48.751+0000: 388068.661: Application time: 0.0000660 seconds
2019-06-25T20:00:48.752+0000: 388068.662: Application time: 0.0000912 seconds
2019-06-25T20:00:48.752+0000: 388068.662: Application time: 0.0000674 seconds
2019-06-25T20:00:48.752+0000: 388068.662: Application time: 0.0001459 seconds
2019-06-25T20:00:53.360+0000: 388073.270: Application time: 4.6072699 seconds
2019-06-25T20:00:53.384+0000: 388073.294: Application time: 0.0243831 seconds
2019-06-25T20:01:10.952+0000: 388090.862: Application time: 17.5675217 seconds
2019-06-25T20:01:25.786+0000: 388105.696: Application time: 14.8333871 seconds
{Heap before GC invocations=5496 (full 150):
 par new generation   total 9792K, used 9347K [0x00000000e1000000, 0x00000000e1aa0000, 0x00000000eb4a0000)
  eden space 8704K, 100% used [0x00000000e1000000, 0x00000000e1880000, 0x00000000e1880000)
  from space 1088K,  59% used [0x00000000e1880000, 0x00000000e1920f08, 0x00000000e1990000)
  to   space 1088K,   0% used [0x00000000e1990000, 0x00000000e1990000, 0x00000000e1aa0000)
 concurrent mark-sweep generation total 118492K, used 69514K [0x00000000eb4a0000, 0x00000000f2857000, 0x0000000100000000)
 Metaspace       used 95817K, capacity 100045K, committed 100352K, reserved 1136640K
  class space    used 11688K, capacity 12463K, committed 12544K, reserved 1048576K
2019-06-25T20:01:25.787+0000: 388105.696: [GC (Allocation Failure) 2019-06-25T20:01:25.787+0000: 388105.697: [ParNew: 9347K->561K(9792K), 0.0047429 secs] 78862K->70312K(128284K), 0.0055549 secs] [Times: user=0.01 sys=0.00, real=0.01 secs] 
Heap after GC invocations=5497 (full 150):
 par new generation   total 9792K, used 561K [0x00000000e1000000, 0x00000000e1aa0000, 0x00000000eb4a0000)
  eden space 8704K,   0% used [0x00000000e1000000, 0x00000000e1000000, 0x00000000e1880000)
  from space 1088K,  51% used [0x00000000e1990000, 0x00000000e1a1c580, 0x00000000e1aa0000)
  to   space 1088K,   0% used [0x00000000e1880000, 0x00000000e1880000, 0x00000000e1990000)
 concurrent mark-sweep generation total 118492K, used 69751K [0x00000000eb4a0000, 0x00000000f2857000, 0x0000000100000000)
 Metaspace       used 95817K, capacity 100045K, committed 100352K, reserved 1136640K
  class space    used 11688K, capacity 12463K, committed 12544K, reserved 1048576K
}
2019-06-25T20:02:35.851+0000: 388175.761: Application time: 70.0584138 seconds
2019-06-25T20:02:35.852+0000: 388175.761: Application time: 0.0000630 seconds
2019-06-25T20:02:35.852+0000: 388175.762: Application time: 0.0000648 seconds
2019-06-25T20:03:08.077+0000: 388207.987: Application time: 32.2254570 seconds
{Heap before GC invocations=5497 (full 150):
 par new generation   total 9792K, used 9265K [0x00000000e1000000, 0x00000000e1aa0000, 0x00000000eb4a0000)
  eden space 8704K, 100% used [0x00000000e1000000, 0x00000000e1880000, 0x00000000e1880000)
  from space 1088K,  51% used [0x00000000e1990000, 0x00000000e1a1c580, 0x00000000e1aa0000)
  to   space 1088K,   0% used [0x00000000e1880000, 0x00000000e1880000, 0x00000000e1990000)
 concurrent mark-sweep generation total 118492K, used 69751K [0x00000000eb4a0000, 0x00000000f2857000, 0x0000000100000000)
 Metaspace       used 95817K, capacity 100045K, committed 100352K, reserved 1136640K
  class space    used 11688K, capacity 12463K, committed 12544K, reserved 1048576K
2019-06-25T20:03:08.078+0000: 388207.988: [GC (Allocation Failure) 2019-06-25T20:03:08.078+0000: 388207.988: [ParNew: 9265K->644K(9792K), 0.0031640 secs] 79016K->70396K(128284K), 0.0038735 secs] [Times: user=0.00 sys=0.00, real=0.01 secs] 
Heap after GC invocations=5498 (full 150):
 par new generation   total 9792K, used 644K [0x00000000e1000000, 0x00000000e1aa0000, 0x00000000eb4a0000)
  eden space 8704K,   0% used [0x00000000e1000000, 0x00000000e1000000, 0x00000000e1880000)
  from space 1088K,  59% used [0x00000000e1880000, 0x00000000e1921288, 0x00000000e1990000)
  to   space 1088K,   0% used [0x00000000e1990000, 0x00000000e1990000, 0x00000000e1aa0000)
 concurrent mark-sweep generation total 118492K, used 69751K [0x00000000eb4a0000, 0x00000000f2857000, 0x0000000100000000)
 Metaspace       used 95817K, capacity 100045K, committed 100352K, reserved 1136640K
  class space    used 11688K, capacity 12463K, committed 12544K, reserved 1048576K
}
2019-06-25T20:04:10.288+0000: 388270.198: Application time: 62.2056687 seconds
2019-06-25T20:04:44.271+0000: 388304.181: Application time: 33.9824484 seconds
{Heap before GC invocations=5498 (full 150):
 par new generation   total 9792K, used 9348K [0x00000000e1000000, 0x00000000e1aa0000, 0x00000000eb4a0000)
  eden space 8704K, 100% used [0x00000000e1000000, 0x00000000e1880000, 0x00000000e1880000)
  from space 1088K,  59% used [0x00000000e1880000, 0x00000000e1921288, 0x00000000e1990000)
  to   space 1088K,   0% used [0x00000000e1990000, 0x00000000e1990000, 0x00000000e1aa0000)
 concurrent mark-sweep generation total 118492K, used 69751K [0x00000000eb4a0000, 0x00000000f2857000, 0x0000000100000000)
 Metaspace       used 95817K, capacity 100045K, committed 100352K, reserved 1136640K
  class space    used 11688K, capacity 12463K, committed 12544K, reserved 1048576K
2019-06-25T20:04:44.272+0000: 388304.182: [GC (Allocation Failure) 2019-06-25T20:04:44.272+0000: 388304.182: [ParNew: 9348K->693K(9792K), 0.0037060 secs] 79100K->70632K(128284K), 0.0045662 secs] [Times: user=0.01 sys=0.00, real=0.00 secs] 
Heap after GC invocations=5499 (full 150):
 par new generation   total 9792K, used 693K [0x00000000e1000000, 0x00000000e1aa0000, 0x00000000eb4a0000)
  eden space 8704K,   0% used [0x00000000e1000000, 0x00000000e1000000, 0x00000000e1880000)
  from space 1088K,  63% used [0x00000000e1990000, 0x00000000e1a3d578, 0x00000000e1aa0000)
  to   space 1088K,   0% used [0x00000000e1880000, 0x00000000e1880000, 0x00000000e1990000)
 concurrent mark-sweep generation total 118492K, used 69938K [0x00000000eb4a0000, 0x00000000f2857000, 0x0000000100000000)
 Metaspace       used 95817K, capacity 100045K, committed 100352K, reserved 1136640K
  class space    used 11688K, capacity 12463K, committed 12544K, reserved 1048576K
}
2019-06-25T20:05:13.267+0000: 388333.176: Application time: 28.9895189 seconds
2019-06-25T20:05:13.269+0000: 388333.178: Application time: 0.0017197 seconds
2019-06-25T20:06:26.206+0000: 388406.115: Application time: 72.9366676 seconds
{Heap before GC invocations=5499 (full 150):
 par new generation   total 9792K, used 9397K [0x00000000e1000000, 0x00000000e1aa0000, 0x00000000eb4a0000)
  eden space 8704K, 100% used [0x00000000e1000000, 0x00000000e1880000, 0x00000000e1880000)
  from space 1088K,  63% used [0x00000000e1990000, 0x00000000e1a3d578, 0x00000000e1aa0000)
  to   space 1088K,   0% used [0x00000000e1880000, 0x00000000e1880000, 0x00000000e1990000)
 concurrent mark-sweep generation total 118492K, used 69938K [0x00000000eb4a0000, 0x00000000f2857000, 0x0000000100000000)
 Metaspace       used 95817K, capacity 100045K, committed 100352K, reserved 1136640K
  class space    used 11688K, capacity 12463K, committed 12544K, reserved 1048576K
2019-06-25T20:06:26.207+0000: 388406.116: [GC (Allocation Failure) 2019-06-25T20:06:26.207+0000: 388406.117: [ParNew: 9397K->710K(9792K), 0.0044500 secs] 79336K->70648K(128284K), 0.0055540 secs] [Times: user=0.01 sys=0.00, real=0.01 secs] 
Heap after GC invocations=5500 (full 150):
 par new generation   total 9792K, used 710K [0x00000000e1000000, 0x00000000e1aa0000, 0x00000000eb4a0000)
  eden space 8704K,   0% used [0x00000000e1000000, 0x00000000e1000000, 0x00000000e1880000)
  from space 1088K,  65% used [0x00000000e1880000, 0x00000000e1931958, 0x00000000e1990000)
  to   space 1088K,   0% used [0x00000000e1990000, 0x00000000e1990000, 0x00000000e1aa0000)
 concurrent mark-sweep generation total 118492K, used 69938K [0x00000000eb4a0000, 0x00000000f2857000, 0x0000000100000000)
 Metaspace       used 95817K, capacity 100045K, committed 100352K, reserved 1136640K
  class space    used 11688K, capacity 12463K, committed 12544K, reserved 1048576K
}
2019-06-25T20:08:08.103+0000: 388508.012: Application time: 101.8893683 seconds
{Heap before GC invocations=5500 (full 150):
 par new generation   total 9792K, used 9414K [0x00000000e1000000, 0x00000000e1aa0000, 0x00000000eb4a0000)
  eden space 8704K,  99% used [0x00000000e1000000, 0x00000000e187ff70, 0x00000000e1880000)
  from space 1088K,  65% used [0x00000000e1880000, 0x00000000e1931958, 0x00000000e1990000)
  to   space 1088K,   0% used [0x00000000e1990000, 0x00000000e1990000, 0x00000000e1aa0000)
 concurrent mark-sweep generation total 118492K, used 69938K [0x00000000eb4a0000, 0x00000000f2857000, 0x0000000100000000)
 Metaspace       used 95817K, capacity 100045K, committed 100352K, reserved 1136640K
  class space    used 11688K, capacity 12463K, committed 12544K, reserved 1048576K
2019-06-25T20:08:08.103+0000: 388508.013: [GC (Allocation Failure) 2019-06-25T20:08:08.104+0000: 388508.014: [ParNew: 9414K->864K(9792K), 0.0032146 secs] 79352K->70815K(128284K), 0.0040919 secs] [Times: user=0.00 sys=0.00, real=0.00 secs] 
Heap after GC invocations=5501 (full 150):
 par new generation   total 9792K, used 864K [0x00000000e1000000, 0x00000000e1aa0000, 0x00000000eb4a0000)
  eden space 8704K,   0% used [0x00000000e1000000, 0x00000000e1000000, 0x00000000e1880000)
  from space 1088K,  79% used [0x00000000e1990000, 0x00000000e1a68108, 0x00000000e1aa0000)
  to   space 1088K,   0% used [0x00000000e1880000, 0x00000000e1880000, 0x00000000e1990000)
 concurrent mark-sweep generation total 118492K, used 69951K [0x00000000eb4a0000, 0x00000000f2857000, 0x0000000100000000)
 Metaspace       used 95817K, capacity 100045K, committed 100352K, reserved 1136640K
  class space    used 11688K, capacity 12463K, committed 12544K, reserved 1048576K
}
2019-06-25T20:09:10.137+0000: 388570.047: Application time: 62.0288390 seconds
2019-06-25T20:09:45.229+0000: 388605.139: Application time: 35.0918977 seconds
{Heap before GC invocations=5501 (full 150):
 par new generation   total 9792K, used 9568K [0x00000000e1000000, 0x00000000e1aa0000, 0x00000000eb4a0000)
  eden space 8704K, 100% used [0x00000000e1000000, 0x00000000e1880000, 0x00000000e1880000)
  from space 1088K,  79% used [0x00000000e1990000, 0x00000000e1a68108, 0x00000000e1aa0000)
  to   space 1088K,   0% used [0x00000000e1880000, 0x00000000e1880000, 0x00000000e1990000)
 concurrent mark-sweep generation total 118492K, used 69951K [0x00000000eb4a0000, 0x00000000f2857000, 0x0000000100000000)
 Metaspace       used 95817K, capacity 100045K, committed 100352K, reserved 1136640K
  class space    used 11688K, capacity 12463K, committed 12544K, reserved 1048576K
2019-06-25T20:09:45.230+0000: 388605.140: [GC (Allocation Failure) 2019-06-25T20:09:45.231+0000: 388605.140: [ParNew: 9568K->601K(9792K), 0.0033604 secs] 79519K->70651K(128284K), 0.0043850 secs] [Times: user=0.01 sys=0.00, real=0.00 secs] 
Heap after GC invocations=5502 (full 150):
 par new generation   total 9792K, used 601K [0x00000000e1000000, 0x00000000e1aa0000, 0x00000000eb4a0000)
  eden space 8704K,   0% used [0x00000000e1000000, 0x00000000e1000000, 0x00000000e1880000)
  from space 1088K,  55% used [0x00000000e1880000, 0x00000000e1916470, 0x00000000e1990000)
  to   space 1088K,   0% used [0x00000000e1990000, 0x00000000e1990000, 0x00000000e1aa0000)
 concurrent mark-sweep generation total 118492K, used 70050K [0x00000000eb4a0000, 0x00000000f2857000, 0x0000000100000000)
 Metaspace       used 95817K, capacity 100045K, committed 100352K, reserved 1136640K
  class space    used 11688K, capacity 12463K, committed 12544K, reserved 1048576K
}
2019-06-25T20:11:26.752+0000: 388706.662: Application time: 101.5165194 seconds
{Heap before GC invocations=5502 (full 150):
 par new generation   total 9792K, used 9305K [0x00000000e1000000, 0x00000000e1aa0000, 0x00000000eb4a0000)
  eden space 8704K, 100% used [0x00000000e1000000, 0x00000000e1880000, 0x00000000e1880000)
  from space 1088K,  55% used [0x00000000e1880000, 0x00000000e1916470, 0x00000000e1990000)
  to   space 1088K,   0% used [0x00000000e1990000, 0x00000000e1990000, 0x00000000e1aa0000)
 concurrent mark-sweep generation total 118492K, used 70050K [0x00000000eb4a0000, 0x00000000f2857000, 0x0000000100000000)
 Metaspace       used 95817K, capacity 100045K, committed 100352K, reserved 1136640K
  class space    used 11688K, capacity 12463K, committed 12544K, reserved 1048576K
2019-06-25T20:11:26.753+0000: 388706.662: [GC (Allocation Failure) 2019-06-25T20:11:26.753+0000: 388706.663: [ParNew: 9305K->645K(9792K), 0.0032963 secs] 79355K->70695K(128284K), 0.0041724 secs] [Times: user=0.01 sys=0.00, real=0.00 secs] 
Heap after GC invocations=5503 (full 150):
 par new generation   total 9792K, used 645K [0x00000000e1000000, 0x00000000e1aa0000, 0x00000000eb4a0000)
  eden space 8704K,   0% used [0x00000000e1000000, 0x00000000e1000000, 0x00000000e1880000)
  from space 1088K,  59% used [0x00000000e1990000, 0x00000000e1a31550, 0x00000000e1aa0000)
  to   space 1088K,   0% used [0x00000000e1880000, 0x00000000e1880000, 0x00000000e1990000)
 concurrent mark-sweep generation total 118492K, used 70050K [0x00000000eb4a0000, 0x00000000f2857000, 0x0000000100000000)
 Metaspace       used 95817K, capacity 100045K, committed 100352K, reserved 1136640K
  class space    used 11688K, capacity 12463K, committed 12544K, reserved 1048576K
}
2019-06-25T20:13:10.095+0000: 388810.004: Application time: 103.3369432 seconds
{Heap before GC invocations=5503 (full 150):
 par new generation   total 9792K, used 9349K [0x00000000e1000000, 0x00000000e1aa0000, 0x00000000eb4a0000)
  eden space 8704K, 100% used [0x00000000e1000000, 0x00000000e1880000, 0x00000000e1880000)
  from space 1088K,  59% used [0x00000000e1990000, 0x00000000e1a31550, 0x00000000e1aa0000)
  to   space 1088K,   0% used [0x00000000e1880000, 0x00000000e1880000, 0x00000000e1990000)
 concurrent mark-sweep generation total 118492K, used 70050K [0x00000000eb4a0000, 0x00000000f2857000, 0x0000000100000000)
 Metaspace       used 95817K, capacity 100045K, committed 100352K, reserved 1136640K
  class space    used 11688K, capacity 12463K, committed 12544K, reserved 1048576K
2019-06-25T20:13:10.095+0000: 388810.005: [GC (Allocation Failure) 2019-06-25T20:13:10.095+0000: 388810.005: [ParNew: 9349K->818K(9792K), 0.0032986 secs] 79399K->70873K(128284K), 0.0038515 secs] [Times: user=0.00 sys=0.00, real=0.01 secs] 
Heap after GC invocations=5504 (full 150):
 par new generation   total 9792K, used 818K [0x00000000e1000000, 0x00000000e1aa0000, 0x00000000eb4a0000)
  eden space 8704K,   0% used [0x00000000e1000000, 0x00000000e1000000, 0x00000000e1880000)
  from space 1088K,  75% used [0x00000000e1880000, 0x00000000e194cb98, 0x00000000e1990000)
  to   space 1088K,   0% used [0x00000000e1990000, 0x00000000e1990000, 0x00000000e1aa0000)
 concurrent mark-sweep generation total 118492K, used 70054K [0x00000000eb4a0000, 0x00000000f2857000, 0x0000000100000000)
 Metaspace       used 95817K, capacity 100045K, committed 100352K, reserved 1136640K
  class space    used 11688K, capacity 12463K, committed 12544K, reserved 1048576K
}
2019-06-25T20:14:10.777+0000: 388870.687: Application time: 60.6779353 seconds
2019-06-25T20:14:48.773+0000: 388908.682: Application time: 37.9948460 seconds
{Heap before GC invocations=5504 (full 150):
 par new generation   total 9792K, used 9522K [0x00000000e1000000, 0x00000000e1aa0000, 0x00000000eb4a0000)
  eden space 8704K, 100% used [0x00000000e1000000, 0x00000000e1880000, 0x00000000e1880000)
  from space 1088K,  75% used [0x00000000e1880000, 0x00000000e194cb98, 0x00000000e1990000)
  to   space 1088K,   0% used [0x00000000e1990000, 0x00000000e1990000, 0x00000000e1aa0000)
 concurrent mark-sweep generation total 118492K, used 70054K [0x00000000eb4a0000, 0x00000000f2857000, 0x0000000100000000)
 Metaspace       used 95817K, capacity 100045K, committed 100352K, reserved 1136640K
  class space    used 11688K, capacity 12463K, committed 12544K, reserved 1048576K
2019-06-25T20:14:48.773+0000: 388908.683: [GC (Allocation Failure) 2019-06-25T20:14:48.774+0000: 388908.684: [ParNew: 9522K->698K(9792K), 0.0032898 secs] 79577K->70805K(128284K), 0.0041430 secs] [Times: user=0.00 sys=0.00, real=0.00 secs] 
Heap after GC invocations=5505 (full 150):
 par new generation   total 9792K, used 698K [0x00000000e1000000, 0x00000000e1aa0000, 0x00000000eb4a0000)
  eden space 8704K,   0% used [0x00000000e1000000, 0x00000000e1000000, 0x00000000e1880000)
  from space 1088K,  64% used [0x00000000e1990000, 0x00000000e1a3ea18, 0x00000000e1aa0000)
  to   space 1088K,   0% used [0x00000000e1880000, 0x00000000e1880000, 0x00000000e1990000)
 concurrent mark-sweep generation total 118492K, used 70106K [0x00000000eb4a0000, 0x00000000f2857000, 0x0000000100000000)
 Metaspace       used 95817K, capacity 100045K, committed 100352K, reserved 1136640K
  class space    used 11688K, capacity 12463K, committed 12544K, reserved 1048576K
}
2019-06-25T20:16:26.781+0000: 389006.691: Application time: 98.0024186 seconds
{Heap before GC invocations=5505 (full 150):
 par new generation   total 9792K, used 9402K [0x00000000e1000000, 0x00000000e1aa0000, 0x00000000eb4a0000)
  eden space 8704K, 100% used [0x00000000e1000000, 0x00000000e1880000, 0x00000000e1880000)
  from space 1088K,  64% used [0x00000000e1990000, 0x00000000e1a3ea18, 0x00000000e1aa0000)
  to   space 1088K,   0% used [0x00000000e1880000, 0x00000000e1880000, 0x00000000e1990000)
 concurrent mark-sweep generation total 118492K, used 70106K [0x00000000eb4a0000, 0x00000000f2857000, 0x0000000100000000)
 Metaspace       used 95817K, capacity 100045K, committed 100352K, reserved 1136640K
  class space    used 11688K, capacity 12463K, committed 12544K, reserved 1048576K
2019-06-25T20:16:26.782+0000: 389006.692: [GC (Allocation Failure) 2019-06-25T20:16:26.782+0000: 389006.692: [ParNew: 9402K->763K(9792K), 0.0102547 secs] 79509K->70870K(128284K), 0.0113090 secs] [Times: user=0.01 sys=0.00, real=0.01 secs] 
Heap after GC invocations=5506 (full 150):
 par new generation   total 9792K, used 763K [0x00000000e1000000, 0x00000000e1aa0000, 0x00000000eb4a0000)
  eden space 8704K,   0% used [0x00000000e1000000, 0x00000000e1000000, 0x00000000e1880000)
  from space 1088K,  70% used [0x00000000e1880000, 0x00000000e193efd8, 0x00000000e1990000)
  to   space 1088K,   0% used [0x00000000e1990000, 0x00000000e1990000, 0x00000000e1aa0000)
 concurrent mark-sweep generation total 118492K, used 70106K [0x00000000eb4a0000, 0x00000000f2857000, 0x0000000100000000)
 Metaspace       used 95817K, capacity 100045K, committed 100352K, reserved 1136640K
  class space    used 11688K, capacity 12463K, committed 12544K, reserved 1048576K
}
2019-06-25T20:18:10.102+0000: 389110.012: Application time: 103.3082236 seconds
{Heap before GC invocations=5506 (full 150):
 par new generation   total 9792K, used 9467K [0x00000000e1000000, 0x00000000e1aa0000, 0x00000000eb4a0000)
  eden space 8704K, 100% used [0x00000000e1000000, 0x00000000e1880000, 0x00000000e1880000)
  from space 1088K,  70% used [0x00000000e1880000, 0x00000000e193efd8, 0x00000000e1990000)
  to   space 1088K,   0% used [0x00000000e1990000, 0x00000000e1990000, 0x00000000e1aa0000)
 concurrent mark-sweep generation total 118492K, used 70106K [0x00000000eb4a0000, 0x00000000f2857000, 0x0000000100000000)
 Metaspace       used 95817K, capacity 100045K, committed 100352K, reserved 1136640K
  class space    used 11688K, capacity 12463K, committed 12544K, reserved 1048576K
2019-06-25T20:18:10.103+0000: 389110.013: [GC (Allocation Failure) 2019-06-25T20:18:10.104+0000: 389110.014: [ParNew: 9467K->736K(9792K), 0.0040744 secs] 79574K->70842K(128284K), 0.0052836 secs] [Times: user=0.01 sys=0.00, real=0.01 secs] 
Heap after GC invocations=5507 (full 150):
 par new generation   total 9792K, used 736K [0x00000000e1000000, 0x00000000e1aa0000, 0x00000000eb4a0000)
  eden space 8704K,   0% used [0x00000000e1000000, 0x00000000e1000000, 0x00000000e1880000)
  from space 1088K,  67% used [0x00000000e1990000, 0x00000000e1a48128, 0x00000000e1aa0000)
  to   space 1088K,   0% used [0x00000000e1880000, 0x00000000e1880000, 0x00000000e1990000)
 concurrent mark-sweep generation total 118492K, used 70106K [0x00000000eb4a0000, 0x00000000f2857000, 0x0000000100000000)
 Metaspace       used 95817K, capacity 100045K, committed 100352K, reserved 1136640K
  class space    used 11688K, capacity 12463K, committed 12544K, reserved 1048576K
}
2019-06-25T20:18:13.845+0000: 389113.755: Application time: 3.7351947 seconds
2019-06-25T20:18:13.847+0000: 389113.756: Application time: 0.0014989 seconds
2019-06-25T20:19:10.522+0000: 389170.432: Application time: 56.6753994 seconds
2019-06-25T20:19:46.750+0000: 389206.659: Application time: 36.2270775 seconds
{Heap before GC invocations=5507 (full 150):
 par new generation   total 9792K, used 9440K [0x00000000e1000000, 0x00000000e1aa0000, 0x00000000eb4a0000)
  eden space 8704K, 100% used [0x00000000e1000000, 0x00000000e1880000, 0x00000000e1880000)
  from space 1088K,  67% used [0x00000000e1990000, 0x00000000e1a48128, 0x00000000e1aa0000)
  to   space 1088K,   0% used [0x00000000e1880000, 0x00000000e1880000, 0x00000000e1990000)
 concurrent mark-sweep generation total 118492K, used 70106K [0x00000000eb4a0000, 0x00000000f2857000, 0x0000000100000000)
 Metaspace       used 95817K, capacity 100045K, committed 100352K, reserved 1136640K
  class space    used 11688K, capacity 12463K, committed 12544K, reserved 1048576K
2019-06-25T20:19:46.751+0000: 389206.661: [GC (Allocation Failure) 2019-06-25T20:19:46.751+0000: 389206.661: [ParNew: 9440K->678K(9792K), 0.0033019 secs] 79546K->70785K(128284K), 0.0039932 secs] [Times: user=0.01 sys=0.00, real=0.00 secs] 
Heap after GC invocations=5508 (full 150):
 par new generation   total 9792K, used 678K [0x00000000e1000000, 0x00000000e1aa0000, 0x00000000eb4a0000)
  eden space 8704K,   0% used [0x00000000e1000000, 0x00000000e1000000, 0x00000000e1880000)
  from space 1088K,  62% used [0x00000000e1880000, 0x00000000e1929bf8, 0x00000000e1990000)
  to   space 1088K,   0% used [0x00000000e1990000, 0x00000000e1990000, 0x00000000e1aa0000)
 concurrent mark-sweep generation total 118492K, used 70107K [0x00000000eb4a0000, 0x00000000f2857000, 0x0000000100000000)
 Metaspace       used 95817K, capacity 100045K, committed 100352K, reserved 1136640K
  class space    used 11688K, capacity 12463K, committed 12544K, reserved 1048576K
}
2019-06-25T20:21:26.805+0000: 389306.715: Application time: 100.0493276 seconds
{Heap before GC invocations=5508 (full 150):
 par new generation   total 9792K, used 9382K [0x00000000e1000000, 0x00000000e1aa0000, 0x00000000eb4a0000)
  eden space 8704K, 100% used [0x00000000e1000000, 0x00000000e1880000, 0x00000000e1880000)
  from space 1088K,  62% used [0x00000000e1880000, 0x00000000e1929bf8, 0x00000000e1990000)
  to   space 1088K,   0% used [0x00000000e1990000, 0x00000000e1990000, 0x00000000e1aa0000)
 concurrent mark-sweep generation total 118492K, used 70107K [0x00000000eb4a0000, 0x00000000f2857000, 0x0000000100000000)
 Metaspace       used 95817K, capacity 100045K, committed 100352K, reserved 1136640K
  class space    used 11688K, capacity 12463K, committed 12544K, reserved 1048576K
2019-06-25T20:21:26.805+0000: 389306.715: [GC (Allocation Failure) 2019-06-25T20:21:26.806+0000: 389306.716: [ParNew: 9382K->648K(9792K), 0.0038543 secs] 79489K->70755K(128284K), 0.0047653 secs] [Times: user=0.01 sys=0.00, real=0.01 secs] 
Heap after GC invocations=5509 (full 150):
 par new generation   total 9792K, used 648K [0x00000000e1000000, 0x00000000e1aa0000, 0x00000000eb4a0000)
  eden space 8704K,   0% used [0x00000000e1000000, 0x00000000e1000000, 0x00000000e1880000)
  from space 1088K,  59% used [0x00000000e1990000, 0x00000000e1a32270, 0x00000000e1aa0000)
  to   space 1088K,   0% used [0x00000000e1880000, 0x00000000e1880000, 0x00000000e1990000)
 concurrent mark-sweep generation total 118492K, used 70107K [0x00000000eb4a0000, 0x00000000f2857000, 0x0000000100000000)
 Metaspace       used 95817K, capacity 100045K, committed 100352K, reserved 1136640K
  class space    used 11688K, capacity 12463K, committed 12544K, reserved 1048576K
}
2019-06-25T20:22:35.945+0000: 389375.855: Application time: 69.1342356 seconds
2019-06-25T20:22:35.949+0000: 389375.858: Application time: 0.0001864 seconds
2019-06-25T20:22:35.949+0000: 389375.859: Application time: 0.0001405 seconds
2019-06-25T20:22:35.950+0000: 389375.859: Application time: 0.0003430 seconds
2019-06-25T20:22:36.901+0000: 389376.811: Application time: 0.9491922 seconds
2019-06-25T20:22:36.901+0000: 389376.811: Application time: 0.0001239 seconds
2019-06-25T20:22:36.902+0000: 389376.812: Application time: 0.0001281 seconds
2019-06-25T20:22:36.903+0000: 389376.812: Application time: 0.0000704 seconds
2019-06-25T20:22:36.903+0000: 389376.813: Application time: 0.0001203 seconds
2019-06-25T20:22:36.903+0000: 389376.813: Application time: 0.0000834 seconds
2019-06-25T20:22:40.952+0000: 389380.862: Application time: 4.0488262 seconds
2019-06-25T20:22:40.977+0000: 389380.887: Application time: 0.0245828 seconds
2019-06-25T20:22:43.869+0000: 389383.779: Application time: 2.8915227 seconds
{Heap before GC invocations=5509 (full 150):
 par new generation   total 9792K, used 9352K [0x00000000e1000000, 0x00000000e1aa0000, 0x00000000eb4a0000)
  eden space 8704K, 100% used [0x00000000e1000000, 0x00000000e1880000, 0x00000000e1880000)
  from space 1088K,  59% used [0x00000000e1990000, 0x00000000e1a32270, 0x00000000e1aa0000)
  to   space 1088K,   0% used [0x00000000e1880000, 0x00000000e1880000, 0x00000000e1990000)
 concurrent mark-sweep generation total 118492K, used 70107K [0x00000000eb4a0000, 0x00000000f2857000, 0x0000000100000000)
 Metaspace       used 95817K, capacity 100045K, committed 100352K, reserved 1136640K
  class space    used 11688K, capacity 12463K, committed 12544K, reserved 1048576K
2019-06-25T20:22:43.870+0000: 389383.780: [GC (Allocation Failure) 2019-06-25T20:22:43.870+0000: 389383.780: [ParNew: 9352K->851K(9792K), 0.0038121 secs] 79459K->70975K(128284K), 0.0047393 secs] [Times: user=0.00 sys=0.00, real=0.00 secs] 
Heap after GC invocations=5510 (full 150):
 par new generation   total 9792K, used 851K [0x00000000e1000000, 0x00000000e1aa0000, 0x00000000eb4a0000)
  eden space 8704K,   0% used [0x00000000e1000000, 0x00000000e1000000, 0x00000000e1880000)
  from space 1088K,  78% used [0x00000000e1880000, 0x00000000e1954fc0, 0x00000000e1990000)
  to   space 1088K,   0% used [0x00000000e1990000, 0x00000000e1990000, 0x00000000e1aa0000)
 concurrent mark-sweep generation total 118492K, used 70123K [0x00000000eb4a0000, 0x00000000f2857000, 0x0000000100000000)
 Metaspace       used 95817K, capacity 100045K, committed 100352K, reserved 1136640K
  class space    used 11688K, capacity 12463K, committed 12544K, reserved 1048576K
}
2019-06-25T20:22:57.921+0000: 389397.831: Application time: 14.0457619 seconds
2019-06-25T20:22:57.922+0000: 389397.831: Application time: 0.0000626 seconds
2019-06-25T20:22:57.922+0000: 389397.832: Application time: 0.0000632 seconds
2019-06-25T20:22:57.922+0000: 389397.832: Application time: 0.0000560 seconds
2019-06-25T20:22:57.923+0000: 389397.833: Application time: 0.0001912 seconds
2019-06-25T20:22:57.923+0000: 389397.833: Application time: 0.0000521 seconds
2019-06-25T20:23:00.948+0000: 389400.857: Application time: 3.0241572 seconds
2019-06-25T20:23:00.948+0000: 389400.858: Application time: 0.0000947 seconds
2019-06-25T20:23:00.949+0000: 389400.859: Application time: 0.0000607 seconds
2019-06-25T20:23:00.949+0000: 389400.859: Application time: 0.0000655 seconds
2019-06-25T20:23:01.926+0000: 389401.836: Application time: 0.9771186 seconds
2019-06-25T20:23:01.927+0000: 389401.837: Application time: 0.0000809 seconds
2019-06-25T20:23:01.927+0000: 389401.837: Application time: 0.0000691 seconds
2019-06-25T20:23:01.928+0000: 389401.837: Application time: 0.0002021 seconds
2019-06-25T20:23:01.928+0000: 389401.838: Application time: 0.0000880 seconds
2019-06-25T20:23:05.950+0000: 389405.860: Application time: 4.0216358 seconds
2019-06-25T20:23:05.975+0000: 389405.885: Application time: 0.0253679 seconds
2019-06-25T20:23:11.007+0000: 389410.918: Application time: 5.0321654 seconds
2019-06-25T20:23:26.760+0000: 389426.670: Application time: 15.7517494 seconds
2019-06-25T20:23:26.760+0000: 389426.670: Application time: 0.0000723 seconds
2019-06-25T20:23:26.760+0000: 389426.670: Application time: 0.0000625 seconds
2019-06-25T20:23:26.761+0000: 389426.671: Application time: 0.0000921 seconds
2019-06-25T20:23:26.762+0000: 389426.672: Application time: 0.0000635 seconds
2019-06-25T20:23:26.762+0000: 389426.672: Application time: 0.0000713 seconds
2019-06-25T20:23:26.765+0000: 389426.675: Application time: 0.0028972 seconds
{Heap before GC invocations=5510 (full 150):
 par new generation   total 9792K, used 9505K [0x00000000e1000000, 0x00000000e1aa0000, 0x00000000eb4a0000)
  eden space 8704K,  99% used [0x00000000e1000000, 0x00000000e1873790, 0x00000000e1880000)
  from space 1088K,  78% used [0x00000000e1880000, 0x00000000e1954fc0, 0x00000000e1990000)
  to   space 1088K,   0% used [0x00000000e1990000, 0x00000000e1990000, 0x00000000e1aa0000)
 concurrent mark-sweep generation total 118492K, used 70123K [0x00000000eb4a0000, 0x00000000f2857000, 0x0000000100000000)
 Metaspace       used 95817K, capacity 100045K, committed 100352K, reserved 1136640K
  class space    used 11688K, capacity 12463K, committed 12544K, reserved 1048576K
2019-06-25T20:23:26.767+0000: 389426.677: [GC (Allocation Failure) 2019-06-25T20:23:26.769+0000: 389426.679: [ParNew: 9505K->1088K(9792K), 0.0176193 secs] 79628K->71270K(128284K), 0.0201857 secs] [Times: user=0.03 sys=0.00, real=0.02 secs] 
Heap after GC invocations=5511 (full 150):
 par new generation   total 9792K, used 1088K [0x00000000e1000000, 0x00000000e1aa0000, 0x00000000eb4a0000)
  eden space 8704K,   0% used [0x00000000e1000000, 0x00000000e1000000, 0x00000000e1880000)
  from space 1088K, 100% used [0x00000000e1990000, 0x00000000e1aa0000, 0x00000000e1aa0000)
  to   space 1088K,   0% used [0x00000000e1880000, 0x00000000e1880000, 0x00000000e1990000)
 concurrent mark-sweep generation total 118492K, used 70182K [0x00000000eb4a0000, 0x00000000f2857000, 0x0000000100000000)
 Metaspace       used 95817K, capacity 100045K, committed 100352K, reserved 1136640K
  class space    used 11688K, capacity 12463K, committed 12544K, reserved 1048576K
}
2019-06-25T20:23:26.949+0000: 389426.858: Application time: 0.1606710 seconds
2019-06-25T20:23:26.949+0000: 389426.859: Application time: 0.0000655 seconds
2019-06-25T20:23:26.949+0000: 389426.859: Application time: 0.0000617 seconds
2019-06-25T20:23:26.949+0000: 389426.859: Application time: 0.0000769 seconds
2019-06-25T20:23:26.950+0000: 389426.860: Application time: 0.0000810 seconds
2019-06-25T20:23:26.952+0000: 389426.862: Application time: 0.0000702 seconds
2019-06-25T20:23:26.952+0000: 389426.862: Application time: 0.0000934 seconds
2019-06-25T20:23:26.952+0000: 389426.862: Application time: 0.0000812 seconds
2019-06-25T20:23:31.763+0000: 389431.673: Application time: 4.8105534 seconds
2019-06-25T20:23:31.812+0000: 389431.722: Application time: 0.0482822 seconds
2019-06-25T20:23:33.959+0000: 389433.869: Application time: 2.1469565 seconds
2019-06-25T20:23:33.961+0000: 389433.870: Application time: 0.0000998 seconds
2019-06-25T20:23:33.961+0000: 389433.871: Application time: 0.0001073 seconds
2019-06-25T20:23:33.961+0000: 389433.871: Application time: 0.0001002 seconds
2019-06-25T20:23:33.962+0000: 389433.872: Application time: 0.0000574 seconds
2019-06-25T20:23:33.962+0000: 389433.872: Application time: 0.0000705 seconds
2019-06-25T20:23:33.962+0000: 389433.872: Application time: 0.0001777 seconds
2019-06-25T20:23:33.962+0000: 389433.873: Application time: 0.0006171 seconds
2019-06-25T20:23:38.153+0000: 389438.063: Application time: 4.1895285 seconds
2019-06-25T20:23:38.177+0000: 389438.087: Application time: 0.0242383 seconds
2019-06-25T20:23:44.399+0000: 389444.309: Application time: 6.2216947 seconds
2019-06-25T20:24:02.474+0000: 389462.383: Application time: 18.0737846 seconds
2019-06-25T20:24:02.500+0000: 389462.410: Application time: 0.0260713 seconds
{Heap before GC invocations=5511 (full 150):
 par new generation   total 9792K, used 9792K [0x00000000e1000000, 0x00000000e1aa0000, 0x00000000eb4a0000)
  eden space 8704K, 100% used [0x00000000e1000000, 0x00000000e1880000, 0x00000000e1880000)
  from space 1088K, 100% used [0x00000000e1990000, 0x00000000e1aa0000, 0x00000000e1aa0000)
  to   space 1088K,   0% used [0x00000000e1880000, 0x00000000e1880000, 0x00000000e1990000)
 concurrent mark-sweep generation total 118492K, used 70182K [0x00000000eb4a0000, 0x00000000f2857000, 0x0000000100000000)
 Metaspace       used 95817K, capacity 100045K, committed 100352K, reserved 1136640K
  class space    used 11688K, capacity 12463K, committed 12544K, reserved 1048576K
2019-06-25T20:24:02.501+0000: 389462.411: [GC (Allocation Failure) 2019-06-25T20:24:02.501+0000: 389462.411: [ParNew: 9792K->975K(9792K), 0.0094749 secs] 79974K->71605K(128284K), 0.0104750 secs] [Times: user=0.02 sys=0.00, real=0.01 secs] 
Heap after GC invocations=5512 (full 150):
 par new generation   total 9792K, used 975K [0x00000000e1000000, 0x00000000e1aa0000, 0x00000000eb4a0000)
  eden space 8704K,   0% used [0x00000000e1000000, 0x00000000e1000000, 0x00000000e1880000)
  from space 1088K,  89% used [0x00000000e1880000, 0x00000000e1973cd0, 0x00000000e1990000)
  to   space 1088K,   0% used [0x00000000e1990000, 0x00000000e1990000, 0x00000000e1aa0000)
 concurrent mark-sweep generation total 118492K, used 70630K [0x00000000eb4a0000, 0x00000000f2857000, 0x0000000100000000)
 Metaspace       used 95817K, capacity 100045K, committed 100352K, reserved 1136640K
  class space    used 11688K, capacity 12463K, committed 12544K, reserved 1048576K
}
2019-06-25T20:24:02.989+0000: 389462.898: Application time: 0.4763909 seconds
2019-06-25T20:24:02.989+0000: 389462.899: Application time: 0.0000741 seconds
2019-06-25T20:24:02.989+0000: 389462.899: Application time: 0.0000749 seconds
2019-06-25T20:24:02.990+0000: 389462.899: Application time: 0.0000306 seconds
2019-06-25T20:24:02.990+0000: 389462.900: Application time: 0.0000692 seconds
2019-06-25T20:24:02.991+0000: 389462.901: Application time: 0.0001644 seconds
2019-06-25T20:24:02.991+0000: 389462.901: Application time: 0.0000788 seconds
2019-06-25T20:24:07.475+0000: 389467.384: Application time: 4.4834286 seconds
2019-06-25T20:24:07.514+0000: 389467.424: Application time: 0.0390860 seconds
2019-06-25T20:24:10.336+0000: 389470.245: Application time: 2.8213184 seconds
2019-06-25T20:24:10.336+0000: 389470.246: Application time: 0.0000719 seconds
2019-06-25T20:24:10.830+0000: 389470.740: Application time: 0.4943253 seconds
2019-06-25T20:24:11.011+0000: 389470.921: Application time: 0.1798229 seconds
2019-06-25T20:24:26.615+0000: 389486.525: Application time: 15.6042037 seconds
2019-06-25T20:25:11.012+0000: 389530.922: Application time: 44.3968318 seconds
2019-06-25T20:25:43.216+0000: 389563.126: Application time: 32.2032320 seconds
{Heap before GC invocations=5512 (full 150):
 par new generation   total 9792K, used 9672K [0x00000000e1000000, 0x00000000e1aa0000, 0x00000000eb4a0000)
  eden space 8704K,  99% used [0x00000000e1000000, 0x00000000e187e698, 0x00000000e1880000)
  from space 1088K,  89% used [0x00000000e1880000, 0x00000000e1973cd0, 0x00000000e1990000)
  to   space 1088K,   0% used [0x00000000e1990000, 0x00000000e1990000, 0x00000000e1aa0000)
 concurrent mark-sweep generation total 118492K, used 70630K [0x00000000eb4a0000, 0x00000000f2857000, 0x0000000100000000)
 Metaspace       used 95817K, capacity 100045K, committed 100352K, reserved 1136640K
  class space    used 11688K, capacity 12463K, committed 12544K, reserved 1048576K
2019-06-25T20:25:43.217+0000: 389563.126: [GC (Allocation Failure) 2019-06-25T20:25:43.217+0000: 389563.127: [ParNew: 9672K->1018K(9792K), 0.0267703 secs] 80302K->71935K(128284K), 0.0277295 secs] [Times: user=0.06 sys=0.00, real=0.03 secs] 
Heap after GC invocations=5513 (full 150):
 par new generation   total 9792K, used 1018K [0x00000000e1000000, 0x00000000e1aa0000, 0x00000000eb4a0000)
  eden space 8704K,   0% used [0x00000000e1000000, 0x00000000e1000000, 0x00000000e1880000)
  from space 1088K,  93% used [0x00000000e1990000, 0x00000000e1a8e938, 0x00000000e1aa0000)
  to   space 1088K,   0% used [0x00000000e1880000, 0x00000000e1880000, 0x00000000e1990000)
 concurrent mark-sweep generation total 118492K, used 70917K [0x00000000eb4a0000, 0x00000000f2857000, 0x0000000100000000)
 Metaspace       used 95817K, capacity 100045K, committed 100352K, reserved 1136640K
  class space    used 11688K, capacity 12463K, committed 12544K, reserved 1048576K
}
2019-06-25T20:25:57.091+0000: 389577.001: Application time: 13.8463180 seconds
2019-06-25T20:25:57.092+0000: 389577.002: Application time: 0.0000654 seconds
2019-06-25T20:25:57.092+0000: 389577.002: Application time: 0.0000998 seconds
2019-06-25T20:25:57.092+0000: 389577.002: Application time: 0.0000599 seconds
2019-06-25T20:25:57.093+0000: 389577.003: Application time: 0.0000694 seconds
2019-06-25T20:25:57.093+0000: 389577.003: Application time: 0.0001152 seconds
2019-06-25T20:25:57.093+0000: 389577.003: Application time: 0.0000887 seconds
2019-06-25T20:26:01.697+0000: 389581.607: Application time: 4.6034409 seconds
2019-06-25T20:26:01.723+0000: 389581.633: Application time: 0.0257419 seconds
2019-06-25T20:26:02.457+0000: 389582.367: Application time: 0.7335045 seconds
2019-06-25T20:26:02.457+0000: 389582.367: Application time: 0.0002854 seconds
2019-06-25T20:26:02.461+0000: 389582.371: Application time: 0.0001961 seconds
2019-06-25T20:26:03.099+0000: 389583.009: Application time: 0.6379093 seconds
2019-06-25T20:26:03.099+0000: 389583.009: Application time: 0.0000744 seconds
2019-06-25T20:26:03.100+0000: 389583.010: Application time: 0.0000658 seconds
2019-06-25T20:26:03.100+0000: 389583.010: Application time: 0.0000699 seconds
2019-06-25T20:26:03.100+0000: 389583.010: Application time: 0.0000691 seconds
2019-06-25T20:26:03.100+0000: 389583.011: Application time: 0.0005957 seconds
2019-06-25T20:26:03.101+0000: 389583.011: Application time: 0.0000850 seconds
2019-06-25T20:26:07.461+0000: 389587.371: Application time: 4.3603052 seconds
2019-06-25T20:26:07.515+0000: 389587.425: Application time: 0.0531843 seconds
2019-06-25T20:26:10.338+0000: 389590.248: Application time: 2.8228878 seconds
2019-06-25T20:26:10.338+0000: 389590.248: Application time: 0.0000713 seconds
2019-06-25T20:26:11.015+0000: 389590.925: Application time: 0.6763110 seconds
2019-06-25T20:26:11.016+0000: 389590.926: Application time: 0.0011763 seconds
2019-06-25T20:26:14.416+0000: 389594.326: Application time: 3.3987242 seconds
2019-06-25T20:26:34.129+0000: 389614.038: Application time: 19.7126143 seconds
{Heap before GC invocations=5513 (full 150):
 par new generation   total 9792K, used 9722K [0x00000000e1000000, 0x00000000e1aa0000, 0x00000000eb4a0000)
  eden space 8704K, 100% used [0x00000000e1000000, 0x00000000e1880000, 0x00000000e1880000)
  from space 1088K,  93% used [0x00000000e1990000, 0x00000000e1a8e938, 0x00000000e1aa0000)
  to   space 1088K,   0% used [0x00000000e1880000, 0x00000000e1880000, 0x00000000e1990000)
 concurrent mark-sweep generation total 118492K, used 70917K [0x00000000eb4a0000, 0x00000000f2857000, 0x0000000100000000)
 Metaspace       used 95817K, capacity 100045K, committed 100352K, reserved 1136640K
  class space    used 11688K, capacity 12463K, committed 12544K, reserved 1048576K
2019-06-25T20:26:34.129+0000: 389614.039: [GC (Allocation Failure) 2019-06-25T20:26:34.130+0000: 389614.040: [ParNew: 9722K->828K(9792K), 0.0033127 secs] 80639K->71745K(128284K), 0.0041298 secs] [Times: user=0.00 sys=0.00, real=0.00 secs] 
Heap after GC invocations=5514 (full 150):
 par new generation   total 9792K, used 828K [0x00000000e1000000, 0x00000000e1aa0000, 0x00000000eb4a0000)
  eden space 8704K,   0% used [0x00000000e1000000, 0x00000000e1000000, 0x00000000e1880000)
  from space 1088K,  76% used [0x00000000e1880000, 0x00000000e194f230, 0x00000000e1990000)
  to   space 1088K,   0% used [0x00000000e1990000, 0x00000000e1990000, 0x00000000e1aa0000)
 concurrent mark-sweep generation total 118492K, used 70917K [0x00000000eb4a0000, 0x00000000f2857000, 0x0000000100000000)
 Metaspace       used 95817K, capacity 100045K, committed 100352K, reserved 1136640K
  class space    used 11688K, capacity 12463K, committed 12544K, reserved 1048576K
}
2019-06-25T20:27:17.170+0000: 389657.080: Application time: 43.0360449 seconds
2019-06-25T20:27:17.171+0000: 389657.081: Application time: 0.0001715 seconds
2019-06-25T20:27:17.171+0000: 389657.081: Application time: 0.0000263 seconds
2019-06-25T20:27:17.171+0000: 389657.081: Application time: 0.0001030 seconds
2019-06-25T20:27:17.172+0000: 389657.082: Application time: 0.0000864 seconds
2019-06-25T20:27:17.173+0000: 389657.082: Application time: 0.0001351 seconds
2019-06-25T20:27:17.173+0000: 389657.083: Application time: 0.0001360 seconds
2019-06-25T20:27:21.956+0000: 389661.866: Application time: 4.7833930 seconds
2019-06-25T20:27:21.983+0000: 389661.892: Application time: 0.0260372 seconds
2019-06-25T20:27:44.424+0000: 389684.334: Application time: 22.4411790 seconds
2019-06-25T20:27:44.425+0000: 389684.335: Application time: 0.0000716 seconds
2019-06-25T20:27:51.203+0000: 389691.113: Application time: 6.7778348 seconds
{Heap before GC invocations=5514 (full 150):
 par new generation   total 9792K, used 9532K [0x00000000e1000000, 0x00000000e1aa0000, 0x00000000eb4a0000)
  eden space 8704K, 100% used [0x00000000e1000000, 0x00000000e1880000, 0x00000000e1880000)
  from space 1088K,  76% used [0x00000000e1880000, 0x00000000e194f230, 0x00000000e1990000)
  to   space 1088K,   0% used [0x00000000e1990000, 0x00000000e1990000, 0x00000000e1aa0000)
 concurrent mark-sweep generation total 118492K, used 70917K [0x00000000eb4a0000, 0x00000000f2857000, 0x0000000100000000)
 Metaspace       used 95817K, capacity 100045K, committed 100352K, reserved 1136640K
  class space    used 11688K, capacity 12463K, committed 12544K, reserved 1048576K
2019-06-25T20:27:51.204+0000: 389691.113: [GC (Allocation Failure) 2019-06-25T20:27:51.204+0000: 389691.114: [ParNew: 9532K->1088K(9792K), 0.0117908 secs] 80449K->72296K(128284K), 0.0128566 secs] [Times: user=0.02 sys=0.01, real=0.01 secs] 
Heap after GC invocations=5515 (full 150):
 par new generation   total 9792K, used 1088K [0x00000000e1000000, 0x00000000e1aa0000, 0x00000000eb4a0000)
  eden space 8704K,   0% used [0x00000000e1000000, 0x00000000e1000000, 0x00000000e1880000)
  from space 1088K, 100% used [0x00000000e1990000, 0x00000000e1aa0000, 0x00000000e1aa0000)
  to   space 1088K,   0% used [0x00000000e1880000, 0x00000000e1880000, 0x00000000e1990000)
 concurrent mark-sweep generation total 118492K, used 71208K [0x00000000eb4a0000, 0x00000000f2857000, 0x0000000100000000)
 Metaspace       used 95817K, capacity 100045K, committed 100352K, reserved 1136640K
  class space    used 11688K, capacity 12463K, committed 12544K, reserved 1048576K
}
2019-06-25T20:27:51.218+0000: 389691.128: Application time: 0.0005649 seconds
2019-06-25T20:27:51.218+0000: 389691.128: [GC (CMS Initial Mark) [1 CMS-initial-mark: 71208K(118492K)] 72369K(128284K), 0.0047876 secs] [Times: user=0.00 sys=0.00, real=0.00 secs] 
2019-06-25T20:27:51.224+0000: 389691.134: [CMS-concurrent-mark-start]
2019-06-25T20:27:51.325+0000: 389691.235: [CMS-concurrent-mark: 0.101/0.101 secs] [Times: user=0.11 sys=0.00, real=0.10 secs] 
2019-06-25T20:27:51.326+0000: 389691.236: [CMS-concurrent-preclean-start]
2019-06-25T20:27:51.328+0000: 389691.237: [CMS-concurrent-preclean: 0.002/0.002 secs] [Times: user=0.00 sys=0.00, real=0.00 secs] 
2019-06-25T20:27:51.328+0000: 389691.238: Application time: 0.1039237 seconds
2019-06-25T20:27:51.328+0000: 389691.238: [GC (CMS Final Remark) [YG occupancy: 1193 K (9792 K)]2019-06-25T20:27:51.329+0000: 389691.239: [Rescan (parallel) , 0.0055556 secs]2019-06-25T20:27:51.335+0000: 389691.245: [weak refs processing, 0.0034001 secs]2019-06-25T20:27:51.339+0000: 389691.249: [class unloading, 0.0337454 secs]2019-06-25T20:27:51.373+0000: 389691.283: [scrub symbol table, 0.0223983 secs]2019-06-25T20:27:51.396+0000: 389691.306: [scrub string table, 0.0015569 secs][1 CMS-remark: 71208K(118492K)] 72402K(128284K), 0.0845012 secs] [Times: user=0.09 sys=0.00, real=0.08 secs] 
2019-06-25T20:27:51.414+0000: 389691.324: [CMS-concurrent-sweep-start]
2019-06-25T20:27:51.445+0000: 389691.355: [CMS-concurrent-sweep: 0.031/0.031 secs] [Times: user=0.03 sys=0.00, real=0.03 secs] 
2019-06-25T20:27:51.446+0000: 389691.356: [CMS-concurrent-reset-start]
2019-06-25T20:27:51.446+0000: 389691.356: [CMS-concurrent-reset: 0.001/0.001 secs] [Times: user=0.00 sys=0.00, real=0.00 secs] 
2019-06-25T20:27:52.414+0000: 389692.324: Application time: 1.0002921 seconds
2019-06-25T20:27:56.415+0000: 389696.325: Application time: 4.0006674 seconds
2019-06-25T20:27:57.416+0000: 389697.325: Application time: 1.0002539 seconds
2019-06-25T20:28:06.417+0000: 389706.327: Application time: 9.0012374 seconds
2019-06-25T20:28:07.418+0000: 389707.327: Application time: 1.0001545 seconds
2019-06-25T20:28:10.418+0000: 389710.328: Application time: 3.0005273 seconds
2019-06-25T20:28:11.021+0000: 389710.930: Application time: 0.6019620 seconds
2019-06-25T20:28:11.023+0000: 389710.933: Application time: 0.0017437 seconds
2019-06-25T20:28:14.024+0000: 389713.934: Application time: 3.0005646 seconds
2019-06-25T20:28:15.024+0000: 389714.934: Application time: 1.0002705 seconds
2019-06-25T20:29:10.859+0000: 389770.769: Application time: 55.8343978 seconds
2019-06-25T20:29:13.860+0000: 389773.770: Application time: 3.0004935 seconds
2019-06-25T20:29:15.860+0000: 389775.770: Application time: 2.0002768 seconds
2019-06-25T20:29:25.314+0000: 389785.225: Application time: 9.4540867 seconds
{Heap before GC invocations=5515 (full 151):
 par new generation   total 9792K, used 9792K [0x00000000e1000000, 0x00000000e1aa0000, 0x00000000eb4a0000)
  eden space 8704K, 100% used [0x00000000e1000000, 0x00000000e1880000, 0x00000000e1880000)
  from space 1088K, 100% used [0x00000000e1990000, 0x00000000e1aa0000, 0x00000000e1aa0000)
  to   space 1088K,   0% used [0x00000000e1880000, 0x00000000e1880000, 0x00000000e1990000)
 concurrent mark-sweep generation total 118492K, used 65363K [0x00000000eb4a0000, 0x00000000f2857000, 0x0000000100000000)
 Metaspace       used 95734K, capacity 99901K, committed 100352K, reserved 1136640K
  class space    used 11675K, capacity 12439K, committed 12544K, reserved 1048576K
2019-06-25T20:29:25.315+0000: 389785.225: [GC (Allocation Failure) 2019-06-25T20:29:25.316+0000: 389785.225: [ParNew: 9792K->845K(9792K), 0.0068055 secs] 75155K->66311K(128284K), 0.0075111 secs] [Times: user=0.01 sys=0.00, real=0.01 secs] 
Heap after GC invocations=5516 (full 151):
 par new generation   total 9792K, used 845K [0x00000000e1000000, 0x00000000e1aa0000, 0x00000000eb4a0000)
  eden space 8704K,   0% used [0x00000000e1000000, 0x00000000e1000000, 0x00000000e1880000)
  from space 1088K,  77% used [0x00000000e1880000, 0x00000000e1953710, 0x00000000e1990000)
  to   space 1088K,   0% used [0x00000000e1990000, 0x00000000e1990000, 0x00000000e1aa0000)
 concurrent mark-sweep generation total 118492K, used 65465K [0x00000000eb4a0000, 0x00000000f2857000, 0x0000000100000000)
 Metaspace       used 95734K, capacity 99901K, committed 100352K, reserved 1136640K
  class space    used 11675K, capacity 12439K, committed 12544K, reserved 1048576K
}
2019-06-25T20:30:11.330+0000: 389831.240: Application time: 46.0064175 seconds
2019-06-25T20:30:13.330+0000: 389833.240: Application time: 2.0002549 seconds
2019-06-25T20:30:13.396+0000: 389833.306: Application time: 0.0658618 seconds
2019-06-25T20:30:13.398+0000: 389833.308: Application time: 0.0015255 seconds
2019-06-25T20:30:35.386+0000: 389855.296: Application time: 21.9872432 seconds
2019-06-25T20:30:35.387+0000: 389855.297: Application time: 0.0001077 seconds
2019-06-25T20:30:35.387+0000: 389855.297: Application time: 0.0000911 seconds
2019-06-25T20:30:35.388+0000: 389855.297: Application time: 0.0000970 seconds
2019-06-25T20:30:35.388+0000: 389855.298: Application time: 0.0001133 seconds
2019-06-25T20:30:35.388+0000: 389855.298: Application time: 0.0001043 seconds
2019-06-25T20:30:35.388+0000: 389855.298: Application time: 0.0000704 seconds
2019-06-25T20:30:39.711+0000: 389859.621: Application time: 4.3226901 seconds
2019-06-25T20:30:39.737+0000: 389859.647: Application time: 0.0254473 seconds
2019-06-25T20:30:43.267+0000: 389863.177: Application time: 3.5296519 seconds
{Heap before GC invocations=5516 (full 151):
 par new generation   total 9792K, used 9549K [0x00000000e1000000, 0x00000000e1aa0000, 0x00000000eb4a0000)
  eden space 8704K, 100% used [0x00000000e1000000, 0x00000000e1880000, 0x00000000e1880000)
  from space 1088K,  77% used [0x00000000e1880000, 0x00000000e1953710, 0x00000000e1990000)
  to   space 1088K,   0% used [0x00000000e1990000, 0x00000000e1990000, 0x00000000e1aa0000)
 concurrent mark-sweep generation total 118492K, used 65465K [0x00000000eb4a0000, 0x00000000f2857000, 0x0000000100000000)
 Metaspace       used 95736K, capacity 99907K, committed 100352K, reserved 1136640K
  class space    used 11676K, capacity 12440K, committed 12544K, reserved 1048576K
2019-06-25T20:30:43.268+0000: 389863.178: [GC (Allocation Failure) 2019-06-25T20:30:43.268+0000: 389863.178: [ParNew: 9549K->655K(9792K), 0.0041610 secs] 75015K->66565K(128284K), 0.0050545 secs] [Times: user=0.00 sys=0.00, real=0.01 secs] 
Heap after GC invocations=5517 (full 151):
 par new generation   total 9792K, used 655K [0x00000000e1000000, 0x00000000e1aa0000, 0x00000000eb4a0000)
  eden space 8704K,   0% used [0x00000000e1000000, 0x00000000e1000000, 0x00000000e1880000)
  from space 1088K,  60% used [0x00000000e1990000, 0x00000000e1a33c18, 0x00000000e1aa0000)
  to   space 1088K,   0% used [0x00000000e1880000, 0x00000000e1880000, 0x00000000e1990000)
 concurrent mark-sweep generation total 118492K, used 65910K [0x00000000eb4a0000, 0x00000000f2857000, 0x0000000100000000)
 Metaspace       used 95736K, capacity 99907K, committed 100352K, reserved 1136640K
  class space    used 11676K, capacity 12440K, committed 12544K, reserved 1048576K
}
2019-06-25T20:30:44.443+0000: 389864.353: Application time: 1.1692932 seconds
2019-06-25T20:30:44.444+0000: 389864.353: Application time: 0.0001663 seconds
2019-06-25T20:30:44.445+0000: 389864.355: Application time: 0.0013445 seconds
2019-06-25T20:31:10.344+0000: 389890.253: Application time: 25.8982868 seconds
2019-06-25T20:32:17.989+0000: 389957.899: Application time: 67.6450771 seconds
{Heap before GC invocations=5517 (full 151):
 par new generation   total 9792K, used 9359K [0x00000000e1000000, 0x00000000e1aa0000, 0x00000000eb4a0000)
  eden space 8704K, 100% used [0x00000000e1000000, 0x00000000e1880000, 0x00000000e1880000)
  from space 1088K,  60% used [0x00000000e1990000, 0x00000000e1a33c18, 0x00000000e1aa0000)
  to   space 1088K,   0% used [0x00000000e1880000, 0x00000000e1880000, 0x00000000e1990000)
 concurrent mark-sweep generation total 118492K, used 65910K [0x00000000eb4a0000, 0x00000000f2857000, 0x0000000100000000)
 Metaspace       used 95736K, capacity 99907K, committed 100352K, reserved 1136640K
  class space    used 11676K, capacity 12440K, committed 12544K, reserved 1048576K
2019-06-25T20:32:17.990+0000: 389957.900: [GC (Allocation Failure) 2019-06-25T20:32:17.990+0000: 389957.900: [ParNew: 9359K->992K(9792K), 0.0035751 secs] 75269K->66903K(128284K), 0.0049282 secs] [Times: user=0.00 sys=0.01, real=0.00 secs] 
Heap after GC invocations=5518 (full 151):
 par new generation   total 9792K, used 992K [0x00000000e1000000, 0x00000000e1aa0000, 0x00000000eb4a0000)
  eden space 8704K,   0% used [0x00000000e1000000, 0x00000000e1000000, 0x00000000e1880000)
  from space 1088K,  91% used [0x00000000e1880000, 0x00000000e19782f8, 0x00000000e1990000)
  to   space 1088K,   0% used [0x00000000e1990000, 0x00000000e1990000, 0x00000000e1aa0000)
 concurrent mark-sweep generation total 118492K, used 65910K [0x00000000eb4a0000, 0x00000000f2857000, 0x0000000100000000)
 Metaspace       used 95736K, capacity 99907K, committed 100352K, reserved 1136640K
  class space    used 11676K, capacity 12440K, committed 12544K, reserved 1048576K
}
2019-06-25T20:33:11.003+0000: 390010.912: Application time: 53.0069634 seconds
2019-06-25T20:34:00.562+0000: 390060.471: Application time: 49.5586439 seconds
{Heap before GC invocations=5518 (full 151):
 par new generation   total 9792K, used 9696K [0x00000000e1000000, 0x00000000e1aa0000, 0x00000000eb4a0000)
  eden space 8704K, 100% used [0x00000000e1000000, 0x00000000e1880000, 0x00000000e1880000)
  from space 1088K,  91% used [0x00000000e1880000, 0x00000000e19782f8, 0x00000000e1990000)
  to   space 1088K,   0% used [0x00000000e1990000, 0x00000000e1990000, 0x00000000e1aa0000)
 concurrent mark-sweep generation total 118492K, used 65910K [0x00000000eb4a0000, 0x00000000f2857000, 0x0000000100000000)
 Metaspace       used 95736K, capacity 99907K, committed 100352K, reserved 1136640K
  class space    used 11676K, capacity 12440K, committed 12544K, reserved 1048576K
2019-06-25T20:34:00.562+0000: 390060.472: [GC (Allocation Failure) 2019-06-25T20:34:00.563+0000: 390060.472: [ParNew: 9696K->783K(9792K), 0.0035186 secs] 75607K->66914K(128284K), 0.0041980 secs] [Times: user=0.01 sys=0.00, real=0.00 secs] 
Heap after GC invocations=5519 (full 151):
 par new generation   total 9792K, used 783K [0x00000000e1000000, 0x00000000e1aa0000, 0x00000000eb4a0000)
  eden space 8704K,   0% used [0x00000000e1000000, 0x00000000e1000000, 0x00000000e1880000)
  from space 1088K,  72% used [0x00000000e1990000, 0x00000000e1a53ee8, 0x00000000e1aa0000)
  to   space 1088K,   0% used [0x00000000e1880000, 0x00000000e1880000, 0x00000000e1990000)
 concurrent mark-sweep generation total 118492K, used 66130K [0x00000000eb4a0000, 0x00000000f2857000, 0x0000000100000000)
 Metaspace       used 95736K, capacity 99907K, committed 100352K, reserved 1136640K
  class space    used 11676K, capacity 12440K, committed 12544K, reserved 1048576K
}
2019-06-25T20:34:10.884+0000: 390070.794: Application time: 10.3164696 seconds
2019-06-25T20:35:43.301+0000: 390163.210: Application time: 92.4166268 seconds
{Heap before GC invocations=5519 (full 151):
 par new generation   total 9792K, used 9487K [0x00000000e1000000, 0x00000000e1aa0000, 0x00000000eb4a0000)
  eden space 8704K, 100% used [0x00000000e1000000, 0x00000000e1880000, 0x00000000e1880000)
  from space 1088K,  72% used [0x00000000e1990000, 0x00000000e1a53ee8, 0x00000000e1aa0000)
  to   space 1088K,   0% used [0x00000000e1880000, 0x00000000e1880000, 0x00000000e1990000)
 concurrent mark-sweep generation total 118492K, used 66130K [0x00000000eb4a0000, 0x00000000f2857000, 0x0000000100000000)
 Metaspace       used 95736K, capacity 99907K, committed 100352K, reserved 1136640K
  class space    used 11676K, capacity 12440K, committed 12544K, reserved 1048576K
2019-06-25T20:35:43.301+0000: 390163.211: [GC (Allocation Failure) 2019-06-25T20:35:43.302+0000: 390163.212: [ParNew: 9487K->802K(9792K), 0.0037170 secs] 75618K->66933K(128284K), 0.0045532 secs] [Times: user=0.00 sys=0.01, real=0.00 secs] 
Heap after GC invocations=5520 (full 151):
 par new generation   total 9792K, used 802K [0x00000000e1000000, 0x00000000e1aa0000, 0x00000000eb4a0000)
  eden space 8704K,   0% used [0x00000000e1000000, 0x00000000e1000000, 0x00000000e1880000)
  from space 1088K,  73% used [0x00000000e1880000, 0x00000000e1948b98, 0x00000000e1990000)
  to   space 1088K,   0% used [0x00000000e1990000, 0x00000000e1990000, 0x00000000e1aa0000)
 concurrent mark-sweep generation total 118492K, used 66130K [0x00000000eb4a0000, 0x00000000f2857000, 0x0000000100000000)
 Metaspace       used 95736K, capacity 99907K, committed 100352K, reserved 1136640K
  class space    used 11676K, capacity 12440K, committed 12544K, reserved 1048576K
}
2019-06-25T20:36:15.310+0000: 390195.220: Application time: 32.0034571 seconds
2019-06-25T20:37:21.740+0000: 390261.650: Application time: 66.4295771 seconds
{Heap before GC invocations=5520 (full 151):
 par new generation   total 9792K, used 9506K [0x00000000e1000000, 0x00000000e1aa0000, 0x00000000eb4a0000)
  eden space 8704K, 100% used [0x00000000e1000000, 0x00000000e1880000, 0x00000000e1880000)
  from space 1088K,  73% used [0x00000000e1880000, 0x00000000e1948b98, 0x00000000e1990000)
  to   space 1088K,   0% used [0x00000000e1990000, 0x00000000e1990000, 0x00000000e1aa0000)
 concurrent mark-sweep generation total 118492K, used 66130K [0x00000000eb4a0000, 0x00000000f2857000, 0x0000000100000000)
 Metaspace       used 95742K, capacity 99919K, committed 100352K, reserved 1136640K
  class space    used 11677K, capacity 12442K, committed 12544K, reserved 1048576K
2019-06-25T20:37:21.741+0000: 390261.651: [GC (Allocation Failure) 2019-06-25T20:37:21.745+0000: 390261.655: [ParNew: 9506K->594K(9792K), 0.0039299 secs] 75637K->66911K(128284K), 0.0088177 secs] [Times: user=0.01 sys=0.00, real=0.01 secs] 
Heap after GC invocations=5521 (full 151):
 par new generation   total 9792K, used 594K [0x00000000e1000000, 0x00000000e1aa0000, 0x00000000eb4a0000)
  eden space 8704K,   0% used [0x00000000e1000000, 0x00000000e1000000, 0x00000000e1880000)
  from space 1088K,  54% used [0x00000000e1990000, 0x00000000e1a24b80, 0x00000000e1aa0000)
  to   space 1088K,   0% used [0x00000000e1880000, 0x00000000e1880000, 0x00000000e1990000)
 concurrent mark-sweep generation total 118492K, used 66317K [0x00000000eb4a0000, 0x00000000f2857000, 0x0000000100000000)
 Metaspace       used 95742K, capacity 99919K, committed 100352K, reserved 1136640K
  class space    used 11677K, capacity 12442K, committed 12544K, reserved 1048576K
}
2019-06-25T20:39:02.210+0000: 390362.120: Application time: 100.4593586 seconds
{Heap before GC invocations=5521 (full 151):
 par new generation   total 9792K, used 9298K [0x00000000e1000000, 0x00000000e1aa0000, 0x00000000eb4a0000)
  eden space 8704K, 100% used [0x00000000e1000000, 0x00000000e1880000, 0x00000000e1880000)
  from space 1088K,  54% used [0x00000000e1990000, 0x00000000e1a24b80, 0x00000000e1aa0000)
  to   space 1088K,   0% used [0x00000000e1880000, 0x00000000e1880000, 0x00000000e1990000)
 concurrent mark-sweep generation total 118492K, used 66317K [0x00000000eb4a0000, 0x00000000f2857000, 0x0000000100000000)
 Metaspace       used 95742K, capacity 99919K, committed 100352K, reserved 1136640K
  class space    used 11677K, capacity 12442K, committed 12544K, reserved 1048576K
2019-06-25T20:39:02.211+0000: 390362.120: [GC (Allocation Failure) 2019-06-25T20:39:02.211+0000: 390362.121: [ParNew: 9298K->623K(9792K), 0.0032765 secs] 75615K->66940K(128284K), 0.0040125 secs] [Times: user=0.00 sys=0.01, real=0.00 secs] 
Heap after GC invocations=5522 (full 151):
 par new generation   total 9792K, used 623K [0x00000000e1000000, 0x00000000e1aa0000, 0x00000000eb4a0000)
  eden space 8704K,   0% used [0x00000000e1000000, 0x00000000e1000000, 0x00000000e1880000)
  from space 1088K,  57% used [0x00000000e1880000, 0x00000000e191bf60, 0x00000000e1990000)
  to   space 1088K,   0% used [0x00000000e1990000, 0x00000000e1990000, 0x00000000e1aa0000)
 concurrent mark-sweep generation total 118492K, used 66317K [0x00000000eb4a0000, 0x00000000f2857000, 0x0000000100000000)
 Metaspace       used 95742K, capacity 99919K, committed 100352K, reserved 1136640K
  class space    used 11677K, capacity 12442K, committed 12544K, reserved 1048576K
}
2019-06-25T20:39:10.999+0000: 390370.909: Application time: 8.7841102 seconds
2019-06-25T20:40:43.927+0000: 390463.837: Application time: 92.9273452 seconds
{Heap before GC invocations=5522 (full 151):
 par new generation   total 9792K, used 9327K [0x00000000e1000000, 0x00000000e1aa0000, 0x00000000eb4a0000)
  eden space 8704K, 100% used [0x00000000e1000000, 0x00000000e1880000, 0x00000000e1880000)
  from space 1088K,  57% used [0x00000000e1880000, 0x00000000e191bf60, 0x00000000e1990000)
  to   space 1088K,   0% used [0x00000000e1990000, 0x00000000e1990000, 0x00000000e1aa0000)
 concurrent mark-sweep generation total 118492K, used 66317K [0x00000000eb4a0000, 0x00000000f2857000, 0x0000000100000000)
 Metaspace       used 95742K, capacity 99919K, committed 100352K, reserved 1136640K
  class space    used 11677K, capacity 12442K, committed 12544K, reserved 1048576K
2019-06-25T20:40:43.929+0000: 390463.838: [GC (Allocation Failure) 2019-06-25T20:40:43.929+0000: 390463.839: [ParNew: 9327K->642K(9792K), 0.0065617 secs] 75644K->66959K(128284K), 0.0080463 secs] [Times: user=0.01 sys=0.00, real=0.00 secs] 
Heap after GC invocations=5523 (full 151):
 par new generation   total 9792K, used 642K [0x00000000e1000000, 0x00000000e1aa0000, 0x00000000eb4a0000)
  eden space 8704K,   0% used [0x00000000e1000000, 0x00000000e1000000, 0x00000000e1880000)
  from space 1088K,  59% used [0x00000000e1990000, 0x00000000e1a30bc0, 0x00000000e1aa0000)
  to   space 1088K,   0% used [0x00000000e1880000, 0x00000000e1880000, 0x00000000e1990000)
 concurrent mark-sweep generation total 118492K, used 66317K [0x00000000eb4a0000, 0x00000000f2857000, 0x0000000100000000)
 Metaspace       used 95742K, capacity 99919K, committed 100352K, reserved 1136640K
  class space    used 11677K, capacity 12442K, committed 12544K, reserved 1048576K
}
2019-06-25T20:42:22.631+0000: 390562.541: Application time: 98.6927588 seconds
{Heap before GC invocations=5523 (full 151):
 par new generation   total 9792K, used 9346K [0x00000000e1000000, 0x00000000e1aa0000, 0x00000000eb4a0000)
  eden space 8704K, 100% used [0x00000000e1000000, 0x00000000e1880000, 0x00000000e1880000)
  from space 1088K,  59% used [0x00000000e1990000, 0x00000000e1a30bc0, 0x00000000e1aa0000)
  to   space 1088K,   0% used [0x00000000e1880000, 0x00000000e1880000, 0x00000000e1990000)
 concurrent mark-sweep generation total 118492K, used 66317K [0x00000000eb4a0000, 0x00000000f2857000, 0x0000000100000000)
 Metaspace       used 95742K, capacity 99919K, committed 100352K, reserved 1136640K
  class space    used 11677K, capacity 12442K, committed 12544K, reserved 1048576K
2019-06-25T20:42:22.632+0000: 390562.541: [GC (Allocation Failure) 2019-06-25T20:42:22.632+0000: 390562.542: [ParNew: 9346K->631K(9792K), 0.0030780 secs] 75663K->66948K(128284K), 0.0039788 secs] [Times: user=0.01 sys=0.00, real=0.00 secs] 
Heap after GC invocations=5524 (full 151):
 par new generation   total 9792K, used 631K [0x00000000e1000000, 0x00000000e1aa0000, 0x00000000eb4a0000)
  eden space 8704K,   0% used [0x00000000e1000000, 0x00000000e1000000, 0x00000000e1880000)
  from space 1088K,  58% used [0x00000000e1880000, 0x00000000e191de28, 0x00000000e1990000)
  to   space 1088K,   0% used [0x00000000e1990000, 0x00000000e1990000, 0x00000000e1aa0000)
 concurrent mark-sweep generation total 118492K, used 66317K [0x00000000eb4a0000, 0x00000000f2857000, 0x0000000100000000)
 Metaspace       used 95742K, capacity 99919K, committed 100352K, reserved 1136640K
  class space    used 11677K, capacity 12442K, committed 12544K, reserved 1048576K
}
2019-06-25T20:43:13.970+0000: 390613.880: Application time: 51.3340339 seconds
2019-06-25T20:43:13.972+0000: 390613.882: Application time: 0.0014572 seconds
2019-06-25T20:44:03.438+0000: 390663.348: Application time: 49.4621309 seconds
{Heap before GC invocations=5524 (full 151):
 par new generation   total 9792K, used 9335K [0x00000000e1000000, 0x00000000e1aa0000, 0x00000000eb4a0000)
  eden space 8704K, 100% used [0x00000000e1000000, 0x00000000e1880000, 0x00000000e1880000)
  from space 1088K,  58% used [0x00000000e1880000, 0x00000000e191de28, 0x00000000e1990000)
  to   space 1088K,   0% used [0x00000000e1990000, 0x00000000e1990000, 0x00000000e1aa0000)
 concurrent mark-sweep generation total 118492K, used 66317K [0x00000000eb4a0000, 0x00000000f2857000, 0x0000000100000000)
 Metaspace       used 95745K, capacity 99931K, committed 100352K, reserved 1136640K
  class space    used 11678K, capacity 12444K, committed 12544K, reserved 1048576K
2019-06-25T20:44:03.439+0000: 390663.349: [GC (Allocation Failure) 2019-06-25T20:44:03.440+0000: 390663.349: [ParNew: 9335K->680K(9792K), 0.0033880 secs] 75652K->67046K(128284K), 0.0042385 secs] [Times: user=0.00 sys=0.00, real=0.00 secs] 
Heap after GC invocations=5525 (full 151):
 par new generation   total 9792K, used 680K [0x00000000e1000000, 0x00000000e1aa0000, 0x00000000eb4a0000)
  eden space 8704K,   0% used [0x00000000e1000000, 0x00000000e1000000, 0x00000000e1880000)
  from space 1088K,  62% used [0x00000000e1990000, 0x00000000e1a3a380, 0x00000000e1aa0000)
  to   space 1088K,   0% used [0x00000000e1880000, 0x00000000e1880000, 0x00000000e1990000)
 concurrent mark-sweep generation total 118492K, used 66366K [0x00000000eb4a0000, 0x00000000f2857000, 0x0000000100000000)
 Metaspace       used 95745K, capacity 99931K, committed 100352K, reserved 1136640K
  class space    used 11678K, capacity 12444K, committed 12544K, reserved 1048576K
}
2019-06-25T20:44:11.109+0000: 390671.018: Application time: 7.6643817 seconds
2019-06-25T20:45:43.482+0000: 390763.391: Application time: 92.3727031 seconds
{Heap before GC invocations=5525 (full 151):
 par new generation   total 9792K, used 9384K [0x00000000e1000000, 0x00000000e1aa0000, 0x00000000eb4a0000)
  eden space 8704K, 100% used [0x00000000e1000000, 0x00000000e1880000, 0x00000000e1880000)
  from space 1088K,  62% used [0x00000000e1990000, 0x00000000e1a3a380, 0x00000000e1aa0000)
  to   space 1088K,   0% used [0x00000000e1880000, 0x00000000e1880000, 0x00000000e1990000)
 concurrent mark-sweep generation total 118492K, used 66366K [0x00000000eb4a0000, 0x00000000f2857000, 0x0000000100000000)
 Metaspace       used 95745K, capacity 99931K, committed 100352K, reserved 1136640K
  class space    used 11678K, capacity 12444K, committed 12544K, reserved 1048576K
2019-06-25T20:45:43.482+0000: 390763.392: [GC (Allocation Failure) 2019-06-25T20:45:43.483+0000: 390763.392: [ParNew: 9384K->709K(9792K), 0.0035963 secs] 75750K->67078K(128284K), 0.0043203 secs] [Times: user=0.00 sys=0.01, real=0.00 secs] 
Heap after GC invocations=5526 (full 151):
 par new generation   total 9792K, used 709K [0x00000000e1000000, 0x00000000e1aa0000, 0x00000000eb4a0000)
  eden space 8704K,   0% used [0x00000000e1000000, 0x00000000e1000000, 0x00000000e1880000)
  from space 1088K,  65% used [0x00000000e1880000, 0x00000000e19317e0, 0x00000000e1990000)
  to   space 1088K,   0% used [0x00000000e1990000, 0x00000000e1990000, 0x00000000e1aa0000)
 concurrent mark-sweep generation total 118492K, used 66368K [0x00000000eb4a0000, 0x00000000f2857000, 0x0000000100000000)
 Metaspace       used 95745K, capacity 99931K, committed 100352K, reserved 1136640K
  class space    used 11678K, capacity 12444K, committed 12544K, reserved 1048576K
}
2019-06-25T20:47:23.364+0000: 390863.274: Application time: 99.8765608 seconds
{Heap before GC invocations=5526 (full 151):
 par new generation   total 9792K, used 9413K [0x00000000e1000000, 0x00000000e1aa0000, 0x00000000eb4a0000)
  eden space 8704K, 100% used [0x00000000e1000000, 0x00000000e1880000, 0x00000000e1880000)
  from space 1088K,  65% used [0x00000000e1880000, 0x00000000e19317e0, 0x00000000e1990000)
  to   space 1088K,   0% used [0x00000000e1990000, 0x00000000e1990000, 0x00000000e1aa0000)
 concurrent mark-sweep generation total 118492K, used 66368K [0x00000000eb4a0000, 0x00000000f2857000, 0x0000000100000000)
 Metaspace       used 95745K, capacity 99931K, committed 100352K, reserved 1136640K
  class space    used 11678K, capacity 12444K, committed 12544K, reserved 1048576K
2019-06-25T20:47:23.365+0000: 390863.275: [GC (Allocation Failure) 2019-06-25T20:47:23.365+0000: 390863.275: [ParNew: 9413K->680K(9792K), 0.0033804 secs] 75782K->67048K(128284K), 0.0044220 secs] [Times: user=0.00 sys=0.00, real=0.01 secs] 
Heap after GC invocations=5527 (full 151):
 par new generation   total 9792K, used 680K [0x00000000e1000000, 0x00000000e1aa0000, 0x00000000eb4a0000)
  eden space 8704K,   0% used [0x00000000e1000000, 0x00000000e1000000, 0x00000000e1880000)
  from space 1088K,  62% used [0x00000000e1990000, 0x00000000e1a3a100, 0x00000000e1aa0000)
  to   space 1088K,   0% used [0x00000000e1880000, 0x00000000e1880000, 0x00000000e1990000)
 concurrent mark-sweep generation total 118492K, used 66368K [0x00000000eb4a0000, 0x00000000f2857000, 0x0000000100000000)
 Metaspace       used 95745K, capacity 99931K, committed 100352K, reserved 1136640K
  class space    used 11678K, capacity 12444K, committed 12544K, reserved 1048576K
}
2019-06-25T20:49:03.568+0000: 390963.478: Application time: 100.1974531 seconds
{Heap before GC invocations=5527 (full 151):
 par new generation   total 9792K, used 9384K [0x00000000e1000000, 0x00000000e1aa0000, 0x00000000eb4a0000)
  eden space 8704K, 100% used [0x00000000e1000000, 0x00000000e1880000, 0x00000000e1880000)
  from space 1088K,  62% used [0x00000000e1990000, 0x00000000e1a3a100, 0x00000000e1aa0000)
  to   space 1088K,   0% used [0x00000000e1880000, 0x00000000e1880000, 0x00000000e1990000)
 concurrent mark-sweep generation total 118492K, used 66368K [0x00000000eb4a0000, 0x00000000f2857000, 0x0000000100000000)
 Metaspace       used 95745K, capacity 99931K, committed 100352K, reserved 1136640K
  class space    used 11678K, capacity 12444K, committed 12544K, reserved 1048576K
2019-06-25T20:49:03.569+0000: 390963.479: [GC (Allocation Failure) 2019-06-25T20:49:03.569+0000: 390963.479: [ParNew: 9384K->651K(9792K), 0.0033194 secs] 75752K->67019K(128284K), 0.0040410 secs] [Times: user=0.00 sys=0.01, real=0.00 secs] 
Heap after GC invocations=5528 (full 151):
 par new generation   total 9792K, used 651K [0x00000000e1000000, 0x00000000e1aa0000, 0x00000000eb4a0000)
  eden space 8704K,   0% used [0x00000000e1000000, 0x00000000e1000000, 0x00000000e1880000)
  from space 1088K,  59% used [0x00000000e1880000, 0x00000000e1922d60, 0x00000000e1990000)
  to   space 1088K,   0% used [0x00000000e1990000, 0x00000000e1990000, 0x00000000e1aa0000)
 concurrent mark-sweep generation total 118492K, used 66368K [0x00000000eb4a0000, 0x00000000f2857000, 0x0000000100000000)
 Metaspace       used 95745K, capacity 99931K, committed 100352K, reserved 1136640K
  class space    used 11678K, capacity 12444K, committed 12544K, reserved 1048576K
}
2019-06-25T20:49:10.962+0000: 390970.872: Application time: 7.3883458 seconds
2019-06-25T20:49:27.249+0000: 390987.159: Application time: 16.2868313 seconds
2019-06-25T20:50:44.025+0000: 391063.934: Application time: 76.7752756 seconds
{Heap before GC invocations=5528 (full 151):
 par new generation   total 9792K, used 9355K [0x00000000e1000000, 0x00000000e1aa0000, 0x00000000eb4a0000)
  eden space 8704K, 100% used [0x00000000e1000000, 0x00000000e1880000, 0x00000000e1880000)
  from space 1088K,  59% used [0x00000000e1880000, 0x00000000e1922d60, 0x00000000e1990000)
  to   space 1088K,   0% used [0x00000000e1990000, 0x00000000e1990000, 0x00000000e1aa0000)
 concurrent mark-sweep generation total 118492K, used 66368K [0x00000000eb4a0000, 0x00000000f2857000, 0x0000000100000000)
 Metaspace       used 95745K, capacity 99931K, committed 100352K, reserved 1136640K
  class space    used 11678K, capacity 12444K, committed 12544K, reserved 1048576K
2019-06-25T20:50:44.025+0000: 391063.935: [GC (Allocation Failure) 2019-06-25T20:50:44.026+0000: 391063.936: [ParNew: 9355K->817K(9792K), 0.0048153 secs] 75723K->67209K(128284K), 0.0057237 secs] [Times: user=0.01 sys=0.00, real=0.01 secs] 
Heap after GC invocations=5529 (full 151):
 par new generation   total 9792K, used 817K [0x00000000e1000000, 0x00000000e1aa0000, 0x00000000eb4a0000)
  eden space 8704K,   0% used [0x00000000e1000000, 0x00000000e1000000, 0x00000000e1880000)
  from space 1088K,  75% used [0x00000000e1990000, 0x00000000e1a5c420, 0x00000000e1aa0000)
  to   space 1088K,   0% used [0x00000000e1880000, 0x00000000e1880000, 0x00000000e1990000)
 concurrent mark-sweep generation total 118492K, used 66392K [0x00000000eb4a0000, 0x00000000f2857000, 0x0000000100000000)
 Metaspace       used 95745K, capacity 99931K, committed 100352K, reserved 1136640K
  class space    used 11678K, capacity 12444K, committed 12544K, reserved 1048576K
}
2019-06-25T20:52:01.298+0000: 391141.208: Application time: 77.2662140 seconds
{Heap before GC invocations=5529 (full 151):
 par new generation   total 9792K, used 9521K [0x00000000e1000000, 0x00000000e1aa0000, 0x00000000eb4a0000)
  eden space 8704K, 100% used [0x00000000e1000000, 0x00000000e1880000, 0x00000000e1880000)
  from space 1088K,  75% used [0x00000000e1990000, 0x00000000e1a5c420, 0x00000000e1aa0000)
  to   space 1088K,   0% used [0x00000000e1880000, 0x00000000e1880000, 0x00000000e1990000)
 concurrent mark-sweep generation total 118492K, used 66392K [0x00000000eb4a0000, 0x00000000f2857000, 0x0000000100000000)
 Metaspace       used 95745K, capacity 99931K, committed 100352K, reserved 1136640K
  class space    used 11678K, capacity 12444K, committed 12544K, reserved 1048576K
2019-06-25T20:52:01.299+0000: 391141.209: [GC (Allocation Failure) 2019-06-25T20:52:01.300+0000: 391141.209: [ParNew: 9521K->813K(9792K), 0.0173147 secs] 75913K->67206K(128284K), 0.0182264 secs] [Times: user=0.04 sys=0.00, real=0.01 secs] 
Heap after GC invocations=5530 (full 151):
 par new generation   total 9792K, used 813K [0x00000000e1000000, 0x00000000e1aa0000, 0x00000000eb4a0000)
  eden space 8704K,   0% used [0x00000000e1000000, 0x00000000e1000000, 0x00000000e1880000)
  from space 1088K,  74% used [0x00000000e1880000, 0x00000000e194b7c8, 0x00000000e1990000)
  to   space 1088K,   0% used [0x00000000e1990000, 0x00000000e1990000, 0x00000000e1aa0000)
 concurrent mark-sweep generation total 118492K, used 66392K [0x00000000eb4a0000, 0x00000000f2857000, 0x0000000100000000)
 Metaspace       used 95745K, capacity 99931K, committed 100352K, reserved 1136640K
  class space    used 11678K, capacity 12444K, committed 12544K, reserved 1048576K
}
2019-06-25T20:52:01.532+0000: 391141.442: Application time: 0.2138834 seconds
2019-06-25T20:52:01.533+0000: 391141.442: Application time: 0.0000652 seconds
2019-06-25T20:52:01.533+0000: 391141.443: Application time: 0.0000651 seconds
2019-06-25T20:52:01.533+0000: 391141.443: Application time: 0.0000610 seconds
2019-06-25T20:52:01.534+0000: 391141.444: Application time: 0.0000640 seconds
2019-06-25T20:52:01.534+0000: 391141.444: Application time: 0.0001095 seconds
2019-06-25T20:52:01.534+0000: 391141.444: Application time: 0.0001022 seconds
2019-06-25T20:52:01.535+0000: 391141.444: Application time: 0.0001007 seconds
2019-06-25T20:52:06.284+0000: 391146.193: Application time: 4.7488970 seconds
2019-06-25T20:52:06.328+0000: 391146.238: Application time: 0.0439371 seconds
2019-06-25T20:52:10.368+0000: 391150.278: Application time: 4.0397770 seconds
2019-06-25T20:52:10.368+0000: 391150.278: Application time: 0.0001708 seconds
2019-06-25T20:52:10.369+0000: 391150.279: Application time: 0.0001748 seconds
2019-06-25T20:52:14.583+0000: 391154.493: Application time: 4.2144204 seconds
2019-06-25T20:52:20.848+0000: 391160.757: Application time: 6.2638076 seconds
2019-06-25T20:52:20.848+0000: 391160.758: Application time: 0.0000937 seconds
2019-06-25T20:52:21.551+0000: 391161.460: Application time: 0.7024489 seconds
2019-06-25T20:52:21.551+0000: 391161.461: Application time: 0.0004996 seconds
2019-06-25T20:52:21.552+0000: 391161.462: Application time: 0.0000744 seconds
2019-06-25T20:52:21.552+0000: 391161.462: Application time: 0.0000689 seconds
2019-06-25T20:52:21.552+0000: 391161.462: Application time: 0.0000651 seconds
2019-06-25T20:52:21.553+0000: 391161.462: Application time: 0.0000716 seconds
2019-06-25T20:52:21.553+0000: 391161.463: Application time: 0.0000691 seconds
2019-06-25T20:52:21.553+0000: 391161.463: Application time: 0.0001187 seconds
2019-06-25T20:52:21.553+0000: 391161.463: Application time: 0.0000878 seconds
2019-06-25T20:52:25.849+0000: 391165.758: Application time: 4.2947261 seconds
2019-06-25T20:52:25.872+0000: 391165.782: Application time: 0.0234908 seconds
2019-06-25T20:52:48.274+0000: 391188.183: Application time: 22.4010197 seconds
2019-06-25T20:52:48.274+0000: 391188.184: Application time: 0.0002668 seconds
2019-06-25T20:52:48.301+0000: 391188.210: Application time: 0.0001755 seconds
2019-06-25T20:52:48.301+0000: 391188.211: Application time: 0.0009005 seconds
2019-06-25T20:52:48.302+0000: 391188.212: Application time: 0.0001281 seconds
2019-06-25T20:52:48.303+0000: 391188.213: Application time: 0.0003284 seconds
2019-06-25T20:52:50.778+0000: 391190.687: Application time: 2.4743073 seconds
{Heap before GC invocations=5530 (full 151):
 par new generation   total 9792K, used 9517K [0x00000000e1000000, 0x00000000e1aa0000, 0x00000000eb4a0000)
  eden space 8704K, 100% used [0x00000000e1000000, 0x00000000e1880000, 0x00000000e1880000)
  from space 1088K,  74% used [0x00000000e1880000, 0x00000000e194b7c8, 0x00000000e1990000)
  to   space 1088K,   0% used [0x00000000e1990000, 0x00000000e1990000, 0x00000000e1aa0000)
 concurrent mark-sweep generation total 118492K, used 66392K [0x00000000eb4a0000, 0x00000000f2857000, 0x0000000100000000)
 Metaspace       used 95753K, capacity 99943K, committed 100352K, reserved 1136640K
  class space    used 11679K, capacity 12446K, committed 12544K, reserved 1048576K
2019-06-25T20:52:50.778+0000: 391190.688: [GC (Allocation Failure) 2019-06-25T20:52:50.779+0000: 391190.689: [ParNew: 9517K->792K(9792K), 0.0044631 secs] 75910K->67369K(128284K), 0.0058720 secs] [Times: user=0.01 sys=0.00, real=0.01 secs] 
Heap after GC invocations=5531 (full 151):
 par new generation   total 9792K, used 792K [0x00000000e1000000, 0x00000000e1aa0000, 0x00000000eb4a0000)
  eden space 8704K,   0% used [0x00000000e1000000, 0x00000000e1000000, 0x00000000e1880000)
  from space 1088K,  72% used [0x00000000e1990000, 0x00000000e1a56058, 0x00000000e1aa0000)
  to   space 1088K,   0% used [0x00000000e1880000, 0x00000000e1880000, 0x00000000e1990000)
 concurrent mark-sweep generation total 118492K, used 66577K [0x00000000eb4a0000, 0x00000000f2857000, 0x0000000100000000)
 Metaspace       used 95753K, capacity 99943K, committed 100352K, reserved 1136640K
  class space    used 11679K, capacity 12446K, committed 12544K, reserved 1048576K
}
2019-06-25T20:52:52.581+0000: 391192.491: Application time: 1.7965005 seconds
2019-06-25T20:52:52.582+0000: 391192.492: Application time: 0.0000742 seconds
2019-06-25T20:52:52.582+0000: 391192.492: Application time: 0.0000609 seconds
2019-06-25T20:52:52.582+0000: 391192.492: Application time: 0.0000616 seconds
2019-06-25T20:52:52.583+0000: 391192.493: Application time: 0.0000977 seconds
2019-06-25T20:52:52.583+0000: 391192.493: Application time: 0.0002255 seconds
2019-06-25T20:52:52.602+0000: 391192.512: Application time: 0.0002150 seconds
2019-06-25T20:52:52.614+0000: 391192.524: Application time: 0.0000980 seconds
2019-06-25T20:52:52.615+0000: 391192.524: Application time: 0.0001622 seconds
2019-06-25T20:52:52.616+0000: 391192.526: Application time: 0.0000934 seconds
2019-06-25T20:52:54.596+0000: 391194.506: Application time: 1.9794046 seconds
2019-06-25T20:52:54.618+0000: 391194.528: Application time: 0.0220285 seconds
2019-06-25T20:52:54.631+0000: 391194.541: Application time: 0.0000870 seconds
2019-06-25T20:52:54.632+0000: 391194.542: Application time: 0.0000745 seconds
2019-06-25T20:52:54.632+0000: 391194.542: Application time: 0.0000731 seconds
2019-06-25T20:52:54.633+0000: 391194.543: Application time: 0.0001544 seconds
2019-06-25T20:52:54.634+0000: 391194.544: Application time: 0.0005212 seconds
2019-06-25T20:52:59.597+0000: 391199.507: Application time: 4.9444071 seconds
2019-06-25T20:52:59.655+0000: 391199.565: Application time: 0.0570443 seconds
2019-06-25T20:53:10.370+0000: 391210.280: Application time: 10.7153935 seconds
2019-06-25T20:53:10.371+0000: 391210.281: Application time: 0.0001670 seconds
2019-06-25T20:53:10.371+0000: 391210.281: Application time: 0.0001622 seconds
2019-06-25T20:53:10.372+0000: 391210.281: Application time: 0.0001760 seconds
2019-06-25T20:53:14.590+0000: 391214.500: Application time: 4.2186927 seconds
2019-06-25T20:53:23.139+0000: 391223.049: Application time: 8.5486721 seconds
{Heap before GC invocations=5531 (full 151):
 par new generation   total 9792K, used 9494K [0x00000000e1000000, 0x00000000e1aa0000, 0x00000000eb4a0000)
  eden space 8704K,  99% used [0x00000000e1000000, 0x00000000e187fa60, 0x00000000e1880000)
  from space 1088K,  72% used [0x00000000e1990000, 0x00000000e1a56058, 0x00000000e1aa0000)
  to   space 1088K,   0% used [0x00000000e1880000, 0x00000000e1880000, 0x00000000e1990000)
 concurrent mark-sweep generation total 118492K, used 66577K [0x00000000eb4a0000, 0x00000000f2857000, 0x0000000100000000)
 Metaspace       used 95753K, capacity 99943K, committed 100352K, reserved 1136640K
  class space    used 11679K, capacity 12446K, committed 12544K, reserved 1048576K
2019-06-25T20:53:23.140+0000: 391223.050: [GC (Allocation Failure) 2019-06-25T20:53:23.140+0000: 391223.050: [ParNew: 9494K->1088K(9792K), 0.0049628 secs] 76072K->68022K(128284K), 0.0056714 secs] [Times: user=0.00 sys=0.00, real=0.00 secs] 
Heap after GC invocations=5532 (full 151):
 par new generation   total 9792K, used 1088K [0x00000000e1000000, 0x00000000e1aa0000, 0x00000000eb4a0000)
  eden space 8704K,   0% used [0x00000000e1000000, 0x00000000e1000000, 0x00000000e1880000)
  from space 1088K, 100% used [0x00000000e1880000, 0x00000000e1990000, 0x00000000e1990000)
  to   space 1088K,   0% used [0x00000000e1990000, 0x00000000e1990000, 0x00000000e1aa0000)
 concurrent mark-sweep generation total 118492K, used 66934K [0x00000000eb4a0000, 0x00000000f2857000, 0x0000000100000000)
 Metaspace       used 95753K, capacity 99943K, committed 100352K, reserved 1136640K
  class space    used 11679K, capacity 12446K, committed 12544K, reserved 1048576K
}
2019-06-25T20:53:23.664+0000: 391223.574: Application time: 0.5175557 seconds
2019-06-25T20:53:23.664+0000: 391223.574: Application time: 0.0000762 seconds
2019-06-25T20:53:23.664+0000: 391223.574: Application time: 0.0000719 seconds
2019-06-25T20:53:23.665+0000: 391223.574: Application time: 0.0000600 seconds
2019-06-25T20:53:23.665+0000: 391223.575: Application time: 0.0001179 seconds
2019-06-25T20:53:23.666+0000: 391223.575: Application time: 0.0001301 seconds
2019-06-25T20:53:23.666+0000: 391223.576: Application time: 0.0001405 seconds
2019-06-25T20:53:28.137+0000: 391228.046: Application time: 4.4705630 seconds
2019-06-25T20:53:28.170+0000: 391228.079: Application time: 0.0327107 seconds
2019-06-25T20:53:44.594+0000: 391244.504: Application time: 16.4241732 seconds
2019-06-25T20:54:10.987+0000: 391270.896: Application time: 26.3922410 seconds
2019-06-25T20:54:57.768+0000: 391317.678: Application time: 46.7809964 seconds
{Heap before GC invocations=5532 (full 151):
 par new generation   total 9792K, used 9792K [0x00000000e1000000, 0x00000000e1aa0000, 0x00000000eb4a0000)
  eden space 8704K, 100% used [0x00000000e1000000, 0x00000000e1880000, 0x00000000e1880000)
  from space 1088K, 100% used [0x00000000e1880000, 0x00000000e1990000, 0x00000000e1990000)
  to   space 1088K,   0% used [0x00000000e1990000, 0x00000000e1990000, 0x00000000e1aa0000)
 concurrent mark-sweep generation total 118492K, used 66934K [0x00000000eb4a0000, 0x00000000f2857000, 0x0000000100000000)
 Metaspace       used 95753K, capacity 99943K, committed 100352K, reserved 1136640K
  class space    used 11679K, capacity 12446K, committed 12544K, reserved 1048576K
2019-06-25T20:54:57.769+0000: 391317.679: [GC (Allocation Failure) 2019-06-25T20:54:57.769+0000: 391317.679: [ParNew: 9792K->940K(9792K), 0.0039781 secs] 76726K->68344K(128284K), 0.0047493 secs] [Times: user=0.01 sys=0.00, real=0.00 secs] 
Heap after GC invocations=5533 (full 151):
 par new generation   total 9792K, used 940K [0x00000000e1000000, 0x00000000e1aa0000, 0x00000000eb4a0000)
  eden space 8704K,   0% used [0x00000000e1000000, 0x00000000e1000000, 0x00000000e1880000)
  from space 1088K,  86% used [0x00000000e1990000, 0x00000000e1a7b378, 0x00000000e1aa0000)
  to   space 1088K,   0% used [0x00000000e1880000, 0x00000000e1880000, 0x00000000e1990000)
 concurrent mark-sweep generation total 118492K, used 67403K [0x00000000eb4a0000, 0x00000000f2857000, 0x0000000100000000)
 Metaspace       used 95753K, capacity 99943K, committed 100352K, reserved 1136640K
  class space    used 11679K, capacity 12446K, committed 12544K, reserved 1048576K
}
2019-06-25T20:54:58.776+0000: 391318.686: Application time: 1.0012621 seconds
2019-06-25T20:54:58.776+0000: 391318.686: Application time: 0.0000687 seconds
2019-06-25T20:54:58.776+0000: 391318.686: Application time: 0.0000656 seconds
2019-06-25T20:55:13.536+0000: 391333.446: Application time: 14.7599792 seconds
2019-06-25T20:55:13.539+0000: 391333.448: Application time: 0.0015082 seconds
2019-06-25T20:55:42.813+0000: 391362.723: Application time: 29.2741576 seconds
2019-06-25T20:55:42.814+0000: 391362.723: Application time: 0.0001893 seconds
2019-06-25T20:55:42.814+0000: 391362.724: Application time: 0.0000383 seconds
2019-06-25T20:55:44.608+0000: 391364.517: Application time: 1.7937033 seconds
2019-06-25T20:55:44.608+0000: 391364.518: Application time: 0.0001630 seconds
2019-06-25T20:55:44.608+0000: 391364.518: Application time: 0.0001215 seconds
2019-06-25T20:55:44.609+0000: 391364.519: Application time: 0.0001369 seconds
2019-06-25T20:55:44.609+0000: 391364.519: Application time: 0.0002039 seconds
2019-06-25T20:55:44.610+0000: 391364.519: Application time: 0.0002780 seconds
2019-06-25T20:55:44.610+0000: 391364.520: Application time: 0.0001880 seconds
2019-06-25T20:55:44.611+0000: 391364.521: Application time: 0.0011169 seconds
2019-06-25T20:55:47.681+0000: 391367.591: Application time: 3.0694952 seconds
2019-06-25T20:55:47.707+0000: 391367.617: Application time: 0.0259216 seconds
2019-06-25T20:56:00.138+0000: 391380.048: Application time: 12.4306967 seconds
{Heap before GC invocations=5533 (full 151):
 par new generation   total 9792K, used 9537K [0x00000000e1000000, 0x00000000e1aa0000, 0x00000000eb4a0000)
  eden space 8704K,  98% used [0x00000000e1000000, 0x00000000e1865298, 0x00000000e1880000)
  from space 1088K,  86% used [0x00000000e1990000, 0x00000000e1a7b378, 0x00000000e1aa0000)
  to   space 1088K,   0% used [0x00000000e1880000, 0x00000000e1880000, 0x00000000e1990000)
 concurrent mark-sweep generation total 118492K, used 67403K [0x00000000eb4a0000, 0x00000000f2857000, 0x0000000100000000)
 Metaspace       used 95756K, capacity 99949K, committed 100352K, reserved 1136640K
  class space    used 11679K, capacity 12447K, committed 12544K, reserved 1048576K
2019-06-25T20:56:00.138+0000: 391380.048: [GC (Allocation Failure) 2019-06-25T20:56:00.139+0000: 391380.049: [ParNew: 9537K->954K(9792K), 0.0229481 secs] 76940K->68358K(128284K), 0.0236997 secs] [Times: user=0.04 sys=0.00, real=0.02 secs] 
Heap after GC invocations=5534 (full 151):
 par new generation   total 9792K, used 954K [0x00000000e1000000, 0x00000000e1aa0000, 0x00000000eb4a0000)
  eden space 8704K,   0% used [0x00000000e1000000, 0x00000000e1000000, 0x00000000e1880000)
  from space 1088K,  87% used [0x00000000e1880000, 0x00000000e196eb58, 0x00000000e1990000)
  to   space 1088K,   0% used [0x00000000e1990000, 0x00000000e1990000, 0x00000000e1aa0000)
 concurrent mark-sweep generation total 118492K, used 67403K [0x00000000eb4a0000, 0x00000000f2857000, 0x0000000100000000)
 Metaspace       used 95756K, capacity 99949K, committed 100352K, reserved 1136640K
  class space    used 11679K, capacity 12447K, committed 12544K, reserved 1048576K
}
2019-06-25T20:56:00.828+0000: 391380.738: Application time: 0.6656143 seconds
2019-06-25T20:56:00.829+0000: 391380.739: Application time: 0.0000706 seconds
2019-06-25T20:56:00.829+0000: 391380.739: Application time: 0.0000698 seconds
2019-06-25T20:56:05.136+0000: 391385.045: Application time: 4.3063768 seconds
2019-06-25T20:56:05.188+0000: 391385.098: Application time: 0.0517039 seconds
2019-06-25T20:56:10.375+0000: 391390.285: Application time: 5.1870389 seconds
2019-06-25T20:56:10.376+0000: 391390.286: Application time: 0.0000750 seconds
2019-06-25T20:56:10.376+0000: 391390.286: Application time: 0.0000607 seconds
2019-06-25T20:56:10.376+0000: 391390.286: Application time: 0.0000595 seconds
2019-06-25T20:56:10.376+0000: 391390.286: Application time: 0.0000646 seconds
2019-06-25T20:56:10.377+0000: 391390.286: Application time: 0.0001583 seconds
2019-06-25T20:56:10.377+0000: 391390.287: Application time: 0.0001272 seconds
2019-06-25T20:56:14.615+0000: 391394.525: Application time: 4.2378111 seconds
2019-06-25T20:57:06.652+0000: 391446.562: Application time: 52.0372153 seconds
{Heap before GC invocations=5534 (full 151):
 par new generation   total 9792K, used 9658K [0x00000000e1000000, 0x00000000e1aa0000, 0x00000000eb4a0000)
  eden space 8704K,  99% used [0x00000000e1000000, 0x00000000e187ff08, 0x00000000e1880000)
  from space 1088K,  87% used [0x00000000e1880000, 0x00000000e196eb58, 0x00000000e1990000)
  to   space 1088K,   0% used [0x00000000e1990000, 0x00000000e1990000, 0x00000000e1aa0000)
 concurrent mark-sweep generation total 118492K, used 67403K [0x00000000eb4a0000, 0x00000000f2857000, 0x0000000100000000)
 Metaspace       used 95775K, capacity 99979K, committed 100352K, reserved 1136640K
  class space    used 11682K, capacity 12452K, committed 12544K, reserved 1048576K
2019-06-25T20:57:06.653+0000: 391446.563: [GC (Allocation Failure) 2019-06-25T20:57:06.654+0000: 391446.563: [ParNew: 9658K->662K(9792K), 0.0303033 secs] 77061K->68500K(128284K), 0.0312510 secs] [Times: user=0.06 sys=0.00, real=0.03 secs] 
Heap after GC invocations=5535 (full 151):
 par new generation   total 9792K, used 662K [0x00000000e1000000, 0x00000000e1aa0000, 0x00000000eb4a0000)
  eden space 8704K,   0% used [0x00000000e1000000, 0x00000000e1000000, 0x00000000e1880000)
  from space 1088K,  60% used [0x00000000e1990000, 0x00000000e1a35be0, 0x00000000e1aa0000)
  to   space 1088K,   0% used [0x00000000e1880000, 0x00000000e1880000, 0x00000000e1990000)
 concurrent mark-sweep generation total 118492K, used 67837K [0x00000000eb4a0000, 0x00000000f2857000, 0x0000000100000000)
 Metaspace       used 95775K, capacity 99979K, committed 100352K, reserved 1136640K
  class space    used 11682K, capacity 12452K, committed 12544K, reserved 1048576K
}
2019-06-25T20:57:06.886+0000: 391446.796: Application time: 0.2008342 seconds
2019-06-25T20:57:06.886+0000: 391446.796: Application time: 0.0000676 seconds
2019-06-25T20:57:06.887+0000: 391446.797: Application time: 0.0000803 seconds
2019-06-25T20:57:10.378+0000: 391450.288: Application time: 3.4909403 seconds
2019-06-25T20:57:10.379+0000: 391450.289: Application time: 0.0001719 seconds
2019-06-25T20:57:10.379+0000: 391450.289: Application time: 0.0001778 seconds
2019-06-25T20:57:10.380+0000: 391450.289: Application time: 0.0001424 seconds
2019-06-25T20:57:10.380+0000: 391450.290: Application time: 0.0001567 seconds
2019-06-25T20:57:10.380+0000: 391450.290: Application time: 0.0001495 seconds
2019-06-25T20:57:10.381+0000: 391450.291: Application time: 0.0005462 seconds
2019-06-25T20:57:11.101+0000: 391451.011: Application time: 0.7199799 seconds
2019-06-25T20:57:11.633+0000: 391451.543: Application time: 0.5320648 seconds
2019-06-25T20:57:11.692+0000: 391451.602: Application time: 0.0583620 seconds
2019-06-25T20:58:43.557+0000: 391543.467: Application time: 91.8649802 seconds
{Heap before GC invocations=5535 (full 151):
 par new generation   total 9792K, used 9366K [0x00000000e1000000, 0x00000000e1aa0000, 0x00000000eb4a0000)
  eden space 8704K, 100% used [0x00000000e1000000, 0x00000000e1880000, 0x00000000e1880000)
  from space 1088K,  60% used [0x00000000e1990000, 0x00000000e1a35be0, 0x00000000e1aa0000)
  to   space 1088K,   0% used [0x00000000e1880000, 0x00000000e1880000, 0x00000000e1990000)
 concurrent mark-sweep generation total 118492K, used 67837K [0x00000000eb4a0000, 0x00000000f2857000, 0x0000000100000000)
 Metaspace       used 95775K, capacity 99979K, committed 100352K, reserved 1136640K
  class space    used 11682K, capacity 12452K, committed 12544K, reserved 1048576K
2019-06-25T20:58:43.558+0000: 391543.468: [GC (Allocation Failure) 2019-06-25T20:58:43.558+0000: 391543.468: [ParNew: 9366K->719K(9792K), 0.0037317 secs] 77204K->68556K(128284K), 0.0044441 secs] [Times: user=0.00 sys=0.01, real=0.00 secs] 
Heap after GC invocations=5536 (full 151):
 par new generation   total 9792K, used 719K [0x00000000e1000000, 0x00000000e1aa0000, 0x00000000eb4a0000)
  eden space 8704K,   0% used [0x00000000e1000000, 0x00000000e1000000, 0x00000000e1880000)
  from space 1088K,  66% used [0x00000000e1880000, 0x00000000e1933ed0, 0x00000000e1990000)
  to   space 1088K,   0% used [0x00000000e1990000, 0x00000000e1990000, 0x00000000e1aa0000)
 concurrent mark-sweep generation total 118492K, used 67837K [0x00000000eb4a0000, 0x00000000f2857000, 0x0000000100000000)
 Metaspace       used 95775K, capacity 99979K, committed 100352K, reserved 1136640K
  class space    used 11682K, capacity 12452K, committed 12544K, reserved 1048576K
}
2019-06-25T20:59:11.012+0000: 391570.922: Application time: 27.4490917 seconds
2019-06-25T20:59:50.024+0000: 391609.934: Application time: 39.0116984 seconds
2019-06-25T20:59:50.025+0000: 391609.935: Application time: 0.0000721 seconds
2019-06-25T20:59:54.812+0000: 391614.722: Application time: 4.7866139 seconds
2019-06-25T20:59:54.836+0000: 391614.746: Application time: 0.0237496 seconds
2019-06-25T20:59:59.033+0000: 391618.943: Application time: 4.1962691 seconds
{Heap before GC invocations=5536 (full 151):
 par new generation   total 9792K, used 9423K [0x00000000e1000000, 0x00000000e1aa0000, 0x00000000eb4a0000)
  eden space 8704K, 100% used [0x00000000e1000000, 0x00000000e1880000, 0x00000000e1880000)
  from space 1088K,  66% used [0x00000000e1880000, 0x00000000e1933ed0, 0x00000000e1990000)
  to   space 1088K,   0% used [0x00000000e1990000, 0x00000000e1990000, 0x00000000e1aa0000)
 concurrent mark-sweep generation total 118492K, used 67837K [0x00000000eb4a0000, 0x00000000f2857000, 0x0000000100000000)
 Metaspace       used 95775K, capacity 99979K, committed 100352K, reserved 1136640K
  class space    used 11682K, capacity 12452K, committed 12544K, reserved 1048576K
2019-06-25T20:59:59.033+0000: 391618.943: [GC (Allocation Failure) 2019-06-25T20:59:59.034+0000: 391618.944: [ParNew: 9423K->618K(9792K), 0.0038666 secs] 77260K->68659K(128284K), 0.0049929 secs] [Times: user=0.00 sys=0.01, real=0.01 secs] 
Heap after GC invocations=5537 (full 151):
 par new generation   total 9792K, used 618K [0x00000000e1000000, 0x00000000e1aa0000, 0x00000000eb4a0000)
  eden space 8704K,   0% used [0x00000000e1000000, 0x00000000e1000000, 0x00000000e1880000)
  from space 1088K,  56% used [0x00000000e1990000, 0x00000000e1a2aae8, 0x00000000e1aa0000)
  to   space 1088K,   0% used [0x00000000e1880000, 0x00000000e1880000, 0x00000000e1990000)
 concurrent mark-sweep generation total 118492K, used 68041K [0x00000000eb4a0000, 0x00000000f2857000, 0x0000000100000000)
 Metaspace       used 95775K, capacity 99979K, committed 100352K, reserved 1136640K
  class space    used 11682K, capacity 12452K, committed 12544K, reserved 1048576K
}
2019-06-25T21:00:10.384+0000: 391630.294: Application time: 11.3444422 seconds
2019-06-25T21:00:10.384+0000: 391630.294: Application time: 0.0000711 seconds
2019-06-25T21:00:10.384+0000: 391630.294: Application time: 0.0001602 seconds
2019-06-25T21:00:10.385+0000: 391630.294: Application time: 0.0000670 seconds
2019-06-25T21:00:10.386+0000: 391630.295: Application time: 0.0001248 seconds
2019-06-25T21:00:10.386+0000: 391630.296: Application time: 0.0000647 seconds
2019-06-25T21:00:10.386+0000: 391630.296: Application time: 0.0001396 seconds
2019-06-25T21:00:14.640+0000: 391634.550: Application time: 4.2536146 seconds
2019-06-25T21:00:14.642+0000: 391634.551: Application time: 0.0014528 seconds
2019-06-25T21:01:43.439+0000: 391723.349: Application time: 88.7976835 seconds
{Heap before GC invocations=5537 (full 151):
 par new generation   total 9792K, used 9322K [0x00000000e1000000, 0x00000000e1aa0000, 0x00000000eb4a0000)
  eden space 8704K, 100% used [0x00000000e1000000, 0x00000000e1880000, 0x00000000e1880000)
  from space 1088K,  56% used [0x00000000e1990000, 0x00000000e1a2aae8, 0x00000000e1aa0000)
  to   space 1088K,   0% used [0x00000000e1880000, 0x00000000e1880000, 0x00000000e1990000)
 concurrent mark-sweep generation total 118492K, used 68041K [0x00000000eb4a0000, 0x00000000f2857000, 0x0000000100000000)
 Metaspace       used 95775K, capacity 99979K, committed 100352K, reserved 1136640K
  class space    used 11682K, capacity 12452K, committed 12544K, reserved 1048576K
2019-06-25T21:01:43.440+0000: 391723.350: [GC (Allocation Failure) 2019-06-25T21:01:43.441+0000: 391723.350: [ParNew: 9322K->760K(9792K), 0.0031530 secs] 77363K->68801K(128284K), 0.0039498 secs] [Times: user=0.00 sys=0.01, real=0.00 secs] 
Heap after GC invocations=5538 (full 151):
 par new generation   total 9792K, used 760K [0x00000000e1000000, 0x00000000e1aa0000, 0x00000000eb4a0000)
  eden space 8704K,   0% used [0x00000000e1000000, 0x00000000e1000000, 0x00000000e1880000)
  from space 1088K,  69% used [0x00000000e1880000, 0x00000000e193e1b8, 0x00000000e1990000)
  to   space 1088K,   0% used [0x00000000e1990000, 0x00000000e1990000, 0x00000000e1aa0000)
 concurrent mark-sweep generation total 118492K, used 68041K [0x00000000eb4a0000, 0x00000000f2857000, 0x0000000100000000)
 Metaspace       used 95775K, capacity 99979K, committed 100352K, reserved 1136640K
  class space    used 11682K, capacity 12452K, committed 12544K, reserved 1048576K
}
2019-06-25T21:03:20.679+0000: 391820.589: Application time: 97.2343045 seconds
{Heap before GC invocations=5538 (full 151):
 par new generation   total 9792K, used 9464K [0x00000000e1000000, 0x00000000e1aa0000, 0x00000000eb4a0000)
  eden space 8704K, 100% used [0x00000000e1000000, 0x00000000e1880000, 0x00000000e1880000)
  from space 1088K,  69% used [0x00000000e1880000, 0x00000000e193e1b8, 0x00000000e1990000)
  to   space 1088K,   0% used [0x00000000e1990000, 0x00000000e1990000, 0x00000000e1aa0000)
 concurrent mark-sweep generation total 118492K, used 68041K [0x00000000eb4a0000, 0x00000000f2857000, 0x0000000100000000)
 Metaspace       used 95775K, capacity 99979K, committed 100352K, reserved 1136640K
  class space    used 11682K, capacity 12452K, committed 12544K, reserved 1048576K
2019-06-25T21:03:20.691+0000: 391820.601: [GC (Allocation Failure) 2019-06-25T21:03:20.692+0000: 391820.602: [ParNew: 9464K->809K(9792K), 0.0412120 secs] 77505K->69051K(128284K), 0.0421331 secs] [Times: user=0.08 sys=0.00, real=0.04 secs] 
Heap after GC invocations=5539 (full 151):
 par new generation   total 9792K, used 809K [0x00000000e1000000, 0x00000000e1aa0000, 0x00000000eb4a0000)
  eden space 8704K,   0% used [0x00000000e1000000, 0x00000000e1000000, 0x00000000e1880000)
  from space 1088K,  74% used [0x00000000e1990000, 0x00000000e1a5a6a0, 0x00000000e1aa0000)
  to   space 1088K,   0% used [0x00000000e1880000, 0x00000000e1880000, 0x00000000e1990000)
 concurrent mark-sweep generation total 118492K, used 68241K [0x00000000eb4a0000, 0x00000000f2857000, 0x0000000100000000)
 Metaspace       used 95775K, capacity 99979K, committed 100352K, reserved 1136640K
  class space    used 11682K, capacity 12452K, committed 12544K, reserved 1048576K
}
2019-06-25T21:04:10.666+0000: 391870.576: Application time: 49.9316217 seconds
2019-06-25T21:05:04.375+0000: 391924.285: Application time: 53.7095222 seconds
{Heap before GC invocations=5539 (full 151):
 par new generation   total 9792K, used 9513K [0x00000000e1000000, 0x00000000e1aa0000, 0x00000000eb4a0000)
  eden space 8704K, 100% used [0x00000000e1000000, 0x00000000e1880000, 0x00000000e1880000)
  from space 1088K,  74% used [0x00000000e1990000, 0x00000000e1a5a6a0, 0x00000000e1aa0000)
  to   space 1088K,   0% used [0x00000000e1880000, 0x00000000e1880000, 0x00000000e1990000)
 concurrent mark-sweep generation total 118492K, used 68241K [0x00000000eb4a0000, 0x00000000f2857000, 0x0000000100000000)
 Metaspace       used 95775K, capacity 99979K, committed 100352K, reserved 1136640K
  class space    used 11682K, capacity 12452K, committed 12544K, reserved 1048576K
2019-06-25T21:05:04.376+0000: 391924.286: [GC (Allocation Failure) 2019-06-25T21:05:04.377+0000: 391924.286: [ParNew: 9513K->658K(9792K), 0.0032925 secs] 77755K->68900K(128284K), 0.0040136 secs] [Times: user=0.01 sys=0.00, real=0.01 secs] 
Heap after GC invocations=5540 (full 151):
 par new generation   total 9792K, used 658K [0x00000000e1000000, 0x00000000e1aa0000, 0x00000000eb4a0000)
  eden space 8704K,   0% used [0x00000000e1000000, 0x00000000e1000000, 0x00000000e1880000)
  from space 1088K,  60% used [0x00000000e1880000, 0x00000000e1924b08, 0x00000000e1990000)
  to   space 1088K,   0% used [0x00000000e1990000, 0x00000000e1990000, 0x00000000e1aa0000)
 concurrent mark-sweep generation total 118492K, used 68241K [0x00000000eb4a0000, 0x00000000f2857000, 0x0000000100000000)
 Metaspace       used 95775K, capacity 99979K, committed 100352K, reserved 1136640K
  class space    used 11682K, capacity 12452K, committed 12544K, reserved 1048576K
}
2019-06-25T21:06:44.115+0000: 392024.025: Application time: 99.7336198 seconds
{Heap before GC invocations=5540 (full 151):
 par new generation   total 9792K, used 9362K [0x00000000e1000000, 0x00000000e1aa0000, 0x00000000eb4a0000)
  eden space 8704K, 100% used [0x00000000e1000000, 0x00000000e1880000, 0x00000000e1880000)
  from space 1088K,  60% used [0x00000000e1880000, 0x00000000e1924b08, 0x00000000e1990000)
  to   space 1088K,   0% used [0x00000000e1990000, 0x00000000e1990000, 0x00000000e1aa0000)
 concurrent mark-sweep generation total 118492K, used 68241K [0x00000000eb4a0000, 0x00000000f2857000, 0x0000000100000000)
 Metaspace       used 95775K, capacity 99979K, committed 100352K, reserved 1136640K
  class space    used 11682K, capacity 12452K, committed 12544K, reserved 1048576K
2019-06-25T21:06:44.116+0000: 392024.025: [GC (Allocation Failure) 2019-06-25T21:06:44.116+0000: 392024.026: [ParNew: 9362K->847K(9792K), 0.0035573 secs] 77604K->69129K(128284K), 0.0043835 secs] [Times: user=0.00 sys=0.00, real=0.01 secs] 
Heap after GC invocations=5541 (full 151):
 par new generation   total 9792K, used 847K [0x00000000e1000000, 0x00000000e1aa0000, 0x00000000eb4a0000)
  eden space 8704K,   0% used [0x00000000e1000000, 0x00000000e1000000, 0x00000000e1880000)
  from space 1088K,  77% used [0x00000000e1990000, 0x00000000e1a63f30, 0x00000000e1aa0000)
  to   space 1088K,   0% used [0x00000000e1880000, 0x00000000e1880000, 0x00000000e1990000)
 concurrent mark-sweep generation total 118492K, used 68281K [0x00000000eb4a0000, 0x00000000f2857000, 0x0000000100000000)
 Metaspace       used 95775K, capacity 99979K, committed 100352K, reserved 1136640K
  class space    used 11682K, capacity 12452K, committed 12544K, reserved 1048576K
}
2019-06-25T21:08:14.121+0000: 392114.031: Application time: 90.0002651 seconds
2019-06-25T21:08:14.123+0000: 392114.033: Application time: 0.0016518 seconds
2019-06-25T21:08:24.619+0000: 392124.529: Application time: 10.4959994 seconds
{Heap before GC invocations=5541 (full 151):
 par new generation   total 9792K, used 9551K [0x00000000e1000000, 0x00000000e1aa0000, 0x00000000eb4a0000)
  eden space 8704K, 100% used [0x00000000e1000000, 0x00000000e1880000, 0x00000000e1880000)
  from space 1088K,  77% used [0x00000000e1990000, 0x00000000e1a63f30, 0x00000000e1aa0000)
  to   space 1088K,   0% used [0x00000000e1880000, 0x00000000e1880000, 0x00000000e1990000)
 concurrent mark-sweep generation total 118492K, used 68281K [0x00000000eb4a0000, 0x00000000f2857000, 0x0000000100000000)
 Metaspace       used 95776K, capacity 99979K, committed 100352K, reserved 1136640K
  class space    used 11682K, capacity 12452K, committed 12544K, reserved 1048576K
2019-06-25T21:08:24.620+0000: 392124.530: [GC (Allocation Failure) 2019-06-25T21:08:24.621+0000: 392124.530: [ParNew: 9551K->647K(9792K), 0.0034687 secs] 77833K->68928K(128284K), 0.0043851 secs] [Times: user=0.01 sys=0.00, real=0.00 secs] 
Heap after GC invocations=5542 (full 151):
 par new generation   total 9792K, used 647K [0x00000000e1000000, 0x00000000e1aa0000, 0x00000000eb4a0000)
  eden space 8704K,   0% used [0x00000000e1000000, 0x00000000e1000000, 0x00000000e1880000)
  from space 1088K,  59% used [0x00000000e1880000, 0x00000000e1921c30, 0x00000000e1990000)
  to   space 1088K,   0% used [0x00000000e1990000, 0x00000000e1990000, 0x00000000e1aa0000)
 concurrent mark-sweep generation total 118492K, used 68281K [0x00000000eb4a0000, 0x00000000f2857000, 0x0000000100000000)
 Metaspace       used 95776K, capacity 99979K, committed 100352K, reserved 1136640K
  class space    used 11682K, capacity 12452K, committed 12544K, reserved 1048576K
}
2019-06-25T21:09:10.784+0000: 392170.694: Application time: 46.1584487 seconds
2019-06-25T21:10:06.626+0000: 392226.536: Application time: 55.8417678 seconds
{Heap before GC invocations=5542 (full 151):
 par new generation   total 9792K, used 9351K [0x00000000e1000000, 0x00000000e1aa0000, 0x00000000eb4a0000)
  eden space 8704K, 100% used [0x00000000e1000000, 0x00000000e1880000, 0x00000000e1880000)
  from space 1088K,  59% used [0x00000000e1880000, 0x00000000e1921c30, 0x00000000e1990000)
  to   space 1088K,   0% used [0x00000000e1990000, 0x00000000e1990000, 0x00000000e1aa0000)
 concurrent mark-sweep generation total 118492K, used 68281K [0x00000000eb4a0000, 0x00000000f2857000, 0x0000000100000000)
 Metaspace       used 95776K, capacity 99979K, committed 100352K, reserved 1136640K
  class space    used 11682K, capacity 12452K, committed 12544K, reserved 1048576K
2019-06-25T21:10:06.627+0000: 392226.537: [GC (Allocation Failure) 2019-06-25T21:10:06.627+0000: 392226.537: [ParNew: 9351K->675K(9792K), 0.0033644 secs] 77632K->69057K(128284K), 0.0042226 secs] [Times: user=0.00 sys=0.00, real=0.01 secs] 
Heap after GC invocations=5543 (full 151):
 par new generation   total 9792K, used 675K [0x00000000e1000000, 0x00000000e1aa0000, 0x00000000eb4a0000)
  eden space 8704K,   0% used [0x00000000e1000000, 0x00000000e1000000, 0x00000000e1880000)
  from space 1088K,  62% used [0x00000000e1990000, 0x00000000e1a38dc8, 0x00000000e1aa0000)
  to   space 1088K,   0% used [0x00000000e1880000, 0x00000000e1880000, 0x00000000e1990000)
 concurrent mark-sweep generation total 118492K, used 68381K [0x00000000eb4a0000, 0x00000000f2857000, 0x0000000100000000)
 Metaspace       used 95776K, capacity 99979K, committed 100352K, reserved 1136640K
  class space    used 11682K, capacity 12452K, committed 12544K, reserved 1048576K
}
2019-06-25T21:11:45.789+0000: 392325.698: Application time: 99.1567936 seconds
{Heap before GC invocations=5543 (full 151):
 par new generation   total 9792K, used 9379K [0x00000000e1000000, 0x00000000e1aa0000, 0x00000000eb4a0000)
  eden space 8704K, 100% used [0x00000000e1000000, 0x00000000e1880000, 0x00000000e1880000)
  from space 1088K,  62% used [0x00000000e1990000, 0x00000000e1a38dc8, 0x00000000e1aa0000)
  to   space 1088K,   0% used [0x00000000e1880000, 0x00000000e1880000, 0x00000000e1990000)
 concurrent mark-sweep generation total 118492K, used 68381K [0x00000000eb4a0000, 0x00000000f2857000, 0x0000000100000000)
 Metaspace       used 95776K, capacity 99979K, committed 100352K, reserved 1136640K
  class space    used 11682K, capacity 12452K, committed 12544K, reserved 1048576K
2019-06-25T21:11:45.789+0000: 392325.699: [GC (Allocation Failure) 2019-06-25T21:11:45.790+0000: 392325.700: [ParNew: 9379K->675K(9792K), 0.0066692 secs] 77761K->69056K(128284K), 0.0075415 secs] [Times: user=0.02 sys=0.00, real=0.00 secs] 
Heap after GC invocations=5544 (full 151):
 par new generation   total 9792K, used 675K [0x00000000e1000000, 0x00000000e1aa0000, 0x00000000eb4a0000)
  eden space 8704K,   0% used [0x00000000e1000000, 0x00000000e1000000, 0x00000000e1880000)
  from space 1088K,  62% used [0x00000000e1880000, 0x00000000e1928cf8, 0x00000000e1990000)
  to   space 1088K,   0% used [0x00000000e1990000, 0x00000000e1990000, 0x00000000e1aa0000)
 concurrent mark-sweep generation total 118492K, used 68381K [0x00000000eb4a0000, 0x00000000f2857000, 0x0000000100000000)
 Metaspace       used 95776K, capacity 99979K, committed 100352K, reserved 1136640K
  class space    used 11682K, capacity 12452K, committed 12544K, reserved 1048576K
}
2019-06-25T21:13:27.077+0000: 392426.987: Application time: 101.2791512 seconds
{Heap before GC invocations=5544 (full 151):
 par new generation   total 9792K, used 9379K [0x00000000e1000000, 0x00000000e1aa0000, 0x00000000eb4a0000)
  eden space 8704K, 100% used [0x00000000e1000000, 0x00000000e1880000, 0x00000000e1880000)
  from space 1088K,  62% used [0x00000000e1880000, 0x00000000e1928cf8, 0x00000000e1990000)
  to   space 1088K,   0% used [0x00000000e1990000, 0x00000000e1990000, 0x00000000e1aa0000)
 concurrent mark-sweep generation total 118492K, used 68381K [0x00000000eb4a0000, 0x00000000f2857000, 0x0000000100000000)
 Metaspace       used 95776K, capacity 99979K, committed 100352K, reserved 1136640K
  class space    used 11682K, capacity 12452K, committed 12544K, reserved 1048576K
2019-06-25T21:13:27.078+0000: 392426.987: [GC (Allocation Failure) 2019-06-25T21:13:27.078+0000: 392426.988: [ParNew: 9379K->604K(9792K), 0.0035068 secs] 77760K->68986K(128284K), 0.0042275 secs] [Times: user=0.01 sys=0.00, real=0.01 secs] 
Heap after GC invocations=5545 (full 151):
 par new generation   total 9792K, used 604K [0x00000000e1000000, 0x00000000e1aa0000, 0x00000000eb4a0000)
  eden space 8704K,   0% used [0x00000000e1000000, 0x00000000e1000000, 0x00000000e1880000)
  from space 1088K,  55% used [0x00000000e1990000, 0x00000000e1a272d0, 0x00000000e1aa0000)
  to   space 1088K,   0% used [0x00000000e1880000, 0x00000000e1880000, 0x00000000e1990000)
 concurrent mark-sweep generation total 118492K, used 68381K [0x00000000eb4a0000, 0x00000000f2857000, 0x0000000100000000)
 Metaspace       used 95776K, capacity 99979K, committed 100352K, reserved 1136640K
  class space    used 11682K, capacity 12452K, committed 12544K, reserved 1048576K
}
2019-06-25T21:14:11.096+0000: 392471.006: Application time: 44.0134304 seconds
2019-06-25T21:14:28.007+0000: 392487.917: Application time: 16.9101780 seconds
2019-06-25T21:15:10.014+0000: 392529.924: Application time: 42.0067755 seconds
{Heap before GC invocations=5545 (full 151):
 par new generation   total 9792K, used 9308K [0x00000000e1000000, 0x00000000e1aa0000, 0x00000000eb4a0000)
  eden space 8704K, 100% used [0x00000000e1000000, 0x00000000e1880000, 0x00000000e1880000)
  from space 1088K,  55% used [0x00000000e1990000, 0x00000000e1a272d0, 0x00000000e1aa0000)
  to   space 1088K,   0% used [0x00000000e1880000, 0x00000000e1880000, 0x00000000e1990000)
 concurrent mark-sweep generation total 118492K, used 68381K [0x00000000eb4a0000, 0x00000000f2857000, 0x0000000100000000)
 Metaspace       used 95776K, capacity 99979K, committed 100352K, reserved 1136640K
  class space    used 11682K, capacity 12452K, committed 12544K, reserved 1048576K
2019-06-25T21:15:10.015+0000: 392529.924: [GC (Allocation Failure) 2019-06-25T21:15:10.015+0000: 392529.925: [ParNew: 9308K->721K(9792K), 0.0035329 secs] 77690K->69103K(128284K), 0.0043616 secs] [Times: user=0.01 sys=0.00, real=0.01 secs] 
Heap after GC invocations=5546 (full 151):
 par new generation   total 9792K, used 721K [0x00000000e1000000, 0x00000000e1aa0000, 0x00000000eb4a0000)
  eden space 8704K,   0% used [0x00000000e1000000, 0x00000000e1000000, 0x00000000e1880000)
  from space 1088K,  66% used [0x00000000e1880000, 0x00000000e1934568, 0x00000000e1990000)
  to   space 1088K,   0% used [0x00000000e1990000, 0x00000000e1990000, 0x00000000e1aa0000)
 concurrent mark-sweep generation total 118492K, used 68381K [0x00000000eb4a0000, 0x00000000f2857000, 0x0000000100000000)
 Metaspace       used 95776K, capacity 99979K, committed 100352K, reserved 1136640K
  class space    used 11682K, capacity 12452K, committed 12544K, reserved 1048576K
}
2019-06-25T21:16:50.172+0000: 392630.082: Application time: 100.1519077 seconds
{Heap before GC invocations=5546 (full 151):
 par new generation   total 9792K, used 9425K [0x00000000e1000000, 0x00000000e1aa0000, 0x00000000eb4a0000)
  eden space 8704K, 100% used [0x00000000e1000000, 0x00000000e1880000, 0x00000000e1880000)
  from space 1088K,  66% used [0x00000000e1880000, 0x00000000e1934568, 0x00000000e1990000)
  to   space 1088K,   0% used [0x00000000e1990000, 0x00000000e1990000, 0x00000000e1aa0000)
 concurrent mark-sweep generation total 118492K, used 68381K [0x00000000eb4a0000, 0x00000000f2857000, 0x0000000100000000)
 Metaspace       used 95776K, capacity 99979K, committed 100352K, reserved 1136640K
  class space    used 11682K, capacity 12452K, committed 12544K, reserved 1048576K
2019-06-25T21:16:50.173+0000: 392630.082: [GC (Allocation Failure) 2019-06-25T21:16:50.173+0000: 392630.083: [ParNew: 9425K->732K(9792K), 0.0033408 secs] 77807K->69114K(128284K), 0.0042353 secs] [Times: user=0.00 sys=0.01, real=0.00 secs] 
Heap after GC invocations=5547 (full 151):
 par new generation   total 9792K, used 732K [0x00000000e1000000, 0x00000000e1aa0000, 0x00000000eb4a0000)
  eden space 8704K,   0% used [0x00000000e1000000, 0x00000000e1000000, 0x00000000e1880000)
  from space 1088K,  67% used [0x00000000e1990000, 0x00000000e1a47140, 0x00000000e1aa0000)
  to   space 1088K,   0% used [0x00000000e1880000, 0x00000000e1880000, 0x00000000e1990000)
 concurrent mark-sweep generation total 118492K, used 68381K [0x00000000eb4a0000, 0x00000000f2857000, 0x0000000100000000)
 Metaspace       used 95776K, capacity 99979K, committed 100352K, reserved 1136640K
  class space    used 11682K, capacity 12452K, committed 12544K, reserved 1048576K
}
2019-06-25T21:17:11.150+0000: 392651.060: Application time: 20.9727567 seconds
2019-06-25T21:17:11.151+0000: 392651.061: Application time: 0.0000843 seconds
2019-06-25T21:17:11.157+0000: 392651.067: Application time: 0.0000864 seconds
2019-06-25T21:17:11.158+0000: 392651.067: Application time: 0.0000689 seconds
2019-06-25T21:17:11.159+0000: 392651.068: Application time: 0.0000732 seconds
2019-06-25T21:17:11.159+0000: 392651.069: Application time: 0.0000615 seconds
2019-06-25T21:17:11.160+0000: 392651.069: Application time: 0.0001584 seconds
2019-06-25T21:17:11.160+0000: 392651.070: Application time: 0.0001465 seconds
2019-06-25T21:18:29.272+0000: 392729.182: Application time: 78.1121218 seconds
{Heap before GC invocations=5547 (full 151):
 par new generation   total 9792K, used 9436K [0x00000000e1000000, 0x00000000e1aa0000, 0x00000000eb4a0000)
  eden space 8704K, 100% used [0x00000000e1000000, 0x00000000e1880000, 0x00000000e1880000)
  from space 1088K,  67% used [0x00000000e1990000, 0x00000000e1a47140, 0x00000000e1aa0000)
  to   space 1088K,   0% used [0x00000000e1880000, 0x00000000e1880000, 0x00000000e1990000)
 concurrent mark-sweep generation total 118492K, used 68381K [0x00000000eb4a0000, 0x00000000f2857000, 0x0000000100000000)
 Metaspace       used 95776K, capacity 99979K, committed 100352K, reserved 1136640K
  class space    used 11682K, capacity 12452K, committed 12544K, reserved 1048576K
2019-06-25T21:18:29.273+0000: 392729.183: [GC (Allocation Failure) 2019-06-25T21:18:29.274+0000: 392729.184: [ParNew: 9436K->592K(9792K), 0.0041899 secs] 77818K->68974K(128284K), 0.0052283 secs] [Times: user=0.01 sys=0.00, real=0.01 secs] 
Heap after GC invocations=5548 (full 151):
 par new generation   total 9792K, used 592K [0x00000000e1000000, 0x00000000e1aa0000, 0x00000000eb4a0000)
  eden space 8704K,   0% used [0x00000000e1000000, 0x00000000e1000000, 0x00000000e1880000)
  from space 1088K,  54% used [0x00000000e1880000, 0x00000000e1914298, 0x00000000e1990000)
  to   space 1088K,   0% used [0x00000000e1990000, 0x00000000e1990000, 0x00000000e1aa0000)
 concurrent mark-sweep generation total 118492K, used 68381K [0x00000000eb4a0000, 0x00000000f2857000, 0x0000000100000000)
 Metaspace       used 95776K, capacity 99979K, committed 100352K, reserved 1136640K
  class space    used 11682K, capacity 12452K, committed 12544K, reserved 1048576K
}
2019-06-25T21:19:11.124+0000: 392771.034: Application time: 41.8448471 seconds
2019-06-25T21:20:13.543+0000: 392833.453: Application time: 62.4181944 seconds
{Heap before GC invocations=5548 (full 151):
 par new generation   total 9792K, used 9296K [0x00000000e1000000, 0x00000000e1aa0000, 0x00000000eb4a0000)
  eden space 8704K, 100% used [0x00000000e1000000, 0x00000000e1880000, 0x00000000e1880000)
  from space 1088K,  54% used [0x00000000e1880000, 0x00000000e1914298, 0x00000000e1990000)
  to   space 1088K,   0% used [0x00000000e1990000, 0x00000000e1990000, 0x00000000e1aa0000)
 concurrent mark-sweep generation total 118492K, used 68381K [0x00000000eb4a0000, 0x00000000f2857000, 0x0000000100000000)
 Metaspace       used 95776K, capacity 99979K, committed 100352K, reserved 1136640K
  class space    used 11682K, capacity 12452K, committed 12544K, reserved 1048576K
2019-06-25T21:20:13.545+0000: 392833.455: [GC (Allocation Failure) 2019-06-25T21:20:13.545+0000: 392833.455: [ParNew: 9296K->630K(9792K), 0.0077765 secs] 77678K->69012K(128284K), 0.0087175 secs] [Times: user=0.01 sys=0.00, real=0.01 secs] 
Heap after GC invocations=5549 (full 151):
 par new generation   total 9792K, used 630K [0x00000000e1000000, 0x00000000e1aa0000, 0x00000000eb4a0000)
  eden space 8704K,   0% used [0x00000000e1000000, 0x00000000e1000000, 0x00000000e1880000)
  from space 1088K,  57% used [0x00000000e1990000, 0x00000000e1a2da18, 0x00000000e1aa0000)
  to   space 1088K,   0% used [0x00000000e1880000, 0x00000000e1880000, 0x00000000e1990000)
 concurrent mark-sweep generation total 118492K, used 68382K [0x00000000eb4a0000, 0x00000000f2857000, 0x0000000100000000)
 Metaspace       used 95776K, capacity 99979K, committed 100352K, reserved 1136640K
  class space    used 11682K, capacity 12452K, committed 12544K, reserved 1048576K
}
2019-06-25T21:20:13.672+0000: 392833.582: Application time: 0.1175835 seconds
2019-06-25T21:20:13.674+0000: 392833.584: Application time: 0.0015109 seconds
2019-06-25T21:21:28.504+0000: 392908.414: Application time: 74.8302329 seconds
{Heap before GC invocations=5549 (full 151):
 par new generation   total 9792K, used 9334K [0x00000000e1000000, 0x00000000e1aa0000, 0x00000000eb4a0000)
  eden space 8704K, 100% used [0x00000000e1000000, 0x00000000e1880000, 0x00000000e1880000)
  from space 1088K,  57% used [0x00000000e1990000, 0x00000000e1a2da18, 0x00000000e1aa0000)
  to   space 1088K,   0% used [0x00000000e1880000, 0x00000000e1880000, 0x00000000e1990000)
 concurrent mark-sweep generation total 118492K, used 68382K [0x00000000eb4a0000, 0x00000000f2857000, 0x0000000100000000)
 Metaspace       used 95776K, capacity 99979K, committed 100352K, reserved 1136640K
  class space    used 11682K, capacity 12452K, committed 12544K, reserved 1048576K
2019-06-25T21:21:28.521+0000: 392908.431: [GC (Allocation Failure) 2019-06-25T21:21:28.522+0000: 392908.431: [ParNew: 9334K->989K(9792K), 0.0181593 secs] 77716K->69371K(128284K), 0.0189569 secs] [Times: user=0.04 sys=0.00, real=0.02 secs] 
Heap after GC invocations=5550 (full 151):
 par new generation   total 9792K, used 989K [0x00000000e1000000, 0x00000000e1aa0000, 0x00000000eb4a0000)
  eden space 8704K,   0% used [0x00000000e1000000, 0x00000000e1000000, 0x00000000e1880000)
  from space 1088K,  90% used [0x00000000e1880000, 0x00000000e19776a0, 0x00000000e1990000)
  to   space 1088K,   0% used [0x00000000e1990000, 0x00000000e1990000, 0x00000000e1aa0000)
 concurrent mark-sweep generation total 118492K, used 68382K [0x00000000eb4a0000, 0x00000000f2857000, 0x0000000100000000)
 Metaspace       used 95776K, capacity 99979K, committed 100352K, reserved 1136640K
  class space    used 11682K, capacity 12452K, committed 12544K, reserved 1048576K
}
2019-06-25T21:21:33.489+0000: 392913.399: Application time: 4.9478661 seconds
2019-06-25T21:21:33.551+0000: 392913.460: Application time: 0.0613511 seconds
2019-06-25T21:21:44.775+0000: 392924.684: Application time: 11.2236057 seconds
2019-06-25T21:21:59.468+0000: 392939.378: Application time: 14.6935297 seconds
2019-06-25T21:21:59.469+0000: 392939.379: Application time: 0.0000749 seconds
2019-06-25T21:21:59.471+0000: 392939.381: Application time: 0.0013247 seconds
2019-06-25T21:21:59.471+0000: 392939.381: Application time: 0.0000614 seconds
2019-06-25T21:21:59.471+0000: 392939.381: Application time: 0.0001413 seconds
2019-06-25T21:21:59.472+0000: 392939.382: Application time: 0.0001192 seconds
2019-06-25T21:21:59.472+0000: 392939.382: Application time: 0.0001162 seconds
2019-06-25T21:21:59.472+0000: 392939.382: Application time: 0.0002217 seconds
2019-06-25T21:21:59.473+0000: 392939.383: Application time: 0.0003592 seconds
2019-06-25T21:22:03.554+0000: 392943.464: Application time: 4.0813468 seconds
2019-06-25T21:22:03.580+0000: 392943.490: Application time: 0.0251037 seconds
2019-06-25T21:22:05.476+0000: 392945.386: Application time: 1.8963090 seconds
2019-06-25T21:22:05.477+0000: 392945.386: Application time: 0.0000683 seconds
2019-06-25T21:22:05.477+0000: 392945.387: Application time: 0.0000687 seconds
2019-06-25T21:22:05.477+0000: 392945.387: Application time: 0.0005616 seconds
2019-06-25T21:22:05.478+0000: 392945.388: Application time: 0.0000645 seconds
2019-06-25T21:22:05.478+0000: 392945.388: Application time: 0.0000597 seconds
2019-06-25T21:22:09.201+0000: 392949.110: Application time: 3.7225306 seconds
2019-06-25T21:22:09.481+0000: 392949.391: Application time: 0.2805097 seconds
2019-06-25T21:22:09.482+0000: 392949.392: Application time: 0.0001708 seconds
2019-06-25T21:22:09.482+0000: 392949.392: Application time: 0.0000832 seconds
2019-06-25T21:22:09.483+0000: 392949.392: Application time: 0.0000309 seconds
2019-06-25T21:22:09.483+0000: 392949.393: Application time: 0.0000197 seconds
2019-06-25T21:22:09.483+0000: 392949.393: Application time: 0.0000590 seconds
2019-06-25T21:22:09.483+0000: 392949.393: Application time: 0.0000657 seconds
2019-06-25T21:22:09.484+0000: 392949.393: Application time: 0.0002187 seconds
2019-06-25T21:22:09.484+0000: 392949.394: Application time: 0.0001746 seconds
2019-06-25T21:22:10.410+0000: 392950.320: Application time: 0.9264520 seconds
2019-06-25T21:22:10.411+0000: 392950.321: Application time: 0.0000736 seconds
2019-06-25T21:22:10.411+0000: 392950.321: Application time: 0.0001497 seconds
2019-06-25T21:22:10.411+0000: 392950.321: Application time: 0.0000933 seconds
2019-06-25T21:22:11.172+0000: 392951.082: Application time: 0.7605014 seconds
2019-06-25T21:22:14.201+0000: 392954.111: Application time: 3.0289863 seconds
2019-06-25T21:22:14.226+0000: 392954.136: Application time: 0.0242156 seconds
2019-06-25T21:22:19.492+0000: 392959.402: Application time: 5.2660011 seconds
{Heap before GC invocations=5550 (full 151):
 par new generation   total 9792K, used 9693K [0x00000000e1000000, 0x00000000e1aa0000, 0x00000000eb4a0000)
  eden space 8704K, 100% used [0x00000000e1000000, 0x00000000e1880000, 0x00000000e1880000)
  from space 1088K,  90% used [0x00000000e1880000, 0x00000000e19776a0, 0x00000000e1990000)
  to   space 1088K,   0% used [0x00000000e1990000, 0x00000000e1990000, 0x00000000e1aa0000)
 concurrent mark-sweep generation total 118492K, used 68382K [0x00000000eb4a0000, 0x00000000f2857000, 0x0000000100000000)
 Metaspace       used 95776K, capacity 99979K, committed 100352K, reserved 1136640K
  class space    used 11682K, capacity 12452K, committed 12544K, reserved 1048576K
2019-06-25T21:22:19.493+0000: 392959.403: [GC (Allocation Failure) 2019-06-25T21:22:19.494+0000: 392959.403: [ParNew: 9693K->817K(9792K), 0.0074017 secs] 78075K->69355K(128284K), 0.0085450 secs] [Times: user=0.01 sys=0.00, real=0.01 secs] 
Heap after GC invocations=5551 (full 151):
 par new generation   total 9792K, used 817K [0x00000000e1000000, 0x00000000e1aa0000, 0x00000000eb4a0000)
  eden space 8704K,   0% used [0x00000000e1000000, 0x00000000e1000000, 0x00000000e1880000)
  from space 1088K,  75% used [0x00000000e1990000, 0x00000000e1a5c710, 0x00000000e1aa0000)
  to   space 1088K,   0% used [0x00000000e1880000, 0x00000000e1880000, 0x00000000e1990000)
 concurrent mark-sweep generation total 118492K, used 68537K [0x00000000eb4a0000, 0x00000000f2857000, 0x0000000100000000)
 Metaspace       used 95776K, capacity 99979K, committed 100352K, reserved 1136640K
  class space    used 11682K, capacity 12452K, committed 12544K, reserved 1048576K
}
2019-06-25T21:22:26.712+0000: 392966.622: Application time: 7.2096834 seconds
2019-06-25T21:22:26.713+0000: 392966.622: Application time: 0.0000721 seconds
2019-06-25T21:22:27.510+0000: 392967.419: Application time: 0.7966499 seconds
2019-06-25T21:22:27.510+0000: 392967.420: Application time: 0.0000749 seconds
2019-06-25T21:22:27.511+0000: 392967.421: Application time: 0.0001232 seconds
2019-06-25T21:22:27.511+0000: 392967.421: Application time: 0.0000840 seconds
2019-06-25T21:22:27.512+0000: 392967.422: Application time: 0.0000642 seconds
2019-06-25T21:22:27.512+0000: 392967.422: Application time: 0.0000559 seconds
2019-06-25T21:22:27.512+0000: 392967.422: Application time: 0.0001237 seconds
2019-06-25T21:22:27.512+0000: 392967.422: Application time: 0.0001038 seconds
2019-06-25T21:22:31.713+0000: 392971.623: Application time: 4.2008240 seconds
2019-06-25T21:22:31.737+0000: 392971.647: Application time: 0.0236666 seconds
2019-06-25T21:22:40.524+0000: 392980.434: Application time: 8.7861493 seconds
2019-06-25T21:22:40.524+0000: 392980.434: Application time: 0.0000727 seconds
2019-06-25T21:22:40.524+0000: 392980.434: Application time: 0.0000680 seconds
2019-06-25T21:22:40.525+0000: 392980.435: Application time: 0.0000724 seconds
2019-06-25T21:22:40.525+0000: 392980.435: Application time: 0.0000609 seconds
2019-06-25T21:22:40.525+0000: 392980.436: Application time: 0.0007048 seconds
2019-06-25T21:22:40.527+0000: 392980.436: Application time: 0.0002680 seconds
2019-06-25T21:22:40.527+0000: 392980.437: Application time: 0.0001034 seconds
2019-06-25T21:22:44.750+0000: 392984.660: Application time: 4.2229664 seconds
2019-06-25T21:22:44.775+0000: 392984.685: Application time: 0.0245547 seconds
2019-06-25T21:22:44.780+0000: 392984.690: Application time: 0.0051380 seconds
2019-06-25T21:23:10.412+0000: 393010.322: Application time: 25.6320182 seconds
2019-06-25T21:23:11.175+0000: 393011.085: Application time: 0.7622387 seconds
2019-06-25T21:23:13.570+0000: 393013.479: Application time: 2.3942277 seconds
{Heap before GC invocations=5551 (full 151):
 par new generation   total 9792K, used 9521K [0x00000000e1000000, 0x00000000e1aa0000, 0x00000000eb4a0000)
  eden space 8704K, 100% used [0x00000000e1000000, 0x00000000e1880000, 0x00000000e1880000)
  from space 1088K,  75% used [0x00000000e1990000, 0x00000000e1a5c710, 0x00000000e1aa0000)
  to   space 1088K,   0% used [0x00000000e1880000, 0x00000000e1880000, 0x00000000e1990000)
 concurrent mark-sweep generation total 118492K, used 68537K [0x00000000eb4a0000, 0x00000000f2857000, 0x0000000100000000)
 Metaspace       used 95776K, capacity 99979K, committed 100352K, reserved 1136640K
  class space    used 11682K, capacity 12452K, committed 12544K, reserved 1048576K
2019-06-25T21:23:13.570+0000: 393013.480: [GC (Allocation Failure) 2019-06-25T21:23:13.571+0000: 393013.481: [ParNew: 9521K->920K(9792K), 0.0226433 secs] 78059K->69637K(128284K), 0.0233914 secs] [Times: user=0.05 sys=0.00, real=0.02 secs] 
Heap after GC invocations=5552 (full 151):
 par new generation   total 9792K, used 920K [0x00000000e1000000, 0x00000000e1aa0000, 0x00000000eb4a0000)
  eden space 8704K,   0% used [0x00000000e1000000, 0x00000000e1000000, 0x00000000e1880000)
  from space 1088K,  84% used [0x00000000e1880000, 0x00000000e19661b8, 0x00000000e1990000)
  to   space 1088K,   0% used [0x00000000e1990000, 0x00000000e1990000, 0x00000000e1aa0000)
 concurrent mark-sweep generation total 118492K, used 68716K [0x00000000eb4a0000, 0x00000000f2857000, 0x0000000100000000)
 Metaspace       used 95776K, capacity 99979K, committed 100352K, reserved 1136640K
  class space    used 11682K, capacity 12452K, committed 12544K, reserved 1048576K
}
2019-06-25T21:23:14.556+0000: 393014.466: Application time: 0.9619589 seconds
2019-06-25T21:23:14.557+0000: 393014.467: Application time: 0.0001491 seconds
2019-06-25T21:23:14.557+0000: 393014.467: Application time: 0.0001562 seconds
2019-06-25T21:23:14.558+0000: 393014.468: Application time: 0.0003359 seconds
2019-06-25T21:23:14.559+0000: 393014.468: Application time: 0.0000868 seconds
2019-06-25T21:23:14.559+0000: 393014.469: Application time: 0.0001798 seconds
2019-06-25T21:23:14.559+0000: 393014.469: Application time: 0.0001832 seconds
2019-06-25T21:23:14.784+0000: 393014.694: Application time: 0.2243150 seconds
2019-06-25T21:23:14.784+0000: 393014.694: Application time: 0.0001297 seconds
2019-06-25T21:23:14.785+0000: 393014.695: Application time: 0.0011303 seconds
2019-06-25T21:23:19.083+0000: 393018.993: Application time: 4.2976689 seconds
2019-06-25T21:23:19.110+0000: 393019.020: Application time: 0.0262999 seconds
2019-06-25T21:24:10.149+0000: 393070.059: Application time: 51.0392955 seconds
2019-06-25T21:24:10.414+0000: 393070.324: Application time: 0.2645251 seconds
2019-06-25T21:24:26.534+0000: 393086.444: Application time: 16.1194667 seconds
{Heap before GC invocations=5552 (full 151):
 par new generation   total 9792K, used 9624K [0x00000000e1000000, 0x00000000e1aa0000, 0x00000000eb4a0000)
  eden space 8704K, 100% used [0x00000000e1000000, 0x00000000e1880000, 0x00000000e1880000)
  from space 1088K,  84% used [0x00000000e1880000, 0x00000000e19661b8, 0x00000000e1990000)
  to   space 1088K,   0% used [0x00000000e1990000, 0x00000000e1990000, 0x00000000e1aa0000)
 concurrent mark-sweep generation total 118492K, used 68716K [0x00000000eb4a0000, 0x00000000f2857000, 0x0000000100000000)
 Metaspace       used 95816K, capacity 100045K, committed 100352K, reserved 1136640K
  class space    used 11688K, capacity 12463K, committed 12544K, reserved 1048576K
2019-06-25T21:24:26.535+0000: 393086.445: [GC (Allocation Failure) 2019-06-25T21:24:26.535+0000: 393086.445: [ParNew: 9624K->1088K(9792K), 0.0088740 secs] 78341K->69945K(128284K), 0.0096640 secs] [Times: user=0.02 sys=0.00, real=0.01 secs] 
Heap after GC invocations=5553 (full 151):
 par new generation   total 9792K, used 1088K [0x00000000e1000000, 0x00000000e1aa0000, 0x00000000eb4a0000)
  eden space 8704K,   0% used [0x00000000e1000000, 0x00000000e1000000, 0x00000000e1880000)
  from space 1088K, 100% used [0x00000000e1990000, 0x00000000e1aa0000, 0x00000000e1aa0000)
  to   space 1088K,   0% used [0x00000000e1880000, 0x00000000e1880000, 0x00000000e1990000)
 concurrent mark-sweep generation total 118492K, used 68857K [0x00000000eb4a0000, 0x00000000f2857000, 0x0000000100000000)
 Metaspace       used 95816K, capacity 100045K, committed 100352K, reserved 1136640K
  class space    used 11688K, capacity 12463K, committed 12544K, reserved 1048576K
}
2019-06-25T21:25:16.663+0000: 393136.573: Application time: 50.1175671 seconds
2019-06-25T21:25:16.663+0000: 393136.573: Application time: 0.0000384 seconds
2019-06-25T21:25:21.546+0000: 393141.456: Application time: 4.8830675 seconds
2019-06-25T21:25:21.585+0000: 393141.495: Application time: 0.0383964 seconds
2019-06-25T21:25:21.667+0000: 393141.577: Application time: 0.0810510 seconds
2019-06-25T21:25:21.667+0000: 393141.577: Application time: 0.0000680 seconds
2019-06-25T21:25:21.667+0000: 393141.577: Application time: 0.0000616 seconds
2019-06-25T21:25:21.668+0000: 393141.577: Application time: 0.0000562 seconds
2019-06-25T21:25:21.668+0000: 393141.578: Application time: 0.0000809 seconds
2019-06-25T21:25:21.668+0000: 393141.578: Application time: 0.0000884 seconds
2019-06-25T21:25:21.668+0000: 393141.578: Application time: 0.0000787 seconds
2019-06-25T21:25:43.701+0000: 393163.611: Application time: 22.0330540 seconds
{Heap before GC invocations=5553 (full 151):
 par new generation   total 9792K, used 9792K [0x00000000e1000000, 0x00000000e1aa0000, 0x00000000eb4a0000)
  eden space 8704K, 100% used [0x00000000e1000000, 0x00000000e1880000, 0x00000000e1880000)
  from space 1088K, 100% used [0x00000000e1990000, 0x00000000e1aa0000, 0x00000000e1aa0000)
  to   space 1088K,   0% used [0x00000000e1880000, 0x00000000e1880000, 0x00000000e1990000)
 concurrent mark-sweep generation total 118492K, used 68857K [0x00000000eb4a0000, 0x00000000f2857000, 0x0000000100000000)
 Metaspace       used 95816K, capacity 100045K, committed 100352K, reserved 1136640K
  class space    used 11688K, capacity 12463K, committed 12544K, reserved 1048576K
2019-06-25T21:25:43.702+0000: 393163.612: [GC (Allocation Failure) 2019-06-25T21:25:43.703+0000: 393163.613: [ParNew: 9792K->749K(9792K), 0.0037464 secs] 78649K->69867K(128284K), 0.0047375 secs] [Times: user=0.00 sys=0.01, real=0.00 secs] 
Heap after GC invocations=5554 (full 151):
 par new generation   total 9792K, used 749K [0x00000000e1000000, 0x00000000e1aa0000, 0x00000000eb4a0000)
  eden space 8704K,   0% used [0x00000000e1000000, 0x00000000e1000000, 0x00000000e1880000)
  from space 1088K,  68% used [0x00000000e1880000, 0x00000000e193b450, 0x00000000e1990000)
  to   space 1088K,   0% used [0x00000000e1990000, 0x00000000e1990000, 0x00000000e1aa0000)
 concurrent mark-sweep generation total 118492K, used 69118K [0x00000000eb4a0000, 0x00000000f2857000, 0x0000000100000000)
 Metaspace       used 95816K, capacity 100045K, committed 100352K, reserved 1136640K
  class space    used 11688K, capacity 12463K, committed 12544K, reserved 1048576K
}
2019-06-25T21:25:51.892+0000: 393171.802: Application time: 8.1844310 seconds
2019-06-25T21:25:52.693+0000: 393172.603: Application time: 0.7966735 seconds
2019-06-25T21:25:52.694+0000: 393172.604: Application time: 0.0000710 seconds
2019-06-25T21:25:52.694+0000: 393172.604: Application time: 0.0000686 seconds
2019-06-25T21:25:52.695+0000: 393172.605: Application time: 0.0000716 seconds
2019-06-25T21:25:52.695+0000: 393172.605: Application time: 0.0000653 seconds
2019-06-25T21:25:52.695+0000: 393172.605: Application time: 0.0000685 seconds
2019-06-25T21:25:52.696+0000: 393172.605: Application time: 0.0001706 seconds
2019-06-25T21:25:52.696+0000: 393172.606: Application time: 0.0000448 seconds
2019-06-25T21:25:56.897+0000: 393176.807: Application time: 4.2015495 seconds
2019-06-25T21:25:56.935+0000: 393176.845: Application time: 0.0375392 seconds
2019-06-25T21:26:10.417+0000: 393190.327: Application time: 13.4815879 seconds
2019-06-25T21:26:10.418+0000: 393190.327: Application time: 0.0002202 seconds
2019-06-25T21:26:10.418+0000: 393190.328: Application time: 0.0002192 seconds
2019-06-25T21:26:11.183+0000: 393191.093: Application time: 0.7652199 seconds
2019-06-25T21:26:47.684+0000: 393227.594: Application time: 36.5004741 seconds
{Heap before GC invocations=5554 (full 151):
 par new generation   total 9792K, used 9451K [0x00000000e1000000, 0x00000000e1aa0000, 0x00000000eb4a0000)
  eden space 8704K,  99% used [0x00000000e1000000, 0x00000000e187f880, 0x00000000e1880000)
  from space 1088K,  68% used [0x00000000e1880000, 0x00000000e193b450, 0x00000000e1990000)
  to   space 1088K,   0% used [0x00000000e1990000, 0x00000000e1990000, 0x00000000e1aa0000)
 concurrent mark-sweep generation total 118492K, used 69118K [0x00000000eb4a0000, 0x00000000f2857000, 0x0000000100000000)
 Metaspace       used 95816K, capacity 100045K, committed 100352K, reserved 1136640K
  class space    used 11688K, capacity 12463K, committed 12544K, reserved 1048576K
2019-06-25T21:26:47.686+0000: 393227.596: [GC (Allocation Failure) 2019-06-25T21:26:47.686+0000: 393227.596: [ParNew: 9451K->982K(9792K), 0.0041473 secs] 78569K->70467K(128284K), 0.0050396 secs] [Times: user=0.01 sys=0.00, real=0.01 secs] 
Heap after GC invocations=5555 (full 151):
 par new generation   total 9792K, used 982K [0x00000000e1000000, 0x00000000e1aa0000, 0x00000000eb4a0000)
  eden space 8704K,   0% used [0x00000000e1000000, 0x00000000e1000000, 0x00000000e1880000)
  from space 1088K,  90% used [0x00000000e1990000, 0x00000000e1a85a18, 0x00000000e1aa0000)
  to   space 1088K,   0% used [0x00000000e1880000, 0x00000000e1880000, 0x00000000e1990000)
 concurrent mark-sweep generation total 118492K, used 69484K [0x00000000eb4a0000, 0x00000000f2857000, 0x0000000100000000)
 Metaspace       used 95816K, capacity 100045K, committed 100352K, reserved 1136640K
  class space    used 11688K, capacity 12463K, committed 12544K, reserved 1048576K
}
2019-06-25T21:26:47.741+0000: 393227.651: Application time: 0.0494731 seconds
2019-06-25T21:26:47.742+0000: 393227.652: Application time: 0.0000702 seconds
2019-06-25T21:26:47.742+0000: 393227.652: Application time: 0.0000710 seconds
2019-06-25T21:26:47.742+0000: 393227.652: Application time: 0.0000277 seconds
2019-06-25T21:26:47.743+0000: 393227.653: Application time: 0.0000651 seconds
2019-06-25T21:26:47.743+0000: 393227.653: Application time: 0.0000670 seconds
2019-06-25T21:26:47.744+0000: 393227.653: Application time: 0.0000946 seconds
2019-06-25T21:26:47.744+0000: 393227.654: Application time: 0.0001433 seconds
2019-06-25T21:26:52.680+0000: 393232.590: Application time: 4.9357266 seconds
2019-06-25T21:26:52.720+0000: 393232.630: Application time: 0.0402908 seconds
2019-06-25T21:27:10.420+0000: 393250.330: Application time: 17.6992304 seconds
2019-06-25T21:27:10.420+0000: 393250.330: Application time: 0.0001525 seconds
2019-06-25T21:27:14.811+0000: 393254.720: Application time: 4.3901907 seconds
2019-06-25T21:28:13.723+0000: 393313.633: Application time: 58.9124775 seconds
{Heap before GC invocations=5555 (full 151):
 par new generation   total 9792K, used 9686K [0x00000000e1000000, 0x00000000e1aa0000, 0x00000000eb4a0000)
  eden space 8704K, 100% used [0x00000000e1000000, 0x00000000e1880000, 0x00000000e1880000)
  from space 1088K,  90% used [0x00000000e1990000, 0x00000000e1a85a18, 0x00000000e1aa0000)
  to   space 1088K,   0% used [0x00000000e1880000, 0x00000000e1880000, 0x00000000e1990000)
 concurrent mark-sweep generation total 118492K, used 69484K [0x00000000eb4a0000, 0x00000000f2857000, 0x0000000100000000)
 Metaspace       used 95816K, capacity 100045K, committed 100352K, reserved 1136640K
  class space    used 11688K, capacity 12463K, committed 12544K, reserved 1048576K
2019-06-25T21:28:13.724+0000: 393313.634: [GC (Allocation Failure) 2019-06-25T21:28:13.724+0000: 393313.634: [ParNew: 9686K->974K(9792K), 0.0290592 secs] 79171K->70654K(128284K), 0.0297736 secs] [Times: user=0.06 sys=0.00, real=0.03 secs] 
Heap after GC invocations=5556 (full 151):
 par new generation   total 9792K, used 974K [0x00000000e1000000, 0x00000000e1aa0000, 0x00000000eb4a0000)
  eden space 8704K,   0% used [0x00000000e1000000, 0x00000000e1000000, 0x00000000e1880000)
  from space 1088K,  89% used [0x00000000e1880000, 0x00000000e1973b40, 0x00000000e1990000)
  to   space 1088K,   0% used [0x00000000e1990000, 0x00000000e1990000, 0x00000000e1aa0000)
 concurrent mark-sweep generation total 118492K, used 69679K [0x00000000eb4a0000, 0x00000000f2857000, 0x0000000100000000)
 Metaspace       used 95816K, capacity 100045K, committed 100352K, reserved 1136640K
  class space    used 11688K, capacity 12463K, committed 12544K, reserved 1048576K
}
2019-06-25T21:28:14.817+0000: 393314.727: Application time: 1.0625800 seconds
2019-06-25T21:28:14.817+0000: 393314.727: Application time: 0.0001254 seconds
2019-06-25T21:28:14.817+0000: 393314.727: Application time: 0.0000322 seconds
2019-06-25T21:28:14.818+0000: 393314.727: Application time: 0.0000303 seconds
2019-06-25T21:28:14.818+0000: 393314.728: Application time: 0.0000615 seconds
2019-06-25T21:28:14.819+0000: 393314.728: Application time: 0.0000920 seconds
2019-06-25T21:28:14.819+0000: 393314.729: Application time: 0.0000809 seconds
2019-06-25T21:28:14.819+0000: 393314.729: Application time: 0.0002024 seconds
2019-06-25T21:29:10.430+0000: 393370.340: Application time: 55.6108079 seconds
2019-06-25T21:29:28.420+0000: 393388.330: Application time: 17.9892996 seconds
{Heap before GC invocations=5556 (full 151):
 par new generation   total 9792K, used 9678K [0x00000000e1000000, 0x00000000e1aa0000, 0x00000000eb4a0000)
  eden space 8704K, 100% used [0x00000000e1000000, 0x00000000e1880000, 0x00000000e1880000)
  from space 1088K,  89% used [0x00000000e1880000, 0x00000000e1973b40, 0x00000000e1990000)
  to   space 1088K,   0% used [0x00000000e1990000, 0x00000000e1990000, 0x00000000e1aa0000)
 concurrent mark-sweep generation total 118492K, used 69679K [0x00000000eb4a0000, 0x00000000f2857000, 0x0000000100000000)
 Metaspace       used 95816K, capacity 100045K, committed 100352K, reserved 1136640K
  class space    used 11688K, capacity 12463K, committed 12544K, reserved 1048576K
2019-06-25T21:29:28.421+0000: 393388.331: [GC (Allocation Failure) 2019-06-25T21:29:28.421+0000: 393388.331: [ParNew: 9678K->861K(9792K), 0.0041392 secs] 79358K->70541K(128284K), 0.0049508 secs] [Times: user=0.01 sys=0.00, real=0.00 secs] 
Heap after GC invocations=5557 (full 151):
 par new generation   total 9792K, used 861K [0x00000000e1000000, 0x00000000e1aa0000, 0x00000000eb4a0000)
  eden space 8704K,   0% used [0x00000000e1000000, 0x00000000e1000000, 0x00000000e1880000)
  from space 1088K,  79% used [0x00000000e1990000, 0x00000000e1a677b8, 0x00000000e1aa0000)
  to   space 1088K,   0% used [0x00000000e1880000, 0x00000000e1880000, 0x00000000e1990000)
 concurrent mark-sweep generation total 118492K, used 69679K [0x00000000eb4a0000, 0x00000000f2857000, 0x0000000100000000)
 Metaspace       used 95816K, capacity 100045K, committed 100352K, reserved 1136640K
  class space    used 11688K, capacity 12463K, committed 12544K, reserved 1048576K
}
2019-06-25T21:29:28.718+0000: 393388.628: Application time: 0.2912885 seconds
2019-06-25T21:29:28.743+0000: 393388.653: Application time: 0.0247908 seconds
2019-06-25T21:29:44.827+0000: 393404.737: Application time: 16.0834104 seconds
2019-06-25T21:29:44.827+0000: 393404.737: Application time: 0.0002255 seconds
2019-06-25T21:29:44.830+0000: 393404.740: Application time: 0.0021236 seconds
2019-06-25T21:31:12.242+0000: 393492.152: Application time: 87.4109572 seconds
{Heap before GC invocations=5557 (full 151):
 par new generation   total 9792K, used 9565K [0x00000000e1000000, 0x00000000e1aa0000, 0x00000000eb4a0000)
  eden space 8704K, 100% used [0x00000000e1000000, 0x00000000e1880000, 0x00000000e1880000)
  from space 1088K,  79% used [0x00000000e1990000, 0x00000000e1a677b8, 0x00000000e1aa0000)
  to   space 1088K,   0% used [0x00000000e1880000, 0x00000000e1880000, 0x00000000e1990000)
 concurrent mark-sweep generation total 118492K, used 69679K [0x00000000eb4a0000, 0x00000000f2857000, 0x0000000100000000)
 Metaspace       used 95816K, capacity 100045K, committed 100352K, reserved 1136640K
  class space    used 11688K, capacity 12463K, committed 12544K, reserved 1048576K
2019-06-25T21:31:12.242+0000: 393492.152: [GC (Allocation Failure) 2019-06-25T21:31:12.243+0000: 393492.153: [ParNew: 9565K->600K(9792K), 0.0041151 secs] 79245K->70625K(128284K), 0.0053484 secs] [Times: user=0.01 sys=0.00, real=0.00 secs] 
Heap after GC invocations=5558 (full 151):
 par new generation   total 9792K, used 600K [0x00000000e1000000, 0x00000000e1aa0000, 0x00000000eb4a0000)
  eden space 8704K,   0% used [0x00000000e1000000, 0x00000000e1000000, 0x00000000e1880000)
  from space 1088K,  55% used [0x00000000e1880000, 0x00000000e19161a8, 0x00000000e1990000)
  to   space 1088K,   0% used [0x00000000e1990000, 0x00000000e1990000, 0x00000000e1aa0000)
 concurrent mark-sweep generation total 118492K, used 70025K [0x00000000eb4a0000, 0x00000000f2857000, 0x0000000100000000)
 Metaspace       used 95816K, capacity 100045K, committed 100352K, reserved 1136640K
  class space    used 11688K, capacity 12463K, committed 12544K, reserved 1048576K
}
2019-06-25T21:32:54.199+0000: 393594.109: Application time: 101.9506794 seconds
{Heap before GC invocations=5558 (full 151):
 par new generation   total 9792K, used 9304K [0x00000000e1000000, 0x00000000e1aa0000, 0x00000000eb4a0000)
  eden space 8704K, 100% used [0x00000000e1000000, 0x00000000e1880000, 0x00000000e1880000)
  from space 1088K,  55% used [0x00000000e1880000, 0x00000000e19161a8, 0x00000000e1990000)
  to   space 1088K,   0% used [0x00000000e1990000, 0x00000000e1990000, 0x00000000e1aa0000)
 concurrent mark-sweep generation total 118492K, used 70025K [0x00000000eb4a0000, 0x00000000f2857000, 0x0000000100000000)
 Metaspace       used 95816K, capacity 100045K, committed 100352K, reserved 1136640K
  class space    used 11688K, capacity 12463K, committed 12544K, reserved 1048576K
2019-06-25T21:32:54.200+0000: 393594.110: [GC (Allocation Failure) 2019-06-25T21:32:54.200+0000: 393594.110: [ParNew: 9304K->605K(9792K), 0.0031319 secs] 79329K->70630K(128284K), 0.0039274 secs] [Times: user=0.01 sys=0.00, real=0.00 secs] 
Heap after GC invocations=5559 (full 151):
 par new generation   total 9792K, used 605K [0x00000000e1000000, 0x00000000e1aa0000, 0x00000000eb4a0000)
  eden space 8704K,   0% used [0x00000000e1000000, 0x00000000e1000000, 0x00000000e1880000)
  from space 1088K,  55% used [0x00000000e1990000, 0x00000000e1a27610, 0x00000000e1aa0000)
  to   space 1088K,   0% used [0x00000000e1880000, 0x00000000e1880000, 0x00000000e1990000)
 concurrent mark-sweep generation total 118492K, used 70025K [0x00000000eb4a0000, 0x00000000f2857000, 0x0000000100000000)
 Metaspace       used 95816K, capacity 100045K, committed 100352K, reserved 1136640K
  class space    used 11688K, capacity 12463K, committed 12544K, reserved 1048576K
}
2019-06-25T21:33:14.290+0000: 393614.200: Application time: 20.0850273 seconds
2019-06-25T21:33:14.292+0000: 393614.202: Application time: 0.0017304 seconds
2019-06-25T21:34:10.534+0000: 393670.444: Application time: 56.2420851 seconds
2019-06-25T21:34:31.257+0000: 393691.167: Application time: 20.7225997 seconds
{Heap before GC invocations=5559 (full 151):
 par new generation   total 9792K, used 9309K [0x00000000e1000000, 0x00000000e1aa0000, 0x00000000eb4a0000)
  eden space 8704K, 100% used [0x00000000e1000000, 0x00000000e1880000, 0x00000000e1880000)
  from space 1088K,  55% used [0x00000000e1990000, 0x00000000e1a27610, 0x00000000e1aa0000)
  to   space 1088K,   0% used [0x00000000e1880000, 0x00000000e1880000, 0x00000000e1990000)
 concurrent mark-sweep generation total 118492K, used 70025K [0x00000000eb4a0000, 0x00000000f2857000, 0x0000000100000000)
 Metaspace       used 95816K, capacity 100045K, committed 100352K, reserved 1136640K
  class space    used 11688K, capacity 12463K, committed 12544K, reserved 1048576K
2019-06-25T21:34:31.258+0000: 393691.168: [GC (Allocation Failure) 2019-06-25T21:34:31.258+0000: 393691.168: [ParNew: 9309K->854K(9792K), 0.0034326 secs] 79334K->70880K(128284K), 0.0045654 secs] [Times: user=0.01 sys=0.00, real=0.01 secs] 
Heap after GC invocations=5560 (full 151):
 par new generation   total 9792K, used 854K [0x00000000e1000000, 0x00000000e1aa0000, 0x00000000eb4a0000)
  eden space 8704K,   0% used [0x00000000e1000000, 0x00000000e1000000, 0x00000000e1880000)
  from space 1088K,  78% used [0x00000000e1880000, 0x00000000e1955ab0, 0x00000000e1990000)
  to   space 1088K,   0% used [0x00000000e1990000, 0x00000000e1990000, 0x00000000e1aa0000)
 concurrent mark-sweep generation total 118492K, used 70025K [0x00000000eb4a0000, 0x00000000f2857000, 0x0000000100000000)
 Metaspace       used 95816K, capacity 100045K, committed 100352K, reserved 1136640K
  class space    used 11688K, capacity 12463K, committed 12544K, reserved 1048576K
}
2019-06-25T21:36:13.797+0000: 393793.707: Application time: 102.5333487 seconds
{Heap before GC invocations=5560 (full 151):
 par new generation   total 9792K, used 9554K [0x00000000e1000000, 0x00000000e1aa0000, 0x00000000eb4a0000)
  eden space 8704K,  99% used [0x00000000e1000000, 0x00000000e187ef88, 0x00000000e1880000)
  from space 1088K,  78% used [0x00000000e1880000, 0x00000000e1955ab0, 0x00000000e1990000)
  to   space 1088K,   0% used [0x00000000e1990000, 0x00000000e1990000, 0x00000000e1aa0000)
 concurrent mark-sweep generation total 118492K, used 70025K [0x00000000eb4a0000, 0x00000000f2857000, 0x0000000100000000)
 Metaspace       used 95816K, capacity 100045K, committed 100352K, reserved 1136640K
  class space    used 11688K, capacity 12463K, committed 12544K, reserved 1048576K
